D/wpa_supplicant(  971): CTRL_IFACE monitor send - hexdump(len=39): 2f 64 61 74 61 2f 6d 69 73 63 2f 77 69 66 69 2f 73 6f 63 6b 65 74 73 2f 77 70 61 5f 63 74 72 6c ...
D/SocketClient(  146): SocketClient msg = Iface linkstate wlan0 up
D/SocketClient(  146): SocketClient sendDatalocked done: 600 Iface linkstate wlan0 up
D/wpa_supplicant(  971): EAPOL: External notification - portValid=1
D/wpa_supplicant(  971): EAPOL: External notification - EAP success=1
D/wpa_supplicant(  971): EAPOL: SUPP_PAE entering state AUTHENTICATING
D/wpa_supplicant(  971): EAPOL: SUPP_BE entering state SUCCESS
D/wpa_supplicant(  971): EAP: EAP entering state DISABLED
D/wpa_supplicant(  971): EAPOL: SUPP_PAE entering state AUTHENTICATED
D/wpa_supplicant(  971): EAPOL: Supplicant port status: Authorized
D/wpa_supplicant(  971): nl80211: Set supplicant port authorized for ec:6c:9f:4e:d1:08
D/wpa_supplicant(  971): EAPOL: SUPP_BE entering state IDLE
D/wpa_supplicant(  971): EAPOL authentication completed successfully
D/WifiHW  (  719): enter -->wifi_wait_on_socket buflen=2048
D/WifiHW  (  719): enter -->wifi_ctrl_recv
D/WifiHW  (  719): [1] get event: IFNAME=wlan0 <3>WPA: Key negotiation completed with ec:6c:9f:4e:d1:08 [PTK=CCMP GTK=TKIP]
D/WifiHW  (  719): [2] get event: IFNAME=wlan0 WPA: Key negotiation completed with ec:6c:9f:4e:d1:08 [PTK=CCMP GTK=TKIP]
D/wpa_supplicant(  971): RX ctrl_iface - hexdump(len=11): 53 49 47 4e 41 4c 5f 50 4f 4c 4c
D/wpa_supplicant(  971): wlan0: Control interface command 'SIGNAL_POLL'
D/wpa_supplicant(  971): nl80211: survey data missing!
D/wpa_supplicant(  971): RTM_NEWLINK: operstate=1 ifi_flags=0x11043 ([UP][RUNNING][LOWER_UP])
D/wpa_supplicant(  971): RTM_NEWLINK, IFLA_IFNAME: Interface 'wlan0' added
D/wpa_supplicant(  971): nl80211: if_removed already cleared - ignore event
D/WifiMonitor(  719): Event [IFNAME=wlan0 WPA: Key negotiation completed with ec:6c:9f:4e:d1:08 [PTK=CCMP GTK=TKIP]]
D/WifiMonitor(  719): iface wlan0
W/WifiMonitor(  719): couldn't identify event type - WPA: Key negotiation completed with ec:6c:9f:4e:d1:08 [PTK=CCMP GTK=TKIP]
D/WifiHW  (  719): enter -->wifi_wait_on_socket buflen=2048
D/WifiHW  (  719): enter -->wifi_ctrl_recv
D/WifiHW  (  719): [1] get event: IFNAME=wlan0 <3>CTRL-EVENT-CONNECTED - Connection to ec:6c:9f:4e:d1:08 completed (auth) [id=32 id_str=]
D/WifiHW  (  719): [2] get event: IFNAME=wlan0 CTRL-EVENT-CONNECTED - Connection to ec:6c:9f:4e:d1:08 completed (auth) [id=32 id_str=]
D/WifiHW  (  719): leave --> reply=RSSI=-70
D/WifiHW  (  719): LINKSPEED=65
D/WifiHW  (  719): NOISE=9999
D/WifiHW  (  719): FREQUENCY=2412
D/WifiHW  (  719): 
D/wifi    (  719): doStringCommand, buf IFNAME=wlan0 SIGNAL_POLL
D/WifiMonitor(  719): Event [IFNAME=wlan0 CTRL-EVENT-CONNECTED - Connection to ec:6c:9f:4e:d1:08 completed (auth) [id=32 id_str=]]
D/WifiMonitor(  719): iface wlan0
D/NetdConnector(  719): RCV <- {600 Iface linkstate wlan0 up}
D/WifiHW  (  719): enter -->wifi_wait_on_socket buflen=2048
D/WifiHW  (  719): enter -->wifi_ctrl_recv
D/WifiHW  (  719): [1] get event: IFNAME=wlan0 <3>CTRL-EVENT-STATE-CHANGE id=32 state=9 BSSID=ec:6c:9f:4e:d1:08 SSID=60_office
D/WifiHW  (  719): [2] get event: IFNAME=wlan0 CTRL-EVENT-STATE-CHANGE id=32 state=9 BSSID=ec:6c:9f:4e:d1:08 SSID=60_office
D/WifiMonitor(  719): Event [IFNAME=wlan0 CTRL-EVENT-STATE-CHANGE id=32 state=9 BSSID=ec:6c:9f:4e:d1:08 SSID=60_office]
D/WifiMonitor(  719): iface wlan0
D/NetworkManagementService(  719): onEvent:600 Iface linkstate wlan0 up:5
D/WifiHW  (  719): enter -->wifi_wait_on_socket buflen=2048
D/WifiHW  (  719): enter -->wifi_ctrl_recv
I/Tethering(  719): interfaceLinkStateChanged wlan0, true
I/Tethering(  719): interfaceStatusChanged wlan0, true
I/WifiStateMachine(  719): fetchRssiNative, newRssi:-70
D/WifiStateMachine(  719): DisconnectedState{ when=-7ms what=131239 target=com.android.internal.util.StateMachine$SmHandler target=Handler (com.android.internal.util.StateMachine$SmHandler) {421bb670} }
D/WifiStateMachine(  719): ConnectModeState{ when=-7ms what=131239 target=com.android.internal.util.StateMachine$SmHandler target=Handler (com.android.internal.util.StateMachine$SmHandler) {421bb670} }
W/Bundle  (24604): Key newState expected Integer but value was a android.net.wifi.SupplicantState.  The default value -1 was returned.
D/WifiStateMachine(  719): DriverStartedState{ when=-8ms what=131239 target=com.android.internal.util.StateMachine$SmHandler target=Handler (com.android.internal.util.StateMachine$SmHandler) {421bb670} }
D/WifiStateMachine(  719): SupplicantStartedState{ when=-8ms what=131239 target=com.android.internal.util.StateMachine$SmHandler target=Handler (com.android.internal.util.StateMachine$SmHandler) {421bb670} }
D/WifiHW  (  719): enter -->wifi_send_command cmd=IFNAME=wlan0 SIGNAL_POLL
D/wpa_supplicant(  971): RX ctrl_iface - hexdump(len=11): 53 49 47 4e 41 4c 5f 50 4f 4c 4c
D/wpa_supplicant(  971): wlan0: Control interface command 'SIGNAL_POLL'
W/Bundle  (24604): Attempt to cast generated internal exception:
W/Bundle  (24604): java.lang.ClassCastException: android.net.wifi.SupplicantState cannot be cast to java.lang.Integer
W/Bundle  (24604): 	at android.os.Bundle.getInt(Bundle.java:1000)
W/Bundle  (24604): 	at android.content.Intent.getIntExtra(Intent.java:4789)
W/Bundle  (24604): 	at com.sixtyplus.nidfit.common.easywifi.impl.EasyWiFi$WifiStateReceiver.onReceive(EasyWiFi.java:429)
W/Bundle  (24604): 	at android.app.LoadedApk$ReceiverDispatcher$Args.run(LoadedApk.java:798)
W/Bundle  (24604): 	at android.os.Handler.handleCallback(Handler.java:808)
W/Bundle  (24604): 	at android.os.Handler.dispatchMessage(Handler.java:103)
W/Bundle  (24604): 	at android.os.Looper.loop(Looper.java:193)
W/Bundle  (24604): 	at android.app.ActivityThread.main(ActivityThread.java:5299)
W/Bundle  (24604): 	at java.lang.reflect.Method.invokeNative(Native Method)
W/Bundle  (24604): 	at java.lang.reflect.Method.invoke(Method.java:515)
W/Bundle  (24604): 	at com.android.internal.os.ZygoteInit$MethodAndArgsCaller.run(ZygoteInit.java:829)
W/Bundle  (24604): 	at com.android.internal.os.ZygoteInit.main(ZygoteInit.java:645)
W/Bundle  (24604): 	at dalvik.system.NativeStart.main(Native Method)
E/EasyWiFi(24604): SUPPLICANT_STATE_CHANGED_ACTION: -1 Err:-1
D/wpa_supplicant(  971): nl80211: survey data missing!
D/WifiHW  (  719): leave --> reply=RSSI=-70
D/WifiHW  (  719): LINKSPEED=65
D/WifiHW  (  719): NOISE=9999
D/WifiHW  (  719): FREQUENCY=2412
D/WifiHW  (  719): 
D/wifi    (  719): doStringCommand, buf IFNAME=wlan0 SIGNAL_POLL
I/WifiStateMachine(  719): fetchRssiNative, newRssi:-70
D/WifiStateMachine(  719): DisconnectedState{ when=-8ms what=147462 obj=android.net.wifi.StateChangeResult@423fb1f0 target=com.android.internal.util.StateMachine$SmHandler target=Handler (com.android.internal.util.StateMachine$SmHandler) {421bb670} }
D/WifiStateMachine(  719): setDetailed state, old =AUTHENTICATING and new state=AUTHENTICATING
D/WifiStateMachine(  719): ConnectModeState{ when=-9ms what=147462 obj=android.net.wifi.StateChangeResult@423fb1f0 target=com.android.internal.util.StateMachine$SmHandler target=Handler (com.android.internal.util.StateMachine$SmHandler) {421bb670} }
W/Bundle  (12953): Key newState expected Integer but value was a android.net.wifi.SupplicantState.  The default value -1 was returned.
D/WifiStateMachine(  719): DisconnectedState{ when=-6ms what=147459 arg1=32 obj=ec:6c:9f:4e:d1:08 target=com.android.internal.util.StateMachine$SmHandler target=Handler (com.android.internal.util.StateMachine$SmHandler) {421bb670} }
D/WifiStateMachine(  719): ConnectModeState{ when=-6ms what=147459 arg1=32 obj=ec:6c:9f:4e:d1:08 target=com.android.internal.util.StateMachine$SmHandler target=Handler (com.android.internal.util.StateMachine$SmHandler) {421bb670} }
D/WifiStateMachine(  719): Network connection established
D/WifiStateMachine(  719): setDetailed state, old =AUTHENTICATING and new state=OBTAINING_IPADDR
W/Bundle  (12953): Attempt to cast generated internal exception:
W/Bundle  (12953): java.lang.ClassCastException: android.net.wifi.SupplicantState cannot be cast to java.lang.Integer
W/Bundle  (12953): 	at android.os.Bundle.getInt(Bundle.java:1000)
W/Bundle  (12953): 	at android.content.Intent.getIntExtra(Intent.java:4789)
W/Bundle  (12953): 	at com.sixtyplus.nidfit.common.easywifi.impl.EasyWiFi$WifiStateReceiver.onReceive(EasyWiFi.java:429)
W/Bundle  (12953): 	at android.app.LoadedApk$ReceiverDispatcher$Args.run(LoadedApk.java:798)
W/Bundle  (12953): 	at android.os.Handler.handleCallback(Handler.java:808)
W/Bundle  (12953): 	at android.os.Handler.dispatchMessage(Handler.java:103)
W/Bundle  (12953): 	at android.os.Looper.loop(Looper.java:193)
W/Bundle  (12953): 	at android.app.ActivityThread.main(ActivityThread.java:5299)
W/Bundle  (12953): 	at java.lang.reflect.Method.invokeNative(Native Method)
W/Bundle  (12953): 	at java.lang.reflect.Method.invoke(Method.java:515)
W/Bundle  (12953): 	at com.android.internal.os.ZygoteInit$MethodAndArgsCaller.run(ZygoteInit.java:829)
W/Bundle  (12953): 	at com.android.internal.os.ZygoteInit.main(ZygoteInit.java:645)
W/Bundle  (12953): 	at dalvik.system.NativeStart.main(Native Method)
E/EasyWiFi(12953): SUPPLICANT_STATE_CHANGED_ACTION: -1 Err:-1
V/ActivityManager(  719): Broadcast sticky: Intent { act=android.net.wifi.STATE_CHANGE flg=0x4000010 (has extras) } ordered=false userid=-1 callerApp=ProcessRecord{41fff248 719:system/1000}
D/WifiNotificationController(  719): Received NETWORK_STATE_CHANGED_ACTION, mNetworkInfo:NetworkInfo: type: WIFI[], state: CONNECTING/OBTAINING_IPADDR, reason: (unspecified), extra: "60_office", roaming: false, failover: false, isAvailable: true, isConnectedToProvisioningNetwork: false, simId: 0
D/WifiService(  719): onReceive, action:android.net.wifi.STATE_CHANGE
D/StatusBar.NetworkController(  838): onReceive, intent action = android.net.wifi.STATE_CHANGE
D/WifiStateTracker(  719): New state:CONNECTING, mLastState:DISCONNECTED
D/StatusBar.NetworkController(  838): updateWifiState: mWifiLevel = 2  mWifiRssi=-71 mWifiConnected is false
D/SIMHelper(  838): isSimInserted(0), SimInserted=false
D/StatusBar.NetworkController(  838): refreshViews(0), DataConnected=false simColorId = -1
D/ConnectivityService(  719): ConnectivityChange for WIFI: CONNECTING/OBTAINING_IPADDR
D/WifiWatchdogStateMachine(  719): Network state change OBTAINING_IPADDR
D/WifiWatchdogStateMachine(  719): Update current BSSID to null
D/WifiWatchdogStateMachine(  719): NotConnectedState
D/PhoneInterfaceManager( 1023): isNetworkRoaming slotId=0
D/WifiStateMachine(  719): L2ConnectedState
D/StatusBar.NetworkController(  838): refreshViews(0), dataTypeIconId=0
D/WifiStateMachine(  719): ObtainingIpState
D/SignalClusterView(  838): setRoamingFlagandResource(0), roaming=false, roamingId=0
D/SignalClusterView(  838): setShowSimIndicator(0), showSimIndicator=false simIndicatorResource = 0
D/WifiStateMachine(  719): Supplicant state is GROUP_HANDSHAKE before start DHCP.
D/SignalClusterView(  838): setDataNetType3G(0), NetworkType=null
D/SignalClusterView(  838): apply(), mWifiVisible is false
D/SIMHelper(  838): isSimInserted(0), SimInserted=false
D/SignalClusterView(  838): apply(), slotId=0, mMobileVisible=true, mShouldMobileGroupVisible=true
D/SignalClusterView(  838): apply(), slotId=0, mRoaming=false mMobileActivityId=0 mMobileTypeId=0 mMobileStrengthId[0] = 0 mMobileStrengthId[1] = 0
D/NetdConnector(  719): SND -> {872 interface ipv6 wlan0 enable}
I/FrameworkListener(  146): onDataAvailable get 32 bytes 
D/FrameworkListener(  146): dispatchCommand data = (872 interface ipv6 wlan0 enable)
D/SocketClient(  146): SocketClient msg = IPv6 state changed
D/SocketClient(  146): SocketClient sendDatalocked done: 200 872 IPv6 state changed
D/NetdConnector(  719): RCV <- {200 872 IPv6 state changed}
D/SIMHelper(  838): isSimInserted(0), SimInserted=false
D/SignalClusterView(  838): apply(). mIsAirplaneMode is false, NWType slot(0) is 8
D/NetdConnector(  719): RMV <- {200 872 IPv6 state changed}
D/DhcpStateMachine(  719): StoppedState{ when=0 what=196609 target=com.android.internal.util.StateMachine$SmHandler target=Handler (com.android.internal.util.StateMachine$SmHandler) {41f609c8} }
D/DhcpStateMachine(  719): StoppedState{ when=0 what=196609 target=com.android.internal.util.StateMachine$SmHandler target=Handler (com.android.internal.util.StateMachine$SmHandler) {41f5f050} }
D/DhcpStateMachine(  719): WaitBeforeStartState
D/WifiStateMachine(  719): ObtainingIpState{ when=-17ms what=147462 obj=android.net.wifi.StateChangeResult@423e8e08 target=com.android.internal.util.StateMachine$SmHandler target=Handler (com.android.internal.util.StateMachine$SmHandler) {421bb670} }
D/DhcpStateMachine(  719): WaitBeforeStartState
D/WifiStateMachine(  719): L2ConnectedState{ when=-18ms what=147462 obj=android.net.wifi.StateChangeResult@423e8e08 target=com.android.internal.util.StateMachine$SmHandler target=Handler (com.android.internal.util.StateMachine$SmHandler) {421bb670} }
D/WifiStateMachine(  719): ConnectModeState{ when=-18ms what=147462 obj=android.net.wifi.StateChangeResult@423e8e08 target=com.android.internal.util.StateMachine$SmHandler target=Handler (com.android.internal.util.StateMachine$SmHandler) {421bb670} }
V/ActivityManager(  719): Broadcast sticky: Intent { act=android.net.wifi.supplicant.STATE_CHANGE flg=0x24000010 (has extras) } ordered=false userid=-1 callerApp=ProcessRecord{41fff248 719:system/1000}
D/WifiStateMachine(  719): ObtainingIpState{ when=-7ms what=131155 arg1=34 target=com.android.internal.util.StateMachine$SmHandler target=Handler (com.android.internal.util.StateMachine$SmHandler) {421bb670} }
D/WifiStateMachine(  719): L2ConnectedState{ when=-8ms what=131155 arg1=34 target=com.android.internal.util.StateMachine$SmHandler target=Handler (com.android.internal.util.StateMachine$SmHandler) {421bb670} }
D/WifiHW  (  719): enter -->wifi_send_command cmd=IFNAME=wlan0 SIGNAL_POLL
D/wpa_supplicant(  971): RX ctrl_iface - hexdump(len=11): 53 49 47 4e 41 4c 5f 50 4f 4c 4c
D/wpa_supplicant(  971): wlan0: Control interface command 'SIGNAL_POLL'
D/wpa_supplicant(  971): nl80211: survey data missing!
D/WifiHW  (  719): leave --> reply=RSSI=-70
D/WifiHW  (  719): LINKSPEED=65
D/WifiHW  (  719): NOISE=9999
D/WifiHW  (  719): FREQUENCY=2412
D/WifiHW  (  719): 
D/wifi    (  719): doStringCommand, buf IFNAME=wlan0 SIGNAL_POLL
I/WifiStateMachine(  719): fetchRssiAndLinkSpeedNative, newRssi:-70, newLinkSpeed:65, SSID:"60_office"
V/ActivityManager(  719): Broadcast sticky: Intent { act=android.net.wifi.RSSI_CHANGED flg=0x4000010 (has extras) } ordered=false userid=-1 callerApp=ProcessRecord{41fff248 719:system/1000}
D/WifiStateMachine(  719): ObtainingIpState{ when=-7ms what=196612 arg1=2 target=com.android.internal.util.StateMachine$SmHandler target=Handler (com.android.internal.util.StateMachine$SmHandler) {421bb670} }
D/WifiStateMachine(  719): L2ConnectedState{ when=-7ms what=196612 arg1=2 target=com.android.internal.util.StateMachine$SmHandler target=Handler (com.android.internal.util.StateMachine$SmHandler) {421bb670} }
D/WifiWatchdogStateMachine(  719): RSSI current: 2 new: -70, 3
D/PowerManagerService(  719): acquireWakeLockInternal: lock=1109199360, flags=0x1, tag="DHCP_WAKELOCK", ws=null, uid=1000, pid=719
D/StatusBar.NetworkController(  838): onReceive, intent action = android.net.wifi.RSSI_CHANGED
D/PowerManagerNotifier(  719): onWakeLockAcquired: flags=1, tag="DHCP_WAKELOCK", packageName=android, ownerUid=1000, ownerPid=719, workSource=null
D/StatusBar.NetworkController(  838): updateWifiState: mWifiLevel = 3  mWifiRssi=-70 mWifiConnected is false
D/SIMHelper(  838): isSimInserted(0), SimInserted=false
D/StatusBar.NetworkController(  838): refreshViews(0), DataConnected=false simColorId = -1
D/PowerManagerService(  719): updateWakeLockSummaryLocked: mWakefulness=Awake, mWakeLockSummary=0x1
D/PowerManagerService(  719): newScreenState = 2
D/PhoneInterfaceManager( 1023): isNetworkRoaming slotId=0
D/PowerManagerDisplayController(  719): requestPowerState: screenState=2, useProximitySensor=false, forceProximitySensorEnable=false, forceWakeUpEnable=false, screenBrightness=208, screenAutoBrightnessAdjustment=0.0, useAutoBrightness=false, useEcoBrightness=false, blockScreenOn=false, waitForNegativeProximity=false
I/PowerManagerService(  719): setBrightness mButtonLight 0.
D/PowerManagerService(  719): updateScreenStateLocked: mDisplayReady=true, newScreenState=2, mWakefulness=1, mWakeLockSummary=0x1, mUserActivitySummary=0x1, mBootCompleted=true
D/StatusBar.NetworkController(  838): refreshViews(0), dataTypeIconId=0
D/PowerManagerService(  719): Acquiring suspend blocker "PowerManagerService.WakeLocks".
D/SignalClusterView(  838): setRoamingFlagandResource(0), roaming=false, roamingId=0
D/SignalClusterView(  838): setShowSimIndicator(0), showSimIndicator=false simIndicatorResource = 0
D/SignalClusterView(  838): setDataNetType3G(0), NetworkType=null
D/SignalClusterView(  838): apply(), mWifiVisible is false
D/SIMHelper(  838): isSimInserted(0), SimInserted=false
D/SignalClusterView(  838): apply(), slotId=0, mMobileVisible=true, mShouldMobileGroupVisible=true
D/SignalClusterView(  838): apply(), slotId=0, mRoaming=false mMobileActivityId=0 mMobileTypeId=0 mMobileStrengthId[0] = 0 mMobileStrengthId[1] = 0
D/PowerManagerService(  719): handleSandman: canDream=false, mWakefulness=Awake
D/SIMHelper(  838): isSimInserted(0), SimInserted=false
D/SignalClusterView(  838): apply(). mIsAirplaneMode is false, NWType slot(0) is 8
D/wifi    (  719): doBooleanCommand IFNAME=wlan0 DRIVER BTCOEXMODE 1
D/WifiHW  (  719): enter -->wifi_send_command cmd=IFNAME=wlan0 DRIVER BTCOEXMODE 1
D/wpa_supplicant(  971): RX ctrl_iface - hexdump(len=19): 44 52 49 56 45 52 20 42 54 43 4f 45 58 4d 4f 44 45 20 31
D/wpa_supplicant(  971): wlan0: Control interface command 'DRIVER BTCOEXMODE 1'
D/wpa_supplicant(  971): wpa_driver_nl80211_driver_cmd: iface wlan0  recv cmd BTCOEXMODE 1
D/WifiHW  (  719): leave --> reply=OK
D/WifiHW  (  719): 
D/WifiStateMachine(  719): setSuspendOptimizationsNative: 1 false
D/wifi    (  719): doBooleanCommand IFNAME=wlan0 SET ps 0
D/WifiHW  (  719): enter -->wifi_send_command cmd=IFNAME=wlan0 SET ps 0
D/wpa_supplicant(  971): RX ctrl_iface - hexdump(len=8): 53 45 54 20 70 73 20 30
D/wpa_supplicant(  971): wlan0: Control interface command 'SET ps 0'
D/wpa_supplicant(  971): CTRL_IFACE SET 'ps'='0'
D/wpa_supplicant(  971): nl80211: set_p2p_powersave (legacy_ps=0 opp_ps=-1 ctwindow=-1)
D/WifiHW  (  719): leave --> reply=OK
D/WifiHW  (  719): 
D/WifiStateMachine(  719): stopBatchedScan
D/WifiHW  (  719): enter -->wifi_send_command cmd=IFNAME=wlan0 DRIVER WLS_BATCHING GET
D/wpa_supplicant(  971): RX ctrl_iface - hexdump(len=23): 44 52 49 56 45 52 20 57 4c 53 5f 42 41 54 43 48 49 4e 47 20 47 45 54
D/wpa_supplicant(  971): wlan0: Control interface command 'DRIVER WLS_BATCHING GET'
D/wpa_supplicant(  971): wpa_driver_nl80211_driver_cmd: iface wlan0  recv cmd WLS_BATCHING GET
D/wpa_supplicant(  971): wpa_driver_nl80211_driver_cmd: ret = 0 used = 4096 total = 4096
D/wpa_supplicant(  971): wpa_driver_nl80211_driver_cmd: buf = WLS_BATCHING GET ret = 4096 used = 4096 total = 4096
D/WifiHW  (  719): leave --> reply=WLS_BATCHING GET
D/wifi    (  719): doStringCommand, buf IFNAME=wlan0 DRIVER WLS_BATCHING GET
D/WifiStateMachine(  719): scancount not found
E/WifiStateMachine(  719): scanCount==0 - aborting
D/WifiHW  (  719): enter -->wifi_send_command cmd=IFNAME=wlan0 DRIVER WLS_BATCHING STOP
D/wpa_supplicant(  971): RX ctrl_iface - hexdump(len=24): 44 52 49 56 45 52 20 57 4c 53 5f 42 41 54 43 48 49 4e 47 20 53 54 4f 50
D/wpa_supplicant(  971): wlan0: Control interface command 'DRIVER WLS_BATCHING STOP'
D/wpa_supplicant(  971): wpa_driver_nl80211_driver_cmd: iface wlan0  recv cmd WLS_BATCHING STOP
D/wpa_supplicant(  971): wpa_driver_nl80211_driver_cmd: ret = 0 used = 4096 total = 4096
D/wpa_supplicant(  971): wpa_driver_nl80211_driver_cmd: buf = WLS_BATCHING STOP ret = 4096 used = 4096 total = 4096
D/WifiHW  (  719): leave --> reply=WLS_BATCHING STOP
D/wifi    (  719): doStringCommand, buf IFNAME=wlan0 DRIVER WLS_BATCHING STOP
D/DhcpStateMachine(  719): WaitBeforeStartState{ when=0 what=196615 target=com.android.internal.util.StateMachine$SmHandler target=Handler (com.android.internal.util.StateMachine$SmHandler) {41f609c8} }
D/WifiStateMachine(  719): ObtainingIpState{ when=-16ms what=196612 arg1=1 target=com.android.internal.util.StateMachine$SmHandler target=Handler (com.android.internal.util.StateMachine$SmHandler) {421bb670} }
D/WifiStateMachine(  719): L2ConnectedState{ when=-17ms what=196612 arg1=1 target=com.android.internal.util.StateMachine$SmHandler target=Handler (com.android.internal.util.StateMachine$SmHandler) {421bb670} }
D/DhcpStateMachine(  719): WaitBeforeStartState{ when=0 what=196615 target=com.android.internal.util.StateMachine$SmHandler target=Handler (com.android.internal.util.StateMachine$SmHandler) {41f5f050} }
I/DhcpUtils(  719): dhcp_stop.
D/WifiP2pService(  719): InactiveState{ when=0 what=143375 arg1=1 arg2=196615 obj=android.net.DhcpStateMachine@41f5edf8 target=com.android.internal.util.StateMachine$SmHandler target=Handler (com.android.internal.util.StateMachine$SmHandler) {421b0e30} }
D/WifiP2pService(  719): P2pEnabledState{ when=-2ms what=143375 arg1=1 arg2=196615 obj=android.net.DhcpStateMachine@41f5edf8 target=com.android.internal.util.StateMachine$SmHandler target=Handler (com.android.internal.util.StateMachine$SmHandler) {421b0e30} }
V/ActivityManager(  719): Broadcast sticky: Intent { act=android.net.wifi.supplicant.STATE_CHANGE flg=0x24000010 (has extras) } ordered=false userid=-1 callerApp=ProcessRecord{41fff248 719:system/1000}
D/DhcpStateMachine(  719): DHCPV6 request on wlan0
D/DhcpStateMachine(  719): DHCPV4 request on wlan0
D/DhcpUtils(  719): AUTOIP is NOT supported.
I/DhcpUtils(  719): dhcp_do_request: dhcpcd_wlan0:-A -f /system/etc/dhcpcd/dhcpcd.conf -h android-2a455cef9fe2add wlan0
D/wifi    (  719): doBooleanCommand IFNAME=wlan0 ENABLE_NETWORK 0
D/WifiHW  (  719): enter -->wifi_send_command cmd=IFNAME=wlan0 ENABLE_NETWORK 0
D/wpa_supplicant(  971): RX ctrl_iface - hexdump(len=16): 45 4e 41 42 4c 45 5f 4e 45 54 57 4f 52 4b 20 30
D/wpa_supplicant(  971): wlan0: Control interface command 'ENABLE_NETWORK 0'
D/wpa_supplicant(  971): CTRL_IFACE: ENABLE_NETWORK id=0
D/WifiHW  (  719): leave --> reply=OK
D/WifiHW  (  719): 
D/wifi    (  719): doBooleanCommand IFNAME=wlan0 ENABLE_NETWORK 33
D/WifiHW  (  719): enter -->wifi_send_command cmd=IFNAME=wlan0 ENABLE_NETWORK 33
D/wpa_supplicant(  971): RX ctrl_iface - hexdump(len=17): 45 4e 41 42 4c 45 5f 4e 45 54 57 4f 52 4b 20 33 33
D/wpa_supplicant(  971): wlan0: Control interface command 'ENABLE_NETWORK 33'
D/wpa_supplicant(  971): CTRL_IFACE: ENABLE_NETWORK id=33
I/wpa_supplicant(  971): wlan0: CTRL-EVENT-SSID-REENABLED id=33 ssid="hrxy"
D/wpa_supplicant(  971): CTRL_IFACE monitor send - hexdump(len=39): 2f 64 61 74 61 2f 6d 69 73 63 2f 77 69 66 69 2f 73 6f 63 6b 65 74 73 2f 77 70 61 5f 63 74 72 6c ...
D/WifiHW  (  719): leave --> reply=OK
D/WifiHW  (  719): 
D/wifi    (  719): doBooleanCommand IFNAME=wlan0 ENABLE_NETWORK 3
D/WifiHW  (  719): enter -->wifi_send_command cmd=IFNAME=wlan0 ENABLE_NETWORK 3
D/wpa_supplicant(  971): RX ctrl_iface - hexdump(len=16): 45 4e 41 42 4c 45 5f 4e 45 54 57 4f 52 4b 20 33
D/wpa_supplicant(  971): wlan0: Control interface command 'ENABLE_NETWORK 3'
D/wpa_supplicant(  971): CTRL_IFACE: ENABLE_NETWORK id=3
D/WifiHW  (  719): leave --> reply=OK
D/WifiHW  (  719): 
D/WifiHW  (  719): [1] get event: IFNAME=wlan0 <3>CTRL-EVENT-SSID-REENABLED id=33 ssid="hrxy"
D/WifiHW  (  719): [2] get event: IFNAME=wlan0 CTRL-EVENT-SSID-REENABLED id=33 ssid="hrxy"
D/WifiMonitor(  719): Event [IFNAME=wlan0 CTRL-EVENT-SSID-REENABLED id=33 ssid="hrxy"]
D/WifiMonitor(  719): iface wlan0
D/WifiHW  (  719): enter -->wifi_wait_on_socket buflen=2048
D/WifiHW  (  719): enter -->wifi_ctrl_recv
D/wifi    (  719): doBooleanCommand IFNAME=wlan0 ENABLE_NETWORK 4
D/WifiHW  (  719): enter -->wifi_send_command cmd=IFNAME=wlan0 ENABLE_NETWORK 4
D/wpa_supplicant(  971): RX ctrl_iface - hexdump(len=16): 45 4e 41 42 4c 45 5f 4e 45 54 57 4f 52 4b 20 34
D/wpa_supplicant(  971): wlan0: Control interface command 'ENABLE_NETWORK 4'
D/wpa_supplicant(  971): CTRL_IFACE: ENABLE_NETWORK id=4
D/WifiHW  (  719): leave --> reply=OK
D/WifiHW  (  719): 
D/wifi    (  719): doBooleanCommand IFNAME=wlan0 ENABLE_NETWORK 5
D/WifiHW  (  719): enter -->wifi_send_command cmd=IFNAME=wlan0 ENABLE_NETWORK 5
D/wpa_supplicant(  971): RX ctrl_iface - hexdump(len=16): 45 4e 41 42 4c 45 5f 4e 45 54 57 4f 52 4b 20 35
D/wpa_supplicant(  971): wlan0: Control interface command 'ENABLE_NETWORK 5'
D/wpa_supplicant(  971): CTRL_IFACE: ENABLE_NETWORK id=5
D/WifiHW  (  719): leave --> reply=OK
D/WifiHW  (  719): 
D/wifi    (  719): doBooleanCommand IFNAME=wlan0 ENABLE_NETWORK 9
D/WifiHW  (  719): enter -->wifi_send_command cmd=IFNAME=wlan0 ENABLE_NETWORK 9
D/wpa_supplicant(  971): RX ctrl_iface - hexdump(len=16): 45 4e 41 42 4c 45 5f 4e 45 54 57 4f 52 4b 20 39
D/wpa_supplicant(  971): wlan0: Control interface command 'ENABLE_NETWORK 9'
D/wpa_supplicant(  971): CTRL_IFACE: ENABLE_NETWORK id=9
D/WifiHW  (  719): leave --> reply=OK
D/WifiHW  (  719): 
D/wifi    (  719): doBooleanCommand IFNAME=wlan0 ENABLE_NETWORK 11
D/WifiHW  (  719): enter -->wifi_send_command cmd=IFNAME=wlan0 ENABLE_NETWORK 11
D/wpa_supplicant(  971): RX ctrl_iface - hexdump(len=17): 45 4e 41 42 4c 45 5f 4e 45 54 57 4f 52 4b 20 31 31
D/wpa_supplicant(  971): wlan0: Control interface command 'ENABLE_NETWORK 11'
D/wpa_supplicant(  971): CTRL_IFACE: ENABLE_NETWORK id=11
D/WifiHW  (  719): leave --> reply=OK
D/WifiHW  (  719): 
I/dhcpcd  (30983): dhcpcd[30984]: fopen `/system/etc/dhcpcd/dhcpcd.conf': No such file or directory
D/wifi    (  719): doBooleanCommand IFNAME=wlan0 ENABLE_NETWORK 12
D/WifiHW  (  719): enter -->wifi_send_command cmd=IFNAME=wlan0 ENABLE_NETWORK 12
D/wpa_supplicant(  971): RX ctrl_iface - hexdump(len=17): 45 4e 41 42 4c 45 5f 4e 45 54 57 4f 52 4b 20 31 32
D/wpa_supplicant(  971): wlan0: Control interface command 'ENABLE_NETWORK 12'
D/wpa_supplicant(  971): CTRL_IFACE: ENABLE_NETWORK id=12
I/dhcpcd  (30983): dhcpcd[30984]: version 5.5.6 starting
D/WifiHW  (  719): leave --> reply=OK
D/WifiHW  (  719): 
D/wifi    (  719): doBooleanCommand IFNAME=wlan0 ENABLE_NETWORK 23
D/WifiHW  (  719): enter -->wifi_send_command cmd=IFNAME=wlan0 ENABLE_NETWORK 23
D/wpa_supplicant(  971): RX ctrl_iface - hexdump(len=17): 45 4e 41 42 4c 45 5f 4e 45 54 57 4f 52 4b 20 32 33
D/wpa_supplicant(  971): wlan0: Control interface command 'ENABLE_NETWORK 23'
D/wpa_supplicant(  971): CTRL_IFACE: ENABLE_NETWORK id=23
D/WifiHW  (  719): leave --> reply=OK
D/WifiHW  (  719): 
I/dhcpcd  (30983): dhcpcd[30984]: fopen `/system/etc/dhcpcd/dhcpcd.conf': No such file or directory
D/wifi    (  719): doBooleanCommand IFNAME=wlan0 ENABLE_NETWORK 25
I/dhcpcd  (30983): dhcpcd[30984]: wlan0: using hwaddr 00:08:22:76:e0:06
D/WifiHW  (  719): enter -->wifi_send_command cmd=IFNAME=wlan0 ENABLE_NETWORK 25
D/wpa_supplicant(  971): RX ctrl_iface - hexdump(len=17): 45 4e 41 42 4c 45 5f 4e 45 54 57 4f 52 4b 20 32 35
D/wpa_supplicant(  971): wlan0: Control interface command 'ENABLE_NETWORK 25'
D/wpa_supplicant(  971): CTRL_IFACE: ENABLE_NETWORK id=25
I/dhcpcd  (30983): dhcpcd[30984]: wlan0: executing `/system/etc/dhcpcd/dhcpcd-run-hooks', reason PREINIT
D/WifiHW  (  719): leave --> reply=OK
D/WifiHW  (  719): 
D/wifi    (  719): doBooleanCommand IFNAME=wlan0 ENABLE_NETWORK 29
D/WifiHW  (  719): enter -->wifi_send_command cmd=IFNAME=wlan0 ENABLE_NETWORK 29
D/wpa_supplicant(  971): RX ctrl_iface - hexdump(len=17): 45 4e 41 42 4c 45 5f 4e 45 54 57 4f 52 4b 20 32 39
D/wpa_supplicant(  971): wlan0: Control interface command 'ENABLE_NETWORK 29'
D/wpa_supplicant(  971): CTRL_IFACE: ENABLE_NETWORK id=29
D/WifiHW  (  719): leave --> reply=OK
D/WifiHW  (  719): 
D/wifi    (  719): doBooleanCommand IFNAME=wlan0 ENABLE_NETWORK 28
D/WifiHW  (  719): enter -->wifi_send_command cmd=IFNAME=wlan0 ENABLE_NETWORK 28
D/wpa_supplicant(  971): RX ctrl_iface - hexdump(len=17): 45 4e 41 42 4c 45 5f 4e 45 54 57 4f 52 4b 20 32 38
D/wpa_supplicant(  971): wlan0: Control interface command 'ENABLE_NETWORK 28'
D/wpa_supplicant(  971): CTRL_IFACE: ENABLE_NETWORK id=28
D/WifiHW  (  719): leave --> reply=OK
D/WifiHW  (  719): 
D/wifi    (  719): doBooleanCommand IFNAME=wlan0 ENABLE_NETWORK 31
D/WifiHW  (  719): enter -->wifi_send_command cmd=IFNAME=wlan0 ENABLE_NETWORK 31
D/wpa_supplicant(  971): RX ctrl_iface - hexdump(len=17): 45 4e 41 42 4c 45 5f 4e 45 54 57 4f 52 4b 20 33 31
D/wpa_supplicant(  971): wlan0: Control interface command 'ENABLE_NETWORK 31'
D/wpa_supplicant(  971): CTRL_IFACE: ENABLE_NETWORK id=31
D/WifiHW  (  719): leave --> reply=OK
D/WifiHW  (  719): 
D/wifi    (  719): doBooleanCommand IFNAME=wlan0 SAVE_CONFIG
D/WifiHW  (  719): enter -->wifi_send_command cmd=IFNAME=wlan0 SAVE_CONFIG
D/wpa_supplicant(  971): RX ctrl_iface - hexdump(len=11): 53 41 56 45 5f 43 4f 4e 46 49 47
D/wpa_supplicant(  971): wlan0: Control interface command 'SAVE_CONFIG'
D/wpa_supplicant(  971): Writing configuration file '/data/misc/wifi/wpa_supplicant.conf'
D/wpa_supplicant(  971): Configuration file '/data/misc/wifi/wpa_supplicant.conf' written successfully
D/wpa_supplicant(  971): CTRL_IFACE: SAVE_CONFIG - Configuration updated
D/WifiHW  (  719): leave --> reply=OK
D/WifiHW  (  719): 
V/ActivityManager(  719): Broadcast: Intent { act=android.net.wifi.CONFIGURED_NETWORKS_CHANGE flg=0x4000010 (has extras) } ordered=false userid=-1 callerApp=ProcessRecord{41fff248 719:system/1000}
D/WifiStateMachine(  719): ObtainingIpState{ when=-52ms what=131239 target=com.android.internal.util.StateMachine$SmHandler target=Handler (com.android.internal.util.StateMachine$SmHandler) {421bb670} }
D/WifiStateMachine(  719): L2ConnectedState{ when=-52ms what=131239 target=com.android.internal.util.StateMachine$SmHandler target=Handler (com.android.internal.util.StateMachine$SmHandler) {421bb670} }
D/WifiStateMachine(  719): ConnectModeState{ when=-52ms what=131239 target=com.android.internal.util.StateMachine$SmHandler target=Handler (com.android.internal.util.StateMachine$SmHandler) {421bb670} }
D/WifiStateMachine(  719): DriverStartedState{ when=-52ms what=131239 target=com.android.internal.util.StateMachine$SmHandler target=Handler (com.android.internal.util.StateMachine$SmHandler) {421bb670} }
D/WifiStateMachine(  719): SupplicantStartedState{ when=-52ms what=131239 target=com.android.internal.util.StateMachine$SmHandler target=Handler (com.android.internal.util.StateMachine$SmHandler) {421bb670} }
D/WifiHW  (  719): enter -->wifi_send_command cmd=IFNAME=wlan0 SIGNAL_POLL
D/wpa_supplicant(  971): RX ctrl_iface - hexdump(len=11): 53 49 47 4e 41 4c 5f 50 4f 4c 4c
D/wpa_supplicant(  971): wlan0: Control interface command 'SIGNAL_POLL'
D/wpa_supplicant(  971): nl80211: survey data missing!
D/WifiHW  (  719): leave --> reply=RSSI=-70
D/WifiHW  (  719): LINKSPEED=65
D/WifiHW  (  719): NOISE=9999
D/WifiHW  (  719): FREQUENCY=2412
D/WifiHW  (  719): 
D/wifi    (  719): doStringCommand, buf IFNAME=wlan0 SIGNAL_POLL
I/WifiStateMachine(  719): fetchRssiNative, newRssi:-70
D/WifiStateMachine(  719): ObtainingIpState{ when=-54ms what=131239 target=com.android.internal.util.StateMachine$SmHandler target=Handler (com.android.internal.util.StateMachine$SmHandler) {421bb670} }
D/WifiStateMachine(  719): L2ConnectedState{ when=-55ms what=131239 target=com.android.internal.util.StateMachine$SmHandler target=Handler (com.android.internal.util.StateMachine$SmHandler) {421bb670} }
D/WifiStateMachine(  719): ConnectModeState{ when=-55ms what=131239 target=com.android.internal.util.StateMachine$SmHandler target=Handler (com.android.internal.util.StateMachine$SmHandler) {421bb670} }
D/WifiStateMachine(  719): DriverStartedState{ when=-55ms what=131239 target=com.android.internal.util.StateMachine$SmHandler target=Handler (com.android.internal.util.StateMachine$SmHandler) {421bb670} }
D/WifiStateMachine(  719): SupplicantStartedState{ when=-55ms what=131239 target=com.android.internal.util.StateMachine$SmHandler target=Handler (com.android.internal.util.StateMachine$SmHandler) {421bb670} }
D/WifiHW  (  719): enter -->wifi_send_command cmd=IFNAME=wlan0 SIGNAL_POLL
D/wpa_supplicant(  971): RX ctrl_iface - hexdump(len=11): 53 49 47 4e 41 4c 5f 50 4f 4c 4c
D/wpa_supplicant(  971): wlan0: Control interface command 'SIGNAL_POLL'
D/wpa_supplicant(  971): nl80211: survey data missing!
D/WifiHW  (  719): leave --> reply=RSSI=-70
D/WifiHW  (  719): LINKSPEED=65
D/WifiHW  (  719): NOISE=9999
D/WifiHW  (  719): FREQUENCY=2412
D/WifiHW  (  719): 
D/wifi    (  719): doStringCommand, buf IFNAME=wlan0 SIGNAL_POLL
I/WifiStateMachine(  719): fetchRssiNative, newRssi:-70
D/WifiStateMachine(  719): ObtainingIpState{ when=-36ms what=131239 target=com.android.internal.util.StateMachine$SmHandler target=Handler (com.android.internal.util.StateMachine$SmHandler) {421bb670} }
W/Bundle  (12953): Key newState expected Integer but value was a android.net.wifi.SupplicantState.  The default value -1 was returned.
D/WifiStateMachine(  719): L2ConnectedState{ when=-36ms what=131239 target=com.android.internal.util.StateMachine$SmHandler target=Handler (com.android.internal.util.StateMachine$SmHandler) {421bb670} }
W/Bundle  (12953): Attempt to cast generated internal exception:
W/Bundle  (12953): java.lang.ClassCastException: android.net.wifi.SupplicantState cannot be cast to java.lang.Integer
W/Bundle  (12953): 	at android.os.Bundle.getInt(Bundle.java:1000)
W/Bundle  (12953): 	at android.content.Intent.getIntExtra(Intent.java:4789)
W/Bundle  (12953): 	at com.sixtyplus.nidfit.common.easywifi.impl.EasyWiFi$WifiStateReceiver.onReceive(EasyWiFi.java:429)
W/Bundle  (12953): 	at android.app.LoadedApk$ReceiverDispatcher$Args.run(LoadedApk.java:798)
W/Bundle  (12953): 	at android.os.Handler.handleCallback(Handler.java:808)
W/Bundle  (12953): 	at android.os.Handler.dispatchMessage(Handler.java:103)
W/Bundle  (12953): 	at android.os.Looper.loop(Looper.java:193)
W/Bundle  (12953): 	at android.app.ActivityThread.main(ActivityThread.java:5299)
W/Bundle  (12953): 	at java.lang.reflect.Method.invokeNative(Native Method)
W/Bundle  (12953): 	at java.lang.reflect.Method.invoke(Method.java:515)
W/Bundle  (12953): 	at com.android.internal.os.ZygoteInit$MethodAndArgsCaller.run(ZygoteInit.java:829)
W/Bundle  (12953): 	at com.android.internal.os.ZygoteInit.main(ZygoteInit.java:645)
W/Bundle  (12953): 	at dalvik.system.NativeStart.main(Native Method)
E/EasyWiFi(12953): SUPPLICANT_STATE_CHANGED_ACTION: -1 Err:-1
W/Bundle  (24604): Key newState expected Integer but value was a android.net.wifi.SupplicantState.  The default value -1 was returned.
D/WifiStateMachine(  719): ConnectModeState{ when=-37ms what=131239 target=com.android.internal.util.StateMachine$SmHandler target=Handler (com.android.internal.util.StateMachine$SmHandler) {421bb670} }
D/WifiStateMachine(  719): DriverStartedState{ when=-42ms what=131239 target=com.android.internal.util.StateMachine$SmHandler target=Handler (com.android.internal.util.StateMachine$SmHandler) {421bb670} }
D/WifiStateMachine(  719): SupplicantStartedState{ when=-42ms what=131239 target=com.android.internal.util.StateMachine$SmHandler target=Handler (com.android.internal.util.StateMachine$SmHandler) {421bb670} }
D/WifiHW  (  719): enter -->wifi_send_command cmd=IFNAME=wlan0 SIGNAL_POLL
D/wpa_supplicant(  971): RX ctrl_iface - hexdump(len=11): 53 49 47 4e 41 4c 5f 50 4f 4c 4c
D/wpa_supplicant(  971): wlan0: Control interface command 'SIGNAL_POLL'
D/wpa_supplicant(  971): nl80211: survey data missing!
W/Bundle  (24604): Attempt to cast generated internal exception:
W/Bundle  (24604): java.lang.ClassCastException: android.net.wifi.SupplicantState cannot be cast to java.lang.Integer
W/Bundle  (24604): 	at android.os.Bundle.getInt(Bundle.java:1000)
W/Bundle  (24604): 	at android.content.Intent.getIntExtra(Intent.java:4789)
W/Bundle  (24604): 	at com.sixtyplus.nidfit.common.easywifi.impl.EasyWiFi$WifiStateReceiver.onReceive(EasyWiFi.java:429)
W/Bundle  (24604): 	at android.app.LoadedApk$ReceiverDispatcher$Args.run(LoadedApk.java:798)
W/Bundle  (24604): 	at android.os.Handler.handleCallback(Handler.java:808)
W/Bundle  (24604): 	at android.os.Handler.dispatchMessage(Handler.java:103)
W/Bundle  (24604): 	at android.os.Looper.loop(Looper.java:193)
W/Bundle  (24604): 	at android.app.ActivityThread.main(ActivityThread.java:5299)
W/Bundle  (24604): 	at java.lang.reflect.Method.invokeNative(Native Method)
W/Bundle  (24604): 	at java.lang.reflect.Method.invoke(Method.java:515)
W/Bundle  (24604): 	at com.android.internal.os.ZygoteInit$MethodAndArgsCaller.run(ZygoteInit.java:829)
W/Bundle  (24604): 	at com.android.internal.os.ZygoteInit.main(ZygoteInit.java:645)
W/Bundle  (24604): 	at dalvik.system.NativeStart.main(Native Method)
E/EasyWiFi(24604): SUPPLICANT_STATE_CHANGED_ACTION: -1 Err:-1
D/WifiHW  (  719): leave --> reply=RSSI=-70
D/WifiHW  (  719): LINKSPEED=65
D/WifiHW  (  719): NOISE=9999
D/WifiHW  (  719): FREQUENCY=2412
D/WifiHW  (  719): 
D/wifi    (  719): doStringCommand, buf IFNAME=wlan0 SIGNAL_POLL
I/WifiStateMachine(  719): fetchRssiNative, newRssi:-70
D/WifiStateMachine(  719): ObtainingIpState{ when=-9ms what=131239 target=com.android.internal.util.StateMachine$SmHandler target=Handler (com.android.internal.util.StateMachine$SmHandler) {421bb670} }
D/WifiStateMachine(  719): L2ConnectedState{ when=-9ms what=131239 target=com.android.internal.util.StateMachine$SmHandler target=Handler (com.android.internal.util.StateMachine$SmHandler) {421bb670} }
D/WifiStateMachine(  719): ConnectModeState{ when=-9ms what=131239 target=com.android.internal.util.StateMachine$SmHandler target=Handler (com.android.internal.util.StateMachine$SmHandler) {421bb670} }
D/WifiStateMachine(  719): DriverStartedState{ when=-9ms what=131239 target=com.android.internal.util.StateMachine$SmHandler target=Handler (com.android.internal.util.StateMachine$SmHandler) {421bb670} }
D/WifiStateMachine(  719): SupplicantStartedState{ when=-9ms what=131239 target=com.android.internal.util.StateMachine$SmHandler target=Handler (com.android.internal.util.StateMachine$SmHandler) {421bb670} }
D/WifiHW  (  719): enter -->wifi_send_command cmd=IFNAME=wlan0 SIGNAL_POLL
D/wpa_supplicant(  971): RX ctrl_iface - hexdump(len=11): 53 49 47 4e 41 4c 5f 50 4f 4c 4c
D/wpa_supplicant(  971): wlan0: Control interface command 'SIGNAL_POLL'
D/WifiWatchdogStateMachine(  719): Update current BSSID to ec:6c:9f:4e:d1:08
D/WifiWatchdogStateMachine(  719): BSSID changed
D/wpa_supplicant(  971): nl80211: survey data missing!
D/WifiHW  (  719): leave --> reply=RSSI=-70
D/WifiHW  (  719): LINKSPEED=65
D/WifiHW  (  719): NOISE=9999
D/WifiHW  (  719): FREQUENCY=2412
D/WifiHW  (  719): 
D/wifi    (  719): doStringCommand, buf IFNAME=wlan0 SIGNAL_POLL
I/WifiStateMachine(  719): fetchRssiNative, newRssi:-70
D/WifiStateMachine(  719): ObtainingIpState{ when=-5ms what=131239 target=com.android.internal.util.StateMachine$SmHandler target=Handler (com.android.internal.util.StateMachine$SmHandler) {421bb670} }
D/WifiStateMachine(  719): L2ConnectedState{ when=-5ms what=131239 target=com.android.internal.util.StateMachine$SmHandler target=Handler (com.android.internal.util.StateMachine$SmHandler) {421bb670} }
D/WifiStateMachine(  719): ConnectModeState{ when=-5ms what=131239 target=com.android.internal.util.StateMachine$SmHandler target=Handler (com.android.internal.util.StateMachine$SmHandler) {421bb670} }
D/WifiStateMachine(  719): DriverStartedState{ when=-5ms what=131239 target=com.android.internal.util.StateMachine$SmHandler target=Handler (com.android.internal.util.StateMachine$SmHandler) {421bb670} }
D/WifiStateMachine(  719): SupplicantStartedState{ when=-5ms what=131239 target=com.android.internal.util.StateMachine$SmHandler target=Handler (com.android.internal.util.StateMachine$SmHandler) {421bb670} }
D/WifiHW  (  719): enter -->wifi_send_command cmd=IFNAME=wlan0 SIGNAL_POLL
D/wpa_supplicant(  971): RX ctrl_iface - hexdump(len=11): 53 49 47 4e 41 4c 5f 50 4f 4c 4c
D/wpa_supplicant(  971): wlan0: Control interface command 'SIGNAL_POLL'
D/wpa_supplicant(  971): nl80211: survey data missing!
D/WifiHW  (  719): leave --> reply=RSSI=-70
D/WifiHW  (  719): LINKSPEED=65
D/WifiHW  (  719): NOISE=9999
D/WifiHW  (  719): FREQUENCY=2412
D/WifiHW  (  719): 
D/wifi    (  719): doStringCommand, buf IFNAME=wlan0 SIGNAL_POLL
I/WifiStateMachine(  719): fetchRssiNative, newRssi:-70
W/Bundle  (12953): Key newState expected Integer but value was a android.net.wifi.SupplicantState.  The default value -1 was returned.
W/Bundle  (12953): Attempt to cast generated internal exception:
W/Bundle  (12953): java.lang.ClassCastException: android.net.wifi.SupplicantState cannot be cast to java.lang.Integer
W/Bundle  (12953): 	at android.os.Bundle.getInt(Bundle.java:1000)
W/Bundle  (12953): 	at android.content.Intent.getIntExtra(Intent.java:4789)
W/Bundle  (12953): 	at com.sixtyplus.nidfit.common.easywifi.impl.EasyWiFi$WifiStateReceiver.onReceive(EasyWiFi.java:429)
W/Bundle  (12953): 	at android.app.LoadedApk$ReceiverDispatcher$Args.run(LoadedApk.java:798)
W/Bundle  (12953): 	at android.os.Handler.handleCallback(Handler.java:808)
W/Bundle  (12953): 	at android.os.Handler.dispatchMessage(Handler.java:103)
W/Bundle  (12953): 	at android.os.Looper.loop(Looper.java:193)
W/Bundle  (12953): 	at android.app.ActivityThread.main(ActivityThread.java:5299)
W/Bundle  (12953): 	at java.lang.reflect.Method.invokeNative(Native Method)
W/Bundle  (12953): 	at java.lang.reflect.Method.invoke(Method.java:515)
W/Bundle  (12953): 	at com.android.internal.os.ZygoteInit$MethodAndArgsCaller.run(ZygoteInit.java:829)
W/Bundle  (12953): 	at com.android.internal.os.ZygoteInit.main(ZygoteInit.java:645)
W/Bundle  (12953): 	at dalvik.system.NativeStart.main(Native Method)
E/EasyWiFi(12953): SUPPLICANT_STATE_CHANGED_ACTION: -1 Err:-1
W/Bundle  (24604): Key newState expected Integer but value was a android.net.wifi.SupplicantState.  The default value -1 was returned.
W/Bundle  (24604): Attempt to cast generated internal exception:
W/Bundle  (24604): java.lang.ClassCastException: android.net.wifi.SupplicantState cannot be cast to java.lang.Integer
W/Bundle  (24604): 	at android.os.Bundle.getInt(Bundle.java:1000)
W/Bundle  (24604): 	at android.content.Intent.getIntExtra(Intent.java:4789)
W/Bundle  (24604): 	at com.sixtyplus.nidfit.common.easywifi.impl.EasyWiFi$WifiStateReceiver.onReceive(EasyWiFi.java:429)
W/Bundle  (24604): 	at android.app.LoadedApk$ReceiverDispatcher$Args.run(LoadedApk.java:798)
W/Bundle  (24604): 	at android.os.Handler.handleCallback(Handler.java:808)
W/Bundle  (24604): 	at android.os.Handler.dispatchMessage(Handler.java:103)
W/Bundle  (24604): 	at android.os.Looper.loop(Looper.java:193)
W/Bundle  (24604): 	at android.app.ActivityThread.main(ActivityThread.java:5299)
W/Bundle  (24604): 	at java.lang.reflect.Method.invokeNative(Native Method)
W/Bundle  (24604): 	at java.lang.reflect.Method.invoke(Method.java:515)
W/Bundle  (24604): 	at com.android.internal.os.ZygoteInit$MethodAndArgsCaller.run(ZygoteInit.java:829)
W/Bundle  (24604): 	at com.android.internal.os.ZygoteInit.main(ZygoteInit.java:645)
W/Bundle  (24604): 	at dalvik.system.NativeStart.main(Native Method)
E/EasyWiFi(24604): SUPPLICANT_STATE_CHANGED_ACTION: -1 Err:-1
I/dhcpcd  (30983): dhcpcd[30984]: wlan0: sending IPv6 Router Solicitation
I/dhcpcd  (30983): dhcpcd[30984]: wlan0: sendmsg: Cannot assign requested address
I/dhcpcd  (30983): dhcpcd[30984]: wlan0: reading lease `/data/misc/dhcp/dhcpcd-wlan0.lease'
I/dhcpcd  (30983): dhcpcd[30984]: wlan0: rebinding lease of 172.16.0.142
I/dhcpcd  (30983): dhcpcd[30984]: wlan0: sending REQUEST (xid 0xd0161fbf), next in 4.79 seconds
I/dhcpcd  (30983): dhcpcd[30984]: wlan0: acknowledged 172.16.0.142 from 172.16.0.1
I/v8      (24604): [24604]  8410017 ms:  Mark-sweep 0.8 (13.9) -> 0.8 (13.9) MB, 0 ms (+ 6 ms in 1 steps since start of marking, biggest step 6.060059 ms) [idle notification: finalize incremental] [GC in old space requested].
I/dhcpcd  (30983): dhcpcd[30984]: wlan0: leased 172.16.0.142 for 3600 seconds
I/dhcpcd  (30983): dhcpcd[30984]: wlan0: ignore dhcpcd lease timer
I/dhcpcd  (30983): dhcpcd[30984]: wlan0: adding IP address 172.16.0.142/24
I/Netd    (  146): Get netlink event, ifname: wlan0 action: 6
D/SocketClient(  146): SocketClient msg = Address updated 172.16.0.142/24 wlan0 128 0
D/SocketClient(  146): SocketClient sendDatalocked done: 614 Address updated 172.16.0.142/24 wlan0 128 0
I/dhcpcd  (30983): dhcpcd[30984]: normal metric for wlan0
I/dhcpcd  (30983): dhcpcd[30984]: wlan0: adding route to 172.16.0.0/24
D/NetdConnector(  719): RCV <- {614 Address updated 172.16.0.142/24 wlan0 128 0}
I/dhcpcd  (30983): dhcpcd[30984]: normal metric for wlan0
I/dhcpcd  (30983): dhcpcd[30984]: wlan0: adding default route via 172.16.0.1
I/dhcpcd  (30983): dhcpcd[30984]: normal metric for wlan0
I/dhcpcd  (30983): dhcpcd[30984]: wlan0: writing lease `/data/misc/dhcp/dhcpcd-wlan0.lease'
D/NetworkManagementService(  719): onEvent:614 Address updated 172.16.0.142/24 wlan0 128 0:7
D/WifiStateMachine(  719): addressUpdated: 172.16.0.142/24 on wlan0 flags 128 scope 0
I/dhcpcd  (30983): dhcpcd[30984]: wlan0: executing `/system/etc/dhcpcd/dhcpcd-run-hooks', reason REBOOT
D/WifiStateMachine(  719): ObtainingIpState{ when=0 what=131212 obj=172.16.0.142/24 target=com.android.internal.util.StateMachine$SmHandler target=Handler (com.android.internal.util.StateMachine$SmHandler) {421bb670} }
D/WifiStateMachine(  719): L2ConnectedState{ when=0 what=131212 obj=172.16.0.142/24 target=com.android.internal.util.StateMachine$SmHandler target=Handler (com.android.internal.util.StateMachine$SmHandler) {421bb670} }
D/WifiStateMachine(  719): ConnectModeState{ when=0 what=131212 obj=172.16.0.142/24 target=com.android.internal.util.StateMachine$SmHandler target=Handler (com.android.internal.util.StateMachine$SmHandler) {421bb670} }
D/WifiStateMachine(  719): DriverStartedState{ when=0 what=131212 obj=172.16.0.142/24 target=com.android.internal.util.StateMachine$SmHandler target=Handler (com.android.internal.util.StateMachine$SmHandler) {421bb670} }
D/WifiStateMachine(  719): SupplicantStartedState{ when=-1ms what=131212 obj=172.16.0.142/24 target=com.android.internal.util.StateMachine$SmHandler target=Handler (com.android.internal.util.StateMachine$SmHandler) {421bb670} }
D/WifiStateMachine(  719): DefaultState{ when=-1ms what=131212 obj=172.16.0.142/24 target=com.android.internal.util.StateMachine$SmHandler target=Handler (com.android.internal.util.StateMachine$SmHandler) {421bb670} }
D/WifiStateMachine(  719): configureLinkProperties, newLinkProperties:{InterfaceName: wlan0 LinkAddresses: [172.16.0.142/24,]  Routes: [] DnsAddresses: [] Domains: nullMTU: 0HttpProxy: [ProxyProperties.mHost == null] }
D/WifiStateMachine(  719): configureLinkProperties, mLinkProperties:{LinkAddresses: []  Routes: [] DnsAddresses: [] Domains: nullMTU: 0}
D/WifiStateMachine(  719): Link configuration changed for netId: 32 old: {LinkAddresses: []  Routes: [] DnsAddresses: [] Domains: nullMTU: 0}new: {InterfaceName: wlan0 LinkAddresses: [172.16.0.142/24,]  Routes: [] DnsAddresses: [] Domains: nullMTU: 0HttpProxy: [ProxyProperties.mHost == null] }
D/DhcpStateMachine(  719): DHCPV4 succeeded on wlan0
D/DhcpStateMachine(  719): dhcpResults:{InterfaceName: wlan0 LinkAddresses: [172.16.0.142/24,]  Routes: [172.16.0.0/24 -> 0.0.0.0,0.0.0.0/0 -> 172.16.0.1,] DnsAddresses: [192.168.89.8,] Domains: MTU: 0} DHCP server /172.16.0.1 Vendor info  lease 3600 seconds ppplinkname null pid 0
D/DhcpStateMachine(  719): RunningState
D/DhcpStateMachine(  719): RunningState{ when=-305ms what=196615 target=com.android.internal.util.StateMachine$SmHandler target=Handler (com.android.internal.util.StateMachine$SmHandler) {41f5f050} }
D/DhcpStateMachine(  719): DefaultState{ when=-305ms what=196615 target=com.android.internal.util.StateMachine$SmHandler target=Handler (com.android.internal.util.StateMachine$SmHandler) {41f5f050} }
E/DhcpStateMachine(  719): Error! unhandled message  { when=-306ms what=196615 target=com.android.internal.util.StateMachine$SmHandler target=Handler (com.android.internal.util.StateMachine$SmHandler) {41f5f050} }
D/WifiStateMachine(  719): ObtainingIpState{ when=0 what=196613 arg1=1 arg2=1 obj={InterfaceName: wlan0 LinkAddresses: [172.16.0.142/24,]  Routes: [172.16.0.0/24 -> 0.0.0.0,0.0.0.0/0 -> 172.16.0.1,] DnsAddresses: [192.168.89.8,] Domains: MTU: 0} DHCP server /172.16.0.1 Vendor info  lease 3600 seconds ppplinkname null pid 0 target=com.android.internal.util.StateMachine$SmHandler target=Handler (com.android.internal.util.StateMachine$SmHandler) {421bb670} }
