D/wpa_supplicant(  971): nl80211: set_p2p_powersave (legacy_ps=1 opp_ps=-1 ctwindow=-1)
D/WifiHW  (  719): leave --> reply=OK
D/WifiHW  (  719): 
D/WifiP2pService(  719): InactiveState{ when=-2ms what=143375 target=com.android.internal.util.StateMachine$SmHandler target=Handler (com.android.internal.util.StateMachine$SmHandler) {421b0e30} }
D/WifiP2pService(  719): P2pEnabledState{ when=-2ms what=143375 target=com.android.internal.util.StateMachine$SmHandler target=Handler (com.android.internal.util.StateMachine$SmHandler) {421b0e30} }
D/wifi    (  719): doBooleanCommand IFNAME=wlan0 DRIVER BTCOEXMODE 2
D/WifiHW  (  719): enter -->wifi_send_command cmd=IFNAME=wlan0 DRIVER BTCOEXMODE 2
D/wpa_supplicant(  971): RX ctrl_iface - hexdump(len=19): 44 52 49 56 45 52 20 42 54 43 4f 45 58 4d 4f 44 45 20 32
D/wpa_supplicant(  971): wlan0: Control interface command 'DRIVER BTCOEXMODE 2'
D/wpa_supplicant(  971): wpa_driver_nl80211_driver_cmd: iface wlan0  recv cmd BTCOEXMODE 2
D/WifiHW  (  719): leave --> reply=OK
D/WifiHW  (  719): 
D/AndroidRuntime(31080): 
D/AndroidRuntime(31080): >>>>>> AndroidRuntime START com.android.internal.os.RuntimeInit <<<<<<
D/AndroidRuntime(31080): CheckJNI is OFF
D/AndroidRuntime(31080): language=-Duser.language=zh region=-Duser.region=CN
D/dalvikvm(31080): boot class : 
D/dalvikvm(31080):   (0) core.jar
D/dalvikvm(31080):   (1) conscrypt.jar
D/dalvikvm(31080):   (2) okhttp.jar
D/dalvikvm(31080):   (3) core-junit.jar
D/dalvikvm(31080):   (4) bouncycastle.jar
D/dalvikvm(31080):   (5) ext.jar
D/dalvikvm(31080):   (6) framework.jar
D/dalvikvm(31080):   (7) framework2.jar
D/dalvikvm(31080):   (8) telephony-common.jar
D/dalvikvm(31080):   (9) voip-common.jar
D/dalvikvm(31080):   (10) mms-common.jar
D/dalvikvm(31080):   (11) android.policy.jar
D/dalvikvm(31080):   (12) services.jar
D/dalvikvm(31080):   (13) apache-xml.jar
D/dalvikvm(31080):   (14) webviewchromium.jar
D/dalvikvm(31080):   (15) mediatek-common.jar
D/dalvikvm(31080):   (16) mediatek-framework.jar
D/dalvikvm(31080):   (17) CustomProperties.jar
D/dalvikvm(31080):   (18) mediatek-telephony-common.jar
D/dalvikvm(31080):   (19) mediatek-tablet.jar
D/dalvikvm(31080):   (20) am.jar
D/dalvikvm(31080): threadid=1: interp stack at 0x6d754000
D/dalvikvm(31080): Trying to load lib libjavacore.so 0x0
D/dalvikvm(31080): Added shared lib libjavacore.so 0x0
D/dalvikvm(31080): Trying to load lib libnativehelper.so 0x0
D/dalvikvm(31080): Added shared lib libnativehelper.so 0x0
D/dalvikvm(31080): No JNI_OnLoad found in libnativehelper.so 0x0, skipping init
D/dalvikvm(31080): +++ finishing prep on main VM thread
D/dalvikvm(31080): create interp thread : stack size=128KB
D/dalvikvm(31080): create new thread
D/dalvikvm(31080): new thread created
D/dalvikvm(31080): update thread list
D/dalvikvm(31080): threadid=2: interp stack at 0x718a0000
D/dalvikvm(31080): threadid=2: created from interp
D/dalvikvm(31080): threadid=2: adding to list
D/dalvikvm(31080): start new thread
D/dalvikvm(31080): create interp thread : stack size=128KB
D/dalvikvm(31080): create new thread
D/dalvikvm(31080): new thread created
D/dalvikvm(31080): update thread list
D/dalvikvm(31080): threadid=2: notify debugger
D/dalvikvm(31080): threadid=2 (ReferenceQueueDaemon): calling run()
D/dalvikvm(31080): threadid=3: interp stack at 0x719c0000
D/dalvikvm(31080): threadid=3: created from interp
D/dalvikvm(31080): threadid=3: adding to list
D/dalvikvm(31080): start new thread
D/dalvikvm(31080): create interp thread : stack size=128KB
D/dalvikvm(31080): create new thread
D/dalvikvm(31080): new thread created
D/dalvikvm(31080): update thread list
D/dalvikvm(31080): threadid=3: notify debugger
D/dalvikvm(31080): threadid=3 (FinalizerDaemon): calling run()
D/dalvikvm(31080): threadid=4: interp stack at 0x71ae0000
D/dalvikvm(31080): threadid=4: created from interp
D/dalvikvm(31080): threadid=4: adding to list
D/dalvikvm(31080): start new thread
D/dalvikvm(31080): threadid=4: notify debugger
D/dalvikvm(31080): threadid=4 (FinalizerWatchdogDaemon): calling run()
D/dalvikvm(31080): threadid=5: interp stack at 0x71d00000
D/dalvikvm(31080): threadid=5: adding to list (attached)
D/dalvikvm(31080): threadid=5: attached from native, name=GC
D/dalvikvm(31080): threadid=5: internal 'GC'
D/dalvikvm(31080): threadid=6: interp stack at 0x71e20000
D/dalvikvm(31080): threadid=6: adding to list (attached)
D/dalvikvm(31080): threadid=6: attached from native, name=Signal Catcher
D/jdwp    (31080): prepping for JDWP over ADB
D/dalvikvm(31080): threadid=6: internal 'Signal Catcher'
D/dalvikvm(31080): Elevating priority from 0 to -8
D/dalvikvm(31080): threadid=7: interp stack at 0x71f40000
D/dalvikvm(31080): threadid=7: adding to list (attached)
D/dalvikvm(31080): threadid=7: attached from native, name=JDWP
D/dalvikvm(31080): threadid=7: internal 'JDWP'
D/jdwp    (31080): JDWP: thread running
D/jdwp    (31080): trying to receive file descriptor from ADB
D/dalvikvm(31080): threadid=8: interp stack at 0x72060000
D/ADB_SERVICES(  184): Adding socket 37 pid 31080 to jdwp process list
D/dalvikvm(31080): threadid=8: adding to list (attached)
D/dalvikvm(31080): threadid=8: attached from native, name=Compiler
D/dalvikvm(31080): threadid=8: internal 'Compiler'
D/dalvikvm(31080): threadid=8: SuspendAll starting
D/dalvikvm(31080): threadid=1: self-suspending
E/cutils-trace(31080): Error opening trace file: No such file or directory (2)
D/dalvikvm(31080): threadid=8:   threadid=1 status=9 sc=1 dc=0
D/dalvikvm(31080): threadid=8:   threadid=7 status=8 sc=1 dc=0
D/dalvikvm(31080): threadid=8:   threadid=6 status=8 sc=1 dc=0
D/dalvikvm(31080): threadid=8:   threadid=5 status=8 sc=1 dc=0
D/dalvikvm(31080): threadid=8:   threadid=4 status=4 sc=1 dc=0
D/dalvikvm(31080): threadid=8:   threadid=3 status=4 sc=1 dc=0
D/dalvikvm(31080): threadid=8:   threadid=2 status=4 sc=1 dc=0
D/dalvikvm(31080): threadid=8: SuspendAll complete : 1
D/dalvikvm(31080): threadid=8: ResumeAll starting
D/dalvikvm(31080): threadid=8: ResumeAll waking others
D/dalvikvm(31080): threadid=8: ResumeAll complete
D/dalvikvm(31080): threadid=1: self-reviving, status=1
D/dalvikvm(31080): Note: class Landroid/app/ActivityManagerNative; has 188 unimplemented (abstract) methods
D/SIMHelper(  838): isSimInserted(0), SimInserted=false
D/StatusBar.NetworkController(  838): refreshViews(0), DataConnected=false simColorId = -1
D/StatusBar.NetworkController(  838): refreshViews(0), set parameters to signal cluster view.
D/SignalClusterView(  838): setWifiIndicators, visible=true, strengthIcon=com.mediatek.systemui.ext.IconIdWrapper@41da64f0, activityIcon=com.mediatek.systemui.ext.IconIdWrapper@41da6508, contentDescription=WLAN 
D/StatusBar.NetworkController(  838): refreshViews(0), tempPhoneSignalIconId.0 = 0  tempPhoneSignalIconId.1 = 0  tempMobileActivityIconId= 0  tempDataTypeIconId= 0
D/SignalClusterView(  838): setMobileDataIndicators(0), visible=true, strengthIcon[0] ~ [1] 0 ~ 0
D/SignalClusterView(  838): setIsAirplaneMode=false
D/SignalClusterView(  838): setRoamingFlagandResource(0), roaming=false, roamingId=0
D/SignalClusterView(  838): setShowSimIndicator(0), showSimIndicator=false simIndicatorResource = 0
D/SignalClusterView(  838): setDataNetType3G(0), NetworkType=null
D/SignalClusterView(  838): apply(), mWifiVisible is true
D/SIMHelper(  838): isSimInserted(0), SimInserted=false
D/SignalClusterView(  838): apply(), slotId=0, mMobileVisible=true, mShouldMobileGroupVisible=true
D/SignalClusterView(  838): apply(), slotId=0, mRoaming=false mMobileActivityId=0 mMobileTypeId=0 mMobileStrengthId[0] = 0 mMobileStrengthId[1] = 0
D/SIMHelper(  838): isSimInserted(0), SimInserted=false
D/SignalClusterView(  838): apply(). mIsAirplaneMode is false, NWType slot(0) is 8
E/memtrack(31080): Couldn't load memtrack module (No such file or directory)
E/android.os.Debug(31080): failed to load memtrack module: -2
W/ADB_SERVICES(  184): create_local_service_socket() name=shell:ps
W/ADB_SERVICES(  184): service_to_fd() name=shell:ps
W/ADB_SERVICES(  184): read_meminfo() mem_free=21092
W/ADB_SERVICES(  184): create_subprocess() ret_fd=38 pid=31090
W/ADB_SERVICES(  184): LS(26872): bound to 'shell:ps' via 38
W/ADB_SERVICES(31090): adb: unable to open /proc/31090/oom_adj
D/ADB_SERVICES(  184):  closing because is_eof=1 r=1 s->fde.force_eof=0
W/ADB_SERVICES(  184): entered. LS(26872) fd=38
W/ADB_SERVICES(  184): create_local_service_socket() name=shell:cat /proc/cpuinfo
W/ADB_SERVICES(  184): service_to_fd() name=shell:cat /proc/cpuinfo
W/ADB_SERVICES(  184): read_meminfo() mem_free=19728
W/ADB_SERVICES(  184): create_subprocess() ret_fd=38 pid=31091
W/ADB_SERVICES(  184): LS(26873): bound to 'shell:cat /proc/cpuinfo' via 38
W/ADB_SERVICES(31091): adb: unable to open /proc/31091/oom_adj
D/ADB_SERVICES(  184):  closing because is_eof=1 r=-1 s->fde.force_eof=0
W/ADB_SERVICES(  184): entered. LS(26873) fd=38
W/ADB_SERVICES(  184): create_local_service_socket() name=shell:dumpsys battery
W/ADB_SERVICES(  184): service_to_fd() name=shell:dumpsys battery
W/ADB_SERVICES(  184): read_meminfo() mem_free=19416
W/ADB_SERVICES(  184): create_subprocess() ret_fd=38 pid=31092
W/ADB_SERVICES(  184): LS(26874): bound to 'shell:dumpsys battery' via 38
W/ADB_SERVICES(31092): adb: unable to open /proc/31092/oom_adj
D/AndroidRuntime(31080): Calling main entry com.android.commands.monkey.Monkey
D/dalvikvm(31080): threadid=9: interp stack at 0x7253e000
D/dalvikvm(31080): threadid=9: adding to list (attached)
D/dalvikvm(31080): threadid=9: attached from native, name=Binder_1
D/dalvikvm(31080): threadid=10: interp stack at 0x7265e000
D/dalvikvm(31080): threadid=10: adding to list (attached)
D/dalvikvm(31080): threadid=10: attached from native, name=Binder_2
D/ADB_SERVICES(  184):  closing because is_eof=1 r=1 s->fde.force_eof=0
W/ADB_SERVICES(  184): entered. LS(26874) fd=38
W/BroadcastQueue(  719): Skipping deliver [background] BroadcastRecord{423975f8 u-1 android.net.conn.CONNECTIVITY_CHANGE} to ReceiverList{4220e2e8 31080 (unknown name)/2000/u-1 remote:41e9a1e8}: process crashing
D/InputReader(  719): K_lock
D/InputReader(  719): SK_Lock_r
D/InputReader(  719): K_lock
D/InputReader(  719): SK_Lock_r
D/InputReader(  719): K_lock
D/InputReader(  719): SK_Lock_r
D/InputReader(  719): K_lock
D/InputReader(  719): SK_Lock_r
D/InputReader(  719): K_lock
D/InputReader(  719): SK_Lock_r
D/InputReader(  719): K_lock
D/InputReader(  719): SK_Lock_r
D/InputReader(  719): K_lock
D/InputReader(  719): SK_Lock_r
D/InputReader(  719): K_lock
D/InputReader(  719): SK_Lock_r
I/ActivityManager(  719): START u0 {act=android.intent.action.MAIN cat=[android.intent.category.LAUNCHER] flg=0x10200000 cmp=com.sixtyplus.nidfit.treadmill.app/.LoginActivity} from pid 31080
D/WindowManager(  719): interceptKeyTq keycode=19 screenIsOn=true keyguardActive=false policyFlags = #b000000 down =true canceled = false isWakeKey=false mVolumeDownKeyTriggered =false mVolumeUpKeyTriggered =false
D/PowerManagerService(  719): userActivityFromNative
D/PowerManagerService(  719): userActivityNoUpdateLocked: eventTime=23666627, event=1, flags=0x0, uid=1000
D/PowerManagerNotifier(  719): onUserActivity: event=1, uid=1000
D/PowerManagerService(  719): updateUserActivitySummaryLocked: mWakefulness=Awake, mUserActivitySummary=0x5, nextTimeout=23674627 (in 7999 ms)
D/PowerManagerService(  719): newScreenState = 2
D/PowerManagerDisplayController(  719): requestPowerState: screenState=2, useProximitySensor=false, forceProximitySensorEnable=false, forceWakeUpEnable=false, screenBrightness=208, screenAutoBrightnessAdjustment=0.0, useAutoBrightness=false, useEcoBrightness=false, blockScreenOn=false, waitForNegativeProximity=false
D/LightsService(  719): setLight_native: light=2, colorARGB=0xffd0d0d0, flashMode=0, onMS=0, offMS=0, brightnessMode=0
D/lights  (  719): write_int open fd=-1
I/PowerManagerService(  719): setBrightness mButtonLight, screenBrightness=208
D/PowerManagerService(  719): updateScreenStateLocked: mDisplayReady=true, newScreenState=2, mWakefulness=1, mWakeLockSummary=0x0, mUserActivitySummary=0x5, mBootCompleted=true
D/PowerManagerService(  719): handleSandman: canDream=false, mWakefulness=Awake
D/KeyguardViewMediator(  838): isInputRestricted: showing=false, needReshow=false, provisioned=true
D/WindowManager(  719): interceptKeyTi keyCode=19 down=true repeatCount=0 keyguardOn=false mHomePressed=false canceled=false metaState:0
D/WindowManager(  719): interceptKeyTq keycode=19 screenIsOn=true keyguardActive=false policyFlags = #b000000 down =false canceled = false isWakeKey=false mVolumeDownKeyTriggered =false mVolumeUpKeyTriggered =false
I/BufferQueue(  151): [com.sixtyplus.nidfit.treadmill.app/com.sixtyplus.nidfit.treadmill.app.MainActivity](this:0xb7c2a538,id:4646,api:1,p:24604,c:151) new GraphicBuffer needed
D/BufferQueue(  151):     [OLD] gb:NULL
I/GraphicBuffer(  151): allocate buffer (w:1024 h:600 f:1) handle(0xb7c31c38) err(0)
W/GraphicBufferExtra_hal(  151): gralloc extra device setBufInfo(...) is not supported
I/BufferQueue(  151):     [NEW] gb=0xb7bfd018, handle=0xb7c31c38, w=1024, h=600, s=1024, fmt=1
D/KeyguardViewMediator(  838): isInputRestricted: showing=false, needReshow=false, provisioned=true
D/WindowManager(  719): interceptKeyTi keyCode=19 down=false repeatCount=0 keyguardOn=false mHomePressed=false canceled=false metaState:0
D/GraphicBuffer(24604): create handle(0x7a05c1a8) (w:1024, h:600, f:1)
D/WindowManager(  719): interceptKeyTq keycode=21 screenIsOn=true keyguardActive=false policyFlags = #b000000 down =true canceled = false isWakeKey=false mVolumeDownKeyTriggered =false mVolumeUpKeyTriggered =false
D/KeyguardViewMediator(  838): isInputRestricted: showing=false, needReshow=false, provisioned=true
D/WindowManager(  719): interceptKeyTi keyCode=21 down=true repeatCount=0 keyguardOn=false mHomePressed=false canceled=false metaState:0
I/BufferQueue(  151): [com.sixtyplus.nidfit.treadmill.app/com.sixtyplus.nidfit.treadmill.app.MainActivity](this:0xb7c2a538,id:4646,api:1,p:24604,c:151) [queue] fps:0.22, dur:9275.94, max:8903.63, min:372.31
V/InputMethodManager(24604): START INPUT: android.widget.Button{430be9f8 VFED..C. .F...... 0,0-160,80 #7f0d014c app:id/arrow_to_entertainment_btn} ic=null tba=android.view.inputmethod.EditorInfo@458fdfe8 controlFlags=#100
I/View    (24604): Key down dispatch to android.widget.Button{430be9f8 VFED..C. .F...... 0,0-160,80 #7f0d014c app:id/arrow_to_entertainment_btn}, event = KeyEvent { action=ACTION_DOWN, keyCode=KEYCODE_DPAD_LEFT, scanCode=0, metaState=0, flags=0x8, repeatCount=0, eventTime=23666693, downTime=23666693, deviceId=-1, source=0x101 }
I/GLConsumer(  151): [com.sixtyplus.nidfit.treadmill.app/com.sixtyplus.nidfit.treadmill.app.MainActivity](this:0xb7c033f8,api:1) [void* android::GLConsumer::createImage(EGLDisplay, const android::sp<android::GraphicBuffer>&, const android::Rect&)]
D/GLConsumer(  151):     GraphicBuffer: gb=0xb7bfd018 handle=0xb7c31c38 fmt=1
D/GLConsumer(  151):     EGLImage: dpy=0x1, img=0x10000005
I/BufferQueue(  151): [com.sixtyplus.nidfit.treadmill.app/com.sixtyplus.nidfit.treadmill.app.MainActivity](this:0xb7c2a538,id:4646,api:1,p:24604,c:151) [release] fps:0.11, dur:8910.12, max:8910.12, min:8910.12
I/BufferQueue(  151): [FrameBufferSurface_0](this:0xb7beb150,id:0,api:1,p:151,c:151) [release] fps:2.99, dur:9369.32, max:8910.36, min:14.50
I/BufferQueue(  151): [FrameBufferSurface_0](this:0xb7beb150,id:0,api:1,p:151,c:151) [queue] fps:2.99, dur:9369.05, max:8910.50, min:14.49
I/SurfaceFlinger(  151): [Built-in Screen (type:0)] fps:2.988585,dur:9368.98,max:8910.56,min:14.48
V/Provider/Settings(24604): get setting for user 0 by user 0 so skipping cache
D/WindowManager(  719): interceptKeyTq keycode=21 screenIsOn=true keyguardActive=false policyFlags = #b000000 down =false canceled = false isWakeKey=false mVolumeDownKeyTriggered =false mVolumeUpKeyTriggered =false
V/Provider/Settings(24604):  from settings cache , name = sound_effects_enabled , value = 0
D/KeyguardViewMediator(  838): isInputRestricted: showing=false, needReshow=false, provisioned=true
D/WindowManager(  719): interceptKeyTi keyCode=21 down=false repeatCount=0 keyguardOn=false mHomePressed=false canceled=false metaState:0
I/BufferQueue(  151): [com.sixtyplus.nidfit.treadmill.app/com.sixtyplus.nidfit.treadmill.app.MainActivity](this:0xb7c2a538,id:4646,api:1,p:24604,c:151) new GraphicBuffer needed
D/BufferQueue(  151):     [OLD] gb:NULL
I/GraphicBuffer(  151): allocate buffer (w:1024 h:600 f:1) handle(0xb7c2c0a8) err(0)
W/GraphicBufferExtra_hal(  151): gralloc extra device setBufInfo(...) is not supported
I/BufferQueue(  151):     [NEW] gb=0xb7c1ce18, handle=0xb7c2c0a8, w=1024, h=600, s=1024, fmt=1
D/GraphicBuffer(24604): create handle(0x7ac62758) (w:1024, h:600, f:1)
V/InputMethodManager(24604): START INPUT: android.support.v7.widget.RecyclerView{41d73900 VFED.... .F...... 96,106-928,494 #7f0d00fe app:id/recyclerView} ic=null tba=android.view.inputmethod.EditorInfo@45900ff8 controlFlags=#100
I/GLConsumer(  151): [com.sixtyplus.nidfit.treadmill.app/com.sixtyplus.nidfit.treadmill.app.MainActivity](this:0xb7c033f8,api:1) [void* android::GLConsumer::createImage(EGLDisplay, const android::sp<android::GraphicBuffer>&, const android::Rect&)]
D/GLConsumer(  151):     GraphicBuffer: gb=0xb7c1ce18 handle=0xb7c2c0a8 fmt=1
D/GLConsumer(  151):     EGLImage: dpy=0x1, img=0x10000008
D/WindowManager(  719): interceptKeyTq keycode=114 screenIsOn=true keyguardActive=false policyFlags = #b000000 down =true canceled = false isWakeKey=false mVolumeDownKeyTriggered =false mVolumeUpKeyTriggered =false
D/KeyguardViewMediator(  838): isInputRestricted: showing=false, needReshow=false, provisioned=true
D/WindowManager(  719): interceptKeyTi keyCode=114 down=true repeatCount=0 keyguardOn=false mHomePressed=false canceled=false metaState:0
D/WindowManager(  719): interceptKeyTq keycode=114 screenIsOn=true keyguardActive=false policyFlags = #b000000 down =false canceled = false isWakeKey=false mVolumeDownKeyTriggered =false mVolumeUpKeyTriggered =false
D/KeyguardViewMediator(  838): isInputRestricted: showing=false, needReshow=false, provisioned=true
D/WindowManager(  719): interceptKeyTi keyCode=114 down=false repeatCount=0 keyguardOn=false mHomePressed=false canceled=false metaState:0
I/View    (24604): Key down dispatch to android.support.v7.widget.RecyclerView{41d73900 VFED.... .F...... 96,106-928,494 #7f0d00fe app:id/recyclerView}, event = KeyEvent { action=ACTION_DOWN, keyCode=KEYCODE_CTRL_RIGHT, scanCode=0, metaState=0, flags=0x8, repeatCount=0, eventTime=23666820, downTime=23666820, deviceId=-1, source=0x101 }
D/PowerManagerService(  719): userActivityFromNative
D/PowerManagerService(  719): userActivityNoUpdateLocked: eventTime=23666931, event=2, flags=0x0, uid=1000
D/PowerManagerNotifier(  719): onUserActivity: event=2, uid=1000
D/PowerManagerService(  719): updateUserActivitySummaryLocked: mWakefulness=Awake, mUserActivitySummary=0x5, nextTimeout=23674627 (in 7686 ms)
D/PowerManagerService(  719): newScreenState = 2
D/PowerManagerDisplayController(  719): requestPowerState: screenState=2, useProximitySensor=false, forceProximitySensorEnable=false, forceWakeUpEnable=false, screenBrightness=208, screenAutoBrightnessAdjustment=0.0, useAutoBrightness=false, useEcoBrightness=false, blockScreenOn=false, waitForNegativeProximity=false
I/PowerManagerService(  719): setBrightness mButtonLight, screenBrightness=208
D/PowerManagerService(  719): updateScreenStateLocked: mDisplayReady=true, newScreenState=2, mWakefulness=1, mWakeLockSummary=0x0, mUserActivitySummary=0x5, mBootCompleted=true
D/PowerManagerService(  719): handleSandman: canDream=false, mWakefulness=Awake
