D/ConnectivityService(  719): getActiveNetworkInfo:NetworkInfo: type: WIFI[], state: CONNECTED/CONNECTED, reason: (unspecified), extra: "60_office", roaming: false, failover: false, isAvailable: true, isConnectedToProvisioningNetwork: false, simId: 0/10048
D/StatusBar.NetworkController(  838): onReceive, intent action = android.net.conn.CONNECTIVITY_CHANGE
D/StatusBar.NetworkController(  838): onReceive, ConnectivityManager.CONNECTIVITY_ACTION network type is 1
D/ConnectivityService(  719): getActiveNetworkInfo:NetworkInfo: type: WIFI[], state: CONNECTED/CONNECTED, reason: (unspecified), extra: "60_office", roaming: false, failover: false, isAvailable: true, isConnectedToProvisioningNetwork: false, simId: 0/10007
D/CrashReport(12953): is Connect BC WIFI
I/CrashReport(12953): network null changed to WIFI
I/CrashReport(12953): try to upload crash on network changed.
D/CrashReport(12953): [AsyncTaskHandler] Post a delay(time: 0ms) task: com.tencent.bugly.crashreport.crash.c$2
D/dalvikvm(31023): Zygote::ForkAndSpecialize : 0
W/dalvikvm(31023): PR_CAPBSET_DROP 0 failed: Invalid argument. Please make sure your kernel is compiled with file capabilities support enabled.
W/dalvikvm(31023): PR_CAPBSET_DROP 1 failed: Invalid argument. Please make sure your kernel is compiled with file capabilities support enabled.
W/dalvikvm(31023): PR_CAPBSET_DROP 2 failed: Invalid argument. Please make sure your kernel is compiled with file capabilities support enabled.
W/dalvikvm(31023): PR_CAPBSET_DROP 3 failed: Invalid argument. Please make sure your kernel is compiled with file capabilities support enabled.
W/dalvikvm(31023): PR_CAPBSET_DROP 4 failed: Invalid argument. Please make sure your kernel is compiled with file capabilities support enabled.
W/dalvikvm(31023): PR_CAPBSET_DROP 5 failed: Invalid argument. Please make sure your kernel is compiled with file capabilities support enabled.
W/dalvikvm(31023): PR_CAPBSET_DROP 6 failed: Invalid argument. Please make sure your kernel is compiled with file capabilities support enabled.
W/dalvikvm(31023): PR_CAPBSET_DROP 7 failed: Invalid argument. Please make sure your kernel is compiled with file capabilities support enabled.
W/dalvikvm(31023): PR_CAPBSET_DROP 8 failed: Invalid argument. Please make sure your kernel is compiled with file capabilities support enabled.
W/dalvikvm(31023): PR_CAPBSET_DROP 9 failed: Invalid argument. Please make sure your kernel is compiled with file capabilities support enabled.
W/dalvikvm(31023): PR_CAPBSET_DROP 10 failed: Invalid argument. Please make sure your kernel is compiled with file capabilities support enabled.
W/dalvikvm(31023): PR_CAPBSET_DROP 11 failed: Invalid argument. Please make sure your kernel is compiled with file capabilities support enabled.
W/dalvikvm(31023): PR_CAPBSET_DROP 12 failed: Invalid argument. Please make sure your kernel is compiled with file capabilities support enabled.
W/dalvikvm(31023): PR_CAPBSET_DROP 13 failed: Invalid argument. Please make sure your kernel is compiled with file capabilities support enabled.
W/dalvikvm(31023): PR_CAPBSET_DROP 14 failed: Invalid argument. Please make sure your kernel is compiled with file capabilities support enabled.
W/dalvikvm(31023): PR_CAPBSET_DROP 15 failed: Invalid argument. Please make sure your kernel is compiled with file capabilities support enabled.
W/dalvikvm(31023): PR_CAPBSET_DROP 16 failed: Invalid argument. Please make sure your kernel is compiled with file capabilities support enabled.
W/dalvikvm(31023): PR_CAPBSET_DROP 17 failed: Invalid argument. Please make sure your kernel is compiled with file capabilities support enabled.
W/dalvikvm(31023): PR_CAPBSET_DROP 18 failed: Invalid argument. Please make sure your kernel is compiled with file capabilities support enabled.
W/dalvikvm(31023): PR_CAPBSET_DROP 19 failed: Invalid argument. Please make sure your kernel is compiled with file capabilities support enabled.
W/dalvikvm(31023): PR_CAPBSET_DROP 20 failed: Invalid argument. Please make sure your kernel is compiled with file capabilities support enabled.
W/dalvikvm(31023): PR_CAPBSET_DROP 21 failed: Invalid argument. Please make sure your kernel is compiled with file capabilities support enabled.
W/dalvikvm(31023): PR_CAPBSET_DROP 22 failed: Invalid argument. Please make sure your kernel is compiled with file capabilities support enabled.
W/dalvikvm(31023): PR_CAPBSET_DROP 23 failed: Invalid argument. Please make sure your kernel is compiled with file capabilities support enabled.
W/dalvikvm(31023): PR_CAPBSET_DROP 24 failed: Invalid argument. Please make sure your kernel is compiled with file capabilities support enabled.
W/dalvikvm(31023): PR_CAPBSET_DROP 25 failed: Invalid argument. Please make sure your kernel is compiled with file capabilities support enabled.
W/dalvikvm(31023): PR_CAPBSET_DROP 26 failed: Invalid argument. Please make sure your kernel is compiled with file capabilities support enabled.
W/dalvikvm(31023): PR_CAPBSET_DROP 27 failed: Invalid argument. Please make sure your kernel is compiled with file capabilities support enabled.
W/dalvikvm(31023): PR_CAPBSET_DROP 28 failed: Invalid argument. Please make sure your kernel is compiled with file capabilities support enabled.
W/dalvikvm(31023): PR_CAPBSET_DROP 29 failed: Invalid argument. Please make sure your kernel is compiled with file capabilities support enabled.
W/dalvikvm(31023): PR_CAPBSET_DROP 30 failed: Invalid argument. Please make sure your kernel is compiled with file capabilities support enabled.
W/dalvikvm(31023): PR_CAPBSET_DROP 31 failed: Invalid argument. Please make sure your kernel is compiled with file capabilities support enabled.
W/dalvikvm(31023): PR_CAPBSET_DROP 32 failed: Invalid argument. Please make sure your kernel is compiled with file capabilities support enabled.
W/dalvikvm(31023): PR_CAPBSET_DROP 33 failed: Invalid argument. Please make sure your kernel is compiled with file capabilities support enabled.
W/dalvikvm(31023): PR_CAPBSET_DROP 34 failed: Invalid argument. Please make sure your kernel is compiled with file capabilities support enabled.
W/dalvikvm(31023): PR_CAPBSET_DROP 35 failed: Invalid argument. Please make sure your kernel is compiled with file capabilities support enabled.
W/dalvikvm(31023): PR_CAPBSET_DROP 36 failed: Invalid argument. Please make sure your kernel is compiled with file capabilities support enabled.
D/dalvikvm(  152): threadid=2: interp stack at 0x71824000
D/dalvikvm(  152): threadid=2: created from interp
D/dalvikvm(  152): threadid=2: adding to list
D/dalvikvm(  152): start new thread
D/dalvikvm(  152): create interp thread : stack size=128KB
D/dalvikvm(  152): create new thread
D/dalvikvm(  152): new thread created
D/dalvikvm(  152): update thread list
D/dalvikvm(  152): threadid=2: notify debugger
D/dalvikvm(  152): threadid=2 (ReferenceQueueDaemon): calling run()
I/Tethering(  719): StateReceiver onReceive action:android.net.conn.CONNECTIVITY_CHANGE
I/Tethering(  719): Tethering got CONNECTIVITY_ACTION, networkInfo:NetworkInfo: type: WIFI[], state: CONNECTED/CONNECTED, reason: (unspecified), extra: "60_office", roaming: false, failover: false, isAvailable: true, isConnectedToProvisioningNetwork: false, simId: 0
D/Tethering(  719): Tethering got CONNECTIVITY_ACTION
D/ConnectivityService(  719): getActiveNetworkInfo:NetworkInfo: type: WIFI[], state: CONNECTED/CONNECTED, reason: (unspecified), extra: "60_office", roaming: false, failover: false, isAvailable: true, isConnectedToProvisioningNetwork: false, simId: 0/1000
D/ConnectivityService(  719): getActiveNetworkInfo:NetworkInfo: type: WIFI[], state: CONNECTED/CONNECTED, reason: (unspecified), extra: "60_office", roaming: false, failover: false, isAvailable: true, isConnectedToProvisioningNetwork: false, simId: 0/1000
D/dalvikvm(  152): threadid=3: interp stack at 0x71945000
D/dalvikvm(  152): threadid=3: created from interp
D/dalvikvm(  152): threadid=3: adding to list
D/dalvikvm(  152): start new thread
D/dalvikvm(  152): create interp thread : stack size=128KB
D/dalvikvm(  152): create new thread
D/dalvikvm(  152): new thread created
D/dalvikvm(  152): update thread list
D/dalvikvm(  152): threadid=3: notify debugger
D/dalvikvm(  152): threadid=3 (FinalizerDaemon): calling run()
I/Tethering(  719): [MSM_Initial][TetherMaster] processMessage what=3
D/CaptivePortalTracker(  719): NoActiveNetworkState{ when=-2ms what=1 obj=NetworkInfo: type: WIFI[], state: CONNECTED/CONNECTED, reason: (unspecified), extra: "60_office", roaming: false, failover: false, isAvailable: true, isConnectedToProvisioningNetwork: false, simId: 0 target=com.android.internal.util.StateMachine$SmHandler target=Handler (com.android.internal.util.StateMachine$SmHandler) {420f6a38} }
D/ConnectivityService(  719): getActiveNetworkInfo:NetworkInfo: type: WIFI[], state: CONNECTED/CONNECTED, reason: (unspecified), extra: "60_office", roaming: false, failover: false, isAvailable: true, isConnectedToProvisioningNetwork: false, simId: 0/1000
D/NetworkTimeUpdateService(  719): MyHandler::handleMessage what = 3
D/NetworkTimeUpdateService(  719): onPollNetworkTime start
V/Provider/Settings(  719): get setting for user 0 by user 0 so skipping cache
V/Provider/Settings(  719):  from settings cache , name = auto_time , value = 1
D/NetworkTimeUpdateService(  719): isAutomaticTimeRequested() = True
D/NetworkTimeUpdateService(  719): mNitzTimeSetTime: -1,refTime: 23659125
D/NetworkTimeUpdateService(  719): System time = 1516615513954
D/dalvikvm(  152): threadid=4: interp stack at 0x71a66000
D/dalvikvm(  152): threadid=4: created from interp
D/dalvikvm(  152): threadid=4: adding to list
D/dalvikvm(  152): start new thread
D/dalvikvm(  152): threadid=4: notify debugger
D/dalvikvm(  152): threadid=4 (FinalizerWatchdogDaemon): calling run()
D/CrashReport(12953): [Util] try to lock file:local_crash_lock (pid=12953 | tid=12975)
I/CrashReport(12953): try to upload userinfo on network changed.
D/CrashReport(12953): [AsyncTaskHandler] Post a normal task: com.tencent.bugly.crashreport.biz.a$2
D/StatusBar.NetworkController(  838): updateConnectivity, mInetCondition=0
D/StatusBar.NetworkController(  838): updateDataNetType(0), DataNetType=0 / 0
D/SIMHelper(  838): isSimInserted(0), SimInserted=false
D/StatusBar.NetworkController(  838): updateDataIcon(0), SimState=UNKNOWN, DataState=0, DataActivity=0, tempNetworkType=null
D/CrashReport(12953): Uploading frequency will not be checked if SDK is in debug mode.
D/CrashReport(12953): [Util] successfully locked file:local_crash_lock (pid=12953 | tid=12975)
D/CrashReport(12953): [UserInfo] There is no user info in local database.
D/StatusBar.NetworkController(  838): updateDataIcon(0), callState(0) is 0
D/StatusBar.NetworkController(  838): updateDataIcon(0), iconId=0, visible=false
D/StatusBar.NetworkController(  838): updateTelephonySignalStrength(0), the SIMs initialization of framework has not been ready.
D/StatusBar.NetworkController(  838):  updateTelephonySignalStrength(0) tempSIMCUSignVisible= true
D/SIMHelper(  838): isSimInserted(0), SimInserted=false
D/StatusBar.NetworkController(  838): refreshViews(0), DataConnected=false simColorId = -1
D/SignalClusterView(  838): setRoamingFlagandResource(0), roaming=false, roamingId=0
D/SignalClusterView(  838): setShowSimIndicator(0), showSimIndicator=false simIndicatorResource = 0
D/SignalClusterView(  838): setDataNetType3G(0), NetworkType=null
D/SignalClusterView(  838): apply(), mWifiVisible is true
D/SIMHelper(  838): isSimInserted(0), SimInserted=false
D/SignalClusterView(  838): apply(), slotId=0, mMobileVisible=true, mShouldMobileGroupVisible=true
D/SignalClusterView(  838): apply(), slotId=0, mRoaming=false mMobileActivityId=0 mMobileTypeId=0 mMobileStrengthId[0] = 0 mMobileStrengthId[1] = 0
I/ActivityManager(  719): Start proc com.mediatek.mtklogger for broadcast com.mediatek.mtklogger/.framework.LogReceiver: pid=31023 uid=10033 gids={50033, 3003, 1028, 1015, 1035, 1023}
D/ConnectivityService(  719): getActiveNetworkInfo:NetworkInfo: type: WIFI[], state: CONNECTED/CONNECTED, reason: (unspecified), extra: "60_office", roaming: false, failover: false, isAvailable: true, isConnectedToProvisioningNetwork: false, simId: 0/10048
D/CrashReport(24604): is Connect BC WIFI
I/CrashReport(24604): network null changed to WIFI
I/CrashReport(24604): try to upload crash on network changed.
D/CrashReport(24604): [AsyncTaskHandler] Post a delay(time: 0ms) task: com.tencent.bugly.crashreport.crash.c$2
I/CrashReport(24604): try to upload userinfo on network changed.
D/CrashReport(24604): [AsyncTaskHandler] Post a normal task: com.tencent.bugly.crashreport.biz.a$2
D/CrashReport(24604): Uploading frequency will not be checked if SDK is in debug mode.
D/CrashReport(24604): [UserInfo] There is no user info in local database.
D/CrashReport(24604): [Util] try to lock file:local_crash_lock (pid=24604 | tid=24626)
D/SIMHelper(  838): isSimInserted(0), SimInserted=false
D/SignalClusterView(  838): apply(). mIsAirplaneMode is false, NWType slot(0) is 8
D/CrashReport(12953): [Util] try to unlock file:local_crash_lock (pid=12953 | tid=12975)
D/CrashReport(12953): [Util] successfully unlocked file:local_crash_lock (pid=12953 | tid=12975)
D/dalvikvm(31023): zygote get new systemTid : 31023
D/dalvikvm(31023): threadid=2: interp stack at 0x71924000
D/dalvikvm(31023): threadid=2: adding to list (attached)
D/dalvikvm(31023): threadid=2: attached from native, name=GC
D/dalvikvm(31023): threadid=2: internal 'GC'
D/dalvikvm(31023): threadid=3: interp stack at 0x71a45000
D/dalvikvm(31023): threadid=3: adding to list (attached)
D/dalvikvm(31023): threadid=3: attached from native, name=Signal Catcher
D/jdwp    (31023): prepping for JDWP over ADB
D/dalvikvm(31023): threadid=3: internal 'Signal Catcher'
D/dalvikvm(31023): Elevating priority from 0 to -8
D/dalvikvm(31023): threadid=4: interp stack at 0x71b66000
D/dalvikvm(31023): threadid=4: adding to list (attached)
D/dalvikvm(31023): threadid=4: attached from native, name=JDWP
D/dalvikvm(31023): threadid=4: internal 'JDWP'
D/jdwp    (31023): JDWP: thread running
D/ADB_SERVICES(  184): Adding socket 16 pid 31023 to jdwp process list
D/jdwp    (31023): trying to receive file descriptor from ADB
D/PowerManagerService(  719): newScreenState = 2
D/PowerManagerDisplayController(  719): requestPowerState: screenState=2, useProximitySensor=false, forceProximitySensorEnable=false, forceWakeUpEnable=false, screenBrightness=208, screenAutoBrightnessAdjustment=0.0, useAutoBrightness=false, useEcoBrightness=false, blockScreenOn=false, waitForNegativeProximity=false
I/PowerManagerService(  719): setBrightness mButtonLight 0.
D/PowerManagerService(  719): updateScreenStateLocked: mDisplayReady=true, newScreenState=2, mWakefulness=1, mWakeLockSummary=0x1, mUserActivitySummary=0x1, mBootCompleted=true
D/PowerManagerService(  719): Acquiring suspend blocker "PowerManagerService.WakeLocks".
D/PowerManagerService(  719): handleSandman: canDream=false, mWakefulness=Awake
D/dalvikvm(31023): threadid=5: interp stack at 0x74d1b000
D/dalvikvm(31023): threadid=5: adding to list (attached)
D/dalvikvm(31023): threadid=5: attached from native, name=Compiler
D/dalvikvm(31023): zygote get thread init done
D/dalvikvm(31023): create interp thread : stack size=128KB
D/dalvikvm(31023): create new thread
D/dalvikvm(31023): new thread created
D/dalvikvm(31023): update thread list
D/dalvikvm(31023): threadid=5: internal 'Compiler'
D/dalvikvm(31023): threadid=6: interp stack at 0x74d3b000
D/dalvikvm(31023): threadid=6: created from interp
D/dalvikvm(31023): threadid=6: adding to list
D/dalvikvm(31023): start new thread
D/dalvikvm(31023): create interp thread : stack size=128KB
D/dalvikvm(31023): create new thread
D/dalvikvm(31023): new thread created
D/dalvikvm(31023): update thread list
D/dalvikvm(31023): threadid=6: notify debugger
D/dalvikvm(31023): threadid=6 (ReferenceQueueDaemon): calling run()
D/dalvikvm(31023): threadid=7: interp stack at 0x74e59000
D/dalvikvm(31023): threadid=7: created from interp
D/dalvikvm(31023): threadid=7: adding to list
D/dalvikvm(31023): start new thread
D/dalvikvm(31023): create interp thread : stack size=128KB
D/dalvikvm(31023): create new thread
D/dalvikvm(31023): new thread created
D/dalvikvm(31023): update thread list
D/dalvikvm(31023): threadid=7: notify debugger
D/dalvikvm(31023): threadid=7 (FinalizerDaemon): calling run()
D/dalvikvm(31023): threadid=8: interp stack at 0x74f77000
D/dalvikvm(31023): threadid=8: created from interp
D/dalvikvm(31023): threadid=8: adding to list
D/dalvikvm(31023): start new thread
D/dalvikvm(31023): threadid=8: notify debugger
D/dalvikvm(31023): threadid=8 (FinalizerWatchdogDaemon): calling run()
D/ConnectivityService(  719): getActiveNetworkInfo:NetworkInfo: type: WIFI[], state: CONNECTED/CONNECTED, reason: (unspecified), extra: "60_office", roaming: false, failover: false, isAvailable: true, isConnectedToProvisioningNetwork: false, simId: 0/1000
D/PowerManagerService(  719): acquireWakeLockInternal: lock=1105105712, flags=0x1, tag="SyncLoopWakeLock", ws=null, uid=1000, pid=719
D/PowerManagerNotifier(  719): onWakeLockAcquired: flags=1, tag="SyncLoopWakeLock", packageName=android, ownerUid=1000, ownerPid=719, workSource=null
D/PowerManagerService(  719): updateWakeLockSummaryLocked: mWakefulness=Awake, mWakeLockSummary=0x1
D/dalvikvm(31023): threadid=9: interp stack at 0x75399000
D/dalvikvm(31023): threadid=9: adding to list (attached)
D/dalvikvm(31023): threadid=9: attached from native, name=Binder_1
D/dalvikvm(31023): threadid=10: interp stack at 0x754b9000
D/dalvikvm(31023): threadid=10: adding to list (attached)
D/dalvikvm(31023): threadid=10: attached from native, name=Binder_2
D/PowerManagerService(  719): newScreenState = 2
D/PowerManagerDisplayController(  719): requestPowerState: screenState=2, useProximitySensor=false, forceProximitySensorEnable=false, forceWakeUpEnable=false, screenBrightness=208, screenAutoBrightnessAdjustment=0.0, useAutoBrightness=false, useEcoBrightness=false, blockScreenOn=false, waitForNegativeProximity=false
I/PowerManagerService(  719): setBrightness mButtonLight 0.
D/PowerManagerService(  719): updateScreenStateLocked: mDisplayReady=true, newScreenState=2, mWakefulness=1, mWakeLockSummary=0x1, mUserActivitySummary=0x1, mBootCompleted=true
D/PowerManagerService(  719): handleSandman: canDream=false, mWakefulness=Awake
V/Provider/Settings(31023): get setting for user 0 by user 0 so skipping cache
V/Provider/Settings(31023): invalidate [system]: current 5600 != cached 0
D/ActivityManager(  719): getContentProviderImpl: from caller=android.app.ApplicationThreadProxy@42125738 (pid=31023, userId=0) to get content provider settings cpr=ContentProviderRecord{41f2d460 u0 com.android.providers.settings/.SettingsProvider}
D/ActivityManager(  719): getContentProviderImpl: updateLruProcessLocked cpr.proc=ProcessRecord{41fff248 719:system/1000}
D/ActivityThread(31023): hoder:android.app.IActivityManager$ContentProviderHolder@41d051d8,provider,holder.Provider:android.content.ContentProviderProxy@41d05950
V/SettingsProvider(  719): call(system:anr_debugging_mechanism) for 0
D/SettingsProvider(  719): lookupValue table system cache contains Key anr_debugging_mechanism , value = Bundle[{value=1}]
V/Provider/Settings(31023): from db cache, name = anr_debugging_mechanism , value = 1
D/PowerManagerService(  719): releaseWakeLockInternal: lock=1105105712 [SyncLoopWakeLock], flags=0x0, total_time=17ms
D/PowerManagerNotifier(  719): onWakeLockReleased: flags=1, tag="SyncLoopWakeLock", packageName=android, ownerUid=1000, ownerPid=719, workSource=null
D/PowerManagerService(  719): updateWakeLockSummaryLocked: mWakefulness=Awake, mWakeLockSummary=0x1
D/asset   (31023): AssetManager-->addDefaultAssets CIP path not exsit!
D/Proxy   (31023): setHttpRequestCheckHandler
D/PowerManagerService(  719): newScreenState = 2
D/PowerManagerDisplayController(  719): requestPowerState: screenState=2, useProximitySensor=false, forceProximitySensorEnable=false, forceWakeUpEnable=false, screenBrightness=208, screenAutoBrightnessAdjustment=0.0, useAutoBrightness=false, useEcoBrightness=false, blockScreenOn=false, waitForNegativeProximity=false
I/PowerManagerService(  719): setBrightness mButtonLight 0.
D/PowerManagerService(  719): updateScreenStateLocked: mDisplayReady=true, newScreenState=2, mWakefulness=1, mWakeLockSummary=0x1, mUserActivitySummary=0x1, mBootCompleted=true
D/PowerManagerService(  719): handleSandman: canDream=false, mWakefulness=Awake
D/ActivityThread(31023): BIND_APPLICATION handled : 0 / AppBindData{appInfo=ApplicationInfo{41d02640 com.mediatek.mtklogger}}
D/ActivityThread(31023): BDC-Calling onReceive: intent=Intent { act=android.net.conn.CONNECTIVITY_CHANGE flg=0x4000010 cmp=com.mediatek.mtklogger/.framework.LogReceiver (has extras) }, ordered=true, receiver=com.mediatek.mtklogger.framework.LogReceiver@41d0a940
I/MTKLogger/Utils(31023): Andriod version string = 4.4.2
I/MTKLogger/Utils(31023): Formated version number = 4.4
I/MTKLogger/Utils(31023): Android version number=4.4
I/MTKLogger/LogReceiver(31023):  -->onReceive(), action=android.net.conn.CONNECTIVITY_CHANGE, bootupFlag=false
D/dalvikvm(31023): create interp thread : stack size=128KB
D/dalvikvm(31023): create new thread
D/dalvikvm(31023): new thread created
D/dalvikvm(31023): update thread list
D/GpsLocationProvider(  719): updateNetworkState available info: NetworkInfo: type: WIFI[], state: CONNECTED/CONNECTED, reason: (unspecified), extra: "60_office", roaming: false, failover: false, isAvailable: true, isConnectedToProvisioningNetwork: false, simId: 0
V/Provider/Settings(  719): get setting for user 0 by user 0 so skipping cache
V/Provider/Settings(  719):  from settings cache , name = mobile_data , value = 1
D/ActivityManager(  719): getContentProviderImpl: from caller=android.app.ActivityThread$ApplicationThread@41db78d8 (pid=719, userId=0) to get content provider telephony cpr=ContentProviderRecord{422368a0 u0 com.android.providers.telephony/.TelephonyProvider}
D/ActivityManager(  719): getContentProviderImpl: updateLruProcessLocked cpr.proc=ProcessRecord{422649d0 1023:com.android.phone/1001}
D/ActivityThread(  719): hoder:android.app.IActivityManager$ContentProviderHolder@41fb21c8,provider,holder.Provider:android.content.ContentProviderProxy@420c7fb8
D/dalvikvm(31023): threadid=11: interp stack at 0x75554000
D/dalvikvm(31023): threadid=11: created from interp
D/dalvikvm(31023): threadid=11: adding to list
D/dalvikvm(31023): start new thread
D/dalvikvm(31023): create interp thread : stack size=128KB
D/dalvikvm(31023): create new thread
D/dalvikvm(31023): new thread created
D/dalvikvm(31023): update thread list
D/dalvikvm(31023): threadid=11: notify debugger
D/dalvikvm(31023): threadid=11 (SharedPreferencesImpl-load): calling run()
D/dalvikvm(31023): threadid=11: exiting
D/dalvikvm(31023): threadid=11: detach (group=0x41863ce0)
D/dalvikvm(31023): threadid=11: removing from list
D/dalvikvm(31023): threadid=11: bye!
D/dalvikvm(31023): threadid=11: interp stack at 0x75672000
D/dalvikvm(31023): threadid=11: created from interp
D/dalvikvm(31023): threadid=11: adding to list
D/dalvikvm(31023): start new thread
E/MTKLogger/LogReceiver(31023): check / start ExceptionReportManager
D/dalvikvm(31023): threadid=11: notify debugger
D/dalvikvm(31023): threadid=11 (SharedPreferencesImpl-load): calling run()
D/MTKLogger/LogReceiver(31023): -->needStartLogAtBootTime(), needStart=false
D/MTKLogger/LogReceiver(31023): -->checkProcess(), needAutoStart=false, canKillSelf=true
I/MTKLogger/LogReceiver(31023): MTKLogger process should not startup, send a kill message to kill it.
V/MTKLogger/LogReceiver(31023):  OnReceive function exit.
D/dalvikvm(31023): threadid=11: exiting
D/dalvikvm(31023): threadid=11: detach (group=0x41863ce0)
D/dalvikvm(31023): threadid=11: removing from list
D/dalvikvm(31023): threadid=11: bye!
I/TelephonyProvider( 1023): initDatabaseIfNeeded begin content://telephony/carriers/preferapn
D/ActivityThread( 1079): BDC-Calling onReceive: intent=Intent { act=android.net.conn.CONNECTIVITY_CHANGE flg=0x4000010 cmp=com.android.providers.downloads/.DownloadReceiver (has extras) }, ordered=true, receiver=com.android.providers.downloads.DownloadReceiver@41eecf00
D/ConnectivityService(  719): getActiveNetworkInfo:NetworkInfo: type: WIFI[], state: CONNECTED/CONNECTED, reason: (unspecified), extra: "60_office", roaming: false, failover: false, isAvailable: true, isConnectedToProvisioningNetwork: false, simId: 0/10005
D/ActivityThread(31023): BDC-RECEIVER handled : 0 / ReceiverData{intent=Intent { act=android.net.conn.CONNECTIVITY_CHANGE flg=0x4000010 cmp=com.mediatek.mtklogger/.framework.LogReceiver (has extras) } packageName=com.mediatek.mtklogger resultCode=-1 resultData=null resultExtras=null}
D/ActivityThread( 1834): BDC-Calling onReceive: intent=Intent { act=android.net.conn.CONNECTIVITY_CHANGE flg=0x4000010 cmp=com.android.mms/.transaction.MmsSystemEventReceiver (has extras) }, ordered=true, receiver=com.android.mms.transaction.MmsSystemEventReceiver@41e2ae58
D/Mms     ( 1834): onReceive(): intent=Intent { act=android.net.conn.CONNECTIVITY_CHANGE flg=0x4000010 cmp=com.android.mms/.transaction.MmsSystemEventReceiver (has extras) }
D/ActivityThread( 1834): BDC-RECEIVER handled : 0 / ReceiverData{intent=Intent { act=android.net.conn.CONNECTIVITY_CHANGE flg=0x4000010 cmp=com.android.mms/.transaction.MmsSystemEventReceiver (has extras) } packageName=com.android.mms resultCode=0 resultData=null resultExtras=null}
D/ActivityThread( 1079): BDC-RECEIVER handled : 0 / ReceiverData{intent=Intent { act=android.net.conn.CONNECTIVITY_CHANGE flg=0x4000010 cmp=com.android.providers.downloads/.DownloadReceiver (has extras) } packageName=com.android.providers.downloads resultCode=0 resultData=null resultExtras=null}
D/ActivityThread( 1079): SVC-Creating service: CreateServiceData{token=android.os.BinderProxy@41f17888 className=com.android.providers.downloads.DownloadService packageName=com.android.providers.downloads intent=null}
D/dalvikvm( 1079): create interp thread : stack size=128KB
D/dalvikvm( 1079): create new thread
D/dalvikvm( 1079): new thread created
D/dalvikvm( 1079): update thread list
I/TelephonyProvider( 1023):  mInitAPNGemini[0]: true,uricontent://telephony/carriers/preferapn
I/TelephonyProvider( 1023):  mInitAPNGemini[0] unlock: true,uricontent://telephony/carriers/preferapn
I/TelephonyProvider( 1023): initDatabaseIfNeeded end content://telephony/carriers/preferapn
D/dalvikvm( 1079): threadid=14: interp stack at 0x75b70000
D/dalvikvm( 1079): threadid=14: created from interp
D/dalvikvm( 1079): threadid=14: adding to list
D/dalvikvm( 1079): start new thread
D/dalvikvm( 1079): create interp thread : stack size=128KB
D/dalvikvm( 1079): create new thread
D/dalvikvm( 1079): new thread created
D/dalvikvm( 1079): update thread list
D/dalvikvm( 1079): threadid=14: notify debugger
D/dalvikvm( 1079): threadid=14 (Thread-292): calling run()
I/DownloadManager( 1079): in removeSpuriousFiles
D/IPCThreadState(  719): [DN #5] BR_CLEAR_DEATH_NOTIFICATION_DONE cookie 0x7935c040
D/dalvikvm( 1079): threadid=15: interp stack at 0x75c8e000
D/dalvikvm( 1079): threadid=15: created from interp
D/dalvikvm( 1079): threadid=15: adding to list
D/dalvikvm( 1079): start new thread
D/dalvikvm( 1079): threadid=15: notify debugger
D/dalvikvm( 1079): threadid=15 (DownloadManager-UpdateThread): calling run()
D/IPCThreadState(  719): [DN #5] BR_CLEAR_DEATH_NOTIFICATION_DONE cookie 0x78d22438
D/dalvikvm( 1079): threadid=14: exiting
D/dalvikvm( 1079): threadid=14: detach (group=0x41863ce0)
D/dalvikvm( 1079): threadid=14: removing from list
D/dalvikvm( 1079): threadid=14: bye!
D/ActivityThread( 1079): SVC-CREATE_SERVICE handled : 0 / CreateServiceData{token=android.os.BinderProxy@41f17888 className=com.android.providers.downloads.DownloadService packageName=com.android.providers.downloads intent=null}
D/ActivityThread( 1079): SVC-Calling onStartCommand: com.android.providers.downloads.DownloadService@42062278, flags=0, startId=1
D/ActivityThread( 1079): SVC-SERVICE_ARGS handled : 0 / ServiceArgsData{token=android.os.BinderProxy@41f17888 startId=1 args=Intent { cmp=com.android.providers.downloads/.DownloadService }}
D/ActivityThread( 1079): BDC-Calling onReceive: intent=Intent { act=android.net.conn.CONNECTIVITY_CHANGE flg=0x4000010 cmp=com.android.providers.drm/.ConnectionChangeReceiver (has extras) }, ordered=true, receiver=com.android.providers.drm.ConnectionChangeReceiver@4208ec98
D/DRM/ConnectionChangeReceiver( 1079): onReceive : CONNECTIVITY_CHANGE received.
D/OmaDrmClient( 1079): create OmaDrmClient instance
D/DrmManagerClient( 1079): create DrmManagerClient instance & create event threads.
V/DrmManagerClient( 1079): create info handler thread.
D/dalvikvm( 1079): create interp thread : stack size=128KB
D/dalvikvm( 1079): create new thread
D/dalvikvm( 1079): new thread created
D/dalvikvm( 1079): update thread list
D/dalvikvm( 1079): threadid=14: interp stack at 0x75b70000
D/dalvikvm( 1079): threadid=14: created from interp
D/dalvikvm( 1079): threadid=14: adding to list
D/dalvikvm( 1079): start new thread
D/dalvikvm( 1079): threadid=14: notify debugger
D/dalvikvm( 1079): threadid=14 (DrmManagerClient.InfoHandler): calling run()
V/DrmManagerClient( 1079): create event handler thread.
D/dalvikvm( 1079): create interp thread : stack size=128KB
D/dalvikvm( 1079): create new thread
D/dalvikvm( 1079): new thread created
D/dalvikvm( 1079): update thread list
D/dalvikvm( 1079): threadid=17: interp stack at 0x75cae000
D/dalvikvm( 1079): threadid=17: created from interp
D/dalvikvm( 1079): threadid=17: adding to list
D/dalvikvm( 1079): start new thread
D/dalvikvm( 1079): threadid=17: notify debugger
D/dalvikvm( 1079): threadid=17 (DrmManagerClient.EventHandler): calling run()
V/IDrmManagerService(Native)( 1079): add uniqueid
D/IPCThreadState(  719): [DN #5] BR_CLEAR_DEATH_NOTIFICATION_DONE cookie 0x79224558
V/IDrmManagerService(Native)(  153): Entering BnDrmManagerService::onTransact with code 1
V/IDrmManagerService(Native)(  153): BnDrmManagerService::onTransact :ADD_UNIQUEID
D/DrmManager(Native)(  153): DrmManager::addUniqueId()
D/DrmManager(Native)(  153): DrmManager::addUniqueId() : server side generate unique id [172]
V/IDrmManagerService(Native)(  153): Entering BnDrmManagerService::onTransact with code 3
V/IDrmManagerService(Native)(  153): BnDrmManagerService::onTransact :ADD_CLIENT
D/WVMDrmPlugIn(  153): WVMDrmPlugin::onInitialize : 172
D/WVMDrmPlugIn(  153): WVMDrmPlugin::onSetOnInfoListener : add 172
D/DrmMtkPlugIn(  153): DrmMtkPlugIn::onInitialize : 172
D/DrmMtkPlugIn(  153): DrmMtkPlugIn::onSetOnInfoListener : 172
V/IDrmManagerService(Native)( 1079): Acquire DRM Info
V/IDrmManagerService(Native)(  153): Entering BnDrmManagerService::onTransact with code 11
V/IDrmManagerService(Native)(  153): BnDrmManagerService::onTransact :ACQUIRE_DRM_INFO
V/DrmManagerService(Native)(  153): Entering acquireDrmInfo
D/DrmMtkPlugIn(  153): DrmMtkPlugIn::onAcquireDrmInfo : 172
D/DrmMtkPlugIn(  153): DrmMtkPlugIn::onAcquireDrmInfo : execute action checkClock
D/DrmMtkUtil/SecureTimer(  153): getDRMTime() : secure timer valid.
D/DrmMtkUtil/SecureTimer(  153): uptime = 23659.269531,idletime = 27221.650391,return value = 23659
D/DrmMtkUtil/SecureTimer(  153): getDRMTime() : validate with time base [1516591967], ticks base [112], device time [1516615514], device ticks [23659]
D/DrmMtkUtil/SecureTimer(  153): getDRMTime() : real time [1468516462], offset [-48099052]
D/DrmMtkPlugIn(  153): DrmMtkPlugIn::onAcquireDrmInfo : check secure timer status valid
D/DrmMtkPlugIn(  153): DrmMtkPlugIn::onAcquireDrmInfo : result of GET_DRM_INFO operation valid
V/DRM/OmaDrmHelper( 1079): getStringFromDrmInfo : >valid
D/DRM/OmaDrmHelper( 1079): checkClock : > valid
D/OmaDrmClient( 1079): release OmaDrmClient instance
D/DrmManagerClient( 1079): release event threads.
V/DrmManagerClient( 1079): quit event handler thread.
V/DrmManagerClient( 1079): quit info handler thread.
V/IDrmManagerService(Native)( 1079): remove uniqueid
D/dalvikvm( 1079): threadid=14: exiting
D/dalvikvm( 1079): threadid=14: detach (group=0x41863ce0)
D/dalvikvm( 1079): threadid=14: removing from list
D/dalvikvm( 1079): threadid=14: bye!
D/dalvikvm( 1079): threadid=17: exiting
D/dalvikvm( 1079): threadid=17: detach (group=0x41863ce0)
D/dalvikvm( 1079): threadid=17: removing from list
D/dalvikvm( 1079): threadid=17: bye!
V/IDrmManagerService(Native)(  153): Entering BnDrmManagerService::onTransact with code 2
V/IDrmManagerService(Native)(  153): BnDrmManagerService::onTransact :REMOVE_UNIQUEID
D/DrmManager(Native)(  153): DrmManager::removeUniqueId() : uniqueId [172]----------------->
D/DrmManager(Native)(  153): DrmManager::removeUniqueId() : uniqueId [172]<------------------
V/IDrmManagerService(Native)( 1079): setDrmServiceListener
V/IDrmManagerService(Native)(  153): Entering BnDrmManagerService::onTransact with code 5
V/IDrmManagerService(Native)(  153): BnDrmManagerService::onTransact :SET_DRM_SERVICE_LISTENER
V/DrmManagerService(Native)(  153): Entering setDrmServiceListener
V/IDrmManagerService(Native)( 1079): setDrmServiceListener
V/IDrmManagerService(Native)(  153): Entering BnDrmManagerService::onTransact with code 5
V/IDrmManagerService(Native)(  153): BnDrmManagerService::onTransact :SET_DRM_SERVICE_LISTENER
V/DrmManagerService(Native)(  153): Entering setDrmServiceListener
V/IDrmManagerService(Native)(  153): Entering BnDrmManagerService::onTransact with code 4
V/IDrmManagerService(Native)(  153): BnDrmManagerService::onTransact :REMOVE_CLIENT
D/WVMDrmPlugIn(  153): WVMDrmPlugin::onTerminate : 172
D/DrmMtkPlugIn(  153): DrmMtkPlugIn::onTerminate : 172
D/DRM/ConnectionChangeReceiver( 1079): ConnectionChangeReceiver : Secure timer is already valid
D/dalvikvm(  152): threadid=4: exiting
D/dalvikvm(  152): threadid=4: detach (group=0x418639b8)
D/dalvikvm(  152): threadid=4: removing from list
D/dalvikvm(  152): threadid=4: bye!
D/dalvikvm(  152): threadid=3: exiting
D/dalvikvm(  152): threadid=3: detach (group=0x418639b8)
D/dalvikvm(  152): threadid=3: removing from list
D/dalvikvm(  152): threadid=3: bye!
D/dalvikvm(  152): threadid=2: exiting
D/dalvikvm(  152): threadid=2: detach (group=0x418639b8)
D/dalvikvm(  152): threadid=2: removing from list
D/dalvikvm(  152): threadid=2: bye!
D/dalvikvm(  152): pre gc
D/dalvikvm(  152): Zygote::ForkAndSpecialize +
D/dalvikvm(  152): Zygote::ForkAndSpecialize : 31042
D/dalvikvm(  152): create interp thread : stack size=128KB
D/dalvikvm(  152): create new thread
D/dalvikvm(  152): new thread created
D/dalvikvm(  152): update thread list
D/ActivityThread( 1079): BDC-RECEIVER handled : 0 / ReceiverData{intent=Intent { act=android.net.conn.CONNECTIVITY_CHANGE flg=0x4000010 cmp=com.android.providers.drm/.ConnectionChangeReceiver (has extras) } packageName=com.android.providers.drm resultCode=0 resultData=null resultExtras=null}
D/dalvikvm(  152): threadid=2: interp stack at 0x71824000
D/dalvikvm(  152): threadid=2: created from interp
D/dalvikvm(  152): threadid=2: adding to list
D/dalvikvm(  152): start new thread
D/dalvikvm(  152): create interp thread : stack size=128KB
D/dalvikvm(  152): create new thread
D/dalvikvm(  152): new thread created
D/dalvikvm(  152): update thread list
D/dalvikvm(  152): threadid=2: notify debugger
D/dalvikvm(  152): threadid=2 (ReferenceQueueDaemon): calling run()
D/dalvikvm(31042): Zygote::ForkAndSpecialize : 0
W/dalvikvm(31042): PR_CAPBSET_DROP 0 failed: Invalid argument. Please make sure your kernel is compiled with file capabilities support enabled.
W/dalvikvm(31042): PR_CAPBSET_DROP 1 failed: Invalid argument. Please make sure your kernel is compiled with file capabilities support enabled.
W/dalvikvm(31042): PR_CAPBSET_DROP 2 failed: Invalid argument. Please make sure your kernel is compiled with file capabilities support enabled.
W/dalvikvm(31042): PR_CAPBSET_DROP 3 failed: Invalid argument. Please make sure your kernel is compiled with file capabilities support enabled.
W/dalvikvm(31042): PR_CAPBSET_DROP 4 failed: Invalid argument. Please make sure your kernel is compiled with file capabilities support enabled.
W/dalvikvm(31042): PR_CAPBSET_DROP 5 failed: Invalid argument. Please make sure your kernel is compiled with file capabilities support enabled.
W/dalvikvm(31042): PR_CAPBSET_DROP 6 failed: Invalid argument. Please make sure your kernel is compiled with file capabilities support enabled.
W/dalvikvm(31042): PR_CAPBSET_DROP 7 failed: Invalid argument. Please make sure your kernel is compiled with file capabilities support enabled.
W/dalvikvm(31042): PR_CAPBSET_DROP 8 failed: Invalid argument. Please make sure your kernel is compiled with file capabilities support enabled.
W/dalvikvm(31042): PR_CAPBSET_DROP 9 failed: Invalid argument. Please make sure your kernel is compiled with file capabilities support enabled.
W/dalvikvm(31042): PR_CAPBSET_DROP 10 failed: Invalid argument. Please make sure your kernel is compiled with file capabilities support enabled.
W/dalvikvm(31042): PR_CAPBSET_DROP 11 failed: Invalid argument. Please make sure your kernel is compiled with file capabilities support enabled.
W/dalvikvm(31042): PR_CAPBSET_DROP 12 failed: Invalid argument. Please make sure your kernel is compiled with file capabilities support enabled.
W/dalvikvm(31042): PR_CAPBSET_DROP 13 failed: Invalid argument. Please make sure your kernel is compiled with file capabilities support enabled.
W/dalvikvm(31042): PR_CAPBSET_DROP 14 failed: Invalid argument. Please make sure your kernel is compiled with file capabilities support enabled.
W/dalvikvm(31042): PR_CAPBSET_DROP 15 failed: Invalid argument. Please make sure your kernel is compiled with file capabilities support enabled.
W/dalvikvm(31042): PR_CAPBSET_DROP 16 failed: Invalid argument. Please make sure your kernel is compiled with file capabilities support enabled.
W/dalvikvm(31042): PR_CAPBSET_DROP 17 failed: Invalid argument. Please make sure your kernel is compiled with file capabilities support enabled.
W/dalvikvm(31042): PR_CAPBSET_DROP 18 failed: Invalid argument. Please make sure your kernel is compiled with file capabilities support enabled.
W/dalvikvm(31042): PR_CAPBSET_DROP 19 failed: Invalid argument. Please make sure your kernel is compiled with file capabilities support enabled.
W/dalvikvm(31042): PR_CAPBSET_DROP 20 failed: Invalid argument. Please make sure your kernel is compiled with file capabilities support enabled.
W/dalvikvm(31042): PR_CAPBSET_DROP 21 failed: Invalid argument. Please make sure your kernel is compiled with file capabilities support enabled.
W/dalvikvm(31042): PR_CAPBSET_DROP 22 failed: Invalid argument. Please make sure your kernel is compiled with file capabilities support enabled.
W/dalvikvm(31042): PR_CAPBSET_DROP 23 failed: Invalid argument. Please make sure your kernel is compiled with file capabilities support enabled.
W/dalvikvm(31042): PR_CAPBSET_DROP 24 failed: Invalid argument. Please make sure your kernel is compiled with file capabilities support enabled.
W/dalvikvm(31042): PR_CAPBSET_DROP 25 failed: Invalid argument. Please make sure your kernel is compiled with file capabilities support enabled.
W/dalvikvm(31042): PR_CAPBSET_DROP 26 failed: Invalid argument. Please make sure your kernel is compiled with file capabilities support enabled.
W/dalvikvm(31042): PR_CAPBSET_DROP 27 failed: Invalid argument. Please make sure your kernel is compiled with file capabilities support enabled.
W/dalvikvm(31042): PR_CAPBSET_DROP 28 failed: Invalid argument. Please make sure your kernel is compiled with file capabilities support enabled.
W/dalvikvm(31042): PR_CAPBSET_DROP 29 failed: Invalid argument. Please make sure your kernel is compiled with file capabilities support enabled.
W/dalvikvm(31042): PR_CAPBSET_DROP 30 failed: Invalid argument. Please make sure your kernel is compiled with file capabilities support enabled.
W/dalvikvm(31042): PR_CAPBSET_DROP 31 failed: Invalid argument. Please make sure your kernel is compiled with file capabilities support enabled.
W/dalvikvm(31042): PR_CAPBSET_DROP 32 failed: Invalid argument. Please make sure your kernel is compiled with file capabilities support enabled.
W/dalvikvm(31042): PR_CAPBSET_DROP 33 failed: Invalid argument. Please make sure your kernel is compiled with file capabilities support enabled.
W/dalvikvm(31042): PR_CAPBSET_DROP 34 failed: Invalid argument. Please make sure your kernel is compiled with file capabilities support enabled.
W/dalvikvm(31042): PR_CAPBSET_DROP 35 failed: Invalid argument. Please make sure your kernel is compiled with file capabilities support enabled.
W/dalvikvm(31042): PR_CAPBSET_DROP 36 failed: Invalid argument. Please make sure your kernel is compiled with file capabilities support enabled.
D/dalvikvm(31042): zygote get new systemTid : 31042
D/dalvikvm(31042): threadid=2: interp stack at 0x71924000
D/dalvikvm(31042): threadid=2: adding to list (attached)
D/dalvikvm(31042): threadid=2: attached from native, name=GC
D/dalvikvm(31042): threadid=2: internal 'GC'
D/dalvikvm(31042): threadid=3: interp stack at 0x71a45000
D/dalvikvm(31042): threadid=3: adding to list (attached)
D/dalvikvm(31042): threadid=3: attached from native, name=Signal Catcher
D/jdwp    (31042): prepping for JDWP over ADB
D/dalvikvm(31042): threadid=3: internal 'Signal Catcher'
D/dalvikvm(31042): Elevating priority from 0 to -8
D/dalvikvm(31042): threadid=4: interp stack at 0x71b66000
D/dalvikvm(31042): threadid=4: adding to list (attached)
D/dalvikvm(31042): threadid=4: attached from native, name=JDWP
D/dalvikvm(31042): threadid=4: internal 'JDWP'
D/jdwp    (31042): JDWP: thread running
D/dalvikvm(  152): threadid=3: interp stack at 0x71945000
D/dalvikvm(  152): threadid=3: created from interp
D/dalvikvm(  152): threadid=3: adding to list
D/dalvikvm(  152): start new thread
D/dalvikvm(  152): create interp thread : stack size=128KB
D/dalvikvm(  152): create new thread
D/dalvikvm(  152): new thread created
D/dalvikvm(  152): update thread list
D/dalvikvm(  152): threadid=3: notify debugger
D/dalvikvm(  152): threadid=3 (FinalizerDaemon): calling run()
D/ADB_SERVICES(  184): Adding socket 33 pid 31042 to jdwp process list
D/jdwp    (31042): trying to receive file descriptor from ADB
D/dalvikvm(31042): threadid=5: interp stack at 0x74d1b000
D/dalvikvm(31042): threadid=5: adding to list (attached)
D/dalvikvm(31042): threadid=5: attached from native, name=Compiler
D/dalvikvm(31042): zygote get thread init done
D/dalvikvm(31042): create interp thread : stack size=128KB
D/dalvikvm(31042): create new thread
D/dalvikvm(31042): new thread created
D/dalvikvm(31042): update thread list
D/dalvikvm(31042): threadid=5: internal 'Compiler'
D/dalvikvm(31042): threadid=6: interp stack at 0x74d3b000
D/dalvikvm(31042): threadid=6: created from interp
D/dalvikvm(31042): threadid=6: adding to list
D/dalvikvm(31042): start new thread
D/dalvikvm(31042): create interp thread : stack size=128KB
D/dalvikvm(31042): create new thread
D/dalvikvm(31042): new thread created
D/dalvikvm(31042): update thread list
D/dalvikvm(31042): threadid=6: notify debugger
D/dalvikvm(31042): threadid=6 (ReferenceQueueDaemon): calling run()
D/dalvikvm(31042): threadid=7: interp stack at 0x74e59000
D/dalvikvm(31042): threadid=7: created from interp
D/dalvikvm(31042): threadid=7: adding to list
D/dalvikvm(31042): start new thread
D/dalvikvm(31042): create interp thread : stack size=128KB
D/dalvikvm(31042): create new thread
D/dalvikvm(31042): new thread created
D/dalvikvm(31042): update thread list
D/dalvikvm(31042): threadid=7: notify debugger
D/dalvikvm(31042): threadid=7 (FinalizerDaemon): calling run()
D/dalvikvm(31042): threadid=8: interp stack at 0x74f77000
D/dalvikvm(31042): threadid=8: created from interp
D/dalvikvm(31042): threadid=8: adding to list
D/dalvikvm(31042): start new thread
I/dalvikvm(31042): Enabling JNI app bug workarounds for target SDK version 10...
D/dalvikvm(  152): threadid=4: interp stack at 0x71a66000
D/dalvikvm(  152): threadid=4: created from interp
D/dalvikvm(  152): threadid=4: adding to list
D/dalvikvm(  152): start new thread
D/dalvikvm(  152): threadid=4: notify debugger
D/dalvikvm(  152): threadid=4 (FinalizerWatchdogDaemon): calling run()
I/ActivityManager(  719): Start proc com.fw.upgrade for broadcast com.fw.upgrade/.GoogleOtaReceiver: pid=31042 uid=10027 gids={50027, 3003, 1028, 1015, 1023}
D/dalvikvm(31042): threadid=8: notify debugger
D/dalvikvm(31042): threadid=8 (FinalizerWatchdogDaemon): calling run()
D/IPCThreadState( 1023): [DN #5] BR_CLEAR_DEATH_NOTIFICATION_DONE cookie 0x75cf96d8
D/dalvikvm(31042): threadid=9: interp stack at 0x75395000
D/dalvikvm(31042): threadid=9: adding to list (attached)
D/dalvikvm(31042): threadid=9: attached from native, name=Binder_1
D/ActivityThread( 1079): SVC-Destroying service: com.android.providers.downloads.DownloadService@42062278
D/dalvikvm(31042): threadid=10: interp stack at 0x754b9000
D/dalvikvm(31042): threadid=10: adding to list (attached)
D/dalvikvm(31042): threadid=10: attached from native, name=Binder_2
D/IPCThreadState(  719): [DN #5] BR_CLEAR_DEATH_NOTIFICATION_DONE cookie 0x77555438
D/ActivityThread( 1079): SVC-STOP_SERVICE handled : 0 / android.os.BinderProxy@41f17888
D/IPCThreadState(  719): [DN #5] BR_CLEAR_DEATH_NOTIFICATION_DONE cookie 0x79422998
V/Provider/Settings(31042): get setting for user 0 by user 0 so skipping cache
V/Provider/Settings(31042): invalidate [system]: current 5600 != cached 0
D/ActivityManager(  719): getContentProviderImpl: from caller=android.app.ApplicationThreadProxy@41ff7ab0 (pid=31042, userId=0) to get content provider settings cpr=ContentProviderRecord{41f2d460 u0 com.android.providers.settings/.SettingsProvider}
D/ActivityManager(  719): getContentProviderImpl: updateLruProcessLocked cpr.proc=ProcessRecord{41fff248 719:system/1000}
D/ActivityThread(31042): hoder:android.app.IActivityManager$ContentProviderHolder@41d06108,provider,holder.Provider:android.content.ContentProviderProxy@41d06880
V/SettingsProvider(  719): call(system:anr_debugging_mechanism) for 0
D/SettingsProvider(  719): lookupValue table system cache contains Key anr_debugging_mechanism , value = Bundle[{value=1}]
D/dalvikvm( 1079): threadid=15: exiting
D/dalvikvm( 1079): threadid=15: detach (group=0x41863ce0)
D/dalvikvm( 1079): threadid=15: removing from list
D/dalvikvm( 1079): threadid=15: bye!
V/Provider/Settings(31042): from db cache, name = anr_debugging_mechanism , value = 1
D/PowerManagerService(  719): releaseWakeLockInternal: lock=1108595280 [GpsLocationProvider], flags=0x0, total_time=219ms
D/PowerManagerNotifier(  719): onWakeLockReleased: flags=1, tag="GpsLocationProvider", packageName=android, ownerUid=1000, ownerPid=719, workSource=null
D/PowerManagerService(  719): updateWakeLockSummaryLocked: mWakefulness=Awake, mWakeLockSummary=0x0
D/asset   (31042): AssetManager-->addDefaultAssets CIP path not exsit!
D/Proxy   (31042): setHttpRequestCheckHandler
D/PowerManagerService(  719): newScreenState = 2
D/PowerManagerDisplayController(  719): requestPowerState: screenState=2, useProximitySensor=false, forceProximitySensorEnable=false, forceWakeUpEnable=false, screenBrightness=208, screenAutoBrightnessAdjustment=0.0, useAutoBrightness=false, useEcoBrightness=false, blockScreenOn=false, waitForNegativeProximity=false
I/PowerManagerService(  719): setBrightness mButtonLight 0.
D/PowerManagerService(  719): updateScreenStateLocked: mDisplayReady=true, newScreenState=2, mWakefulness=1, mWakeLockSummary=0x0, mUserActivitySummary=0x1, mBootCompleted=true
D/PowerManagerService(  719): Releasing suspend blocker "PowerManagerService.WakeLocks".
D/PowerManagerService(  719): handleSandman: canDream=false, mWakefulness=Awake
D/ActivityThread(31042): BIND_APPLICATION handled : 0 / AppBindData{appInfo=ApplicationInfo{41d03610 com.fw.upgrade}}
D/ActivityThread(31042): BDC-Calling onReceive: intent=Intent { act=android.net.conn.CONNECTIVITY_CHANGE flg=0x4000010 cmp=com.fw.upgrade/.GoogleOtaReceiver (has extras) }, ordered=true, receiver=com.fw.upgrade.GoogleOtaReceiver@41d0b070
D/dalvikvm(31042): create interp thread : stack size=128KB
D/dalvikvm(31042): create new thread
D/dalvikvm(31042): new thread created
D/dalvikvm(31042): update thread list
D/dalvikvm(31042): threadid=11: interp stack at 0x75525000
D/dalvikvm(31042): threadid=11: created from interp
D/dalvikvm(31042): threadid=11: adding to list
D/dalvikvm(31042): start new thread
D/MediatekClassFactory(31042): createInstance(): Begin = 23659346
D/MediatekClassFactory(31042): create Instance with :  interface com.mediatek.common.telephony.IOnlyOwnerSimSupport
W/MediatekClassFactory(31042): Tablet not exist!, Get obj from default class
D/MediatekClassFactory(31042): create Instance from tablet library :  com.mediatek.tb.telephony.OnlyOwnerSimSupport
D/MediatekClassFactory(31042): createInstance(): End = 23659347
D/PhoneInterfaceManagerEx( 1023): [PhoneIntfMgrEx] hasIccCard  simId=0
D/PhoneInterfaceManagerEx( 1023): [PhoneIntfMgrEx] hasIccCard  simId=0
D/dalvikvm(31042): threadid=11: notify debugger
D/dalvikvm(31042): threadid=11 (SharedPreferencesImpl-load): calling run()
D/dalvikvm(31042): threadid=11: exiting
D/dalvikvm(31042): threadid=11: detach (group=0x41863ce0)
