I/PowerManagerService(  719): setBrightness mButtonLight 0.
D/PowerManagerService(  719): updateScreenStateLocked: mDisplayReady=true, newScreenState=2, mWakefulness=1, mWakeLockSummary=0x0, mUserActivitySummary=0x1, mBootCompleted=true
D/PowerManagerService(  719): userActivityFromNative
D/PowerManagerService(  719): handleSandman: canDream=false, mWakefulness=Awake
D/PowerManagerService(  719): userActivityNoUpdateLocked: eventTime=23656994, event=2, flags=0x0, uid=1000
D/PowerManagerNotifier(  719): onUserActivity: event=2, uid=1000
I/View    (24604): Touch down dispatch to android.widget.ImageView{41d862a8 V.ED..C. ........ 35,28-88,81 #7f0d0089 app:id/wifi_back_iv}, event = MotionEvent { action=ACTION_DOWN, id[0]=0, x[0]=17.818634, y[0]=15.902439, toolType[0]=TOOL_TYPE_FINGER, buttonState=0, metaState=0, flags=0x0, edgeFlags=0x0, pointerCount=1, historySize=0, eventTime=23656994, downTime=23656994, deviceId=3, source=0x1002 }
W/InputReader(  719): inCount:16, pointer count:1
W/InputReader(  719): inCount:16, pointer count:1
W/InputReader(  719): inCount:16, pointer count:1
W/InputReader(  719): inCount:16, pointer count:1
W/InputReader(  719): inCount:16, pointer count:1
W/InputReader(  719): outer ID:0, tracking ID:-1, pointer count:16
W/InputReader(  719): inCount:16, pointer count:1
D/InputReader(  719): AP_PROF:AppLaunch_dispatchPtr:Up:23657103, ID:0, Index:1988720216
I/View    (24604): Touch up dispatch to android.widget.ImageView{41d862a8 V.ED..C. ...P.... 35,28-88,81 #7f0d0089 app:id/wifi_back_iv}, event = MotionEvent { action=ACTION_UP, id[0]=0, x[0]=20.170986, y[0]=15.902439, toolType[0]=TOOL_TYPE_FINGER, buttonState=0, metaState=0, flags=0x0, edgeFlags=0x0, pointerCount=1, historySize=0, eventTime=23657103, downTime=23656994, deviceId=3, source=0x1002 }
V/Provider/Settings(24604): get setting for user 0 by user 0 so skipping cache
V/Provider/Settings(24604):  from settings cache , name = sound_effects_enabled , value = 0
I/BufferQueue(  719): [unnamed-719-737](this:0x79389c50,id:737,api:0,p:-1,c:-1) BufferQueue
I/BufferQueue(  719): [unnamed-719-737](this:0x79389c50,id:737,api:0,p:-1,c:719) consumerConnect consumer=(719:system_server) controlledByApp=false
I/BufferQueue(  719): [unnamed-719-737](this:0x79389c50,id:737,api:0,p:-1,c:719) setConsumerName: unnamed-719-737
I/BufferQueue(  719): [ScreenshotClient](this:0x79389c50,id:737,api:0,p:-1,c:719) setConsumerName: ScreenshotClient
I/BufferQueue(  719): [ScreenshotClient](this:0x79389c50,id:737,api:0,p:151,c:719) connect: api=1 producer=(151:/system/bin/surfaceflinger) producerControlledByApp=false
I/BufferQueue(  719): [ScreenshotClient](this:0x79389c50,id:737,api:1,p:151,c:719) new GraphicBuffer needed
D/BufferQueue(  719):     [OLD] gb:NULL
I/GraphicBuffer(  151): allocate buffer (w:320 h:176 f:1) handle(0xb7bfce78) err(0)
D/GraphicBuffer(  719): create handle(0x7932d5d0) (w:320, h:176, f:1)
W/GraphicBufferExtra_hal(  719): gralloc extra device setBufInfo(...) is not supported
I/BufferQueue(  719):     [NEW] gb=0x793952d0, handle=0x7932d5d0, w=302, h=176, s=320, fmt=1
I/GraphicBuffer(  151): free buffer (w:320 h:176 f:1) handle(0xb7bfce78)
D/GraphicBuffer(  151): create handle(0xb7c1bf00) (w:320, h:176, f:1)
D/GraphicBuffer(  151): close handle(0xb7c1bf00) (w:320 h:176 f:1)
I/BufferQueue(  719): [ScreenshotClient](this:0x79389c50,id:737,api:1,p:-1,c:719) disconnect: api=1
I/BufferQueue(  719): [ScreenshotClient](this:0x79389c50,id:737,api:0,p:-1,c:719) getReleasedBuffers: returning mask 0xffffffff
D/IPCThreadState(  719): [DN #5] BR_CLEAR_DEATH_NOTIFICATION_DONE cookie 0x7935c040
D/dalvikvm(  719): threadid=51: SuspendAll starting
D/dalvikvm(  719): threadid=51:   threadid=1 status=7 sc=1 dc=0
D/dalvikvm(  719): threadid=51:   threadid=74 status=4 sc=1 dc=0
D/dalvikvm(  719): threadid=51:   threadid=73 status=7 sc=1 dc=0
D/dalvikvm(  719): threadid=51:   threadid=72 status=4 sc=1 dc=0
D/dalvikvm(  719): threadid=51:   threadid=71 status=4 sc=1 dc=0
D/dalvikvm(  719): threadid=51:   threadid=70 status=7 sc=1 dc=0
D/dalvikvm(  719): threadid=51:   threadid=69 status=7 sc=1 dc=0
D/dalvikvm(  719): threadid=51:   threadid=68 status=7 sc=1 dc=0
D/dalvikvm(  719): threadid=51:   threadid=65 status=7 sc=1 dc=0
D/dalvikvm(  719): threadid=51:   threadid=67 status=7 sc=1 dc=0
D/dalvikvm(  719): threadid=51:   threadid=66 status=7 sc=1 dc=0
D/dalvikvm(  719): threadid=51:   threadid=64 status=2 sc=1 dc=0
D/dalvikvm(  719): threadid=51:   threadid=63 status=7 sc=1 dc=0
D/dalvikvm(  719): threadid=51:   threadid=62 status=7 sc=1 dc=0
D/dalvikvm(  719): threadid=51:   threadid=61 status=7 sc=1 dc=0
D/dalvikvm(  719): threadid=51:   threadid=60 status=7 sc=1 dc=0
D/dalvikvm(  719): threadid=51:   threadid=52 status=7 sc=1 dc=0
D/dalvikvm(  719): threadid=51:   threadid=59 status=7 sc=1 dc=0
D/dalvikvm(  719): threadid=51:   threadid=58 status=7 sc=1 dc=0
D/dalvikvm(  719): threadid=51:   threadid=57 status=7 sc=1 dc=0
D/dalvikvm(  719): threadid=51:   threadid=56 status=7 sc=1 dc=0
D/dalvikvm(  719): threadid=51:   threadid=55 status=2 sc=1 dc=0
D/dalvikvm(  719): threadid=51:   threadid=54 status=7 sc=1 dc=0
D/dalvikvm(  719): threadid=51:   threadid=53 status=7 sc=1 dc=0
D/dalvikvm(  719): threadid=51:   threadid=50 status=7 sc=1 dc=0
D/dalvikvm(  719): threadid=51:   threadid=49 status=7 sc=1 dc=0
D/dalvikvm(  719): threadid=51:   threadid=48 status=7 sc=1 dc=0
D/dalvikvm(  719): threadid=51:   threadid=47 status=7 sc=1 dc=0
D/dalvikvm(  719): threadid=51:   threadid=46 status=7 sc=1 dc=0
D/dalvikvm(  719): threadid=51:   threadid=45 status=7 sc=1 dc=0
D/dalvikvm(  719): threadid=51:   threadid=44 status=7 sc=1 dc=0
D/dalvikvm(  719): threadid=51:   threadid=43 status=7 sc=1 dc=0
D/dalvikvm(  719): threadid=51:   threadid=42 status=7 sc=1 dc=0
D/dalvikvm(  719): threadid=51:   threadid=41 status=7 sc=1 dc=0
D/dalvikvm(  719): threadid=51:   threadid=40 status=7 sc=1 dc=0
D/dalvikvm(  719): threadid=51:   threadid=39 status=7 sc=1 dc=0
D/dalvikvm(  719): threadid=51:   threadid=38 status=7 sc=1 dc=0
D/dalvikvm(  719): threadid=51:   threadid=37 status=7 sc=1 dc=0
D/dalvikvm(  719): threadid=51:   threadid=36 status=7 sc=1 dc=0
D/dalvikvm(  719): threadid=51:   threadid=35 status=7 sc=1 dc=0
D/dalvikvm(  719): threadid=51:   threadid=31 status=7 sc=1 dc=0
D/dalvikvm(  719): threadid=51:   threadid=34 status=7 sc=1 dc=0
D/dalvikvm(  719): threadid=51:   threadid=33 status=7 sc=1 dc=0
D/dalvikvm(  719): threadid=51:   threadid=32 status=7 sc=1 dc=0
D/dalvikvm(  719): threadid=51:   threadid=30 status=7 sc=1 dc=0
D/dalvikvm(  719): threadid=51:   threadid=29 status=7 sc=1 dc=0
D/dalvikvm(  719): threadid=51:   threadid=28 status=7 sc=1 dc=0
D/dalvikvm(  719): threadid=51:   threadid=27 status=7 sc=1 dc=0
D/dalvikvm(  719): threadid=51:   threadid=26 status=7 sc=1 dc=0
D/dalvikvm(  719): threadid=51:   threadid=25 status=7 sc=1 dc=0
D/dalvikvm(  719): threadid=51:   threadid=24 status=7 sc=1 dc=0
D/dalvikvm(  719): threadid=51:   threadid=23 status=7 sc=1 dc=0
D/dalvikvm(  719): threadid=51:   threadid=22 status=7 sc=1 dc=0
D/dalvikvm(  719): threadid=51:   threadid=21 status=7 sc=1 dc=0
D/dalvikvm(  719): threadid=51:   threadid=20 status=2 sc=1 dc=0
D/dalvikvm(  719): threadid=51:   threadid=19 status=7 sc=1 dc=0
D/dalvikvm(  719): threadid=51:   threadid=18 status=7 sc=1 dc=0
D/dalvikvm(  719): threadid=51:   threadid=17 status=7 sc=1 dc=0
D/dalvikvm(  719): threadid=51:   threadid=16 status=7 sc=1 dc=0
D/dalvikvm(  719): threadid=51:   threadid=15 status=7 sc=1 dc=0
D/dalvikvm(  719): threadid=51:   threadid=14 status=7 sc=1 dc=0
D/dalvikvm(  719): threadid=51:   threadid=13 status=7 sc=1 dc=0
D/dalvikvm(  719): threadid=51:   threadid=12 status=4 sc=1 dc=0
D/dalvikvm(  719): threadid=51:   threadid=11 status=7 sc=1 dc=0
D/dalvikvm(  719): threadid=51:   threadid=10 status=7 sc=1 dc=0
D/dalvikvm(  719): threadid=51:   threadid=9 status=7 sc=1 dc=0
D/dalvikvm(  719): threadid=51:   threadid=8 status=2 sc=1 dc=0
D/dalvikvm(  719): threadid=51:   threadid=7 status=4 sc=1 dc=0
D/dalvikvm(  719): threadid=51:   threadid=6 status=4 sc=1 dc=0
D/dalvikvm(  719): threadid=51:   threadid=5 status=8 sc=1 dc=0
D/dalvikvm(  719): threadid=51:   threadid=4 status=8 sc=1 dc=0
D/dalvikvm(  719): threadid=51:   threadid=3 status=8 sc=1 dc=0
D/dalvikvm(  719): threadid=51:   threadid=2 status=8 sc=1 dc=0
D/dalvikvm(  719): threadid=51: SuspendAll complete : 1
D/dalvikvm(  719): threadid=51: ResumeAll starting
D/dalvikvm(  719): threadid=51: ResumeAll waking others
D/dalvikvm(  719): threadid=51: ResumeAll complete
D/dalvikvm(  719): GC_FOR_ALLOC freed 467K (8020), 27% free 12503K/16964K, paused 115ms, total 115ms
I/dalvikvm-heap(  719): Grow heap (frag case) to 15.820MB for 141616-byte allocation
I/BufferQueue(  719): [ScreenshotClient](this:0x79389c50,id:737,api:0,p:-1,c:-1) consumerDisconnect
I/BufferQueue(  719): [ScreenshotClient](this:0x79389c50,id:737,api:0,p:-1,c:-1) ~BufferQueue
D/GraphicBuffer(  719): close handle(0x7932d5d0) (w:320 h:176 f:1)
D/dalvikvm(  719): threadid=51: SuspendAll starting
D/dalvikvm(  719): threadid=51:   threadid=1 status=7 sc=1 dc=0
D/dalvikvm(  719): threadid=51:   threadid=74 status=4 sc=1 dc=0
D/dalvikvm(  719): threadid=51:   threadid=73 status=7 sc=1 dc=0
D/dalvikvm(  719): threadid=51:   threadid=72 status=4 sc=1 dc=0
D/dalvikvm(  719): threadid=51:   threadid=71 status=4 sc=1 dc=0
D/dalvikvm(  719): threadid=51:   threadid=70 status=7 sc=1 dc=0
D/dalvikvm(  719): threadid=51:   threadid=69 status=7 sc=1 dc=0
D/dalvikvm(  719): threadid=51:   threadid=68 status=7 sc=1 dc=0
D/dalvikvm(  719): threadid=51:   threadid=65 status=7 sc=1 dc=0
D/dalvikvm(  719): threadid=51:   threadid=67 status=7 sc=1 dc=0
D/dalvikvm(  719): threadid=51:   threadid=66 status=7 sc=1 dc=0
D/dalvikvm(  719): threadid=51:   threadid=64 status=2 sc=1 dc=0
D/dalvikvm(  719): threadid=51:   threadid=63 status=7 sc=1 dc=0
D/dalvikvm(  719): threadid=51:   threadid=62 status=7 sc=1 dc=0
D/dalvikvm(  719): threadid=51:   threadid=61 status=7 sc=1 dc=0
D/dalvikvm(  719): threadid=51:   threadid=60 status=7 sc=1 dc=0
D/dalvikvm(  719): threadid=51:   threadid=52 status=7 sc=1 dc=0
D/dalvikvm(  719): threadid=51:   threadid=59 status=7 sc=1 dc=0
D/dalvikvm(  719): threadid=51:   threadid=58 status=7 sc=1 dc=0
D/dalvikvm(  719): threadid=51:   threadid=57 status=7 sc=1 dc=0
D/dalvikvm(  719): threadid=51:   threadid=56 status=7 sc=1 dc=0
D/dalvikvm(  719): threadid=51:   threadid=55 status=2 sc=1 dc=0
D/dalvikvm(  719): threadid=51:   threadid=54 status=7 sc=1 dc=0
D/dalvikvm(  719): threadid=51:   threadid=53 status=7 sc=1 dc=0
D/dalvikvm(  719): threadid=51:   threadid=50 status=7 sc=1 dc=0
D/dalvikvm(  719): threadid=51:   threadid=49 status=7 sc=1 dc=0
D/dalvikvm(  719): threadid=51:   threadid=48 status=7 sc=1 dc=0
D/dalvikvm(  719): threadid=51:   threadid=47 status=7 sc=1 dc=0
D/dalvikvm(  719): threadid=51:   threadid=46 status=7 sc=1 dc=0
D/dalvikvm(  719): threadid=51:   threadid=45 status=7 sc=1 dc=0
D/dalvikvm(  719): threadid=51:   threadid=44 status=7 sc=1 dc=0
D/dalvikvm(  719): threadid=51:   threadid=43 status=7 sc=1 dc=0
D/dalvikvm(  719): threadid=51:   threadid=42 status=7 sc=1 dc=0
D/dalvikvm(  719): threadid=51:   threadid=41 status=7 sc=1 dc=0
D/dalvikvm(  719): threadid=51:   threadid=40 status=7 sc=1 dc=0
D/dalvikvm(  719): threadid=51:   threadid=39 status=7 sc=1 dc=0
D/dalvikvm(  719): threadid=51:   threadid=38 status=7 sc=1 dc=0
D/dalvikvm(  719): threadid=51:   threadid=37 status=7 sc=1 dc=0
D/dalvikvm(  719): threadid=51:   threadid=36 status=7 sc=1 dc=0
D/dalvikvm(  719): threadid=51:   threadid=35 status=7 sc=1 dc=0
D/dalvikvm(  719): threadid=51:   threadid=31 status=7 sc=1 dc=0
D/dalvikvm(  719): threadid=51:   threadid=34 status=7 sc=1 dc=0
D/dalvikvm(  719): threadid=51:   threadid=33 status=7 sc=1 dc=0
D/dalvikvm(  719): threadid=51:   threadid=32 status=7 sc=1 dc=0
D/dalvikvm(  719): threadid=51:   threadid=30 status=7 sc=1 dc=0
D/dalvikvm(  719): threadid=51:   threadid=29 status=7 sc=1 dc=0
D/dalvikvm(  719): threadid=51:   threadid=28 status=7 sc=1 dc=0
D/dalvikvm(  719): threadid=51:   threadid=27 status=7 sc=1 dc=0
D/dalvikvm(  719): threadid=51:   threadid=26 status=7 sc=1 dc=0
D/dalvikvm(  719): threadid=51:   threadid=25 status=7 sc=1 dc=0
D/dalvikvm(  719): threadid=51:   threadid=24 status=7 sc=1 dc=0
D/dalvikvm(  719): threadid=51:   threadid=23 status=7 sc=1 dc=0
D/dalvikvm(  719): threadid=51:   threadid=22 status=7 sc=1 dc=0
D/dalvikvm(  719): threadid=51:   threadid=21 status=7 sc=1 dc=0
D/dalvikvm(  719): threadid=51:   threadid=20 status=2 sc=1 dc=0
D/dalvikvm(  719): threadid=51:   threadid=19 status=7 sc=1 dc=0
D/dalvikvm(  719): threadid=51:   threadid=18 status=7 sc=1 dc=0
D/dalvikvm(  719): threadid=51:   threadid=17 status=7 sc=1 dc=0
D/dalvikvm(  719): threadid=51:   threadid=16 status=7 sc=1 dc=0
D/dalvikvm(  719): threadid=51:   threadid=15 status=7 sc=1 dc=0
D/dalvikvm(  719): threadid=51:   threadid=14 status=7 sc=1 dc=0
D/dalvikvm(  719): threadid=51:   threadid=13 status=7 sc=1 dc=0
D/dalvikvm(  719): threadid=51:   threadid=12 status=4 sc=1 dc=0
D/dalvikvm(  719): threadid=51:   threadid=11 status=7 sc=1 dc=0
D/dalvikvm(  719): threadid=51:   threadid=10 status=7 sc=1 dc=0
D/dalvikvm(  719): threadid=51:   threadid=9 status=7 sc=1 dc=0
D/dalvikvm(  719): threadid=51:   threadid=8 status=2 sc=1 dc=0
D/dalvikvm(  719): threadid=51:   threadid=7 status=4 sc=1 dc=0
D/dalvikvm(  719): threadid=51:   threadid=6 status=4 sc=1 dc=0
D/dalvikvm(  719): threadid=51:   threadid=5 status=8 sc=1 dc=0
D/dalvikvm(  719): threadid=51:   threadid=4 status=8 sc=1 dc=0
D/dalvikvm(  719): threadid=51:   threadid=3 status=8 sc=1 dc=0
D/dalvikvm(  719): threadid=51:   threadid=2 status=8 sc=1 dc=0
D/dalvikvm(  719): threadid=51: SuspendAll complete : 1
D/dalvikvm(  719): threadid=51: ResumeAll starting
D/dalvikvm(  719): threadid=51: ResumeAll waking others
D/dalvikvm(  719): threadid=51: ResumeAll complete
D/dalvikvm(  719): GC_FOR_ALLOC freed 143K (123), 27% free 12498K/17104K, paused 112ms, total 112ms
D/PowerManagerService(  719): acquireWakeLockInternal: lock=1104924816, flags=0x1, tag="ActivityManager-Launch", ws=null, uid=1000, pid=719
D/PowerManagerNotifier(  719): onWakeLockAcquired: flags=1, tag="ActivityManager-Launch", packageName=android, ownerUid=1000, ownerPid=719, workSource=null
D/PowerManagerService(  719): updateWakeLockSummaryLocked: mWakefulness=Awake, mWakeLockSummary=0x1
D/PowerManagerService(  719): newScreenState = 2
D/PowerManagerDisplayController(  719): requestPowerState: screenState=2, useProximitySensor=false, forceProximitySensorEnable=false, forceWakeUpEnable=false, screenBrightness=208, screenAutoBrightnessAdjustment=0.0, useAutoBrightness=false, useEcoBrightness=false, blockScreenOn=false, waitForNegativeProximity=false
I/PowerManagerService(  719): setBrightness mButtonLight 0.
D/PowerManagerService(  719): updateScreenStateLocked: mDisplayReady=true, newScreenState=2, mWakefulness=1, mWakeLockSummary=0x1, mUserActivitySummary=0x1, mBootCompleted=true
D/PowerManagerService(  719): Acquiring suspend blocker "PowerManagerService.WakeLocks".
D/PowerManagerService(  719): handleSandman: canDream=false, mWakefulness=Awake
E/isForeground(24604): onActivityPaused 0
D/CrashReport(24604): >>> com.sixtyplus.nidfit.treadmill.wifimgr.WifiActivity onPaused <<<
E/EasyWiFi(24604): remove-Event: [ removeEventListener(EasyWiFi:116) <= onPause(WifiActivity.java:78) ]
D/ActivityThread(24604): ACT-AM_ON_PAUSE_CALLED ActivityRecord{459777a8 token=android.os.BinderProxy@41d19718 {com.sixtyplus.nidfit.treadmill.app/com.sixtyplus.nidfit.treadmill.wifimgr.WifiActivity}}
I/libPerfService(  719): 1: set: 2
E/        (  719): Could not open '/data/data/hotplug/cmd'
E/        (  719): error : 2, No such file or directory
D/InputReader(  719): InputReader:: getSwitchState lock 
D/InputReader(  719): InputReader::getStateLocked:: return 
D/dalvikvm(  719): create interp thread : stack size=128KB
D/dalvikvm(  719): create new thread
D/dalvikvm(  719): new thread created
D/dalvikvm(  719): update thread list
D/dalvikvm(  719): threadid=75: interp stack at 0x7b436000
D/dalvikvm(  719): threadid=75: created from interp
D/dalvikvm(  719): threadid=75: adding to list
D/dalvikvm(  719): start new thread
D/dalvikvm(  719): threadid=75: notify debugger
D/dalvikvm(  719): threadid=75 (Thread-4505): calling run()
D/ActivityThread(24604): ACT-PAUSE_ACTIVITY_FINISHING handled : 0 / android.os.BinderProxy@41d19718
D/dalvikvm(  719): threadid=75: exiting
D/dalvikvm(  719): threadid=75: detach (group=0x41863ce0)
V/ActivityThread(24604): Performing resume of ActivityRecord{4543f6c8 token=android.os.BinderProxy@4299aa70 {com.sixtyplus.nidfit.treadmill.app/com.sixtyplus.nidfit.treadmill.app.MainActivity}} finished=false
D/dalvikvm(  719): threadid=75: removing from list
D/dalvikvm(  719): threadid=75: bye!
E/isForeground(24604): onActivityResumed 1
D/CrashReport(24604): >>> com.sixtyplus.nidfit.treadmill.app.MainActivity onResumed <<<
E/CtrlBarStateHandler(24604): requestCtrlMode: mRequestMode:GONE
E/CtrlBarStateHandler(24604): +- autoSelectMode: isForground:true  isRunningfalse  requestMode:GONE
D/dalvikvm(24604): create interp thread : stack size=128KB
D/dalvikvm(24604): create new thread
D/dalvikvm(24604): new thread created
D/dalvikvm(24604): update thread list
D/dalvikvm(24604): threadid=54: interp stack at 0x7ae7a000
D/dalvikvm(24604): threadid=54: created from interp
D/dalvikvm(24604): threadid=54: adding to list
D/dalvikvm(24604): start new thread
D/dalvikvm(24604): threadid=54: notify debugger
D/dalvikvm(24604): threadid=54 (Cmd$UserSceneSync): calling run()
D/dalvikvm(24604): create interp thread : stack size=128KB
D/dalvikvm(24604): create new thread
D/dalvikvm(24604): new thread created
D/dalvikvm(24604): update thread list
E/UserSceneSync(24604):  1 
E/UserSceneSync(24604): -- user[] count:0
D/dalvikvm(24604): threadid=54: exiting
D/dalvikvm(24604): threadid=54: detach (group=0x41863ce0)
V/CloudServerImpl(24604): mAuthing:  - judging  http://api.nidfit.60community.com/v2/motion/syncScene
V/CloudServerImpl(24604): mAuthing:  - wait  http://api.nidfit.60community.com/v2/motion/syncScene
D/dalvikvm(24604): threadid=54: removing from list
D/dalvikvm(24604): threadid=54: bye!
V/CloudServerImpl(24604): mAuthing:  - go  http://api.nidfit.60community.com/v2/motion/syncScene
D/dalvikvm(24604): threadid=54: interp stack at 0x7b095000
D/dalvikvm(24604): threadid=54: created from interp
D/dalvikvm(24604): threadid=54: adding to list
D/dalvikvm(24604): start new thread
D/dalvikvm(24604): create interp thread : stack size=128KB
D/dalvikvm(24604): create new thread
D/dalvikvm(24604): new thread created
D/dalvikvm(24604): update thread list
D/dalvikvm(24604): threadid=57: interp stack at 0x7ae7a000
D/dalvikvm(24604): threadid=57: created from interp
D/dalvikvm(24604): threadid=57: adding to list
D/dalvikvm(24604): start new thread
E/EasyWiFi(24604): register-State: [ registerStateListener(EasyWiFi:131) <= onResume(UserHomeFragment.java:146) ]
D/dalvikvm(24604): threadid=57: notify debugger
D/dalvikvm(24604): threadid=57 (Cmd$SyncRecord): calling run()
D/dalvikvm(24604): threadid=54: notify debugger
E/EasyWiFi(24604): register-State: [ registerStateListener(EasyWiFi:131) <= onResume(UserHomeFragment.java:146) ]
V/CloudServerImpl(24604): execRequest: http://api.nidfit.60community.com/v2/motion/syncScene{"data":"{\"scenes\":[],\"userId\":\"062708c971cd43cd9fa90e86351b5d6f\"}","md5":"kjq1CEiFWxbH49QH2SZrQw==","tick":1516615512175,"ctxKey":"1ad398df6b734348bcb8a47103e2eecb"}
D/ActivityThread(24604): ACT-AM_ON_RESUME_CALLED ActivityRecord{4543f6c8 token=android.os.BinderProxy@4299aa70 {com.sixtyplus.nidfit.treadmill.app/com.sixtyplus.nidfit.treadmill.app.MainActivity}}
V/ActivityThread(24604): Resume ActivityRecord{4543f6c8 token=android.os.BinderProxy@4299aa70 {com.sixtyplus.nidfit.treadmill.app/com.sixtyplus.nidfit.treadmill.app.MainActivity}} started activity: false, hideForNow: false, finished: false
D/dalvikvm(24604): threadid=54 (Cmd$SyncPlan): calling run()
V/ActivityThread(24604): Resuming ActivityRecord{4543f6c8 token=android.os.BinderProxy@4299aa70 {com.sixtyplus.nidfit.treadmill.app/com.sixtyplus.nidfit.treadmill.app.MainActivity}} with isForward=false
V/PhoneWindow(24604): DecorView setVisiblity: visibility = 0 ,Parent =ViewRoot{41d9d4c0 com.sixtyplus.nidfit.treadmill.app/com.sixtyplus.nidfit.treadmill.app.MainActivity,ident = 681}, this =com.android.internal.policy.impl.PhoneWindow$DecorView{41da6628 V.E..... R.....ID 0,0-1024,600}
V/ActivityThread(24604): Scheduling idle handler for ActivityRecord{4543f6c8 token=android.os.BinderProxy@4299aa70 {com.sixtyplus.nidfit.treadmill.app/com.sixtyplus.nidfit.treadmill.app.MainActivity}}
D/ActivityThread(24604): ACT-RESUME_ACTIVITY handled : 0 / android.os.BinderProxy@4299aa70
I/FrameworkListener(  146): onDataAvailable get 54 bytes 
D/FrameworkListener(  146): dispatchCommand data = (getaddrinfo api.nidfit.60community.com ^ 1024 0 1 0 ^)
D/libc-netbsd(  146): default dns: query_ipv6=0, query_ipv4=1
D/libc-netbsd(  146): res_queryN name = api.nidfit.60community.com, class = 1, type = 1
D/libc-netbsd(  146): iface=wlan0, dns0:192.168.89.8
D/libc-netbsd(  146): iface=wlan0, dns1:8.8.8.8
D/libc-netbsd(  146): res_queryN name = api.nidfit.60community.com succeed
D/SocketClient(  146): SocketClient sendDatalocked done: 222
D/SocketClient(  146): SocketClient sendDatalocked done: 
D/SocketClient(  146): SocketClient sendDatalocked done: 
D/SocketClient(  146): SocketClient sendDatalocked done: 
D/SocketClient(  146): SocketClient sendDatalocked done: 
D/SocketClient(  146): SocketClient sendDatalocked done: 
D/SocketClient(  146): SocketClient sendDatalocked done: 
D/libc-netbsd(24604): getaddrinfo: api.nidfit.60community.com get result from proxy >>
I/System.out(24604): propertyValue:true
I/System.out(24604): [CDS]rx timeout:10000
I/System.out(24604): [socket][447] connection api.nidfit.60community.com/39.108.233.87:80;LocalPort=47018(10000)
I/System.out(24604): [CDS]connect[api.nidfit.60community.com/39.108.233.87:80] tm:10
D/Posix   (24604): [Posix_connect Debug]Process com.sixtyplus.nidfit.treadmill.app :80 
I/BufferQueue(  151): [FrameBufferSurface_0](this:0xb7beb150,id:0,api:1,p:151,c:151) [release] fps:1.57, dur:1905.03, max:1225.12, min:17.49
I/BufferQueue(  151): [FrameBufferSurface_0](this:0xb7beb150,id:0,api:1,p:151,c:151) [queue] fps:1.57, dur:1905.38, max:1225.54, min:17.49
I/SurfaceFlinger(  151): [Built-in Screen (type:0)] fps:1.574406,dur:1905.48,max:1225.66,min:17.60
E/SyncPlan(24604): 
V/CloudServerImpl(24604): mAuthing:  - judging  http://api.nidfit.60community.com/v2/motion/syncPlan
V/CloudServerImpl(24604): mAuthing:  - wait  http://api.nidfit.60community.com/v2/motion/syncPlan
V/CloudServerImpl(24604): mAuthing:  - go  http://api.nidfit.60community.com/v2/motion/syncPlan
V/CloudServerImpl(24604): execRequest: http://api.nidfit.60community.com/v2/motion/syncPlan{"data":"{\"userId\":\"062708c971cd43cd9fa90e86351b5d6f\",\"planStates\":[]}","md5":"dptB5suKCNct6lApECL7rw==","tick":1516615512202,"ctxKey":"1ad398df6b734348bcb8a47103e2eecb"}
I/System.out(24604): [CDS]rx timeout:10000
I/System.out(24604): [socket][448] connection api.nidfit.60community.com/39.108.233.87:80;LocalPort=59929(10000)
I/System.out(24604): [CDS]connect[api.nidfit.60community.com/39.108.233.87:80] tm:10
D/Posix   (24604): [Posix_connect Debug]Process com.sixtyplus.nidfit.treadmill.app :80 
E/SyncRecord(24604): 
E/MainActivity(24604): +++ onCommandFinished() called with: cmd = [com.sixtyplus.nidfit.treadmill.app.command.SyncRecord@43020ad0], e = [null]
D/dalvikvm(24604): threadid=57: exiting
D/dalvikvm(24604): threadid=57: detach (group=0x41863ce0)
D/dalvikvm(24604): threadid=57: removing from list
D/dalvikvm(24604): threadid=57: bye!
I/BufferQueue(  151): [unnamed-151-4646](this:0xb7c2a538,id:4646,api:0,p:-1,c:-1) BufferQueue
I/BufferQueue(  151): [unnamed-151-4646](this:0xb7c2a538,id:4646,api:0,p:-1,c:151) consumerConnect consumer=(151:/system/bin/surfaceflinger) controlledByApp=false
I/BufferQueue(  151): [unnamed-151-4646](this:0xb7c2a538,id:4646,api:0,p:-1,c:151) setConsumerName: unnamed-151-4646
I/GLConsumer(  151): [unnamed-151-4646](this:0xb7c033f8,api:0) GLConsumer
I/BufferQueue(  151): [com.sixtyplus.nidfit.treadmill.app/com.sixtyplus.nidfit.treadmill.app.MainActivity](this:0xb7c2a538,id:4646,api:0,p:-1,c:151) setConsumerName: com.sixtyplus.nidfit.treadmill.app/com.sixtyplus.nidfit.treadmill.app.MainActivity
I/BufferQueue(  151): [com.sixtyplus.nidfit.treadmill.app/com.sixtyplus.nidfit.treadmill.app.MainActivity](this:0xb7c2a538,id:4646,api:0,p:-1,c:151) setDefaultBufferSize: w=1024, h=600
V/WindowManager(  719): Changing focus from Window{4238a3f8 u0 com.sixtyplus.nidfit.treadmill.app/com.sixtyplus.nidfit.treadmill.wifimgr.WifiActivity} to Window{41fb5ab8 u0 com.sixtyplus.nidfit.treadmill.app/com.sixtyplus.nidfit.treadmill.app.MainActivity} Callers=com.android.server.wm.WindowManagerService.relayoutWindow:3383 com.android.server.wm.Session.relayout:191 android.view.IWindowSession$Stub.onTransact:235 com.android.server.wm.Session.onTransact:126 
I/WindowManager(  719): Gaining focus: Window{41fb5ab8 u0 com.sixtyplus.nidfit.treadmill.app/com.sixtyplus.nidfit.treadmill.app.MainActivity}
I/BufferQueue(  151): [com.sixtyplus.nidfit.treadmill.app/com.sixtyplus.nidfit.treadmill.app.MainActivity](this:0xb7c2a538,id:4646,api:0,p:24604,c:151) connect: api=1 producer=(24604:com.sixtyplus.nidfit.treadmill.app) producerControlledByApp=true
I/BufferQueue(  151): [com.sixtyplus.nidfit.treadmill.app/com.sixtyplus.nidfit.treadmill.app.MainActivity](this:0xb7c2a538,id:4646,api:1,p:24604,c:151) new GraphicBuffer needed
D/BufferQueue(  151):     [OLD] gb:NULL
I/GraphicBuffer(  151): allocate buffer (w:1024 h:600 f:1) handle(0xb7c2e740) err(0)
W/GraphicBufferExtra_hal(  151): gralloc extra device setBufInfo(...) is not supported
I/BufferQueue(  151):     [NEW] gb=0xb7c22690, handle=0xb7c2e740, w=1024, h=600, s=1024, fmt=1
D/GraphicBuffer(24604): create handle(0x7a112770) (w:1024, h:600, f:1)
D/BufferQueue(  151): [com.sixtyplus.nidfit.treadmill.app/com.sixtyplus.nidfit.treadmill.app.MainActivity](this:0xb7c2a538,id:4646,api:1,p:24604,c:151) cancelBuffer: slot=0
I/MaliEGL (24604): [Mali]window_type=1, is_framebuffer=0, errnum = 0
I/MaliEGL (24604): [Mali]surface->num_buffers=4, surface->num_frames=3, win_min_undequeued=1
I/MaliEGL (24604): [Mali]max_allowed_dequeued_buffers=3
I/BufferQueue(  151): [com.sixtyplus.nidfit.treadmill.app/com.sixtyplus.nidfit.treadmill.app.MainActivity](this:0xb7c2a538,id:4646,api:1,p:24604,c:151) setBufferCount: count=4
I/GraphicBuffer(  151): free buffer (w:1024 h:600 f:1) handle(0xb7c2e740)
I/BufferQueue(  151): [com.sixtyplus.nidfit.treadmill.app/com.sixtyplus.nidfit.treadmill.app.MainActivity](this:0xb7c2a538,id:4646,api:1,p:24604,c:151) getReleasedBuffers: returning mask 0xffffffff
D/GraphicBuffer(24604): close handle(0x7a112770) (w:1024 h:600 f:1)
I/BufferQueue(  151): [com.sixtyplus.nidfit.treadmill.app/com.sixtyplus.nidfit.treadmill.app.MainActivity](this:0xb7c2a538,id:4646,api:1,p:24604,c:151) new GraphicBuffer needed
D/BufferQueue(  151):     [OLD] gb:NULL
I/GraphicBuffer(  151): allocate buffer (w:1024 h:600 f:1) handle(0xb7c2e740) err(0)
W/GraphicBufferExtra_hal(  151): gralloc extra device setBufInfo(...) is not supported
I/BufferQueue(  151):     [NEW] gb=0xb7c22690, handle=0xb7c2e740, w=1024, h=600, s=1024, fmt=1
D/GraphicBuffer(24604): create handle(0x7a04eca8) (w:1024, h:600, f:1)
D/OpenGLRenderer(24604): setViewport 1024x600 <0x78422008>
I/System.out(24604): [socket][/172.16.0.142:47018] connected
I/System.out(24604): [CDS]rx timeout:10000
E/PopupMgr(24604): refreshStack: #####mShowing=true  hasNoShow=true
E/----    (24604): hasFocus = true
I/System.out(24604): [socket][/172.16.0.142:59929] connected
V/InputMethodManager(24604): onWindowFocus: null softInputMode=16 first=true flags=#1810100
I/System.out(24604): [CDS]rx timeout:10000
V/InputMethodManager(24604): START INPUT: com.android.internal.policy.impl.PhoneWindow$DecorView{41da6628 V.E..... R.....ID 0,0-1024,600} ic=null tba=android.view.inputmethod.EditorInfo@42c26158 controlFlags=#104
V/InputMethodManagerService(  719): windowGainedFocus: android.os.BinderProxy@41fd0b70 controlFlags=#104 softInputMode=#10 windowFlags=#1810100
D/SurfaceFlinger(  151): SurfaceFlingerWatchdog:ERROR: open /dev/RT_Monitor failed.
D/OpenGLRenderer(24604): Flushing caches (mode 0)
D/BufferQueue(  151): [com.sixtyplus.nidfit.treadmill.app/com.sixtyplus.nidfit.treadmill.wifimgr.WifiActivity](this:0xb7c039c0,id:4633,api:1,p:24604,c:151) cancelBuffer: slot=3
D/GraphicBuffer(24604): close handle(0x77d49970) (w:1024 h:600 f:1)
D/GraphicBuffer(24604): close handle(0x79d80028) (w:1024 h:600 f:1)
D/GraphicBuffer(24604): close handle(0x77ff8ed0) (w:1024 h:600 f:1)
D/GraphicBuffer(24604): close handle(0x7893ceb0) (w:1024 h:600 f:1)
I/BufferQueue(  151): [com.sixtyplus.nidfit.treadmill.app/com.sixtyplus.nidfit.treadmill.wifimgr.WifiActivity](this:0xb7c039c0,id:4633,api:1,p:-1,c:151) disconnect: api=1
I/BufferQueue(  151): [com.sixtyplus.nidfit.treadmill.app/com.sixtyplus.nidfit.treadmill.wifimgr.WifiActivity](this:0xb7c039c0,id:4633,api:0,p:-1,c:151) getReleasedBuffers: returning mask 0xffffffff
I/GLConsumer(  151): [com.sixtyplus.nidfit.treadmill.app/com.sixtyplus.nidfit.treadmill.wifimgr.WifiActivity](this:0xb7bfbe88,api:0) destroying EGLImage dpy=0x1 img=0x10000008
I/GraphicBuffer(  151): free buffer (w:1024 h:600 f:1) handle(0xb7c2c0a8)
I/GLConsumer(  151): [com.sixtyplus.nidfit.treadmill.app/com.sixtyplus.nidfit.treadmill.wifimgr.WifiActivity](this:0xb7bfbe88,api:0) destroying EGLImage dpy=0x1 img=0x1000000a
I/GraphicBuffer(  151): free buffer (w:1024 h:600 f:1) handle(0xb7c332c0)
I/GLConsumer(  151): [com.sixtyplus.nidfit.treadmill.app/com.sixtyplus.nidfit.treadmill.wifimgr.WifiActivity](this:0xb7bfbe88,api:0) destroying EGLImage dpy=0x1 img=0x10000002
I/GLConsumer(  151): [com.sixtyplus.nidfit.treadmill.app/com.sixtyplus.nidfit.treadmill.wifimgr.WifiActivity](this:0xb7bfbe88,api:0) destroying EGLImage dpy=0x1 img=0x10000005
I/GraphicBuffer(  151): free buffer (w:1024 h:600 f:1) handle(0xb7bfbd28)
V/CloudServerImpl(24604): execRequest:  true  url:http://api.nidfit.60community.com/v2/motion/syncScene
V/CloudServerImpl(24604): execRequest: http://api.nidfit.60community.com/v2/motion/syncScene{"scenes":[]}
D/SQLiteDatabase(24604): beginTransaction()
V/CloudServerImpl(24604): execRequest:  true  url:http://api.nidfit.60community.com/v2/motion/syncPlan
D/AbsListView(24604): onWindowFocusChanged: hasWindowFocus=false, this=android.widget.ListView{41d32900 VFED.VC. .F...... 7,8-504,282 #7f0d008b app:id/wifi_list_lv}
D/SQLiteDatabase(24604): endTransaction()
D/SQLiteDatabase(24604): beginTransaction()
D/AbsListView(24604): endFling+: mScrollY = 0,mTouchMode = -1,mFirstPosition = 0
D/SQLiteDatabase(24604): endTransaction()
D/AbsListView(24604): reportScrollStateChange: newState=0, mLastScrollState=0, mOnScrollListener=null, mScrollY=0, mTouchMode=-1, mFirstPosition=0
D/AbsListView(24604): endFling-: mScrollY = 0,mTouchMode = -1,mFirstPosition = 0
D/SQLiteDatabase(24604): beginTransaction()
V/CloudServerImpl(24604): execRequest: http://api.nidfit.60community.com/v2/motion/syncPlan{"plan":{"genId":203,"bgUrl":"http://img.60community.com/nidone/3cbc12a555664647be4028f17f7f624d.jpg","tipCh":"BMI: 23.88","nameEn":"123","tipEn":"BMI: 23.88,Healthy,keep going on.","planId":42,"nameCh":"123"}}
I/libPerfService(  719): 1: set: 1
E/        (  719): Could not open '/data/data/hotplug/cmd'
E/        (  719): error : 2, No such file or directory
D/PowerManagerService(  719): releaseWakeLockInternal: lock=1104924816 [ActivityManager-Launch], flags=0x0, total_time=172ms
D/PowerManagerNotifier(  719): onWakeLockReleased: flags=1, tag="ActivityManager-Launch", packageName=android, ownerUid=1000, ownerPid=719, workSource=null
D/PowerManagerService(  719): updateWakeLockSummaryLocked: mWakefulness=Awake, mWakeLockSummary=0x0
D/PowerManagerService(  719): newScreenState = 2
D/PowerManagerDisplayController(  719): requestPowerState: screenState=2, useProximitySensor=false, forceProximitySensorEnable=false, forceWakeUpEnable=false, screenBrightness=208, screenAutoBrightnessAdjustment=0.0, useAutoBrightness=false, useEcoBrightness=false, blockScreenOn=false, waitForNegativeProximity=false
I/PowerManagerService(  719): setBrightness mButtonLight 0.
D/PowerManagerService(  719): updateScreenStateLocked: mDisplayReady=true, newScreenState=2, mWakefulness=1, mWakeLockSummary=0x0, mUserActivitySummary=0x1, mBootCompleted=true
D/PowerManagerService(  719): Releasing suspend blocker "PowerManagerService.WakeLocks".
D/PowerManagerService(  719): handleSandman: canDream=false, mWakefulness=Awake
D/SQLiteDatabase(24604): endTransaction()
D/SQLiteDatabase(24604): beginTransaction()
D/SQLiteDatabase(24604): endTransaction()
E/UserSceneSync(24604): --  0
D/SQLiteDatabase(24604): beginTransaction()
E/UserSceneSync(24604): --  0
E/UserSceneSync(24604): --  0
E/MainActivity(24604): +++   onCommandFinished() called with: cmd = [com.sixtyplus.nidfit.treadmill.app.command.UserSceneSync@41d31be0], e = [null]
E/UserSceneSync(24604): -- 
D/SQLiteDatabase(24604): endTransaction()
I/FrameworkListener(  146): onDataAvailable get 47 bytes 
D/FrameworkListener(  146): dispatchCommand data = (getaddrinfo img.60community.com ^ 1024 0 1 0 ^)
D/libc-netbsd(  146): default dns: query_ipv6=0, query_ipv4=1
D/libc-netbsd(  146): res_queryN name = img.60community.com, class = 1, type = 1
D/libc-netbsd(  146): iface=wlan0, dns0:192.168.89.8
D/libc-netbsd(  146): iface=wlan0, dns1:8.8.8.8
D/libc-netbsd(  146): res_queryN name = img.60community.com succeed
D/SocketClient(  146): SocketClient sendDatalocked done: 222
D/SocketClient(  146): SocketClient sendDatalocked done: 
D/SocketClient(  146): SocketClient sendDatalocked done: 
D/SocketClient(  146): SocketClient sendDatalocked done: 
D/SocketClient(  146): SocketClient sendDatalocked done: 
D/SocketClient(  146): SocketClient sendDatalocked done: 
D/SocketClient(  146): SocketClient sendDatalocked done: 
D/libc-netbsd(24604): getaddrinfo: img.60community.com get result from proxy >>
I/System.out(24604): propertyValue:true
I/System.out(24604): [CDS]rx timeout:10000
I/System.out(24604): [socket][449] connection img.60community.com/112.74.162.187:80;LocalPort=55018(10000)
I/System.out(24604): [CDS]connect[img.60community.com/112.74.162.187:80] tm:10
D/Posix   (24604): [Posix_connect Debug]Process com.sixtyplus.nidfit.treadmill.app :80 
D/DhcpUtils(  719): read:ra_info_flag=0
I/System.out(24604): [socket][/172.16.0.142:55018] connected
I/System.out(24604): [CDS]rx timeout:10000
D/dalvikvm(24604): threadid=58: exiting
D/dalvikvm(24604): threadid=58: detach (group=0x41863ce0)
D/dalvikvm(24604): threadid=58: removing from list
D/dalvikvm(24604): threadid=58: bye!
I/System.out(24604): mkdir failed: EBUSY (Device or resource busy) path = /storage/sdcard0/nidfit/pattern/img
W/System.err(24604): java.io.FileNotFoundException: /storage/sdcard0/nidfit/pattern/img/3_42.jpg: open failed: EBUSY (Device or resource busy)
W/System.err(24604): 	at libcore.io.IoBridge.open(IoBridge.java:453)
W/System.err(24604): 	at java.io.FileOutputStream.<init>(FileOutputStream.java:88)
W/System.err(24604): 	at java.io.FileOutputStream.<init>(FileOutputStream.java:128)
W/System.err(24604): 	at java.io.FileOutputStream.<init>(FileOutputStream.java:117)
W/System.err(24604): 	at com.sixtyplus.nidfit.treadmill.app.repository.PlanRepoMgr.downloadImg(PlanRepoMgr.java:449)
W/System.err(24604): 	at com.sixtyplus.nidfit.treadmill.app.repository.PlanRepoMgr.savePlanAndLesson(PlanRepoMgr.java:92)
W/System.err(24604): 	at com.sixtyplus.nidfit.treadmill.app.command.SyncPlan$1.onSuccess(SyncPlan.java:116)
W/System.err(24604): 	at com.sixtyplus.nidfit.treadmill.cloudserver.impl.CloudServerImpl.execRequest(CloudServerImpl.java:242)
W/System.err(24604): 	at com.sixtyplus.nidfit.treadmill.cloudserver.impl.CloudServerImpl.requestPostEncryptSync(CloudServerImpl.java:153)
W/System.err(24604): 	at com.sixtyplus.nidfit.treadmill.app.command.SyncPlan.uploadAndDownload(SyncPlan.java:111)
W/System.err(24604): 	at com.sixtyplus.nidfit.treadmill.app.command.SyncPlan.run(SyncPlan.java:92)
W/System.err(24604): 	at java.lang.Thread.run(Thread.java:848)
W/System.err(24604): Caused by: libcore.io.ErrnoException: open failed: EBUSY (Device or resource busy)
W/System.err(24604): 	at libcore.io.Posix.open(Native Method)
W/System.err(24604): 	at libcore.io.BlockGuardOs.open(BlockGuardOs.java:110)
W/System.err(24604): 	at libcore.io.IoBridge.open(IoBridge.java:437)
W/System.err(24604): 	... 11 more
E/PlanRepoMgr(24604): savePlanAndLesson:  : 
E/PlanRepoMgr(24604): java.io.FileNotFoundException: /storage/sdcard0/nidfit/pattern/img/3_42.jpg: open failed: EBUSY (Device or resource busy)
E/PlanRepoMgr(24604): 	at libcore.io.IoBridge.open(IoBridge.java:453)
E/PlanRepoMgr(24604): 	at java.io.FileOutputStream.<init>(FileOutputStream.java:88)
E/PlanRepoMgr(24604): 	at java.io.FileOutputStream.<init>(FileOutputStream.java:128)
E/PlanRepoMgr(24604): 	at java.io.FileOutputStream.<init>(FileOutputStream.java:117)
E/PlanRepoMgr(24604): 	at com.sixtyplus.nidfit.treadmill.app.repository.PlanRepoMgr.downloadImg(PlanRepoMgr.java:449)
E/PlanRepoMgr(24604): 	at com.sixtyplus.nidfit.treadmill.app.repository.PlanRepoMgr.savePlanAndLesson(PlanRepoMgr.java:92)
E/PlanRepoMgr(24604): 	at com.sixtyplus.nidfit.treadmill.app.command.SyncPlan$1.onSuccess(SyncPlan.java:116)
E/PlanRepoMgr(24604): 	at com.sixtyplus.nidfit.treadmill.cloudserver.impl.CloudServerImpl.execRequest(CloudServerImpl.java:242)
E/PlanRepoMgr(24604): 	at com.sixtyplus.nidfit.treadmill.cloudserver.impl.CloudServerImpl.requestPostEncryptSync(CloudServerImpl.java:153)
E/PlanRepoMgr(24604): 	at com.sixtyplus.nidfit.treadmill.app.command.SyncPlan.uploadAndDownload(SyncPlan.java:111)
E/PlanRepoMgr(24604): 	at com.sixtyplus.nidfit.treadmill.app.command.SyncPlan.run(SyncPlan.java:92)
E/PlanRepoMgr(24604): 	at java.lang.Thread.run(Thread.java:848)
E/PlanRepoMgr(24604): Caused by: libcore.io.ErrnoException: open failed: EBUSY (Device or resource busy)
E/PlanRepoMgr(24604): 	at libcore.io.Posix.open(Native Method)
E/PlanRepoMgr(24604): 	at libcore.io.BlockGuardOs.open(BlockGuardOs.java:110)
E/PlanRepoMgr(24604): 	at libcore.io.IoBridge.open(IoBridge.java:437)
E/PlanRepoMgr(24604): 	... 11 more
D/SQLiteDatabase(24604): beginTransaction()
D/SQLiteDatabase(24604): endTransaction()
D/SQLiteDatabase(24604): beginTransaction()
D/SQLiteDatabase(24604): endTransaction()
E/+++++++ (24604): UserHome:   setUserInfo    
E/MainActivity(24604): +++ onCommandFinished() called with: cmd = [com.sixtyplus.nidfit.treadmill.app.command.SyncPlan@41e51ca0], e = [null]
D/dalvikvm(24604): threadid=54: exiting
D/dalvikvm(24604): threadid=54: detach (group=0x41863ce0)
E/+++++++++(24604): loadQR() called with: qrTag = [062708c971cd43cd9fa90e86351b5d6f]
E/+++++++++(24604): refreshTmpQR()  refreshTmpQR exist 062708c971cd43cd9fa90e86351b5d6f
D/dalvikvm(24604): threadid=54: removing from list
D/dalvikvm(24604): threadid=54: bye!
E/--------(24604): enterStateNormal() [062708c971cd43cd9fa90e86351b5d6f]  url:https://mp.weixin.qq.com/cgi-bin/showqrcode?ticket=gQEy8DwAAAAAAAAAAS5odHRwOi8vd2VpeGluLnFxLmNvbS9xLzAyTWU1UVV6UDVkVTIxb20tQk5xY1AAAgT2oWVaAwQgHAAA  layout:android.widget.RelativeLayout{41f9f8e8 V.E...C. ......I. 0,0-0,0 #7f0d01a0 app:id/qr_layout}
E/+++++++ (24604): UserHome:   setUserInfo    
E/+++++++++(24604): loadQR() called with: qrTag = [062708c971cd43cd9fa90e86351b5d6f]
E/+++++++++(24604): refreshTmpQR()  refreshTmpQR exist 062708c971cd43cd9fa90e86351b5d6f
E/--------(24604): enterStateNormal() [062708c971cd43cd9fa90e86351b5d6f]  url:https://mp.weixin.qq.com/cgi-bin/showqrcode?ticket=gQEy8DwAAAAAAAAAAS5odHRwOi8vd2VpeGluLnFxLmNvbS9xLzAyTWU1UVV6UDVkVTIxb20tQk5xY1AAAgT2oWVaAwQgHAAA  layout:android.widget.RelativeLayout{44110310 V.E...C. ......I. 0,0-0,0 #7f0d01a0 app:id/qr_layout}
D/dalvikvm(24604): create interp thread : stack size=128KB
D/dalvikvm(24604): create new thread
D/dalvikvm(24604): new thread created
D/dalvikvm(24604): update thread list
D/dalvikvm(24604): threadid=54: interp stack at 0x7ae7a000
D/dalvikvm(24604): threadid=54: created from interp
D/dalvikvm(24604): threadid=54: adding to list
D/dalvikvm(24604): start new thread
D/dalvikvm(24604): threadid=23: exiting
D/dalvikvm(24604): threadid=54: notify debugger
D/dalvikvm(24604): threadid=23: detach (group=0x41863ce0)
D/dalvikvm(24604): threadid=54 (Thread-2646): calling run()
D/dalvikvm(24604): threadid=23: removing from list
D/dalvikvm(24604): threadid=23: bye!
I/System.out(24604): [socket][450] connection api.nidfit.60community.com/39.108.233.87:80;LocalPort=39638(0)
I/System.out(24604): [CDS]connect[api.nidfit.60community.com/39.108.233.87:80] tm:90
D/Posix   (24604): [Posix_connect Debug]Process com.sixtyplus.nidfit.treadmill.app :80 
D/ActivityManager(  719): ACT-IDLE_NOW_MSG from windowsVisible() for idle: ActivityRecord{422e5aa0 u0 com.sixtyplus.nidfit.treadmill.app/.MainActivity t4}
D/CrashReport(24604): >>> com.sixtyplus.nidfit.treadmill.wifimgr.WifiActivity onDestroyed <<<
D/OpenGLRenderer(24604): Flushing caches (mode 0)
D/IPCThreadState(  719): [DN #5] BR_CLEAR_DEATH_NOTIFICATION_DONE cookie 0x78203908
I/BufferQueue(  151): [com.sixtyplus.nidfit.treadmill.app/com.sixtyplus.nidfit.treadmill.wifimgr.WifiActivity](this:0xb7c039c0,id:4633,api:0,p:-1,c:-1) consumerDisconnect
D/ActivityThread(24604): ACT-DESTROY_ACTIVITY handled : 1 / android.os.BinderProxy@41d19718
W/SurfaceFlinger(  151): couldn't log to binary event log: overflow.
I/BufferQueue(  151): [com.sixtyplus.nidfit.treadmill.app/com.sixtyplus.nidfit.treadmill.wifimgr.WifiActivity](this:0xb7c039c0,id:4633,api:0,p:-1,c:-1) ~BufferQueue
I/GraphicBuffer(  151): free buffer (w:1024 h:600 f:1) handle(0xb7c1bf98)
I/BufferQueue(  151): [com.sixtyplus.nidfit.treadmill.app/com.sixtyplus.nidfit.treadmill.app.MainActivity](this:0xb7c2a538,id:4646,api:1,p:24604,c:151) new GraphicBuffer needed
D/BufferQueue(  151):     [OLD] gb:NULL
I/GraphicBuffer(  151): allocate buffer (w:1024 h:600 f:1) handle(0xb7c332c0) err(0)
W/GraphicBufferExtra_hal(  151): gralloc extra device setBufInfo(...) is not supported
I/BufferQueue(  151):     [NEW] gb=0xb7c128b0, handle=0xb7c332c0, w=1024, h=600, s=1024, fmt=1
D/GraphicBuffer(24604): create handle(0x77c8efa0) (w:1024, h:600, f:1)
I/GLConsumer(  151): [com.sixtyplus.nidfit.treadmill.app/com.sixtyplus.nidfit.treadmill.app.MainActivity](this:0xb7c033f8,api:1) [void* android::GLConsumer::createImage(EGLDisplay, const android::sp<android::GraphicBuffer>&, const android::Rect&)]
D/GLConsumer(  151):     GraphicBuffer: gb=0xb7c128b0 handle=0xb7c332c0 fmt=1
D/GLConsumer(  151):     EGLImage: dpy=0x1, img=0x10000002
I/System.out(24604): [socket][/172.16.0.142:39638] connected
D/dalvikvm(24604): create interp thread : stack size=128KB
D/dalvikvm(24604): create new thread
D/dalvikvm(24604): new thread created
D/dalvikvm(24604): update thread list
D/dalvikvm(24604): threadid=23: interp stack at 0x7b095000
D/dalvikvm(24604): threadid=23: created from interp
D/dalvikvm(24604): threadid=23: adding to list
D/dalvikvm(24604): start new thread
D/dalvikvm(24604): threadid=23: notify debugger
D/dalvikvm(24604): threadid=23 (Thread-2647): calling run()
D/dalvikvm(24604): create interp thread : stack size=128KB
D/dalvikvm(24604): create new thread
D/dalvikvm(24604): new thread created
D/dalvikvm(24604): update thread list
D/dalvikvm(24604): threadid=57: interp stack at 0x7b148000
D/dalvikvm(24604): threadid=57: created from interp
D/dalvikvm(24604): threadid=57: adding to list
D/dalvikvm(24604): start new thread
D/dalvikvm(24604): threadid=57: notify debugger
D/dalvikvm(24604): threadid=57 (Timer-11): calling run()
E/CloudServerImpl(24604): onOpen() called with: handshakedata = [org.java_websocket.handshake.HandshakeImpl1Server@4545aeb8]
E/isForeground(24604): resumed 1isForeground true
E/CtrlBarStateHandler(24604): onForegoundChanged: forground:true
E/CtrlBarStateHandler(24604): +- autoSelectMode: isForground:true  isRunningfalse  requestMode:GONE
D/SurfaceFlinger(  151): SurfaceFlingerWatchdog:ERROR: open /dev/RT_Monitor failed.
D/WifiStateMachine(  719): ConnectedState{ when=-2ms what=131155 arg1=34 target=com.android.internal.util.StateMachine$SmHandler target=Handler (com.android.internal.util.StateMachine$SmHandler) {421bb670} }
D/WifiStateMachine(  719): L2ConnectedState{ when=-3ms what=131155 arg1=34 target=com.android.internal.util.StateMachine$SmHandler target=Handler (com.android.internal.util.StateMachine$SmHandler) {421bb670} }
D/WifiHW  (  719): enter -->wifi_send_command cmd=IFNAME=wlan0 SIGNAL_POLL
D/wpa_supplicant(  971): RX ctrl_iface - hexdump(len=11): 53 49 47 4e 41 4c 5f 50 4f 4c 4c
D/wpa_supplicant(  971): wlan0: Control interface command 'SIGNAL_POLL'
D/wpa_supplicant(  971): nl80211: survey data missing!
D/WifiHW  (  719): leave --> reply=RSSI=-70
D/WifiHW  (  719): LINKSPEED=65
D/WifiHW  (  719): NOISE=9999
D/WifiHW  (  719): FREQUENCY=2412
D/WifiHW  (  719): 
D/wifi    (  719): doStringCommand, buf IFNAME=wlan0 SIGNAL_POLL
I/WifiStateMachine(  719): fetchRssiAndLinkSpeedNative, newRssi:-70, newLinkSpeed:65, SSID:"60_office"
D/DhcpUtils(  719): read:ra_info_flag=0
D/dalvikvm(24604): threadid=56: exiting
D/dalvikvm(24604): threadid=56: detach (group=0x41863ce0)
D/dalvikvm(24604): threadid=56: removing from list
D/dalvikvm(24604): threadid=56: bye!
D/wpa_supplicant(  971): p2p0: Starting AP scan for wildcard SSID
D/wpa_supplicant(  971): WPS: Building WPS IE for Probe Request
D/wpa_supplicant(  971): WPS:  * Version (hardcoded 0x10)
D/wpa_supplicant(  971): WPS:  * Request Type
D/wpa_supplicant(  971): WPS:  * Config Methods (4388)
D/wpa_supplicant(  971): WPS:  * UUID-E
D/wpa_supplicant(  971): WPS:  * Primary Device Type
D/wpa_supplicant(  971): WPS:  * RF Bands (1)
D/wpa_supplicant(  971): WPS:  * Association State
D/wpa_supplicant(  971): WPS:  * Configuration Error (0)
D/wpa_supplicant(  971): WPS:  * Device Password ID (0)
D/wpa_supplicant(  971): WPS:  * Manufacturer
D/wpa_supplicant(  971): WPS:  * Model Name
D/wpa_supplicant(  971): WPS:  * Model Number
D/wpa_supplicant(  971): WPS:  * Device Name
D/wpa_supplicant(  971): WPS:  * Version2 (0x20)
D/wpa_supplicant(  971): P2P: * P2P IE header
D/wpa_supplicant(  971): P2P: * Capability dev=25 group=00
D/wpa_supplicant(  971): P2P: * Listen Channel: Regulatory Class 81 Channel 1
D/wpa_supplicant(  971): p2p0: nl80211: scan request
D/wpa_supplicant(  971): nl80211: Scan SSID - hexdump(len=0): [NULL]
D/wpa_supplicant(  971): nl80211: Scan extra IEs - hexdump(len=168): dd 93 00 50 f2 04 10 4a 00 01 10 10 3a 00 01 00 10 08 00 02 43 88 10 47 00 10 ff f5 ef c9 8b bb ...
D/wpa_supplicant(  971): Scan requested (ret=0) - scan timeout 30 seconds
D/wpa_supplicant(  971): nl80211: Event message available
D/wpa_supplicant(  971): nl80211: Drv Event 33 (NL80211_CMD_TRIGGER_SCAN) received for p2p0
D/wpa_supplicant(  971): p2p0: nl80211: Scan trigger
D/[BT3.0+HS]PAL(  172): == chip_reset_fd is set ==
D/[BT3.0+HS]PAL(  172): 
D/[BT3.0+HS]PAL(  172): invalid reply message
D/[BT3.0+HS]PAL(  172): 
D/ConnectivityService(  719): sendStickyBroadcast: action=android.net.conn.CONNECTIVITY_CHANGE
V/ActivityManager(  719): Broadcast sticky: Intent { act=android.net.conn.CONNECTIVITY_CHANGE flg=0x4000010 (has extras) } ordered=false userid=-1 callerApp=ProcessRecord{41fff248 719:system/1000}
D/dalvikvm(  152): threadid=4: exiting
D/dalvikvm(  152): threadid=4: detach (group=0x418639b8)
D/dalvikvm(  152): threadid=4: removing from list
D/dalvikvm(  152): threadid=4: bye!
D/dalvikvm(  152): threadid=3: exiting
D/dalvikvm(  152): threadid=3: detach (group=0x418639b8)
D/dalvikvm(  152): threadid=3: removing from list
D/dalvikvm(  152): threadid=3: bye!
D/dalvikvm(  152): threadid=2: exiting
D/dalvikvm(  152): threadid=2: detach (group=0x418639b8)
D/dalvikvm(  152): threadid=2: removing from list
D/dalvikvm(  152): threadid=2: bye!
D/dalvikvm(  152): pre gc
D/dalvikvm(  152): Zygote::ForkAndSpecialize +
D/PowerManagerService(  719): acquireWakeLockInternal: lock=1108595280, flags=0x1, tag="GpsLocationProvider", ws=null, uid=1000, pid=719
D/PowerManagerNotifier(  719): onWakeLockAcquired: flags=1, tag="GpsLocationProvider", packageName=android, ownerUid=1000, ownerPid=719, workSource=null
D/PowerManagerService(  719): updateWakeLockSummaryLocked: mWakefulness=Awake, mWakeLockSummary=0x1
D/dalvikvm(  152): Zygote::ForkAndSpecialize : 31023
D/dalvikvm(  152): create interp thread : stack size=128KB
D/dalvikvm(  152): create new thread
D/dalvikvm(  152): new thread created
D/dalvikvm(  152): update thread list
