D/dalvikvm( 4533): threadid=17: created from interp
D/dalvikvm( 4533): start new thread
D/dalvikvm( 4533): threadid=17: notify debugger
D/dalvikvm( 4533): threadid=17 (Thread-4716): calling run()
I/KSO_STAT( 4533): App is in background, stop update end time, ready to start a new session.
D/SQLiteDatabase( 4533): beginTransaction()
D/SQLiteDatabase( 4533): endTransaction()
D/dalvikvm( 4533): threadid=17: exiting
D/dalvikvm( 4533): threadid=17: bye!
E/overtime(13777): RecvListener
D/WebView (13777): evaluateJavascript=javascript:(function(w,n){try{var plus=((w.__html5plus__&&w.__html5plus__.isReady)?w.__html5plus__:(n.plus&&n.plus.isReady)?n.plus:window.plus);var result= {};result.status = 1;result.message = {"data":"fn5+fgAAAEd7ImNtZCI6Im5ldHdvcmsiLCJjbWRUeXBlIjoiaGVhcnQiLCJzZXF1ZW5jZSI6MCwic3RhdHVzIjoiUyIsInVpZCI6IiJ9Cg==","uid":"1000001079224195"};result.keepCallback = true;plus && plus.bridge.callbackFromNative('plus2221514271864413', result);}catch(e){console.error(e)};})(window,navigator);
I/console (13777): [LOG]  handleMessage strJoson======{"cmd":"network","cmdType":"heart","sequence":0,"status":"S","uid":""}
I/console (13777):  at dist/js/source/house.js:1
I/console (13777): [LOG] 
D/BluetoothAdapter(21382): isEnabled
D/ConnectivityService( 1655): getActiveNetworkInfo:NetworkInfo: type: WIFI[], state: CONNECTED/CONNECTED, reason: (unspecified), extra: "60_dev_01", roaming: false, failover: false, isAvailable: true, isConnectedToProvisioningNetwork: false, simId: 0/10188
I/uSDK    (13777): [CAE][D][2017-12-26 17:04:13.197390][cae_softap_user_task:730][buffer fd or timeout ]
I/uSDK    (13777): [CAE][D][2017-12-26 17:04:13.197476][cae_su_read_buffer_to_send:630][count[0]***]
I/uSDK    (13777): [CAE][D][2017-12-26 17:04:13.197528][su_ctx_fd_set:692][MAX fd[-1]]
I/console (13777): [LOG] 
I/console (13777): [LOG] ws=heartTest.success at dist/js/source/push.js:1
D/WifiStateMachine( 1655): ConnectedState{ when=-3ms what=131155 arg1=14 target=com.android.internal.util.StateMachine$SmHandler target=Handler (com.android.internal.util.StateMachine$SmHandler) {43142030} }
D/WifiStateMachine( 1655): L2ConnectedState{ when=-4ms what=131155 arg1=14 target=com.android.internal.util.StateMachine$SmHandler target=Handler (com.android.internal.util.StateMachine$SmHandler) {43142030} }
D/WifiHW  ( 1655): enter -->wifi_send_command cmd=IFNAME=wlan0 SIGNAL_POLL
D/wpa_supplicant( 3981): RX ctrl_iface - hexdump(len=11): 53 49 47 4e 41 4c 5f 50 4f 4c 4c
D/wpa_supplicant( 3981): wlan0: Control interface command 'SIGNAL_POLL'
D/wpa_supplicant( 3981): nl80211: survey data missing!
D/wpa_supplicant( 3981): signal poll, reply_len=48
D/wpa_ctrl( 1655): reply_len=4095
D/WifiHW  ( 1655): leave --> reply=RSSI=-45
D/WifiHW  ( 1655): LINKSPEED=65
D/WifiHW  ( 1655): NOISE=9999
D/WifiHW  ( 1655): FREQUENCY=2412
D/WifiHW  ( 1655): 
D/wifi    ( 1655): doStringCommand, buf IFNAME=wlan0 SIGNAL_POLL
I/WifiStateMachine( 1655): fetchRssiAndLinkSpeedNative, newRssi:-45, newLinkSpeed:65, SSID:"60_dev_01"
D/WifiStateMachine( 1655): mRssiArray[0] = -43
D/WifiStateMachine( 1655): mRssiArray[1] = -44
D/WifiStateMachine( 1655): mRssiArray[2] = -42
D/WifiStateMachine( 1655): mRssiArray[3] = -42
D/WifiStateMachine( 1655): mRssiArray[4] = -43
D/WifiStateMachine( 1655): GetFilterRssi is : -43
D/WifiStateMachine( 1655): mLastSignalLevel:4, newSignalLevel:4
D/WifiStateMachine( 1655): fetchRssiAndLinkSpeedNative, ipAddr:1795166380
D/PhoneInterfaceManagerEx( 4184): [PhoneIntfMgrEx] hasIccCard  simId=0
D/PhoneInterfaceManagerEx( 4184): [PhoneIntfMgrEx] hasIccCard  simId=1
I/console (13777): [LOG] 
I/System.out(21382): [CDS]EAGAIN in Recvfrom
I/console (13777): [LOG] 
I/console (13777): [LOG] 
D/BatteryService( 1655): mBatteryVoltage=4071, batteryLevel=50
V/ActivityManager( 1655): Broadcast sticky: Intent { act=android.intent.action.ADDITIONAL_BATTERY_CHANGED flg=0x60000010 (has extras) } ordered=false userid=-1 callerApp=null
V/ActivityManager( 1655): Broadcast sticky: Intent { act=android.intent.action.BATTERY_CHANGED flg=0x60000010 (has extras) } ordered=false userid=-1 callerApp=null
D/WifiService( 1655): onReceive, action:android.intent.action.BATTERY_CHANGED
D/WifiController( 1655): DeviceActiveState{ when=0 what=155652 arg1=2 target=com.android.internal.util.StateMachine$SmHandler target=Handler (com.android.internal.util.StateMachine$SmHandler) {431e59b8} }
D/WifiController( 1655): StaEnabledState{ when=-1ms what=155652 arg1=2 target=com.android.internal.util.StateMachine$SmHandler target=Handler (com.android.internal.util.StateMachine$SmHandler) {431e59b8} }
D/WifiController( 1655): DefaultState{ when=-1ms what=155652 arg1=2 target=com.android.internal.util.StateMachine$SmHandler target=Handler (com.android.internal.util.StateMachine$SmHandler) {431e59b8} }
D/WifiController( 1655): battery changed pluggedType: 2
D/UsbDeviceManager( 1655): onReceive - BATTERY_CHANGED - mPlugType: 2, mSettingUsbCharging: false, mConnected: true, mSettingUsbBicr: false
D/PowerSaveService( 4327): PowerSaveReceiver EXTRA_STATUS: status = 2, lastCharging = true
V/ActivityManager( 1655): Broadcast sticky: Intent { act=android.intent.action.ADDITIONAL_BATTERY_CHANGED flg=0x60000010 (has extras) } ordered=false userid=-1 callerApp=null
V/ActivityManager( 1655): Broadcast sticky: Intent { act=android.intent.action.ADDITIONAL_BATTERY_CHANGED flg=0x60000010 (has extras) } ordered=false userid=-1 callerApp=null
E/overtime(13777): RecvListener
E/overtime(13777): RecvListener
D/WebView (13777): evaluateJavascript=javascript:(function(w,n){try{var plus=((w.__html5plus__&&w.__html5plus__.isReady)?w.__html5plus__:(n.plus&&n.plus.isReady)?n.plus:window.plus);var result= {};result.status = 1;result.message = {"data":"fn5+fgAAAX97ImNtZCI6InJvb20iLCJjbWRUeXBlIjoiYWRkTW9kaWZ5Iiwicm9vbSI6eyJkZXZpY2UiOlt7ImlkIjoxMjl9LHsiaWQiOjE0Mn0seyJpZCI6MTUzfSx7ImlkIjoxNTR9LHsiaWQiOjE1NX0seyJpZCI6MTU3fSx7ImlkIjoxNTl9LHsiaWQiOjE2MH0seyJpZCI6MTY0fSx7ImlkIjoxNjd9XSwiZW52Ijp7ImNvMiI6eyJzcmNJZCI6MTY3LCJ2YWwiOi0zMjc2OH0sImh1bWlkaXR5Ijp7InNyY0lkIjoxNjcsInZhbCI6LTEyOH0sInBtMjUiOnsic3JjSWQiOjE2NywidmFsIjotMzI3Njh9LCJ0ZW1wIjp7InNyY0lkIjoxNjcsInZhbCI6LTEyOH19LCJpY29uIjoxLCJpZCI6MSwibmFtZSI6IuacquW9kuexu+iuvuWkhyJ9LCJzZXF1ZW5jZSI=","uid":"1000001079224195"};result.keepCallback = true;plus && plus.bridge.callbackFromNative('plus2221514271864413', result);}catch(e){console.error(e)};})(window,navigator);
D/WebView (13777): evaluateJavascript=javascript:(function(w,n){try{var plus=((w.__html5plus__&&w.__html5plus__.isReady)?w.__html5plus__:(n.plus&&n.plus.isReady)?n.plus:window.plus);var result= {};result.status = 1;result.message = {"data":"OjUxNTksInVpZCI6IkdBVEVXQVkifQo=","uid":"1000001079224195"};result.keepCallback = true;plus && plus.bridge.callbackFromNative('plus2221514271864413', result);}catch(e){console.error(e)};})(window,navigator);
E/overtime(13777): RecvListener
D/WebView (13777): evaluateJavascript=javascript:(function(w,n){try{var plus=((w.__html5plus__&&w.__html5plus__.isReady)?w.__html5plus__:(n.plus&&n.plus.isReady)?n.plus:window.plus);var result= {};result.status = 1;result.message = {"data":"fn5+fgAAARN7ImNtZCI6ImRldmljZSIsImNtZFR5cGUiOiJkZXRlY3RvclN0YXR1c05vdGlmeSIsImNvbm5lY3QiOiJvZmZsaW5lIiwiZW52Ijp7ImNvMiI6LTMyNzY4LCJodW1pZGl0eSI6LTEyOCwicG0yNSI6LTMyNzY4LCJ0ZW1wIjotMTI4fSwiaWNvbiI6MCwiaWQiOjE2NywibmFtZSI6IuepuuawlOaenCIsIm5vZGVJZCI6MCwib25PZmYiOiJvZmYiLCJyYW5nZSI6W10sInNlcXVlbmNlIjo1MTU5LCJzdWJUeXBlIjoiMSIsInR5cGUiOiIxMTgiLCJ1aWQiOiJHQVRFV0FZIiwidm9pY2UiOjB9Cg==","uid":"1000001079224195"};result.keepCallback = true;plus && plus.bridge.callbackFromNative('plus2221514271864413', result);}catch(e){console.error(e)};})(window,navigator);
I/console (13777): [LOG]  handleMessage strJoson======{"cmd":"room","cmdType":"addModify","room":{"device":[{"id":129},{"id":142},{"id":153},{"id":154},{"id":155},{"id":157},{"id":159},{"id":160},{"id":164},{"id":167}],"env":{"co2":{"srcId":167,"val":-32768},"humidity":{"srcId":167,"val":-128},"pm25":{"srcId":167,"val":-32768},"temp":{"srcId":167,"val":-128}},"icon":1,"id":1,"name":""},"sequence":5159,"uid":"GATEWAY"}
I/console (13777):  at dist/js/source/house.js:1
I/console (13777): [LOG] do not support this comdType11:detectorStatusNotify at dist/js/source/house.js:1
I/console (13777): [LOG]  handleMessage strJoson======{"cmd":"device","cmdType":"detectorStatusNotify","connect":"offline","env":{"co2":-32768,"humidity":-128,"pm25":-32768,"temp":-128},"icon":0,"id":167,"name":"","nodeId":0,"onOff":"off","range":[],"sequence":5159,"subType":"1","type":"118","uid":"GATEWAY","voice":0}
I/console (13777):  at dist/js/source/house.js:1
I/console (13777): [LOG]  sendHeart at dist/js/source/houseSever.js:1
D/WebView (13777): evaluateJavascript=javascript:(function(w,n){try{var plus=((w.__html5plus__&&w.__html5plus__.isReady)?w.__html5plus__:(n.plus&&n.plus.isReady)?n.plus:window.plus);var result= {};result.status = 1;result.message = {"seq":"1514279056924","uid":"1000001079224195"};result.keepCallback = false;plus && plus.bridge.callbackFromNative('plus17731514279056924', result);}catch(e){console.error(e)};})(window,navigator);
D/WifiStateMachine( 1655): ConnectedState{ when=-2ms what=131155 arg1=14 target=com.android.internal.util.StateMachine$SmHandler target=Handler (com.android.internal.util.StateMachine$SmHandler) {43142030} }
D/WifiStateMachine( 1655): L2ConnectedState{ when=-2ms what=131155 arg1=14 target=com.android.internal.util.StateMachine$SmHandler target=Handler (com.android.internal.util.StateMachine$SmHandler) {43142030} }
D/WifiHW  ( 1655): enter -->wifi_send_command cmd=IFNAME=wlan0 SIGNAL_POLL
D/wpa_supplicant( 3981): RX ctrl_iface - hexdump(len=11): 53 49 47 4e 41 4c 5f 50 4f 4c 4c
D/wpa_supplicant( 3981): wlan0: Control interface command 'SIGNAL_POLL'
D/wpa_supplicant( 3981): nl80211: survey data missing!
D/wpa_supplicant( 3981): signal poll, reply_len=48
D/wpa_ctrl( 1655): reply_len=4095
D/WifiHW  ( 1655): leave --> reply=RSSI=-45
D/WifiHW  ( 1655): LINKSPEED=65
D/WifiHW  ( 1655): NOISE=9999
D/WifiHW  ( 1655): FREQUENCY=2412
D/WifiHW  ( 1655): 
D/wifi    ( 1655): doStringCommand, buf IFNAME=wlan0 SIGNAL_POLL
I/WifiStateMachine( 1655): fetchRssiAndLinkSpeedNative, newRssi:-45, newLinkSpeed:65, SSID:"60_dev_01"
D/WifiStateMachine( 1655): mRssiArray[0] = -43
D/WifiStateMachine( 1655): mRssiArray[1] = -45
D/WifiStateMachine( 1655): mRssiArray[2] = -42
D/WifiStateMachine( 1655): mRssiArray[3] = -42
D/WifiStateMachine( 1655): mRssiArray[4] = -43
D/WifiStateMachine( 1655): GetFilterRssi is : -43
D/WifiStateMachine( 1655): mLastSignalLevel:4, newSignalLevel:4
D/WifiStateMachine( 1655): fetchRssiAndLinkSpeedNative, ipAddr:1795166380
D/dalvikvm( 4533): create interp thread : stack size=128KB
D/dalvikvm( 4533): create new thread
D/dalvikvm( 4533): new thread created
D/dalvikvm( 4533): update thread list
D/dalvikvm( 4533): threadid=17: interp stack at 0x79172000
D/dalvikvm( 4533): threadid=17: created from interp
D/dalvikvm( 4533): start new thread
D/dalvikvm( 4533): threadid=17: notify debugger
D/dalvikvm( 4533): threadid=17 (Thread-4717): calling run()
I/KSO_STAT( 4533): App is in background, stop update end time, ready to start a new session.
D/SQLiteDatabase( 4533): beginTransaction()
D/SQLiteDatabase( 4533): endTransaction()
D/dalvikvm( 4533): threadid=17: exiting
D/dalvikvm( 4533): threadid=17: bye!
E/overtime(13777): RecvListener
D/WebView (13777): evaluateJavascript=javascript:(function(w,n){try{var plus=((w.__html5plus__&&w.__html5plus__.isReady)?w.__html5plus__:(n.plus&&n.plus.isReady)?n.plus:window.plus);var result= {};result.status = 1;result.message = {"data":"fn5+fgAAAEd7ImNtZCI6Im5ldHdvcmsiLCJjbWRUeXBlIjoiaGVhcnQiLCJzZXF1ZW5jZSI6MCwic3RhdHVzIjoiUyIsInVpZCI6IiJ9Cg==","uid":"1000001079224195"};result.keepCallback = true;plus && plus.bridge.callbackFromNative('plus2221514271864413', result);}catch(e){console.error(e)};})(window,navigator);
I/console (13777): [LOG]  handleMessage strJoson======{"cmd":"network","cmdType":"heart","sequence":0,"status":"S","uid":""}
I/console (13777):  at dist/js/source/house.js:1
I/console (13777): [LOG] 
I/uSDK    (13777): [CAE][D][2017-12-26 17:04:18.221644][cae_softap_user_task:730][buffer fd or timeout ]
I/uSDK    (13777): [CAE][D][2017-12-26 17:04:18.221731][cae_su_read_buffer_to_send:630][count[0]***]
I/uSDK    (13777): [CAE][D][2017-12-26 17:04:18.221783][su_ctx_fd_set:692][MAX fd[-1]]
I/console (13777): [LOG] 
I/console (13777): [LOG] 
D/WifiStateMachine( 1655): ConnectedState{ when=-3ms what=131155 arg1=14 target=com.android.internal.util.StateMachine$SmHandler target=Handler (com.android.internal.util.StateMachine$SmHandler) {43142030} }
D/WifiStateMachine( 1655): L2ConnectedState{ when=-3ms what=131155 arg1=14 target=com.android.internal.util.StateMachine$SmHandler target=Handler (com.android.internal.util.StateMachine$SmHandler) {43142030} }
D/WifiHW  ( 1655): enter -->wifi_send_command cmd=IFNAME=wlan0 SIGNAL_POLL
D/wpa_supplicant( 3981): RX ctrl_iface - hexdump(len=11): 53 49 47 4e 41 4c 5f 50 4f 4c 4c
D/wpa_supplicant( 3981): wlan0: Control interface command 'SIGNAL_POLL'
D/wpa_supplicant( 3981): nl80211: survey data missing!
D/wpa_supplicant( 3981): signal poll, reply_len=48
D/wpa_ctrl( 1655): reply_len=4095
D/WifiHW  ( 1655): leave --> reply=RSSI=-45
D/WifiHW  ( 1655): LINKSPEED=65
D/WifiHW  ( 1655): NOISE=9999
D/WifiHW  ( 1655): FREQUENCY=2412
D/WifiHW  ( 1655): 
D/wifi    ( 1655): doStringCommand, buf IFNAME=wlan0 SIGNAL_POLL
I/WifiStateMachine( 1655): fetchRssiAndLinkSpeedNative, newRssi:-45, newLinkSpeed:65, SSID:"60_dev_01"
D/WifiStateMachine( 1655): mRssiArray[0] = -43
D/WifiStateMachine( 1655): mRssiArray[1] = -45
D/WifiStateMachine( 1655): mRssiArray[2] = -45
D/WifiStateMachine( 1655): mRssiArray[3] = -42
D/WifiStateMachine( 1655): mRssiArray[4] = -43
D/WifiStateMachine( 1655): GetFilterRssi is : -43
D/WifiStateMachine( 1655): mLastSignalLevel:4, newSignalLevel:4
D/WifiStateMachine( 1655): fetchRssiAndLinkSpeedNative, ipAddr:1795166380
I/console (13777): [LOG] 
I/console (13777): [LOG] 
V/ActivityManager( 1655): Broadcast sticky: Intent { act=android.intent.action.ADDITIONAL_BATTERY_CHANGED flg=0x60000010 (has extras) } ordered=false userid=-1 callerApp=null
V/ActivityManager( 1655): Broadcast sticky: Intent { act=android.intent.action.ADDITIONAL_BATTERY_CHANGED flg=0x60000010 (has extras) } ordered=false userid=-1 callerApp=null
V/ActivityManager( 1655): Broadcast sticky: Intent { act=android.intent.action.ADDITIONAL_BATTERY_CHANGED flg=0x60000010 (has extras) } ordered=false userid=-1 callerApp=null
I/console (13777): [LOG]  sendHeart at dist/js/source/houseSever.js:1
D/WebView (13777): evaluateJavascript=javascript:(function(w,n){try{var plus=((w.__html5plus__&&w.__html5plus__.isReady)?w.__html5plus__:(n.plus&&n.plus.isReady)?n.plus:window.plus);var result= {};result.status = 1;result.message = {"seq":"1514279061930","uid":"1000001079224195"};result.keepCallback = false;plus && plus.bridge.callbackFromNative('plus17741514279061930', result);}catch(e){console.error(e)};})(window,navigator);
D/dalvikvm( 4533): create interp thread : stack size=128KB
D/dalvikvm( 4533): create new thread
D/dalvikvm( 4533): new thread created
D/dalvikvm( 4533): update thread list
D/dalvikvm( 4533): threadid=17: interp stack at 0x79172000
D/dalvikvm( 4533): threadid=17: created from interp
D/dalvikvm( 4533): start new thread
D/dalvikvm( 4533): threadid=17: notify debugger
D/dalvikvm( 4533): threadid=17 (Thread-4718): calling run()
I/KSO_STAT( 4533): App is in background, stop update end time, ready to start a new session.
D/SQLiteDatabase( 4533): beginTransaction()
D/SQLiteDatabase( 4533): endTransaction()
D/dalvikvm( 4533): threadid=17: exiting
D/dalvikvm( 4533): threadid=17: bye!
E/overtime(13777): RecvListener
D/WebView (13777): evaluateJavascript=javascript:(function(w,n){try{var plus=((w.__html5plus__&&w.__html5plus__.isReady)?w.__html5plus__:(n.plus&&n.plus.isReady)?n.plus:window.plus);var result= {};result.status = 1;result.message = {"data":"fn5+fgAAAEd7ImNtZCI6Im5ldHdvcmsiLCJjbWRUeXBlIjoiaGVhcnQiLCJzZXF1ZW5jZSI6MCwic3RhdHVzIjoiUyIsInVpZCI6IiJ9Cg==","uid":"1000001079224195"};result.keepCallback = true;plus && plus.bridge.callbackFromNative('plus2221514271864413', result);}catch(e){console.error(e)};})(window,navigator);
I/console (13777): [LOG]  handleMessage strJoson======{"cmd":"network","cmdType":"heart","sequence":0,"status":"S","uid":""}
I/console (13777):  at dist/js/source/house.js:1
I/console (13777): [LOG] 
D/WifiStateMachine( 1655): ConnectedState{ when=-1ms what=131155 arg1=14 target=com.android.internal.util.StateMachine$SmHandler target=Handler (com.android.internal.util.StateMachine$SmHandler) {43142030} }
D/WifiStateMachine( 1655): L2ConnectedState{ when=-1ms what=131155 arg1=14 target=com.android.internal.util.StateMachine$SmHandler target=Handler (com.android.internal.util.StateMachine$SmHandler) {43142030} }
D/WifiHW  ( 1655): enter -->wifi_send_command cmd=IFNAME=wlan0 SIGNAL_POLL
D/wpa_supplicant( 3981): RX ctrl_iface - hexdump(len=11): 53 49 47 4e 41 4c 5f 50 4f 4c 4c
D/wpa_supplicant( 3981): wlan0: Control interface command 'SIGNAL_POLL'
D/wpa_supplicant( 3981): nl80211: survey data missing!
D/wpa_supplicant( 3981): signal poll, reply_len=48
D/wpa_ctrl( 1655): reply_len=4095
D/WifiHW  ( 1655): leave --> reply=RSSI=-45
D/WifiHW  ( 1655): LINKSPEED=65
D/WifiHW  ( 1655): NOISE=9999
D/WifiHW  ( 1655): FREQUENCY=2412
D/WifiHW  ( 1655): 
D/wifi    ( 1655): doStringCommand, buf IFNAME=wlan0 SIGNAL_POLL
I/WifiStateMachine( 1655): fetchRssiAndLinkSpeedNative, newRssi:-45, newLinkSpeed:65, SSID:"60_dev_01"
D/WifiStateMachine( 1655): mRssiArray[0] = -43
D/WifiStateMachine( 1655): mRssiArray[1] = -45
D/WifiStateMachine( 1655): mRssiArray[2] = -45
D/WifiStateMachine( 1655): mRssiArray[3] = -45
D/WifiStateMachine( 1655): mRssiArray[4] = -43
D/WifiStateMachine( 1655): GetFilterRssi is : -44
D/WifiStateMachine( 1655): mLastSignalLevel:4, newSignalLevel:4
D/WifiStateMachine( 1655): fetchRssiAndLinkSpeedNative, ipAddr:1795166380
I/uSDK    (13777): [CAE][D][2017-12-26 17:04:23.246641][cae_softap_user_task:730][buffer fd or timeout ]
I/uSDK    (13777): [CAE][D][2017-12-26 17:04:23.246729][cae_su_read_buffer_to_send:630][count[0]***]
I/uSDK    (13777): [CAE][D][2017-12-26 17:04:23.246780][su_ctx_fd_set:692][MAX fd[-1]]
I/console (13777): [LOG] 
I/console (13777): [LOG] ws=heartTest.success at dist/js/source/push.js:1
D/dalvikvm(27455): between the previous GC alloc  6272K
D/dalvikvm(27455): GC_CONCURRENT freed 6290K (126773), 56% free 20335K/46020K, paused 18ms+24ms, total 157ms
I/System.out(27455): [CDS]close[55804]
I/System.out(27455): close [socket][/0.0.0.0:55804]
I/System.out(27455): close [socket][/0.0.0.0:55804]
I/console (13777): [LOG] 
I/console (13777): [LOG] 
E/RemoteViews(27455): ANR Warning,RemoteViews can only be used once ,if not ,it may cause ANR in hosts such as Laucher,SystemUI. keys for search <ANR Exception MSG   History>
D/RemoteViews( 1655): RemoteViews parcel: android.os.Parcel@454e3af8 bitmapCache: null
V/NotificationService( 1655): enqueueNotificationInternal: pkg=com.tencent.android.qqdownloader id=127 notification=Notification(pri=1 contentView=com.tencent.android.qqdownloader/0x7f0401f0 vibrate=null sound=null defaults=0x0 flags=0xa2 kind=[null])
V/NotificationService( 1655): Initial score is 20.
V/NotificationService( 1655): Final score is 20.
V/MoMS.NotificationController( 1655): notifications are enabled for com.tencent.android.qqdownloader
D/AppOps  ( 1655): noteOperation: allowing code 11 uid 10155 package com.tencent.android.qqdownloader
V/NotificationService( 1655): Assigned score=20 to Notification(pri=2 contentView=com.tencent.android.qqdownloader/0x7f0401f0 vibrate=null sound=null defaults=0x0 flags=0xa2 kind=[null])
D/RemoteViews( 1655): RemoteViews parcel: android.os.Parcel@434c3c10 bitmapCache: null
D/NotificationService( 1655): useDefaultSound=false
D/NotificationService( 1655): notification.sound=null
D/RemoteViews( 5365): RemoteViews parcel: android.os.Parcel@42b4c0e0 bitmapCache: null
E/RemoteViews( 1655): ANR Warning,RemoteViews can only be used once ,if not ,it may cause ANR in hosts such as Laucher,SystemUI. keys for search <ANR Exception MSG   History>
D/WifiStateMachine( 1655): ConnectedState{ when=-3ms what=131155 arg1=14 target=com.android.internal.util.StateMachine$SmHandler target=Handler (com.android.internal.util.StateMachine$SmHandler) {43142030} }
D/WifiStateMachine( 1655): L2ConnectedState{ when=-3ms what=131155 arg1=14 target=com.android.internal.util.StateMachine$SmHandler target=Handler (com.android.internal.util.StateMachine$SmHandler) {43142030} }
D/WifiHW  ( 1655): enter -->wifi_send_command cmd=IFNAME=wlan0 SIGNAL_POLL
D/wpa_supplicant( 3981): RX ctrl_iface - hexdump(len=11): 53 49 47 4e 41 4c 5f 50 4f 4c 4c
D/wpa_supplicant( 3981): wlan0: Control interface command 'SIGNAL_POLL'
D/wpa_supplicant( 3981): nl80211: survey data missing!
D/wpa_supplicant( 3981): signal poll, reply_len=48
D/wpa_ctrl( 1655): reply_len=4095
D/WifiHW  ( 1655): leave --> reply=RSSI=-46
D/WifiHW  ( 1655): LINKSPEED=65
D/WifiHW  ( 1655): NOISE=9999
D/WifiHW  ( 1655): FREQUENCY=2412
D/WifiHW  ( 1655): 
D/wifi    ( 1655): doStringCommand, buf IFNAME=wlan0 SIGNAL_POLL
I/WifiStateMachine( 1655): fetchRssiAndLinkSpeedNative, newRssi:-46, newLinkSpeed:65, SSID:"60_dev_01"
D/WifiStateMachine( 1655): mRssiArray[0] = -43
D/WifiStateMachine( 1655): mRssiArray[1] = -45
D/WifiStateMachine( 1655): mRssiArray[2] = -45
D/WifiStateMachine( 1655): mRssiArray[3] = -45
D/WifiStateMachine( 1655): mRssiArray[4] = -45
D/WifiStateMachine( 1655): GetFilterRssi is : -44
D/WifiStateMachine( 1655): mLastSignalLevel:4, newSignalLevel:4
D/WifiStateMachine( 1655): fetchRssiAndLinkSpeedNative, ipAddr:1795166380
D/RemoteViews(20739): RemoteViews parcel: android.os.Parcel@4272df20 bitmapCache: null
D/PhoneInterfaceManagerEx( 4184): [PhoneIntfMgrEx] hasIccCard  simId=0
D/PhoneInterfaceManagerEx( 4184): [PhoneIntfMgrEx] hasIccCard  simId=1
I/console (13777): [LOG] 
V/ActivityManager( 1655): Broadcast sticky: Intent { act=android.intent.action.ADDITIONAL_BATTERY_CHANGED flg=0x60000010 (has extras) } ordered=false userid=-1 callerApp=null
V/ActivityManager( 1655): Broadcast sticky: Intent { act=android.intent.action.ADDITIONAL_BATTERY_CHANGED flg=0x60000010 (has extras) } ordered=false userid=-1 callerApp=null
V/ActivityManager( 1655): Broadcast sticky: Intent { act=android.intent.action.ADDITIONAL_BATTERY_CHANGED flg=0x60000010 (has extras) } ordered=false userid=-1 callerApp=null
E/overtime(13777): RecvListener
E/overtime(13777): RecvListener
D/WebView (13777): evaluateJavascript=javascript:(function(w,n){try{var plus=((w.__html5plus__&&w.__html5plus__.isReady)?w.__html5plus__:(n.plus&&n.plus.isReady)?n.plus:window.plus);var result= {};result.status = 1;result.message = {"data":"fn5+fgAAAX97ImNtZCI6InJvb20iLCJjbWRUeXBlIjoiYWRkTW9kaWZ5Iiwicm9vbSI6eyJkZXZpY2UiOlt7ImlkIjoxMjl9LHsiaWQiOjE0Mn0seyJpZCI6MTUzfSx7ImlkIjoxNTR9LHsiaWQiOjE1NX0seyJpZCI6MTU3fSx7ImlkIjoxNTl9LHsiaWQiOjE2MH0seyJpZCI6MTY0fSx7ImlkIjoxNjd9XSwiZW52Ijp7ImNvMiI6eyJzcmNJZCI6MTY3LCJ2YWwiOi0zMjc2OH0sImh1bWlkaXR5Ijp7InNyY0lkIjoxNjcsInZhbCI6LTEyOH0sInBtMjUiOnsic3JjSWQiOjE2NywidmFsIjotMzI3Njh9LCJ0ZW1wIjp7InNyY0lkIjoxNjcsInZhbCI6LTEyOH19LCJpY29uIjoxLCJpZCI6MSwibmFtZSI6IuacquW9kuexu+iuvuWkhyJ9LCJzZXF1ZW5jZSI6NTE2MSwidWlkIjoiR0FURVdBWSJ9Cn5+fn4AAAETeyJjbWQiOiJkZXZpY2UiLCI=","uid":"1000001079224195"};result.keepCallback = true;plus && plus.bridge.callbackFromNative('plus2221514271864413', result);}catch(e){console.error(e)};})(window,navigator);
D/WebView (13777): evaluateJavascript=javascript:(function(w,n){try{var plus=((w.__html5plus__&&w.__html5plus__.isReady)?w.__html5plus__:(n.plus&&n.plus.isReady)?n.plus:window.plus);var result= {};result.status = 1;result.message = {"data":"Y21kVHlwZSI6ImRldGVjdG9yU3RhdHVzTm90aWZ5IiwiY29ubmVjdCI6Im9mZmxpbmUiLCJlbnYiOnsiY28yIjotMzI3NjgsImh1bWlkaXR5IjotMTI4LCJwbTI1IjotMzI3NjgsInRlbXAiOi0xMjh9LCJpY29uIjowLCJpZCI6MTY3LCJuYW1lIjoi56m65rCU5p6cIiwibm9kZUlkIjowLCJvbk9mZiI6Im9mZiIsInJhbmdlIjpbXSwic2VxdWVuY2UiOjUxNjEsInN1YlR5cGUiOiIxIiwidHlwZSI6IjExOCIsInVpZCI6IkdBVEVXQVkiLCJ2b2ljZSI6MH0K","uid":"1000001079224195"};result.keepCallback = true;plus && plus.bridge.callbackFromNative('plus2221514271864413', result);}catch(e){console.error(e)};})(window,navigator);
I/console (13777): [LOG]  handleMessage strJoson======{"cmd":"room","cmdType":"addModify","room":{"device":[{"id":129},{"id":142},{"id":153},{"id":154},{"id":155},{"id":157},{"id":159},{"id":160},{"id":164},{"id":167}],"env":{"co2":{"srcId":167,"val":-32768},"humidity":{"srcId":167,"val":-128},"pm25":{"srcId":167,"val":-32768},"temp":{"srcId":167,"val":-128}},"icon":1,"id":1,"name":""},"sequence":5161,"uid":"GATEWAY"}
I/console (13777):  at dist/js/source/house.js:1
I/console (13777): [LOG] do not support this comdType11:detectorStatusNotify at dist/js/source/house.js:1
I/console (13777): [LOG]  handleMessage strJoson======{"cmd":"device","cmdType":"detectorStatusNotify","connect":"offline","env":{"co2":-32768,"humidity":-128,"pm25":-32768,"temp":-128},"icon":0,"id":167,"name":"","nodeId":0,"onOff":"off","range":[],"sequence":5161,"subType":"1","type":"118","uid":"GATEWAY","voice":0}
I/console (13777):  at dist/js/source/house.js:1
I/console (13777): [LOG]  sendHeart at dist/js/source/houseSever.js:1
D/WebView (13777): evaluateJavascript=javascript:(function(w,n){try{var plus=((w.__html5plus__&&w.__html5plus__.isReady)?w.__html5plus__:(n.plus&&n.plus.isReady)?n.plus:window.plus);var result= {};result.status = 1;result.message = {"seq":"1514279066940","uid":"1000001079224195"};result.keepCallback = false;plus && plus.bridge.callbackFromNative('plus17751514279066940', result);}catch(e){console.error(e)};})(window,navigator);
D/dalvikvm( 4533): create interp thread : stack size=128KB
D/dalvikvm( 4533): create new thread
D/dalvikvm( 4533): new thread created
D/dalvikvm( 4533): update thread list
D/dalvikvm( 4533): threadid=17: interp stack at 0x79172000
D/dalvikvm( 4533): threadid=17: created from interp
D/dalvikvm( 4533): start new thread
D/dalvikvm( 4533): threadid=17: notify debugger
D/dalvikvm( 4533): threadid=17 (Thread-4719): calling run()
I/KSO_STAT( 4533): App is in background, stop update end time, ready to start a new session.
D/SQLiteDatabase( 4533): beginTransaction()
D/SQLiteDatabase( 4533): endTransaction()
D/dalvikvm( 4533): threadid=17: exiting
D/dalvikvm( 4533): threadid=17: bye!
E/overtime(13777): RecvListener
D/WebView (13777): evaluateJavascript=javascript:(function(w,n){try{var plus=((w.__html5plus__&&w.__html5plus__.isReady)?w.__html5plus__:(n.plus&&n.plus.isReady)?n.plus:window.plus);var result= {};result.status = 1;result.message = {"data":"fn5+fgAAAEd7ImNtZCI6Im5ldHdvcmsiLCJjbWRUeXBlIjoiaGVhcnQiLCJzZXF1ZW5jZSI6MCwic3RhdHVzIjoiUyIsInVpZCI6IiJ9Cg==","uid":"1000001079224195"};result.keepCallback = true;plus && plus.bridge.callbackFromNative('plus2221514271864413', result);}catch(e){console.error(e)};})(window,navigator);
I/console (13777): [LOG]  handleMessage strJoson======{"cmd":"network","cmdType":"heart","sequence":0,"status":"S","uid":""}
I/console (13777):  at dist/js/source/house.js:1
V/ActivityManager( 1655): Broadcast sticky: Intent { act=android.intent.action.SIG_STR flg=0x10 (has extras) } ordered=false userid=-1 callerApp=ProcessRecord{4276e330 1655:system/1000}
D/cell strength( 4118): ===== cell singal strength changed : 19
I/console (13777): [LOG] 
I/uSDK    (13777): [CAE][D][2017-12-26 17:04:28.271586][cae_softap_user_task:730][buffer fd or timeout ]
I/uSDK    (13777): [CAE][D][2017-12-26 17:04:28.271676][cae_su_read_buffer_to_send:630][count[0]***]
I/uSDK    (13777): [CAE][D][2017-12-26 17:04:28.271728][su_ctx_fd_set:692][MAX fd[-1]]
I/console (13777): [LOG] 
D/AndroidRuntime(24414): 
D/AndroidRuntime(24414): >>>>>> AndroidRuntime START com.android.internal.os.RuntimeInit <<<<<<
D/AndroidRuntime(24414): CheckJNI is OFF
D/AndroidRuntime(24414): language=-Duser.language=zh region=-Duser.region=CN
D/dalvikvm(24414): boot class : 
D/dalvikvm(24414):   (0) core.jar
D/dalvikvm(24414):   (1) conscrypt.jar
D/dalvikvm(24414):   (2) okhttp.jar
D/dalvikvm(24414):   (3) core-junit.jar
D/dalvikvm(24414):   (4) bouncycastle.jar
D/dalvikvm(24414):   (5) ext.jar
D/dalvikvm(24414):   (6) framework.jar
D/dalvikvm(24414):   (7) framework2.jar
D/dalvikvm(24414):   (8) telephony-common.jar
D/dalvikvm(24414):   (9) voip-common.jar
D/dalvikvm(24414):   (10) mms-common.jar
D/dalvikvm(24414):   (11) android.policy.jar
D/dalvikvm(24414):   (12) services.jar
D/dalvikvm(24414):   (13) apache-xml.jar
D/dalvikvm(24414):   (14) webviewchromium.jar
D/dalvikvm(24414):   (15) mediatek-common.jar
D/dalvikvm(24414):   (16) mediatek-framework.jar
D/dalvikvm(24414):   (17) CustomProperties.jar
D/dalvikvm(24414):   (18) mediatek-telephony-common.jar
D/dalvikvm(24414):   (19) mediatek-tablet.jar
D/dalvikvm(24414):   (20) oppo-framework.jar
D/dalvikvm(24414):   (21) am.jar
D/dalvikvm(24414): threadid=1: interp stack at 0x6d91a000
D/dalvikvm(24414): dvmJarFileOpen: /system/framework/core.jar
D/ReserveFileInData(24415): Total_size = 12702646272 B = 12404928 KB = 12114 MB = 11 GB
D/ReserveFileInData(24415): Disk_free = 9011 MB = 8 GB
D/ReserveFileInData(24415): Disk_available = 8995 MB = 8 GB
D/ReserveFileInData(24415): availDataSize is 8995
D/dalvikvm(24414): dvmJarFileOpen: /system/framework/conscrypt.jar
D/dalvikvm(24414): dvmJarFileOpen: /system/framework/okhttp.jar
D/dalvikvm(24414): dvmJarFileOpen: /system/framework/core-junit.jar
D/dalvikvm(24414): dvmJarFileOpen: /system/framework/bouncycastle.jar
D/dalvikvm(24414): dvmJarFileOpen: /system/framework/ext.jar
D/dalvikvm(24414): dvmJarFileOpen: /system/framework/framework.jar
D/dalvikvm(24414): dvmJarFileOpen: /system/framework/framework2.jar
D/dalvikvm(24414): dvmJarFileOpen: /system/framework/telephony-common.jar
D/dalvikvm(24414): dvmJarFileOpen: /system/framework/voip-common.jar
D/dalvikvm(24414): dvmJarFileOpen: /system/framework/mms-common.jar
D/dalvikvm(24414): dvmJarFileOpen: /system/framework/android.policy.jar
D/dalvikvm(24414): dvmJarFileOpen: /system/framework/services.jar
D/dalvikvm(24414): dvmJarFileOpen: /system/framework/apache-xml.jar
D/dalvikvm(24414): dvmJarFileOpen: /system/framework/webviewchromium.jar
D/dalvikvm(24414): dvmJarFileOpen: /system/framework/mediatek-common.jar
D/dalvikvm(24414): dvmJarFileOpen: /system/framework/mediatek-framework.jar
D/dalvikvm(24414): dvmJarFileOpen: /system/framework/CustomProperties.jar
D/dalvikvm(24414): dvmJarFileOpen: /system/framework/mediatek-telephony-common.jar
D/dalvikvm(24414): dvmJarFileOpen: /system/framework/mediatek-tablet.jar
D/dalvikvm(24414): dvmJarFileOpen: /system/framework/oppo-framework.jar
D/dalvikvm(24414): open_cached_dex_file : /system/framework/oppo-framework.jar /data/dalvik-cache/system@framework@oppo-framework.jar@classes.dex
D/dalvikvm(24414): process bootclasspath ex!!
D/dalvikvm(24414): dvmJarFileOpen: /system/framework/mediatek-op.jar
D/dalvikvm(24414): open_cached_dex_file : /system/framework/mediatek-op.jar /data/dalvik-cache/system@framework@mediatek-op.jar@classes.dex
D/dalvikvm(24414): Trying to load lib libjavacore.so 0x0
D/dalvikvm(24414): Added shared lib libjavacore.so 0x0
D/dalvikvm(24414): Trying to load lib libnativehelper.so 0x0
D/dalvikvm(24414): Added shared lib libnativehelper.so 0x0
D/dalvikvm(24414): No JNI_OnLoad found in libnativehelper.so 0x0, skipping init
D/dalvikvm(24414): +++ finishing prep on main VM thread
D/dalvikvm(24414): dvmJarFileOpen: /system/framework/am.jar
I/dalvikvm(24414): DexOpt: mismatch dep name: '/data/dalvik-cache/system@framework@oppo-framework.jar@classes.dex' vs. '/system/framework/oppo-framework.odex'
D/dalvikvm(24414): == DexOpt: numDeps = 21
D/dalvikvm(24414): 0 : /system/framework/core.odex /system/framework/core.odex
D/dalvikvm(24414): 1 : /system/framework/conscrypt.odex /system/framework/conscrypt.odex
D/dalvikvm(24414): 2 : /system/framework/okhttp.odex /system/framework/okhttp.odex
D/dalvikvm(24414): 3 : /system/framework/core-junit.odex /system/framework/core-junit.odex
D/dalvikvm(24414): 4 : /system/framework/bouncycastle.odex /system/framework/bouncycastle.odex
D/dalvikvm(24414): 5 : /system/framework/ext.odex /system/framework/ext.odex
D/dalvikvm(24414): 6 : /system/framework/framework.odex /system/framework/framework.odex
D/dalvikvm(24414): 7 : /system/framework/framework2.odex /system/framework/framework2.odex
D/dalvikvm(24414): 8 : /system/framework/telephony-common.odex /system/framework/telephony-common.odex
D/dalvikvm(24414): 9 : /system/framework/voip-common.odex /system/framework/voip-common.odex
D/dalvikvm(24414): 10 : /system/framework/mms-common.odex /system/framework/mms-common.odex
D/dalvikvm(24414): 11 : /system/framework/android.policy.odex /system/framework/android.policy.odex
D/dalvikvm(24414): 12 : /system/framework/services.odex /system/framework/services.odex
D/dalvikvm(24414): 13 : /system/framework/apache-xml.odex /system/framework/apache-xml.odex
D/dalvikvm(24414): 14 : /system/framework/webviewchromium.odex /system/framework/webviewchromium.odex
D/dalvikvm(24414): 15 : /system/framework/mediatek-common.odex /system/framework/mediatek-common.odex
D/dalvikvm(24414): 16 : /system/framework/mediatek-framework.odex /system/framework/mediatek-framework.odex
D/dalvikvm(24414): 17 : /system/framework/CustomProperties.odex /system/framework/CustomProperties.odex
D/dalvikvm(24414): 18 : /system/framework/mediatek-telephony-common.odex /system/framework/mediatek-telephony-common.odex
D/dalvikvm(24414): 19 : /system/framework/mediatek-tablet.odex /system/framework/mediatek-tablet.odex
D/dalvikvm(24414): 20 : /system/framework/oppo-framework.odex /system/framework/oppo-framework.odex
D/dalvikvm(24414): 21 : NULL NULL
E/dalvikvm(24414): /system/framework/am.jar odex has stale dependencies
D/dalvikvm(24414): open_cached_dex_file : /system/framework/am.jar /data/dalvik-cache/system@framework@am.jar@classes.dex
D/dalvikvm(24414): create interp thread : stack size=128KB
D/dalvikvm(24414): create new thread
D/dalvikvm(24414): new thread created
D/dalvikvm(24414): update thread list
D/dalvikvm(24414): threadid=2: interp stack at 0x72e70000
D/dalvikvm(24414): threadid=2: created from interp
D/dalvikvm(24414): start new thread
D/dalvikvm(24414): threadid=2: notify debugger
D/dalvikvm(24414): threadid=2 (ReferenceQueueDaemon): calling run()
D/dalvikvm(24414): create interp thread : stack size=128KB
D/dalvikvm(24414): create new thread
D/dalvikvm(24414): new thread created
D/dalvikvm(24414): update thread list
D/dalvikvm(24414): threadid=3: interp stack at 0x72f90000
D/dalvikvm(24414): threadid=3: created from interp
D/dalvikvm(24414): start new thread
D/dalvikvm(24414): threadid=3: notify debugger
D/dalvikvm(24414): threadid=3 (FinalizerDaemon): calling run()
D/dalvikvm(24414): create interp thread : stack size=128KB
D/dalvikvm(24414): create new thread
D/dalvikvm(24414): new thread created
D/dalvikvm(24414): update thread list
D/dalvikvm(24414): threadid=4: interp stack at 0x730b0000
D/dalvikvm(24414): threadid=4: created from interp
D/dalvikvm(24414): start new thread
D/dalvikvm(24414): threadid=4: notify debugger
D/dalvikvm(24414): threadid=4 (FinalizerWatchdogDaemon): calling run()
D/dalvikvm(24414): threadid=5: interp stack at 0x732d0000
D/dalvikvm(24414): threadid=6: interp stack at 0x733f1000
D/dalvikvm(24414): Elevating priority from 0 to -8
D/jdwp    (24414): prepping for JDWP over ADB
D/dalvikvm(24414): threadid=7: interp stack at 0x73514000
D/jdwp    (24414): JDWP: thread running
D/dalvikvm(24414): threadid=8: interp stack at 0x73635000
D/jdwp    (24414): trying to receive file descriptor from ADB
D/ADB_SERVICES(  297): adb fdevent_process list (22) (16) (12) (17) (15) 
D/ADB_SERVICES(  297): Adding socket 15 pid 24414 to jdwp process list
D/dalvikvm(24414): Note: class Landroid/app/ActivityManagerNative; has 194 unimplemented (abstract) methods
E/memtrack(24414): Couldn't load memtrack module (No such file or directory)
E/android.os.Debug(24414): failed to load memtrack module: -2
D/WifiStateMachine( 1655): ConnectedState{ when=-2ms what=131155 arg1=14 target=com.android.internal.util.StateMachine$SmHandler target=Handler (com.android.internal.util.StateMachine$SmHandler) {43142030} }
D/WifiStateMachine( 1655): L2ConnectedState{ when=-2ms what=131155 arg1=14 target=com.android.internal.util.StateMachine$SmHandler target=Handler (com.android.internal.util.StateMachine$SmHandler) {43142030} }
D/WifiHW  ( 1655): enter -->wifi_send_command cmd=IFNAME=wlan0 SIGNAL_POLL
D/wpa_supplicant( 3981): RX ctrl_iface - hexdump(len=11): 53 49 47 4e 41 4c 5f 50 4f 4c 4c
D/wpa_supplicant( 3981): wlan0: Control interface command 'SIGNAL_POLL'
D/AndroidRuntime(24414): Calling main entry com.android.commands.am.Am
D/dalvikvm(24414): threadid=9: interp stack at 0x73b18000
D/dalvikvm(24414): threadid=10: interp stack at 0x73c38000
D/wpa_supplicant( 3981): nl80211: survey data missing!
D/wpa_supplicant( 3981): signal poll, reply_len=48
D/wpa_ctrl( 1655): reply_len=4095
D/WifiHW  ( 1655): leave --> reply=RSSI=-46
D/WifiHW  ( 1655): LINKSPEED=65
D/WifiHW  ( 1655): NOISE=9999
D/WifiHW  ( 1655): FREQUENCY=2412
D/WifiHW  ( 1655): 
D/wifi    ( 1655): doStringCommand, buf IFNAME=wlan0 SIGNAL_POLL
I/WifiStateMachine( 1655): fetchRssiAndLinkSpeedNative, newRssi:-46, newLinkSpeed:65, SSID:"60_dev_01"
D/WifiStateMachine( 1655): mRssiArray[0] = -46
D/WifiStateMachine( 1655): mRssiArray[1] = -45
D/WifiStateMachine( 1655): mRssiArray[2] = -45
D/WifiStateMachine( 1655): mRssiArray[3] = -45
D/WifiStateMachine( 1655): mRssiArray[4] = -45
D/WifiStateMachine( 1655): GetFilterRssi is : -45
D/WifiStateMachine( 1655): mLastSignalLevel:4, newSignalLevel:4
D/WifiStateMachine( 1655): fetchRssiAndLinkSpeedNative, ipAddr:1795166380
D/AndroidRuntime(24414): Shutting down VM
D/ActivityThread(31092): SVC-Calling onStartCommand: io.dcloud.feature.apsGt.GTNormalPushService@427587e0, flags=0, startId=81
D/dalvikvm(24414): threadid=1: bye!
D/dalvikvm(24414): DestroyJavaVM waiting for non-daemon threads to exit
D/ActivityThread(31092): SVC-SERVICE_ARGS handled : 0 / ServiceArgsData{token=android.os.BinderProxy@427534b8 startId=81 args=Intent { cmp=io.dcloud.HBuilder/io.dcloud.feature.apsGt.GTNormalPushService }}
D/dalvikvm(24414): threadid=9: bye!
D/dalvikvm(24414): threadid=1: interp stack at 0x73a18000
D/dalvikvm(24414): threadid=10: last non-daemon thread
D/dalvikvm(24414): threadid=10: bye!
D/dalvikvm(24414): DestroyJavaVM shutting VM down
D/dalvikvm(24414): VM shutting down
D/dalvikvm(24414): between the previous GC alloc  738K
D/dalvikvm(24414): GC_CONCURRENT freed 98K (1031), 14% free 639K/740K, paused 1ms+1ms, total 4ms
D/dalvikvm(24414): threadid=5: bye!
D/jdwp    (24414): JDWP shutting down net...
D/jdwp    (24414): +++ writing to wakePipe
E/jdwp    (24414): jdwp::setsockopt(SO_SNDTIMEO)
E/jdwp    (24414): jdwp::setsockopt(SO_RCVTIMEO)
D/jdwp    (24414): JDWP: thread exiting
W/ADB_SERVICES(  297): terminating JDWP 24414 connection: I/O error
D/ADB_SERVICES(  297): remove pid 24414 to jdwp process list
D/dalvikvm(24414): threadid=7: bye!
D/jdwp    (24414): JDWP freeing netstate...
I/dalvikvm(24414): threadid=6: ignore signal 3
D/dalvikvm(24414): threadid=6: bye!
D/dalvikvm(24414): 127 compilations using 4096 + 14504 bytes
D/dalvikvm(24414): Compiler arena uses 6 blocks (8100 bytes each)
D/dalvikvm(24414): Compiler work queue length is 0/8
D/dalvikvm(24414): JIT: table size is 4096, entries used is 134
D/dalvikvm(24414): JIT: 134 traces, 4096 slots, 7 chains, 40 thresh, Non-blocking
D/dalvikvm(24414): JIT: 75 Translation chains, 7 interp stubs
D/dalvikvm(24414): dalvik.vm.jit.op = 0-2,7,a,c,e-f,11-14,1c-1e,21-23,28,2c,32-39,44,46,48-49,4b,4d,50,52,54-55,59,62,70-71,8e,90,95-96,b0-b1,b5,b7,d5,d8,da,dd,e0-e2,ee,f0-f2,f4-f6,f8,
D/dalvikvm(24414): Code size stats: 0/614 (compiled/total Dalvik), 0 (native)
D/dalvikvm(24414): Compiler thread shutting down
D/dalvikvm(24414): threadid=8: bye!
D/dalvikvm(24414): Compiler thread has shut down
D/dalvikvm(24414): threadid=1: suspending daemon id=4 name='FinalizerWatchdogDaemon'
D/dalvikvm(24414): threadid=1: suspending daemon id=3 name='FinalizerDaemon'
D/dalvikvm(24414): threadid=1: suspending daemon id=2 name='ReferenceQueueDaemon'
D/dalvikvm(24414): threadid=1: all daemons have suspended
D/dalvikvm(24414): VM cleaning up
D/dalvikvm(24414): LinearAlloc 0x0 used 1387780 of 33554432 (4%)
I/console (13777): [LOG] 
I/thermal_repeater(  274): oh, queryMdThermalInfo (0)Bad file number
I/console (13777): [LOG] 
I/thermal_repeater(  274): [recvMdThermalInfo] ret=25, strLen=127,  1, 32767,,, -1, 32767, 2
I/uSDK    (13777): [CAE][D][2017-12-26 17:04:30.472890][cae_sr_k_loop:965][mdns resolver loop timeout event happen, interval time:20s]
D/BatteryService( 1655): mBatteryVoltage=4078, batteryLevel=50
V/ActivityManager( 1655): Broadcast sticky: Intent { act=android.intent.action.ADDITIONAL_BATTERY_CHANGED flg=0x60000010 (has extras) } ordered=false userid=-1 callerApp=null
V/ActivityManager( 1655): Broadcast sticky: Intent { act=android.intent.action.BATTERY_CHANGED flg=0x60000010 (has extras) } ordered=false userid=-1 callerApp=null
I/console (13777): [LOG] 
D/WifiService( 1655): onReceive, action:android.intent.action.BATTERY_CHANGED
D/WifiController( 1655): DeviceActiveState{ when=0 what=155652 arg1=2 target=com.android.internal.util.StateMachine$SmHandler target=Handler (com.android.internal.util.StateMachine$SmHandler) {431e59b8} }
D/WifiController( 1655): StaEnabledState{ when=0 what=155652 arg1=2 target=com.android.internal.util.StateMachine$SmHandler target=Handler (com.android.internal.util.StateMachine$SmHandler) {431e59b8} }
D/WifiController( 1655): DefaultState{ when=-1ms what=155652 arg1=2 target=com.android.internal.util.StateMachine$SmHandler target=Handler (com.android.internal.util.StateMachine$SmHandler) {431e59b8} }
D/WifiController( 1655): battery changed pluggedType: 2
D/UsbDeviceManager( 1655): onReceive - BATTERY_CHANGED - mPlugType: 2, mSettingUsbCharging: false, mConnected: true, mSettingUsbBicr: false
D/PowerSaveService( 4327): PowerSaveReceiver EXTRA_STATUS: status = 2, lastCharging = true
V/ActivityManager( 1655): Broadcast sticky: Intent { act=android.intent.action.ADDITIONAL_BATTERY_CHANGED flg=0x60000010 (has extras) } ordered=false userid=-1 callerApp=null
V/ActivityManager( 1655): Broadcast sticky: Intent { act=android.intent.action.ADDITIONAL_BATTERY_CHANGED flg=0x60000010 (has extras) } ordered=false userid=-1 callerApp=null
I/console (13777): [LOG]  sendHeart at dist/js/source/houseSever.js:1
D/WebView (13777): evaluateJavascript=javascript:(function(w,n){try{var plus=((w.__html5plus__&&w.__html5plus__.isReady)?w.__html5plus__:(n.plus&&n.plus.isReady)?n.plus:window.plus);var result= {};result.status = 1;result.message = {"seq":"1514279071950","uid":"1000001079224195"};result.keepCallback = false;plus && plus.bridge.callbackFromNative('plus17761514279071950', result);}catch(e){console.error(e)};})(window,navigator);
D/dalvikvm( 4533): create interp thread : stack size=128KB
D/dalvikvm( 4533): create new thread
D/dalvikvm( 4533): new thread created
D/dalvikvm( 4533): update thread list
D/dalvikvm( 4533): threadid=17: interp stack at 0x79172000
D/dalvikvm( 4533): threadid=17: created from interp
D/dalvikvm( 4533): start new thread
D/dalvikvm( 4533): threadid=17: notify debugger
D/dalvikvm( 4533): threadid=17 (Thread-4720): calling run()
I/KSO_STAT( 4533): App is in background, stop update end time, ready to start a new session.
D/SQLiteDatabase( 4533): beginTransaction()
D/SQLiteDatabase( 4533): endTransaction()
D/dalvikvm( 4533): threadid=17: exiting
D/dalvikvm( 4533): threadid=17: bye!
D/WifiStateMachine( 1655): ConnectedState{ when=-2ms what=131155 arg1=14 target=com.android.internal.util.StateMachine$SmHandler target=Handler (com.android.internal.util.StateMachine$SmHandler) {43142030} }
D/WifiStateMachine( 1655): L2ConnectedState{ when=-2ms what=131155 arg1=14 target=com.android.internal.util.StateMachine$SmHandler target=Handler (com.android.internal.util.StateMachine$SmHandler) {43142030} }
D/WifiHW  ( 1655): enter -->wifi_send_command cmd=IFNAME=wlan0 SIGNAL_POLL
D/wpa_supplicant( 3981): RX ctrl_iface - hexdump(len=11): 53 49 47 4e 41 4c 5f 50 4f 4c 4c
D/wpa_supplicant( 3981): wlan0: Control interface command 'SIGNAL_POLL'
D/wpa_supplicant( 3981): nl80211: survey data missing!
D/wpa_supplicant( 3981): signal poll, reply_len=48
D/wpa_ctrl( 1655): reply_len=4095
D/WifiHW  ( 1655): leave --> reply=RSSI=-44
D/WifiHW  ( 1655): LINKSPEED=65
D/WifiHW  ( 1655): NOISE=9999
D/WifiHW  ( 1655): FREQUENCY=2412
D/WifiHW  ( 1655): 
D/wifi    ( 1655): doStringCommand, buf IFNAME=wlan0 SIGNAL_POLL
I/WifiStateMachine( 1655): fetchRssiAndLinkSpeedNative, newRssi:-44, newLinkSpeed:65, SSID:"60_dev_01"
D/WifiStateMachine( 1655): mRssiArray[0] = -46
D/WifiStateMachine( 1655): mRssiArray[1] = -46
D/WifiStateMachine( 1655): mRssiArray[2] = -45
D/WifiStateMachine( 1655): mRssiArray[3] = -45
D/WifiStateMachine( 1655): mRssiArray[4] = -45
D/WifiStateMachine( 1655): GetFilterRssi is : -44
D/WifiStateMachine( 1655): mLastSignalLevel:4, newSignalLevel:4
D/WifiStateMachine( 1655): fetchRssiAndLinkSpeedNative, ipAddr:1795166380
E/overtime(13777): RecvListener
D/WebView (13777): evaluateJavascript=javascript:(function(w,n){try{var plus=((w.__html5plus__&&w.__html5plus__.isReady)?w.__html5plus__:(n.plus&&n.plus.isReady)?n.plus:window.plus);var result= {};result.status = 1;result.message = {"data":"fn5+fgAAAEd7ImNtZCI6Im5ldHdvcmsiLCJjbWRUeXBlIjoiaGVhcnQiLCJzZXF1ZW5jZSI6MCwic3RhdHVzIjoiUyIsInVpZCI6IiJ9Cg==","uid":"1000001079224195"};result.keepCallback = true;plus && plus.bridge.callbackFromNative('plus2221514271864413', result);}catch(e){console.error(e)};})(window,navigator);
I/console (13777): [LOG]  handleMessage strJoson======{"cmd":"network","cmdType":"heart","sequence":0,"status":"S","uid":""}
I/console (13777):  at dist/js/source/house.js:1
I/console (13777): [LOG] 
I/uSDK    (13777): [CAE][D][2017-12-26 17:04:33.290746][cae_softap_user_task:730][buffer fd or timeout ]
I/uSDK    (13777): [CAE][D][2017-12-26 17:04:33.290900][cae_su_read_buffer_to_send:630][count[0]***]
I/uSDK    (13777): [CAE][D][2017-12-26 17:04:33.290955][su_ctx_fd_set:692][MAX fd[-1]]
I/console (13777): [LOG] 
I/console (13777): [LOG] ws=heartTest.success at dist/js/source/push.js:1
I/console (13777): [LOG] 
D/WifiStateMachine( 1655): ConnectedState{ when=-3ms what=131155 arg1=14 target=com.android.internal.util.StateMachine$SmHandler target=Handler (com.android.internal.util.StateMachine$SmHandler) {43142030} }
D/WifiStateMachine( 1655): L2ConnectedState{ when=-3ms what=131155 arg1=14 target=com.android.internal.util.StateMachine$SmHandler target=Handler (com.android.internal.util.StateMachine$SmHandler) {43142030} }
D/WifiHW  ( 1655): enter -->wifi_send_command cmd=IFNAME=wlan0 SIGNAL_POLL
D/wpa_supplicant( 3981): RX ctrl_iface - hexdump(len=11): 53 49 47 4e 41 4c 5f 50 4f 4c 4c
D/wpa_supplicant( 3981): wlan0: Control interface command 'SIGNAL_POLL'
D/wpa_supplicant( 3981): nl80211: survey data missing!
D/wpa_supplicant( 3981): signal poll, reply_len=48
D/wpa_ctrl( 1655): reply_len=4095
D/WifiHW  ( 1655): leave --> reply=RSSI=-44
D/WifiHW  ( 1655): LINKSPEED=65
D/WifiHW  ( 1655): NOISE=9999
D/WifiHW  ( 1655): FREQUENCY=2412
D/WifiHW  ( 1655): 
D/wifi    ( 1655): doStringCommand, buf IFNAME=wlan0 SIGNAL_POLL
I/WifiStateMachine( 1655): fetchRssiAndLinkSpeedNative, newRssi:-44, newLinkSpeed:65, SSID:"60_dev_01"
D/WifiStateMachine( 1655): mRssiArray[0] = -46
D/WifiStateMachine( 1655): mRssiArray[1] = -46
D/WifiStateMachine( 1655): mRssiArray[2] = -44
D/WifiStateMachine( 1655): mRssiArray[3] = -45
D/WifiStateMachine( 1655): mRssiArray[4] = -45
D/WifiStateMachine( 1655): GetFilterRssi is : -44
D/WifiStateMachine( 1655): mLastSignalLevel:4, newSignalLevel:4
D/WifiStateMachine( 1655): fetchRssiAndLinkSpeedNative, ipAddr:1795166380
I/console (13777): [LOG] 
D/BatteryService( 1655): mBatteryVoltage=4070, batteryLevel=50
V/ActivityManager( 1655): Broadcast sticky: Intent { act=android.intent.action.ADDITIONAL_BATTERY_CHANGED flg=0x60000010 (has extras) } ordered=false userid=-1 callerApp=null
V/ActivityManager( 1655): Broadcast sticky: Intent { act=android.intent.action.BATTERY_CHANGED flg=0x60000010 (has extras) } ordered=false userid=-1 callerApp=null
D/WifiService( 1655): onReceive, action:android.intent.action.BATTERY_CHANGED
D/WifiController( 1655): DeviceActiveState{ when=0 what=155652 arg1=2 target=com.android.internal.util.StateMachine$SmHandler target=Handler (com.android.internal.util.StateMachine$SmHandler) {431e59b8} }
D/WifiController( 1655): StaEnabledState{ when=0 what=155652 arg1=2 target=com.android.internal.util.StateMachine$SmHandler target=Handler (com.android.internal.util.StateMachine$SmHandler) {431e59b8} }
D/WifiController( 1655): DefaultState{ when=0 what=155652 arg1=2 target=com.android.internal.util.StateMachine$SmHandler target=Handler (com.android.internal.util.StateMachine$SmHandler) {431e59b8} }
D/WifiController( 1655): battery changed pluggedType: 2
