--------- beginning of /dev/log/system
V/ActivityManager( 1655): Broadcast sticky: Intent { act=android.intent.action.ADDITIONAL_BATTERY_CHANGED flg=0x60000010 (has extras) } ordered=false userid=-1 callerApp=null
V/ActivityManager( 1655): Broadcast sticky: Intent { act=android.intent.action.ADDITIONAL_BATTERY_CHANGED flg=0x60000010 (has extras) } ordered=false userid=-1 callerApp=null
V/ActivityManager( 1655): Broadcast sticky: Intent { act=android.intent.action.ADDITIONAL_BATTERY_CHANGED flg=0x60000010 (has extras) } ordered=false userid=-1 callerApp=null
V/ActivityManager( 1655): Broadcast sticky: Intent { act=android.intent.action.BATTERY_CHANGED flg=0x60000010 (has extras) } ordered=false userid=-1 callerApp=null
D/WifiService( 1655): onReceive, action:android.intent.action.BATTERY_CHANGED
D/WifiController( 1655): DeviceActiveState{ when=0 what=155652 arg1=2 target=com.android.internal.util.StateMachine$SmHandler target=Handler (com.android.internal.util.StateMachine$SmHandler) {431e59b8} }
D/WifiController( 1655): StaEnabledState{ when=0 what=155652 arg1=2 target=com.android.internal.util.StateMachine$SmHandler target=Handler (com.android.internal.util.StateMachine$SmHandler) {431e59b8} }
D/WifiController( 1655): DefaultState{ when=0 what=155652 arg1=2 target=com.android.internal.util.StateMachine$SmHandler target=Handler (com.android.internal.util.StateMachine$SmHandler) {431e59b8} }
D/WifiController( 1655): battery changed pluggedType: 2
D/UsbDeviceManager( 1655): onReceive - BATTERY_CHANGED - mPlugType: 2, mSettingUsbCharging: false, mConnected: true, mSettingUsbBicr: false
V/ActivityManager( 1655): Broadcast sticky: Intent { act=android.intent.action.ADDITIONAL_BATTERY_CHANGED flg=0x60000010 (has extras) } ordered=false userid=-1 callerApp=null
V/ActivityManager( 1655): Broadcast sticky: Intent { act=android.intent.action.ADDITIONAL_BATTERY_CHANGED flg=0x60000010 (has extras) } ordered=false userid=-1 callerApp=null
V/ActivityManager( 1655): Broadcast sticky: Intent { act=android.intent.action.ADDITIONAL_BATTERY_CHANGED flg=0x60000010 (has extras) } ordered=false userid=-1 callerApp=null
V/ActivityManager( 1655): Broadcast sticky: Intent { act=android.intent.action.BATTERY_CHANGED flg=0x60000010 (has extras) } ordered=false userid=-1 callerApp=null
D/WifiService( 1655): onReceive, action:android.intent.action.BATTERY_CHANGED
D/UsbDeviceManager( 1655): onReceive - BATTERY_CHANGED - mPlugType: 2, mSettingUsbCharging: false, mConnected: true, mSettingUsbBicr: false
D/WifiController( 1655): DeviceActiveState{ when=0 what=155652 arg1=2 target=com.android.internal.util.StateMachine$SmHandler target=Handler (com.android.internal.util.StateMachine$SmHandler) {431e59b8} }
D/WifiController( 1655): StaEnabledState{ when=-6ms what=155652 arg1=2 target=com.android.internal.util.StateMachine$SmHandler target=Handler (com.android.internal.util.StateMachine$SmHandler) {431e59b8} }
D/WifiController( 1655): DefaultState{ when=-6ms what=155652 arg1=2 target=com.android.internal.util.StateMachine$SmHandler target=Handler (com.android.internal.util.StateMachine$SmHandler) {431e59b8} }
D/WifiController( 1655): battery changed pluggedType: 2
V/ActivityManager( 1655): Broadcast sticky: Intent { act=android.intent.action.ADDITIONAL_BATTERY_CHANGED flg=0x60000010 (has extras) } ordered=false userid=-1 callerApp=null
V/ActivityManager( 1655): Broadcast sticky: Intent { act=android.intent.action.ADDITIONAL_BATTERY_CHANGED flg=0x60000010 (has extras) } ordered=false userid=-1 callerApp=null
V/NotificationService( 1655): enqueueNotificationInternal: pkg=com.tencent.android.qqdownloader id=127 notification=Notification(pri=1 contentView=com.tencent.android.qqdownloader/0x7f0401f0 vibrate=null sound=null defaults=0x0 flags=0xa2 kind=[null])
V/NotificationService( 1655): Initial score is 20.
V/NotificationService( 1655): Final score is 20.
V/MoMS.NotificationController( 1655): notifications are enabled for com.tencent.android.qqdownloader
V/NotificationService( 1655): Assigned score=20 to Notification(pri=2 contentView=com.tencent.android.qqdownloader/0x7f0401f0 vibrate=null sound=null defaults=0x0 flags=0xa2 kind=[null])
V/ActivityManager( 1655): Broadcast sticky: Intent { act=android.intent.action.SIG_STR flg=0x10 (has extras) } ordered=false userid=-1 callerApp=ProcessRecord{4276e330 1655:system/1000}
V/ActivityManager( 1655): Broadcast sticky: Intent { act=android.intent.action.ADDITIONAL_BATTERY_CHANGED flg=0x60000010 (has extras) } ordered=false userid=-1 callerApp=null
V/ActivityManager( 1655): Broadcast sticky: Intent { act=android.intent.action.BATTERY_CHANGED flg=0x60000010 (has extras) } ordered=false userid=-1 callerApp=null
V/ActivityManager( 1655): Broadcast sticky: Intent { act=android.intent.action.ADDITIONAL_BATTERY_CHANGED flg=0x60000010 (has extras) } ordered=false userid=-1 callerApp=null
D/WifiService( 1655): onReceive, action:android.intent.action.BATTERY_CHANGED
D/UsbDeviceManager( 1655): onReceive - BATTERY_CHANGED - mPlugType: 2, mSettingUsbCharging: false, mConnected: true, mSettingUsbBicr: false
D/WifiController( 1655): DeviceActiveState{ when=0 what=155652 arg1=2 target=com.android.internal.util.StateMachine$SmHandler target=Handler (com.android.internal.util.StateMachine$SmHandler) {431e59b8} }
D/WifiController( 1655): StaEnabledState{ when=0 what=155652 arg1=2 target=com.android.internal.util.StateMachine$SmHandler target=Handler (com.android.internal.util.StateMachine$SmHandler) {431e59b8} }
V/ActivityManager( 1655): Broadcast sticky: Intent { act=android.intent.action.ADDITIONAL_BATTERY_CHANGED flg=0x60000010 (has extras) } ordered=false userid=-1 callerApp=null
D/WifiController( 1655): DefaultState{ when=0 what=155652 arg1=2 target=com.android.internal.util.StateMachine$SmHandler target=Handler (com.android.internal.util.StateMachine$SmHandler) {431e59b8} }
D/WifiController( 1655): battery changed pluggedType: 2
V/ActivityManager( 1655): Broadcast sticky: Intent { act=android.intent.action.ADDITIONAL_BATTERY_CHANGED flg=0x60000010 (has extras) } ordered=false userid=-1 callerApp=null
V/ActivityManager( 1655): Broadcast sticky: Intent { act=android.intent.action.BATTERY_CHANGED flg=0x60000010 (has extras) } ordered=false userid=-1 callerApp=null
D/WifiService( 1655): onReceive, action:android.intent.action.BATTERY_CHANGED
D/WifiController( 1655): DeviceActiveState{ when=-1ms what=155652 arg1=2 target=com.android.internal.util.StateMachine$SmHandler target=Handler (com.android.internal.util.StateMachine$SmHandler) {431e59b8} }
D/WifiController( 1655): StaEnabledState{ when=-1ms what=155652 arg1=2 target=com.android.internal.util.StateMachine$SmHandler target=Handler (com.android.internal.util.StateMachine$SmHandler) {431e59b8} }
D/WifiController( 1655): DefaultState{ when=-1ms what=155652 arg1=2 target=com.android.internal.util.StateMachine$SmHandler target=Handler (com.android.internal.util.StateMachine$SmHandler) {431e59b8} }
D/WifiController( 1655): battery changed pluggedType: 2
D/UsbDeviceManager( 1655): onReceive - BATTERY_CHANGED - mPlugType: 2, mSettingUsbCharging: false, mConnected: true, mSettingUsbBicr: false
V/ActivityManager( 1655): Broadcast sticky: Intent { act=android.intent.action.ADDITIONAL_BATTERY_CHANGED flg=0x60000010 (has extras) } ordered=false userid=-1 callerApp=null
V/ActivityManager( 1655): Broadcast sticky: Intent { act=android.intent.action.ADDITIONAL_BATTERY_CHANGED flg=0x60000010 (has extras) } ordered=false userid=-1 callerApp=null
I/thermal_repeater(  274): oh, queryMdThermalInfo (0)Bad file number
I/thermal_repeater(  274): [recvMdThermalInfo] ret=25, strLen=127,  1, 32767,,, -1, 32767, 2
V/ActivityManager( 1655): Broadcast sticky: Intent { act=android.intent.action.ADDITIONAL_BATTERY_CHANGED flg=0x60000010 (has extras) } ordered=false userid=-1 callerApp=null
V/ActivityManager( 1655): Broadcast sticky: Intent { act=android.intent.action.BATTERY_CHANGED flg=0x60000010 (has extras) } ordered=false userid=-1 callerApp=null
D/WifiService( 1655): onReceive, action:android.intent.action.BATTERY_CHANGED
D/WifiController( 1655): DeviceActiveState{ when=0 what=155652 arg1=2 target=com.android.internal.util.StateMachine$SmHandler target=Handler (com.android.internal.util.StateMachine$SmHandler) {431e59b8} }
D/WifiController( 1655): StaEnabledState{ when=0 what=155652 arg1=2 target=com.android.internal.util.StateMachine$SmHandler target=Handler (com.android.internal.util.StateMachine$SmHandler) {431e59b8} }
D/WifiController( 1655): DefaultState{ when=0 what=155652 arg1=2 target=com.android.internal.util.StateMachine$SmHandler target=Handler (com.android.internal.util.StateMachine$SmHandler) {431e59b8} }
D/WifiController( 1655): battery changed pluggedType: 2
D/UsbDeviceManager( 1655): onReceive - BATTERY_CHANGED - mPlugType: 2, mSettingUsbCharging: false, mConnected: true, mSettingUsbBicr: false
V/ActivityManager( 1655): Broadcast sticky: Intent { act=android.intent.action.ADDITIONAL_BATTERY_CHANGED flg=0x60000010 (has extras) } ordered=false userid=-1 callerApp=null
V/ActivityManager( 1655): Broadcast sticky: Intent { act=android.intent.action.ADDITIONAL_BATTERY_CHANGED flg=0x60000010 (has extras) } ordered=false userid=-1 callerApp=null
V/AlarmManager( 1655): isAlarmNeedAlign : charging
V/ActivityManager( 1655): Broadcast: Intent { act=com.tencent.assistant.st.report.PluginLogProcessorReceiver.TIME flg=0x94 (has extras) } ordered=true userid=0 callerApp=null
D/ActivityThread(27486): BDC-Calling onReceive: intent=Intent { act=com.tencent.assistant.st.report.PluginLogProcessorReceiver.TIME flg=0x94 cmp=com.tencent.android.qqdownloader/com.tencent.assistant.st.report.PluginLogProcessorReceiver (has extras) }, ordered=true, receiver=com.tencent.assistant.st.report.PluginLogProcessorReceiver@4460cf50
D/ActivityThread(27486): BDC-RECEIVER handled : 0 / ReceiverData{intent=Intent { act=com.tencent.assistant.st.report.PluginLogProcessorReceiver.TIME flg=0x94 cmp=com.tencent.android.qqdownloader/com.tencent.assistant.st.report.PluginLogProcessorReceiver (has extras) } packageName=com.tencent.android.qqdownloader resultCode=0 resultData=null resultExtras=null}
D/ActivityManager( 1655): getContentProviderImpl: from caller=android.app.ApplicationThreadProxy@43053c10 (pid=27486, userId=0) to get content provider com.tencent.android.qqdownloader.plugin.provider cpr=ContentProviderRecord{4384f9b8 u0 com.tencent.android.qqdownloader/com.tencent.assistant.db.contentprovider.PluginProvider}
D/ActivityThread(27486): hoder:android.app.IActivityManager$ContentProviderHolder@44ca8788,provider,holder.Provider:android.content.ContentProviderProxy@44bee280
V/ActivityManager( 1655): Broadcast: Intent { act=wns.heartbeat flg=0x94 (has extras) } ordered=true userid=0 callerApp=null
V/ActivityManager( 1655): Broadcast: Intent { act=android.net.wifi.DHCP_RENEW flg=0x94 (has extras) } ordered=true userid=0 callerApp=null
D/ActivityThread(27664): BDC-Calling onReceive: intent=Intent { act=wns.heartbeat flg=0x94 cmp=com.tencent.android.qqdownloader/com.tencent.base.os.clock.AlarmClockReceiver (has extras) }, ordered=true, receiver=com.tencent.base.os.clock.AlarmClockReceiver@42a7f120
V/AlarmManager( 1655): isAlarmNeedAlign : charging
D/ActivityThread(27664): BDC-RECEIVER handled : 0 / ReceiverData{intent=Intent { act=wns.heartbeat flg=0x94 cmp=com.tencent.android.qqdownloader/com.tencent.base.os.clock.AlarmClockReceiver (has extras) } packageName=com.tencent.android.qqdownloader resultCode=0 resultData=null resultExtras=null}
D/ActivityThread( 1655): BDC-Calling onReceive: intent=Intent { act=android.net.wifi.DHCP_RENEW flg=0x94 (has extras) }, ordered=true, receiver=android.net.DhcpStateMachine$1@432106d8, IIntentReceiver=4325bb40
D/ActivityThread( 1655): BDC-Calling finishReceiver: IIntentReceiver=4325bb40
D/SocketClient(  243): SocketClient msg = Address updated 172.16.0.107/24 wlan0 128 0
D/SocketClient(  243): SocketClient sendDatalocked done: 614 Address updated 172.16.0.107/24 wlan0 128 0
D/NetdConnector( 1655): RCV <- {614 Address updated 172.16.0.107/24 wlan0 128 0}
D/NetworkManagementService( 1655): onEvent:614 Address updated 172.16.0.107/24 wlan0 128 0:7
V/AlarmManager( 1655): isAlarmNeedAlign : charging
V/ActivityManager( 1655): Broadcast sticky: Intent { act=android.net.wifi.RSSI_CHANGED flg=0x4000010 (has extras) } ordered=false userid=-1 callerApp=ProcessRecord{4276e330 1655:system/1000}
V/ActivityManager( 1655): Broadcast sticky: Intent { act=android.net.wifi.STATE_CHANGE flg=0x4000010 (has extras) } ordered=false userid=-1 callerApp=ProcessRecord{4276e330 1655:system/1000}
D/ConnectivityService( 1655): getActiveNetworkInfo:NetworkInfo: type: WIFI[], state: CONNECTED/CONNECTED, reason: (unspecified), extra: "60_dev_01", roaming: false, failover: false, isAvailable: true, isConnectedToProvisioningNetwork: false, simId: 0/10016
D/WifiNotificationController( 1655): Received NETWORK_STATE_CHANGED_ACTION, mNetworkInfo:NetworkInfo: type: WIFI[], state: CONNECTING/VERIFYING_POOR_LINK, reason: (unspecified), extra: "60_dev_01", roaming: false, failover: false, isAvailable: true, isConnectedToProvisioningNetwork: false, simId: 0
D/WifiService( 1655): onReceive, action:android.net.wifi.STATE_CHANGE
I/WifiDisplayController( 1655): Received WifiManager.NETWORK_STATE_CHANGED_ACTION, connected:false
D/WifiStateTracker( 1655): New state:CONNECTING, mLastState:CONNECTED
D/ConnectivityService( 1655): getActiveNetworkInfo:NetworkInfo: type: WIFI[], state: CONNECTED/CONNECTED, reason: (unspecified), extra: "60_dev_01", roaming: false, failover: false, isAvailable: true, isConnectedToProvisioningNetwork: false, simId: 0/10016
D/ConnectivityService( 1655): ConnectivityChange for WIFI: CONNECTING/VERIFYING_POOR_LINK
D/ConnectivityService( 1655): getActiveNetworkInfo:NetworkInfo: type: WIFI[], state: CONNECTING/VERIFYING_POOR_LINK, reason: (unspecified), extra: "60_dev_01", roaming: false, failover: false, isAvailable: true, isConnectedToProvisioningNetwork: false, simId: 0/10040
V/ActivityManager( 1655): Broadcast sticky: Intent { act=android.net.wifi.STATE_CHANGE flg=0x4000010 (has extras) } ordered=false userid=-1 callerApp=ProcessRecord{4276e330 1655:system/1000}
D/ActivityThread( 4361): BDC-Calling onReceive: intent=Intent { act=android.net.wifi.STATE_CHANGE flg=0x4000010 cmp=com.kingroot.kinguser/com.kingroot.common.framework.broadcast.KSysBroadcastReceiver (has extras) }, ordered=true, receiver=com.kingroot.common.framework.broadcast.KSysBroadcastReceiver@43069f40
D/ActivityThread( 4361): BDC-RECEIVER handled : 0 / ReceiverData{intent=Intent { act=android.net.wifi.STATE_CHANGE flg=0x4000010 cmp=com.kingroot.kinguser/com.kingroot.common.framework.broadcast.KSysBroadcastReceiver (has extras) } packageName=com.kingroot.kinguser resultCode=-1 resultData=null resultExtras=null}
D/WifiNotificationController( 1655): Received NETWORK_STATE_CHANGED_ACTION, mNetworkInfo:NetworkInfo: type: WIFI[], state: CONNECTING/CAPTIVE_PORTAL_CHECK, reason: (unspecified), extra: "60_dev_01", roaming: false, failover: false, isAvailable: true, isConnectedToProvisioningNetwork: false, simId: 0
D/WifiService( 1655): onReceive, action:android.net.wifi.STATE_CHANGE
D/WifiStateTracker( 1655): New state:CONNECTING, mLastState:CONNECTING
I/WifiDisplayController( 1655): Received WifiManager.NETWORK_STATE_CHANGED_ACTION, connected:false
D/ConnectivityService( 1655): ConnectivityChange for WIFI: CONNECTING/CAPTIVE_PORTAL_CHECK
D/ConnectivityService( 1655): Captive portal check NetworkInfo: type: WIFI[], state: CONNECTING/CAPTIVE_PORTAL_CHECK, reason: (unspecified), extra: "60_dev_01", roaming: false, failover: false, isAvailable: true, isConnectedToProvisioningNetwork: false, simId: 0
D/ConnectivityService( 1655): handleCaptivePortalTrackerCheck: call captivePortalCheckComplete ni=NetworkInfo: type: WIFI[], state: CONNECTING/CAPTIVE_PORTAL_CHECK, reason: (unspecified), extra: "60_dev_01", roaming: false, failover: false, isAvailable: true, isConnectedToProvisioningNetwork: false, simId: 0
D/NetdConnector( 1655): SND -> {233 interface ipv6 wlan0 enable}
I/FrameworkListener(  243): onDataAvailable get 32 bytes 
D/SocketClient(  243): SocketClient msg = IPv6 state changed
D/SocketClient(  243): SocketClient sendDatalocked done: 200 233 IPv6 state changed
D/NetdConnector( 1655): RCV <- {200 233 IPv6 state changed}
D/ConnectivityService( 1655): getActiveNetworkInfo:NetworkInfo: type: WIFI[], state: CONNECTING/CAPTIVE_PORTAL_CHECK, reason: (unspecified), extra: "60_dev_01", roaming: false, failover: false, isAvailable: true, isConnectedToProvisioningNetwork: false, simId: 0/10040
D/NetdConnector( 1655): RMV <- {200 233 IPv6 state changed}
D/ActivityThread( 5365): BDC-Calling onReceive: intent=Intent { act=android.net.wifi.STATE_CHANGE flg=0x4000010 cmp=com.kingroot.master/com.kingroot.common.framework.broadcast.KSysBroadcastReceiver (has extras) }, ordered=true, receiver=com.kingroot.common.framework.broadcast.KSysBroadcastReceiver@42cf8c70
D/ActivityThread( 5365): BDC-RECEIVER handled : 0 / ReceiverData{intent=Intent { act=android.net.wifi.STATE_CHANGE flg=0x4000010 cmp=com.kingroot.master/com.kingroot.common.framework.broadcast.KSysBroadcastReceiver (has extras) } packageName=com.kingroot.master resultCode=0 resultData=null resultExtras=null}
D/ActivityThread( 4361): BDC-Calling onReceive: intent=Intent { act=android.net.wifi.STATE_CHANGE flg=0x4000010 cmp=com.kingroot.kinguser/com.kingroot.common.framework.broadcast.KSysBroadcastReceiver (has extras) }, ordered=true, receiver=com.kingroot.common.framework.broadcast.KSysBroadcastReceiver@42bfb910
V/ActivityManager( 1655): Broadcast sticky: Intent { act=android.net.wifi.RSSI_CHANGED flg=0x4000010 (has extras) } ordered=false userid=-1 callerApp=ProcessRecord{4276e330 1655:system/1000}
D/ActivityThread( 4361): BDC-RECEIVER handled : 0 / ReceiverData{intent=Intent { act=android.net.wifi.STATE_CHANGE flg=0x4000010 cmp=com.kingroot.kinguser/com.kingroot.common.framework.broadcast.KSysBroadcastReceiver (has extras) } packageName=com.kingroot.kinguser resultCode=-1 resultData=null resultExtras=null}
D/ConnectivityService( 1655): getActiveNetworkInfo:NetworkInfo: type: WIFI[], state: CONNECTING/CAPTIVE_PORTAL_CHECK, reason: (unspecified), extra: "60_dev_01", roaming: false, failover: false, isAvailable: true, isConnectedToProvisioningNetwork: false, simId: 0/10016
D/ConnectivityService( 1655): getActiveNetworkInfo:NetworkInfo: type: WIFI[], state: CONNECTING/CAPTIVE_PORTAL_CHECK, reason: (unspecified), extra: "60_dev_01", roaming: false, failover: false, isAvailable: true, isConnectedToProvisioningNetwork: false, simId: 0/10016
D/ActivityThread( 5365): BDC-Calling onReceive: intent=Intent { act=android.net.wifi.STATE_CHANGE flg=0x4000010 cmp=com.kingroot.master/com.kingroot.common.framework.broadcast.KSysBroadcastReceiver (has extras) }, ordered=true, receiver=com.kingroot.common.framework.broadcast.KSysBroadcastReceiver@42a124c0
V/ActivityManager( 1655): Broadcast sticky: Intent { act=android.net.wifi.STATE_CHANGE flg=0x4000010 (has extras) } ordered=false userid=-1 callerApp=ProcessRecord{4276e330 1655:system/1000}
D/ActivityThread( 5365): BDC-RECEIVER handled : 0 / ReceiverData{intent=Intent { act=android.net.wifi.STATE_CHANGE flg=0x4000010 cmp=com.kingroot.master/com.kingroot.common.framework.broadcast.KSysBroadcastReceiver (has extras) } packageName=com.kingroot.master resultCode=0 resultData=null resultExtras=null}
I/WifiDisplayController( 1655): Received WifiManager.NETWORK_STATE_CHANGED_ACTION, connected:true
D/WifiNotificationController( 1655): Received NETWORK_STATE_CHANGED_ACTION, mNetworkInfo:NetworkInfo: type: WIFI[], state: CONNECTED/CONNECTED, reason: (unspecified), extra: "60_dev_01", roaming: false, failover: false, isAvailable: true, isConnectedToProvisioningNetwork: false, simId: 0
D/WifiService( 1655): onReceive, action:android.net.wifi.STATE_CHANGE
D/WifiStateTracker( 1655): New state:CONNECTED, mLastState:CONNECTING
D/ConnectivityService( 1655): ConnectivityChange for WIFI: CONNECTED/CONNECTED
D/ConnectivityService( 1655): handleConnect: E newNetType=1 thisIface=wlan0 isFailoverfalse
D/ConnectivityService( 1655): Setting TCP values: [524288,1048576,2097152,262144,524288,1048576] which comes from [net.tcp.buffersize.wifi]
D/ConnectivityService( 1655): getActiveNetworkInfo:NetworkInfo: type: WIFI[], state: CONNECTED/CONNECTED, reason: (unspecified), extra: "60_dev_01", roaming: false, failover: false, isAvailable: true, isConnectedToProvisioningNetwork: false, simId: 0/10040
D/ActivityThread( 4361): BDC-Calling onReceive: intent=Intent { act=android.net.wifi.STATE_CHANGE flg=0x4000010 cmp=com.kingroot.kinguser/com.kingroot.common.framework.broadcast.KSysBroadcastReceiver (has extras) }, ordered=true, receiver=com.kingroot.common.framework.broadcast.KSysBroadcastReceiver@42964648
D/ActivityThread( 4361): BDC-RECEIVER handled : 0 / ReceiverData{intent=Intent { act=android.net.wifi.STATE_CHANGE flg=0x4000010 cmp=com.kingroot.kinguser/com.kingroot.common.framework.broadcast.KSysBroadcastReceiver (has extras) } packageName=com.kingroot.kinguser resultCode=-1 resultData=null resultExtras=null}
E/ConnectivityService( 1655): Unexpected mtu value: android.net.wifi.WifiStateTracker@43210930
D/ConnectivityService( 1655): handleConnectivityChange: netType=1 doReset=false resetMask=0
E/ConnectivityService( 1655): Add google dns provided for WIFI - using 8.8.8.8
D/NetdConnector( 1655): SND -> {234 resolver setifdns wlan0  192.168.89.54 8.8.8.8}
I/FrameworkListener(  243): onDataAvailable get 51 bytes 
D/SocketClient(  243): SocketClient msg = Resolver command succeeded
D/SocketClient(  243): SocketClient sendDatalocked done: 200 234 Resolver command succeeded
D/NetdConnector( 1655): RCV <- {200 234 Resolver command succeeded}
D/ActivityThread( 5365): BDC-Calling onReceive: intent=Intent { act=android.net.wifi.STATE_CHANGE flg=0x4000010 cmp=com.kingroot.master/com.kingroot.common.framework.broadcast.KSysBroadcastReceiver (has extras) }, ordered=true, receiver=com.kingroot.common.framework.broadcast.KSysBroadcastReceiver@42e8bd90
D/ActivityThread( 5365): BDC-RECEIVER handled : 0 / ReceiverData{intent=Intent { act=android.net.wifi.STATE_CHANGE flg=0x4000010 cmp=com.kingroot.master/com.kingroot.common.framework.broadcast.KSysBroadcastReceiver (has extras) } packageName=com.kingroot.master resultCode=0 resultData=null resultExtras=null}
D/NetdConnector( 1655): RMV <- {200 234 Resolver command succeeded}
D/NetdConnector( 1655): SND -> {235 resolver setdefaultif wlan0}
I/FrameworkListener(  243): onDataAvailable get 32 bytes 
D/SocketClient(  243): SocketClient msg = Resolver command succeeded
D/SocketClient(  243): SocketClient sendDatalocked done: 200 235 Resolver command succeeded
D/NetdConnector( 1655): RCV <- {200 235 Resolver command succeeded}
D/NetdConnector( 1655): RMV <- {200 235 Resolver command succeeded}
V/ActivityManager( 1655): Broadcast: Intent { act=android.intent.action.CLEAR_DNS_CACHE flg=0x24000010 } ordered=false userid=-1 callerApp=ProcessRecord{4276e330 1655:system/1000}
D/ConnectivityService( 1655): handleConnectivityChange: changed linkProperty[1]: doReset=false resetMask=0
D/ConnectivityService( 1655):    curLp={InterfaceName: wlan0 LinkAddresses: [172.16.0.107/24,]  Routes: [172.16.0.0/24 -> 0.0.0.0,0.0.0.0/0 -> 172.16.0.1,] DnsAddresses: [192.168.89.54,] Domains: MTU: 0HttpProxy: [ProxyProperties.mHost == null] }
D/ConnectivityService( 1655):    newLp={InterfaceName: wlan0 LinkAddresses: [172.16.0.107/24,]  Routes: [172.16.0.0/24 -> 0.0.0.0,0.0.0.0/0 -> 172.16.0.1,] DnsAddresses: [192.168.89.54,] Domains: MTU: 0HttpProxy: [ProxyProperties.mHost == null] }
D/ConnectivityService( 1655): handleConnectivityChange: address are the same reset per doReset linkProperty[1]: resetMask=0
D/Nat464Xlat( 1655): requiresClat: netType=1, hasIPv4Address=true
D/ConnectivityService( 1655): sendStickyBroadcast: action=android.net.conn.CONNECTIVITY_CHANGE_IMMEDIATE
V/ActivityManager( 1655): Broadcast sticky: Intent { act=android.net.conn.CONNECTIVITY_CHANGE_IMMEDIATE flg=0x4000010 (has extras) } ordered=false userid=-1 callerApp=ProcessRecord{4276e330 1655:system/1000}
D/ConnectivityService( 1655): sendStickyBroadcastDelayed: delayMs=3000, action=android.net.conn.CONNECTIVITY_CHANGE
V/NetworkPolicy( 1655): onReceive:CONNECTIVITY_ACTION_IMMEDIATE 
V/NetworkPolicy( 1655): ensureActiveMobilePolicyLocked()
V/NetworkStats( 1655): updateIfacesLocked()
V/NetworkStats( 1655): performPollLocked(flags=0x1)
V/NetworkPolicy( 1655): updateNetworkEnabledLocked()
V/NetworkPolicy( 1655): updateNetworkRulesLocked()
D/ActivityManager( 1655): getContentProviderImpl: from caller=android.app.ActivityThread$ApplicationThread@4286bf30 (pid=1655, userId=0) to get content provider telephony cpr=ContentProviderRecord{42a95c38 u0 com.android.providers.telephony/.TelephonyProvider}
D/ActivityManager( 1655): getContentProviderImpl: updateLruProcessLocked cpr.proc=ProcessRecord{433169a8 4184:com.android.phone/1001}
D/ActivityThread( 1655): hoder:android.app.IActivityManager$ContentProviderHolder@42c2d1c8,provider,holder.Provider:android.content.ContentProviderProxy@4285cd28
D/NetdConnector( 1655): SND -> {236 bandwidth gettetherstats}
I/FrameworkListener(  243): onDataAvailable get 29 bytes 
V/NetworkPolicy( 1655): updateNotificationsLocked()
V/NetworkStats( 1655): advisePersistThreshold() given 9223372036854775, clamped to 2097152
D/SocketClient(  243): SocketClient msg = Tethering stats list completed
D/SocketClient(  243): SocketClient sendDatalocked done: 200 236 Tethering stats list completed
D/NetdConnector( 1655): RCV <- {200 236 Tethering stats list completed}
D/NetdConnector( 1655): RMV <- {200 236 Tethering stats list completed}
D/NetworkStatsRecorder( 1655): recordSnapshotLocked.dev:snapshot size:3
W/NetworkStatsRecorder( 1655): unknown interfaces [lo, p2p0], ignoring those stats
D/NetworkStatsRecorder( 1655): recordSnapshotLocked.xt:snapshot size:3
W/NetworkStatsRecorder( 1655): unknown interfaces [lo, p2p0], ignoring those stats
D/NetworkStatsRecorder( 1655): recordSnapshotLocked.uid:snapshot size:60
W/NetworkStatsRecorder( 1655): unknown interfaces [lo, p2p0], ignoring those stats
D/NetworkStatsRecorder( 1655): recordSnapshotLocked.uid_tag:snapshot size:60
W/NetworkStatsRecorder( 1655): unknown interfaces [lo, p2p0], ignoring those stats
D/NetworkStatsRecorder( 1655): forcePersistLocked() writing for dev
D/NetworkStatsRecorder( 1655): forcePersistLocked() writing for xt
V/NetworkStats( 1655): performPollLocked() took 32ms
V/ActivityManager( 1655): Broadcast: Intent { act=com.android.server.action.NETWORK_STATS_UPDATED flg=0x40000010 } ordered=false userid=-1 callerApp=ProcessRecord{4276e330 1655:system/1000}
V/NetworkStats( 1655): wlan0 is connected Nettype=1
V/NetworkStats( 1655): new netIdent for:wlan0
V/NetworkStatsRecorder( 1655): setPersistThreshold() with 2097152
V/NetworkStatsRecorder( 1655): setPersistThreshold() with 2097152
V/NetworkStatsRecorder( 1655): setPersistThreshold() with 2097152
V/NetworkStatsRecorder( 1655): setPersistThreshold() with 2097152
D/NetdConnector( 1655): SND -> {237 bandwidth setglobalalert 2097152}
I/FrameworkListener(  243): onDataAvailable get 37 bytes 
D/SocketClient(  243): SocketClient msg = Bandwidth command succeeeded
D/SocketClient(  243): SocketClient sendDatalocked done: 200 237 Bandwidth command succeeeded
D/NetdConnector( 1655): RCV <- {200 237 Bandwidth command succeeeded}
D/NetdConnector( 1655): RMV <- {200 237 Bandwidth command succeeeded}
D/ConnectivityService( 1655): onMeteredIfacesChanged(ifaces=[])
V/NetworkPolicy( 1655): ensureActiveMobilePolicyLocked()
V/NetworkPolicy( 1655): updateNetworkEnabledLocked()
V/NetworkPolicy( 1655): updateNotificationsLocked()
V/ActivityManager( 1655): Broadcast sticky: Intent { act=android.intent.action.SIG_STR flg=0x10 (has extras) } ordered=false userid=-1 callerApp=ProcessRecord{4276e330 1655:system/1000}
V/ActivityManager( 1655): Broadcast sticky: Intent { act=android.net.wifi.RSSI_CHANGED flg=0x4000010 (has extras) } ordered=false userid=-1 callerApp=ProcessRecord{4276e330 1655:system/1000}
D/ConnectivityService( 1655): getActiveNetworkInfo:NetworkInfo: type: WIFI[], state: CONNECTED/CONNECTED, reason: (unspecified), extra: "60_dev_01", roaming: false, failover: false, isAvailable: true, isConnectedToProvisioningNetwork: false, simId: 0/10016
D/ConnectivityService( 1655): getActiveNetworkInfo:NetworkInfo: type: WIFI[], state: CONNECTED/CONNECTED, reason: (unspecified), extra: "60_dev_01", roaming: false, failover: false, isAvailable: true, isConnectedToProvisioningNetwork: false, simId: 0/10016
D/ConnectivityService( 1655): sendStickyBroadcast: action=android.net.conn.CONNECTIVITY_CHANGE
V/ActivityManager( 1655): Broadcast sticky: Intent { act=android.net.conn.CONNECTIVITY_CHANGE flg=0x4000010 (has extras) } ordered=false userid=-1 callerApp=ProcessRecord{4276e330 1655:system/1000}
D/ConnectivityService( 1655): getActiveNetworkInfo:NetworkInfo: type: WIFI[], state: CONNECTED/CONNECTED, reason: (unspecified), extra: "60_dev_01", roaming: false, failover: false, isAvailable: true, isConnectedToProvisioningNetwork: false, simId: 0/1000
D/ConnectivityService( 1655): getActiveNetworkInfo:NetworkInfo: type: WIFI[], state: CONNECTED/CONNECTED, reason: (unspecified), extra: "60_dev_01", roaming: false, failover: false, isAvailable: true, isConnectedToProvisioningNetwork: false, simId: 0/1000
V/AlarmManager( 1655): isAlarmNeedAlign : charging
V/AlarmManager( 1655): isAlarmNeedAlign : charging
V/AlarmManager( 1655): isAlarmNeedAlign : charging
V/AlarmManager( 1655): isAlarmNeedAlign : charging
V/AlarmManager( 1655): isAlarmNeedAlign : charging
V/AlarmManager( 1655): isAlarmNeedAlign : charging
V/AlarmManager( 1655): isAlarmNeedAlign : charging
V/AlarmManager( 1655): isAlarmNeedAlign : charging
V/AlarmManager( 1655): isAlarmNeedAlign : charging
V/AlarmManager( 1655): isAlarmNeedAlign : charging
V/AlarmManager( 1655): isAlarmNeedAlign : charging
V/AlarmManager( 1655): isAlarmNeedAlign : charging
V/AlarmManager( 1655): isAlarmNeedAlign : charging
V/AlarmManager( 1655): isAlarmNeedAlign : charging
V/AlarmManager( 1655): isAlarmNeedAlign : charging
V/AlarmManager( 1655): isAlarmNeedAlign : charging
V/AlarmManager( 1655): isAlarmNeedAlign : charging
V/AlarmManager( 1655): isAlarmNeedAlign : charging
D/ConnectivityService( 1655): getActiveNetworkInfo:NetworkInfo: type: WIFI[], state: CONNECTED/CONNECTED, reason: (unspecified), extra: "60_dev_01", roaming: false, failover: false, isAvailable: true, isConnectedToProvisioningNetwork: false, simId: 0/10097
D/ConnectivityService( 1655): getActiveNetworkInfo:NetworkInfo: type: WIFI[], state: CONNECTED/CONNECTED, reason: (unspecified), extra: "60_dev_01", roaming: false, failover: false, isAvailable: true, isConnectedToProvisioningNetwork: false, simId: 0/10097
D/ConnectivityService( 1655): getActiveNetworkInfo:NetworkInfo: type: WIFI[], state: CONNECTED/CONNECTED, reason: (unspecified), extra: "60_dev_01", roaming: false, failover: false, isAvailable: true, isConnectedToProvisioningNetwork: false, simId: 0/10097
D/ConnectivityService( 1655): getActiveNetworkInfo:NetworkInfo: type: WIFI[], state: CONNECTED/CONNECTED, reason: (unspecified), extra: "60_dev_01", roaming: false, failover: false, isAvailable: true, isConnectedToProvisioningNetwork: false, simId: 0/10097
D/ConnectivityService( 1655): getActiveNetworkInfo:NetworkInfo: type: WIFI[], state: CONNECTED/CONNECTED, reason: (unspecified), extra: "60_dev_01", roaming: false, failover: false, isAvailable: true, isConnectedToProvisioningNetwork: false, simId: 0/10083
D/ConnectivityService( 1655): getActiveNetworkInfo:NetworkInfo: type: WIFI[], state: CONNECTED/CONNECTED, reason: (unspecified), extra: "60_dev_01", roaming: false, failover: false, isAvailable: true, isConnectedToProvisioningNetwork: false, simId: 0/10083
V/AlarmManager( 1655): isAlarmNeedAlign : charging
V/AlarmManager( 1655): isAlarmNeedAlign : charging
V/AlarmManager( 1655): isAlarmNeedAlign : charging
V/AlarmManager( 1655): isAlarmNeedAlign : charging
V/AlarmManager( 1655): isAlarmNeedAlign : charging
V/AlarmManager( 1655): isAlarmNeedAlign : charging
V/AlarmManager( 1655): isAlarmNeedAlign : charging
V/AlarmManager( 1655): isAlarmNeedAlign : charging
V/AlarmManager( 1655): isAlarmNeedAlign : charging
V/AlarmManager( 1655): isAlarmNeedAlign : charging
V/AlarmManager( 1655): isAlarmNeedAlign : charging
V/AlarmManager( 1655): isAlarmNeedAlign : charging
V/AlarmManager( 1655): isAlarmNeedAlign : charging
V/AlarmManager( 1655): isAlarmNeedAlign : charging
V/AlarmManager( 1655): isAlarmNeedAlign : charging
V/AlarmManager( 1655): isAlarmNeedAlign : charging
V/AlarmManager( 1655): isAlarmNeedAlign : charging
V/AlarmManager( 1655): isAlarmNeedAlign : charging
V/AlarmManager( 1655): isAlarmNeedAlign : charging
V/AlarmManager( 1655): isAlarmNeedAlign : charging
V/AlarmManager( 1655): isAlarmNeedAlign : charging
V/AlarmManager( 1655): isAlarmNeedAlign : charging
V/AlarmManager( 1655): isAlarmNeedAlign : charging
V/AlarmManager( 1655): isAlarmNeedAlign : charging
V/AlarmManager( 1655): isAlarmNeedAlign : charging
V/AlarmManager( 1655): isAlarmNeedAlign : charging
V/AlarmManager( 1655): isAlarmNeedAlign : charging
V/AlarmManager( 1655): isAlarmNeedAlign : charging
V/AlarmManager( 1655): isAlarmNeedAlign : charging
V/AlarmManager( 1655): isAlarmNeedAlign : charging
V/AlarmManager( 1655): isAlarmNeedAlign : charging
D/ConnectivityService( 1655): getActiveNetworkInfo:NetworkInfo: type: WIFI[], state: CONNECTED/CONNECTED, reason: (unspecified), extra: "60_dev_01", roaming: false, failover: false, isAvailable: true, isConnectedToProvisioningNetwork: false, simId: 0/10188
D/ConnectivityService( 1655): getActiveNetworkInfo:NetworkInfo: type: WIFI[], state: CONNECTED/CONNECTED, reason: (unspecified), extra: "60_dev_01", roaming: false, failover: false, isAvailable: true, isConnectedToProvisioningNetwork: false, simId: 0/10155
D/ConnectivityService( 1655): getActiveNetworkInfo:NetworkInfo: type: WIFI[], state: CONNECTED/CONNECTED, reason: (unspecified), extra: "60_dev_01", roaming: false, failover: false, isAvailable: true, isConnectedToProvisioningNetwork: false, simId: 0/10155
D/ConnectivityService( 1655): getActiveNetworkInfo:NetworkInfo: type: WIFI[], state: CONNECTED/CONNECTED, reason: (unspecified), extra: "60_dev_01", roaming: false, failover: false, isAvailable: true, isConnectedToProvisioningNetwork: false, simId: 0/10155
D/ConnectivityService( 1655): getActiveNetworkInfo:NetworkInfo: type: WIFI[], state: CONNECTED/CONNECTED, reason: (unspecified), extra: "60_dev_01", roaming: false, failover: false, isAvailable: true, isConnectedToProvisioningNetwork: false, simId: 0/10155
D/ConnectivityService( 1655): getActiveNetworkInfo:NetworkInfo: type: WIFI[], state: CONNECTED/CONNECTED, reason: (unspecified), extra: "60_dev_01", roaming: false, failover: false, isAvailable: true, isConnectedToProvisioningNetwork: false, simId: 0/10155
D/ConnectivityService( 1655): getActiveNetworkInfo:NetworkInfo: type: WIFI[], state: CONNECTED/CONNECTED, reason: (unspecified), extra: "60_dev_01", roaming: false, failover: false, isAvailable: true, isConnectedToProvisioningNetwork: false, simId: 0/10155
D/ConnectivityService( 1655): getActiveNetworkInfo:NetworkInfo: type: WIFI[], state: CONNECTED/CONNECTED, reason: (unspecified), extra: "60_dev_01", roaming: false, failover: false, isAvailable: true, isConnectedToProvisioningNetwork: false, simId: 0/10155
D/ConnectivityService( 1655): getActiveNetworkInfo:NetworkInfo: type: WIFI[], state: CONNECTED/CONNECTED, reason: (unspecified), extra: "60_dev_01", roaming: false, failover: false, isAvailable: true, isConnectedToProvisioningNetwork: false, simId: 0/10155
D/ConnectivityService( 1655): getActiveNetworkInfo:NetworkInfo: type: WIFI[], state: CONNECTED/CONNECTED, reason: (unspecified), extra: "60_dev_01", roaming: false, failover: false, isAvailable: true, isConnectedToProvisioningNetwork: false, simId: 0/10155
D/ConnectivityService( 1655): getActiveNetworkInfo:NetworkInfo: type: WIFI[], state: CONNECTED/CONNECTED, reason: (unspecified), extra: "60_dev_01", roaming: false, failover: false, isAvailable: true, isConnectedToProvisioningNetwork: false, simId: 0/10155
D/ConnectivityService( 1655): getActiveNetworkInfo:NetworkInfo: type: WIFI[], state: CONNECTED/CONNECTED, reason: (unspecified), extra: "60_dev_01", roaming: false, failover: false, isAvailable: true, isConnectedToProvisioningNetwork: false, simId: 0/10155
D/ConnectivityService( 1655): getActiveNetworkInfo:NetworkInfo: type: WIFI[], state: CONNECTED/CONNECTED, reason: (unspecified), extra: "60_dev_01", roaming: false, failover: false, isAvailable: true, isConnectedToProvisioningNetwork: false, simId: 0/10155
D/ConnectivityService( 1655): getActiveNetworkInfo:NetworkInfo: type: WIFI[], state: CONNECTED/CONNECTED, reason: (unspecified), extra: "60_dev_01", roaming: false, failover: false, isAvailable: true, isConnectedToProvisioningNetwork: false, simId: 0/10155
D/ConnectivityService( 1655): getActiveNetworkInfo:NetworkInfo: type: WIFI[], state: CONNECTED/CONNECTED, reason: (unspecified), extra: "60_dev_01", roaming: false, failover: false, isAvailable: true, isConnectedToProvisioningNetwork: false, simId: 0/10155
D/ConnectivityService( 1655): getActiveNetworkInfo:NetworkInfo: type: WIFI[], state: CONNECTED/CONNECTED, reason: (unspecified), extra: "60_dev_01", roaming: false, failover: false, isAvailable: true, isConnectedToProvisioningNetwork: false, simId: 0/10155
V/AlarmManager( 1655): isAlarmNeedAlign : charging
D/ConnectivityService( 1655): getActiveNetworkInfo:NetworkInfo: type: WIFI[], state: CONNECTED/CONNECTED, reason: (unspecified), extra: "60_dev_01", roaming: false, failover: false, isAvailable: true, isConnectedToProvisioningNetwork: false, simId: 0/10155
D/ConnectivityService( 1655): getActiveNetworkInfo:NetworkInfo: type: WIFI[], state: CONNECTED/CONNECTED, reason: (unspecified), extra: "60_dev_01", roaming: false, failover: false, isAvailable: true, isConnectedToProvisioningNetwork: false, simId: 0/10279
D/ConnectivityService( 1655): getActiveNetworkInfo:NetworkInfo: type: WIFI[], state: CONNECTED/CONNECTED, reason: (unspecified), extra: "60_dev_01", roaming: false, failover: false, isAvailable: true, isConnectedToProvisioningNetwork: false, simId: 0/10279
D/ConnectivityService( 1655): getActiveNetworkInfo:NetworkInfo: type: WIFI[], state: CONNECTED/CONNECTED, reason: (unspecified), extra: "60_dev_01", roaming: false, failover: false, isAvailable: true, isConnectedToProvisioningNetwork: false, simId: 0/10279
D/ConnectivityService( 1655): getActiveNetworkInfo:NetworkInfo: type: WIFI[], state: CONNECTED/CONNECTED, reason: (unspecified), extra: "60_dev_01", roaming: false, failover: false, isAvailable: true, isConnectedToProvisioningNetwork: false, simId: 0/10082
D/ActivityThread( 4361): BDC-Calling onReceive: intent=Intent { act=android.net.conn.CONNECTIVITY_CHANGE flg=0x4000010 cmp=com.kingroot.kinguser/com.kingroot.common.framework.broadcast.KSysBroadcastReceiver (has extras) }, ordered=true, receiver=com.kingroot.common.framework.broadcast.KSysBroadcastReceiver@430ee308
D/ConnectivityService( 1655): getActiveNetworkInfo:NetworkInfo: type: WIFI[], state: CONNECTED/CONNECTED, reason: (unspecified), extra: "60_dev_01", roaming: false, failover: false, isAvailable: true, isConnectedToProvisioningNetwork: false, simId: 0/10097
D/ActivityThread( 4361): BDC-RECEIVER handled : 0 / ReceiverData{intent=Intent { act=android.net.conn.CONNECTIVITY_CHANGE flg=0x4000010 cmp=com.kingroot.kinguser/com.kingroot.common.framework.broadcast.KSysBroadcastReceiver (has extras) } packageName=com.kingroot.kinguser resultCode=-1 resultData=null resultExtras=null}
D/ConnectivityService( 1655): getActiveNetworkInfo:NetworkInfo: type: WIFI[], state: CONNECTED/CONNECTED, reason: (unspecified), extra: "60_dev_01", roaming: false, failover: false, isAvailable: true, isConnectedToProvisioningNetwork: false, simId: 0/10098
D/ConnectivityService( 1655): getActiveNetworkInfo:NetworkInfo: type: WIFI[], state: CONNECTED/CONNECTED, reason: (unspecified), extra: "60_dev_01", roaming: false, failover: false, isAvailable: true, isConnectedToProvisioningNetwork: false, simId: 0/10098
D/ConnectivityService( 1655): getActiveNetworkInfo:NetworkInfo: type: WIFI[], state: CONNECTED/CONNECTED, reason: (unspecified), extra: "60_dev_01", roaming: false, failover: false, isAvailable: true, isConnectedToProvisioningNetwork: false, simId: 0/10098
D/ActivityThread( 5365): BDC-Calling onReceive: intent=Intent { act=android.net.conn.CONNECTIVITY_CHANGE flg=0x4000010 cmp=com.kingroot.master/com.kingroot.common.framework.broadcast.KSysBroadcastReceiver (has extras) }, ordered=true, receiver=com.kingroot.common.framework.broadcast.KSysBroadcastReceiver@42b91c98
D/ActivityThread( 5365): BDC-RECEIVER handled : 0 / ReceiverData{intent=Intent { act=android.net.conn.CONNECTIVITY_CHANGE flg=0x4000010 cmp=com.kingroot.master/com.kingroot.common.framework.broadcast.KSysBroadcastReceiver (has extras) } packageName=com.kingroot.master resultCode=0 resultData=null resultExtras=null}
D/ActivityThread(27839): BDC-Calling onReceive: intent=Intent { act=android.net.conn.CONNECTIVITY_CHANGE flg=0x4000010 cmp=com.tencent.android.qqdownloader/com.qq.AppService.MainReceiver (has extras) }, ordered=true, receiver=com.qq.AppService.MainReceiver@42c28f10
D/ActivityThread(27839): BDC-RECEIVER handled : 0 / ReceiverData{intent=Intent { act=android.net.conn.CONNECTIVITY_CHANGE flg=0x4000010 cmp=com.tencent.android.qqdownloader/com.qq.AppService.MainReceiver (has extras) } packageName=com.tencent.android.qqdownloader resultCode=0 resultData=null resultExtras=null}
D/ActivityThread(27486): BDC-Calling onReceive: intent=Intent { act=android.net.conn.CONNECTIVITY_CHANGE flg=0x4000010 cmp=com.tencent.android.qqdownloader/com.tencent.assistant.module.timer.ScheduleJobReceiver (has extras) }, ordered=true, receiver=com.tencent.assistant.module.timer.ScheduleJobReceiver@43b57388
D/ActivityThread(27486): BDC-RECEIVER handled : 0 / ReceiverData{intent=Intent { act=android.net.conn.CONNECTIVITY_CHANGE flg=0x4000010 cmp=com.tencent.android.qqdownloader/com.tencent.assistant.module.timer.ScheduleJobReceiver (has extras) } packageName=com.tencent.android.qqdownloader resultCode=0 resultData=null resultExtras=null}
D/ActivityThread(27455): BDC-Calling onReceive: intent=Intent { act=android.net.conn.CONNECTIVITY_CHANGE flg=0x4000010 cmp=com.tencent.android.qqdownloader/com.tencent.assistant.TimerJob.TimerJobService (has extras) }, ordered=true, receiver=com.tencent.assistant.TimerJob.TimerJobService@43113140
D/ActivityThread(27455): BDC-RECEIVER handled : 0 / ReceiverData{intent=Intent { act=android.net.conn.CONNECTIVITY_CHANGE flg=0x4000010 cmp=com.tencent.android.qqdownloader/com.tencent.assistant.TimerJob.TimerJobService (has extras) } packageName=com.tencent.android.qqdownloader resultCode=0 resultData=null resultExtras=null}
D/ActivityThread(31136): BDC-Calling onReceive: intent=Intent { act=android.net.conn.CONNECTIVITY_CHANGE flg=0x4000010 cmp=io.dcloud.HBuilder/io.dcloud.appstream.receiver.DaemonReceiver (has extras) }, ordered=true, receiver=io.dcloud.appstream.receiver.DaemonReceiver@4284ab08
D/ConnectivityService( 1655): getActiveNetworkInfo:NetworkInfo: type: WIFI[], state: CONNECTED/CONNECTED, reason: (unspecified), extra: "60_dev_01", roaming: false, failover: false, isAvailable: true, isConnectedToProvisioningNetwork: false, simId: 0/10059
D/ConnectivityService( 1655): getActiveNetworkInfo:NetworkInfo: type: WIFI[], state: CONNECTED/CONNECTED, reason: (unspecified), extra: "60_dev_01", roaming: false, failover: false, isAvailable: true, isConnectedToProvisioningNetwork: false, simId: 0/10098
D/ConnectivityService( 1655): getActiveNetworkInfo:NetworkInfo: type: WIFI[], state: CONNECTED/CONNECTED, reason: (unspecified), extra: "60_dev_01", roaming: false, failover: false, isAvailable: true, isConnectedToProvisioningNetwork: false, simId: 0/1000
D/ConnectivityService( 1655): getActiveNetworkInfo:NetworkInfo: type: WIFI[], state: CONNECTED/CONNECTED, reason: (unspecified), extra: "60_dev_01", roaming: false, failover: false, isAvailable: true, isConnectedToProvisioningNetwork: false, simId: 0/10016
D/ConnectivityService( 1655): getActiveNetworkInfo:NetworkInfo: type: WIFI[], state: CONNECTED/CONNECTED, reason: (unspecified), extra: "60_dev_01", roaming: false, failover: false, isAvailable: true, isConnectedToProvisioningNetwork: false, simId: 0/10040
D/ConnectivityService( 1655): getActiveNetworkInfo:NetworkInfo: type: WIFI[], state: CONNECTED/CONNECTED, reason: (unspecified), extra: "60_dev_01", roaming: false, failover: false, isAvailable: true, isConnectedToProvisioningNetwork: false, simId: 0/10276
D/ConnectivityService( 1655): getActiveNetworkInfo:NetworkInfo: type: WIFI[], state: CONNECTED/CONNECTED, reason: (unspecified), extra: "60_dev_01", roaming: false, failover: false, isAvailable: true, isConnectedToProvisioningNetwork: false, simId: 0/10188
D/ConnectivityService( 1655): getActiveNetworkInfo:NetworkInfo: type: WIFI[], state: CONNECTED/CONNECTED, reason: (unspecified), extra: "60_dev_01", roaming: false, failover: false, isAvailable: true, isConnectedToProvisioningNetwork: false, simId: 0/10097
D/ConnectivityService( 1655): getActiveNetworkInfo:NetworkInfo: type: WIFI[], state: CONNECTED/CONNECTED, reason: (unspecified), extra: "60_dev_01", roaming: false, failover: false, isAvailable: true, isConnectedToProvisioningNetwork: false, simId: 0/10016
D/ConnectivityService( 1655): getActiveNetworkInfo:NetworkInfo: type: WIFI[], state: CONNECTED/CONNECTED, reason: (unspecified), extra: "60_dev_01", roaming: false, failover: false, isAvailable: true, isConnectedToProvisioningNetwork: false, simId: 0/10276
D/ConnectivityService( 1655): getActiveNetworkInfo:NetworkInfo: type: WIFI[], state: CONNECTED/CONNECTED, reason: (unspecified), extra: "60_dev_01", roaming: false, failover: false, isAvailable: true, isConnectedToProvisioningNetwork: false, simId: 0/10188
D/ConnectivityService( 1655): getActiveNetworkInfo:NetworkInfo: type: WIFI[], state: CONNECTED/CONNECTED, reason: (unspecified), extra: "60_dev_01", roaming: false, failover: false, isAvailable: true, isConnectedToProvisioningNetwork: false, simId: 0/10098
D/ActivityThread(31136): BDC-RECEIVER handled : 0 / ReceiverData{intent=Intent { act=android.net.conn.CONNECTIVITY_CHANGE flg=0x4000010 cmp=io.dcloud.HBuilder/io.dcloud.appstream.receiver.DaemonReceiver (has extras) } packageName=io.dcloud.HBuilder resultCode=0 resultData=null resultExtras=null}
V/AlarmManager( 1655): isAlarmNeedAlign : charging
D/ConnectivityService( 1655): getActiveNetworkInfo:NetworkInfo: type: WIFI[], state: CONNECTED/CONNECTED, reason: (unspecified), extra: "60_dev_01", roaming: false, failover: false, isAvailable: true, isConnectedToProvisioningNetwork: false, simId: 0/10097
V/AlarmManager( 1655): isAlarmNeedAlign : charging
D/PowerManagerService( 1655): release partial wake lock with ON_AFTER_RELEASE, do nothing
D/ConnectivityService( 1655): getActiveNetworkInfo:NetworkInfo: type: WIFI[], state: CONNECTED/CONNECTED, reason: (unspecified), extra: "60_dev_01", roaming: false, failover: false, isAvailable: true, isConnectedToProvisioningNetwork: false, simId: 0/10016
D/ConnectivityService( 1655): getActiveNetworkInfo:NetworkInfo: type: WIFI[], state: CONNECTED/CONNECTED, reason: (unspecified), extra: "60_dev_01", roaming: false, failover: false, isAvailable: true, isConnectedToProvisioningNetwork: false, simId: 0/10095
D/ConnectivityService( 1655): getActiveNetworkInfo:NetworkInfo: type: WIFI[], state: CONNECTED/CONNECTED, reason: (unspecified), extra: "60_dev_01", roaming: false, failover: false, isAvailable: true, isConnectedToProvisioningNetwork: false, simId: 0/10097
D/ConnectivityService( 1655): getActiveNetworkInfo:NetworkInfo: type: WIFI[], state: CONNECTED/CONNECTED, reason: (unspecified), extra: "60_dev_01", roaming: false, failover: false, isAvailable: true, isConnectedToProvisioningNetwork: false, simId: 0/10016
D/ConnectivityService( 1655): getActiveNetworkInfo:NetworkInfo: type: WIFI[], state: CONNECTED/CONNECTED, reason: (unspecified), extra: "60_dev_01", roaming: false, failover: false, isAvailable: true, isConnectedToProvisioningNetwork: false, simId: 0/10155
I/ActivityManager( 1655): Start proc com.mediatek.mtklogger for broadcast com.mediatek.mtklogger/.framework.LogReceiver: pid=24072 uid=10048 gids={50048, 3003, 1028, 1015, 1023, 1035}
D/ActivityManager( 1655):  (1) delay start com.mediatek.mtklogger startResult.usingWrapper false
D/ConnectivityService( 1655): getActiveNetworkInfo:NetworkInfo: type: WIFI[], state: CONNECTED/CONNECTED, reason: (unspecified), extra: "60_dev_01", roaming: false, failover: false, isAvailable: true, isConnectedToProvisioningNetwork: false, simId: 0/10040
D/ConnectivityService( 1655): getActiveNetworkInfo:NetworkInfo: type: WIFI[], state: CONNECTED/CONNECTED, reason: (unspecified), extra: "60_dev_01", roaming: false, failover: false, isAvailable: true, isConnectedToProvisioningNetwork: false, simId: 0/10155
D/ConnectivityService( 1655): getActiveNetworkInfo:NetworkInfo: type: WIFI[], state: CONNECTED/CONNECTED, reason: (unspecified), extra: "60_dev_01", roaming: false, failover: false, isAvailable: true, isConnectedToProvisioningNetwork: false, simId: 0/10155
