D/ActivityManager( 1655): getContentProviderImpl: from caller=android.app.ApplicationThreadProxy@43159270 (pid=20656, userId=0) to get content provider cn.wps.moffice_eng.preferences cpr=ContentProviderRecord{444ac528 u0 cn.wps.moffice_eng/cn.wps.moffice.persistence.AppDataProvider}
D/ActivityManager( 1655): getContentProviderImpl: updateLruProcessLocked cpr.proc=ProcessRecord{4483fa30 20100:cn.wps.moffice_eng/u0a86}
D/ActivityThread(20656): hoder:android.app.IActivityManager$ContentProviderHolder@42956220,provider,holder.Provider:android.content.ContentProviderProxy@42956880
D/ActivityThread(20656): BDC-Calling finishReceiver: IIntentReceiver=427ca820
D/ActivityThread(20739): BDC-Calling onReceive: intent=Intent { act=android.intent.action.TIME_TICK flg=0x50000094 (has extras) }, ordered=true, receiver=com.oppo.lockutils.OppoLockUtils$1@42710318, IIntentReceiver=42711c88
D/ActivityThread(20739): BDC-Calling finishReceiver: IIntentReceiver=42711c88
D/ActivityThread(20739): BDC-Calling onReceive: intent=Intent { act=android.intent.action.TIME_TICK flg=0x50000094 (has extras) }, ordered=true, receiver=com.android.keyguard.base.KeyguardUpdateMonitor$3@42723a00, IIntentReceiver=42725120
D/ActivityThread(20739): BDC-Calling finishReceiver: IIntentReceiver=42725120
I/thermal_repeater(  274): oh, queryMdThermalInfo (0)Bad file number
I/console (13777): [LOG] 
I/thermal_repeater(  274): [recvMdThermalInfo] ret=25, strLen=127,  1, 32767,,, -1, 32767, 2
D/BatteryService( 1655): mBatteryVoltage=4074, batteryLevel=50
V/ActivityManager( 1655): Broadcast sticky: Intent { act=android.intent.action.ADDITIONAL_BATTERY_CHANGED flg=0x60000010 (has extras) } ordered=false userid=-1 callerApp=null
V/ActivityManager( 1655): Broadcast sticky: Intent { act=android.intent.action.BATTERY_CHANGED flg=0x60000010 (has extras) } ordered=false userid=-1 callerApp=null
D/WifiService( 1655): onReceive, action:android.intent.action.BATTERY_CHANGED
D/UsbDeviceManager( 1655): onReceive - BATTERY_CHANGED - mPlugType: 2, mSettingUsbCharging: false, mConnected: true, mSettingUsbBicr: false
D/WifiController( 1655): DeviceActiveState{ when=-2ms what=155652 arg1=2 target=com.android.internal.util.StateMachine$SmHandler target=Handler (com.android.internal.util.StateMachine$SmHandler) {431e59b8} }
D/WifiController( 1655): StaEnabledState{ when=-3ms what=155652 arg1=2 target=com.android.internal.util.StateMachine$SmHandler target=Handler (com.android.internal.util.StateMachine$SmHandler) {431e59b8} }
D/WifiController( 1655): DefaultState{ when=-3ms what=155652 arg1=2 target=com.android.internal.util.StateMachine$SmHandler target=Handler (com.android.internal.util.StateMachine$SmHandler) {431e59b8} }
D/WifiController( 1655): battery changed pluggedType: 2
D/PowerSaveService( 4327): PowerSaveReceiver EXTRA_STATUS: status = 2, lastCharging = true
V/ActivityManager( 1655): Broadcast sticky: Intent { act=android.intent.action.ADDITIONAL_BATTERY_CHANGED flg=0x60000010 (has extras) } ordered=false userid=-1 callerApp=null
V/ActivityManager( 1655): Broadcast sticky: Intent { act=android.intent.action.ADDITIONAL_BATTERY_CHANGED flg=0x60000010 (has extras) } ordered=false userid=-1 callerApp=null
I/console (13777): [LOG] 
I/console (13777): [LOG]  sendHeart at dist/js/source/houseSever.js:1
D/WebView (13777): evaluateJavascript=javascript:(function(w,n){try{var plus=((w.__html5plus__&&w.__html5plus__.isReady)?w.__html5plus__:(n.plus&&n.plus.isReady)?n.plus:window.plus);var result= {};result.status = 1;result.message = {"seq":"1514279101992","uid":"1000001079224195"};result.keepCallback = false;plus && plus.bridge.callbackFromNative('plus17821514279101992', result);}catch(e){console.error(e)};})(window,navigator);
D/dalvikvm( 4533): create interp thread : stack size=128KB
D/dalvikvm( 4533): create new thread
D/dalvikvm( 4533): new thread created
D/dalvikvm( 4533): update thread list
D/dalvikvm( 4533): threadid=17: interp stack at 0x79172000
D/dalvikvm( 4533): threadid=17: created from interp
D/dalvikvm( 4533): start new thread
D/dalvikvm( 4533): threadid=17: notify debugger
D/dalvikvm( 4533): threadid=17 (Thread-4726): calling run()
I/KSO_STAT( 4533): App is in background, stop update end time, ready to start a new session.
D/SQLiteDatabase( 4533): beginTransaction()
D/SQLiteDatabase( 4533): endTransaction()
D/dalvikvm( 4533): threadid=17: exiting
D/dalvikvm( 4533): threadid=17: bye!
E/overtime(13777): RecvListener
D/WebView (13777): evaluateJavascript=javascript:(function(w,n){try{var plus=((w.__html5plus__&&w.__html5plus__.isReady)?w.__html5plus__:(n.plus&&n.plus.isReady)?n.plus:window.plus);var result= {};result.status = 1;result.message = {"data":"fn5+fgAAAEd7ImNtZCI6Im5ldHdvcmsiLCJjbWRUeXBlIjoiaGVhcnQiLCJzZXF1ZW5jZSI6MCwic3RhdHVzIjoiUyIsInVpZCI6IiJ9Cg==","uid":"1000001079224195"};result.keepCallback = true;plus && plus.bridge.callbackFromNative('plus2221514271864413', result);}catch(e){console.error(e)};})(window,navigator);
I/console (13777): [LOG]  handleMessage strJoson======{"cmd":"network","cmdType":"heart","sequence":0,"status":"S","uid":""}
I/console (13777):  at dist/js/source/house.js:1
D/WifiStateMachine( 1655): ConnectedState{ when=-2ms what=131155 arg1=14 target=com.android.internal.util.StateMachine$SmHandler target=Handler (com.android.internal.util.StateMachine$SmHandler) {43142030} }
D/WifiStateMachine( 1655): L2ConnectedState{ when=-2ms what=131155 arg1=14 target=com.android.internal.util.StateMachine$SmHandler target=Handler (com.android.internal.util.StateMachine$SmHandler) {43142030} }
D/WifiHW  ( 1655): enter -->wifi_send_command cmd=IFNAME=wlan0 SIGNAL_POLL
D/wpa_supplicant( 3981): RX ctrl_iface - hexdump(len=11): 53 49 47 4e 41 4c 5f 50 4f 4c 4c
D/wpa_supplicant( 3981): wlan0: Control interface command 'SIGNAL_POLL'
D/wpa_supplicant( 3981): nl80211: survey data missing!
D/wpa_supplicant( 3981): signal poll, reply_len=48
D/wpa_ctrl( 1655): reply_len=4095
D/WifiHW  ( 1655): leave --> reply=RSSI=-43
D/WifiHW  ( 1655): LINKSPEED=65
D/WifiHW  ( 1655): NOISE=9999
D/WifiHW  ( 1655): FREQUENCY=2412
D/WifiHW  ( 1655): 
D/wifi    ( 1655): doStringCommand, buf IFNAME=wlan0 SIGNAL_POLL
I/WifiStateMachine( 1655): fetchRssiAndLinkSpeedNative, newRssi:-43, newLinkSpeed:65, SSID:"60_dev_01"
D/WifiStateMachine( 1655): mRssiArray[0] = -44
D/WifiStateMachine( 1655): mRssiArray[1] = -44
D/WifiStateMachine( 1655): mRssiArray[2] = -45
D/WifiStateMachine( 1655): mRssiArray[3] = -44
D/WifiStateMachine( 1655): mRssiArray[4] = -44
D/WifiStateMachine( 1655): GetFilterRssi is : -43
D/WifiStateMachine( 1655): mLastSignalLevel:4, newSignalLevel:4
D/WifiStateMachine( 1655): fetchRssiAndLinkSpeedNative, ipAddr:1795166380
D/PhoneInterfaceManagerEx( 4184): [PhoneIntfMgrEx] hasIccCard  simId=0
D/PhoneInterfaceManagerEx( 4184): [PhoneIntfMgrEx] hasIccCard  simId=1
I/console (13777): [LOG] 
I/uSDK    (13777): [CAE][D][2017-12-26 17:05:03.428351][cae_softap_user_task:730][buffer fd or timeout ]
I/uSDK    (13777): [CAE][D][2017-12-26 17:05:03.428438][cae_su_read_buffer_to_send:630][count[0]***]
I/uSDK    (13777): [CAE][D][2017-12-26 17:05:03.428491][su_ctx_fd_set:692][MAX fd[-1]]
I/console (13777): [LOG] 
I/console (13777): [LOG] ws=heartTest.success at dist/js/source/push.js:1
I/console (13777): [LOG] 
I/ANRManager( 1655): updateProcessStats
D/WifiStateMachine( 1655): ConnectedState{ when=-1ms what=131155 arg1=14 target=com.android.internal.util.StateMachine$SmHandler target=Handler (com.android.internal.util.StateMachine$SmHandler) {43142030} }
D/WifiStateMachine( 1655): L2ConnectedState{ when=-1ms what=131155 arg1=14 target=com.android.internal.util.StateMachine$SmHandler target=Handler (com.android.internal.util.StateMachine$SmHandler) {43142030} }
D/WifiHW  ( 1655): enter -->wifi_send_command cmd=IFNAME=wlan0 SIGNAL_POLL
D/wpa_supplicant( 3981): RX ctrl_iface - hexdump(len=11): 53 49 47 4e 41 4c 5f 50 4f 4c 4c
D/wpa_supplicant( 3981): wlan0: Control interface command 'SIGNAL_POLL'
D/wpa_supplicant( 3981): nl80211: survey data missing!
D/wpa_supplicant( 3981): signal poll, reply_len=48
D/wpa_ctrl( 1655): reply_len=4095
D/WifiHW  ( 1655): leave --> reply=RSSI=-43
D/WifiHW  ( 1655): LINKSPEED=65
D/WifiHW  ( 1655): NOISE=9999
D/WifiHW  ( 1655): FREQUENCY=2412
D/WifiHW  ( 1655): 
D/wifi    ( 1655): doStringCommand, buf IFNAME=wlan0 SIGNAL_POLL
I/WifiStateMachine( 1655): fetchRssiAndLinkSpeedNative, newRssi:-43, newLinkSpeed:65, SSID:"60_dev_01"
D/WifiStateMachine( 1655): mRssiArray[0] = -44
D/WifiStateMachine( 1655): mRssiArray[1] = -44
D/WifiStateMachine( 1655): mRssiArray[2] = -43
D/WifiStateMachine( 1655): mRssiArray[3] = -44
D/WifiStateMachine( 1655): mRssiArray[4] = -44
D/WifiStateMachine( 1655): GetFilterRssi is : -43
D/WifiStateMachine( 1655): mLastSignalLevel:4, newSignalLevel:4
D/WifiStateMachine( 1655): fetchRssiAndLinkSpeedNative, ipAddr:1795166380
I/console (13777): [LOG] 
D/BatteryService( 1655): mBatteryVoltage=4071, batteryLevel=50
V/ActivityManager( 1655): Broadcast sticky: Intent { act=android.intent.action.ADDITIONAL_BATTERY_CHANGED flg=0x60000010 (has extras) } ordered=false userid=-1 callerApp=null
V/ActivityManager( 1655): Broadcast sticky: Intent { act=android.intent.action.BATTERY_CHANGED flg=0x60000010 (has extras) } ordered=false userid=-1 callerApp=null
D/WifiService( 1655): onReceive, action:android.intent.action.BATTERY_CHANGED
D/WifiController( 1655): DeviceActiveState{ when=0 what=155652 arg1=2 target=com.android.internal.util.StateMachine$SmHandler target=Handler (com.android.internal.util.StateMachine$SmHandler) {431e59b8} }
D/WifiController( 1655): StaEnabledState{ when=0 what=155652 arg1=2 target=com.android.internal.util.StateMachine$SmHandler target=Handler (com.android.internal.util.StateMachine$SmHandler) {431e59b8} }
D/WifiController( 1655): DefaultState{ when=0 what=155652 arg1=2 target=com.android.internal.util.StateMachine$SmHandler target=Handler (com.android.internal.util.StateMachine$SmHandler) {431e59b8} }
D/WifiController( 1655): battery changed pluggedType: 2
D/UsbDeviceManager( 1655): onReceive - BATTERY_CHANGED - mPlugType: 2, mSettingUsbCharging: false, mConnected: true, mSettingUsbBicr: false
D/PowerSaveService( 4327): PowerSaveReceiver EXTRA_STATUS: status = 2, lastCharging = true
V/ActivityManager( 1655): Broadcast sticky: Intent { act=android.intent.action.ADDITIONAL_BATTERY_CHANGED flg=0x60000010 (has extras) } ordered=false userid=-1 callerApp=null
V/ActivityManager( 1655): Broadcast sticky: Intent { act=android.intent.action.ADDITIONAL_BATTERY_CHANGED flg=0x60000010 (has extras) } ordered=false userid=-1 callerApp=null
I/console (13777): [LOG] 
E/overtime(13777): RecvListener
E/overtime(13777): RecvListener
D/WebView (13777): evaluateJavascript=javascript:(function(w,n){try{var plus=((w.__html5plus__&&w.__html5plus__.isReady)?w.__html5plus__:(n.plus&&n.plus.isReady)?n.plus:window.plus);var result= {};result.status = 1;result.message = {"data":"fn5+fgAAAX97ImNtZCI6InJvb20iLCJjbWRUeXBlIjoiYWRkTW9kaWZ5Iiwicm9vbSI6eyJkZXZpY2UiOlt7ImlkIjoxMjl9LHsiaWQiOjE0Mn0seyJpZCI6MTUzfSx7ImlkIjoxNTR9LHsiaWQiOjE1NX0seyJpZCI6MTU3fSx7ImlkIjoxNTl9LHsiaWQiOjE2MH0seyJpZCI6MTY0fSx7ImlkIjoxNjd9XSwiZW52Ijp7ImNvMiI6eyJzcmNJZCI6MTY3LCJ2YWwiOi0zMjc2OH0sImh1bWlkaXR5Ijp7InNyY0lkIjoxNjcsInZhbCI6LTEyOH0sInBtMjUiOnsic3JjSWQiOjE2NywidmFsIjotMzI3Njh9LCJ0ZW1wIjp7InNyY0lkIjoxNjcsInZhbCI6LTEyOH19LCJpY29uIjoxLCJpZCI6MSwibmFtZSI6IuacquW9kuexu+iuvuWkhyJ9LCJzZXF1ZW5jZSI6NTE3MCwidWlkIjoiR0FURVdBWSJ9Cn5+fn4AAAETeyJjbWQiOiJkZXZpY2UiLCJjbWRUeXBlIjoiZGV0ZWN0b3JTdGF0dXNOb3RpZnkiLA==","uid":"1000001079224195"};result.keepCallback = true;plus && plus.bridge.callbackFromNative('plus2221514271864413', result);}catch(e){console.error(e)};})(window,navigator);
D/WebView (13777): evaluateJavascript=javascript:(function(w,n){try{var plus=((w.__html5plus__&&w.__html5plus__.isReady)?w.__html5plus__:(n.plus&&n.plus.isReady)?n.plus:window.plus);var result= {};result.status = 1;result.message = {"data":"ImNvbm5lY3QiOiJvZmZsaW5lIiwiZW52Ijp7ImNvMiI6LTMyNzY4LCJodW1pZGl0eSI6LTEyOCwicG0yNSI6LTMyNzY4LCJ0ZW1wIjotMTI4fSwiaWNvbiI6MCwiaWQiOjE2NywibmFtZSI6IuepuuawlOaenCIsIm5vZGVJZCI6MCwib25PZmYiOiJvZmYiLCJyYW5nZSI6W10sInNlcXVlbmNlIjo1MTcwLCJzdWJUeXBlIjoiMSIsInR5cGUiOiIxMTgiLCJ1aWQiOiJHQVRFV0FZIiwidm9pY2UiOjB9Cg==","uid":"1000001079224195"};result.keepCallback = true;plus && plus.bridge.callbackFromNative('plus2221514271864413', result);}catch(e){console.error(e)};})(window,navigator);
I/console (13777): [LOG]  handleMessage strJoson======{"cmd":"room","cmdType":"addModify","room":{"device":[{"id":129},{"id":142},{"id":153},{"id":154},{"id":155},{"id":157},{"id":159},{"id":160},{"id":164},{"id":167}],"env":{"co2":{"srcId":167,"val":-32768},"humidity":{"srcId":167,"val":-128},"pm25":{"srcId":167,"val":-32768},"temp":{"srcId":167,"val":-128}},"icon":1,"id":1,"name":""},"sequence":5170,"uid":"GATEWAY"}
I/console (13777):  at dist/js/source/house.js:1
I/console (13777): [LOG] do not support this comdType11:detectorStatusNotify at dist/js/source/house.js:1
I/console (13777): [LOG]  handleMessage strJoson======{"cmd":"device","cmdType":"detectorStatusNotify","connect":"offline","env":{"co2":-32768,"humidity":-128,"pm25":-32768,"temp":-128},"icon":0,"id":167,"name":"","nodeId":0,"onOff":"off","range":[],"sequence":5170,"subType":"1","type":"118","uid":"GATEWAY","voice":0}
I/console (13777):  at dist/js/source/house.js:1
I/console (13777): [LOG]  sendHeart at dist/js/source/houseSever.js:1
D/WebView (13777): evaluateJavascript=javascript:(function(w,n){try{var plus=((w.__html5plus__&&w.__html5plus__.isReady)?w.__html5plus__:(n.plus&&n.plus.isReady)?n.plus:window.plus);var result= {};result.status = 1;result.message = {"seq":"1514279106995","uid":"1000001079224195"};result.keepCallback = false;plus && plus.bridge.callbackFromNative('plus17831514279106995', result);}catch(e){console.error(e)};})(window,navigator);
D/dalvikvm( 4533): create interp thread : stack size=128KB
D/dalvikvm( 4533): create new thread
D/dalvikvm( 4533): new thread created
D/dalvikvm( 4533): update thread list
D/dalvikvm( 4533): threadid=17: interp stack at 0x79172000
D/dalvikvm( 4533): threadid=17: created from interp
D/dalvikvm( 4533): start new thread
D/dalvikvm( 4533): threadid=17: notify debugger
D/dalvikvm( 4533): threadid=17 (Thread-4727): calling run()
I/KSO_STAT( 4533): App is in background, stop update end time, ready to start a new session.
D/SQLiteDatabase( 4533): beginTransaction()
D/SQLiteDatabase( 4533): endTransaction()
D/dalvikvm( 4533): threadid=17: exiting
D/dalvikvm( 4533): threadid=17: bye!
E/overtime(13777): RecvListener
D/WebView (13777): evaluateJavascript=javascript:(function(w,n){try{var plus=((w.__html5plus__&&w.__html5plus__.isReady)?w.__html5plus__:(n.plus&&n.plus.isReady)?n.plus:window.plus);var result= {};result.status = 1;result.message = {"data":"fn5+fgAAAEd7ImNtZCI6Im5ldHdvcmsiLCJjbWRUeXBlIjoiaGVhcnQiLCJzZXF1ZW5jZSI6MCwic3RhdHVzIjoiUyIsInVpZCI6IiJ9Cg==","uid":"1000001079224195"};result.keepCallback = true;plus && plus.bridge.callbackFromNative('plus2221514271864413', result);}catch(e){console.error(e)};})(window,navigator);
I/console (13777): [LOG]  handleMessage strJoson======{"cmd":"network","cmdType":"heart","sequence":0,"status":"S","uid":""}
I/console (13777):  at dist/js/source/house.js:1
I/console (13777): [LOG] 
E/RemoteViews(27455): ANR Warning,RemoteViews can only be used once ,if not ,it may cause ANR in hosts such as Laucher,SystemUI. keys for search <ANR Exception MSG   History>
D/RemoteViews( 1655): RemoteViews parcel: android.os.Parcel@454e3a68 bitmapCache: null
V/NotificationService( 1655): enqueueNotificationInternal: pkg=com.tencent.android.qqdownloader id=127 notification=Notification(pri=1 contentView=com.tencent.android.qqdownloader/0x7f0401f0 vibrate=null sound=null defaults=0x0 flags=0xa2 kind=[null])
V/NotificationService( 1655): Initial score is 20.
V/NotificationService( 1655): Final score is 20.
V/MoMS.NotificationController( 1655): notifications are enabled for com.tencent.android.qqdownloader
D/AppOps  ( 1655): noteOperation: allowing code 11 uid 10155 package com.tencent.android.qqdownloader
V/NotificationService( 1655): Assigned score=20 to Notification(pri=2 contentView=com.tencent.android.qqdownloader/0x7f0401f0 vibrate=null sound=null defaults=0x0 flags=0xa2 kind=[null])
D/RemoteViews( 1655): RemoteViews parcel: android.os.Parcel@447f67d8 bitmapCache: null
D/NotificationService( 1655): useDefaultSound=false
D/NotificationService( 1655): notification.sound=null
D/RemoteViews( 5365): RemoteViews parcel: android.os.Parcel@42b51550 bitmapCache: null
E/RemoteViews( 1655): ANR Warning,RemoteViews can only be used once ,if not ,it may cause ANR in hosts such as Laucher,SystemUI. keys for search <ANR Exception MSG   History>
D/RemoteViews(20739): RemoteViews parcel: android.os.Parcel@4272df60 bitmapCache: null
D/dalvikvm(20739): between the previous GC alloc  6272K
D/dalvikvm(20739): currentAlloc=13063624 - lastAllocatedSize=6510032 < 10485760, don't trigger GC
D/dalvikvm(20739): GC_CONCURRENT freed 7032K (202216), 72% free 6365K/21956K, paused 2ms+15ms, total 70ms
D/WifiStateMachine( 1655): ConnectedState{ when=-3ms what=131155 arg1=14 target=com.android.internal.util.StateMachine$SmHandler target=Handler (com.android.internal.util.StateMachine$SmHandler) {43142030} }
D/WifiStateMachine( 1655): L2ConnectedState{ when=-3ms what=131155 arg1=14 target=com.android.internal.util.StateMachine$SmHandler target=Handler (com.android.internal.util.StateMachine$SmHandler) {43142030} }
D/WifiHW  ( 1655): enter -->wifi_send_command cmd=IFNAME=wlan0 SIGNAL_POLL
D/wpa_supplicant( 3981): RX ctrl_iface - hexdump(len=11): 53 49 47 4e 41 4c 5f 50 4f 4c 4c
D/wpa_supplicant( 3981): wlan0: Control interface command 'SIGNAL_POLL'
V/Provider/Settings( 1655): get setting for user 0 by user 0 so skipping cache
V/Provider/Settings( 1655):  from settings cache , name = sys_free_storage_log_interval , value = null
V/Provider/Settings( 1655): get setting for user 0 by user 0 so skipping cache
V/Provider/Settings( 1655):  from settings cache , name = disk_free_change_reporting_threshold , value = null
D/wpa_supplicant( 3981): nl80211: survey data missing!
D/wpa_supplicant( 3981): signal poll, reply_len=48
D/wpa_ctrl( 1655): reply_len=4095
D/WifiHW  ( 1655): leave --> reply=RSSI=-44
D/WifiHW  ( 1655): LINKSPEED=65
D/WifiHW  ( 1655): NOISE=9999
D/WifiHW  ( 1655): FREQUENCY=2412
D/WifiHW  ( 1655): 
D/wifi    ( 1655): doStringCommand, buf IFNAME=wlan0 SIGNAL_POLL
I/WifiStateMachine( 1655): fetchRssiAndLinkSpeedNative, newRssi:-44, newLinkSpeed:65, SSID:"60_dev_01"
D/WifiStateMachine( 1655): mRssiArray[0] = -44
D/WifiStateMachine( 1655): mRssiArray[1] = -44
D/WifiStateMachine( 1655): mRssiArray[2] = -43
D/WifiStateMachine( 1655): mRssiArray[3] = -43
D/WifiStateMachine( 1655): mRssiArray[4] = -44
D/WifiStateMachine( 1655): GetFilterRssi is : -43
D/WifiStateMachine( 1655): mLastSignalLevel:4, newSignalLevel:4
D/WifiStateMachine( 1655): fetchRssiAndLinkSpeedNative, ipAddr:1795166380
I/uSDK    (13777): [CAE][D][2017-12-26 17:05:08.453151][cae_softap_user_task:730][buffer fd or timeout ]
I/uSDK    (13777): [CAE][D][2017-12-26 17:05:08.453238][cae_su_read_buffer_to_send:630][count[0]***]
I/uSDK    (13777): [CAE][D][2017-12-26 17:05:08.453290][su_ctx_fd_set:692][MAX fd[-1]]
I/console (13777): [LOG] 
D/AES     ( 1655): AEEIOCTL_RT_MON_Kick IOCTL,lParam=0. 
I/console (13777): [LOG] 
D/cell strength( 4118): ===== cell singal strength changed : 16
V/ActivityManager( 1655): Broadcast sticky: Intent { act=android.intent.action.SIG_STR flg=0x10 (has extras) } ordered=false userid=-1 callerApp=ProcessRecord{4276e330 1655:system/1000}
D/dalvikvm( 5152): between the previous GC alloc  6276K
D/dalvikvm( 5152): GC_CONCURRENT freed 6399K (142143), 74% free 5499K/20456K, paused 15ms+12ms, total 105ms
I/console (13777): [LOG] 
I/uSDK    (13777): [CAE][D][2017-12-26 17:05:10.672884][cae_sr_k_loop:965][mdns resolver loop timeout event happen, interval time:20s]
D/WifiStateMachine( 1655): ConnectedState{ when=-3ms what=131155 arg1=14 target=com.android.internal.util.StateMachine$SmHandler target=Handler (com.android.internal.util.StateMachine$SmHandler) {43142030} }
D/WifiStateMachine( 1655): L2ConnectedState{ when=-3ms what=131155 arg1=14 target=com.android.internal.util.StateMachine$SmHandler target=Handler (com.android.internal.util.StateMachine$SmHandler) {43142030} }
D/WifiHW  ( 1655): enter -->wifi_send_command cmd=IFNAME=wlan0 SIGNAL_POLL
D/wpa_supplicant( 3981): RX ctrl_iface - hexdump(len=11): 53 49 47 4e 41 4c 5f 50 4f 4c 4c
D/wpa_supplicant( 3981): wlan0: Control interface command 'SIGNAL_POLL'
D/wpa_supplicant( 3981): nl80211: survey data missing!
D/wpa_supplicant( 3981): signal poll, reply_len=48
D/wpa_ctrl( 1655): reply_len=4095
D/WifiHW  ( 1655): leave --> reply=RSSI=-44
D/WifiHW  ( 1655): LINKSPEED=65
D/WifiHW  ( 1655): NOISE=9999
D/WifiHW  ( 1655): FREQUENCY=2412
D/WifiHW  ( 1655): 
D/wifi    ( 1655): doStringCommand, buf IFNAME=wlan0 SIGNAL_POLL
I/WifiStateMachine( 1655): fetchRssiAndLinkSpeedNative, newRssi:-44, newLinkSpeed:65, SSID:"60_dev_01"
D/WifiStateMachine( 1655): mRssiArray[0] = -44
D/WifiStateMachine( 1655): mRssiArray[1] = -44
D/WifiStateMachine( 1655): mRssiArray[2] = -43
D/WifiStateMachine( 1655): mRssiArray[3] = -43
D/WifiStateMachine( 1655): mRssiArray[4] = -44
D/WifiStateMachine( 1655): GetFilterRssi is : -43
D/WifiStateMachine( 1655): mLastSignalLevel:4, newSignalLevel:4
D/WifiStateMachine( 1655): fetchRssiAndLinkSpeedNative, ipAddr:1795166380
D/BatteryService( 1655): mBatteryVoltage=4076, batteryLevel=50
V/ActivityManager( 1655): Broadcast sticky: Intent { act=android.intent.action.ADDITIONAL_BATTERY_CHANGED flg=0x60000010 (has extras) } ordered=false userid=-1 callerApp=null
V/ActivityManager( 1655): Broadcast sticky: Intent { act=android.intent.action.BATTERY_CHANGED flg=0x60000010 (has extras) } ordered=false userid=-1 callerApp=null
D/WifiService( 1655): onReceive, action:android.intent.action.BATTERY_CHANGED
D/UsbDeviceManager( 1655): onReceive - BATTERY_CHANGED - mPlugType: 2, mSettingUsbCharging: false, mConnected: true, mSettingUsbBicr: false
D/WifiController( 1655): DeviceActiveState{ when=0 what=155652 arg1=2 target=com.android.internal.util.StateMachine$SmHandler target=Handler (com.android.internal.util.StateMachine$SmHandler) {431e59b8} }
D/WifiController( 1655): StaEnabledState{ when=-1ms what=155652 arg1=2 target=com.android.internal.util.StateMachine$SmHandler target=Handler (com.android.internal.util.StateMachine$SmHandler) {431e59b8} }
D/WifiController( 1655): DefaultState{ when=-1ms what=155652 arg1=2 target=com.android.internal.util.StateMachine$SmHandler target=Handler (com.android.internal.util.StateMachine$SmHandler) {431e59b8} }
D/WifiController( 1655): battery changed pluggedType: 2
D/PowerSaveService( 4327): PowerSaveReceiver EXTRA_STATUS: status = 2, lastCharging = true
V/ActivityManager( 1655): Broadcast sticky: Intent { act=android.intent.action.ADDITIONAL_BATTERY_CHANGED flg=0x60000010 (has extras) } ordered=false userid=-1 callerApp=null
V/ActivityManager( 1655): Broadcast sticky: Intent { act=android.intent.action.ADDITIONAL_BATTERY_CHANGED flg=0x60000010 (has extras) } ordered=false userid=-1 callerApp=null
I/console (13777): [LOG] 
I/console (13777): [LOG]  sendHeart at dist/js/source/houseSever.js:1
D/WebView (13777): evaluateJavascript=javascript:(function(w,n){try{var plus=((w.__html5plus__&&w.__html5plus__.isReady)?w.__html5plus__:(n.plus&&n.plus.isReady)?n.plus:window.plus);var result= {};result.status = 1;result.message = {"seq":"1514279111999","uid":"1000001079224195"};result.keepCallback = false;plus && plus.bridge.callbackFromNative('plus17841514279111999', result);}catch(e){console.error(e)};})(window,navigator);
D/dalvikvm( 4533): create interp thread : stack size=128KB
D/dalvikvm( 4533): create new thread
D/dalvikvm( 4533): new thread created
D/dalvikvm( 4533): update thread list
D/dalvikvm( 4533): threadid=17: interp stack at 0x79172000
D/dalvikvm( 4533): threadid=17: created from interp
D/dalvikvm( 4533): start new thread
D/dalvikvm( 4533): threadid=17: notify debugger
D/dalvikvm( 4533): threadid=17 (Thread-4728): calling run()
I/KSO_STAT( 4533): App is in background, stop update end time, ready to start a new session.
D/SQLiteDatabase( 4533): beginTransaction()
D/SQLiteDatabase( 4533): endTransaction()
D/dalvikvm( 4533): threadid=17: exiting
D/dalvikvm( 4533): threadid=17: bye!
E/overtime(13777): RecvListener
D/WebView (13777): evaluateJavascript=javascript:(function(w,n){try{var plus=((w.__html5plus__&&w.__html5plus__.isReady)?w.__html5plus__:(n.plus&&n.plus.isReady)?n.plus:window.plus);var result= {};result.status = 1;result.message = {"data":"fn5+fgAAAEd7ImNtZCI6Im5ldHdvcmsiLCJjbWRUeXBlIjoiaGVhcnQiLCJzZXF1ZW5jZSI6MCwic3RhdHVzIjoiUyIsInVpZCI6IiJ9Cg==","uid":"1000001079224195"};result.keepCallback = true;plus && plus.bridge.callbackFromNative('plus2221514271864413', result);}catch(e){console.error(e)};})(window,navigator);
I/console (13777): [LOG]  handleMessage strJoson======{"cmd":"network","cmdType":"heart","sequence":0,"status":"S","uid":""}
I/console (13777):  at dist/js/source/house.js:1
I/console (13777): [LOG] 
I/uSDK    (13777): [CAE][D][2017-12-26 17:05:13.478151][cae_softap_user_task:730][buffer fd or timeout ]
I/uSDK    (13777): [CAE][D][2017-12-26 17:05:13.478298][cae_su_read_buffer_to_send:630][count[0]***]
I/uSDK    (13777): [CAE][D][2017-12-26 17:05:13.478352][su_ctx_fd_set:692][MAX fd[-1]]
I/console (13777): [LOG] 
I/console (13777): [LOG] ws=heartTest.success at dist/js/source/push.js:1
D/WifiStateMachine( 1655): ConnectedState{ when=-1ms what=131155 arg1=14 target=com.android.internal.util.StateMachine$SmHandler target=Handler (com.android.internal.util.StateMachine$SmHandler) {43142030} }
D/WifiStateMachine( 1655): L2ConnectedState{ when=-1ms what=131155 arg1=14 target=com.android.internal.util.StateMachine$SmHandler target=Handler (com.android.internal.util.StateMachine$SmHandler) {43142030} }
D/WifiHW  ( 1655): enter -->wifi_send_command cmd=IFNAME=wlan0 SIGNAL_POLL
D/wpa_supplicant( 3981): RX ctrl_iface - hexdump(len=11): 53 49 47 4e 41 4c 5f 50 4f 4c 4c
D/wpa_supplicant( 3981): wlan0: Control interface command 'SIGNAL_POLL'
D/wpa_supplicant( 3981): nl80211: survey data missing!
D/wpa_supplicant( 3981): signal poll, reply_len=48
D/wpa_ctrl( 1655): reply_len=4095
D/WifiHW  ( 1655): leave --> reply=RSSI=-43
D/WifiHW  ( 1655): LINKSPEED=65
D/WifiHW  ( 1655): NOISE=9999
D/WifiHW  ( 1655): FREQUENCY=2412
D/WifiHW  ( 1655): 
D/wifi    ( 1655): doStringCommand, buf IFNAME=wlan0 SIGNAL_POLL
I/WifiStateMachine( 1655): fetchRssiAndLinkSpeedNative, newRssi:-43, newLinkSpeed:65, SSID:"60_dev_01"
D/WifiStateMachine( 1655): mRssiArray[0] = -44
D/WifiStateMachine( 1655): mRssiArray[1] = -44
D/WifiStateMachine( 1655): mRssiArray[2] = -43
D/WifiStateMachine( 1655): mRssiArray[3] = -43
D/WifiStateMachine( 1655): mRssiArray[4] = -44
D/WifiStateMachine( 1655): GetFilterRssi is : -43
D/WifiStateMachine( 1655): mLastSignalLevel:4, newSignalLevel:4
D/WifiStateMachine( 1655): fetchRssiAndLinkSpeedNative, ipAddr:1795166380
D/PhoneInterfaceManagerEx( 4184): [PhoneIntfMgrEx] hasIccCard  simId=0
D/PhoneInterfaceManagerEx( 4184): [PhoneIntfMgrEx] hasIccCard  simId=1
I/console (13777): [LOG] 
I/System.out(21382): [CDS]EAGAIN in Recvfrom
I/console (13777): [LOG] 
D/BatteryService( 1655): mBatteryVoltage=4072, batteryLevel=50
V/ActivityManager( 1655): Broadcast sticky: Intent { act=android.intent.action.ADDITIONAL_BATTERY_CHANGED flg=0x60000010 (has extras) } ordered=false userid=-1 callerApp=null
V/ActivityManager( 1655): Broadcast sticky: Intent { act=android.intent.action.BATTERY_CHANGED flg=0x60000010 (has extras) } ordered=false userid=-1 callerApp=null
D/WifiService( 1655): onReceive, action:android.intent.action.BATTERY_CHANGED
D/UsbDeviceManager( 1655): onReceive - BATTERY_CHANGED - mPlugType: 2, mSettingUsbCharging: false, mConnected: true, mSettingUsbBicr: false
D/WifiController( 1655): DeviceActiveState{ when=-1ms what=155652 arg1=2 target=com.android.internal.util.StateMachine$SmHandler target=Handler (com.android.internal.util.StateMachine$SmHandler) {431e59b8} }
D/WifiController( 1655): StaEnabledState{ when=-1ms what=155652 arg1=2 target=com.android.internal.util.StateMachine$SmHandler target=Handler (com.android.internal.util.StateMachine$SmHandler) {431e59b8} }
D/WifiController( 1655): DefaultState{ when=-1ms what=155652 arg1=2 target=com.android.internal.util.StateMachine$SmHandler target=Handler (com.android.internal.util.StateMachine$SmHandler) {431e59b8} }
D/WifiController( 1655): battery changed pluggedType: 2
D/PowerSaveService( 4327): PowerSaveReceiver EXTRA_STATUS: status = 2, lastCharging = true
V/ActivityManager( 1655): Broadcast sticky: Intent { act=android.intent.action.ADDITIONAL_BATTERY_CHANGED flg=0x60000010 (has extras) } ordered=false userid=-1 callerApp=null
V/ActivityManager( 1655): Broadcast sticky: Intent { act=android.intent.action.ADDITIONAL_BATTERY_CHANGED flg=0x60000010 (has extras) } ordered=false userid=-1 callerApp=null
I/console (13777): [LOG] 
E/overtime(13777): RecvListener
D/WebView (13777): evaluateJavascript=javascript:(function(w,n){try{var plus=((w.__html5plus__&&w.__html5plus__.isReady)?w.__html5plus__:(n.plus&&n.plus.isReady)?n.plus:window.plus);var result= {};result.status = 1;result.message = {"data":"fn5+fgAAAX97ImNtZCI6InJvb20iLCJjbWRUeXBlIjoiYWRkTW9kaWZ5Iiwicm9vbSI6eyJkZXZpY2UiOlt7ImlkIjoxMjl9LHsiaWQiOjE0Mn0seyJpZCI6MTUzfSx7ImlkIjoxNTR9LHsiaWQiOjE1NX0seyJpZCI6MTU3fSx7ImlkIjoxNTl9LHsiaWQiOjE2MH0seyJpZCI6MTY0fSx7ImlkIjoxNjd9XSwiZW52Ijp7ImNvMiI6eyJzcmNJZCI6MTY3LCJ2YWwiOi0zMjc2OH0sImh1bWlkaXR5Ijp7InNyY0lkIjoxNjcsInZhbCI6LTEyOH0sInBtMjUiOnsic3JjSWQiOjE2NywidmFsIjotMzI3Njh9LCJ0ZW1wIjp7InNyY0lkIjoxNjcsInZhbCI6LTEyOH19LCJpY29uIjoxLCJpZCI6MSwibmFtZSI6IuacquW9kuexu+iuvuWkhyJ9LCJzZXF1ZW5jZSI6NTE3NCwidWlkIjoiR0FURVdBWSJ9Cn5+fn4AAAETeyJjbWQiOiJkZXZpY2UiLCJjbWRUeXBlIjoiZGV0ZWN0b3JTdGF0dXNOb3RpZnkiLCJjb25uZWN0Ijoib2ZmbGluZSIsImVudiI6eyJjbzIiOi0zMjc2OCwiaHVtaWRpdA==","uid":"1000001079224195"};result.keepCallback = true;plus && plus.bridge.callbackFromNative('plus2221514271864413', result);}catch(e){console.error(e)};})(window,navigator);
E/overtime(13777): RecvListener
D/WebView (13777): evaluateJavascript=javascript:(function(w,n){try{var plus=((w.__html5plus__&&w.__html5plus__.isReady)?w.__html5plus__:(n.plus&&n.plus.isReady)?n.plus:window.plus);var result= {};result.status = 1;result.message = {"data":"eSI6LTEyOCwicG0yNSI6LTMyNzY4LCJ0ZW1wIjotMTI4fSwiaWNvbiI6MCwiaWQiOjE2NywibmFtZSI6IuepuuawlOaenCIsIm5vZGVJZCI6MCwib25PZmYiOiJvZmYiLCJyYW5nZSI6W10sInNlcXVlbmNlIjo1MTc0LCJzdWJUeXBlIjoiMSIsInR5cGUiOiIxMTgiLCJ1aWQiOiJHQVRFV0FZIiwidm9pY2UiOjB9Cg==","uid":"1000001079224195"};result.keepCallback = true;plus && plus.bridge.callbackFromNative('plus2221514271864413', result);}catch(e){console.error(e)};})(window,navigator);
I/console (13777): [LOG]  handleMessage strJoson======{"cmd":"room","cmdType":"addModify","room":{"device":[{"id":129},{"id":142},{"id":153},{"id":154},{"id":155},{"id":157},{"id":159},{"id":160},{"id":164},{"id":167}],"env":{"co2":{"srcId":167,"val":-32768},"humidity":{"srcId":167,"val":-128},"pm25":{"srcId":167,"val":-32768},"temp":{"srcId":167,"val":-128}},"icon":1,"id":1,"name":""},"sequence":5174,"uid":"GATEWAY"}
I/console (13777):  at dist/js/source/house.js:1
I/console (13777): [LOG] do not support this comdType11:detectorStatusNotify at dist/js/source/house.js:1
I/console (13777): [LOG]  handleMessage strJoson======{"cmd":"device","cmdType":"detectorStatusNotify","connect":"offline","env":{"co2":-32768,"humidity":-128,"pm25":-32768,"temp":-128},"icon":0,"id":167,"name":"","nodeId":0,"onOff":"off","range":[],"sequence":5174,"subType":"1","type":"118","uid":"GATEWAY","voice":0}
I/console (13777):  at dist/js/source/house.js:1
I/console (13777): [LOG]  sendHeart at dist/js/source/houseSever.js:1
D/WebView (13777): evaluateJavascript=javascript:(function(w,n){try{var plus=((w.__html5plus__&&w.__html5plus__.isReady)?w.__html5plus__:(n.plus&&n.plus.isReady)?n.plus:window.plus);var result= {};result.status = 1;result.message = {"seq":"1514279117008","uid":"1000001079224195"};result.keepCallback = false;plus && plus.bridge.callbackFromNative('plus17851514279117008', result);}catch(e){console.error(e)};})(window,navigator);
D/dalvikvm( 4533): create interp thread : stack size=128KB
D/dalvikvm( 4533): create new thread
D/dalvikvm( 4533): new thread created
D/dalvikvm( 4533): update thread list
D/dalvikvm( 4533): threadid=17: interp stack at 0x79172000
D/dalvikvm( 4533): threadid=17: created from interp
D/dalvikvm( 4533): start new thread
D/dalvikvm( 4533): threadid=17: notify debugger
D/dalvikvm( 4533): threadid=17 (Thread-4729): calling run()
I/KSO_STAT( 4533): App is in background, stop update end time, ready to start a new session.
D/SQLiteDatabase( 4533): beginTransaction()
D/SQLiteDatabase( 4533): endTransaction()
D/dalvikvm( 4533): threadid=17: exiting
D/dalvikvm( 4533): threadid=17: bye!
E/overtime(13777): RecvListener
D/WebView (13777): evaluateJavascript=javascript:(function(w,n){try{var plus=((w.__html5plus__&&w.__html5plus__.isReady)?w.__html5plus__:(n.plus&&n.plus.isReady)?n.plus:window.plus);var result= {};result.status = 1;result.message = {"data":"fn5+fgAAAEd7ImNtZCI6Im5ldHdvcmsiLCJjbWRUeXBlIjoiaGVhcnQiLCJzZXF1ZW5jZSI6MCwic3RhdHVzIjoiUyIsInVpZCI6IiJ9Cg==","uid":"1000001079224195"};result.keepCallback = true;plus && plus.bridge.callbackFromNative('plus2221514271864413', result);}catch(e){console.error(e)};})(window,navigator);
I/console (13777): [LOG]  handleMessage strJoson======{"cmd":"network","cmdType":"heart","sequence":0,"status":"S","uid":""}
I/console (13777):  at dist/js/source/house.js:1
D/BluetoothAdapter(21382): isEnabled
D/ConnectivityService( 1655): getActiveNetworkInfo:NetworkInfo: type: WIFI[], state: CONNECTED/CONNECTED, reason: (unspecified), extra: "60_dev_01", roaming: false, failover: false, isAvailable: true, isConnectedToProvisioningNetwork: false, simId: 0/10188
D/WifiStateMachine( 1655): ConnectedState{ when=-3ms what=131155 arg1=14 target=com.android.internal.util.StateMachine$SmHandler target=Handler (com.android.internal.util.StateMachine$SmHandler) {43142030} }
D/WifiStateMachine( 1655): L2ConnectedState{ when=-3ms what=131155 arg1=14 target=com.android.internal.util.StateMachine$SmHandler target=Handler (com.android.internal.util.StateMachine$SmHandler) {43142030} }
D/WifiHW  ( 1655): enter -->wifi_send_command cmd=IFNAME=wlan0 SIGNAL_POLL
D/wpa_supplicant( 3981): RX ctrl_iface - hexdump(len=11): 53 49 47 4e 41 4c 5f 50 4f 4c 4c
D/wpa_supplicant( 3981): wlan0: Control interface command 'SIGNAL_POLL'
D/wpa_supplicant( 3981): nl80211: survey data missing!
D/wpa_supplicant( 3981): signal poll, reply_len=48
D/wpa_ctrl( 1655): reply_len=4095
D/WifiHW  ( 1655): leave --> reply=RSSI=-43
D/WifiHW  ( 1655): LINKSPEED=65
D/WifiHW  ( 1655): NOISE=9999
D/WifiHW  ( 1655): FREQUENCY=2412
D/WifiHW  ( 1655): 
D/wifi    ( 1655): doStringCommand, buf IFNAME=wlan0 SIGNAL_POLL
I/WifiStateMachine( 1655): fetchRssiAndLinkSpeedNative, newRssi:-43, newLinkSpeed:65, SSID:"60_dev_01"
D/WifiStateMachine( 1655): mRssiArray[0] = -44
D/WifiStateMachine( 1655): mRssiArray[1] = -43
D/WifiStateMachine( 1655): mRssiArray[2] = -43
D/WifiStateMachine( 1655): mRssiArray[3] = -43
D/WifiStateMachine( 1655): mRssiArray[4] = -44
D/WifiStateMachine( 1655): GetFilterRssi is : -43
D/WifiStateMachine( 1655): mLastSignalLevel:4, newSignalLevel:4
D/WifiStateMachine( 1655): fetchRssiAndLinkSpeedNative, ipAddr:1795166380
I/console (13777): [LOG] 
D/ConnectivityService( 1655): getActiveNetworkInfo:NetworkInfo: type: WIFI[], state: CONNECTED/CONNECTED, reason: (unspecified), extra: "60_dev_01", roaming: false, failover: false, isAvailable: true, isConnectedToProvisioningNetwork: false, simId: 0/10155
I/uSDK    (13777): [CAE][D][2017-12-26 17:05:18.503682][cae_softap_user_task:730][buffer fd or timeout ]
I/uSDK    (13777): [CAE][D][2017-12-26 17:05:18.503775][cae_su_read_buffer_to_send:630][count[0]***]
I/uSDK    (13777): [CAE][D][2017-12-26 17:05:18.503826][su_ctx_fd_set:692][MAX fd[-1]]
I/console (13777): [LOG] 
D/ADB_SERVICES(  297): adb fdevent_process list (15) (22) 
D/ADB_SERVICES(  297): recv: CNXN 01000000 00001000 0007 host::
D/ADB_SERVICES(  297): adb: offline
D/ADB_SERVICES(  297): (null): run_transport_disconnects fd: 26
W/ADB_SERVICES(  297): entered. LS(6892) fd=16
D/ADB_SERVICES(  297): adb: online
D/ADB_SERVICES(  297): Calling send_connect 
W/ADB_SERVICES(  297): create_local_service_socket() name=shell:wm size
W/ADB_SERVICES(  297): service_to_fd() name=shell:wm size
W/ADB_SERVICES(  297): read_meminfo() mem_free=315512
W/ADB_SERVICES(  297): create_subprocess() ret_fd=15 pid=24435
W/ADB_SERVICES(  297): LS(6896): bound to 'shell:wm size' via 15
D/ADB_SERVICES(  297): adb local_socket_ready list (16) (15) 
W/ADB_SERVICES(24435): adb: unable to open /proc/24435/oom_adj
W/ADB_SERVICES(  297): create_local_service_socket() name=shell:
W/ADB_SERVICES(  297): service_to_fd() name=shell:
W/ADB_SERVICES(  297): read_meminfo() mem_free=315512
W/ADB_SERVICES(  297): create_subprocess() ret_fd=16 pid=24436
W/ADB_SERVICES(  297): LS(6897): bound to 'shell:' via 16
W/ADB_SERVICES(24436): adb: unable to open /proc/24436/oom_adj
D/ADB_SERVICES(  297): adb socket read list (15) (16) 
D/ADB_SERVICES(  297): read_data=8537
D/ADB_SERVICES(  297): max_read_time=0.000722 max_send_time=0.000037 
D/AndroidRuntime(24435): 
D/AndroidRuntime(24435): >>>>>> AndroidRuntime START com.android.internal.os.RuntimeInit <<<<<<
D/AndroidRuntime(24435): CheckJNI is OFF
D/AndroidRuntime(24435): language=-Duser.language=zh region=-Duser.region=CN
D/dalvikvm(24435): boot class : 
D/dalvikvm(24435):   (0) core.jar
D/dalvikvm(24435):   (1) conscrypt.jar
D/dalvikvm(24435):   (2) okhttp.jar
D/dalvikvm(24435):   (3) core-junit.jar
D/dalvikvm(24435):   (4) bouncycastle.jar
D/dalvikvm(24435):   (5) ext.jar
D/dalvikvm(24435):   (6) framework.jar
D/dalvikvm(24435):   (7) framework2.jar
D/dalvikvm(24435):   (8) telephony-common.jar
D/dalvikvm(24435):   (9) voip-common.jar
D/dalvikvm(24435):   (10) mms-common.jar
D/dalvikvm(24435):   (11) android.policy.jar
D/dalvikvm(24435):   (12) services.jar
D/dalvikvm(24435):   (13) apache-xml.jar
D/dalvikvm(24435):   (14) webviewchromium.jar
D/dalvikvm(24435):   (15) mediatek-common.jar
D/dalvikvm(24435):   (16) mediatek-framework.jar
D/dalvikvm(24435):   (17) CustomProperties.jar
D/dalvikvm(24435):   (18) mediatek-telephony-common.jar
D/dalvikvm(24435):   (19) mediatek-tablet.jar
D/dalvikvm(24435):   (20) oppo-framework.jar
D/dalvikvm(24435):   (21) am.jar
D/dalvikvm(24435): threadid=1: interp stack at 0x6d933000
D/dalvikvm(24435): dvmJarFileOpen: /system/framework/core.jar
D/ReserveFileInData(24441): Total_size = 12702646272 B = 12404928 KB = 12114 MB = 11 GB
D/ReserveFileInData(24441): Disk_free = 9011 MB = 8 GB
D/ReserveFileInData(24441): Disk_available = 8995 MB = 8 GB
D/ReserveFileInData(24441): availDataSize is 8995
D/dalvikvm(24435): dvmJarFileOpen: /system/framework/conscrypt.jar
D/dalvikvm(24435): dvmJarFileOpen: /system/framework/okhttp.jar
D/dalvikvm(24435): dvmJarFileOpen: /system/framework/core-junit.jar
D/dalvikvm(24435): dvmJarFileOpen: /system/framework/bouncycastle.jar
D/dalvikvm(24435): dvmJarFileOpen: /system/framework/ext.jar
D/dalvikvm(24435): dvmJarFileOpen: /system/framework/framework.jar
D/dalvikvm(24435): dvmJarFileOpen: /system/framework/framework2.jar
D/dalvikvm(24435): dvmJarFileOpen: /system/framework/telephony-common.jar
D/dalvikvm(24435): dvmJarFileOpen: /system/framework/voip-common.jar
D/dalvikvm(24435): dvmJarFileOpen: /system/framework/mms-common.jar
D/dalvikvm(24435): dvmJarFileOpen: /system/framework/android.policy.jar
D/dalvikvm(24435): dvmJarFileOpen: /system/framework/services.jar
D/dalvikvm(24435): dvmJarFileOpen: /system/framework/apache-xml.jar
D/dalvikvm(24435): dvmJarFileOpen: /system/framework/webviewchromium.jar
D/dalvikvm(24435): dvmJarFileOpen: /system/framework/mediatek-common.jar
D/dalvikvm(24435): dvmJarFileOpen: /system/framework/mediatek-framework.jar
D/dalvikvm(24435): dvmJarFileOpen: /system/framework/CustomProperties.jar
D/dalvikvm(24435): dvmJarFileOpen: /system/framework/mediatek-telephony-common.jar
D/dalvikvm(24435): dvmJarFileOpen: /system/framework/mediatek-tablet.jar
D/dalvikvm(24435): dvmJarFileOpen: /system/framework/oppo-framework.jar
D/dalvikvm(24435): open_cached_dex_file : /system/framework/oppo-framework.jar /data/dalvik-cache/system@framework@oppo-framework.jar@classes.dex
D/dalvikvm(24435): process bootclasspath ex!!
D/dalvikvm(24435): dvmJarFileOpen: /system/framework/mediatek-op.jar
D/dalvikvm(24435): open_cached_dex_file : /system/framework/mediatek-op.jar /data/dalvik-cache/system@framework@mediatek-op.jar@classes.dex
I/console (13777): [LOG] 
D/dalvikvm(24435): Trying to load lib libjavacore.so 0x0
D/dalvikvm(24435): Added shared lib libjavacore.so 0x0
D/dalvikvm(24435): Trying to load lib libnativehelper.so 0x0
D/dalvikvm(24435): Added shared lib libnativehelper.so 0x0
D/dalvikvm(24435): No JNI_OnLoad found in libnativehelper.so 0x0, skipping init
D/dalvikvm(24435): +++ finishing prep on main VM thread
D/dalvikvm(24435): dvmJarFileOpen: /system/framework/wm.jar
I/dalvikvm(24435): DexOpt: mismatch dep name: '/data/dalvik-cache/system@framework@oppo-framework.jar@classes.dex' vs. '/system/framework/oppo-framework.odex'
D/dalvikvm(24435): == DexOpt: numDeps = 21
D/dalvikvm(24435): 0 : /system/framework/core.odex /system/framework/core.odex
D/dalvikvm(24435): 1 : /system/framework/conscrypt.odex /system/framework/conscrypt.odex
D/dalvikvm(24435): 2 : /system/framework/okhttp.odex /system/framework/okhttp.odex
D/dalvikvm(24435): 3 : /system/framework/core-junit.odex /system/framework/core-junit.odex
D/dalvikvm(24435): 4 : /system/framework/bouncycastle.odex /system/framework/bouncycastle.odex
D/dalvikvm(24435): 5 : /system/framework/ext.odex /system/framework/ext.odex
D/dalvikvm(24435): 6 : /system/framework/framework.odex /system/framework/framework.odex
D/dalvikvm(24435): 7 : /system/framework/framework2.odex /system/framework/framework2.odex
D/dalvikvm(24435): 8 : /system/framework/telephony-common.odex /system/framework/telephony-common.odex
D/dalvikvm(24435): 9 : /system/framework/voip-common.odex /system/framework/voip-common.odex
D/dalvikvm(24435): 10 : /system/framework/mms-common.odex /system/framework/mms-common.odex
D/dalvikvm(24435): 11 : /system/framework/android.policy.odex /system/framework/android.policy.odex
D/dalvikvm(24435): 12 : /system/framework/services.odex /system/framework/services.odex
D/dalvikvm(24435): 13 : /system/framework/apache-xml.odex /system/framework/apache-xml.odex
D/dalvikvm(24435): 14 : /system/framework/webviewchromium.odex /system/framework/webviewchromium.odex
D/dalvikvm(24435): 15 : /system/framework/mediatek-common.odex /system/framework/mediatek-common.odex
D/dalvikvm(24435): 16 : /system/framework/mediatek-framework.odex /system/framework/mediatek-framework.odex
D/dalvikvm(24435): 17 : /system/framework/CustomProperties.odex /system/framework/CustomProperties.odex
D/dalvikvm(24435): 18 : /system/framework/mediatek-telephony-common.odex /system/framework/mediatek-telephony-common.odex
D/dalvikvm(24435): 19 : /system/framework/mediatek-tablet.odex /system/framework/mediatek-tablet.odex
D/dalvikvm(24435): 20 : /system/framework/oppo-framework.odex /system/framework/oppo-framework.odex
D/dalvikvm(24435): 21 : NULL NULL
E/dalvikvm(24435): /system/framework/wm.jar odex has stale dependencies
D/dalvikvm(24435): open_cached_dex_file : /system/framework/wm.jar /data/dalvik-cache/system@framework@wm.jar@classes.dex
D/dalvikvm(24435): create interp thread : stack size=128KB
D/dalvikvm(24435): create new thread
D/dalvikvm(24435): new thread created
D/dalvikvm(24435): update thread list
D/dalvikvm(24435): threadid=2: interp stack at 0x72e7c000
D/dalvikvm(24435): threadid=2: created from interp
D/dalvikvm(24435): start new thread
D/dalvikvm(24435): threadid=2: notify debugger
D/dalvikvm(24435): threadid=2 (ReferenceQueueDaemon): calling run()
D/dalvikvm(24435): create interp thread : stack size=128KB
D/dalvikvm(24435): create new thread
D/dalvikvm(24435): new thread created
D/dalvikvm(24435): update thread list
D/dalvikvm(24435): threadid=3: interp stack at 0x72f9c000
D/dalvikvm(24435): threadid=3: created from interp
D/dalvikvm(24435): start new thread
D/dalvikvm(24435): threadid=3: notify debugger
D/dalvikvm(24435): threadid=3 (FinalizerDaemon): calling run()
D/dalvikvm(24435): create interp thread : stack size=128KB
D/dalvikvm(24435): create new thread
D/dalvikvm(24435): new thread created
D/dalvikvm(24435): update thread list
D/dalvikvm(24435): threadid=4: interp stack at 0x730bc000
D/dalvikvm(24435): threadid=4: created from interp
D/dalvikvm(24435): start new thread
D/dalvikvm(24435): threadid=4: notify debugger
D/dalvikvm(24435): threadid=4 (FinalizerWatchdogDaemon): calling run()
D/dalvikvm(24435): threadid=5: interp stack at 0x732de000
D/dalvikvm(24435): threadid=6: interp stack at 0x733ff000
D/dalvikvm(24435): Elevating priority from 0 to -8
D/jdwp    (24435): prepping for JDWP over ADB
D/dalvikvm(24435): threadid=7: interp stack at 0x73522000
D/jdwp    (24435): JDWP: thread running
D/jdwp    (24435): trying to receive file descriptor from ADB
D/dalvikvm(24435): threadid=8: interp stack at 0x73643000
D/ADB_SERVICES(  297): Adding socket 17 pid 24435 to jdwp process list
D/dalvikvm(24435): Note: class Landroid/app/ActivityManagerNative; has 194 unimplemented (abstract) methods
E/memtrack(24435): Couldn't load memtrack module (No such file or directory)
E/android.os.Debug(24435): failed to load memtrack module: -2
D/AndroidRuntime(24435): Calling main entry com.android.commands.wm.Wm
D/dalvikvm(24435): threadid=9: interp stack at 0x73b1d000
D/dalvikvm(24435): threadid=10: interp stack at 0x73c3d000
D/AndroidRuntime(24435): Shutting down VM
D/dalvikvm(24435): threadid=1: bye!
D/dalvikvm(24435): DestroyJavaVM waiting for non-daemon threads to exit
D/dalvikvm(24435): threadid=1: interp stack at 0x73c7a000
D/dalvikvm(24435): threadid=9: bye!
D/dalvikvm(24435): threadid=10: last non-daemon thread
D/dalvikvm(24435): threadid=10: bye!
D/dalvikvm(24435): DestroyJavaVM shutting VM down
D/dalvikvm(24435): VM shutting down
D/dalvikvm(24435): between the previous GC alloc  702K
D/dalvikvm(24435): GC_CONCURRENT freed 95K (978), 14% free 607K/704K, paused 1ms+0ms, total 4ms
D/dalvikvm(24435): threadid=5: bye!
D/jdwp    (24435): JDWP shutting down net...
D/jdwp    (24435): +++ writing to wakePipe
E/jdwp    (24435): jdwp::setsockopt(SO_SNDTIMEO)
E/jdwp    (24435): jdwp::setsockopt(SO_RCVTIMEO)
D/jdwp    (24435): JDWP: thread exiting
D/dalvikvm(24435): threadid=7: bye!
W/ADB_SERVICES(  297): terminating JDWP 24435 connection: Try again
D/ADB_SERVICES(  297): remove pid 24435 to jdwp process list
D/jdwp    (24435): JDWP freeing netstate...
I/dalvikvm(24435): threadid=6: ignore signal 3
D/dalvikvm(24435): threadid=6: bye!
D/dalvikvm(24435): 129 compilations using 4096 + 14544 bytes
D/dalvikvm(24435): Compiler arena uses 4 blocks (8100 bytes each)
D/dalvikvm(24435): Compiler work queue length is 0/9
D/dalvikvm(24435): JIT: table size is 4096, entries used is 137
D/dalvikvm(24435): JIT: 137 traces, 4096 slots, 6 chains, 40 thresh, Non-blocking
D/dalvikvm(24435): JIT: 80 Translation chains, 7 interp stubs
D/dalvikvm(24435): dalvik.vm.jit.op = 0-2,7,a,c,e-f,11-14,1c-1e,21,23,28,32-39,44,46,48-49,4b,4d,52,54-55,59,62,70-71,8e,90,95-96,b0-b1,b5,b7,d5,d8,da,dd,e0-e2,ee,f0-f2,f4-f6,f8,
D/dalvikvm(24435): Code size stats: 0/680 (compiled/total Dalvik), 0 (native)
D/dalvikvm(24435): Compiler thread shutting down
D/dalvikvm(24435): threadid=8: bye!
D/dalvikvm(24435): Compiler thread has shut down
D/dalvikvm(24435): threadid=1: suspending daemon id=4 name='FinalizerWatchdogDaemon'
D/dalvikvm(24435): threadid=1: suspending daemon id=3 name='FinalizerDaemon'
D/dalvikvm(24435): threadid=1: suspending daemon id=2 name='ReferenceQueueDaemon'
D/dalvikvm(24435): threadid=1: all daemons have suspended
D/dalvikvm(24435): VM cleaning up
D/dalvikvm(24435): LinearAlloc 0x0 used 1393748 of 33554432 (4%)
D/ADB_SERVICES(  297):  closing because is_eof=1 r=-1 s->fde.force_eof=0
W/ADB_SERVICES(  297): entered. LS(6896) fd=15
W/ADB_SERVICES(  297): create_local_service_socket() name=shell:cat /proc/meminfo
W/ADB_SERVICES(  297): service_to_fd() name=shell:cat /proc/meminfo
W/ADB_SERVICES(  297): read_meminfo() mem_free=314552
W/ADB_SERVICES(  297): create_subprocess() ret_fd=15 pid=24451
W/ADB_SERVICES(  297): LS(6898): bound to 'shell:cat /proc/meminfo' via 15
W/ADB_SERVICES(24451): adb: unable to open /proc/24451/oom_adj
D/ADB_SERVICES(  297):  closing because is_eof=1 r=-1 s->fde.force_eof=0
W/ADB_SERVICES(  297): entered. LS(6898) fd=15
W/ADB_SERVICES(  297): create_local_service_socket() name=shell:cat /system/build.prop
W/ADB_SERVICES(  297): service_to_fd() name=shell:cat /system/build.prop
W/ADB_SERVICES(  297): read_meminfo() mem_free=314484
W/ADB_SERVICES(  297): create_subprocess() ret_fd=15 pid=24452
