--------- beginning of /dev/log/system
D/WifiController( 1742): StaEnabledState{ when=-1ms what=155652 arg1=2 target=com.android.internal.util.StateMachine$SmHandler target=Handler (com.android.internal.util.StateMachine$SmHandler) {4319cd38} }
D/WifiController( 1742): DefaultState{ when=-1ms what=155652 arg1=2 target=com.android.internal.util.StateMachine$SmHandler target=Handler (com.android.internal.util.StateMachine$SmHandler) {4319cd38} }
D/WifiController( 1742): battery changed pluggedType: 2
V/ActivityManager( 1742): Broadcast sticky: Intent { act=android.intent.action.ADDITIONAL_BATTERY_CHANGED flg=0x60000010 (has extras) } ordered=false userid=-1 callerApp=null
V/ActivityManager( 1742): Broadcast sticky: Intent { act=android.intent.action.ADDITIONAL_BATTERY_CHANGED flg=0x60000010 (has extras) } ordered=false userid=-1 callerApp=null
V/ActivityManager( 1742): Broadcast sticky: Intent { act=android.intent.action.ADDITIONAL_BATTERY_CHANGED flg=0x60000010 (has extras) } ordered=false userid=-1 callerApp=null
V/ActivityManager( 1742): Broadcast sticky: Intent { act=android.intent.action.BATTERY_CHANGED flg=0x60000010 (has extras) } ordered=false userid=-1 callerApp=null
D/WifiService( 1742): onReceive, action:android.intent.action.BATTERY_CHANGED
D/WifiController( 1742): DeviceActiveState{ when=-1ms what=155652 arg1=2 target=com.android.internal.util.StateMachine$SmHandler target=Handler (com.android.internal.util.StateMachine$SmHandler) {4319cd38} }
D/WifiController( 1742): StaEnabledState{ when=-1ms what=155652 arg1=2 target=com.android.internal.util.StateMachine$SmHandler target=Handler (com.android.internal.util.StateMachine$SmHandler) {4319cd38} }
D/UsbDeviceManager( 1742): onReceive - BATTERY_CHANGED - mPlugType: 2, mSettingUsbCharging: false, mConnected: true, mSettingUsbBicr: false
D/WifiController( 1742): DefaultState{ when=-1ms what=155652 arg1=2 target=com.android.internal.util.StateMachine$SmHandler target=Handler (com.android.internal.util.StateMachine$SmHandler) {4319cd38} }
D/WifiController( 1742): battery changed pluggedType: 2
V/ActivityManager( 1742): Broadcast sticky: Intent { act=android.intent.action.ADDITIONAL_BATTERY_CHANGED flg=0x60000010 (has extras) } ordered=false userid=-1 callerApp=null
V/ActivityManager( 1742): Broadcast sticky: Intent { act=android.intent.action.ADDITIONAL_BATTERY_CHANGED flg=0x60000010 (has extras) } ordered=false userid=-1 callerApp=null
V/ActivityManager( 1742): Broadcast sticky: Intent { act=android.intent.action.ADDITIONAL_BATTERY_CHANGED flg=0x60000010 (has extras) } ordered=false userid=-1 callerApp=null
V/ActivityManager( 1742): Broadcast sticky: Intent { act=android.intent.action.ADDITIONAL_BATTERY_CHANGED flg=0x60000010 (has extras) } ordered=false userid=-1 callerApp=null
V/ActivityManager( 1742): Broadcast sticky: Intent { act=android.intent.action.ADDITIONAL_BATTERY_CHANGED flg=0x60000010 (has extras) } ordered=false userid=-1 callerApp=null
V/ActivityManager( 1742): Broadcast sticky: Intent { act=android.intent.action.ADDITIONAL_BATTERY_CHANGED flg=0x60000010 (has extras) } ordered=false userid=-1 callerApp=null
V/ActivityManager( 1742): Broadcast sticky: Intent { act=android.intent.action.BATTERY_CHANGED flg=0x60000010 (has extras) } ordered=false userid=-1 callerApp=null
V/ActivityManager( 1742): Broadcast sticky: Intent { act=android.intent.action.ADDITIONAL_BATTERY_CHANGED flg=0x60000010 (has extras) } ordered=false userid=-1 callerApp=null
D/WifiService( 1742): onReceive, action:android.intent.action.BATTERY_CHANGED
D/UsbDeviceManager( 1742): onReceive - BATTERY_CHANGED - mPlugType: 2, mSettingUsbCharging: false, mConnected: true, mSettingUsbBicr: false
D/WifiController( 1742): DeviceActiveState{ when=-2ms what=155652 arg1=2 target=com.android.internal.util.StateMachine$SmHandler target=Handler (com.android.internal.util.StateMachine$SmHandler) {4319cd38} }
D/WifiController( 1742): StaEnabledState{ when=-2ms what=155652 arg1=2 target=com.android.internal.util.StateMachine$SmHandler target=Handler (com.android.internal.util.StateMachine$SmHandler) {4319cd38} }
D/WifiController( 1742): DefaultState{ when=-2ms what=155652 arg1=2 target=com.android.internal.util.StateMachine$SmHandler target=Handler (com.android.internal.util.StateMachine$SmHandler) {4319cd38} }
D/WifiController( 1742): battery changed pluggedType: 2
V/ActivityManager( 1742): Broadcast sticky: Intent { act=android.intent.action.ADDITIONAL_BATTERY_CHANGED flg=0x60000010 (has extras) } ordered=false userid=-1 callerApp=null
I/thermal_repeater(  282): oh, queryMdThermalInfo (0)Bad file number
I/thermal_repeater(  282): [recvMdThermalInfo] ret=35, strLen=127,  0, 32767, -127, 28676, 32767, 1680
V/ActivityManager( 1742): Broadcast: Intent { act=android.intent.action.TIME_TICK flg=0x50000094 (has extras) } ordered=true userid=-1 callerApp=null
D/ActivityThread( 1742): BDC-Calling onReceive: intent=Intent { act=android.intent.action.TIME_TICK flg=0x50000094 (has extras) }, ordered=true, receiver=com.android.server.AlarmManagerService$ClockReceiver@4279d540, IIntentReceiver=42778418
V/AlarmManager( 1742): isAlarmNeedAlign : charging
D/ActivityThread( 1742): BDC-Calling finishReceiver: IIntentReceiver=42778418
D/ActivityThread( 4393): BDC-Calling onReceive: intent=Intent { act=android.intent.action.TIME_TICK flg=0x50000094 (has extras) }, ordered=true, receiver=com.oppo.widget.smallweather.NormalWidgetUtil$1@428f46d0, IIntentReceiver=42995ff0
D/ActivityThread( 4393): BDC-Calling finishReceiver: IIntentReceiver=42995ff0
D/ActivityThread( 6436): BDC-Calling onReceive: intent=Intent { act=android.intent.action.TIME_TICK flg=0x50000094 (has extras) }, ordered=true, receiver=com.oppo.activation.ActivationService$ServiceBroadcastReceiver@4270a880, IIntentReceiver=4270a8c8
D/ActivityThread( 6436): BDC-Calling finishReceiver: IIntentReceiver=4270a8c8
D/ActivityThread( 5899): BDC-Calling onReceive: intent=Intent { act=android.intent.action.TIME_TICK flg=0x50000094 (has extras) }, ordered=true, receiver=com.oppo.alarmclock.alarmclock.AlarmClockFragment$3@42804bb8, IIntentReceiver=429d4dd0
D/ActivityThread( 5899): BDC-Calling finishReceiver: IIntentReceiver=429d4dd0
D/ActivityThread( 4542): BDC-Calling onReceive: intent=Intent { act=android.intent.action.TIME_TICK flg=0x50000094 (has extras) }, ordered=true, receiver=com.oppo.lockutils.OppoLockUtils$1@426e06e8, IIntentReceiver=426e2058
D/ActivityThread( 4542): BDC-Calling finishReceiver: IIntentReceiver=426e2058
D/ActivityThread( 4542): BDC-Calling onReceive: intent=Intent { act=android.intent.action.TIME_TICK flg=0x50000094 (has extras) }, ordered=true, receiver=com.android.keyguard.base.KeyguardUpdateMonitor$3@426f3e08, IIntentReceiver=426f5528
D/ActivityThread( 4542): BDC-Calling finishReceiver: IIntentReceiver=426f5528
V/ActivityManager( 1742): Broadcast sticky: Intent { act=android.intent.action.ADDITIONAL_BATTERY_CHANGED flg=0x60000010 (has extras) } ordered=false userid=-1 callerApp=null
V/ActivityManager( 1742): Broadcast sticky: Intent { act=android.intent.action.BATTERY_CHANGED flg=0x60000010 (has extras) } ordered=false userid=-1 callerApp=null
D/WifiService( 1742): onReceive, action:android.intent.action.BATTERY_CHANGED
D/UsbDeviceManager( 1742): onReceive - BATTERY_CHANGED - mPlugType: 2, mSettingUsbCharging: false, mConnected: true, mSettingUsbBicr: false
D/WifiController( 1742): DeviceActiveState{ when=0 what=155652 arg1=2 target=com.android.internal.util.StateMachine$SmHandler target=Handler (com.android.internal.util.StateMachine$SmHandler) {4319cd38} }
D/WifiController( 1742): StaEnabledState{ when=-1ms what=155652 arg1=2 target=com.android.internal.util.StateMachine$SmHandler target=Handler (com.android.internal.util.StateMachine$SmHandler) {4319cd38} }
D/WifiController( 1742): DefaultState{ when=-1ms what=155652 arg1=2 target=com.android.internal.util.StateMachine$SmHandler target=Handler (com.android.internal.util.StateMachine$SmHandler) {4319cd38} }
D/WifiController( 1742): battery changed pluggedType: 2
V/ActivityManager( 1742): Broadcast sticky: Intent { act=android.intent.action.ADDITIONAL_BATTERY_CHANGED flg=0x60000010 (has extras) } ordered=false userid=-1 callerApp=null
V/ActivityManager( 1742): Broadcast sticky: Intent { act=android.intent.action.ADDITIONAL_BATTERY_CHANGED flg=0x60000010 (has extras) } ordered=false userid=-1 callerApp=null
I/ANRManager( 1742): updateProcessStats
V/ActivityManager( 1742): Broadcast sticky: Intent { act=android.intent.action.ADDITIONAL_BATTERY_CHANGED flg=0x60000010 (has extras) } ordered=false userid=-1 callerApp=null
V/ActivityManager( 1742): Broadcast sticky: Intent { act=android.intent.action.BATTERY_CHANGED flg=0x60000010 (has extras) } ordered=false userid=-1 callerApp=null
V/ActivityManager( 1742): Broadcast sticky: Intent { act=android.intent.action.ADDITIONAL_BATTERY_CHANGED flg=0x60000010 (has extras) } ordered=false userid=-1 callerApp=null
D/WifiService( 1742): onReceive, action:android.intent.action.BATTERY_CHANGED
D/UsbDeviceManager( 1742): onReceive - BATTERY_CHANGED - mPlugType: 2, mSettingUsbCharging: false, mConnected: true, mSettingUsbBicr: false
D/WifiController( 1742): DeviceActiveState{ when=-3ms what=155652 arg1=2 target=com.android.internal.util.StateMachine$SmHandler target=Handler (com.android.internal.util.StateMachine$SmHandler) {4319cd38} }
D/WifiController( 1742): StaEnabledState{ when=-3ms what=155652 arg1=2 target=com.android.internal.util.StateMachine$SmHandler target=Handler (com.android.internal.util.StateMachine$SmHandler) {4319cd38} }
D/WifiController( 1742): DefaultState{ when=-3ms what=155652 arg1=2 target=com.android.internal.util.StateMachine$SmHandler target=Handler (com.android.internal.util.StateMachine$SmHandler) {4319cd38} }
D/WifiController( 1742): battery changed pluggedType: 2
V/ActivityManager( 1742): Broadcast sticky: Intent { act=android.intent.action.ADDITIONAL_BATTERY_CHANGED flg=0x60000010 (has extras) } ordered=false userid=-1 callerApp=null
V/ActivityManager( 1742): Broadcast sticky: Intent { act=android.intent.action.ADDITIONAL_BATTERY_CHANGED flg=0x60000010 (has extras) } ordered=false userid=-1 callerApp=null
V/ActivityManager( 1742): Broadcast sticky: Intent { act=android.intent.action.BATTERY_CHANGED flg=0x60000010 (has extras) } ordered=false userid=-1 callerApp=null
D/WifiService( 1742): onReceive, action:android.intent.action.BATTERY_CHANGED
D/UsbDeviceManager( 1742): onReceive - BATTERY_CHANGED - mPlugType: 2, mSettingUsbCharging: false, mConnected: true, mSettingUsbBicr: false
D/WifiController( 1742): DeviceActiveState{ when=-2ms what=155652 arg1=2 target=com.android.internal.util.StateMachine$SmHandler target=Handler (com.android.internal.util.StateMachine$SmHandler) {4319cd38} }
D/WifiController( 1742): StaEnabledState{ when=-2ms what=155652 arg1=2 target=com.android.internal.util.StateMachine$SmHandler target=Handler (com.android.internal.util.StateMachine$SmHandler) {4319cd38} }
D/WifiController( 1742): DefaultState{ when=-2ms what=155652 arg1=2 target=com.android.internal.util.StateMachine$SmHandler target=Handler (com.android.internal.util.StateMachine$SmHandler) {4319cd38} }
D/WifiController( 1742): battery changed pluggedType: 2
V/ActivityManager( 1742): Broadcast sticky: Intent { act=android.intent.action.ADDITIONAL_BATTERY_CHANGED flg=0x60000010 (has extras) } ordered=false userid=-1 callerApp=null
V/ActivityManager( 1742): Broadcast sticky: Intent { act=android.intent.action.ADDITIONAL_BATTERY_CHANGED flg=0x60000010 (has extras) } ordered=false userid=-1 callerApp=null
V/ActivityManager( 1742): Broadcast: Intent { act=android.net.wifi.DHCP_RENEW flg=0x94 (has extras) } ordered=true userid=0 callerApp=null
D/ActivityThread( 1742): BDC-Calling onReceive: intent=Intent { act=android.net.wifi.DHCP_RENEW flg=0x94 (has extras) }, ordered=true, receiver=android.net.DhcpStateMachine$1@4314a978, IIntentReceiver=4314aa60
D/ActivityThread( 1742): BDC-Calling finishReceiver: IIntentReceiver=4314aa60
D/SocketClient(  243): SocketClient msg = Address updated 172.16.0.112/24 wlan0 128 0
D/SocketClient(  243): SocketClient sendDatalocked done: 614 Address updated 172.16.0.112/24 wlan0 128 0
D/NetdConnector( 1742): RCV <- {614 Address updated 172.16.0.112/24 wlan0 128 0}
D/NetworkManagementService( 1742): onEvent:614 Address updated 172.16.0.112/24 wlan0 128 0:7
V/AlarmManager( 1742): isAlarmNeedAlign : charging
V/ActivityManager( 1742): Broadcast sticky: Intent { act=android.net.wifi.RSSI_CHANGED flg=0x4000010 (has extras) } ordered=false userid=-1 callerApp=ProcessRecord{42bd5650 1742:system/1000}
V/ActivityManager( 1742): Broadcast sticky: Intent { act=android.net.wifi.STATE_CHANGE flg=0x4000010 (has extras) } ordered=false userid=-1 callerApp=ProcessRecord{42bd5650 1742:system/1000}
D/WifiNotificationController( 1742): Received NETWORK_STATE_CHANGED_ACTION, mNetworkInfo:NetworkInfo: type: WIFI[], state: CONNECTING/VERIFYING_POOR_LINK, reason: (unspecified), extra: "60_dev_01", roaming: false, failover: false, isAvailable: true, isConnectedToProvisioningNetwork: false, simId: 0
D/WifiService( 1742): onReceive, action:android.net.wifi.STATE_CHANGE
D/WifiStateTracker( 1742): New state:CONNECTING, mLastState:CONNECTED
D/ConnectivityService( 1742): ConnectivityChange for WIFI: CONNECTING/VERIFYING_POOR_LINK
D/ActivityThread( 4465): BDC-Calling onReceive: intent=Intent { act=android.net.wifi.STATE_CHANGE flg=0x4000010 cmp=com.kingroot.kinguser/com.kingroot.common.framework.broadcast.KSysBroadcastReceiver (has extras) }, ordered=true, receiver=com.kingroot.common.framework.broadcast.KSysBroadcastReceiver@4275b328
I/WifiDisplayController( 1742): Received WifiManager.NETWORK_STATE_CHANGED_ACTION, connected:false
D/ActivityThread( 4465): BDC-RECEIVER handled : 0 / ReceiverData{intent=Intent { act=android.net.wifi.STATE_CHANGE flg=0x4000010 cmp=com.kingroot.kinguser/com.kingroot.common.framework.broadcast.KSysBroadcastReceiver (has extras) } packageName=com.kingroot.kinguser resultCode=-1 resultData=null resultExtras=null}
D/ActivityThread( 5424): BDC-Calling onReceive: intent=Intent { act=android.net.wifi.STATE_CHANGE flg=0x4000010 cmp=com.kingroot.master/com.kingroot.common.framework.broadcast.KSysBroadcastReceiver (has extras) }, ordered=true, receiver=com.kingroot.common.framework.broadcast.KSysBroadcastReceiver@4283f508
D/ActivityThread( 5424): BDC-RECEIVER handled : 0 / ReceiverData{intent=Intent { act=android.net.wifi.STATE_CHANGE flg=0x4000010 cmp=com.kingroot.master/com.kingroot.common.framework.broadcast.KSysBroadcastReceiver (has extras) } packageName=com.kingroot.master resultCode=0 resultData=null resultExtras=null}
V/ActivityManager( 1742): Broadcast sticky: Intent { act=android.net.wifi.STATE_CHANGE flg=0x4000010 (has extras) } ordered=false userid=-1 callerApp=ProcessRecord{42bd5650 1742:system/1000}
D/WifiNotificationController( 1742): Received NETWORK_STATE_CHANGED_ACTION, mNetworkInfo:NetworkInfo: type: WIFI[], state: CONNECTING/CAPTIVE_PORTAL_CHECK, reason: (unspecified), extra: "60_dev_01", roaming: false, failover: false, isAvailable: true, isConnectedToProvisioningNetwork: false, simId: 0
D/WifiService( 1742): onReceive, action:android.net.wifi.STATE_CHANGE
D/WifiStateTracker( 1742): New state:CONNECTING, mLastState:CONNECTING
D/ConnectivityService( 1742): ConnectivityChange for WIFI: CONNECTING/CAPTIVE_PORTAL_CHECK
D/ConnectivityService( 1742): Captive portal check NetworkInfo: type: WIFI[], state: CONNECTING/CAPTIVE_PORTAL_CHECK, reason: (unspecified), extra: "60_dev_01", roaming: false, failover: false, isAvailable: true, isConnectedToProvisioningNetwork: false, simId: 0
D/ConnectivityService( 1742): handleCaptivePortalTrackerCheck: call captivePortalCheckComplete ni=NetworkInfo: type: WIFI[], state: CONNECTING/CAPTIVE_PORTAL_CHECK, reason: (unspecified), extra: "60_dev_01", roaming: false, failover: false, isAvailable: true, isConnectedToProvisioningNetwork: false, simId: 0
I/WifiDisplayController( 1742): Received WifiManager.NETWORK_STATE_CHANGED_ACTION, connected:false
D/NetdConnector( 1742): SND -> {181 interface ipv6 wlan0 enable}
I/FrameworkListener(  243): onDataAvailable get 32 bytes 
D/SocketClient(  243): SocketClient msg = IPv6 state changed
D/SocketClient(  243): SocketClient sendDatalocked done: 200 181 IPv6 state changed
D/NetdConnector( 1742): RCV <- {200 181 IPv6 state changed}
D/NetdConnector( 1742): RMV <- {200 181 IPv6 state changed}
D/ActivityThread( 4465): BDC-Calling onReceive: intent=Intent { act=android.net.wifi.STATE_CHANGE flg=0x4000010 cmp=com.kingroot.kinguser/com.kingroot.common.framework.broadcast.KSysBroadcastReceiver (has extras) }, ordered=true, receiver=com.kingroot.common.framework.broadcast.KSysBroadcastReceiver@42b8d358
D/ActivityThread( 4465): BDC-RECEIVER handled : 0 / ReceiverData{intent=Intent { act=android.net.wifi.STATE_CHANGE flg=0x4000010 cmp=com.kingroot.kinguser/com.kingroot.common.framework.broadcast.KSysBroadcastReceiver (has extras) } packageName=com.kingroot.kinguser resultCode=-1 resultData=null resultExtras=null}
V/ActivityManager( 1742): Broadcast sticky: Intent { act=android.net.wifi.RSSI_CHANGED flg=0x4000010 (has extras) } ordered=false userid=-1 callerApp=ProcessRecord{42bd5650 1742:system/1000}
V/ActivityManager( 1742): Broadcast sticky: Intent { act=android.net.wifi.STATE_CHANGE flg=0x4000010 (has extras) } ordered=false userid=-1 callerApp=ProcessRecord{42bd5650 1742:system/1000}
D/ActivityThread( 5424): BDC-Calling onReceive: intent=Intent { act=android.net.wifi.STATE_CHANGE flg=0x4000010 cmp=com.kingroot.master/com.kingroot.common.framework.broadcast.KSysBroadcastReceiver (has extras) }, ordered=true, receiver=com.kingroot.common.framework.broadcast.KSysBroadcastReceiver@42a221c8
D/ActivityThread( 5424): BDC-RECEIVER handled : 0 / ReceiverData{intent=Intent { act=android.net.wifi.STATE_CHANGE flg=0x4000010 cmp=com.kingroot.master/com.kingroot.common.framework.broadcast.KSysBroadcastReceiver (has extras) } packageName=com.kingroot.master resultCode=0 resultData=null resultExtras=null}
I/WifiDisplayController( 1742): Received WifiManager.NETWORK_STATE_CHANGED_ACTION, connected:true
D/WifiNotificationController( 1742): Received NETWORK_STATE_CHANGED_ACTION, mNetworkInfo:NetworkInfo: type: WIFI[], state: CONNECTED/CONNECTED, reason: (unspecified), extra: "60_dev_01", roaming: false, failover: false, isAvailable: true, isConnectedToProvisioningNetwork: false, simId: 0
D/WifiService( 1742): onReceive, action:android.net.wifi.STATE_CHANGE
D/WifiStateTracker( 1742): New state:CONNECTED, mLastState:CONNECTING
D/ConnectivityService( 1742): ConnectivityChange for WIFI: CONNECTED/CONNECTED
D/ConnectivityService( 1742): handleConnect: E newNetType=1 thisIface=wlan0 isFailoverfalse
D/ConnectivityService( 1742): Setting TCP values: [524288,1048576,2097152,262144,524288,1048576] which comes from [net.tcp.buffersize.wifi]
E/ConnectivityService( 1742): Unexpected mtu value: android.net.wifi.WifiStateTracker@431c7ca8
D/ConnectivityService( 1742): handleConnectivityChange: netType=1 doReset=false resetMask=0
E/ConnectivityService( 1742): Add google dns provided for WIFI - using 8.8.8.8
D/ActivityThread( 4465): BDC-Calling onReceive: intent=Intent { act=android.net.wifi.STATE_CHANGE flg=0x4000010 cmp=com.kingroot.kinguser/com.kingroot.common.framework.broadcast.KSysBroadcastReceiver (has extras) }, ordered=true, receiver=com.kingroot.common.framework.broadcast.KSysBroadcastReceiver@427974e8
D/ActivityThread( 4465): BDC-RECEIVER handled : 0 / ReceiverData{intent=Intent { act=android.net.wifi.STATE_CHANGE flg=0x4000010 cmp=com.kingroot.kinguser/com.kingroot.common.framework.broadcast.KSysBroadcastReceiver (has extras) } packageName=com.kingroot.kinguser resultCode=-1 resultData=null resultExtras=null}
D/NetdConnector( 1742): SND -> {182 resolver setifdns wlan0  192.168.89.54 8.8.8.8}
I/FrameworkListener(  243): onDataAvailable get 51 bytes 
D/SocketClient(  243): SocketClient msg = Resolver command succeeded
D/SocketClient(  243): SocketClient sendDatalocked done: 200 182 Resolver command succeeded
D/NetdConnector( 1742): RCV <- {200 182 Resolver command succeeded}
D/NetdConnector( 1742): RMV <- {200 182 Resolver command succeeded}
D/NetdConnector( 1742): SND -> {183 resolver setdefaultif wlan0}
I/FrameworkListener(  243): onDataAvailable get 32 bytes 
D/SocketClient(  243): SocketClient msg = Resolver command succeeded
D/SocketClient(  243): SocketClient sendDatalocked done: 200 183 Resolver command succeeded
D/NetdConnector( 1742): RCV <- {200 183 Resolver command succeeded}
D/ActivityThread( 5424): BDC-Calling onReceive: intent=Intent { act=android.net.wifi.STATE_CHANGE flg=0x4000010 cmp=com.kingroot.master/com.kingroot.common.framework.broadcast.KSysBroadcastReceiver (has extras) }, ordered=true, receiver=com.kingroot.common.framework.broadcast.KSysBroadcastReceiver@42f5afd8
D/ActivityThread( 5424): BDC-RECEIVER handled : 0 / ReceiverData{intent=Intent { act=android.net.wifi.STATE_CHANGE flg=0x4000010 cmp=com.kingroot.master/com.kingroot.common.framework.broadcast.KSysBroadcastReceiver (has extras) } packageName=com.kingroot.master resultCode=0 resultData=null resultExtras=null}
D/NetdConnector( 1742): RMV <- {200 183 Resolver command succeeded}
V/ActivityManager( 1742): Broadcast: Intent { act=android.intent.action.CLEAR_DNS_CACHE flg=0x24000010 } ordered=false userid=-1 callerApp=ProcessRecord{42bd5650 1742:system/1000}
D/ConnectivityService( 1742): handleConnectivityChange: changed linkProperty[1]: doReset=false resetMask=0
D/ConnectivityService( 1742):    curLp={InterfaceName: wlan0 LinkAddresses: [172.16.0.112/24,]  Routes: [172.16.0.0/24 -> 0.0.0.0,0.0.0.0/0 -> 172.16.0.1,] DnsAddresses: [192.168.89.54,] Domains: MTU: 0HttpProxy: [ProxyProperties.mHost == null] }
D/ConnectivityService( 1742):    newLp={InterfaceName: wlan0 LinkAddresses: [172.16.0.112/24,]  Routes: [172.16.0.0/24 -> 0.0.0.0,0.0.0.0/0 -> 172.16.0.1,] DnsAddresses: [192.168.89.54,] Domains: MTU: 0HttpProxy: [ProxyProperties.mHost == null] }
D/ConnectivityService( 1742): handleConnectivityChange: address are the same reset per doReset linkProperty[1]: resetMask=0
D/Nat464Xlat( 1742): requiresClat: netType=1, hasIPv4Address=true
D/ConnectivityService( 1742): sendStickyBroadcast: action=android.net.conn.CONNECTIVITY_CHANGE_IMMEDIATE
V/ActivityManager( 1742): Broadcast sticky: Intent { act=android.net.conn.CONNECTIVITY_CHANGE_IMMEDIATE flg=0x4000010 (has extras) } ordered=false userid=-1 callerApp=ProcessRecord{42bd5650 1742:system/1000}
V/NetworkStats( 1742): updateIfacesLocked()
V/NetworkStats( 1742): performPollLocked(flags=0x1)
V/NetworkPolicy( 1742): onReceive:CONNECTIVITY_ACTION_IMMEDIATE 
V/NetworkPolicy( 1742): ensureActiveMobilePolicyLocked()
D/ConnectivityService( 1742): sendStickyBroadcastDelayed: delayMs=3000, action=android.net.conn.CONNECTIVITY_CHANGE
D/NetdConnector( 1742): SND -> {184 bandwidth gettetherstats}
I/FrameworkListener(  243): onDataAvailable get 29 bytes 
V/NetworkPolicy( 1742): updateNetworkEnabledLocked()
V/NetworkPolicy( 1742): updateNetworkRulesLocked()
D/ActivityManager( 1742): getContentProviderImpl: from caller=android.app.ActivityThread$ApplicationThread@42811830 (pid=1742, userId=0) to get content provider telephony cpr=ContentProviderRecord{42c8b1b0 u0 com.android.providers.telephony/.TelephonyProvider}
V/NetworkPolicy( 1742): updateNotificationsLocked()
V/NetworkStats( 1742): advisePersistThreshold() given 9223372036854775, clamped to 2097152
D/ActivityManager( 1742): getContentProviderImpl: updateLruProcessLocked cpr.proc=ProcessRecord{42eb1760 4289:com.android.phone/1001}
D/ActivityThread( 1742): hoder:android.app.IActivityManager$ContentProviderHolder@43abbf10,provider,holder.Provider:android.content.ContentProviderProxy@427cf930
D/SocketClient(  243): SocketClient msg = Tethering stats list completed
D/SocketClient(  243): SocketClient sendDatalocked done: 200 184 Tethering stats list completed
D/NetdConnector( 1742): RCV <- {200 184 Tethering stats list completed}
D/NetdConnector( 1742): RMV <- {200 184 Tethering stats list completed}
D/NetworkStatsRecorder( 1742): recordSnapshotLocked.dev:snapshot size:3
W/NetworkStatsRecorder( 1742): unknown interfaces [lo, p2p0], ignoring those stats
D/NetworkStatsRecorder( 1742): recordSnapshotLocked.xt:snapshot size:3
W/NetworkStatsRecorder( 1742): unknown interfaces [lo, p2p0], ignoring those stats
D/NetworkStatsRecorder( 1742): recordSnapshotLocked.uid:snapshot size:48
W/NetworkStatsRecorder( 1742): unknown interfaces [lo, p2p0], ignoring those stats
D/NetworkStatsRecorder( 1742): recordSnapshotLocked.uid_tag:snapshot size:48
W/NetworkStatsRecorder( 1742): unknown interfaces [lo, p2p0], ignoring those stats
V/NetworkStats( 1742): performPollLocked() took 19ms
V/ActivityManager( 1742): Broadcast: Intent { act=com.android.server.action.NETWORK_STATS_UPDATED flg=0x40000010 } ordered=false userid=-1 callerApp=ProcessRecord{42bd5650 1742:system/1000}
V/NetworkStats( 1742): wlan0 is connected Nettype=1
V/NetworkStats( 1742): new netIdent for:wlan0
V/NetworkStatsRecorder( 1742): setPersistThreshold() with 2097152
V/NetworkStatsRecorder( 1742): setPersistThreshold() with 2097152
V/NetworkStatsRecorder( 1742): setPersistThreshold() with 2097152
V/NetworkStatsRecorder( 1742): setPersistThreshold() with 2097152
D/NetdConnector( 1742): SND -> {185 bandwidth setglobalalert 2097152}
I/FrameworkListener(  243): onDataAvailable get 37 bytes 
D/SocketClient(  243): SocketClient msg = Bandwidth command succeeeded
D/SocketClient(  243): SocketClient sendDatalocked done: 200 185 Bandwidth command succeeeded
D/NetdConnector( 1742): RCV <- {200 185 Bandwidth command succeeeded}
D/NetdConnector( 1742): RMV <- {200 185 Bandwidth command succeeeded}
D/ConnectivityService( 1742): onMeteredIfacesChanged(ifaces=[])
V/NetworkPolicy( 1742): ensureActiveMobilePolicyLocked()
V/NetworkPolicy( 1742): updateNetworkEnabledLocked()
V/NetworkPolicy( 1742): updateNotificationsLocked()
V/ActivityManager( 1742): Broadcast sticky: Intent { act=android.intent.action.ADDITIONAL_BATTERY_CHANGED flg=0x60000010 (has extras) } ordered=false userid=-1 callerApp=null
V/ActivityManager( 1742): Broadcast sticky: Intent { act=android.intent.action.ADDITIONAL_BATTERY_CHANGED flg=0x60000010 (has extras) } ordered=false userid=-1 callerApp=null
V/ActivityManager( 1742): Broadcast sticky: Intent { act=android.intent.action.ADDITIONAL_BATTERY_CHANGED flg=0x60000010 (has extras) } ordered=false userid=-1 callerApp=null
V/ActivityManager( 1742): Broadcast sticky: Intent { act=android.net.wifi.RSSI_CHANGED flg=0x4000010 (has extras) } ordered=false userid=-1 callerApp=ProcessRecord{42bd5650 1742:system/1000}
D/ConnectivityService( 1742): sendStickyBroadcast: action=android.net.conn.CONNECTIVITY_CHANGE
V/ActivityManager( 1742): Broadcast sticky: Intent { act=android.net.conn.CONNECTIVITY_CHANGE flg=0x4000010 (has extras) } ordered=false userid=-1 callerApp=ProcessRecord{42bd5650 1742:system/1000}
D/ConnectivityService( 1742): getActiveNetworkInfo:NetworkInfo: type: WIFI[], state: CONNECTED/CONNECTED, reason: (unspecified), extra: "60_dev_01", roaming: false, failover: false, isAvailable: true, isConnectedToProvisioningNetwork: false, simId: 0/10097
D/ConnectivityService( 1742): getActiveNetworkInfo:NetworkInfo: type: WIFI[], state: CONNECTED/CONNECTED, reason: (unspecified), extra: "60_dev_01", roaming: false, failover: false, isAvailable: true, isConnectedToProvisioningNetwork: false, simId: 0/10097
D/ConnectivityService( 1742): getActiveNetworkInfo:NetworkInfo: type: WIFI[], state: CONNECTED/CONNECTED, reason: (unspecified), extra: "60_dev_01", roaming: false, failover: false, isAvailable: true, isConnectedToProvisioningNetwork: false, simId: 0/10082
D/ConnectivityService( 1742): getActiveNetworkInfo:NetworkInfo: type: WIFI[], state: CONNECTED/CONNECTED, reason: (unspecified), extra: "60_dev_01", roaming: false, failover: false, isAvailable: true, isConnectedToProvisioningNetwork: false, simId: 0/1000
D/ConnectivityService( 1742): getActiveNetworkInfo:NetworkInfo: type: WIFI[], state: CONNECTED/CONNECTED, reason: (unspecified), extra: "60_dev_01", roaming: false, failover: false, isAvailable: true, isConnectedToProvisioningNetwork: false, simId: 0/1000
D/ConnectivityService( 1742): getActiveNetworkInfo:NetworkInfo: type: WIFI[], state: CONNECTED/CONNECTED, reason: (unspecified), extra: "60_dev_01", roaming: false, failover: false, isAvailable: true, isConnectedToProvisioningNetwork: false, simId: 0/10275
D/ConnectivityService( 1742): getActiveNetworkInfo:NetworkInfo: type: WIFI[], state: CONNECTED/CONNECTED, reason: (unspecified), extra: "60_dev_01", roaming: false, failover: false, isAvailable: true, isConnectedToProvisioningNetwork: false, simId: 0/10275
V/AlarmManager( 1742): isAlarmNeedAlign : charging
D/ConnectivityService( 1742): getActiveNetworkInfo:NetworkInfo: type: WIFI[], state: CONNECTED/CONNECTED, reason: (unspecified), extra: "60_dev_01", roaming: false, failover: false, isAvailable: true, isConnectedToProvisioningNetwork: false, simId: 0/10275
V/AlarmManager( 1742): isAlarmNeedAlign : charging
D/ConnectivityService( 1742): getActiveNetworkInfo:NetworkInfo: type: WIFI[], state: CONNECTED/CONNECTED, reason: (unspecified), extra: "60_dev_01", roaming: false, failover: false, isAvailable: true, isConnectedToProvisioningNetwork: false, simId: 0/1000
V/AlarmManager( 1742): isAlarmNeedAlign : charging
V/AlarmManager( 1742): isAlarmNeedAlign : charging
D/ConnectivityService( 1742): getActiveNetworkInfo:NetworkInfo: type: WIFI[], state: CONNECTED/CONNECTED, reason: (unspecified), extra: "60_dev_01", roaming: false, failover: false, isAvailable: true, isConnectedToProvisioningNetwork: false, simId: 0/10097
V/AlarmManager( 1742): isAlarmNeedAlign : charging
V/AlarmManager( 1742): isAlarmNeedAlign : charging
V/AlarmManager( 1742): isAlarmNeedAlign : charging
V/AlarmManager( 1742): isAlarmNeedAlign : charging
V/AlarmManager( 1742): isAlarmNeedAlign : charging
V/AlarmManager( 1742): isAlarmNeedAlign : charging
V/AlarmManager( 1742): isAlarmNeedAlign : charging
V/AlarmManager( 1742): isAlarmNeedAlign : charging
V/AlarmManager( 1742): isAlarmNeedAlign : charging
D/ConnectivityService( 1742): getActiveNetworkInfo:NetworkInfo: type: WIFI[], state: CONNECTED/CONNECTED, reason: (unspecified), extra: "60_dev_01", roaming: false, failover: false, isAvailable: true, isConnectedToProvisioningNetwork: false, simId: 0/10097
V/AlarmManager( 1742): isAlarmNeedAlign : charging
V/AlarmManager( 1742): isAlarmNeedAlign : charging
V/AlarmManager( 1742): isAlarmNeedAlign : charging
V/AlarmManager( 1742): isAlarmNeedAlign : charging
V/AlarmManager( 1742): isAlarmNeedAlign : charging
V/AlarmManager( 1742): isAlarmNeedAlign : charging
V/AlarmManager( 1742): isAlarmNeedAlign : charging
V/AlarmManager( 1742): isAlarmNeedAlign : charging
V/AlarmManager( 1742): isAlarmNeedAlign : charging
V/AlarmManager( 1742): isAlarmNeedAlign : charging
V/AlarmManager( 1742): isAlarmNeedAlign : charging
V/AlarmManager( 1742): isAlarmNeedAlign : charging
V/AlarmManager( 1742): isAlarmNeedAlign : charging
D/ActivityThread( 4465): BDC-Calling onReceive: intent=Intent { act=android.net.conn.CONNECTIVITY_CHANGE flg=0x4000010 cmp=com.kingroot.kinguser/com.kingroot.common.framework.broadcast.KSysBroadcastReceiver (has extras) }, ordered=true, receiver=com.kingroot.common.framework.broadcast.KSysBroadcastReceiver@426e6558
V/AlarmManager( 1742): isAlarmNeedAlign : charging
V/AlarmManager( 1742): isAlarmNeedAlign : charging
V/AlarmManager( 1742): isAlarmNeedAlign : charging
V/AlarmManager( 1742): isAlarmNeedAlign : charging
V/AlarmManager( 1742): isAlarmNeedAlign : charging
V/AlarmManager( 1742): isAlarmNeedAlign : charging
V/AlarmManager( 1742): isAlarmNeedAlign : charging
V/AlarmManager( 1742): isAlarmNeedAlign : charging
D/ConnectivityService( 1742): getActiveNetworkInfo:NetworkInfo: type: WIFI[], state: CONNECTED/CONNECTED, reason: (unspecified), extra: "60_dev_01", roaming: false, failover: false, isAvailable: true, isConnectedToProvisioningNetwork: false, simId: 0/10097
V/AlarmManager( 1742): isAlarmNeedAlign : charging
V/AlarmManager( 1742): isAlarmNeedAlign : charging
V/AlarmManager( 1742): isAlarmNeedAlign : charging
D/ConnectivityService( 1742): getActiveNetworkInfo:NetworkInfo: type: WIFI[], state: CONNECTED/CONNECTED, reason: (unspecified), extra: "60_dev_01", roaming: false, failover: false, isAvailable: true, isConnectedToProvisioningNetwork: false, simId: 0/10083
D/ActivityThread( 4465): BDC-RECEIVER handled : 0 / ReceiverData{intent=Intent { act=android.net.conn.CONNECTIVITY_CHANGE flg=0x4000010 cmp=com.kingroot.kinguser/com.kingroot.common.framework.broadcast.KSysBroadcastReceiver (has extras) } packageName=com.kingroot.kinguser resultCode=-1 resultData=null resultExtras=null}
D/ConnectivityService( 1742): getActiveNetworkInfo:NetworkInfo: type: WIFI[], state: CONNECTED/CONNECTED, reason: (unspecified), extra: "60_dev_01", roaming: false, failover: false, isAvailable: true, isConnectedToProvisioningNetwork: false, simId: 0/10097
D/ConnectivityService( 1742): getActiveNetworkInfo:NetworkInfo: type: WIFI[], state: CONNECTED/CONNECTED, reason: (unspecified), extra: "60_dev_01", roaming: false, failover: false, isAvailable: true, isConnectedToProvisioningNetwork: false, simId: 0/10095
D/ConnectivityService( 1742): getActiveNetworkInfo:NetworkInfo: type: WIFI[], state: CONNECTED/CONNECTED, reason: (unspecified), extra: "60_dev_01", roaming: false, failover: false, isAvailable: true, isConnectedToProvisioningNetwork: false, simId: 0/10098
D/ConnectivityService( 1742): getActiveNetworkInfo:NetworkInfo: type: WIFI[], state: CONNECTED/CONNECTED, reason: (unspecified), extra: "60_dev_01", roaming: false, failover: false, isAvailable: true, isConnectedToProvisioningNetwork: false, simId: 0/10083
D/ConnectivityService( 1742): getActiveNetworkInfo:NetworkInfo: type: WIFI[], state: CONNECTED/CONNECTED, reason: (unspecified), extra: "60_dev_01", roaming: false, failover: false, isAvailable: true, isConnectedToProvisioningNetwork: false, simId: 0/10098
D/ConnectivityService( 1742): getActiveNetworkInfo:NetworkInfo: type: WIFI[], state: CONNECTED/CONNECTED, reason: (unspecified), extra: "60_dev_01", roaming: false, failover: false, isAvailable: true, isConnectedToProvisioningNetwork: false, simId: 0/10095
D/ActivityThread( 5424): BDC-Calling onReceive: intent=Intent { act=android.net.conn.CONNECTIVITY_CHANGE flg=0x4000010 cmp=com.kingroot.master/com.kingroot.common.framework.broadcast.KSysBroadcastReceiver (has extras) }, ordered=true, receiver=com.kingroot.common.framework.broadcast.KSysBroadcastReceiver@42b9f9b0
W/OppoAutostartManager( 1742): *Do not want to launch app io.dcloud.HBuilder/10276 for broadcast Intent { act=android.net.conn.CONNECTIVITY_CHANGE flg=0x4000010 (has extras) } callUid:1000 callPid:1742
D/ConnectivityService( 1742): getActiveNetworkInfo:NetworkInfo: type: WIFI[], state: CONNECTED/CONNECTED, reason: (unspecified), extra: "60_dev_01", roaming: false, failover: false, isAvailable: true, isConnectedToProvisioningNetwork: false, simId: 0/10098
D/ConnectivityService( 1742): getActiveNetworkInfo:NetworkInfo: type: WIFI[], state: CONNECTED/CONNECTED, reason: (unspecified), extra: "60_dev_01", roaming: false, failover: false, isAvailable: true, isConnectedToProvisioningNetwork: false, simId: 0/10097
D/ActivityThread( 5424): BDC-RECEIVER handled : 0 / ReceiverData{intent=Intent { act=android.net.conn.CONNECTIVITY_CHANGE flg=0x4000010 cmp=com.kingroot.master/com.kingroot.common.framework.broadcast.KSysBroadcastReceiver (has extras) } packageName=com.kingroot.master resultCode=0 resultData=null resultExtras=null}
D/PowerManagerService( 1742): release partial wake lock with ON_AFTER_RELEASE, do nothing
D/ConnectivityService( 1742): getActiveNetworkInfo:NetworkInfo: type: WIFI[], state: CONNECTED/CONNECTED, reason: (unspecified), extra: "60_dev_01", roaming: false, failover: false, isAvailable: true, isConnectedToProvisioningNetwork: false, simId: 0/10097
D/ConnectivityService( 1742): getActiveNetworkInfo:NetworkInfo: type: WIFI[], state: CONNECTED/CONNECTED, reason: (unspecified), extra: "60_dev_01", roaming: false, failover: false, isAvailable: true, isConnectedToProvisioningNetwork: false, simId: 0/10098
D/ConnectivityService( 1742): getActiveNetworkInfo:NetworkInfo: type: WIFI[], state: CONNECTED/CONNECTED, reason: (unspecified), extra: "60_dev_01", roaming: false, failover: false, isAvailable: true, isConnectedToProvisioningNetwork: false, simId: 0/10095
D/ConnectivityService( 1742): getActiveNetworkInfo:NetworkInfo: type: WIFI[], state: CONNECTED/CONNECTED, reason: (unspecified), extra: "60_dev_01", roaming: false, failover: false, isAvailable: true, isConnectedToProvisioningNetwork: false, simId: 0/10098
D/ConnectivityService( 1742): getActiveNetworkInfo:NetworkInfo: type: WIFI[], state: CONNECTED/CONNECTED, reason: (unspecified), extra: "60_dev_01", roaming: false, failover: false, isAvailable: true, isConnectedToProvisioningNetwork: false, simId: 0/10095
I/ActivityManager( 1742): Start proc com.mediatek.mtklogger for broadcast com.mediatek.mtklogger/.framework.LogReceiver: pid=9545 uid=10048 gids={50048, 3003, 1028, 1015, 1023, 1035}
D/ActivityManager( 1742):  (1) delay start com.mediatek.mtklogger startResult.usingWrapper false
D/OppoUsageService( 1742): writeHistoryRecord[AppUsage], saveRes = 1
V/ActivityManager( 1742): ensureActivitiesVisibleLocked: consider front
V/ActivityManager( 1742): ensureActivitiesVisibleLocked: consider back
V/ActivityManager( 1742): Broadcast sticky: Intent { act=android.net.wifi.RSSI_CHANGED flg=0x4000010 (has extras) } ordered=false userid=-1 callerApp=ProcessRecord{42bd5650 1742:system/1000}
I/ActivityManager( 1742): Start proc com.kingroot.master:task for service com.kingroot.master/com.kingroot.common.framework.task.KTaskSysService: pid=9564 uid=10098 gids={50098, 3003, 1028, 1015, 1023, 3002, 3001}
D/ActivityManager( 1742):  (1) delay start com.kingroot.master:task startResult.usingWrapper false
D/OppoUsageService( 1742): writeHistoryRecord[AppUsage], saveRes = 1
D/ActivityManager( 1742): getContentProviderImpl: from caller=android.app.ApplicationThreadProxy@4304bbd8 (pid=9545, userId=0) to get content provider settings cpr=ContentProviderRecord{428af608 u0 com.android.providers.settings/.SettingsProvider}
D/ActivityManager( 1742): getContentProviderImpl: updateLruProcessLocked cpr.proc=ProcessRecord{42bd5650 1742:system/1000}
D/ActivityThread( 9545): hoder:android.app.IActivityManager$ContentProviderHolder@426d4250,provider,holder.Provider:android.content.ContentProviderProxy@426d4890
V/ActivityManager( 1742): ensureActivitiesVisibleLocked: consider front
V/ActivityManager( 1742): ensureActivitiesVisibleLocked: consider back
D/ActivityThread( 9545): BIND_APPLICATION handled : 0 / AppBindData{appInfo=ApplicationInfo{426d14c8 com.mediatek.mtklogger}}
D/ActivityThread( 9545): BDC-Calling onReceive: intent=Intent { act=android.net.conn.CONNECTIVITY_CHANGE flg=0x4000010 cmp=com.mediatek.mtklogger/.framework.LogReceiver (has extras) }, ordered=true, receiver=com.mediatek.mtklogger.framework.LogReceiver@426dc138
D/ActivityManager( 1742): getContentProviderImpl: from caller=android.app.ApplicationThreadProxy@431e58f0 (pid=9564, userId=0) to get content provider settings cpr=ContentProviderRecord{428af608 u0 com.android.providers.settings/.SettingsProvider}
D/ActivityManager( 1742): getContentProviderImpl: updateLruProcessLocked cpr.proc=ProcessRecord{42bd5650 1742:system/1000}
D/ActivityThread( 9564): hoder:android.app.IActivityManager$ContentProviderHolder@426d7870,provider,holder.Provider:android.content.ContentProviderProxy@426d7ff0
D/ActivityThread( 9545): BDC-RECEIVER handled : 0 / ReceiverData{intent=Intent { act=android.net.conn.CONNECTIVITY_CHANGE flg=0x4000010 cmp=com.mediatek.mtklogger/.framework.LogReceiver (has extras) } packageName=com.mediatek.mtklogger resultCode=0 resultData=null resultExtras=null}
W/OppoAutostartManager( 1742): *Do not want to launch app cn.wps.moffice_eng/10086 for broadcast Intent { act=android.net.conn.CONNECTIVITY_CHANGE flg=0x4000010 (has extras) } callUid:1000 callPid:1742
W/OppoAutostartManager( 1742): *Do not want to launch app cn.wps.moffice_eng/10086 for broadcast Intent { act=android.net.conn.CONNECTIVITY_CHANGE flg=0x4000010 (has extras) } callUid:1000 callPid:1742
D/ActivityThread( 4669): BDC-Calling onReceive: intent=Intent { act=android.net.conn.CONNECTIVITY_CHANGE flg=0x4000010 cmp=com.sixty.nidoneClient/com.xiaomi.push.service.receivers.NetworkStatusReceiver (has extras) }, ordered=true, receiver=com.xiaomi.push.service.receivers.NetworkStatusReceiver@42e56100
D/ActivityThread( 4669): BDC-RECEIVER handled : 0 / ReceiverData{intent=Intent { act=android.net.conn.CONNECTIVITY_CHANGE flg=0x4000010 cmp=com.sixty.nidoneClient/com.xiaomi.push.service.receivers.NetworkStatusReceiver (has extras) } packageName=com.sixty.nidoneClient resultCode=0 resultData=null resultExtras=null}
D/ConnectivityService( 1742): getActiveNetworkInfo:NetworkInfo: type: WIFI[], state: CONNECTED/CONNECTED, reason: (unspecified), extra: "60_dev_01", roaming: false, failover: false, isAvailable: true, isConnectedToProvisioningNetwork: false, simId: 0/10275
D/ActivityThread( 6062): BDC-Calling onReceive: intent=Intent { act=android.net.conn.CONNECTIVITY_CHANGE flg=0x4000010 cmp=com.android.providers.downloads/.DownloadReceiver (has extras) }, ordered=true, receiver=com.android.providers.downloads.DownloadReceiver@42b90ef8
D/ConnectivityService( 1742): getActiveNetworkInfo:NetworkInfo: type: WIFI[], state: CONNECTED/CONNECTED, reason: (unspecified), extra: "60_dev_01", roaming: false, failover: false, isAvailable: true, isConnectedToProvisioningNetwork: false, simId: 0/10005
D/ActivityThread( 6062): BDC-RECEIVER handled : 0 / ReceiverData{intent=Intent { act=android.net.conn.CONNECTIVITY_CHANGE flg=0x4000010 cmp=com.android.providers.downloads/.DownloadReceiver (has extras) } packageName=com.android.providers.downloads resultCode=0 resultData=null resultExtras=null}
D/ActivityThread( 6062): SVC-Creating service: CreateServiceData{token=android.os.BinderProxy@42b8eeb8 className=com.android.providers.downloads.DownloadService packageName=com.android.providers.downloads intent=null}
D/ActivityThread(15702): BDC-Calling onReceive: intent=Intent { act=android.net.conn.CONNECTIVITY_CHANGE flg=0x4000010 cmp=com.oppo.c2u/.receiver.SystemEventReceiver (has extras) }, ordered=true, receiver=com.oppo.c2u.receiver.SystemEventReceiver@42704698
D/ActivityThread(15702): BDC-RECEIVER handled : 0 / ReceiverData{intent=Intent { act=android.net.conn.CONNECTIVITY_CHANGE flg=0x4000010 cmp=com.oppo.c2u/.receiver.SystemEventReceiver (has extras) } packageName=com.oppo.c2u resultCode=0 resultData=null resultExtras=null}
D/ActivityThread( 6062): SVC-CREATE_SERVICE handled : 0 / CreateServiceData{token=android.os.BinderProxy@42b8eeb8 className=com.android.providers.downloads.DownloadService packageName=com.android.providers.downloads intent=null}
D/ActivityThread( 6062): SVC-SERVICE_ARGS handled : 0 / ServiceArgsData{token=android.os.BinderProxy@42b8eeb8 startId=1 args=Intent { cmp=com.android.providers.downloads/.DownloadService }}
D/ActivityThread( 6062): BDC-Calling onReceive: intent=Intent { act=android.net.conn.CONNECTIVITY_CHANGE flg=0x4000010 cmp=com.mediatek.providers.drm/.ConnectionChangeReceiver (has extras) }, ordered=true, receiver=com.mediatek.providers.drm.ConnectionChangeReceiver@42b86a68
D/ActivityThread( 9564): installProvider: context.getPackageName()=com.kingroot.master
D/ActivityManager( 1742): publishContentProviders: from caller=android.app.ApplicationThreadProxy@43518cd0 (pid=9564)
V/ActivityManager( 1742): Broadcast: Intent { act=com.kingroot.master.action.NOTIFY_STATISTIC flg=0x10 pkg=com.kingroot.master (has extras) } ordered=false userid=0 callerApp=ProcessRecord{4389eee0 9564:com.kingroot.master:task/u0a98}
D/ActivityThread( 6062): BDC-RECEIVER handled : 0 / ReceiverData{intent=Intent { act=android.net.conn.CONNECTIVITY_CHANGE flg=0x4000010 cmp=com.mediatek.providers.drm/.ConnectionChangeReceiver (has extras) } packageName=com.mediatek.providers.drm resultCode=0 resultData=null resultExtras=null}
D/ActivityThread( 6062): SVC-Destroying service: com.android.providers.downloads.DownloadService@4311b518
D/ActivityThread( 6062): SVC-STOP_SERVICE handled : 0 / android.os.BinderProxy@42b8eeb8
D/ActivityThread( 4549): BDC-Calling onReceive: intent=Intent { act=android.net.conn.CONNECTIVITY_CHANGE flg=0x4000010 cmp=com.android.email/com.kingsoft.email.service.ImapPushService$NetworkStatusBroadcastReceiver (has extras) }, ordered=true, receiver=com.kingsoft.email.service.ImapPushService$NetworkStatusBroadcastReceiver@42f0c938
D/ActivityThread( 4549): BDC-RECEIVER handled : 0 / ReceiverData{intent=Intent { act=android.net.conn.CONNECTIVITY_CHANGE flg=0x4000010 cmp=com.android.email/com.kingsoft.email.service.ImapPushService$NetworkStatusBroadcastReceiver (has extras) } packageName=com.android.email resultCode=0 resultData=null resultExtras=null}
D/ActivityThread( 4549): SVC-Creating service: CreateServiceData{token=android.os.BinderProxy@42f0e088 className=com.kingsoft.email.service.ImapPushService packageName=com.android.email intent=null}
D/ActivityThread( 4549): SVC-CREATE_SERVICE handled : 0 / CreateServiceData{token=android.os.BinderProxy@42f0e088 className=com.kingsoft.email.service.ImapPushService packageName=com.android.email intent=null}
D/ActivityThread( 4549): SVC-SERVICE_ARGS handled : 0 / ServiceArgsData{token=android.os.BinderProxy@42f0e088 startId=1 args=Intent { act=com.kingsoft.email.ACTION_IMAPPUSH_START flg=0x20 cmp=com.android.email/com.kingsoft.email.service.ImapPushService (has extras) }}
D/ConnectivityService( 1742): getActiveNetworkInfo:NetworkInfo: type: WIFI[], state: CONNECTED/CONNECTED, reason: (unspecified), extra: "60_dev_01", roaming: false, failover: false, isAvailable: true, isConnectedToProvisioningNetwork: false, simId: 0/10098
D/WifiService( 1742): getWifiServiceMessenger, pid:9564, uid:10098
D/WifiService( 1742): New client listening to asynchronous messages
I/ActivityManager( 1742): Start proc com.fw.upgrade for broadcast com.fw.upgrade/.GoogleOtaReceiver: pid=9591 uid=10034 gids={50034, 3003, 1028, 1015, 1023}
D/ActivityManager( 1742):  (1) delay start com.fw.upgrade startResult.usingWrapper false
D/OppoUsageService( 1742): writeHistoryRecord[AppUsage], saveRes = 1
D/ActivityThread( 4549): SVC-Destroying service: com.kingsoft.email.service.ImapPushService@42f0f7e8
D/ActivityThread( 4549): SVC-STOP_SERVICE handled : 0 / android.os.BinderProxy@42f0e088
V/ActivityManager( 1742): ensureActivitiesVisibleLocked: consider front
V/ActivityManager( 1742): ensureActivitiesVisibleLocked: consider back
V/AlarmManager( 1742): isAlarmNeedAlign : charging
V/AlarmManager( 1742): isAlarmNeedAlign : charging
V/AlarmManager( 1742): isAlarmNeedAlign : charging
V/AlarmManager( 1742): isAlarmNeedAlign : charging
V/AlarmManager( 1742): isAlarmNeedAlign : charging
V/AlarmManager( 1742): isAlarmNeedAlign : charging
V/AlarmManager( 1742): isAlarmNeedAlign : charging
V/AlarmManager( 1742): isAlarmNeedAlign : charging
V/AlarmManager( 1742): isAlarmNeedAlign : charging
V/AlarmManager( 1742): isAlarmNeedAlign : charging
V/AlarmManager( 1742): isAlarmNeedAlign : charging
V/AlarmManager( 1742): isAlarmNeedAlign : charging
V/AlarmManager( 1742): isAlarmNeedAlign : charging
V/AlarmManager( 1742): isAlarmNeedAlign : charging
V/AlarmManager( 1742): isAlarmNeedAlign : charging
V/AlarmManager( 1742): isAlarmNeedAlign : charging
V/AlarmManager( 1742): isAlarmNeedAlign : charging
V/AlarmManager( 1742): isAlarmNeedAlign : charging
V/AlarmManager( 1742): isAlarmNeedAlign : charging
D/ActivityManager( 1742): getContentProviderImpl: from caller=android.app.ApplicationThreadProxy@43a16ef8 (pid=9591, userId=0) to get content provider settings cpr=ContentProviderRecord{428af608 u0 com.android.providers.settings/.SettingsProvider}
D/ActivityManager( 1742): getContentProviderImpl: updateLruProcessLocked cpr.proc=ProcessRecord{42bd5650 1742:system/1000}
V/AlarmManager( 1742): isAlarmNeedAlign : charging
V/AlarmManager( 1742): isAlarmNeedAlign : charging
D/ActivityThread( 9591): hoder:android.app.IActivityManager$ContentProviderHolder@426d7fd0,provider,holder.Provider:android.content.ContentProviderProxy@426d8750
V/AlarmManager( 1742): isAlarmNeedAlign : charging
V/AlarmManager( 1742): isAlarmNeedAlign : charging
V/AlarmManager( 1742): isAlarmNeedAlign : charging
V/AlarmManager( 1742): isAlarmNeedAlign : charging
V/AlarmManager( 1742): isAlarmNeedAlign : charging
V/AlarmManager( 1742): isAlarmNeedAlign : charging
V/AlarmManager( 1742): isAlarmNeedAlign : charging
V/AlarmManager( 1742): isAlarmNeedAlign : charging
V/AlarmManager( 1742): isAlarmNeedAlign : charging
V/AlarmManager( 1742): isAlarmNeedAlign : charging
V/AlarmManager( 1742): isAlarmNeedAlign : charging
V/AlarmManager( 1742): isAlarmNeedAlign : charging
V/AlarmManager( 1742): isAlarmNeedAlign : charging
V/AlarmManager( 1742): isAlarmNeedAlign : charging
V/AlarmManager( 1742): isAlarmNeedAlign : charging
V/AlarmManager( 1742): isAlarmNeedAlign : charging
D/ActivityThread( 9591): BIND_APPLICATION handled : 0 / AppBindData{appInfo=ApplicationInfo{426d36c0 com.fw.upgrade}}
