D/mHalFDVT(  249): (6149)[halFDYUYV2ExtractY] DO Extract Y In
D/mHalFDVT(  249): (6149)[halFDYUYV2ExtractY] DO Extract Y Out
D/mHalFDVT(  249): (6149)[halFDDo] SD Status: SDEnable:0, img_w:320, img_h:240, Src_Phy_Addr:0x5700000,
D/mHalFDVT(  249): (6149)[halFDDo] [halFDDo] IN,  1
D/MDP     (  245): DpBlit: time 10 ms, type 0
D/mHalFDVT(  249): (6149)[halFDDo] FDVTMain IN
D/FDVT_Drv(  249): Set RS_Config, Src_W = 640, Src_H = 480, src_Format = 0, g_rs_num:12
D/FDVT_Drv(  249): Check RS_Config, rs[2]= 0x901e0280, rs[3]= 0xc33312c1,  rs[5]= 0x280,
D/FDVT_Drv(  249): SW RIP Input: 7,
D/FDVT_Drv(  249): FDRegisterConfig In, (HW)skip:0, 
D/FDVT_Drv(  249): FDRegisterConfig Out
D/FDVT_Drv(  249): Do Flush (IMEM) 
D/FDVT_Drv(  249): Set Start HW in 
D/FDVT_Drv(  249): Set Start HW out 
D/FDVT_Drv(  249): FDGetHWResult In
D/MtkCam/DisplayClient(  249): [waitAndHandleReturnBuffers] +
I/        (  245): [BWC INFO](245): get_bwc_mm_property success
D/MDP     (  245): DpBlit: in: (1440, 1080, 1440, 720, C8s, P2), crop: (0, 0, 1440, 1080)
D/MDP     (  245): DpBlit: out: (1080, 1440, 2160, 0, C5, P2), misc: (X:0, Y:0, R:90, F:0, S:1, D:0)
D/MDP     (  245): [TDSHP][PQDC] DISP_IOCTL_PQ_GET_TDSHP_FLAG()... tuning flag[0]
I/SurfaceView( 4669): updateWindow -- OnPreDrawListener, mHaveFrame = true, this = android.view.SurfaceView{42c5b6b8 V.E..... ........ 0,211-1080,1651}
D/MDP     (  245): DpBlit: time 5 ms, type 0
I/        (  245): [BWC INFO](245): get_bwc_mm_property success
D/MDP     (  245): DpBlit: in: (1440, 1080, 1440, 720, C8s, P2), crop: (0, 0, 1440, 1080)
D/MDP     (  245): DpBlit: out: (1080, 1440, 2160, 0, C5, P2), misc: (X:0, Y:0, R:90, F:0, S:1, D:0)
D/dalvikvm( 5424): create interp thread : stack size=128KB
D/MDP     (  245): [TDSHP][PQDC] DISP_IOCTL_PQ_GET_TDSHP_FLAG()... tuning flag[0]
D/dalvikvm( 5424): create new thread
D/dalvikvm( 5424): new thread created
D/dalvikvm( 5424): update thread list
D/dalvikvm( 5424): threadid=29: interp stack at 0x7a0ec000
D/dalvikvm( 5424): threadid=29: created from interp
D/dalvikvm( 5424): start new thread
D/dalvikvm( 5424): threadid=29: notify debugger
D/dalvikvm( 5424): threadid=29 (CTPl-1-Td-344): calling run()
D/ConnectivityService( 1742): getActiveNetworkInfo:NetworkInfo: type: WIFI[], state: CONNECTED/CONNECTED, reason: (unspecified), extra: "60_dev_01", roaming: false, failover: false, isAvailable: true, isConnectedToProvisioningNetwork: false, simId: 0/10098
I/SurfaceView( 4669): updateWindow -- OnPreDrawListener, mHaveFrame = true, this = android.view.SurfaceView{42c5b6b8 V.E..... ........ 0,211-1080,1651}
V/AlarmManager( 1742): remove(operation) changed bounds; rebatching
V/AlarmManager( 1742): isAlarmNeedAlign : charging
V/AlarmManager( 1742): isAlarmNeedAlign : charging
V/AlarmManager( 1742): Adding Alarm{42e4daa0 type 0 com.kingroot.master} to Batch{42c38258 num=2 start=26734698 end=26934898}
V/AlarmManager( 1742):     => now Batch{42c38258 num=2 start=26767668 end=26934898}
V/AlarmManager( 1742): isAlarmNeedAlign : charging
V/AlarmManager( 1742): isAlarmNeedAlign : charging
V/AlarmManager( 1742): Adding Alarm{42e21688 type 3 com.kingroot.kinguser} to Batch{42c0bb68 num=2 start=27020229 end=28370229}
V/AlarmManager( 1742):     => now Batch{42c0bb68 num=2 start=27021392 end=28370229}
V/AlarmManager( 1742): isAlarmNeedAlign : charging
V/AlarmManager( 1742): Adding Alarm{42e202b0 type 0 com.kingroot.kinguser} to Batch{42c0bb68 num=3 start=27021392 end=28370229}
V/AlarmManager( 1742):     => now Batch{42c0bb68 num=3 start=27021787 end=27696787}
V/AlarmManager( 1742): isAlarmNeedAlign : charging
V/AlarmManager( 1742): Adding Alarm{42e0ce00 type 0 com.kingroot.kinguser} to Batch{42c0bb68 num=4 start=27021787 end=27696787}
V/AlarmManager( 1742):     => now Batch{42c0bb68 num=4 start=27034912 end=27460272}
V/AlarmManager( 1742): isAlarmNeedAlign : charging
V/AlarmManager( 1742): Adding Alarm{42e0c6b0 type 0 com.kingroot.master} to Batch{42c0bb68 num=5 start=27034912 end=27460272}
V/AlarmManager( 1742):     => now Batch{42c0bb68 num=5 start=27034915 end=27460272}
V/AlarmManager( 1742): Adding Alarm{42e0bb70 type 0 android} to Batch{42c0bb68 num=6 start=27034915 end=27460272}
V/AlarmManager( 1742):     => now Batch{42c0bb68 num=6 start=27042802 end=27042802}
V/AlarmManager( 1742): isAlarmNeedAlign : charging
V/AlarmManager( 1742): Adding Alarm{42e00790 type 1 com.oppo.weather} to Batch{42b6d7c0 num=2 start=27905045 end=29255045}
V/AlarmManager( 1742):     => now Batch{42b6d7c0 num=2 start=28499587 end=28499587}
V/AlarmManager( 1742): isAlarmNeedAlign : charging
V/AlarmManager( 1742): Adding Alarm{42df4ad0 type 2 android} to Batch{42b58a50 num=2 start=28823060 end=50423060}
V/AlarmManager( 1742):     => now Batch{42b58a50 num=2 start=28827983 end=28827983}
V/AlarmManager( 1742): isAlarmNeedAlign : charging
V/AlarmManager( 1742): isAlarmNeedAlign : charging
V/AlarmManager( 1742): Adding Alarm{42df1db8 type 0 com.oppo.market} to Batch{42b0a338 num=2 start=28889755 end=34289755}
V/AlarmManager( 1742):     => now Batch{42b0a338 num=2 start=31553076 end=34289755}
V/AlarmManager( 1742): isAlarmNeedAlign : charging
D/MDP     (  245): DpBlit: time 5 ms, type 0
V/AlarmManager( 1742): Adding Alarm{42df1518 type 0 com.oppo.usercenter} to Batch{42b0a338 num=3 start=31553076 end=34289755}
V/AlarmManager( 1742):     => now Batch{42b0a338 num=3 start=33560283 end=34289755}
V/AlarmManager( 1742): isAlarmNeedAlign : charging
V/AlarmManager( 1742): isAlarmNeedAlign : charging
V/AlarmManager( 1742): Adding Alarm{42ddd1a8 type 0 com.color.safecenter} to Batch{42aad278 num=2 start=40486282 end=51000169}
V/AlarmManager( 1742):     => now Batch{42aad278 num=2 start=42800877 end=51000169}
V/AlarmManager( 1742): isAlarmNeedAlign : charging
V/AlarmManager( 1742): Adding Alarm{42ddc580 type 1 com.sohu.inputmethod.sogouoem} to Batch{42aad278 num=3 start=42800877 end=51000169}
V/AlarmManager( 1742):     => now Batch{42aad278 num=3 start=44086283 end=51000169}
V/AlarmManager( 1742): isAlarmNeedAlign : charging
V/AlarmManager( 1742): Adding Alarm{42dd8d88 type 1 com.oppo.launcher} to Batch{42aad278 num=4 start=44086283 end=51000169}
V/AlarmManager( 1742):     => now Batch{42aad278 num=4 start=44086283 end=51000169}
V/AlarmManager( 1742): isAlarmNeedAlign : charging
V/AlarmManager( 1742): Adding Alarm{42dd48c0 type 0 com.oupeng.max.sdk} to Batch{42aad278 num=5 start=44086283 end=51000169}
V/AlarmManager( 1742):     => now Batch{42aad278 num=5 start=44086283 end=51000169}
V/AlarmManager( 1742): isAlarmNeedAlign : charging
V/AlarmManager( 1742): isAlarmNeedAlign : charging
V/AlarmManager( 1742): Adding Alarm{42daa858 type 0 com.android.browser} to Batch{42aad278 num=6 start=44086283 end=51000169}
V/AlarmManager( 1742):     => now Batch{42aad278 num=6 start=47840208 end=51000169}
V/AlarmManager( 1742): isAlarmNeedAlign : charging
V/AlarmManager( 1742): Adding Alarm{42da9b98 type 0 com.coloros.oppomorningsystem} to Batch{42a5c7b8 num=2 start=62255839 end=89096893}
V/AlarmManager( 1742):     => now Batch{42a5c7b8 num=2 start=62255839 end=89096893}
V/AlarmManager( 1742): isAlarmNeedAlign : charging
V/AlarmManager( 1742): Adding Alarm{42da9868 type 0 com.oupeng.max.sdk} to Batch{42a5c7b8 num=3 start=62255839 end=89096893}
V/AlarmManager( 1742):     => now Batch{42a5c7b8 num=3 start=62255839 end=89096893}
V/AlarmManager( 1742): Adding Alarm{42da9538 type 1 android} to Batch{42a5c7b8 num=4 start=62255839 end=89096893}
V/AlarmManager( 1742):     => now Batch{42a5c7b8 num=4 start=71378694 end=71378694}
V/AlarmManager( 1742): isAlarmNeedAlign : charging
V/AlarmManager( 1742): isAlarmNeedAlign : charging
V/AlarmManager( 1742): Adding Alarm{42d8e4b8 type 2 com.nearme.statistics.rom} to Batch{429832b8 num=2 start=86428949 end=151228949}
V/AlarmManager( 1742):     => now Batch{429832b8 num=2 start=86489757 end=151228949}
V/AlarmManager( 1742): isAlarmNeedAlign : charging
V/AlarmManager( 1742): Adding Alarm{42d8d728 type 0 com.android.email} to Batch{429832b8 num=3 start=86489757 end=151228949}
V/AlarmManager( 1742):     => now Batch{429832b8 num=3 start=86489757 end=151223292}
V/AlarmManager( 1742): isAlarmNeedAlign : charging
V/AlarmManager( 1742): Adding Alarm{42d8d068 type 0 com.android.email} to Batch{429832b8 num=4 start=86489757 end=151223292}
V/AlarmManager( 1742):     => now Batch{429832b8 num=4 start=86489757 end=151223292}
V/AlarmManager( 1742): isAlarmNeedAlign : charging
V/AlarmManager( 1742): Adding Alarm{42d8a6a0 type 1 com.sohu.inputmethod.sogouoem} to Batch{429832b8 num=5 start=86489757 end=151223292}
V/AlarmManager( 1742):     => now Batch{429832b8 num=5 start=88427200 end=151223292}
V/AlarmManager( 1742): isAlarmNeedAlign : charging
V/AlarmManager( 1742): Adding Alarm{42d882e8 type 1 com.nearme.statistics.rom} to Batch{429832b8 num=6 start=88427200 end=151223292}
V/AlarmManager( 1742):     => now Batch{429832b8 num=6 start=97222885 end=150289222}
V/AlarmManager( 1742): isAlarmNeedAlign : charging
V/AlarmManager( 1742): Adding Alarm{42d85058 type 1 com.oppo.yellowpage} to Batch{429832b8 num=7 start=97222885 end=150289222}
V/AlarmManager( 1742):     => now Batch{429832b8 num=7 start=97222923 end=150289222}
V/AlarmManager( 1742): Adding Alarm{42d81568 type 1 com.nearme.feedback} to Batch{429832b8 num=8 start=97222923 end=150289222}
V/AlarmManager( 1742):     => now Batch{429832b8 num=8 start=108037836 end=108037836}
V/AlarmManager( 1742): isAlarmNeedAlign : charging
V/AlarmManager( 1742): isAlarmNeedAlign : charging
V/AlarmManager( 1742): Adding Alarm{42d70a70 type 0 com.oppo.filemanager} to Batch{42870050 num=2 start=172794170 end=302394170}
V/AlarmManager( 1742):     => now Batch{42870050 num=2 start=260086283 end=302394170}
V/AlarmManager( 1742): isAlarmNeedAlign : charging
V/AlarmManager( 1742): Adding Alarm{42d6feb0 type 1 com.sohu.inputmethod.sogouoem} to Batch{42870050 num=3 start=260086283 end=302394170}
V/AlarmManager( 1742):     => now Batch{42870050 num=3 start=261227244 end=302394170}
V/AlarmManager( 1742): isAlarmNeedAlign : charging
V/AlarmManager( 1742): isAlarmNeedAlign : charging
V/AlarmManager( 1742): Adding Alarm{42d670c8 type 0 com.android.keyguard} to Batch{4281a418 num=2 start=375356461 end=637022979}
V/AlarmManager( 1742):     => now Batch{4281a418 num=2 start=476086282 end=637022979}
V/AlarmManager( 1742): isAlarmNeedAlign : charging
V/AlarmManager( 1742): isAlarmNeedAlign : charging
V/AlarmManager( 1742): isAlarmNeedAlign : charging
V/AlarmManager( 1742): Adding Alarm{42d5ab50 type 0 com.nearme.gamecenter} to Batch{42807e68 num=2 start=2329449729 end=4056686197}
V/AlarmManager( 1742):     => now Batch{42807e68 num=2 start=2592033263 end=4056686197}
V/AlarmManager( 1742): isAlarmNeedAlign : charging
V/AlarmManager( 1742): isAlarmNeedAlign : charging
V/AlarmManager( 1742): isAlarmNeedAlign : charging
V/AlarmManager( 1742): set(PendingIntent{427ecb10: PendingIntentRecord{435d8b80 com.kingroot.master broadcastIntent}}) : type=0 triggerAtTime=1514200251490 win=-1 tElapsed=26737772 maxElapsed=26940272 interval=0 standalone=false
V/AlarmManager( 1742): Adding Alarm{42d37fd0 type 0 com.kingroot.master} to Batch{42c38258 num=3 start=26767668 end=26934898}
V/AlarmManager( 1742):     => now Batch{42c38258 num=3 start=26767668 end=26934898}
D/ConnectivityService( 1742): getActiveNetworkInfo:NetworkInfo: type: WIFI[], state: CONNECTED/CONNECTED, reason: (unspecified), extra: "60_dev_01", roaming: false, failover: false, isAvailable: true, isConnectedToProvisioningNetwork: false, simId: 0/10098
I/        (  245): [BWC INFO](245): get_bwc_mm_property success
D/MDP     (  245): DpBlit: in: (1440, 1080, 1440, 720, C8s, P2), crop: (0, 0, 1440, 1080)
D/MDP     (  245): DpBlit: out: (1080, 1440, 2160, 0, C5, P2), misc: (X:0, Y:0, R:90, F:0, S:1, D:0)
D/MDP     (  245): [TDSHP][PQDC] DISP_IOCTL_PQ_GET_TDSHP_FLAG()... tuning flag[0]
I/SurfaceView( 4669): updateWindow -- OnPreDrawListener, mHaveFrame = true, this = android.view.SurfaceView{42c5b6b8 V.E..... ........ 0,211-1080,1651}
D/MDP     (  245): DpBlit: time 5 ms, type 0
I/        (  245): [BWC INFO](245): get_bwc_mm_property success
D/MDP     (  245): DpBlit: in: (1440, 1080, 1440, 720, C8s, P2), crop: (0, 0, 1440, 1080)
D/MDP     (  245): DpBlit: out: (1080, 1440, 2160, 0, C5, P2), misc: (X:0, Y:0, R:90, F:0, S:1, D:0)
D/MDP     (  245): [TDSHP][PQDC] DISP_IOCTL_PQ_GET_TDSHP_FLAG()... tuning flag[0]
I/SurfaceView( 4669): updateWindow -- OnPreDrawListener, mHaveFrame = true, this = android.view.SurfaceView{42c5b6b8 V.E..... ........ 0,211-1080,1651}
D/MDP     (  245): DpBlit: time 5 ms, type 0
D/FDVT_Drv(  249): Do Ivalid (IMEM) 
D/FDVT_Drv(  249): HW_Result: GFD_NUM: 0 LFD_NUM: 0 L_TYPE:1, 
D/FDVT_Drv(  249): FDGetHWResult Out
D/FDVT_Drv(  249): Final: HW_NUM:0, Filter_NUM:0, SKIP_NUM:0
D/SWFD_MAIN(  249): SWFDMain face num is 0
D/mHalFDVT(  249): (6149)[halFDDo] FDVTMain out
D/mHalFDVT(  249): (6149)[halFDGetFaceResult] [halFDGetFaceResult]m_DispW(320) m_DispH(240)
D/MtkCam/CamClient/FDClient(  249): (6149)[doFD] Scenario FD Num: 0
D/MtkCam/CamClient/FDClient(  249): (6149)[doFD] Scenario SD Result1: 0
D/MtkCam/CamClient/FDClient(  249): (6149)[doFD] -
D/Hal3AAdapter1(  249): [init] MtkCam/CamClient/FDClient(4)
D/af_mgr  (  249): [setFDInfo]cnt:0, X:1048 Y:776 W:0 H:0
D/Hal3AAdapter1(  249): [uninit] MtkCam/CamClient/FDClient(4)
W/MtkCam/CamClient/FDClient(  249): (6149)[performCallback] No FD CB: isDetected_FD(0), mIsDetected_FD(0), isMsgEnabled(1)
W/MtkCam/CamClient/FDClient(  249): (6149)[performCallback] No SD CB: isDetected_SD(0), mIsSDenabled(0), isMsgEnabled(1)
W/MtkCam/CamClient/FDClient(  249): (6149)[performCallback] No GD CB: isDetected_GD(0), mIsGDenabled(0), isMsgEnabled(1)
D/mHalFDVT(  249): (6149)[halFDGetFaceResult] [halFDGetFaceResult]m_DispW(320) m_DispH(240)
D/MtkCam/ParamsManager(  249): [getShotModeStr] normal
D/MtkCam/CamClient/FDClient(  249): (6149)[waitAndHandleReturnBuffers] +
D/aaa_hal (  249): [waitVSirq]
D/aaa_hal (  249): [Timer:start: VS Timer, SensorDevId: 1] timer start. bClrTime=1
D/aaa_hal/3Athread(  249): CmdQ-size(1), todo(10, 32098)
D/aaa_hal (  249): [Timer:End: VS Timer, SensorDevId: 1] =====> time(ms): current=0.064154,   sum=0.064154
D/        (  249): [AAA_Scheduler::importWork]+, mNormalizeM=1, mSensorDevId=1
D/af_mgr  (  249): [m_cur_frm_num] 32098 [get_frm_ststus] 0
D/AeAlgo  (  249): [HWFlareValue]max flare :160 
D/AeAlgo  (  249): [getFlareAlgo] i2FlareOffset:13,PreFlare13, Max_Step_gap: 2, gain:0 max:160 min:0
D/ae_mgr  (  249): [doPvAE()][AEScheduler] AECalc:1 AEApply:2 AEFlare:4 VDnum:0 AvgY:0
D/ae_mgr  (  249): [doPvAE():PassToAlgo] rAEInput.PreEvSetting[N-1]:99997/15360/1544 rAEInput.PreEvSetting[N-2]:99997/15360/1544 rAEInput.PreEvSetting[N-3]:99997/15360/1544 rAEInput.CycleInfo.m_i4FrameCnt:32095
D/AeAlgo  (  249): [processAE] bPerFrameAESmooth:1 m_bAENotPerFrameMode:0
D/AeAlgo  (  249): [parserAEInput] m_bPerFrameETFlag:1 bPerFrameETIspFlag:1 CurActExp:99997 NextActExp:99997 CurActExpIdx:2 NextActExpIdx:0 MinGainDelay:1 CurActAfe:15360 NextActAfe:15360 CurAplExpIdx:1 CurAplAfe:15360
D/AeAlgo  (  249): [calTargetProbs] [ABL, ABL_DIFF(0):0/BV(-7955):0/P:0],[HS,  HS_FLAT(Y[1, 1] Diff:0):Prob:1024, HS_COLOR(0):1024],[COEP,Orig_Y:0, Prob_OuterY:1024, Orig_Diff:0, Prob_Diff:0, COE_P:0],[NS,  NS_BV(-7955):1024, NS_FLAT(Y[1,1],Diff:0):Prob:1024],
D/AeAlgo  (  249): [getRecommendCWTarget_v2p0] u4FinalCW:55,  m_u4AvgWValue/m_u4CWValue:0/0, weight(aoe/abl/hs/ns): 0,0,0,1024, target(aoe/abl/hs/ns): 55,55,55,55
D/AeAlgo  (  249): [getRecommendCWTarget_v2p0] Final AE Target 55, AvgY/CWY: 0/0, AOE/BL/HS/NS 55/55/55/55
D/AeAlgo  (  249): [processAE] exp:99997 afe:15360 isp:1544
D/ae_mgr  (  249): [UpdateSensorISPParams:s] i4SensorDev:1 VDNum 0, Prev 99997/15360/1544, Cur 99997/15360/1544, Output 99997/15360/1544 WOUpdateSensor:0
D/ae_mgr  (  249): [UpdateSensorISPParams()] Isp gain value(current) = 1544
D/ae_mgr  (  249): [updatePreEvSettingQueue()] m_PreEvSettingQueue[N-1]:99997/15360/1544 m_PreEvSettingQueue[N-2]:99997/15360/1544 m_PreEvSettingQueue[N-3]:99997/15360/1544 
D/aaa_hal/3Athread(  249): [postToAESenThread] sem_post semAESen, semAESenThdEnd before wait = 1
D/aaa_hal/3Athread(  249): [AESensorThreadLoop] updateSensorbyI2C
D/ae_mgr  (  249): [updateSensorbyI2C()] Exposure time value is repeat (skip send command)= 99997
D/ae_mgr  (  249): [updateSensorbyI2C()] Sensor gain value is repeat (skip send command)= 15360
D/aaa_hal/3Athread(  249): [AESensorThreadLoop] semAESenThdEnd before post = 0
D/awb_state(  249): [Searching::sendIntent]<eIntent_AWBScan>
D/aaa_state_camera_preview(  249): lv(0),cct(5203),rgain(1162),bgain(512),ggain(837),fluoidx(100), dayflouidx(12)
D/paramctrl_per_frame(  249): [prepareHw_PerFrame_LSC] (flash, iso, rto) = (0, 2442, 7)
D/paramctrl_per_frame(  249): [applyToHw_PerFrame_All +] i4FrameID(0x    7d62)
I/TuningMgr(  249): [dequeBuffer] scenario(0),MagicNum(0x7d62)
D/isp_mgr_sl2(  249): [apply] eSwScn(0), bSL2_EN(1), u4SL2_EN(1), u4SL2b_EN(1), u4SL2c_EN(1), CAM_SL2_CEN(0x030b041c), CAM_SL2_MAX0_RR(0x000255d3), CAM_SL2_MAX1_RR(0x0009574c), CAM_SL2_MAX2_RR(0x00109b33)
I/TuningMgr(  249): [enqueBuffer] scenario(0),MagicNum(0x7d62)
D/paramctrl_per_frame(  249): [applyToHw_PerFrame_All -] i4FrameID(0x    7d62)
D/EisDrv  (  249): [p1TuningNotify]me_ctrl2(0x00006090)
D/aaa_hal (  249): [AFThread] sem_post g_semAFThreadstart, semAFProcEnd before wait = 1
D/MtkCam/DCNode(  249): [0::doNotifyCb]3APROC_FINISH:0x00007D62,0x00000003
D/aaa_hal/3Athread(  249): rCmd(10), magic#(32098)-
D/dalvikvm( 5424): create interp thread : stack size=128KB
D/dalvikvm( 5424): create new thread
D/dalvikvm( 5424): new thread created
D/dalvikvm( 5424): update thread list
D/dalvikvm( 5424): threadid=30: interp stack at 0x7a20a000
D/dalvikvm( 5424): threadid=30: created from interp
I/        (  245): [BWC INFO](245): get_bwc_mm_property success
D/dalvikvm( 5424): start new thread
D/MDP     (  245): DpBlit: in: (1440, 1080, 1440, 720, C8s, P2), crop: (0, 0, 1440, 1080)
D/MDP     (  245): DpBlit: out: (1080, 1440, 2160, 0, C5, P2), misc: (X:0, Y:0, R:90, F:0, S:1, D:0)
D/dalvikvm( 5424): threadid=30: notify debugger
D/dalvikvm( 5424): threadid=30 (CTPl-1-Td-345): calling run()
D/MDP     (  245): [TDSHP][PQDC] DISP_IOCTL_PQ_GET_TDSHP_FLAG()... tuning flag[0]
I/SurfaceView( 4669): updateWindow -- OnPreDrawListener, mHaveFrame = true, this = android.view.SurfaceView{42c5b6b8 V.E..... ........ 0,211-1080,1651}
D/MDP     (  245): DpBlit: time 5 ms, type 0
D/aaa_hal (  249): [Hal3A::AFThreadFunc] AF waitIrq done
D/flashlight_drv.cpp(  249): isOn()
D/flashlight_drv.cpp(  249): 
D/flash_mgr_m.cpp(  249): isAFLampOn 0
D/af_mgr  (  249): DoAFTG1 [XY]16 16 [Sz]344 252  [G]15 24 37 57 84 123 178 [Hz]2096 
D/af_mgr  (  249): FL_FV 0 0
D/af_mgr  (  249): [AFStatH]0 [AFStatV]0 [moveMCUTG1] 641
D/af_mgr  (  249): TAFtmp pre 641 next 641
D/aaa_hal (  249): [AFThread] semAFProcEnd before post = 0
D/EisDrv  (  249): [UpdateEisoIdx]Eiso:idx(3->4),NEXT(va,pa)=(0xa8ee0400,0x0bc00400)
D/EisDrv  (  249): [UpdateEisoIdx]post mTsSem
D/EisDrv  (  249): [UpdateEiso]Eiso:idx(4),PA(0x0bc00400)
D/EisDrv  (  249): [UpdateEiso]-
D/MtkCam/P1Node(  249): [0:dequeLoop] frame 32103: deque-,1
D/MtkCam/DCNode(  249): [0::onNotify](0x00000080,0x00007D63,0x00007D61)
D/aaa_hal/3Athread(  249): [addCommandQ] mCmdQ size(1) + cmd(10) magic(32099)
D/MtkCam/ISC(  249): [getPass1Crop] 0: TS(4),# 0x7D63,IsR(1),ZR(2,100/132),C(0,0,2096x1552),S(2096x1552)
D/MtkCam/P1Node(  249): [updateDeque] deq port 0x1010f, buf 0xb89d5e50, t 26467807968000
D/MtkCam/ISC(  249): [addPass1Info] 0: TS(1),# 0x7D61,VA(0xB89D5E50),IsR(1),IsNew(1)
D/EisHal  (  249): [DoEis]EisIn(2092,1548),P1T(1743,1290)
D/EisDrv  (  249): [GetEisHwStatistic]wait mTsSem(26467807968000)
D/EisDrv  (  249): [GetEisHwStatistic]got mTsSem
D/EisDrv  (  249): [GetEisHwStatistic]pEisoAddr(0xa8ee0200)
D/EisHal  (  249): [PrepareEisResult]cmvX(44544),cmvY(33024)
D/EisHal  (  249): [PrepareEisResult]X(174,0),Y(129,0)
D/MtkCam/P2Node(  249): [0:pushBuf] size 1, data 31, buf 0xb89d5e50
D/MtkCam/P1Node(  249): [0:processBufOp] replace port 0x1010f old/new 0xb89d5e50/0xb8913598 va 0xa3d1f000/0xa42f3000
D/MtkCam/BaseHeap(  249): [Cam1Heap::onCreate] [MtkCam/DBHdl] this:0xb86b3f60 1440x1080 format:0x32315659
D/MtkCam/P1Node(  249): [0:dequeLoop] frame 32104: deque+
D/MtkCam/DBHdl(  249): [:dequeBuffer]buf(0xb89d7088),VA(0xA572E000/0xA58A9B00/0xA59089C0),BS(1555200=1555200+388800+388800),Id(411),F(0x32315659),S(1440x1080),Str(1440,720,720),R(0),U(3)
D/MtkCam/MtkCamUtils(  249): (PrvCB@ImgBufQue)[dequeProvider] Empty Que
D/MtkCam/BaseHeap(  249): [Cam1Heap::onCreate] [MtkCam/DBHdl] this:0xb87cc970 640x480 format:0x14
D/MtkCam/DBHdl(  249): [:dequeBuffer]buf(0xb89146c8),VA(0xA8E0F000/0x00000000/0x00000000),BS(614400=614400+0+0),Id(397),F(0x00000014),S(640x480),Str(1280,0,0),R(0),U(0)
D/MtkCam/ISC(  249): [getPass2Info] 0: ImgBuf(0xB89D5E50),# 0x7D61,PD(0xA4DA41E0/152),ZR(0,100/132),S(1440x1080),C(265,189,1566x1176)
D/MtkCam/P2Node(  249): [0:enquePass2] i 0 data 31, buf 0xb89d5e50, va 0xa3d1f000, # 0x7D61, type 5 cnt 32098
D/MtkCam/P2Node(  249): [0:enquePass2] data 41, buf 0xb89d7088, va 0xa572e000, tans 0 usg 3
D/MtkCam/P2Node(  249): [0:enquePass2] data 45, buf 0xb89146c8, va 0xa8e0f000, tans 0 usg 0
D/MtkCam/P2Node(  249): [0:enquePass2] IMG2O:B(0xb89146c8),S(640x480),C(265,189,1566x1176)
D/MtkCam/FeaturePipe(  249): [enqueFeatureGraph] FrameNo(32097)
D/EisHal  (  249): [GetEisInfoAtP2]FeaturePipe_3DNR(1)
I/MtkCam/FeaturePipe(  249): [P2A:threadLoopUpdate] gmv_ana,frm[32097],gmv(x,y)=[    0,    0],IsSupportEis(1),SenorIdx(0),NmvX/Y(    0,    0)(ori     0,    0),CmvX/Y(  174,  129)(diff     0,    0)(ori   174,  129),x/yInt(  174,  129),x/yFlt(        0,        0),DoEisCount(32103),ConfidX/y(0,0),EisTS(26467807968000),ImgiTS(26467807968000),GnZoCnt(60)
D/MtkCam/FeaturePipeDataHdl(  249): [getBuffer] data(1003), trans(0)
D/MtkCam/FeaturePipeDataHdl(  249): [getBuffer] -
I/MtkCam/FeaturePipe(  249): [P2A:threadLoopUpdate] [P2A not sets IMG3O mvOut] 3dnrSM0(0 S0P1W2),ES(0x00 FsSzDfLrIn),WH(1566,1176),OfstXY(264,188),mem<va(0xa15f7000)/pa(0x8e00000)/TS(26467807968000)/size(0x1c19d0)>
I/MtkCam/FeaturePipe(  249): [P2A:threadLoopUpdate] [P2A not sets VIPI mvIn  ] 3dnrSM1(0 S0P1W2),ES(0x00 FsSzDfLrIn),WH(1566,1176),OfstXY(0,0),mem<va(0xa2c75000)/pa(0x7d00000)/TS(26467707934000)/size(0x1c19d0)>,mPrvQueSz(1),imgSizeWH(1566,1176),PrvWH(1566,1176),ExtOfstByte(0)
I/MtkCam/FeaturePipe(  249): [P2A:threadLoopUpdate] 3dnrSM2(0 S0P1W2),ES(0x00 FsSzDfLrIn),NmvX/Y(0, 0).Img3oOfX/Y(264, 188),onOfX/Y(0, 0).onW/H(0, 0).VipiOff/W/H(0, 0, 0).MaxIsoInc(100)
I/MtkCam/FeaturePipe(  249): [P2A:threadLoopUpdate] FStrm enq (frame 32097)
D/MDP     (  249): DpIsp: in: (2096, 1552, 3936, 0, C21, P2)
D/MDP     (  249): DpIsp: out0: (1440, 1080, 1440, 720, C8s, P2), misc: (R:0, F:0, S:1, D:0, T:0)
D/MDP     (  249): DpIsp: crop: (265, 189, 1566, 1176)
I/        (  245): [BWC INFO](245): get_bwc_mm_property success
D/MDP     (  245): DpBlit: in: (1440, 1080, 1440, 720, C8s, P2), crop: (0, 0, 1440, 1080)
D/MDP     (  245): DpBlit: out: (1080, 1440, 2160, 0, C5, P2), misc: (X:0, Y:0, R:90, F:0, S:1, D:0)
D/MDP     (  245): [TDSHP][PQDC] DISP_IOCTL_PQ_GET_TDSHP_FLAG()... tuning flag[0]
I/SurfaceView( 4669): updateWindow -- OnPreDrawListener, mHaveFrame = true, this = android.view.SurfaceView{42c5b6b8 V.E..... ........ 0,211-1080,1651}
D/MDP     (  249): DpIsp: 0xb882abc0, src 0 ms
D/MtkCam/FeaturePipeDataHdl(  249): [returnBuffer] data(1003), buf(0xb8913620)
D/MtkCam/FeaturePipe(  249): [performCallback] FeatureGraph callback FrameNo(32097)
D/MtkCam/P2Node(  249): [0:handleP2Done] type 5: cnt 32098 in 1 out 2
D/MtkCam/ISC(  249): [dropPass2Info] Erase # 0x7D61,ImgBuf(0xB89D5E50),IsR(1)
D/MtkCam/DBHdl(  249): [:enqueBuffer]buf(0xb89d7088),VA(0xA572E000),BS(1555200),Id(411),TS(26467.807968),F(0x32315659),S(1440x1080),Str(1440,720,720)
D/MtkCam/DisplayClient(  249): [handleReturnBuffers] + (100) 34ms < Duration(100)
D/MtkCam/DisplayClient(  249): [handleReturnBuffers] Show frame:0 1 [ion:411 0xa572e000/2332800 26467807968000]
D/MtkCam/MtkCamUtils(  249): (APClient@ImgBufQue)[dequeProvider] Empty Que
D/MtkCam/DBHdl(  249): [:enqueBuffer]buf(0xb89146c8),VA(0xA8E0F000),BS(614400),Id(397),TS(26467.807968),F(0x00000014),S(640x480),Str(1280,0,0)
D/MtkCam/CamClient/FDClient(  249): (6149)[waitAndHandleReturnBuffers] -
D/MtkCam/CamClient/FDClient(  249): (6149)[doFD] +
D/MtkCam/CamClient/FDClient(  249): (6149)[doBufferAnalysis] plane: 1
D/mHalFDVT(  249): (6149)[halFTBufferCreate] DO RGB565 (SW) In
D/MtkCam/DisplayClient(  249): [handleReturnBuffers] -
D/mHalFDVT(  249): (6149)[halFTBufferCreate] DO RGB565 (SW) Out
D/mHalFDVT(  249): (6149)[halFDYUYV2ExtractY] DO Extract Y In
D/mHalFDVT(  249): (6149)[halFDYUYV2ExtractY] DO Extract Y Out
D/mHalFDVT(  249): (6149)[halFDDo] SD Status: SDEnable:0, img_w:320, img_h:240, Src_Phy_Addr:0x5600000,
D/mHalFDVT(  249): (6149)[halFDDo] [halFDDo] IN,  1
D/MDP     (  245): DpBlit: time 9 ms, type 0
D/mHalFDVT(  249): (6149)[halFDDo] FDVTMain IN
D/FDVT_Drv(  249): Set RS_Config, Src_W = 640, Src_H = 480, src_Format = 0, g_rs_num:12
D/FDVT_Drv(  249): Check RS_Config, rs[2]= 0x901e0280, rs[3]= 0xc33312c1,  rs[5]= 0x280,
D/FDVT_Drv(  249): SW RIP Input: 1,
D/FDVT_Drv(  249): FDRegisterConfig In, (HW)skip:0, 
D/FDVT_Drv(  249): FDRegisterConfig Out
D/FDVT_Drv(  249): Do Flush (IMEM) 
D/FDVT_Drv(  249): Set Start HW in 
D/FDVT_Drv(  249): Set Start HW out 
D/FDVT_Drv(  249): FDGetHWResult In
D/MtkCam/DisplayClient(  249): [waitAndHandleReturnBuffers] +
I/        (  245): [BWC INFO](245): get_bwc_mm_property success
D/MDP     (  245): DpBlit: in: (1440, 1080, 1440, 720, C8s, P2), crop: (0, 0, 1440, 1080)
D/MDP     (  245): DpBlit: out: (1080, 1440, 2160, 0, C5, P2), misc: (X:0, Y:0, R:90, F:0, S:1, D:0)
D/MDP     (  245): [TDSHP][PQDC] DISP_IOCTL_PQ_GET_TDSHP_FLAG()... tuning flag[0]
I/SurfaceView( 4669): updateWindow -- OnPreDrawListener, mHaveFrame = true, this = android.view.SurfaceView{42c5b6b8 V.E..... ........ 0,211-1080,1651}
D/MDP     (  245): DpBlit: time 5 ms, type 0
I/        (  245): [BWC INFO](245): get_bwc_mm_property success
D/MDP     (  245): DpBlit: in: (1440, 1080, 1440, 720, C8s, P2), crop: (0, 0, 1440, 1080)
D/MDP     (  245): DpBlit: out: (1080, 1440, 2160, 0, C5, P2), misc: (X:0, Y:0, R:90, F:0, S:1, D:0)
D/MDP     (  245): [TDSHP][PQDC] DISP_IOCTL_PQ_GET_TDSHP_FLAG()... tuning flag[0]
I/SurfaceView( 4669): updateWindow -- OnPreDrawListener, mHaveFrame = true, this = android.view.SurfaceView{42c5b6b8 V.E..... ........ 0,211-1080,1651}
D/MDP     (  245): DpBlit: time 5 ms, type 0
I/        (  245): [BWC INFO](245): get_bwc_mm_property success
D/MDP     (  245): DpBlit: in: (1440, 1080, 1440, 720, C8s, P2), crop: (0, 0, 1440, 1080)
D/MDP     (  245): DpBlit: out: (1080, 1440, 2160, 0, C5, P2), misc: (X:0, Y:0, R:90, F:0, S:1, D:0)
D/MDP     (  245): [TDSHP][PQDC] DISP_IOCTL_PQ_GET_TDSHP_FLAG()... tuning flag[0]
I/SurfaceView( 4669): updateWindow -- OnPreDrawListener, mHaveFrame = true, this = android.view.SurfaceView{42c5b6b8 V.E..... ........ 0,211-1080,1651}
D/MDP     (  245): DpBlit: time 5 ms, type 0
I/        (  245): [BWC INFO](245): get_bwc_mm_property success
D/MDP     (  245): DpBlit: in: (1440, 1080, 1440, 720, C8s, P2), crop: (0, 0, 1440, 1080)
D/MDP     (  245): DpBlit: out: (1080, 1440, 2160, 0, C5, P2), misc: (X:0, Y:0, R:90, F:0, S:1, D:0)
D/MDP     (  245): [TDSHP][PQDC] DISP_IOCTL_PQ_GET_TDSHP_FLAG()... tuning flag[0]
I/SurfaceView( 4669): updateWindow -- OnPreDrawListener, mHaveFrame = true, this = android.view.SurfaceView{42c5b6b8 V.E..... ........ 0,211-1080,1651}
D/MDP     (  245): DpBlit: time 5 ms, type 0
D/FDVT_Drv(  249): Do Ivalid (IMEM) 
D/FDVT_Drv(  249): HW_Result: GFD_NUM: 0 LFD_NUM: 0 L_TYPE:1, 
D/FDVT_Drv(  249): FDGetHWResult Out
D/FDVT_Drv(  249): Final: HW_NUM:0, Filter_NUM:0, SKIP_NUM:0
D/SWFD_MAIN(  249): SWFDMain face num is 0
D/mHalFDVT(  249): (6149)[halFDDo] FDVTMain out
D/mHalFDVT(  249): (6149)[halFDGetFaceResult] [halFDGetFaceResult]m_DispW(320) m_DispH(240)
D/MtkCam/CamClient/FDClient(  249): (6149)[doFD] Scenario FD Num: 0
D/MtkCam/CamClient/FDClient(  249): (6149)[doFD] Scenario SD Result1: 0
D/MtkCam/CamClient/FDClient(  249): (6149)[doFD] -
D/Hal3AAdapter1(  249): [init] MtkCam/CamClient/FDClient(4)
D/af_mgr  (  249): [setFDInfo]cnt:0, X:1048 Y:776 W:0 H:0
D/Hal3AAdapter1(  249): [uninit] MtkCam/CamClient/FDClient(4)
W/MtkCam/CamClient/FDClient(  249): (6149)[performCallback] No FD CB: isDetected_FD(0), mIsDetected_FD(0), isMsgEnabled(1)
W/MtkCam/CamClient/FDClient(  249): (6149)[performCallback] No SD CB: isDetected_SD(0), mIsSDenabled(0), isMsgEnabled(1)
W/MtkCam/CamClient/FDClient(  249): (6149)[performCallback] No GD CB: isDetected_GD(0), mIsGDenabled(0), isMsgEnabled(1)
D/mHalFDVT(  249): (6149)[halFDGetFaceResult] [halFDGetFaceResult]m_DispW(320) m_DispH(240)
D/MtkCam/ParamsManager(  249): [getShotModeStr] normal
D/MtkCam/CamClient/FDClient(  249): (6149)[waitAndHandleReturnBuffers] +
D/aaa_hal (  249): [waitVSirq]
D/aaa_hal (  249): [Timer:start: VS Timer, SensorDevId: 1] timer start. bClrTime=1
D/aaa_hal/3Athread(  249): CmdQ-size(1), todo(10, 32099)
D/aaa_hal (  249): [Timer:End: VS Timer, SensorDevId: 1] =====> time(ms): current=0.063000,   sum=0.063000
D/        (  249): [AAA_Scheduler::importWork]+, mNormalizeM=1, mSensorDevId=1
D/af_mgr  (  249): [m_cur_frm_num] 32099 [get_frm_ststus] 0
D/AeAlgo  (  249): [HWFlareValue]max flare :160 
D/AeAlgo  (  249): [getFlareAlgo] i2FlareOffset:13,PreFlare13, Max_Step_gap: 2, gain:0 max:160 min:0
D/ae_mgr  (  249): [doPvAE()][AEScheduler] AECalc:1 AEApply:2 AEFlare:4 VDnum:0 AvgY:0
D/ae_mgr  (  249): [doPvAE():PassToAlgo] rAEInput.PreEvSetting[N-1]:99997/15360/1544 rAEInput.PreEvSetting[N-2]:99997/15360/1544 rAEInput.PreEvSetting[N-3]:99997/15360/1544 rAEInput.CycleInfo.m_i4FrameCnt:32096
D/AeAlgo  (  249): [processAE] bPerFrameAESmooth:1 m_bAENotPerFrameMode:0
D/AeAlgo  (  249): [parserAEInput] m_bPerFrameETFlag:1 bPerFrameETIspFlag:1 CurActExp:99997 NextActExp:99997 CurActExpIdx:2 NextActExpIdx:0 MinGainDelay:1 CurActAfe:15360 NextActAfe:15360 CurAplExpIdx:1 CurAplAfe:15360
D/AeAlgo  (  249): [calTargetProbs] [ABL, ABL_DIFF(0):0/BV(-7955):0/P:0],[HS,  HS_FLAT(Y[1, 1] Diff:0):Prob:1024, HS_COLOR(0):1024],[COEP,Orig_Y:0, Prob_OuterY:1024, Orig_Diff:0, Prob_Diff:0, COE_P:0],[NS,  NS_BV(-7955):1024, NS_FLAT(Y[1,1],Diff:0):Prob:1024],
D/AeAlgo  (  249): [getRecommendCWTarget_v2p0] u4FinalCW:55,  m_u4AvgWValue/m_u4CWValue:0/0, weight(aoe/abl/hs/ns): 0,0,0,1024, target(aoe/abl/hs/ns): 55,55,55,55
D/AeAlgo  (  249): [getRecommendCWTarget_v2p0] Final AE Target 55, AvgY/CWY: 0/0, AOE/BL/HS/NS 55/55/55/55
D/AeAlgo  (  249): [getDeltaIndex_v2p0] eSensorDev:0 m_u4Index:143, isConverged:0, m_u4CWRecommend/m_u4CWValue/m_u4AccW/i4DeltaIndex/i4AccRatio/i4EVRatio/i4EVDiffx1000/i4EVRatioDiff/i4PrevEvDiffFrac/m_i4EvDiffFrac/m_u4FracGain 55/0/0/49/0/85/5781/4913/0/0/1024
D/AeAlgo  (  249): [processAE] The AE index is at the boundary Idx:143 DeIdx:392 Max:143 Min:0
D/AeAlgo  (  249): [calEquivalentTranslation] limit eq_ratio:1000 
D/AeAlgo  (  249): [calEquivalentTranslation] eq no need
D/ae_mgr  (  249): [UpdateSensorISPParams:s] i4SensorDev:1 VDNum 0, Prev 99997/15360/1544, Cur 99997/15360/1544, Output 99997/15360/1544 WOUpdateSensor:0
D/ae_mgr  (  249): [UpdateSensorISPParams()] Isp gain value(current) = 1544
D/ae_mgr  (  249): [updatePreEvSettingQueue()] m_PreEvSettingQueue[N-1]:99997/15360/1544 m_PreEvSettingQueue[N-2]:99997/15360/1544 m_PreEvSettingQueue[N-3]:99997/15360/1544 
D/aaa_hal/3Athread(  249): [postToAESenThread] sem_post semAESen, semAESenThdEnd before wait = 1
D/awb_state(  249): [Searching::sendIntent]<eIntent_AWBScan>
D/aaa_hal/3Athread(  249): [AESensorThreadLoop] updateSensorbyI2C
D/ae_mgr  (  249): [updateSensorbyI2C()] Exposure time value is repeat (skip send command)= 99997
D/ae_mgr  (  249): [updateSensorbyI2C()] Sensor gain value is repeat (skip send command)= 15360
D/aaa_hal/3Athread(  249): [AESensorThreadLoop] semAESenThdEnd before post = 0
D/aaa_state_camera_preview(  249): lv(0),cct(5203),rgain(1162),bgain(512),ggain(837),fluoidx(100), dayflouidx(12)
D/utilMath(  249): [utilCholeskyDecomposition_int] Error v <= 0!
D/utilMath(  249): [Error] in utilsolveLS_Sym_int!
D/utilMath(  249): [utilCholeskyDecomposition_int] Error v <= 0!
D/utilMath(  249): [Error] in utilsolveLS_Sym_int!
D/paramctrl_per_frame(  249): [prepareHw_PerFrame_LSC] (flash, iso, rto) = (0, 2442, 7)
D/paramctrl_per_frame(  249): [applyToHw_PerFrame_All +] i4FrameID(0x    7d63)
I/TuningMgr(  249): [dequeBuffer] scenario(0),MagicNum(0x7d63)
D/isp_mgr_sl2(  249): [apply] eSwScn(0), bSL2_EN(1), u4SL2_EN(1), u4SL2b_EN(1), u4SL2c_EN(1), CAM_SL2_CEN(0x030b041c), CAM_SL2_MAX0_RR(0x000255d3), CAM_SL2_MAX1_RR(0x0009574c), CAM_SL2_MAX2_RR(0x00109b33)
I/TuningMgr(  249): [enqueBuffer] scenario(0),MagicNum(0x7d63)
D/paramctrl_per_frame(  249): [applyToHw_PerFrame_All -] i4FrameID(0x    7d63)
D/EisDrv  (  249): [p1TuningNotify]me_ctrl2(0x00006090)
D/aaa_hal (  249): [AFThread] sem_post g_semAFThreadstart, semAFProcEnd before wait = 1
D/MtkCam/DCNode(  249): [0::doNotifyCb]3APROC_FINISH:0x00007D63,0x00000003
D/aaa_hal/3Athread(  249): rCmd(10), magic#(32099)-
I/        (  245): [BWC INFO](245): get_bwc_mm_property success
D/MDP     (  245): DpBlit: in: (1440, 1080, 1440, 720, C8s, P2), crop: (0, 0, 1440, 1080)
D/MDP     (  245): DpBlit: out: (1080, 1440, 2160, 0, C5, P2), misc: (X:0, Y:0, R:90, F:0, S:1, D:0)
D/MDP     (  245): [TDSHP][PQDC] DISP_IOCTL_PQ_GET_TDSHP_FLAG()... tuning flag[0]
I/SurfaceView( 4669): updateWindow -- OnPreDrawListener, mHaveFrame = true, this = android.view.SurfaceView{42c5b6b8 V.E..... ........ 0,211-1080,1651}
D/MDP     (  245): DpBlit: time 5 ms, type 0
D/aaa_hal (  249): [Hal3A::AFThreadFunc] AF waitIrq done
D/flashlight_drv.cpp(  249): isOn()
D/flashlight_drv.cpp(  249): 
D/MtkCam/P1Node(  249): [0:dequeLoop] frame 32104: deque-,1
D/flash_mgr_m.cpp(  249): isAFLampOn 0
D/MtkCam/DCNode(  249): [0::onNotify](0x00000080,0x00007D64,0x00007D62)
D/af_mgr  (  249): DoAFTG1 [XY]16 16 [Sz]344 252  [G]15 24 37 57 84 123 178 [Hz]2096 
D/aaa_hal/3Athread(  249): [addCommandQ] mCmdQ size(1) + cmd(10) magic(32100)
D/af_mgr  (  249): FL_FV 0 0
D/MtkCam/ISC(  249): [getPass1Crop] 0: TS(4),# 0x7D64,IsR(1),ZR(2,100/132),C(0,0,2096x1552),S(2096x1552)
D/af_mgr  (  249): [AFStatH]0 [AFStatV]0 [moveMCUTG1] 641
D/af_mgr  (  249): TAFtmp pre 641 next 641
D/MtkCam/P1Node(  249): [updateDeque] deq port 0x1010f, buf 0xb89d6ee0, t 26467908000000
D/aaa_hal (  249): [AFThread] semAFProcEnd before post = 0
D/MtkCam/ISC(  249): [addPass1Info] 0: TS(1),# 0x7D62,VA(0xB89D6EE0),IsR(1),IsNew(1)
D/EisHal  (  249): [DoEis]EisIn(2092,1548),P1T(1743,1290)
D/EisDrv  (  249): [GetEisHwStatistic]wait mTsSem(26467908000000)
D/EisDrv  (  249): [UpdateEisoIdx]Eiso:idx(4->5),NEXT(va,pa)=(0xa8ee0500,0x0bc00500)
D/EisDrv  (  249): [UpdateEisoIdx]post mTsSem
D/EisDrv  (  249): [GetEisHwStatistic]got mTsSem
D/EisDrv  (  249): [UpdateEiso]Eiso:idx(5),PA(0x0bc00500)
D/EisDrv  (  249): [GetEisHwStatistic]pEisoAddr(0xa8ee0300)
D/EisDrv  (  249): [UpdateEiso]-
D/EisHal  (  249): [PrepareEisResult]cmvX(44544),cmvY(33024)
D/EisHal  (  249): [PrepareEisResult]X(174,0),Y(129,0)
D/MtkCam/P2Node(  249): [0:pushBuf] size 1, data 31, buf 0xb89d6ee0
D/MtkCam/P1Node(  249): [0:processBufOp] replace port 0x1010f old/new 0xb89d6ee0/0xb89d5e50 va 0xa26a1000/0xa3d1f000
D/MtkCam/BaseHeap(  249): [Cam1Heap::onCreate] [MtkCam/DBHdl] this:0xb87ccd78 1440x1080 format:0x32315659
D/MtkCam/P1Node(  249): [0:dequeLoop] frame 32105: deque+
D/MtkCam/DBHdl(  249): [:dequeBuffer]buf(0xb89146c8),VA(0xA52A7000/0xA5422B00/0xA54819C0),BS(1555200=1555200+388800+388800),Id(421),F(0x32315659),S(1440x1080),Str(1440,720,720),R(0),U(3)
D/MtkCam/MtkCamUtils(  249): (PrvCB@ImgBufQue)[dequeProvider] Empty Que
D/MtkCam/BaseHeap(  249): [Cam1Heap::onCreate] [MtkCam/DBHdl] this:0xb87ce9c8 640x480 format:0x14
D/MtkCam/DBHdl(  249): [:dequeBuffer]buf(0xb86b3f60),VA(0xA7EBC000/0x00000000/0x00000000),BS(614400=614400+0+0),Id(404),F(0x00000014),S(640x480),Str(1280,0,0),R(0),U(0)
D/MtkCam/ISC(  249): [getPass2Info] 0: ImgBuf(0xB89D6EE0),# 0x7D62,PD(0xA4DA4280/152),ZR(0,100/132),S(1440x1080),C(265,189,1566x1176)
D/MtkCam/P2Node(  249): [0:enquePass2] i 0 data 31, buf 0xb89d6ee0, va 0xa26a1000, # 0x7D62, type 5 cnt 32099
D/MtkCam/P2Node(  249): [0:enquePass2] data 41, buf 0xb89146c8, va 0xa52a7000, tans 0 usg 3
D/MtkCam/P2Node(  249): [0:enquePass2] data 45, buf 0xb86b3f60, va 0xa7ebc000, tans 0 usg 0
D/MtkCam/P2Node(  249): [0:enquePass2] IMG2O:B(0xb86b3f60),S(640x480),C(265,189,1566x1176)
D/MtkCam/FeaturePipe(  249): [enqueFeatureGraph] FrameNo(32098)
D/EisHal  (  249): [GetEisInfoAtP2]FeaturePipe_3DNR(1)
I/MtkCam/FeaturePipe(  249): [P2A:threadLoopUpdate] gmv_ana,frm[32098],gmv(x,y)=[    0,    0],IsSupportEis(1),SenorIdx(0),NmvX/Y(    0,    0)(ori     0,    0),CmvX/Y(  174,  129)(diff     0,    0)(ori   174,  129),x/yInt(  174,  129),x/yFlt(        0,        0),DoEisCount(32104),ConfidX/y(0,0),EisTS(26467908000000),ImgiTS(26467908000000),GnZoCnt(60)
D/MtkCam/FeaturePipeDataHdl(  249): [getBuffer] data(1003), trans(0)
D/MtkCam/FeaturePipeDataHdl(  249): [getBuffer] -
I/MtkCam/FeaturePipe(  249): [P2A:threadLoopUpdate] [P2A not sets IMG3O mvOut] 3dnrSM0(0 S0P1W2),ES(0x00 FsSzDfLrIn),WH(1566,1176),OfstXY(264,188),mem<va(0x9ff79000)/pa(0xab00000)/TS(26467908000000)/size(0x1c19d0)>
I/MtkCam/FeaturePipe(  249): [P2A:threadLoopUpdate] [P2A not sets VIPI mvIn  ] 3dnrSM1(0 S0P1W2),ES(0x00 FsSzDfLrIn),WH(1566,1176),OfstXY(0,0),mem<va(0xa15f7000)/pa(0x8e00000)/TS(26467807968000)/size(0x1c19d0)>,mPrvQueSz(1),imgSizeWH(1566,1176),PrvWH(1566,1176),ExtOfstByte(0)
I/MtkCam/FeaturePipe(  249): [P2A:threadLoopUpdate] 3dnrSM2(0 S0P1W2),ES(0x00 FsSzDfLrIn),NmvX/Y(0, 0).Img3oOfX/Y(264, 188),onOfX/Y(0, 0).onW/H(0, 0).VipiOff/W/H(0, 0, 0).MaxIsoInc(100)
I/MtkCam/FeaturePipe(  249): [P2A:threadLoopUpdate] FStrm enq (frame 32098)
D/MDP     (  249): DpIsp: in: (2096, 1552, 3936, 0, C21, P2)
D/MDP     (  249): DpIsp: out0: (1440, 1080, 1440, 720, C8s, P2), misc: (R:0, F:0, S:1, D:0, T:0)
D/MDP     (  249): DpIsp: crop: (265, 189, 1566, 1176)
I/        (  245): [BWC INFO](245): get_bwc_mm_property success
D/MDP     (  245): DpBlit: in: (1440, 1080, 1440, 720, C8s, P2), crop: (0, 0, 1440, 1080)
D/MDP     (  245): DpBlit: out: (1080, 1440, 2160, 0, C5, P2), misc: (X:0, Y:0, R:90, F:0, S:1, D:0)
D/MDP     (  245): [TDSHP][PQDC] DISP_IOCTL_PQ_GET_TDSHP_FLAG()... tuning flag[0]
I/SurfaceView( 4669): updateWindow -- OnPreDrawListener, mHaveFrame = true, this = android.view.SurfaceView{42c5b6b8 V.E..... ........ 0,211-1080,1651}
D/MDP     (  249): DpIsp: 0xb882abc0, src 0 ms
D/MtkCam/FeaturePipe(  249): [performCallback] FeatureGraph callback FrameNo(32098)
D/MtkCam/P2Node(  249): [0:handleP2Done] type 5: cnt 32099 in 1 out 2
D/MtkCam/ISC(  249): [dropPass2Info] Erase # 0x7D62,ImgBuf(0xB89D6EE0),IsR(1)
D/MtkCam/DBHdl(  249): [:enqueBuffer]buf(0xb89146c8),VA(0xA52A7000),BS(1555200),Id(421),TS(26467.908000),F(0x32315659),S(1440x1080),Str(1440,720,720)
D/MtkCam/MtkCamUtils(  249): (APClient@ImgBufQue)[dequeProvider] Empty Que
D/MtkCam/DBHdl(  249): [:enqueBuffer]buf(0xb86b3f60),VA(0xA7EBC000),BS(614400),Id(404),TS(26467.908000),F(0x00000014),S(640x480),Str(1280,0,0)
D/MtkCam/DisplayClient(  249): [handleReturnBuffers] + (100) 34ms < Duration(99)
D/MtkCam/DisplayClient(  249): [handleReturnBuffers] Show frame:0 1 [ion:421 0xa52a7000/2332800 26467908000000]
D/MtkCam/CamClient/FDClient(  249): (6149)[waitAndHandleReturnBuffers] -
D/MtkCam/CamClient/FDClient(  249): (6149)[doFD] +
D/MtkCam/CamClient/FDClient(  249): (6149)[doBufferAnalysis] plane: 1
D/mHalFDVT(  249): (6149)[halFTBufferCreate] DO RGB565 (SW) In
D/MtkCam/DisplayClient(  249): [handleReturnBuffers] -
D/mHalFDVT(  249): (6149)[halFTBufferCreate] DO RGB565 (SW) Out
D/MtkCam/FeaturePipeDataHdl(  249): [returnBuffer] data(1003), buf(0xb87cefd0)
D/mHalFDVT(  249): (6149)[halFDYUYV2ExtractY] DO Extract Y In
D/MDP     (  245): DpBlit: time 8 ms, type 0
D/mHalFDVT(  249): (6149)[halFDYUYV2ExtractY] DO Extract Y Out
D/mHalFDVT(  249): (6149)[halFDDo] SD Status: SDEnable:0, img_w:320, img_h:240, Src_Phy_Addr:0x5700000,
D/mHalFDVT(  249): (6149)[halFDDo] [halFDDo] IN,  1
D/mHalFDVT(  249): (6149)[halFDDo] FDVTMain IN
D/FDVT_Drv(  249): Set RS_Config, Src_W = 640, Src_H = 480, src_Format = 0, g_rs_num:12
D/FDVT_Drv(  249): Check RS_Config, rs[2]= 0x901e0280, rs[3]= 0xc33312c1,  rs[5]= 0x280,
D/FDVT_Drv(  249): SW RIP Input: 1,
D/FDVT_Drv(  249): FDRegisterConfig In, (HW)skip:0, 
D/FDVT_Drv(  249): FDRegisterConfig Out
D/FDVT_Drv(  249): Do Flush (IMEM) 
D/FDVT_Drv(  249): Set Start HW in 
D/FDVT_Drv(  249): Set Start HW out 
D/FDVT_Drv(  249): FDGetHWResult In
I/        (  245): [BWC INFO](245): get_bwc_mm_property success
D/MtkCam/DisplayClient(  249): [waitAndHandleReturnBuffers] +
I/SurfaceFlinger(  245): [Built-in Screen (type:0)] fps:59.244816,dur:1012.75,max:17.20,min:16.53
D/MDP     (  245): DpBlit: in: (1440, 1080, 1440, 720, C8s, P2), crop: (0, 0, 1440, 1080)
D/MDP     (  245): DpBlit: out: (1080, 1440, 2160, 0, C5, P2), misc: (X:0, Y:0, R:90, F:0, S:1, D:0)
D/MDP     (  245): [TDSHP][PQDC] DISP_IOCTL_PQ_GET_TDSHP_FLAG()... tuning flag[0]
I/SurfaceView( 4669): updateWindow -- OnPreDrawListener, mHaveFrame = true, this = android.view.SurfaceView{42c5b6b8 V.E..... ........ 0,211-1080,1651}
D/MDP     (  245): DpBlit: time 5 ms, type 0
I/        (  245): [BWC INFO](245): get_bwc_mm_property success
D/MDP     (  245): DpBlit: in: (1440, 1080, 1440, 720, C8s, P2), crop: (0, 0, 1440, 1080)
D/MDP     (  245): DpBlit: out: (1080, 1440, 2160, 0, C5, P2), misc: (X:0, Y:0, R:90, F:0, S:1, D:0)
D/MDP     (  245): [TDSHP][PQDC] DISP_IOCTL_PQ_GET_TDSHP_FLAG()... tuning flag[0]
I/SurfaceView( 4669): updateWindow -- OnPreDrawListener, mHaveFrame = true, this = android.view.SurfaceView{42c5b6b8 V.E..... ........ 0,211-1080,1651}
D/MDP     (  245): DpBlit: time 5 ms, type 0
I/        (  245): [BWC INFO](245): get_bwc_mm_property success
D/MDP     (  245): DpBlit: in: (1440, 1080, 1440, 720, C8s, P2), crop: (0, 0, 1440, 1080)
D/MDP     (  245): DpBlit: out: (1080, 1440, 2160, 0, C5, P2), misc: (X:0, Y:0, R:90, F:0, S:1, D:0)
D/MDP     (  245): [TDSHP][PQDC] DISP_IOCTL_PQ_GET_TDSHP_FLAG()... tuning flag[0]
W/ADB_SERVICES(  309): create_local_service_socket() name=shell:wm size
W/ADB_SERVICES(  309): service_to_fd() name=shell:wm size
W/ADB_SERVICES(  309): read_meminfo() mem_free=342468
W/ADB_SERVICES(  309): create_subprocess() ret_fd=17 pid=9993
W/ADB_SERVICES(  309): LS(22365): bound to 'shell:wm size' via 17
D/ADB_SERVICES(  309): adb local_socket_ready list (17) 
I/SurfaceView( 4669): updateWindow -- OnPreDrawListener, mHaveFrame = true, this = android.view.SurfaceView{42c5b6b8 V.E..... ........ 0,211-1080,1651}
W/ADB_SERVICES( 9993): adb: unable to open /proc/9993/oom_adj
W/ADB_SERVICES(  309): create_local_service_socket() name=shell:
W/ADB_SERVICES(  309): service_to_fd() name=shell:
W/ADB_SERVICES(  309): read_meminfo() mem_free=342344
W/ADB_SERVICES(  309): create_subprocess() ret_fd=22 pid=9994
W/ADB_SERVICES(  309): LS(22366): bound to 'shell:' via 22
D/MDP     (  245): DpBlit: time 5 ms, type 0
W/ADB_SERVICES( 9994): adb: unable to open /proc/9994/oom_adj
D/ADB_SERVICES(  309): adb socket read list (17) (22) 
D/ADB_SERVICES(  309): read_data=9634
D/ADB_SERVICES(  309): max_read_time=0.000221 max_send_time=0.000053 
D/FDVT_Drv(  249): Do Ivalid (IMEM) 
D/FDVT_Drv(  249): HW_Result: GFD_NUM: 0 LFD_NUM: 0 L_TYPE:1, 
D/FDVT_Drv(  249): FDGetHWResult Out
D/FDVT_Drv(  249): Final: HW_NUM:0, Filter_NUM:0, SKIP_NUM:0
D/SWFD_MAIN(  249): SWFDMain face num is 0
D/mHalFDVT(  249): (6149)[halFDDo] FDVTMain out
D/mHalFDVT(  249): (6149)[halFDGetFaceResult] [halFDGetFaceResult]m_DispW(320) m_DispH(240)
D/MtkCam/CamClient/FDClient(  249): (6149)[doFD] Scenario FD Num: 0
D/MtkCam/CamClient/FDClient(  249): (6149)[doFD] Scenario SD Result1: 0
D/MtkCam/CamClient/FDClient(  249): (6149)[doFD] -
D/Hal3AAdapter1(  249): [init] MtkCam/CamClient/FDClient(4)
D/af_mgr  (  249): [setFDInfo]cnt:0, X:1048 Y:776 W:0 H:0
D/Hal3AAdapter1(  249): [uninit] MtkCam/CamClient/FDClient(4)
W/MtkCam/CamClient/FDClient(  249): (6149)[performCallback] No FD CB: isDetected_FD(0), mIsDetected_FD(0), isMsgEnabled(1)
W/MtkCam/CamClient/FDClient(  249): (6149)[performCallback] No SD CB: isDetected_SD(0), mIsSDenabled(0), isMsgEnabled(1)
W/MtkCam/CamClient/FDClient(  249): (6149)[performCallback] No GD CB: isDetected_GD(0), mIsGDenabled(0), isMsgEnabled(1)
D/mHalFDVT(  249): (6149)[halFDGetFaceResult] [halFDGetFaceResult]m_DispW(320) m_DispH(240)
D/MtkCam/ParamsManager(  249): [getShotModeStr] normal
D/MtkCam/CamClient/FDClient(  249): (6149)[waitAndHandleReturnBuffers] +
I/SurfaceView( 4669): updateWindow -- OnPreDrawListener, mHaveFrame = true, this = android.view.SurfaceView{42c5b6b8 V.E..... ........ 0,211-1080,1651}
I/        (  245): [BWC INFO](245): get_bwc_mm_property success
D/MDP     (  245): DpBlit: in: (1440, 1080, 1440, 720, C8s, P2), crop: (0, 0, 1440, 1080)
D/MDP     (  245): DpBlit: out: (1080, 1440, 2160, 0, C5, P2), misc: (X:0, Y:0, R:90, F:0, S:1, D:0)
D/MDP     (  245): [TDSHP][PQDC] DISP_IOCTL_PQ_GET_TDSHP_FLAG()... tuning flag[0]
D/aaa_hal (  249): [waitVSirq]
D/aaa_hal (  249): [Timer:start: VS Timer, SensorDevId: 1] timer start. bClrTime=1
D/aaa_hal/3Athread(  249): CmdQ-size(1), todo(10, 32100)
D/aaa_hal (  249): [Timer:End: VS Timer, SensorDevId: 1] =====> time(ms): current=0.041538,   sum=0.041538
D/        (  249): [AAA_Scheduler::importWork]+, mNormalizeM=1, mSensorDevId=1
D/af_mgr  (  249): [m_cur_frm_num] 32100 [get_frm_ststus] 0
D/AeAlgo  (  249): [HWFlareValue]max flare :160 
D/AeAlgo  (  249): [getFlareAlgo] i2FlareOffset:13,PreFlare13, Max_Step_gap: 2, gain:0 max:160 min:0
D/ae_mgr  (  249): [doPvAE()][AEScheduler] AECalc:1 AEApply:2 AEFlare:4 VDnum:0 AvgY:0
D/ae_mgr  (  249): [doPvAE():PassToAlgo] rAEInput.PreEvSetting[N-1]:99997/15360/1544 rAEInput.PreEvSetting[N-2]:99997/15360/1544 rAEInput.PreEvSetting[N-3]:99997/15360/1544 rAEInput.CycleInfo.m_i4FrameCnt:32097
D/AeAlgo  (  249): [processAE] bPerFrameAESmooth:1 m_bAENotPerFrameMode:0
D/AeAlgo  (  249): [parserAEInput] m_bPerFrameETFlag:1 bPerFrameETIspFlag:1 CurActExp:99997 NextActExp:99997 CurActExpIdx:2 NextActExpIdx:0 MinGainDelay:1 CurActAfe:15360 NextActAfe:15360 CurAplExpIdx:1 CurAplAfe:15360
D/AeAlgo  (  249): [calTargetProbs] [ABL, ABL_DIFF(0):0/BV(-7955):0/P:0],[HS,  HS_FLAT(Y[1, 1] Diff:0):Prob:1024, HS_COLOR(0):1024],[COEP,Orig_Y:0, Prob_OuterY:1024, Orig_Diff:0, Prob_Diff:0, COE_P:0],[NS,  NS_BV(-7955):1024, NS_FLAT(Y[1,1],Diff:0):Prob:1024],
D/AeAlgo  (  249): [getRecommendCWTarget_v2p0] u4FinalCW:55,  m_u4AvgWValue/m_u4CWValue:0/0, weight(aoe/abl/hs/ns): 0,0,0,1024, target(aoe/abl/hs/ns): 55,55,55,55
D/AeAlgo  (  249): [getRecommendCWTarget_v2p0] Final AE Target 55, AvgY/CWY: 0/0, AOE/BL/HS/NS 55/55/55/55
D/AeAlgo  (  249): [processAE] exp:99997 afe:15360 isp:1544
D/ae_mgr  (  249): [UpdateSensorISPParams:s] i4SensorDev:1 VDNum 0, Prev 99997/15360/1544, Cur 99997/15360/1544, Output 99997/15360/1544 WOUpdateSensor:0
D/ae_mgr  (  249): [UpdateSensorISPParams()] Isp gain value(current) = 1544
D/ae_mgr  (  249): [updatePreEvSettingQueue()] m_PreEvSettingQueue[N-1]:99997/15360/1544 m_PreEvSettingQueue[N-2]:99997/15360/1544 m_PreEvSettingQueue[N-3]:99997/15360/1544 
D/aaa_hal/3Athread(  249): [postToAESenThread] sem_post semAESen, semAESenThdEnd before wait = 1
D/awb_state(  249): [Searching::sendIntent]<eIntent_AWBScan>
D/aaa_state_camera_preview(  249): lv(0),cct(5203),rgain(1162),bgain(512),ggain(837),fluoidx(100), dayflouidx(12)
D/paramctrl_per_frame(  249): [prepareHw_PerFrame_LSC] (flash, iso, rto) = (0, 2442, 7)
D/paramctrl_per_frame(  249): [applyToHw_PerFrame_All +] i4FrameID(0x    7d64)
I/TuningMgr(  249): [dequeBuffer] scenario(0),MagicNum(0x7d64)
D/isp_mgr_sl2(  249): [apply] eSwScn(0), bSL2_EN(1), u4SL2_EN(1), u4SL2b_EN(1), u4SL2c_EN(1), CAM_SL2_CEN(0x030b041c), CAM_SL2_MAX0_RR(0x000255d3), CAM_SL2_MAX1_RR(0x0009574c), CAM_SL2_MAX2_RR(0x00109b33)
I/TuningMgr(  249): [enqueBuffer] scenario(0),MagicNum(0x7d64)
D/paramctrl_per_frame(  249): [applyToHw_PerFrame_All -] i4FrameID(0x    7d64)
D/EisDrv  (  249): [p1TuningNotify]me_ctrl2(0x00006090)
D/aaa_hal (  249): [AFThread] sem_post g_semAFThreadstart, semAFProcEnd before wait = 1
D/MtkCam/DCNode(  249): [0::doNotifyCb]3APROC_FINISH:0x00007D64,0x00000003
D/aaa_hal/3Athread(  249): rCmd(10), magic#(32100)-
D/MDP     (  245): DpBlit: time 5 ms, type 0
I/        (  245): [BWC INFO](245): get_bwc_mm_property success
D/aaa_hal/3Athread(  249): [AESensorThreadLoop] updateSensorbyI2C
D/ae_mgr  (  249): [updateSensorbyI2C()] Exposure time value is repeat (skip send command)= 99997
D/ae_mgr  (  249): [updateSensorbyI2C()] Sensor gain value is repeat (skip send command)= 15360
D/aaa_hal/3Athread(  249): [AESensorThreadLoop] semAESenThdEnd before post = 0
