I/chromium(13777): [INFO:resource_provider.cc(1770)] [StartRaster] allocated=[1] image_id=[519] buffer=[0x93095000] stride=[1536]
D/ReceiveJSValue(13777): __js__call__native__ js=["number",2]
I/chromium(13777): [INFO:image_raster_worker_pool.cc(75)] [RunOnWorkerThread] --------------
I/chromium(13777): [INFO:resource_provider.cc(1770)] [StartRaster] allocated=[1] image_id=[574] buffer=[0x964d0000] stride=[1536]
I/chromium(13777): [INFO:image_raster_worker_pool.cc(75)] [RunOnWorkerThread] --------------
I/chromium(13777): [INFO:resource_provider.cc(1770)] [StartRaster] allocated=[1] image_id=[571] buffer=[0x96320000] stride=[1536]
I/chromium(13777): [INFO:image_raster_worker_pool.cc(75)] [RunOnWorkerThread] --------------
I/chromium(13777): [INFO:resource_provider.cc(1770)] [StartRaster] allocated=[1] image_id=[607] buffer=[0x955f9000] stride=[1536]
I/chromium(13777): [INFO:image_raster_worker_pool.cc(75)] [RunOnWorkerThread] --------------
I/chromium(13777): [INFO:resource_provider.cc(1770)] [StartRaster] allocated=[1] image_id=[569] buffer=[0x96200000] stride=[1536]
I/chromium(13777): [INFO:image_raster_worker_pool.cc(75)] [RunOnWorkerThread] --------------
I/chromium(13777): [INFO:resource_provider.cc(1770)] [StartRaster] allocated=[1] image_id=[515] buffer=[0x8f173000] stride=[1536]
I/chromium(13777): [INFO:image_raster_worker_pool.cc(75)] [RunOnWorkerThread] --------------
I/chromium(13777): [INFO:resource_provider.cc(1770)] [StartRaster] allocated=[1] image_id=[582] buffer=[0x96950000] stride=[1536]
I/chromium(13777): [INFO:image_raster_worker_pool.cc(75)] [RunOnWorkerThread] --------------
I/chromium(13777): [INFO:resource_provider.cc(1770)] [StartRaster] allocated=[1] image_id=[471] buffer=[0x865f5000] stride=[1536]
I/chromium(13777): [INFO:image_raster_worker_pool.cc(75)] [RunOnWorkerThread] --------------
I/chromium(13777): [INFO:resource_provider.cc(1770)] [StartRaster] allocated=[1] image_id=[493] buffer=[0x89e6f000] stride=[1536]
I/chromium(13777): [INFO:image_raster_worker_pool.cc(75)] [RunOnWorkerThread] --------------
I/chromium(13777): [INFO:resource_provider.cc(1770)] [StartRaster] allocated=[1] image_id=[474] buffer=[0x87c5d000] stride=[1536]
I/chromium(13777): [INFO:image_raster_worker_pool.cc(75)] [RunOnWorkerThread] --------------
I/chromium(13777): [INFO:resource_provider.cc(1770)] [StartRaster] allocated=[1] image_id=[552] buffer=[0x95900000] stride=[1536]
I/chromium(13777): [INFO:image_raster_worker_pool.cc(75)] [RunOnWorkerThread] --------------
I/chromium(13777): [INFO:resource_provider.cc(1770)] [StartRaster] allocated=[1] image_id=[619] buffer=[0x97595000] stride=[1536]
I/chromium(13777): [INFO:image_raster_worker_pool.cc(75)] [RunOnWorkerThread] --------------
I/chromium(13777): [INFO:resource_provider.cc(1770)] [StartRaster] allocated=[1] image_id=[647] buffer=[0x7c4a9000] stride=[1536]
I/chromium(13777): [INFO:image_raster_worker_pool.cc(75)] [RunOnWorkerThread] --------------
I/chromium(13777): [INFO:resource_provider.cc(1770)] [StartRaster] allocated=[1] image_id=[629] buffer=[0x85a4e000] stride=[2048]
I/chromium(13777): [INFO:image_raster_worker_pool.cc(75)] [RunOnWorkerThread] --------------
I/chromium(13777): [INFO:resource_provider.cc(1770)] [StartRaster] allocated=[1] image_id=[628] buffer=[0x84e7d000] stride=[2048]
I/chromium(13777): [INFO:image_raster_worker_pool.cc(75)] [RunOnWorkerThread] --------------
I/chromium(13777): [INFO:resource_provider.cc(1770)] [StartRaster] allocated=[1] image_id=[597] buffer=[0x96b9c000] stride=[1280]
I/chromium(13777): [INFO:image_raster_worker_pool.cc(75)] [RunOnWorkerThread] --------------
I/chromium(13777): [INFO:resource_provider.cc(1770)] [StartRaster] allocated=[1] image_id=[479] buffer=[0x82dd2000] stride=[1280]
I/chromium(13777): [INFO:image_raster_worker_pool.cc(75)] [RunOnWorkerThread] --------------
I/chromium(13777): [INFO:resource_provider.cc(1770)] [StartRaster] allocated=[1] image_id=[482] buffer=[0x837e9000] stride=[1280]
I/chromium(13777): [INFO:image_raster_worker_pool.cc(75)] [RunOnWorkerThread] --------------
I/chromium(13777): [INFO:resource_provider.cc(1770)] [StartRaster] allocated=[1] image_id=[594] buffer=[0x96a70000] stride=[1280]
I/chromium(13777): [INFO:image_raster_worker_pool.cc(75)] [RunOnWorkerThread] --------------
I/chromium(13777): [INFO:resource_provider.cc(1770)] [StartRaster] allocated=[1] image_id=[626] buffer=[0x83bdb000] stride=[1024]
I/chromium(13777): [INFO:image_raster_worker_pool.cc(75)] [RunOnWorkerThread] --------------
I/chromium(13777): [INFO:resource_provider.cc(1770)] [StartRaster] allocated=[1] image_id=[627] buffer=[0x847ae000] stride=[1024]
I/chromium(13777): [INFO:image_raster_worker_pool.cc(75)] [RunOnWorkerThread] --------------
I/chromium(13777): [INFO:resource_provider.cc(1770)] [StartRaster] allocated=[1] image_id=[608] buffer=[0x96afc000] stride=[1536]
I/chromium(13777): [INFO:image_raster_worker_pool.cc(75)] [RunOnWorkerThread] --------------
I/chromium(13777): [INFO:resource_provider.cc(1770)] [StartRaster] allocated=[1] image_id=[524] buffer=[0x95289000] stride=[1536]
I/chromium(13777): [INFO:image_raster_worker_pool.cc(75)] [RunOnWorkerThread] --------------
I/chromium(13777): [INFO:resource_provider.cc(1770)] [StartRaster] allocated=[1] image_id=[646] buffer=[0x7c419000] stride=[1536]
I/chromium(13777): [INFO:image_raster_worker_pool.cc(75)] [RunOnWorkerThread] --------------
I/chromium(13777): [INFO:resource_provider.cc(1770)] [StartRaster] allocated=[1] image_id=[518] buffer=[0x93005000] stride=[1536]
I/chromium(13777): [INFO:image_raster_worker_pool.cc(75)] [RunOnWorkerThread] --------------
I/chromium(13777): [INFO:resource_provider.cc(1770)] [StartRaster] allocated=[1] image_id=[610] buffer=[0x97085000] stride=[1536]
I/chromium(13777): [INFO:image_raster_worker_pool.cc(75)] [RunOnWorkerThread] --------------
I/        (  245): [BWC INFO](245): get_bwc_mm_property success
I/chromium(13777): [INFO:resource_provider.cc(1770)] [StartRaster] allocated=[1] image_id=[592] buffer=[0x8798a000] stride=[2048]
I/chromium(13777): [INFO:image_raster_worker_pool.cc(75)] [RunOnWorkerThread] --------------
I/chromium(13777): [INFO:resource_provider.cc(1770)] [StartRaster] allocated=[1] image_id=[584] buffer=[0x8279d000] stride=[2048]
I/chromium(13777): [INFO:image_raster_worker_pool.cc(75)] [RunOnWorkerThread] --------------
I/chromium(13777): [INFO:resource_provider.cc(1770)] [StartRaster] allocated=[1] image_id=[611] buffer=[0x97115000] stride=[1536]
I/chromium(13777): [INFO:image_raster_worker_pool.cc(75)] [RunOnWorkerThread] --------------
I/chromium(13777): [INFO:resource_provider.cc(1770)] [StartRaster] allocated=[1] image_id=[520] buffer=[0x95049000] stride=[1536]
I/chromium(13777): [INFO:image_raster_worker_pool.cc(75)] [RunOnWorkerThread] --------------
I/chromium(13777): [INFO:resource_provider.cc(1770)] [StartRaster] allocated=[1] image_id=[495] buffer=[0x89f03000] stride=[1536]
I/chromium(13777): [INFO:image_raster_worker_pool.cc(75)] [RunOnWorkerThread] --------------
I/chromium(13777): [INFO:resource_provider.cc(1770)] [StartRaster] allocated=[1] image_id=[643] buffer=[0x7c269000] stride=[1536]
I/chromium(13777): [INFO:image_raster_worker_pool.cc(75)] [RunOnWorkerThread] --------------
I/chromium(13777): [INFO:resource_provider.cc(1770)] [StartRaster] allocated=[1] image_id=[516] buffer=[0x8f203000] stride=[1536]
I/chromium(13777): [INFO:image_raster_worker_pool.cc(75)] [RunOnWorkerThread] --------------
V/websync (13777): *** WebSyncManager sync ***
V/websync (13777): CookieSyncManager::syncFromRamToFlash STARTS
V/websync (13777): CookieSyncManager::syncFromRamToFlash DONE
I/        (  245): [BWC INFO](245): get_bwc_mm_property success
I/chromium(13777): [INFO:resource_provider.cc(1770)] [StartRaster] allocated=[1] image_id=[634] buffer=[0x7bb46000] stride=[256]
I/chromium(13777): [INFO:image_raster_worker_pool.cc(75)] [RunOnWorkerThread] --------------
I/        (  245): [BWC INFO](245): get_bwc_mm_property success
I/        (  245): [BWC INFO](245): get_bwc_mm_property success
D/approotview(13777): closeSplashScreen1;autoClose=true
D/Main_Path(13777): closeSplashScreen0 appid=com.sixty.nidoneClient;true;closeSplashDid=true
I/        (  245): [BWC INFO](245): get_bwc_mm_property success
I/        (  245): [BWC INFO](245): get_bwc_mm_property success
I/        (  245): [BWC INFO](245): get_bwc_mm_property success
I/        (  245): [BWC INFO](245): get_bwc_mm_property success
I/        (  245): [BWC INFO](245): get_bwc_mm_property success
I/chromium(13777): [INFO:resource_provider.cc(1770)] [StartRaster] allocated=[1] image_id=[598] buffer=[0x7fbb1000] stride=[256]
I/chromium(13777): [INFO:image_raster_worker_pool.cc(75)] [RunOnWorkerThread] --------------
I/chromium(13777): [INFO:resource_provider.cc(1770)] [StartRaster] allocated=[1] image_id=[599] buffer=[0x844b4000] stride=[256]
I/chromium(13777): [INFO:image_raster_worker_pool.cc(75)] [RunOnWorkerThread] --------------
I/chromium(13777): [INFO:resource_provider.cc(1770)] [StartRaster] allocated=[1] image_id=[633] buffer=[0x7cceb000] stride=[256]
I/chromium(13777): [INFO:image_raster_worker_pool.cc(75)] [RunOnWorkerThread] --------------
I/chromium(13777): [INFO:resource_provider.cc(1770)] [StartRaster] allocated=[1] image_id=[639] buffer=[0x7cbcd000] stride=[256]
I/chromium(13777): [INFO:image_raster_worker_pool.cc(75)] [RunOnWorkerThread] --------------
I/        (  245): [BWC INFO](245): get_bwc_mm_property success
I/        (  245): [BWC INFO](245): get_bwc_mm_property success
I/        (  245): [BWC INFO](245): get_bwc_mm_property success
I/        (  245): [BWC INFO](245): get_bwc_mm_property success
D/WindowManager( 1655): interceptKeyTq: result=1 keycode=21 screenIsOn=true keyguardActive=false policyFlags = #b000000 down =true canceled = false isWakeKey=false mVolumeDownKeyTriggered =false mVolumeUpKeyTriggered =false
D/WindowManager( 1655): interceptKeyTi keyCode=21 down=true repeatCount=0 keyguardOn=false mHomePressed=false canceled=false metaState:0
I/        (  245): [BWC INFO](245): get_bwc_mm_property success
D/webview (13777): onPageFinished=file:///storage/emulated/0/Android/data/com.sixty.nidoneClient/apps/com.sixty.nidoneClient/www/dist/index.html#houseChange
V/websync (13777): *** WebSyncManager sync ***
I/shutao  (13777): onPageFinishedfile:///storage/emulated/0/Android/data/com.sixty.nidoneClient/apps/com.sixty.nidoneClient/www/dist/index.html
D/Main_Path(13777): activeAppRootViewWithWapPage  IWebviewStateListener pType= 1
D/WindowManager( 1655): interceptKeyTq: result=1 keycode=21 screenIsOn=true keyguardActive=false policyFlags = #b000000 down =false canceled = false isWakeKey=false mVolumeDownKeyTriggered =false mVolumeUpKeyTriggered =false
D/approotview(13777): closeSplashScreen0 delay=0;autoClose=true
D/shutao  (13777): loadtime=7852504type=1
I/shutao  (13777): all.jsJSfile:///storage/emulated/0/Android/data/com.sixty.nidoneClient/apps/com.sixty.nidoneClient/www/dist/index.html
D/DCloud_LOG(13777): AdaFrameView.dispatchFrameViewEvents type=loaded;args=<UUID=1143190800>;<url=dist/index.html>;<hashcode=1143197216>
D/WindowManager( 1655): interceptKeyTi keyCode=21 down=false repeatCount=0 keyguardOn=false mHomePressed=false canceled=false metaState:0
D/yl      (13777): NWindow.onCallBack pEventType=loaded;<UUID=1143190800>;<url=dist/index.html>;<hashcode=1143197216>;
D/Main_Path(13777): EVENTS_LOADED mUrl=dist/index.html
D/DCloud_LOG(13777): execCallback pEventType=loaded;
D/ContentSettingsAdapter(13777): setCacheMode=-1
D/Main_Path(13777): activeAppRootViewWithWapPage  IWebviewStateListener pType= 4
D/DCloud_LOG(13777): AdaFrameView.dispatchFrameViewEvents type=titleUpdate;args=
D/yl      (13777): NWindow.onCallBack pEventType=titleUpdate;;
D/DCloud_LOG(13777): execCallback pEventType=titleUpdate;
I/webview (13777): onReceivedTitle title=
V/Provider/Settings(13777): get setting for user 0 by user 0 so skipping cache
V/Provider/Settings(13777):  from settings cache , name = accessibility_script_injection , value = 0
D/WebView (13777): evaluateJavascript=javascript:window.SYNC_HANDLER && SYNC_HANDLER.__js__call__native__('1149674336',(function(){var ret = (function(){/*console.log('plusready event loading href=' + location.href);*/if(location.__page__load__over__){return 2}if(location.__plusready__||window.__html5plus__){if(!location.__plusready__event__){location.__plusready__event__=true;return 1}else{return 2}}return 0})();;var type = (typeof ret );return JSON.stringify([type,ret]);})());
D/WebView (13777): evaluateJavascript=javascript:(function(w,n){var p = ((w.__html5plus__&&w.__html5plus__.isReady)?w.__html5plus__:(n.plus&&n.plus.isReady)?n.plus:window.plus);p && p.webview && p.webview.__Webview_LoadEvent_CallBack_ && p.webview.__Webview_LoadEvent_CallBack_({WebviewID:'1143190800',Event:'onloaded',Msg:"<UUID=1143190800>;<url=dist\/index.html>;<hashcode=1143197216>"});})(window,navigator)
I/chromium(13777): [INFO:resource_provider.cc(1770)] [StartRaster] allocated=[1] image_id=[514] buffer=[0x8a8fe000] stride=[2048]
I/chromium(13777): [INFO:image_raster_worker_pool.cc(75)] [RunOnWorkerThread] --------------
I/chromium(13777): [INFO:resource_provider.cc(1770)] [StartRaster] allocated=[1] image_id=[510] buffer=[0x8ef37000] stride=[1536]
I/chromium(13777): [INFO:image_raster_worker_pool.cc(75)] [RunOnWorkerThread] --------------
I/chromium(13777): [INFO:resource_provider.cc(1770)] [StartRaster] allocated=[1] image_id=[585] buffer=[0x83c8c000] stride=[2048]
I/chromium(13777): [INFO:image_raster_worker_pool.cc(75)] [RunOnWorkerThread] --------------
I/chromium(13777): [INFO:resource_provider.cc(1770)] [StartRaster] allocated=[1] image_id=[537] buffer=[0x85c3a000] stride=[1536]
I/chromium(13777): [INFO:image_raster_worker_pool.cc(75)] [RunOnWorkerThread] --------------
I/chromium(13777): [INFO:resource_provider.cc(1770)] [StartRaster] allocated=[1] image_id=[630] buffer=[0x85a8e000] stride=[2048]
I/chromium(13777): [INFO:image_raster_worker_pool.cc(75)] [RunOnWorkerThread] --------------
I/chromium(13777): [INFO:resource_provider.cc(1770)] [StartRaster] allocated=[1] image_id=[581] buffer=[0x968c0000] stride=[1536]
I/chromium(13777): [INFO:image_raster_worker_pool.cc(75)] [RunOnWorkerThread] --------------
I/chromium(13777): [INFO:resource_provider.cc(1770)] [StartRaster] allocated=[1] image_id=[648] buffer=[0x7c539000] stride=[1536]
I/chromium(13777): [INFO:image_raster_worker_pool.cc(75)] [RunOnWorkerThread] --------------
I/chromium(13777): [INFO:resource_provider.cc(1770)] [StartRaster] allocated=[1] image_id=[591] buffer=[0x86e82000] stride=[2048]
I/chromium(13777): [INFO:image_raster_worker_pool.cc(75)] [RunOnWorkerThread] --------------
I/chromium(13777): [INFO:resource_provider.cc(1770)] [StartRaster] allocated=[1] image_id=[652] buffer=[0x7c74a000] stride=[2048]
I/chromium(13777): [INFO:image_raster_worker_pool.cc(75)] [RunOnWorkerThread] --------------
I/chromium(13777): [INFO:resource_provider.cc(1770)] [StartRaster] allocated=[1] image_id=[476] buffer=[0x86d92000] stride=[2048]
I/chromium(13777): [INFO:image_raster_worker_pool.cc(75)] [RunOnWorkerThread] --------------
I/chromium(13777): [INFO:resource_provider.cc(1770)] [StartRaster] allocated=[1] image_id=[563] buffer=[0x95ea0000] stride=[1536]
I/chromium(13777): [INFO:image_raster_worker_pool.cc(75)] [RunOnWorkerThread] --------------
I/chromium(13777): [INFO:resource_provider.cc(1770)] [StartRaster] allocated=[1] image_id=[508] buffer=[0x8ee17000] stride=[1536]
I/chromium(13777): [INFO:image_raster_worker_pool.cc(75)] [RunOnWorkerThread] --------------
I/chromium(13777): [INFO:resource_provider.cc(1770)] [StartRaster] allocated=[1] image_id=[532] buffer=[0x83b4b000] stride=[1536]
I/chromium(13777): [INFO:image_raster_worker_pool.cc(75)] [RunOnWorkerThread] --------------
I/chromium(13777): [INFO:resource_provider.cc(1770)] [StartRaster] allocated=[1] image_id=[560] buffer=[0x95cf0000] stride=[1536]
D/ADB_SERVICES(  297): recv: CNXN 01000000 00001000 0007 host::
D/ADB_SERVICES(  297): adb: offline
D/ADB_SERVICES(  297): (null): run_transport_disconnects fd: 26
W/ADB_SERVICES(  297): entered. LS(6897) fd=16
W/ADB_SERVICES(  297): entered. LS(6901) fd=15
I/chromium(13777): [INFO:image_raster_worker_pool.cc(75)] [RunOnWorkerThread] --------------
I/chromium(13777): [INFO:resource_provider.cc(1770)] [StartRaster] allocated=[1] image_id=[617] buffer=[0x97475000] stride=[1536]
I/chromium(13777): [INFO:image_raster_worker_pool.cc(75)] [RunOnWorkerThread] --------------
I/chromium(13777): [INFO:resource_provider.cc(1770)] [StartRaster] allocated=[1] image_id=[502] buffer=[0x8d132000] stride=[1536]
I/chromium(13777): [INFO:image_raster_worker_pool.cc(75)] [RunOnWorkerThread] --------------
I/chromium(13777): [INFO:resource_provider.cc(1770)] [StartRaster] allocated=[1] image_id=[538] buffer=[0x85d82000] stride=[1536]
I/chromium(13777): [INFO:image_raster_worker_pool.cc(75)] [RunOnWorkerThread] --------------
I/chromium(13777): [INFO:resource_provider.cc(1770)] [StartRaster] allocated=[1] image_id=[542] buffer=[0x8641e000] stride=[1536]
I/chromium(13777): [INFO:image_raster_worker_pool.cc(75)] [RunOnWorkerThread] --------------
I/chromium(13777): [INFO:resource_provider.cc(1770)] [StartRaster] allocated=[1] image_id=[533] buffer=[0x83bfc000] stride=[1536]
I/chromium(13777): [INFO:image_raster_worker_pool.cc(75)] [RunOnWorkerThread] --------------
I/chromium(13777): [INFO:resource_provider.cc(1770)] [StartRaster] allocated=[1] image_id=[534] buffer=[0x83f09000] stride=[1536]
I/chromium(13777): [INFO:image_raster_worker_pool.cc(75)] [RunOnWorkerThread] --------------
I/chromium(13777): [INFO:resource_provider.cc(1770)] [StartRaster] allocated=[1] image_id=[578] buffer=[0x96710000] stride=[1536]
I/chromium(13777): [INFO:image_raster_worker_pool.cc(75)] [RunOnWorkerThread] --------------
I/chromium(13777): [INFO:resource_provider.cc(1770)] [StartRaster] allocated=[1] image_id=[512] buffer=[0x8f057000] stride=[1536]
I/chromium(13777): [INFO:image_raster_worker_pool.cc(75)] [RunOnWorkerThread] --------------
I/chromium(13777): [INFO:resource_provider.cc(1770)] [StartRaster] allocated=[1] image_id=[650] buffer=[0x7c659000] stride=[1536]
I/chromium(13777): [INFO:image_raster_worker_pool.cc(75)] [RunOnWorkerThread] --------------
I/chromium(13777): [INFO:resource_provider.cc(1770)] [StartRaster] allocated=[1] image_id=[498] buffer=[0x8a739000] stride=[1536]
I/chromium(13777): [INFO:image_raster_worker_pool.cc(75)] [RunOnWorkerThread] --------------
I/chromium(13777): [INFO:resource_provider.cc(1770)] [StartRaster] allocated=[1] image_id=[620] buffer=[0x97625000] stride=[1536]
I/chromium(13777): [INFO:image_raster_worker_pool.cc(75)] [RunOnWorkerThread] --------------
I/chromium(13777): [INFO:resource_provider.cc(1770)] [StartRaster] allocated=[1] image_id=[644] buffer=[0x7c2f9000] stride=[1536]
I/chromium(13777): [INFO:image_raster_worker_pool.cc(75)] [RunOnWorkerThread] --------------
I/chromium(13777): [INFO:resource_provider.cc(1770)] [StartRaster] allocated=[1] image_id=[565] buffer=[0x95fc0000] stride=[1536]
I/chromium(13777): [INFO:image_raster_worker_pool.cc(75)] [RunOnWorkerThread] --------------
I/chromium(13777): [INFO:resource_provider.cc(1770)] [StartRaster] allocated=[1] image_id=[555] buffer=[0x95ab0000] stride=[1536]
I/chromium(13777): [INFO:image_raster_worker_pool.cc(75)] [RunOnWorkerThread] --------------
I/chromium(13777): [INFO:resource_provider.cc(1770)] [StartRaster] allocated=[1] image_id=[517] buffer=[0x92f75000] stride=[1536]
I/chromium(13777): [INFO:image_raster_worker_pool.cc(75)] [RunOnWorkerThread] --------------
I/chromium(13777): [INFO:resource_provider.cc(1770)] [StartRaster] allocated=[1] image_id=[614] buffer=[0x972c5000] stride=[1536]
I/chromium(13777): [INFO:image_raster_worker_pool.cc(75)] [RunOnWorkerThread] --------------
I/chromium(13777): [INFO:resource_provider.cc(1770)] [StartRaster] allocated=[1] image_id=[539] buffer=[0x85f12000] stride=[1536]
I/chromium(13777): [INFO:image_raster_worker_pool.cc(75)] [RunOnWorkerThread] --------------
I/chromium(13777): [INFO:resource_provider.cc(1770)] [StartRaster] allocated=[1] image_id=[554] buffer=[0x95a20000] stride=[1536]
I/chromium(13777): [INFO:image_raster_worker_pool.cc(75)] [RunOnWorkerThread] --------------
I/chromium(13777): [INFO:resource_provider.cc(1770)] [StartRaster] allocated=[1] image_id=[553] buffer=[0x95990000] stride=[1536]
I/chromium(13777): [INFO:image_raster_worker_pool.cc(75)] [RunOnWorkerThread] --------------
I/chromium(13777): [INFO:resource_provider.cc(1770)] [StartRaster] allocated=[1] image_id=[497] buffer=[0x8a206000] stride=[1536]
I/chromium(13777): [INFO:image_raster_worker_pool.cc(75)] [RunOnWorkerThread] --------------
I/chromium(13777): [INFO:resource_provider.cc(1770)] [StartRaster] allocated=[1] image_id=[566] buffer=[0x96050000] stride=[1536]
I/chromium(13777): [INFO:image_raster_worker_pool.cc(75)] [RunOnWorkerThread] --------------
I/chromium(13777): [INFO:resource_provider.cc(1770)] [StartRaster] allocated=[1] image_id=[505] buffer=[0x8ec57000] stride=[1536]
I/chromium(13777): [INFO:image_raster_worker_pool.cc(75)] [RunOnWorkerThread] --------------
I/chromium(13777): [INFO:resource_provider.cc(1770)] [StartRaster] allocated=[1] image_id=[561] buffer=[0x95d80000] stride=[1536]
I/chromium(13777): [INFO:image_raster_worker_pool.cc(75)] [RunOnWorkerThread] --------------
I/chromium(13777): [INFO:resource_provider.cc(1770)] [StartRaster] allocated=[1] image_id=[562] buffer=[0x95e10000] stride=[1536]
I/chromium(13777): [INFO:image_raster_worker_pool.cc(75)] [RunOnWorkerThread] --------------
I/chromium(13777): [INFO:resource_provider.cc(1770)] [StartRaster] allocated=[1] image_id=[509] buffer=[0x8eea7000] stride=[1536]
I/chromium(13777): [INFO:image_raster_worker_pool.cc(75)] [RunOnWorkerThread] --------------
I/chromium(13777): [INFO:resource_provider.cc(1770)] [StartRaster] allocated=[1] image_id=[484] buffer=[0x88d90000] stride=[1536]
I/chromium(13777): [INFO:image_raster_worker_pool.cc(75)] [RunOnWorkerThread] --------------
I/chromium(13777): [INFO:resource_provider.cc(1770)] [StartRaster] allocated=[1] image_id=[604] buffer=[0x8886e000] stride=[1536]
I/chromium(13777): [INFO:image_raster_worker_pool.cc(75)] [RunOnWorkerThread] --------------
I/chromium(13777): [INFO:resource_provider.cc(1770)] [StartRaster] allocated=[1] image_id=[529] buffer=[0x95559000] stride=[1280]
I/chromium(13777): [INFO:image_raster_worker_pool.cc(75)] [RunOnWorkerThread] --------------
I/chromium(13777): [INFO:resource_provider.cc(1770)] [StartRaster] allocated=[1] image_id=[640] buffer=[0x86359000] stride=[1280]
I/chromium(13777): [INFO:image_raster_worker_pool.cc(75)] [RunOnWorkerThread] --------------
I/chromium(13777): [INFO:resource_provider.cc(1770)] [StartRaster] allocated=[1] image_id=[597] buffer=[0x96b9c000] stride=[1280]
I/chromium(13777): [INFO:image_raster_worker_pool.cc(75)] [RunOnWorkerThread] --------------
I/chromium(13777): [INFO:resource_provider.cc(1770)] [StartRaster] allocated=[1] image_id=[632] buffer=[0x7a015000] stride=[1024]
I/chromium(13777): [INFO:image_raster_worker_pool.cc(75)] [RunOnWorkerThread] --------------
I/chromium(13777): [INFO:resource_provider.cc(1770)] [StartRaster] allocated=[1] image_id=[631] buffer=[0x79f30000] stride=[1024]
I/chromium(13777): [INFO:image_raster_worker_pool.cc(75)] [RunOnWorkerThread] --------------
I/chromium(13777): [INFO:resource_provider.cc(1770)] [StartRaster] allocated=[1] image_id=[549] buffer=[0x8275d000] stride=[1280]
I/chromium(13777): [INFO:image_raster_worker_pool.cc(75)] [RunOnWorkerThread] --------------
I/        (  245): [BWC INFO](245): get_bwc_mm_property success
V/websync (13777): *** WebSyncManager sync ***
V/websync (13777): CookieSyncManager::syncFromRamToFlash STARTS
V/websync (13777): CookieSyncManager::syncFromRamToFlash DONE
D/ADB_SERVICES(  297): adb: online
D/ADB_SERVICES(  297): Calling send_connect 
D/approotview(13777): closeSplashScreen1;autoClose=true
D/Main_Path(13777): closeSplashScreen0 appid=com.sixty.nidoneClient;true;closeSplashDid=true
D/ReceiveJSValue(13777): __js__call__native__ js=["number",2]
I/chromium(13777): [INFO:resource_provider.cc(1770)] [StartRaster] allocated=[1] image_id=[467] buffer=[0x853f8000] stride=[1536]
I/chromium(13777): [INFO:image_raster_worker_pool.cc(75)] [RunOnWorkerThread] --------------
I/chromium(13777): [INFO:resource_provider.cc(1770)] [StartRaster] allocated=[1] image_id=[589] buffer=[0x8678f000] stride=[2048]
I/chromium(13777): [INFO:image_raster_worker_pool.cc(75)] [RunOnWorkerThread] --------------
I/chromium(13777): [INFO:resource_provider.cc(1770)] [StartRaster] allocated=[1] image_id=[629] buffer=[0x85a4e000] stride=[2048]
I/chromium(13777): [INFO:image_raster_worker_pool.cc(75)] [RunOnWorkerThread] --------------
I/chromium(13777): [INFO:resource_provider.cc(1770)] [StartRaster] allocated=[1] image_id=[576] buffer=[0x965f0000] stride=[1536]
I/chromium(13777): [INFO:image_raster_worker_pool.cc(75)] [RunOnWorkerThread] --------------
I/chromium(13777): [INFO:resource_provider.cc(1770)] [StartRaster] allocated=[1] image_id=[592] buffer=[0x8798a000] stride=[2048]
I/chromium(13777): [INFO:image_raster_worker_pool.cc(75)] [RunOnWorkerThread] --------------
I/chromium(13777): [INFO:resource_provider.cc(1770)] [StartRaster] allocated=[1] image_id=[628] buffer=[0x84e7d000] stride=[2048]
I/chromium(13777): [INFO:image_raster_worker_pool.cc(75)] [RunOnWorkerThread] --------------
I/chromium(13777): [INFO:resource_provider.cc(1770)] [StartRaster] allocated=[1] image_id=[469] buffer=[0x8585a000] stride=[1536]
I/chromium(13777): [INFO:image_raster_worker_pool.cc(75)] [RunOnWorkerThread] --------------
I/chromium(13777): [INFO:resource_provider.cc(1770)] [StartRaster] allocated=[1] image_id=[645] buffer=[0x7c389000] stride=[1536]
I/chromium(13777): [INFO:image_raster_worker_pool.cc(75)] [RunOnWorkerThread] --------------
I/chromium(13777): [INFO:resource_provider.cc(1770)] [StartRaster] allocated=[1] image_id=[616] buffer=[0x973e5000] stride=[1536]
I/chromium(13777): [INFO:image_raster_worker_pool.cc(75)] [RunOnWorkerThread] --------------
I/chromium(13777): [INFO:resource_provider.cc(1770)] [StartRaster] allocated=[1] image_id=[519] buffer=[0x93095000] stride=[1536]
I/chromium(13777): [INFO:image_raster_worker_pool.cc(75)] [RunOnWorkerThread] --------------
I/chromium(13777): [INFO:resource_provider.cc(1770)] [StartRaster] allocated=[1] image_id=[574] buffer=[0x964d0000] stride=[1536]
I/chromium(13777): [INFO:image_raster_worker_pool.cc(75)] [RunOnWorkerThread] --------------
I/chromium(13777): [INFO:resource_provider.cc(1770)] [StartRaster] allocated=[1] image_id=[571] buffer=[0x96320000] stride=[1536]
I/chromium(13777): [INFO:image_raster_worker_pool.cc(75)] [RunOnWorkerThread] --------------
I/chromium(13777): [INFO:resource_provider.cc(1770)] [StartRaster] allocated=[1] image_id=[607] buffer=[0x955f9000] stride=[1536]
I/chromium(13777): [INFO:image_raster_worker_pool.cc(75)] [RunOnWorkerThread] --------------
I/chromium(13777): [INFO:resource_provider.cc(1770)] [StartRaster] allocated=[1] image_id=[569] buffer=[0x96200000] stride=[1536]
I/chromium(13777): [INFO:image_raster_worker_pool.cc(75)] [RunOnWorkerThread] --------------
I/chromium(13777): [INFO:resource_provider.cc(1770)] [StartRaster] allocated=[1] image_id=[619] buffer=[0x97595000] stride=[1536]
I/chromium(13777): [INFO:image_raster_worker_pool.cc(75)] [RunOnWorkerThread] --------------
I/chromium(13777): [INFO:resource_provider.cc(1770)] [StartRaster] allocated=[1] image_id=[647] buffer=[0x7c4a9000] stride=[1536]
I/chromium(13777): [INFO:image_raster_worker_pool.cc(75)] [RunOnWorkerThread] --------------
I/chromium(13777): [INFO:resource_provider.cc(1770)] [StartRaster] allocated=[1] image_id=[649] buffer=[0x7c5c9000] stride=[1536]
I/chromium(13777): [INFO:image_raster_worker_pool.cc(75)] [RunOnWorkerThread] --------------
I/chromium(13777): [INFO:resource_provider.cc(1770)] [StartRaster] allocated=[1] image_id=[612] buffer=[0x971a5000] stride=[1536]
I/chromium(13777): [INFO:image_raster_worker_pool.cc(75)] [RunOnWorkerThread] --------------
I/chromium(13777): [INFO:resource_provider.cc(1770)] [StartRaster] allocated=[1] image_id=[626] buffer=[0x83bdb000] stride=[1024]
I/chromium(13777): [INFO:image_raster_worker_pool.cc(75)] [RunOnWorkerThread] --------------
I/chromium(13777): [INFO:resource_provider.cc(1770)] [StartRaster] allocated=[1] image_id=[627] buffer=[0x847ae000] stride=[1024]
I/chromium(13777): [INFO:image_raster_worker_pool.cc(75)] [RunOnWorkerThread] --------------
I/chromium(13777): [INFO:resource_provider.cc(1770)] [StartRaster] allocated=[1] image_id=[640] buffer=[0x86359000] stride=[1280]
I/BufferQueue(  245): [com.sixty.nidoneClient/com.sixty.nidoneClient.view.activity.SDK_WebApp](this:0xb7104d28,id:1790,api:1,p:13777,c:245) queueBuffer: fps=36.45 dur=1097.43 max=118.64 min=14.11
I/chromium(13777): [INFO:image_raster_worker_pool.cc(75)] [RunOnWorkerThread] --------------
I/chromium(13777): [INFO:resource_provider.cc(1770)] [StartRaster] allocated=[1] image_id=[536] buffer=[0x846fe000] stride=[1536]
I/chromium(13777): [INFO:image_raster_worker_pool.cc(75)] [RunOnWorkerThread] --------------
I/chromium(13777): [INFO:resource_provider.cc(1770)] [StartRaster] allocated=[1] image_id=[641] buffer=[0x7bdd6000] stride=[1536]
I/chromium(13777): [INFO:image_raster_worker_pool.cc(75)] [RunOnWorkerThread] --------------
I/chromium(13777): [INFO:resource_provider.cc(1770)] [StartRaster] allocated=[1] image_id=[642] buffer=[0x7be66000] stride=[1536]
I/chromium(13777): [INFO:image_raster_worker_pool.cc(75)] [RunOnWorkerThread] --------------
I/chromium(13777): [INFO:resource_provider.cc(1770)] [StartRaster] allocated=[1] image_id=[523] buffer=[0x951f9000] stride=[1536]
I/chromium(13777): [INFO:image_raster_worker_pool.cc(75)] [RunOnWorkerThread] --------------
I/chromium(13777): [INFO:resource_provider.cc(1770)] [StartRaster] allocated=[1] image_id=[564] buffer=[0x95f30000] stride=[1536]
I/chromium(13777): [INFO:image_raster_worker_pool.cc(75)] [RunOnWorkerThread] --------------
I/        (  245): [BWC INFO](245): get_bwc_mm_property success
I/SurfaceFlinger(  245): [Built-in Screen (type:0)] fps:36.414352,dur:1098.47,max:118.27,min:15.69
I/        (  245): [BWC INFO](245): get_bwc_mm_property success
I/        (  245): [BWC INFO](245): get_bwc_mm_property success
I/        (  245): [BWC INFO](245): get_bwc_mm_property success
I/        (  245): [BWC INFO](245): get_bwc_mm_property success
I/        (  245): [BWC INFO](245): get_bwc_mm_property success
I/        (  245): [BWC INFO](245): get_bwc_mm_property success
I/chromium(13777): [INFO:resource_provider.cc(1770)] [StartRaster] allocated=[1] image_id=[567] buffer=[0x960e0000] stride=[1536]
I/chromium(13777): [INFO:image_raster_worker_pool.cc(75)] [RunOnWorkerThread] --------------
I/chromium(13777): [INFO:resource_provider.cc(1770)] [StartRaster] allocated=[1] image_id=[494] buffer=[0x89cc1000] stride=[2048]
I/chromium(13777): [INFO:image_raster_worker_pool.cc(75)] [RunOnWorkerThread] --------------
I/chromium(13777): [INFO:resource_provider.cc(1770)] [StartRaster] allocated=[1] image_id=[527] buffer=[0x95439000] stride=[1536]
I/chromium(13777): [INFO:image_raster_worker_pool.cc(75)] [RunOnWorkerThread] --------------
I/chromium(13777): [INFO:resource_provider.cc(1770)] [StartRaster] allocated=[1] image_id=[480] buffer=[0x88aa9000] stride=[2048]
I/chromium(13777): [INFO:image_raster_worker_pool.cc(75)] [RunOnWorkerThread] --------------
I/chromium(13777): [INFO:resource_provider.cc(1770)] [StartRaster] allocated=[1] image_id=[540] buffer=[0x860f2000] stride=[1536]
I/chromium(13777): [INFO:image_raster_worker_pool.cc(75)] [RunOnWorkerThread] --------------
I/chromium(13777): [INFO:resource_provider.cc(1770)] [StartRaster] allocated=[1] image_id=[466] buffer=[0x84aec000] stride=[1536]
I/chromium(13777): [INFO:image_raster_worker_pool.cc(75)] [RunOnWorkerThread] --------------
I/chromium(13777): [INFO:resource_provider.cc(1770)] [StartRaster] allocated=[1] image_id=[615] buffer=[0x97355000] stride=[1536]
I/chromium(13777): [INFO:image_raster_worker_pool.cc(75)] [RunOnWorkerThread] --------------
I/chromium(13777): [INFO:resource_provider.cc(1770)] [StartRaster] allocated=[1] image_id=[518] buffer=[0x93005000] stride=[1536]
I/chromium(13777): [INFO:image_raster_worker_pool.cc(75)] [RunOnWorkerThread] --------------
I/chromium(13777): [INFO:resource_provider.cc(1770)] [StartRaster] allocated=[1] image_id=[610] buffer=[0x97085000] stride=[1536]
I/chromium(13777): [INFO:image_raster_worker_pool.cc(75)] [RunOnWorkerThread] --------------
I/chromium(13777): [INFO:resource_provider.cc(1770)] [StartRaster] allocated=[1] image_id=[643] buffer=[0x7c269000] stride=[1536]
I/chromium(13777): [INFO:image_raster_worker_pool.cc(75)] [RunOnWorkerThread] --------------
I/chromium(13777): [INFO:resource_provider.cc(1770)] [StartRaster] allocated=[1] image_id=[516] buffer=[0x8f203000] stride=[1536]
I/chromium(13777): [INFO:image_raster_worker_pool.cc(75)] [RunOnWorkerThread] --------------
I/chromium(13777): [INFO:resource_provider.cc(1770)] [StartRaster] allocated=[1] image_id=[560] buffer=[0x95cf0000] stride=[1536]
I/chromium(13777): [INFO:image_raster_worker_pool.cc(75)] [RunOnWorkerThread] --------------
I/chromium(13777): [INFO:resource_provider.cc(1770)] [StartRaster] allocated=[1] image_id=[617] buffer=[0x97475000] stride=[1536]
I/chromium(13777): [INFO:image_raster_worker_pool.cc(75)] [RunOnWorkerThread] --------------
I/chromium(13777): [INFO:resource_provider.cc(1770)] [StartRaster] allocated=[1] image_id=[542] buffer=[0x8641e000] stride=[1536]
I/chromium(13777): [INFO:image_raster_worker_pool.cc(75)] [RunOnWorkerThread] --------------
I/chromium(13777): [INFO:resource_provider.cc(1770)] [StartRaster] allocated=[1] image_id=[534] buffer=[0x83f09000] stride=[1536]
I/chromium(13777): [INFO:image_raster_worker_pool.cc(75)] [RunOnWorkerThread] --------------
I/chromium(13777): [INFO:resource_provider.cc(1770)] [StartRaster] allocated=[1] image_id=[578] buffer=[0x96710000] stride=[1536]
I/chromium(13777): [INFO:image_raster_worker_pool.cc(75)] [RunOnWorkerThread] --------------
I/chromium(13777): [INFO:resource_provider.cc(1770)] [StartRaster] allocated=[1] image_id=[498] buffer=[0x8a739000] stride=[1536]
I/chromium(13777): [INFO:image_raster_worker_pool.cc(75)] [RunOnWorkerThread] --------------
I/chromium(13777): [INFO:resource_provider.cc(1770)] [StartRaster] allocated=[1] image_id=[620] buffer=[0x97625000] stride=[1536]
I/chromium(13777): [INFO:image_raster_worker_pool.cc(75)] [RunOnWorkerThread] --------------
I/chromium(13777): [INFO:resource_provider.cc(1770)] [StartRaster] allocated=[1] image_id=[644] buffer=[0x7c2f9000] stride=[1536]
I/chromium(13777): [INFO:image_raster_worker_pool.cc(75)] [RunOnWorkerThread] --------------
I/chromium(13777): [INFO:resource_provider.cc(1770)] [StartRaster] allocated=[1] image_id=[565] buffer=[0x95fc0000] stride=[1536]
I/chromium(13777): [INFO:image_raster_worker_pool.cc(75)] [RunOnWorkerThread] --------------
I/chromium(13777): [INFO:resource_provider.cc(1770)] [StartRaster] allocated=[1] image_id=[555] buffer=[0x95ab0000] stride=[1536]
I/chromium(13777): [INFO:image_raster_worker_pool.cc(75)] [RunOnWorkerThread] --------------
I/chromium(13777): [INFO:resource_provider.cc(1770)] [StartRaster] allocated=[1] image_id=[517] buffer=[0x92f75000] stride=[1536]
I/chromium(13777): [INFO:image_raster_worker_pool.cc(75)] [RunOnWorkerThread] --------------
I/chromium(13777): [INFO:resource_provider.cc(1770)] [StartRaster] allocated=[1] image_id=[614] buffer=[0x972c5000] stride=[1536]
I/chromium(13777): [INFO:image_raster_worker_pool.cc(75)] [RunOnWorkerThread] --------------
I/chromium(13777): [INFO:resource_provider.cc(1770)] [StartRaster] allocated=[1] image_id=[539] buffer=[0x85f12000] stride=[1536]
I/chromium(13777): [INFO:image_raster_worker_pool.cc(75)] [RunOnWorkerThread] --------------
I/chromium(13777): [INFO:resource_provider.cc(1770)] [StartRaster] allocated=[1] image_id=[554] buffer=[0x95a20000] stride=[1536]
I/chromium(13777): [INFO:image_raster_worker_pool.cc(75)] [RunOnWorkerThread] --------------
I/chromium(13777): [INFO:resource_provider.cc(1770)] [StartRaster] allocated=[1] image_id=[640] buffer=[0x86359000] stride=[1280]
I/chromium(13777): [INFO:image_raster_worker_pool.cc(75)] [RunOnWorkerThread] --------------
I/chromium(13777): [INFO:resource_provider.cc(1770)] [StartRaster] allocated=[1] image_id=[548] buffer=[0x79f4a000] stride=[1280]
I/chromium(13777): [INFO:image_raster_worker_pool.cc(75)] [RunOnWorkerThread] --------------
I/chromium(13777): [INFO:resource_provider.cc(1770)] [StartRaster] allocated=[1] image_id=[597] buffer=[0x96b9c000] stride=[1280]
I/chromium(13777): [INFO:image_raster_worker_pool.cc(75)] [RunOnWorkerThread] --------------
I/        (  245): [BWC INFO](245): get_bwc_mm_property success
I/chromium(13777): [INFO:resource_provider.cc(1770)] [StartRaster] allocated=[1] image_id=[553] buffer=[0x95990000] stride=[1536]
I/chromium(13777): [INFO:image_raster_worker_pool.cc(75)] [RunOnWorkerThread] --------------
I/chromium(13777): [INFO:resource_provider.cc(1770)] [StartRaster] allocated=[1] image_id=[497] buffer=[0x8a206000] stride=[1536]
I/chromium(13777): [INFO:image_raster_worker_pool.cc(75)] [RunOnWorkerThread] --------------
I/chromium(13777): [INFO:resource_provider.cc(1770)] [StartRaster] allocated=[1] image_id=[566] buffer=[0x96050000] stride=[1536]
I/chromium(13777): [INFO:image_raster_worker_pool.cc(75)] [RunOnWorkerThread] --------------
I/chromium(13777): [INFO:resource_provider.cc(1770)] [StartRaster] allocated=[1] image_id=[505] buffer=[0x8ec57000] stride=[1536]
I/chromium(13777): [INFO:image_raster_worker_pool.cc(75)] [RunOnWorkerThread] --------------
I/chromium(13777): [INFO:resource_provider.cc(1770)] [StartRaster] allocated=[1] image_id=[562] buffer=[0x95e10000] stride=[1536]
I/chromium(13777): [INFO:image_raster_worker_pool.cc(75)] [RunOnWorkerThread] --------------
I/chromium(13777): [INFO:resource_provider.cc(1770)] [StartRaster] allocated=[1] image_id=[509] buffer=[0x8eea7000] stride=[1536]
I/chromium(13777): [INFO:image_raster_worker_pool.cc(75)] [RunOnWorkerThread] --------------
I/chromium(13777): [INFO:resource_provider.cc(1770)] [StartRaster] allocated=[1] image_id=[484] buffer=[0x88d90000] stride=[1536]
I/chromium(13777): [INFO:image_raster_worker_pool.cc(75)] [RunOnWorkerThread] --------------
I/chromium(13777): [INFO:resource_provider.cc(1770)] [StartRaster] allocated=[1] image_id=[604] buffer=[0x8886e000] stride=[1536]
I/chromium(13777): [INFO:image_raster_worker_pool.cc(75)] [RunOnWorkerThread] --------------
I/chromium(13777): [INFO:resource_provider.cc(1770)] [StartRaster] allocated=[1] image_id=[570] buffer=[0x96290000] stride=[1536]
I/chromium(13777): [INFO:image_raster_worker_pool.cc(75)] [RunOnWorkerThread] --------------
I/chromium(13777): [INFO:resource_provider.cc(1770)] [StartRaster] allocated=[1] image_id=[568] buffer=[0x96170000] stride=[1536]
I/chromium(13777): [INFO:image_raster_worker_pool.cc(75)] [RunOnWorkerThread] --------------
I/        (  245): [BWC INFO](245): get_bwc_mm_property success
I/        (  245): [BWC INFO](245): get_bwc_mm_property success
I/        (  245): [BWC INFO](245): get_bwc_mm_property success
I/        (  245): [BWC INFO](245): get_bwc_mm_property success
I/        (  245): [BWC INFO](245): get_bwc_mm_property success
I/        (  245): [BWC INFO](245): get_bwc_mm_property success
I/        (  245): [BWC INFO](245): get_bwc_mm_property success
I/        (  245): [BWC INFO](245): get_bwc_mm_property success
I/        (  245): [BWC INFO](245): get_bwc_mm_property success
I/        (  245): [BWC INFO](245): get_bwc_mm_property success
D/WindowManager( 1655): interceptKeyTq: result=1 keycode=181 screenIsOn=true keyguardActive=false policyFlags = #b000000 down =true canceled = false isWakeKey=false mVolumeDownKeyTriggered =false mVolumeUpKeyTriggered =false
D/WindowManager( 1655): interceptKeyTi keyCode=181 down=true repeatCount=0 keyguardOn=false mHomePressed=false canceled=false metaState:0
I/        (  245): [BWC INFO](245): get_bwc_mm_property success
D/WindowManager( 1655): interceptKeyTq: result=1 keycode=181 screenIsOn=true keyguardActive=false policyFlags = #b000000 down =false canceled = false isWakeKey=false mVolumeDownKeyTriggered =false mVolumeUpKeyTriggered =false
D/WindowManager( 1655): interceptKeyTi keyCode=181 down=false repeatCount=0 keyguardOn=false mHomePressed=false canceled=false metaState:0
W/ADB_SERVICES(  297): create_local_service_socket() name=shell:wm size
W/ADB_SERVICES(  297): service_to_fd() name=shell:wm size
W/ADB_SERVICES(  297): read_meminfo() mem_free=162324
W/ADB_SERVICES(  297): create_subprocess() ret_fd=15 pid=24684
W/ADB_SERVICES(  297): LS(6917): bound to 'shell:wm size' via 15
W/ADB_SERVICES(  297): create_local_service_socket() name=shell:
W/ADB_SERVICES(  297): service_to_fd() name=shell:
W/ADB_SERVICES(24684): adb: unable to open /proc/24684/oom_adj
I/        (  245): [BWC INFO](245): get_bwc_mm_property success
W/ADB_SERVICES(  297): read_meminfo() mem_free=162324
W/ADB_SERVICES(  297): create_subprocess() ret_fd=16 pid=24685
W/ADB_SERVICES(  297): LS(6918): bound to 'shell:' via 16
W/ADB_SERVICES(24685): adb: unable to open /proc/24685/oom_adj
I/        (  245): [BWC INFO](245): get_bwc_mm_property success
I/        (  245): [BWC INFO](245): get_bwc_mm_property success
I/chromium(13777): [INFO:resource_provider.cc(1770)] [StartRaster] allocated=[1] image_id=[580] buffer=[0x96830000] stride=[1536]
I/chromium(13777): [INFO:image_raster_worker_pool.cc(75)] [RunOnWorkerThread] --------------
I/chromium(13777): [INFO:resource_provider.cc(1770)] [StartRaster] allocated=[1] image_id=[515] buffer=[0x8f173000] stride=[1536]
I/chromium(13777): [INFO:image_raster_worker_pool.cc(75)] [RunOnWorkerThread] --------------
I/chromium(13777): [INFO:resource_provider.cc(1770)] [StartRaster] allocated=[1] image_id=[582] buffer=[0x96950000] stride=[1536]
I/chromium(13777): [INFO:image_raster_worker_pool.cc(75)] [RunOnWorkerThread] --------------
I/chromium(13777): [INFO:resource_provider.cc(1770)] [StartRaster] allocated=[1] image_id=[471] buffer=[0x865f5000] stride=[1536]
I/chromium(13777): [INFO:image_raster_worker_pool.cc(75)] [RunOnWorkerThread] --------------
I/chromium(13777): [INFO:resource_provider.cc(1770)] [StartRaster] allocated=[1] image_id=[493] buffer=[0x89e6f000] stride=[1536]
I/chromium(13777): [INFO:image_raster_worker_pool.cc(75)] [RunOnWorkerThread] --------------
I/chromium(13777): [INFO:resource_provider.cc(1770)] [StartRaster] allocated=[1] image_id=[608] buffer=[0x96afc000] stride=[1536]
I/chromium(13777): [INFO:image_raster_worker_pool.cc(75)] [RunOnWorkerThread] --------------
I/chromium(13777): [INFO:resource_provider.cc(1770)] [StartRaster] allocated=[1] image_id=[611] buffer=[0x97115000] stride=[1536]
I/chromium(13777): [INFO:image_raster_worker_pool.cc(75)] [RunOnWorkerThread] --------------
I/chromium(13777): [INFO:resource_provider.cc(1770)] [StartRaster] allocated=[1] image_id=[474] buffer=[0x87c5d000] stride=[1536]
I/chromium(13777): [INFO:image_raster_worker_pool.cc(75)] [RunOnWorkerThread] --------------
I/chromium(13777): [INFO:resource_provider.cc(1770)] [StartRaster] allocated=[1] image_id=[524] buffer=[0x95289000] stride=[1536]
I/chromium(13777): [INFO:image_raster_worker_pool.cc(75)] [RunOnWorkerThread] --------------
I/chromium(13777): [INFO:resource_provider.cc(1770)] [StartRaster] allocated=[1] image_id=[520] buffer=[0x95049000] stride=[1536]
I/chromium(13777): [INFO:image_raster_worker_pool.cc(75)] [RunOnWorkerThread] --------------
I/chromium(13777): [INFO:resource_provider.cc(1770)] [StartRaster] allocated=[1] image_id=[552] buffer=[0x95900000] stride=[1536]
I/chromium(13777): [INFO:image_raster_worker_pool.cc(75)] [RunOnWorkerThread] --------------
I/chromium(13777): [INFO:resource_provider.cc(1770)] [StartRaster] allocated=[1] image_id=[646] buffer=[0x7c419000] stride=[1536]
I/chromium(13777): [INFO:image_raster_worker_pool.cc(75)] [RunOnWorkerThread] --------------
I/chromium(13777): [INFO:resource_provider.cc(1770)] [StartRaster] allocated=[1] image_id=[495] buffer=[0x89f03000] stride=[1536]
I/chromium(13777): [INFO:image_raster_worker_pool.cc(75)] [RunOnWorkerThread] --------------
I/chromium(13777): [INFO:resource_provider.cc(1770)] [StartRaster] allocated=[1] image_id=[619] buffer=[0x97595000] stride=[1536]
I/chromium(13777): [INFO:image_raster_worker_pool.cc(75)] [RunOnWorkerThread] --------------
I/chromium(13777): [INFO:resource_provider.cc(1770)] [StartRaster] allocated=[1] image_id=[647] buffer=[0x7c4a9000] stride=[1536]
I/chromium(13777): [INFO:image_raster_worker_pool.cc(75)] [RunOnWorkerThread] --------------
I/chromium(13777): [INFO:resource_provider.cc(1770)] [StartRaster] allocated=[1] image_id=[649] buffer=[0x7c5c9000] stride=[1536]
I/chromium(13777): [INFO:image_raster_worker_pool.cc(75)] [RunOnWorkerThread] --------------
I/chromium(13777): [INFO:resource_provider.cc(1770)] [StartRaster] allocated=[1] image_id=[612] buffer=[0x971a5000] stride=[1536]
I/chromium(13777): [INFO:image_raster_worker_pool.cc(75)] [RunOnWorkerThread] --------------
I/chromium(13777): [INFO:resource_provider.cc(1770)] [StartRaster] allocated=[1] image_id=[537] buffer=[0x85c3a000] stride=[1536]
I/chromium(13777): [INFO:image_raster_worker_pool.cc(75)] [RunOnWorkerThread] --------------
I/chromium(13777): [INFO:resource_provider.cc(1770)] [StartRaster] allocated=[1] image_id=[529] buffer=[0x95559000] stride=[1280]
I/chromium(13777): [INFO:image_raster_worker_pool.cc(75)] [RunOnWorkerThread] --------------
I/        (  245): [BWC INFO](245): get_bwc_mm_property success
I/        (  245): [BWC INFO](245): get_bwc_mm_property success
D/WifiStateMachine( 1655): ConnectedState{ when=-3ms what=131155 arg1=14 target=com.android.internal.util.StateMachine$SmHandler target=Handler (com.android.internal.util.StateMachine$SmHandler) {43142030} }
D/WifiStateMachine( 1655): L2ConnectedState{ when=-3ms what=131155 arg1=14 target=com.android.internal.util.StateMachine$SmHandler target=Handler (com.android.internal.util.StateMachine$SmHandler) {43142030} }
D/WifiHW  ( 1655): enter -->wifi_send_command cmd=IFNAME=wlan0 SIGNAL_POLL
D/wpa_supplicant( 3981): RX ctrl_iface - hexdump(len=11): 53 49 47 4e 41 4c 5f 50 4f 4c 4c
D/wpa_supplicant( 3981): wlan0: Control interface command 'SIGNAL_POLL'
D/wpa_supplicant( 3981): nl80211: survey data missing!
D/wpa_supplicant( 3981): signal poll, reply_len=48
D/wpa_ctrl( 1655): reply_len=4095
D/WifiHW  ( 1655): leave --> reply=RSSI=-46
D/WifiHW  ( 1655): LINKSPEED=65
D/WifiHW  ( 1655): NOISE=9999
D/WifiHW  ( 1655): FREQUENCY=2412
D/WifiHW  ( 1655): 
D/wifi    ( 1655): doStringCommand, buf IFNAME=wlan0 SIGNAL_POLL
I/WifiStateMachine( 1655): fetchRssiAndLinkSpeedNative, newRssi:-46, newLinkSpeed:65, SSID:"60_dev_01"
D/WifiStateMachine( 1655): mRssiArray[0] = -44
D/WifiStateMachine( 1655): mRssiArray[1] = -47
D/WifiStateMachine( 1655): mRssiArray[2] = -47
D/WifiStateMachine( 1655): mRssiArray[3] = -46
D/WifiStateMachine( 1655): mRssiArray[4] = -44
D/WifiStateMachine( 1655): GetFilterRssi is : -45
D/WifiStateMachine( 1655): mLastSignalLevel:4, newSignalLevel:4
D/WifiStateMachine( 1655): fetchRssiAndLinkSpeedNative, ipAddr:1795166380
D/AndroidRuntime(24684): 
D/AndroidRuntime(24684): >>>>>> AndroidRuntime START com.android.internal.os.RuntimeInit <<<<<<
D/AndroidRuntime(24684): CheckJNI is OFF
D/AndroidRuntime(24684): language=-Duser.language=zh region=-Duser.region=CN
D/dalvikvm(24684): boot class : 
D/dalvikvm(24684):   (0) core.jar
D/dalvikvm(24684):   (1) conscrypt.jar
D/dalvikvm(24684):   (2) okhttp.jar
D/dalvikvm(24684):   (3) core-junit.jar
D/dalvikvm(24684):   (4) bouncycastle.jar
D/dalvikvm(24684):   (5) ext.jar
D/dalvikvm(24684):   (6) framework.jar
D/dalvikvm(24684):   (7) framework2.jar
D/dalvikvm(24684):   (8) telephony-common.jar
D/dalvikvm(24684):   (9) voip-common.jar
D/dalvikvm(24684):   (10) mms-common.jar
D/dalvikvm(24684):   (11) android.policy.jar
D/dalvikvm(24684):   (12) services.jar
D/dalvikvm(24684):   (13) apache-xml.jar
D/dalvikvm(24684):   (14) webviewchromium.jar
D/dalvikvm(24684):   (15) mediatek-common.jar
D/dalvikvm(24684):   (16) mediatek-framework.jar
D/dalvikvm(24684):   (17) CustomProperties.jar
D/dalvikvm(24684):   (18) mediatek-telephony-common.jar
D/dalvikvm(24684):   (19) mediatek-tablet.jar
D/dalvikvm(24684):   (20) oppo-framework.jar
D/dalvikvm(24684):   (21) am.jar
D/dalvikvm(24684): threadid=1: interp stack at 0x6d944000
D/dalvikvm(24684): dvmJarFileOpen: /system/framework/core.jar
D/ReserveFileInData(24690): Total_size = 12702646272 B = 12404928 KB = 12114 MB = 11 GB
D/ReserveFileInData(24690): Disk_free = 9010 MB = 8 GB
D/ReserveFileInData(24690): Disk_available = 8994 MB = 8 GB
D/ReserveFileInData(24690): availDataSize is 8994
D/dalvikvm(24684): dvmJarFileOpen: /system/framework/conscrypt.jar
D/dalvikvm(24684): dvmJarFileOpen: /system/framework/okhttp.jar
D/dalvikvm(24684): dvmJarFileOpen: /system/framework/core-junit.jar
D/dalvikvm(24684): dvmJarFileOpen: /system/framework/bouncycastle.jar
D/dalvikvm(24684): dvmJarFileOpen: /system/framework/ext.jar
