D/dalvikvm(24684): dvmJarFileOpen: /system/framework/framework.jar
D/dalvikvm(24684): dvmJarFileOpen: /system/framework/framework2.jar
D/dalvikvm(24684): dvmJarFileOpen: /system/framework/telephony-common.jar
D/dalvikvm(24684): dvmJarFileOpen: /system/framework/voip-common.jar
D/dalvikvm(24684): dvmJarFileOpen: /system/framework/mms-common.jar
D/dalvikvm(24684): dvmJarFileOpen: /system/framework/android.policy.jar
D/dalvikvm(24684): dvmJarFileOpen: /system/framework/services.jar
D/dalvikvm(24684): dvmJarFileOpen: /system/framework/apache-xml.jar
D/dalvikvm(24684): dvmJarFileOpen: /system/framework/webviewchromium.jar
D/dalvikvm(24684): dvmJarFileOpen: /system/framework/mediatek-common.jar
D/dalvikvm(24684): dvmJarFileOpen: /system/framework/mediatek-framework.jar
D/dalvikvm(24684): dvmJarFileOpen: /system/framework/CustomProperties.jar
D/dalvikvm(24684): dvmJarFileOpen: /system/framework/mediatek-telephony-common.jar
D/dalvikvm(24684): dvmJarFileOpen: /system/framework/mediatek-tablet.jar
D/dalvikvm(24684): dvmJarFileOpen: /system/framework/oppo-framework.jar
D/dalvikvm(24684): open_cached_dex_file : /system/framework/oppo-framework.jar /data/dalvik-cache/system@framework@oppo-framework.jar@classes.dex
D/dalvikvm(24684): process bootclasspath ex!!
D/dalvikvm(24684): dvmJarFileOpen: /system/framework/mediatek-op.jar
D/dalvikvm(24684): open_cached_dex_file : /system/framework/mediatek-op.jar /data/dalvik-cache/system@framework@mediatek-op.jar@classes.dex
D/dalvikvm(24684): Trying to load lib libjavacore.so 0x0
D/dalvikvm(24684): Added shared lib libjavacore.so 0x0
D/dalvikvm(24684): Trying to load lib libnativehelper.so 0x0
D/dalvikvm(24684): Added shared lib libnativehelper.so 0x0
D/dalvikvm(24684): No JNI_OnLoad found in libnativehelper.so 0x0, skipping init
D/dalvikvm(24684): +++ finishing prep on main VM thread
D/dalvikvm(24684): dvmJarFileOpen: /system/framework/wm.jar
I/dalvikvm(24684): DexOpt: mismatch dep name: '/data/dalvik-cache/system@framework@oppo-framework.jar@classes.dex' vs. '/system/framework/oppo-framework.odex'
D/dalvikvm(24684): == DexOpt: numDeps = 21
D/dalvikvm(24684): 0 : /system/framework/core.odex /system/framework/core.odex
D/dalvikvm(24684): 1 : /system/framework/conscrypt.odex /system/framework/conscrypt.odex
D/dalvikvm(24684): 2 : /system/framework/okhttp.odex /system/framework/okhttp.odex
D/dalvikvm(24684): 3 : /system/framework/core-junit.odex /system/framework/core-junit.odex
D/dalvikvm(24684): 4 : /system/framework/bouncycastle.odex /system/framework/bouncycastle.odex
D/dalvikvm(24684): 5 : /system/framework/ext.odex /system/framework/ext.odex
D/dalvikvm(24684): 6 : /system/framework/framework.odex /system/framework/framework.odex
D/dalvikvm(24684): 7 : /system/framework/framework2.odex /system/framework/framework2.odex
D/dalvikvm(24684): 8 : /system/framework/telephony-common.odex /system/framework/telephony-common.odex
D/dalvikvm(24684): 9 : /system/framework/voip-common.odex /system/framework/voip-common.odex
D/dalvikvm(24684): 10 : /system/framework/mms-common.odex /system/framework/mms-common.odex
D/dalvikvm(24684): 11 : /system/framework/android.policy.odex /system/framework/android.policy.odex
D/dalvikvm(24684): 12 : /system/framework/services.odex /system/framework/services.odex
D/dalvikvm(24684): 13 : /system/framework/apache-xml.odex /system/framework/apache-xml.odex
D/dalvikvm(24684): 14 : /system/framework/webviewchromium.odex /system/framework/webviewchromium.odex
D/dalvikvm(24684): 15 : /system/framework/mediatek-common.odex /system/framework/mediatek-common.odex
D/dalvikvm(24684): 16 : /system/framework/mediatek-framework.odex /system/framework/mediatek-framework.odex
D/dalvikvm(24684): 17 : /system/framework/CustomProperties.odex /system/framework/CustomProperties.odex
D/dalvikvm(24684): 18 : /system/framework/mediatek-telephony-common.odex /system/framework/mediatek-telephony-common.odex
D/dalvikvm(24684): 19 : /system/framework/mediatek-tablet.odex /system/framework/mediatek-tablet.odex
D/dalvikvm(24684): 20 : /system/framework/oppo-framework.odex /system/framework/oppo-framework.odex
D/dalvikvm(24684): 21 : NULL NULL
E/dalvikvm(24684): /system/framework/wm.jar odex has stale dependencies
D/dalvikvm(24684): open_cached_dex_file : /system/framework/wm.jar /data/dalvik-cache/system@framework@wm.jar@classes.dex
D/dalvikvm(24684): create interp thread : stack size=128KB
D/dalvikvm(24684): create new thread
D/dalvikvm(24684): new thread created
D/dalvikvm(24684): update thread list
D/dalvikvm(24684): threadid=2: interp stack at 0x72e8d000
D/dalvikvm(24684): threadid=2: created from interp
D/dalvikvm(24684): start new thread
D/dalvikvm(24684): threadid=2: notify debugger
D/dalvikvm(24684): threadid=2 (ReferenceQueueDaemon): calling run()
D/dalvikvm(24684): create interp thread : stack size=128KB
D/dalvikvm(24684): create new thread
D/dalvikvm(24684): new thread created
D/dalvikvm(24684): update thread list
D/dalvikvm(24684): threadid=3: interp stack at 0x72fad000
D/dalvikvm(24684): threadid=3: created from interp
D/dalvikvm(24684): start new thread
D/dalvikvm(24684): threadid=3: notify debugger
D/dalvikvm(24684): threadid=3 (FinalizerDaemon): calling run()
D/dalvikvm(24684): create interp thread : stack size=128KB
D/dalvikvm(24684): create new thread
D/dalvikvm(24684): new thread created
D/dalvikvm(24684): update thread list
D/dalvikvm(24684): threadid=4: interp stack at 0x730cd000
D/dalvikvm(24684): threadid=4: created from interp
D/dalvikvm(24684): start new thread
D/dalvikvm(24684): threadid=4: notify debugger
D/dalvikvm(24684): threadid=4 (FinalizerWatchdogDaemon): calling run()
D/dalvikvm(24684): threadid=5: interp stack at 0x732ef000
D/dalvikvm(24684): threadid=6: interp stack at 0x73410000
D/dalvikvm(24684): Elevating priority from 0 to -8
D/jdwp    (24684): prepping for JDWP over ADB
D/dalvikvm(24684): threadid=7: interp stack at 0x73533000
D/jdwp    (24684): JDWP: thread running
D/dalvikvm(24684): threadid=8: interp stack at 0x73654000
D/jdwp    (24684): trying to receive file descriptor from ADB
D/ADB_SERVICES(  297): Adding socket 17 pid 24684 to jdwp process list
D/dalvikvm(24684): Note: class Landroid/app/ActivityManagerNative; has 194 unimplemented (abstract) methods
E/memtrack(24684): Couldn't load memtrack module (No such file or directory)
E/android.os.Debug(24684): failed to load memtrack module: -2
D/AndroidRuntime(24684): Calling main entry com.android.commands.wm.Wm
D/dalvikvm(24684): threadid=9: interp stack at 0x73b37000
D/dalvikvm(24684): threadid=10: interp stack at 0x73c57000
D/WindowManager( 1655): interceptKeyTq: result=1 keycode=44 screenIsOn=true keyguardActive=false policyFlags = #b000000 down =true canceled = false isWakeKey=false mVolumeDownKeyTriggered =false mVolumeUpKeyTriggered =false
D/WindowManager( 1655): interceptKeyTi keyCode=44 down=true repeatCount=0 keyguardOn=false mHomePressed=false canceled=false metaState:0
D/AndroidRuntime(24684): Shutting down VM
D/dalvikvm(24684): threadid=1: bye!
D/dalvikvm(24684): DestroyJavaVM waiting for non-daemon threads to exit
D/dalvikvm(24684): threadid=1: interp stack at 0x73c94000
D/dalvikvm(24684): threadid=10: bye!
D/dalvikvm(24684): threadid=9: bye!
D/dalvikvm(24684): DestroyJavaVM shutting VM down
D/dalvikvm(24684): VM shutting down
D/dalvikvm(24684): between the previous GC alloc  702K
D/dalvikvm(24684): GC_CONCURRENT freed 95K (978), 14% free 607K/704K, paused 0ms+0ms, total 3ms
D/dalvikvm(24684): threadid=5: bye!
D/jdwp    (24684): JDWP shutting down net...
D/jdwp    (24684): +++ writing to wakePipe
E/jdwp    (24684): jdwp::setsockopt(SO_SNDTIMEO)
E/jdwp    (24684): jdwp::setsockopt(SO_RCVTIMEO)
D/jdwp    (24684): JDWP: thread exiting
D/dalvikvm(24684): threadid=7: bye!
W/ADB_SERVICES(  297): terminating JDWP 24684 connection: Try again
D/ADB_SERVICES(  297): remove pid 24684 to jdwp process list
D/jdwp    (24684): JDWP freeing netstate...
I/dalvikvm(24684): threadid=6: ignore signal 3
D/dalvikvm(24684): threadid=6: bye!
D/dalvikvm(24684): 118 compilations using 4096 + 13140 bytes
D/dalvikvm(24684): Compiler arena uses 6 blocks (8100 bytes each)
D/dalvikvm(24684): Compiler work queue length is 0/10
D/dalvikvm(24684): JIT: table size is 4096, entries used is 125
D/dalvikvm(24684): JIT: 125 traces, 4096 slots, 4 chains, 40 thresh, Non-blocking
D/dalvikvm(24684): JIT: 72 Translation chains, 7 interp stubs
D/dalvikvm(24684): dalvik.vm.jit.op = 0-2,7,a,c,e-f,11-14,1c-1e,21,23,28,2c,32-39,44,46,48-49,4b,4d,50,52,54-55,59,62,70-71,8e,90,95-96,b0-b1,b5,d5,d8,da,dd,e0-e2,ee,f0-f2,f4-f6,f8,
D/dalvikvm(24684): Code size stats: 0/466 (compiled/total Dalvik), 0 (native)
D/dalvikvm(24684): Compiler thread shutting down
D/dalvikvm(24684): threadid=8: bye!
D/dalvikvm(24684): Compiler thread has shut down
D/dalvikvm(24684): threadid=1: suspending daemon id=4 name='FinalizerWatchdogDaemon'
D/dalvikvm(24684): threadid=1: suspending daemon id=3 name='FinalizerDaemon'
D/dalvikvm(24684): threadid=1: suspending daemon id=2 name='ReferenceQueueDaemon'
W/UnimplementedWebViewApi(13777): Unimplemented WebView method onKeyMultiple called from: android.webkit.WebView.onKeyMultiple(WebView.java:2273)
W/UnimplementedWebViewApi(13777): Unimplemented WebView method onKeyDown called from: android.webkit.WebView.onKeyDown(WebView.java:2263)
D/AppWidgetMgr(13777): syncExecBaseEvent windowCount = 1
D/WindowManager( 1655): interceptKeyTq: result=1 keycode=44 screenIsOn=true keyguardActive=false policyFlags = #b000000 down =false canceled = false isWakeKey=false mVolumeDownKeyTriggered =false mVolumeUpKeyTriggered =false
D/WindowManager( 1655): interceptKeyTi keyCode=44 down=false repeatCount=0 keyguardOn=false mHomePressed=false canceled=false metaState:0
I/uSDK    (13777): [CAE][D][2017-12-26 17:09:24.513341][cae_softap_user_task:730][buffer fd or timeout ]
I/uSDK    (13777): [CAE][D][2017-12-26 17:09:24.513462][cae_su_read_buffer_to_send:630][count[0]***]
I/uSDK    (13777): [CAE][D][2017-12-26 17:09:24.513481][su_ctx_fd_set:692][MAX fd[-1]]
I/chromium(13777): [INFO:resource_provider.cc(1770)] [StartRaster] allocated=[1] image_id=[648] buffer=[0x7c539000] stride=[1536]
I/chromium(13777): [INFO:image_raster_worker_pool.cc(75)] [RunOnWorkerThread] --------------
I/chromium(13777): [INFO:resource_provider.cc(1770)] [StartRaster] allocated=[1] image_id=[477] buffer=[0x87bdc000] stride=[2048]
I/chromium(13777): [INFO:image_raster_worker_pool.cc(75)] [RunOnWorkerThread] --------------
I/chromium(13777): [INFO:resource_provider.cc(1770)] [StartRaster] allocated=[1] image_id=[508] buffer=[0x8ee17000] stride=[1536]
I/chromium(13777): [INFO:image_raster_worker_pool.cc(75)] [RunOnWorkerThread] --------------
I/chromium(13777): [INFO:resource_provider.cc(1770)] [StartRaster] allocated=[1] image_id=[492] buffer=[0x89c61000] stride=[2048]
I/chromium(13777): [INFO:image_raster_worker_pool.cc(75)] [RunOnWorkerThread] --------------
I/chromium(13777): [INFO:resource_provider.cc(1770)] [StartRaster] allocated=[1] image_id=[465] buffer=[0x847be000] stride=[2048]
I/chromium(13777): [INFO:image_raster_worker_pool.cc(75)] [RunOnWorkerThread] --------------
I/chromium(13777): [INFO:resource_provider.cc(1770)] [StartRaster] allocated=[1] image_id=[640] buffer=[0x86359000] stride=[1280]
I/chromium(13777): [INFO:image_raster_worker_pool.cc(75)] [RunOnWorkerThread] --------------
I/chromium(13777): [INFO:resource_provider.cc(1770)] [StartRaster] allocated=[1] image_id=[479] buffer=[0x82dd2000] stride=[1280]
I/chromium(13777): [INFO:image_raster_worker_pool.cc(75)] [RunOnWorkerThread] --------------
I/        (  245): [BWC INFO](245): get_bwc_mm_property success
I/console (13777): [LOG] ws=heartTest.success at dist/js/source/push.js:1
D/dalvikvm(24684): threadid=1: all daemons have suspended
D/dalvikvm(24684): VM cleaning up
D/dalvikvm(24684): LinearAlloc 0x0 used 1393748 of 33554432 (4%)
D/ADB_SERVICES(  297):  closing because is_eof=1 r=-1 s->fde.force_eof=0
W/ADB_SERVICES(  297): entered. LS(6917) fd=15
W/ADB_SERVICES(  297): create_local_service_socket() name=shell:cat /proc/meminfo
W/ADB_SERVICES(  297): service_to_fd() name=shell:cat /proc/meminfo
W/ADB_SERVICES(  297): read_meminfo() mem_free=161772
W/ADB_SERVICES(  297): create_subprocess() ret_fd=15 pid=24700
W/ADB_SERVICES(  297): LS(6919): bound to 'shell:cat /proc/meminfo' via 15
W/ADB_SERVICES(24700): adb: unable to open /proc/24700/oom_adj
D/ADB_SERVICES(  297):  closing because is_eof=1 r=1 s->fde.force_eof=0
W/ADB_SERVICES(  297): entered. LS(6919) fd=15
W/ADB_SERVICES(  297): create_local_service_socket() name=shell:cat /system/build.prop
W/ADB_SERVICES(  297): service_to_fd() name=shell:cat /system/build.prop
W/ADB_SERVICES(  297): read_meminfo() mem_free=161928
W/ADB_SERVICES(  297): create_subprocess() ret_fd=15 pid=24701
W/ADB_SERVICES(  297): LS(6920): bound to 'shell:cat /system/build.prop' via 15
W/ADB_SERVICES(24701): adb: unable to open /proc/24701/oom_adj
D/ADB_SERVICES(  297):  closing because is_eof=1 r=-1 s->fde.force_eof=0
W/ADB_SERVICES(  297): entered. LS(6920) fd=15
W/ADB_SERVICES(  297): create_local_service_socket() name=shell:cat /proc/cpuinfo
W/ADB_SERVICES(  297): service_to_fd() name=shell:cat /proc/cpuinfo
W/ADB_SERVICES(  297): read_meminfo() mem_free=161928
W/ADB_SERVICES(  297): create_subprocess() ret_fd=15 pid=24702
W/ADB_SERVICES(  297): LS(6921): bound to 'shell:cat /proc/cpuinfo' via 15
W/ADB_SERVICES(24702): adb: unable to open /proc/24702/oom_adj
D/ADB_SERVICES(  297):  closing because is_eof=1 r=1 s->fde.force_eof=0
W/ADB_SERVICES(  297): entered. LS(6921) fd=15
W/ADB_SERVICES(  297): create_local_service_socket() name=shell:monkey -p com.sixty.nidoneClient --throttle 500 --ignore-crashes --ignore-timeouts --monitor-native-crashes -v -v -v 10
W/ADB_SERVICES(  297): service_to_fd() name=shell:monkey -p com.sixty.nidoneClient --throttle 500 --ignore-crashes --ignore-timeouts --monitor-native-crashes -v -v -v 10
W/ADB_SERVICES(  297): read_meminfo() mem_free=161984
W/ADB_SERVICES(  297): create_subprocess() ret_fd=15 pid=24703
W/ADB_SERVICES(  297): LS(6922): bound to 'shell:monkey -p com.sixty.nidoneClient --throttle 500 --ignore-crashes --ignore-timeouts --monitor-native-crashes -v -v -v 10' via 15
W/ADB_SERVICES(24703): adb: unable to open /proc/24703/oom_adj
W/ADB_SERVICES(  297): create_local_service_socket() name=shell:export ANDROID_LOG_TAGS="" ; exec logcat -d
W/ADB_SERVICES(  297): service_to_fd() name=shell:export ANDROID_LOG_TAGS="" ; exec logcat -d
W/ADB_SERVICES(  297): read_meminfo() mem_free=161928
W/ADB_SERVICES(  297): create_subprocess() ret_fd=17 pid=24704
W/ADB_SERVICES(  297): LS(6923): bound to 'shell:export ANDROID_LOG_TAGS="" ; exec logcat -d' via 17
W/ADB_SERVICES(24704): adb: unable to open /proc/24704/oom_adj
W/ADB_SERVICES(  297): create_local_service_socket() name=shell:cat /data/anr/traces.txt
W/ADB_SERVICES(  297): service_to_fd() name=shell:cat /data/anr/traces.txt
W/ADB_SERVICES(  297): read_meminfo() mem_free=162072
W/ADB_SERVICES(  297): create_subprocess() ret_fd=28 pid=24705
W/ADB_SERVICES(  297): LS(6924): bound to 'shell:cat /data/anr/traces.txt' via 28
W/ADB_SERVICES(24705): adb: unable to open /proc/24705/oom_adj
D/ADB_SERVICES(  297):  closing because is_eof=1 r=-1 s->fde.force_eof=0
W/ADB_SERVICES(  297): entered. LS(6924) fd=28
D/WindowManager( 1655): interceptKeyTq: result=1 keycode=23 screenIsOn=true keyguardActive=false policyFlags = #b000000 down =true canceled = false isWakeKey=false mVolumeDownKeyTriggered =false mVolumeUpKeyTriggered =false
D/WindowManager( 1655): interceptKeyTi keyCode=23 down=true repeatCount=0 keyguardOn=false mHomePressed=false canceled=false metaState:0
D/WindowManager( 1655): interceptKeyTq: result=1 keycode=23 screenIsOn=true keyguardActive=false policyFlags = #b000000 down =false canceled = false isWakeKey=false mVolumeDownKeyTriggered =false mVolumeUpKeyTriggered =false
D/WindowManager( 1655): interceptKeyTi keyCode=23 down=false repeatCount=0 keyguardOn=false mHomePressed=false canceled=false metaState:0
