D/ConnectivityService( 1797): getActiveNetworkInfo:NetworkInfo: type: WIFI[], state: CONNECTED/CONNECTED, reason: (unspecified), extra: "60_dev_01", roaming: false, failover: false, isAvailable: true, isConnectedToProvisioningNetwork: false, simId: 0/10090
D/WifiStateMachine( 1797): ConnectedState{ when=-3ms what=131155 arg1=8 target=com.android.internal.util.StateMachine$SmHandler target=Handler (com.android.internal.util.StateMachine$SmHandler) {4317edc0} }
D/WifiStateMachine( 1797): L2ConnectedState{ when=-3ms what=131155 arg1=8 target=com.android.internal.util.StateMachine$SmHandler target=Handler (com.android.internal.util.StateMachine$SmHandler) {4317edc0} }
D/WifiHW  ( 1797): enter -->wifi_send_command cmd=IFNAME=wlan0 SIGNAL_POLL
D/wpa_supplicant( 4131): RX ctrl_iface - hexdump(len=11): 53 49 47 4e 41 4c 5f 50 4f 4c 4c
D/wpa_supplicant( 4131): wlan0: Control interface command 'SIGNAL_POLL'
D/wpa_supplicant( 4131): nl80211: survey data missing!
D/wpa_supplicant( 4131): signal poll, reply_len=48
D/wpa_ctrl( 1797): reply_len=4095
D/WifiHW  ( 1797): leave --> reply=RSSI=-46
D/WifiHW  ( 1797): LINKSPEED=65
D/WifiHW  ( 1797): NOISE=9999
D/WifiHW  ( 1797): FREQUENCY=2412
D/WifiHW  ( 1797): 
D/wifi    ( 1797): doStringCommand, buf IFNAME=wlan0 SIGNAL_POLL
I/WifiStateMachine( 1797): fetchRssiAndLinkSpeedNative, newRssi:-46, newLinkSpeed:65, SSID:"60_dev_01"
D/WifiStateMachine( 1797): mRssiArray[0] = -45
D/WifiStateMachine( 1797): mRssiArray[1] = -46
D/WifiStateMachine( 1797): mRssiArray[2] = -46
D/WifiStateMachine( 1797): mRssiArray[3] = -47
D/WifiStateMachine( 1797): mRssiArray[4] = -47
D/WifiStateMachine( 1797): GetFilterRssi is : -46
D/WifiStateMachine( 1797): mLastSignalLevel:4, newSignalLevel:4
D/WifiStateMachine( 1797): fetchRssiAndLinkSpeedNative, ipAddr:2013270188
V/ActivityManager( 1797): Broadcast sticky: Intent { act=android.intent.action.SIG_STR flg=0x10 (has extras) } ordered=false userid=-1 callerApp=ProcessRecord{42767e10 1797:system/1000}
D/cell strength( 4291): ===== cell singal strength changed : 21
D/dalvikvm( 4701): create interp thread : stack size=128KB
D/dalvikvm( 4701): create new thread
D/dalvikvm( 4701): new thread created
D/dalvikvm( 4701): update thread list
D/dalvikvm( 4701): threadid=28: interp stack at 0x7c3fb000
D/dalvikvm( 4701): threadid=28: created from interp
D/dalvikvm( 4701): start new thread
D/dalvikvm( 4701): threadid=28: notify debugger
D/dalvikvm( 4701): threadid=28 (Thread-2296): calling run()
I/KSO_STAT( 4701): App is in background, stop update end time, ready to start a new session.
D/SQLiteDatabase( 4701): beginTransaction()
D/SQLiteDatabase( 4701): endTransaction()
D/dalvikvm( 4701): threadid=28: exiting
D/dalvikvm( 4701): threadid=28: bye!
I/ANRManager( 1797): updateProcessStats
D/PhoneInterfaceManagerEx( 4362): [PhoneIntfMgrEx] hasIccCard  simId=0
D/PhoneInterfaceManagerEx( 4362): [PhoneIntfMgrEx] hasIccCard  simId=1
D/BatteryService( 1797): mBatteryVoltage=3999, batteryLevel=50
V/ActivityManager( 1797): Broadcast sticky: Intent { act=android.intent.action.ADDITIONAL_BATTERY_CHANGED flg=0x60000010 (has extras) } ordered=false userid=-1 callerApp=null
V/ActivityManager( 1797): Broadcast sticky: Intent { act=android.intent.action.BATTERY_CHANGED flg=0x60000010 (has extras) } ordered=false userid=-1 callerApp=null
D/PowerSaveService( 4528): PowerSaveReceiver EXTRA_STATUS: status = 2, lastCharging = true
D/HeadsetStateMachine( 6191): Disconnected process message: 10
D/WifiService( 1797): onReceive, action:android.intent.action.BATTERY_CHANGED
D/UsbDeviceManager( 1797): onReceive - BATTERY_CHANGED - mPlugType: 2, mSettingUsbCharging: false, mConnected: true, mSettingUsbBicr: false
V/ActivityManager( 1797): Broadcast sticky: Intent { act=android.intent.action.ADDITIONAL_BATTERY_CHANGED flg=0x60000010 (has extras) } ordered=false userid=-1 callerApp=null
D/WifiController( 1797): DeviceActiveState{ when=-1ms what=155652 arg1=2 target=com.android.internal.util.StateMachine$SmHandler target=Handler (com.android.internal.util.StateMachine$SmHandler) {432227a8} }
D/WifiController( 1797): StaEnabledState{ when=-1ms what=155652 arg1=2 target=com.android.internal.util.StateMachine$SmHandler target=Handler (com.android.internal.util.StateMachine$SmHandler) {432227a8} }
D/WifiController( 1797): DefaultState{ when=-1ms what=155652 arg1=2 target=com.android.internal.util.StateMachine$SmHandler target=Handler (com.android.internal.util.StateMachine$SmHandler) {432227a8} }
D/WifiController( 1797): battery changed pluggedType: 2
V/ActivityManager( 1797): Broadcast sticky: Intent { act=android.intent.action.ADDITIONAL_BATTERY_CHANGED flg=0x60000010 (has extras) } ordered=false userid=-1 callerApp=null
D/BluetoothAdapter(12358): isEnabled
E/Gl      (12358): [main]: .Gl$a.handleMessage:441
E/Gl      (12358): RE_CONNECTION list 1
E/BleController(12358): [main]: .bleconn.bluetooth.BleController.b:198
E/BleController(12358): start scanning
D/ConnectivityService( 1797): getActiveNetworkInfo:NetworkInfo: type: WIFI[], state: CONNECTED/CONNECTED, reason: (unspecified), extra: "60_dev_01", roaming: false, failover: false, isAvailable: true, isConnectedToProvisioningNetwork: false, simId: 0/10188
D/ActivityThread(12358): SVC-Calling onStartCommand: com.moji.airnut.bleconn.bluetooth.BleDiscoveryGattService@42acddb8, flags=0, startId=291
D/BluetoothAdapter(12358): stopLeScan()
E/CheckPermission(12358): _bluetooth code = 9 
D/BtGatt.GattService( 6191): stopScan() - queue=1
D/BtGatt.GattService( 6191): stopScan() - queue empty; stopping scan
D/BTIF_GATT_CLIENT( 6191): [GATT] btif_gattc_scan
D/BTIF_GATT_CLIENT( 6191): btif_gattc_scan
I/bt_ext_apis.c( 6191): btmtk_util_find_profile_msg_handler search profile_id:[21]
I/bt_ext_apis.c( 6191): [JNI] btmtk_sendmsg(cmd=4007, ptr=0x78908138, len=36)
I/bt_ext_apis.c( 6191): [JNI] send msg success : 36
D/BtGatt.GattService( 6191): unregisterClient() - clientIf=2
D/BTIF_GATT_CLIENT( 6191): [GATT] btif_gattc_unregister_app
D/BTIF_GATT_CLIENT( 6191): btif_gattc_unregister_app
I/bt_ext_apis.c( 6191): btmtk_util_find_profile_msg_handler search profile_id:[21]
I/bt_ext_apis.c( 6191): [JNI] btmtk_sendmsg(cmd=4002, ptr=0x77e08140, len=36)
I/bt_ext_apis.c( 6191): [JNI] send msg success : 36
I/BTIF_CORE( 6191): [btif_task]:Polling returned!
I/BTIF_CORE( 6191): [btif_task]:Start retrieve data pollMemberCount=10!
I/BTIF_CORE( 6191): [btif_task]:fd 7 data ready!
I/BTIF_CORE( 6191): [btif_task]:pollData[i].fd data ready : revents = 0x1!
D/BluetoothAdapter(12358): isEnabled
I/BTIF_CORE( 6191): in profile[0] handler!
I/BTIF_CORE( 6191): out profile[0] handler!
I/BTIF_CORE( 6191): in profile[3] handler!
I/BTIF_CORE( 6191): out profile[3] handler!
I/BTIF_CORE( 6191): in profile[5] handler!
I/BTIF_CORE( 6191): out profile[5] handler!
I/BTIF_CORE( 6191): in profile[1] handler!
I/BTIF_CORE( 6191): out profile[1] handler!
I/BTIF_CORE( 6191): in profile[11] handler!
I/BTIF_CORE( 6191): out profile[11] handler!
I/BTIF_CORE( 6191): in profile[18] handler!
I/BTIF_CORE( 6191): out profile[18] handler!
I/BTIF_CORE( 6191): in profile[12] handler!
I/BTIF_CORE( 6191): out profile[12] handler!
I/BTIF_CORE( 6191): in profile[21] handler!
D/BTIF_GATT_CLIENT( 6191): [GATT] gattc_handle_message
D/BTIF_GATT_CLIENT( 6191): [GATT] gattc_handle_message : msg_id=4008
D/BTIF_GATT_CLIENT( 6191): [GATT] findContextByContext
D/BTIF_GATT_CLIENT( 6191): [GATT] context[1] = 0xb70c099c found
D/BTIF_GATT_CLIENT( 6191): [GATT] gattc_handle_scan_cancel_cnf
I/BTIF_CORE( 6191): out profile[21] handler!
I/BTIF_CORE( 6191): [btif_task]:Start polling!
I/BTIF_CORE( 6191): [btif_task]:Polling returned!
I/BTIF_CORE( 6191): [btif_task]:Start retrieve data pollMemberCount=10!
I/BTIF_CORE( 6191): [btif_task]:fd 7 data ready!
I/BTIF_CORE( 6191): [btif_task]:pollData[i].fd data ready : revents = 0x1!
I/BTIF_CORE( 6191): in profile[0] handler!
I/BTIF_CORE( 6191): out profile[0] handler!
I/BTIF_CORE( 6191): in profile[3] handler!
I/BTIF_CORE( 6191): out profile[3] handler!
I/BTIF_CORE( 6191): in profile[5] handler!
I/BTIF_CORE( 6191): out profile[5] handler!
I/BTIF_CORE( 6191): in profile[1] handler!
I/BTIF_CORE( 6191): out profile[1] handler!
I/BTIF_CORE( 6191): in profile[11] handler!
I/BTIF_CORE( 6191): out profile[11] handler!
I/BTIF_CORE( 6191): in profile[18] handler!
I/BTIF_CORE( 6191): out profile[18] handler!
I/BTIF_CORE( 6191): in profile[12] handler!
I/BTIF_CORE( 6191): out profile[12] handler!
I/BTIF_CORE( 6191): in profile[21] handler!
D/BTIF_GATT_CLIENT( 6191): [GATT] gattc_handle_message
D/BTIF_GATT_CLIENT( 6191): [GATT] gattc_handle_message : msg_id=4003
D/BTIF_GATT_CLIENT( 6191): [GATT] findContextByContext
D/BTIF_GATT_CLIENT( 6191): [GATT] context[1] = 0xb70c099c found
D/BTIF_GATT_CLIENT( 6191): [GATT] gattc_handle_deregister_cnf
I/BTIF_CORE( 6191): out profile[21] handler!
I/BTIF_CORE( 6191): [btif_task]:Start polling!
D/BluetoothAdapter(12358): startLeScan(): null
E/CheckPermission(12358): _bluetooth code = 9 
D/BtGatt.GattService( 6191): registerClient() - UUID=5e240b54-de89-4f4b-9e10-a5ca188c3982
D/BTIF_GATT_CLIENT( 6191): [GATT] allocFreeContext
D/BTIF_GATT( 6191): [GATT] client appuuid : uuid : len(16) : 82:39:8C:18:CA:A5:10:9E:4B:4F:89:DE:54:0B:24:5E
D/BTIF_GATT_CLIENT( 6191): [GATT] alloc client slot 0
D/BTIF_GATT_CLIENT( 6191): [GATT] btif_gattc_register_app
D/BTIF_GATT_CLIENT( 6191): btif_gattc_register_app
I/bt_ext_apis.c( 6191): btmtk_util_find_profile_msg_handler search profile_id:[21]
I/bt_ext_apis.c( 6191): [JNI] btmtk_sendmsg(cmd=4000, ptr=0x78908100, len=48)
I/bt_ext_apis.c( 6191): [JNI] send msg success : 48
I/BTIF_CORE( 6191): [btif_task]:Polling returned!
I/BTIF_CORE( 6191): [btif_task]:Start retrieve data pollMemberCount=10!
I/BTIF_CORE( 6191): [btif_task]:fd 7 data ready!
I/BTIF_CORE( 6191): [btif_task]:pollData[i].fd data ready : revents = 0x1!
I/BTIF_CORE( 6191): in profile[0] handler!
I/BTIF_CORE( 6191): out profile[0] handler!
I/BTIF_CORE( 6191): in profile[3] handler!
I/BTIF_CORE( 6191): out profile[3] handler!
I/BTIF_CORE( 6191): in profile[5] handler!
I/BTIF_CORE( 6191): out profile[5] handler!
I/BTIF_CORE( 6191): in profile[1] handler!
I/BTIF_CORE( 6191): out profile[1] handler!
I/BTIF_CORE( 6191): in profile[11] handler!
I/BTIF_CORE( 6191): out profile[11] handler!
I/BTIF_CORE( 6191): in profile[18] handler!
I/BTIF_CORE( 6191): out profile[18] handler!
I/BTIF_CORE( 6191): in profile[12] handler!
I/BTIF_CORE( 6191): out profile[12] handler!
I/BTIF_CORE( 6191): in profile[21] handler!
D/BTIF_GATT_CLIENT( 6191): [GATT] gattc_handle_message
D/BTIF_GATT_CLIENT( 6191): [GATT] gattc_handle_message : msg_id=4001
D/BTIF_GATT_CLIENT( 6191): [GATT] findContextByAppUUID
D/BTIF_GATT_CLIENT( 6191): [GATT] context[0] = 0x0 found
D/BTIF_GATT_CLIENT( 6191): [GATT] gattc_handle_register_cnf
D/BtGatt.GattService( 6191): onClientRegistered() - UUID=5e240b54-de89-4f4b-9e10-a5ca188c3982, clientIf=1
D/BluetoothAdapter(12358): onClientRegistered() - status=0 clientIf=1
E/CheckPermission(12358): _bluetooth code = 9 
D/BtGatt.GattService( 6191): startScan() - queue=0
D/BtGatt.GattService( 6191): startScan() - adding client=1
D/BTIF_GATT_CLIENT( 6191): [GATT] btif_gattc_scan
D/BTIF_GATT_CLIENT( 6191): btif_gattc_scan
I/bt_ext_apis.c( 6191): btmtk_util_find_profile_msg_handler search profile_id:[21]
I/bt_ext_apis.c( 6191): [JNI] btmtk_sendmsg(cmd=4004, ptr=0x785434e0, len=36)
I/bt_ext_apis.c( 6191): [JNI] send msg success : 36
I/BTIF_CORE( 6191): out profile[21] handler!
I/BTIF_CORE( 6191): [btif_task]:Start polling!
D/ActivityThread(12358): SVC-SERVICE_ARGS handled : 0 / ServiceArgsData{token=android.os.BinderProxy@42739ad8 startId=291 args=Intent { cmp=com.moji.airnut/.bleconn.bluetooth.BleDiscoveryGattService (has extras) }}
I/BTIF_CORE( 6191): [btif_task]:Polling returned!
I/BTIF_CORE( 6191): [btif_task]:Start retrieve data pollMemberCount=10!
I/BTIF_CORE( 6191): [btif_task]:fd 7 data ready!
I/BTIF_CORE( 6191): [btif_task]:pollData[i].fd data ready : revents = 0x1!
I/BTIF_CORE( 6191): in profile[0] handler!
I/BTIF_CORE( 6191): out profile[0] handler!
I/BTIF_CORE( 6191): in profile[3] handler!
I/BTIF_CORE( 6191): out profile[3] handler!
I/BTIF_CORE( 6191): in profile[5] handler!
I/BTIF_CORE( 6191): out profile[5] handler!
I/BTIF_CORE( 6191): in profile[1] handler!
I/BTIF_CORE( 6191): out profile[1] handler!
I/BTIF_CORE( 6191): in profile[11] handler!
I/BTIF_CORE( 6191): out profile[11] handler!
I/BTIF_CORE( 6191): in profile[18] handler!
I/BTIF_CORE( 6191): out profile[18] handler!
I/BTIF_CORE( 6191): in profile[12] handler!
I/BTIF_CORE( 6191): out profile[12] handler!
I/BTIF_CORE( 6191): in profile[21] handler!
D/BTIF_GATT_CLIENT( 6191): [GATT] gattc_handle_message
D/BTIF_GATT_CLIENT( 6191): [GATT] gattc_handle_message : msg_id=4005
D/BTIF_GATT_CLIENT( 6191): [GATT] findContextByContext
D/BTIF_GATT_CLIENT( 6191): [GATT] context[0] = 0xb70c0a20 found
D/BTIF_GATT_CLIENT( 6191): [GATT] gattc_handle_scan_result_ind
I/BT_UTILS( 6191): btmtk_util_reverse_array: dest addr=0x09:14:3F:D3:20:22
D/BtGatt.GattService( 6191): onScanResult() - address=09:14:3F:D3:20:22, rssi=-89
D/BluetoothAdapter(12358): onScanResult() - Device=09:14:3F:D3:20:22 RSSI=-89
I/BTIF_CORE( 6191): out profile[21] handler!
I/BTIF_CORE( 6191): [btif_task]:Start polling!
I/BTIF_CORE( 6191): [btif_task]:Polling returned!
I/BTIF_CORE( 6191): [btif_task]:Start retrieve data pollMemberCount=10!
I/BTIF_CORE( 6191): [btif_task]:fd 7 data ready!
I/BTIF_CORE( 6191): [btif_task]:pollData[i].fd data ready : revents = 0x1!
I/BTIF_CORE( 6191): in profile[0] handler!
I/BTIF_CORE( 6191): out profile[0] handler!
I/BTIF_CORE( 6191): in profile[3] handler!
I/BTIF_CORE( 6191): out profile[3] handler!
I/BTIF_CORE( 6191): in profile[5] handler!
I/BTIF_CORE( 6191): out profile[5] handler!
I/BTIF_CORE( 6191): in profile[1] handler!
I/BTIF_CORE( 6191): out profile[1] handler!
I/BTIF_CORE( 6191): in profile[11] handler!
I/BTIF_CORE( 6191): out profile[11] handler!
I/BTIF_CORE( 6191): in profile[18] handler!
I/BTIF_CORE( 6191): out profile[18] handler!
I/BTIF_CORE( 6191): in profile[12] handler!
I/BTIF_CORE( 6191): out profile[12] handler!
I/BTIF_CORE( 6191): in profile[21] handler!
D/BTIF_GATT_CLIENT( 6191): [GATT] gattc_handle_message
D/BTIF_GATT_CLIENT( 6191): [GATT] gattc_handle_message : msg_id=4005
D/BTIF_GATT_CLIENT( 6191): [GATT] findContextByContext
D/BTIF_GATT_CLIENT( 6191): [GATT] context[0] = 0xb70c0a20 found
D/BTIF_GATT_CLIENT( 6191): [GATT] gattc_handle_scan_result_ind
I/BT_UTILS( 6191): btmtk_util_reverse_array: dest addr=0x0A:E4:DD:4F:05:A4
D/BtGatt.GattService( 6191): onScanResult() - address=0A:E4:DD:4F:05:A4, rssi=-65
D/BluetoothAdapter(12358): onScanResult() - Device=0A:E4:DD:4F:05:A4 RSSI=-65
I/BTIF_CORE( 6191): out profile[21] handler!
I/BTIF_CORE( 6191): [btif_task]:Start polling!
I/BTIF_CORE( 6191): [btif_task]:Polling returned!
I/BTIF_CORE( 6191): [btif_task]:Start retrieve data pollMemberCount=10!
I/BTIF_CORE( 6191): [btif_task]:fd 7 data ready!
I/BTIF_CORE( 6191): [btif_task]:pollData[i].fd data ready : revents = 0x1!
I/BTIF_CORE( 6191): in profile[0] handler!
I/BTIF_CORE( 6191): out profile[0] handler!
I/BTIF_CORE( 6191): in profile[3] handler!
I/BTIF_CORE( 6191): out profile[3] handler!
I/BTIF_CORE( 6191): in profile[5] handler!
I/BTIF_CORE( 6191): out profile[5] handler!
I/BTIF_CORE( 6191): in profile[1] handler!
I/BTIF_CORE( 6191): out profile[1] handler!
I/BTIF_CORE( 6191): in profile[11] handler!
I/BTIF_CORE( 6191): out profile[11] handler!
I/BTIF_CORE( 6191): in profile[18] handler!
I/BTIF_CORE( 6191): out profile[18] handler!
I/BTIF_CORE( 6191): in profile[12] handler!
I/BTIF_CORE( 6191): out profile[12] handler!
I/BTIF_CORE( 6191): in profile[21] handler!
D/BTIF_GATT_CLIENT( 6191): [GATT] gattc_handle_message
D/BTIF_GATT_CLIENT( 6191): [GATT] gattc_handle_message : msg_id=4005
D/BTIF_GATT_CLIENT( 6191): [GATT] findContextByContext
D/BTIF_GATT_CLIENT( 6191): [GATT] context[0] = 0xb70c0a20 found
D/BTIF_GATT_CLIENT( 6191): [GATT] gattc_handle_scan_result_ind
I/BT_UTILS( 6191): btmtk_util_reverse_array: dest addr=0x2F:3D:12:45:B2:EB
D/BtGatt.GattService( 6191): onScanResult() - address=2F:3D:12:45:B2:EB, rssi=-71
D/BluetoothAdapter(12358): onScanResult() - Device=2F:3D:12:45:B2:EB RSSI=-71
I/BTIF_CORE( 6191): out profile[21] handler!
I/BTIF_CORE( 6191): [btif_task]:Start polling!
I/BTIF_CORE( 6191): [btif_task]:Polling returned!
I/BTIF_CORE( 6191): [btif_task]:Start retrieve data pollMemberCount=10!
I/BTIF_CORE( 6191): [btif_task]:fd 7 data ready!
I/BTIF_CORE( 6191): [btif_task]:pollData[i].fd data ready : revents = 0x1!
I/BTIF_CORE( 6191): in profile[0] handler!
I/BTIF_CORE( 6191): out profile[0] handler!
I/BTIF_CORE( 6191): in profile[3] handler!
I/BTIF_CORE( 6191): out profile[3] handler!
I/BTIF_CORE( 6191): in profile[5] handler!
I/BTIF_CORE( 6191): out profile[5] handler!
I/BTIF_CORE( 6191): in profile[1] handler!
I/BTIF_CORE( 6191): out profile[1] handler!
I/BTIF_CORE( 6191): in profile[11] handler!
I/BTIF_CORE( 6191): out profile[11] handler!
I/BTIF_CORE( 6191): in profile[18] handler!
I/BTIF_CORE( 6191): out profile[18] handler!
I/BTIF_CORE( 6191): in profile[12] handler!
I/BTIF_CORE( 6191): out profile[12] handler!
I/BTIF_CORE( 6191): in profile[21] handler!
D/BTIF_GATT_CLIENT( 6191): [GATT] gattc_handle_message
D/BTIF_GATT_CLIENT( 6191): [GATT] gattc_handle_message : msg_id=4005
D/BTIF_GATT_CLIENT( 6191): [GATT] findContextByContext
D/BTIF_GATT_CLIENT( 6191): [GATT] context[0] = 0xb70c0a20 found
D/BTIF_GATT_CLIENT( 6191): [GATT] gattc_handle_scan_result_ind
I/BT_UTILS( 6191): btmtk_util_reverse_array: dest addr=0x30:21:FA:F9:8F:8D
D/BtGatt.GattService( 6191): onScanResult() - address=30:21:FA:F9:8F:8D, rssi=-58
D/BluetoothAdapter(12358): onScanResult() - Device=30:21:FA:F9:8F:8D RSSI=-58
I/BTIF_CORE( 6191): out profile[21] handler!
I/BTIF_CORE( 6191): [btif_task]:Start polling!
I/BTIF_CORE( 6191): [btif_task]:Polling returned!
I/BTIF_CORE( 6191): [btif_task]:Start retrieve data pollMemberCount=10!
I/BTIF_CORE( 6191): [btif_task]:fd 7 data ready!
I/BTIF_CORE( 6191): [btif_task]:pollData[i].fd data ready : revents = 0x1!
I/BTIF_CORE( 6191): in profile[0] handler!
I/BTIF_CORE( 6191): out profile[0] handler!
I/BTIF_CORE( 6191): in profile[3] handler!
I/BTIF_CORE( 6191): out profile[3] handler!
I/BTIF_CORE( 6191): in profile[5] handler!
I/BTIF_CORE( 6191): out profile[5] handler!
I/BTIF_CORE( 6191): in profile[1] handler!
I/BTIF_CORE( 6191): out profile[1] handler!
I/BTIF_CORE( 6191): in profile[11] handler!
I/BTIF_CORE( 6191): out profile[11] handler!
I/BTIF_CORE( 6191): in profile[18] handler!
I/BTIF_CORE( 6191): out profile[18] handler!
I/BTIF_CORE( 6191): in profile[12] handler!
I/BTIF_CORE( 6191): out profile[12] handler!
I/BTIF_CORE( 6191): in profile[21] handler!
D/BTIF_GATT_CLIENT( 6191): [GATT] gattc_handle_message
D/BTIF_GATT_CLIENT( 6191): [GATT] gattc_handle_message : msg_id=4005
D/BTIF_GATT_CLIENT( 6191): [GATT] findContextByContext
D/BTIF_GATT_CLIENT( 6191): [GATT] context[0] = 0xb70c0a20 found
D/BTIF_GATT_CLIENT( 6191): [GATT] gattc_handle_scan_result_ind
I/BT_UTILS( 6191): btmtk_util_reverse_array: dest addr=0xF4:5C:89:C4:47:68
D/BtGatt.GattService( 6191): onScanResult() - address=F4:5C:89:C4:47:68, rssi=-73
D/BluetoothAdapter(12358): onScanResult() - Device=F4:5C:89:C4:47:68 RSSI=-73
I/BTIF_CORE( 6191): out profile[21] handler!
I/BTIF_CORE( 6191): [btif_task]:Start polling!
I/BTIF_CORE( 6191): [btif_task]:Polling returned!
I/BTIF_CORE( 6191): [btif_task]:Start retrieve data pollMemberCount=10!
I/BTIF_CORE( 6191): [btif_task]:fd 7 data ready!
I/BTIF_CORE( 6191): [btif_task]:pollData[i].fd data ready : revents = 0x1!
I/BTIF_CORE( 6191): in profile[0] handler!
I/BTIF_CORE( 6191): out profile[0] handler!
I/BTIF_CORE( 6191): in profile[3] handler!
I/BTIF_CORE( 6191): out profile[3] handler!
I/BTIF_CORE( 6191): in profile[5] handler!
I/BTIF_CORE( 6191): out profile[5] handler!
I/BTIF_CORE( 6191): in profile[1] handler!
I/BTIF_CORE( 6191): out profile[1] handler!
I/BTIF_CORE( 6191): in profile[11] handler!
I/BTIF_CORE( 6191): out profile[11] handler!
I/BTIF_CORE( 6191): in profile[18] handler!
I/BTIF_CORE( 6191): out profile[18] handler!
I/BTIF_CORE( 6191): in profile[12] handler!
I/BTIF_CORE( 6191): out profile[12] handler!
I/BTIF_CORE( 6191): in profile[21] handler!
D/BTIF_GATT_CLIENT( 6191): [GATT] gattc_handle_message
D/BTIF_GATT_CLIENT( 6191): [GATT] gattc_handle_message : msg_id=4005
D/BTIF_GATT_CLIENT( 6191): [GATT] findContextByContext
D/BTIF_GATT_CLIENT( 6191): [GATT] context[0] = 0xb70c0a20 found
D/BTIF_GATT_CLIENT( 6191): [GATT] gattc_handle_scan_result_ind
I/BT_UTILS( 6191): btmtk_util_reverse_array: dest addr=0x51:96:DE:D1:EF:82
D/BtGatt.GattService( 6191): onScanResult() - address=51:96:DE:D1:EF:82, rssi=-73
D/BluetoothAdapter(12358): onScanResult() - Device=51:96:DE:D1:EF:82 RSSI=-73
I/BTIF_CORE( 6191): out profile[21] handler!
I/BTIF_CORE( 6191): [btif_task]:Start polling!
I/ANRManager( 1797): CPU update time < 2.5sec
D/WifiStateMachine( 1797): ConnectedState{ when=0 what=131155 arg1=8 target=com.android.internal.util.StateMachine$SmHandler target=Handler (com.android.internal.util.StateMachine$SmHandler) {4317edc0} }
D/WifiStateMachine( 1797): L2ConnectedState{ when=0 what=131155 arg1=8 target=com.android.internal.util.StateMachine$SmHandler target=Handler (com.android.internal.util.StateMachine$SmHandler) {4317edc0} }
D/WifiHW  ( 1797): enter -->wifi_send_command cmd=IFNAME=wlan0 SIGNAL_POLL
D/wpa_supplicant( 4131): RX ctrl_iface - hexdump(len=11): 53 49 47 4e 41 4c 5f 50 4f 4c 4c
D/wpa_supplicant( 4131): wlan0: Control interface command 'SIGNAL_POLL'
D/wpa_supplicant( 4131): nl80211: survey data missing!
D/wpa_supplicant( 4131): signal poll, reply_len=48
D/wpa_ctrl( 1797): reply_len=4095
D/WifiHW  ( 1797): leave --> reply=RSSI=-46
D/WifiHW  ( 1797): LINKSPEED=65
D/WifiHW  ( 1797): NOISE=9999
D/WifiHW  ( 1797): FREQUENCY=2412
D/WifiHW  ( 1797): 
D/wifi    ( 1797): doStringCommand, buf IFNAME=wlan0 SIGNAL_POLL
I/WifiStateMachine( 1797): fetchRssiAndLinkSpeedNative, newRssi:-46, newLinkSpeed:65, SSID:"60_dev_01"
D/WifiStateMachine( 1797): mRssiArray[0] = -46
D/WifiStateMachine( 1797): mRssiArray[1] = -46
D/WifiStateMachine( 1797): mRssiArray[2] = -46
D/WifiStateMachine( 1797): mRssiArray[3] = -47
D/WifiStateMachine( 1797): mRssiArray[4] = -47
D/WifiStateMachine( 1797): GetFilterRssi is : -46
D/WifiStateMachine( 1797): mLastSignalLevel:4, newSignalLevel:4
D/WifiStateMachine( 1797): fetchRssiAndLinkSpeedNative, ipAddr:2013270188
I/uSDK    ( 8420): [CAE][D][2017-12-27 18:07:33.753806][cae_softap_user_task:730][buffer fd or timeout ]
I/uSDK    ( 8420): [CAE][D][2017-12-27 18:07:33.753846][cae_su_read_buffer_to_send:630][count[0]***]
I/uSDK    ( 8420): [CAE][D][2017-12-27 18:07:33.753863][su_ctx_fd_set:692][MAX fd[-1]]
I/BTIF_CORE( 6191): [btif_task]:Polling returned!
I/BTIF_CORE( 6191): [btif_task]:Start retrieve data pollMemberCount=10!
I/BTIF_CORE( 6191): [btif_task]:fd 7 data ready!
I/BTIF_CORE( 6191): [btif_task]:pollData[i].fd data ready : revents = 0x1!
I/BTIF_CORE( 6191): in profile[0] handler!
I/BTIF_CORE( 6191): out profile[0] handler!
I/BTIF_CORE( 6191): in profile[3] handler!
I/BTIF_CORE( 6191): out profile[3] handler!
I/BTIF_CORE( 6191): in profile[5] handler!
I/BTIF_CORE( 6191): out profile[5] handler!
I/BTIF_CORE( 6191): in profile[1] handler!
I/BTIF_CORE( 6191): out profile[1] handler!
I/BTIF_CORE( 6191): in profile[11] handler!
I/BTIF_CORE( 6191): out profile[11] handler!
I/BTIF_CORE( 6191): in profile[18] handler!
I/BTIF_CORE( 6191): out profile[18] handler!
I/BTIF_CORE( 6191): in profile[12] handler!
I/BTIF_CORE( 6191): out profile[12] handler!
I/BTIF_CORE( 6191): in profile[21] handler!
D/BTIF_GATT_CLIENT( 6191): [GATT] gattc_handle_message
D/BTIF_GATT_CLIENT( 6191): [GATT] gattc_handle_message : msg_id=4005
D/BTIF_GATT_CLIENT( 6191): [GATT] findContextByContext
D/BTIF_GATT_CLIENT( 6191): [GATT] context[0] = 0xb70c0a20 found
D/BTIF_GATT_CLIENT( 6191): [GATT] gattc_handle_scan_result_ind
I/BT_UTILS( 6191): btmtk_util_reverse_array: dest addr=0x61:9F:C1:4B:03:0A
D/BtGatt.GattService( 6191): onScanResult() - address=61:9F:C1:4B:03:0A, rssi=-78
D/BluetoothAdapter(12358): onScanResult() - Device=61:9F:C1:4B:03:0A RSSI=-78
I/BTIF_CORE( 6191): out profile[21] handler!
I/BTIF_CORE( 6191): [btif_task]:Start polling!
D/WifiStateMachine( 1797): ConnectedState{ when=-3ms what=131155 arg1=8 target=com.android.internal.util.StateMachine$SmHandler target=Handler (com.android.internal.util.StateMachine$SmHandler) {4317edc0} }
D/WifiStateMachine( 1797): L2ConnectedState{ when=-3ms what=131155 arg1=8 target=com.android.internal.util.StateMachine$SmHandler target=Handler (com.android.internal.util.StateMachine$SmHandler) {4317edc0} }
D/WifiHW  ( 1797): enter -->wifi_send_command cmd=IFNAME=wlan0 SIGNAL_POLL
D/wpa_supplicant( 4131): RX ctrl_iface - hexdump(len=11): 53 49 47 4e 41 4c 5f 50 4f 4c 4c
D/wpa_supplicant( 4131): wlan0: Control interface command 'SIGNAL_POLL'
D/wpa_supplicant( 4131): nl80211: survey data missing!
D/wpa_supplicant( 4131): signal poll, reply_len=48
D/wpa_ctrl( 1797): reply_len=4095
D/WifiHW  ( 1797): leave --> reply=RSSI=-43
D/WifiHW  ( 1797): LINKSPEED=65
D/WifiHW  ( 1797): NOISE=9999
D/WifiHW  ( 1797): FREQUENCY=2412
D/WifiHW  ( 1797): 
D/wifi    ( 1797): doStringCommand, buf IFNAME=wlan0 SIGNAL_POLL
I/WifiStateMachine( 1797): fetchRssiAndLinkSpeedNative, newRssi:-43, newLinkSpeed:65, SSID:"60_dev_01"
D/WifiStateMachine( 1797): mRssiArray[0] = -46
D/WifiStateMachine( 1797): mRssiArray[1] = -46
D/WifiStateMachine( 1797): mRssiArray[2] = -46
D/WifiStateMachine( 1797): mRssiArray[3] = -47
D/WifiStateMachine( 1797): mRssiArray[4] = -47
D/WifiStateMachine( 1797): GetFilterRssi is : -43
D/WifiStateMachine( 1797): mLastSignalLevel:4, newSignalLevel:4
D/WifiStateMachine( 1797): fetchRssiAndLinkSpeedNative, ipAddr:2013270188
D/dalvikvm( 4701): create interp thread : stack size=128KB
D/dalvikvm( 4701): create new thread
D/dalvikvm( 4701): new thread created
D/dalvikvm( 4701): update thread list
D/dalvikvm( 4701): threadid=28: interp stack at 0x7c3fb000
D/dalvikvm( 4701): threadid=28: created from interp
D/dalvikvm( 4701): start new thread
D/dalvikvm( 4701): threadid=28: notify debugger
D/dalvikvm( 4701): threadid=28 (Thread-2297): calling run()
I/KSO_STAT( 4701): App is in background, stop update end time, ready to start a new session.
D/SQLiteDatabase( 4701): beginTransaction()
D/SQLiteDatabase( 4701): endTransaction()
D/dalvikvm( 4701): threadid=28: exiting
D/dalvikvm( 4701): threadid=28: bye!
V/ActivityManager( 1797): Broadcast sticky: Intent { act=android.intent.action.ADDITIONAL_BATTERY_CHANGED flg=0x60000010 (has extras) } ordered=false userid=-1 callerApp=null
V/ActivityManager( 1797): Broadcast sticky: Intent { act=android.intent.action.ADDITIONAL_BATTERY_CHANGED flg=0x60000010 (has extras) } ordered=false userid=-1 callerApp=null
V/ActivityManager( 1797): Broadcast sticky: Intent { act=android.intent.action.ADDITIONAL_BATTERY_CHANGED flg=0x60000010 (has extras) } ordered=false userid=-1 callerApp=null
I/uSDK    ( 8420): [CAE][D][2017-12-27 18:07:38.778196][cae_softap_user_task:730][buffer fd or timeout ]
I/uSDK    ( 8420): [CAE][D][2017-12-27 18:07:38.778237][cae_su_read_buffer_to_send:630][count[0]***]
I/uSDK    ( 8420): [CAE][D][2017-12-27 18:07:38.778253][su_ctx_fd_set:692][MAX fd[-1]]
D/WifiStateMachine( 1797): ConnectedState{ when=-2ms what=131155 arg1=8 target=com.android.internal.util.StateMachine$SmHandler target=Handler (com.android.internal.util.StateMachine$SmHandler) {4317edc0} }
D/WifiStateMachine( 1797): L2ConnectedState{ when=-3ms what=131155 arg1=8 target=com.android.internal.util.StateMachine$SmHandler target=Handler (com.android.internal.util.StateMachine$SmHandler) {4317edc0} }
D/WifiHW  ( 1797): enter -->wifi_send_command cmd=IFNAME=wlan0 SIGNAL_POLL
D/wpa_supplicant( 4131): RX ctrl_iface - hexdump(len=11): 53 49 47 4e 41 4c 5f 50 4f 4c 4c
D/wpa_supplicant( 4131): wlan0: Control interface command 'SIGNAL_POLL'
D/wpa_supplicant( 4131): nl80211: survey data missing!
D/wpa_supplicant( 4131): signal poll, reply_len=48
D/wpa_ctrl( 1797): reply_len=4095
D/WifiHW  ( 1797): leave --> reply=RSSI=-43
D/WifiHW  ( 1797): LINKSPEED=65
D/WifiHW  ( 1797): NOISE=9999
D/WifiHW  ( 1797): FREQUENCY=2412
D/WifiHW  ( 1797): 
D/wifi    ( 1797): doStringCommand, buf IFNAME=wlan0 SIGNAL_POLL
I/WifiStateMachine( 1797): fetchRssiAndLinkSpeedNative, newRssi:-43, newLinkSpeed:65, SSID:"60_dev_01"
D/WifiStateMachine( 1797): mRssiArray[0] = -46
D/WifiStateMachine( 1797): mRssiArray[1] = -46
D/WifiStateMachine( 1797): mRssiArray[2] = -43
D/WifiStateMachine( 1797): mRssiArray[3] = -47
D/WifiStateMachine( 1797): mRssiArray[4] = -47
D/WifiStateMachine( 1797): GetFilterRssi is : -43
D/WifiStateMachine( 1797): mLastSignalLevel:4, newSignalLevel:4
D/WifiStateMachine( 1797): fetchRssiAndLinkSpeedNative, ipAddr:2013270188
I/AP_PROF ( 1797): unable to open /proc/mtprof/status entry
D/LightsService( 1797): setLight_native: light=2, colorARGB=0xff404040, flashMode=0, onMS=0, offMS=0, brightnessMode=0
D/lights  ( 1797): write_int open fd=-1
I/AP_PROF ( 1797): unable to open /proc/mtprof/status entry
I/AP_PROF ( 1797): unable to open /proc/mtprof/status entry
V/Provider/Settings( 1797): get setting for user 0 by user 0 so skipping cache
V/Provider/Settings( 1797):  from settings cache , name = haptic_feedback_enabled , value = 1
V/Provider/Settings( 1797): get setting for user -2 by user 0 so skipping cache
V/Provider/Settings( 1797): get setting for user -2 by user 0 so skipping cache
V/Provider/Settings( 1797): from db cache, name = haptic_feedback_enabled , value = 1
I/Provider/Settings( 1797): call-query of user -2 by 0 so not updating cache
D/AppOps  ( 1797): startOperation: allowing code 3 uid 1000 package android
D/dalvikvm( 1797): create interp thread : stack size=128KB
D/dalvikvm( 1797): create new thread
D/dalvikvm( 1797): new thread created
D/dalvikvm( 1797): update thread list
D/dalvikvm( 1797): threadid=90: interp stack at 0x83f4a000
D/dalvikvm( 1797): threadid=90: created from interp
D/dalvikvm( 1797): start new thread
D/WindowManager( 1797): interceptKeyTq: result=1 keycode=3 screenIsOn=true keyguardActive=false policyFlags = #2000000 down =true canceled = false isWakeKey=false mVolumeDownKeyTriggered =false mVolumeUpKeyTriggered =false
D/dalvikvm( 1797): threadid=90: notify debugger
D/dalvikvm( 1797): threadid=90 (Thread-3818): calling run()
D/WindowManager( 1797): interceptKeyTi keyCode=3 down=true repeatCount=0 keyguardOn=false mHomePressed=false canceled=false metaState:0
D/dalvikvm( 1797): threadid=90: exiting
D/dalvikvm( 1797): threadid=90: bye!
D/WindowManager( 1797): interceptKeyTq: result=1 keycode=3 screenIsOn=true keyguardActive=false policyFlags = #2000000 down =false canceled = false isWakeKey=false mVolumeDownKeyTriggered =false mVolumeUpKeyTriggered =false
D/dalvikvm( 4701): create interp thread : stack size=128KB
D/dalvikvm( 4701): create new thread
D/dalvikvm( 4701): new thread created
D/dalvikvm( 4701): update thread list
D/dalvikvm( 4701): threadid=28: interp stack at 0x7c3fb000
D/dalvikvm( 4701): threadid=28: created from interp
D/dalvikvm( 4701): start new thread
D/dalvikvm( 4701): threadid=28: notify debugger
V/Provider/Settings( 1797): get setting for user 0 by user 0 so skipping cache
D/dalvikvm( 4701): threadid=28 (Thread-2298): calling run()
V/Provider/Settings( 1797): from db cache, name = oppo_double_press_home_lock_screen , value = 0
V/ActivityManager( 1797): Broadcast: Intent { act=android.intent.action.CLOSE_SYSTEM_DIALOGS flg=0x50000010 (has extras) } ordered=false userid=-1 callerApp=null
I/ActivityManager( 1797): START u0 {act=android.intent.action.MAIN cat=[android.intent.category.HOME] flg=0x10200000 cmp=com.oppo.launcher/.Launcher} from pid 1797
E/ActivityManager( 1797): START {act=android.intent.action.MAIN cat=[android.intent.category.HOME] flg=0x10200000 cmp=com.oppo.launcher/.Launcher u=0} from pid 1797
D/ActivityManager( 1797): ACT-moveHomeTask toFront : true homeInFront = false
D/ActivityManager( 1797): ACT-moveHomeTask toFront : true homeInFront = true
D/ActivityManager( 1797): ACT-BMW, insertTaskAtTop fromHome = false lastStack = ActivityStack{4310d8b8 stackId=4, 12 tasks} this = ActivityStack{4293f2e0 stackId=0, 1 tasks} topTask() = TaskRecord{429ff4e0 #1 A=com.oppo.launcher U=0 sz=1}
I/libPerfService( 1797): 1: set: 2
I/BufferQueue( 1797): [unnamed-1797-91](this:0x803b2600,id:91,api:0,p:-1,c:-1) BufferQueue queue=(1797:system_server)
I/BufferQueue( 1797): [unnamed-1797-91](this:0x803b2600,id:91,api:0,p:-1,c:1797) consumerConnect consumer=(1797:system_server) controlledByApp=false
I/BufferQueue( 1797): [unnamed-1797-91](this:0x803b2600,id:91,api:0,p:-1,c:1797) setConsumerName: unnamed-1797-91
I/BufferQueue( 1797): [ScreenshotClient](this:0x803b2600,id:91,api:0,p:-1,c:1797) setConsumerName: ScreenshotClient
I/BufferQueue( 1797): [ScreenshotClient](this:0x803b2600,id:91,api:1,p:246,c:1797) connect: api=1 producer=(246:/system/bin/surfaceflinger) producerControlledByApp=false
I/BufferQueue( 1797): [ScreenshotClient](this:0x803b2600,id:91,api:1,p:246,c:1797) new GraphicBuffer needed
I/[MALI][Gralloc](  246): [MTK]GRALLOC enter alloc_device_alloc()! pHandle=0x0xb71978ec
I/[MALI][Gralloc](  246): usage: 0x333, format: 0x1 stride: 496 vertical_stride: 874 size: 1734016
I/[MALI][Gralloc](  246): [MTK]GRALLOC ready to go ion alloc arrrrrrrrr!!!! pHandle=0x0xb71978ec
D/GraphicBuffer(  246): alloc, handle(0xb71bf388) (w:492 h:874 s:496 f:0x1 u:0x000333) err(0)
D/GraphicBuffer( 1797): register, handle(0x827754a0) (w:492 h:874 s:496 f:0x1 u:0x000333)
W/GraphicBufferExtra_hal( 1797): gralloc extra device setBufInfo(...) is not supported
D/GraphicBuffer(  246): free, handle(0xb71bf388) (w:492 h:874 s:496 f:0x1 u:0x000333)
D/GraphicBuffer(  246): register, handle(0xb713b108) (w:492 h:874 s:496 f:0x1 u:0x000333)
D/GraphicBuffer(  246): unregister, handle(0xb713b108) (w:492 h:874 s:496 f:0x1 u:0x000333)
I/BufferQueue( 1797): [ScreenshotClient](this:0x803b2600,id:91,api:1,p:-1,c:1797) disconnect: api=1
I/BufferQueue( 1797): [ScreenshotClient](this:0x803b2600,id:91,api:1,p:-1,c:1797) getReleasedBuffers: returning mask 0xffffffff
I/KSO_STAT( 4701): App is in background, stop update end time, ready to start a new session.
D/SQLiteDatabase( 4701): beginTransaction()
D/SQLiteDatabase( 4701): endTransaction()
D/dalvikvm( 4701): threadid=28: exiting
D/dalvikvm( 4701): threadid=28: bye!
I/BufferQueue( 1797): [ScreenshotClient](this:0x803b2600,id:91,api:1,p:-1,c:-1) consumerDisconnect
D/GraphicBuffer( 1797): unregister, handle(0x827754a0) (w:492 h:874 s:496 f:0x1 u:0x000333)
I/BufferQueue( 1797): [ScreenshotClient](this:0x803b2600,id:91,api:1,p:-1,c:-1) ~BufferQueue
D/dalvikvm( 1797): currentAlloc=52315672 - lastAllocatedSize=42897936 < 10485760, don't trigger GC
D/AppOps  ( 1797): startOperation: allowing code 40 uid 1000 package android
D/ActivityManager( 1797): launchFlags = 10200000, launchMode = 2, realActivity = ComponentInfo{com.oppo.launcher/com.oppo.launcher.Launcher}, task.realActivity = ComponentInfo{com.oppo.launcher/com.oppo.launcher.Launcher}
I/ActivityManager( 1797): topActivity.packageName = com.oppo.launcher
E/InputLog( 1797): WindowManager :  startDockOrHome ok
I/ouyang100( 8420):     Activity onPause^^^^^^^^^^^^^^com.sixty.nidoneClient
I/System.out( 8420): [CDS]close[13131]
D/WebView ( 8420): evaluateJavascript=javascript:(function(){if(!((window.__html5plus__&&__html5plus__.isReady)?__html5plus__:(navigator.plus&&navigator.plus.isReady)?navigator.plus:window.plus)){window.__load__plus__&&window.__load__plus__();}var e = document.createEvent('HTMLEvents');var evt = 'pause';e.initEvent(evt, false, true);/*console.log('dispatch ' + evt + ' event');*/document.dispatchEvent(e);})();
V/websync ( 8420): *** WebSyncManager stopSync ***, Ref count:1
D/ActivityThread( 8420): ACT-AM_ON_PAUSE_CALLED ActivityRecord{43d66298 token=android.os.BinderProxy@439ee040 {com.sixty.nidoneClient/com.sixty.nidoneClient.view.activity.SDK_WebApp}}
W/ContextImpl( 1797): Calling a method in the system process without a qualified user: android.app.ContextImpl.sendBroadcast:1345 com.android.server.am.OppoProtectEyeManagerService.sendProtectEyeBroadcast:167 com.android.server.am.OppoProtectEyeManagerService.handleProtectEyeMode:140 com.android.server.am.ActivityStack.resumeTopActivityLocked:2177 com.android.server.am.ActivityStackSupervisor.resumeTopActivitiesLocked:3644 
V/ActivityManager( 1797): Broadcast: Intent { act=android.intent.action.OPPO_ROM_APP_CHANGE flg=0x10 (has extras) } ordered=false userid=0 callerApp=ProcessRecord{42767e10 1797:system/1000}
I/System.out( 8420): close [socket][/0.0.0.0:-1]
W/System.err( 8420): java.net.SocketException: Socket closed
W/System.err( 8420): 	at libcore.io.Posix.accept(Native Method)
W/System.err( 8420): 	at libcore.io.BlockGuardOs.accept(BlockGuardOs.java:55)
W/System.err( 8420): 	at java.net.PlainSocketImpl.accept(PlainSocketImpl.java:98)
W/System.err( 8420): 	at java.net.ServerSocket.implAccept(ServerSocket.java:203)
W/System.err( 8420): 	at java.net.ServerSocket.accept(ServerSocket.java:128)
W/System.err( 8420): 	at io.dcloud.common.util.net.http.LocalServer.run(LocalServer.java:62)
W/System.err( 8420): 	at java.lang.Thread.run(Thread.java:848)
D/dalvikvm( 8420): threadid=20: exiting
D/dalvikvm( 8420): threadid=20: bye!
I/libPerfService( 1797): set_rootgroup - tid: 4488
I/libPerfService( 1797): set_rootgroup - tid: 4492
I/libPerfService( 1797): set_rootgroup - tid: 4493
I/libPerfService( 1797): set_rootgroup - tid: 4494
I/libPerfService( 1797): set_rootgroup - tid: 4495
I/libPerfService( 1797): set_rootgroup - tid: 4497
I/libPerfService( 1797): set_rootgroup - tid: 4498
I/libPerfService( 1797): set_rootgroup - tid: 4499
I/libPerfService( 1797): set_rootgroup - tid: 4500
I/libPerfService( 1797): set_rootgroup - tid: 4511
I/libPerfService( 1797): set_rootgroup - tid: 4662
I/libPerfService( 1797): set_rootgroup - tid: 4668
I/libPerfService( 1797): set_rootgroup - tid: 4910
I/libPerfService( 1797): set_rootgroup - tid: 4945
I/libPerfService( 1797): set_rootgroup - tid: 4946
I/libPerfService( 1797): set_rootgroup - tid: 4947
I/libPerfService( 1797): set_rootgroup - tid: 4948
I/libPerfService( 1797): set_rootgroup - tid: 4949
I/libPerfService( 1797): set_rootgroup - tid: 4950
I/libPerfService( 1797): set_rootgroup - tid: 4951
I/libPerfService( 1797): set_rootgroup - tid: 4952
I/libPerfService( 1797): set_rootgroup - tid: 4953
I/libPerfService( 1797): set_rootgroup - tid: 4954
I/libPerfService( 1797): set_rootgroup - tid: 4955
I/libPerfService( 1797): set_rootgroup - tid: 4956
I/libPerfService( 1797): set_rootgroup - tid: 5086
I/libPerfService( 1797): set_rootgroup - tid: 5087
I/libPerfService( 1797): set_rootgroup - tid: 5088
I/libPerfService( 1797): set_rootgroup - tid: 5089
I/libPerfService( 1797): set_rootgroup - tid: 5090
I/libPerfService( 1797): set_rootgroup - tid: 5091
I/libPerfService( 1797): set_rootgroup - tid: 5092
I/libPerfService( 1797): set_rootgroup - tid: 5093
I/libPerfService( 1797): set_rootgroup - tid: 8709
I/libPerfService( 1797): set_rootgroup - tid: 8710
I/libPerfService( 1797): set_rootgroup - tid: 8711
I/libPerfService( 1797): set_rootgroup - tid: 8712
I/libPerfService( 1797): set_rootgroup - tid: 8714
I/libPerfService( 1797): set_rootgroup - tid: 8978
V/ActivityManager( 1797): ensureActivitiesVisibleLocked: consider front
V/ActivityManager( 1797): ensureActivitiesVisibleLocked: consider back
V/ActivityManager( 1797): ensureActivitiesVisibleLocked: consider front
V/ActivityManager( 1797): ensureActivitiesVisibleLocked: consider back
D/dalvikvm( 1797): between the previous GC alloc  10896K
D/OpenGLRenderer( 4488): Flushing caches (mode 0)
V/WindowManager( 1797): Changing focus from Window{4357b600 u0 com.sixty.nidoneClient/com.sixty.nidoneClient.view.activity.SDK_WebApp} to null Callers=com.android.server.wm.WindowManagerService.setFocusedApp:4747 com.android.server.am.ActivityManagerService.setFocusedActivityLocked:2623 com.android.server.am.ActivityStack.completeResumeLocked:1313 com.android.server.am.ActivityStack.resumeTopActivityLocked:2396 
I/WindowManager( 1797): Losing focus: Window{4357b600 u0 com.sixty.nidoneClient/com.sixty.nidoneClient.view.activity.SDK_WebApp}
D/dalvikvm( 1797): create interp thread : stack size=128KB
D/dalvikvm( 1797): create new thread
D/dalvikvm( 1797): new thread created
D/dalvikvm( 1797): update thread list
D/dalvikvm( 1797): threadid=90: interp stack at 0x83f4a000
D/dalvikvm( 1797): threadid=90: created from interp
D/dalvikvm( 1797): start new thread
D/ActivityThread( 8420): ACT-PAUSE_ACTIVITY handled : 1 / android.os.BinderProxy@439ee040
V/ActivityManager( 1797): ACT-Activity idle: null
I/libPerfService( 1797): 1: set: 1
I/libPerfService( 1797): 1: set freq: 0
D/ActivityThread( 4528): BDC-Calling onReceive: intent=Intent { act=android.intent.action.OPPO_ROM_APP_CHANGE flg=0x10 cmp=com.color.safecenter/com.color.datamonitor.networkcontrol.PackageReceiver (has extras) }, ordered=true, receiver=com.color.datamonitor.networkcontrol.PackageReceiver@42ab0e10
D/PackageReceiver( 4528): onReceive, action is: android.intent.action.OPPO_ROM_APP_CHANGE
D/dalvikvm( 1797): threadid=90: notify debugger
D/dalvikvm( 1797): threadid=90 (Thread-3819): calling run()
D/NetworkPolicy( 1797): onRecv: MSG_FOREGROUND_ACTIVITIES_CHANGED pid:uid:act=4488:10042:true
V/NetworkStats( 1797): setKernelCounterSet uid=10042 set=1
D/ConnectivityService( 1797): onUidRulesChanged(uid=10042, uidRules=0)
D/ConnectivityService( 1797): getActiveNetworkInfo:NetworkInfo: type: WIFI[], state: CONNECTED/CONNECTED, reason: (unspecified), extra: "60_dev_01", roaming: false, failover: false, isAvailable: true, isConnectedToProvisioningNetwork: false, simId: 0/1000
D/OppoNetworkControl_PackageReceiver( 4528): packageName = com.oppo.launcher
D/OppoNetworkControl_PackageReceiver( 4528): hasShow = false
D/PackageReceiver( 4528): networkType = 1, getCount = 0, getColumnCount = 1
D/dalvikvm( 1797): threadid=90: exiting
D/dalvikvm( 1797): threadid=90: bye!
D/ActivityThread( 4528): BDC-RECEIVER handled : 0 / ReceiverData{intent=Intent { act=android.intent.action.OPPO_ROM_APP_CHANGE flg=0x10 cmp=com.color.safecenter/com.color.datamonitor.networkcontrol.PackageReceiver (has extras) } packageName=com.color.safecenter resultCode=-1 resultData=null resultExtras=null}
I/        (  246): [BWC INFO](246): get_bwc_mm_property success
I/SurfaceFlinger(  246): [Built-in Screen (type:0)] fps:0.074125,dur:121417.19,max:120793.79,min:15.36
D/ActivityThread( 4488): ACT-NEW_INTENT handled : 0 / NewIntentData{intents=[Intent { act=android.intent.action.MAIN cat=[android.intent.category.HOME] flg=0x10600000 cmp=com.oppo.launcher/.Launcher }] token=android.os.BinderProxy@4273a570}
V/ActivityThread( 4488): Performing resume of ActivityRecord{4273b470 token=android.os.BinderProxy@4273a570 {com.oppo.launcher/com.oppo.launcher.Launcher}} finished=false
D/ActivityThread( 4488): ACT-AM_ON_RESUME_CALLED ActivityRecord{4273b470 token=android.os.BinderProxy@4273a570 {com.oppo.launcher/com.oppo.launcher.Launcher}}
V/ActivityThread( 4488): Resume ActivityRecord{4273b470 token=android.os.BinderProxy@4273a570 {com.oppo.launcher/com.oppo.launcher.Launcher}} started activity: false, hideForNow: false, finished: false
V/ActivityThread( 4488): Resuming ActivityRecord{4273b470 token=android.os.BinderProxy@4273a570 {com.oppo.launcher/com.oppo.launcher.Launcher}} with isForward=true
V/test    ( 4437): isEnable = false
V/test    ( 4437): isEnable = false
V/test    ( 4437): isEnable = false
V/test    ( 4437): isEnable = false
V/test    ( 4437): isEnable = false
V/PhoneWindow( 4488): DecorView setVisiblity: visibility = 0 ,Parent =ViewRoot{42a0dd38 com.oppo.launcher/com.oppo.launcher.Launcher,ident = 0}, this =com.android.internal.policy.impl.PhoneWindow$DecorView{427f89b8 V.E..... R.....ID 0,0-1080,1920}
V/ActivityThread( 4488): Scheduling idle handler for ActivityRecord{4273b470 token=android.os.BinderProxy@4273a570 {com.oppo.launcher/com.oppo.launcher.Launcher}}
D/ActivityThread( 4488): ACT-RESUME_ACTIVITY handled : 1 / android.os.BinderProxy@4273a570
I/BufferQueue(  246): [unnamed-246-554](this:0xb7177ac8,id:554,api:0,p:-1,c:-1) BufferQueue queue=(246:/system/bin/surfaceflinger)
I/BufferQueue(  246): [unnamed-246-554](this:0xb7177ac8,id:554,api:0,p:-1,c:246) consumerConnect consumer=(246:/system/bin/surfaceflinger) controlledByApp=false
I/BufferQueue(  246): [unnamed-246-553](this:0xb7177ac8,id:554,api:0,p:-1,c:246) setConsumerName: unnamed-246-553
I/BufferQueue(  246): [com.oppo.launcher/com.oppo.launcher.Launcher](this:0xb7177ac8,id:554,api:0,p:-1,c:246) setConsumerName: com.oppo.launcher/com.oppo.launcher.Launcher
I/BufferQueue(  246): [com.oppo.launcher/com.oppo.launcher.Launcher](this:0xb7177ac8,id:554,api:0,p:-1,c:246) setDefaultBufferSize: w=1080, h=1920
V/WindowManager( 1797): Changing focus from null to Window{4355c520 u0 com.oppo.launcher/com.oppo.launcher.Launcher} Callers=com.android.server.wm.WindowManagerService.relayoutWindow:3728 com.android.server.wm.Session.relayout:191 android.view.IWindowSession$Stub.onTransact:235 com.android.server.wm.Session.onTransact:126 
I/WindowManager( 1797): Gaining focus: Window{4355c520 u0 com.oppo.launcher/com.oppo.launcher.Launcher}
I/BufferQueue(  246): [com.oppo.launcher/com.oppo.launcher.Launcher](this:0xb7177ac8,id:554,api:1,p:4488,c:246) connect: api=1 producer=(4488:com.oppo.launcher) producerControlledByApp=true
D/mali_winsys( 4488): new_window_surface returns 0x3000
I/BufferQueue(  246): [com.oppo.launcher/com.oppo.launcher.Launcher](this:0xb7177ac8,id:554,api:1,p:4488,c:246) new GraphicBuffer needed
I/[MALI][Gralloc](  246): [MTK]GRALLOC enter alloc_device_alloc()! pHandle=0x0xb716d2b4
I/[MALI][Gralloc](  246): usage: 0x900, format: 0x1 stride: 1088 vertical_stride: 1920 size: 8355840
I/[MALI][Gralloc](  246): [MTK]GRALLOC ready to go ion alloc arrrrrrrrr!!!! pHandle=0x0xb716d2b4
D/GraphicBuffer(  246): alloc, handle(0xb71e5c80) (w:1080 h:1920 s:1088 f:0x1 u:0x000900) err(0)
W/GraphicBufferExtra_hal(  246): gralloc extra device setBufInfo(...) is not supported
D/GraphicBuffer( 4488): register, handle(0x7c27e7f0) (w:1080 h:1920 s:1088 f:0x1 u:0x000900)
D/AbsListView( 4488): onWindowFocusChanged: hasWindowFocus=true, this=android.widget.OppoGridView{42826ae8 VFED..C. ......ID 0,164-1080,1319 #7f0f02d7 app:id/mood_grid_view}
V/InputMethodManager( 4488): onWindowFocus: null softInputMode=304 first=true flags=#5900100
V/InputMethodManager( 4488): START INPUT: com.android.internal.policy.impl.PhoneWindow$DecorView{427f89b8 V.E..... R.....ID 0,0-1080,1920} ic=null tba=android.view.inputmethod.EditorInfo@45053868 controlFlags=#104
V/InputMethodManagerService( 1797): windowGainedFocus: android.os.BinderProxy@435518c8 controlFlags=#104 softInputMode=#130 windowFlags=#5900100
I/        (  246): [BWC INFO](246): get_bwc_mm_property success
V/ActivityManager( 1797): Broadcast: Intent { act=com.kingroot.common.ACTION_TOP_ACTIVITY_CHANGED flg=0x10 (has extras) } ordered=false userid=0 callerApp=ProcessRecord{43266200 4625:com.kingroot.kinguser:service/u0a97}
V/ActivityManager( 1797): Broadcast: Intent { act=com.kingroot.common.ACTION_SWITCH_IN_DESKTOP flg=0x10 } ordered=false userid=0 callerApp=ProcessRecord{43266200 4625:com.kingroot.kinguser:service/u0a97}
V/ActivityManager( 1797): Broadcast: Intent { act=com.kingroot.common.ACTION_TOP_APP_CHANGED flg=0x10 (has extras) } ordered=false userid=0 callerApp=ProcessRecord{43266200 4625:com.kingroot.kinguser:service/u0a97}
D/ActivityThread( 4625): BDC-Calling onReceive: intent=Intent { act=com.kingroot.common.ACTION_TOP_ACTIVITY_CHANGED flg=0x10 cmp=com.kingroot.kinguser/com.kingroot.common.framework.broadcast.KSysBroadcastReceiver (has extras) }, ordered=true, receiver=com.kingroot.common.framework.broadcast.KSysBroadcastReceiver@428beaf8
D/ActivityThread( 4625): BDC-RECEIVER handled : 0 / ReceiverData{intent=Intent { act=com.kingroot.common.ACTION_TOP_ACTIVITY_CHANGED flg=0x10 cmp=com.kingroot.kinguser/com.kingroot.common.framework.broadcast.KSysBroadcastReceiver (has extras) } packageName=com.kingroot.kinguser resultCode=-1 resultData=null resultExtras=null}
D/ActivityThread( 4625): BDC-Calling onReceive: intent=Intent { act=com.kingroot.common.ACTION_SWITCH_IN_DESKTOP flg=0x10 cmp=com.kingroot.kinguser/com.kingroot.common.framework.broadcast.KSysBroadcastReceiver }, ordered=true, receiver=com.kingroot.common.framework.broadcast.KSysBroadcastReceiver@428851b8
D/ActivityThread( 4625): BDC-RECEIVER handled : 0 / ReceiverData{intent=Intent { act=com.kingroot.common.ACTION_SWITCH_IN_DESKTOP flg=0x10 cmp=com.kingroot.kinguser/com.kingroot.common.framework.broadcast.KSysBroadcastReceiver } packageName=com.kingroot.kinguser resultCode=-1 resultData=null resultExtras=null}
