D/WifiStateMachine( 1797): ConnectedState{ when=-3ms what=131155 arg1=8 target=com.android.internal.util.StateMachine$SmHandler target=Handler (com.android.internal.util.StateMachine$SmHandler) {4317edc0} }
D/WifiStateMachine( 1797): L2ConnectedState{ when=-3ms what=131155 arg1=8 target=com.android.internal.util.StateMachine$SmHandler target=Handler (com.android.internal.util.StateMachine$SmHandler) {4317edc0} }
D/WifiHW  ( 1797): enter -->wifi_send_command cmd=IFNAME=wlan0 SIGNAL_POLL
D/wpa_supplicant( 4131): RX ctrl_iface - hexdump(len=11): 53 49 47 4e 41 4c 5f 50 4f 4c 4c
D/wpa_supplicant( 4131): wlan0: Control interface command 'SIGNAL_POLL'
D/wpa_supplicant( 4131): nl80211: survey data missing!
D/wpa_supplicant( 4131): signal poll, reply_len=48
D/wpa_ctrl( 1797): reply_len=4095
D/WifiHW  ( 1797): leave --> reply=RSSI=-41
D/WifiHW  ( 1797): LINKSPEED=65
D/WifiHW  ( 1797): NOISE=9999
D/WifiHW  ( 1797): FREQUENCY=2412
D/WifiHW  ( 1797): 
D/wifi    ( 1797): doStringCommand, buf IFNAME=wlan0 SIGNAL_POLL
I/WifiStateMachine( 1797): fetchRssiAndLinkSpeedNative, newRssi:-41, newLinkSpeed:65, SSID:"60_dev_01"
D/WifiStateMachine( 1797): mRssiArray[0] = -41
D/WifiStateMachine( 1797): mRssiArray[1] = -47
D/WifiStateMachine( 1797): mRssiArray[2] = -47
D/WifiStateMachine( 1797): mRssiArray[3] = -41
D/WifiStateMachine( 1797): mRssiArray[4] = -41
D/WifiStateMachine( 1797): GetFilterRssi is : -41
D/WifiStateMachine( 1797): mLastSignalLevel:4, newSignalLevel:4
D/WifiStateMachine( 1797): fetchRssiAndLinkSpeedNative, ipAddr:2013270188
I/uSDK    ( 8420): [CAE][D][2017-12-27 18:06:33.504869][cae_softap_user_task:730][buffer fd or timeout ]
I/uSDK    ( 8420): [CAE][D][2017-12-27 18:06:33.504909][cae_su_read_buffer_to_send:630][count[0]***]
I/uSDK    ( 8420): [CAE][D][2017-12-27 18:06:33.504925][su_ctx_fd_set:692][MAX fd[-1]]
D/dalvikvm(20565): threadid=30: exiting
D/dalvikvm(20565): threadid=30: bye!
D/dalvikvm(20565): threadid=25: exiting
D/dalvikvm(20565): threadid=25: bye!
D/dalvikvm(20565): threadid=34: exiting
D/dalvikvm(20565): threadid=34: bye!
V/ActivityManager( 1797): Broadcast sticky: Intent { act=android.intent.action.SIG_STR flg=0x10 (has extras) } ordered=false userid=-1 callerApp=ProcessRecord{42767e10 1797:system/1000}
D/cell strength( 4291): ===== cell singal strength changed : 21
D/dalvikvm(20565): threadid=25: interp stack at 0x79321000
D/dalvikvm(20565): threadid=25: bye!
D/WifiStateMachine( 1797): ConnectedState{ when=-3ms what=131155 arg1=8 target=com.android.internal.util.StateMachine$SmHandler target=Handler (com.android.internal.util.StateMachine$SmHandler) {4317edc0} }
D/WifiStateMachine( 1797): L2ConnectedState{ when=-3ms what=131155 arg1=8 target=com.android.internal.util.StateMachine$SmHandler target=Handler (com.android.internal.util.StateMachine$SmHandler) {4317edc0} }
D/WifiHW  ( 1797): enter -->wifi_send_command cmd=IFNAME=wlan0 SIGNAL_POLL
D/wpa_supplicant( 4131): RX ctrl_iface - hexdump(len=11): 53 49 47 4e 41 4c 5f 50 4f 4c 4c
D/wpa_supplicant( 4131): wlan0: Control interface command 'SIGNAL_POLL'
D/wpa_supplicant( 4131): nl80211: survey data missing!
D/wpa_supplicant( 4131): signal poll, reply_len=48
D/wpa_ctrl( 1797): reply_len=4095
D/WifiHW  ( 1797): leave --> reply=RSSI=-43
D/WifiHW  ( 1797): LINKSPEED=65
D/WifiHW  ( 1797): NOISE=9999
D/WifiHW  ( 1797): FREQUENCY=2412
D/WifiHW  ( 1797): 
D/wifi    ( 1797): doStringCommand, buf IFNAME=wlan0 SIGNAL_POLL
I/WifiStateMachine( 1797): fetchRssiAndLinkSpeedNative, newRssi:-43, newLinkSpeed:65, SSID:"60_dev_01"
D/WifiStateMachine( 1797): mRssiArray[0] = -41
D/WifiStateMachine( 1797): mRssiArray[1] = -41
D/WifiStateMachine( 1797): mRssiArray[2] = -47
D/WifiStateMachine( 1797): mRssiArray[3] = -41
D/WifiStateMachine( 1797): mRssiArray[4] = -41
D/WifiStateMachine( 1797): GetFilterRssi is : -42
D/WifiStateMachine( 1797): mLastSignalLevel:4, newSignalLevel:4
D/WifiStateMachine( 1797): fetchRssiAndLinkSpeedNative, ipAddr:2013270188
D/dalvikvm( 4701): create interp thread : stack size=128KB
D/dalvikvm( 4701): create new thread
D/dalvikvm( 4701): new thread created
D/dalvikvm( 4701): update thread list
D/dalvikvm( 4701): threadid=28: interp stack at 0x7c3fb000
D/dalvikvm( 4701): threadid=28: created from interp
D/dalvikvm( 4701): start new thread
D/dalvikvm( 4701): threadid=28: notify debugger
D/dalvikvm( 4701): threadid=28 (Thread-2285): calling run()
I/KSO_STAT( 4701): App is in background, stop update end time, ready to start a new session.
D/SQLiteDatabase( 4701): beginTransaction()
D/SQLiteDatabase( 4701): endTransaction()
D/dalvikvm( 4701): threadid=28: exiting
D/dalvikvm( 4701): threadid=28: bye!
D/BatteryService( 1797): mBatteryVoltage=3991, batteryLevel=50
V/ActivityManager( 1797): Broadcast sticky: Intent { act=android.intent.action.ADDITIONAL_BATTERY_CHANGED flg=0x60000010 (has extras) } ordered=false userid=-1 callerApp=null
V/ActivityManager( 1797): Broadcast sticky: Intent { act=android.intent.action.BATTERY_CHANGED flg=0x60000010 (has extras) } ordered=false userid=-1 callerApp=null
D/WifiService( 1797): onReceive, action:android.intent.action.BATTERY_CHANGED
D/UsbDeviceManager( 1797): onReceive - BATTERY_CHANGED - mPlugType: 2, mSettingUsbCharging: false, mConnected: true, mSettingUsbBicr: false
V/ActivityManager( 1797): Broadcast sticky: Intent { act=android.intent.action.ADDITIONAL_BATTERY_CHANGED flg=0x60000010 (has extras) } ordered=false userid=-1 callerApp=null
D/WifiController( 1797): DeviceActiveState{ when=-2ms what=155652 arg1=2 target=com.android.internal.util.StateMachine$SmHandler target=Handler (com.android.internal.util.StateMachine$SmHandler) {432227a8} }
D/WifiController( 1797): StaEnabledState{ when=-2ms what=155652 arg1=2 target=com.android.internal.util.StateMachine$SmHandler target=Handler (com.android.internal.util.StateMachine$SmHandler) {432227a8} }
D/WifiController( 1797): DefaultState{ when=-2ms what=155652 arg1=2 target=com.android.internal.util.StateMachine$SmHandler target=Handler (com.android.internal.util.StateMachine$SmHandler) {432227a8} }
D/WifiController( 1797): battery changed pluggedType: 2
V/ActivityManager( 1797): Broadcast sticky: Intent { act=android.intent.action.ADDITIONAL_BATTERY_CHANGED flg=0x60000010 (has extras) } ordered=false userid=-1 callerApp=null
D/HeadsetStateMachine( 6191): Disconnected process message: 10
D/PowerSaveService( 4528): PowerSaveReceiver EXTRA_STATUS: status = 2, lastCharging = true
I/uSDK    ( 8420): [CAE][D][2017-12-27 18:06:38.523791][cae_softap_user_task:730][buffer fd or timeout ]
I/uSDK    ( 8420): [CAE][D][2017-12-27 18:06:38.523832][cae_su_read_buffer_to_send:630][count[0]***]
I/uSDK    ( 8420): [CAE][D][2017-12-27 18:06:38.523848][su_ctx_fd_set:692][MAX fd[-1]]
D/WifiStateMachine( 1797): ConnectedState{ when=-3ms what=131155 arg1=8 target=com.android.internal.util.StateMachine$SmHandler target=Handler (com.android.internal.util.StateMachine$SmHandler) {4317edc0} }
D/WifiStateMachine( 1797): L2ConnectedState{ when=-4ms what=131155 arg1=8 target=com.android.internal.util.StateMachine$SmHandler target=Handler (com.android.internal.util.StateMachine$SmHandler) {4317edc0} }
D/WifiHW  ( 1797): enter -->wifi_send_command cmd=IFNAME=wlan0 SIGNAL_POLL
D/wpa_supplicant( 4131): RX ctrl_iface - hexdump(len=11): 53 49 47 4e 41 4c 5f 50 4f 4c 4c
D/wpa_supplicant( 4131): wlan0: Control interface command 'SIGNAL_POLL'
D/wpa_supplicant( 4131): nl80211: survey data missing!
D/wpa_supplicant( 4131): signal poll, reply_len=48
D/wpa_ctrl( 1797): reply_len=4095
D/WifiHW  ( 1797): leave --> reply=RSSI=-43
D/WifiHW  ( 1797): LINKSPEED=65
D/WifiHW  ( 1797): NOISE=9999
D/WifiHW  ( 1797): FREQUENCY=2412
D/WifiHW  ( 1797): 
D/wifi    ( 1797): doStringCommand, buf IFNAME=wlan0 SIGNAL_POLL
I/WifiStateMachine( 1797): fetchRssiAndLinkSpeedNative, newRssi:-43, newLinkSpeed:65, SSID:"60_dev_01"
D/WifiStateMachine( 1797): mRssiArray[0] = -41
D/WifiStateMachine( 1797): mRssiArray[1] = -41
D/WifiStateMachine( 1797): mRssiArray[2] = -43
D/WifiStateMachine( 1797): mRssiArray[3] = -41
D/WifiStateMachine( 1797): mRssiArray[4] = -41
D/WifiStateMachine( 1797): GetFilterRssi is : -41
D/WifiStateMachine( 1797): mLastSignalLevel:4, newSignalLevel:4
D/WifiStateMachine( 1797): fetchRssiAndLinkSpeedNative, ipAddr:2013270188
I/ANRManager( 1797): updateProcessStats
D/dalvikvm( 4701): create interp thread : stack size=128KB
D/dalvikvm( 4701): create new thread
D/dalvikvm( 4701): new thread created
D/dalvikvm( 4701): update thread list
D/dalvikvm( 4701): threadid=28: interp stack at 0x7c3fb000
D/dalvikvm( 4701): threadid=28: created from interp
D/dalvikvm( 4701): start new thread
D/dalvikvm( 4701): threadid=28: notify debugger
D/dalvikvm( 4701): threadid=28 (Thread-2286): calling run()
I/KSO_STAT( 4701): App is in background, stop update end time, ready to start a new session.
D/SQLiteDatabase( 4701): beginTransaction()
D/SQLiteDatabase( 4701): endTransaction()
D/dalvikvm( 4701): threadid=28: exiting
D/dalvikvm( 4701): threadid=28: bye!
D/BatteryService( 1797): mBatteryVoltage=3997, batteryLevel=50
V/ActivityManager( 1797): Broadcast sticky: Intent { act=android.intent.action.ADDITIONAL_BATTERY_CHANGED flg=0x60000010 (has extras) } ordered=false userid=-1 callerApp=null
V/ActivityManager( 1797): Broadcast sticky: Intent { act=android.intent.action.BATTERY_CHANGED flg=0x60000010 (has extras) } ordered=false userid=-1 callerApp=null
D/WifiService( 1797): onReceive, action:android.intent.action.BATTERY_CHANGED
D/UsbDeviceManager( 1797): onReceive - BATTERY_CHANGED - mPlugType: 2, mSettingUsbCharging: false, mConnected: true, mSettingUsbBicr: false
D/WifiController( 1797): DeviceActiveState{ when=0 what=155652 arg1=2 target=com.android.internal.util.StateMachine$SmHandler target=Handler (com.android.internal.util.StateMachine$SmHandler) {432227a8} }
D/WifiController( 1797): StaEnabledState{ when=0 what=155652 arg1=2 target=com.android.internal.util.StateMachine$SmHandler target=Handler (com.android.internal.util.StateMachine$SmHandler) {432227a8} }
D/WifiController( 1797): DefaultState{ when=0 what=155652 arg1=2 target=com.android.internal.util.StateMachine$SmHandler target=Handler (com.android.internal.util.StateMachine$SmHandler) {432227a8} }
D/WifiController( 1797): battery changed pluggedType: 2
D/PowerSaveService( 4528): PowerSaveReceiver EXTRA_STATUS: status = 2, lastCharging = true
D/HeadsetStateMachine( 6191): Disconnected process message: 10
V/ActivityManager( 1797): Broadcast sticky: Intent { act=android.intent.action.ADDITIONAL_BATTERY_CHANGED flg=0x60000010 (has extras) } ordered=false userid=-1 callerApp=null
V/ActivityManager( 1797): Broadcast sticky: Intent { act=android.intent.action.ADDITIONAL_BATTERY_CHANGED flg=0x60000010 (has extras) } ordered=false userid=-1 callerApp=null
D/WifiStateMachine( 1797): ConnectedState{ when=-3ms what=131155 arg1=8 target=com.android.internal.util.StateMachine$SmHandler target=Handler (com.android.internal.util.StateMachine$SmHandler) {4317edc0} }
D/WifiStateMachine( 1797): L2ConnectedState{ when=-3ms what=131155 arg1=8 target=com.android.internal.util.StateMachine$SmHandler target=Handler (com.android.internal.util.StateMachine$SmHandler) {4317edc0} }
D/WifiHW  ( 1797): enter -->wifi_send_command cmd=IFNAME=wlan0 SIGNAL_POLL
D/wpa_supplicant( 4131): RX ctrl_iface - hexdump(len=11): 53 49 47 4e 41 4c 5f 50 4f 4c 4c
D/wpa_supplicant( 4131): wlan0: Control interface command 'SIGNAL_POLL'
D/wpa_supplicant( 4131): nl80211: survey data missing!
D/wpa_supplicant( 4131): signal poll, reply_len=48
D/wpa_ctrl( 1797): reply_len=4095
D/WifiHW  ( 1797): leave --> reply=RSSI=-45
D/WifiHW  ( 1797): LINKSPEED=65
D/WifiHW  ( 1797): NOISE=9999
D/WifiHW  ( 1797): FREQUENCY=2412
D/WifiHW  ( 1797): 
D/wifi    ( 1797): doStringCommand, buf IFNAME=wlan0 SIGNAL_POLL
I/WifiStateMachine( 1797): fetchRssiAndLinkSpeedNative, newRssi:-45, newLinkSpeed:65, SSID:"60_dev_01"
D/WifiStateMachine( 1797): mRssiArray[0] = -41
D/WifiStateMachine( 1797): mRssiArray[1] = -41
D/WifiStateMachine( 1797): mRssiArray[2] = -43
D/WifiStateMachine( 1797): mRssiArray[3] = -43
D/WifiStateMachine( 1797): mRssiArray[4] = -41
D/WifiStateMachine( 1797): GetFilterRssi is : -42
D/WifiStateMachine( 1797): mLastSignalLevel:4, newSignalLevel:4
D/WifiStateMachine( 1797): fetchRssiAndLinkSpeedNative, ipAddr:2013270188
I/uSDK    ( 8420): [CAE][D][2017-12-27 18:06:43.541882][cae_softap_user_task:730][buffer fd or timeout ]
I/uSDK    ( 8420): [CAE][D][2017-12-27 18:06:43.541922][cae_su_read_buffer_to_send:630][count[0]***]
I/uSDK    ( 8420): [CAE][D][2017-12-27 18:06:43.541938][su_ctx_fd_set:692][MAX fd[-1]]
D/PhoneInterfaceManagerEx( 4362): [PhoneIntfMgrEx] hasIccCard  simId=0
D/PhoneInterfaceManagerEx( 4362): [PhoneIntfMgrEx] hasIccCard  simId=1
I/uSDK    ( 8420): [CAE][D][2017-12-27 18:06:45.233819][cae_sr_k_loop:965][mdns resolver loop timeout event happen, interval time:20s]
D/WifiStateMachine( 1797): ConnectedState{ when=-1ms what=131155 arg1=8 target=com.android.internal.util.StateMachine$SmHandler target=Handler (com.android.internal.util.StateMachine$SmHandler) {4317edc0} }
D/WifiStateMachine( 1797): L2ConnectedState{ when=-1ms what=131155 arg1=8 target=com.android.internal.util.StateMachine$SmHandler target=Handler (com.android.internal.util.StateMachine$SmHandler) {4317edc0} }
D/WifiHW  ( 1797): enter -->wifi_send_command cmd=IFNAME=wlan0 SIGNAL_POLL
D/wpa_supplicant( 4131): RX ctrl_iface - hexdump(len=11): 53 49 47 4e 41 4c 5f 50 4f 4c 4c
D/wpa_supplicant( 4131): wlan0: Control interface command 'SIGNAL_POLL'
D/wpa_supplicant( 4131): nl80211: survey data missing!
D/wpa_supplicant( 4131): signal poll, reply_len=48
D/wpa_ctrl( 1797): reply_len=4095
D/WifiHW  ( 1797): leave --> reply=RSSI=-45
D/WifiHW  ( 1797): LINKSPEED=65
D/WifiHW  ( 1797): NOISE=9999
D/WifiHW  ( 1797): FREQUENCY=2412
D/WifiHW  ( 1797): 
D/wifi    ( 1797): doStringCommand, buf IFNAME=wlan0 SIGNAL_POLL
I/WifiStateMachine( 1797): fetchRssiAndLinkSpeedNative, newRssi:-45, newLinkSpeed:65, SSID:"60_dev_01"
D/WifiStateMachine( 1797): mRssiArray[0] = -41
D/WifiStateMachine( 1797): mRssiArray[1] = -41
D/WifiStateMachine( 1797): mRssiArray[2] = -43
D/WifiStateMachine( 1797): mRssiArray[3] = -43
D/WifiStateMachine( 1797): mRssiArray[4] = -45
D/WifiStateMachine( 1797): GetFilterRssi is : -43
D/WifiStateMachine( 1797): mLastSignalLevel:4, newSignalLevel:4
D/WifiStateMachine( 1797): fetchRssiAndLinkSpeedNative, ipAddr:2013270188
D/dalvikvm( 4701): create interp thread : stack size=128KB
D/dalvikvm( 4701): create new thread
D/dalvikvm( 4701): new thread created
D/dalvikvm( 4701): update thread list
D/dalvikvm( 4701): threadid=28: interp stack at 0x7c3fb000
D/dalvikvm( 4701): threadid=28: created from interp
D/dalvikvm( 4701): start new thread
D/dalvikvm( 4701): threadid=28: notify debugger
D/dalvikvm( 4701): threadid=28 (Thread-2287): calling run()
I/KSO_STAT( 4701): App is in background, stop update end time, ready to start a new session.
D/SQLiteDatabase( 4701): beginTransaction()
D/SQLiteDatabase( 4701): endTransaction()
D/dalvikvm( 4701): threadid=28: exiting
D/dalvikvm( 4701): threadid=28: bye!
V/ActivityManager( 1797): Broadcast sticky: Intent { act=android.intent.action.ADDITIONAL_BATTERY_CHANGED flg=0x60000010 (has extras) } ordered=false userid=-1 callerApp=null
V/ActivityManager( 1797): Broadcast sticky: Intent { act=android.intent.action.ADDITIONAL_BATTERY_CHANGED flg=0x60000010 (has extras) } ordered=false userid=-1 callerApp=null
V/ActivityManager( 1797): Broadcast sticky: Intent { act=android.intent.action.ADDITIONAL_BATTERY_CHANGED flg=0x60000010 (has extras) } ordered=false userid=-1 callerApp=null
D/WifiStateMachine( 1797): ConnectedState{ when=-3ms what=131155 arg1=8 target=com.android.internal.util.StateMachine$SmHandler target=Handler (com.android.internal.util.StateMachine$SmHandler) {4317edc0} }
D/WifiStateMachine( 1797): L2ConnectedState{ when=-4ms what=131155 arg1=8 target=com.android.internal.util.StateMachine$SmHandler target=Handler (com.android.internal.util.StateMachine$SmHandler) {4317edc0} }
D/WifiHW  ( 1797): enter -->wifi_send_command cmd=IFNAME=wlan0 SIGNAL_POLL
D/wpa_supplicant( 4131): RX ctrl_iface - hexdump(len=11): 53 49 47 4e 41 4c 5f 50 4f 4c 4c
D/wpa_supplicant( 4131): wlan0: Control interface command 'SIGNAL_POLL'
D/wpa_supplicant( 4131): nl80211: survey data missing!
D/wpa_supplicant( 4131): signal poll, reply_len=48
D/wpa_ctrl( 1797): reply_len=4095
D/WifiHW  ( 1797): leave --> reply=RSSI=-46
D/WifiHW  ( 1797): LINKSPEED=65
D/WifiHW  ( 1797): NOISE=9999
D/WifiHW  ( 1797): FREQUENCY=2412
D/WifiHW  ( 1797): 
D/wifi    ( 1797): doStringCommand, buf IFNAME=wlan0 SIGNAL_POLL
I/WifiStateMachine( 1797): fetchRssiAndLinkSpeedNative, newRssi:-46, newLinkSpeed:65, SSID:"60_dev_01"
D/WifiStateMachine( 1797): mRssiArray[0] = -45
D/WifiStateMachine( 1797): mRssiArray[1] = -41
D/WifiStateMachine( 1797): mRssiArray[2] = -43
D/WifiStateMachine( 1797): mRssiArray[3] = -43
D/WifiStateMachine( 1797): mRssiArray[4] = -45
D/WifiStateMachine( 1797): GetFilterRssi is : -43
D/WifiStateMachine( 1797): mLastSignalLevel:4, newSignalLevel:4
D/WifiStateMachine( 1797): fetchRssiAndLinkSpeedNative, ipAddr:2013270188
I/uSDK    ( 8420): [CAE][D][2017-12-27 18:06:48.566368][cae_softap_user_task:730][buffer fd or timeout ]
I/uSDK    ( 8420): [CAE][D][2017-12-27 18:06:48.566411][cae_su_read_buffer_to_send:630][count[0]***]
I/uSDK    ( 8420): [CAE][D][2017-12-27 18:06:48.566428][su_ctx_fd_set:692][MAX fd[-1]]
V/ActivityManager( 1797): Broadcast sticky: Intent { act=android.intent.action.SIG_STR flg=0x10 (has extras) } ordered=false userid=-1 callerApp=ProcessRecord{42767e10 1797:system/1000}
D/cell strength( 4291): ===== cell singal strength changed : 21
D/WifiStateMachine( 1797): ConnectedState{ when=-3ms what=131155 arg1=8 target=com.android.internal.util.StateMachine$SmHandler target=Handler (com.android.internal.util.StateMachine$SmHandler) {4317edc0} }
D/WifiStateMachine( 1797): L2ConnectedState{ when=-3ms what=131155 arg1=8 target=com.android.internal.util.StateMachine$SmHandler target=Handler (com.android.internal.util.StateMachine$SmHandler) {4317edc0} }
D/WifiHW  ( 1797): enter -->wifi_send_command cmd=IFNAME=wlan0 SIGNAL_POLL
D/wpa_supplicant( 4131): RX ctrl_iface - hexdump(len=11): 53 49 47 4e 41 4c 5f 50 4f 4c 4c
D/wpa_supplicant( 4131): wlan0: Control interface command 'SIGNAL_POLL'
D/wpa_supplicant( 4131): nl80211: survey data missing!
D/wpa_supplicant( 4131): signal poll, reply_len=48
D/wpa_ctrl( 1797): reply_len=4095
D/WifiHW  ( 1797): leave --> reply=RSSI=-46
D/WifiHW  ( 1797): LINKSPEED=65
D/WifiHW  ( 1797): NOISE=9999
D/WifiHW  ( 1797): FREQUENCY=2412
D/WifiHW  ( 1797): 
D/wifi    ( 1797): doStringCommand, buf IFNAME=wlan0 SIGNAL_POLL
I/WifiStateMachine( 1797): fetchRssiAndLinkSpeedNative, newRssi:-46, newLinkSpeed:65, SSID:"60_dev_01"
D/WifiStateMachine( 1797): mRssiArray[0] = -45
D/WifiStateMachine( 1797): mRssiArray[1] = -46
D/WifiStateMachine( 1797): mRssiArray[2] = -43
D/WifiStateMachine( 1797): mRssiArray[3] = -43
D/WifiStateMachine( 1797): mRssiArray[4] = -45
D/WifiStateMachine( 1797): GetFilterRssi is : -44
D/WifiStateMachine( 1797): mLastSignalLevel:4, newSignalLevel:4
D/WifiStateMachine( 1797): fetchRssiAndLinkSpeedNative, ipAddr:2013270188
D/dalvikvm( 4701): create interp thread : stack size=128KB
D/dalvikvm( 4701): create new thread
D/dalvikvm( 4701): new thread created
D/dalvikvm( 4701): update thread list
D/dalvikvm( 4701): threadid=28: interp stack at 0x7c3fb000
D/dalvikvm( 4701): threadid=28: created from interp
D/dalvikvm( 4701): start new thread
D/dalvikvm( 4701): threadid=28: notify debugger
D/dalvikvm( 4701): threadid=28 (Thread-2288): calling run()
I/KSO_STAT( 4701): App is in background, stop update end time, ready to start a new session.
D/SQLiteDatabase( 4701): beginTransaction()
D/SQLiteDatabase( 4701): endTransaction()
D/dalvikvm( 4701): threadid=28: exiting
D/dalvikvm( 4701): threadid=28: bye!
D/BatteryService( 1797): mBatteryVoltage=3999, batteryLevel=50
V/ActivityManager( 1797): Broadcast sticky: Intent { act=android.intent.action.ADDITIONAL_BATTERY_CHANGED flg=0x60000010 (has extras) } ordered=false userid=-1 callerApp=null
V/ActivityManager( 1797): Broadcast sticky: Intent { act=android.intent.action.BATTERY_CHANGED flg=0x60000010 (has extras) } ordered=false userid=-1 callerApp=null
D/WifiService( 1797): onReceive, action:android.intent.action.BATTERY_CHANGED
D/UsbDeviceManager( 1797): onReceive - BATTERY_CHANGED - mPlugType: 2, mSettingUsbCharging: false, mConnected: true, mSettingUsbBicr: false
D/WifiController( 1797): DeviceActiveState{ when=-1ms what=155652 arg1=2 target=com.android.internal.util.StateMachine$SmHandler target=Handler (com.android.internal.util.StateMachine$SmHandler) {432227a8} }
D/WifiController( 1797): StaEnabledState{ when=-1ms what=155652 arg1=2 target=com.android.internal.util.StateMachine$SmHandler target=Handler (com.android.internal.util.StateMachine$SmHandler) {432227a8} }
D/WifiController( 1797): DefaultState{ when=-1ms what=155652 arg1=2 target=com.android.internal.util.StateMachine$SmHandler target=Handler (com.android.internal.util.StateMachine$SmHandler) {432227a8} }
D/WifiController( 1797): battery changed pluggedType: 2
D/HeadsetStateMachine( 6191): Disconnected process message: 10
D/PowerSaveService( 4528): PowerSaveReceiver EXTRA_STATUS: status = 2, lastCharging = true
V/ActivityManager( 1797): Broadcast sticky: Intent { act=android.intent.action.ADDITIONAL_BATTERY_CHANGED flg=0x60000010 (has extras) } ordered=false userid=-1 callerApp=null
V/ActivityManager( 1797): Broadcast sticky: Intent { act=android.intent.action.ADDITIONAL_BATTERY_CHANGED flg=0x60000010 (has extras) } ordered=false userid=-1 callerApp=null
I/System.out(12358): [CDS]EAGAIN in Recvfrom
V/Provider/Settings( 1797): get setting for user 0 by user 0 so skipping cache
V/Provider/Settings( 1797):  from settings cache , name = sys_free_storage_log_interval , value = null
V/Provider/Settings( 1797): get setting for user 0 by user 0 so skipping cache
V/Provider/Settings( 1797):  from settings cache , name = disk_free_change_reporting_threshold , value = null
I/uSDK    ( 8420): [CAE][D][2017-12-27 18:06:53.583809][cae_softap_user_task:730][buffer fd or timeout ]
I/uSDK    ( 8420): [CAE][D][2017-12-27 18:06:53.583849][cae_su_read_buffer_to_send:630][count[0]***]
I/uSDK    ( 8420): [CAE][D][2017-12-27 18:06:53.583866][su_ctx_fd_set:692][MAX fd[-1]]
D/AES     ( 1797): AEEIOCTL_RT_MON_Kick IOCTL,lParam=0. 
I/ANRManager( 1797): updateProcessStats
D/WifiStateMachine( 1797): ConnectedState{ when=-3ms what=131155 arg1=8 target=com.android.internal.util.StateMachine$SmHandler target=Handler (com.android.internal.util.StateMachine$SmHandler) {4317edc0} }
D/WifiStateMachine( 1797): L2ConnectedState{ when=-3ms what=131155 arg1=8 target=com.android.internal.util.StateMachine$SmHandler target=Handler (com.android.internal.util.StateMachine$SmHandler) {4317edc0} }
D/WifiHW  ( 1797): enter -->wifi_send_command cmd=IFNAME=wlan0 SIGNAL_POLL
D/wpa_supplicant( 4131): RX ctrl_iface - hexdump(len=11): 53 49 47 4e 41 4c 5f 50 4f 4c 4c
D/wpa_supplicant( 4131): wlan0: Control interface command 'SIGNAL_POLL'
D/wpa_supplicant( 4131): nl80211: survey data missing!
D/wpa_supplicant( 4131): signal poll, reply_len=48
D/wpa_ctrl( 1797): reply_len=4095
D/WifiHW  ( 1797): leave --> reply=RSSI=-45
D/WifiHW  ( 1797): LINKSPEED=65
D/WifiHW  ( 1797): NOISE=9999
D/WifiHW  ( 1797): FREQUENCY=2412
D/WifiHW  ( 1797): 
D/wifi    ( 1797): doStringCommand, buf IFNAME=wlan0 SIGNAL_POLL
I/WifiStateMachine( 1797): fetchRssiAndLinkSpeedNative, newRssi:-45, newLinkSpeed:65, SSID:"60_dev_01"
D/WifiStateMachine( 1797): mRssiArray[0] = -45
D/WifiStateMachine( 1797): mRssiArray[1] = -46
D/WifiStateMachine( 1797): mRssiArray[2] = -46
D/WifiStateMachine( 1797): mRssiArray[3] = -43
D/WifiStateMachine( 1797): mRssiArray[4] = -45
D/WifiStateMachine( 1797): GetFilterRssi is : -45
D/WifiStateMachine( 1797): mLastSignalLevel:4, newSignalLevel:4
D/WifiStateMachine( 1797): fetchRssiAndLinkSpeedNative, ipAddr:2013270188
I/thermal_repeater(  288): oh, queryMdThermalInfo (0)Bad file number
I/thermal_repeater(  288): [recvMdThermalInfo] ret=25, strLen=127,  1, 32767,,, -1, 32767, 2
I/KSO_STAT( 4701): Try to upload data
I/KSO_STAT( 4701): Do not upload data. The latest upload time is less than 8 hours.
D/PhoneInterfaceManagerEx( 4362): [PhoneIntfMgrEx] hasIccCard  simId=0
D/PhoneInterfaceManagerEx( 4362): [PhoneIntfMgrEx] hasIccCard  simId=1
D/dalvikvm( 4701): create interp thread : stack size=128KB
D/dalvikvm( 4701): create new thread
D/dalvikvm( 4701): new thread created
D/dalvikvm( 4701): update thread list
D/dalvikvm( 4701): threadid=28: interp stack at 0x7c3fb000
D/dalvikvm( 4701): threadid=28: created from interp
D/dalvikvm( 4701): start new thread
D/dalvikvm( 4701): threadid=28: notify debugger
D/dalvikvm( 4701): threadid=28 (Thread-2289): calling run()
I/KSO_STAT( 4701): App is in background, stop update end time, ready to start a new session.
D/SQLiteDatabase( 4701): beginTransaction()
D/SQLiteDatabase( 4701): endTransaction()
D/dalvikvm( 4701): threadid=28: exiting
D/dalvikvm( 4701): threadid=28: bye!
D/BatteryService( 1797): mBatteryVoltage=3998, batteryLevel=50
V/ActivityManager( 1797): Broadcast sticky: Intent { act=android.intent.action.ADDITIONAL_BATTERY_CHANGED flg=0x60000010 (has extras) } ordered=false userid=-1 callerApp=null
V/ActivityManager( 1797): Broadcast sticky: Intent { act=android.intent.action.BATTERY_CHANGED flg=0x60000010 (has extras) } ordered=false userid=-1 callerApp=null
D/WifiService( 1797): onReceive, action:android.intent.action.BATTERY_CHANGED
D/UsbDeviceManager( 1797): onReceive - BATTERY_CHANGED - mPlugType: 2, mSettingUsbCharging: false, mConnected: true, mSettingUsbBicr: false
D/WifiController( 1797): DeviceActiveState{ when=-1ms what=155652 arg1=2 target=com.android.internal.util.StateMachine$SmHandler target=Handler (com.android.internal.util.StateMachine$SmHandler) {432227a8} }
D/WifiController( 1797): StaEnabledState{ when=-2ms what=155652 arg1=2 target=com.android.internal.util.StateMachine$SmHandler target=Handler (com.android.internal.util.StateMachine$SmHandler) {432227a8} }
D/PowerSaveService( 4528): PowerSaveReceiver EXTRA_STATUS: status = 2, lastCharging = true
D/WifiController( 1797): DefaultState{ when=-3ms what=155652 arg1=2 target=com.android.internal.util.StateMachine$SmHandler target=Handler (com.android.internal.util.StateMachine$SmHandler) {432227a8} }
D/WifiController( 1797): battery changed pluggedType: 2
D/HeadsetStateMachine( 6191): Disconnected process message: 10
V/ActivityManager( 1797): Broadcast sticky: Intent { act=android.intent.action.ADDITIONAL_BATTERY_CHANGED flg=0x60000010 (has extras) } ordered=false userid=-1 callerApp=null
V/ActivityManager( 1797): Broadcast sticky: Intent { act=android.intent.action.ADDITIONAL_BATTERY_CHANGED flg=0x60000010 (has extras) } ordered=false userid=-1 callerApp=null
D/WifiStateMachine( 1797): ConnectedState{ when=-3ms what=131155 arg1=8 target=com.android.internal.util.StateMachine$SmHandler target=Handler (com.android.internal.util.StateMachine$SmHandler) {4317edc0} }
D/WifiStateMachine( 1797): L2ConnectedState{ when=-3ms what=131155 arg1=8 target=com.android.internal.util.StateMachine$SmHandler target=Handler (com.android.internal.util.StateMachine$SmHandler) {4317edc0} }
D/WifiHW  ( 1797): enter -->wifi_send_command cmd=IFNAME=wlan0 SIGNAL_POLL
D/wpa_supplicant( 4131): RX ctrl_iface - hexdump(len=11): 53 49 47 4e 41 4c 5f 50 4f 4c 4c
D/wpa_supplicant( 4131): wlan0: Control interface command 'SIGNAL_POLL'
D/wpa_supplicant( 4131): nl80211: survey data missing!
D/wpa_supplicant( 4131): signal poll, reply_len=48
D/wpa_ctrl( 1797): reply_len=4095
D/WifiHW  ( 1797): leave --> reply=RSSI=-45
D/WifiHW  ( 1797): LINKSPEED=65
D/WifiHW  ( 1797): NOISE=9999
D/WifiHW  ( 1797): FREQUENCY=2412
D/WifiHW  ( 1797): 
D/wifi    ( 1797): doStringCommand, buf IFNAME=wlan0 SIGNAL_POLL
I/WifiStateMachine( 1797): fetchRssiAndLinkSpeedNative, newRssi:-45, newLinkSpeed:65, SSID:"60_dev_01"
D/WifiStateMachine( 1797): mRssiArray[0] = -45
D/WifiStateMachine( 1797): mRssiArray[1] = -46
D/WifiStateMachine( 1797): mRssiArray[2] = -46
D/WifiStateMachine( 1797): mRssiArray[3] = -45
D/WifiStateMachine( 1797): mRssiArray[4] = -45
D/WifiStateMachine( 1797): GetFilterRssi is : -45
D/WifiStateMachine( 1797): mLastSignalLevel:4, newSignalLevel:4
D/WifiStateMachine( 1797): fetchRssiAndLinkSpeedNative, ipAddr:2013270188
D/skia    (13003): --- SkImageDecoder::Factory returned null
D/skia    (13003): --- SkImageDecoder::Factory returned null
D/skia    (13003): --- SkImageDecoder::Factory returned null
D/dalvikvm(13003): currentAlloc=7054120 - lastAllocatedSize=1728848 < 10485760, don't trigger GC
D/skia    (13003): jpeg_decoder mode 0, config 5, w 3120, h 4160, sample 1, bsLength 0!!
I/uSDK    ( 8420): [CAE][D][2017-12-27 18:06:58.608051][cae_softap_user_task:730][buffer fd or timeout ]
I/uSDK    ( 8420): [CAE][D][2017-12-27 18:06:58.608090][cae_su_read_buffer_to_send:630][count[0]***]
I/uSDK    ( 8420): [CAE][D][2017-12-27 18:06:58.608107][su_ctx_fd_set:692][MAX fd[-1]]
V/AlarmManager( 1797): Checking for alarms... rtc=1514369220000, elapsed=10646127
V/AlarmManager( 1797): sending alarm Alarm{43969080 type 3 android}
V/ActivityManager( 1797): Broadcast: Intent { act=android.intent.action.TIME_TICK flg=0x50000094 (has extras) } ordered=true userid=-1 callerApp=null
D/ActivityThread( 1797): BDC-Calling onReceive: intent=Intent { act=android.intent.action.TIME_TICK flg=0x50000094 (has extras) }, ordered=true, receiver=com.android.server.AlarmManagerService$ClockReceiver@42864508, IIntentReceiver=42bdffb0
V/AlarmManager( 1797): Received TIME_TICK alarm; rescheduling
V/AlarmManager( 1797): isAlarmNeedAlign : charging
V/AlarmManager( 1797): set(PendingIntent{42c065f0: PendingIntentRecord{42bf55f0 android broadcastIntent}}) : type=3 triggerAtTime=10706126 win=0 tElapsed=10706126 maxElapsed=10706126 interval=0 standalone=true
D/ActivityThread( 1797): BDC-Calling finishReceiver: IIntentReceiver=42bdffb0
D/ActivityThread( 4488): BDC-Calling onReceive: intent=Intent { act=android.intent.action.TIME_TICK flg=0x50000094 (has extras) }, ordered=true, receiver=com.oppo.widget.smallweather.NormalWidgetUtil$1@42811870, IIntentReceiver=427f3748
V/Provider/Settings( 4488): get setting for user 0 by user 0 so skipping cache
V/Provider/Settings( 4488):  from settings cache , name = time_12_24 , value = 24
V/Provider/Settings( 4488): get setting for user 0 by user 0 so skipping cache
V/Provider/Settings( 4488):  from settings cache , name = date_format , value = 
D/ActivityThread( 4488): BDC-Calling finishReceiver: IIntentReceiver=427f3748
D/ActivityThread( 6908): BDC-Calling onReceive: intent=Intent { act=android.intent.action.TIME_TICK flg=0x50000094 (has extras) }, ordered=true, receiver=com.oppo.activation.ActivationService$ServiceBroadcastReceiver@42771de8, IIntentReceiver=42771e30
D/PhoneInterfaceManager( 4362): getSimState simId = 0prop = ABSENT
D/PhoneInterfaceManager( 4362): getSimState simId = 1prop = ABSENT
D/ActivityThread( 6908): BDC-Calling finishReceiver: IIntentReceiver=42771e30
D/ActivityThread(13785): BDC-Calling onReceive: intent=Intent { act=android.intent.action.TIME_TICK flg=0x50000094 (has extras) }, ordered=true, receiver=ded$1@427fbc70, IIntentReceiver=427fc200
D/ActivityManager( 1797): getContentProviderImpl: from caller=android.app.ApplicationThreadProxy@43c4b640 (pid=13785, userId=0) to get content provider cn.wps.moffice_eng.preferences cpr=ContentProviderRecord{4324eba0 u0 cn.wps.moffice_eng/cn.wps.moffice.persistence.AppDataProvider}
D/ActivityManager( 1797): getContentProviderImpl: updateLruProcessLocked cpr.proc=ProcessRecord{42d428e0 12099:cn.wps.moffice_eng/u0a86}
D/ActivityThread(13785): hoder:android.app.IActivityManager$ContentProviderHolder@429ca758,provider,holder.Provider:android.content.ContentProviderProxy@429cadb8
D/ActivityThread(13785): BDC-Calling finishReceiver: IIntentReceiver=427fc200
D/ActivityThread(27374): BDC-Calling onReceive: intent=Intent { act=android.intent.action.TIME_TICK flg=0x50000094 (has extras) }, ordered=true, receiver=com.oppo.lockutils.OppoLockUtils$1@42753718, IIntentReceiver=427550b0
D/ActivityThread(27374): BDC-Calling finishReceiver: IIntentReceiver=427550b0
D/ActivityThread(27374): BDC-Calling onReceive: intent=Intent { act=android.intent.action.TIME_TICK flg=0x50000094 (has extras) }, ordered=true, receiver=com.android.keyguard.base.KeyguardUpdateMonitor$3@42764468, IIntentReceiver=42765b88
D/ActivityThread(27374): BDC-Calling finishReceiver: IIntentReceiver=42765b88
D/BluetoothAdapter(12358): isEnabled
E/Gl      (12358): [main]: .Gl$a.handleMessage:441
E/Gl      (12358): RE_CONNECTION list 1
E/BleController(12358): [main]: .bleconn.bluetooth.BleController.b:198
E/BleController(12358): start scanning
D/ConnectivityService( 1797): getActiveNetworkInfo:NetworkInfo: type: WIFI[], state: CONNECTED/CONNECTED, reason: (unspecified), extra: "60_dev_01", roaming: false, failover: false, isAvailable: true, isConnectedToProvisioningNetwork: false, simId: 0/10188
D/ActivityThread(12358): SVC-Calling onStartCommand: com.moji.airnut.bleconn.bluetooth.BleDiscoveryGattService@42acddb8, flags=0, startId=290
D/BluetoothAdapter(12358): stopLeScan()
E/CheckPermission(12358): _bluetooth code = 9 
D/BtGatt.GattService( 6191): stopScan() - queue=1
D/BtGatt.GattService( 6191): stopScan() - queue empty; stopping scan
D/BTIF_GATT_CLIENT( 6191): [GATT] btif_gattc_scan
D/BTIF_GATT_CLIENT( 6191): btif_gattc_scan
I/bt_ext_apis.c( 6191): btmtk_util_find_profile_msg_handler search profile_id:[21]
I/bt_ext_apis.c( 6191): [JNI] btmtk_sendmsg(cmd=4007, ptr=0x78908138, len=36)
I/bt_ext_apis.c( 6191): [JNI] send msg success : 36
D/BtGatt.GattService( 6191): unregisterClient() - clientIf=1
D/BTIF_GATT_CLIENT( 6191): [GATT] btif_gattc_unregister_app
D/BTIF_GATT_CLIENT( 6191): btif_gattc_unregister_app
I/bt_ext_apis.c( 6191): btmtk_util_find_profile_msg_handler search profile_id:[21]
I/bt_ext_apis.c( 6191): [JNI] btmtk_sendmsg(cmd=4002, ptr=0x77e08140, len=36)
I/bt_ext_apis.c( 6191): [JNI] send msg success : 36
D/BluetoothAdapter(12358): isEnabled
D/BluetoothAdapter(12358): startLeScan(): null
E/CheckPermission(12358): _bluetooth code = 9 
D/BtGatt.GattService( 6191): registerClient() - UUID=263b21c4-3914-4a8c-a0f6-73b450ff3c68
D/BTIF_GATT_CLIENT( 6191): [GATT] allocFreeContext
D/BTIF_GATT( 6191): [GATT] client appuuid : uuid : len(16) : 68:3C:FF:50:B4:73:F6:A0:8C:4A:14:39:C4:21:3B:26
D/BTIF_GATT_CLIENT( 6191): [GATT] alloc client slot 1
D/BTIF_GATT_CLIENT( 6191): [GATT] btif_gattc_register_app
D/BTIF_GATT_CLIENT( 6191): btif_gattc_register_app
I/bt_ext_apis.c( 6191): btmtk_util_find_profile_msg_handler search profile_id:[21]
I/bt_ext_apis.c( 6191): [JNI] btmtk_sendmsg(cmd=4000, ptr=0x78908100, len=48)
I/bt_ext_apis.c( 6191): [JNI] send msg success : 48
I/BTIF_CORE( 6191): [btif_task]:Polling returned!
I/BTIF_CORE( 6191): [btif_task]:Start retrieve data pollMemberCount=10!
I/BTIF_CORE( 6191): [btif_task]:fd 7 data ready!
I/BTIF_CORE( 6191): [btif_task]:pollData[i].fd data ready : revents = 0x1!
I/BTIF_CORE( 6191): in profile[0] handler!
I/BTIF_CORE( 6191): out profile[0] handler!
I/BTIF_CORE( 6191): in profile[3] handler!
I/BTIF_CORE( 6191): out profile[3] handler!
I/BTIF_CORE( 6191): in profile[5] handler!
I/BTIF_CORE( 6191): out profile[5] handler!
I/BTIF_CORE( 6191): in profile[1] handler!
I/BTIF_CORE( 6191): out profile[1] handler!
I/BTIF_CORE( 6191): in profile[11] handler!
I/BTIF_CORE( 6191): out profile[11] handler!
I/BTIF_CORE( 6191): in profile[18] handler!
I/BTIF_CORE( 6191): out profile[18] handler!
I/BTIF_CORE( 6191): in profile[12] handler!
I/BTIF_CORE( 6191): out profile[12] handler!
I/BTIF_CORE( 6191): in profile[21] handler!
D/BTIF_GATT_CLIENT( 6191): [GATT] gattc_handle_message
D/BTIF_GATT_CLIENT( 6191): [GATT] gattc_handle_message : msg_id=4008
D/BTIF_GATT_CLIENT( 6191): [GATT] findContextByContext
D/BTIF_GATT_CLIENT( 6191): [GATT] context[0] = 0xb70c09f4 found
D/BTIF_GATT_CLIENT( 6191): [GATT] gattc_handle_scan_cancel_cnf
I/BTIF_CORE( 6191): out profile[21] handler!
I/BTIF_CORE( 6191): [btif_task]:Start polling!
I/BTIF_CORE( 6191): [btif_task]:Polling returned!
I/BTIF_CORE( 6191): [btif_task]:Start retrieve data pollMemberCount=10!
I/BTIF_CORE( 6191): [btif_task]:fd 7 data ready!
I/BTIF_CORE( 6191): [btif_task]:pollData[i].fd data ready : revents = 0x1!
I/BTIF_CORE( 6191): in profile[0] handler!
I/BTIF_CORE( 6191): out profile[0] handler!
I/BTIF_CORE( 6191): in profile[3] handler!
I/BTIF_CORE( 6191): out profile[3] handler!
I/BTIF_CORE( 6191): in profile[5] handler!
I/BTIF_CORE( 6191): out profile[5] handler!
I/BTIF_CORE( 6191): in profile[1] handler!
I/BTIF_CORE( 6191): out profile[1] handler!
I/BTIF_CORE( 6191): in profile[11] handler!
I/BTIF_CORE( 6191): out profile[11] handler!
I/BTIF_CORE( 6191): in profile[18] handler!
I/BTIF_CORE( 6191): out profile[18] handler!
I/BTIF_CORE( 6191): in profile[12] handler!
I/BTIF_CORE( 6191): out profile[12] handler!
I/BTIF_CORE( 6191): in profile[21] handler!
D/BTIF_GATT_CLIENT( 6191): [GATT] gattc_handle_message
D/BTIF_GATT_CLIENT( 6191): [GATT] gattc_handle_message : msg_id=4003
D/BTIF_GATT_CLIENT( 6191): [GATT] findContextByContext
D/BTIF_GATT_CLIENT( 6191): [GATT] context[0] = 0xb70c09f4 found
D/BTIF_GATT_CLIENT( 6191): [GATT] gattc_handle_deregister_cnf
I/BTIF_CORE( 6191): out profile[21] handler!
I/BTIF_CORE( 6191): [btif_task]:Start polling!
I/BTIF_CORE( 6191): [btif_task]:Polling returned!
I/BTIF_CORE( 6191): [btif_task]:Start retrieve data pollMemberCount=10!
I/BTIF_CORE( 6191): [btif_task]:fd 7 data ready!
I/BTIF_CORE( 6191): [btif_task]:pollData[i].fd data ready : revents = 0x1!
I/BTIF_CORE( 6191): in profile[0] handler!
I/BTIF_CORE( 6191): out profile[0] handler!
I/BTIF_CORE( 6191): in profile[3] handler!
I/BTIF_CORE( 6191): out profile[3] handler!
I/BTIF_CORE( 6191): in profile[5] handler!
I/BTIF_CORE( 6191): out profile[5] handler!
I/BTIF_CORE( 6191): in profile[1] handler!
I/BTIF_CORE( 6191): out profile[1] handler!
I/BTIF_CORE( 6191): in profile[11] handler!
I/BTIF_CORE( 6191): out profile[11] handler!
I/BTIF_CORE( 6191): in profile[18] handler!
I/BTIF_CORE( 6191): out profile[18] handler!
I/BTIF_CORE( 6191): in profile[12] handler!
I/BTIF_CORE( 6191): out profile[12] handler!
I/BTIF_CORE( 6191): in profile[21] handler!
D/BTIF_GATT_CLIENT( 6191): [GATT] gattc_handle_message
D/BTIF_GATT_CLIENT( 6191): [GATT] gattc_handle_message : msg_id=4001
D/BTIF_GATT_CLIENT( 6191): [GATT] findContextByAppUUID
D/BTIF_GATT_CLIENT( 6191): [GATT] context[1] = 0x0 found
D/BTIF_GATT_CLIENT( 6191): [GATT] gattc_handle_register_cnf
D/BtGatt.GattService( 6191): onClientRegistered() - UUID=263b21c4-3914-4a8c-a0f6-73b450ff3c68, clientIf=2
D/BluetoothAdapter(12358): onClientRegistered() - status=0 clientIf=2
E/CheckPermission(12358): _bluetooth code = 9 
D/BtGatt.GattService( 6191): startScan() - queue=0
D/BtGatt.GattService( 6191): startScan() - adding client=2
D/BTIF_GATT_CLIENT( 6191): [GATT] btif_gattc_scan
D/BTIF_GATT_CLIENT( 6191): btif_gattc_scan
I/bt_ext_apis.c( 6191): btmtk_util_find_profile_msg_handler search profile_id:[21]
I/bt_ext_apis.c( 6191): [JNI] btmtk_sendmsg(cmd=4004, ptr=0x785434e0, len=36)
I/bt_ext_apis.c( 6191): [JNI] send msg success : 36
I/BTIF_CORE( 6191): out profile[21] handler!
I/BTIF_CORE( 6191): [btif_task]:Start polling!
D/ActivityThread(12358): SVC-SERVICE_ARGS handled : 0 / ServiceArgsData{token=android.os.BinderProxy@42739ad8 startId=290 args=Intent { cmp=com.moji.airnut/.bleconn.bluetooth.BleDiscoveryGattService (has extras) }}
I/BTIF_CORE( 6191): [btif_task]:Polling returned!
I/BTIF_CORE( 6191): [btif_task]:Start retrieve data pollMemberCount=10!
I/BTIF_CORE( 6191): [btif_task]:fd 7 data ready!
I/BTIF_CORE( 6191): [btif_task]:pollData[i].fd data ready : revents = 0x1!
I/BTIF_CORE( 6191): in profile[0] handler!
I/BTIF_CORE( 6191): out profile[0] handler!
I/BTIF_CORE( 6191): in profile[3] handler!
I/BTIF_CORE( 6191): out profile[3] handler!
I/BTIF_CORE( 6191): in profile[5] handler!
I/BTIF_CORE( 6191): out profile[5] handler!
I/BTIF_CORE( 6191): in profile[1] handler!
I/BTIF_CORE( 6191): out profile[1] handler!
I/BTIF_CORE( 6191): in profile[11] handler!
I/BTIF_CORE( 6191): out profile[11] handler!
I/BTIF_CORE( 6191): in profile[18] handler!
I/BTIF_CORE( 6191): out profile[18] handler!
I/BTIF_CORE( 6191): in profile[12] handler!
I/BTIF_CORE( 6191): out profile[12] handler!
I/BTIF_CORE( 6191): in profile[21] handler!
D/BTIF_GATT_CLIENT( 6191): [GATT] gattc_handle_message
D/BTIF_GATT_CLIENT( 6191): [GATT] gattc_handle_message : msg_id=4005
D/BTIF_GATT_CLIENT( 6191): [GATT] findContextByContext
D/BTIF_GATT_CLIENT( 6191): [GATT] context[1] = 0xb70c099c found
D/BTIF_GATT_CLIENT( 6191): [GATT] gattc_handle_scan_result_ind
I/BT_UTILS( 6191): btmtk_util_reverse_array: dest addr=0x30:21:FA:F9:8F:8D
D/BtGatt.GattService( 6191): onScanResult() - address=30:21:FA:F9:8F:8D, rssi=-66
D/BluetoothAdapter(12358): onScanResult() - Device=30:21:FA:F9:8F:8D RSSI=-66
I/BTIF_CORE( 6191): out profile[21] handler!
I/BTIF_CORE( 6191): [btif_task]:Start polling!
D/WifiStateMachine( 1797): ConnectedState{ when=-3ms what=131155 arg1=8 target=com.android.internal.util.StateMachine$SmHandler target=Handler (com.android.internal.util.StateMachine$SmHandler) {4317edc0} }
D/WifiStateMachine( 1797): L2ConnectedState{ when=-3ms what=131155 arg1=8 target=com.android.internal.util.StateMachine$SmHandler target=Handler (com.android.internal.util.StateMachine$SmHandler) {4317edc0} }
D/WifiHW  ( 1797): enter -->wifi_send_command cmd=IFNAME=wlan0 SIGNAL_POLL
D/wpa_supplicant( 4131): RX ctrl_iface - hexdump(len=11): 53 49 47 4e 41 4c 5f 50 4f 4c 4c
D/wpa_supplicant( 4131): wlan0: Control interface command 'SIGNAL_POLL'
D/wpa_supplicant( 4131): nl80211: survey data missing!
D/wpa_supplicant( 4131): signal poll, reply_len=48
D/wpa_ctrl( 1797): reply_len=4095
D/WifiHW  ( 1797): leave --> reply=RSSI=-45
D/WifiHW  ( 1797): LINKSPEED=65
D/WifiHW  ( 1797): NOISE=9999
D/WifiHW  ( 1797): FREQUENCY=2412
D/WifiHW  ( 1797): 
D/wifi    ( 1797): doStringCommand, buf IFNAME=wlan0 SIGNAL_POLL
I/WifiStateMachine( 1797): fetchRssiAndLinkSpeedNative, newRssi:-45, newLinkSpeed:65, SSID:"60_dev_01"
D/WifiStateMachine( 1797): mRssiArray[0] = -45
D/WifiStateMachine( 1797): mRssiArray[1] = -46
D/WifiStateMachine( 1797): mRssiArray[2] = -46
D/WifiStateMachine( 1797): mRssiArray[3] = -45
D/WifiStateMachine( 1797): mRssiArray[4] = -45
D/WifiStateMachine( 1797): GetFilterRssi is : -45
D/WifiStateMachine( 1797): mLastSignalLevel:4, newSignalLevel:4
D/WifiStateMachine( 1797): fetchRssiAndLinkSpeedNative, ipAddr:2013270188
I/BTIF_CORE( 6191): [btif_task]:Polling returned!
I/BTIF_CORE( 6191): [btif_task]:Start retrieve data pollMemberCount=10!
I/BTIF_CORE( 6191): [btif_task]:fd 7 data ready!
I/BTIF_CORE( 6191): [btif_task]:pollData[i].fd data ready : revents = 0x1!
I/BTIF_CORE( 6191): in profile[0] handler!
I/BTIF_CORE( 6191): out profile[0] handler!
I/BTIF_CORE( 6191): in profile[3] handler!
I/BTIF_CORE( 6191): out profile[3] handler!
I/BTIF_CORE( 6191): in profile[5] handler!
I/BTIF_CORE( 6191): out profile[5] handler!
I/BTIF_CORE( 6191): in profile[1] handler!
I/BTIF_CORE( 6191): out profile[1] handler!
I/BTIF_CORE( 6191): in profile[11] handler!
I/BTIF_CORE( 6191): out profile[11] handler!
I/BTIF_CORE( 6191): in profile[18] handler!
I/BTIF_CORE( 6191): out profile[18] handler!
I/BTIF_CORE( 6191): in profile[12] handler!
I/BTIF_CORE( 6191): out profile[12] handler!
I/BTIF_CORE( 6191): in profile[21] handler!
D/BTIF_GATT_CLIENT( 6191): [GATT] gattc_handle_message
D/BTIF_GATT_CLIENT( 6191): [GATT] gattc_handle_message : msg_id=4005
D/BTIF_GATT_CLIENT( 6191): [GATT] findContextByContext
D/BTIF_GATT_CLIENT( 6191): [GATT] context[1] = 0xb70c099c found
D/BTIF_GATT_CLIENT( 6191): [GATT] gattc_handle_scan_result_ind
I/BT_UTILS( 6191): btmtk_util_reverse_array: dest addr=0x09:14:3F:D3:20:22
D/BtGatt.GattService( 6191): onScanResult() - address=09:14:3F:D3:20:22, rssi=-86
D/BluetoothAdapter(12358): onScanResult() - Device=09:14:3F:D3:20:22 RSSI=-86
I/BTIF_CORE( 6191): out profile[21] handler!
I/BTIF_CORE( 6191): [btif_task]:Start polling!
I/BTIF_CORE( 6191): [btif_task]:Polling returned!
I/BTIF_CORE( 6191): [btif_task]:Start retrieve data pollMemberCount=10!
I/BTIF_CORE( 6191): [btif_task]:fd 7 data ready!
I/BTIF_CORE( 6191): [btif_task]:pollData[i].fd data ready : revents = 0x1!
I/BTIF_CORE( 6191): in profile[0] handler!
I/BTIF_CORE( 6191): out profile[0] handler!
I/BTIF_CORE( 6191): in profile[3] handler!
I/BTIF_CORE( 6191): out profile[3] handler!
I/BTIF_CORE( 6191): in profile[5] handler!
I/BTIF_CORE( 6191): out profile[5] handler!
I/BTIF_CORE( 6191): in profile[1] handler!
I/BTIF_CORE( 6191): out profile[1] handler!
I/BTIF_CORE( 6191): in profile[11] handler!
I/BTIF_CORE( 6191): out profile[11] handler!
I/BTIF_CORE( 6191): in profile[18] handler!
I/BTIF_CORE( 6191): out profile[18] handler!
I/BTIF_CORE( 6191): in profile[12] handler!
I/BTIF_CORE( 6191): out profile[12] handler!
I/BTIF_CORE( 6191): in profile[21] handler!
D/BTIF_GATT_CLIENT( 6191): [GATT] gattc_handle_message
D/BTIF_GATT_CLIENT( 6191): [GATT] gattc_handle_message : msg_id=4005
D/BTIF_GATT_CLIENT( 6191): [GATT] findContextByContext
D/BTIF_GATT_CLIENT( 6191): [GATT] context[1] = 0xb70c099c found
D/BTIF_GATT_CLIENT( 6191): [GATT] gattc_handle_scan_result_ind
I/BT_UTILS( 6191): btmtk_util_reverse_array: dest addr=0x2F:3D:12:45:B2:EB
D/BtGatt.GattService( 6191): onScanResult() - address=2F:3D:12:45:B2:EB, rssi=-71
D/BluetoothAdapter(12358): onScanResult() - Device=2F:3D:12:45:B2:EB RSSI=-71
I/BTIF_CORE( 6191): out profile[21] handler!
I/BTIF_CORE( 6191): [btif_task]:Start polling!
I/BTIF_CORE( 6191): [btif_task]:Polling returned!
I/BTIF_CORE( 6191): [btif_task]:Start retrieve data pollMemberCount=10!
I/BTIF_CORE( 6191): [btif_task]:fd 7 data ready!
I/BTIF_CORE( 6191): [btif_task]:pollData[i].fd data ready : revents = 0x1!
I/BTIF_CORE( 6191): in profile[0] handler!
I/BTIF_CORE( 6191): out profile[0] handler!
I/BTIF_CORE( 6191): in profile[3] handler!
I/BTIF_CORE( 6191): out profile[3] handler!
I/BTIF_CORE( 6191): in profile[5] handler!
I/BTIF_CORE( 6191): out profile[5] handler!
I/BTIF_CORE( 6191): in profile[1] handler!
I/BTIF_CORE( 6191): out profile[1] handler!
I/BTIF_CORE( 6191): in profile[11] handler!
I/BTIF_CORE( 6191): out profile[11] handler!
I/BTIF_CORE( 6191): in profile[18] handler!
I/BTIF_CORE( 6191): out profile[18] handler!
I/BTIF_CORE( 6191): in profile[12] handler!
I/BTIF_CORE( 6191): out profile[12] handler!
I/BTIF_CORE( 6191): in profile[21] handler!
D/BTIF_GATT_CLIENT( 6191): [GATT] gattc_handle_message
D/BTIF_GATT_CLIENT( 6191): [GATT] gattc_handle_message : msg_id=4005
D/BTIF_GATT_CLIENT( 6191): [GATT] findContextByContext
D/BTIF_GATT_CLIENT( 6191): [GATT] context[1] = 0xb70c099c found
D/BTIF_GATT_CLIENT( 6191): [GATT] gattc_handle_scan_result_ind
I/BT_UTILS( 6191): btmtk_util_reverse_array: dest addr=0x51:96:DE:D1:EF:82
D/BtGatt.GattService( 6191): onScanResult() - address=51:96:DE:D1:EF:82, rssi=-71
D/BluetoothAdapter(12358): onScanResult() - Device=51:96:DE:D1:EF:82 RSSI=-71
I/BTIF_CORE( 6191): out profile[21] handler!
I/BTIF_CORE( 6191): [btif_task]:Start polling!
D/dalvikvm(10262): threadid=12: exiting
D/dalvikvm(10262): threadid=12: bye!
D/SQLiteDatabase( 5513): beginTransaction()
D/SQLiteDatabase( 5513): endTransaction()
D/ConnectivityService( 1797): getActiveNetworkInfo:NetworkInfo: type: WIFI[], state: CONNECTED/CONNECTED, reason: (unspecified), extra: "60_dev_01", roaming: false, failover: false, isAvailable: true, isConnectedToProvisioningNetwork: false, simId: 0/10095
D/AndroidRuntime(27707): 
D/AndroidRuntime(27707): >>>>>> AndroidRuntime START com.android.internal.os.RuntimeInit <<<<<<
D/AndroidRuntime(27707): CheckJNI is OFF
D/AndroidRuntime(27707): language=-Duser.language=zh region=-Duser.region=CN
D/dalvikvm(27707): boot class : 
D/dalvikvm(27707):   (0) core.jar
D/dalvikvm(27707):   (1) conscrypt.jar
D/dalvikvm(27707):   (2) okhttp.jar
D/dalvikvm(27707):   (3) core-junit.jar
D/dalvikvm(27707):   (4) bouncycastle.jar
D/dalvikvm(27707):   (5) ext.jar
D/dalvikvm(27707):   (6) framework.jar
D/dalvikvm(27707):   (7) framework2.jar
D/dalvikvm(27707):   (8) telephony-common.jar
D/dalvikvm(27707):   (9) voip-common.jar
D/dalvikvm(27707):   (10) mms-common.jar
D/dalvikvm(27707):   (11) android.policy.jar
D/dalvikvm(27707):   (12) services.jar
D/dalvikvm(27707):   (13) apache-xml.jar
D/dalvikvm(27707):   (14) webviewchromium.jar
D/dalvikvm(27707):   (15) mediatek-common.jar
D/dalvikvm(27707):   (16) mediatek-framework.jar
D/dalvikvm(27707):   (17) CustomProperties.jar
D/dalvikvm(27707):   (18) mediatek-telephony-common.jar
D/dalvikvm(27707):   (19) mediatek-tablet.jar
D/dalvikvm(27707):   (20) oppo-framework.jar
D/dalvikvm(27707):   (21) am.jar
D/ReserveFileInData(27708): Total_size = 12702646272 B = 12404928 KB = 12114 MB = 11 GB
D/ReserveFileInData(27708): Disk_free = 8975 MB = 8 GB
