V/AlarmManager( 1797): set(PendingIntent{42e62960: PendingIntentRecord{43518f40 com.color.safecenter broadcastIntent}}) : type=0 triggerAtTime=1514369521813 win=-1 tElapsed=10947939 maxElapsed=11172939 interval=0 standalone=false
V/AlarmManager( 1797): Adding Alarm{42fc3718 type 0 com.color.safecenter} to Batch{431b7388 num=6 start=10889576 end=11013786}
V/AlarmManager( 1797):     => now Batch{431b7388 num=6 start=10947939 end=11013786}
D/dalvikvm( 4528): create interp thread : stack size=128KB
D/dalvikvm( 4528): create new thread
D/dalvikvm( 4528): new thread created
D/dalvikvm( 4528): update thread list
D/dalvikvm( 4528): threadid=29: interp stack at 0x79f81000
D/dalvikvm( 4528): threadid=29: created from interp
D/dalvikvm( 4528): start new thread
D/dalvikvm( 4528): threadid=29: notify debugger
D/dalvikvm( 4528): threadid=29 (Common Thread Pool-1-Thread-28): calling run()
D/BatteryService( 1797): mBatteryVoltage=3982, batteryLevel=50
V/ActivityManager( 1797): Broadcast sticky: Intent { act=android.intent.action.ADDITIONAL_BATTERY_CHANGED flg=0x60000010 (has extras) } ordered=false userid=-1 callerApp=null
V/ActivityManager( 1797): Broadcast sticky: Intent { act=android.intent.action.BATTERY_CHANGED flg=0x60000010 (has extras) } ordered=false userid=-1 callerApp=null
D/WifiService( 1797): onReceive, action:android.intent.action.BATTERY_CHANGED
D/WifiController( 1797): DeviceActiveState{ when=0 what=155652 arg1=2 target=com.android.internal.util.StateMachine$SmHandler target=Handler (com.android.internal.util.StateMachine$SmHandler) {432227a8} }
D/WifiController( 1797): StaEnabledState{ when=0 what=155652 arg1=2 target=com.android.internal.util.StateMachine$SmHandler target=Handler (com.android.internal.util.StateMachine$SmHandler) {432227a8} }
D/WifiController( 1797): DefaultState{ when=-1ms what=155652 arg1=2 target=com.android.internal.util.StateMachine$SmHandler target=Handler (com.android.internal.util.StateMachine$SmHandler) {432227a8} }
D/WifiController( 1797): battery changed pluggedType: 2
D/UsbDeviceManager( 1797): onReceive - BATTERY_CHANGED - mPlugType: 2, mSettingUsbCharging: false, mConnected: true, mSettingUsbBicr: false
D/PowerSaveService( 4528): PowerSaveReceiver EXTRA_STATUS: status = 2, lastCharging = true
D/HeadsetStateMachine( 6191): Disconnected process message: 10
V/ActivityManager( 1797): Broadcast sticky: Intent { act=android.intent.action.ADDITIONAL_BATTERY_CHANGED flg=0x60000010 (has extras) } ordered=false userid=-1 callerApp=null
V/ActivityManager( 1797): Broadcast sticky: Intent { act=android.intent.action.ADDITIONAL_BATTERY_CHANGED flg=0x60000010 (has extras) } ordered=false userid=-1 callerApp=null
V/ActivityManager( 1797): Broadcast sticky: Intent { act=android.intent.action.SIG_STR flg=0x10 (has extras) } ordered=false userid=-1 callerApp=ProcessRecord{42767e10 1797:system/1000}
D/cell strength( 4291): ===== cell singal strength changed : 22
D/WifiStateMachine( 1797): ConnectedState{ when=-3ms what=131155 arg1=8 target=com.android.internal.util.StateMachine$SmHandler target=Handler (com.android.internal.util.StateMachine$SmHandler) {4317edc0} }
D/WifiStateMachine( 1797): L2ConnectedState{ when=-3ms what=131155 arg1=8 target=com.android.internal.util.StateMachine$SmHandler target=Handler (com.android.internal.util.StateMachine$SmHandler) {4317edc0} }
D/WifiHW  ( 1797): enter -->wifi_send_command cmd=IFNAME=wlan0 SIGNAL_POLL
D/wpa_supplicant( 4131): RX ctrl_iface - hexdump(len=11): 53 49 47 4e 41 4c 5f 50 4f 4c 4c
D/wpa_supplicant( 4131): wlan0: Control interface command 'SIGNAL_POLL'
D/wpa_supplicant( 4131): nl80211: survey data missing!
D/wpa_supplicant( 4131): signal poll, reply_len=48
D/wpa_ctrl( 1797): reply_len=4095
D/WifiHW  ( 1797): leave --> reply=RSSI=-45
D/WifiHW  ( 1797): LINKSPEED=65
D/WifiHW  ( 1797): NOISE=9999
D/WifiHW  ( 1797): FREQUENCY=2412
D/WifiHW  ( 1797): 
D/wifi    ( 1797): doStringCommand, buf IFNAME=wlan0 SIGNAL_POLL
I/WifiStateMachine( 1797): fetchRssiAndLinkSpeedNative, newRssi:-45, newLinkSpeed:65, SSID:"60_dev_01"
D/WifiStateMachine( 1797): mRssiArray[0] = -45
D/WifiStateMachine( 1797): mRssiArray[1] = -46
D/WifiStateMachine( 1797): mRssiArray[2] = -46
D/WifiStateMachine( 1797): mRssiArray[3] = -45
D/WifiStateMachine( 1797): mRssiArray[4] = -45
D/WifiStateMachine( 1797): GetFilterRssi is : -45
D/WifiStateMachine( 1797): mLastSignalLevel:4, newSignalLevel:4
D/WifiStateMachine( 1797): fetchRssiAndLinkSpeedNative, ipAddr:2013270188
I/BTIF_CORE( 6191): [btif_task]:Polling returned!
I/BTIF_CORE( 6191): [btif_task]:Start retrieve data pollMemberCount=10!
I/BTIF_CORE( 6191): [btif_task]:fd 7 data ready!
I/BTIF_CORE( 6191): [btif_task]:pollData[i].fd data ready : revents = 0x1!
I/BTIF_CORE( 6191): in profile[0] handler!
I/BTIF_CORE( 6191): out profile[0] handler!
I/BTIF_CORE( 6191): in profile[3] handler!
I/BTIF_CORE( 6191): out profile[3] handler!
I/BTIF_CORE( 6191): in profile[5] handler!
I/BTIF_CORE( 6191): out profile[5] handler!
I/BTIF_CORE( 6191): in profile[1] handler!
I/BTIF_CORE( 6191): out profile[1] handler!
I/BTIF_CORE( 6191): in profile[11] handler!
I/BTIF_CORE( 6191): out profile[11] handler!
I/BTIF_CORE( 6191): in profile[18] handler!
I/BTIF_CORE( 6191): out profile[18] handler!
I/BTIF_CORE( 6191): in profile[12] handler!
I/BTIF_CORE( 6191): out profile[12] handler!
I/BTIF_CORE( 6191): in profile[21] handler!
D/BTIF_GATT_CLIENT( 6191): [GATT] gattc_handle_message
D/BTIF_GATT_CLIENT( 6191): [GATT] gattc_handle_message : msg_id=4005
D/BTIF_GATT_CLIENT( 6191): [GATT] findContextByContext
D/BTIF_GATT_CLIENT( 6191): [GATT] context[1] = 0xb70c099c found
D/BTIF_GATT_CLIENT( 6191): [GATT] gattc_handle_scan_result_ind
I/BT_UTILS( 6191): btmtk_util_reverse_array: dest addr=0x61:9F:C1:4B:03:0A
D/BtGatt.GattService( 6191): onScanResult() - address=61:9F:C1:4B:03:0A, rssi=-73
D/BluetoothAdapter(12358): onScanResult() - Device=61:9F:C1:4B:03:0A RSSI=-73
I/BTIF_CORE( 6191): out profile[21] handler!
I/BTIF_CORE( 6191): [btif_task]:Start polling!
I/uSDK    ( 8420): [CAE][D][2017-12-27 18:07:03.623960][cae_softap_user_task:730][buffer fd or timeout ]
I/uSDK    ( 8420): [CAE][D][2017-12-27 18:07:03.624003][cae_su_read_buffer_to_send:630][count[0]***]
I/uSDK    ( 8420): [CAE][D][2017-12-27 18:07:03.624019][su_ctx_fd_set:692][MAX fd[-1]]
D/dalvikvm( 4528): threadid=29: exiting
D/dalvikvm( 4528): threadid=29: bye!
D/dalvikvm( 4528): threadid=25: exiting
D/dalvikvm( 4528): threadid=25: bye!
I/ANRManager( 1797): updateProcessStats
I/uSDK    ( 8420): [CAE][D][2017-12-27 18:07:05.333841][cae_sr_k_loop:965][mdns resolver loop timeout event happen, interval time:20s]
I/uSDK    ( 8420): [CAE][I][2017-12-27 18:07:05.333884][cae_sr_k_loop:1018][do normal soft refresh timing!]
I/uSDK    ( 8420): [CAE][I][2017-12-27 18:07:05.333900][cae_sd_core_connect_send_search_data:116][force mdns daemon to send mdns search udp data ... ...]
I/uSDK    ( 8420): [CAE][I][2017-12-27 18:07:05.333964][mDNSPlatformWriteLogMsg:171][connecting mdns server port:58543.]
I/uSDK    ( 8420): [CAE][I][2017-12-27 18:07:05.334414][mDNSPlatformWriteLogMsg:171][receive x_RefreshInterfaceList cmd ]
I/uSDK    ( 8420): [CAE][I][2017-12-27 18:07:05.334436][mDNSPlatformWriteLogMsg:171][mdns daemon refreshing interface list ... ...]
I/uSDK    ( 8420): [CAE][I][2017-12-27 18:07:05.334456][mDNSPlatformWriteLogMsg:171][qname : _sleep-proxy._udp.local.  qtype value: 12  string info: PTR ]
I/uSDK    ( 8420): [CAE][I][2017-12-27 18:07:05.334470][mDNSPlatformWriteLogMsg:171][StartLLQPolling ... ... ]
I/uSDK    ( 8420): [CAE][I][2017-12-27 18:07:05.334486][mDNSPlatformWriteLogMsg:171][qname : _cae._udp.local.  qtype value: 12  string info: PTR ]
I/uSDK    ( 8420): [CAE][I][2017-12-27 18:07:05.334499][mDNSPlatformWriteLogMsg:171][StartLLQPolling ... ... ]
I/uSDK    ( 8420): [CAE][I][2017-12-27 18:07:05.334513][mDNSPlatformWriteLogMsg:171][ xxx mDNS Execute begin ... ... ]
I/uSDK    ( 8420): [CAE][I][2017-12-27 18:07:05.334528][mDNSPlatformWriteLogMsg:171][mdns daemon refreshing interface list end!]
I/uSDK    ( 8420): [CAE][I][2017-12-27 18:07:05.334544][mDNSPlatformWriteLogMsg:171][request_callback: 161:ERROR: Unsupported UDS req:8888 PID[-1][]]
I/uSDK    ( 8420): [CAE][I][2017-12-27 18:07:05.334651][cae_sd_core_connect_send_search_data:126][sending mdns search upd data is end; err:0]
D/WifiStateMachine( 1797): ConnectedState{ when=-3ms what=131155 arg1=8 target=com.android.internal.util.StateMachine$SmHandler target=Handler (com.android.internal.util.StateMachine$SmHandler) {4317edc0} }
D/WifiStateMachine( 1797): L2ConnectedState{ when=-3ms what=131155 arg1=8 target=com.android.internal.util.StateMachine$SmHandler target=Handler (com.android.internal.util.StateMachine$SmHandler) {4317edc0} }
D/WifiHW  ( 1797): enter -->wifi_send_command cmd=IFNAME=wlan0 SIGNAL_POLL
D/wpa_supplicant( 4131): RX ctrl_iface - hexdump(len=11): 53 49 47 4e 41 4c 5f 50 4f 4c 4c
D/wpa_supplicant( 4131): wlan0: Control interface command 'SIGNAL_POLL'
D/wpa_supplicant( 4131): nl80211: survey data missing!
D/wpa_supplicant( 4131): signal poll, reply_len=48
D/wpa_ctrl( 1797): reply_len=4095
D/WifiHW  ( 1797): leave --> reply=RSSI=-43
D/WifiHW  ( 1797): LINKSPEED=65
D/WifiHW  ( 1797): NOISE=9999
D/WifiHW  ( 1797): FREQUENCY=2412
D/WifiHW  ( 1797): 
D/wifi    ( 1797): doStringCommand, buf IFNAME=wlan0 SIGNAL_POLL
I/WifiStateMachine( 1797): fetchRssiAndLinkSpeedNative, newRssi:-43, newLinkSpeed:65, SSID:"60_dev_01"
D/WifiStateMachine( 1797): mRssiArray[0] = -45
D/WifiStateMachine( 1797): mRssiArray[1] = -45
D/WifiStateMachine( 1797): mRssiArray[2] = -46
D/WifiStateMachine( 1797): mRssiArray[3] = -45
D/WifiStateMachine( 1797): mRssiArray[4] = -45
D/WifiStateMachine( 1797): GetFilterRssi is : -43
D/WifiStateMachine( 1797): mLastSignalLevel:4, newSignalLevel:4
D/WifiStateMachine( 1797): fetchRssiAndLinkSpeedNative, ipAddr:2013270188
D/dalvikvm( 4701): create interp thread : stack size=128KB
D/dalvikvm( 4701): create new thread
D/dalvikvm( 4701): new thread created
D/dalvikvm( 4701): update thread list
D/dalvikvm( 4701): threadid=28: interp stack at 0x7c3fb000
D/dalvikvm( 4701): threadid=28: created from interp
D/dalvikvm( 4701): start new thread
D/dalvikvm( 4701): threadid=28: notify debugger
D/dalvikvm( 4701): threadid=28 (Thread-2291): calling run()
I/KSO_STAT( 4701): App is in background, stop update end time, ready to start a new session.
D/SQLiteDatabase( 4701): beginTransaction()
D/SQLiteDatabase( 4701): endTransaction()
D/dalvikvm( 4701): threadid=28: exiting
D/dalvikvm( 4701): threadid=28: bye!
D/BatteryService( 1797): mBatteryVoltage=3993, batteryLevel=50
V/ActivityManager( 1797): Broadcast sticky: Intent { act=android.intent.action.ADDITIONAL_BATTERY_CHANGED flg=0x60000010 (has extras) } ordered=false userid=-1 callerApp=null
V/ActivityManager( 1797): Broadcast sticky: Intent { act=android.intent.action.BATTERY_CHANGED flg=0x60000010 (has extras) } ordered=false userid=-1 callerApp=null
D/PowerSaveService( 4528): PowerSaveReceiver EXTRA_STATUS: status = 2, lastCharging = true
D/WifiService( 1797): onReceive, action:android.intent.action.BATTERY_CHANGED
D/UsbDeviceManager( 1797): onReceive - BATTERY_CHANGED - mPlugType: 2, mSettingUsbCharging: false, mConnected: true, mSettingUsbBicr: false
D/HeadsetStateMachine( 6191): Disconnected process message: 10
D/WifiController( 1797): DeviceActiveState{ when=0 what=155652 arg1=2 target=com.android.internal.util.StateMachine$SmHandler target=Handler (com.android.internal.util.StateMachine$SmHandler) {432227a8} }
D/WifiController( 1797): StaEnabledState{ when=0 what=155652 arg1=2 target=com.android.internal.util.StateMachine$SmHandler target=Handler (com.android.internal.util.StateMachine$SmHandler) {432227a8} }
D/WifiController( 1797): DefaultState{ when=0 what=155652 arg1=2 target=com.android.internal.util.StateMachine$SmHandler target=Handler (com.android.internal.util.StateMachine$SmHandler) {432227a8} }
D/WifiController( 1797): battery changed pluggedType: 2
V/ActivityManager( 1797): Broadcast sticky: Intent { act=android.intent.action.ADDITIONAL_BATTERY_CHANGED flg=0x60000010 (has extras) } ordered=false userid=-1 callerApp=null
V/ActivityManager( 1797): Broadcast sticky: Intent { act=android.intent.action.ADDITIONAL_BATTERY_CHANGED flg=0x60000010 (has extras) } ordered=false userid=-1 callerApp=null
D/PhoneInterfaceManagerEx( 4362): [PhoneIntfMgrEx] hasIccCard  simId=0
D/PhoneInterfaceManagerEx( 4362): [PhoneIntfMgrEx] hasIccCard  simId=1
I/uSDK    ( 8420): [CAE][D][2017-12-27 18:07:08.645331][cae_softap_user_task:730][buffer fd or timeout ]
I/uSDK    ( 8420): [CAE][D][2017-12-27 18:07:08.645373][cae_su_read_buffer_to_send:630][count[0]***]
I/uSDK    ( 8420): [CAE][D][2017-12-27 18:07:08.645389][su_ctx_fd_set:692][MAX fd[-1]]
D/WifiStateMachine( 1797): ConnectedState{ when=-3ms what=131155 arg1=8 target=com.android.internal.util.StateMachine$SmHandler target=Handler (com.android.internal.util.StateMachine$SmHandler) {4317edc0} }
D/WifiStateMachine( 1797): L2ConnectedState{ when=-3ms what=131155 arg1=8 target=com.android.internal.util.StateMachine$SmHandler target=Handler (com.android.internal.util.StateMachine$SmHandler) {4317edc0} }
D/WifiHW  ( 1797): enter -->wifi_send_command cmd=IFNAME=wlan0 SIGNAL_POLL
D/wpa_supplicant( 4131): RX ctrl_iface - hexdump(len=11): 53 49 47 4e 41 4c 5f 50 4f 4c 4c
D/wpa_supplicant( 4131): wlan0: Control interface command 'SIGNAL_POLL'
D/wpa_supplicant( 4131): nl80211: survey data missing!
D/wpa_supplicant( 4131): signal poll, reply_len=48
D/wpa_ctrl( 1797): reply_len=4095
D/WifiHW  ( 1797): leave --> reply=RSSI=-43
D/WifiHW  ( 1797): LINKSPEED=65
D/WifiHW  ( 1797): NOISE=9999
D/WifiHW  ( 1797): FREQUENCY=2412
D/WifiHW  ( 1797): 
D/wifi    ( 1797): doStringCommand, buf IFNAME=wlan0 SIGNAL_POLL
I/WifiStateMachine( 1797): fetchRssiAndLinkSpeedNative, newRssi:-43, newLinkSpeed:65, SSID:"60_dev_01"
D/WifiStateMachine( 1797): mRssiArray[0] = -45
D/WifiStateMachine( 1797): mRssiArray[1] = -45
D/WifiStateMachine( 1797): mRssiArray[2] = -43
D/WifiStateMachine( 1797): mRssiArray[3] = -45
D/WifiStateMachine( 1797): mRssiArray[4] = -45
D/WifiStateMachine( 1797): GetFilterRssi is : -43
D/WifiStateMachine( 1797): mLastSignalLevel:4, newSignalLevel:4
D/WifiStateMachine( 1797): fetchRssiAndLinkSpeedNative, ipAddr:2013270188
D/dalvikvm( 4701): create interp thread : stack size=128KB
D/dalvikvm( 4701): create new thread
D/dalvikvm( 4701): new thread created
D/dalvikvm( 4701): update thread list
D/dalvikvm( 4701): threadid=28: interp stack at 0x7c3fb000
D/dalvikvm( 4701): threadid=28: created from interp
D/dalvikvm( 4701): start new thread
D/dalvikvm( 4701): threadid=28: notify debugger
D/dalvikvm( 4701): threadid=28 (Thread-2292): calling run()
I/KSO_STAT( 4701): App is in background, stop update end time, ready to start a new session.
D/SQLiteDatabase( 4701): beginTransaction()
D/SQLiteDatabase( 4701): endTransaction()
D/dalvikvm( 4701): threadid=28: exiting
D/dalvikvm( 4701): threadid=28: bye!
D/BatteryService( 1797): mBatteryVoltage=3994, batteryLevel=50
V/ActivityManager( 1797): Broadcast sticky: Intent { act=android.intent.action.ADDITIONAL_BATTERY_CHANGED flg=0x60000010 (has extras) } ordered=false userid=-1 callerApp=null
V/ActivityManager( 1797): Broadcast sticky: Intent { act=android.intent.action.BATTERY_CHANGED flg=0x60000010 (has extras) } ordered=false userid=-1 callerApp=null
D/WifiService( 1797): onReceive, action:android.intent.action.BATTERY_CHANGED
D/UsbDeviceManager( 1797): onReceive - BATTERY_CHANGED - mPlugType: 2, mSettingUsbCharging: false, mConnected: true, mSettingUsbBicr: false
D/WifiController( 1797): DeviceActiveState{ when=-2ms what=155652 arg1=2 target=com.android.internal.util.StateMachine$SmHandler target=Handler (com.android.internal.util.StateMachine$SmHandler) {432227a8} }
D/WifiController( 1797): StaEnabledState{ when=-2ms what=155652 arg1=2 target=com.android.internal.util.StateMachine$SmHandler target=Handler (com.android.internal.util.StateMachine$SmHandler) {432227a8} }
D/PowerSaveService( 4528): PowerSaveReceiver EXTRA_STATUS: status = 2, lastCharging = true
D/dalvikvm( 4528): between the previous GC alloc  6275K
D/HeadsetStateMachine( 6191): Disconnected process message: 10
D/WifiController( 1797): DefaultState{ when=-7ms what=155652 arg1=2 target=com.android.internal.util.StateMachine$SmHandler target=Handler (com.android.internal.util.StateMachine$SmHandler) {432227a8} }
D/WifiController( 1797): battery changed pluggedType: 2
V/ActivityManager( 1797): Broadcast sticky: Intent { act=android.intent.action.ADDITIONAL_BATTERY_CHANGED flg=0x60000010 (has extras) } ordered=false userid=-1 callerApp=null
V/ActivityManager( 1797): Broadcast sticky: Intent { act=android.intent.action.ADDITIONAL_BATTERY_CHANGED flg=0x60000010 (has extras) } ordered=false userid=-1 callerApp=null
D/dalvikvm( 4528): GC_CONCURRENT freed 6204K (88487), 71% free 6287K/21048K, paused 4ms+7ms, total 69ms
D/WifiStateMachine( 1797): ConnectedState{ when=-3ms what=131155 arg1=8 target=com.android.internal.util.StateMachine$SmHandler target=Handler (com.android.internal.util.StateMachine$SmHandler) {4317edc0} }
D/WifiStateMachine( 1797): L2ConnectedState{ when=-3ms what=131155 arg1=8 target=com.android.internal.util.StateMachine$SmHandler target=Handler (com.android.internal.util.StateMachine$SmHandler) {4317edc0} }
D/WifiHW  ( 1797): enter -->wifi_send_command cmd=IFNAME=wlan0 SIGNAL_POLL
D/wpa_supplicant( 4131): RX ctrl_iface - hexdump(len=11): 53 49 47 4e 41 4c 5f 50 4f 4c 4c
D/wpa_supplicant( 4131): wlan0: Control interface command 'SIGNAL_POLL'
D/wpa_supplicant( 4131): nl80211: survey data missing!
D/wpa_supplicant( 4131): signal poll, reply_len=48
D/wpa_ctrl( 1797): reply_len=4095
D/WifiHW  ( 1797): leave --> reply=RSSI=-45
D/WifiHW  ( 1797): LINKSPEED=65
D/WifiHW  ( 1797): NOISE=9999
D/WifiHW  ( 1797): FREQUENCY=2412
D/WifiHW  ( 1797): 
D/wifi    ( 1797): doStringCommand, buf IFNAME=wlan0 SIGNAL_POLL
I/WifiStateMachine( 1797): fetchRssiAndLinkSpeedNative, newRssi:-45, newLinkSpeed:65, SSID:"60_dev_01"
D/WifiStateMachine( 1797): mRssiArray[0] = -45
D/WifiStateMachine( 1797): mRssiArray[1] = -45
D/WifiStateMachine( 1797): mRssiArray[2] = -43
D/WifiStateMachine( 1797): mRssiArray[3] = -43
D/WifiStateMachine( 1797): mRssiArray[4] = -45
D/WifiStateMachine( 1797): GetFilterRssi is : -44
D/WifiStateMachine( 1797): mLastSignalLevel:4, newSignalLevel:4
D/WifiStateMachine( 1797): fetchRssiAndLinkSpeedNative, ipAddr:2013270188
I/ANRManager( 1797): updateProcessStats
I/uSDK    ( 8420): [CAE][D][2017-12-27 18:07:13.667097][cae_softap_user_task:730][buffer fd or timeout ]
I/uSDK    ( 8420): [CAE][D][2017-12-27 18:07:13.667140][cae_su_read_buffer_to_send:630][count[0]***]
I/uSDK    ( 8420): [CAE][D][2017-12-27 18:07:13.667156][su_ctx_fd_set:692][MAX fd[-1]]
I/ANRManager( 1797): CPU update time < 2.5sec
D/WifiStateMachine( 1797): ConnectedState{ when=-3ms what=131155 arg1=8 target=com.android.internal.util.StateMachine$SmHandler target=Handler (com.android.internal.util.StateMachine$SmHandler) {4317edc0} }
D/WifiStateMachine( 1797): L2ConnectedState{ when=-3ms what=131155 arg1=8 target=com.android.internal.util.StateMachine$SmHandler target=Handler (com.android.internal.util.StateMachine$SmHandler) {4317edc0} }
D/WifiHW  ( 1797): enter -->wifi_send_command cmd=IFNAME=wlan0 SIGNAL_POLL
D/wpa_supplicant( 4131): RX ctrl_iface - hexdump(len=11): 53 49 47 4e 41 4c 5f 50 4f 4c 4c
D/wpa_supplicant( 4131): wlan0: Control interface command 'SIGNAL_POLL'
D/wpa_supplicant( 4131): nl80211: survey data missing!
D/wpa_supplicant( 4131): signal poll, reply_len=48
D/wpa_ctrl( 1797): reply_len=4095
D/WifiHW  ( 1797): leave --> reply=RSSI=-45
D/WifiHW  ( 1797): LINKSPEED=65
D/WifiHW  ( 1797): NOISE=9999
D/WifiHW  ( 1797): FREQUENCY=2412
D/WifiHW  ( 1797): 
D/wifi    ( 1797): doStringCommand, buf IFNAME=wlan0 SIGNAL_POLL
I/WifiStateMachine( 1797): fetchRssiAndLinkSpeedNative, newRssi:-45, newLinkSpeed:65, SSID:"60_dev_01"
D/WifiStateMachine( 1797): mRssiArray[0] = -45
D/WifiStateMachine( 1797): mRssiArray[1] = -45
D/WifiStateMachine( 1797): mRssiArray[2] = -43
D/WifiStateMachine( 1797): mRssiArray[3] = -43
D/WifiStateMachine( 1797): mRssiArray[4] = -45
D/WifiStateMachine( 1797): GetFilterRssi is : -44
D/WifiStateMachine( 1797): mLastSignalLevel:4, newSignalLevel:4
D/WifiStateMachine( 1797): fetchRssiAndLinkSpeedNative, ipAddr:2013270188
I/BTIF_CORE( 6191): [btif_task]:Polling returned!
I/BTIF_CORE( 6191): [btif_task]:Start retrieve data pollMemberCount=10!
I/BTIF_CORE( 6191): [btif_task]:fd 7 data ready!
I/BTIF_CORE( 6191): [btif_task]:pollData[i].fd data ready : revents = 0x1!
I/BTIF_CORE( 6191): in profile[0] handler!
I/BTIF_CORE( 6191): out profile[0] handler!
I/BTIF_CORE( 6191): in profile[3] handler!
I/BTIF_CORE( 6191): out profile[3] handler!
I/BTIF_CORE( 6191): in profile[5] handler!
I/BTIF_CORE( 6191): out profile[5] handler!
I/BTIF_CORE( 6191): in profile[1] handler!
I/BTIF_CORE( 6191): out profile[1] handler!
I/BTIF_CORE( 6191): in profile[11] handler!
I/BTIF_CORE( 6191): out profile[11] handler!
I/BTIF_CORE( 6191): in profile[18] handler!
I/BTIF_CORE( 6191): out profile[18] handler!
I/BTIF_CORE( 6191): in profile[12] handler!
I/BTIF_CORE( 6191): out profile[12] handler!
I/BTIF_CORE( 6191): in profile[21] handler!
D/BTIF_GATT_CLIENT( 6191): [GATT] gattc_handle_message
D/BTIF_GATT_CLIENT( 6191): [GATT] gattc_handle_message : msg_id=4005
D/BTIF_GATT_CLIENT( 6191): [GATT] findContextByContext
D/BTIF_GATT_CLIENT( 6191): [GATT] context[1] = 0xb70c099c found
D/BTIF_GATT_CLIENT( 6191): [GATT] gattc_handle_scan_result_ind
I/BT_UTILS( 6191): btmtk_util_reverse_array: dest addr=0xF4:5C:89:C4:47:68
D/BtGatt.GattService( 6191): onScanResult() - address=F4:5C:89:C4:47:68, rssi=-73
D/BluetoothAdapter(12358): onScanResult() - Device=F4:5C:89:C4:47:68 RSSI=-73
I/BTIF_CORE( 6191): out profile[21] handler!
I/BTIF_CORE( 6191): [btif_task]:Start polling!
D/dalvikvm( 4701): create interp thread : stack size=128KB
D/dalvikvm( 4701): create new thread
D/dalvikvm( 4701): new thread created
D/dalvikvm( 4701): update thread list
D/dalvikvm( 4701): threadid=28: interp stack at 0x7c3fb000
D/dalvikvm( 4701): threadid=28: created from interp
D/dalvikvm( 4701): start new thread
D/dalvikvm( 4701): threadid=28: notify debugger
D/dalvikvm( 4701): threadid=28 (Thread-2293): calling run()
I/KSO_STAT( 4701): App is in background, stop update end time, ready to start a new session.
D/SQLiteDatabase( 4701): beginTransaction()
D/SQLiteDatabase( 4701): endTransaction()
D/dalvikvm( 4701): threadid=28: exiting
D/dalvikvm( 4701): threadid=28: bye!
D/BatteryService( 1797): mBatteryVoltage=3999, batteryLevel=50
V/ActivityManager( 1797): Broadcast sticky: Intent { act=android.intent.action.ADDITIONAL_BATTERY_CHANGED flg=0x60000010 (has extras) } ordered=false userid=-1 callerApp=null
V/ActivityManager( 1797): Broadcast sticky: Intent { act=android.intent.action.BATTERY_CHANGED flg=0x60000010 (has extras) } ordered=false userid=-1 callerApp=null
D/WifiService( 1797): onReceive, action:android.intent.action.BATTERY_CHANGED
D/UsbDeviceManager( 1797): onReceive - BATTERY_CHANGED - mPlugType: 2, mSettingUsbCharging: false, mConnected: true, mSettingUsbBicr: false
D/HeadsetStateMachine( 6191): Disconnected process message: 10
D/WifiController( 1797): DeviceActiveState{ when=-6ms what=155652 arg1=2 target=com.android.internal.util.StateMachine$SmHandler target=Handler (com.android.internal.util.StateMachine$SmHandler) {432227a8} }
D/WifiController( 1797): StaEnabledState{ when=-6ms what=155652 arg1=2 target=com.android.internal.util.StateMachine$SmHandler target=Handler (com.android.internal.util.StateMachine$SmHandler) {432227a8} }
D/WifiController( 1797): DefaultState{ when=-6ms what=155652 arg1=2 target=com.android.internal.util.StateMachine$SmHandler target=Handler (com.android.internal.util.StateMachine$SmHandler) {432227a8} }
D/WifiController( 1797): battery changed pluggedType: 2
D/PowerSaveService( 4528): PowerSaveReceiver EXTRA_STATUS: status = 2, lastCharging = true
V/ActivityManager( 1797): Broadcast sticky: Intent { act=android.intent.action.ADDITIONAL_BATTERY_CHANGED flg=0x60000010 (has extras) } ordered=false userid=-1 callerApp=null
V/ActivityManager( 1797): Broadcast sticky: Intent { act=android.intent.action.ADDITIONAL_BATTERY_CHANGED flg=0x60000010 (has extras) } ordered=false userid=-1 callerApp=null
V/ActivityManager( 1797): Broadcast sticky: Intent { act=android.intent.action.SIG_STR flg=0x10 (has extras) } ordered=false userid=-1 callerApp=ProcessRecord{42767e10 1797:system/1000}
D/cell strength( 4291): ===== cell singal strength changed : 21
D/WifiStateMachine( 1797): ConnectedState{ when=-2ms what=131155 arg1=8 target=com.android.internal.util.StateMachine$SmHandler target=Handler (com.android.internal.util.StateMachine$SmHandler) {4317edc0} }
D/WifiStateMachine( 1797): L2ConnectedState{ when=-2ms what=131155 arg1=8 target=com.android.internal.util.StateMachine$SmHandler target=Handler (com.android.internal.util.StateMachine$SmHandler) {4317edc0} }
D/WifiHW  ( 1797): enter -->wifi_send_command cmd=IFNAME=wlan0 SIGNAL_POLL
D/wpa_supplicant( 4131): RX ctrl_iface - hexdump(len=11): 53 49 47 4e 41 4c 5f 50 4f 4c 4c
D/wpa_supplicant( 4131): wlan0: Control interface command 'SIGNAL_POLL'
D/wpa_supplicant( 4131): nl80211: survey data missing!
D/wpa_supplicant( 4131): signal poll, reply_len=48
D/wpa_ctrl( 1797): reply_len=4095
D/WifiHW  ( 1797): leave --> reply=RSSI=-46
D/WifiHW  ( 1797): LINKSPEED=65
D/WifiHW  ( 1797): NOISE=9999
D/WifiHW  ( 1797): FREQUENCY=2412
D/WifiHW  ( 1797): 
D/wifi    ( 1797): doStringCommand, buf IFNAME=wlan0 SIGNAL_POLL
I/WifiStateMachine( 1797): fetchRssiAndLinkSpeedNative, newRssi:-46, newLinkSpeed:65, SSID:"60_dev_01"
D/WifiStateMachine( 1797): mRssiArray[0] = -45
D/WifiStateMachine( 1797): mRssiArray[1] = -45
D/WifiStateMachine( 1797): mRssiArray[2] = -43
D/WifiStateMachine( 1797): mRssiArray[3] = -43
D/WifiStateMachine( 1797): mRssiArray[4] = -45
D/WifiStateMachine( 1797): GetFilterRssi is : -44
D/WifiStateMachine( 1797): mLastSignalLevel:4, newSignalLevel:4
D/WifiStateMachine( 1797): fetchRssiAndLinkSpeedNative, ipAddr:2013270188
I/uSDK    ( 8420): [CAE][D][2017-12-27 18:07:18.689270][cae_softap_user_task:730][buffer fd or timeout ]
I/uSDK    ( 8420): [CAE][D][2017-12-27 18:07:18.689315][cae_su_read_buffer_to_send:630][count[0]***]
I/uSDK    ( 8420): [CAE][D][2017-12-27 18:07:18.689331][su_ctx_fd_set:692][MAX fd[-1]]
D/ReserveFileInData(27732): Total_size = 12702646272 B = 12404928 KB = 12114 MB = 11 GB
D/ReserveFileInData(27732): Disk_free = 8975 MB = 8 GB
D/ReserveFileInData(27732): Disk_available = 8959 MB = 8 GB
D/ReserveFileInData(27732): availDataSize is 8959
D/AndroidRuntime(27731): 
D/AndroidRuntime(27731): >>>>>> AndroidRuntime START com.android.internal.os.RuntimeInit <<<<<<
D/AndroidRuntime(27731): CheckJNI is OFF
D/AndroidRuntime(27731): language=-Duser.language=zh region=-Duser.region=CN
D/dalvikvm(27731): boot class : 
D/dalvikvm(27731):   (0) core.jar
D/dalvikvm(27731):   (1) conscrypt.jar
D/dalvikvm(27731):   (2) okhttp.jar
D/dalvikvm(27731):   (3) core-junit.jar
D/dalvikvm(27731):   (4) bouncycastle.jar
D/dalvikvm(27731):   (5) ext.jar
D/dalvikvm(27731):   (6) framework.jar
D/dalvikvm(27731):   (7) framework2.jar
D/dalvikvm(27731):   (8) telephony-common.jar
D/dalvikvm(27731):   (9) voip-common.jar
D/dalvikvm(27731):   (10) mms-common.jar
D/dalvikvm(27731):   (11) android.policy.jar
D/dalvikvm(27731):   (12) services.jar
D/dalvikvm(27731):   (13) apache-xml.jar
D/dalvikvm(27731):   (14) webviewchromium.jar
D/dalvikvm(27731):   (15) mediatek-common.jar
D/dalvikvm(27731):   (16) mediatek-framework.jar
D/dalvikvm(27731):   (17) CustomProperties.jar
D/dalvikvm(27731):   (18) mediatek-telephony-common.jar
D/dalvikvm(27731):   (19) mediatek-tablet.jar
D/dalvikvm(27731):   (20) oppo-framework.jar
D/dalvikvm(27731):   (21) am.jar
D/dalvikvm(27731): threadid=1: interp stack at 0x41ad6000
D/dalvikvm(27731): dvmJarFileOpen: /system/framework/core.jar
D/dalvikvm(27731): dvmJarFileOpen: /system/framework/conscrypt.jar
D/dalvikvm(27731): dvmJarFileOpen: /system/framework/okhttp.jar
D/dalvikvm(27731): dvmJarFileOpen: /system/framework/core-junit.jar
D/dalvikvm(27731): dvmJarFileOpen: /system/framework/bouncycastle.jar
D/dalvikvm(27731): dvmJarFileOpen: /system/framework/ext.jar
D/dalvikvm(27731): dvmJarFileOpen: /system/framework/framework.jar
D/dalvikvm(27731): dvmJarFileOpen: /system/framework/framework2.jar
D/dalvikvm(27731): dvmJarFileOpen: /system/framework/telephony-common.jar
D/dalvikvm(27731): dvmJarFileOpen: /system/framework/voip-common.jar
D/dalvikvm(27731): dvmJarFileOpen: /system/framework/mms-common.jar
D/dalvikvm(27731): dvmJarFileOpen: /system/framework/android.policy.jar
D/dalvikvm(27731): dvmJarFileOpen: /system/framework/services.jar
D/dalvikvm(27731): dvmJarFileOpen: /system/framework/apache-xml.jar
D/dalvikvm(27731): dvmJarFileOpen: /system/framework/webviewchromium.jar
D/dalvikvm(27731): dvmJarFileOpen: /system/framework/mediatek-common.jar
D/dalvikvm(27731): dvmJarFileOpen: /system/framework/mediatek-framework.jar
D/dalvikvm(27731): dvmJarFileOpen: /system/framework/CustomProperties.jar
D/dalvikvm(27731): dvmJarFileOpen: /system/framework/mediatek-telephony-common.jar
D/dalvikvm(27731): dvmJarFileOpen: /system/framework/mediatek-tablet.jar
D/dalvikvm(27731): dvmJarFileOpen: /system/framework/oppo-framework.jar
D/dalvikvm(27731): open_cached_dex_file : /system/framework/oppo-framework.jar /data/dalvik-cache/system@framework@oppo-framework.jar@classes.dex
D/dalvikvm(27731): process bootclasspath ex!!
D/dalvikvm(27731): dvmJarFileOpen: /system/framework/mediatek-op.jar
D/dalvikvm(27731): open_cached_dex_file : /system/framework/mediatek-op.jar /data/dalvik-cache/system@framework@mediatek-op.jar@classes.dex
D/dalvikvm(27731): Trying to load lib libjavacore.so 0x0
D/dalvikvm(27731): Added shared lib libjavacore.so 0x0
D/dalvikvm(27731): Trying to load lib libnativehelper.so 0x0
D/dalvikvm(27731): Added shared lib libnativehelper.so 0x0
D/dalvikvm(27731): No JNI_OnLoad found in libnativehelper.so 0x0, skipping init
D/dalvikvm(27731): +++ finishing prep on main VM thread
D/dalvikvm(27731): dvmJarFileOpen: /system/framework/am.jar
I/dalvikvm(27731): DexOpt: mismatch dep name: '/data/dalvik-cache/system@framework@oppo-framework.jar@classes.dex' vs. '/system/framework/oppo-framework.odex'
D/dalvikvm(27731): == DexOpt: numDeps = 21
D/dalvikvm(27731): 0 : /system/framework/core.odex /system/framework/core.odex
D/dalvikvm(27731): 1 : /system/framework/conscrypt.odex /system/framework/conscrypt.odex
D/dalvikvm(27731): 2 : /system/framework/okhttp.odex /system/framework/okhttp.odex
D/dalvikvm(27731): 3 : /system/framework/core-junit.odex /system/framework/core-junit.odex
D/dalvikvm(27731): 4 : /system/framework/bouncycastle.odex /system/framework/bouncycastle.odex
D/dalvikvm(27731): 5 : /system/framework/ext.odex /system/framework/ext.odex
D/dalvikvm(27731): 6 : /system/framework/framework.odex /system/framework/framework.odex
D/dalvikvm(27731): 7 : /system/framework/framework2.odex /system/framework/framework2.odex
D/dalvikvm(27731): 8 : /system/framework/telephony-common.odex /system/framework/telephony-common.odex
D/dalvikvm(27731): 9 : /system/framework/voip-common.odex /system/framework/voip-common.odex
D/dalvikvm(27731): 10 : /system/framework/mms-common.odex /system/framework/mms-common.odex
D/dalvikvm(27731): 11 : /system/framework/android.policy.odex /system/framework/android.policy.odex
D/dalvikvm(27731): 12 : /system/framework/services.odex /system/framework/services.odex
D/dalvikvm(27731): 13 : /system/framework/apache-xml.odex /system/framework/apache-xml.odex
D/dalvikvm(27731): 14 : /system/framework/webviewchromium.odex /system/framework/webviewchromium.odex
D/dalvikvm(27731): 15 : /system/framework/mediatek-common.odex /system/framework/mediatek-common.odex
D/dalvikvm(27731): 16 : /system/framework/mediatek-framework.odex /system/framework/mediatek-framework.odex
D/dalvikvm(27731): 17 : /system/framework/CustomProperties.odex /system/framework/CustomProperties.odex
D/dalvikvm(27731): 18 : /system/framework/mediatek-telephony-common.odex /system/framework/mediatek-telephony-common.odex
D/dalvikvm(27731): 19 : /system/framework/mediatek-tablet.odex /system/framework/mediatek-tablet.odex
D/dalvikvm(27731): 20 : /system/framework/oppo-framework.odex /system/framework/oppo-framework.odex
D/dalvikvm(27731): 21 : NULL NULL
E/dalvikvm(27731): /system/framework/am.jar odex has stale dependencies
D/dalvikvm(27731): open_cached_dex_file : /system/framework/am.jar /data/dalvik-cache/system@framework@am.jar@classes.dex
D/dalvikvm(27731): create interp thread : stack size=128KB
D/dalvikvm(27731): create new thread
D/dalvikvm(27731): new thread created
D/dalvikvm(27731): update thread list
D/dalvikvm(27731): threadid=2: interp stack at 0x72ee1000
D/dalvikvm(27731): threadid=2: created from interp
D/dalvikvm(27731): start new thread
D/dalvikvm(27731): create interp thread : stack size=128KB
D/dalvikvm(27731): create new thread
D/dalvikvm(27731): new thread created
D/dalvikvm(27731): update thread list
D/dalvikvm(27731): threadid=2: notify debugger
D/dalvikvm(27731): threadid=2 (ReferenceQueueDaemon): calling run()
D/dalvikvm(27731): threadid=3: interp stack at 0x73001000
D/dalvikvm(27731): threadid=3: created from interp
D/dalvikvm(27731): start new thread
D/dalvikvm(27731): create interp thread : stack size=128KB
D/dalvikvm(27731): create new thread
D/dalvikvm(27731): new thread created
D/dalvikvm(27731): update thread list
D/dalvikvm(27731): threadid=3: notify debugger
D/dalvikvm(27731): threadid=3 (FinalizerDaemon): calling run()
D/dalvikvm(27731): threadid=4: interp stack at 0x73121000
D/dalvikvm(27731): threadid=4: created from interp
D/dalvikvm(27731): start new thread
D/dalvikvm(27731): threadid=4: notify debugger
D/dalvikvm(27731): threadid=4 (FinalizerWatchdogDaemon): calling run()
D/dalvikvm(27731): threadid=5: interp stack at 0x73341000
D/dalvikvm(27731): threadid=6: interp stack at 0x73463000
D/jdwp    (27731): prepping for JDWP over ADB
D/dalvikvm(27731): Elevating priority from 0 to -8
D/dalvikvm(27731): threadid=7: interp stack at 0x73586000
D/jdwp    (27731): JDWP: thread running
D/jdwp    (27731): trying to receive file descriptor from ADB
D/dalvikvm(27731): threadid=8: interp stack at 0x736a7000
D/ADB_SERVICES(19585): adb fdevent_process list (28) (11) 
D/ADB_SERVICES(19585): Adding socket 28 pid 27731 to jdwp process list
D/dalvikvm(27731): Note: class Landroid/app/ActivityManagerNative; has 194 unimplemented (abstract) methods
E/memtrack(27731): Couldn't load memtrack module (No such file or directory)
E/android.os.Debug(27731): failed to load memtrack module: -2
D/PhoneInterfaceManagerEx( 4362): [PhoneIntfMgrEx] hasIccCard  simId=0
D/PhoneInterfaceManagerEx( 4362): [PhoneIntfMgrEx] hasIccCard  simId=1
D/AndroidRuntime(27731): Calling main entry com.android.commands.am.Am
D/dalvikvm(27731): threadid=9: interp stack at 0x73b8b000
D/dalvikvm(27731): threadid=10: interp stack at 0x73cab000
D/AndroidRuntime(27731): Shutting down VM
D/dalvikvm(27731): threadid=1: bye!
D/ActivityThread(12064): SVC-Calling onStartCommand: io.dcloud.feature.apsGt.GTNormalPushService@4278fab8, flags=0, startId=52
D/dalvikvm(27731): DestroyJavaVM waiting for non-daemon threads to exit
D/dalvikvm(27731): threadid=1: interp stack at 0x73ccb000
D/dalvikvm(27731): threadid=10: bye!
D/ActivityThread(12064): SVC-SERVICE_ARGS handled : 0 / ServiceArgsData{token=android.os.BinderProxy@4278a748 startId=52 args=Intent { cmp=io.dcloud.HBuilder/io.dcloud.feature.apsGt.GTNormalPushService }}
D/dalvikvm(27731): threadid=9: last non-daemon thread
D/dalvikvm(27731): threadid=9: bye!
D/dalvikvm(27731): DestroyJavaVM shutting VM down
D/dalvikvm(27731): VM shutting down
D/dalvikvm(27731): between the previous GC alloc  738K
D/dalvikvm(27731): GC_CONCURRENT freed 98K (1031), 14% free 639K/740K, paused 0ms+1ms, total 4ms
D/dalvikvm(27731): threadid=5: bye!
D/jdwp    (27731): JDWP shutting down net...
D/jdwp    (27731): +++ writing to wakePipe
E/jdwp    (27731): jdwp::setsockopt(SO_SNDTIMEO)
E/jdwp    (27731): jdwp::setsockopt(SO_RCVTIMEO)
W/ADB_SERVICES(19585): terminating JDWP 27731 connection: I/O error
D/jdwp    (27731): JDWP: thread exiting
D/ADB_SERVICES(19585): remove pid 27731 to jdwp process list
D/dalvikvm(27731): threadid=7: bye!
D/jdwp    (27731): JDWP freeing netstate...
I/dalvikvm(27731): threadid=6: ignore signal 3
D/dalvikvm(27731): threadid=6: bye!
D/dalvikvm(27731): 124 compilations using 4096 + 14468 bytes
D/dalvikvm(27731): Compiler arena uses 6 blocks (8100 bytes each)
D/dalvikvm(27731): Compiler work queue length is 0/8
D/dalvikvm(27731): JIT: table size is 4096, entries used is 130
D/dalvikvm(27731): JIT: 130 traces, 4096 slots, 3 chains, 40 thresh, Non-blocking
D/dalvikvm(27731): JIT: 76 Translation chains, 6 interp stubs
D/dalvikvm(27731): dalvik.vm.jit.op = 0-2,7,a,c,e-f,11-14,1c-1e,21-23,28,2c,32-39,44,46,48-49,4b,4d,50,52,54-55,59,62,70-71,8e,90,95-96,b0-b1,b5,b7,d5,d8,da,dd,e0-e2,ee,f0,f2,f4-f5,f8,
D/dalvikvm(27731): Code size stats: 0/704 (compiled/total Dalvik), 0 (native)
D/dalvikvm(27731): Compiler thread shutting down
D/dalvikvm(27731): threadid=8: bye!
D/dalvikvm(27731): Compiler thread has shut down
D/dalvikvm(27731): threadid=1: suspending daemon id=4 name='FinalizerWatchdogDaemon'
D/dalvikvm(27731): threadid=1: suspending daemon id=3 name='FinalizerDaemon'
D/dalvikvm(27731): threadid=1: suspending daemon id=2 name='ReferenceQueueDaemon'
D/dalvikvm(27731): threadid=1: all daemons have suspended
D/dalvikvm(27731): VM cleaning up
D/dalvikvm(27731): LinearAlloc 0x0 used 1387780 of 33554432 (4%)
D/SQLiteDatabase( 5057): beginTransaction()
D/SQLiteDatabase( 5057): endTransaction()
D/WifiStateMachine( 1797): ConnectedState{ when=-3ms what=131155 arg1=8 target=com.android.internal.util.StateMachine$SmHandler target=Handler (com.android.internal.util.StateMachine$SmHandler) {4317edc0} }
D/WifiStateMachine( 1797): L2ConnectedState{ when=-3ms what=131155 arg1=8 target=com.android.internal.util.StateMachine$SmHandler target=Handler (com.android.internal.util.StateMachine$SmHandler) {4317edc0} }
D/WifiHW  ( 1797): enter -->wifi_send_command cmd=IFNAME=wlan0 SIGNAL_POLL
D/wpa_supplicant( 4131): RX ctrl_iface - hexdump(len=11): 53 49 47 4e 41 4c 5f 50 4f 4c 4c
D/wpa_supplicant( 4131): wlan0: Control interface command 'SIGNAL_POLL'
D/wpa_supplicant( 4131): nl80211: survey data missing!
D/wpa_supplicant( 4131): signal poll, reply_len=48
D/wpa_ctrl( 1797): reply_len=4095
D/WifiHW  ( 1797): leave --> reply=RSSI=-46
D/WifiHW  ( 1797): LINKSPEED=65
D/WifiHW  ( 1797): NOISE=9999
D/WifiHW  ( 1797): FREQUENCY=2412
D/WifiHW  ( 1797): 
D/wifi    ( 1797): doStringCommand, buf IFNAME=wlan0 SIGNAL_POLL
I/WifiStateMachine( 1797): fetchRssiAndLinkSpeedNative, newRssi:-46, newLinkSpeed:65, SSID:"60_dev_01"
D/WifiStateMachine( 1797): mRssiArray[0] = -45
D/WifiStateMachine( 1797): mRssiArray[1] = -46
D/WifiStateMachine( 1797): mRssiArray[2] = -43
D/WifiStateMachine( 1797): mRssiArray[3] = -43
D/WifiStateMachine( 1797): mRssiArray[4] = -45
D/WifiStateMachine( 1797): GetFilterRssi is : -44
D/WifiStateMachine( 1797): mLastSignalLevel:4, newSignalLevel:4
D/WifiStateMachine( 1797): fetchRssiAndLinkSpeedNative, ipAddr:2013270188
D/dalvikvm( 4701): create interp thread : stack size=128KB
D/dalvikvm( 4701): create new thread
D/dalvikvm( 4701): new thread created
D/dalvikvm( 4701): update thread list
D/dalvikvm( 4701): threadid=28: interp stack at 0x7c3fb000
D/dalvikvm( 4701): threadid=28: created from interp
D/dalvikvm( 4701): start new thread
D/dalvikvm( 4701): threadid=28: notify debugger
D/dalvikvm( 4701): threadid=28 (Thread-2294): calling run()
I/KSO_STAT( 4701): App is in background, stop update end time, ready to start a new session.
D/SQLiteDatabase( 4701): beginTransaction()
D/SQLiteDatabase( 4701): endTransaction()
D/dalvikvm( 4701): threadid=28: exiting
D/dalvikvm( 4701): threadid=28: bye!
D/BatteryService( 1797): mBatteryVoltage=3994, batteryLevel=50
V/ActivityManager( 1797): Broadcast sticky: Intent { act=android.intent.action.ADDITIONAL_BATTERY_CHANGED flg=0x60000010 (has extras) } ordered=false userid=-1 callerApp=null
V/ActivityManager( 1797): Broadcast sticky: Intent { act=android.intent.action.BATTERY_CHANGED flg=0x60000010 (has extras) } ordered=false userid=-1 callerApp=null
D/WifiService( 1797): onReceive, action:android.intent.action.BATTERY_CHANGED
D/UsbDeviceManager( 1797): onReceive - BATTERY_CHANGED - mPlugType: 2, mSettingUsbCharging: false, mConnected: true, mSettingUsbBicr: false
V/ActivityManager( 1797): Broadcast sticky: Intent { act=android.intent.action.ADDITIONAL_BATTERY_CHANGED flg=0x60000010 (has extras) } ordered=false userid=-1 callerApp=null
D/PowerSaveService( 4528): PowerSaveReceiver EXTRA_STATUS: status = 2, lastCharging = true
D/WifiController( 1797): DeviceActiveState{ when=-6ms what=155652 arg1=2 target=com.android.internal.util.StateMachine$SmHandler target=Handler (com.android.internal.util.StateMachine$SmHandler) {432227a8} }
D/WifiController( 1797): StaEnabledState{ when=-6ms what=155652 arg1=2 target=com.android.internal.util.StateMachine$SmHandler target=Handler (com.android.internal.util.StateMachine$SmHandler) {432227a8} }
D/WifiController( 1797): DefaultState{ when=-6ms what=155652 arg1=2 target=com.android.internal.util.StateMachine$SmHandler target=Handler (com.android.internal.util.StateMachine$SmHandler) {432227a8} }
D/WifiController( 1797): battery changed pluggedType: 2
D/HeadsetStateMachine( 6191): Disconnected process message: 10
V/ActivityManager( 1797): Broadcast sticky: Intent { act=android.intent.action.ADDITIONAL_BATTERY_CHANGED flg=0x60000010 (has extras) } ordered=false userid=-1 callerApp=null
I/System.out(12358): [CDS]EAGAIN in Recvfrom
V/Provider/Settings( 1797): get setting for user 0 by user 0 so skipping cache
V/Provider/Settings( 1797):  from settings cache , name = sys_free_storage_log_interval , value = null
V/Provider/Settings( 1797): get setting for user 0 by user 0 so skipping cache
V/Provider/Settings( 1797):  from settings cache , name = disk_free_change_reporting_threshold , value = null
I/uSDK    ( 8420): [CAE][D][2017-12-27 18:07:23.713798][cae_softap_user_task:730][buffer fd or timeout ]
I/uSDK    ( 8420): [CAE][D][2017-12-27 18:07:23.713842][cae_su_read_buffer_to_send:630][count[0]***]
I/uSDK    ( 8420): [CAE][D][2017-12-27 18:07:23.713858][su_ctx_fd_set:692][MAX fd[-1]]
D/AES     ( 1797): AEEIOCTL_RT_MON_Kick IOCTL,lParam=0. 
D/WifiStateMachine( 1797): ConnectedState{ when=-3ms what=131155 arg1=8 target=com.android.internal.util.StateMachine$SmHandler target=Handler (com.android.internal.util.StateMachine$SmHandler) {4317edc0} }
D/WifiStateMachine( 1797): L2ConnectedState{ when=-3ms what=131155 arg1=8 target=com.android.internal.util.StateMachine$SmHandler target=Handler (com.android.internal.util.StateMachine$SmHandler) {4317edc0} }
D/WifiHW  ( 1797): enter -->wifi_send_command cmd=IFNAME=wlan0 SIGNAL_POLL
D/wpa_supplicant( 4131): RX ctrl_iface - hexdump(len=11): 53 49 47 4e 41 4c 5f 50 4f 4c 4c
D/wpa_supplicant( 4131): wlan0: Control interface command 'SIGNAL_POLL'
D/wpa_supplicant( 4131): nl80211: survey data missing!
D/wpa_supplicant( 4131): signal poll, reply_len=48
D/wpa_ctrl( 1797): reply_len=4095
D/WifiHW  ( 1797): leave --> reply=RSSI=-47
D/WifiHW  ( 1797): LINKSPEED=65
D/WifiHW  ( 1797): NOISE=9999
D/WifiHW  ( 1797): FREQUENCY=2412
D/WifiHW  ( 1797): 
D/wifi    ( 1797): doStringCommand, buf IFNAME=wlan0 SIGNAL_POLL
I/WifiStateMachine( 1797): fetchRssiAndLinkSpeedNative, newRssi:-47, newLinkSpeed:65, SSID:"60_dev_01"
D/WifiStateMachine( 1797): mRssiArray[0] = -45
D/WifiStateMachine( 1797): mRssiArray[1] = -46
D/WifiStateMachine( 1797): mRssiArray[2] = -46
D/WifiStateMachine( 1797): mRssiArray[3] = -43
D/WifiStateMachine( 1797): mRssiArray[4] = -45
D/WifiStateMachine( 1797): GetFilterRssi is : -45
D/WifiStateMachine( 1797): mLastSignalLevel:4, newSignalLevel:4
D/WifiStateMachine( 1797): fetchRssiAndLinkSpeedNative, ipAddr:2013270188
I/thermal_repeater(  288): oh, queryMdThermalInfo (0)Bad file number
I/thermal_repeater(  288): [recvMdThermalInfo] ret=25, strLen=127,  1, 32767,,, -1, 32767, 2
I/uSDK    ( 8420): [CAE][D][2017-12-27 18:07:25.427992][cae_sr_k_loop:965][mdns resolver loop timeout event happen, interval time:20s]
D/dalvikvm( 4701): create interp thread : stack size=128KB
D/dalvikvm( 4701): create new thread
D/dalvikvm( 4701): new thread created
D/dalvikvm( 4701): update thread list
D/dalvikvm( 4701): threadid=28: interp stack at 0x7c3fb000
D/dalvikvm( 4701): threadid=28: created from interp
D/dalvikvm( 4701): start new thread
D/dalvikvm( 4701): threadid=28: notify debugger
D/dalvikvm( 4701): threadid=28 (Thread-2295): calling run()
I/KSO_STAT( 4701): App is in background, stop update end time, ready to start a new session.
D/SQLiteDatabase( 4701): beginTransaction()
D/SQLiteDatabase( 4701): endTransaction()
D/dalvikvm( 4701): threadid=28: exiting
D/dalvikvm( 4701): threadid=28: bye!
D/BatteryService( 1797): mBatteryVoltage=4000, batteryLevel=50
V/ActivityManager( 1797): Broadcast sticky: Intent { act=android.intent.action.ADDITIONAL_BATTERY_CHANGED flg=0x60000010 (has extras) } ordered=false userid=-1 callerApp=null
V/ActivityManager( 1797): Broadcast sticky: Intent { act=android.intent.action.BATTERY_CHANGED flg=0x60000010 (has extras) } ordered=false userid=-1 callerApp=null
V/ActivityManager( 1797): Broadcast sticky: Intent { act=android.intent.action.ADDITIONAL_BATTERY_CHANGED flg=0x60000010 (has extras) } ordered=false userid=-1 callerApp=null
V/ActivityManager( 1797): Broadcast sticky: Intent { act=android.intent.action.ADDITIONAL_BATTERY_CHANGED flg=0x60000010 (has extras) } ordered=false userid=-1 callerApp=null
D/WifiService( 1797): onReceive, action:android.intent.action.BATTERY_CHANGED
D/UsbDeviceManager( 1797): onReceive - BATTERY_CHANGED - mPlugType: 2, mSettingUsbCharging: false, mConnected: true, mSettingUsbBicr: false
D/WifiController( 1797): DeviceActiveState{ when=-2ms what=155652 arg1=2 target=com.android.internal.util.StateMachine$SmHandler target=Handler (com.android.internal.util.StateMachine$SmHandler) {432227a8} }
D/WifiController( 1797): StaEnabledState{ when=-2ms what=155652 arg1=2 target=com.android.internal.util.StateMachine$SmHandler target=Handler (com.android.internal.util.StateMachine$SmHandler) {432227a8} }
D/WifiController( 1797): DefaultState{ when=-2ms what=155652 arg1=2 target=com.android.internal.util.StateMachine$SmHandler target=Handler (com.android.internal.util.StateMachine$SmHandler) {432227a8} }
D/WifiController( 1797): battery changed pluggedType: 2
D/PowerSaveService( 4528): PowerSaveReceiver EXTRA_STATUS: status = 2, lastCharging = true
D/HeadsetStateMachine( 6191): Disconnected process message: 10
D/WifiStateMachine( 1797): ConnectedState{ when=-3ms what=131155 arg1=8 target=com.android.internal.util.StateMachine$SmHandler target=Handler (com.android.internal.util.StateMachine$SmHandler) {4317edc0} }
D/WifiStateMachine( 1797): L2ConnectedState{ when=-3ms what=131155 arg1=8 target=com.android.internal.util.StateMachine$SmHandler target=Handler (com.android.internal.util.StateMachine$SmHandler) {4317edc0} }
D/WifiHW  ( 1797): enter -->wifi_send_command cmd=IFNAME=wlan0 SIGNAL_POLL
D/wpa_supplicant( 4131): RX ctrl_iface - hexdump(len=11): 53 49 47 4e 41 4c 5f 50 4f 4c 4c
D/wpa_supplicant( 4131): wlan0: Control interface command 'SIGNAL_POLL'
D/wpa_supplicant( 4131): nl80211: survey data missing!
D/wpa_supplicant( 4131): signal poll, reply_len=48
D/wpa_ctrl( 1797): reply_len=4095
D/WifiHW  ( 1797): leave --> reply=RSSI=-47
D/WifiHW  ( 1797): LINKSPEED=65
D/WifiHW  ( 1797): NOISE=9999
D/WifiHW  ( 1797): FREQUENCY=2412
D/WifiHW  ( 1797): 
D/wifi    ( 1797): doStringCommand, buf IFNAME=wlan0 SIGNAL_POLL
I/WifiStateMachine( 1797): fetchRssiAndLinkSpeedNative, newRssi:-47, newLinkSpeed:65, SSID:"60_dev_01"
D/WifiStateMachine( 1797): mRssiArray[0] = -45
D/WifiStateMachine( 1797): mRssiArray[1] = -46
D/WifiStateMachine( 1797): mRssiArray[2] = -46
D/WifiStateMachine( 1797): mRssiArray[3] = -47
D/WifiStateMachine( 1797): mRssiArray[4] = -45
D/WifiStateMachine( 1797): GetFilterRssi is : -46
D/WifiStateMachine( 1797): mLastSignalLevel:4, newSignalLevel:4
D/WifiStateMachine( 1797): fetchRssiAndLinkSpeedNative, ipAddr:2013270188
I/uSDK    ( 8420): [CAE][D][2017-12-27 18:07:28.735824][cae_softap_user_task:730][buffer fd or timeout ]
I/uSDK    ( 8420): [CAE][D][2017-12-27 18:07:28.735866][cae_su_read_buffer_to_send:630][count[0]***]
I/uSDK    ( 8420): [CAE][D][2017-12-27 18:07:28.735884][su_ctx_fd_set:692][MAX fd[-1]]
D/ConnectivityService( 1797): getActiveNetworkInfo:NetworkInfo: type: WIFI[], state: CONNECTED/CONNECTED, reason: (unspecified), extra: "60_dev_01", roaming: false, failover: false, isAvailable: true, isConnectedToProvisioningNetwork: false, simId: 0/10090
