D/ActivityThread( 4625): BDC-Calling onReceive: intent=Intent { act=com.kingroot.common.ACTION_TOP_APP_CHANGED flg=0x10 cmp=com.kingroot.kinguser/com.kingroot.common.framework.broadcast.KSysBroadcastReceiver (has extras) }, ordered=true, receiver=com.kingroot.common.framework.broadcast.KSysBroadcastReceiver@43117ac0
D/ActivityThread( 4625): BDC-RECEIVER handled : 0 / ReceiverData{intent=Intent { act=com.kingroot.common.ACTION_TOP_APP_CHANGED flg=0x10 cmp=com.kingroot.kinguser/com.kingroot.common.framework.broadcast.KSysBroadcastReceiver (has extras) } packageName=com.kingroot.kinguser resultCode=-1 resultData=null resultExtras=null}
I/BufferQueue(  246): [com.oppo.launcher/com.oppo.launcher.Launcher](this:0xb7177ac8,id:554,api:1,p:4488,c:246) new GraphicBuffer needed
I/[MALI][Gralloc](  246): [MTK]GRALLOC enter alloc_device_alloc()! pHandle=0x0xb717ceb4
I/[MALI][Gralloc](  246): usage: 0x900, format: 0x1 stride: 1088 vertical_stride: 1920 size: 8355840
I/[MALI][Gralloc](  246): [MTK]GRALLOC ready to go ion alloc arrrrrrrrr!!!! pHandle=0x0xb717ceb4
D/GraphicBuffer(  246): alloc, handle(0xb718b230) (w:1080 h:1920 s:1088 f:0x1 u:0x000900) err(0)
W/GraphicBufferExtra_hal(  246): gralloc extra device setBufInfo(...) is not supported
D/GraphicBuffer( 4488): register, handle(0x785a6010) (w:1080 h:1920 s:1088 f:0x1 u:0x000900)
I/        (  246): [BWC INFO](246): get_bwc_mm_property success
D/OpenGLRenderer( 8420): Flushing caches (mode 0)
V/ActivityManager( 1797): ACT-Activity idle: Token{42f32728 ActivityRecord{42f342e0 u0 com.oppo.launcher/.Launcher t1}}
V/ActivityManager( 1797): ensureActivitiesVisibleLocked: consider front
V/ActivityManager( 1797): ensureActivitiesVisibleLocked: consider back
D/BufferQueue(  246): [com.sixty.nidoneClient/com.sixty.nidoneClient.view.activity.SDK_WebApp](this:0xb7188f50,id:384,api:1,p:8420,c:246) cancelBuffer: slot=2
D/GraphicBuffer( 8420): unregister, handle(0x796d4068) (w:1080 h:1920 s:1088 f:0x1 u:0x000900)
D/GraphicBuffer( 8420): unregister, handle(0x73271e38) (w:1080 h:1920 s:1088 f:0x1 u:0x000900)
D/GraphicBuffer( 8420): unregister, handle(0x853eb3e8) (w:1080 h:1920 s:1088 f:0x1 u:0x000900)
D/GraphicBuffer( 8420): unregister, handle(0x847c4ba0) (w:1080 h:1920 s:1088 f:0x1 u:0x000900)
I/BufferQueue(  246): [com.sixty.nidoneClient/com.sixty.nidoneClient.view.activity.SDK_WebApp](this:0xb7188f50,id:384,api:1,p:-1,c:246) disconnect: api=1
I/BufferQueue(  246): [com.sixty.nidoneClient/com.sixty.nidoneClient.view.activity.SDK_WebApp](this:0xb7188f50,id:384,api:1,p:-1,c:246) getReleasedBuffers: returning mask 0xffffffff
D/GraphicBuffer(  246): free, handle(0xb71a5738) (w:1080 h:1920 s:1088 f:0x1 u:0x000900)
D/GraphicBuffer(  246): free, handle(0xb717d448) (w:1080 h:1920 s:1088 f:0x1 u:0x000900)
D/GraphicBuffer(  246): free, handle(0xb72019b0) (w:1080 h:1920 s:1088 f:0x1 u:0x000900)
V/ActivityManager( 1797): Broadcast: Intent { act=android.intent.action.HOME_MODE_CHANGE flg=0x10 (has extras) } ordered=false userid=-2 callerApp=ProcessRecord{42767e10 1797:system/1000}
I/        (  246): [BWC INFO](246): get_bwc_mm_property success
I/        (  246): [BWC INFO](246): get_bwc_mm_property success
I/BufferQueue(  246): [FrameBufferSurface_0](this:0xb7137d48,id:0,api:1,p:246,c:246) queueBuffer: fps=0.09 dur=121610.87 max=121441.76 min=16.59
I/        (  246): [BWC INFO](246): get_bwc_mm_property success
D/dalvikvm( 1797): GC_CONCURRENT freed 10919K (111507), 41% free 41933K/70712K, paused 7ms+21ms, total 242ms
I/        (  246): [BWC INFO](246): get_bwc_mm_property success
I/        (  246): [BWC INFO](246): get_bwc_mm_property success
I/        (  246): [BWC INFO](246): get_bwc_mm_property success
I/        (  246): [BWC INFO](246): get_bwc_mm_property success
I/        (  246): [BWC INFO](246): get_bwc_mm_property success
I/        (  246): [BWC INFO](246): get_bwc_mm_property success
I/        (  246): [BWC INFO](246): get_bwc_mm_property success
I/        (  246): [BWC INFO](246): get_bwc_mm_property success
D/BatteryService( 1797): mBatteryVoltage=3996, batteryLevel=50
V/ActivityManager( 1797): Broadcast sticky: Intent { act=android.intent.action.ADDITIONAL_BATTERY_CHANGED flg=0x60000010 (has extras) } ordered=false userid=-1 callerApp=null
V/ActivityManager( 1797): Broadcast sticky: Intent { act=android.intent.action.BATTERY_CHANGED flg=0x60000010 (has extras) } ordered=false userid=-1 callerApp=null
D/WifiService( 1797): onReceive, action:android.intent.action.BATTERY_CHANGED
D/UsbDeviceManager( 1797): onReceive - BATTERY_CHANGED - mPlugType: 2, mSettingUsbCharging: false, mConnected: true, mSettingUsbBicr: false
D/WifiController( 1797): DeviceActiveState{ when=0 what=155652 arg1=2 target=com.android.internal.util.StateMachine$SmHandler target=Handler (com.android.internal.util.StateMachine$SmHandler) {432227a8} }
D/WifiController( 1797): StaEnabledState{ when=0 what=155652 arg1=2 target=com.android.internal.util.StateMachine$SmHandler target=Handler (com.android.internal.util.StateMachine$SmHandler) {432227a8} }
D/WifiController( 1797): DefaultState{ when=-1ms what=155652 arg1=2 target=com.android.internal.util.StateMachine$SmHandler target=Handler (com.android.internal.util.StateMachine$SmHandler) {432227a8} }
D/WifiController( 1797): battery changed pluggedType: 2
D/PowerSaveService( 4528): PowerSaveReceiver EXTRA_STATUS: status = 2, lastCharging = true
D/HeadsetStateMachine( 6191): Disconnected process message: 10
I/        (  246): [BWC INFO](246): get_bwc_mm_property success
V/ActivityManager( 1797): Broadcast sticky: Intent { act=android.intent.action.ADDITIONAL_BATTERY_CHANGED flg=0x60000010 (has extras) } ordered=false userid=-1 callerApp=null
V/ActivityManager( 1797): Broadcast sticky: Intent { act=android.intent.action.ADDITIONAL_BATTERY_CHANGED flg=0x60000010 (has extras) } ordered=false userid=-1 callerApp=null
I/        (  246): [BWC INFO](246): get_bwc_mm_property success
I/        (  246): [BWC INFO](246): get_bwc_mm_property success
I/        (  246): [BWC INFO](246): get_bwc_mm_property success
I/        (  246): [BWC INFO](246): get_bwc_mm_property success
I/        (  246): [BWC INFO](246): get_bwc_mm_property success
I/        (  246): [BWC INFO](246): get_bwc_mm_property success
I/        (  246): [BWC INFO](246): get_bwc_mm_property success
I/        (  246): [BWC INFO](246): get_bwc_mm_property success
I/        (  246): [BWC INFO](246): get_bwc_mm_property success
I/        (  246): [BWC INFO](246): get_bwc_mm_property success
I/        (  246): [BWC INFO](246): get_bwc_mm_property success
I/        (  246): [BWC INFO](246): get_bwc_mm_property success
I/        (  246): [BWC INFO](246): get_bwc_mm_property success
D/ActivityManager( 1797): ACT-IDLE_NOW_MSG from windowsVisible() for idle: ActivityRecord{42f342e0 u0 com.oppo.launcher/.Launcher t1}
I/        (  246): [BWC INFO](246): get_bwc_mm_property success
V/ActivityManager( 1797): ACT-Activity idle: null
V/ActivityManager( 1797): ensureActivitiesVisibleLocked: consider front
V/ActivityManager( 1797): ensureActivitiesVisibleLocked: consider back
I/BufferQueue(  246): [com.oppo.launcher/com.oppo.launcher.Launcher](this:0xb7177ac8,id:554,api:1,p:4488,c:246) new GraphicBuffer needed
I/[MALI][Gralloc](  246): [MTK]GRALLOC enter alloc_device_alloc()! pHandle=0x0xb71d149c
I/[MALI][Gralloc](  246): usage: 0x900, format: 0x1 stride: 1088 vertical_stride: 1920 size: 8355840
I/[MALI][Gralloc](  246): [MTK]GRALLOC ready to go ion alloc arrrrrrrrr!!!! pHandle=0x0xb71d149c
D/GraphicBuffer(  246): alloc, handle(0xb72019b0) (w:1080 h:1920 s:1088 f:0x1 u:0x000900) err(0)
W/GraphicBufferExtra_hal(  246): gralloc extra device setBufInfo(...) is not supported
I/WindowManager( 1797): setHoldScreenLocked: hold=false
D/GraphicBuffer( 4488): register, handle(0x7d84eb78) (w:1080 h:1920 s:1088 f:0x1 u:0x000900)
I/ouyang100( 8420):     Activity onStop^^^^^^^^^^^^^^com.sixty.nidoneClient
I/ouyang100( 8420):     ********com.sixty.nidoneClient   packagename:com.sixty.nidoneClient
W/ActivityManager( 1797): Unbind failed: could not find connection for android.os.BinderProxy@43a241f0
V/ActivityThread( 8420): Finishing stop of ActivityRecord{43d66298 token=android.os.BinderProxy@439ee040 {com.sixty.nidoneClient/com.sixty.nidoneClient.view.activity.SDK_WebApp}}: show=false win=com.android.internal.policy.impl.PhoneWindow@43795a10
V/PhoneWindow( 8420): DecorView setVisiblity: visibility = 4 ,Parent =ViewRoot{43b45c88 com.sixty.nidoneClient/com.sixty.nidoneClient.view.activity.SDK_WebApp,ident = 51}, this =com.android.internal.policy.impl.PhoneWindow$DecorView{42e37a18 I.E..... R.....I. 0,0-1080,1920}
D/ActivityThread( 8420): ACT-STOP_ACTIVITY_HIDE handled : 0 / android.os.BinderProxy@439ee040
D/OpenGLRenderer( 8420): Flushing caches (mode 1)
I/BufferQueue(  246): [com.sixty.nidoneClient/com.sixty.nidoneClient.view.activity.SDK_WebApp](this:0xb7188f50,id:384,api:1,p:-1,c:-1) consumerDisconnect
I/BufferQueue(  246): [com.sixty.nidoneClient/com.sixty.nidoneClient.view.activity.SDK_WebApp](this:0xb7188f50,id:384,api:1,p:-1,c:-1) ~BufferQueue
D/GraphicBuffer(  246): free, handle(0xb7187468) (w:1080 h:1920 s:1088 f:0x1 u:0x000900)
I/        (  246): [BWC INFO](246): get_bwc_mm_property success
D/NetworkPolicy( 1797): onRecv: MSG_FOREGROUND_ACTIVITIES_CHANGED pid:uid:act=8420:10280:false
V/NetworkStats( 1797): setKernelCounterSet uid=10280 set=0
D/ConnectivityService( 1797): onUidRulesChanged(uid=10280, uidRules=0)
D/WifiStateMachine( 1797): ConnectedState{ when=-3ms what=131155 arg1=8 target=com.android.internal.util.StateMachine$SmHandler target=Handler (com.android.internal.util.StateMachine$SmHandler) {4317edc0} }
D/WifiStateMachine( 1797): L2ConnectedState{ when=-3ms what=131155 arg1=8 target=com.android.internal.util.StateMachine$SmHandler target=Handler (com.android.internal.util.StateMachine$SmHandler) {4317edc0} }
D/WifiHW  ( 1797): enter -->wifi_send_command cmd=IFNAME=wlan0 SIGNAL_POLL
D/wpa_supplicant( 4131): RX ctrl_iface - hexdump(len=11): 53 49 47 4e 41 4c 5f 50 4f 4c 4c
D/wpa_supplicant( 4131): wlan0: Control interface command 'SIGNAL_POLL'
D/wpa_supplicant( 4131): nl80211: survey data missing!
D/wpa_supplicant( 4131): signal poll, reply_len=48
D/wpa_ctrl( 1797): reply_len=4095
D/WifiHW  ( 1797): leave --> reply=RSSI=-39
D/WifiHW  ( 1797): LINKSPEED=65
D/WifiHW  ( 1797): NOISE=9999
D/WifiHW  ( 1797): FREQUENCY=2412
D/WifiHW  ( 1797): 
D/wifi    ( 1797): doStringCommand, buf IFNAME=wlan0 SIGNAL_POLL
I/WifiStateMachine( 1797): fetchRssiAndLinkSpeedNative, newRssi:-39, newLinkSpeed:65, SSID:"60_dev_01"
D/WifiStateMachine( 1797): mRssiArray[0] = -46
D/WifiStateMachine( 1797): mRssiArray[1] = -46
D/WifiStateMachine( 1797): mRssiArray[2] = -43
D/WifiStateMachine( 1797): mRssiArray[3] = -43
D/WifiStateMachine( 1797): mRssiArray[4] = -47
D/WifiStateMachine( 1797): GetFilterRssi is : -39
D/WifiStateMachine( 1797): mLastSignalLevel:4, newSignalLevel:4
D/WifiStateMachine( 1797): fetchRssiAndLinkSpeedNative, ipAddr:2013270188
I/AP_PROF ( 1797): unable to open /proc/mtprof/status entry
D/VelocityTracker( 4488): Couldn't open '/dev/touch' (Permission denied)
D/VelocityTracker( 4488): tpd read x fail: Bad file number
D/VelocityTracker( 4488): tpd read y fail: Bad file number
D/VelocityTracker( 4488): Couldn't open '/dev/touch' (Permission denied)
D/VelocityTracker( 4488): tpd read x fail: Bad file number
D/VelocityTracker( 4488): tpd read y fail: Bad file number
I/BufferQueue(  246): [com.oppo.launcher/com.oppo.launcher.Launcher](this:0xb7177ac8,id:554,api:1,p:4488,c:246) new GraphicBuffer needed
I/[MALI][Gralloc](  246): [MTK]GRALLOC enter alloc_device_alloc()! pHandle=0x0xb7207874
I/[MALI][Gralloc](  246): usage: 0x900, format: 0x1 stride: 1088 vertical_stride: 1920 size: 8355840
I/[MALI][Gralloc](  246): [MTK]GRALLOC ready to go ion alloc arrrrrrrrr!!!! pHandle=0x0xb7207874
D/GraphicBuffer(  246): alloc, handle(0xb71df2a0) (w:1080 h:1920 s:1088 f:0x1 u:0x000900) err(0)
W/GraphicBufferExtra_hal(  246): gralloc extra device setBufInfo(...) is not supported
D/GraphicBuffer( 4488): register, handle(0x785259c0) (w:1080 h:1920 s:1088 f:0x1 u:0x000900)
I/        (  246): [BWC INFO](246): get_bwc_mm_property success
I/        (  246): [BWC INFO](246): get_bwc_mm_property success
I/        (  246): [BWC INFO](246): get_bwc_mm_property success
I/        (  246): [BWC INFO](246): get_bwc_mm_property success
I/        (  246): [BWC INFO](246): get_bwc_mm_property success
I/        (  246): [BWC INFO](246): get_bwc_mm_property success
I/SurfaceFlinger(  246): [Built-in Screen (type:0)] fps:34.965137,dur:1001.00,max:336.85,min:15.71
I/        (  246): [BWC INFO](246): get_bwc_mm_property success
I/        (  246): [BWC INFO](246): get_bwc_mm_property success
I/        (  246): [BWC INFO](246): get_bwc_mm_property success
I/        (  246): [BWC INFO](246): get_bwc_mm_property success
I/BufferQueue(  246): [com.oppo.launcher/com.oppo.launcher.Launcher](this:0xb7177ac8,id:554,api:1,p:4488,c:246) queueBuffer: fps=12.91 dur=1006.84 max=481.30 min=5.19
I/        (  246): [BWC INFO](246): get_bwc_mm_property success
I/        (  246): [BWC INFO](246): get_bwc_mm_property success
I/        (  246): [BWC INFO](246): get_bwc_mm_property success
I/        (  246): [BWC INFO](246): get_bwc_mm_property success
I/        (  246): [BWC INFO](246): get_bwc_mm_property success
I/        (  246): [BWC INFO](246): get_bwc_mm_property success
I/        (  246): [BWC INFO](246): get_bwc_mm_property success
I/        (  246): [BWC INFO](246): get_bwc_mm_property success
I/        (  246): [BWC INFO](246): get_bwc_mm_property success
I/        (  246): [BWC INFO](246): get_bwc_mm_property success
I/        (  246): [BWC INFO](246): get_bwc_mm_property success
I/        (  246): [BWC INFO](246): get_bwc_mm_property success
I/        (  246): [BWC INFO](246): get_bwc_mm_property success
I/        (  246): [BWC INFO](246): get_bwc_mm_property success
I/        (  246): [BWC INFO](246): get_bwc_mm_property success
I/        (  246): [BWC INFO](246): get_bwc_mm_property success
D/dalvikvm( 4488): create interp thread : stack size=128KB
D/dalvikvm( 4488): create new thread
D/dalvikvm( 4488): new thread created
D/dalvikvm( 4488): update thread list
D/dalvikvm( 4488): threadid=29: interp stack at 0x7bb5e000
D/dalvikvm( 4488): threadid=29: created from interp
D/dalvikvm( 4488): start new thread
D/dalvikvm( 4488): threadid=29: notify debugger
D/dalvikvm( 4488): threadid=29 (SharedPreferencesImpl-load): calling run()
D/dalvikvm( 4488): threadid=29: exiting
D/dalvikvm( 4488): threadid=29: bye!
D/dalvikvm( 4488): between the previous GC alloc  11560K
D/dalvikvm( 4488): GC_FOR_ALLOC freed 10745K (137842), 34% free 40078K/60136K, paused 56ms, total 56ms
I/dalvikvm-heap( 4488): Grow heap (frag case) to 54.564MB for 861200-byte allocation
D/dalvikvm( 4488): currentAlloc=41903864 - lastAllocatedSize=41040576 < 10485760, don't trigger GC
I/        (  246): [BWC INFO](246): get_bwc_mm_property success
I/uSDK    ( 8420): [CAE][D][2017-12-27 18:07:43.791368][cae_softap_user_task:730][buffer fd or timeout ]
I/uSDK    ( 8420): [CAE][D][2017-12-27 18:07:43.791452][cae_su_read_buffer_to_send:630][count[0]***]
I/uSDK    ( 8420): [CAE][D][2017-12-27 18:07:43.791469][su_ctx_fd_set:692][MAX fd[-1]]
D/PhoneInterfaceManagerEx( 4362): [PhoneIntfMgrEx] hasIccCard  simId=0
D/PhoneInterfaceManagerEx( 4362): [PhoneIntfMgrEx] hasIccCard  simId=1
I/uSDK    ( 8420): [CAE][D][2017-12-27 18:07:45.522881][cae_sr_k_loop:965][mdns resolver loop timeout event happen, interval time:20s]
I/uSDK    ( 8420): [CAE][I][2017-12-27 18:07:45.522919][cae_sr_k_loop:1018][do normal soft refresh timing!]
I/uSDK    ( 8420): [CAE][I][2017-12-27 18:07:45.522935][cae_sd_core_connect_send_search_data:116][force mdns daemon to send mdns search udp data ... ...]
I/uSDK    ( 8420): [CAE][I][2017-12-27 18:07:45.522998][mDNSPlatformWriteLogMsg:171][connecting mdns server port:58543.]
I/uSDK    ( 8420): [CAE][I][2017-12-27 18:07:45.523362][mDNSPlatformWriteLogMsg:171][receive x_RefreshInterfaceList cmd ]
I/uSDK    ( 8420): [CAE][I][2017-12-27 18:07:45.523384][mDNSPlatformWriteLogMsg:171][mdns daemon refreshing interface list ... ...]
I/uSDK    ( 8420): [CAE][I][2017-12-27 18:07:45.523404][mDNSPlatformWriteLogMsg:171][qname : _sleep-proxy._udp.local.  qtype value: 12  string info: PTR ]
I/uSDK    ( 8420): [CAE][I][2017-12-27 18:07:45.523418][mDNSPlatformWriteLogMsg:171][StartLLQPolling ... ... ]
I/uSDK    ( 8420): [CAE][I][2017-12-27 18:07:45.523434][mDNSPlatformWriteLogMsg:171][qname : _cae._udp.local.  qtype value: 12  string info: PTR ]
I/uSDK    ( 8420): [CAE][I][2017-12-27 18:07:45.523447][mDNSPlatformWriteLogMsg:171][StartLLQPolling ... ... ]
I/uSDK    ( 8420): [CAE][I][2017-12-27 18:07:45.523461][mDNSPlatformWriteLogMsg:171][ xxx mDNS Execute begin ... ... ]
I/uSDK    ( 8420): [CAE][I][2017-12-27 18:07:45.523702][mDNSPlatformWriteLogMsg:171][mdns daemon refreshing interface list end!]
I/uSDK    ( 8420): [CAE][I][2017-12-27 18:07:45.523723][mDNSPlatformWriteLogMsg:171][request_callback: 160:ERROR: Unsupported UDS req:8888 PID[-1][]]
I/uSDK    ( 8420): [CAE][I][2017-12-27 18:07:45.523837][cae_sd_core_connect_send_search_data:126][sending mdns search upd data is end; err:0]
V/ActivityManager( 1797): Broadcast sticky: Intent { act=android.intent.action.SIG_STR flg=0x10 (has extras) } ordered=false userid=-1 callerApp=ProcessRecord{42767e10 1797:system/1000}
D/cell strength( 4291): ===== cell singal strength changed : 20
D/WifiStateMachine( 1797): ConnectedState{ when=-3ms what=131155 arg1=8 target=com.android.internal.util.StateMachine$SmHandler target=Handler (com.android.internal.util.StateMachine$SmHandler) {4317edc0} }
D/WifiStateMachine( 1797): L2ConnectedState{ when=-3ms what=131155 arg1=8 target=com.android.internal.util.StateMachine$SmHandler target=Handler (com.android.internal.util.StateMachine$SmHandler) {4317edc0} }
D/WifiHW  ( 1797): enter -->wifi_send_command cmd=IFNAME=wlan0 SIGNAL_POLL
D/wpa_supplicant( 4131): RX ctrl_iface - hexdump(len=11): 53 49 47 4e 41 4c 5f 50 4f 4c 4c
D/wpa_supplicant( 4131): wlan0: Control interface command 'SIGNAL_POLL'
D/wpa_supplicant( 4131): nl80211: survey data missing!
D/wpa_supplicant( 4131): signal poll, reply_len=48
D/wpa_ctrl( 1797): reply_len=4095
D/WifiHW  ( 1797): leave --> reply=RSSI=-39
D/WifiHW  ( 1797): LINKSPEED=65
D/WifiHW  ( 1797): NOISE=9999
D/WifiHW  ( 1797): FREQUENCY=2412
D/WifiHW  ( 1797): 
D/wifi    ( 1797): doStringCommand, buf IFNAME=wlan0 SIGNAL_POLL
I/WifiStateMachine( 1797): fetchRssiAndLinkSpeedNative, newRssi:-39, newLinkSpeed:65, SSID:"60_dev_01"
D/WifiStateMachine( 1797): mRssiArray[0] = -46
D/WifiStateMachine( 1797): mRssiArray[1] = -46
D/WifiStateMachine( 1797): mRssiArray[2] = -43
D/WifiStateMachine( 1797): mRssiArray[3] = -43
D/WifiStateMachine( 1797): mRssiArray[4] = -39
D/WifiStateMachine( 1797): GetFilterRssi is : -39
D/WifiStateMachine( 1797): mLastSignalLevel:4, newSignalLevel:4
D/WifiStateMachine( 1797): fetchRssiAndLinkSpeedNative, ipAddr:2013270188
D/dalvikvm( 4701): create interp thread : stack size=128KB
D/dalvikvm( 4701): create new thread
D/dalvikvm( 4701): new thread created
D/dalvikvm( 4701): update thread list
D/dalvikvm( 4701): threadid=28: interp stack at 0x7c3fb000
D/dalvikvm( 4701): threadid=28: created from interp
D/dalvikvm( 4701): start new thread
D/dalvikvm( 4701): threadid=28: notify debugger
D/dalvikvm( 4701): threadid=28 (Thread-2299): calling run()
I/KSO_STAT( 4701): App is in background, stop update end time, ready to start a new session.
D/SQLiteDatabase( 4701): beginTransaction()
D/SQLiteDatabase( 4701): endTransaction()
D/dalvikvm( 4701): threadid=28: exiting
D/dalvikvm( 4701): threadid=28: bye!
D/dalvikvm( 4767): create interp thread : stack size=128KB
D/dalvikvm( 4767): create new thread
D/dalvikvm( 4767): new thread created
D/dalvikvm( 4767): update thread list
D/dalvikvm( 4767): threadid=11: interp stack at 0x78237000
D/dalvikvm( 4767): threadid=11: created from interp
D/dalvikvm( 4767): start new thread
D/dalvikvm( 4767): threadid=11: notify debugger
D/dalvikvm( 4767): threadid=11 (Thread-185): calling run()
D/dalvikvm( 4767): threadid=11: exiting
D/dalvikvm( 4767): threadid=11: bye!
D/BatteryService( 1797): mBatteryVoltage=4003, batteryLevel=50
V/ActivityManager( 1797): Broadcast sticky: Intent { act=android.intent.action.ADDITIONAL_BATTERY_CHANGED flg=0x60000010 (has extras) } ordered=false userid=-1 callerApp=null
V/ActivityManager( 1797): Broadcast sticky: Intent { act=android.intent.action.BATTERY_CHANGED flg=0x60000010 (has extras) } ordered=false userid=-1 callerApp=null
D/PowerSaveService( 4528): PowerSaveReceiver EXTRA_STATUS: status = 2, lastCharging = true
D/HeadsetStateMachine( 6191): Disconnected process message: 10
D/WifiService( 1797): onReceive, action:android.intent.action.BATTERY_CHANGED
D/UsbDeviceManager( 1797): onReceive - BATTERY_CHANGED - mPlugType: 2, mSettingUsbCharging: false, mConnected: true, mSettingUsbBicr: false
V/ActivityManager( 1797): Broadcast sticky: Intent { act=android.intent.action.ADDITIONAL_BATTERY_CHANGED flg=0x60000010 (has extras) } ordered=false userid=-1 callerApp=null
V/ActivityManager( 1797): Broadcast sticky: Intent { act=android.intent.action.ADDITIONAL_BATTERY_CHANGED flg=0x60000010 (has extras) } ordered=false userid=-1 callerApp=null
D/WifiController( 1797): DeviceActiveState{ when=-1ms what=155652 arg1=2 target=com.android.internal.util.StateMachine$SmHandler target=Handler (com.android.internal.util.StateMachine$SmHandler) {432227a8} }
D/WifiController( 1797): StaEnabledState{ when=-1ms what=155652 arg1=2 target=com.android.internal.util.StateMachine$SmHandler target=Handler (com.android.internal.util.StateMachine$SmHandler) {432227a8} }
D/WifiController( 1797): DefaultState{ when=-1ms what=155652 arg1=2 target=com.android.internal.util.StateMachine$SmHandler target=Handler (com.android.internal.util.StateMachine$SmHandler) {432227a8} }
D/WifiController( 1797): battery changed pluggedType: 2
D/WifiStateMachine( 1797): ConnectedState{ when=-3ms what=131155 arg1=8 target=com.android.internal.util.StateMachine$SmHandler target=Handler (com.android.internal.util.StateMachine$SmHandler) {4317edc0} }
D/WifiStateMachine( 1797): L2ConnectedState{ when=-3ms what=131155 arg1=8 target=com.android.internal.util.StateMachine$SmHandler target=Handler (com.android.internal.util.StateMachine$SmHandler) {4317edc0} }
D/WifiHW  ( 1797): enter -->wifi_send_command cmd=IFNAME=wlan0 SIGNAL_POLL
D/wpa_supplicant( 4131): RX ctrl_iface - hexdump(len=11): 53 49 47 4e 41 4c 5f 50 4f 4c 4c
D/wpa_supplicant( 4131): wlan0: Control interface command 'SIGNAL_POLL'
D/LightsService( 1797): setLight_native: light=2, colorARGB=0x0, flashMode=0, onMS=0, offMS=0, brightnessMode=0
D/lights  ( 1797): write_int open fd=-1
D/wpa_supplicant( 4131): nl80211: survey data missing!
D/wpa_supplicant( 4131): signal poll, reply_len=48
D/wpa_ctrl( 1797): reply_len=4095
D/WifiHW  ( 1797): leave --> reply=RSSI=-41
D/WifiHW  ( 1797): LINKSPEED=65
D/WifiHW  ( 1797): NOISE=9999
D/WifiHW  ( 1797): FREQUENCY=2412
D/WifiHW  ( 1797): 
D/wifi    ( 1797): doStringCommand, buf IFNAME=wlan0 SIGNAL_POLL
I/WifiStateMachine( 1797): fetchRssiAndLinkSpeedNative, newRssi:-41, newLinkSpeed:65, SSID:"60_dev_01"
D/WifiStateMachine( 1797): mRssiArray[0] = -39
D/WifiStateMachine( 1797): mRssiArray[1] = -46
D/WifiStateMachine( 1797): mRssiArray[2] = -43
D/WifiStateMachine( 1797): mRssiArray[3] = -43
D/WifiStateMachine( 1797): mRssiArray[4] = -39
D/WifiStateMachine( 1797): GetFilterRssi is : -41
D/WifiStateMachine( 1797): mLastSignalLevel:4, newSignalLevel:4
D/WifiStateMachine( 1797): fetchRssiAndLinkSpeedNative, ipAddr:2013270188
I/uSDK    ( 8420): [CAE][D][2017-12-27 18:07:48.816111][cae_softap_user_task:730][buffer fd or timeout ]
I/uSDK    ( 8420): [CAE][D][2017-12-27 18:07:48.816151][cae_su_read_buffer_to_send:630][count[0]***]
I/uSDK    ( 8420): [CAE][D][2017-12-27 18:07:48.816167][su_ctx_fd_set:692][MAX fd[-1]]
D/dalvikvm( 4701): create interp thread : stack size=128KB
D/dalvikvm( 4701): create new thread
D/dalvikvm( 4701): new thread created
D/dalvikvm( 4701): update thread list
D/dalvikvm( 4701): threadid=28: interp stack at 0x7c3fb000
D/dalvikvm( 4701): threadid=28: created from interp
D/dalvikvm( 4701): start new thread
D/dalvikvm( 4701): threadid=28: notify debugger
D/dalvikvm( 4701): threadid=28 (Thread-2300): calling run()
I/KSO_STAT( 4701): App is in background, stop update end time, ready to start a new session.
D/SQLiteDatabase( 4701): beginTransaction()
D/SQLiteDatabase( 4701): endTransaction()
D/dalvikvm( 4701): threadid=28: exiting
D/dalvikvm( 4701): threadid=28: bye!
D/WifiStateMachine( 1797): ConnectedState{ when=-3ms what=131155 arg1=8 target=com.android.internal.util.StateMachine$SmHandler target=Handler (com.android.internal.util.StateMachine$SmHandler) {4317edc0} }
D/WifiStateMachine( 1797): L2ConnectedState{ when=-3ms what=131155 arg1=8 target=com.android.internal.util.StateMachine$SmHandler target=Handler (com.android.internal.util.StateMachine$SmHandler) {4317edc0} }
D/WifiHW  ( 1797): enter -->wifi_send_command cmd=IFNAME=wlan0 SIGNAL_POLL
D/wpa_supplicant( 4131): RX ctrl_iface - hexdump(len=11): 53 49 47 4e 41 4c 5f 50 4f 4c 4c
D/wpa_supplicant( 4131): wlan0: Control interface command 'SIGNAL_POLL'
D/wpa_supplicant( 4131): nl80211: survey data missing!
D/wpa_supplicant( 4131): signal poll, reply_len=48
D/wpa_ctrl( 1797): reply_len=4095
D/WifiHW  ( 1797): leave --> reply=RSSI=-41
D/WifiHW  ( 1797): LINKSPEED=65
D/WifiHW  ( 1797): NOISE=9999
D/WifiHW  ( 1797): FREQUENCY=2412
D/WifiHW  ( 1797): 
D/wifi    ( 1797): doStringCommand, buf IFNAME=wlan0 SIGNAL_POLL
I/WifiStateMachine( 1797): fetchRssiAndLinkSpeedNative, newRssi:-41, newLinkSpeed:65, SSID:"60_dev_01"
D/WifiStateMachine( 1797): mRssiArray[0] = -39
D/WifiStateMachine( 1797): mRssiArray[1] = -41
D/WifiStateMachine( 1797): mRssiArray[2] = -43
D/WifiStateMachine( 1797): mRssiArray[3] = -43
D/WifiStateMachine( 1797): mRssiArray[4] = -39
D/WifiStateMachine( 1797): GetFilterRssi is : -41
D/WifiStateMachine( 1797): mLastSignalLevel:4, newSignalLevel:4
D/WifiStateMachine( 1797): fetchRssiAndLinkSpeedNative, ipAddr:2013270188
D/BatteryService( 1797): mBatteryVoltage=4010, batteryLevel=50
V/ActivityManager( 1797): Broadcast sticky: Intent { act=android.intent.action.ADDITIONAL_BATTERY_CHANGED flg=0x60000010 (has extras) } ordered=false userid=-1 callerApp=null
V/ActivityManager( 1797): Broadcast sticky: Intent { act=android.intent.action.BATTERY_CHANGED flg=0x60000010 (has extras) } ordered=false userid=-1 callerApp=null
D/WifiService( 1797): onReceive, action:android.intent.action.BATTERY_CHANGED
D/UsbDeviceManager( 1797): onReceive - BATTERY_CHANGED - mPlugType: 2, mSettingUsbCharging: false, mConnected: true, mSettingUsbBicr: false
D/WifiController( 1797): DeviceActiveState{ when=-2ms what=155652 arg1=2 target=com.android.internal.util.StateMachine$SmHandler target=Handler (com.android.internal.util.StateMachine$SmHandler) {432227a8} }
D/WifiController( 1797): StaEnabledState{ when=-2ms what=155652 arg1=2 target=com.android.internal.util.StateMachine$SmHandler target=Handler (com.android.internal.util.StateMachine$SmHandler) {432227a8} }
D/WifiController( 1797): DefaultState{ when=-2ms what=155652 arg1=2 target=com.android.internal.util.StateMachine$SmHandler target=Handler (com.android.internal.util.StateMachine$SmHandler) {432227a8} }
D/WifiController( 1797): battery changed pluggedType: 2
D/PowerSaveService( 4528): PowerSaveReceiver EXTRA_STATUS: status = 2, lastCharging = true
D/HeadsetStateMachine( 6191): Disconnected process message: 10
V/ActivityManager( 1797): Broadcast sticky: Intent { act=android.intent.action.ADDITIONAL_BATTERY_CHANGED flg=0x60000010 (has extras) } ordered=false userid=-1 callerApp=null
V/ActivityManager( 1797): Broadcast sticky: Intent { act=android.intent.action.ADDITIONAL_BATTERY_CHANGED flg=0x60000010 (has extras) } ordered=false userid=-1 callerApp=null
I/System.out(12358): [CDS]EAGAIN in Recvfrom
V/Provider/Settings( 1797): get setting for user 0 by user 0 so skipping cache
V/Provider/Settings( 1797):  from settings cache , name = sys_free_storage_log_interval , value = null
V/Provider/Settings( 1797): get setting for user 0 by user 0 so skipping cache
V/Provider/Settings( 1797):  from settings cache , name = disk_free_change_reporting_threshold , value = null
I/uSDK    ( 8420): [CAE][D][2017-12-27 18:07:53.833794][cae_softap_user_task:730][buffer fd or timeout ]
I/uSDK    ( 8420): [CAE][D][2017-12-27 18:07:53.833835][cae_su_read_buffer_to_send:630][count[0]***]
I/uSDK    ( 8420): [CAE][D][2017-12-27 18:07:53.833851][su_ctx_fd_set:692][MAX fd[-1]]
D/AES     ( 1797): AEEIOCTL_RT_MON_Kick IOCTL,lParam=0. 
D/WifiStateMachine( 1797): ConnectedState{ when=-3ms what=131155 arg1=8 target=com.android.internal.util.StateMachine$SmHandler target=Handler (com.android.internal.util.StateMachine$SmHandler) {4317edc0} }
D/WifiStateMachine( 1797): L2ConnectedState{ when=-3ms what=131155 arg1=8 target=com.android.internal.util.StateMachine$SmHandler target=Handler (com.android.internal.util.StateMachine$SmHandler) {4317edc0} }
D/WifiHW  ( 1797): enter -->wifi_send_command cmd=IFNAME=wlan0 SIGNAL_POLL
D/wpa_supplicant( 4131): RX ctrl_iface - hexdump(len=11): 53 49 47 4e 41 4c 5f 50 4f 4c 4c
D/wpa_supplicant( 4131): wlan0: Control interface command 'SIGNAL_POLL'
D/wpa_supplicant( 4131): nl80211: survey data missing!
D/wpa_supplicant( 4131): signal poll, reply_len=48
D/wpa_ctrl( 1797): reply_len=4095
D/WifiHW  ( 1797): leave --> reply=RSSI=-40
D/WifiHW  ( 1797): LINKSPEED=65
D/WifiHW  ( 1797): NOISE=9999
D/WifiHW  ( 1797): FREQUENCY=2412
D/WifiHW  ( 1797): 
D/wifi    ( 1797): doStringCommand, buf IFNAME=wlan0 SIGNAL_POLL
I/WifiStateMachine( 1797): fetchRssiAndLinkSpeedNative, newRssi:-40, newLinkSpeed:65, SSID:"60_dev_01"
D/WifiStateMachine( 1797): mRssiArray[0] = -39
D/WifiStateMachine( 1797): mRssiArray[1] = -41
D/WifiStateMachine( 1797): mRssiArray[2] = -41
D/WifiStateMachine( 1797): mRssiArray[3] = -43
D/WifiStateMachine( 1797): mRssiArray[4] = -39
D/WifiStateMachine( 1797): GetFilterRssi is : -40
D/WifiStateMachine( 1797): mLastSignalLevel:4, newSignalLevel:4
D/WifiStateMachine( 1797): fetchRssiAndLinkSpeedNative, ipAddr:2013270188
I/thermal_repeater(  288): oh, queryMdThermalInfo (0)Bad file number
I/thermal_repeater(  288): [recvMdThermalInfo] ret=25, strLen=127,  1, 32767,,, -1, 32767, 2
D/PhoneInterfaceManagerEx( 4362): [PhoneIntfMgrEx] hasIccCard  simId=0
D/PhoneInterfaceManagerEx( 4362): [PhoneIntfMgrEx] hasIccCard  simId=1
D/dalvikvm( 4701): create interp thread : stack size=128KB
D/dalvikvm( 4701): create new thread
D/dalvikvm( 4701): new thread created
D/dalvikvm( 4701): update thread list
D/dalvikvm( 4701): threadid=28: interp stack at 0x7c3fb000
D/dalvikvm( 4701): threadid=28: created from interp
D/dalvikvm( 4701): start new thread
D/dalvikvm( 4701): threadid=28: notify debugger
D/dalvikvm( 4701): threadid=28 (Thread-2301): calling run()
I/KSO_STAT( 4701): App is in background, stop update end time, ready to start a new session.
D/SQLiteDatabase( 4701): beginTransaction()
D/SQLiteDatabase( 4701): endTransaction()
D/dalvikvm( 4701): threadid=28: exiting
D/dalvikvm( 4701): threadid=28: bye!
V/ActivityManager( 1797): Broadcast sticky: Intent { act=android.intent.action.ADDITIONAL_BATTERY_CHANGED flg=0x60000010 (has extras) } ordered=false userid=-1 callerApp=null
V/ActivityManager( 1797): Broadcast sticky: Intent { act=android.intent.action.ADDITIONAL_BATTERY_CHANGED flg=0x60000010 (has extras) } ordered=false userid=-1 callerApp=null
V/ActivityManager( 1797): Broadcast sticky: Intent { act=android.intent.action.ADDITIONAL_BATTERY_CHANGED flg=0x60000010 (has extras) } ordered=false userid=-1 callerApp=null
D/WifiStateMachine( 1797): ConnectedState{ when=-1ms what=131155 arg1=8 target=com.android.internal.util.StateMachine$SmHandler target=Handler (com.android.internal.util.StateMachine$SmHandler) {4317edc0} }
D/WifiStateMachine( 1797): L2ConnectedState{ when=-1ms what=131155 arg1=8 target=com.android.internal.util.StateMachine$SmHandler target=Handler (com.android.internal.util.StateMachine$SmHandler) {4317edc0} }
D/WifiHW  ( 1797): enter -->wifi_send_command cmd=IFNAME=wlan0 SIGNAL_POLL
D/wpa_supplicant( 4131): RX ctrl_iface - hexdump(len=11): 53 49 47 4e 41 4c 5f 50 4f 4c 4c
D/wpa_supplicant( 4131): wlan0: Control interface command 'SIGNAL_POLL'
D/wpa_supplicant( 4131): nl80211: survey data missing!
D/wpa_supplicant( 4131): signal poll, reply_len=48
D/wpa_ctrl( 1797): reply_len=4095
D/WifiHW  ( 1797): leave --> reply=RSSI=-40
D/WifiHW  ( 1797): LINKSPEED=65
D/WifiHW  ( 1797): NOISE=9999
D/WifiHW  ( 1797): FREQUENCY=2412
D/WifiHW  ( 1797): 
D/wifi    ( 1797): doStringCommand, buf IFNAME=wlan0 SIGNAL_POLL
I/WifiStateMachine( 1797): fetchRssiAndLinkSpeedNative, newRssi:-40, newLinkSpeed:65, SSID:"60_dev_01"
D/WifiStateMachine( 1797): mRssiArray[0] = -39
D/WifiStateMachine( 1797): mRssiArray[1] = -41
D/WifiStateMachine( 1797): mRssiArray[2] = -41
D/WifiStateMachine( 1797): mRssiArray[3] = -40
D/WifiStateMachine( 1797): mRssiArray[4] = -39
D/WifiStateMachine( 1797): GetFilterRssi is : -40
D/WifiStateMachine( 1797): mLastSignalLevel:4, newSignalLevel:4
D/WifiStateMachine( 1797): fetchRssiAndLinkSpeedNative, ipAddr:2013270188
D/dalvikvm( 5513): between the previous GC alloc  6272K
D/dalvikvm( 5513): GC_CONCURRENT freed 6350K (141835), 74% free 5701K/21204K, paused 3ms+8ms, total 58ms
D/skia    (13003): --- SkImageDecoder::Factory returned null
D/skia    (13003): --- SkImageDecoder::Factory returned null
D/skia    (13003): --- SkImageDecoder::Factory returned null
D/skia    (13003): jpeg_decoder mode 0, config 5, w 3120, h 4160, sample 1, bsLength 0!!
I/uSDK    ( 8420): [CAE][D][2017-12-27 18:07:58.855689][cae_softap_user_task:730][buffer fd or timeout ]
I/uSDK    ( 8420): [CAE][D][2017-12-27 18:07:58.855731][cae_su_read_buffer_to_send:630][count[0]***]
I/uSDK    ( 8420): [CAE][D][2017-12-27 18:07:58.855747][su_ctx_fd_set:692][MAX fd[-1]]
V/ActivityManager( 1797): Broadcast sticky: Intent { act=android.intent.action.SIG_STR flg=0x10 (has extras) } ordered=false userid=-1 callerApp=ProcessRecord{42767e10 1797:system/1000}
D/cell strength( 4291): ===== cell singal strength changed : 19
V/AlarmManager( 1797): Checking for alarms... rtc=1514369279999, elapsed=10706126
V/AlarmManager( 1797): sending alarm Alarm{43dfb388 type 3 android}
V/ActivityManager( 1797): Broadcast: Intent { act=android.intent.action.TIME_TICK flg=0x50000094 (has extras) } ordered=true userid=-1 callerApp=null
D/ActivityThread( 1797): BDC-Calling onReceive: intent=Intent { act=android.intent.action.TIME_TICK flg=0x50000094 (has extras) }, ordered=true, receiver=com.android.server.AlarmManagerService$ClockReceiver@42864508, IIntentReceiver=42bdffb0
V/AlarmManager( 1797): Received TIME_TICK alarm; rescheduling
V/AlarmManager( 1797): isAlarmNeedAlign : charging
V/AlarmManager( 1797): set(PendingIntent{42c065f0: PendingIntentRecord{42bf55f0 android broadcastIntent}}) : type=3 triggerAtTime=10766126 win=0 tElapsed=10766126 maxElapsed=10766126 interval=0 standalone=true
D/ActivityThread( 1797): BDC-Calling finishReceiver: IIntentReceiver=42bdffb0
D/ActivityThread( 4488): BDC-Calling onReceive: intent=Intent { act=android.intent.action.TIME_TICK flg=0x50000094 (has extras) }, ordered=true, receiver=com.oppo.widget.smallweather.NormalWidgetUtil$1@42811870, IIntentReceiver=427f3748
V/Provider/Settings( 4488): get setting for user 0 by user 0 so skipping cache
V/Provider/Settings( 4488):  from settings cache , name = time_12_24 , value = 24
V/Provider/Settings( 4488): get setting for user 0 by user 0 so skipping cache
V/Provider/Settings( 4488):  from settings cache , name = date_format , value = 
D/ActivityThread( 4488): BDC-Calling finishReceiver: IIntentReceiver=427f3748
D/ActivityThread( 6908): BDC-Calling onReceive: intent=Intent { act=android.intent.action.TIME_TICK flg=0x50000094 (has extras) }, ordered=true, receiver=com.oppo.activation.ActivationService$ServiceBroadcastReceiver@42771de8, IIntentReceiver=42771e30
D/PhoneInterfaceManager( 4362): getSimState simId = 0prop = ABSENT
D/PhoneInterfaceManager( 4362): getSimState simId = 1prop = ABSENT
D/ActivityThread( 6908): BDC-Calling finishReceiver: IIntentReceiver=42771e30
D/ActivityThread(13785): BDC-Calling onReceive: intent=Intent { act=android.intent.action.TIME_TICK flg=0x50000094 (has extras) }, ordered=true, receiver=ded$1@427fbc70, IIntentReceiver=427fc200
I/BufferQueue(  246): [com.oppo.launcher/com.oppo.launcher.Launcher](this:0xb7177ac8,id:554,api:1,p:4488,c:246) queueBuffer: fps=0.93 dur=17142.09 max=16521.37 min=12.68
D/ActivityManager( 1797): getContentProviderImpl: from caller=android.app.ApplicationThreadProxy@42c067d8 (pid=13785, userId=0) to get content provider cn.wps.moffice_eng.preferences cpr=ContentProviderRecord{4324eba0 u0 cn.wps.moffice_eng/cn.wps.moffice.persistence.AppDataProvider}
D/ActivityManager( 1797): getContentProviderImpl: updateLruProcessLocked cpr.proc=ProcessRecord{42d428e0 12099:cn.wps.moffice_eng/u0a86}
D/ActivityThread(13785): hoder:android.app.IActivityManager$ContentProviderHolder@429cd330,provider,holder.Provider:android.content.ContentProviderProxy@429cd990
I/        (  246): [BWC INFO](246): get_bwc_mm_property success
I/SurfaceFlinger(  246): [Built-in Screen (type:0)] fps:1.277734,dur:17217.98,max:16509.02,min:16.80
D/ActivityThread(13785): BDC-Calling finishReceiver: IIntentReceiver=427fc200
D/ActivityThread(27374): BDC-Calling onReceive: intent=Intent { act=android.intent.action.TIME_TICK flg=0x50000094 (has extras) }, ordered=true, receiver=com.oppo.lockutils.OppoLockUtils$1@42753718, IIntentReceiver=427550b0
D/ActivityThread(27374): BDC-Calling finishReceiver: IIntentReceiver=427550b0
D/ActivityThread(27374): BDC-Calling onReceive: intent=Intent { act=android.intent.action.TIME_TICK flg=0x50000094 (has extras) }, ordered=true, receiver=com.android.keyguard.base.KeyguardUpdateMonitor$3@42764468, IIntentReceiver=42765b88
D/ActivityThread(27374): BDC-Calling finishReceiver: IIntentReceiver=42765b88
D/WifiStateMachine( 1797): ConnectedState{ when=-2ms what=131155 arg1=8 target=com.android.internal.util.StateMachine$SmHandler target=Handler (com.android.internal.util.StateMachine$SmHandler) {4317edc0} }
D/WifiStateMachine( 1797): L2ConnectedState{ when=-2ms what=131155 arg1=8 target=com.android.internal.util.StateMachine$SmHandler target=Handler (com.android.internal.util.StateMachine$SmHandler) {4317edc0} }
D/WifiHW  ( 1797): enter -->wifi_send_command cmd=IFNAME=wlan0 SIGNAL_POLL
D/wpa_supplicant( 4131): RX ctrl_iface - hexdump(len=11): 53 49 47 4e 41 4c 5f 50 4f 4c 4c
D/wpa_supplicant( 4131): wlan0: Control interface command 'SIGNAL_POLL'
D/wpa_supplicant( 4131): nl80211: survey data missing!
D/wpa_supplicant( 4131): signal poll, reply_len=48
D/wpa_ctrl( 1797): reply_len=4095
D/WifiHW  ( 1797): leave --> reply=RSSI=-41
D/WifiHW  ( 1797): LINKSPEED=65
D/WifiHW  ( 1797): NOISE=9999
D/WifiHW  ( 1797): FREQUENCY=2412
D/WifiHW  ( 1797): 
D/wifi    ( 1797): doStringCommand, buf IFNAME=wlan0 SIGNAL_POLL
I/WifiStateMachine( 1797): fetchRssiAndLinkSpeedNative, newRssi:-41, newLinkSpeed:65, SSID:"60_dev_01"
D/WifiStateMachine( 1797): mRssiArray[0] = -39
D/WifiStateMachine( 1797): mRssiArray[1] = -41
D/WifiStateMachine( 1797): mRssiArray[2] = -41
D/WifiStateMachine( 1797): mRssiArray[3] = -40
D/WifiStateMachine( 1797): mRssiArray[4] = -40
D/WifiStateMachine( 1797): GetFilterRssi is : -40
D/WifiStateMachine( 1797): mLastSignalLevel:4, newSignalLevel:4
D/WifiStateMachine( 1797): fetchRssiAndLinkSpeedNative, ipAddr:2013270188
D/dalvikvm( 4528): threadid=24: exiting
D/dalvikvm( 4528): threadid=24: bye!
D/dalvikvm( 4701): create interp thread : stack size=128KB
D/dalvikvm( 4701): create new thread
D/dalvikvm( 4701): new thread created
D/dalvikvm( 4701): update thread list
D/dalvikvm( 4701): threadid=28: interp stack at 0x7c3fb000
D/dalvikvm( 4701): threadid=28: created from interp
D/dalvikvm( 4701): start new thread
D/dalvikvm( 4701): threadid=28: notify debugger
D/dalvikvm( 4701): threadid=28 (Thread-2302): calling run()
I/KSO_STAT( 4701): App is in background, stop update end time, ready to start a new session.
D/SQLiteDatabase( 4701): beginTransaction()
D/SQLiteDatabase( 4701): endTransaction()
D/dalvikvm( 4701): threadid=28: exiting
D/dalvikvm( 4701): threadid=28: bye!
V/ActivityManager( 1797): Broadcast sticky: Intent { act=android.intent.action.ADDITIONAL_BATTERY_CHANGED flg=0x60000010 (has extras) } ordered=false userid=-1 callerApp=null
V/ActivityManager( 1797): Broadcast sticky: Intent { act=android.intent.action.ADDITIONAL_BATTERY_CHANGED flg=0x60000010 (has extras) } ordered=false userid=-1 callerApp=null
V/ActivityManager( 1797): Broadcast sticky: Intent { act=android.intent.action.ADDITIONAL_BATTERY_CHANGED flg=0x60000010 (has extras) } ordered=false userid=-1 callerApp=null
D/ADB_SERVICES(19585): adb fdevent_process list (28) (17) 
W/ADB_SERVICES(19585): create_local_service_socket() name=shell:export ANDROID_LOG_TAGS="" ; exec logcat -d
W/ADB_SERVICES(19585): service_to_fd() name=shell:export ANDROID_LOG_TAGS="" ; exec logcat -d
W/ADB_SERVICES(19585): read_meminfo() mem_free=171084
W/ADB_SERVICES(19585): create_subprocess() ret_fd=28 pid=27755
W/ADB_SERVICES(19585): LS(869): bound to 'shell:export ANDROID_LOG_TAGS="" ; exec logcat -d' via 28
D/ADB_SERVICES(19585): adb local_socket_ready list (28) (30) 
W/ADB_SERVICES(19585): create_local_service_socket() name=shell:export ANDROID_LOG_TAGS="" ; exec logcat -d
W/ADB_SERVICES(19585): service_to_fd() name=shell:export ANDROID_LOG_TAGS="" ; exec logcat -d
W/ADB_SERVICES(19585): read_meminfo() mem_free=171084
W/ADB_SERVICES(19585): create_subprocess() ret_fd=29 pid=27756
W/ADB_SERVICES(19585): LS(870): bound to 'shell:export ANDROID_LOG_TAGS="" ; exec logcat -d' via 29
W/ADB_SERVICES(27755): adb: unable to open /proc/27755/oom_adj
W/ADB_SERVICES(27756): adb: unable to open /proc/27756/oom_adj
D/ADB_SERVICES(19585): adb socket read list (28) (30) 
D/ADB_SERVICES(19585): read_data=20655
D/ADB_SERVICES(19585): max_read_time=0.001385 max_send_time=0.000039 
D/WifiStateMachine( 1797): ConnectedState{ when=0 what=131155 arg1=8 target=com.android.internal.util.StateMachine$SmHandler target=Handler (com.android.internal.util.StateMachine$SmHandler) {4317edc0} }
D/WifiStateMachine( 1797): L2ConnectedState{ when=0 what=131155 arg1=8 target=com.android.internal.util.StateMachine$SmHandler target=Handler (com.android.internal.util.StateMachine$SmHandler) {4317edc0} }
D/WifiHW  ( 1797): enter -->wifi_send_command cmd=IFNAME=wlan0 SIGNAL_POLL
D/wpa_supplicant( 4131): RX ctrl_iface - hexdump(len=11): 53 49 47 4e 41 4c 5f 50 4f 4c 4c
D/wpa_supplicant( 4131): wlan0: Control interface command 'SIGNAL_POLL'
D/wpa_supplicant( 4131): nl80211: survey data missing!
D/wpa_supplicant( 4131): signal poll, reply_len=48
D/wpa_ctrl( 1797): reply_len=4095
D/WifiHW  ( 1797): leave --> reply=RSSI=-41
D/WifiHW  ( 1797): LINKSPEED=65
D/WifiHW  ( 1797): NOISE=9999
D/WifiHW  ( 1797): FREQUENCY=2412
D/WifiHW  ( 1797): 
D/wifi    ( 1797): doStringCommand, buf IFNAME=wlan0 SIGNAL_POLL
I/WifiStateMachine( 1797): fetchRssiAndLinkSpeedNative, newRssi:-41, newLinkSpeed:65, SSID:"60_dev_01"
D/WifiStateMachine( 1797): mRssiArray[0] = -41
D/WifiStateMachine( 1797): mRssiArray[1] = -41
D/WifiStateMachine( 1797): mRssiArray[2] = -41
D/WifiStateMachine( 1797): mRssiArray[3] = -40
D/WifiStateMachine( 1797): mRssiArray[4] = -40
D/WifiStateMachine( 1797): GetFilterRssi is : -40
D/WifiStateMachine( 1797): mLastSignalLevel:4, newSignalLevel:4
D/WifiStateMachine( 1797): fetchRssiAndLinkSpeedNative, ipAddr:2013270188
I/uSDK    ( 8420): [CAE][D][2017-12-27 18:08:03.876308][cae_softap_user_task:730][buffer fd or timeout ]
I/uSDK    ( 8420): [CAE][D][2017-12-27 18:08:03.876341][cae_su_read_buffer_to_send:630][count[0]***]
I/uSDK    ( 8420): [CAE][D][2017-12-27 18:08:03.876357][su_ctx_fd_set:692][MAX fd[-1]]
