V/ActivityManager( 1909): Broadcast sticky: Intent { act=android.intent.action.ADDITIONAL_BATTERY_CHANGED flg=0x60000010 (has extras) } ordered=false userid=-1 callerApp=null
V/ActivityManager( 1909): Broadcast sticky: Intent { act=android.intent.action.ADDITIONAL_BATTERY_CHANGED flg=0x60000010 (has extras) } ordered=false userid=-1 callerApp=null
V/ActivityManager( 1909): Broadcast sticky: Intent { act=android.intent.action.ADDITIONAL_BATTERY_CHANGED flg=0x60000010 (has extras) } ordered=false userid=-1 callerApp=null
D/WifiStateMachine( 1909): ConnectedState{ when=-2ms what=131155 arg1=11 target=com.android.internal.util.StateMachine$SmHandler target=Handler (com.android.internal.util.StateMachine$SmHandler) {43155f58} }
D/WifiStateMachine( 1909): L2ConnectedState{ when=-2ms what=131155 arg1=11 target=com.android.internal.util.StateMachine$SmHandler target=Handler (com.android.internal.util.StateMachine$SmHandler) {43155f58} }
D/WifiHW  ( 1909): enter -->wifi_send_command cmd=IFNAME=wlan0 SIGNAL_POLL
D/wpa_supplicant( 4185): RX ctrl_iface - hexdump(len=11): 53 49 47 4e 41 4c 5f 50 4f 4c 4c
D/wpa_supplicant( 4185): wlan0: Control interface command 'SIGNAL_POLL'
D/wpa_supplicant( 4185): nl80211: survey data missing!
D/wpa_supplicant( 4185): signal poll, reply_len=48
D/wpa_ctrl( 1909): reply_len=4095
D/WifiHW  ( 1909): leave --> reply=RSSI=-43
D/WifiHW  ( 1909): LINKSPEED=65
D/WifiHW  ( 1909): NOISE=9999
D/WifiHW  ( 1909): FREQUENCY=2412
D/WifiHW  ( 1909): 
D/wifi    ( 1909): doStringCommand, buf IFNAME=wlan0 SIGNAL_POLL
I/WifiStateMachine( 1909): fetchRssiAndLinkSpeedNative, newRssi:-43, newLinkSpeed:65, SSID:"60_dev_01"
D/WifiStateMachine( 1909): mRssiArray[0] = -44
D/WifiStateMachine( 1909): mRssiArray[1] = -44
D/WifiStateMachine( 1909): mRssiArray[2] = -43
D/WifiStateMachine( 1909): mRssiArray[3] = -43
D/WifiStateMachine( 1909): mRssiArray[4] = -43
D/WifiStateMachine( 1909): GetFilterRssi is : -43
D/WifiStateMachine( 1909): mLastSignalLevel:4, newSignalLevel:4
D/WifiStateMachine( 1909): fetchRssiAndLinkSpeedNative, ipAddr:-1711271764
D/PhoneInterfaceManagerEx( 4362): [PhoneIntfMgrEx] hasIccCard  simId=0
D/PhoneInterfaceManagerEx( 4362): [PhoneIntfMgrEx] hasIccCard  simId=1
I/System.out( 5381): [CDS]EAGAIN in Recvfrom
I/System.out( 5381): [CDS]read byte is 0
I/System.out( 5381): [CDS]rx timeout:10000
I/System.out( 5381): [CDS]rx timeout:30000
D/dalvikvm( 4619): create interp thread : stack size=128KB
D/dalvikvm( 4619): create new thread
D/dalvikvm( 4619): new thread created
D/dalvikvm( 4619): update thread list
D/dalvikvm( 4619): threadid=21: interp stack at 0x7c10e000
D/dalvikvm( 4619): threadid=21: created from interp
D/dalvikvm( 4619): start new thread
D/dalvikvm( 4619): threadid=21: notify debugger
D/dalvikvm( 4619): threadid=21 (Thread-355): calling run()
I/KSO_STAT( 4619): App is in background, stop update end time, ready to start a new session.
D/SQLiteDatabase( 4619): beginTransaction()
D/SQLiteDatabase( 4619): endTransaction()
D/dalvikvm( 4619): threadid=21: exiting
D/dalvikvm( 4619): threadid=21: bye!
D/WifiStateMachine( 1909): ConnectedState{ when=-3ms what=131155 arg1=11 target=com.android.internal.util.StateMachine$SmHandler target=Handler (com.android.internal.util.StateMachine$SmHandler) {43155f58} }
D/WifiStateMachine( 1909): L2ConnectedState{ when=-3ms what=131155 arg1=11 target=com.android.internal.util.StateMachine$SmHandler target=Handler (com.android.internal.util.StateMachine$SmHandler) {43155f58} }
D/WifiHW  ( 1909): enter -->wifi_send_command cmd=IFNAME=wlan0 SIGNAL_POLL
D/wpa_supplicant( 4185): RX ctrl_iface - hexdump(len=11): 53 49 47 4e 41 4c 5f 50 4f 4c 4c
D/wpa_supplicant( 4185): wlan0: Control interface command 'SIGNAL_POLL'
D/wpa_supplicant( 4185): nl80211: survey data missing!
D/wpa_supplicant( 4185): signal poll, reply_len=48
D/wpa_ctrl( 1909): reply_len=4095
D/WifiHW  ( 1909): leave --> reply=RSSI=-46
D/WifiHW  ( 1909): LINKSPEED=65
D/WifiHW  ( 1909): NOISE=9999
D/WifiHW  ( 1909): FREQUENCY=2412
D/WifiHW  ( 1909): 
D/wifi    ( 1909): doStringCommand, buf IFNAME=wlan0 SIGNAL_POLL
I/WifiStateMachine( 1909): fetchRssiAndLinkSpeedNative, newRssi:-46, newLinkSpeed:65, SSID:"60_dev_01"
D/WifiStateMachine( 1909): mRssiArray[0] = -44
D/WifiStateMachine( 1909): mRssiArray[1] = -44
D/WifiStateMachine( 1909): mRssiArray[2] = -43
D/WifiStateMachine( 1909): mRssiArray[3] = -43
D/WifiStateMachine( 1909): mRssiArray[4] = -43
D/WifiStateMachine( 1909): GetFilterRssi is : -43
D/WifiStateMachine( 1909): mLastSignalLevel:4, newSignalLevel:4
D/WifiStateMachine( 1909): fetchRssiAndLinkSpeedNative, ipAddr:-1711271764
D/BatteryService( 1909): mBatteryVoltage=4313, batteryLevel=50
V/ActivityManager( 1909): Broadcast sticky: Intent { act=android.intent.action.ADDITIONAL_BATTERY_CHANGED flg=0x60000010 (has extras) } ordered=false userid=-1 callerApp=null
V/ActivityManager( 1909): Broadcast sticky: Intent { act=android.intent.action.BATTERY_CHANGED flg=0x60000010 (has extras) } ordered=false userid=-1 callerApp=null
D/PowerSaveService( 4675): PowerSaveReceiver EXTRA_STATUS: status = 2, lastCharging = true
D/HeadsetStateMachine( 6839): Disconnected process message: 10
V/ActivityManager( 1909): Broadcast sticky: Intent { act=android.intent.action.ADDITIONAL_BATTERY_CHANGED flg=0x60000010 (has extras) } ordered=false userid=-1 callerApp=null
D/WifiService( 1909): onReceive, action:android.intent.action.BATTERY_CHANGED
D/UsbDeviceManager( 1909): onReceive - BATTERY_CHANGED - mPlugType: 2, mSettingUsbCharging: false, mConnected: true, mSettingUsbBicr: false
V/ActivityManager( 1909): Broadcast sticky: Intent { act=android.intent.action.ADDITIONAL_BATTERY_CHANGED flg=0x60000010 (has extras) } ordered=false userid=-1 callerApp=null
D/WifiController( 1909): DeviceActiveState{ when=-1ms what=155652 arg1=2 target=com.android.internal.util.StateMachine$SmHandler target=Handler (com.android.internal.util.StateMachine$SmHandler) {43167268} }
D/WifiController( 1909): StaEnabledState{ when=-1ms what=155652 arg1=2 target=com.android.internal.util.StateMachine$SmHandler target=Handler (com.android.internal.util.StateMachine$SmHandler) {43167268} }
D/WifiController( 1909): DefaultState{ when=-1ms what=155652 arg1=2 target=com.android.internal.util.StateMachine$SmHandler target=Handler (com.android.internal.util.StateMachine$SmHandler) {43167268} }
D/WifiController( 1909): battery changed pluggedType: 2
I/ANRManager( 1909): updateProcessStats
I/ANRManager( 1909): CPU update time < 2.5sec
D/AndroidRuntime(13730): 
D/AndroidRuntime(13730): >>>>>> AndroidRuntime START com.android.internal.os.RuntimeInit <<<<<<
D/AndroidRuntime(13730): CheckJNI is OFF
D/AndroidRuntime(13730): language=-Duser.language=zh region=-Duser.region=CN
D/dalvikvm(13730): boot class : 
D/dalvikvm(13730):   (0) core.jar
D/dalvikvm(13730):   (1) conscrypt.jar
D/dalvikvm(13730):   (2) okhttp.jar
D/dalvikvm(13730):   (3) core-junit.jar
D/dalvikvm(13730):   (4) bouncycastle.jar
D/dalvikvm(13730):   (5) ext.jar
D/dalvikvm(13730):   (6) framework.jar
D/dalvikvm(13730):   (7) framework2.jar
D/dalvikvm(13730):   (8) telephony-common.jar
D/dalvikvm(13730):   (9) voip-common.jar
D/dalvikvm(13730):   (10) mms-common.jar
D/dalvikvm(13730):   (11) android.policy.jar
D/dalvikvm(13730):   (12) services.jar
D/dalvikvm(13730):   (13) apache-xml.jar
D/dalvikvm(13730):   (14) webviewchromium.jar
D/dalvikvm(13730):   (15) mediatek-common.jar
D/dalvikvm(13730):   (16) mediatek-framework.jar
D/dalvikvm(13730):   (17) CustomProperties.jar
D/dalvikvm(13730):   (18) mediatek-telephony-common.jar
D/dalvikvm(13730):   (19) mediatek-tablet.jar
D/dalvikvm(13730):   (20) oppo-framework.jar
D/dalvikvm(13730):   (21) am.jar
D/dalvikvm(13730): threadid=1: interp stack at 0x6d9a0000
D/dalvikvm(13730): dvmJarFileOpen: /system/framework/core.jar
D/dalvikvm(13730): dvmJarFileOpen: /system/framework/conscrypt.jar
D/dalvikvm(13730): dvmJarFileOpen: /system/framework/okhttp.jar
D/dalvikvm(13730): dvmJarFileOpen: /system/framework/core-junit.jar
D/dalvikvm(13730): dvmJarFileOpen: /system/framework/bouncycastle.jar
D/dalvikvm(13730): dvmJarFileOpen: /system/framework/ext.jar
D/ReserveFileInData(13731): Total_size = 12702646272 B = 12404928 KB = 12114 MB = 11 GB
D/ReserveFileInData(13731): Disk_free = 8944 MB = 8 GB
D/ReserveFileInData(13731): Disk_available = 8928 MB = 8 GB
D/ReserveFileInData(13731): availDataSize is 8928
D/dalvikvm(13730): dvmJarFileOpen: /system/framework/framework.jar
D/dalvikvm(13730): dvmJarFileOpen: /system/framework/framework2.jar
D/dalvikvm(13730): dvmJarFileOpen: /system/framework/telephony-common.jar
D/dalvikvm(13730): dvmJarFileOpen: /system/framework/voip-common.jar
D/dalvikvm(13730): dvmJarFileOpen: /system/framework/mms-common.jar
D/dalvikvm(13730): dvmJarFileOpen: /system/framework/android.policy.jar
D/dalvikvm(13730): dvmJarFileOpen: /system/framework/services.jar
D/dalvikvm(13730): dvmJarFileOpen: /system/framework/apache-xml.jar
D/dalvikvm(13730): dvmJarFileOpen: /system/framework/webviewchromium.jar
D/dalvikvm(13730): dvmJarFileOpen: /system/framework/mediatek-common.jar
D/dalvikvm(13730): dvmJarFileOpen: /system/framework/mediatek-framework.jar
D/dalvikvm(13730): dvmJarFileOpen: /system/framework/CustomProperties.jar
D/dalvikvm(13730): dvmJarFileOpen: /system/framework/mediatek-telephony-common.jar
D/dalvikvm(13730): dvmJarFileOpen: /system/framework/mediatek-tablet.jar
D/dalvikvm(13730): dvmJarFileOpen: /system/framework/oppo-framework.jar
D/dalvikvm(13730): open_cached_dex_file : /system/framework/oppo-framework.jar /data/dalvik-cache/system@framework@oppo-framework.jar@classes.dex
D/dalvikvm(13730): process bootclasspath ex!!
D/dalvikvm(13730): dvmJarFileOpen: /system/framework/mediatek-op.jar
D/dalvikvm(13730): open_cached_dex_file : /system/framework/mediatek-op.jar /data/dalvik-cache/system@framework@mediatek-op.jar@classes.dex
D/dalvikvm(13730): Trying to load lib libjavacore.so 0x0
D/dalvikvm(13730): Added shared lib libjavacore.so 0x0
D/dalvikvm(13730): Trying to load lib libnativehelper.so 0x0
D/dalvikvm(13730): Added shared lib libnativehelper.so 0x0
D/dalvikvm(13730): No JNI_OnLoad found in libnativehelper.so 0x0, skipping init
D/dalvikvm(13730): +++ finishing prep on main VM thread
D/dalvikvm(13730): dvmJarFileOpen: /system/framework/am.jar
I/dalvikvm(13730): DexOpt: mismatch dep name: '/data/dalvik-cache/system@framework@oppo-framework.jar@classes.dex' vs. '/system/framework/oppo-framework.odex'
D/dalvikvm(13730): == DexOpt: numDeps = 21
D/dalvikvm(13730): 0 : /system/framework/core.odex /system/framework/core.odex
D/dalvikvm(13730): 1 : /system/framework/conscrypt.odex /system/framework/conscrypt.odex
D/dalvikvm(13730): 2 : /system/framework/okhttp.odex /system/framework/okhttp.odex
D/dalvikvm(13730): 3 : /system/framework/core-junit.odex /system/framework/core-junit.odex
D/dalvikvm(13730): 4 : /system/framework/bouncycastle.odex /system/framework/bouncycastle.odex
D/dalvikvm(13730): 5 : /system/framework/ext.odex /system/framework/ext.odex
D/dalvikvm(13730): 6 : /system/framework/framework.odex /system/framework/framework.odex
D/dalvikvm(13730): 7 : /system/framework/framework2.odex /system/framework/framework2.odex
D/dalvikvm(13730): 8 : /system/framework/telephony-common.odex /system/framework/telephony-common.odex
D/dalvikvm(13730): 9 : /system/framework/voip-common.odex /system/framework/voip-common.odex
D/dalvikvm(13730): 10 : /system/framework/mms-common.odex /system/framework/mms-common.odex
D/dalvikvm(13730): 11 : /system/framework/android.policy.odex /system/framework/android.policy.odex
D/dalvikvm(13730): 12 : /system/framework/services.odex /system/framework/services.odex
D/dalvikvm(13730): 13 : /system/framework/apache-xml.odex /system/framework/apache-xml.odex
D/dalvikvm(13730): 14 : /system/framework/webviewchromium.odex /system/framework/webviewchromium.odex
D/dalvikvm(13730): 15 : /system/framework/mediatek-common.odex /system/framework/mediatek-common.odex
D/dalvikvm(13730): 16 : /system/framework/mediatek-framework.odex /system/framework/mediatek-framework.odex
D/dalvikvm(13730): 17 : /system/framework/CustomProperties.odex /system/framework/CustomProperties.odex
D/dalvikvm(13730): 18 : /system/framework/mediatek-telephony-common.odex /system/framework/mediatek-telephony-common.odex
D/dalvikvm(13730): 19 : /system/framework/mediatek-tablet.odex /system/framework/mediatek-tablet.odex
D/dalvikvm(13730): 20 : /system/framework/oppo-framework.odex /system/framework/oppo-framework.odex
D/dalvikvm(13730): 21 : NULL NULL
E/dalvikvm(13730): /system/framework/am.jar odex has stale dependencies
D/dalvikvm(13730): open_cached_dex_file : /system/framework/am.jar /data/dalvik-cache/system@framework@am.jar@classes.dex
D/dalvikvm(13730): create interp thread : stack size=128KB
D/dalvikvm(13730): create new thread
D/dalvikvm(13730): new thread created
D/dalvikvm(13730): update thread list
D/dalvikvm(13730): threadid=2: interp stack at 0x72ef6000
D/dalvikvm(13730): threadid=2: created from interp
D/dalvikvm(13730): start new thread
D/dalvikvm(13730): threadid=2: notify debugger
D/dalvikvm(13730): threadid=2 (ReferenceQueueDaemon): calling run()
D/dalvikvm(13730): create interp thread : stack size=128KB
D/dalvikvm(13730): create new thread
D/dalvikvm(13730): new thread created
D/dalvikvm(13730): update thread list
D/dalvikvm(13730): threadid=3: interp stack at 0x73016000
D/dalvikvm(13730): threadid=3: created from interp
D/dalvikvm(13730): start new thread
D/dalvikvm(13730): threadid=3: notify debugger
D/dalvikvm(13730): threadid=3 (FinalizerDaemon): calling run()
D/dalvikvm(13730): create interp thread : stack size=128KB
D/dalvikvm(13730): create new thread
D/dalvikvm(13730): new thread created
D/dalvikvm(13730): update thread list
D/dalvikvm(13730): threadid=4: interp stack at 0x73136000
D/dalvikvm(13730): threadid=4: created from interp
D/dalvikvm(13730): start new thread
D/dalvikvm(13730): threadid=4: notify debugger
D/dalvikvm(13730): threadid=4 (FinalizerWatchdogDaemon): calling run()
D/dalvikvm(13730): threadid=5: interp stack at 0x73356000
D/dalvikvm(13730): threadid=6: interp stack at 0x73477000
D/dalvikvm(13730): Elevating priority from 0 to -8
D/jdwp    (13730): prepping for JDWP over ADB
D/dalvikvm(13730): threadid=7: interp stack at 0x7359a000
D/jdwp    (13730): JDWP: thread running
D/jdwp    (13730): trying to receive file descriptor from ADB
D/dalvikvm(13730): threadid=8: interp stack at 0x736bb000
D/ADB_SERVICES( 8271): adb fdevent_process list (15) (12) 
D/ADB_SERVICES( 8271): Adding socket 15 pid 13730 to jdwp process list
D/dalvikvm(13730): Note: class Landroid/app/ActivityManagerNative; has 194 unimplemented (abstract) methods
E/memtrack(13730): Couldn't load memtrack module (No such file or directory)
E/android.os.Debug(13730): failed to load memtrack module: -2
D/AndroidRuntime(13730): Calling main entry com.android.commands.am.Am
D/dalvikvm(13730): threadid=9: interp stack at 0x73b9e000
D/dalvikvm(13730): threadid=10: interp stack at 0x73cbe000
I/Process ( 1909): Sending signal. PID: 8665 SIG: 18
D/AndroidRuntime(13730): Shutting down VM
D/dalvikvm(13730): threadid=1: bye!
D/dalvikvm(13730): DestroyJavaVM waiting for non-daemon threads to exit
D/dalvikvm(13730): threadid=1: interp stack at 0x73cde000
D/dalvikvm(13730): threadid=10: bye!
D/dalvikvm(13730): threadid=9: last non-daemon thread
D/dalvikvm(13730): threadid=9: bye!
D/dalvikvm(13730): DestroyJavaVM shutting VM down
D/dalvikvm(13730): VM shutting down
D/dalvikvm(13730): between the previous GC alloc  738K
D/dalvikvm(13730): GC_CONCURRENT freed 98K (1031), 14% free 639K/740K, paused 0ms+0ms, total 3ms
D/dalvikvm(13730): threadid=5: bye!
D/jdwp    (13730): JDWP shutting down net...
D/jdwp    (13730): +++ writing to wakePipe
E/jdwp    (13730): jdwp::setsockopt(SO_SNDTIMEO)
E/jdwp    (13730): jdwp::setsockopt(SO_RCVTIMEO)
D/jdwp    (13730): JDWP: thread exiting
D/dalvikvm(13730): threadid=7: bye!
D/jdwp    (13730): JDWP freeing netstate...
W/ADB_SERVICES( 8271): terminating JDWP 13730 connection: I/O error
D/ADB_SERVICES( 8271): remove pid 13730 to jdwp process list
I/dalvikvm(13730): threadid=6: ignore signal 3
D/dalvikvm(13730): threadid=6: bye!
D/dalvikvm(13730): 119 compilations using 4096 + 13732 bytes
D/dalvikvm(13730): Compiler arena uses 6 blocks (8100 bytes each)
D/dalvikvm(13730): Compiler work queue length is 0/10
D/dalvikvm(13730): JIT: table size is 4096, entries used is 128
D/dalvikvm(13730): JIT: 128 traces, 4096 slots, 6 chains, 40 thresh, Non-blocking
D/dalvikvm(13730): JIT: 73 Translation chains, 7 interp stubs
D/dalvikvm(13730): dalvik.vm.jit.op = 0-2,7,a,c,e-f,11-14,1c-1e,21,23,28,2c,32-39,44,46,48-49,4b,4d,50,52,54-55,59,62,70-71,8e,90,95-96,b0-b1,b5,b7,d5,d8,da,dd,e0-e2,ee,f0-f2,f4-f6,f8,
D/dalvikvm(13730): Code size stats: 0/590 (compiled/total Dalvik), 0 (native)
D/dalvikvm(13730): Compiler thread shutting down
D/dalvikvm(13730): threadid=8: bye!
D/dalvikvm(13730): Compiler thread has shut down
D/dalvikvm(13730): threadid=1: suspending daemon id=4 name='FinalizerWatchdogDaemon'
D/dalvikvm(13730): threadid=1: suspending daemon id=3 name='FinalizerDaemon'
D/dalvikvm(13730): threadid=1: suspending daemon id=2 name='ReferenceQueueDaemon'
D/WifiStateMachine( 1909): ConnectedState{ when=-2ms what=131155 arg1=11 target=com.android.internal.util.StateMachine$SmHandler target=Handler (com.android.internal.util.StateMachine$SmHandler) {43155f58} }
D/WifiStateMachine( 1909): L2ConnectedState{ when=-2ms what=131155 arg1=11 target=com.android.internal.util.StateMachine$SmHandler target=Handler (com.android.internal.util.StateMachine$SmHandler) {43155f58} }
D/WifiHW  ( 1909): enter -->wifi_send_command cmd=IFNAME=wlan0 SIGNAL_POLL
D/wpa_supplicant( 4185): RX ctrl_iface - hexdump(len=11): 53 49 47 4e 41 4c 5f 50 4f 4c 4c
D/wpa_supplicant( 4185): wlan0: Control interface command 'SIGNAL_POLL'
D/wpa_supplicant( 4185): nl80211: survey data missing!
D/wpa_supplicant( 4185): signal poll, reply_len=48
D/wpa_ctrl( 1909): reply_len=4095
D/WifiHW  ( 1909): leave --> reply=RSSI=-46
D/WifiHW  ( 1909): LINKSPEED=65
D/WifiHW  ( 1909): NOISE=9999
D/WifiHW  ( 1909): FREQUENCY=2412
D/WifiHW  ( 1909): 
D/wifi    ( 1909): doStringCommand, buf IFNAME=wlan0 SIGNAL_POLL
I/WifiStateMachine( 1909): fetchRssiAndLinkSpeedNative, newRssi:-46, newLinkSpeed:65, SSID:"60_dev_01"
D/WifiStateMachine( 1909): mRssiArray[0] = -44
D/WifiStateMachine( 1909): mRssiArray[1] = -44
D/WifiStateMachine( 1909): mRssiArray[2] = -43
D/WifiStateMachine( 1909): mRssiArray[3] = -43
D/WifiStateMachine( 1909): mRssiArray[4] = -46
D/WifiStateMachine( 1909): GetFilterRssi is : -44
D/WifiStateMachine( 1909): mLastSignalLevel:4, newSignalLevel:4
D/WifiStateMachine( 1909): fetchRssiAndLinkSpeedNative, ipAddr:-1711271764
D/dalvikvm(13730): threadid=1: all daemons have suspended
D/dalvikvm(13730): VM cleaning up
D/dalvikvm(13730): LinearAlloc 0x0 used 1387780 of 33554432 (4%)
I/thermal_repeater(  279): oh, queryMdThermalInfo (0)Bad file number
I/thermal_repeater(  279): [recvMdThermalInfo] ret=35, strLen=127,  0, 32767, -127, 28676, 32767, 1680
D/dalvikvm( 4619): create interp thread : stack size=128KB
D/dalvikvm( 4619): create new thread
D/dalvikvm( 4619): new thread created
D/dalvikvm( 4619): update thread list
D/dalvikvm( 4619): threadid=21: interp stack at 0x7c10e000
D/dalvikvm( 4619): threadid=21: created from interp
D/dalvikvm( 4619): start new thread
D/dalvikvm( 4619): threadid=21: notify debugger
D/dalvikvm( 4619): threadid=21 (Thread-356): calling run()
I/KSO_STAT( 4619): App is in background, stop update end time, ready to start a new session.
D/SQLiteDatabase( 4619): beginTransaction()
D/SQLiteDatabase( 4619): endTransaction()
D/dalvikvm( 4619): threadid=21: exiting
D/dalvikvm( 4619): threadid=21: bye!
V/ActivityManager( 1909): Broadcast sticky: Intent { act=android.intent.action.ADDITIONAL_BATTERY_CHANGED flg=0x60000010 (has extras) } ordered=false userid=-1 callerApp=null
V/ActivityManager( 1909): Broadcast sticky: Intent { act=android.intent.action.ADDITIONAL_BATTERY_CHANGED flg=0x60000010 (has extras) } ordered=false userid=-1 callerApp=null
V/ActivityManager( 1909): Broadcast sticky: Intent { act=android.intent.action.ADDITIONAL_BATTERY_CHANGED flg=0x60000010 (has extras) } ordered=false userid=-1 callerApp=null
D/WifiStateMachine( 1909): ConnectedState{ when=-3ms what=131155 arg1=11 target=com.android.internal.util.StateMachine$SmHandler target=Handler (com.android.internal.util.StateMachine$SmHandler) {43155f58} }
D/WifiStateMachine( 1909): L2ConnectedState{ when=-3ms what=131155 arg1=11 target=com.android.internal.util.StateMachine$SmHandler target=Handler (com.android.internal.util.StateMachine$SmHandler) {43155f58} }
D/WifiHW  ( 1909): enter -->wifi_send_command cmd=IFNAME=wlan0 SIGNAL_POLL
D/wpa_supplicant( 4185): RX ctrl_iface - hexdump(len=11): 53 49 47 4e 41 4c 5f 50 4f 4c 4c
D/wpa_supplicant( 4185): wlan0: Control interface command 'SIGNAL_POLL'
D/wpa_supplicant( 4185): nl80211: survey data missing!
D/wpa_supplicant( 4185): signal poll, reply_len=48
D/wpa_ctrl( 1909): reply_len=4095
D/WifiHW  ( 1909): leave --> reply=RSSI=-42
D/WifiHW  ( 1909): LINKSPEED=65
D/WifiHW  ( 1909): NOISE=9999
D/WifiHW  ( 1909): FREQUENCY=2412
D/WifiHW  ( 1909): 
D/wifi    ( 1909): doStringCommand, buf IFNAME=wlan0 SIGNAL_POLL
I/WifiStateMachine( 1909): fetchRssiAndLinkSpeedNative, newRssi:-42, newLinkSpeed:65, SSID:"60_dev_01"
D/WifiStateMachine( 1909): mRssiArray[0] = -46
D/WifiStateMachine( 1909): mRssiArray[1] = -44
D/WifiStateMachine( 1909): mRssiArray[2] = -43
D/WifiStateMachine( 1909): mRssiArray[3] = -43
D/WifiStateMachine( 1909): mRssiArray[4] = -46
D/WifiStateMachine( 1909): GetFilterRssi is : -42
D/WifiStateMachine( 1909): mLastSignalLevel:4, newSignalLevel:4
D/WifiStateMachine( 1909): fetchRssiAndLinkSpeedNative, ipAddr:-1711271764
D/WifiStateMachine( 1909): ConnectedState{ when=-2ms what=131155 arg1=11 target=com.android.internal.util.StateMachine$SmHandler target=Handler (com.android.internal.util.StateMachine$SmHandler) {43155f58} }
D/WifiStateMachine( 1909): L2ConnectedState{ when=-3ms what=131155 arg1=11 target=com.android.internal.util.StateMachine$SmHandler target=Handler (com.android.internal.util.StateMachine$SmHandler) {43155f58} }
D/WifiHW  ( 1909): enter -->wifi_send_command cmd=IFNAME=wlan0 SIGNAL_POLL
D/wpa_supplicant( 4185): RX ctrl_iface - hexdump(len=11): 53 49 47 4e 41 4c 5f 50 4f 4c 4c
D/wpa_supplicant( 4185): wlan0: Control interface command 'SIGNAL_POLL'
D/wpa_supplicant( 4185): nl80211: survey data missing!
D/wpa_supplicant( 4185): signal poll, reply_len=48
D/wpa_ctrl( 1909): reply_len=4095
D/WifiHW  ( 1909): leave --> reply=RSSI=-42
D/WifiHW  ( 1909): LINKSPEED=65
D/WifiHW  ( 1909): NOISE=9999
D/WifiHW  ( 1909): FREQUENCY=2412
D/WifiHW  ( 1909): 
D/wifi    ( 1909): doStringCommand, buf IFNAME=wlan0 SIGNAL_POLL
I/WifiStateMachine( 1909): fetchRssiAndLinkSpeedNative, newRssi:-42, newLinkSpeed:65, SSID:"60_dev_01"
D/WifiStateMachine( 1909): mRssiArray[0] = -46
D/WifiStateMachine( 1909): mRssiArray[1] = -42
D/WifiStateMachine( 1909): mRssiArray[2] = -43
D/WifiStateMachine( 1909): mRssiArray[3] = -43
D/WifiStateMachine( 1909): mRssiArray[4] = -46
D/WifiStateMachine( 1909): GetFilterRssi is : -42
D/WifiStateMachine( 1909): mLastSignalLevel:4, newSignalLevel:4
D/WifiStateMachine( 1909): fetchRssiAndLinkSpeedNative, ipAddr:-1711271764
D/dalvikvm( 4619): create interp thread : stack size=128KB
D/dalvikvm( 4619): create new thread
D/dalvikvm( 4619): new thread created
D/dalvikvm( 4619): update thread list
D/dalvikvm( 4619): threadid=21: interp stack at 0x7c10e000
D/dalvikvm( 4619): threadid=21: created from interp
D/dalvikvm( 4619): start new thread
D/dalvikvm( 4619): threadid=21: notify debugger
D/dalvikvm( 4619): threadid=21 (Thread-357): calling run()
I/KSO_STAT( 4619): App is in background, stop update end time, ready to start a new session.
D/SQLiteDatabase( 4619): beginTransaction()
D/SQLiteDatabase( 4619): endTransaction()
D/dalvikvm( 4619): threadid=21: exiting
D/dalvikvm( 4619): threadid=21: bye!
D/PhoneInterfaceManagerEx( 4362): [PhoneIntfMgrEx] hasIccCard  simId=0
D/PhoneInterfaceManagerEx( 4362): [PhoneIntfMgrEx] hasIccCard  simId=1
D/BatteryService( 1909): mBatteryVoltage=4312, batteryLevel=50
V/ActivityManager( 1909): Broadcast sticky: Intent { act=android.intent.action.ADDITIONAL_BATTERY_CHANGED flg=0x60000010 (has extras) } ordered=false userid=-1 callerApp=null
V/ActivityManager( 1909): Broadcast sticky: Intent { act=android.intent.action.BATTERY_CHANGED flg=0x60000010 (has extras) } ordered=false userid=-1 callerApp=null
D/PowerSaveService( 4675): PowerSaveReceiver EXTRA_STATUS: status = 2, lastCharging = true
D/HeadsetStateMachine( 6839): Disconnected process message: 10
V/ActivityManager( 1909): Broadcast sticky: Intent { act=android.intent.action.ADDITIONAL_BATTERY_CHANGED flg=0x60000010 (has extras) } ordered=false userid=-1 callerApp=null
D/WifiService( 1909): onReceive, action:android.intent.action.BATTERY_CHANGED
V/ActivityManager( 1909): Broadcast sticky: Intent { act=android.intent.action.ADDITIONAL_BATTERY_CHANGED flg=0x60000010 (has extras) } ordered=false userid=-1 callerApp=null
D/UsbDeviceManager( 1909): onReceive - BATTERY_CHANGED - mPlugType: 2, mSettingUsbCharging: false, mConnected: true, mSettingUsbBicr: false
D/WifiController( 1909): DeviceActiveState{ when=0 what=155652 arg1=2 target=com.android.internal.util.StateMachine$SmHandler target=Handler (com.android.internal.util.StateMachine$SmHandler) {43167268} }
D/WifiController( 1909): StaEnabledState{ when=0 what=155652 arg1=2 target=com.android.internal.util.StateMachine$SmHandler target=Handler (com.android.internal.util.StateMachine$SmHandler) {43167268} }
D/WifiController( 1909): DefaultState{ when=-1ms what=155652 arg1=2 target=com.android.internal.util.StateMachine$SmHandler target=Handler (com.android.internal.util.StateMachine$SmHandler) {43167268} }
D/WifiController( 1909): battery changed pluggedType: 2
D/WifiStateMachine( 1909): ConnectedState{ when=-3ms what=131155 arg1=11 target=com.android.internal.util.StateMachine$SmHandler target=Handler (com.android.internal.util.StateMachine$SmHandler) {43155f58} }
D/WifiStateMachine( 1909): L2ConnectedState{ when=-3ms what=131155 arg1=11 target=com.android.internal.util.StateMachine$SmHandler target=Handler (com.android.internal.util.StateMachine$SmHandler) {43155f58} }
D/WifiHW  ( 1909): enter -->wifi_send_command cmd=IFNAME=wlan0 SIGNAL_POLL
D/wpa_supplicant( 4185): RX ctrl_iface - hexdump(len=11): 53 49 47 4e 41 4c 5f 50 4f 4c 4c
D/wpa_supplicant( 4185): wlan0: Control interface command 'SIGNAL_POLL'
D/wpa_supplicant( 4185): nl80211: survey data missing!
D/wpa_supplicant( 4185): signal poll, reply_len=48
D/wpa_ctrl( 1909): reply_len=4095
D/WifiHW  ( 1909): leave --> reply=RSSI=-42
D/WifiHW  ( 1909): LINKSPEED=65
D/WifiHW  ( 1909): NOISE=9999
D/WifiHW  ( 1909): FREQUENCY=2412
D/WifiHW  ( 1909): 
D/wifi    ( 1909): doStringCommand, buf IFNAME=wlan0 SIGNAL_POLL
I/WifiStateMachine( 1909): fetchRssiAndLinkSpeedNative, newRssi:-42, newLinkSpeed:65, SSID:"60_dev_01"
D/WifiStateMachine( 1909): mRssiArray[0] = -46
D/WifiStateMachine( 1909): mRssiArray[1] = -42
D/WifiStateMachine( 1909): mRssiArray[2] = -42
D/WifiStateMachine( 1909): mRssiArray[3] = -43
D/WifiStateMachine( 1909): mRssiArray[4] = -46
D/WifiStateMachine( 1909): GetFilterRssi is : -42
D/WifiStateMachine( 1909): mLastSignalLevel:4, newSignalLevel:4
D/WifiStateMachine( 1909): fetchRssiAndLinkSpeedNative, ipAddr:-1711271764
D/dalvikvm( 5580): create interp thread : stack size=128KB
D/dalvikvm( 5580): create new thread
D/dalvikvm( 5580): new thread created
D/dalvikvm( 5580): update thread list
D/dalvikvm( 5580): threadid=24: interp stack at 0x79065000
D/dalvikvm( 5580): threadid=24: created from interp
D/dalvikvm( 5580): start new thread
D/dalvikvm( 5580): threadid=24: notify debugger
D/dalvikvm( 5580): threadid=24 (CTPl-1-Td-44): calling run()
D/dalvikvm( 4619): create interp thread : stack size=128KB
D/dalvikvm( 4619): create new thread
D/dalvikvm( 4619): new thread created
D/dalvikvm( 4619): update thread list
D/dalvikvm( 4619): threadid=21: interp stack at 0x7c10e000
D/dalvikvm( 4619): threadid=21: created from interp
D/dalvikvm( 4619): start new thread
D/dalvikvm( 4619): threadid=21: notify debugger
D/dalvikvm( 4619): threadid=21 (Thread-358): calling run()
I/KSO_STAT( 4619): App is in background, stop update end time, ready to start a new session.
D/SQLiteDatabase( 4619): beginTransaction()
D/SQLiteDatabase( 4619): endTransaction()
D/dalvikvm( 4619): threadid=21: exiting
D/dalvikvm( 4619): threadid=21: bye!
D/WifiStateMachine( 1909): ConnectedState{ when=0 what=131155 arg1=11 target=com.android.internal.util.StateMachine$SmHandler target=Handler (com.android.internal.util.StateMachine$SmHandler) {43155f58} }
D/WifiStateMachine( 1909): L2ConnectedState{ when=-1ms what=131155 arg1=11 target=com.android.internal.util.StateMachine$SmHandler target=Handler (com.android.internal.util.StateMachine$SmHandler) {43155f58} }
D/WifiHW  ( 1909): enter -->wifi_send_command cmd=IFNAME=wlan0 SIGNAL_POLL
D/wpa_supplicant( 4185): RX ctrl_iface - hexdump(len=11): 53 49 47 4e 41 4c 5f 50 4f 4c 4c
D/wpa_supplicant( 4185): wlan0: Control interface command 'SIGNAL_POLL'
D/wpa_supplicant( 4185): nl80211: survey data missing!
D/wpa_supplicant( 4185): signal poll, reply_len=48
D/wpa_ctrl( 1909): reply_len=4095
D/WifiHW  ( 1909): leave --> reply=RSSI=-42
D/WifiHW  ( 1909): LINKSPEED=65
D/WifiHW  ( 1909): NOISE=9999
D/WifiHW  ( 1909): FREQUENCY=2412
D/WifiHW  ( 1909): 
D/wifi    ( 1909): doStringCommand, buf IFNAME=wlan0 SIGNAL_POLL
I/WifiStateMachine( 1909): fetchRssiAndLinkSpeedNative, newRssi:-42, newLinkSpeed:65, SSID:"60_dev_01"
D/WifiStateMachine( 1909): mRssiArray[0] = -46
D/WifiStateMachine( 1909): mRssiArray[1] = -42
D/WifiStateMachine( 1909): mRssiArray[2] = -42
D/WifiStateMachine( 1909): mRssiArray[3] = -42
D/WifiStateMachine( 1909): mRssiArray[4] = -46
D/WifiStateMachine( 1909): GetFilterRssi is : -42
D/WifiStateMachine( 1909): mLastSignalLevel:4, newSignalLevel:4
D/WifiStateMachine( 1909): fetchRssiAndLinkSpeedNative, ipAddr:-1711271764
D/dalvikvm( 5580): threadid=24: exiting
D/dalvikvm( 5580): threadid=24: bye!
D/BatteryService( 1909): mBatteryVoltage=4313, batteryLevel=50
V/ActivityManager( 1909): Broadcast sticky: Intent { act=android.intent.action.ADDITIONAL_BATTERY_CHANGED flg=0x60000010 (has extras) } ordered=false userid=-1 callerApp=null
V/ActivityManager( 1909): Broadcast sticky: Intent { act=android.intent.action.BATTERY_CHANGED flg=0x60000010 (has extras) } ordered=false userid=-1 callerApp=null
D/PowerSaveService( 4675): PowerSaveReceiver EXTRA_STATUS: status = 2, lastCharging = true
D/HeadsetStateMachine( 6839): Disconnected process message: 10
V/ActivityManager( 1909): Broadcast sticky: Intent { act=android.intent.action.ADDITIONAL_BATTERY_CHANGED flg=0x60000010 (has extras) } ordered=false userid=-1 callerApp=null
D/WifiService( 1909): onReceive, action:android.intent.action.BATTERY_CHANGED
V/ActivityManager( 1909): Broadcast sticky: Intent { act=android.intent.action.ADDITIONAL_BATTERY_CHANGED flg=0x60000010 (has extras) } ordered=false userid=-1 callerApp=null
D/WifiController( 1909): DeviceActiveState{ when=0 what=155652 arg1=2 target=com.android.internal.util.StateMachine$SmHandler target=Handler (com.android.internal.util.StateMachine$SmHandler) {43167268} }
D/WifiController( 1909): StaEnabledState{ when=0 what=155652 arg1=2 target=com.android.internal.util.StateMachine$SmHandler target=Handler (com.android.internal.util.StateMachine$SmHandler) {43167268} }
D/WifiController( 1909): DefaultState{ when=0 what=155652 arg1=2 target=com.android.internal.util.StateMachine$SmHandler target=Handler (com.android.internal.util.StateMachine$SmHandler) {43167268} }
D/WifiController( 1909): battery changed pluggedType: 2
D/UsbDeviceManager( 1909): onReceive - BATTERY_CHANGED - mPlugType: 2, mSettingUsbCharging: false, mConnected: true, mSettingUsbBicr: false
V/Provider/Settings( 1909): get setting for user 0 by user 0 so skipping cache
V/Provider/Settings( 1909):  from settings cache , name = sys_free_storage_log_interval , value = null
V/Provider/Settings( 1909): get setting for user 0 by user 0 so skipping cache
V/Provider/Settings( 1909):  from settings cache , name = disk_free_change_reporting_threshold , value = null
I/ANRManager( 1909): updateProcessStats
D/AES     ( 1909): AEEIOCTL_RT_MON_Kick IOCTL,lParam=0. 
D/WifiStateMachine( 1909): ConnectedState{ when=-3ms what=131155 arg1=11 target=com.android.internal.util.StateMachine$SmHandler target=Handler (com.android.internal.util.StateMachine$SmHandler) {43155f58} }
D/WifiStateMachine( 1909): L2ConnectedState{ when=-3ms what=131155 arg1=11 target=com.android.internal.util.StateMachine$SmHandler target=Handler (com.android.internal.util.StateMachine$SmHandler) {43155f58} }
D/WifiHW  ( 1909): enter -->wifi_send_command cmd=IFNAME=wlan0 SIGNAL_POLL
D/wpa_supplicant( 4185): RX ctrl_iface - hexdump(len=11): 53 49 47 4e 41 4c 5f 50 4f 4c 4c
D/wpa_supplicant( 4185): wlan0: Control interface command 'SIGNAL_POLL'
D/wpa_supplicant( 4185): nl80211: survey data missing!
D/wpa_supplicant( 4185): signal poll, reply_len=48
D/wpa_ctrl( 1909): reply_len=4095
D/WifiHW  ( 1909): leave --> reply=RSSI=-43
D/WifiHW  ( 1909): LINKSPEED=65
D/WifiHW  ( 1909): NOISE=9999
D/WifiHW  ( 1909): FREQUENCY=2412
D/WifiHW  ( 1909): 
D/wifi    ( 1909): doStringCommand, buf IFNAME=wlan0 SIGNAL_POLL
I/WifiStateMachine( 1909): fetchRssiAndLinkSpeedNative, newRssi:-43, newLinkSpeed:65, SSID:"60_dev_01"
D/WifiStateMachine( 1909): mRssiArray[0] = -46
D/WifiStateMachine( 1909): mRssiArray[1] = -42
D/WifiStateMachine( 1909): mRssiArray[2] = -42
D/WifiStateMachine( 1909): mRssiArray[3] = -42
D/WifiStateMachine( 1909): mRssiArray[4] = -42
D/WifiStateMachine( 1909): GetFilterRssi is : -42
D/WifiStateMachine( 1909): mLastSignalLevel:4, newSignalLevel:4
D/WifiStateMachine( 1909): fetchRssiAndLinkSpeedNative, ipAddr:-1711271764
I/KSO_STAT( 4619): Try to upload data
I/KSO_STAT( 4619): Do not upload data. The latest upload time is less than 8 hours.
D/dalvikvm( 4619): create interp thread : stack size=128KB
D/dalvikvm( 4619): create new thread
D/dalvikvm( 4619): new thread created
D/dalvikvm( 4619): update thread list
D/dalvikvm( 4619): threadid=21: interp stack at 0x7c10e000
D/dalvikvm( 4619): threadid=21: created from interp
D/dalvikvm( 4619): start new thread
D/dalvikvm( 4619): threadid=21: notify debugger
D/dalvikvm( 4619): threadid=21 (Thread-359): calling run()
I/KSO_STAT( 4619): App is in background, stop update end time, ready to start a new session.
D/SQLiteDatabase( 4619): beginTransaction()
D/SQLiteDatabase( 4619): endTransaction()
D/dalvikvm( 4619): threadid=21: exiting
D/dalvikvm( 4619): threadid=21: bye!
D/dalvikvm( 4536): create interp thread : stack size=128KB
D/dalvikvm( 4536): create new thread
D/dalvikvm( 4536): new thread created
D/dalvikvm( 4536): update thread list
D/dalvikvm( 4536): threadid=57: interp stack at 0x7abfd000
D/dalvikvm( 4536): threadid=57: created from interp
D/dalvikvm( 4536): start new thread
D/dalvikvm( 4536): create interp thread : stack size=128KB
D/dalvikvm( 4536): create new thread
D/dalvikvm( 4536): new thread created
D/dalvikvm( 4536): update thread list
D/dalvikvm( 4536): threadid=57: notify debugger
D/dalvikvm( 4536): threadid=57 (CTPl-1-Td-79): calling run()
D/dalvikvm( 4536): threadid=58: interp stack at 0x7bc29000
D/dalvikvm( 4536): threadid=58: created from interp
D/dalvikvm( 4536): start new thread
D/dalvikvm( 4536): threadid=58: notify debugger
D/dalvikvm( 4536): threadid=58 (CTPl-1-Td-80): calling run()
D/dalvikvm( 4536): create interp thread : stack size=128KB
D/dalvikvm( 4536): create new thread
D/dalvikvm( 4536): new thread created
D/dalvikvm( 4536): update thread list
D/dalvikvm( 4536): threadid=61: interp stack at 0x7bc8d000
D/dalvikvm( 4536): threadid=61: created from interp
D/dalvikvm( 4536): start new thread
D/dalvikvm( 4536): threadid=61: notify debugger
D/dalvikvm( 4536): threadid=61 (CTPl-1-Td-81): calling run()
D/dalvikvm( 4536): create interp thread : stack size=128KB
D/dalvikvm( 4536): create new thread
D/dalvikvm( 4536): new thread created
D/dalvikvm( 4536): update thread list
D/dalvikvm( 4536): threadid=66: interp stack at 0x7bcad000
D/dalvikvm( 4536): threadid=66: created from interp
D/dalvikvm( 4536): start new thread
D/dalvikvm( 4536): threadid=66: notify debugger
D/dalvikvm( 4536): threadid=66 (CTPl-1-Td-82): calling run()
D/dalvikvm( 4536): create interp thread : stack size=128KB
D/dalvikvm( 4536): create new thread
D/dalvikvm( 4536): new thread created
D/dalvikvm( 4536): update thread list
D/dalvikvm( 4536): threadid=68: interp stack at 0x7bccd000
D/dalvikvm( 4536): threadid=68: created from interp
D/dalvikvm( 4536): start new thread
D/dalvikvm( 4536): threadid=68: notify debugger
D/dalvikvm( 4536): threadid=68 (CTPl-1-Td-83): calling run()
V/ActivityManager( 1909): Broadcast sticky: Intent { act=android.intent.action.ADDITIONAL_BATTERY_CHANGED flg=0x60000010 (has extras) } ordered=false userid=-1 callerApp=null
V/ActivityManager( 1909): Broadcast sticky: Intent { act=android.intent.action.ADDITIONAL_BATTERY_CHANGED flg=0x60000010 (has extras) } ordered=false userid=-1 callerApp=null
V/ActivityManager( 1909): Broadcast sticky: Intent { act=android.intent.action.ADDITIONAL_BATTERY_CHANGED flg=0x60000010 (has extras) } ordered=false userid=-1 callerApp=null
D/dalvikvm( 4536): create interp thread : stack size=128KB
D/dalvikvm( 4536): create new thread
D/dalvikvm( 4536): new thread created
D/dalvikvm( 4536): update thread list
D/dalvikvm( 4536): threadid=69: interp stack at 0x7bdc1000
D/dalvikvm( 4536): threadid=69: created from interp
D/dalvikvm( 4536): start new thread
D/dalvikvm( 4536): threadid=69: notify debugger
D/dalvikvm( 4536): threadid=69 (CTPl-1-Td-84): calling run()
D/dalvikvm( 4536): create interp thread : stack size=128KB
D/dalvikvm( 4536): create new thread
D/dalvikvm( 4536): new thread created
D/dalvikvm( 4536): update thread list
D/dalvikvm( 4536): threadid=70: interp stack at 0x7c40a000
D/dalvikvm( 4536): threadid=70: created from interp
D/dalvikvm( 4536): start new thread
D/dalvikvm( 4536): threadid=70: notify debugger
D/dalvikvm( 4536): threadid=70 (CTPl-1-Td-85): calling run()
D/WifiStateMachine( 1909): ConnectedState{ when=-3ms what=131155 arg1=11 target=com.android.internal.util.StateMachine$SmHandler target=Handler (com.android.internal.util.StateMachine$SmHandler) {43155f58} }
D/WifiStateMachine( 1909): L2ConnectedState{ when=-4ms what=131155 arg1=11 target=com.android.internal.util.StateMachine$SmHandler target=Handler (com.android.internal.util.StateMachine$SmHandler) {43155f58} }
D/WifiHW  ( 1909): enter -->wifi_send_command cmd=IFNAME=wlan0 SIGNAL_POLL
D/wpa_supplicant( 4185): RX ctrl_iface - hexdump(len=11): 53 49 47 4e 41 4c 5f 50 4f 4c 4c
D/wpa_supplicant( 4185): wlan0: Control interface command 'SIGNAL_POLL'
D/wpa_supplicant( 4185): nl80211: survey data missing!
D/wpa_supplicant( 4185): signal poll, reply_len=48
D/wpa_ctrl( 1909): reply_len=4095
D/WifiHW  ( 1909): leave --> reply=RSSI=-43
D/WifiHW  ( 1909): LINKSPEED=65
D/WifiHW  ( 1909): NOISE=9999
D/WifiHW  ( 1909): FREQUENCY=2412
D/WifiHW  ( 1909): 
D/wifi    ( 1909): doStringCommand, buf IFNAME=wlan0 SIGNAL_POLL
I/WifiStateMachine( 1909): fetchRssiAndLinkSpeedNative, newRssi:-43, newLinkSpeed:65, SSID:"60_dev_01"
D/WifiStateMachine( 1909): mRssiArray[0] = -43
D/WifiStateMachine( 1909): mRssiArray[1] = -42
D/WifiStateMachine( 1909): mRssiArray[2] = -42
D/WifiStateMachine( 1909): mRssiArray[3] = -42
D/WifiStateMachine( 1909): mRssiArray[4] = -42
D/WifiStateMachine( 1909): GetFilterRssi is : -42
D/WifiStateMachine( 1909): mLastSignalLevel:4, newSignalLevel:4
D/WifiStateMachine( 1909): fetchRssiAndLinkSpeedNative, ipAddr:-1711271764
D/PhoneInterfaceManagerEx( 4362): [PhoneIntfMgrEx] hasIccCard  simId=0
D/PhoneInterfaceManagerEx( 4362): [PhoneIntfMgrEx] hasIccCard  simId=1
D/PermissionHistoryHelper( 1909): getInteractionTime() userId: 0 timeBound(ns): 20000
D/PermissionHistoryHelper( 1909): getInteractionTime() currentTime: 1285496 searchTime: 1265496
D/MobileManagerService( 1909): getUserConfirmTime() at User(0) timeBound: 20000 totalTime: 0
D/ANRManager( 1909): getUserConfirmTime() userId: 0 anrTime: 20000 extendTime: 0
W/ActivityManager( 1909): Timeout executing service: ServiceRecord{438216b0 u0 io.dcloud.HBuilder/io.dcloud.feature.apsGt.GTNormalPushService}
D/OppoProcessManager( 1909): service is suspend, kill it in background!
D/ActivityManager( 1909): cleanUpApplicationRecordLocked app:ProcessRecord{4384f018 11880:io.dcloud.HBuilder:pushservice/u0a244}, restarting:false, allowRestart:true, index:-1
D/DisplayManagerService( 1909): Display listener for pid 11880 died.
D/GpsLocationProvider( 1909): GPS status listener died
D/WifiService( 1909): Client connection lost with reason: 4
D/ActivityManager( 1909): cleanUpApplicationRecordLocked from:com.android.server.am.ActivityManagerService.handleAppDiedLocked:4277 com.android.server.am.ActivityManagerService.appDiedLocked:4501 com.android.server.am.ActivityManagerService$AppDeathRecipient.binderDied:1118 android.os.BinderProxy.sendDeathNotice:496 
D/OppoProcessManager( 1909): ProcessRecord{4384f018 11880:io.dcloud.HBuilder:pushservice/u0a244} died but not restart......
D/ADB_SERVICES( 8271): adb fdevent_process list (15) (27) 
W/ADB_SERVICES( 8271): terminating JDWP 11880 connection: I/O error
D/ADB_SERVICES( 8271): remove pid 11880 to jdwp process list
D/dalvikvm( 4536): threadid=58: exiting
D/dalvikvm( 4536): threadid=58: bye!
D/dalvikvm( 4536): threadid=69: exiting
D/dalvikvm( 4536): threadid=69: bye!
D/dalvikvm( 4536): threadid=66: exiting
D/dalvikvm( 4536): threadid=66: bye!
D/dalvikvm( 4536): threadid=61: exiting
D/dalvikvm( 4536): threadid=61: bye!
D/dalvikvm( 4536): threadid=68: exiting
D/dalvikvm( 4536): threadid=68: bye!
D/dalvikvm( 4536): threadid=57: exiting
D/dalvikvm( 4536): threadid=57: bye!
D/dalvikvm( 4536): threadid=70: exiting
D/dalvikvm( 4536): threadid=70: bye!
D/dalvikvm( 4619): create interp thread : stack size=128KB
D/dalvikvm( 4619): create new thread
D/dalvikvm( 4619): new thread created
D/dalvikvm( 4619): update thread list
D/dalvikvm( 4619): threadid=21: interp stack at 0x7c10e000
D/dalvikvm( 4619): threadid=21: created from interp
D/dalvikvm( 4619): start new thread
D/dalvikvm( 4619): threadid=21: notify debugger
D/dalvikvm( 4619): threadid=21 (Thread-360): calling run()
I/KSO_STAT( 4619): App is in background, stop update end time, ready to start a new session.
D/SQLiteDatabase( 4619): beginTransaction()
D/SQLiteDatabase( 4619): endTransaction()
D/dalvikvm( 4619): threadid=21: exiting
D/dalvikvm( 4619): threadid=21: bye!
D/WifiStateMachine( 1909): ConnectedState{ when=-1ms what=131155 arg1=11 target=com.android.internal.util.StateMachine$SmHandler target=Handler (com.android.internal.util.StateMachine$SmHandler) {43155f58} }
D/WifiStateMachine( 1909): L2ConnectedState{ when=-2ms what=131155 arg1=11 target=com.android.internal.util.StateMachine$SmHandler target=Handler (com.android.internal.util.StateMachine$SmHandler) {43155f58} }
D/WifiHW  ( 1909): enter -->wifi_send_command cmd=IFNAME=wlan0 SIGNAL_POLL
D/wpa_supplicant( 4185): RX ctrl_iface - hexdump(len=11): 53 49 47 4e 41 4c 5f 50 4f 4c 4c
D/wpa_supplicant( 4185): wlan0: Control interface command 'SIGNAL_POLL'
D/wpa_supplicant( 4185): nl80211: survey data missing!
D/wpa_supplicant( 4185): signal poll, reply_len=48
D/wpa_ctrl( 1909): reply_len=4095
D/WifiHW  ( 1909): leave --> reply=RSSI=-43
D/WifiHW  ( 1909): LINKSPEED=65
D/WifiHW  ( 1909): NOISE=9999
D/WifiHW  ( 1909): FREQUENCY=2412
D/WifiHW  ( 1909): 
D/wifi    ( 1909): doStringCommand, buf IFNAME=wlan0 SIGNAL_POLL
I/WifiStateMachine( 1909): fetchRssiAndLinkSpeedNative, newRssi:-43, newLinkSpeed:65, SSID:"60_dev_01"
D/WifiStateMachine( 1909): mRssiArray[0] = -43
D/WifiStateMachine( 1909): mRssiArray[1] = -43
D/WifiStateMachine( 1909): mRssiArray[2] = -42
D/WifiStateMachine( 1909): mRssiArray[3] = -42
D/WifiStateMachine( 1909): mRssiArray[4] = -42
D/WifiStateMachine( 1909): GetFilterRssi is : -42
D/WifiStateMachine( 1909): mLastSignalLevel:4, newSignalLevel:4
D/WifiStateMachine( 1909): fetchRssiAndLinkSpeedNative, ipAddr:-1711271764
V/AlarmManager( 1909): Checking for alarms... rtc=1513760879999, elapsed=1288387
V/AlarmManager( 1909): sending alarm Alarm{435eb3f0 type 3 android}
V/ActivityManager( 1909): Broadcast: Intent { act=android.intent.action.TIME_TICK flg=0x50000094 (has extras) } ordered=true userid=-1 callerApp=null
D/ActivityThread( 1909): BDC-Calling onReceive: intent=Intent { act=android.intent.action.TIME_TICK flg=0x50000094 (has extras) }, ordered=true, receiver=com.android.server.AlarmManagerService$ClockReceiver@429d07e0, IIntentReceiver=429a62f8
V/AlarmManager( 1909): Received TIME_TICK alarm; rescheduling
V/AlarmManager( 1909): isAlarmNeedAlign : charging
V/AlarmManager( 1909): set(PendingIntent{428134f0: PendingIntentRecord{429e3e40 android broadcastIntent}}) : type=3 triggerAtTime=1348387 win=0 tElapsed=1348387 maxElapsed=1348387 interval=0 standalone=true
D/ActivityThread( 1909): BDC-Calling finishReceiver: IIntentReceiver=429a62f8
D/ActivityThread( 4469): BDC-Calling onReceive: intent=Intent { act=android.intent.action.TIME_TICK flg=0x50000094 (has extras) }, ordered=true, receiver=com.oppo.widget.smallweather.NormalWidgetUtil$1@429159c0, IIntentReceiver=428c7f98
V/Provider/Settings( 4469): get setting for user 0 by user 0 so skipping cache
V/Provider/Settings( 4469):  from settings cache , name = time_12_24 , value = 24
D/BatteryService( 1909): mBatteryVoltage=4312, batteryLevel=50
V/ActivityManager( 1909): Broadcast sticky: Intent { act=android.intent.action.ADDITIONAL_BATTERY_CHANGED flg=0x60000010 (has extras) } ordered=false userid=-1 callerApp=null
V/ActivityManager( 1909): Broadcast sticky: Intent { act=android.intent.action.BATTERY_CHANGED flg=0x60000010 (has extras) } ordered=false userid=-1 callerApp=null
V/Provider/Settings( 4469): get setting for user 0 by user 0 so skipping cache
V/Provider/Settings( 4469):  from settings cache , name = date_format , value = 
D/ActivityThread( 4469): BDC-Calling finishReceiver: IIntentReceiver=428c7f98
D/PowerSaveService( 4675): PowerSaveReceiver EXTRA_STATUS: status = 2, lastCharging = true
D/HeadsetStateMachine( 6839): Disconnected process message: 10
V/ActivityManager( 1909): Broadcast sticky: Intent { act=android.intent.action.ADDITIONAL_BATTERY_CHANGED flg=0x60000010 (has extras) } ordered=false userid=-1 callerApp=null
V/ActivityManager( 1909): Broadcast sticky: Intent { act=android.intent.action.ADDITIONAL_BATTERY_CHANGED flg=0x60000010 (has extras) } ordered=false userid=-1 callerApp=null
D/WifiService( 1909): onReceive, action:android.intent.action.BATTERY_CHANGED
D/UsbDeviceManager( 1909): onReceive - BATTERY_CHANGED - mPlugType: 2, mSettingUsbCharging: false, mConnected: true, mSettingUsbBicr: false
D/WifiController( 1909): DeviceActiveState{ when=-4ms what=155652 arg1=2 target=com.android.internal.util.StateMachine$SmHandler target=Handler (com.android.internal.util.StateMachine$SmHandler) {43167268} }
D/WifiController( 1909): StaEnabledState{ when=-4ms what=155652 arg1=2 target=com.android.internal.util.StateMachine$SmHandler target=Handler (com.android.internal.util.StateMachine$SmHandler) {43167268} }
D/WifiController( 1909): DefaultState{ when=-4ms what=155652 arg1=2 target=com.android.internal.util.StateMachine$SmHandler target=Handler (com.android.internal.util.StateMachine$SmHandler) {43167268} }
D/WifiController( 1909): battery changed pluggedType: 2
D/ActivityThread( 7434): BDC-Calling onReceive: intent=Intent { act=android.intent.action.TIME_TICK flg=0x50000094 (has extras) }, ordered=true, receiver=com.oppo.activation.ActivationService$ServiceBroadcastReceiver@42700d20, IIntentReceiver=42700d68
D/PhoneInterfaceManager( 4362): getSimState simId = 0prop = ABSENT
D/PhoneInterfaceManager( 4362): getSimState simId = 1prop = ABSENT
D/ActivityThread( 7434): BDC-Calling finishReceiver: IIntentReceiver=42700d68
D/ActivityThread( 7467): BDC-Calling onReceive: intent=Intent { act=android.intent.action.TIME_TICK flg=0x50000094 (has extras) }, ordered=true, receiver=com.tencent.tbs.common.baseinfo.TBSBroadcastReceiver$c@42aab7a8, IIntentReceiver=427150e8
D/ActivityThread( 7467): BDC-Calling finishReceiver: IIntentReceiver=427150e8
I/Process ( 1909): Sending signal. PID: 12086 SIG: 18
D/ActivityThread(12086): BDC-Calling onReceive: intent=Intent { act=android.intent.action.TIME_TICK flg=0x50000094 (has extras) }, ordered=true, receiver=dei$1@42793f60, IIntentReceiver=427944f0
D/ActivityManager( 1909): getContentProviderImpl: from caller=android.app.ApplicationThreadProxy@438b8fe0 (pid=12086, userId=0) to get content provider cn.wps.moffice_eng.preferences cpr=ContentProviderRecord{43917df8 u0 cn.wps.moffice_eng/cn.wps.moffice.persistence.AppDataProvider}
D/ActivityManager( 1909): getContentProviderImpl: updateLruProcessLocked cpr.proc=ProcessRecord{433de0b0 8695:cn.wps.moffice_eng/u0a86}
