V/ActivityManager( 1909): Broadcast sticky: Intent { act=android.intent.action.BATTERY_CHANGED flg=0x60000010 (has extras) } ordered=false userid=-1 callerApp=null
V/ActivityManager( 1909): Broadcast sticky: Intent { act=android.intent.action.ADDITIONAL_BATTERY_CHANGED flg=0x60000010 (has extras) } ordered=false userid=-1 callerApp=null
V/ActivityManager( 1909): Broadcast sticky: Intent { act=android.intent.action.ADDITIONAL_BATTERY_CHANGED flg=0x60000010 (has extras) } ordered=false userid=-1 callerApp=null
D/WifiService( 1909): onReceive, action:android.intent.action.BATTERY_CHANGED
D/UsbDeviceManager( 1909): onReceive - BATTERY_CHANGED - mPlugType: 2, mSettingUsbCharging: false, mConnected: true, mSettingUsbBicr: false
D/WifiController( 1909): DeviceActiveState{ when=-1ms what=155652 arg1=2 target=com.android.internal.util.StateMachine$SmHandler target=Handler (com.android.internal.util.StateMachine$SmHandler) {43167268} }
D/WifiController( 1909): StaEnabledState{ when=-1ms what=155652 arg1=2 target=com.android.internal.util.StateMachine$SmHandler target=Handler (com.android.internal.util.StateMachine$SmHandler) {43167268} }
D/WifiController( 1909): DefaultState{ when=-1ms what=155652 arg1=2 target=com.android.internal.util.StateMachine$SmHandler target=Handler (com.android.internal.util.StateMachine$SmHandler) {43167268} }
D/WifiController( 1909): battery changed pluggedType: 2
V/ActivityManager( 1909): Broadcast sticky: Intent { act=android.intent.action.ADDITIONAL_BATTERY_CHANGED flg=0x60000010 (has extras) } ordered=false userid=-1 callerApp=null
V/ActivityManager( 1909): Broadcast sticky: Intent { act=android.intent.action.BATTERY_CHANGED flg=0x60000010 (has extras) } ordered=false userid=-1 callerApp=null
V/ActivityManager( 1909): Broadcast sticky: Intent { act=android.intent.action.ADDITIONAL_BATTERY_CHANGED flg=0x60000010 (has extras) } ordered=false userid=-1 callerApp=null
D/WifiService( 1909): onReceive, action:android.intent.action.BATTERY_CHANGED
V/ActivityManager( 1909): Broadcast sticky: Intent { act=android.intent.action.ADDITIONAL_BATTERY_CHANGED flg=0x60000010 (has extras) } ordered=false userid=-1 callerApp=null
D/UsbDeviceManager( 1909): onReceive - BATTERY_CHANGED - mPlugType: 2, mSettingUsbCharging: false, mConnected: true, mSettingUsbBicr: false
D/WifiController( 1909): DeviceActiveState{ when=-1ms what=155652 arg1=2 target=com.android.internal.util.StateMachine$SmHandler target=Handler (com.android.internal.util.StateMachine$SmHandler) {43167268} }
D/WifiController( 1909): StaEnabledState{ when=-1ms what=155652 arg1=2 target=com.android.internal.util.StateMachine$SmHandler target=Handler (com.android.internal.util.StateMachine$SmHandler) {43167268} }
D/WifiController( 1909): DefaultState{ when=-1ms what=155652 arg1=2 target=com.android.internal.util.StateMachine$SmHandler target=Handler (com.android.internal.util.StateMachine$SmHandler) {43167268} }
D/WifiController( 1909): battery changed pluggedType: 2
I/FrameworkListener(  243): onDataAvailable get 33 bytes 
V/ActivityManager( 1909): Broadcast sticky: Intent { act=android.intent.action.ADDITIONAL_BATTERY_CHANGED flg=0x60000010 (has extras) } ordered=false userid=-1 callerApp=null
V/ActivityManager( 1909): Broadcast sticky: Intent { act=android.intent.action.BATTERY_CHANGED flg=0x60000010 (has extras) } ordered=false userid=-1 callerApp=null
V/ActivityManager( 1909): Broadcast sticky: Intent { act=android.intent.action.ADDITIONAL_BATTERY_CHANGED flg=0x60000010 (has extras) } ordered=false userid=-1 callerApp=null
D/WifiService( 1909): onReceive, action:android.intent.action.BATTERY_CHANGED
V/ActivityManager( 1909): Broadcast sticky: Intent { act=android.intent.action.ADDITIONAL_BATTERY_CHANGED flg=0x60000010 (has extras) } ordered=false userid=-1 callerApp=null
D/UsbDeviceManager( 1909): onReceive - BATTERY_CHANGED - mPlugType: 2, mSettingUsbCharging: false, mConnected: true, mSettingUsbBicr: false
D/WifiController( 1909): DeviceActiveState{ when=-1ms what=155652 arg1=2 target=com.android.internal.util.StateMachine$SmHandler target=Handler (com.android.internal.util.StateMachine$SmHandler) {43167268} }
D/WifiController( 1909): StaEnabledState{ when=-1ms what=155652 arg1=2 target=com.android.internal.util.StateMachine$SmHandler target=Handler (com.android.internal.util.StateMachine$SmHandler) {43167268} }
D/WifiController( 1909): DefaultState{ when=-1ms what=155652 arg1=2 target=com.android.internal.util.StateMachine$SmHandler target=Handler (com.android.internal.util.StateMachine$SmHandler) {43167268} }
D/WifiController( 1909): battery changed pluggedType: 2
V/ActivityManager( 1909): Broadcast: Intent { act=android.intent.action.TIME_TICK flg=0x50000094 (has extras) } ordered=true userid=-1 callerApp=null
D/ActivityThread( 1909): BDC-Calling onReceive: intent=Intent { act=android.intent.action.TIME_TICK flg=0x50000094 (has extras) }, ordered=true, receiver=com.android.server.AlarmManagerService$ClockReceiver@429d07e0, IIntentReceiver=429a62f8
V/AlarmManager( 1909): isAlarmNeedAlign : charging
D/ActivityThread( 1909): BDC-Calling finishReceiver: IIntentReceiver=429a62f8
D/ActivityThread( 4469): BDC-Calling onReceive: intent=Intent { act=android.intent.action.TIME_TICK flg=0x50000094 (has extras) }, ordered=true, receiver=com.oppo.widget.smallweather.NormalWidgetUtil$1@429159c0, IIntentReceiver=428c7f98
V/ActivityManager( 1909): Broadcast sticky: Intent { act=android.intent.action.ADDITIONAL_BATTERY_CHANGED flg=0x60000010 (has extras) } ordered=false userid=-1 callerApp=null
V/ActivityManager( 1909): Broadcast sticky: Intent { act=android.intent.action.ADDITIONAL_BATTERY_CHANGED flg=0x60000010 (has extras) } ordered=false userid=-1 callerApp=null
V/ActivityManager( 1909): Broadcast sticky: Intent { act=android.intent.action.ADDITIONAL_BATTERY_CHANGED flg=0x60000010 (has extras) } ordered=false userid=-1 callerApp=null
D/ActivityThread( 4469): BDC-Calling finishReceiver: IIntentReceiver=428c7f98
D/ActivityThread( 7434): BDC-Calling onReceive: intent=Intent { act=android.intent.action.TIME_TICK flg=0x50000094 (has extras) }, ordered=true, receiver=com.oppo.activation.ActivationService$ServiceBroadcastReceiver@42700d20, IIntentReceiver=42700d68
D/ActivityThread( 7434): BDC-Calling finishReceiver: IIntentReceiver=42700d68
D/ActivityThread( 7467): BDC-Calling onReceive: intent=Intent { act=android.intent.action.TIME_TICK flg=0x50000094 (has extras) }, ordered=true, receiver=com.tencent.tbs.common.baseinfo.TBSBroadcastReceiver$c@42aab7a8, IIntentReceiver=427150e8
D/ActivityThread( 7467): BDC-Calling finishReceiver: IIntentReceiver=427150e8
D/ActivityThread(12086): BDC-Calling onReceive: intent=Intent { act=android.intent.action.TIME_TICK flg=0x50000094 (has extras) }, ordered=true, receiver=dei$1@42793f60, IIntentReceiver=427944f0
D/ActivityManager( 1909): getContentProviderImpl: from caller=android.app.ApplicationThreadProxy@42f0b6f8 (pid=12086, userId=0) to get content provider cn.wps.moffice_eng.preferences cpr=ContentProviderRecord{43917df8 u0 cn.wps.moffice_eng/cn.wps.moffice.persistence.AppDataProvider}
D/ActivityManager( 1909): getContentProviderImpl: updateLruProcessLocked cpr.proc=ProcessRecord{433de0b0 8695:cn.wps.moffice_eng/u0a86}
D/ActivityThread(12086): hoder:android.app.IActivityManager$ContentProviderHolder@42846978,provider,holder.Provider:android.content.ContentProviderProxy@42846fd8
D/ActivityThread(12086): BDC-Calling finishReceiver: IIntentReceiver=427944f0
D/ActivityThread(12172): BDC-Calling onReceive: intent=Intent { act=android.intent.action.TIME_TICK flg=0x50000094 (has extras) }, ordered=true, receiver=com.oppo.lockutils.OppoLockUtils$1@426e3698, IIntentReceiver=426e5008
D/ActivityThread(12172): BDC-Calling finishReceiver: IIntentReceiver=426e5008
D/ActivityThread(12172): BDC-Calling onReceive: intent=Intent { act=android.intent.action.TIME_TICK flg=0x50000094 (has extras) }, ordered=true, receiver=com.android.keyguard.base.KeyguardUpdateMonitor$3@426f6de8, IIntentReceiver=426f8508
D/ActivityThread(12172): BDC-Calling finishReceiver: IIntentReceiver=426f8508
V/AlarmManager( 1909): isAlarmNeedAlign : charging
V/AlarmManager( 1909): isAlarmNeedAlign : charging
V/AlarmManager( 1909): isAlarmNeedAlign : charging
V/AlarmManager( 1909): isAlarmNeedAlign : charging
V/AlarmManager( 1909): isAlarmNeedAlign : charging
V/AlarmManager( 1909): isAlarmNeedAlign : charging
V/AlarmManager( 1909): isAlarmNeedAlign : charging
V/AlarmManager( 1909): isAlarmNeedAlign : charging
V/AlarmManager( 1909): isAlarmNeedAlign : charging
V/AlarmManager( 1909): isAlarmNeedAlign : charging
V/AlarmManager( 1909): isAlarmNeedAlign : charging
V/AlarmManager( 1909): isAlarmNeedAlign : charging
V/AlarmManager( 1909): isAlarmNeedAlign : charging
V/AlarmManager( 1909): isAlarmNeedAlign : charging
V/AlarmManager( 1909): isAlarmNeedAlign : charging
V/AlarmManager( 1909): isAlarmNeedAlign : charging
V/AlarmManager( 1909): isAlarmNeedAlign : charging
V/AlarmManager( 1909): isAlarmNeedAlign : charging
V/AlarmManager( 1909): isAlarmNeedAlign : charging
V/AlarmManager( 1909): isAlarmNeedAlign : charging
V/AlarmManager( 1909): isAlarmNeedAlign : charging
V/AlarmManager( 1909): isAlarmNeedAlign : charging
V/AlarmManager( 1909): isAlarmNeedAlign : charging
V/AlarmManager( 1909): isAlarmNeedAlign : charging
V/AlarmManager( 1909): isAlarmNeedAlign : charging
V/AlarmManager( 1909): isAlarmNeedAlign : charging
V/AlarmManager( 1909): isAlarmNeedAlign : charging
V/AlarmManager( 1909): isAlarmNeedAlign : charging
V/AlarmManager( 1909): isAlarmNeedAlign : charging
V/AlarmManager( 1909): isAlarmNeedAlign : charging
V/AlarmManager( 1909): isAlarmNeedAlign : charging
V/AlarmManager( 1909): isAlarmNeedAlign : charging
V/AlarmManager( 1909): isAlarmNeedAlign : charging
V/AlarmManager( 1909): isAlarmNeedAlign : charging
V/AlarmManager( 1909): isAlarmNeedAlign : charging
V/AlarmManager( 1909): isAlarmNeedAlign : charging
V/AlarmManager( 1909): isAlarmNeedAlign : charging
V/AlarmManager( 1909): isAlarmNeedAlign : charging
V/AlarmManager( 1909): isAlarmNeedAlign : charging
V/AlarmManager( 1909): isAlarmNeedAlign : charging
V/AlarmManager( 1909): isAlarmNeedAlign : charging
V/AlarmManager( 1909): isAlarmNeedAlign : charging
V/AlarmManager( 1909): isAlarmNeedAlign : charging
V/AlarmManager( 1909): isAlarmNeedAlign : charging
V/AlarmManager( 1909): isAlarmNeedAlign : charging
V/AlarmManager( 1909): isAlarmNeedAlign : charging
V/AlarmManager( 1909): isAlarmNeedAlign : charging
V/AlarmManager( 1909): isAlarmNeedAlign : charging
V/AlarmManager( 1909): isAlarmNeedAlign : charging
V/AlarmManager( 1909): isAlarmNeedAlign : charging
V/AlarmManager( 1909): isAlarmNeedAlign : charging
V/ActivityManager( 1909): Broadcast: Intent { act=ALARM_ACTION(6851) flg=0x94 (has extras) } ordered=true userid=0 callerApp=null
D/ActivityThread( 6851): BDC-Calling onReceive: intent=Intent { act=ALARM_ACTION(6851) flg=0x94 (has extras) }, ordered=true, receiver=com.tencent.mars.comm.Alarm@4284c9b8, IIntentReceiver=4284cbf0
V/AlarmManager( 1909): isAlarmNeedAlign : charging
D/ActivityThread( 6851): BDC-Calling finishReceiver: IIntentReceiver=4284cbf0
V/AlarmManager( 1909): isAlarmNeedAlign : charging
V/AlarmManager( 1909): isAlarmNeedAlign : charging
V/AlarmManager( 1909): isAlarmNeedAlign : charging
V/AlarmManager( 1909): isAlarmNeedAlign : charging
V/AlarmManager( 1909): isAlarmNeedAlign : charging
V/AlarmManager( 1909): isAlarmNeedAlign : charging
V/AlarmManager( 1909): isAlarmNeedAlign : charging
V/AlarmManager( 1909): isAlarmNeedAlign : charging
V/AlarmManager( 1909): isAlarmNeedAlign : charging
V/AlarmManager( 1909): isAlarmNeedAlign : charging
V/AlarmManager( 1909): isAlarmNeedAlign : charging
V/AlarmManager( 1909): isAlarmNeedAlign : charging
V/AlarmManager( 1909): isAlarmNeedAlign : charging
V/AlarmManager( 1909): isAlarmNeedAlign : charging
V/AlarmManager( 1909): isAlarmNeedAlign : charging
V/AlarmManager( 1909): isAlarmNeedAlign : charging
V/AlarmManager( 1909): isAlarmNeedAlign : charging
V/AlarmManager( 1909): isAlarmNeedAlign : charging
V/AlarmManager( 1909): isAlarmNeedAlign : charging
V/AlarmManager( 1909): isAlarmNeedAlign : charging
V/AlarmManager( 1909): isAlarmNeedAlign : charging
V/AlarmManager( 1909): isAlarmNeedAlign : charging
V/AlarmManager( 1909): isAlarmNeedAlign : charging
V/AlarmManager( 1909): isAlarmNeedAlign : charging
V/AlarmManager( 1909): isAlarmNeedAlign : charging
V/AlarmManager( 1909): isAlarmNeedAlign : charging
V/AlarmManager( 1909): isAlarmNeedAlign : charging
V/AlarmManager( 1909): isAlarmNeedAlign : charging
V/AlarmManager( 1909): isAlarmNeedAlign : charging
V/AlarmManager( 1909): isAlarmNeedAlign : charging
V/AlarmManager( 1909): isAlarmNeedAlign : charging
V/AlarmManager( 1909): isAlarmNeedAlign : charging
V/AlarmManager( 1909): isAlarmNeedAlign : charging
V/AlarmManager( 1909): isAlarmNeedAlign : charging
V/AlarmManager( 1909): isAlarmNeedAlign : charging
V/AlarmManager( 1909): isAlarmNeedAlign : charging
V/AlarmManager( 1909): isAlarmNeedAlign : charging
V/AlarmManager( 1909): isAlarmNeedAlign : charging
V/AlarmManager( 1909): isAlarmNeedAlign : charging
V/AlarmManager( 1909): isAlarmNeedAlign : charging
V/AlarmManager( 1909): isAlarmNeedAlign : charging
V/AlarmManager( 1909): isAlarmNeedAlign : charging
V/AlarmManager( 1909): isAlarmNeedAlign : charging
V/AlarmManager( 1909): isAlarmNeedAlign : charging
V/AlarmManager( 1909): isAlarmNeedAlign : charging
V/AlarmManager( 1909): isAlarmNeedAlign : charging
V/AlarmManager( 1909): isAlarmNeedAlign : charging
V/AlarmManager( 1909): isAlarmNeedAlign : charging
V/AlarmManager( 1909): isAlarmNeedAlign : charging
V/ActivityManager( 1909): Broadcast sticky: Intent { act=android.intent.action.ADDITIONAL_BATTERY_CHANGED flg=0x60000010 (has extras) } ordered=false userid=-1 callerApp=null
V/ActivityManager( 1909): Broadcast sticky: Intent { act=android.intent.action.ADDITIONAL_BATTERY_CHANGED flg=0x60000010 (has extras) } ordered=false userid=-1 callerApp=null
V/ActivityManager( 1909): Broadcast sticky: Intent { act=android.intent.action.ADDITIONAL_BATTERY_CHANGED flg=0x60000010 (has extras) } ordered=false userid=-1 callerApp=null
I/ANRManager( 1909): updateProcessStats
I/thermal_repeater(  279): oh, queryMdThermalInfo (0)Bad file number
I/thermal_repeater(  279): [recvMdThermalInfo] ret=35, strLen=127,  0, 32767, -127, 28676, 32767, 1680
V/ActivityManager( 1909): Broadcast sticky: Intent { act=android.intent.action.ADDITIONAL_BATTERY_CHANGED flg=0x60000010 (has extras) } ordered=false userid=-1 callerApp=null
V/ActivityManager( 1909): Broadcast sticky: Intent { act=android.intent.action.BATTERY_CHANGED flg=0x60000010 (has extras) } ordered=false userid=-1 callerApp=null
V/ActivityManager( 1909): Broadcast sticky: Intent { act=android.intent.action.ADDITIONAL_BATTERY_CHANGED flg=0x60000010 (has extras) } ordered=false userid=-1 callerApp=null
V/ActivityManager( 1909): Broadcast sticky: Intent { act=android.intent.action.ADDITIONAL_BATTERY_CHANGED flg=0x60000010 (has extras) } ordered=false userid=-1 callerApp=null
D/WifiService( 1909): onReceive, action:android.intent.action.BATTERY_CHANGED
D/UsbDeviceManager( 1909): onReceive - BATTERY_CHANGED - mPlugType: 2, mSettingUsbCharging: false, mConnected: true, mSettingUsbBicr: false
D/WifiController( 1909): DeviceActiveState{ when=0 what=155652 arg1=2 target=com.android.internal.util.StateMachine$SmHandler target=Handler (com.android.internal.util.StateMachine$SmHandler) {43167268} }
D/WifiController( 1909): StaEnabledState{ when=-1ms what=155652 arg1=2 target=com.android.internal.util.StateMachine$SmHandler target=Handler (com.android.internal.util.StateMachine$SmHandler) {43167268} }
D/WifiController( 1909): DefaultState{ when=-1ms what=155652 arg1=2 target=com.android.internal.util.StateMachine$SmHandler target=Handler (com.android.internal.util.StateMachine$SmHandler) {43167268} }
D/WifiController( 1909): battery changed pluggedType: 2
V/ActivityManager( 1909): Broadcast sticky: Intent { act=android.intent.action.ADDITIONAL_BATTERY_CHANGED flg=0x60000010 (has extras) } ordered=false userid=-1 callerApp=null
V/ActivityManager( 1909): Broadcast sticky: Intent { act=android.intent.action.ADDITIONAL_BATTERY_CHANGED flg=0x60000010 (has extras) } ordered=false userid=-1 callerApp=null
V/ActivityManager( 1909): Broadcast sticky: Intent { act=android.intent.action.ADDITIONAL_BATTERY_CHANGED flg=0x60000010 (has extras) } ordered=false userid=-1 callerApp=null
V/ActivityManager( 1909): Broadcast: Intent { act=AlarmTaskSchedule.com.moji.airnut flg=0x94 (has extras) } ordered=true userid=0 callerApp=null
V/ActivityManager( 1909): Broadcast: Intent { act=android.bluetooth.device.action.NAME_CHANGED flg=0x4000010 (has extras) } ordered=false userid=0 callerApp=ProcessRecord{434d0b70 6839:com.android.bluetooth/1002}
D/ConnectivityService( 1909): getActiveNetworkInfo:NetworkInfo: type: WIFI[], state: CONNECTED/CONNECTED, reason: (unspecified), extra: "60_dev_01", roaming: false, failover: false, isAvailable: true, isConnectedToProvisioningNetwork: false, simId: 0/10188
V/ActivityManager( 1909): Broadcast: Intent { act=android.bluetooth.device.action.NAME_CHANGED flg=0x4000010 (has extras) } ordered=false userid=0 callerApp=ProcessRecord{434d0b70 6839:com.android.bluetooth/1002}
D/ActivityThread( 7921): BDC-Calling onReceive: intent=Intent { act=AlarmTaskSchedule.com.moji.airnut flg=0x94 (has extras) }, ordered=true, receiver=com.igexin.b.a.b.c@42956030, IIntentReceiver=42958a08
D/ActivityThread( 7921): BDC-Calling finishReceiver: IIntentReceiver=42958a08
V/ActivityManager( 1909): Broadcast: Intent { act=android.bluetooth.device.action.NAME_CHANGED flg=0x4000010 (has extras) } ordered=false userid=0 callerApp=ProcessRecord{434d0b70 6839:com.android.bluetooth/1002}
I/FrameworkListener(  243): onDataAvailable get 43 bytes 
D/SocketClient(  243): SocketClient sendDatalocked done: 222
D/SocketClient(  243): SocketClient sendDatalocked done: 
D/SocketClient(  243): SocketClient sendDatalocked done: 
D/SocketClient(  243): SocketClient sendDatalocked done: 
D/SocketClient(  243): SocketClient sendDatalocked done: 
D/SocketClient(  243): SocketClient sendDatalocked done: 
D/SocketClient(  243): SocketClient sendDatalocked done: 
D/ConnectivityService( 1909): getActiveNetworkInfo:NetworkInfo: type: WIFI[], state: CONNECTED/CONNECTED, reason: (unspecified), extra: "60_dev_01", roaming: false, failover: false, isAvailable: true, isConnectedToProvisioningNetwork: false, simId: 0/10188
V/ActivityManager( 1909): Broadcast: Intent { act=android.bluetooth.device.action.NAME_CHANGED flg=0x4000010 (has extras) } ordered=false userid=0 callerApp=ProcessRecord{434d0b70 6839:com.android.bluetooth/1002}
V/ActivityManager( 1909): Broadcast: Intent { act=android.bluetooth.device.action.NAME_CHANGED flg=0x4000010 (has extras) } ordered=false userid=0 callerApp=ProcessRecord{434d0b70 6839:com.android.bluetooth/1002}
D/ActivityThread( 6876): SVC-SERVICE_ARGS handled : 0 / ServiceArgsData{token=android.os.BinderProxy@4284c0d0 startId=10 args=Intent { cmp=com.moji.airnut/.bleconn.bluetooth.BleDiscoveryGattService (has extras) }}
D/ConnectivityService( 1909): getActiveNetworkInfo:NetworkInfo: type: WIFI[], state: CONNECTED/CONNECTED, reason: (unspecified), extra: "60_dev_01", roaming: false, failover: false, isAvailable: true, isConnectedToProvisioningNetwork: false, simId: 0/10188
V/AlarmManager( 1909): isAlarmNeedAlign : charging
V/AlarmManager( 1909): isAlarmNeedAlign : charging
V/AlarmManager( 1909): isAlarmNeedAlign : charging
V/AlarmManager( 1909): isAlarmNeedAlign : charging
V/AlarmManager( 1909): isAlarmNeedAlign : charging
V/AlarmManager( 1909): isAlarmNeedAlign : charging
V/AlarmManager( 1909): isAlarmNeedAlign : charging
V/AlarmManager( 1909): isAlarmNeedAlign : charging
V/AlarmManager( 1909): isAlarmNeedAlign : charging
V/AlarmManager( 1909): isAlarmNeedAlign : charging
V/AlarmManager( 1909): isAlarmNeedAlign : charging
V/AlarmManager( 1909): isAlarmNeedAlign : charging
V/AlarmManager( 1909): isAlarmNeedAlign : charging
V/AlarmManager( 1909): isAlarmNeedAlign : charging
V/AlarmManager( 1909): isAlarmNeedAlign : charging
V/AlarmManager( 1909): isAlarmNeedAlign : charging
V/AlarmManager( 1909): isAlarmNeedAlign : charging
V/AlarmManager( 1909): isAlarmNeedAlign : charging
V/AlarmManager( 1909): isAlarmNeedAlign : charging
V/AlarmManager( 1909): isAlarmNeedAlign : charging
V/AlarmManager( 1909): isAlarmNeedAlign : charging
V/AlarmManager( 1909): isAlarmNeedAlign : charging
V/AlarmManager( 1909): isAlarmNeedAlign : charging
V/AlarmManager( 1909): isAlarmNeedAlign : charging
V/AlarmManager( 1909): isAlarmNeedAlign : charging
V/AlarmManager( 1909): isAlarmNeedAlign : charging
V/AlarmManager( 1909): isAlarmNeedAlign : charging
V/AlarmManager( 1909): isAlarmNeedAlign : charging
V/AlarmManager( 1909): isAlarmNeedAlign : charging
V/AlarmManager( 1909): isAlarmNeedAlign : charging
V/AlarmManager( 1909): isAlarmNeedAlign : charging
V/AlarmManager( 1909): isAlarmNeedAlign : charging
V/AlarmManager( 1909): isAlarmNeedAlign : charging
V/AlarmManager( 1909): isAlarmNeedAlign : charging
V/AlarmManager( 1909): isAlarmNeedAlign : charging
V/AlarmManager( 1909): isAlarmNeedAlign : charging
V/AlarmManager( 1909): isAlarmNeedAlign : charging
V/AlarmManager( 1909): isAlarmNeedAlign : charging
V/AlarmManager( 1909): isAlarmNeedAlign : charging
V/AlarmManager( 1909): isAlarmNeedAlign : charging
V/AlarmManager( 1909): isAlarmNeedAlign : charging
V/AlarmManager( 1909): isAlarmNeedAlign : charging
V/AlarmManager( 1909): isAlarmNeedAlign : charging
V/AlarmManager( 1909): isAlarmNeedAlign : charging
V/AlarmManager( 1909): isAlarmNeedAlign : charging
V/AlarmManager( 1909): isAlarmNeedAlign : charging
V/AlarmManager( 1909): isAlarmNeedAlign : charging
V/AlarmManager( 1909): isAlarmNeedAlign : charging
V/AlarmManager( 1909): isAlarmNeedAlign : charging
D/ConnectivityService( 1909): getActiveNetworkInfo:NetworkInfo: type: WIFI[], state: CONNECTED/CONNECTED, reason: (unspecified), extra: "60_dev_01", roaming: false, failover: false, isAvailable: true, isConnectedToProvisioningNetwork: false, simId: 0/10188
V/ActivityManager( 1909): Broadcast: Intent { act=android.bluetooth.device.action.NAME_CHANGED flg=0x4000010 (has extras) } ordered=false userid=0 callerApp=ProcessRecord{434d0b70 6839:com.android.bluetooth/1002}
V/ActivityManager( 1909): Broadcast sticky: Intent { act=android.intent.action.ADDITIONAL_BATTERY_CHANGED flg=0x60000010 (has extras) } ordered=false userid=-1 callerApp=null
V/ActivityManager( 1909): Broadcast sticky: Intent { act=android.intent.action.ADDITIONAL_BATTERY_CHANGED flg=0x60000010 (has extras) } ordered=false userid=-1 callerApp=null
V/ActivityManager( 1909): Broadcast sticky: Intent { act=android.intent.action.ADDITIONAL_BATTERY_CHANGED flg=0x60000010 (has extras) } ordered=false userid=-1 callerApp=null
V/ActivityManager( 1909): Broadcast sticky: Intent { act=android.intent.action.ADDITIONAL_BATTERY_CHANGED flg=0x60000010 (has extras) } ordered=false userid=-1 callerApp=null
V/ActivityManager( 1909): Broadcast sticky: Intent { act=android.intent.action.BATTERY_CHANGED flg=0x60000010 (has extras) } ordered=false userid=-1 callerApp=null
V/ActivityManager( 1909): Broadcast sticky: Intent { act=android.intent.action.ADDITIONAL_BATTERY_CHANGED flg=0x60000010 (has extras) } ordered=false userid=-1 callerApp=null
V/ActivityManager( 1909): Broadcast sticky: Intent { act=android.intent.action.ADDITIONAL_BATTERY_CHANGED flg=0x60000010 (has extras) } ordered=false userid=-1 callerApp=null
D/WifiService( 1909): onReceive, action:android.intent.action.BATTERY_CHANGED
D/UsbDeviceManager( 1909): onReceive - BATTERY_CHANGED - mPlugType: 2, mSettingUsbCharging: false, mConnected: true, mSettingUsbBicr: false
D/WifiController( 1909): DeviceActiveState{ when=-1ms what=155652 arg1=2 target=com.android.internal.util.StateMachine$SmHandler target=Handler (com.android.internal.util.StateMachine$SmHandler) {43167268} }
D/WifiController( 1909): StaEnabledState{ when=-1ms what=155652 arg1=2 target=com.android.internal.util.StateMachine$SmHandler target=Handler (com.android.internal.util.StateMachine$SmHandler) {43167268} }
D/WifiController( 1909): DefaultState{ when=-1ms what=155652 arg1=2 target=com.android.internal.util.StateMachine$SmHandler target=Handler (com.android.internal.util.StateMachine$SmHandler) {43167268} }
D/WifiController( 1909): battery changed pluggedType: 2
D/ANRManager( 1909): getUserConfirmTime() userId: 0 anrTime: 20000 extendTime: 0
D/ANRManager( 1909): getUserConfirmTime() userId: 0 anrTime: 20000 extendTime: 0
I/ANRManager( 1909): updateProcessStats
V/ActivityManager( 1909): Broadcast sticky: Intent { act=android.intent.action.ADDITIONAL_BATTERY_CHANGED flg=0x60000010 (has extras) } ordered=false userid=-1 callerApp=null
V/ActivityManager( 1909): Broadcast sticky: Intent { act=android.intent.action.ADDITIONAL_BATTERY_CHANGED flg=0x60000010 (has extras) } ordered=false userid=-1 callerApp=null
V/ActivityManager( 1909): Broadcast sticky: Intent { act=android.intent.action.ADDITIONAL_BATTERY_CHANGED flg=0x60000010 (has extras) } ordered=false userid=-1 callerApp=null
D/SocketClient(  243): SocketClient sendDatalocked done: 401
I/FrameworkListener(  243): onDataAvailable get 42 bytes 
I/ANRManager( 1909): updateProcessStats
D/SocketClient(  243): SocketClient sendDatalocked done: 222
D/SocketClient(  243): SocketClient sendDatalocked done: 
D/SocketClient(  243): SocketClient sendDatalocked done: 
D/SocketClient(  243): SocketClient sendDatalocked done: 
D/SocketClient(  243): SocketClient sendDatalocked done: 
D/SocketClient(  243): SocketClient sendDatalocked done: 
D/SocketClient(  243): SocketClient sendDatalocked done: 
D/SocketClient(  243): SocketClient sendDatalocked done: 
D/SocketClient(  243): SocketClient sendDatalocked done: 
D/SocketClient(  243): SocketClient sendDatalocked done: 
D/SocketClient(  243): SocketClient sendDatalocked done: 
D/SocketClient(  243): SocketClient sendDatalocked done: 
V/ActivityManager( 1909): Broadcast sticky: Intent { act=android.intent.action.ADDITIONAL_BATTERY_CHANGED flg=0x60000010 (has extras) } ordered=false userid=-1 callerApp=null
V/ActivityManager( 1909): Broadcast sticky: Intent { act=android.intent.action.BATTERY_CHANGED flg=0x60000010 (has extras) } ordered=false userid=-1 callerApp=null
V/ActivityManager( 1909): Broadcast sticky: Intent { act=android.intent.action.ADDITIONAL_BATTERY_CHANGED flg=0x60000010 (has extras) } ordered=false userid=-1 callerApp=null
V/ActivityManager( 1909): Broadcast sticky: Intent { act=android.intent.action.ADDITIONAL_BATTERY_CHANGED flg=0x60000010 (has extras) } ordered=false userid=-1 callerApp=null
D/WifiService( 1909): onReceive, action:android.intent.action.BATTERY_CHANGED
D/UsbDeviceManager( 1909): onReceive - BATTERY_CHANGED - mPlugType: 2, mSettingUsbCharging: false, mConnected: true, mSettingUsbBicr: false
D/WifiController( 1909): DeviceActiveState{ when=-1ms what=155652 arg1=2 target=com.android.internal.util.StateMachine$SmHandler target=Handler (com.android.internal.util.StateMachine$SmHandler) {43167268} }
D/WifiController( 1909): StaEnabledState{ when=-1ms what=155652 arg1=2 target=com.android.internal.util.StateMachine$SmHandler target=Handler (com.android.internal.util.StateMachine$SmHandler) {43167268} }
D/WifiController( 1909): DefaultState{ when=-1ms what=155652 arg1=2 target=com.android.internal.util.StateMachine$SmHandler target=Handler (com.android.internal.util.StateMachine$SmHandler) {43167268} }
D/WifiController( 1909): battery changed pluggedType: 2
I/FrameworkListener(  243): onDataAvailable get 33 bytes 
I/thermal_repeater(  279): oh, queryMdThermalInfo (0)Bad file number
I/thermal_repeater(  279): [recvMdThermalInfo] ret=35, strLen=127,  0, 32767, -127, 28676, 32767, 1680
D/ANRManager( 1909): getUserConfirmTime() userId: 0 anrTime: 20000 extendTime: 0
V/ActivityManager( 1909): Broadcast sticky: Intent { act=android.intent.action.ADDITIONAL_BATTERY_CHANGED flg=0x60000010 (has extras) } ordered=false userid=-1 callerApp=null
V/ActivityManager( 1909): Broadcast sticky: Intent { act=android.intent.action.BATTERY_CHANGED flg=0x60000010 (has extras) } ordered=false userid=-1 callerApp=null
V/ActivityManager( 1909): Broadcast sticky: Intent { act=android.intent.action.ADDITIONAL_BATTERY_CHANGED flg=0x60000010 (has extras) } ordered=false userid=-1 callerApp=null
D/WifiService( 1909): onReceive, action:android.intent.action.BATTERY_CHANGED
V/ActivityManager( 1909): Broadcast sticky: Intent { act=android.intent.action.ADDITIONAL_BATTERY_CHANGED flg=0x60000010 (has extras) } ordered=false userid=-1 callerApp=null
D/UsbDeviceManager( 1909): onReceive - BATTERY_CHANGED - mPlugType: 2, mSettingUsbCharging: false, mConnected: true, mSettingUsbBicr: false
D/WifiController( 1909): DeviceActiveState{ when=-1ms what=155652 arg1=2 target=com.android.internal.util.StateMachine$SmHandler target=Handler (com.android.internal.util.StateMachine$SmHandler) {43167268} }
D/WifiController( 1909): StaEnabledState{ when=-1ms what=155652 arg1=2 target=com.android.internal.util.StateMachine$SmHandler target=Handler (com.android.internal.util.StateMachine$SmHandler) {43167268} }
D/WifiController( 1909): DefaultState{ when=-1ms what=155652 arg1=2 target=com.android.internal.util.StateMachine$SmHandler target=Handler (com.android.internal.util.StateMachine$SmHandler) {43167268} }
D/WifiController( 1909): battery changed pluggedType: 2
--------- beginning of /dev/log/main
D/WifiStateMachine( 1909): L2ConnectedState{ when=-4ms what=131155 arg1=11 target=com.android.internal.util.StateMachine$SmHandler target=Handler (com.android.internal.util.StateMachine$SmHandler) {43155f58} }
D/WifiHW  ( 1909): enter -->wifi_send_command cmd=IFNAME=wlan0 SIGNAL_POLL
D/wpa_supplicant( 4185): RX ctrl_iface - hexdump(len=11): 53 49 47 4e 41 4c 5f 50 4f 4c 4c
D/wpa_supplicant( 4185): wlan0: Control interface command 'SIGNAL_POLL'
D/wpa_supplicant( 4185): nl80211: survey data missing!
D/wpa_supplicant( 4185): signal poll, reply_len=48
D/wpa_ctrl( 1909): reply_len=4095
D/WifiHW  ( 1909): leave --> reply=RSSI=-42
D/WifiHW  ( 1909): LINKSPEED=65
D/WifiHW  ( 1909): NOISE=9999
D/WifiHW  ( 1909): FREQUENCY=2412
D/WifiHW  ( 1909): 
D/wifi    ( 1909): doStringCommand, buf IFNAME=wlan0 SIGNAL_POLL
I/WifiStateMachine( 1909): fetchRssiAndLinkSpeedNative, newRssi:-42, newLinkSpeed:65, SSID:"60_dev_01"
D/WifiStateMachine( 1909): mRssiArray[0] = -42
D/WifiStateMachine( 1909): mRssiArray[1] = -42
D/WifiStateMachine( 1909): mRssiArray[2] = -44
D/WifiStateMachine( 1909): mRssiArray[3] = -44
D/WifiStateMachine( 1909): mRssiArray[4] = -42
D/WifiStateMachine( 1909): GetFilterRssi is : -42
D/WifiStateMachine( 1909): mLastSignalLevel:4, newSignalLevel:4
D/WifiStateMachine( 1909): fetchRssiAndLinkSpeedNative, ipAddr:-1711271764
D/dalvikvm( 4619): create interp thread : stack size=128KB
D/dalvikvm( 4619): create new thread
D/dalvikvm( 4619): new thread created
D/dalvikvm( 4619): update thread list
D/dalvikvm( 4619): threadid=21: interp stack at 0x7c10e000
D/dalvikvm( 4619): threadid=21: created from interp
D/dalvikvm( 4619): start new thread
D/dalvikvm( 4619): threadid=21: notify debugger
D/dalvikvm( 4619): threadid=21 (Thread-345): calling run()
I/KSO_STAT( 4619): App is in background, stop update end time, ready to start a new session.
D/SQLiteDatabase( 4619): beginTransaction()
D/SQLiteDatabase( 4619): endTransaction()
D/dalvikvm( 4619): threadid=21: exiting
D/dalvikvm( 4619): threadid=21: bye!
D/PhoneInterfaceManagerEx( 4362): [PhoneIntfMgrEx] hasIccCard  simId=0
D/PhoneInterfaceManagerEx( 4362): [PhoneIntfMgrEx] hasIccCard  simId=1
V/ActivityManager( 1909): Broadcast sticky: Intent { act=android.intent.action.ADDITIONAL_BATTERY_CHANGED flg=0x60000010 (has extras) } ordered=false userid=-1 callerApp=null
V/ActivityManager( 1909): Broadcast sticky: Intent { act=android.intent.action.ADDITIONAL_BATTERY_CHANGED flg=0x60000010 (has extras) } ordered=false userid=-1 callerApp=null
V/ActivityManager( 1909): Broadcast sticky: Intent { act=android.intent.action.ADDITIONAL_BATTERY_CHANGED flg=0x60000010 (has extras) } ordered=false userid=-1 callerApp=null
D/WifiStateMachine( 1909): ConnectedState{ when=-3ms what=131155 arg1=11 target=com.android.internal.util.StateMachine$SmHandler target=Handler (com.android.internal.util.StateMachine$SmHandler) {43155f58} }
D/WifiStateMachine( 1909): L2ConnectedState{ when=-4ms what=131155 arg1=11 target=com.android.internal.util.StateMachine$SmHandler target=Handler (com.android.internal.util.StateMachine$SmHandler) {43155f58} }
D/WifiHW  ( 1909): enter -->wifi_send_command cmd=IFNAME=wlan0 SIGNAL_POLL
D/wpa_supplicant( 4185): RX ctrl_iface - hexdump(len=11): 53 49 47 4e 41 4c 5f 50 4f 4c 4c
D/wpa_supplicant( 4185): wlan0: Control interface command 'SIGNAL_POLL'
D/wpa_supplicant( 4185): nl80211: survey data missing!
D/wpa_supplicant( 4185): signal poll, reply_len=48
D/wpa_ctrl( 1909): reply_len=4095
D/WifiHW  ( 1909): leave --> reply=RSSI=-42
D/WifiHW  ( 1909): LINKSPEED=65
D/WifiHW  ( 1909): NOISE=9999
D/WifiHW  ( 1909): FREQUENCY=2412
D/WifiHW  ( 1909): 
D/wifi    ( 1909): doStringCommand, buf IFNAME=wlan0 SIGNAL_POLL
I/WifiStateMachine( 1909): fetchRssiAndLinkSpeedNative, newRssi:-42, newLinkSpeed:65, SSID:"60_dev_01"
D/WifiStateMachine( 1909): mRssiArray[0] = -42
D/WifiStateMachine( 1909): mRssiArray[1] = -42
D/WifiStateMachine( 1909): mRssiArray[2] = -42
D/WifiStateMachine( 1909): mRssiArray[3] = -44
D/WifiStateMachine( 1909): mRssiArray[4] = -42
D/WifiStateMachine( 1909): GetFilterRssi is : -42
D/WifiStateMachine( 1909): mLastSignalLevel:4, newSignalLevel:4
D/WifiStateMachine( 1909): fetchRssiAndLinkSpeedNative, ipAddr:-1711271764
I/ANRManager( 1909): updateProcessStats
D/dalvikvm( 4619): create interp thread : stack size=128KB
D/dalvikvm( 4619): create new thread
D/dalvikvm( 4619): new thread created
D/dalvikvm( 4619): update thread list
D/dalvikvm( 4619): threadid=21: interp stack at 0x7c10e000
D/dalvikvm( 4619): threadid=21: created from interp
D/dalvikvm( 4619): start new thread
D/dalvikvm( 4619): threadid=21: notify debugger
D/dalvikvm( 4619): threadid=21 (Thread-346): calling run()
I/KSO_STAT( 4619): App is in background, stop update end time, ready to start a new session.
D/SQLiteDatabase( 4619): beginTransaction()
D/SQLiteDatabase( 4619): endTransaction()
D/dalvikvm( 4619): threadid=21: exiting
D/dalvikvm( 4619): threadid=21: bye!
D/WifiStateMachine( 1909): ConnectedState{ when=-3ms what=131155 arg1=11 target=com.android.internal.util.StateMachine$SmHandler target=Handler (com.android.internal.util.StateMachine$SmHandler) {43155f58} }
D/WifiStateMachine( 1909): L2ConnectedState{ when=-3ms what=131155 arg1=11 target=com.android.internal.util.StateMachine$SmHandler target=Handler (com.android.internal.util.StateMachine$SmHandler) {43155f58} }
D/WifiHW  ( 1909): enter -->wifi_send_command cmd=IFNAME=wlan0 SIGNAL_POLL
D/wpa_supplicant( 4185): RX ctrl_iface - hexdump(len=11): 53 49 47 4e 41 4c 5f 50 4f 4c 4c
D/wpa_supplicant( 4185): wlan0: Control interface command 'SIGNAL_POLL'
D/wpa_supplicant( 4185): nl80211: survey data missing!
D/wpa_supplicant( 4185): signal poll, reply_len=48
D/wpa_ctrl( 1909): reply_len=4095
D/WifiHW  ( 1909): leave --> reply=RSSI=-42
D/WifiHW  ( 1909): LINKSPEED=65
D/WifiHW  ( 1909): NOISE=9999
D/WifiHW  ( 1909): FREQUENCY=2412
D/WifiHW  ( 1909): 
D/wifi    ( 1909): doStringCommand, buf IFNAME=wlan0 SIGNAL_POLL
I/WifiStateMachine( 1909): fetchRssiAndLinkSpeedNative, newRssi:-42, newLinkSpeed:65, SSID:"60_dev_01"
D/WifiStateMachine( 1909): mRssiArray[0] = -42
D/WifiStateMachine( 1909): mRssiArray[1] = -42
D/WifiStateMachine( 1909): mRssiArray[2] = -42
D/WifiStateMachine( 1909): mRssiArray[3] = -42
D/WifiStateMachine( 1909): mRssiArray[4] = -42
D/WifiStateMachine( 1909): GetFilterRssi is : -42
D/WifiStateMachine( 1909): mLastSignalLevel:4, newSignalLevel:4
D/WifiStateMachine( 1909): fetchRssiAndLinkSpeedNative, ipAddr:-1711271764
V/ActivityManager( 1909): Broadcast sticky: Intent { act=android.intent.action.ADDITIONAL_BATTERY_CHANGED flg=0x60000010 (has extras) } ordered=false userid=-1 callerApp=null
V/ActivityManager( 1909): Broadcast sticky: Intent { act=android.intent.action.ADDITIONAL_BATTERY_CHANGED flg=0x60000010 (has extras) } ordered=false userid=-1 callerApp=null
V/ActivityManager( 1909): Broadcast sticky: Intent { act=android.intent.action.ADDITIONAL_BATTERY_CHANGED flg=0x60000010 (has extras) } ordered=false userid=-1 callerApp=null
V/Provider/Settings( 1909): get setting for user 0 by user 0 so skipping cache
V/Provider/Settings( 1909):  from settings cache , name = sys_free_storage_log_interval , value = null
V/Provider/Settings( 1909): get setting for user 0 by user 0 so skipping cache
V/Provider/Settings( 1909):  from settings cache , name = disk_free_change_reporting_threshold , value = null
D/AES     ( 1909): AEEIOCTL_RT_MON_Kick IOCTL,lParam=0. 
D/WifiStateMachine( 1909): ConnectedState{ when=-1ms what=131155 arg1=11 target=com.android.internal.util.StateMachine$SmHandler target=Handler (com.android.internal.util.StateMachine$SmHandler) {43155f58} }
D/WifiStateMachine( 1909): L2ConnectedState{ when=-1ms what=131155 arg1=11 target=com.android.internal.util.StateMachine$SmHandler target=Handler (com.android.internal.util.StateMachine$SmHandler) {43155f58} }
D/WifiHW  ( 1909): enter -->wifi_send_command cmd=IFNAME=wlan0 SIGNAL_POLL
D/wpa_supplicant( 4185): RX ctrl_iface - hexdump(len=11): 53 49 47 4e 41 4c 5f 50 4f 4c 4c
D/wpa_supplicant( 4185): wlan0: Control interface command 'SIGNAL_POLL'
D/wpa_supplicant( 4185): nl80211: survey data missing!
D/wpa_supplicant( 4185): signal poll, reply_len=48
D/wpa_ctrl( 1909): reply_len=4095
D/WifiHW  ( 1909): leave --> reply=RSSI=-41
D/WifiHW  ( 1909): LINKSPEED=65
D/WifiHW  ( 1909): NOISE=9999
D/WifiHW  ( 1909): FREQUENCY=2412
D/WifiHW  ( 1909): 
D/wifi    ( 1909): doStringCommand, buf IFNAME=wlan0 SIGNAL_POLL
I/WifiStateMachine( 1909): fetchRssiAndLinkSpeedNative, newRssi:-41, newLinkSpeed:65, SSID:"60_dev_01"
D/WifiStateMachine( 1909): mRssiArray[0] = -42
D/WifiStateMachine( 1909): mRssiArray[1] = -42
D/WifiStateMachine( 1909): mRssiArray[2] = -42
D/WifiStateMachine( 1909): mRssiArray[3] = -42
D/WifiStateMachine( 1909): mRssiArray[4] = -42
D/WifiStateMachine( 1909): GetFilterRssi is : -41
D/WifiStateMachine( 1909): mLastSignalLevel:4, newSignalLevel:4
D/WifiStateMachine( 1909): fetchRssiAndLinkSpeedNative, ipAddr:-1711271764
D/com.nearme.statistics.rom( 4788): addDataToDB-size:18
D/SQLiteDatabase( 4788): beginTransaction()
D/SQLiteDatabase( 4788): endTransaction()
D/com.nearme.statistics.rom( 4788): DBRunnable add data
D/dalvikvm( 4619): create interp thread : stack size=128KB
D/dalvikvm( 4619): create new thread
D/dalvikvm( 4619): new thread created
D/dalvikvm( 4619): update thread list
D/dalvikvm( 4619): threadid=21: interp stack at 0x7c10e000
D/dalvikvm( 4619): threadid=21: created from interp
D/dalvikvm( 4619): start new thread
D/dalvikvm( 4619): threadid=21: notify debugger
D/dalvikvm( 4619): threadid=21 (Thread-347): calling run()
I/KSO_STAT( 4619): App is in background, stop update end time, ready to start a new session.
D/SQLiteDatabase( 4619): beginTransaction()
D/SQLiteDatabase( 4619): endTransaction()
D/dalvikvm( 4619): threadid=21: exiting
D/dalvikvm( 4619): threadid=21: bye!
D/WifiStateMachine( 1909): ConnectedState{ when=-4ms what=131155 arg1=11 target=com.android.internal.util.StateMachine$SmHandler target=Handler (com.android.internal.util.StateMachine$SmHandler) {43155f58} }
D/WifiStateMachine( 1909): L2ConnectedState{ when=-4ms what=131155 arg1=11 target=com.android.internal.util.StateMachine$SmHandler target=Handler (com.android.internal.util.StateMachine$SmHandler) {43155f58} }
D/WifiHW  ( 1909): enter -->wifi_send_command cmd=IFNAME=wlan0 SIGNAL_POLL
D/wpa_supplicant( 4185): RX ctrl_iface - hexdump(len=11): 53 49 47 4e 41 4c 5f 50 4f 4c 4c
D/wpa_supplicant( 4185): wlan0: Control interface command 'SIGNAL_POLL'
D/wpa_supplicant( 4185): nl80211: survey data missing!
D/wpa_supplicant( 4185): signal poll, reply_len=48
D/wpa_ctrl( 1909): reply_len=4095
D/WifiHW  ( 1909): leave --> reply=RSSI=-41
D/WifiHW  ( 1909): LINKSPEED=65
D/WifiHW  ( 1909): NOISE=9999
D/WifiHW  ( 1909): FREQUENCY=2412
D/WifiHW  ( 1909): 
D/wifi    ( 1909): doStringCommand, buf IFNAME=wlan0 SIGNAL_POLL
I/WifiStateMachine( 1909): fetchRssiAndLinkSpeedNative, newRssi:-41, newLinkSpeed:65, SSID:"60_dev_01"
D/WifiStateMachine( 1909): mRssiArray[0] = -41
D/WifiStateMachine( 1909): mRssiArray[1] = -42
D/WifiStateMachine( 1909): mRssiArray[2] = -42
D/WifiStateMachine( 1909): mRssiArray[3] = -42
D/WifiStateMachine( 1909): mRssiArray[4] = -42
D/WifiStateMachine( 1909): GetFilterRssi is : -41
D/WifiStateMachine( 1909): mLastSignalLevel:4, newSignalLevel:4
D/WifiStateMachine( 1909): fetchRssiAndLinkSpeedNative, ipAddr:-1711271764
V/ActivityManager( 1909): Broadcast sticky: Intent { act=android.intent.action.ADDITIONAL_BATTERY_CHANGED flg=0x60000010 (has extras) } ordered=false userid=-1 callerApp=null
V/ActivityManager( 1909): Broadcast sticky: Intent { act=android.intent.action.ADDITIONAL_BATTERY_CHANGED flg=0x60000010 (has extras) } ordered=false userid=-1 callerApp=null
V/ActivityManager( 1909): Broadcast sticky: Intent { act=android.intent.action.ADDITIONAL_BATTERY_CHANGED flg=0x60000010 (has extras) } ordered=false userid=-1 callerApp=null
D/PhoneInterfaceManagerEx( 4362): [PhoneIntfMgrEx] hasIccCard  simId=0
D/PhoneInterfaceManagerEx( 4362): [PhoneIntfMgrEx] hasIccCard  simId=1
D/WifiStateMachine( 1909): ConnectedState{ when=-3ms what=131155 arg1=11 target=com.android.internal.util.StateMachine$SmHandler target=Handler (com.android.internal.util.StateMachine$SmHandler) {43155f58} }
D/WifiStateMachine( 1909): L2ConnectedState{ when=-3ms what=131155 arg1=11 target=com.android.internal.util.StateMachine$SmHandler target=Handler (com.android.internal.util.StateMachine$SmHandler) {43155f58} }
D/WifiHW  ( 1909): enter -->wifi_send_command cmd=IFNAME=wlan0 SIGNAL_POLL
D/wpa_supplicant( 4185): RX ctrl_iface - hexdump(len=11): 53 49 47 4e 41 4c 5f 50 4f 4c 4c
D/wpa_supplicant( 4185): wlan0: Control interface command 'SIGNAL_POLL'
D/wpa_supplicant( 4185): nl80211: survey data missing!
D/wpa_supplicant( 4185): signal poll, reply_len=48
D/wpa_ctrl( 1909): reply_len=4095
D/WifiHW  ( 1909): leave --> reply=RSSI=-42
D/WifiHW  ( 1909): LINKSPEED=65
D/WifiHW  ( 1909): NOISE=9999
D/WifiHW  ( 1909): FREQUENCY=2412
D/WifiHW  ( 1909): 
D/wifi    ( 1909): doStringCommand, buf IFNAME=wlan0 SIGNAL_POLL
I/WifiStateMachine( 1909): fetchRssiAndLinkSpeedNative, newRssi:-42, newLinkSpeed:65, SSID:"60_dev_01"
D/WifiStateMachine( 1909): mRssiArray[0] = -41
D/WifiStateMachine( 1909): mRssiArray[1] = -41
D/WifiStateMachine( 1909): mRssiArray[2] = -42
D/WifiStateMachine( 1909): mRssiArray[3] = -42
D/WifiStateMachine( 1909): mRssiArray[4] = -42
D/WifiStateMachine( 1909): GetFilterRssi is : -41
D/WifiStateMachine( 1909): mLastSignalLevel:4, newSignalLevel:4
D/WifiStateMachine( 1909): fetchRssiAndLinkSpeedNative, ipAddr:-1711271764
D/dalvikvm( 4619): create interp thread : stack size=128KB
D/dalvikvm( 4619): create new thread
D/dalvikvm( 4619): new thread created
D/dalvikvm( 4619): update thread list
D/dalvikvm( 4619): threadid=21: interp stack at 0x7c10e000
D/dalvikvm( 4619): threadid=21: created from interp
D/dalvikvm( 4619): start new thread
D/dalvikvm( 4619): threadid=21: notify debugger
D/dalvikvm( 4619): threadid=21 (Thread-348): calling run()
I/KSO_STAT( 4619): App is in background, stop update end time, ready to start a new session.
D/SQLiteDatabase( 4619): beginTransaction()
D/SQLiteDatabase( 4619): endTransaction()
D/dalvikvm( 4619): threadid=21: exiting
D/dalvikvm( 4619): threadid=21: bye!
V/ActivityManager( 1909): Broadcast: Intent { act=com.kingroot.common.action.DROPBOX_SCAN_ALARM flg=0x10 cmp=com.kingroot.master/com.kingroot.common.framework.broadcast.KSysBroadcastReceiver } ordered=false userid=0 callerApp=ProcessRecord{432a3280 5580:com.kingroot.master:service/u0a98}
D/ActivityThread( 5580): BDC-Calling onReceive: intent=Intent { act=com.kingroot.common.action.DROPBOX_SCAN_ALARM flg=0x10 cmp=com.kingroot.master/com.kingroot.common.framework.broadcast.KSysBroadcastReceiver }, ordered=true, receiver=com.kingroot.common.framework.broadcast.KSysBroadcastReceiver@42960fb0
D/dalvikvm(  246): threadid=4: exiting
D/dalvikvm(  246): threadid=4: bye!
D/dalvikvm(  246): threadid=3: exiting
D/dalvikvm(  246): threadid=3: bye!
D/dalvikvm(  246): threadid=2: exiting
D/dalvikvm(  246): threadid=2: bye!
D/dalvikvm(  246): pre gc
D/dalvikvm(  246): Zygote::ForkAndSpecialize +
D/dalvikvm(13622): Zygote::ForkAndSpecialize : 0
D/dalvikvm(13622): zygote get new systemTid : 13622
D/dalvikvm(13622): threadid=2: interp stack at 0x72f8e000
D/dalvikvm(13622): threadid=3: interp stack at 0x730ae000
D/dalvikvm(13622): Elevating priority from 0 to -8
D/dalvikvm(13622): threadid=4: interp stack at 0x731ce000
D/dalvikvm(13622): zygote get thread init done
D/dalvikvm(13622): create interp thread : stack size=128KB
D/dalvikvm(13622): create new thread
D/dalvikvm(13622): new thread created
D/dalvikvm(13622): update thread list
D/dalvikvm(13622): threadid=5: interp stack at 0x77749000
D/dalvikvm(13622): threadid=5: created from interp
D/dalvikvm(13622): start new thread
D/dalvikvm(13622): create interp thread : stack size=128KB
D/dalvikvm(13622): create new thread
D/dalvikvm(13622): new thread created
D/dalvikvm(13622): update thread list
D/dalvikvm(13622): threadid=5: notify debugger
D/dalvikvm(13622): threadid=5 (ReferenceQueueDaemon): calling run()
D/dalvikvm(13622): threadid=6: interp stack at 0x77867000
D/dalvikvm(13622): threadid=6: created from interp
D/dalvikvm(13622): start new thread
D/dalvikvm(13622): create interp thread : stack size=128KB
D/dalvikvm(13622): create new thread
D/dalvikvm(13622): new thread created
D/dalvikvm(13622): update thread list
D/dalvikvm(13622): threadid=6: notify debugger
D/dalvikvm(13622): threadid=6 (FinalizerDaemon): calling run()
D/dalvikvm(13622): threadid=7: interp stack at 0x77985000
D/dalvikvm(13622): threadid=7: created from interp
D/dalvikvm(13622): start new thread
D/dalvikvm(  246): Zygote::ForkAndSpecialize : 13622
D/dalvikvm(  246): create interp thread : stack size=128KB
D/dalvikvm(  246): create new thread
D/dalvikvm(  246): new thread created
D/dalvikvm(  246): update thread list
D/dalvikvm(  246): threadid=2: interp stack at 0x72e8e000
D/dalvikvm(  246): threadid=2: created from interp
D/dalvikvm(  246): start new thread
D/dalvikvm(  246): create interp thread : stack size=128KB
D/dalvikvm(  246): create new thread
D/dalvikvm(  246): new thread created
D/dalvikvm(  246): update thread list
D/dalvikvm(  246): threadid=2: notify debugger
D/dalvikvm(  246): threadid=2 (ReferenceQueueDaemon): calling run()
D/dalvikvm(  246): threadid=3: interp stack at 0x72fae000
D/dalvikvm(  246): threadid=3: created from interp
D/dalvikvm(  246): start new thread
D/dalvikvm(  246): create interp thread : stack size=128KB
D/dalvikvm(  246): create new thread
D/dalvikvm(  246): new thread created
D/dalvikvm(  246): update thread list
D/dalvikvm(  246): threadid=3: notify debugger
D/dalvikvm(  246): threadid=3 (FinalizerDaemon): calling run()
D/dalvikvm(13622): threadid=7: notify debugger
D/dalvikvm(13622): threadid=7 (FinalizerWatchdogDaemon): calling run()
D/dalvikvm(13622): threadid=8: interp stack at 0x77d9f000
D/dalvikvm(  246): threadid=4: interp stack at 0x730ce000
D/dalvikvm(  246): threadid=4: created from interp
D/dalvikvm(  246): start new thread
D/dalvikvm(  246): threadid=4: notify debugger
D/dalvikvm(  246): threadid=4 (FinalizerWatchdogDaemon): calling run()
I/ActivityManager( 1909): Start proc com.kingroot.master:task for service com.kingroot.master/com.kingroot.common.framework.task.KTaskSysService: pid=13622 uid=10098 gids={50098, 3003, 1028, 1015, 1023, 3002, 3001}
D/ActivityManager( 1909):  (1) delay start com.kingroot.master:task startResult.usingWrapper false
D/usage_raw_part( 1909): write content:current_data_size = 1023
D/usage_raw_part( 1909): write content:dataContentBuffer = com.kingroot.master:task|2017-12-20 17:06:59
D/usage_raw_part( 1909): write content:current_item_index = 593
D/usage_raw_part( 1909): write content:maxItemSize = 1023
D/usage_raw_part( 1909): write content in replace mode, current index:593
D/usage_raw_part( 1909): write content in replace mode, save item content res:44
D/usage_raw_part( 1909): write content in replace mode, save new item index res:32
D/dalvikvm(13622): threadid=9: interp stack at 0x77ebd000
D/OppoUsageService( 1909): writeHistoryRecord[AppUsage], saveRes = 1
D/ActivityThread( 5580): BDC-RECEIVER handled : 0 / ReceiverData{intent=Intent { act=com.kingroot.common.action.DROPBOX_SCAN_ALARM flg=0x10 cmp=com.kingroot.master/com.kingroot.common.framework.broadcast.KSysBroadcastReceiver } packageName=com.kingroot.master resultCode=-1 resultData=null resultExtras=null}
V/ActivityManager( 1909): ensureActivitiesVisibleLocked: consider front
V/ActivityManager( 1909): ensureActivitiesVisibleLocked: consider back
