V/ActivityManager( 1909): Broadcast: Intent { act=oppo.intent.action.CANCEL.MISSED.CALL.NOTIFICATIONS flg=0x10 } ordered=false userid=0 callerApp=ProcessRecord{4310aff8 4685:com.android.dialer/u0a4}
D/ActivityThread( 4685): hoder:android.app.IActivityManager$ContentProviderHolder@42972310,provider,holder.Provider:android.content.ContentProviderProxy@42ff38e8
V/ActivityManager( 1909): ACT-Activity idle: Token{4279f700 ActivityRecord{431c6cd8 u0 com.android.phone/.PrivilegedOutgoingCallBroadcaster t17}}
V/ActivityManager( 1909): ensureActivitiesVisibleLocked: consider front
V/ActivityManager( 1909): ensureActivitiesVisibleLocked: consider back
D/ActivityThread( 4362): BDC-Calling onReceive: intent=Intent { act=oppo.intent.action.CANCEL.MISSED.CALL.NOTIFICATIONS flg=0x10 cmp=com.android.phone/.OppoMissedCallAlertReceiver }, ordered=true, receiver=com.android.phone.OppoMissedCallAlertReceiver@42de16f0
D/ActivityThread( 4362): BDC-RECEIVER handled : 0 / ReceiverData{intent=Intent { act=oppo.intent.action.CANCEL.MISSED.CALL.NOTIFICATIONS flg=0x10 cmp=com.android.phone/.OppoMissedCallAlertReceiver } packageName=com.android.phone resultCode=-1 resultData=null resultExtras=null}
W/InputMethodManagerService( 1909): Ignoring showSoftInput of uid 10275: com.android.internal.view.IInputMethodClient$Stub$Proxy@4303ea48
I/NotificationService( 1909): enqueueToast pkg=com.sixty.nidoneClient callback=android.app.ITransientNotification$Stub$Proxy@434a0f60 duration=0
D/NotificationService( 1909): Show pkg=com.sixty.nidoneClient callback=android.app.ITransientNotification$Stub$Proxy@434a0f60
I/ActivityManager( 1909): START u0 {act=android.settings.AIRPLANE_MODE_SETTINGS flg=0x10000000 cmp=com.android.settings/.Settings$WirelessSettingsActivity} from pid 4362
E/ActivityManager( 1909): START {act=android.settings.AIRPLANE_MODE_SETTINGS flg=0x10000000 cmp=com.android.settings/.Settings$WirelessSettingsActivity u=0} from pid 4362
D/ActivityManager( 1909): ACT-moveHomeTask toFront : false homeInFront = false
D/ActivityManager( 1909): ACT-BMW, insertTaskAtTop fromHome = false lastStack = ActivityStack{434bd280 stackId=4, 7 tasks} this = ActivityStack{434bd280 stackId=4, 7 tasks} topTask() = TaskRecord{42768988 #17 A=com.android.phone U=0 sz=1}
D/ActivityManager( 1909): ACT-BMW, insertTaskAtTop fromHome = false lastStack = ActivityStack{434bd280 stackId=4, 8 tasks} this = ActivityStack{434bd280 stackId=4, 8 tasks} topTask() = TaskRecord{435f7370 #18 A=com.android.settings U=0 sz=0}
I/WindowManager( 1909): handleNotObscuredLocked: w=Window{43059888 u0 Toast}
I/WindowManager( 1909): setHoldScreenLocked: hold=true
I/WindowManager( 1909): setHoldScreenLocked: hold=true, pid=9136, uid=10275
W/InputMethodManagerService( 1909): Ignoring showSoftInput of uid 10275: com.android.internal.view.IInputMethodClient$Stub$Proxy@432a1fe8
V/WindowManager( 1909): Changing focus from Window{42e6b800 u0 com.android.phone/com.android.phone.PrivilegedOutgoingCallBroadcaster} to null Callers=com.android.server.wm.WindowManagerService.setFocusedApp:4747 com.android.server.am.ActivityManagerService.setFocusedActivityLocked:2623 com.android.server.am.ActivityStackSupervisor.startActivityUncheckedLocked:3315 com.android.server.am.ActivityStackSupervisor.startActivityLocked:2100 
I/WindowManager( 1909): Losing focus: Window{42e6b800 u0 com.android.phone/com.android.phone.PrivilegedOutgoingCallBroadcaster}
W/ViewRootImpl( 4362): Dropping event due to root view being removed: MotionEvent { action=ACTION_POINTER_DOWN(1), id[0]=0, x[0]=856.944, y[0]=846.41736, toolType[0]=TOOL_TYPE_UNKNOWN, id[1]=1, x[1]=340.0, y[1]=-321.0, toolType[1]=TOOL_TYPE_UNKNOWN, buttonState=0, metaState=0, flags=0x0, edgeFlags=0x0, pointerCount=2, historySize=0, eventTime=1117614, downTime=1117613, deviceId=0, source=0x1002 }
W/ViewRootImpl( 4362): Dropping event due to root view being removed: MotionEvent { action=ACTION_MOVE, id[0]=0, x[0]=906.26495, y[0]=828.21155, toolType[0]=TOOL_TYPE_UNKNOWN, id[1]=1, x[1]=281.21735, y[1]=-292.19342, toolType[1]=TOOL_TYPE_UNKNOWN, buttonState=0, metaState=0, flags=0x0, edgeFlags=0x0, pointerCount=2, historySize=4, eventTime=1117620, downTime=1117613, deviceId=0, source=0x1002 }
W/ViewRootImpl( 4362): Dropping event due to root view being removed: MotionEvent { action=ACTION_POINTER_UP(1), id[0]=0, x[0]=909.5995, y[0]=821.5735, toolType[0]=TOOL_TYPE_UNKNOWN, id[1]=1, x[1]=264.6919, y[1]=-283.86243, toolType[1]=TOOL_TYPE_UNKNOWN, buttonState=0, metaState=0, flags=0x0, edgeFlags=0x0, pointerCount=2, historySize=0, eventTime=1117621, downTime=1117613, deviceId=0, source=0x1002 }
W/ViewRootImpl( 4362): Dropping event due to root view being removed: MotionEvent { action=ACTION_UP, id[0]=0, x[0]=926.0437, y[0]=814.2717, toolType[0]=TOOL_TYPE_UNKNOWN, buttonState=0, metaState=0, flags=0x0, edgeFlags=0x0, pointerCount=1, historySize=0, eventTime=1117623, downTime=1117613, deviceId=0, source=0x1002 }
W/ViewRootImpl( 4362): Dropping event due to root view being removed: MotionEvent { action=ACTION_MOVE, id[0]=0, x[0]=0.0, y[0]=2.0, toolType[0]=TOOL_TYPE_UNKNOWN, buttonState=0, metaState=0, flags=0x0, edgeFlags=0x0, pointerCount=1, historySize=9, eventTime=1117612, downTime=-1, deviceId=0, source=0x10004 }
D/ActivityThread( 4362): ACT-AM_ON_PAUSE_CALLED ActivityRecord{42b9a008 token=android.os.BinderProxy@42b99680 {com.android.phone/com.android.phone.PrivilegedOutgoingCallBroadcaster}}
W/ContextImpl( 1909): Calling a method in the system process without a qualified user: android.app.ContextImpl.sendBroadcast:1345 com.android.server.am.OppoProtectEyeManagerService.sendProtectEyeBroadcast:167 com.android.server.am.OppoProtectEyeManagerService.handleProtectEyeMode:140 com.android.server.am.ActivityStack.resumeTopActivityLocked:2177 com.android.server.am.ActivityStackSupervisor.resumeTopActivitiesLocked:3644 
V/ActivityManager( 1909): Broadcast: Intent { act=android.intent.action.OPPO_ROM_APP_CHANGE flg=0x10 (has extras) } ordered=false userid=0 callerApp=ProcessRecord{4272b1e0 1909:system/1000}
V/ActivityManager( 1909): ensureActivitiesVisibleLocked: consider front
V/ActivityManager( 1909): ensureActivitiesVisibleLocked: consider back
V/ActivityManager( 1909): ensureActivitiesVisibleLocked: consider front
V/ActivityManager( 1909): ensureActivitiesVisibleLocked: consider back
V/ActivityThread(11450): ActivityRecord{42aa3d80 token=android.os.BinderProxy@42a94b88 {com.android.settings/com.android.settings.Settings$WirelessSettingsActivity}}: app=com.android.settings.SettingsApplication@426d8ad0, appName=com.android.settings, pkg=com.android.settings, comp={com.android.settings/com.android.settings.Settings$WirelessSettingsActivity}, dir=/system/priv-app/Settings.apk
D/ActivityThread( 4362): ACT-PAUSE_ACTIVITY handled : 1 / android.os.BinderProxy@42b99680
D/ActivityThread( 4675): BDC-Calling onReceive: intent=Intent { act=android.intent.action.OPPO_ROM_APP_CHANGE flg=0x10 cmp=com.color.safecenter/com.color.datamonitor.networkcontrol.PackageReceiver (has extras) }, ordered=true, receiver=com.color.datamonitor.networkcontrol.PackageReceiver@42eaec00
D/ConnectivityService( 1909): getActiveNetworkInfo:NetworkInfo: type: WIFI[], state: CONNECTED/CONNECTED, reason: (unspecified), extra: "60_dev_01", roaming: false, failover: false, isAvailable: true, isConnectedToProvisioningNetwork: false, simId: 0/1000
W/ActivityManager( 1909): Duplicate finish request for ActivityRecord{431c6cd8 u0 com.android.phone/.PrivilegedOutgoingCallBroadcaster t17 f}
V/ActivityManager( 1909): ACT-Activity idle: null
D/ActivityThread( 4675): BDC-RECEIVER handled : 0 / ReceiverData{intent=Intent { act=android.intent.action.OPPO_ROM_APP_CHANGE flg=0x10 cmp=com.color.safecenter/com.color.datamonitor.networkcontrol.PackageReceiver (has extras) } packageName=com.color.safecenter resultCode=-1 resultData=null resultExtras=null}
W/ActivityManager( 1909): Duplicate finish request for ActivityRecord{431c6cd8 u0 com.android.phone/.PrivilegedOutgoingCallBroadcaster t17 f}
D/ActivityThread( 4362): ACT-DESTROY_ACTIVITY handled : 1 / android.os.BinderProxy@42b99680
V/ActivityThread(11450): Performing resume of ActivityRecord{42aa3d80 token=android.os.BinderProxy@42a94b88 {com.android.settings/com.android.settings.Settings$WirelessSettingsActivity}} finished=false
D/ActivityThread(11450): ACT-AM_ON_RESUME_CALLED ActivityRecord{42aa3d80 token=android.os.BinderProxy@42a94b88 {com.android.settings/com.android.settings.Settings$WirelessSettingsActivity}}
V/ActivityThread(11450): Resume ActivityRecord{42aa3d80 token=android.os.BinderProxy@42a94b88 {com.android.settings/com.android.settings.Settings$WirelessSettingsActivity}} started activity: false, hideForNow: false, finished: false
V/ActivityThread(11450): Resuming ActivityRecord{42aa3d80 token=android.os.BinderProxy@42a94b88 {com.android.settings/com.android.settings.Settings$WirelessSettingsActivity}} with isForward=true
V/ActivityThread(11450): Scheduling idle handler for ActivityRecord{42aa3d80 token=android.os.BinderProxy@42a94b88 {com.android.settings/com.android.settings.Settings$WirelessSettingsActivity}}
D/ActivityThread(11450): ACT-LAUNCH_ACTIVITY handled : 0 / ActivityRecord{42aa3d80 token=android.os.BinderProxy@42a94b88 {com.android.settings/com.android.settings.Settings$WirelessSettingsActivity}}
V/WindowManager( 1909): Changing focus from null to Window{42c01db8 u0 com.android.settings/com.android.settings.Settings$WirelessSettingsActivity} Callers=com.android.server.wm.WindowManagerService.relayoutWindow:3728 com.android.server.wm.Session.relayout:191 android.view.IWindowSession$Stub.onTransact:235 com.android.server.wm.Session.onTransact:126 
I/WindowManager( 1909): Gaining focus: Window{42c01db8 u0 com.android.settings/com.android.settings.Settings$WirelessSettingsActivity}
W/ViewRootImpl(11450): Dropping event due to no window focus: KeyEvent { action=ACTION_DOWN, hashcode=android.view.KeyEvent@427b2ce0, keyCode=KEYCODE_MENU, scanCode=0, metaState=0, flags=0x8, repeatCount=0, eventTime=1117630, downTime=1117630, deviceId=-1, source=0x101 }
W/ViewRootImpl(11450): Dropping event due to no window focus: KeyEvent { action=ACTION_DOWN, hashcode=android.view.KeyEvent@427e8ec0, keyCode=KEYCODE_DPAD_LEFT, scanCode=0, metaState=0, flags=0x8, repeatCount=0, eventTime=1117789, downTime=1117789, deviceId=-1, source=0x101 }
V/InputMethodManagerService( 1909): windowGainedFocus: android.os.BinderProxy@42a41120 controlFlags=#105 softInputMode=#120 windowFlags=#1810100
V/ActivityManager( 1909): Broadcast: Intent { act=com.kingroot.common.ACTION_TOP_ACTIVITY_CHANGED flg=0x10 (has extras) } ordered=false userid=0 callerApp=ProcessRecord{431a6e60 4536:com.kingroot.kinguser:service/u0a97}
W/ContextImpl( 1909): Calling a method in the system process without a qualified user: android.app.ContextImpl.sendBroadcast:1345 com.android.internal.policy.impl.OppoPhoneWindowManager.interceptKeyBeforeQueueing:592 com.android.server.wm.InputMonitor.interceptKeyBeforeQueueing:625 com.android.server.input.InputManagerService.interceptKeyBeforeQueueing:1506 com.android.server.input.InputManagerService.nativeInjectInputEvent:-2 
V/ActivityManager( 1909): Broadcast: Intent { act=SILENCE_ACTION_FOR_OPPO_SPEECH flg=0x10 } ordered=false userid=0 callerApp=ProcessRecord{4272b1e0 1909:system/1000}
V/ActivityManager( 1909): Broadcast: Intent { act=com.kingroot.common.ACTION_TOP_APP_CHANGED flg=0x10 (has extras) } ordered=false userid=0 callerApp=ProcessRecord{431a6e60 4536:com.kingroot.kinguser:service/u0a97}
V/ActivityManager( 1909): Broadcast: Intent { act=com.kingroot.common.ACTION_NEW_APP_STARTED flg=0x10 (has extras) } ordered=false userid=0 callerApp=ProcessRecord{431a6e60 4536:com.kingroot.kinguser:service/u0a97}
D/ActivityThread( 4536): BDC-Calling onReceive: intent=Intent { act=com.kingroot.common.ACTION_TOP_ACTIVITY_CHANGED flg=0x10 cmp=com.kingroot.kinguser/com.kingroot.common.framework.broadcast.KSysBroadcastReceiver (has extras) }, ordered=true, receiver=com.kingroot.common.framework.broadcast.KSysBroadcastReceiver@43180cd8
D/ActivityThread( 4536): BDC-RECEIVER handled : 0 / ReceiverData{intent=Intent { act=com.kingroot.common.ACTION_TOP_ACTIVITY_CHANGED flg=0x10 cmp=com.kingroot.kinguser/com.kingroot.common.framework.broadcast.KSysBroadcastReceiver (has extras) } packageName=com.kingroot.kinguser resultCode=-1 resultData=null resultExtras=null}
D/ActivityThread( 9285): BDC-Calling onReceive: intent=Intent { act=SILENCE_ACTION_FOR_OPPO_SPEECH flg=0x10 cmp=com.oppo.speechassist/.IncomingCallReceiver }, ordered=true, receiver=com.oppo.speechassist.IncomingCallReceiver@427de3a8
D/ActivityThread( 9285): BDC-RECEIVER handled : 0 / ReceiverData{intent=Intent { act=SILENCE_ACTION_FOR_OPPO_SPEECH flg=0x10 cmp=com.oppo.speechassist/.IncomingCallReceiver } packageName=com.oppo.speechassist resultCode=-1 resultData=null resultExtras=null}
D/ActivityThread( 4536): BDC-Calling onReceive: intent=Intent { act=com.kingroot.common.ACTION_TOP_APP_CHANGED flg=0x10 cmp=com.kingroot.kinguser/com.kingroot.common.framework.broadcast.KSysBroadcastReceiver (has extras) }, ordered=true, receiver=com.kingroot.common.framework.broadcast.KSysBroadcastReceiver@42ab6ce8
D/ActivityThread( 4536): BDC-RECEIVER handled : 0 / ReceiverData{intent=Intent { act=com.kingroot.common.ACTION_TOP_APP_CHANGED flg=0x10 cmp=com.kingroot.kinguser/com.kingroot.common.framework.broadcast.KSysBroadcastReceiver (has extras) } packageName=com.kingroot.kinguser resultCode=-1 resultData=null resultExtras=null}
D/ActivityThread( 4536): BDC-Calling onReceive: intent=Intent { act=com.kingroot.common.ACTION_NEW_APP_STARTED flg=0x10 cmp=com.kingroot.kinguser/com.kingroot.common.framework.broadcast.KSysBroadcastReceiver (has extras) }, ordered=true, receiver=com.kingroot.common.framework.broadcast.KSysBroadcastReceiver@42ed8ea0
D/ActivityThread( 4536): BDC-RECEIVER handled : 0 / ReceiverData{intent=Intent { act=com.kingroot.common.ACTION_NEW_APP_STARTED flg=0x10 cmp=com.kingroot.kinguser/com.kingroot.common.framework.broadcast.KSysBroadcastReceiver (has extras) } packageName=com.kingroot.kinguser resultCode=-1 resultData=null resultExtras=null}
V/ActivityManager( 1909): Broadcast sticky: Intent { act=android.media.RINGER_MODE_CHANGED flg=0x24000010 (has extras) } ordered=false userid=-1 callerApp=ProcessRecord{4272b1e0 1909:system/1000}
I/ActivityManagerPlus( 1909): Receive: Intent { act=android.media.RINGER_MODE_CHANGED flg=0x24000010 (has extras) }
V/ActivityManager( 1909): Broadcast: Intent { act=android.media.VOLUME_CHANGED_ACTION flg=0x10 (has extras) } ordered=false userid=-1 callerApp=ProcessRecord{4272b1e0 1909:system/1000}
V/ActivityManager( 1909): Broadcast: Intent { act=android.media.VOLUME_CHANGED_ACTION flg=0x10 (has extras) } ordered=false userid=-1 callerApp=ProcessRecord{4272b1e0 1909:system/1000}
D/ActivityThread(11450): BDC-Calling onReceive: intent=Intent { act=android.media.RINGER_MODE_CHANGED flg=0x24000010 cmp=com.android.settings/com.oppo.settings.MediaStreamVolumeDealReciever (has extras) }, ordered=true, receiver=com.oppo.settings.MediaStreamVolumeDealReciever@42891528
V/ActivityManager( 1909): Broadcast: Intent { act=android.media.VOLUME_CHANGED_ACTION flg=0x10 (has extras) } ordered=false userid=-1 callerApp=ProcessRecord{4272b1e0 1909:system/1000}
D/ActivityThread(11450): BDC-RECEIVER handled : 0 / ReceiverData{intent=Intent { act=android.media.RINGER_MODE_CHANGED flg=0x24000010 cmp=com.android.settings/com.oppo.settings.MediaStreamVolumeDealReciever (has extras) } packageName=com.android.settings resultCode=-1 resultData=null resultExtras=null}
V/ActivityManager( 1909): Broadcast: Intent { act=android.media.VOLUME_CHANGED_ACTION flg=0x10 (has extras) } ordered=false userid=-1 callerApp=ProcessRecord{4272b1e0 1909:system/1000}
V/ActivityManager( 1909): Broadcast: Intent { act=android.media.VOLUME_CHANGED_ACTION flg=0x10 (has extras) } ordered=false userid=-1 callerApp=ProcessRecord{4272b1e0 1909:system/1000}
D/ActivityThread(11450): BDC-Calling onReceive: intent=Intent { act=android.media.VOLUME_CHANGED_ACTION flg=0x10 cmp=com.android.settings/com.oppo.settings.MediaStreamVolumeDealReciever (has extras) }, ordered=true, receiver=com.oppo.settings.MediaStreamVolumeDealReciever@429b7bc8
D/ActivityThread(11450): BDC-RECEIVER handled : 0 / ReceiverData{intent=Intent { act=android.media.VOLUME_CHANGED_ACTION flg=0x10 cmp=com.android.settings/com.oppo.settings.MediaStreamVolumeDealReciever (has extras) } packageName=com.android.settings resultCode=-1 resultData=null resultExtras=null}
V/ActivityManager( 1909): Broadcast: Intent { act=android.media.VOLUME_CHANGED_ACTION flg=0x10 (has extras) } ordered=false userid=-1 callerApp=ProcessRecord{4272b1e0 1909:system/1000}
V/ActivityManager( 1909): Broadcast: Intent { act=android.media.VOLUME_CHANGED_ACTION flg=0x10 (has extras) } ordered=false userid=-1 callerApp=ProcessRecord{4272b1e0 1909:system/1000}
V/ActivityManager( 1909): Broadcast: Intent { act=android.media.VOLUME_CHANGED_ACTION flg=0x10 (has extras) } ordered=false userid=-1 callerApp=ProcessRecord{4272b1e0 1909:system/1000}
V/ActivityManager( 1909): Broadcast: Intent { act=android.media.VOLUME_CHANGED_ACTION flg=0x10 (has extras) } ordered=false userid=-1 callerApp=ProcessRecord{4272b1e0 1909:system/1000}
V/ActivityManager( 1909): Broadcast: Intent { act=android.media.VOLUME_CHANGED_ACTION flg=0x10 (has extras) } ordered=false userid=-1 callerApp=ProcessRecord{4272b1e0 1909:system/1000}
V/ActivityManager( 1909): Broadcast: Intent { act=android.media.VOLUME_CHANGED_ACTION flg=0x10 (has extras) } ordered=false userid=-1 callerApp=ProcessRecord{4272b1e0 1909:system/1000}
V/ActivityManager( 1909): Broadcast: Intent { act=android.media.VOLUME_CHANGED_ACTION flg=0x10 (has extras) } ordered=false userid=-1 callerApp=ProcessRecord{4272b1e0 1909:system/1000}
V/ActivityManager( 1909): Broadcast: Intent { act=android.media.VOLUME_CHANGED_ACTION flg=0x10 (has extras) } ordered=false userid=-1 callerApp=ProcessRecord{4272b1e0 1909:system/1000}
V/ActivityManager( 1909): Broadcast: Intent { act=android.media.VOLUME_CHANGED_ACTION flg=0x10 (has extras) } ordered=false userid=-1 callerApp=ProcessRecord{4272b1e0 1909:system/1000}
D/ActivityThread(11450): BDC-Calling onReceive: intent=Intent { act=android.media.VOLUME_CHANGED_ACTION flg=0x10 cmp=com.android.settings/com.oppo.settings.MediaStreamVolumeDealReciever (has extras) }, ordered=true, receiver=com.oppo.settings.MediaStreamVolumeDealReciever@42877b80
D/ActivityThread(11450): BDC-RECEIVER handled : 0 / ReceiverData{intent=Intent { act=android.media.VOLUME_CHANGED_ACTION flg=0x10 cmp=com.android.settings/com.oppo.settings.MediaStreamVolumeDealReciever (has extras) } packageName=com.android.settings resultCode=-1 resultData=null resultExtras=null}
V/ActivityManager( 1909): Broadcast: Intent { act=android.media.VOLUME_CHANGED_ACTION flg=0x10 (has extras) } ordered=false userid=-1 callerApp=ProcessRecord{4272b1e0 1909:system/1000}
V/ActivityManager( 1909): Broadcast: Intent { act=android.media.VOLUME_CHANGED_ACTION flg=0x10 (has extras) } ordered=false userid=-1 callerApp=ProcessRecord{4272b1e0 1909:system/1000}
V/ActivityManager( 1909): Broadcast: Intent { act=android.media.VOLUME_CHANGED_ACTION flg=0x10 (has extras) } ordered=false userid=-1 callerApp=ProcessRecord{4272b1e0 1909:system/1000}
V/ActivityManager( 1909): Broadcast: Intent { act=android.media.VOLUME_CHANGED_ACTION flg=0x10 (has extras) } ordered=false userid=-1 callerApp=ProcessRecord{4272b1e0 1909:system/1000}
V/ActivityManager( 1909): Broadcast: Intent { act=android.media.VOLUME_CHANGED_ACTION flg=0x10 (has extras) } ordered=false userid=-1 callerApp=ProcessRecord{4272b1e0 1909:system/1000}
V/ActivityManager( 1909): Broadcast: Intent { act=android.media.VOLUME_CHANGED_ACTION flg=0x10 (has extras) } ordered=false userid=-1 callerApp=ProcessRecord{4272b1e0 1909:system/1000}
V/ActivityManager( 1909): Broadcast: Intent { act=android.media.VOLUME_CHANGED_ACTION flg=0x10 (has extras) } ordered=false userid=-1 callerApp=ProcessRecord{4272b1e0 1909:system/1000}
V/ActivityManager( 1909): Broadcast: Intent { act=android.media.VOLUME_CHANGED_ACTION flg=0x10 (has extras) } ordered=false userid=-1 callerApp=ProcessRecord{4272b1e0 1909:system/1000}
D/ActivityThread(11450): BDC-Calling onReceive: intent=Intent { act=android.media.VOLUME_CHANGED_ACTION flg=0x10 cmp=com.android.settings/com.oppo.settings.MediaStreamVolumeDealReciever (has extras) }, ordered=true, receiver=com.oppo.settings.MediaStreamVolumeDealReciever@426f58c8
D/ActivityThread(11450): BDC-RECEIVER handled : 0 / ReceiverData{intent=Intent { act=android.media.VOLUME_CHANGED_ACTION flg=0x10 cmp=com.android.settings/com.oppo.settings.MediaStreamVolumeDealReciever (has extras) } packageName=com.android.settings resultCode=-1 resultData=null resultExtras=null}
V/ActivityManager( 1909): Broadcast: Intent { act=android.media.VOLUME_CHANGED_ACTION flg=0x10 (has extras) } ordered=false userid=-1 callerApp=ProcessRecord{4272b1e0 1909:system/1000}
D/ActivityThread(11450): BDC-Calling onReceive: intent=Intent { act=android.media.VOLUME_CHANGED_ACTION flg=0x10 cmp=com.android.settings/com.oppo.settings.MediaStreamVolumeDealReciever (has extras) }, ordered=true, receiver=com.oppo.settings.MediaStreamVolumeDealReciever@42895d18
D/ActivityThread(11450): BDC-RECEIVER handled : 0 / ReceiverData{intent=Intent { act=android.media.VOLUME_CHANGED_ACTION flg=0x10 cmp=com.android.settings/com.oppo.settings.MediaStreamVolumeDealReciever (has extras) } packageName=com.android.settings resultCode=-1 resultData=null resultExtras=null}
D/ActivityThread(11450): BDC-Calling onReceive: intent=Intent { act=android.media.VOLUME_CHANGED_ACTION flg=0x10 cmp=com.android.settings/com.oppo.settings.MediaStreamVolumeDealReciever (has extras) }, ordered=true, receiver=com.oppo.settings.MediaStreamVolumeDealReciever@4289b438
D/ActivityThread(11450): BDC-RECEIVER handled : 0 / ReceiverData{intent=Intent { act=android.media.VOLUME_CHANGED_ACTION flg=0x10 cmp=com.android.settings/com.oppo.settings.MediaStreamVolumeDealReciever (has extras) } packageName=com.android.settings resultCode=-1 resultData=null resultExtras=null}
I/ActivityManager( 1909): START u0 {act=android.intent.action.MAIN cmp=com.android.settings/.SubSettings (has extras)} from pid 11450
E/ActivityManager( 1909): START {act=android.intent.action.MAIN cmp=com.android.settings/.SubSettings (has extras) u=0} from pid 11450
D/ActivityManager( 1909): ACT-moveHomeTask toFront : false homeInFront = false
V/WindowManager( 1909): Changing focus from Window{42c01db8 u0 com.android.settings/com.android.settings.Settings$WirelessSettingsActivity} to null Callers=com.android.server.wm.WindowManagerService.setFocusedApp:4747 com.android.server.am.ActivityManagerService.setFocusedActivityLocked:2623 com.android.server.am.ActivityStackSupervisor.startActivityUncheckedLocked:3315 com.android.server.am.ActivityStackSupervisor.startActivityLocked:2100 
I/WindowManager( 1909): Losing focus: Window{42c01db8 u0 com.android.settings/com.android.settings.Settings$WirelessSettingsActivity}
V/ActivityManager( 1909): Broadcast: Intent { act=android.media.VOLUME_CHANGED_ACTION flg=0x10 (has extras) } ordered=false userid=-1 callerApp=ProcessRecord{4272b1e0 1909:system/1000}
V/ActivityManager( 1909): Broadcast: Intent { act=android.media.VOLUME_CHANGED_ACTION flg=0x10 (has extras) } ordered=false userid=-1 callerApp=ProcessRecord{4272b1e0 1909:system/1000}
V/ActivityManager( 1909): Broadcast: Intent { act=android.media.VOLUME_CHANGED_ACTION flg=0x10 (has extras) } ordered=false userid=-1 callerApp=ProcessRecord{4272b1e0 1909:system/1000}
V/ActivityManager( 1909): Broadcast: Intent { act=android.media.VOLUME_CHANGED_ACTION flg=0x10 (has extras) } ordered=false userid=-1 callerApp=ProcessRecord{4272b1e0 1909:system/1000}
V/ActivityManager( 1909): Broadcast: Intent { act=android.media.VOLUME_CHANGED_ACTION flg=0x10 (has extras) } ordered=false userid=-1 callerApp=ProcessRecord{4272b1e0 1909:system/1000}
V/ActivityManager( 1909): Broadcast: Intent { act=android.media.VOLUME_CHANGED_ACTION flg=0x10 (has extras) } ordered=false userid=-1 callerApp=ProcessRecord{4272b1e0 1909:system/1000}
V/ActivityManager( 1909): Broadcast: Intent { act=android.media.VOLUME_CHANGED_ACTION flg=0x10 (has extras) } ordered=false userid=-1 callerApp=ProcessRecord{4272b1e0 1909:system/1000}
V/ActivityManager( 1909): Broadcast: Intent { act=android.media.VOLUME_CHANGED_ACTION flg=0x10 (has extras) } ordered=false userid=-1 callerApp=ProcessRecord{4272b1e0 1909:system/1000}
D/ActivityThread(11450): BDC-Calling onReceive: intent=Intent { act=android.media.VOLUME_CHANGED_ACTION flg=0x10 cmp=com.android.settings/com.oppo.settings.MediaStreamVolumeDealReciever (has extras) }, ordered=true, receiver=com.oppo.settings.MediaStreamVolumeDealReciever@429ca160
D/ActivityThread(11450): BDC-RECEIVER handled : 0 / ReceiverData{intent=Intent { act=android.media.VOLUME_CHANGED_ACTION flg=0x10 cmp=com.android.settings/com.oppo.settings.MediaStreamVolumeDealReciever (has extras) } packageName=com.android.settings resultCode=-1 resultData=null resultExtras=null}
D/ActivityThread(11450): ACT-AM_ON_PAUSE_CALLED ActivityRecord{42aa3d80 token=android.os.BinderProxy@42a94b88 {com.android.settings/com.android.settings.Settings$WirelessSettingsActivity}}
V/ActivityManager( 1909): ensureActivitiesVisibleLocked: consider front
V/ActivityManager( 1909): ensureActivitiesVisibleLocked: consider back
V/ActivityManager( 1909): ensureActivitiesVisibleLocked: consider front
V/ActivityManager( 1909): ensureActivitiesVisibleLocked: consider back
V/ActivityManager( 1909): ACT-Activity idle: null
D/ActivityThread(11450): ACT-PAUSE_ACTIVITY handled : 1 / android.os.BinderProxy@42a94b88
V/ActivityThread( 4685): Finishing stop of ActivityRecord{426f7950 token=android.os.BinderProxy@426f70f0 {com.android.dialer/com.android.dialer.DialtactsActivity}}: show=false win=com.android.internal.policy.impl.OppoPhoneWindow@426ffaf8
D/ActivityThread( 4685): ACT-STOP_ACTIVITY_HIDE handled : 0 / android.os.BinderProxy@426f70f0
D/ActivityThread(11450): BDC-Calling onReceive: intent=Intent { act=android.media.VOLUME_CHANGED_ACTION flg=0x10 cmp=com.android.settings/com.oppo.settings.MediaStreamVolumeDealReciever (has extras) }, ordered=true, receiver=com.oppo.settings.MediaStreamVolumeDealReciever@429cedb8
D/ActivityThread(11450): BDC-RECEIVER handled : 0 / ReceiverData{intent=Intent { act=android.media.VOLUME_CHANGED_ACTION flg=0x10 cmp=com.android.settings/com.oppo.settings.MediaStreamVolumeDealReciever (has extras) } packageName=com.android.settings resultCode=-1 resultData=null resultExtras=null}
V/ActivityThread(11450): ActivityRecord{429cdb60 token=android.os.BinderProxy@429cd320 {com.android.settings/com.android.settings.SubSettings}}: app=com.android.settings.SettingsApplication@426d8ad0, appName=com.android.settings, pkg=com.android.settings, comp={com.android.settings/com.android.settings.SubSettings}, dir=/system/priv-app/Settings.apk
V/NetworkStats( 1909): setKernelCounterSet uid=10004 set=0
D/ConnectivityService( 1909): onUidRulesChanged(uid=10004, uidRules=0)
D/ActivityManager( 1909): getContentProviderImpl: from caller=android.app.ApplicationThreadProxy@42d9a370 (pid=4685, userId=0) to get content provider call_log cpr=ContentProviderRecord{4325b7b0 u0 com.android.providers.contacts/.CallLogProvider}
D/ActivityManager( 1909): getContentProviderImpl: updateLruProcessLocked cpr.proc=ProcessRecord{431aff50 5219:android.process.acore/u0a2}
V/ActivityManager( 1909): Broadcast: Intent { act=oppo.intent.action.CANCEL.MISSED.CALL.NOTIFICATIONS flg=0x10 } ordered=false userid=0 callerApp=ProcessRecord{4310aff8 4685:com.android.dialer/u0a4}
D/ActivityThread( 4685): hoder:android.app.IActivityManager$ContentProviderHolder@42931378,provider,holder.Provider:android.content.ContentProviderProxy@42f88cf0
D/ActivityManager( 1909): getContentProviderImpl: from caller=android.app.ApplicationThreadProxy@42addc60 (pid=5219, userId=0) to get content provider telephony cpr=ContentProviderRecord{4324a470 u0 com.android.providers.telephony/.TelephonyProvider}
D/ActivityManager( 1909): getContentProviderImpl: updateLruProcessLocked cpr.proc=ProcessRecord{43187770 4362:com.android.phone/1001}
D/ActivityThread( 5219): hoder:android.app.IActivityManager$ContentProviderHolder@428f8660,provider,holder.Provider:android.content.ContentProviderProxy@428f8cb0
D/ActivityThread( 4685): SVC-Creating service: CreateServiceData{token=android.os.BinderProxy@42972e98 className=com.android.dialer.calllog.CallLogNotificationsService packageName=com.android.dialer intent=null}
D/ActivityThread( 4685): SVC-CREATE_SERVICE handled : 0 / CreateServiceData{token=android.os.BinderProxy@42972e98 className=com.android.dialer.calllog.CallLogNotificationsService packageName=com.android.dialer intent=null}
D/ActivityThread( 4685): SVC-SERVICE_ARGS handled : 0 / ServiceArgsData{token=android.os.BinderProxy@42972e98 startId=1 args=Intent { act=com.android.dialer.calllog.UPDATE_NOTIFICATIONS cmp=com.android.dialer/.calllog.CallLogNotificationsService }}
W/ContextImpl(11450): Calling a method in the system process without a qualified user: android.app.ContextImpl.bindService:1765 android.content.ContextWrapper.bindService:517 android.bluetooth.BluetoothPan.doBind:150 android.bluetooth.BluetoothPan.<init>:142 android.bluetooth.BluetoothAdapter.getProfileProxy:1384 
V/ActivityThread(11450): Performing resume of ActivityRecord{429cdb60 token=android.os.BinderProxy@429cd320 {com.android.settings/com.android.settings.SubSettings}} finished=false
D/ActivityThread(11450): ACT-AM_ON_RESUME_CALLED ActivityRecord{429cdb60 token=android.os.BinderProxy@429cd320 {com.android.settings/com.android.settings.SubSettings}}
V/ActivityThread(11450): Resume ActivityRecord{429cdb60 token=android.os.BinderProxy@429cd320 {com.android.settings/com.android.settings.SubSettings}} started activity: false, hideForNow: false, finished: false
D/ActivityThread( 4685): SVC-Destroying service: com.android.dialer.calllog.CallLogNotificationsService@42f19ea8
D/ActivityThread( 4685): SVC-STOP_SERVICE handled : 0 / android.os.BinderProxy@42972e98
V/ActivityThread(11450): Resuming ActivityRecord{429cdb60 token=android.os.BinderProxy@429cd320 {com.android.settings/com.android.settings.SubSettings}} with isForward=true
V/ActivityThread(11450): Scheduling idle handler for ActivityRecord{429cdb60 token=android.os.BinderProxy@429cd320 {com.android.settings/com.android.settings.SubSettings}}
D/ActivityThread(11450): ACT-LAUNCH_ACTIVITY handled : 0 / ActivityRecord{429cdb60 token=android.os.BinderProxy@429cd320 {com.android.settings/com.android.settings.SubSettings}}
V/WindowManager( 1909): Changing focus from null to Window{4313b470 u0 com.android.settings/com.android.settings.SubSettings} Callers=com.android.server.wm.WindowManagerService.relayoutWindow:3728 com.android.server.wm.Session.relayout:191 android.view.IWindowSession$Stub.onTransact:235 com.android.server.wm.Session.onTransact:126 
I/WindowManager( 1909): Gaining focus: Window{4313b470 u0 com.android.settings/com.android.settings.SubSettings}
I/PackageManager( 1909): mcs_unbind
I/PackageManager( 1909): calling disconnectService()
D/ActivityThread(13283): SVC-UNBIND_SERVICE handled : 0 / BindServiceData{token=android.os.BinderProxy@426d57f0 intent=Intent { cmp=com.android.defcontainer/.DefaultContainerService }}
D/ActivityThread(13283): SVC-Destroying service: com.android.defcontainer.DefaultContainerService@426dd708
D/ActivityThread(13283): SVC-STOP_SERVICE handled : 0 / android.os.BinderProxy@426d57f0
W/ViewRootImpl(11450): Dropping event due to no window focus: KeyEvent { action=ACTION_DOWN, hashcode=android.view.KeyEvent@428d68f8, keyCode=KEYCODE_DPAD_LEFT, scanCode=0, metaState=0, flags=0x8, repeatCount=0, eventTime=1118368, downTime=1118368, deviceId=-1, source=0x101 }
D/ActivityThread(11450): BDC-Calling onReceive: intent=Intent { act=android.media.VOLUME_CHANGED_ACTION flg=0x10 cmp=com.android.settings/com.oppo.settings.MediaStreamVolumeDealReciever (has extras) }, ordered=true, receiver=com.oppo.settings.MediaStreamVolumeDealReciever@428dafb8
D/ActivityThread(11450): BDC-RECEIVER handled : 0 / ReceiverData{intent=Intent { act=android.media.VOLUME_CHANGED_ACTION flg=0x10 cmp=com.android.settings/com.oppo.settings.MediaStreamVolumeDealReciever (has extras) } packageName=com.android.settings resultCode=-1 resultData=null resultExtras=null}
V/ActivityManager( 1909): Broadcast sticky: Intent { act=android.intent.action.ADDITIONAL_BATTERY_CHANGED flg=0x60000010 (has extras) } ordered=false userid=-1 callerApp=null
V/ActivityManager( 1909): Broadcast sticky: Intent { act=android.intent.action.BATTERY_CHANGED flg=0x60000010 (has extras) } ordered=false userid=-1 callerApp=null
V/ActivityManager( 1909): Broadcast sticky: Intent { act=android.intent.action.ADDITIONAL_BATTERY_CHANGED flg=0x60000010 (has extras) } ordered=false userid=-1 callerApp=null
V/ActivityManager( 1909): Broadcast sticky: Intent { act=android.intent.action.ADDITIONAL_BATTERY_CHANGED flg=0x60000010 (has extras) } ordered=false userid=-1 callerApp=null
D/WifiService( 1909): onReceive, action:android.intent.action.BATTERY_CHANGED
D/UsbDeviceManager( 1909): onReceive - BATTERY_CHANGED - mPlugType: 2, mSettingUsbCharging: false, mConnected: true, mSettingUsbBicr: false
D/WifiController( 1909): DeviceActiveState{ when=0 what=155652 arg1=2 target=com.android.internal.util.StateMachine$SmHandler target=Handler (com.android.internal.util.StateMachine$SmHandler) {43167268} }
D/WifiController( 1909): StaEnabledState{ when=-1ms what=155652 arg1=2 target=com.android.internal.util.StateMachine$SmHandler target=Handler (com.android.internal.util.StateMachine$SmHandler) {43167268} }
D/WifiController( 1909): DefaultState{ when=-1ms what=155652 arg1=2 target=com.android.internal.util.StateMachine$SmHandler target=Handler (com.android.internal.util.StateMachine$SmHandler) {43167268} }
D/WifiController( 1909): battery changed pluggedType: 2
W/ViewRootImpl(11450): Dropping event due to no window focus: KeyEvent { action=ACTION_DOWN, hashcode=android.view.KeyEvent@42b09368, keyCode=KEYCODE_DPAD_UP, scanCode=0, metaState=0, flags=0x8, repeatCount=0, eventTime=1118426, downTime=1118426, deviceId=-1, source=0x101 }
V/InputMethodManagerService( 1909): windowGainedFocus: android.os.BinderProxy@42a41120 controlFlags=#105 softInputMode=#120 windowFlags=#1810100
V/ActivityManager( 1909): Broadcast: Intent { act=com.kingroot.common.ACTION_TOP_ACTIVITY_CHANGED flg=0x10 (has extras) } ordered=false userid=0 callerApp=ProcessRecord{431a6e60 4536:com.kingroot.kinguser:service/u0a97}
D/ActivityThread(11450): BDC-Calling onReceive: intent=Intent { act=android.media.VOLUME_CHANGED_ACTION flg=0x10 cmp=com.android.settings/com.oppo.settings.MediaStreamVolumeDealReciever (has extras) }, ordered=true, receiver=com.oppo.settings.MediaStreamVolumeDealReciever@42d07cf0
D/ActivityThread(11450): BDC-RECEIVER handled : 0 / ReceiverData{intent=Intent { act=android.media.VOLUME_CHANGED_ACTION flg=0x10 cmp=com.android.settings/com.oppo.settings.MediaStreamVolumeDealReciever (has extras) } packageName=com.android.settings resultCode=-1 resultData=null resultExtras=null}
D/ActivityThread(11450): BDC-Calling onReceive: intent=Intent { act=android.media.VOLUME_CHANGED_ACTION flg=0x10 cmp=com.android.settings/com.oppo.settings.MediaStreamVolumeDealReciever (has extras) }, ordered=true, receiver=com.oppo.settings.MediaStreamVolumeDealReciever@42cea528
D/ActivityThread(11450): BDC-RECEIVER handled : 0 / ReceiverData{intent=Intent { act=android.media.VOLUME_CHANGED_ACTION flg=0x10 cmp=com.android.settings/com.oppo.settings.MediaStreamVolumeDealReciever (has extras) } packageName=com.android.settings resultCode=-1 resultData=null resultExtras=null}
D/ActivityThread(11450): BDC-Calling onReceive: intent=Intent { act=android.media.VOLUME_CHANGED_ACTION flg=0x10 cmp=com.android.settings/com.oppo.settings.MediaStreamVolumeDealReciever (has extras) }, ordered=true, receiver=com.oppo.settings.MediaStreamVolumeDealReciever@42acff78
D/ActivityThread(11450): BDC-RECEIVER handled : 0 / ReceiverData{intent=Intent { act=android.media.VOLUME_CHANGED_ACTION flg=0x10 cmp=com.android.settings/com.oppo.settings.MediaStreamVolumeDealReciever (has extras) } packageName=com.android.settings resultCode=-1 resultData=null resultExtras=null}
V/ActivityManager( 1909): Broadcast: Intent { act=android.intent.action.CLOSE_SYSTEM_DIALOGS flg=0x50000010 } ordered=false userid=-1 callerApp=null
I/ActivityManager( 1909): START u0 {act=android.intent.action.CALL_BUTTON flg=0x10000000 cmp=com.android.dialer/.DialtactsActivity} from pid 11450
E/ActivityManager( 1909): START {act=android.intent.action.CALL_BUTTON flg=0x10000000 cmp=com.android.dialer/.DialtactsActivity u=0} from pid 11450
D/ActivityManager( 1909): ACT-moveHomeTask toFront : false homeInFront = false
D/ActivityManager( 1909): ACT-moveHomeTask toFront : false homeInFront = false
D/ActivityManager( 1909): ACT-BMW, insertTaskAtTop fromHome = false lastStack = ActivityStack{434bd280 stackId=4, 7 tasks} this = ActivityStack{434bd280 stackId=4, 7 tasks} topTask() = TaskRecord{435f7370 #18 A=com.android.settings U=0 sz=2}
D/ActivityManager( 1909): launchFlags = 10000000, launchMode = 1, realActivity = ComponentInfo{com.android.dialer/com.android.dialer.DialtactsActivity}, task.realActivity = ComponentInfo{com.android.dialer/com.android.dialer.DialtactsActivity}
I/ActivityManager( 1909): topActivity.packageName = com.android.dialer
D/ActivityThread(11450): BDC-Calling onReceive: intent=Intent { act=android.media.VOLUME_CHANGED_ACTION flg=0x10 cmp=com.android.settings/com.oppo.settings.MediaStreamVolumeDealReciever (has extras) }, ordered=true, receiver=com.oppo.settings.MediaStreamVolumeDealReciever@429f4f20
D/ActivityThread(11450): BDC-RECEIVER handled : 0 / ReceiverData{intent=Intent { act=android.media.VOLUME_CHANGED_ACTION flg=0x10 cmp=com.android.settings/com.oppo.settings.MediaStreamVolumeDealReciever (has extras) } packageName=com.android.settings resultCode=-1 resultData=null resultExtras=null}
D/ActivityThread(11450): ACT-AM_ON_PAUSE_CALLED ActivityRecord{429cdb60 token=android.os.BinderProxy@429cd320 {com.android.settings/com.android.settings.SubSettings}}
W/ContextImpl( 1909): Calling a method in the system process without a qualified user: android.app.ContextImpl.sendBroadcast:1345 com.android.server.am.OppoProtectEyeManagerService.sendProtectEyeBroadcast:167 com.android.server.am.OppoProtectEyeManagerService.handleProtectEyeMode:140 com.android.server.am.ActivityStack.resumeTopActivityLocked:2177 com.android.server.am.ActivityStackSupervisor.resumeTopActivitiesLocked:3644 
V/ActivityManager( 1909): Broadcast: Intent { act=android.intent.action.OPPO_ROM_APP_CHANGE flg=0x10 (has extras) } ordered=false userid=0 callerApp=ProcessRecord{4272b1e0 1909:system/1000}
V/ActivityManager( 1909): ensureActivitiesVisibleLocked: consider front
V/ActivityManager( 1909): ensureActivitiesVisibleLocked: consider back
V/ActivityManager( 1909): ensureActivitiesVisibleLocked: consider front
V/ActivityManager( 1909): ensureActivitiesVisibleLocked: consider back
D/ActivityThread( 4685): ACT-NEW_INTENT handled : 0 / NewIntentData{intents=[Intent { act=android.intent.action.CALL_BUTTON dat=content://call_log/calls typ=vnd.android.cursor.dir/calls flg=0x10400000 cmp=com.android.dialer/.DialtactsActivity (has extras) }] token=android.os.BinderProxy@426f70f0}
V/ActivityThread( 4685): Performing resume of ActivityRecord{426f7950 token=android.os.BinderProxy@426f70f0 {com.android.dialer/com.android.dialer.DialtactsActivity}} finished=false
V/WindowManager( 1909): Changing focus from Window{4313b470 u0 com.android.settings/com.android.settings.SubSettings} to null Callers=com.android.server.wm.WindowManagerService.setFocusedApp:4747 com.android.server.am.ActivityManagerService.setFocusedActivityLocked:2623 com.android.server.am.ActivityStack.completeResumeLocked:1313 com.android.server.am.ActivityStack.resumeTopActivityLocked:2396 
D/ActivityThread(11450): ACT-PAUSE_ACTIVITY handled : 1 / android.os.BinderProxy@429cd320
I/WindowManager( 1909): Losing focus: Window{4313b470 u0 com.android.settings/com.android.settings.SubSettings}
V/ActivityManager( 1909): Broadcast: Intent { act=oppo.intent.action.CANCEL.MISSED.CALL.NOTIFICATIONS flg=0x10 } ordered=false userid=0 callerApp=ProcessRecord{4310aff8 4685:com.android.dialer/u0a4}
V/NetworkStats( 1909): setKernelCounterSet uid=10004 set=1
D/ConnectivityService( 1909): onUidRulesChanged(uid=10004, uidRules=0)
V/ActivityManager( 1909): ACT-Activity idle: null
D/ActivityManager( 1909): getContentProviderImpl: from caller=android.app.ApplicationThreadProxy@43580650 (pid=5219, userId=0) to get content provider telephony cpr=ContentProviderRecord{4324a470 u0 com.android.providers.telephony/.TelephonyProvider}
D/ActivityManager( 1909): getContentProviderImpl: updateLruProcessLocked cpr.proc=ProcessRecord{43187770 4362:com.android.phone/1001}
D/ActivityThread( 5219): hoder:android.app.IActivityManager$ContentProviderHolder@428feb00,provider,holder.Provider:android.content.ContentProviderProxy@428ff150
D/TelephonyRegistry( 1909): listen: E pkg=<unknown> events=0x20 myUid=0 callerUid=0
I/TelephonyRegistry( 1909): listen: add new record={pkgForDebug=<unknown> callerUid=0 events=0}
D/TelephonyRegistry( 1909): validateEventsAndUserLocked: valid=false r.callerUid=0 foregroundUser=0 r.events=32 events=16
D/TelephonyRegistry( 1909): validateEventsAndUserLocked: valid=false r.callerUid=0 foregroundUser=0 r.events=32 events=1024
D/TelephonyRegistry( 1909): listen: E pkg=<unknown> events=0x20 myUid=0 callerUid=0
I/TelephonyRegistry( 1909): listen: add new record={pkgForDebug=<unknown> callerUid=0 events=0}
D/TelephonyRegistry( 1909): validateEventsAndUserLocked: valid=false r.callerUid=0 foregroundUser=0 r.events=32 events=16
D/TelephonyRegistry( 1909): validateEventsAndUserLocked: valid=false r.callerUid=0 foregroundUser=0 r.events=32 events=1024
D/ActivityManager( 1909): getContentProviderImpl: from caller=android.app.ApplicationThreadProxy@42f173b0 (pid=4685, userId=0) to get content provider com.android.contacts cpr=ContentProviderRecord{43043580 u0 com.android.providers.contacts/.ContactsProvider2}
D/ActivityManager( 1909): getContentProviderImpl: updateLruProcessLocked cpr.proc=ProcessRecord{431aff50 5219:android.process.acore/u0a2}
D/ActivityThread( 4685): ACT-AM_ON_RESUME_CALLED ActivityRecord{426f7950 token=android.os.BinderProxy@426f70f0 {com.android.dialer/com.android.dialer.DialtactsActivity}}
V/ActivityThread( 4685): Resume ActivityRecord{426f7950 token=android.os.BinderProxy@426f70f0 {com.android.dialer/com.android.dialer.DialtactsActivity}} started activity: false, hideForNow: false, finished: false
V/ActivityThread( 4685): Resuming ActivityRecord{426f7950 token=android.os.BinderProxy@426f70f0 {com.android.dialer/com.android.dialer.DialtactsActivity}} with isForward=true
D/ActivityThread( 4685): hoder:android.app.IActivityManager$ContentProviderHolder@434b2d68,provider,holder.Provider:android.content.ContentProviderProxy@42970338
V/ActivityThread( 4685): Scheduling idle handler for ActivityRecord{426f7950 token=android.os.BinderProxy@426f70f0 {com.android.dialer/com.android.dialer.DialtactsActivity}}
D/ActivityThread( 4685): ACT-RESUME_ACTIVITY handled : 1 / android.os.BinderProxy@426f70f0
D/ActivityThread(11450): BDC-Calling onReceive: intent=Intent { act=android.media.VOLUME_CHANGED_ACTION flg=0x10 cmp=com.android.settings/com.oppo.settings.MediaStreamVolumeDealReciever (has extras) }, ordered=true, receiver=com.oppo.settings.MediaStreamVolumeDealReciever@42919fc0
D/ActivityThread(11450): BDC-RECEIVER handled : 0 / ReceiverData{intent=Intent { act=android.media.VOLUME_CHANGED_ACTION flg=0x10 cmp=com.android.settings/com.oppo.settings.MediaStreamVolumeDealReciever (has extras) } packageName=com.android.settings resultCode=-1 resultData=null resultExtras=null}
V/WindowManager( 1909): Changing focus from null to Window{431c22d8 u0 com.android.dialer/com.android.dialer.DialtactsActivity} Callers=com.android.server.wm.WindowManagerService.relayoutWindow:3728 com.android.server.wm.Session.relayout:191 android.view.IWindowSession$Stub.onTransact:235 com.android.server.wm.Session.onTransact:126 
I/WindowManager( 1909): Gaining focus: Window{431c22d8 u0 com.android.dialer/com.android.dialer.DialtactsActivity}
D/ActivityThread(11450): BDC-Calling onReceive: intent=Intent { act=android.media.VOLUME_CHANGED_ACTION flg=0x10 cmp=com.android.settings/com.oppo.settings.MediaStreamVolumeDealReciever (has extras) }, ordered=true, receiver=com.oppo.settings.MediaStreamVolumeDealReciever@42921058
D/ActivityThread(11450): BDC-RECEIVER handled : 0 / ReceiverData{intent=Intent { act=android.media.VOLUME_CHANGED_ACTION flg=0x10 cmp=com.android.settings/com.oppo.settings.MediaStreamVolumeDealReciever (has extras) } packageName=com.android.settings resultCode=-1 resultData=null resultExtras=null}
W/ViewRootImpl( 4685): Dropping event due to no window focus: KeyEvent { action=ACTION_DOWN, hashcode=android.view.KeyEvent@42fa18f0, keyCode=KEYCODE_ENTER, scanCode=0, metaState=0, flags=0x8, repeatCount=0, eventTime=1118662, downTime=1118662, deviceId=-1, source=0x101 }
D/ActivityThread( 4685): SVC-Creating service: CreateServiceData{token=android.os.BinderProxy@4271ff50 className=com.android.dialer.calllog.CallLogNotificationsService packageName=com.android.dialer intent=null}
D/ActivityThread( 4685): SVC-CREATE_SERVICE handled : 0 / CreateServiceData{token=android.os.BinderProxy@4271ff50 className=com.android.dialer.calllog.CallLogNotificationsService packageName=com.android.dialer intent=null}
D/ActivityThread( 4685): SVC-SERVICE_ARGS handled : 0 / ServiceArgsData{token=android.os.BinderProxy@4271ff50 startId=1 args=Intent { act=com.android.dialer.calllog.UPDATE_NOTIFICATIONS cmp=com.android.dialer/.calllog.CallLogNotificationsService }}
D/ActivityThread(11450): BDC-Calling onReceive: intent=Intent { act=android.media.VOLUME_CHANGED_ACTION flg=0x10 cmp=com.android.settings/com.oppo.settings.MediaStreamVolumeDealReciever (has extras) }, ordered=true, receiver=com.oppo.settings.MediaStreamVolumeDealReciever@42923330
D/ActivityThread(11450): BDC-RECEIVER handled : 0 / ReceiverData{intent=Intent { act=android.media.VOLUME_CHANGED_ACTION flg=0x10 cmp=com.android.settings/com.oppo.settings.MediaStreamVolumeDealReciever (has extras) } packageName=com.android.settings resultCode=-1 resultData=null resultExtras=null}
D/ActivityThread(11450): BDC-Calling onReceive: intent=Intent { act=android.media.VOLUME_CHANGED_ACTION flg=0x10 cmp=com.android.settings/com.oppo.settings.MediaStreamVolumeDealReciever (has extras) }, ordered=true, receiver=com.oppo.settings.MediaStreamVolumeDealReciever@42925608
D/ActivityThread(11450): BDC-RECEIVER handled : 0 / ReceiverData{intent=Intent { act=android.media.VOLUME_CHANGED_ACTION flg=0x10 cmp=com.android.settings/com.oppo.settings.MediaStreamVolumeDealReciever (has extras) } packageName=com.android.settings resultCode=-1 resultData=null resultExtras=null}
D/ActivityThread(11450): BDC-Calling onReceive: intent=Intent { act=android.media.VOLUME_CHANGED_ACTION flg=0x10 cmp=com.android.settings/com.oppo.settings.MediaStreamVolumeDealReciever (has extras) }, ordered=true, receiver=com.oppo.settings.MediaStreamVolumeDealReciever@429278e0
D/ActivityThread(11450): BDC-RECEIVER handled : 0 / ReceiverData{intent=Intent { act=android.media.VOLUME_CHANGED_ACTION flg=0x10 cmp=com.android.settings/com.oppo.settings.MediaStreamVolumeDealReciever (has extras) } packageName=com.android.settings resultCode=-1 resultData=null resultExtras=null}
I/ActivityManager( 1909): START u0 {act=android.intent.action.MAIN cat=[android.intent.category.LAUNCHER] flg=0x10000000 cmp=com.android.email/com.kingsoft.email.activity.Welcome sel={act=android.intent.action.MAIN cat=[android.intent.category.APP_EMAIL]}} from pid 1909
E/ActivityManager( 1909): START {act=android.intent.action.MAIN cat=[android.intent.category.LAUNCHER] flg=0x10000000 cmp=com.android.email/com.kingsoft.email.activity.Welcome sel={act=android.intent.action.MAIN cat=[android.intent.category.APP_EMAIL]} u=0} from pid 1909
V/InputMethodManagerService( 1909): windowGainedFocus: android.os.BinderProxy@42f578e8 controlFlags=#107 softInputMode=#123 windowFlags=#1810100
D/ActivityManager( 1909): ACT-moveHomeTask toFront : false homeInFront = false
D/ActivityManager( 1909): ACT-BMW, insertTaskAtTop fromHome = false lastStack = ActivityStack{434bd280 stackId=4, 7 tasks} this = ActivityStack{434bd280 stackId=4, 7 tasks} topTask() = TaskRecord{42ae9758 #10 A=com.android.dialer U=0 sz=1}
D/ActivityManager( 1909): ACT-BMW, insertTaskAtTop fromHome = false lastStack = ActivityStack{434bd280 stackId=4, 8 tasks} this = ActivityStack{434bd280 stackId=4, 8 tasks} topTask() = TaskRecord{43889390 #19 A=com.android.email U=0 sz=0}
V/WindowManager( 1909): Changing focus from Window{431c22d8 u0 com.android.dialer/com.android.dialer.DialtactsActivity} to null Callers=com.android.server.wm.WindowManagerService.setFocusedApp:4747 com.android.server.am.ActivityManagerService.setFocusedActivityLocked:2623 com.android.server.am.ActivityStackSupervisor.startActivityUncheckedLocked:3315 com.android.server.am.ActivityStackSupervisor.startActivityLocked:2100 
