--------- beginning of /dev/log/system
D/ActivityThread( 4685): SVC-Destroying service: com.android.dialer.calllog.CallLogNotificationsService@4398f2f8
D/ActivityThread( 4685): SVC-STOP_SERVICE handled : 0 / android.os.BinderProxy@439a3250
V/ActivityManager( 1909): ACT-Activity idle: Token{42946f18 ActivityRecord{42c05ee8 u0 com.android.dialer/.DialtactsActivity t10}}
D/ActivityThread( 4536): BDC-Calling onReceive: intent=Intent { act=com.kingroot.common.ACTION_TOP_ACTIVITY_CHANGED flg=0x10 cmp=com.kingroot.kinguser/com.kingroot.common.framework.broadcast.KSysBroadcastReceiver (has extras) }, ordered=true, receiver=com.kingroot.common.framework.broadcast.KSysBroadcastReceiver@42c39418
V/ActivityManager( 1909): ensureActivitiesVisibleLocked: consider front
V/ActivityManager( 1909): ensureActivitiesVisibleLocked: consider back
D/ActivityThread( 4536): BDC-RECEIVER handled : 0 / ReceiverData{intent=Intent { act=com.kingroot.common.ACTION_TOP_ACTIVITY_CHANGED flg=0x10 cmp=com.kingroot.kinguser/com.kingroot.common.framework.broadcast.KSysBroadcastReceiver (has extras) } packageName=com.kingroot.kinguser resultCode=-1 resultData=null resultExtras=null}
W/InputMethodManagerService( 1909): Ignoring showSoftInput of uid 10275: com.android.internal.view.IInputMethodClient$Stub$Proxy@43270570
W/InputMethodManagerService( 1909): Ignoring showSoftInput of uid 10275: com.android.internal.view.IInputMethodClient$Stub$Proxy@43123518
D/ActivityManager( 1909): ACT-IDLE_NOW_MSG from windowsVisible() for idle: ActivityRecord{42c05ee8 u0 com.android.dialer/.DialtactsActivity t10}
V/ActivityManager( 1909): ACT-Activity idle: null
V/ActivityManager( 1909): ensureActivitiesVisibleLocked: consider front
V/ActivityManager( 1909): ensureActivitiesVisibleLocked: consider back
V/ActivityThread(13413): Finishing stop of ActivityRecord{426d7588 token=android.os.BinderProxy@426d6cb8 {com.android.packageinstaller/com.android.packageinstaller.PackageInstallerActivity}}: show=false win=com.android.internal.policy.impl.OppoPhoneWindow@426e2728
D/ActivityThread(13413): ACT-STOP_ACTIVITY_HIDE handled : 0 / android.os.BinderProxy@426d6cb8
V/NetworkStats( 1909): setKernelCounterSet uid=10070 set=0
D/ConnectivityService( 1909): onUidRulesChanged(uid=10070, uidRules=0)
V/ActivityManager( 1909): Broadcast: Intent { act=oppo.intent.action.CANCEL.MISSED.CALL.NOTIFICATIONS flg=0x10 } ordered=false userid=0 callerApp=ProcessRecord{4310aff8 4685:com.android.dialer/u0a4}
D/ActivityThread( 4362): BDC-Calling onReceive: intent=Intent { act=oppo.intent.action.CANCEL.MISSED.CALL.NOTIFICATIONS flg=0x10 cmp=com.android.phone/.OppoMissedCallAlertReceiver }, ordered=true, receiver=com.android.phone.OppoMissedCallAlertReceiver@42b926f8
D/ActivityThread( 4362): BDC-RECEIVER handled : 0 / ReceiverData{intent=Intent { act=oppo.intent.action.CANCEL.MISSED.CALL.NOTIFICATIONS flg=0x10 cmp=com.android.phone/.OppoMissedCallAlertReceiver } packageName=com.android.phone resultCode=-1 resultData=null resultExtras=null}
D/ActivityManager( 1909): getContentProviderImpl: from caller=android.app.ApplicationThreadProxy@42b7c080 (pid=4685, userId=0) to get content provider com.android.contacts cpr=ContentProviderRecord{43043580 u0 com.android.providers.contacts/.ContactsProvider2}
D/ActivityManager( 1909): getContentProviderImpl: updateLruProcessLocked cpr.proc=ProcessRecord{431aff50 5219:android.process.acore/u0a2}
D/ActivityThread( 4685): hoder:android.app.IActivityManager$ContentProviderHolder@435878a8,provider,holder.Provider:android.content.ContentProviderProxy@435883d0
D/ActivityManager( 1909): getContentProviderImpl: from caller=android.app.ApplicationThreadProxy@42aaf598 (pid=4685, userId=0) to get content provider inquirenoarea cpr=ContentProviderRecord{429b3640 u0 com.oppo.phonenoareainquire/.PhoneNoInquireProvider}
D/ActivityManager( 1909): getContentProviderImpl: updateLruProcessLocked cpr.proc=ProcessRecord{44197a68 12997:com.oppo.phonenoareainquire/u0a73}
D/ActivityThread( 4685): hoder:android.app.IActivityManager$ContentProviderHolder@43550370,provider,holder.Provider:android.content.ContentProviderProxy@4299fd78
D/ActivityManager( 1909): getContentProviderImpl: from caller=android.app.ApplicationThreadProxy@42883368 (pid=4685, userId=0) to get content provider com.android.contacts cpr=ContentProviderRecord{43043580 u0 com.android.providers.contacts/.ContactsProvider2}
D/ActivityManager( 1909): getContentProviderImpl: updateLruProcessLocked cpr.proc=ProcessRecord{431aff50 5219:android.process.acore/u0a2}
D/ActivityThread( 4685): hoder:android.app.IActivityManager$ContentProviderHolder@435a9d50,provider,holder.Provider:android.content.ContentProviderProxy@42920e28
I/thermal_repeater(  279): oh, queryMdThermalInfo (0)Bad file number
D/ActivityManager( 1909): getContentProviderImpl: from caller=android.app.ApplicationThreadProxy@434b63d0 (pid=4685, userId=0) to get content provider inquirenoarea cpr=ContentProviderRecord{429b3640 u0 com.oppo.phonenoareainquire/.PhoneNoInquireProvider}
D/ActivityManager( 1909): getContentProviderImpl: updateLruProcessLocked cpr.proc=ProcessRecord{44197a68 12997:com.oppo.phonenoareainquire/u0a73}
D/ActivityThread( 4685): hoder:android.app.IActivityManager$ContentProviderHolder@436203a0,provider,holder.Provider:android.content.ContentProviderProxy@43620a38
I/thermal_repeater(  279): [recvMdThermalInfo] ret=35, strLen=127,  0, 32767, -127, 28676, 32767, 1680
W/InputMethodManagerService( 1909): Starting input on non-focused client com.android.internal.view.IInputMethodClient$Stub$Proxy@427ce480 (uid=10275 pid=9136)
W/InputMethodManagerService( 1909): Ignoring showSoftInput of uid 10275: com.android.internal.view.IInputMethodClient$Stub$Proxy@4289bc38
W/InputMethodManagerService( 1909): Ignoring showSoftInput of uid 10275: com.android.internal.view.IInputMethodClient$Stub$Proxy@427fdcc0
D/ActivityManager( 1909): getContentProviderImpl: from caller=android.app.ApplicationThreadProxy@42e248d8 (pid=4685, userId=0) to get content provider com.android.contacts cpr=ContentProviderRecord{43043580 u0 com.android.providers.contacts/.ContactsProvider2}
D/ActivityManager( 1909): getContentProviderImpl: updateLruProcessLocked cpr.proc=ProcessRecord{431aff50 5219:android.process.acore/u0a2}
D/ActivityThread( 4685): hoder:android.app.IActivityManager$ContentProviderHolder@437fc870,provider,holder.Provider:android.content.ContentProviderProxy@42ffe128
W/InputMethodManagerService( 1909): Ignoring showSoftInput of uid 10275: com.android.internal.view.IInputMethodClient$Stub$Proxy@42c360d8
D/CountryDetector( 1909): startLocationBasedDetection=true detectCountry=(source: 3, countryISO: CN) isAirplaneModeOff()=false mListener=com.android.server.CountryDetectorService$1@42a8fc50 isGeoCoderImplemnted()=true
I/ActivityManager( 1909): START u0 {act=android.intent.action.MAIN cat=[android.intent.category.LAUNCHER] flg=0x10200000 cmp=com.sixty.nidoneClient/.view.activity.SDK_WebApp} from pid 12345
E/ActivityManager( 1909): START {act=android.intent.action.MAIN cat=[android.intent.category.LAUNCHER] flg=0x10200000 cmp=com.sixty.nidoneClient/.view.activity.SDK_WebApp u=0} from pid 12345
D/ActivityManager( 1909): ACT-moveHomeTask toFront : false homeInFront = false
D/ActivityManager( 1909): ACT-moveHomeTask toFront : false homeInFront = false
D/ActivityManager( 1909): ACT-BMW, insertTaskAtTop fromHome = false lastStack = ActivityStack{434bd280 stackId=4, 6 tasks} this = ActivityStack{434bd280 stackId=4, 6 tasks} topTask() = TaskRecord{42ae9758 #10 A=com.android.dialer U=0 sz=1}
D/ActivityManager( 1909): launchFlags = 10200000, launchMode = 2, realActivity = ComponentInfo{com.sixty.nidoneClient/com.sixty.nidoneClient.view.activity.SDK_WebApp}, task.realActivity = ComponentInfo{com.sixty.nidoneClient/com.sixty.nidoneClient.view.activity.SDK_WebApp}
I/ActivityManager( 1909): topActivity.packageName = com.sixty.nidoneClient
D/TelephonyRegistry( 1909): listen: E pkg=<unknown> events=0x0 myUid=0 callerUid=0
D/TelephonyRegistry( 1909): listen: E pkg=<unknown> events=0x0 myUid=0 callerUid=0
D/ActivityThread( 4685): ACT-AM_ON_PAUSE_CALLED ActivityRecord{426f7950 token=android.os.BinderProxy@426f70f0 {com.android.dialer/com.android.dialer.DialtactsActivity}}
W/ContextImpl( 1909): Calling a method in the system process without a qualified user: android.app.ContextImpl.sendBroadcast:1345 com.android.server.am.OppoProtectEyeManagerService.sendProtectEyeBroadcast:167 com.android.server.am.OppoProtectEyeManagerService.handleProtectEyeMode:140 com.android.server.am.ActivityStack.resumeTopActivityLocked:2177 com.android.server.am.ActivityStackSupervisor.resumeTopActivitiesLocked:3644 
V/ActivityManager( 1909): Broadcast: Intent { act=android.intent.action.OPPO_ROM_APP_CHANGE flg=0x10 (has extras) } ordered=false userid=0 callerApp=ProcessRecord{4272b1e0 1909:system/1000}
V/ActivityManager( 1909): ensureActivitiesVisibleLocked: consider front
V/ActivityManager( 1909): ensureActivitiesVisibleLocked: consider back
V/ActivityManager( 1909): ensureActivitiesVisibleLocked: consider front
V/ActivityManager( 1909): ensureActivitiesVisibleLocked: consider back
D/ActivityThread( 9136): ACT-NEW_INTENT handled : 0 / NewIntentData{intents=[Intent { act=android.intent.action.MAIN cat=[android.intent.category.LAUNCHER] flg=0x10600000 cmp=com.sixty.nidoneClient/.view.activity.SDK_WebApp }] token=android.os.BinderProxy@42b191e0}
V/ActivityThread( 9136): Performing resume of ActivityRecord{43ce7510 token=android.os.BinderProxy@42b191e0 {com.sixty.nidoneClient/com.sixty.nidoneClient.view.activity.SDK_WebApp}} finished=false
V/WindowManager( 1909): Changing focus from Window{431c22d8 u0 com.android.dialer/com.android.dialer.DialtactsActivity} to null Callers=com.android.server.wm.WindowManagerService.setFocusedApp:4747 com.android.server.am.ActivityManagerService.setFocusedActivityLocked:2623 com.android.server.am.ActivityStack.completeResumeLocked:1313 com.android.server.am.ActivityStack.resumeTopActivityLocked:2396 
I/WindowManager( 1909): Losing focus: Window{431c22d8 u0 com.android.dialer/com.android.dialer.DialtactsActivity}
D/ActivityThread( 4685): ACT-PAUSE_ACTIVITY handled : 1 / android.os.BinderProxy@426f70f0
D/ActivityThread( 4675): BDC-Calling onReceive: intent=Intent { act=android.intent.action.OPPO_ROM_APP_CHANGE flg=0x10 cmp=com.color.safecenter/com.color.datamonitor.networkcontrol.PackageReceiver (has extras) }, ordered=true, receiver=com.color.datamonitor.networkcontrol.PackageReceiver@426c8468
W/ActivityManager( 1909): Unable to start service Intent { act=com.sunbo.MainService } U=0: not found
V/ActivityManager( 1909): ACT-Activity idle: null
D/ConnectivityService( 1909): getActiveNetworkInfo:NetworkInfo: type: WIFI[], state: CONNECTED/CONNECTED, reason: (unspecified), extra: "60_dev_01", roaming: false, failover: false, isAvailable: true, isConnectedToProvisioningNetwork: false, simId: 0/1000
V/NetworkStats( 1909): setKernelCounterSet uid=10275 set=1
D/ConnectivityService( 1909): onUidRulesChanged(uid=10275, uidRules=0)
D/ActivityThread( 9136): ACT-AM_ON_RESUME_CALLED ActivityRecord{43ce7510 token=android.os.BinderProxy@42b191e0 {com.sixty.nidoneClient/com.sixty.nidoneClient.view.activity.SDK_WebApp}}
V/ActivityThread( 9136): Resume ActivityRecord{43ce7510 token=android.os.BinderProxy@42b191e0 {com.sixty.nidoneClient/com.sixty.nidoneClient.view.activity.SDK_WebApp}} started activity: false, hideForNow: false, finished: false
V/ActivityThread( 9136): Resuming ActivityRecord{43ce7510 token=android.os.BinderProxy@42b191e0 {com.sixty.nidoneClient/com.sixty.nidoneClient.view.activity.SDK_WebApp}} with isForward=true
V/ActivityThread( 9136): Scheduling idle handler for ActivityRecord{43ce7510 token=android.os.BinderProxy@42b191e0 {com.sixty.nidoneClient/com.sixty.nidoneClient.view.activity.SDK_WebApp}}
D/ActivityThread( 4675): BDC-RECEIVER handled : 0 / ReceiverData{intent=Intent { act=android.intent.action.OPPO_ROM_APP_CHANGE flg=0x10 cmp=com.color.safecenter/com.color.datamonitor.networkcontrol.PackageReceiver (has extras) } packageName=com.color.safecenter resultCode=-1 resultData=null resultExtras=null}
D/ActivityThread( 9136): ACT-RESUME_ACTIVITY handled : 1 / android.os.BinderProxy@42b191e0
V/WindowManager( 1909): Changing focus from null to Window{42c44de8 u0 com.sixty.nidoneClient/com.sixty.nidoneClient.view.activity.SDK_WebApp} Callers=com.android.server.wm.WindowManagerService.relayoutWindow:3728 com.android.server.wm.Session.relayout:191 android.view.IWindowSession$Stub.onTransact:235 com.android.server.wm.Session.onTransact:126 
I/WindowManager( 1909): handleNotObscuredLocked: w=Window{42c44de8 u0 com.sixty.nidoneClient/com.sixty.nidoneClient.view.activity.SDK_WebApp}
I/WindowManager( 1909): setHoldScreenLocked: hold=true
I/WindowManager( 1909): setHoldScreenLocked: hold=true, pid=9136, uid=10275
I/WindowManager( 1909): Gaining focus: Window{42c44de8 u0 com.sixty.nidoneClient/com.sixty.nidoneClient.view.activity.SDK_WebApp}
V/InputMethodManagerService( 1909): windowGainedFocus: android.os.BinderProxy@42fe9ec8 controlFlags=#105 softInputMode=#110 windowFlags=#1810180
D/ActivityManager( 1909): getContentProviderImpl: from caller=android.app.ApplicationThreadProxy@430f5418 (pid=4685, userId=0) to get content provider inquirenoarea cpr=ContentProviderRecord{429b3640 u0 com.oppo.phonenoareainquire/.PhoneNoInquireProvider}
D/ActivityManager( 1909): getContentProviderImpl: updateLruProcessLocked cpr.proc=ProcessRecord{44197a68 12997:com.oppo.phonenoareainquire/u0a73}
V/ActivityManager( 1909): Broadcast: Intent { act=com.kingroot.common.ACTION_TOP_ACTIVITY_CHANGED flg=0x10 (has extras) } ordered=false userid=0 callerApp=ProcessRecord{431a6e60 4536:com.kingroot.kinguser:service/u0a97}
D/ActivityThread( 4685): hoder:android.app.IActivityManager$ContentProviderHolder@4302cb88,provider,holder.Provider:android.content.ContentProviderProxy@4302d220
V/ActivityManager( 1909): Broadcast: Intent { act=com.kingroot.common.ACTION_TOP_APP_CHANGED flg=0x10 (has extras) } ordered=false userid=0 callerApp=ProcessRecord{431a6e60 4536:com.kingroot.kinguser:service/u0a97}
D/ActivityThread( 4536): BDC-Calling onReceive: intent=Intent { act=com.kingroot.common.ACTION_TOP_ACTIVITY_CHANGED flg=0x10 cmp=com.kingroot.kinguser/com.kingroot.common.framework.broadcast.KSysBroadcastReceiver (has extras) }, ordered=true, receiver=com.kingroot.common.framework.broadcast.KSysBroadcastReceiver@43028768
D/ActivityThread( 4536): BDC-RECEIVER handled : 0 / ReceiverData{intent=Intent { act=com.kingroot.common.ACTION_TOP_ACTIVITY_CHANGED flg=0x10 cmp=com.kingroot.kinguser/com.kingroot.common.framework.broadcast.KSysBroadcastReceiver (has extras) } packageName=com.kingroot.kinguser resultCode=-1 resultData=null resultExtras=null}
D/ActivityThread( 4536): BDC-Calling onReceive: intent=Intent { act=com.kingroot.common.ACTION_TOP_APP_CHANGED flg=0x10 cmp=com.kingroot.kinguser/com.kingroot.common.framework.broadcast.KSysBroadcastReceiver (has extras) }, ordered=true, receiver=com.kingroot.common.framework.broadcast.KSysBroadcastReceiver@43292940
D/ActivityThread( 4536): BDC-RECEIVER handled : 0 / ReceiverData{intent=Intent { act=com.kingroot.common.ACTION_TOP_APP_CHANGED flg=0x10 cmp=com.kingroot.kinguser/com.kingroot.common.framework.broadcast.KSysBroadcastReceiver (has extras) } packageName=com.kingroot.kinguser resultCode=-1 resultData=null resultExtras=null}
W/ContextImpl( 1909): Calling a method in the system process without a qualified user: android.app.ContextImpl.sendBroadcast:1345 com.android.internal.policy.impl.OppoPhoneWindowManager.interceptKeyBeforeQueueing:592 com.android.server.wm.InputMonitor.interceptKeyBeforeQueueing:625 com.android.server.input.InputManagerService.interceptKeyBeforeQueueing:1506 com.android.server.input.InputManagerService.nativeInjectInputEvent:-2 
V/ActivityManager( 1909): Broadcast: Intent { act=SILENCE_ACTION_FOR_OPPO_SPEECH flg=0x10 } ordered=false userid=0 callerApp=ProcessRecord{4272b1e0 1909:system/1000}
D/ActivityThread( 9285): BDC-Calling onReceive: intent=Intent { act=SILENCE_ACTION_FOR_OPPO_SPEECH flg=0x10 cmp=com.oppo.speechassist/.IncomingCallReceiver }, ordered=true, receiver=com.oppo.speechassist.IncomingCallReceiver@427dc370
D/ActivityThread( 9285): BDC-RECEIVER handled : 0 / ReceiverData{intent=Intent { act=SILENCE_ACTION_FOR_OPPO_SPEECH flg=0x10 cmp=com.oppo.speechassist/.IncomingCallReceiver } packageName=com.oppo.speechassist resultCode=-1 resultData=null resultExtras=null}
D/ConnectivityService( 1909): getActiveNetworkInfo:NetworkInfo: type: WIFI[], state: CONNECTED/CONNECTED, reason: (unspecified), extra: "60_dev_01", roaming: false, failover: false, isAvailable: true, isConnectedToProvisioningNetwork: false, simId: 0/10082
V/ActivityManager( 1909): ACT-Activity idle: Token{42b4cfc8 ActivityRecord{42904400 u0 com.sixty.nidoneClient/.view.activity.SDK_WebApp t7}}
V/ActivityManager( 1909): ensureActivitiesVisibleLocked: consider front
V/ActivityManager( 1909): ensureActivitiesVisibleLocked: consider back
V/ActivityManager( 1909): Broadcast: Intent { act=android.media.VOLUME_CHANGED_ACTION flg=0x10 (has extras) } ordered=false userid=-1 callerApp=ProcessRecord{4272b1e0 1909:system/1000}
D/ActivityThread(11450): BDC-Calling onReceive: intent=Intent { act=android.media.VOLUME_CHANGED_ACTION flg=0x10 cmp=com.android.settings/com.oppo.settings.MediaStreamVolumeDealReciever (has extras) }, ordered=true, receiver=com.oppo.settings.MediaStreamVolumeDealReciever@42bb2be0
D/ActivityThread(11450): BDC-RECEIVER handled : 0 / ReceiverData{intent=Intent { act=android.media.VOLUME_CHANGED_ACTION flg=0x10 cmp=com.android.settings/com.oppo.settings.MediaStreamVolumeDealReciever (has extras) } packageName=com.android.settings resultCode=-1 resultData=null resultExtras=null}
V/ActivityManager( 1909): Broadcast: Intent { act=android.media.VOLUME_CHANGED_ACTION flg=0x10 (has extras) } ordered=false userid=-1 callerApp=ProcessRecord{4272b1e0 1909:system/1000}
D/ActivityThread(11450): BDC-Calling onReceive: intent=Intent { act=android.media.VOLUME_CHANGED_ACTION flg=0x10 cmp=com.android.settings/com.oppo.settings.MediaStreamVolumeDealReciever (has extras) }, ordered=true, receiver=com.oppo.settings.MediaStreamVolumeDealReciever@42a55538
D/ActivityThread(11450): BDC-RECEIVER handled : 0 / ReceiverData{intent=Intent { act=android.media.VOLUME_CHANGED_ACTION flg=0x10 cmp=com.android.settings/com.oppo.settings.MediaStreamVolumeDealReciever (has extras) } packageName=com.android.settings resultCode=-1 resultData=null resultExtras=null}
V/ActivityManager( 1909): Broadcast: Intent { act=android.media.VOLUME_CHANGED_ACTION flg=0x10 (has extras) } ordered=false userid=-1 callerApp=ProcessRecord{4272b1e0 1909:system/1000}
D/ActivityThread(11450): BDC-Calling onReceive: intent=Intent { act=android.media.VOLUME_CHANGED_ACTION flg=0x10 cmp=com.android.settings/com.oppo.settings.MediaStreamVolumeDealReciever (has extras) }, ordered=true, receiver=com.oppo.settings.MediaStreamVolumeDealReciever@42841020
D/ActivityThread(11450): BDC-RECEIVER handled : 0 / ReceiverData{intent=Intent { act=android.media.VOLUME_CHANGED_ACTION flg=0x10 cmp=com.android.settings/com.oppo.settings.MediaStreamVolumeDealReciever (has extras) } packageName=com.android.settings resultCode=-1 resultData=null resultExtras=null}
V/ActivityManager( 1909): Broadcast: Intent { act=android.media.VOLUME_CHANGED_ACTION flg=0x10 (has extras) } ordered=false userid=-1 callerApp=ProcessRecord{4272b1e0 1909:system/1000}
V/ActivityManager( 1909): Broadcast: Intent { act=android.media.VOLUME_CHANGED_ACTION flg=0x10 (has extras) } ordered=false userid=-1 callerApp=ProcessRecord{4272b1e0 1909:system/1000}
D/ActivityThread(11450): BDC-Calling onReceive: intent=Intent { act=android.media.VOLUME_CHANGED_ACTION flg=0x10 cmp=com.android.settings/com.oppo.settings.MediaStreamVolumeDealReciever (has extras) }, ordered=true, receiver=com.oppo.settings.MediaStreamVolumeDealReciever@42709520
D/ActivityThread(11450): BDC-RECEIVER handled : 0 / ReceiverData{intent=Intent { act=android.media.VOLUME_CHANGED_ACTION flg=0x10 cmp=com.android.settings/com.oppo.settings.MediaStreamVolumeDealReciever (has extras) } packageName=com.android.settings resultCode=-1 resultData=null resultExtras=null}
D/ActivityThread(11450): BDC-Calling onReceive: intent=Intent { act=android.media.VOLUME_CHANGED_ACTION flg=0x10 cmp=com.android.settings/com.oppo.settings.MediaStreamVolumeDealReciever (has extras) }, ordered=true, receiver=com.oppo.settings.MediaStreamVolumeDealReciever@4284bfd0
V/ActivityManager( 1909): Broadcast: Intent { act=android.media.VOLUME_CHANGED_ACTION flg=0x10 (has extras) } ordered=false userid=-1 callerApp=ProcessRecord{4272b1e0 1909:system/1000}
D/ActivityThread(11450): BDC-RECEIVER handled : 0 / ReceiverData{intent=Intent { act=android.media.VOLUME_CHANGED_ACTION flg=0x10 cmp=com.android.settings/com.oppo.settings.MediaStreamVolumeDealReciever (has extras) } packageName=com.android.settings resultCode=-1 resultData=null resultExtras=null}
D/ActivityThread(11450): BDC-Calling onReceive: intent=Intent { act=android.media.VOLUME_CHANGED_ACTION flg=0x10 cmp=com.android.settings/com.oppo.settings.MediaStreamVolumeDealReciever (has extras) }, ordered=true, receiver=com.oppo.settings.MediaStreamVolumeDealReciever@4271b470
D/ActivityThread(11450): BDC-RECEIVER handled : 0 / ReceiverData{intent=Intent { act=android.media.VOLUME_CHANGED_ACTION flg=0x10 cmp=com.android.settings/com.oppo.settings.MediaStreamVolumeDealReciever (has extras) } packageName=com.android.settings resultCode=-1 resultData=null resultExtras=null}
V/ActivityManager( 1909): Broadcast: Intent { act=android.media.VOLUME_CHANGED_ACTION flg=0x10 (has extras) } ordered=false userid=-1 callerApp=ProcessRecord{4272b1e0 1909:system/1000}
V/ActivityManager( 1909): Broadcast: Intent { act=android.media.VOLUME_CHANGED_ACTION flg=0x10 (has extras) } ordered=false userid=-1 callerApp=ProcessRecord{4272b1e0 1909:system/1000}
D/ActivityThread(11450): BDC-Calling onReceive: intent=Intent { act=android.media.VOLUME_CHANGED_ACTION flg=0x10 cmp=com.android.settings/com.oppo.settings.MediaStreamVolumeDealReciever (has extras) }, ordered=true, receiver=com.oppo.settings.MediaStreamVolumeDealReciever@426f3068
D/ActivityThread(11450): BDC-RECEIVER handled : 0 / ReceiverData{intent=Intent { act=android.media.VOLUME_CHANGED_ACTION flg=0x10 cmp=com.android.settings/com.oppo.settings.MediaStreamVolumeDealReciever (has extras) } packageName=com.android.settings resultCode=-1 resultData=null resultExtras=null}
D/ActivityThread(11450): BDC-Calling onReceive: intent=Intent { act=android.media.VOLUME_CHANGED_ACTION flg=0x10 cmp=com.android.settings/com.oppo.settings.MediaStreamVolumeDealReciever (has extras) }, ordered=true, receiver=com.oppo.settings.MediaStreamVolumeDealReciever@42846548
D/ActivityManager( 1909): ACT-IDLE_NOW_MSG from windowsVisible() for idle: ActivityRecord{42904400 u0 com.sixty.nidoneClient/.view.activity.SDK_WebApp t7}
V/ActivityManager( 1909): ACT-Activity idle: null
V/ActivityManager( 1909): ensureActivitiesVisibleLocked: consider front
V/ActivityManager( 1909): ensureActivitiesVisibleLocked: consider back
D/ActivityThread(11450): BDC-RECEIVER handled : 0 / ReceiverData{intent=Intent { act=android.media.VOLUME_CHANGED_ACTION flg=0x10 cmp=com.android.settings/com.oppo.settings.MediaStreamVolumeDealReciever (has extras) } packageName=com.android.settings resultCode=-1 resultData=null resultExtras=null}
V/ActivityManager( 1909): Broadcast: Intent { act=android.media.VOLUME_CHANGED_ACTION flg=0x10 (has extras) } ordered=false userid=-1 callerApp=ProcessRecord{4272b1e0 1909:system/1000}
V/ActivityThread( 4685): Finishing stop of ActivityRecord{426f7950 token=android.os.BinderProxy@426f70f0 {com.android.dialer/com.android.dialer.DialtactsActivity}}: show=false win=com.android.internal.policy.impl.OppoPhoneWindow@426ffaf8
D/ActivityThread(11450): BDC-Calling onReceive: intent=Intent { act=android.media.VOLUME_CHANGED_ACTION flg=0x10 cmp=com.android.settings/com.oppo.settings.MediaStreamVolumeDealReciever (has extras) }, ordered=true, receiver=com.oppo.settings.MediaStreamVolumeDealReciever@42729210
D/ActivityThread( 4685): ACT-STOP_ACTIVITY_HIDE handled : 0 / android.os.BinderProxy@426f70f0
D/ActivityThread(11450): BDC-RECEIVER handled : 0 / ReceiverData{intent=Intent { act=android.media.VOLUME_CHANGED_ACTION flg=0x10 cmp=com.android.settings/com.oppo.settings.MediaStreamVolumeDealReciever (has extras) } packageName=com.android.settings resultCode=-1 resultData=null resultExtras=null}
V/ActivityManager( 1909): Broadcast: Intent { act=android.media.VOLUME_CHANGED_ACTION flg=0x10 (has extras) } ordered=false userid=-1 callerApp=ProcessRecord{4272b1e0 1909:system/1000}
D/ActivityThread(11450): BDC-Calling onReceive: intent=Intent { act=android.media.VOLUME_CHANGED_ACTION flg=0x10 cmp=com.android.settings/com.oppo.settings.MediaStreamVolumeDealReciever (has extras) }, ordered=true, receiver=com.oppo.settings.MediaStreamVolumeDealReciever@42729978
D/ActivityThread(11450): BDC-RECEIVER handled : 0 / ReceiverData{intent=Intent { act=android.media.VOLUME_CHANGED_ACTION flg=0x10 cmp=com.android.settings/com.oppo.settings.MediaStreamVolumeDealReciever (has extras) } packageName=com.android.settings resultCode=-1 resultData=null resultExtras=null}
V/ActivityManager( 1909): Broadcast: Intent { act=android.intent.action.CLOSE_SYSTEM_DIALOGS flg=0x50000010 } ordered=false userid=-1 callerApp=null
V/NetworkStats( 1909): setKernelCounterSet uid=10004 set=0
D/ConnectivityService( 1909): onUidRulesChanged(uid=10004, uidRules=0)
I/ActivityManager( 1909): START u0 {act=android.intent.action.CALL_BUTTON flg=0x10000000 cmp=com.android.dialer/.DialtactsActivity} from pid 9136
E/ActivityManager( 1909): START {act=android.intent.action.CALL_BUTTON flg=0x10000000 cmp=com.android.dialer/.DialtactsActivity u=0} from pid 9136
D/ActivityManager( 1909): ACT-moveHomeTask toFront : false homeInFront = false
D/ActivityManager( 1909): ACT-moveHomeTask toFront : false homeInFront = false
D/ActivityManager( 1909): ACT-BMW, insertTaskAtTop fromHome = false lastStack = ActivityStack{434bd280 stackId=4, 6 tasks} this = ActivityStack{434bd280 stackId=4, 6 tasks} topTask() = TaskRecord{429f9e90 #7 A=com.sixty.nidoneClient U=0 sz=1}
D/ActivityManager( 1909): launchFlags = 10000000, launchMode = 1, realActivity = ComponentInfo{com.android.dialer/com.android.dialer.DialtactsActivity}, task.realActivity = ComponentInfo{com.android.dialer/com.android.dialer.DialtactsActivity}
I/ActivityManager( 1909): topActivity.packageName = com.android.dialer
D/ActivityThread( 9136): ACT-AM_ON_PAUSE_CALLED ActivityRecord{43ce7510 token=android.os.BinderProxy@42b191e0 {com.sixty.nidoneClient/com.sixty.nidoneClient.view.activity.SDK_WebApp}}
W/ContextImpl( 1909): Calling a method in the system process without a qualified user: android.app.ContextImpl.sendBroadcast:1345 com.android.server.am.OppoProtectEyeManagerService.sendProtectEyeBroadcast:167 com.android.server.am.OppoProtectEyeManagerService.handleProtectEyeMode:140 com.android.server.am.ActivityStack.resumeTopActivityLocked:2177 com.android.server.am.ActivityStackSupervisor.resumeTopActivitiesLocked:3644 
V/ActivityManager( 1909): Broadcast: Intent { act=android.intent.action.OPPO_ROM_APP_CHANGE flg=0x10 (has extras) } ordered=false userid=0 callerApp=ProcessRecord{4272b1e0 1909:system/1000}
V/ActivityManager( 1909): ensureActivitiesVisibleLocked: consider front
V/ActivityManager( 1909): ensureActivitiesVisibleLocked: consider back
V/ActivityManager( 1909): ensureActivitiesVisibleLocked: consider front
V/ActivityManager( 1909): ensureActivitiesVisibleLocked: consider back
V/WindowManager( 1909): Changing focus from Window{42c44de8 u0 com.sixty.nidoneClient/com.sixty.nidoneClient.view.activity.SDK_WebApp} to null Callers=com.android.server.wm.WindowManagerService.setFocusedApp:4747 com.android.server.am.ActivityManagerService.setFocusedActivityLocked:2623 com.android.server.am.ActivityStack.completeResumeLocked:1313 com.android.server.am.ActivityStack.resumeTopActivityLocked:2396 
I/WindowManager( 1909): Losing focus: Window{42c44de8 u0 com.sixty.nidoneClient/com.sixty.nidoneClient.view.activity.SDK_WebApp}
D/ActivityThread( 9136): ACT-PAUSE_ACTIVITY handled : 1 / android.os.BinderProxy@42b191e0
D/ActivityThread( 4675): BDC-Calling onReceive: intent=Intent { act=android.intent.action.OPPO_ROM_APP_CHANGE flg=0x10 cmp=com.color.safecenter/com.color.datamonitor.networkcontrol.PackageReceiver (has extras) }, ordered=true, receiver=com.color.datamonitor.networkcontrol.PackageReceiver@426cc030
D/ConnectivityService( 1909): getActiveNetworkInfo:NetworkInfo: type: WIFI[], state: CONNECTED/CONNECTED, reason: (unspecified), extra: "60_dev_01", roaming: false, failover: false, isAvailable: true, isConnectedToProvisioningNetwork: false, simId: 0/1000
D/ActivityThread( 4685): ACT-NEW_INTENT handled : 0 / NewIntentData{intents=[Intent { act=android.intent.action.CALL_BUTTON dat=content://call_log/calls typ=vnd.android.cursor.dir/calls flg=0x10400000 cmp=com.android.dialer/.DialtactsActivity (has extras) }] token=android.os.BinderProxy@426f70f0}
V/ActivityThread( 4685): Performing resume of ActivityRecord{426f7950 token=android.os.BinderProxy@426f70f0 {com.android.dialer/com.android.dialer.DialtactsActivity}} finished=false
D/ActivityThread( 4675): BDC-RECEIVER handled : 0 / ReceiverData{intent=Intent { act=android.intent.action.OPPO_ROM_APP_CHANGE flg=0x10 cmp=com.color.safecenter/com.color.datamonitor.networkcontrol.PackageReceiver (has extras) } packageName=com.color.safecenter resultCode=-1 resultData=null resultExtras=null}
D/ActivityManager( 1909): getContentProviderImpl: from caller=android.app.ApplicationThreadProxy@43423f48 (pid=4685, userId=0) to get content provider call_log cpr=ContentProviderRecord{4325b7b0 u0 com.android.providers.contacts/.CallLogProvider}
D/ActivityManager( 1909): getContentProviderImpl: updateLruProcessLocked cpr.proc=ProcessRecord{431aff50 5219:android.process.acore/u0a2}
V/NetworkStats( 1909): setKernelCounterSet uid=10004 set=1
D/ConnectivityService( 1909): onUidRulesChanged(uid=10004, uidRules=0)
D/ActivityThread( 4685): hoder:android.app.IActivityManager$ContentProviderHolder@43036ec8,provider,holder.Provider:android.content.ContentProviderProxy@430375f8
V/ActivityManager( 1909): ACT-Activity idle: null
V/ActivityManager( 1909): Broadcast: Intent { act=oppo.intent.action.CANCEL.MISSED.CALL.NOTIFICATIONS flg=0x10 } ordered=false userid=0 callerApp=ProcessRecord{4310aff8 4685:com.android.dialer/u0a4}
W/ViewRootImpl( 9136): Dropping event due to no window focus: KeyEvent { action=ACTION_MULTIPLE, hashcode=android.view.KeyEvent@42b46020, keyCode=KEYCODE_DPAD_UP, scanCode=0, metaState=0, flags=0x400, repeatCount=2, eventTime=1116809, downTime=1116809, deviceId=-1, source=0x101 }
W/ViewRootImpl( 9136): Dropping event due to no window focus: KeyEvent { action=ACTION_DOWN, hashcode=android.view.KeyEvent@42b45f60, keyCode=KEYCODE_DPAD_UP, scanCode=0, metaState=0, flags=0x400, repeatCount=0, eventTime=1116809, downTime=1116809, deviceId=-1, source=0x101 }
W/ViewRootImpl( 9136): Dropping event due to no window focus: KeyEvent { action=ACTION_DOWN, hashcode=android.view.KeyEvent@42b45c78, keyCode=KEYCODE_DPAD_UP, scanCode=0, metaState=0, flags=0x400, repeatCount=0, eventTime=1116809, downTime=1116809, deviceId=-1, source=0x101 }
D/ActivityManager( 1909): getContentProviderImpl: from caller=android.app.ApplicationThreadProxy@43403690 (pid=5219, userId=0) to get content provider telephony cpr=ContentProviderRecord{4324a470 u0 com.android.providers.telephony/.TelephonyProvider}
D/ActivityManager( 1909): getContentProviderImpl: updateLruProcessLocked cpr.proc=ProcessRecord{43187770 4362:com.android.phone/1001}
D/ActivityThread( 4362): BDC-Calling onReceive: intent=Intent { act=oppo.intent.action.CANCEL.MISSED.CALL.NOTIFICATIONS flg=0x10 cmp=com.android.phone/.OppoMissedCallAlertReceiver }, ordered=true, receiver=com.android.phone.OppoMissedCallAlertReceiver@42b96810
W/ViewRootImpl( 9136): Dropping event due to no window focus: KeyEvent { action=ACTION_DOWN, hashcode=android.view.KeyEvent@42b459f0, keyCode=KEYCODE_DPAD_UP, scanCode=0, metaState=0, flags=0x400, repeatCount=0, eventTime=1116809, downTime=1116809, deviceId=-1, source=0x101 }
D/ActivityThread( 5219): hoder:android.app.IActivityManager$ContentProviderHolder@428e3418,provider,holder.Provider:android.content.ContentProviderProxy@428e3a68
D/ActivityThread( 4362): BDC-RECEIVER handled : 0 / ReceiverData{intent=Intent { act=oppo.intent.action.CANCEL.MISSED.CALL.NOTIFICATIONS flg=0x10 cmp=com.android.phone/.OppoMissedCallAlertReceiver } packageName=com.android.phone resultCode=-1 resultData=null resultExtras=null}
W/ViewRootImpl( 9136): Dropping event due to no window focus: KeyEvent { action=ACTION_DOWN, hashcode=android.view.KeyEvent@42b456d0, keyCode=KEYCODE_DPAD_UP, scanCode=0, metaState=0, flags=0x400, repeatCount=0, eventTime=1116809, downTime=1116809, deviceId=-1, source=0x101 }
W/ViewRootImpl( 9136): Dropping event due to no window focus: KeyEvent { action=ACTION_DOWN, hashcode=android.view.KeyEvent@42b453f0, keyCode=KEYCODE_DPAD_CENTER, scanCode=0, metaState=0, flags=0x400, repeatCount=0, eventTime=1116810, downTime=1116810, deviceId=-1, source=0x101 }
W/ViewRootImpl( 9136): Dropping event due to no window focus: KeyEvent { action=ACTION_DOWN, hashcode=android.view.KeyEvent@436bf5a0, keyCode=KEYCODE_DPAD_DOWN, scanCode=0, metaState=0, flags=0x400, repeatCount=0, eventTime=1116811, downTime=1116811, deviceId=-1, source=0x101 }
W/ViewRootImpl( 9136): Dropping event due to no window focus: MotionEvent { action=ACTION_MOVE, id[0]=0, x[0]=3.0, y[0]=3.0, toolType[0]=TOOL_TYPE_UNKNOWN, buttonState=0, metaState=0, flags=0x0, edgeFlags=0x0, pointerCount=1, historySize=3, eventTime=1116798, downTime=-1, deviceId=0, source=0x10004 }
D/TelephonyRegistry( 1909): listen: E pkg=<unknown> events=0x20 myUid=0 callerUid=0
I/TelephonyRegistry( 1909): listen: add new record={pkgForDebug=<unknown> callerUid=0 events=0}
D/TelephonyRegistry( 1909): validateEventsAndUserLocked: valid=false r.callerUid=0 foregroundUser=0 r.events=32 events=16
D/TelephonyRegistry( 1909): validateEventsAndUserLocked: valid=false r.callerUid=0 foregroundUser=0 r.events=32 events=1024
D/TelephonyRegistry( 1909): listen: E pkg=<unknown> events=0x20 myUid=0 callerUid=0
I/TelephonyRegistry( 1909): listen: add new record={pkgForDebug=<unknown> callerUid=0 events=0}
D/TelephonyRegistry( 1909): validateEventsAndUserLocked: valid=false r.callerUid=0 foregroundUser=0 r.events=32 events=16
D/TelephonyRegistry( 1909): validateEventsAndUserLocked: valid=false r.callerUid=0 foregroundUser=0 r.events=32 events=1024
D/ActivityThread( 4685): ACT-AM_ON_RESUME_CALLED ActivityRecord{426f7950 token=android.os.BinderProxy@426f70f0 {com.android.dialer/com.android.dialer.DialtactsActivity}}
V/ActivityThread( 4685): Resume ActivityRecord{426f7950 token=android.os.BinderProxy@426f70f0 {com.android.dialer/com.android.dialer.DialtactsActivity}} started activity: false, hideForNow: false, finished: false
V/ActivityThread( 4685): Resuming ActivityRecord{426f7950 token=android.os.BinderProxy@426f70f0 {com.android.dialer/com.android.dialer.DialtactsActivity}} with isForward=true
D/ActivityManager( 1909): getContentProviderImpl: from caller=android.app.ApplicationThreadProxy@4329db58 (pid=4685, userId=0) to get content provider com.android.contacts cpr=ContentProviderRecord{43043580 u0 com.android.providers.contacts/.ContactsProvider2}
D/ActivityManager( 1909): getContentProviderImpl: updateLruProcessLocked cpr.proc=ProcessRecord{431aff50 5219:android.process.acore/u0a2}
D/ActivityThread( 4685): hoder:android.app.IActivityManager$ContentProviderHolder@43795750,provider,holder.Provider:android.content.ContentProviderProxy@43796228
V/ActivityThread( 4685): Scheduling idle handler for ActivityRecord{426f7950 token=android.os.BinderProxy@426f70f0 {com.android.dialer/com.android.dialer.DialtactsActivity}}
D/ActivityThread( 4685): ACT-RESUME_ACTIVITY handled : 1 / android.os.BinderProxy@426f70f0
V/WindowManager( 1909): Changing focus from null to Window{431c22d8 u0 com.android.dialer/com.android.dialer.DialtactsActivity} Callers=com.android.server.wm.WindowManagerService.relayoutWindow:3728 com.android.server.wm.Session.relayout:191 android.view.IWindowSession$Stub.onTransact:235 com.android.server.wm.Session.onTransact:126 
I/WindowManager( 1909): Gaining focus: Window{431c22d8 u0 com.android.dialer/com.android.dialer.DialtactsActivity}
D/ActivityThread( 4685): SVC-Creating service: CreateServiceData{token=android.os.BinderProxy@43037fa0 className=com.android.dialer.calllog.CallLogNotificationsService packageName=com.android.dialer intent=null}
D/ActivityThread( 4685): SVC-CREATE_SERVICE handled : 0 / CreateServiceData{token=android.os.BinderProxy@43037fa0 className=com.android.dialer.calllog.CallLogNotificationsService packageName=com.android.dialer intent=null}
D/ActivityThread( 4685): SVC-SERVICE_ARGS handled : 0 / ServiceArgsData{token=android.os.BinderProxy@43037fa0 startId=1 args=Intent { act=com.android.dialer.calllog.UPDATE_NOTIFICATIONS cmp=com.android.dialer/.calllog.CallLogNotificationsService }}
V/InputMethodManagerService( 1909): windowGainedFocus: android.os.BinderProxy@42f578e8 controlFlags=#105 softInputMode=#123 windowFlags=#1810100
V/ActivityManager( 1909): Broadcast: Intent { act=com.kingroot.common.ACTION_TOP_ACTIVITY_CHANGED flg=0x10 (has extras) } ordered=false userid=0 callerApp=ProcessRecord{431a6e60 4536:com.kingroot.kinguser:service/u0a97}
V/ActivityManager( 1909): Broadcast: Intent { act=com.kingroot.common.ACTION_TOP_APP_CHANGED flg=0x10 (has extras) } ordered=false userid=0 callerApp=ProcessRecord{431a6e60 4536:com.kingroot.kinguser:service/u0a97}
D/ActivityThread( 4536): BDC-Calling onReceive: intent=Intent { act=com.kingroot.common.ACTION_TOP_ACTIVITY_CHANGED flg=0x10 cmp=com.kingroot.kinguser/com.kingroot.common.framework.broadcast.KSysBroadcastReceiver (has extras) }, ordered=true, receiver=com.kingroot.common.framework.broadcast.KSysBroadcastReceiver@430b4ad8
D/ActivityThread( 4536): BDC-RECEIVER handled : 0 / ReceiverData{intent=Intent { act=com.kingroot.common.ACTION_TOP_ACTIVITY_CHANGED flg=0x10 cmp=com.kingroot.kinguser/com.kingroot.common.framework.broadcast.KSysBroadcastReceiver (has extras) } packageName=com.kingroot.kinguser resultCode=-1 resultData=null resultExtras=null}
D/ActivityThread( 4536): BDC-Calling onReceive: intent=Intent { act=com.kingroot.common.ACTION_TOP_APP_CHANGED flg=0x10 cmp=com.kingroot.kinguser/com.kingroot.common.framework.broadcast.KSysBroadcastReceiver (has extras) }, ordered=true, receiver=com.kingroot.common.framework.broadcast.KSysBroadcastReceiver@428d0638
D/ActivityThread( 4536): BDC-RECEIVER handled : 0 / ReceiverData{intent=Intent { act=com.kingroot.common.ACTION_TOP_APP_CHANGED flg=0x10 cmp=com.kingroot.kinguser/com.kingroot.common.framework.broadcast.KSysBroadcastReceiver (has extras) } packageName=com.kingroot.kinguser resultCode=-1 resultData=null resultExtras=null}
D/ActivityThread( 4685): SVC-Destroying service: com.android.dialer.calllog.CallLogNotificationsService@43798eb0
D/ActivityThread( 4685): SVC-STOP_SERVICE handled : 0 / android.os.BinderProxy@43037fa0
D/ActivityManager( 1909): getContentProviderImpl: from caller=android.app.ApplicationThreadProxy@427d9aa0 (pid=4685, userId=0) to get content provider inquirenoarea cpr=ContentProviderRecord{429b3640 u0 com.oppo.phonenoareainquire/.PhoneNoInquireProvider}
D/ActivityManager( 1909): getContentProviderImpl: updateLruProcessLocked cpr.proc=ProcessRecord{44197a68 12997:com.oppo.phonenoareainquire/u0a73}
D/ActivityThread( 4685): hoder:android.app.IActivityManager$ContentProviderHolder@43716938,provider,holder.Provider:android.content.ContentProviderProxy@43716fd0
V/ActivityManager( 1909): ACT-Activity idle: Token{42946f18 ActivityRecord{42c05ee8 u0 com.android.dialer/.DialtactsActivity t10}}
V/ActivityManager( 1909): ensureActivitiesVisibleLocked: consider front
V/ActivityManager( 1909): ensureActivitiesVisibleLocked: consider back
W/InputMethodManagerService( 1909): Ignoring showSoftInput of uid 10275: com.android.internal.view.IInputMethodClient$Stub$Proxy@42b6f208
W/InputMethodManagerService( 1909): Ignoring showSoftInput of uid 10275: com.android.internal.view.IInputMethodClient$Stub$Proxy@43256498
D/ActivityManager( 1909): getContentProviderImpl: from caller=android.app.ApplicationThreadProxy@429c4e50 (pid=4685, userId=0) to get content provider com.android.contacts cpr=ContentProviderRecord{43043580 u0 com.android.providers.contacts/.ContactsProvider2}
D/ActivityManager( 1909): getContentProviderImpl: updateLruProcessLocked cpr.proc=ProcessRecord{431aff50 5219:android.process.acore/u0a2}
D/ActivityThread( 4685): hoder:android.app.IActivityManager$ContentProviderHolder@436118e8,provider,holder.Provider:android.content.ContentProviderProxy@43612458
D/ActivityManager( 1909): getContentProviderImpl: from caller=android.app.ApplicationThreadProxy@42959810 (pid=4685, userId=0) to get content provider inquirenoarea cpr=ContentProviderRecord{429b3640 u0 com.oppo.phonenoareainquire/.PhoneNoInquireProvider}
D/ActivityManager( 1909): getContentProviderImpl: updateLruProcessLocked cpr.proc=ProcessRecord{44197a68 12997:com.oppo.phonenoareainquire/u0a73}
D/ActivityThread( 4685): hoder:android.app.IActivityManager$ContentProviderHolder@4393c978,provider,holder.Provider:android.content.ContentProviderProxy@4393d010
W/InputMethodManagerService( 1909): Ignoring showSoftInput of uid 10275: com.android.internal.view.IInputMethodClient$Stub$Proxy@42cf1190
D/ActivityManager( 1909): startActivityMayWait() with permission: android.permission.CALL_PRIVILEGED
I/ActivityManager( 1909): START u0 {act=android.intent.action.CALL_PRIVILEGED dat=tel:xxxxxxxxxxxxx flg=0x10000000 cmp=com.android.phone/.PrivilegedOutgoingCallBroadcaster (has extras)} from pid 4685
E/ActivityManager( 1909): START {act=android.intent.action.CALL_PRIVILEGED dat=tel:xxxxxxxxxxxxx flg=0x10000000 cmp=com.android.phone/.PrivilegedOutgoingCallBroadcaster (has extras) u=0} from pid 4685
D/ActivityManager( 1909): ACT-moveHomeTask toFront : false homeInFront = false
D/ActivityManager( 1909): ACT-BMW, insertTaskAtTop fromHome = false lastStack = ActivityStack{434bd280 stackId=4, 6 tasks} this = ActivityStack{434bd280 stackId=4, 6 tasks} topTask() = TaskRecord{42ae9758 #10 A=com.android.dialer U=0 sz=1}
D/ActivityManager( 1909): ACT-BMW, insertTaskAtTop fromHome = false lastStack = ActivityStack{434bd280 stackId=4, 7 tasks} this = ActivityStack{434bd280 stackId=4, 7 tasks} topTask() = TaskRecord{42768988 #17 A=com.android.phone U=0 sz=0}
V/WindowManager( 1909): Changing focus from Window{431c22d8 u0 com.android.dialer/com.android.dialer.DialtactsActivity} to null Callers=com.android.server.wm.WindowManagerService.setFocusedApp:4747 com.android.server.am.ActivityManagerService.setFocusedActivityLocked:2623 com.android.server.am.ActivityStackSupervisor.startActivityUncheckedLocked:3315 com.android.server.am.ActivityStackSupervisor.startActivityLocked:2100 
I/WindowManager( 1909): Losing focus: Window{431c22d8 u0 com.android.dialer/com.android.dialer.DialtactsActivity}
D/ActivityManager( 1909): ACT-IDLE_NOW_MSG from windowsVisible() for idle: ActivityRecord{42c05ee8 u0 com.android.dialer/.DialtactsActivity t10}
V/ActivityManager( 1909): ACT-Activity idle: null
I/WindowManager( 1909): setHoldScreenLocked: hold=false
D/TelephonyRegistry( 1909): listen: E pkg=<unknown> events=0x0 myUid=0 callerUid=0
W/ActivityManager( 1909): Unbind failed: could not find connection for android.os.BinderProxy@4272b7e0
D/TelephonyRegistry( 1909): listen: E pkg=<unknown> events=0x0 myUid=0 callerUid=0
V/ActivityThread( 9136): Finishing stop of ActivityRecord{43ce7510 token=android.os.BinderProxy@42b191e0 {com.sixty.nidoneClient/com.sixty.nidoneClient.view.activity.SDK_WebApp}}: show=false win=com.android.internal.policy.impl.PhoneWindow@42d8f248
D/ActivityThread( 9136): ACT-STOP_ACTIVITY_HIDE handled : 0 / android.os.BinderProxy@42b191e0
D/ActivityThread( 4685): ACT-AM_ON_PAUSE_CALLED ActivityRecord{426f7950 token=android.os.BinderProxy@426f70f0 {com.android.dialer/com.android.dialer.DialtactsActivity}}
W/ContextImpl( 1909): Calling a method in the system process without a qualified user: android.app.ContextImpl.sendBroadcast:1345 com.android.server.am.OppoProtectEyeManagerService.sendProtectEyeBroadcast:167 com.android.server.am.OppoProtectEyeManagerService.handleProtectEyeMode:140 com.android.server.am.ActivityStack.resumeTopActivityLocked:2177 com.android.server.am.ActivityStackSupervisor.resumeTopActivitiesLocked:3644 
V/ActivityManager( 1909): Broadcast: Intent { act=android.intent.action.OPPO_ROM_APP_CHANGE flg=0x10 (has extras) } ordered=false userid=0 callerApp=ProcessRecord{4272b1e0 1909:system/1000}
V/ActivityManager( 1909): ensureActivitiesVisibleLocked: consider front
V/ActivityManager( 1909): ensureActivitiesVisibleLocked: consider back
V/ActivityManager( 1909): ensureActivitiesVisibleLocked: consider front
V/ActivityManager( 1909): ensureActivitiesVisibleLocked: consider back
V/ActivityThread( 4362): ActivityRecord{42b9a008 token=android.os.BinderProxy@42b99680 {com.android.phone/com.android.phone.PrivilegedOutgoingCallBroadcaster}}: app=com.android.phone.PhoneApp@426df260, appName=com.android.phone, pkg=com.android.phone, comp={com.android.phone/com.android.phone.PrivilegedOutgoingCallBroadcaster}, dir=/system/priv-app/TeleService.apk
D/ActivityThread( 4685): ACT-PAUSE_ACTIVITY handled : 1 / android.os.BinderProxy@426f70f0
D/ActivityThread( 4675): BDC-Calling onReceive: intent=Intent { act=android.intent.action.OPPO_ROM_APP_CHANGE flg=0x10 cmp=com.color.safecenter/com.color.datamonitor.networkcontrol.PackageReceiver (has extras) }, ordered=true, receiver=com.color.datamonitor.networkcontrol.PackageReceiver@42eab620
D/ConnectivityService( 1909): getActiveNetworkInfo:NetworkInfo: type: WIFI[], state: CONNECTED/CONNECTED, reason: (unspecified), extra: "60_dev_01", roaming: false, failover: false, isAvailable: true, isConnectedToProvisioningNetwork: false, simId: 0/1000
D/ActivityThread( 4675): BDC-RECEIVER handled : 0 / ReceiverData{intent=Intent { act=android.intent.action.OPPO_ROM_APP_CHANGE flg=0x10 cmp=com.color.safecenter/com.color.datamonitor.networkcontrol.PackageReceiver (has extras) } packageName=com.color.safecenter resultCode=-1 resultData=null resultExtras=null}
W/InputMethodManagerService( 1909): Ignoring showSoftInput of uid 10275: com.android.internal.view.IInputMethodClient$Stub$Proxy@4292cdc0
V/NetworkStats( 1909): setKernelCounterSet uid=10275 set=0
D/ConnectivityService( 1909): onUidRulesChanged(uid=10275, uidRules=0)
V/WindowManager( 1909): Changing focus from null to Window{42e6b800 u0 com.android.phone/com.android.phone.PrivilegedOutgoingCallBroadcaster} Callers=com.android.server.wm.WindowManagerService.addWindow:2968 com.android.server.wm.Session.addToDisplay:163 android.view.IWindowSession$Stub.onTransact:111 com.android.server.wm.Session.onTransact:126 
I/WindowManager( 1909): Gaining focus: Window{42e6b800 u0 com.android.phone/com.android.phone.PrivilegedOutgoingCallBroadcaster}
V/ActivityThread( 4362): Performing resume of ActivityRecord{42b9a008 token=android.os.BinderProxy@42b99680 {com.android.phone/com.android.phone.PrivilegedOutgoingCallBroadcaster}} finished=false
D/ActivityThread( 4362): ACT-AM_ON_RESUME_CALLED ActivityRecord{42b9a008 token=android.os.BinderProxy@42b99680 {com.android.phone/com.android.phone.PrivilegedOutgoingCallBroadcaster}}
V/ActivityThread( 4362): Resume ActivityRecord{42b9a008 token=android.os.BinderProxy@42b99680 {com.android.phone/com.android.phone.PrivilegedOutgoingCallBroadcaster}} started activity: false, hideForNow: false, finished: false
V/ActivityThread( 4362): Resuming ActivityRecord{42b9a008 token=android.os.BinderProxy@42b99680 {com.android.phone/com.android.phone.PrivilegedOutgoingCallBroadcaster}} with isForward=true
V/ActivityThread( 4362): Scheduling idle handler for ActivityRecord{42b9a008 token=android.os.BinderProxy@42b99680 {com.android.phone/com.android.phone.PrivilegedOutgoingCallBroadcaster}}
D/ActivityThread( 4362): ACT-LAUNCH_ACTIVITY handled : 0 / ActivityRecord{42b9a008 token=android.os.BinderProxy@42b99680 {com.android.phone/com.android.phone.PrivilegedOutgoingCallBroadcaster}}
W/ViewRootImpl( 4362): Dropping event due to no window focus: KeyEvent { action=ACTION_DOWN, hashcode=android.view.KeyEvent@42d528f0, keyCode=KEYCODE_DPAD_DOWN, scanCode=0, metaState=0, flags=0x8, repeatCount=0, eventTime=1117351, downTime=1117351, deviceId=-1, source=0x101 }
W/ViewRootImpl( 4362): Dropping event due to no window focus: KeyEvent { action=ACTION_DOWN, hashcode=android.view.KeyEvent@42d62228, keyCode=KEYCODE_DPAD_UP, scanCode=0, metaState=0, flags=0x8, repeatCount=0, eventTime=1117424, downTime=1117424, deviceId=-1, source=0x101 }
D/ActivityManager( 1909): getContentProviderImpl: from caller=android.app.ApplicationThreadProxy@42af0fe0 (pid=4685, userId=0) to get content provider call_log cpr=ContentProviderRecord{4325b7b0 u0 com.android.providers.contacts/.CallLogProvider}
D/ActivityManager( 1909): getContentProviderImpl: updateLruProcessLocked cpr.proc=ProcessRecord{431aff50 5219:android.process.acore/u0a2}
