D/WifiService( 1797): onReceive, action:android.intent.action.BATTERY_CHANGED
D/UsbDeviceManager( 1797): onReceive - BATTERY_CHANGED - mPlugType: 2, mSettingUsbCharging: false, mConnected: true, mSettingUsbBicr: false
D/WifiController( 1797): DeviceActiveState{ when=0 what=155652 arg1=2 target=com.android.internal.util.StateMachine$SmHandler target=Handler (com.android.internal.util.StateMachine$SmHandler) {432227a8} }
D/WifiController( 1797): StaEnabledState{ when=0 what=155652 arg1=2 target=com.android.internal.util.StateMachine$SmHandler target=Handler (com.android.internal.util.StateMachine$SmHandler) {432227a8} }
D/WifiController( 1797): DefaultState{ when=0 what=155652 arg1=2 target=com.android.internal.util.StateMachine$SmHandler target=Handler (com.android.internal.util.StateMachine$SmHandler) {432227a8} }
D/WifiController( 1797): battery changed pluggedType: 2
V/ActivityManager( 1797): Broadcast sticky: Intent { act=android.intent.action.ADDITIONAL_BATTERY_CHANGED flg=0x60000010 (has extras) } ordered=false userid=-1 callerApp=null
V/ActivityManager( 1797): Broadcast sticky: Intent { act=android.intent.action.ADDITIONAL_BATTERY_CHANGED flg=0x60000010 (has extras) } ordered=false userid=-1 callerApp=null
D/ConnectivityService( 1797): getActiveNetworkInfo:NetworkInfo: type: WIFI[], state: CONNECTED/CONNECTED, reason: (unspecified), extra: "60_dev_01", roaming: false, failover: false, isAvailable: true, isConnectedToProvisioningNetwork: false, simId: 0/10090
D/ConnectivityService( 1797): getActiveNetworkInfo:NetworkInfo: type: WIFI[], state: CONNECTED/CONNECTED, reason: (unspecified), extra: "60_dev_01", roaming: false, failover: false, isAvailable: true, isConnectedToProvisioningNetwork: false, simId: 0/10090
D/ConnectivityService( 1797): getActiveNetworkInfo:NetworkInfo: type: WIFI[], state: CONNECTED/CONNECTED, reason: (unspecified), extra: "60_dev_01", roaming: false, failover: false, isAvailable: true, isConnectedToProvisioningNetwork: false, simId: 0/10090
V/ActivityManager( 1797): Broadcast sticky: Intent { act=android.intent.action.ADDITIONAL_BATTERY_CHANGED flg=0x60000010 (has extras) } ordered=false userid=-1 callerApp=null
V/ActivityManager( 1797): Broadcast sticky: Intent { act=android.intent.action.BATTERY_CHANGED flg=0x60000010 (has extras) } ordered=false userid=-1 callerApp=null
D/WifiService( 1797): onReceive, action:android.intent.action.BATTERY_CHANGED
D/UsbDeviceManager( 1797): onReceive - BATTERY_CHANGED - mPlugType: 2, mSettingUsbCharging: false, mConnected: true, mSettingUsbBicr: false
D/WifiController( 1797): DeviceActiveState{ when=-1ms what=155652 arg1=2 target=com.android.internal.util.StateMachine$SmHandler target=Handler (com.android.internal.util.StateMachine$SmHandler) {432227a8} }
D/WifiController( 1797): StaEnabledState{ when=-1ms what=155652 arg1=2 target=com.android.internal.util.StateMachine$SmHandler target=Handler (com.android.internal.util.StateMachine$SmHandler) {432227a8} }
D/WifiController( 1797): DefaultState{ when=-1ms what=155652 arg1=2 target=com.android.internal.util.StateMachine$SmHandler target=Handler (com.android.internal.util.StateMachine$SmHandler) {432227a8} }
D/WifiController( 1797): battery changed pluggedType: 2
V/ActivityManager( 1797): Broadcast sticky: Intent { act=android.intent.action.ADDITIONAL_BATTERY_CHANGED flg=0x60000010 (has extras) } ordered=false userid=-1 callerApp=null
V/ActivityManager( 1797): Broadcast sticky: Intent { act=android.intent.action.ADDITIONAL_BATTERY_CHANGED flg=0x60000010 (has extras) } ordered=false userid=-1 callerApp=null
V/ActivityManager( 1797): Broadcast sticky: Intent { act=android.intent.action.SIG_STR flg=0x10 (has extras) } ordered=false userid=-1 callerApp=ProcessRecord{42767e10 1797:system/1000}
I/ANRManager( 1797): updateProcessStats
V/ActivityManager( 1797): Broadcast sticky: Intent { act=android.intent.action.ADDITIONAL_BATTERY_CHANGED flg=0x60000010 (has extras) } ordered=false userid=-1 callerApp=null
V/ActivityManager( 1797): Broadcast sticky: Intent { act=android.intent.action.BATTERY_CHANGED flg=0x60000010 (has extras) } ordered=false userid=-1 callerApp=null
D/WifiService( 1797): onReceive, action:android.intent.action.BATTERY_CHANGED
D/UsbDeviceManager( 1797): onReceive - BATTERY_CHANGED - mPlugType: 2, mSettingUsbCharging: false, mConnected: true, mSettingUsbBicr: false
D/WifiController( 1797): DeviceActiveState{ when=0 what=155652 arg1=2 target=com.android.internal.util.StateMachine$SmHandler target=Handler (com.android.internal.util.StateMachine$SmHandler) {432227a8} }
D/WifiController( 1797): StaEnabledState{ when=0 what=155652 arg1=2 target=com.android.internal.util.StateMachine$SmHandler target=Handler (com.android.internal.util.StateMachine$SmHandler) {432227a8} }
D/WifiController( 1797): DefaultState{ when=0 what=155652 arg1=2 target=com.android.internal.util.StateMachine$SmHandler target=Handler (com.android.internal.util.StateMachine$SmHandler) {432227a8} }
D/WifiController( 1797): battery changed pluggedType: 2
V/ActivityManager( 1797): Broadcast sticky: Intent { act=android.intent.action.ADDITIONAL_BATTERY_CHANGED flg=0x60000010 (has extras) } ordered=false userid=-1 callerApp=null
V/ActivityManager( 1797): Broadcast sticky: Intent { act=android.intent.action.ADDITIONAL_BATTERY_CHANGED flg=0x60000010 (has extras) } ordered=false userid=-1 callerApp=null
I/ANRManager( 1797): CPU update time < 2.5sec
V/ActivityManager( 1797): Broadcast: Intent { act=com.tencent.tmsdk.HeartBeatPlot.ACTION_HEARTBEAT_PLOT_ALARM_CYCLE flg=0x94 pkg=com.kingroot.master (has extras) } ordered=true userid=0 callerApp=null
D/ActivityThread( 5120): BDC-Calling onReceive: intent=Intent { act=com.tencent.tmsdk.HeartBeatPlot.ACTION_HEARTBEAT_PLOT_ALARM_CYCLE flg=0x94 pkg=com.kingroot.master (has extras) }, ordered=true, receiver=tmsdk.common.module.sdknetpool.b.f@4281b638, IIntentReceiver=4298b610
D/ActivityThread( 5120): BDC-Calling finishReceiver: IIntentReceiver=4298b610
D/ConnectivityService( 1797): getActiveNetworkInfo:NetworkInfo: type: WIFI[], state: CONNECTED/CONNECTED, reason: (unspecified), extra: "60_dev_01", roaming: false, failover: false, isAvailable: true, isConnectedToProvisioningNetwork: false, simId: 0/10098
V/ActivityManager( 1797): Broadcast: Intent { act=action_keep_alive_after_send_end flg=0x94 (has extras) } ordered=true userid=0 callerApp=null
V/AlarmManager( 1797): isAlarmNeedAlign : charging
D/ConnectivityService( 1797): getActiveNetworkInfo:NetworkInfo: type: WIFI[], state: CONNECTED/CONNECTED, reason: (unspecified), extra: "60_dev_01", roaming: false, failover: false, isAvailable: true, isConnectedToProvisioningNetwork: false, simId: 0/10098
D/ConnectivityService( 1797): getActiveNetworkInfo:NetworkInfo: type: WIFI[], state: CONNECTED/CONNECTED, reason: (unspecified), extra: "60_dev_01", roaming: false, failover: false, isAvailable: true, isConnectedToProvisioningNetwork: false, simId: 0/10098
D/ConnectivityService( 1797): getActiveNetworkInfo:NetworkInfo: type: WIFI[], state: CONNECTED/CONNECTED, reason: (unspecified), extra: "60_dev_01", roaming: false, failover: false, isAvailable: true, isConnectedToProvisioningNetwork: false, simId: 0/10098
V/ActivityManager( 1797): Broadcast sticky: Intent { act=android.intent.action.ADDITIONAL_BATTERY_CHANGED flg=0x60000010 (has extras) } ordered=false userid=-1 callerApp=null
V/ActivityManager( 1797): Broadcast sticky: Intent { act=android.intent.action.ADDITIONAL_BATTERY_CHANGED flg=0x60000010 (has extras) } ordered=false userid=-1 callerApp=null
V/ActivityManager( 1797): Broadcast sticky: Intent { act=android.intent.action.ADDITIONAL_BATTERY_CHANGED flg=0x60000010 (has extras) } ordered=false userid=-1 callerApp=null
I/ANRManager( 1797): updateProcessStats
V/ActivityManager( 1797): Broadcast sticky: Intent { act=android.intent.action.ADDITIONAL_BATTERY_CHANGED flg=0x60000010 (has extras) } ordered=false userid=-1 callerApp=null
V/ActivityManager( 1797): Broadcast sticky: Intent { act=android.intent.action.BATTERY_CHANGED flg=0x60000010 (has extras) } ordered=false userid=-1 callerApp=null
D/WifiService( 1797): onReceive, action:android.intent.action.BATTERY_CHANGED
D/UsbDeviceManager( 1797): onReceive - BATTERY_CHANGED - mPlugType: 2, mSettingUsbCharging: false, mConnected: true, mSettingUsbBicr: false
D/WifiController( 1797): DeviceActiveState{ when=0 what=155652 arg1=2 target=com.android.internal.util.StateMachine$SmHandler target=Handler (com.android.internal.util.StateMachine$SmHandler) {432227a8} }
D/WifiController( 1797): StaEnabledState{ when=-1ms what=155652 arg1=2 target=com.android.internal.util.StateMachine$SmHandler target=Handler (com.android.internal.util.StateMachine$SmHandler) {432227a8} }
D/WifiController( 1797): DefaultState{ when=-1ms what=155652 arg1=2 target=com.android.internal.util.StateMachine$SmHandler target=Handler (com.android.internal.util.StateMachine$SmHandler) {432227a8} }
D/WifiController( 1797): battery changed pluggedType: 2
V/ActivityManager( 1797): Broadcast sticky: Intent { act=android.intent.action.ADDITIONAL_BATTERY_CHANGED flg=0x60000010 (has extras) } ordered=false userid=-1 callerApp=null
V/ActivityManager( 1797): Broadcast sticky: Intent { act=android.intent.action.ADDITIONAL_BATTERY_CHANGED flg=0x60000010 (has extras) } ordered=false userid=-1 callerApp=null
V/ActivityManager( 1797): Broadcast sticky: Intent { act=android.intent.action.SIG_STR flg=0x10 (has extras) } ordered=false userid=-1 callerApp=ProcessRecord{42767e10 1797:system/1000}
V/ActivityManager( 1797): Broadcast sticky: Intent { act=android.intent.action.ADDITIONAL_BATTERY_CHANGED flg=0x60000010 (has extras) } ordered=false userid=-1 callerApp=null
V/ActivityManager( 1797): Broadcast sticky: Intent { act=android.intent.action.ADDITIONAL_BATTERY_CHANGED flg=0x60000010 (has extras) } ordered=false userid=-1 callerApp=null
V/ActivityManager( 1797): Broadcast sticky: Intent { act=android.intent.action.ADDITIONAL_BATTERY_CHANGED flg=0x60000010 (has extras) } ordered=false userid=-1 callerApp=null
I/thermal_repeater(  288): oh, queryMdThermalInfo (0)Bad file number
I/thermal_repeater(  288): [recvMdThermalInfo] ret=25, strLen=127,  1, 32767,,, -1, 32767, 2
D/ConnectivityService( 1797): getActiveNetworkInfo:NetworkInfo: type: WIFI[], state: CONNECTED/CONNECTED, reason: (unspecified), extra: "60_dev_01", roaming: false, failover: false, isAvailable: true, isConnectedToProvisioningNetwork: false, simId: 0/10188
D/ActivityThread(12358): SVC-SERVICE_ARGS handled : 0 / ServiceArgsData{token=android.os.BinderProxy@42739ad8 startId=258 args=Intent { cmp=com.moji.airnut/.bleconn.bluetooth.BleDiscoveryGattService (has extras) }}
V/ActivityManager( 1797): Broadcast sticky: Intent { act=android.intent.action.ADDITIONAL_BATTERY_CHANGED flg=0x60000010 (has extras) } ordered=false userid=-1 callerApp=null
V/ActivityManager( 1797): Broadcast sticky: Intent { act=android.intent.action.BATTERY_CHANGED flg=0x60000010 (has extras) } ordered=false userid=-1 callerApp=null
D/WifiService( 1797): onReceive, action:android.intent.action.BATTERY_CHANGED
D/UsbDeviceManager( 1797): onReceive - BATTERY_CHANGED - mPlugType: 2, mSettingUsbCharging: false, mConnected: true, mSettingUsbBicr: false
D/WifiController( 1797): DeviceActiveState{ when=-2ms what=155652 arg1=2 target=com.android.internal.util.StateMachine$SmHandler target=Handler (com.android.internal.util.StateMachine$SmHandler) {432227a8} }
V/ActivityManager( 1797): Broadcast sticky: Intent { act=android.intent.action.ADDITIONAL_BATTERY_CHANGED flg=0x60000010 (has extras) } ordered=false userid=-1 callerApp=null
D/WifiController( 1797): StaEnabledState{ when=-2ms what=155652 arg1=2 target=com.android.internal.util.StateMachine$SmHandler target=Handler (com.android.internal.util.StateMachine$SmHandler) {432227a8} }
D/WifiController( 1797): DefaultState{ when=-2ms what=155652 arg1=2 target=com.android.internal.util.StateMachine$SmHandler target=Handler (com.android.internal.util.StateMachine$SmHandler) {432227a8} }
D/WifiController( 1797): battery changed pluggedType: 2
V/ActivityManager( 1797): Broadcast sticky: Intent { act=android.intent.action.ADDITIONAL_BATTERY_CHANGED flg=0x60000010 (has extras) } ordered=false userid=-1 callerApp=null
V/ActivityManager( 1797): Broadcast: Intent { act=android.intent.action.TIME_TICK flg=0x50000094 (has extras) } ordered=true userid=-1 callerApp=null
D/ActivityThread( 1797): BDC-Calling onReceive: intent=Intent { act=android.intent.action.TIME_TICK flg=0x50000094 (has extras) }, ordered=true, receiver=com.android.server.AlarmManagerService$ClockReceiver@42864508, IIntentReceiver=42bdffb0
V/AlarmManager( 1797): isAlarmNeedAlign : charging
D/ActivityThread( 1797): BDC-Calling finishReceiver: IIntentReceiver=42bdffb0
D/ActivityThread( 4488): BDC-Calling onReceive: intent=Intent { act=android.intent.action.TIME_TICK flg=0x50000094 (has extras) }, ordered=true, receiver=com.oppo.widget.smallweather.NormalWidgetUtil$1@42811870, IIntentReceiver=427f3748
D/ActivityThread( 4488): BDC-Calling finishReceiver: IIntentReceiver=427f3748
D/ActivityThread( 6908): BDC-Calling onReceive: intent=Intent { act=android.intent.action.TIME_TICK flg=0x50000094 (has extras) }, ordered=true, receiver=com.oppo.activation.ActivationService$ServiceBroadcastReceiver@42771de8, IIntentReceiver=42771e30
D/ActivityThread( 6908): BDC-Calling finishReceiver: IIntentReceiver=42771e30
D/ActivityThread(13785): BDC-Calling onReceive: intent=Intent { act=android.intent.action.TIME_TICK flg=0x50000094 (has extras) }, ordered=true, receiver=ded$1@427fbc70, IIntentReceiver=427fc200
D/ActivityManager( 1797): getContentProviderImpl: from caller=android.app.ApplicationThreadProxy@42bd8060 (pid=13785, userId=0) to get content provider cn.wps.moffice_eng.preferences cpr=ContentProviderRecord{4324eba0 u0 cn.wps.moffice_eng/cn.wps.moffice.persistence.AppDataProvider}
D/ActivityManager( 1797): getContentProviderImpl: updateLruProcessLocked cpr.proc=ProcessRecord{42d428e0 12099:cn.wps.moffice_eng/u0a86}
D/ActivityThread(13785): hoder:android.app.IActivityManager$ContentProviderHolder@42997480,provider,holder.Provider:android.content.ContentProviderProxy@42997ae0
D/ActivityThread(13785): BDC-Calling finishReceiver: IIntentReceiver=427fc200
D/ActivityThread(23939): BDC-Calling onReceive: intent=Intent { act=android.intent.action.TIME_TICK flg=0x50000094 (has extras) }, ordered=true, receiver=com.oppo.lockutils.OppoLockUtils$1@42748440, IIntentReceiver=42749dd8
D/ActivityThread(23939): BDC-Calling finishReceiver: IIntentReceiver=42749dd8
D/ActivityThread(23939): BDC-Calling onReceive: intent=Intent { act=android.intent.action.TIME_TICK flg=0x50000094 (has extras) }, ordered=true, receiver=com.android.keyguard.base.KeyguardUpdateMonitor$3@42759190, IIntentReceiver=4275a8b0
D/ActivityThread(23939): BDC-Calling finishReceiver: IIntentReceiver=4275a8b0
D/ANRManager( 1797): getUserConfirmTime() userId: 0 anrTime: 20000 extendTime: 0
V/ActivityManager( 1797): Broadcast: Intent { act=com.kingroot.common.action.DROPBOX_SCAN_ALARM flg=0x10 cmp=com.kingroot.master/com.kingroot.common.framework.broadcast.KSysBroadcastReceiver } ordered=false userid=0 callerApp=ProcessRecord{4335cda8 5120:com.kingroot.master:service/u0a98}
D/ActivityThread( 5120): BDC-Calling onReceive: intent=Intent { act=com.kingroot.common.action.DROPBOX_SCAN_ALARM flg=0x10 cmp=com.kingroot.master/com.kingroot.common.framework.broadcast.KSysBroadcastReceiver }, ordered=true, receiver=com.kingroot.common.framework.broadcast.KSysBroadcastReceiver@42ab5e10
D/ActivityThread( 5120): BDC-RECEIVER handled : 0 / ReceiverData{intent=Intent { act=com.kingroot.common.action.DROPBOX_SCAN_ALARM flg=0x10 cmp=com.kingroot.master/com.kingroot.common.framework.broadcast.KSysBroadcastReceiver } packageName=com.kingroot.master resultCode=-1 resultData=null resultExtras=null}
V/ActivityManager( 1797): Broadcast sticky: Intent { act=android.intent.action.ADDITIONAL_BATTERY_CHANGED flg=0x60000010 (has extras) } ordered=false userid=-1 callerApp=null
V/ActivityManager( 1797): Broadcast sticky: Intent { act=android.intent.action.ADDITIONAL_BATTERY_CHANGED flg=0x60000010 (has extras) } ordered=false userid=-1 callerApp=null
V/ActivityManager( 1797): Broadcast sticky: Intent { act=android.intent.action.ADDITIONAL_BATTERY_CHANGED flg=0x60000010 (has extras) } ordered=false userid=-1 callerApp=null
I/ANRManager( 1797): updateProcessStats
V/AlarmManager( 1797): isAlarmNeedAlign : charging
V/AlarmManager( 1797): isAlarmNeedAlign : charging
V/AlarmManager( 1797): isAlarmNeedAlign : charging
V/AlarmManager( 1797): isAlarmNeedAlign : charging
V/AlarmManager( 1797): isAlarmNeedAlign : charging
V/AlarmManager( 1797): isAlarmNeedAlign : charging
V/AlarmManager( 1797): isAlarmNeedAlign : charging
V/AlarmManager( 1797): isAlarmNeedAlign : charging
V/AlarmManager( 1797): isAlarmNeedAlign : charging
V/AlarmManager( 1797): isAlarmNeedAlign : charging
V/AlarmManager( 1797): isAlarmNeedAlign : charging
V/AlarmManager( 1797): isAlarmNeedAlign : charging
V/AlarmManager( 1797): isAlarmNeedAlign : charging
V/AlarmManager( 1797): isAlarmNeedAlign : charging
V/AlarmManager( 1797): isAlarmNeedAlign : charging
V/AlarmManager( 1797): isAlarmNeedAlign : charging
V/AlarmManager( 1797): isAlarmNeedAlign : charging
V/AlarmManager( 1797): isAlarmNeedAlign : charging
V/AlarmManager( 1797): isAlarmNeedAlign : charging
V/AlarmManager( 1797): isAlarmNeedAlign : charging
V/AlarmManager( 1797): isAlarmNeedAlign : charging
V/AlarmManager( 1797): isAlarmNeedAlign : charging
V/AlarmManager( 1797): isAlarmNeedAlign : charging
V/AlarmManager( 1797): isAlarmNeedAlign : charging
V/AlarmManager( 1797): isAlarmNeedAlign : charging
V/AlarmManager( 1797): isAlarmNeedAlign : charging
V/AlarmManager( 1797): isAlarmNeedAlign : charging
V/AlarmManager( 1797): isAlarmNeedAlign : charging
V/AlarmManager( 1797): isAlarmNeedAlign : charging
V/AlarmManager( 1797): isAlarmNeedAlign : charging
V/AlarmManager( 1797): isAlarmNeedAlign : charging
V/AlarmManager( 1797): isAlarmNeedAlign : charging
V/AlarmManager( 1797): isAlarmNeedAlign : charging
V/AlarmManager( 1797): isAlarmNeedAlign : charging
V/AlarmManager( 1797): isAlarmNeedAlign : charging
V/AlarmManager( 1797): isAlarmNeedAlign : charging
V/AlarmManager( 1797): isAlarmNeedAlign : charging
V/AlarmManager( 1797): isAlarmNeedAlign : charging
V/AlarmManager( 1797): isAlarmNeedAlign : charging
V/AlarmManager( 1797): isAlarmNeedAlign : charging
V/AlarmManager( 1797): isAlarmNeedAlign : charging
V/AlarmManager( 1797): isAlarmNeedAlign : charging
V/AlarmManager( 1797): isAlarmNeedAlign : charging
V/AlarmManager( 1797): isAlarmNeedAlign : charging
V/AlarmManager( 1797): isAlarmNeedAlign : charging
V/AlarmManager( 1797): isAlarmNeedAlign : charging
V/AlarmManager( 1797): isAlarmNeedAlign : charging
V/AlarmManager( 1797): isAlarmNeedAlign : charging
V/AlarmManager( 1797): isAlarmNeedAlign : charging
V/AlarmManager( 1797): isAlarmNeedAlign : charging
V/AlarmManager( 1797): isAlarmNeedAlign : charging
V/AlarmManager( 1797): isAlarmNeedAlign : charging
V/AlarmManager( 1797): isAlarmNeedAlign : charging
V/AlarmManager( 1797): isAlarmNeedAlign : charging
V/AlarmManager( 1797): isAlarmNeedAlign : charging
V/AlarmManager( 1797): isAlarmNeedAlign : charging
V/AlarmManager( 1797): isAlarmNeedAlign : charging
V/AlarmManager( 1797): isAlarmNeedAlign : charging
V/AlarmManager( 1797): isAlarmNeedAlign : charging
V/AlarmManager( 1797): isAlarmNeedAlign : charging
--------- beginning of /dev/log/main
V/AlarmManager( 1797): sending alarm Alarm{43371c48 type 0 com.kingroot.master}
V/AlarmManager( 1797): wakeup alarm = Alarm{43371c48 type 0 com.kingroot.master}
V/ActivityManager( 1797): Broadcast: Intent { act=action_keep_alive_after_send_end flg=0x94 (has extras) } ordered=true userid=0 callerApp=null
V/AlarmManager( 1797): Checking for alarms... rtc=1514368206435, elapsed=9632562
V/AlarmManager( 1797): sending alarm Alarm{4336bc20 type 0 com.kingroot.kinguser}
V/AlarmManager( 1797): wakeup alarm = Alarm{4336bc20 type 0 com.kingroot.kinguser}
V/ActivityManager( 1797): Broadcast: Intent { act=action_keep_alive_close flg=0x94 pkg=com.kingroot.kinguser (has extras) } ordered=true userid=0 callerApp=null
D/ActivityThread( 4625): BDC-Calling onReceive: intent=Intent { act=action_keep_alive_close flg=0x94 pkg=com.kingroot.kinguser (has extras) }, ordered=true, receiver=com.kingroot.kinguser.gbl@42770f38, IIntentReceiver=427545d8
D/ActivityThread( 4625): BDC-Calling finishReceiver: IIntentReceiver=427545d8
V/AlarmManager( 1797): remove(operation) changed bounds; rebatching
V/AlarmManager( 1797): isAlarmNeedAlign : charging
V/AlarmManager( 1797): isAlarmNeedAlign : charging
V/AlarmManager( 1797): Adding Alarm{42932a58 type 2 com.tencent.mm} to Batch{42c6c160 num=2 start=9638559 end=9863559}
V/AlarmManager( 1797):     => now Batch{42c6c160 num=2 start=9729541 end=9802272}
V/AlarmManager( 1797): isAlarmNeedAlign : charging
V/AlarmManager( 1797): isAlarmNeedAlign : charging
V/AlarmManager( 1797): Adding Alarm{428e5148 type 0 com.kingroot.master} to Batch{42905ba0 num=2 start=9860061 end=10030681}
V/AlarmManager( 1797):     => now Batch{42905ba0 num=2 start=9873610 end=10030681}
V/AlarmManager( 1797): isAlarmNeedAlign : charging
V/AlarmManager( 1797): Adding Alarm{428ca978 type 0 com.kingroot.kinguser} to Batch{42905ba0 num=3 start=9873610 end=10030681}
V/AlarmManager( 1797):     => now Batch{42905ba0 num=3 start=9920500 end=10030681}
V/AlarmManager( 1797): isAlarmNeedAlign : charging
V/AlarmManager( 1797): Adding Alarm{428bdfe8 type 0 com.tencent.mm} to Batch{42905ba0 num=4 start=9920500 end=10030681}
V/AlarmManager( 1797):     => now Batch{42905ba0 num=4 start=9938040 end=10030681}
V/AlarmManager( 1797): isAlarmNeedAlign : charging
V/AlarmManager( 1797): Adding Alarm{4288c700 type 1 com.oppo.yellowpage} to Batch{42905ba0 num=5 start=9938040 end=10030681}
V/AlarmManager( 1797):     => now Batch{42905ba0 num=5 start=10017053 end=10030681}
V/AlarmManager( 1797): isAlarmNeedAlign : charging
V/AlarmManager( 1797): Adding Alarm{4282d550 type 1 com.nearme.feedback} to Batch{42c8c2a0 num=2 start=10453827 end=11069772}
V/AlarmManager( 1797):     => now Batch{42c8c2a0 num=2 start=10560256 end=10560256}
V/AlarmManager( 1797): isAlarmNeedAlign : charging
V/AlarmManager( 1797): Adding Alarm{434f2650 type 1 com.nearme.statistics.rom} to Batch{4276ec78 num=2 start=10583336 end=10583336}
V/AlarmManager( 1797):     => now Batch{4276ec78 num=2 start=10583336 end=10583336}
V/AlarmManager( 1797): isAlarmNeedAlign : charging
V/AlarmManager( 1797): isAlarmNeedAlign : charging
V/AlarmManager( 1797): Adding Alarm{434e7490 type 3 com.kingroot.kinguser} to Batch{42cc4d70 num=2 start=10819893 end=12169893}
V/AlarmManager( 1797):     => now Batch{42cc4d70 num=2 start=10821316 end=12169893}
V/AlarmManager( 1797): isAlarmNeedAlign : charging
V/AlarmManager( 1797): Adding Alarm{434de260 type 0 com.fw.upgrade} to Batch{42cc4d70 num=3 start=10821316 end=12169893}
V/AlarmManager( 1797):     => now Batch{42cc4d70 num=3 start=10829241 end=11726745}
V/AlarmManager( 1797): isAlarmNeedAlign : charging
V/AlarmManager( 1797): Adding Alarm{434afba0 type 0 com.kingroot.kinguser} to Batch{42cc4d70 num=4 start=10829241 end=11726745}
V/AlarmManager( 1797):     => now Batch{42cc4d70 num=4 start=10832568 end=11726745}
V/AlarmManager( 1797): isAlarmNeedAlign : charging
V/AlarmManager( 1797): Adding Alarm{4349c568 type 0 com.kingroot.master} to Batch{42cc4d70 num=5 start=10832568 end=11726745}
V/AlarmManager( 1797):     => now Batch{42cc4d70 num=5 start=10832591 end=11726745}
V/AlarmManager( 1797): Adding Alarm{43493800 type 0 android} to Batch{42cc4d70 num=6 start=10832591 end=11726745}
V/AlarmManager( 1797):     => now Batch{42cc4d70 num=6 start=10833649 end=10833649}
V/AlarmManager( 1797): isAlarmNeedAlign : charging
V/AlarmManager( 1797): isAlarmNeedAlign : charging
V/AlarmManager( 1797): Adding Alarm{43371720 type 1 com.nearme.statistics.rom} to Batch{42e7e058 num=2 start=11121243 end=12471243}
V/AlarmManager( 1797):     => now Batch{42e7e058 num=2 start=11384938 end=12471243}
V/AlarmManager( 1797): Adding Alarm{4335fd40 type 1 com.nearme.feedback} to Batch{42e7e058 num=3 start=11384938 end=12471243}
V/AlarmManager( 1797):     => now Batch{42e7e058 num=3 start=11384943 end=11384943}
V/AlarmManager( 1797): isAlarmNeedAlign : charging
V/AlarmManager( 1797): Adding Alarm{4333eee8 type 1 com.nearme.statistics.rom} to Batch{42f7d3d0 num=2 start=12231127 end=12231127}
V/AlarmManager( 1797):     => now Batch{42f7d3d0 num=2 start=12231127 end=12231127}
V/AlarmManager( 1797): isAlarmNeedAlign : charging
V/AlarmManager( 1797): Adding Alarm{43324380 type 1 com.nearme.feedback} to Batch{42fbebc8 num=2 start=12262479 end=14234912}
V/AlarmManager( 1797):     => now Batch{42fbebc8 num=2 start=12262481 end=12262481}
V/AlarmManager( 1797): isAlarmNeedAlign : charging
V/AlarmManager( 1797): isAlarmNeedAlign : charging
V/AlarmManager( 1797): Adding Alarm{432e4838 type 2 com.eg.android.AlipayGphone} to Batch{4300a430 num=2 start=14489992 end=19889992}
V/AlarmManager( 1797):     => now Batch{4300a430 num=2 start=15296625 end=19889992}
V/AlarmManager( 1797): isAlarmNeedAlign : charging
V/AlarmManager( 1797): Adding Alarm{432cfa80 type 1 com.nearme.statistics.rom} to Batch{42fff828 num=2 start=13017037 end=13017037}
V/AlarmManager( 1797):     => now Batch{42fff828 num=2 start=13017037 end=13017037}
V/AlarmManager( 1797): isAlarmNeedAlign : charging
V/AlarmManager( 1797): Adding Alarm{432bd488 type 0 com.nearme.gamecenter} to Batch{4300a430 num=3 start=15296625 end=19889992}
V/AlarmManager( 1797):     => now Batch{4300a430 num=3 start=15296625 end=15932878}
V/AlarmManager( 1797): isAlarmNeedAlign : charging
V/AlarmManager( 1797): Adding Alarm{432a64b8 type 0 com.oppo.market} to Batch{4300a430 num=4 start=15296625 end=15932878}
V/AlarmManager( 1797):     => now Batch{4300a430 num=4 start=15296625 end=15932878}
V/AlarmManager( 1797): isAlarmNeedAlign : charging
V/AlarmManager( 1797): Adding Alarm{4328b250 type 0 com.eg.android.AlipayGphone} to Batch{4300a430 num=5 start=15296625 end=15932878}
V/AlarmManager( 1797):     => now Batch{4300a430 num=5 start=15296625 end=15932878}
V/AlarmManager( 1797): isAlarmNeedAlign : charging
V/AlarmManager( 1797): Adding Alarm{4327f798 type 1 com.oppo.weather} to Batch{43119970 num=2 start=16073749 end=20904634}
V/AlarmManager( 1797):     => now Batch{43119970 num=2 start=16507336 end=16507336}
V/AlarmManager( 1797): isAlarmNeedAlign : charging
V/AlarmManager( 1797): Adding Alarm{43257db0 type 1 com.nearme.feedback} to Batch{43154fc8 num=2 start=18919930 end=25885450}
V/AlarmManager( 1797):     => now Batch{43154fc8 num=2 start=21635732 end=21635732}
V/AlarmManager( 1797): isAlarmNeedAlign : charging
V/AlarmManager( 1797): isAlarmNeedAlign : charging
V/AlarmManager( 1797): Adding Alarm{432343c0 type 0 com.color.safecenter} to Batch{431abf48 num=2 start=28823743 end=50423743}
V/AlarmManager( 1797):     => now Batch{431abf48 num=2 start=28823743 end=50423743}
V/AlarmManager( 1797): isAlarmNeedAlign : charging
V/AlarmManager( 1797): Adding Alarm{43219b70 type 0 com.android.browser} to Batch{431abf48 num=3 start=28823743 end=50423743}
V/AlarmManager( 1797):     => now Batch{431abf48 num=3 start=28868432 end=43295328}
V/AlarmManager( 1797): isAlarmNeedAlign : charging
V/AlarmManager( 1797): Adding Alarm{431fa838 type 1 com.oppo.launcher} to Batch{431abf48 num=4 start=28868432 end=43295328}
V/AlarmManager( 1797):     => now Batch{431abf48 num=4 start=31826126 end=43295328}
V/AlarmManager( 1797): isAlarmNeedAlign : charging
V/AlarmManager( 1797): Adding Alarm{431e8050 type 1 com.sohu.inputmethod.sogouoem} to Batch{431abf48 num=5 start=31826126 end=43295328}
V/AlarmManager( 1797):     => now Batch{431abf48 num=5 start=31826127 end=43295328}
V/AlarmManager( 1797): isAlarmNeedAlign : charging
V/AlarmManager( 1797): Adding Alarm{431c72c8 type 0 com.oupeng.max.sdk} to Batch{43226070 num=2 start=31826126 end=31826126}
V/AlarmManager( 1797):     => now Batch{43226070 num=2 start=31826126 end=31826126}
V/AlarmManager( 1797): isAlarmNeedAlign : charging
V/AlarmManager( 1797): isAlarmNeedAlign : charging
V/AlarmManager( 1797): Adding Alarm{4318e3d0 type 0 com.coloros.oppomorningsystem} to Batch{431abf48 num=6 start=31826127 end=43295328}
V/AlarmManager( 1797):     => now Batch{431abf48 num=6 start=42626126 end=43295328}
V/AlarmManager( 1797): isAlarmNeedAlign : charging
V/AlarmManager( 1797): Adding Alarm{43180f58 type 0 com.oupeng.max.sdk} to Batch{432795a0 num=2 start=56976011 end=92483591}
V/AlarmManager( 1797):     => now Batch{432795a0 num=2 start=56976011 end=92483591}
V/AlarmManager( 1797): isAlarmNeedAlign : charging
V/AlarmManager( 1797): Adding Alarm{4315e580 type 0 com.oppo.filemanager} to Batch{432795a0 num=3 start=56976011 end=92483591}
V/AlarmManager( 1797):     => now Batch{432795a0 num=3 start=75026127 end=92483591}
V/AlarmManager( 1797): Adding Alarm{43141590 type 0 com.android.providers.calendar} to Batch{432795a0 num=4 start=75026127 end=92483591}
V/AlarmManager( 1797):     => now Batch{432795a0 num=4 start=79463048 end=79463048}
V/AlarmManager( 1797): isAlarmNeedAlign : charging
V/AlarmManager( 1797): isAlarmNeedAlign : charging
V/AlarmManager( 1797): Adding Alarm{43120268 type 2 com.nearme.statistics.rom} to Batch{43319d80 num=2 start=86429071 end=151229071}
V/AlarmManager( 1797):     => now Batch{43319d80 num=2 start=86489998 end=151229071}
V/AlarmManager( 1797): isAlarmNeedAlign : charging
V/AlarmManager( 1797): Adding Alarm{43114578 type 0 com.android.email} to Batch{43319d80 num=3 start=86489998 end=151229071}
V/AlarmManager( 1797):     => now Batch{43319d80 num=3 start=86489998 end=150554741}
V/AlarmManager( 1797): isAlarmNeedAlign : charging
V/AlarmManager( 1797): Adding Alarm{4310b0e8 type 0 com.android.email} to Batch{43319d80 num=4 start=86489998 end=150554741}
V/AlarmManager( 1797):     => now Batch{43319d80 num=4 start=86489998 end=150554741}
V/AlarmManager( 1797): isAlarmNeedAlign : charging
V/AlarmManager( 1797): Adding Alarm{430d6c08 type 1 com.sohu.inputmethod.sogouoem} to Batch{43319d80 num=5 start=86489998 end=150554741}
V/AlarmManager( 1797):     => now Batch{43319d80 num=5 start=86489998 end=150554741}
V/AlarmManager( 1797): isAlarmNeedAlign : charging
V/AlarmManager( 1797): Adding Alarm{430acad8 type 1 com.oppo.yellowpage} to Batch{43319d80 num=6 start=86489998 end=150554741}
V/AlarmManager( 1797):     => now Batch{43319d80 num=6 start=87339606 end=145619881}
V/AlarmManager( 1797): isAlarmNeedAlign : charging
V/AlarmManager( 1797): Adding Alarm{42feb2a8 type 1 com.oppo.yellowpage} to Batch{43319d80 num=7 start=87339606 end=145619881}
V/AlarmManager( 1797):     => now Batch{43319d80 num=7 start=90049472 end=145619881}
V/AlarmManager( 1797): isAlarmNeedAlign : charging
V/AlarmManager( 1797): Adding Alarm{42fcd4d8 type 1 com.nearme.statistics.rom} to Batch{43319d80 num=8 start=90049472 end=145619881}
V/AlarmManager( 1797):     => now Batch{43319d80 num=8 start=93049571 end=145619881}
V/AlarmManager( 1797): Adding Alarm{42f6e588 type 1 com.nearme.feedback} to Batch{43319d80 num=9 start=93049571 end=145619881}
V/AlarmManager( 1797):     => now Batch{43319d80 num=9 start=93049634 end=93049634}
V/AlarmManager( 1797): isAlarmNeedAlign : charging
V/AlarmManager( 1797): isAlarmNeedAlign : charging
V/AlarmManager( 1797): Adding Alarm{42e6f4c8 type 1 com.oppo.yellowpage} to Batch{434bc458 num=2 start=93961289 end=157207826}
V/AlarmManager( 1797):     => now Batch{434bc458 num=2 start=94950335 end=157207826}
V/AlarmManager( 1797): isAlarmNeedAlign : charging
V/AlarmManager( 1797): Adding Alarm{42e336f8 type 1 com.oppo.yellowpage} to Batch{434bc458 num=3 start=94950335 end=157207826}
V/AlarmManager( 1797):     => now Batch{434bc458 num=3 start=95663500 end=157207826}
V/AlarmManager( 1797): isAlarmNeedAlign : charging
V/AlarmManager( 1797): isAlarmNeedAlign : charging
V/AlarmManager( 1797): Adding Alarm{42dde368 type 1 com.sohu.inputmethod.sogouoem} to Batch{43532890 num=2 start=169356073 end=289148698}
V/AlarmManager( 1797):     => now Batch{43532890 num=2 start=169356073 end=289148698}
V/AlarmManager( 1797): isAlarmNeedAlign : charging
V/AlarmManager( 1797): Adding Alarm{42d31448 type 1 com.sohu.inputmethod.sogouoem} to Batch{43532890 num=3 start=169356073 end=289148698}
V/AlarmManager( 1797):     => now Batch{43532890 num=3 start=259263022 end=289148698}
V/AlarmManager( 1797): isAlarmNeedAlign : charging
V/AlarmManager( 1797): isAlarmNeedAlign : charging
V/AlarmManager( 1797): isAlarmNeedAlign : charging
V/AlarmManager( 1797): isAlarmNeedAlign : charging
V/AlarmManager( 1797): Adding Alarm{42cb5d08 type 0 com.oppo.market} to Batch{4353c108 num=2 start=2597268360 end=4537995199}
V/AlarmManager( 1797):     => now Batch{4353c108 num=2 start=2597291318 end=4537995199}
V/AlarmManager( 1797): isAlarmNeedAlign : charging
V/AlarmManager( 1797): isAlarmNeedAlign : charging
D/dalvikvm( 4625): threadid=35: exiting
D/dalvikvm( 4625): threadid=35: bye!
I/System.out( 4625): [CDS]close[34143]
I/System.out( 4625): close [socket][/0.0.0.0:34143]
V/AlarmManager( 1797): Checking for alarms... rtc=1514368206451, elapsed=9632578
V/AlarmManager( 1797): sending alarm Alarm{42afac48 type 0 com.kingroot.master}
V/AlarmManager( 1797): wakeup alarm = Alarm{42afac48 type 0 com.kingroot.master}
V/ActivityManager( 1797): Broadcast: Intent { act=action_keep_alive_close flg=0x94 pkg=com.kingroot.master (has extras) } ordered=true userid=0 callerApp=null
D/ActivityThread( 5120): BDC-Calling onReceive: intent=Intent { act=action_keep_alive_close flg=0x94 pkg=com.kingroot.master (has extras) }, ordered=true, receiver=tmsdk.common.module.sdknetpool.sharknetwork.cj@42df6c98, IIntentReceiver=42df6e90
D/ActivityThread( 5120): BDC-Calling finishReceiver: IIntentReceiver=42df6e90
V/AlarmManager( 1797): remove(operation) changed bounds; rebatching
V/AlarmManager( 1797): isAlarmNeedAlign : charging
V/AlarmManager( 1797): isAlarmNeedAlign : charging
V/AlarmManager( 1797): Adding Alarm{42bf7578 type 2 com.tencent.mm} to Batch{42c09a08 num=2 start=9638559 end=9863559}
V/AlarmManager( 1797):     => now Batch{42c09a08 num=2 start=9729541 end=9802259}
V/AlarmManager( 1797): isAlarmNeedAlign : charging
V/AlarmManager( 1797): isAlarmNeedAlign : charging
V/AlarmManager( 1797): Adding Alarm{42bd2c50 type 0 com.kingroot.kinguser} to Batch{43933dc0 num=2 start=9860060 end=10030667}
V/AlarmManager( 1797):     => now Batch{43933dc0 num=2 start=9920500 end=10030667}
V/AlarmManager( 1797): isAlarmNeedAlign : charging
V/AlarmManager( 1797): Adding Alarm{42ba4cd0 type 0 com.tencent.mm} to Batch{43933dc0 num=3 start=9920500 end=10030667}
V/AlarmManager( 1797):     => now Batch{43933dc0 num=3 start=9938041 end=10030667}
V/AlarmManager( 1797): isAlarmNeedAlign : charging
V/AlarmManager( 1797): Adding Alarm{42b836f0 type 1 com.oppo.yellowpage} to Batch{43933dc0 num=4 start=9938041 end=10030667}
V/AlarmManager( 1797):     => now Batch{43933dc0 num=4 start=10017054 end=10030667}
V/AlarmManager( 1797): isAlarmNeedAlign : charging
V/AlarmManager( 1797): Adding Alarm{42b35c90 type 1 com.nearme.feedback} to Batch{439e76d8 num=2 start=10453827 end=11069759}
V/AlarmManager( 1797):     => now Batch{439e76d8 num=2 start=10560256 end=10560256}
V/AlarmManager( 1797): isAlarmNeedAlign : charging
V/AlarmManager( 1797): Adding Alarm{42aea910 type 1 com.nearme.statistics.rom} to Batch{43b0b060 num=2 start=10583336 end=10583336}
V/AlarmManager( 1797):     => now Batch{43b0b060 num=2 start=10583336 end=10583336}
V/AlarmManager( 1797): isAlarmNeedAlign : charging
V/AlarmManager( 1797): isAlarmNeedAlign : charging
V/AlarmManager( 1797): Adding Alarm{42acbfe0 type 3 com.kingroot.kinguser} to Batch{43b28850 num=2 start=10819893 end=12169893}
V/AlarmManager( 1797):     => now Batch{43b28850 num=2 start=10821316 end=12169893}
V/AlarmManager( 1797): isAlarmNeedAlign : charging
V/AlarmManager( 1797): Adding Alarm{42a9b588 type 0 com.fw.upgrade} to Batch{43b28850 num=3 start=10821316 end=12169893}
V/AlarmManager( 1797):     => now Batch{43b28850 num=3 start=10829240 end=11726732}
V/AlarmManager( 1797): isAlarmNeedAlign : charging
V/AlarmManager( 1797): Adding Alarm{42a698a0 type 0 com.kingroot.kinguser} to Batch{43b28850 num=4 start=10829240 end=11726732}
V/AlarmManager( 1797):     => now Batch{43b28850 num=4 start=10832567 end=11726732}
V/AlarmManager( 1797): isAlarmNeedAlign : charging
V/AlarmManager( 1797): Adding Alarm{42a0d020 type 0 com.kingroot.master} to Batch{43b28850 num=5 start=10832567 end=11726732}
V/AlarmManager( 1797):     => now Batch{43b28850 num=5 start=10832591 end=11726732}
V/AlarmManager( 1797): Adding Alarm{429fe550 type 0 android} to Batch{43b28850 num=6 start=10832591 end=11726732}
V/AlarmManager( 1797):     => now Batch{43b28850 num=6 start=10833650 end=10833650}
V/AlarmManager( 1797): isAlarmNeedAlign : charging
V/AlarmManager( 1797): isAlarmNeedAlign : charging
V/AlarmManager( 1797): Adding Alarm{429cd3f0 type 1 com.nearme.statistics.rom} to Batch{430ad988 num=2 start=11121243 end=12471243}
V/AlarmManager( 1797):     => now Batch{430ad988 num=2 start=11384939 end=12471243}
V/AlarmManager( 1797): Adding Alarm{429aee58 type 1 com.nearme.feedback} to Batch{430ad988 num=3 start=11384939 end=12471243}
V/AlarmManager( 1797):     => now Batch{430ad988 num=3 start=11384943 end=11384943}
V/AlarmManager( 1797): isAlarmNeedAlign : charging
V/AlarmManager( 1797): Adding Alarm{42941d48 type 1 com.nearme.statistics.rom} to Batch{4308f1d8 num=2 start=12231127 end=12231127}
V/AlarmManager( 1797):     => now Batch{4308f1d8 num=2 start=12231127 end=12231127}
V/AlarmManager( 1797): isAlarmNeedAlign : charging
V/AlarmManager( 1797): Adding Alarm{4291c758 type 1 com.nearme.feedback} to Batch{4302f298 num=2 start=12262479 end=14234899}
V/AlarmManager( 1797):     => now Batch{4302f298 num=2 start=12262480 end=12262480}
V/AlarmManager( 1797): isAlarmNeedAlign : charging
V/AlarmManager( 1797): isAlarmNeedAlign : charging
V/AlarmManager( 1797): Adding Alarm{428fa0e8 type 2 com.nearme.statistics.rom} to Batch{4300b2b0 num=2 start=13017037 end=15555376}
V/AlarmManager( 1797):     => now Batch{4300b2b0 num=2 start=14489992 end=15555376}
V/AlarmManager( 1797): isAlarmNeedAlign : charging
V/AlarmManager( 1797): Adding Alarm{428f2d08 type 2 com.eg.android.AlipayGphone} to Batch{4300b2b0 num=3 start=14489992 end=15555376}
V/AlarmManager( 1797):     => now Batch{4300b2b0 num=3 start=15296625 end=15555376}
V/AlarmManager( 1797): isAlarmNeedAlign : charging
V/AlarmManager( 1797): Adding Alarm{428eebf8 type 0 com.nearme.gamecenter} to Batch{4300b2b0 num=4 start=15296625 end=15555376}
V/AlarmManager( 1797):     => now Batch{4300b2b0 num=4 start=15296625 end=15555376}
V/AlarmManager( 1797): isAlarmNeedAlign : charging
V/AlarmManager( 1797): Adding Alarm{428e2930 type 0 com.oppo.market} to Batch{4300b2b0 num=5 start=15296625 end=15555376}
V/AlarmManager( 1797):     => now Batch{4300b2b0 num=5 start=15296625 end=15555376}
V/AlarmManager( 1797): isAlarmNeedAlign : charging
V/AlarmManager( 1797): Adding Alarm{42899f30 type 0 com.eg.android.AlipayGphone} to Batch{4300b2b0 num=6 start=15296625 end=15555376}
V/AlarmManager( 1797):     => now Batch{4300b2b0 num=6 start=15296625 end=15555376}
V/AlarmManager( 1797): isAlarmNeedAlign : charging
V/AlarmManager( 1797): Adding Alarm{42869be8 type 1 com.oppo.weather} to Batch{42faadc0 num=2 start=16073749 end=20904621}
V/AlarmManager( 1797):     => now Batch{42faadc0 num=2 start=16507336 end=16507336}
V/AlarmManager( 1797): isAlarmNeedAlign : charging
V/AlarmManager( 1797): Adding Alarm{428020b8 type 1 com.nearme.feedback} to Batch{42f73748 num=2 start=18919930 end=25885438}
V/AlarmManager( 1797):     => now Batch{42f73748 num=2 start=21635732 end=21635732}
V/AlarmManager( 1797): isAlarmNeedAlign : charging
V/AlarmManager( 1797): Adding Alarm{435a4518 type 0 com.oppo.wallpaper} to Batch{42f638d0 num=2 start=31826126 end=96626126}
V/AlarmManager( 1797):     => now Batch{42f638d0 num=2 start=31826126 end=31826126}
V/AlarmManager( 1797): isAlarmNeedAlign : charging
V/AlarmManager( 1797): Adding Alarm{43568f80 type 3 com.android.phone} to Batch{42f638d0 num=3 start=31826126 end=31826126}
V/AlarmManager( 1797):     => now Batch{42f638d0 num=3 start=31826126 end=31826126}
V/AlarmManager( 1797): isAlarmNeedAlign : charging
V/AlarmManager( 1797): Adding Alarm{4353dc40 type 0 com.color.safecenter} to Batch{42f638d0 num=4 start=31826126 end=31826126}
V/AlarmManager( 1797):     => now Batch{42f638d0 num=4 start=31826126 end=31826126}
V/AlarmManager( 1797): isAlarmNeedAlign : charging
V/AlarmManager( 1797): Adding Alarm{434e93c8 type 0 com.android.browser} to Batch{42f638d0 num=5 start=31826126 end=31826126}
V/AlarmManager( 1797):     => now Batch{42f638d0 num=5 start=31826126 end=31826126}
V/AlarmManager( 1797): isAlarmNeedAlign : charging
V/AlarmManager( 1797): Adding Alarm{434b4020 type 1 com.sohu.inputmethod.sogouoem} to Batch{42f638d0 num=6 start=31826126 end=31826126}
V/AlarmManager( 1797):     => now Batch{42f638d0 num=6 start=31826126 end=31826126}
V/AlarmManager( 1797): isAlarmNeedAlign : charging
V/AlarmManager( 1797): Adding Alarm{434a6d40 type 1 com.oppo.launcher} to Batch{42f638d0 num=7 start=31826126 end=31826126}
V/AlarmManager( 1797):     => now Batch{42f638d0 num=7 start=31826126 end=31826126}
V/AlarmManager( 1797): isAlarmNeedAlign : charging
V/AlarmManager( 1797): isAlarmNeedAlign : charging
V/AlarmManager( 1797): Adding Alarm{4337a698 type 3 com.oppo.scratch} to Batch{42f37b98 num=2 start=42626126 end=107426126}
V/AlarmManager( 1797):     => now Batch{42f37b98 num=2 start=56976011 end=92483579}
V/AlarmManager( 1797): isAlarmNeedAlign : charging
V/AlarmManager( 1797): Adding Alarm{4335e0b8 type 0 com.oupeng.max.sdk} to Batch{42f37b98 num=3 start=56976011 end=92483579}
V/AlarmManager( 1797):     => now Batch{42f37b98 num=3 start=56976011 end=92483579}
V/AlarmManager( 1797): isAlarmNeedAlign : charging
V/AlarmManager( 1797): Adding Alarm{4332d1e0 type 0 com.oppo.filemanager} to Batch{42f37b98 num=4 start=56976011 end=92483579}
V/AlarmManager( 1797):     => now Batch{42f37b98 num=4 start=75026126 end=92483579}
V/AlarmManager( 1797): Adding Alarm{433268e8 type 0 com.android.providers.calendar} to Batch{42f37b98 num=5 start=75026126 end=92483579}
V/AlarmManager( 1797):     => now Batch{42f37b98 num=5 start=79463047 end=79463047}
V/AlarmManager( 1797): isAlarmNeedAlign : charging
V/AlarmManager( 1797): isAlarmNeedAlign : charging
V/AlarmManager( 1797): Adding Alarm{4331cc60 type 2 com.nearme.statistics.rom} to Batch{42eae568 num=2 start=86429071 end=151229071}
V/AlarmManager( 1797):     => now Batch{42eae568 num=2 start=86489998 end=151229071}
V/AlarmManager( 1797): isAlarmNeedAlign : charging
V/AlarmManager( 1797): Adding Alarm{432d00f0 type 0 com.android.email} to Batch{42eae568 num=3 start=86489998 end=151229071}
V/AlarmManager( 1797):     => now Batch{42eae568 num=3 start=86489998 end=150554741}
V/AlarmManager( 1797): isAlarmNeedAlign : charging
V/AlarmManager( 1797): Adding Alarm{43276878 type 0 com.android.email} to Batch{42eae568 num=4 start=86489998 end=150554741}
V/AlarmManager( 1797):     => now Batch{42eae568 num=4 start=86489998 end=150554741}
V/AlarmManager( 1797): isAlarmNeedAlign : charging
V/AlarmManager( 1797): Adding Alarm{432451a8 type 1 com.sohu.inputmethod.sogouoem} to Batch{42eae568 num=5 start=86489998 end=150554741}
V/AlarmManager( 1797):     => now Batch{42eae568 num=5 start=86489998 end=150554741}
V/AlarmManager( 1797): isAlarmNeedAlign : charging
V/AlarmManager( 1797): Adding Alarm{43208ec0 type 1 com.oppo.yellowpage} to Batch{42eae568 num=6 start=86489998 end=150554741}
V/AlarmManager( 1797):     => now Batch{42eae568 num=6 start=87339606 end=145619868}
V/AlarmManager( 1797): isAlarmNeedAlign : charging
V/AlarmManager( 1797): Adding Alarm{431ea768 type 1 com.oppo.yellowpage} to Batch{42eae568 num=7 start=87339606 end=145619868}
V/AlarmManager( 1797):     => now Batch{42eae568 num=7 start=90049471 end=145619868}
V/AlarmManager( 1797): isAlarmNeedAlign : charging
V/AlarmManager( 1797): Adding Alarm{431d3418 type 1 com.nearme.statistics.rom} to Batch{42eae568 num=8 start=90049471 end=145619868}
V/AlarmManager( 1797):     => now Batch{42eae568 num=8 start=93049571 end=145619868}
V/AlarmManager( 1797): Adding Alarm{43118ab8 type 1 com.nearme.feedback} to Batch{42eae568 num=9 start=93049571 end=145619868}
V/AlarmManager( 1797):     => now Batch{42eae568 num=9 start=93049634 end=93049634}
V/AlarmManager( 1797): isAlarmNeedAlign : charging
V/AlarmManager( 1797): isAlarmNeedAlign : charging
V/AlarmManager( 1797): Adding Alarm{43094de8 type 1 com.oppo.yellowpage} to Batch{42c9af50 num=2 start=93961289 end=157207814}
V/AlarmManager( 1797):     => now Batch{42c9af50 num=2 start=94950335 end=157207814}
V/AlarmManager( 1797): isAlarmNeedAlign : charging
V/AlarmManager( 1797): Adding Alarm{4300b068 type 1 com.oppo.yellowpage} to Batch{42c9af50 num=3 start=94950335 end=157207814}
V/AlarmManager( 1797):     => now Batch{42c9af50 num=3 start=95663501 end=157207814}
V/AlarmManager( 1797): isAlarmNeedAlign : charging
V/AlarmManager( 1797): isAlarmNeedAlign : charging
V/AlarmManager( 1797): Adding Alarm{42f64de8 type 1 com.sohu.inputmethod.sogouoem} to Batch{42c1ead8 num=2 start=169356073 end=289148685}
V/AlarmManager( 1797):     => now Batch{42c1ead8 num=2 start=169356073 end=289148685}
V/AlarmManager( 1797): isAlarmNeedAlign : charging
V/AlarmManager( 1797): Adding Alarm{42f44650 type 1 com.sohu.inputmethod.sogouoem} to Batch{42c1ead8 num=3 start=169356073 end=289148685}
V/AlarmManager( 1797):     => now Batch{42c1ead8 num=3 start=259263021 end=289148685}
V/AlarmManager( 1797): isAlarmNeedAlign : charging
V/AlarmManager( 1797): isAlarmNeedAlign : charging
V/AlarmManager( 1797): isAlarmNeedAlign : charging
V/AlarmManager( 1797): isAlarmNeedAlign : charging
V/AlarmManager( 1797): Adding Alarm{42eea0d8 type 0 com.oppo.market} to Batch{42f01600 num=2 start=2597268360 end=4537995187}
V/AlarmManager( 1797):     => now Batch{42f01600 num=2 start=2597291318 end=4537995187}
V/AlarmManager( 1797): isAlarmNeedAlign : charging
V/AlarmManager( 1797): isAlarmNeedAlign : charging
D/dalvikvm( 5120): threadid=21: exiting
D/dalvikvm( 5120): threadid=21: bye!
I/System.out( 5120): [CDS]close[34624]
I/System.out( 5120): close [socket][/0.0.0.0:34624]
D/dalvikvm( 4701): create interp thread : stack size=128KB
D/dalvikvm( 4701): create new thread
D/dalvikvm( 4701): new thread created
D/dalvikvm( 4701): update thread list
D/dalvikvm( 4701): threadid=28: interp stack at 0x7c3fb000
D/dalvikvm( 4701): threadid=28: created from interp
D/dalvikvm( 4701): start new thread
D/dalvikvm( 4701): threadid=28: notify debugger
D/dalvikvm( 4701): threadid=28 (Thread-2084): calling run()
I/KSO_STAT( 4701): App is in background, stop update end time, ready to start a new session.
D/SQLiteDatabase( 4701): beginTransaction()
D/SQLiteDatabase( 4701): endTransaction()
D/dalvikvm( 4701): threadid=28: exiting
D/dalvikvm( 4701): threadid=28: bye!
D/WifiStateMachine( 1797): ConnectedState{ when=-3ms what=131155 arg1=6 target=com.android.internal.util.StateMachine$SmHandler target=Handler (com.android.internal.util.StateMachine$SmHandler) {4317edc0} }
D/WifiStateMachine( 1797): L2ConnectedState{ when=-3ms what=131155 arg1=6 target=com.android.internal.util.StateMachine$SmHandler target=Handler (com.android.internal.util.StateMachine$SmHandler) {4317edc0} }
D/WifiHW  ( 1797): enter -->wifi_send_command cmd=IFNAME=wlan0 SIGNAL_POLL
D/wpa_supplicant( 4131): RX ctrl_iface - hexdump(len=11): 53 49 47 4e 41 4c 5f 50 4f 4c 4c
D/wpa_supplicant( 4131): wlan0: Control interface command 'SIGNAL_POLL'
D/wpa_supplicant( 4131): nl80211: survey data missing!
D/wpa_supplicant( 4131): signal poll, reply_len=48
D/wpa_ctrl( 1797): reply_len=4095
D/WifiHW  ( 1797): leave --> reply=RSSI=-42
D/WifiHW  ( 1797): LINKSPEED=65
D/WifiHW  ( 1797): NOISE=9999
D/WifiHW  ( 1797): FREQUENCY=2412
D/WifiHW  ( 1797): 
D/wifi    ( 1797): doStringCommand, buf IFNAME=wlan0 SIGNAL_POLL
I/WifiStateMachine( 1797): fetchRssiAndLinkSpeedNative, newRssi:-42, newLinkSpeed:65, SSID:"60_dev_01"
D/WifiStateMachine( 1797): mRssiArray[0] = -41
D/WifiStateMachine( 1797): mRssiArray[1] = -41
D/WifiStateMachine( 1797): mRssiArray[2] = -44
D/WifiStateMachine( 1797): mRssiArray[3] = -39
D/WifiStateMachine( 1797): mRssiArray[4] = -39
D/WifiStateMachine( 1797): GetFilterRssi is : -41
D/WifiStateMachine( 1797): mLastSignalLevel:4, newSignalLevel:4
D/WifiStateMachine( 1797): fetchRssiAndLinkSpeedNative, ipAddr:2013270188
D/BatteryService( 1797): mBatteryVoltage=3967, batteryLevel=50
V/ActivityManager( 1797): Broadcast sticky: Intent { act=android.intent.action.ADDITIONAL_BATTERY_CHANGED flg=0x60000010 (has extras) } ordered=false userid=-1 callerApp=null
V/ActivityManager( 1797): Broadcast sticky: Intent { act=android.intent.action.BATTERY_CHANGED flg=0x60000010 (has extras) } ordered=false userid=-1 callerApp=null
D/PowerSaveService( 4528): PowerSaveReceiver EXTRA_STATUS: status = 2, lastCharging = true
D/WifiService( 1797): onReceive, action:android.intent.action.BATTERY_CHANGED
D/UsbDeviceManager( 1797): onReceive - BATTERY_CHANGED - mPlugType: 2, mSettingUsbCharging: false, mConnected: true, mSettingUsbBicr: false
