V/Provider/Settings( 4488):  from settings cache , name = time_12_24 , value = 24
V/Provider/Settings( 4488): get setting for user 0 by user 0 so skipping cache
V/Provider/Settings( 4488):  from settings cache , name = date_format , value = 
D/ActivityThread( 4488): BDC-Calling finishReceiver: IIntentReceiver=427f3748
I/BTIF_CORE( 6191): [btif_task]:Polling returned!
I/BTIF_CORE( 6191): [btif_task]:Start retrieve data pollMemberCount=10!
I/BTIF_CORE( 6191): [btif_task]:fd 7 data ready!
I/BTIF_CORE( 6191): [btif_task]:pollData[i].fd data ready : revents = 0x1!
I/BTIF_CORE( 6191): in profile[0] handler!
I/BTIF_CORE( 6191): out profile[0] handler!
I/BTIF_CORE( 6191): in profile[3] handler!
I/BTIF_CORE( 6191): out profile[3] handler!
I/BTIF_CORE( 6191): in profile[5] handler!
I/BTIF_CORE( 6191): out profile[5] handler!
I/BTIF_CORE( 6191): in profile[1] handler!
I/BTIF_CORE( 6191): out profile[1] handler!
I/BTIF_CORE( 6191): in profile[11] handler!
I/BTIF_CORE( 6191): out profile[11] handler!
I/BTIF_CORE( 6191): in profile[18] handler!
I/BTIF_CORE( 6191): out profile[18] handler!
I/BTIF_CORE( 6191): in profile[12] handler!
I/BTIF_CORE( 6191): out profile[12] handler!
I/BTIF_CORE( 6191): in profile[21] handler!
D/BTIF_GATT_CLIENT( 6191): [GATT] gattc_handle_message
D/BTIF_GATT_CLIENT( 6191): [GATT] gattc_handle_message : msg_id=4005
D/BTIF_GATT_CLIENT( 6191): [GATT] findContextByContext
D/BTIF_GATT_CLIENT( 6191): [GATT] context[0] = 0xb70c0aa4 found
D/BTIF_GATT_CLIENT( 6191): [GATT] gattc_handle_scan_result_ind
I/BT_UTILS( 6191): btmtk_util_reverse_array: dest addr=0x51:96:DE:D1:EF:82
D/ActivityThread( 6908): BDC-Calling onReceive: intent=Intent { act=android.intent.action.TIME_TICK flg=0x50000094 (has extras) }, ordered=true, receiver=com.oppo.activation.ActivationService$ServiceBroadcastReceiver@42771de8, IIntentReceiver=42771e30
D/BtGatt.GattService( 6191): onScanResult() - address=51:96:DE:D1:EF:82, rssi=-64
D/BluetoothAdapter(12358): onScanResult() - Device=51:96:DE:D1:EF:82 RSSI=-64
I/BTIF_CORE( 6191): out profile[21] handler!
I/BTIF_CORE( 6191): [btif_task]:Start polling!
D/PhoneInterfaceManager( 4362): getSimState simId = 0prop = ABSENT
D/PhoneInterfaceManager( 4362): getSimState simId = 1prop = ABSENT
D/ActivityThread( 6908): BDC-Calling finishReceiver: IIntentReceiver=42771e30
D/ActivityThread(13785): BDC-Calling onReceive: intent=Intent { act=android.intent.action.TIME_TICK flg=0x50000094 (has extras) }, ordered=true, receiver=ded$1@427fbc70, IIntentReceiver=427fc200
D/ActivityManager( 1797): getContentProviderImpl: from caller=android.app.ApplicationThreadProxy@430c4410 (pid=13785, userId=0) to get content provider cn.wps.moffice_eng.preferences cpr=ContentProviderRecord{4324eba0 u0 cn.wps.moffice_eng/cn.wps.moffice.persistence.AppDataProvider}
D/ActivityManager( 1797): getContentProviderImpl: updateLruProcessLocked cpr.proc=ProcessRecord{42d428e0 12099:cn.wps.moffice_eng/u0a86}
D/ActivityThread(13785): hoder:android.app.IActivityManager$ContentProviderHolder@4299a058,provider,holder.Provider:android.content.ContentProviderProxy@4299a6b8
D/ActivityThread(13785): BDC-Calling finishReceiver: IIntentReceiver=427fc200
D/ActivityThread(23939): BDC-Calling onReceive: intent=Intent { act=android.intent.action.TIME_TICK flg=0x50000094 (has extras) }, ordered=true, receiver=com.oppo.lockutils.OppoLockUtils$1@42748440, IIntentReceiver=42749dd8
D/ActivityThread(23939): BDC-Calling finishReceiver: IIntentReceiver=42749dd8
D/ActivityThread(23939): BDC-Calling onReceive: intent=Intent { act=android.intent.action.TIME_TICK flg=0x50000094 (has extras) }, ordered=true, receiver=com.android.keyguard.base.KeyguardUpdateMonitor$3@42759190, IIntentReceiver=4275a8b0
D/ActivityThread(23939): BDC-Calling finishReceiver: IIntentReceiver=4275a8b0
I/BTIF_CORE( 6191): [btif_task]:Polling returned!
I/BTIF_CORE( 6191): [btif_task]:Start retrieve data pollMemberCount=10!
I/BTIF_CORE( 6191): [btif_task]:fd 7 data ready!
I/BTIF_CORE( 6191): [btif_task]:pollData[i].fd data ready : revents = 0x1!
I/BTIF_CORE( 6191): in profile[0] handler!
I/BTIF_CORE( 6191): out profile[0] handler!
I/BTIF_CORE( 6191): in profile[3] handler!
I/BTIF_CORE( 6191): out profile[3] handler!
I/BTIF_CORE( 6191): in profile[5] handler!
I/BTIF_CORE( 6191): out profile[5] handler!
I/BTIF_CORE( 6191): in profile[1] handler!
I/BTIF_CORE( 6191): out profile[1] handler!
I/BTIF_CORE( 6191): in profile[11] handler!
I/BTIF_CORE( 6191): out profile[11] handler!
I/BTIF_CORE( 6191): in profile[18] handler!
I/BTIF_CORE( 6191): out profile[18] handler!
I/BTIF_CORE( 6191): in profile[12] handler!
I/BTIF_CORE( 6191): out profile[12] handler!
I/BTIF_CORE( 6191): in profile[21] handler!
D/BTIF_GATT_CLIENT( 6191): [GATT] gattc_handle_message
D/BTIF_GATT_CLIENT( 6191): [GATT] gattc_handle_message : msg_id=4005
D/BTIF_GATT_CLIENT( 6191): [GATT] findContextByContext
D/BTIF_GATT_CLIENT( 6191): [GATT] context[0] = 0xb70c0aa4 found
D/BTIF_GATT_CLIENT( 6191): [GATT] gattc_handle_scan_result_ind
I/BT_UTILS( 6191): btmtk_util_reverse_array: dest addr=0x08:E3:82:67:2A:59
D/BtGatt.GattService( 6191): onScanResult() - address=08:E3:82:67:2A:59, rssi=-62
D/BluetoothAdapter(12358): onScanResult() - Device=08:E3:82:67:2A:59 RSSI=-62
I/BTIF_CORE( 6191): out profile[21] handler!
I/BTIF_CORE( 6191): [btif_task]:Start polling!
I/uSDK    ( 8420): [CAE][D][2017-12-27 17:51:00.593799][cae_sr_k_loop:965][mdns resolver loop timeout event happen, interval time:20s]
I/uSDK    ( 8420): [CAE][I][2017-12-27 17:51:00.593837][cae_sr_k_loop:1018][do normal soft refresh timing!]
I/uSDK    ( 8420): [CAE][I][2017-12-27 17:51:00.593853][cae_sd_core_connect_send_search_data:116][force mdns daemon to send mdns search udp data ... ...]
I/uSDK    ( 8420): [CAE][I][2017-12-27 17:51:00.593920][mDNSPlatformWriteLogMsg:171][connecting mdns server port:58543.]
I/uSDK    ( 8420): [CAE][I][2017-12-27 17:51:00.594312][mDNSPlatformWriteLogMsg:171][receive x_RefreshInterfaceList cmd ]
I/uSDK    ( 8420): [CAE][I][2017-12-27 17:51:00.594335][mDNSPlatformWriteLogMsg:171][mdns daemon refreshing interface list ... ...]
I/uSDK    ( 8420): [CAE][I][2017-12-27 17:51:00.594355][mDNSPlatformWriteLogMsg:171][qname : _sleep-proxy._udp.local.  qtype value: 12  string info: PTR ]
I/uSDK    ( 8420): [CAE][I][2017-12-27 17:51:00.594369][mDNSPlatformWriteLogMsg:171][StartLLQPolling ... ... ]
I/uSDK    ( 8420): [CAE][I][2017-12-27 17:51:00.594385][mDNSPlatformWriteLogMsg:171][qname : _cae._udp.local.  qtype value: 12  string info: PTR ]
I/uSDK    ( 8420): [CAE][I][2017-12-27 17:51:00.594398][mDNSPlatformWriteLogMsg:171][StartLLQPolling ... ... ]
I/uSDK    ( 8420): [CAE][I][2017-12-27 17:51:00.594411][mDNSPlatformWriteLogMsg:171][ xxx mDNS Execute begin ... ... ]
I/uSDK    ( 8420): [CAE][I][2017-12-27 17:51:00.594426][mDNSPlatformWriteLogMsg:171][mdns daemon refreshing interface list end!]
I/uSDK    ( 8420): [CAE][I][2017-12-27 17:51:00.594442][mDNSPlatformWriteLogMsg:171][request_callback: 164:ERROR: Unsupported UDS req:8888 PID[-1][]]
I/uSDK    ( 8420): [CAE][I][2017-12-27 17:51:00.594528][cae_sd_core_connect_send_search_data:126][sending mdns search upd data is end; err:0]
I/BTIF_CORE( 6191): [btif_task]:Polling returned!
I/BTIF_CORE( 6191): [btif_task]:Start retrieve data pollMemberCount=10!
I/BTIF_CORE( 6191): [btif_task]:fd 7 data ready!
I/BTIF_CORE( 6191): [btif_task]:pollData[i].fd data ready : revents = 0x1!
I/BTIF_CORE( 6191): in profile[0] handler!
I/BTIF_CORE( 6191): out profile[0] handler!
I/BTIF_CORE( 6191): in profile[3] handler!
I/BTIF_CORE( 6191): out profile[3] handler!
I/BTIF_CORE( 6191): in profile[5] handler!
I/BTIF_CORE( 6191): out profile[5] handler!
I/BTIF_CORE( 6191): in profile[1] handler!
I/BTIF_CORE( 6191): out profile[1] handler!
I/BTIF_CORE( 6191): in profile[11] handler!
I/BTIF_CORE( 6191): out profile[11] handler!
I/BTIF_CORE( 6191): in profile[18] handler!
I/BTIF_CORE( 6191): out profile[18] handler!
I/BTIF_CORE( 6191): in profile[12] handler!
I/BTIF_CORE( 6191): out profile[12] handler!
I/BTIF_CORE( 6191): in profile[21] handler!
D/BTIF_GATT_CLIENT( 6191): [GATT] gattc_handle_message
D/BTIF_GATT_CLIENT( 6191): [GATT] gattc_handle_message : msg_id=4005
D/BTIF_GATT_CLIENT( 6191): [GATT] findContextByContext
D/BTIF_GATT_CLIENT( 6191): [GATT] context[0] = 0xb70c0aa4 found
D/BTIF_GATT_CLIENT( 6191): [GATT] gattc_handle_scan_result_ind
I/BT_UTILS( 6191): btmtk_util_reverse_array: dest addr=0x1A:9A:2C:5A:EF:32
D/BtGatt.GattService( 6191): onScanResult() - address=1A:9A:2C:5A:EF:32, rssi=-59
D/BluetoothAdapter(12358): onScanResult() - Device=1A:9A:2C:5A:EF:32 RSSI=-59
I/BTIF_CORE( 6191): out profile[21] handler!
I/BTIF_CORE( 6191): [btif_task]:Start polling!
D/WifiStateMachine( 1797): ConnectedState{ when=-3ms what=131155 arg1=6 target=com.android.internal.util.StateMachine$SmHandler target=Handler (com.android.internal.util.StateMachine$SmHandler) {4317edc0} }
D/WifiStateMachine( 1797): L2ConnectedState{ when=-3ms what=131155 arg1=6 target=com.android.internal.util.StateMachine$SmHandler target=Handler (com.android.internal.util.StateMachine$SmHandler) {4317edc0} }
D/WifiHW  ( 1797): enter -->wifi_send_command cmd=IFNAME=wlan0 SIGNAL_POLL
D/wpa_supplicant( 4131): RX ctrl_iface - hexdump(len=11): 53 49 47 4e 41 4c 5f 50 4f 4c 4c
D/wpa_supplicant( 4131): wlan0: Control interface command 'SIGNAL_POLL'
D/wpa_supplicant( 4131): nl80211: survey data missing!
D/wpa_supplicant( 4131): signal poll, reply_len=48
D/wpa_ctrl( 1797): reply_len=4095
D/WifiHW  ( 1797): leave --> reply=RSSI=-43
D/WifiHW  ( 1797): LINKSPEED=65
D/WifiHW  ( 1797): NOISE=9999
D/WifiHW  ( 1797): FREQUENCY=2412
D/WifiHW  ( 1797): 
D/wifi    ( 1797): doStringCommand, buf IFNAME=wlan0 SIGNAL_POLL
I/WifiStateMachine( 1797): fetchRssiAndLinkSpeedNative, newRssi:-43, newLinkSpeed:65, SSID:"60_dev_01"
D/WifiStateMachine( 1797): mRssiArray[0] = -40
D/WifiStateMachine( 1797): mRssiArray[1] = -41
D/WifiStateMachine( 1797): mRssiArray[2] = -41
D/WifiStateMachine( 1797): mRssiArray[3] = -40
D/WifiStateMachine( 1797): mRssiArray[4] = -40
D/WifiStateMachine( 1797): GetFilterRssi is : -40
D/WifiStateMachine( 1797): mLastSignalLevel:4, newSignalLevel:4
D/WifiStateMachine( 1797): fetchRssiAndLinkSpeedNative, ipAddr:2013270188
D/dalvikvm( 4701): create interp thread : stack size=128KB
D/dalvikvm( 4701): create new thread
D/dalvikvm( 4701): new thread created
D/dalvikvm( 4701): update thread list
D/dalvikvm( 4701): threadid=28: interp stack at 0x7c3fb000
D/dalvikvm( 4701): threadid=28: created from interp
D/dalvikvm( 4701): start new thread
D/dalvikvm( 4701): threadid=28: notify debugger
D/dalvikvm( 4701): threadid=28 (Thread-2095): calling run()
I/KSO_STAT( 4701): App is in background, stop update end time, ready to start a new session.
D/SQLiteDatabase( 4701): beginTransaction()
D/SQLiteDatabase( 4701): endTransaction()
D/dalvikvm( 4701): threadid=28: exiting
D/dalvikvm( 4701): threadid=28: bye!
D/BatteryService( 1797): mBatteryVoltage=3964, batteryLevel=50
V/ActivityManager( 1797): Broadcast sticky: Intent { act=android.intent.action.ADDITIONAL_BATTERY_CHANGED flg=0x60000010 (has extras) } ordered=false userid=-1 callerApp=null
V/ActivityManager( 1797): Broadcast sticky: Intent { act=android.intent.action.BATTERY_CHANGED flg=0x60000010 (has extras) } ordered=false userid=-1 callerApp=null
D/WifiService( 1797): onReceive, action:android.intent.action.BATTERY_CHANGED
D/UsbDeviceManager( 1797): onReceive - BATTERY_CHANGED - mPlugType: 2, mSettingUsbCharging: false, mConnected: true, mSettingUsbBicr: false
D/WifiController( 1797): DeviceActiveState{ when=0 what=155652 arg1=2 target=com.android.internal.util.StateMachine$SmHandler target=Handler (com.android.internal.util.StateMachine$SmHandler) {432227a8} }
D/WifiController( 1797): StaEnabledState{ when=0 what=155652 arg1=2 target=com.android.internal.util.StateMachine$SmHandler target=Handler (com.android.internal.util.StateMachine$SmHandler) {432227a8} }
D/WifiController( 1797): DefaultState{ when=0 what=155652 arg1=2 target=com.android.internal.util.StateMachine$SmHandler target=Handler (com.android.internal.util.StateMachine$SmHandler) {432227a8} }
D/WifiController( 1797): battery changed pluggedType: 2
D/HeadsetStateMachine( 6191): Disconnected process message: 10
V/ActivityManager( 1797): Broadcast sticky: Intent { act=android.intent.action.ADDITIONAL_BATTERY_CHANGED flg=0x60000010 (has extras) } ordered=false userid=-1 callerApp=null
D/PowerSaveService( 4528): PowerSaveReceiver EXTRA_STATUS: status = 2, lastCharging = true
V/ActivityManager( 1797): Broadcast sticky: Intent { act=android.intent.action.ADDITIONAL_BATTERY_CHANGED flg=0x60000010 (has extras) } ordered=false userid=-1 callerApp=null
D/WifiStateMachine( 1797): ConnectedState{ when=-2ms what=131155 arg1=6 target=com.android.internal.util.StateMachine$SmHandler target=Handler (com.android.internal.util.StateMachine$SmHandler) {4317edc0} }
D/WifiStateMachine( 1797): L2ConnectedState{ when=-3ms what=131155 arg1=6 target=com.android.internal.util.StateMachine$SmHandler target=Handler (com.android.internal.util.StateMachine$SmHandler) {4317edc0} }
D/WifiHW  ( 1797): enter -->wifi_send_command cmd=IFNAME=wlan0 SIGNAL_POLL
D/wpa_supplicant( 4131): RX ctrl_iface - hexdump(len=11): 53 49 47 4e 41 4c 5f 50 4f 4c 4c
D/wpa_supplicant( 4131): wlan0: Control interface command 'SIGNAL_POLL'
D/wpa_supplicant( 4131): nl80211: survey data missing!
D/wpa_supplicant( 4131): signal poll, reply_len=48
D/wpa_ctrl( 1797): reply_len=4095
D/WifiHW  ( 1797): leave --> reply=RSSI=-43
D/WifiHW  ( 1797): LINKSPEED=65
D/WifiHW  ( 1797): NOISE=9999
D/WifiHW  ( 1797): FREQUENCY=2412
D/WifiHW  ( 1797): 
D/wifi    ( 1797): doStringCommand, buf IFNAME=wlan0 SIGNAL_POLL
I/WifiStateMachine( 1797): fetchRssiAndLinkSpeedNative, newRssi:-43, newLinkSpeed:65, SSID:"60_dev_01"
D/WifiStateMachine( 1797): mRssiArray[0] = -43
D/WifiStateMachine( 1797): mRssiArray[1] = -41
D/WifiStateMachine( 1797): mRssiArray[2] = -41
D/WifiStateMachine( 1797): mRssiArray[3] = -40
D/WifiStateMachine( 1797): mRssiArray[4] = -40
D/WifiStateMachine( 1797): GetFilterRssi is : -41
D/WifiStateMachine( 1797): mLastSignalLevel:4, newSignalLevel:4
D/WifiStateMachine( 1797): fetchRssiAndLinkSpeedNative, ipAddr:2013270188
I/uSDK    ( 8420): [CAE][D][2017-12-27 17:51:04.627504][cae_softap_user_task:730][buffer fd or timeout ]
I/uSDK    ( 8420): [CAE][D][2017-12-27 17:51:04.627547][cae_su_read_buffer_to_send:630][count[0]***]
I/uSDK    ( 8420): [CAE][D][2017-12-27 17:51:04.627564][su_ctx_fd_set:692][MAX fd[-1]]
I/ANRManager( 1797): updateProcessStats
D/dalvikvm(20626): threadid=16: interp stack at 0x79223000
D/dalvikvm(20626): threadid=16: bye!
D/dalvikvm( 4701): create interp thread : stack size=128KB
D/dalvikvm( 4701): create new thread
D/dalvikvm( 4701): new thread created
D/dalvikvm( 4701): update thread list
D/dalvikvm( 4701): threadid=28: interp stack at 0x7c3fb000
D/dalvikvm( 4701): threadid=28: created from interp
D/dalvikvm( 4701): start new thread
D/dalvikvm( 4701): threadid=28: notify debugger
D/dalvikvm( 4701): threadid=28 (Thread-2096): calling run()
I/KSO_STAT( 4701): App is in background, stop update end time, ready to start a new session.
D/SQLiteDatabase( 4701): beginTransaction()
D/SQLiteDatabase( 4701): endTransaction()
D/dalvikvm( 4701): threadid=28: exiting
D/dalvikvm( 4701): threadid=28: bye!
D/BatteryService( 1797): mBatteryVoltage=3970, batteryLevel=50
V/ActivityManager( 1797): Broadcast sticky: Intent { act=android.intent.action.ADDITIONAL_BATTERY_CHANGED flg=0x60000010 (has extras) } ordered=false userid=-1 callerApp=null
V/ActivityManager( 1797): Broadcast sticky: Intent { act=android.intent.action.BATTERY_CHANGED flg=0x60000010 (has extras) } ordered=false userid=-1 callerApp=null
D/PowerSaveService( 4528): PowerSaveReceiver EXTRA_STATUS: status = 2, lastCharging = true
D/HeadsetStateMachine( 6191): Disconnected process message: 10
D/WifiService( 1797): onReceive, action:android.intent.action.BATTERY_CHANGED
D/WifiController( 1797): DeviceActiveState{ when=0 what=155652 arg1=2 target=com.android.internal.util.StateMachine$SmHandler target=Handler (com.android.internal.util.StateMachine$SmHandler) {432227a8} }
D/WifiController( 1797): StaEnabledState{ when=0 what=155652 arg1=2 target=com.android.internal.util.StateMachine$SmHandler target=Handler (com.android.internal.util.StateMachine$SmHandler) {432227a8} }
D/WifiController( 1797): DefaultState{ when=-1ms what=155652 arg1=2 target=com.android.internal.util.StateMachine$SmHandler target=Handler (com.android.internal.util.StateMachine$SmHandler) {432227a8} }
D/WifiController( 1797): battery changed pluggedType: 2
D/UsbDeviceManager( 1797): onReceive - BATTERY_CHANGED - mPlugType: 2, mSettingUsbCharging: false, mConnected: true, mSettingUsbBicr: false
V/ActivityManager( 1797): Broadcast sticky: Intent { act=android.intent.action.ADDITIONAL_BATTERY_CHANGED flg=0x60000010 (has extras) } ordered=false userid=-1 callerApp=null
V/ActivityManager( 1797): Broadcast sticky: Intent { act=android.intent.action.ADDITIONAL_BATTERY_CHANGED flg=0x60000010 (has extras) } ordered=false userid=-1 callerApp=null
D/WifiStateMachine( 1797): ConnectedState{ when=-1ms what=131155 arg1=6 target=com.android.internal.util.StateMachine$SmHandler target=Handler (com.android.internal.util.StateMachine$SmHandler) {4317edc0} }
D/WifiStateMachine( 1797): L2ConnectedState{ when=-2ms what=131155 arg1=6 target=com.android.internal.util.StateMachine$SmHandler target=Handler (com.android.internal.util.StateMachine$SmHandler) {4317edc0} }
D/WifiHW  ( 1797): enter -->wifi_send_command cmd=IFNAME=wlan0 SIGNAL_POLL
D/wpa_supplicant( 4131): RX ctrl_iface - hexdump(len=11): 53 49 47 4e 41 4c 5f 50 4f 4c 4c
D/wpa_supplicant( 4131): wlan0: Control interface command 'SIGNAL_POLL'
D/wpa_supplicant( 4131): nl80211: survey data missing!
D/wpa_supplicant( 4131): signal poll, reply_len=48
D/wpa_ctrl( 1797): reply_len=4095
D/WifiHW  ( 1797): leave --> reply=RSSI=-42
D/WifiHW  ( 1797): LINKSPEED=65
D/WifiHW  ( 1797): NOISE=9999
D/WifiHW  ( 1797): FREQUENCY=2412
D/WifiHW  ( 1797): 
D/wifi    ( 1797): doStringCommand, buf IFNAME=wlan0 SIGNAL_POLL
I/WifiStateMachine( 1797): fetchRssiAndLinkSpeedNative, newRssi:-42, newLinkSpeed:65, SSID:"60_dev_01"
D/WifiStateMachine( 1797): mRssiArray[0] = -43
D/WifiStateMachine( 1797): mRssiArray[1] = -43
D/WifiStateMachine( 1797): mRssiArray[2] = -41
D/WifiStateMachine( 1797): mRssiArray[3] = -40
D/WifiStateMachine( 1797): mRssiArray[4] = -40
D/WifiStateMachine( 1797): GetFilterRssi is : -41
D/WifiStateMachine( 1797): mLastSignalLevel:4, newSignalLevel:4
D/WifiStateMachine( 1797): fetchRssiAndLinkSpeedNative, ipAddr:2013270188
D/PhoneInterfaceManagerEx( 4362): [PhoneIntfMgrEx] hasIccCard  simId=0
D/PhoneInterfaceManagerEx( 4362): [PhoneIntfMgrEx] hasIccCard  simId=1
V/ActivityManager( 1797): Broadcast sticky: Intent { act=android.intent.action.SIG_STR flg=0x10 (has extras) } ordered=false userid=-1 callerApp=ProcessRecord{42767e10 1797:system/1000}
D/cell strength( 4291): ===== cell singal strength changed : 15
I/uSDK    ( 8420): [CAE][D][2017-12-27 17:51:09.627975][cae_softap_user_task:730][buffer fd or timeout ]
I/uSDK    ( 8420): [CAE][D][2017-12-27 17:51:09.628019][cae_su_read_buffer_to_send:630][count[0]***]
I/uSDK    ( 8420): [CAE][D][2017-12-27 17:51:09.628035][su_ctx_fd_set:692][MAX fd[-1]]
D/WifiStateMachine( 1797): ConnectedState{ when=-3ms what=131155 arg1=6 target=com.android.internal.util.StateMachine$SmHandler target=Handler (com.android.internal.util.StateMachine$SmHandler) {4317edc0} }
D/WifiStateMachine( 1797): L2ConnectedState{ when=-3ms what=131155 arg1=6 target=com.android.internal.util.StateMachine$SmHandler target=Handler (com.android.internal.util.StateMachine$SmHandler) {4317edc0} }
D/WifiHW  ( 1797): enter -->wifi_send_command cmd=IFNAME=wlan0 SIGNAL_POLL
D/wpa_supplicant( 4131): RX ctrl_iface - hexdump(len=11): 53 49 47 4e 41 4c 5f 50 4f 4c 4c
D/wpa_supplicant( 4131): wlan0: Control interface command 'SIGNAL_POLL'
D/wpa_supplicant( 4131): nl80211: survey data missing!
D/wpa_supplicant( 4131): signal poll, reply_len=48
D/wpa_ctrl( 1797): reply_len=4095
D/WifiHW  ( 1797): leave --> reply=RSSI=-42
D/WifiHW  ( 1797): LINKSPEED=65
D/WifiHW  ( 1797): NOISE=9999
D/WifiHW  ( 1797): FREQUENCY=2412
D/WifiHW  ( 1797): 
D/wifi    ( 1797): doStringCommand, buf IFNAME=wlan0 SIGNAL_POLL
I/WifiStateMachine( 1797): fetchRssiAndLinkSpeedNative, newRssi:-42, newLinkSpeed:65, SSID:"60_dev_01"
D/WifiStateMachine( 1797): mRssiArray[0] = -43
D/WifiStateMachine( 1797): mRssiArray[1] = -43
D/WifiStateMachine( 1797): mRssiArray[2] = -42
D/WifiStateMachine( 1797): mRssiArray[3] = -40
D/WifiStateMachine( 1797): mRssiArray[4] = -40
D/WifiStateMachine( 1797): GetFilterRssi is : -41
D/WifiStateMachine( 1797): mLastSignalLevel:4, newSignalLevel:4
D/WifiStateMachine( 1797): fetchRssiAndLinkSpeedNative, ipAddr:2013270188
D/dalvikvm( 4701): create interp thread : stack size=128KB
D/dalvikvm( 4701): create new thread
D/dalvikvm( 4701): new thread created
D/dalvikvm( 4701): update thread list
D/dalvikvm( 4701): threadid=28: interp stack at 0x7c3fb000
D/dalvikvm( 4701): threadid=28: created from interp
D/dalvikvm( 4701): start new thread
D/dalvikvm( 4701): threadid=28: notify debugger
D/dalvikvm( 4701): threadid=28 (Thread-2097): calling run()
I/KSO_STAT( 4701): App is in background, stop update end time, ready to start a new session.
D/SQLiteDatabase( 4701): beginTransaction()
D/SQLiteDatabase( 4701): endTransaction()
D/dalvikvm( 4701): threadid=28: exiting
D/dalvikvm( 4701): threadid=28: bye!
D/BatteryService( 1797): mBatteryVoltage=3966, batteryLevel=50
V/ActivityManager( 1797): Broadcast sticky: Intent { act=android.intent.action.ADDITIONAL_BATTERY_CHANGED flg=0x60000010 (has extras) } ordered=false userid=-1 callerApp=null
V/ActivityManager( 1797): Broadcast sticky: Intent { act=android.intent.action.BATTERY_CHANGED flg=0x60000010 (has extras) } ordered=false userid=-1 callerApp=null
D/PowerSaveService( 4528): PowerSaveReceiver EXTRA_STATUS: status = 2, lastCharging = true
D/HeadsetStateMachine( 6191): Disconnected process message: 10
D/WifiService( 1797): onReceive, action:android.intent.action.BATTERY_CHANGED
D/UsbDeviceManager( 1797): onReceive - BATTERY_CHANGED - mPlugType: 2, mSettingUsbCharging: false, mConnected: true, mSettingUsbBicr: false
D/WifiController( 1797): DeviceActiveState{ when=-1ms what=155652 arg1=2 target=com.android.internal.util.StateMachine$SmHandler target=Handler (com.android.internal.util.StateMachine$SmHandler) {432227a8} }
D/WifiController( 1797): StaEnabledState{ when=-1ms what=155652 arg1=2 target=com.android.internal.util.StateMachine$SmHandler target=Handler (com.android.internal.util.StateMachine$SmHandler) {432227a8} }
D/WifiController( 1797): DefaultState{ when=-1ms what=155652 arg1=2 target=com.android.internal.util.StateMachine$SmHandler target=Handler (com.android.internal.util.StateMachine$SmHandler) {432227a8} }
D/WifiController( 1797): battery changed pluggedType: 2
V/ActivityManager( 1797): Broadcast sticky: Intent { act=android.intent.action.ADDITIONAL_BATTERY_CHANGED flg=0x60000010 (has extras) } ordered=false userid=-1 callerApp=null
V/ActivityManager( 1797): Broadcast sticky: Intent { act=android.intent.action.ADDITIONAL_BATTERY_CHANGED flg=0x60000010 (has extras) } ordered=false userid=-1 callerApp=null
I/ANRManager( 1797): updateProcessStats
D/WifiStateMachine( 1797): ConnectedState{ when=-3ms what=131155 arg1=6 target=com.android.internal.util.StateMachine$SmHandler target=Handler (com.android.internal.util.StateMachine$SmHandler) {4317edc0} }
D/WifiStateMachine( 1797): L2ConnectedState{ when=-3ms what=131155 arg1=6 target=com.android.internal.util.StateMachine$SmHandler target=Handler (com.android.internal.util.StateMachine$SmHandler) {4317edc0} }
D/WifiHW  ( 1797): enter -->wifi_send_command cmd=IFNAME=wlan0 SIGNAL_POLL
D/wpa_supplicant( 4131): RX ctrl_iface - hexdump(len=11): 53 49 47 4e 41 4c 5f 50 4f 4c 4c
D/wpa_supplicant( 4131): wlan0: Control interface command 'SIGNAL_POLL'
D/wpa_supplicant( 4131): nl80211: survey data missing!
D/wpa_supplicant( 4131): signal poll, reply_len=48
D/wpa_ctrl( 1797): reply_len=4095
D/WifiHW  ( 1797): leave --> reply=RSSI=-42
D/WifiHW  ( 1797): LINKSPEED=65
D/WifiHW  ( 1797): NOISE=9999
D/WifiHW  ( 1797): FREQUENCY=2412
D/WifiHW  ( 1797): 
D/wifi    ( 1797): doStringCommand, buf IFNAME=wlan0 SIGNAL_POLL
I/WifiStateMachine( 1797): fetchRssiAndLinkSpeedNative, newRssi:-42, newLinkSpeed:65, SSID:"60_dev_01"
D/WifiStateMachine( 1797): mRssiArray[0] = -43
D/WifiStateMachine( 1797): mRssiArray[1] = -43
D/WifiStateMachine( 1797): mRssiArray[2] = -42
D/WifiStateMachine( 1797): mRssiArray[3] = -42
D/WifiStateMachine( 1797): mRssiArray[4] = -40
D/WifiStateMachine( 1797): GetFilterRssi is : -42
D/WifiStateMachine( 1797): mLastSignalLevel:4, newSignalLevel:4
D/WifiStateMachine( 1797): fetchRssiAndLinkSpeedNative, ipAddr:2013270188
D/ConnectivityService( 1797): getActiveNetworkInfo:NetworkInfo: type: WIFI[], state: CONNECTED/CONNECTED, reason: (unspecified), extra: "60_dev_01", roaming: false, failover: false, isAvailable: true, isConnectedToProvisioningNetwork: false, simId: 0/10096
I/uSDK    ( 8420): [CAE][D][2017-12-27 17:51:14.643807][cae_softap_user_task:730][buffer fd or timeout ]
I/uSDK    ( 8420): [CAE][D][2017-12-27 17:51:14.643851][cae_su_read_buffer_to_send:630][count[0]***]
I/uSDK    ( 8420): [CAE][D][2017-12-27 17:51:14.643867][su_ctx_fd_set:692][MAX fd[-1]]
D/WifiStateMachine( 1797): ConnectedState{ when=-3ms what=131155 arg1=6 target=com.android.internal.util.StateMachine$SmHandler target=Handler (com.android.internal.util.StateMachine$SmHandler) {4317edc0} }
D/WifiStateMachine( 1797): L2ConnectedState{ when=-4ms what=131155 arg1=6 target=com.android.internal.util.StateMachine$SmHandler target=Handler (com.android.internal.util.StateMachine$SmHandler) {4317edc0} }
D/WifiHW  ( 1797): enter -->wifi_send_command cmd=IFNAME=wlan0 SIGNAL_POLL
D/wpa_supplicant( 4131): RX ctrl_iface - hexdump(len=11): 53 49 47 4e 41 4c 5f 50 4f 4c 4c
D/wpa_supplicant( 4131): wlan0: Control interface command 'SIGNAL_POLL'
D/wpa_supplicant( 4131): nl80211: survey data missing!
D/wpa_supplicant( 4131): signal poll, reply_len=48
D/wpa_ctrl( 1797): reply_len=4095
D/WifiHW  ( 1797): leave --> reply=RSSI=-42
D/WifiHW  ( 1797): LINKSPEED=65
D/WifiHW  ( 1797): NOISE=9999
D/WifiHW  ( 1797): FREQUENCY=2412
D/WifiHW  ( 1797): 
D/wifi    ( 1797): doStringCommand, buf IFNAME=wlan0 SIGNAL_POLL
I/WifiStateMachine( 1797): fetchRssiAndLinkSpeedNative, newRssi:-42, newLinkSpeed:65, SSID:"60_dev_01"
D/WifiStateMachine( 1797): mRssiArray[0] = -43
D/WifiStateMachine( 1797): mRssiArray[1] = -43
D/WifiStateMachine( 1797): mRssiArray[2] = -42
D/WifiStateMachine( 1797): mRssiArray[3] = -42
D/WifiStateMachine( 1797): mRssiArray[4] = -42
D/WifiStateMachine( 1797): GetFilterRssi is : -42
D/WifiStateMachine( 1797): mLastSignalLevel:4, newSignalLevel:4
D/WifiStateMachine( 1797): fetchRssiAndLinkSpeedNative, ipAddr:2013270188
D/dalvikvm( 4701): create interp thread : stack size=128KB
D/dalvikvm( 4701): create new thread
D/dalvikvm( 4701): new thread created
D/dalvikvm( 4701): update thread list
D/dalvikvm( 4701): threadid=28: interp stack at 0x7c3fb000
D/dalvikvm( 4701): threadid=28: created from interp
D/dalvikvm( 4701): start new thread
D/dalvikvm( 4701): threadid=28: notify debugger
D/dalvikvm( 4701): threadid=28 (Thread-2098): calling run()
I/KSO_STAT( 4701): App is in background, stop update end time, ready to start a new session.
D/SQLiteDatabase( 4701): beginTransaction()
D/SQLiteDatabase( 4701): endTransaction()
D/dalvikvm( 4701): threadid=28: exiting
D/dalvikvm( 4701): threadid=28: bye!
D/BatteryService( 1797): mBatteryVoltage=3971, batteryLevel=50
V/ActivityManager( 1797): Broadcast sticky: Intent { act=android.intent.action.ADDITIONAL_BATTERY_CHANGED flg=0x60000010 (has extras) } ordered=false userid=-1 callerApp=null
V/ActivityManager( 1797): Broadcast sticky: Intent { act=android.intent.action.BATTERY_CHANGED flg=0x60000010 (has extras) } ordered=false userid=-1 callerApp=null
D/HeadsetStateMachine( 6191): Disconnected process message: 10
D/PowerSaveService( 4528): PowerSaveReceiver EXTRA_STATUS: status = 2, lastCharging = true
D/WifiService( 1797): onReceive, action:android.intent.action.BATTERY_CHANGED
D/UsbDeviceManager( 1797): onReceive - BATTERY_CHANGED - mPlugType: 2, mSettingUsbCharging: false, mConnected: true, mSettingUsbBicr: false
D/WifiController( 1797): DeviceActiveState{ when=0 what=155652 arg1=2 target=com.android.internal.util.StateMachine$SmHandler target=Handler (com.android.internal.util.StateMachine$SmHandler) {432227a8} }
D/WifiController( 1797): StaEnabledState{ when=0 what=155652 arg1=2 target=com.android.internal.util.StateMachine$SmHandler target=Handler (com.android.internal.util.StateMachine$SmHandler) {432227a8} }
D/WifiController( 1797): DefaultState{ when=0 what=155652 arg1=2 target=com.android.internal.util.StateMachine$SmHandler target=Handler (com.android.internal.util.StateMachine$SmHandler) {432227a8} }
D/WifiController( 1797): battery changed pluggedType: 2
V/ActivityManager( 1797): Broadcast sticky: Intent { act=android.intent.action.ADDITIONAL_BATTERY_CHANGED flg=0x60000010 (has extras) } ordered=false userid=-1 callerApp=null
V/ActivityManager( 1797): Broadcast sticky: Intent { act=android.intent.action.ADDITIONAL_BATTERY_CHANGED flg=0x60000010 (has extras) } ordered=false userid=-1 callerApp=null
D/PhoneInterfaceManagerEx( 4362): [PhoneIntfMgrEx] hasIccCard  simId=0
D/PhoneInterfaceManagerEx( 4362): [PhoneIntfMgrEx] hasIccCard  simId=1
D/WifiStateMachine( 1797): ConnectedState{ when=-3ms what=131155 arg1=6 target=com.android.internal.util.StateMachine$SmHandler target=Handler (com.android.internal.util.StateMachine$SmHandler) {4317edc0} }
D/WifiStateMachine( 1797): L2ConnectedState{ when=-3ms what=131155 arg1=6 target=com.android.internal.util.StateMachine$SmHandler target=Handler (com.android.internal.util.StateMachine$SmHandler) {4317edc0} }
D/WifiHW  ( 1797): enter -->wifi_send_command cmd=IFNAME=wlan0 SIGNAL_POLL
D/wpa_supplicant( 4131): RX ctrl_iface - hexdump(len=11): 53 49 47 4e 41 4c 5f 50 4f 4c 4c
D/wpa_supplicant( 4131): wlan0: Control interface command 'SIGNAL_POLL'
D/wpa_supplicant( 4131): nl80211: survey data missing!
D/wpa_supplicant( 4131): signal poll, reply_len=48
D/wpa_ctrl( 1797): reply_len=4095
D/WifiHW  ( 1797): leave --> reply=RSSI=-41
D/WifiHW  ( 1797): LINKSPEED=65
D/WifiHW  ( 1797): NOISE=9999
D/WifiHW  ( 1797): FREQUENCY=2412
D/WifiHW  ( 1797): 
D/wifi    ( 1797): doStringCommand, buf IFNAME=wlan0 SIGNAL_POLL
I/WifiStateMachine( 1797): fetchRssiAndLinkSpeedNative, newRssi:-41, newLinkSpeed:65, SSID:"60_dev_01"
D/WifiStateMachine( 1797): mRssiArray[0] = -42
D/WifiStateMachine( 1797): mRssiArray[1] = -43
D/WifiStateMachine( 1797): mRssiArray[2] = -42
D/WifiStateMachine( 1797): mRssiArray[3] = -42
D/WifiStateMachine( 1797): mRssiArray[4] = -42
D/WifiStateMachine( 1797): GetFilterRssi is : -41
D/WifiStateMachine( 1797): mLastSignalLevel:4, newSignalLevel:4
D/WifiStateMachine( 1797): fetchRssiAndLinkSpeedNative, ipAddr:2013270188
I/uSDK    ( 8420): [CAE][D][2017-12-27 17:51:19.663805][cae_softap_user_task:730][buffer fd or timeout ]
I/uSDK    ( 8420): [CAE][D][2017-12-27 17:51:19.663848][cae_su_read_buffer_to_send:630][count[0]***]
I/uSDK    ( 8420): [CAE][D][2017-12-27 17:51:19.663864][su_ctx_fd_set:692][MAX fd[-1]]
I/uSDK    ( 8420): [CAE][D][2017-12-27 17:51:20.694682][cae_sr_k_loop:965][mdns resolver loop timeout event happen, interval time:20s]
D/dalvikvm( 4701): create interp thread : stack size=128KB
D/dalvikvm( 4701): create new thread
D/dalvikvm( 4701): new thread created
D/dalvikvm( 4701): update thread list
D/dalvikvm( 4701): threadid=28: interp stack at 0x7c3fb000
D/dalvikvm( 4701): threadid=28: created from interp
D/dalvikvm( 4701): start new thread
D/dalvikvm( 4701): threadid=28: notify debugger
D/dalvikvm( 4701): threadid=28 (Thread-2099): calling run()
I/KSO_STAT( 4701): App is in background, stop update end time, ready to start a new session.
D/SQLiteDatabase( 4701): beginTransaction()
D/SQLiteDatabase( 4701): endTransaction()
D/dalvikvm( 4701): threadid=28: exiting
D/dalvikvm( 4701): threadid=28: bye!
V/ActivityManager( 1797): Broadcast sticky: Intent { act=android.intent.action.SIG_STR flg=0x10 (has extras) } ordered=false userid=-1 callerApp=ProcessRecord{42767e10 1797:system/1000}
D/cell strength( 4291): ===== cell singal strength changed : 14
D/BatteryService( 1797): mBatteryVoltage=3967, batteryLevel=50
V/ActivityManager( 1797): Broadcast sticky: Intent { act=android.intent.action.ADDITIONAL_BATTERY_CHANGED flg=0x60000010 (has extras) } ordered=false userid=-1 callerApp=null
V/ActivityManager( 1797): Broadcast sticky: Intent { act=android.intent.action.BATTERY_CHANGED flg=0x60000010 (has extras) } ordered=false userid=-1 callerApp=null
D/PowerSaveService( 4528): PowerSaveReceiver EXTRA_STATUS: status = 2, lastCharging = true
D/HeadsetStateMachine( 6191): Disconnected process message: 10
D/WifiService( 1797): onReceive, action:android.intent.action.BATTERY_CHANGED
D/UsbDeviceManager( 1797): onReceive - BATTERY_CHANGED - mPlugType: 2, mSettingUsbCharging: false, mConnected: true, mSettingUsbBicr: false
D/WifiController( 1797): DeviceActiveState{ when=0 what=155652 arg1=2 target=com.android.internal.util.StateMachine$SmHandler target=Handler (com.android.internal.util.StateMachine$SmHandler) {432227a8} }
D/WifiController( 1797): StaEnabledState{ when=0 what=155652 arg1=2 target=com.android.internal.util.StateMachine$SmHandler target=Handler (com.android.internal.util.StateMachine$SmHandler) {432227a8} }
D/WifiController( 1797): DefaultState{ when=0 what=155652 arg1=2 target=com.android.internal.util.StateMachine$SmHandler target=Handler (com.android.internal.util.StateMachine$SmHandler) {432227a8} }
D/WifiController( 1797): battery changed pluggedType: 2
V/ActivityManager( 1797): Broadcast sticky: Intent { act=android.intent.action.ADDITIONAL_BATTERY_CHANGED flg=0x60000010 (has extras) } ordered=false userid=-1 callerApp=null
V/ActivityManager( 1797): Broadcast sticky: Intent { act=android.intent.action.ADDITIONAL_BATTERY_CHANGED flg=0x60000010 (has extras) } ordered=false userid=-1 callerApp=null
D/WifiStateMachine( 1797): ConnectedState{ when=-3ms what=131155 arg1=6 target=com.android.internal.util.StateMachine$SmHandler target=Handler (com.android.internal.util.StateMachine$SmHandler) {4317edc0} }
D/WifiStateMachine( 1797): L2ConnectedState{ when=-3ms what=131155 arg1=6 target=com.android.internal.util.StateMachine$SmHandler target=Handler (com.android.internal.util.StateMachine$SmHandler) {4317edc0} }
D/WifiHW  ( 1797): enter -->wifi_send_command cmd=IFNAME=wlan0 SIGNAL_POLL
D/wpa_supplicant( 4131): RX ctrl_iface - hexdump(len=11): 53 49 47 4e 41 4c 5f 50 4f 4c 4c
D/wpa_supplicant( 4131): wlan0: Control interface command 'SIGNAL_POLL'
D/wpa_supplicant( 4131): nl80211: survey data missing!
D/wpa_supplicant( 4131): signal poll, reply_len=48
D/wpa_ctrl( 1797): reply_len=4095
D/WifiHW  ( 1797): leave --> reply=RSSI=-41
D/WifiHW  ( 1797): LINKSPEED=65
D/WifiHW  ( 1797): NOISE=9999
D/WifiHW  ( 1797): FREQUENCY=2412
D/WifiHW  ( 1797): 
D/wifi    ( 1797): doStringCommand, buf IFNAME=wlan0 SIGNAL_POLL
I/WifiStateMachine( 1797): fetchRssiAndLinkSpeedNative, newRssi:-41, newLinkSpeed:65, SSID:"60_dev_01"
D/WifiStateMachine( 1797): mRssiArray[0] = -42
D/WifiStateMachine( 1797): mRssiArray[1] = -41
D/WifiStateMachine( 1797): mRssiArray[2] = -42
D/WifiStateMachine( 1797): mRssiArray[3] = -42
D/WifiStateMachine( 1797): mRssiArray[4] = -42
D/WifiStateMachine( 1797): GetFilterRssi is : -41
D/WifiStateMachine( 1797): mLastSignalLevel:4, newSignalLevel:4
D/WifiStateMachine( 1797): fetchRssiAndLinkSpeedNative, ipAddr:2013270188
I/System.out(12358): [CDS]EAGAIN in Recvfrom
V/Provider/Settings( 1797): get setting for user 0 by user 0 so skipping cache
V/Provider/Settings( 1797):  from settings cache , name = sys_free_storage_log_interval , value = null
V/Provider/Settings( 1797): get setting for user 0 by user 0 so skipping cache
V/Provider/Settings( 1797):  from settings cache , name = disk_free_change_reporting_threshold , value = null
I/thermal_repeater(  288): oh, queryMdThermalInfo (0)Bad file number
I/thermal_repeater(  288): [recvMdThermalInfo] ret=25, strLen=127,  1, 32767,,, -1, 32767, 2
D/AES     ( 1797): AEEIOCTL_RT_MON_Kick IOCTL,lParam=0. 
I/uSDK    ( 8420): [CAE][D][2017-12-27 17:51:24.683800][cae_softap_user_task:730][buffer fd or timeout ]
I/uSDK    ( 8420): [CAE][D][2017-12-27 17:51:24.683843][cae_su_read_buffer_to_send:630][count[0]***]
I/uSDK    ( 8420): [CAE][D][2017-12-27 17:51:24.683860][su_ctx_fd_set:692][MAX fd[-1]]
D/WifiStateMachine( 1797): ConnectedState{ when=-3ms what=131155 arg1=6 target=com.android.internal.util.StateMachine$SmHandler target=Handler (com.android.internal.util.StateMachine$SmHandler) {4317edc0} }
D/WifiStateMachine( 1797): L2ConnectedState{ when=-3ms what=131155 arg1=6 target=com.android.internal.util.StateMachine$SmHandler target=Handler (com.android.internal.util.StateMachine$SmHandler) {4317edc0} }
D/WifiHW  ( 1797): enter -->wifi_send_command cmd=IFNAME=wlan0 SIGNAL_POLL
D/wpa_supplicant( 4131): RX ctrl_iface - hexdump(len=11): 53 49 47 4e 41 4c 5f 50 4f 4c 4c
D/wpa_supplicant( 4131): wlan0: Control interface command 'SIGNAL_POLL'
D/wpa_supplicant( 4131): nl80211: survey data missing!
D/wpa_supplicant( 4131): signal poll, reply_len=48
D/wpa_ctrl( 1797): reply_len=4095
D/WifiHW  ( 1797): leave --> reply=RSSI=-40
D/WifiHW  ( 1797): LINKSPEED=65
D/WifiHW  ( 1797): NOISE=9999
D/WifiHW  ( 1797): FREQUENCY=2412
D/WifiHW  ( 1797): 
D/wifi    ( 1797): doStringCommand, buf IFNAME=wlan0 SIGNAL_POLL
I/WifiStateMachine( 1797): fetchRssiAndLinkSpeedNative, newRssi:-40, newLinkSpeed:65, SSID:"60_dev_01"
D/WifiStateMachine( 1797): mRssiArray[0] = -42
D/WifiStateMachine( 1797): mRssiArray[1] = -41
D/WifiStateMachine( 1797): mRssiArray[2] = -41
D/WifiStateMachine( 1797): mRssiArray[3] = -42
D/WifiStateMachine( 1797): mRssiArray[4] = -42
D/WifiStateMachine( 1797): GetFilterRssi is : -40
D/WifiStateMachine( 1797): mLastSignalLevel:4, newSignalLevel:4
D/WifiStateMachine( 1797): fetchRssiAndLinkSpeedNative, ipAddr:2013270188
D/dalvikvm( 4701): create interp thread : stack size=128KB
D/dalvikvm( 4701): create new thread
D/dalvikvm( 4701): new thread created
D/dalvikvm( 4701): update thread list
D/dalvikvm( 4701): threadid=28: interp stack at 0x7c3fb000
D/dalvikvm( 4701): threadid=28: created from interp
D/dalvikvm( 4701): start new thread
D/dalvikvm( 4701): threadid=28: notify debugger
D/dalvikvm( 4701): threadid=28 (Thread-2100): calling run()
I/KSO_STAT( 4701): App is in background, stop update end time, ready to start a new session.
D/SQLiteDatabase( 4701): beginTransaction()
D/SQLiteDatabase( 4701): endTransaction()
D/dalvikvm( 4701): threadid=28: exiting
D/dalvikvm( 4701): threadid=28: bye!
D/BatteryService( 1797): mBatteryVoltage=3968, batteryLevel=50
V/ActivityManager( 1797): Broadcast sticky: Intent { act=android.intent.action.ADDITIONAL_BATTERY_CHANGED flg=0x60000010 (has extras) } ordered=false userid=-1 callerApp=null
V/ActivityManager( 1797): Broadcast sticky: Intent { act=android.intent.action.BATTERY_CHANGED flg=0x60000010 (has extras) } ordered=false userid=-1 callerApp=null
D/WifiService( 1797): onReceive, action:android.intent.action.BATTERY_CHANGED
D/UsbDeviceManager( 1797): onReceive - BATTERY_CHANGED - mPlugType: 2, mSettingUsbCharging: false, mConnected: true, mSettingUsbBicr: false
D/WifiController( 1797): DeviceActiveState{ when=0 what=155652 arg1=2 target=com.android.internal.util.StateMachine$SmHandler target=Handler (com.android.internal.util.StateMachine$SmHandler) {432227a8} }
D/WifiController( 1797): StaEnabledState{ when=0 what=155652 arg1=2 target=com.android.internal.util.StateMachine$SmHandler target=Handler (com.android.internal.util.StateMachine$SmHandler) {432227a8} }
D/WifiController( 1797): DefaultState{ when=0 what=155652 arg1=2 target=com.android.internal.util.StateMachine$SmHandler target=Handler (com.android.internal.util.StateMachine$SmHandler) {432227a8} }
D/WifiController( 1797): battery changed pluggedType: 2
V/ActivityManager( 1797): Broadcast sticky: Intent { act=android.intent.action.ADDITIONAL_BATTERY_CHANGED flg=0x60000010 (has extras) } ordered=false userid=-1 callerApp=null
D/PowerSaveService( 4528): PowerSaveReceiver EXTRA_STATUS: status = 2, lastCharging = true
D/HeadsetStateMachine( 6191): Disconnected process message: 10
V/ActivityManager( 1797): Broadcast sticky: Intent { act=android.intent.action.ADDITIONAL_BATTERY_CHANGED flg=0x60000010 (has extras) } ordered=false userid=-1 callerApp=null
D/WifiStateMachine( 1797): ConnectedState{ when=-3ms what=131155 arg1=6 target=com.android.internal.util.StateMachine$SmHandler target=Handler (com.android.internal.util.StateMachine$SmHandler) {4317edc0} }
D/WifiStateMachine( 1797): L2ConnectedState{ when=-3ms what=131155 arg1=6 target=com.android.internal.util.StateMachine$SmHandler target=Handler (com.android.internal.util.StateMachine$SmHandler) {4317edc0} }
D/WifiHW  ( 1797): enter -->wifi_send_command cmd=IFNAME=wlan0 SIGNAL_POLL
D/wpa_supplicant( 4131): RX ctrl_iface - hexdump(len=11): 53 49 47 4e 41 4c 5f 50 4f 4c 4c
D/wpa_supplicant( 4131): wlan0: Control interface command 'SIGNAL_POLL'
D/wpa_supplicant( 4131): nl80211: survey data missing!
D/wpa_supplicant( 4131): signal poll, reply_len=48
D/wpa_ctrl( 1797): reply_len=4095
D/WifiHW  ( 1797): leave --> reply=RSSI=-40
D/WifiHW  ( 1797): LINKSPEED=65
D/WifiHW  ( 1797): NOISE=9999
D/WifiHW  ( 1797): FREQUENCY=2412
D/WifiHW  ( 1797): 
D/wifi    ( 1797): doStringCommand, buf IFNAME=wlan0 SIGNAL_POLL
I/WifiStateMachine( 1797): fetchRssiAndLinkSpeedNative, newRssi:-40, newLinkSpeed:65, SSID:"60_dev_01"
D/WifiStateMachine( 1797): mRssiArray[0] = -42
D/WifiStateMachine( 1797): mRssiArray[1] = -41
D/WifiStateMachine( 1797): mRssiArray[2] = -41
D/WifiStateMachine( 1797): mRssiArray[3] = -40
D/WifiStateMachine( 1797): mRssiArray[4] = -42
D/WifiStateMachine( 1797): GetFilterRssi is : -40
D/WifiStateMachine( 1797): mLastSignalLevel:4, newSignalLevel:4
D/WifiStateMachine( 1797): fetchRssiAndLinkSpeedNative, ipAddr:2013270188
I/uSDK    ( 8420): [CAE][D][2017-12-27 17:51:29.707357][cae_softap_user_task:730][buffer fd or timeout ]
I/uSDK    ( 8420): [CAE][D][2017-12-27 17:51:29.707397][cae_su_read_buffer_to_send:630][count[0]***]
I/uSDK    ( 8420): [CAE][D][2017-12-27 17:51:29.707413][su_ctx_fd_set:692][MAX fd[-1]]
I/ErrorSaveService(24262): stopErrorSaveService().
I/ErrorSaveService(24262): ErrorSaveService stopSelf.
D/ActivityThread(24262): SVC-Destroying service: com.nearme.feedback.task.ErrorSaveService@42772850
D/ActivityThread(24262): SVC-STOP_SERVICE handled : 0 / android.os.BinderProxy@42771488
I/Process (24262): Sending signal. PID: 24262 SIG: 9
I/ActivityManager( 1797): Process com.nearme.feedback (pid 24262) has died.
W/ContextImpl( 1797): Calling a method in the system process without a qualified user: android.app.ContextImpl.sendBroadcast:1345 com.android.server.am.OppoExtraActivityManagerService.setKeyLockModeNormal:47 com.android.server.am.ActivityManagerService.appDiedLocked:4489 com.android.server.am.ActivityManagerService$AppDeathRecipient.binderDied:1118 android.os.BinderProxy.sendDeathNotice:496 
V/ActivityManager( 1797): Broadcast: Intent { act=com.oppo.intent.action.KEY_LOCK_MODE flg=0x10 (has extras) } ordered=false userid=0 callerApp=ProcessRecord{42767e10 1797:system/1000}
D/DisplayManagerService( 1797): Display listener for pid 24262 died.
D/ActivityManager( 1797): cleanUpApplicationRecordLocked app:ProcessRecord{4441bd60 24262:com.nearme.feedback/1000}, restarting:false, allowRestart:true, index:-1
D/ActivityManager( 1797): cleanUpApplicationRecordLocked from:com.android.server.am.ActivityManagerService.handleAppDiedLocked:4277 com.android.server.am.ActivityManagerService.appDiedLocked:4501 com.android.server.am.ActivityManagerService$AppDeathRecipient.binderDied:1118 android.os.BinderProxy.sendDeathNotice:496 
D/PhoneInterfaceManagerEx( 4362): [PhoneIntfMgrEx] hasIccCard  simId=0
D/PhoneInterfaceManagerEx( 4362): [PhoneIntfMgrEx] hasIccCard  simId=1
D/BluetoothAdapter(12358): isEnabled
E/Gl      (12358): [main]: .Gl$a.handleMessage:441
E/Gl      (12358): RE_CONNECTION list 1
E/BleController(12358): [main]: .bleconn.bluetooth.BleController.b:198
E/BleController(12358): start scanning
D/ConnectivityService( 1797): getActiveNetworkInfo:NetworkInfo: type: WIFI[], state: CONNECTED/CONNECTED, reason: (unspecified), extra: "60_dev_01", roaming: false, failover: false, isAvailable: true, isConnectedToProvisioningNetwork: false, simId: 0/10188
D/ActivityThread(12358): SVC-Calling onStartCommand: com.moji.airnut.bleconn.bluetooth.BleDiscoveryGattService@42acddb8, flags=0, startId=261
D/BluetoothAdapter(12358): stopLeScan()
E/CheckPermission(12358): _bluetooth code = 9 
D/BtGatt.GattService( 6191): stopScan() - queue=1
D/BtGatt.GattService( 6191): stopScan() - queue empty; stopping scan
D/BTIF_GATT_CLIENT( 6191): [GATT] btif_gattc_scan
D/BTIF_GATT_CLIENT( 6191): btif_gattc_scan
I/bt_ext_apis.c( 6191): btmtk_util_find_profile_msg_handler search profile_id:[21]
I/bt_ext_apis.c( 6191): [JNI] btmtk_sendmsg(cmd=4007, ptr=0x77f26138, len=36)
I/bt_ext_apis.c( 6191): [JNI] send msg success : 36
I/BTIF_CORE( 6191): [btif_task]:Polling returned!
I/BTIF_CORE( 6191): [btif_task]:Start retrieve data pollMemberCount=10!
I/BTIF_CORE( 6191): [btif_task]:fd 7 data ready!
I/BTIF_CORE( 6191): [btif_task]:pollData[i].fd data ready : revents = 0x1!
I/BTIF_CORE( 6191): in profile[0] handler!
I/BTIF_CORE( 6191): out profile[0] handler!
I/BTIF_CORE( 6191): in profile[3] handler!
I/BTIF_CORE( 6191): out profile[3] handler!
I/BTIF_CORE( 6191): in profile[5] handler!
I/BTIF_CORE( 6191): out profile[5] handler!
I/BTIF_CORE( 6191): in profile[1] handler!
I/BTIF_CORE( 6191): out profile[1] handler!
I/BTIF_CORE( 6191): in profile[11] handler!
I/BTIF_CORE( 6191): out profile[11] handler!
I/BTIF_CORE( 6191): in profile[18] handler!
I/BTIF_CORE( 6191): out profile[18] handler!
I/BTIF_CORE( 6191): in profile[12] handler!
I/BTIF_CORE( 6191): out profile[12] handler!
I/BTIF_CORE( 6191): in profile[21] handler!
D/BTIF_GATT_CLIENT( 6191): [GATT] gattc_handle_message
D/BTIF_GATT_CLIENT( 6191): [GATT] gattc_handle_message : msg_id=4008
D/BTIF_GATT_CLIENT( 6191): [GATT] findContextByContext
D/BTIF_GATT_CLIENT( 6191): [GATT] context[0] = 0xb70c0aa4 found
D/BTIF_GATT_CLIENT( 6191): [GATT] gattc_handle_scan_cancel_cnf
I/BTIF_CORE( 6191): out profile[21] handler!
I/BTIF_CORE( 6191): [btif_task]:Start polling!
D/BtGatt.GattService( 6191): unregisterClient() - clientIf=1
D/BTIF_GATT_CLIENT( 6191): [GATT] btif_gattc_unregister_app
D/BTIF_GATT_CLIENT( 6191): btif_gattc_unregister_app
I/bt_ext_apis.c( 6191): btmtk_util_find_profile_msg_handler search profile_id:[21]
I/bt_ext_apis.c( 6191): [JNI] btmtk_sendmsg(cmd=4002, ptr=0x78908140, len=36)
I/bt_ext_apis.c( 6191): [JNI] send msg success : 36
D/BluetoothAdapter(12358): isEnabled
I/BTIF_CORE( 6191): [btif_task]:Polling returned!
I/BTIF_CORE( 6191): [btif_task]:Start retrieve data pollMemberCount=10!
I/BTIF_CORE( 6191): [btif_task]:fd 7 data ready!
I/BTIF_CORE( 6191): [btif_task]:pollData[i].fd data ready : revents = 0x1!
I/BTIF_CORE( 6191): in profile[0] handler!
I/BTIF_CORE( 6191): out profile[0] handler!
I/BTIF_CORE( 6191): in profile[3] handler!
I/BTIF_CORE( 6191): out profile[3] handler!
I/BTIF_CORE( 6191): in profile[5] handler!
I/BTIF_CORE( 6191): out profile[5] handler!
I/BTIF_CORE( 6191): in profile[1] handler!
I/BTIF_CORE( 6191): out profile[1] handler!
I/BTIF_CORE( 6191): in profile[11] handler!
I/BTIF_CORE( 6191): out profile[11] handler!
I/BTIF_CORE( 6191): in profile[18] handler!
I/BTIF_CORE( 6191): out profile[18] handler!
I/BTIF_CORE( 6191): in profile[12] handler!
I/BTIF_CORE( 6191): out profile[12] handler!
I/BTIF_CORE( 6191): in profile[21] handler!
D/BTIF_GATT_CLIENT( 6191): [GATT] gattc_handle_message
D/BTIF_GATT_CLIENT( 6191): [GATT] gattc_handle_message : msg_id=4003
D/BTIF_GATT_CLIENT( 6191): [GATT] findContextByContext
D/BTIF_GATT_CLIENT( 6191): [GATT] context[0] = 0xb70c0aa4 found
D/BTIF_GATT_CLIENT( 6191): [GATT] gattc_handle_deregister_cnf
I/BTIF_CORE( 6191): out profile[21] handler!
I/BTIF_CORE( 6191): [btif_task]:Start polling!
D/BluetoothAdapter(12358): startLeScan(): null
E/CheckPermission(12358): _bluetooth code = 9 
D/BtGatt.GattService( 6191): registerClient() - UUID=d46a701e-02b4-42eb-8604-9c341ae5d21f
D/BTIF_GATT_CLIENT( 6191): [GATT] allocFreeContext
D/BTIF_GATT( 6191): [GATT] client appuuid : uuid : len(16) : 1F:D2:E5:1A:34:9C:04:86:EB:42:B4:02:1E:70:6A:D4
D/BTIF_GATT_CLIENT( 6191): [GATT] alloc client slot 0
D/BTIF_GATT_CLIENT( 6191): [GATT] btif_gattc_register_app
D/BTIF_GATT_CLIENT( 6191): btif_gattc_register_app
I/bt_ext_apis.c( 6191): btmtk_util_find_profile_msg_handler search profile_id:[21]
I/bt_ext_apis.c( 6191): [JNI] btmtk_sendmsg(cmd=4000, ptr=0x77f26100, len=48)
I/bt_ext_apis.c( 6191): [JNI] send msg success : 48
