I/BTIF_CORE( 6191): [btif_task]:Polling returned!
I/BTIF_CORE( 6191): [btif_task]:Start retrieve data pollMemberCount=10!
I/BTIF_CORE( 6191): [btif_task]:fd 7 data ready!
I/BTIF_CORE( 6191): [btif_task]:pollData[i].fd data ready : revents = 0x1!
I/BTIF_CORE( 6191): in profile[0] handler!
I/BTIF_CORE( 6191): out profile[0] handler!
I/BTIF_CORE( 6191): in profile[3] handler!
I/BTIF_CORE( 6191): out profile[3] handler!
I/BTIF_CORE( 6191): in profile[5] handler!
I/BTIF_CORE( 6191): out profile[5] handler!
I/BTIF_CORE( 6191): in profile[1] handler!
I/BTIF_CORE( 6191): out profile[1] handler!
I/BTIF_CORE( 6191): in profile[11] handler!
I/BTIF_CORE( 6191): out profile[11] handler!
I/BTIF_CORE( 6191): in profile[18] handler!
I/BTIF_CORE( 6191): out profile[18] handler!
I/BTIF_CORE( 6191): in profile[12] handler!
I/BTIF_CORE( 6191): out profile[12] handler!
I/BTIF_CORE( 6191): in profile[21] handler!
D/BTIF_GATT_CLIENT( 6191): [GATT] gattc_handle_message
D/BTIF_GATT_CLIENT( 6191): [GATT] gattc_handle_message : msg_id=4001
D/BTIF_GATT_CLIENT( 6191): [GATT] findContextByAppUUID
D/BTIF_GATT_CLIENT( 6191): [GATT] context[0] = 0x0 found
D/BTIF_GATT_CLIENT( 6191): [GATT] gattc_handle_register_cnf
D/BtGatt.GattService( 6191): onClientRegistered() - UUID=d46a701e-02b4-42eb-8604-9c341ae5d21f, clientIf=1
D/BluetoothAdapter(12358): onClientRegistered() - status=0 clientIf=1
E/CheckPermission(12358): _bluetooth code = 9 
D/BtGatt.GattService( 6191): startScan() - queue=0
D/BtGatt.GattService( 6191): startScan() - adding client=1
D/BTIF_GATT_CLIENT( 6191): [GATT] btif_gattc_scan
D/BTIF_GATT_CLIENT( 6191): btif_gattc_scan
I/bt_ext_apis.c( 6191): btmtk_util_find_profile_msg_handler search profile_id:[21]
I/bt_ext_apis.c( 6191): [JNI] btmtk_sendmsg(cmd=4004, ptr=0x785434e0, len=36)
I/bt_ext_apis.c( 6191): [JNI] send msg success : 36
D/ActivityThread(12358): SVC-SERVICE_ARGS handled : 0 / ServiceArgsData{token=android.os.BinderProxy@42739ad8 startId=261 args=Intent { cmp=com.moji.airnut/.bleconn.bluetooth.BleDiscoveryGattService (has extras) }}
I/BTIF_CORE( 6191): out profile[21] handler!
I/BTIF_CORE( 6191): [btif_task]:Start polling!
D/WifiStateMachine( 1797): ConnectedState{ when=-3ms what=131155 arg1=6 target=com.android.internal.util.StateMachine$SmHandler target=Handler (com.android.internal.util.StateMachine$SmHandler) {4317edc0} }
D/WifiStateMachine( 1797): L2ConnectedState{ when=-3ms what=131155 arg1=6 target=com.android.internal.util.StateMachine$SmHandler target=Handler (com.android.internal.util.StateMachine$SmHandler) {4317edc0} }
D/WifiHW  ( 1797): enter -->wifi_send_command cmd=IFNAME=wlan0 SIGNAL_POLL
D/wpa_supplicant( 4131): RX ctrl_iface - hexdump(len=11): 53 49 47 4e 41 4c 5f 50 4f 4c 4c
D/wpa_supplicant( 4131): wlan0: Control interface command 'SIGNAL_POLL'
D/wpa_supplicant( 4131): nl80211: survey data missing!
D/wpa_supplicant( 4131): signal poll, reply_len=48
D/wpa_ctrl( 1797): reply_len=4095
D/WifiHW  ( 1797): leave --> reply=RSSI=-40
D/WifiHW  ( 1797): LINKSPEED=65
D/WifiHW  ( 1797): NOISE=9999
D/WifiHW  ( 1797): FREQUENCY=2412
D/WifiHW  ( 1797): 
D/wifi    ( 1797): doStringCommand, buf IFNAME=wlan0 SIGNAL_POLL
I/WifiStateMachine( 1797): fetchRssiAndLinkSpeedNative, newRssi:-40, newLinkSpeed:65, SSID:"60_dev_01"
D/WifiStateMachine( 1797): mRssiArray[0] = -42
D/WifiStateMachine( 1797): mRssiArray[1] = -41
D/WifiStateMachine( 1797): mRssiArray[2] = -41
D/WifiStateMachine( 1797): mRssiArray[3] = -40
D/WifiStateMachine( 1797): mRssiArray[4] = -40
D/WifiStateMachine( 1797): GetFilterRssi is : -40
D/WifiStateMachine( 1797): mLastSignalLevel:4, newSignalLevel:4
D/WifiStateMachine( 1797): fetchRssiAndLinkSpeedNative, ipAddr:2013270188
I/BTIF_CORE( 6191): [btif_task]:Polling returned!
I/BTIF_CORE( 6191): [btif_task]:Start retrieve data pollMemberCount=10!
I/BTIF_CORE( 6191): [btif_task]:fd 7 data ready!
I/BTIF_CORE( 6191): [btif_task]:pollData[i].fd data ready : revents = 0x1!
I/BTIF_CORE( 6191): in profile[0] handler!
I/BTIF_CORE( 6191): out profile[0] handler!
I/BTIF_CORE( 6191): in profile[3] handler!
I/BTIF_CORE( 6191): out profile[3] handler!
I/BTIF_CORE( 6191): in profile[5] handler!
I/BTIF_CORE( 6191): out profile[5] handler!
I/BTIF_CORE( 6191): in profile[1] handler!
I/BTIF_CORE( 6191): out profile[1] handler!
I/BTIF_CORE( 6191): in profile[11] handler!
I/BTIF_CORE( 6191): out profile[11] handler!
I/BTIF_CORE( 6191): in profile[18] handler!
I/BTIF_CORE( 6191): out profile[18] handler!
I/BTIF_CORE( 6191): in profile[12] handler!
I/BTIF_CORE( 6191): out profile[12] handler!
I/BTIF_CORE( 6191): in profile[21] handler!
D/BTIF_GATT_CLIENT( 6191): [GATT] gattc_handle_message
D/BTIF_GATT_CLIENT( 6191): [GATT] gattc_handle_message : msg_id=4005
D/BTIF_GATT_CLIENT( 6191): [GATT] findContextByContext
D/BTIF_GATT_CLIENT( 6191): [GATT] context[0] = 0xb70c09f4 found
D/BTIF_GATT_CLIENT( 6191): [GATT] gattc_handle_scan_result_ind
I/BT_UTILS( 6191): btmtk_util_reverse_array: dest addr=0x3A:37:51:03:5F:DF
D/BtGatt.GattService( 6191): onScanResult() - address=3A:37:51:03:5F:DF, rssi=-69
D/BluetoothAdapter(12358): onScanResult() - Device=3A:37:51:03:5F:DF RSSI=-69
I/BTIF_CORE( 6191): out profile[21] handler!
I/BTIF_CORE( 6191): [btif_task]:Start polling!
I/BTIF_CORE( 6191): [btif_task]:Polling returned!
I/BTIF_CORE( 6191): [btif_task]:Start retrieve data pollMemberCount=10!
I/BTIF_CORE( 6191): [btif_task]:fd 7 data ready!
I/BTIF_CORE( 6191): [btif_task]:pollData[i].fd data ready : revents = 0x1!
I/BTIF_CORE( 6191): in profile[0] handler!
I/BTIF_CORE( 6191): out profile[0] handler!
I/BTIF_CORE( 6191): in profile[3] handler!
I/BTIF_CORE( 6191): out profile[3] handler!
I/BTIF_CORE( 6191): in profile[5] handler!
I/BTIF_CORE( 6191): out profile[5] handler!
I/BTIF_CORE( 6191): in profile[1] handler!
I/BTIF_CORE( 6191): out profile[1] handler!
I/BTIF_CORE( 6191): in profile[11] handler!
I/BTIF_CORE( 6191): out profile[11] handler!
I/BTIF_CORE( 6191): in profile[18] handler!
I/BTIF_CORE( 6191): out profile[18] handler!
I/BTIF_CORE( 6191): in profile[12] handler!
I/BTIF_CORE( 6191): out profile[12] handler!
I/BTIF_CORE( 6191): in profile[21] handler!
D/BTIF_GATT_CLIENT( 6191): [GATT] gattc_handle_message
D/BTIF_GATT_CLIENT( 6191): [GATT] gattc_handle_message : msg_id=4005
D/BTIF_GATT_CLIENT( 6191): [GATT] findContextByContext
D/BTIF_GATT_CLIENT( 6191): [GATT] context[0] = 0xb70c09f4 found
D/BTIF_GATT_CLIENT( 6191): [GATT] gattc_handle_scan_result_ind
I/BT_UTILS( 6191): btmtk_util_reverse_array: dest addr=0x2B:BB:7F:DD:82:48
D/BtGatt.GattService( 6191): onScanResult() - address=2B:BB:7F:DD:82:48, rssi=-64
D/BluetoothAdapter(12358): onScanResult() - Device=2B:BB:7F:DD:82:48 RSSI=-64
I/BTIF_CORE( 6191): out profile[21] handler!
I/BTIF_CORE( 6191): [btif_task]:Start polling!
I/BTIF_CORE( 6191): [btif_task]:Polling returned!
I/BTIF_CORE( 6191): [btif_task]:Start retrieve data pollMemberCount=10!
I/BTIF_CORE( 6191): [btif_task]:fd 7 data ready!
I/BTIF_CORE( 6191): [btif_task]:pollData[i].fd data ready : revents = 0x1!
I/BTIF_CORE( 6191): in profile[0] handler!
I/BTIF_CORE( 6191): out profile[0] handler!
I/BTIF_CORE( 6191): in profile[3] handler!
I/BTIF_CORE( 6191): out profile[3] handler!
I/BTIF_CORE( 6191): in profile[5] handler!
I/BTIF_CORE( 6191): out profile[5] handler!
I/BTIF_CORE( 6191): in profile[1] handler!
I/BTIF_CORE( 6191): out profile[1] handler!
I/BTIF_CORE( 6191): in profile[11] handler!
I/BTIF_CORE( 6191): out profile[11] handler!
I/BTIF_CORE( 6191): in profile[18] handler!
I/BTIF_CORE( 6191): out profile[18] handler!
I/BTIF_CORE( 6191): in profile[12] handler!
I/BTIF_CORE( 6191): out profile[12] handler!
I/BTIF_CORE( 6191): in profile[21] handler!
D/BTIF_GATT_CLIENT( 6191): [GATT] gattc_handle_message
D/BTIF_GATT_CLIENT( 6191): [GATT] gattc_handle_message : msg_id=4005
D/BTIF_GATT_CLIENT( 6191): [GATT] findContextByContext
D/BTIF_GATT_CLIENT( 6191): [GATT] context[0] = 0xb70c09f4 found
D/BTIF_GATT_CLIENT( 6191): [GATT] gattc_handle_scan_result_ind
I/BT_UTILS( 6191): btmtk_util_reverse_array: dest addr=0x08:E3:82:67:2A:59
D/BtGatt.GattService( 6191): onScanResult() - address=08:E3:82:67:2A:59, rssi=-68
D/BluetoothAdapter(12358): onScanResult() - Device=08:E3:82:67:2A:59 RSSI=-68
I/BTIF_CORE( 6191): out profile[21] handler!
I/BTIF_CORE( 6191): [btif_task]:Start polling!
D/dalvikvm( 4701): create interp thread : stack size=128KB
D/dalvikvm( 4701): create new thread
D/dalvikvm( 4701): new thread created
D/dalvikvm( 4701): update thread list
D/dalvikvm( 4701): threadid=28: interp stack at 0x7c3fb000
D/dalvikvm( 4701): threadid=28: created from interp
D/dalvikvm( 4701): start new thread
D/dalvikvm( 4701): threadid=28: notify debugger
D/dalvikvm( 4701): threadid=28 (Thread-2101): calling run()
I/KSO_STAT( 4701): App is in background, stop update end time, ready to start a new session.
D/SQLiteDatabase( 4701): beginTransaction()
D/SQLiteDatabase( 4701): endTransaction()
D/dalvikvm( 4701): threadid=28: exiting
D/dalvikvm( 4701): threadid=28: bye!
D/BatteryService( 1797): mBatteryVoltage=3967, batteryLevel=50
V/ActivityManager( 1797): Broadcast sticky: Intent { act=android.intent.action.ADDITIONAL_BATTERY_CHANGED flg=0x60000010 (has extras) } ordered=false userid=-1 callerApp=null
V/ActivityManager( 1797): Broadcast sticky: Intent { act=android.intent.action.BATTERY_CHANGED flg=0x60000010 (has extras) } ordered=false userid=-1 callerApp=null
D/WifiService( 1797): onReceive, action:android.intent.action.BATTERY_CHANGED
D/UsbDeviceManager( 1797): onReceive - BATTERY_CHANGED - mPlugType: 2, mSettingUsbCharging: false, mConnected: true, mSettingUsbBicr: false
D/WifiController( 1797): DeviceActiveState{ when=0 what=155652 arg1=2 target=com.android.internal.util.StateMachine$SmHandler target=Handler (com.android.internal.util.StateMachine$SmHandler) {432227a8} }
D/WifiController( 1797): StaEnabledState{ when=0 what=155652 arg1=2 target=com.android.internal.util.StateMachine$SmHandler target=Handler (com.android.internal.util.StateMachine$SmHandler) {432227a8} }
D/WifiController( 1797): DefaultState{ when=0 what=155652 arg1=2 target=com.android.internal.util.StateMachine$SmHandler target=Handler (com.android.internal.util.StateMachine$SmHandler) {432227a8} }
D/WifiController( 1797): battery changed pluggedType: 2
D/PowerSaveService( 4528): PowerSaveReceiver EXTRA_STATUS: status = 2, lastCharging = true
D/HeadsetStateMachine( 6191): Disconnected process message: 10
V/ActivityManager( 1797): Broadcast sticky: Intent { act=android.intent.action.ADDITIONAL_BATTERY_CHANGED flg=0x60000010 (has extras) } ordered=false userid=-1 callerApp=null
V/ActivityManager( 1797): Broadcast sticky: Intent { act=android.intent.action.ADDITIONAL_BATTERY_CHANGED flg=0x60000010 (has extras) } ordered=false userid=-1 callerApp=null
I/BTIF_CORE( 6191): [btif_task]:Polling returned!
I/BTIF_CORE( 6191): [btif_task]:Start retrieve data pollMemberCount=10!
I/BTIF_CORE( 6191): [btif_task]:fd 7 data ready!
I/BTIF_CORE( 6191): [btif_task]:pollData[i].fd data ready : revents = 0x1!
I/BTIF_CORE( 6191): in profile[0] handler!
I/BTIF_CORE( 6191): out profile[0] handler!
I/BTIF_CORE( 6191): in profile[3] handler!
I/BTIF_CORE( 6191): out profile[3] handler!
I/BTIF_CORE( 6191): in profile[5] handler!
I/BTIF_CORE( 6191): out profile[5] handler!
I/BTIF_CORE( 6191): in profile[1] handler!
I/BTIF_CORE( 6191): out profile[1] handler!
I/BTIF_CORE( 6191): in profile[11] handler!
I/BTIF_CORE( 6191): out profile[11] handler!
I/BTIF_CORE( 6191): in profile[18] handler!
I/BTIF_CORE( 6191): out profile[18] handler!
I/BTIF_CORE( 6191): in profile[12] handler!
I/BTIF_CORE( 6191): out profile[12] handler!
I/BTIF_CORE( 6191): in profile[21] handler!
D/BTIF_GATT_CLIENT( 6191): [GATT] gattc_handle_message
D/BTIF_GATT_CLIENT( 6191): [GATT] gattc_handle_message : msg_id=4005
D/BTIF_GATT_CLIENT( 6191): [GATT] findContextByContext
D/BTIF_GATT_CLIENT( 6191): [GATT] context[0] = 0xb70c09f4 found
D/BTIF_GATT_CLIENT( 6191): [GATT] gattc_handle_scan_result_ind
I/BT_UTILS( 6191): btmtk_util_reverse_array: dest addr=0x1A:9A:2C:5A:EF:32
D/BtGatt.GattService( 6191): onScanResult() - address=1A:9A:2C:5A:EF:32, rssi=-73
D/BluetoothAdapter(12358): onScanResult() - Device=1A:9A:2C:5A:EF:32 RSSI=-73
I/BTIF_CORE( 6191): out profile[21] handler!
I/BTIF_CORE( 6191): [btif_task]:Start polling!
I/BTIF_CORE( 6191): [btif_task]:Polling returned!
I/BTIF_CORE( 6191): [btif_task]:Start retrieve data pollMemberCount=10!
I/BTIF_CORE( 6191): [btif_task]:fd 7 data ready!
I/BTIF_CORE( 6191): [btif_task]:pollData[i].fd data ready : revents = 0x1!
I/BTIF_CORE( 6191): in profile[0] handler!
I/BTIF_CORE( 6191): out profile[0] handler!
I/BTIF_CORE( 6191): in profile[3] handler!
I/BTIF_CORE( 6191): out profile[3] handler!
I/BTIF_CORE( 6191): in profile[5] handler!
I/BTIF_CORE( 6191): out profile[5] handler!
I/BTIF_CORE( 6191): in profile[1] handler!
I/BTIF_CORE( 6191): out profile[1] handler!
I/BTIF_CORE( 6191): in profile[11] handler!
I/BTIF_CORE( 6191): out profile[11] handler!
I/BTIF_CORE( 6191): in profile[18] handler!
I/BTIF_CORE( 6191): out profile[18] handler!
I/BTIF_CORE( 6191): in profile[12] handler!
I/BTIF_CORE( 6191): out profile[12] handler!
I/BTIF_CORE( 6191): in profile[21] handler!
D/BTIF_GATT_CLIENT( 6191): [GATT] gattc_handle_message
D/BTIF_GATT_CLIENT( 6191): [GATT] gattc_handle_message : msg_id=4005
D/BTIF_GATT_CLIENT( 6191): [GATT] findContextByContext
D/BTIF_GATT_CLIENT( 6191): [GATT] context[0] = 0xb70c09f4 found
D/BTIF_GATT_CLIENT( 6191): [GATT] gattc_handle_scan_result_ind
I/BT_UTILS( 6191): btmtk_util_reverse_array: dest addr=0x3B:1E:9E:7C:50:37
D/BtGatt.GattService( 6191): onScanResult() - address=3B:1E:9E:7C:50:37, rssi=-82
D/BluetoothAdapter(12358): onScanResult() - Device=3B:1E:9E:7C:50:37 RSSI=-82
I/BTIF_CORE( 6191): out profile[21] handler!
I/BTIF_CORE( 6191): [btif_task]:Start polling!
I/BTIF_CORE( 6191): [btif_task]:Polling returned!
I/BTIF_CORE( 6191): [btif_task]:Start retrieve data pollMemberCount=10!
I/BTIF_CORE( 6191): [btif_task]:fd 7 data ready!
I/BTIF_CORE( 6191): [btif_task]:pollData[i].fd data ready : revents = 0x1!
I/BTIF_CORE( 6191): in profile[0] handler!
I/BTIF_CORE( 6191): out profile[0] handler!
I/BTIF_CORE( 6191): in profile[3] handler!
I/BTIF_CORE( 6191): out profile[3] handler!
I/BTIF_CORE( 6191): in profile[5] handler!
I/BTIF_CORE( 6191): out profile[5] handler!
I/BTIF_CORE( 6191): in profile[1] handler!
I/BTIF_CORE( 6191): out profile[1] handler!
I/BTIF_CORE( 6191): in profile[11] handler!
I/BTIF_CORE( 6191): out profile[11] handler!
I/BTIF_CORE( 6191): in profile[18] handler!
I/BTIF_CORE( 6191): out profile[18] handler!
I/BTIF_CORE( 6191): in profile[12] handler!
I/BTIF_CORE( 6191): out profile[12] handler!
I/BTIF_CORE( 6191): in profile[21] handler!
D/BTIF_GATT_CLIENT( 6191): [GATT] gattc_handle_message
D/BTIF_GATT_CLIENT( 6191): [GATT] gattc_handle_message : msg_id=4005
D/BTIF_GATT_CLIENT( 6191): [GATT] findContextByContext
D/BTIF_GATT_CLIENT( 6191): [GATT] context[0] = 0xb70c09f4 found
D/BTIF_GATT_CLIENT( 6191): [GATT] gattc_handle_scan_result_ind
I/BT_UTILS( 6191): btmtk_util_reverse_array: dest addr=0x51:96:DE:D1:EF:82
D/BtGatt.GattService( 6191): onScanResult() - address=51:96:DE:D1:EF:82, rssi=-64
D/BluetoothAdapter(12358): onScanResult() - Device=51:96:DE:D1:EF:82 RSSI=-64
I/BTIF_CORE( 6191): out profile[21] handler!
I/BTIF_CORE( 6191): [btif_task]:Start polling!
D/WifiStateMachine( 1797): ConnectedState{ when=-3ms what=131155 arg1=6 target=com.android.internal.util.StateMachine$SmHandler target=Handler (com.android.internal.util.StateMachine$SmHandler) {4317edc0} }
D/WifiStateMachine( 1797): L2ConnectedState{ when=-3ms what=131155 arg1=6 target=com.android.internal.util.StateMachine$SmHandler target=Handler (com.android.internal.util.StateMachine$SmHandler) {4317edc0} }
D/WifiHW  ( 1797): enter -->wifi_send_command cmd=IFNAME=wlan0 SIGNAL_POLL
D/wpa_supplicant( 4131): RX ctrl_iface - hexdump(len=11): 53 49 47 4e 41 4c 5f 50 4f 4c 4c
D/wpa_supplicant( 4131): wlan0: Control interface command 'SIGNAL_POLL'
D/wpa_supplicant( 4131): nl80211: survey data missing!
D/wpa_supplicant( 4131): signal poll, reply_len=48
D/wpa_ctrl( 1797): reply_len=4095
D/WifiHW  ( 1797): leave --> reply=RSSI=-40
D/WifiHW  ( 1797): LINKSPEED=65
D/WifiHW  ( 1797): NOISE=9999
D/WifiHW  ( 1797): FREQUENCY=2412
D/WifiHW  ( 1797): 
D/wifi    ( 1797): doStringCommand, buf IFNAME=wlan0 SIGNAL_POLL
I/WifiStateMachine( 1797): fetchRssiAndLinkSpeedNative, newRssi:-40, newLinkSpeed:65, SSID:"60_dev_01"
D/WifiStateMachine( 1797): mRssiArray[0] = -40
D/WifiStateMachine( 1797): mRssiArray[1] = -41
D/WifiStateMachine( 1797): mRssiArray[2] = -41
D/WifiStateMachine( 1797): mRssiArray[3] = -40
D/WifiStateMachine( 1797): mRssiArray[4] = -40
D/WifiStateMachine( 1797): GetFilterRssi is : -40
D/WifiStateMachine( 1797): mLastSignalLevel:4, newSignalLevel:4
D/WifiStateMachine( 1797): fetchRssiAndLinkSpeedNative, ipAddr:2013270188
I/uSDK    ( 8420): [CAE][D][2017-12-27 17:51:34.731183][cae_softap_user_task:730][buffer fd or timeout ]
I/uSDK    ( 8420): [CAE][D][2017-12-27 17:51:34.731223][cae_su_read_buffer_to_send:630][count[0]***]
I/uSDK    ( 8420): [CAE][D][2017-12-27 17:51:34.731239][su_ctx_fd_set:692][MAX fd[-1]]
V/ActivityManager( 1797): Broadcast sticky: Intent { act=android.intent.action.SIG_STR flg=0x10 (has extras) } ordered=false userid=-1 callerApp=ProcessRecord{42767e10 1797:system/1000}
D/cell strength( 4291): ===== cell singal strength changed : 18
D/dalvikvm( 4701): create interp thread : stack size=128KB
D/dalvikvm( 4701): create new thread
D/dalvikvm( 4701): new thread created
D/dalvikvm( 4701): update thread list
D/dalvikvm( 4701): threadid=28: interp stack at 0x7c3fb000
D/dalvikvm( 4701): threadid=28: created from interp
D/dalvikvm( 4701): start new thread
D/dalvikvm( 4701): threadid=28: notify debugger
D/dalvikvm( 4701): threadid=28 (Thread-2102): calling run()
I/KSO_STAT( 4701): App is in background, stop update end time, ready to start a new session.
D/SQLiteDatabase( 4701): beginTransaction()
D/SQLiteDatabase( 4701): endTransaction()
D/dalvikvm( 4701): threadid=28: exiting
D/dalvikvm( 4701): threadid=28: bye!
D/BatteryService( 1797): mBatteryVoltage=3971, batteryLevel=50
V/ActivityManager( 1797): Broadcast sticky: Intent { act=android.intent.action.ADDITIONAL_BATTERY_CHANGED flg=0x60000010 (has extras) } ordered=false userid=-1 callerApp=null
V/ActivityManager( 1797): Broadcast sticky: Intent { act=android.intent.action.BATTERY_CHANGED flg=0x60000010 (has extras) } ordered=false userid=-1 callerApp=null
D/PowerSaveService( 4528): PowerSaveReceiver EXTRA_STATUS: status = 2, lastCharging = true
D/HeadsetStateMachine( 6191): Disconnected process message: 10
D/WifiService( 1797): onReceive, action:android.intent.action.BATTERY_CHANGED
D/UsbDeviceManager( 1797): onReceive - BATTERY_CHANGED - mPlugType: 2, mSettingUsbCharging: false, mConnected: true, mSettingUsbBicr: false
D/WifiController( 1797): DeviceActiveState{ when=0 what=155652 arg1=2 target=com.android.internal.util.StateMachine$SmHandler target=Handler (com.android.internal.util.StateMachine$SmHandler) {432227a8} }
D/WifiController( 1797): StaEnabledState{ when=0 what=155652 arg1=2 target=com.android.internal.util.StateMachine$SmHandler target=Handler (com.android.internal.util.StateMachine$SmHandler) {432227a8} }
D/WifiController( 1797): DefaultState{ when=0 what=155652 arg1=2 target=com.android.internal.util.StateMachine$SmHandler target=Handler (com.android.internal.util.StateMachine$SmHandler) {432227a8} }
D/WifiController( 1797): battery changed pluggedType: 2
V/ActivityManager( 1797): Broadcast sticky: Intent { act=android.intent.action.ADDITIONAL_BATTERY_CHANGED flg=0x60000010 (has extras) } ordered=false userid=-1 callerApp=null
V/ActivityManager( 1797): Broadcast sticky: Intent { act=android.intent.action.ADDITIONAL_BATTERY_CHANGED flg=0x60000010 (has extras) } ordered=false userid=-1 callerApp=null
D/WifiStateMachine( 1797): ConnectedState{ when=-3ms what=131155 arg1=6 target=com.android.internal.util.StateMachine$SmHandler target=Handler (com.android.internal.util.StateMachine$SmHandler) {4317edc0} }
D/WifiStateMachine( 1797): L2ConnectedState{ when=-3ms what=131155 arg1=6 target=com.android.internal.util.StateMachine$SmHandler target=Handler (com.android.internal.util.StateMachine$SmHandler) {4317edc0} }
D/WifiHW  ( 1797): enter -->wifi_send_command cmd=IFNAME=wlan0 SIGNAL_POLL
D/wpa_supplicant( 4131): RX ctrl_iface - hexdump(len=11): 53 49 47 4e 41 4c 5f 50 4f 4c 4c
D/wpa_supplicant( 4131): wlan0: Control interface command 'SIGNAL_POLL'
D/wpa_supplicant( 4131): nl80211: survey data missing!
D/wpa_supplicant( 4131): signal poll, reply_len=48
D/wpa_ctrl( 1797): reply_len=4095
D/WifiHW  ( 1797): leave --> reply=RSSI=-42
D/WifiHW  ( 1797): LINKSPEED=65
D/WifiHW  ( 1797): NOISE=9999
D/WifiHW  ( 1797): FREQUENCY=2412
D/WifiHW  ( 1797): 
D/wifi    ( 1797): doStringCommand, buf IFNAME=wlan0 SIGNAL_POLL
I/WifiStateMachine( 1797): fetchRssiAndLinkSpeedNative, newRssi:-42, newLinkSpeed:65, SSID:"60_dev_01"
D/WifiStateMachine( 1797): mRssiArray[0] = -40
D/WifiStateMachine( 1797): mRssiArray[1] = -40
D/WifiStateMachine( 1797): mRssiArray[2] = -41
D/WifiStateMachine( 1797): mRssiArray[3] = -40
D/WifiStateMachine( 1797): mRssiArray[4] = -40
D/WifiStateMachine( 1797): GetFilterRssi is : -40
D/WifiStateMachine( 1797): mLastSignalLevel:4, newSignalLevel:4
D/WifiStateMachine( 1797): fetchRssiAndLinkSpeedNative, ipAddr:2013270188
I/uSDK    ( 8420): [CAE][D][2017-12-27 17:51:39.753516][cae_softap_user_task:730][buffer fd or timeout ]
I/uSDK    ( 8420): [CAE][D][2017-12-27 17:51:39.753555][cae_su_read_buffer_to_send:630][count[0]***]
I/uSDK    ( 8420): [CAE][D][2017-12-27 17:51:39.753570][su_ctx_fd_set:692][MAX fd[-1]]
D/WifiStateMachine( 1797): ConnectedState{ when=-2ms what=131155 arg1=6 target=com.android.internal.util.StateMachine$SmHandler target=Handler (com.android.internal.util.StateMachine$SmHandler) {4317edc0} }
D/WifiStateMachine( 1797): L2ConnectedState{ when=-3ms what=131155 arg1=6 target=com.android.internal.util.StateMachine$SmHandler target=Handler (com.android.internal.util.StateMachine$SmHandler) {4317edc0} }
D/WifiHW  ( 1797): enter -->wifi_send_command cmd=IFNAME=wlan0 SIGNAL_POLL
D/wpa_supplicant( 4131): RX ctrl_iface - hexdump(len=11): 53 49 47 4e 41 4c 5f 50 4f 4c 4c
D/wpa_supplicant( 4131): wlan0: Control interface command 'SIGNAL_POLL'
D/wpa_supplicant( 4131): nl80211: survey data missing!
D/wpa_supplicant( 4131): signal poll, reply_len=48
D/wpa_ctrl( 1797): reply_len=4095
D/WifiHW  ( 1797): leave --> reply=RSSI=-42
D/WifiHW  ( 1797): LINKSPEED=65
D/WifiHW  ( 1797): NOISE=9999
D/WifiHW  ( 1797): FREQUENCY=2412
D/WifiHW  ( 1797): 
D/wifi    ( 1797): doStringCommand, buf IFNAME=wlan0 SIGNAL_POLL
I/WifiStateMachine( 1797): fetchRssiAndLinkSpeedNative, newRssi:-42, newLinkSpeed:65, SSID:"60_dev_01"
D/WifiStateMachine( 1797): mRssiArray[0] = -40
D/WifiStateMachine( 1797): mRssiArray[1] = -40
D/WifiStateMachine( 1797): mRssiArray[2] = -42
D/WifiStateMachine( 1797): mRssiArray[3] = -40
D/WifiStateMachine( 1797): mRssiArray[4] = -40
D/WifiStateMachine( 1797): GetFilterRssi is : -40
D/WifiStateMachine( 1797): mLastSignalLevel:4, newSignalLevel:4
D/WifiStateMachine( 1797): fetchRssiAndLinkSpeedNative, ipAddr:2013270188
I/uSDK    ( 8420): [CAE][D][2017-12-27 17:51:40.793801][cae_sr_k_loop:965][mdns resolver loop timeout event happen, interval time:20s]
I/uSDK    ( 8420): [CAE][I][2017-12-27 17:51:40.793841][cae_sr_k_loop:1018][do normal soft refresh timing!]
I/uSDK    ( 8420): [CAE][I][2017-12-27 17:51:40.793857][cae_sd_core_connect_send_search_data:116][force mdns daemon to send mdns search udp data ... ...]
I/uSDK    ( 8420): [CAE][I][2017-12-27 17:51:40.793904][mDNSPlatformWriteLogMsg:171][connecting mdns server port:58543.]
I/uSDK    ( 8420): [CAE][I][2017-12-27 17:51:40.794353][mDNSPlatformWriteLogMsg:171][receive x_RefreshInterfaceList cmd ]
I/uSDK    ( 8420): [CAE][I][2017-12-27 17:51:40.794372][mDNSPlatformWriteLogMsg:171][mdns daemon refreshing interface list ... ...]
I/uSDK    ( 8420): [CAE][I][2017-12-27 17:51:40.794392][mDNSPlatformWriteLogMsg:171][qname : _sleep-proxy._udp.local.  qtype value: 12  string info: PTR ]
I/uSDK    ( 8420): [CAE][I][2017-12-27 17:51:40.794405][mDNSPlatformWriteLogMsg:171][StartLLQPolling ... ... ]
I/uSDK    ( 8420): [CAE][I][2017-12-27 17:51:40.794421][mDNSPlatformWriteLogMsg:171][qname : _cae._udp.local.  qtype value: 12  string info: PTR ]
I/uSDK    ( 8420): [CAE][I][2017-12-27 17:51:40.794434][mDNSPlatformWriteLogMsg:171][StartLLQPolling ... ... ]
I/uSDK    ( 8420): [CAE][I][2017-12-27 17:51:40.794448][mDNSPlatformWriteLogMsg:171][ xxx mDNS Execute begin ... ... ]
I/uSDK    ( 8420): [CAE][I][2017-12-27 17:51:40.794463][mDNSPlatformWriteLogMsg:171][mdns daemon refreshing interface list end!]
I/uSDK    ( 8420): [CAE][I][2017-12-27 17:51:40.794479][mDNSPlatformWriteLogMsg:171][request_callback: 164:ERROR: Unsupported UDS req:8888 PID[-1][]]
I/uSDK    ( 8420): [CAE][I][2017-12-27 17:51:40.794584][cae_sd_core_connect_send_search_data:126][sending mdns search upd data is end; err:0]
D/dalvikvm( 4701): create interp thread : stack size=128KB
D/dalvikvm( 4701): create new thread
D/dalvikvm( 4701): new thread created
D/dalvikvm( 4701): update thread list
D/dalvikvm( 4701): threadid=28: interp stack at 0x7c3fb000
D/dalvikvm( 4701): threadid=28: created from interp
D/dalvikvm( 4701): start new thread
D/dalvikvm( 4701): threadid=28: notify debugger
D/dalvikvm( 4701): threadid=28 (Thread-2103): calling run()
I/KSO_STAT( 4701): App is in background, stop update end time, ready to start a new session.
D/SQLiteDatabase( 4701): beginTransaction()
D/SQLiteDatabase( 4701): endTransaction()
D/dalvikvm( 4701): threadid=28: exiting
D/dalvikvm( 4701): threadid=28: bye!
D/BatteryService( 1797): mBatteryVoltage=3964, batteryLevel=50
V/ActivityManager( 1797): Broadcast sticky: Intent { act=android.intent.action.ADDITIONAL_BATTERY_CHANGED flg=0x60000010 (has extras) } ordered=false userid=-1 callerApp=null
V/ActivityManager( 1797): Broadcast sticky: Intent { act=android.intent.action.BATTERY_CHANGED flg=0x60000010 (has extras) } ordered=false userid=-1 callerApp=null
D/PowerSaveService( 4528): PowerSaveReceiver EXTRA_STATUS: status = 2, lastCharging = true
D/WifiService( 1797): onReceive, action:android.intent.action.BATTERY_CHANGED
D/UsbDeviceManager( 1797): onReceive - BATTERY_CHANGED - mPlugType: 2, mSettingUsbCharging: false, mConnected: true, mSettingUsbBicr: false
D/WifiController( 1797): DeviceActiveState{ when=0 what=155652 arg1=2 target=com.android.internal.util.StateMachine$SmHandler target=Handler (com.android.internal.util.StateMachine$SmHandler) {432227a8} }
D/WifiController( 1797): StaEnabledState{ when=0 what=155652 arg1=2 target=com.android.internal.util.StateMachine$SmHandler target=Handler (com.android.internal.util.StateMachine$SmHandler) {432227a8} }
D/WifiController( 1797): DefaultState{ when=0 what=155652 arg1=2 target=com.android.internal.util.StateMachine$SmHandler target=Handler (com.android.internal.util.StateMachine$SmHandler) {432227a8} }
D/WifiController( 1797): battery changed pluggedType: 2
D/HeadsetStateMachine( 6191): Disconnected process message: 10
V/ActivityManager( 1797): Broadcast sticky: Intent { act=android.intent.action.ADDITIONAL_BATTERY_CHANGED flg=0x60000010 (has extras) } ordered=false userid=-1 callerApp=null
V/ActivityManager( 1797): Broadcast sticky: Intent { act=android.intent.action.ADDITIONAL_BATTERY_CHANGED flg=0x60000010 (has extras) } ordered=false userid=-1 callerApp=null
D/dalvikvm(20626): threadid=16: interp stack at 0x79223000
D/dalvikvm(20626): threadid=16: bye!
D/PhoneInterfaceManagerEx( 4362): [PhoneIntfMgrEx] hasIccCard  simId=0
D/PhoneInterfaceManagerEx( 4362): [PhoneIntfMgrEx] hasIccCard  simId=1
D/WifiStateMachine( 1797): ConnectedState{ when=-1ms what=131155 arg1=6 target=com.android.internal.util.StateMachine$SmHandler target=Handler (com.android.internal.util.StateMachine$SmHandler) {4317edc0} }
D/WifiStateMachine( 1797): L2ConnectedState{ when=-1ms what=131155 arg1=6 target=com.android.internal.util.StateMachine$SmHandler target=Handler (com.android.internal.util.StateMachine$SmHandler) {4317edc0} }
D/WifiHW  ( 1797): enter -->wifi_send_command cmd=IFNAME=wlan0 SIGNAL_POLL
D/wpa_supplicant( 4131): RX ctrl_iface - hexdump(len=11): 53 49 47 4e 41 4c 5f 50 4f 4c 4c
D/wpa_supplicant( 4131): wlan0: Control interface command 'SIGNAL_POLL'
V/AlarmManager( 1797): isAlarmNeedAlign : charging
V/AlarmManager( 1797): set(PendingIntent{4351c1c8: PendingIntentRecord{43358790 com.tencent.mm broadcastIntent}}) : type=2 triggerAtTime=9737542 win=-1 tElapsed=9737542 maxElapsed=9737542 interval=0 standalone=false
V/AlarmManager( 1797): Adding Alarm{434f2b80 type 2 com.tencent.mm} to Batch{42c09a08 num=3 start=9729541 end=9802259}
V/AlarmManager( 1797):     => now Batch{42c09a08 num=3 start=9737542 end=9737542}
V/AlarmManager( 1797): isAlarmNeedAlign : charging
V/AlarmManager( 1797): set(PendingIntent{43524508: PendingIntentRecord{43574d08 com.tencent.mm broadcastIntent}}) : type=2 triggerAtTime=10309545 win=-1 tElapsed=10309545 maxElapsed=10744544 interval=0 standalone=false
V/AlarmManager( 1797): Adding Alarm{43974cc8 type 2 com.tencent.mm} to Batch{439d29e8 num=2 start=10453823 end=10453823}
V/AlarmManager( 1797):     => now Batch{439d29e8 num=2 start=10453823 end=10453823}
V/AlarmManager( 1797): remove(operation) changed bounds; rebatching
V/AlarmManager( 1797): isAlarmNeedAlign : charging
V/AlarmManager( 1797): isAlarmNeedAlign : charging
V/AlarmManager( 1797): Adding Alarm{43c12c08 type 2 com.tencent.mm} to Batch{43b899a8 num=2 start=9638559 end=9863559}
V/AlarmManager( 1797):     => now Batch{43b899a8 num=2 start=9729541 end=9729541}
V/AlarmManager( 1797): isAlarmNeedAlign : charging
V/AlarmManager( 1797): isAlarmNeedAlign : charging
V/AlarmManager( 1797): Adding Alarm{444301b8 type 0 com.kingroot.kinguser} to Batch{43d3ca78 num=2 start=9860060 end=9957944}
V/AlarmManager( 1797):     => now Batch{43d3ca78 num=2 start=9920500 end=9957944}
V/AlarmManager( 1797): isAlarmNeedAlign : charging
V/AlarmManager( 1797): Adding Alarm{431534e8 type 0 com.tencent.mm} to Batch{43d3ca78 num=3 start=9920500 end=9957944}
V/AlarmManager( 1797):     => now Batch{43d3ca78 num=3 start=9938040 end=9957944}
V/AlarmManager( 1797): isAlarmNeedAlign : charging
V/AlarmManager( 1797): isAlarmNeedAlign : charging
V/AlarmManager( 1797): Adding Alarm{431cdc50 type 1 com.nearme.feedback} to Batch{431cdbc8 num=2 start=10453827 end=10997036}
V/AlarmManager( 1797):     => now Batch{431cdbc8 num=2 start=10560256 end=10560256}
V/AlarmManager( 1797): isAlarmNeedAlign : charging
V/AlarmManager( 1797): Adding Alarm{434c5bc0 type 1 com.nearme.statistics.rom} to Batch{432858b8 num=2 start=10583336 end=10583336}
V/AlarmManager( 1797):     => now Batch{432858b8 num=2 start=10583336 end=10583336}
V/AlarmManager( 1797): isAlarmNeedAlign : charging
V/AlarmManager( 1797): isAlarmNeedAlign : charging
V/AlarmManager( 1797): Adding Alarm{435bb0c0 type 3 com.kingroot.kinguser} to Batch{435bb038 num=2 start=10819893 end=12169893}
V/AlarmManager( 1797):     => now Batch{435bb038 num=2 start=10821316 end=12169893}
V/AlarmManager( 1797): isAlarmNeedAlign : charging
V/AlarmManager( 1797): Adding Alarm{43934d98 type 0 com.fw.upgrade} to Batch{435bb038 num=3 start=10821316 end=12169893}
V/AlarmManager( 1797):     => now Batch{435bb038 num=3 start=10829240 end=11654009}
V/AlarmManager( 1797): isAlarmNeedAlign : charging
V/AlarmManager( 1797): Adding Alarm{43aa5ef0 type 0 com.kingroot.kinguser} to Batch{435bb038 num=4 start=10829240 end=11654009}
V/AlarmManager( 1797):     => now Batch{435bb038 num=4 start=10832568 end=11654009}
V/AlarmManager( 1797): isAlarmNeedAlign : charging
V/AlarmManager( 1797): Adding Alarm{43d25550 type 0 com.kingroot.master} to Batch{435bb038 num=5 start=10832568 end=11654009}
V/AlarmManager( 1797):     => now Batch{435bb038 num=5 start=10832592 end=11654009}
V/AlarmManager( 1797): Adding Alarm{43d48590 type 0 android} to Batch{435bb038 num=6 start=10832592 end=11654009}
V/AlarmManager( 1797):     => now Batch{435bb038 num=6 start=10833649 end=10833649}
V/AlarmManager( 1797): isAlarmNeedAlign : charging
V/AlarmManager( 1797): isAlarmNeedAlign : charging
V/AlarmManager( 1797): Adding Alarm{443f1b30 type 1 com.nearme.statistics.rom} to Batch{4549ef28 num=2 start=11121243 end=12471243}
V/AlarmManager( 1797):     => now Batch{4549ef28 num=2 start=11384938 end=12471243}
V/AlarmManager( 1797): Adding Alarm{430deb08 type 1 com.nearme.feedback} to Batch{4549ef28 num=3 start=11384938 end=12471243}
V/AlarmManager( 1797):     => now Batch{4549ef28 num=3 start=11384943 end=11384943}
V/AlarmManager( 1797): isAlarmNeedAlign : charging
V/AlarmManager( 1797): Adding Alarm{4354e560 type 1 com.nearme.statistics.rom} to Batch{4354e4d8 num=2 start=12231127 end=12231127}
V/AlarmManager( 1797):     => now Batch{4354e4d8 num=2 start=12231127 end=12231127}
V/AlarmManager( 1797): isAlarmNeedAlign : charging
V/AlarmManager( 1797): Adding Alarm{439f9930 type 1 com.nearme.feedback} to Batch{439f98a8 num=2 start=12262479 end=14162176}
V/AlarmManager( 1797):     => now Batch{439f98a8 num=2 start=12262480 end=12262480}
V/AlarmManager( 1797): isAlarmNeedAlign : charging
V/AlarmManager( 1797): isAlarmNeedAlign : charging
V/AlarmManager( 1797): Adding Alarm{431ca800 type 2 com.eg.android.AlipayGphone} to Batch{431ca778 num=2 start=14489992 end=19889992}
V/AlarmManager( 1797):     => now Batch{431ca778 num=2 start=15296625 end=19889992}
V/AlarmManager( 1797): isAlarmNeedAlign : charging
V/AlarmManager( 1797): Adding Alarm{43520ef0 type 1 com.nearme.statistics.rom} to Batch{431ca778 num=3 start=15296625 end=19889992}
V/AlarmManager( 1797):     => now Batch{431ca778 num=3 start=15296625 end=15482651}
V/AlarmManager( 1797): isAlarmNeedAlign : charging
V/AlarmManager( 1797): Adding Alarm{43937e78 type 0 com.nearme.gamecenter} to Batch{431ca778 num=4 start=15296625 end=15482651}
D/wpa_supplicant( 4131): nl80211: survey data missing!
D/wpa_supplicant( 4131): signal poll, reply_len=48
D/wpa_ctrl( 1797): reply_len=4095
D/WifiHW  ( 1797): leave --> reply=RSSI=-39
D/WifiHW  ( 1797): LINKSPEED=65
D/WifiHW  ( 1797): NOISE=9999
D/WifiHW  ( 1797): FREQUENCY=2412
D/WifiHW  ( 1797): 
D/wifi    ( 1797): doStringCommand, buf IFNAME=wlan0 SIGNAL_POLL
I/WifiStateMachine( 1797): fetchRssiAndLinkSpeedNative, newRssi:-39, newLinkSpeed:65, SSID:"60_dev_01"
D/WifiStateMachine( 1797): mRssiArray[0] = -40
D/WifiStateMachine( 1797): mRssiArray[1] = -40
D/WifiStateMachine( 1797): mRssiArray[2] = -42
D/WifiStateMachine( 1797): mRssiArray[3] = -42
D/WifiStateMachine( 1797): mRssiArray[4] = -40
D/WifiStateMachine( 1797): GetFilterRssi is : -39
D/WifiStateMachine( 1797): mLastSignalLevel:4, newSignalLevel:4
D/WifiStateMachine( 1797): fetchRssiAndLinkSpeedNative, ipAddr:2013270188
V/AlarmManager( 1797):     => now Batch{431ca778 num=4 start=15296625 end=15482651}
V/AlarmManager( 1797): isAlarmNeedAlign : charging
V/AlarmManager( 1797): Adding Alarm{430400a8 type 0 com.oppo.market} to Batch{431ca778 num=5 start=15296625 end=15482651}
V/AlarmManager( 1797):     => now Batch{431ca778 num=5 start=15296625 end=15482651}
V/AlarmManager( 1797): isAlarmNeedAlign : charging
V/AlarmManager( 1797): Adding Alarm{430fe790 type 0 com.eg.android.AlipayGphone} to Batch{431ca778 num=6 start=15296625 end=15482651}
V/AlarmManager( 1797):     => now Batch{431ca778 num=6 start=15296625 end=15482651}
V/AlarmManager( 1797): isAlarmNeedAlign : charging
V/AlarmManager( 1797): Adding Alarm{431ddd28 type 1 com.oppo.weather} to Batch{431ddca0 num=2 start=16073749 end=20831896}
V/AlarmManager( 1797):     => now Batch{431ddca0 num=2 start=16507336 end=16507336}
V/AlarmManager( 1797): isAlarmNeedAlign : charging
V/AlarmManager( 1797): Adding Alarm{4393a450 type 1 com.nearme.feedback} to Batch{4393a3e0 num=2 start=18919931 end=25812714}
V/AlarmManager( 1797):     => now Batch{4393a3e0 num=2 start=21635733 end=21635733}
V/AlarmManager( 1797): isAlarmNeedAlign : charging
V/AlarmManager( 1797): isAlarmNeedAlign : charging
V/AlarmManager( 1797): Adding Alarm{43a05718 type 0 com.color.safecenter} to Batch{43a05690 num=2 start=28823743 end=50423743}
V/AlarmManager( 1797):     => now Batch{43a05690 num=2 start=28823743 end=50423743}
V/AlarmManager( 1797): isAlarmNeedAlign : charging
V/AlarmManager( 1797): Adding Alarm{431f3840 type 0 com.android.browser} to Batch{43a05690 num=3 start=28823743 end=50423743}
V/AlarmManager( 1797):     => now Batch{43a05690 num=3 start=28868432 end=43222591}
V/AlarmManager( 1797): isAlarmNeedAlign : charging
V/AlarmManager( 1797): Adding Alarm{43338ca0 type 1 com.sohu.inputmethod.sogouoem} to Batch{43a05690 num=4 start=28868432 end=43222591}
V/AlarmManager( 1797):     => now Batch{43a05690 num=4 start=31826126 end=43222591}
V/AlarmManager( 1797): isAlarmNeedAlign : charging
V/AlarmManager( 1797): Adding Alarm{434b0c78 type 1 com.oppo.launcher} to Batch{43a05690 num=5 start=31826126 end=43222591}
V/AlarmManager( 1797):     => now Batch{43a05690 num=5 start=31826126 end=43222591}
V/AlarmManager( 1797): Adding Alarm{439f8968 type 0 com.oppo.wallpaper} to Batch{43a05690 num=6 start=31826126 end=43222591}
V/AlarmManager( 1797):     => now Batch{43a05690 num=6 start=31826126 end=31826126}
V/AlarmManager( 1797): isAlarmNeedAlign : charging
V/AlarmManager( 1797): Adding Alarm{439c1a40 type 0 com.oupeng.max.sdk} to Batch{43a05690 num=7 start=31826126 end=31826126}
V/AlarmManager( 1797):     => now Batch{43a05690 num=7 start=31826126 end=31826126}
V/AlarmManager( 1797): isAlarmNeedAlign : charging
V/AlarmManager( 1797): isAlarmNeedAlign : charging
V/AlarmManager( 1797): Adding Alarm{43cf04d8 type 0 com.coloros.oppomorningsystem} to Batch{43bcc390 num=2 start=56976011 end=92410853}
V/AlarmManager( 1797):     => now Batch{43bcc390 num=2 start=56976011 end=92410853}
V/AlarmManager( 1797): isAlarmNeedAlign : charging
V/AlarmManager( 1797): Adding Alarm{4439a868 type 0 com.oupeng.max.sdk} to Batch{43bcc390 num=3 start=56976011 end=92410853}
V/AlarmManager( 1797):     => now Batch{43bcc390 num=3 start=56976011 end=92410853}
V/AlarmManager( 1797): isAlarmNeedAlign : charging
V/AlarmManager( 1797): Adding Alarm{42a900a0 type 0 com.oppo.filemanager} to Batch{43bcc390 num=4 start=56976011 end=92410853}
V/AlarmManager( 1797):     => now Batch{43bcc390 num=4 start=75026126 end=92410853}
V/AlarmManager( 1797): Adding Alarm{430d0cf0 type 0 com.android.providers.calendar} to Batch{43bcc390 num=5 start=75026126 end=92410853}
V/AlarmManager( 1797):     => now Batch{43bcc390 num=5 start=79463047 end=79463047}
V/AlarmManager( 1797): isAlarmNeedAlign : charging
V/AlarmManager( 1797): isAlarmNeedAlign : charging
V/AlarmManager( 1797): Adding Alarm{43516668 type 2 com.nearme.statistics.rom} to Batch{434f8840 num=2 start=86429071 end=151229071}
V/AlarmManager( 1797):     => now Batch{434f8840 num=2 start=86489998 end=151229071}
V/AlarmManager( 1797): isAlarmNeedAlign : charging
V/AlarmManager( 1797): Adding Alarm{43991540 type 0 com.android.email} to Batch{434f8840 num=3 start=86489998 end=151229071}
V/AlarmManager( 1797):     => now Batch{434f8840 num=3 start=86489998 end=150554741}
V/AlarmManager( 1797): isAlarmNeedAlign : charging
V/AlarmManager( 1797): Adding Alarm{4499a568 type 0 com.android.email} to Batch{434f8840 num=4 start=86489998 end=150554741}
V/AlarmManager( 1797):     => now Batch{434f8840 num=4 start=86489998 end=150554741}
V/AlarmManager( 1797): isAlarmNeedAlign : charging
V/AlarmManager( 1797): Adding Alarm{42da0838 type 1 com.sohu.inputmethod.sogouoem} to Batch{434f8840 num=5 start=86489998 end=150554741}
V/AlarmManager( 1797):     => now Batch{434f8840 num=5 start=86489998 end=150554741}
V/AlarmManager( 1797): isAlarmNeedAlign : charging
V/AlarmManager( 1797): Adding Alarm{43025948 type 1 com.oppo.yellowpage} to Batch{434f8840 num=6 start=86489998 end=150554741}
V/AlarmManager( 1797):     => now Batch{434f8840 num=6 start=87339607 end=145547146}
V/AlarmManager( 1797): isAlarmNeedAlign : charging
V/AlarmManager( 1797): Adding Alarm{43081780 type 1 com.oppo.yellowpage} to Batch{434f8840 num=7 start=87339607 end=145547146}
V/AlarmManager( 1797):     => now Batch{434f8840 num=7 start=90049472 end=145547146}
V/AlarmManager( 1797): isAlarmNeedAlign : charging
V/AlarmManager( 1797): Adding Alarm{4327b010 type 1 com.nearme.statistics.rom} to Batch{434f8840 num=8 start=90049472 end=145547146}
V/AlarmManager( 1797):     => now Batch{434f8840 num=8 start=93049571 end=145547146}
V/AlarmManager( 1797): Adding Alarm{432aed30 type 1 com.nearme.feedback} to Batch{434f8840 num=9 start=93049571 end=145547146}
V/AlarmManager( 1797):     => now Batch{434f8840 num=9 start=93049634 end=93049634}
V/AlarmManager( 1797): isAlarmNeedAlign : charging
V/AlarmManager( 1797): isAlarmNeedAlign : charging
V/AlarmManager( 1797): Adding Alarm{43324bf0 type 1 com.oppo.yellowpage} to Batch{43324b68 num=2 start=93961289 end=157135089}
V/AlarmManager( 1797):     => now Batch{43324b68 num=2 start=94950335 end=157135089}
V/AlarmManager( 1797): isAlarmNeedAlign : charging
V/AlarmManager( 1797): Adding Alarm{43c6f848 type 1 com.oppo.yellowpage} to Batch{43324b68 num=3 start=94950335 end=157135089}
V/AlarmManager( 1797):     => now Batch{43324b68 num=3 start=95663500 end=157135089}
V/AlarmManager( 1797): isAlarmNeedAlign : charging
V/AlarmManager( 1797): isAlarmNeedAlign : charging
V/AlarmManager( 1797): Adding Alarm{43cb8f48 type 1 com.sohu.inputmethod.sogouoem} to Batch{43cb8ec0 num=2 start=169356073 end=289075961}
V/AlarmManager( 1797):     => now Batch{43cb8ec0 num=2 start=169356073 end=289075961}
V/AlarmManager( 1797): isAlarmNeedAlign : charging
V/AlarmManager( 1797): Adding Alarm{43e19ce8 type 1 com.sohu.inputmethod.sogouoem} to Batch{43cb8ec0 num=3 start=169356073 end=289075961}
V/AlarmManager( 1797):     => now Batch{43cb8ec0 num=3 start=259263022 end=289075961}
V/AlarmManager( 1797): isAlarmNeedAlign : charging
V/AlarmManager( 1797): isAlarmNeedAlign : charging
V/AlarmManager( 1797): isAlarmNeedAlign : charging
V/AlarmManager( 1797): isAlarmNeedAlign : charging
V/AlarmManager( 1797): Adding Alarm{42feb410 type 0 com.oppo.market} to Batch{42f3e4c0 num=2 start=2597268360 end=4537922463}
V/AlarmManager( 1797):     => now Batch{42f3e4c0 num=2 start=2597291318 end=4537922463}
V/AlarmManager( 1797): isAlarmNeedAlign : charging
V/AlarmManager( 1797): isAlarmNeedAlign : charging
V/AlarmManager( 1797): isAlarmNeedAlign : charging
V/AlarmManager( 1797): set(PendingIntent{42fec678: PendingIntentRecord{4331d6a8 com.tencent.mm broadcastIntent}}) : type=2 triggerAtTime=10309557 win=-1 tElapsed=10309557 maxElapsed=10744556 interval=0 standalone=false
V/AlarmManager( 1797): Adding Alarm{43582fe8 type 2 com.tencent.mm} to Batch{431aa018 num=2 start=10453822 end=10453822}
V/AlarmManager( 1797):     => now Batch{431aa018 num=2 start=10453822 end=10453822}
V/AlarmManager( 1797): Checking for alarms... rtc=1514368303433, elapsed=9729560
V/AlarmManager( 1797): isAlarmNeedAlign : charging
V/AlarmManager( 1797): Adding Alarm{439f60f8 type 3 com.tencent.mm} to Batch{43d3ca78 num=4 start=9938040 end=9957944}
V/AlarmManager( 1797):     => now Batch{43d3ca78 num=4 start=9938559 end=9957944}
V/AlarmManager( 1797): sending alarm Alarm{43b89960 type 3 com.tencent.mm}
V/ActivityManager( 1797): Broadcast: Intent { act=com.tencent.mm.TrafficStatsReceiver flg=0x94 (has extras) } ordered=true userid=0 callerApp=null
V/AlarmManager( 1797): sending alarm Alarm{43c12c08 type 2 com.tencent.mm}
V/AlarmManager( 1797): wakeup alarm = Alarm{43c12c08 type 2 com.tencent.mm}
V/ActivityManager( 1797): Broadcast: Intent { act=ALARM_ACTION(7446) flg=0x94 (has extras) } ordered=true userid=0 callerApp=null
D/ActivityThread( 7446): BDC-Calling onReceive: intent=Intent { act=com.tencent.mm.TrafficStatsReceiver flg=0x94 (has extras) }, ordered=true, receiver=com.tencent.mm.booter.TrafficStatsReceiver@429a6a90, IIntentReceiver=429a6bf0
V/AlarmManager( 1797): remove(operation) changed bounds; rebatching
V/AlarmManager( 1797): isAlarmNeedAlign : charging
V/AlarmManager( 1797): isAlarmNeedAlign : charging
V/AlarmManager( 1797): Adding Alarm{430991b8 type 0 com.eg.android.AlipayGphone} to Batch{43099130 num=2 start=9938559 end=10163559}
V/AlarmManager( 1797):     => now Batch{43099130 num=2 start=9938559 end=9957900}
V/AlarmManager( 1797): isAlarmNeedAlign : charging
V/AlarmManager( 1797): Adding Alarm{432d0ca0 type 0 com.kingroot.kinguser} to Batch{43099130 num=3 start=9938559 end=9957900}
V/AlarmManager( 1797):     => now Batch{43099130 num=3 start=9938559 end=9957900}
V/AlarmManager( 1797): isAlarmNeedAlign : charging
V/AlarmManager( 1797): Adding Alarm{434ef2d8 type 0 com.tencent.mm} to Batch{43099130 num=4 start=9938559 end=9957900}
V/AlarmManager( 1797):     => now Batch{43099130 num=4 start=9938559 end=9957900}
V/AlarmManager( 1797): isAlarmNeedAlign : charging
V/AlarmManager( 1797): isAlarmNeedAlign : charging
V/AlarmManager( 1797): Adding Alarm{43571448 type 1 com.nearme.feedback} to Batch{4354d4e8 num=2 start=10309557 end=10744520}
V/AlarmManager( 1797):     => now Batch{4354d4e8 num=2 start=10453823 end=10453823}
V/AlarmManager( 1797): isAlarmNeedAlign : charging
V/AlarmManager( 1797): Adding Alarm{43cd1718 type 1 com.nearme.feedback} to Batch{43cd1690 num=2 start=10453828 end=10996993}
V/AlarmManager( 1797):     => now Batch{43cd1690 num=2 start=10560257 end=10560257}
V/AlarmManager( 1797): isAlarmNeedAlign : charging
V/AlarmManager( 1797): Adding Alarm{43cd6d68 type 1 com.nearme.statistics.rom} to Batch{43d16160 num=2 start=10583336 end=10583336}
V/AlarmManager( 1797):     => now Batch{43d16160 num=2 start=10583336 end=10583336}
V/AlarmManager( 1797): isAlarmNeedAlign : charging
V/AlarmManager( 1797): isAlarmNeedAlign : charging
V/AlarmManager( 1797): Adding Alarm{430d6920 type 3 com.kingroot.kinguser} to Batch{430d6898 num=2 start=10819893 end=12169893}
V/AlarmManager( 1797):     => now Batch{430d6898 num=2 start=10821316 end=12169893}
V/AlarmManager( 1797): isAlarmNeedAlign : charging
V/AlarmManager( 1797): Adding Alarm{430d9768 type 0 com.fw.upgrade} to Batch{430d6898 num=3 start=10821316 end=12169893}
V/AlarmManager( 1797):     => now Batch{430d6898 num=3 start=10829240 end=11653964}
V/AlarmManager( 1797): isAlarmNeedAlign : charging
V/AlarmManager( 1797): Adding Alarm{4392e350 type 0 com.kingroot.kinguser} to Batch{430d6898 num=4 start=10829240 end=11653964}
V/AlarmManager( 1797):     => now Batch{430d6898 num=4 start=10832567 end=11653964}
V/AlarmManager( 1797): isAlarmNeedAlign : charging
V/AlarmManager( 1797): Adding Alarm{43b9b4b8 type 0 com.kingroot.master} to Batch{430d6898 num=5 start=10832567 end=11653964}
V/AlarmManager( 1797):     => now Batch{430d6898 num=5 start=10832591 end=11653964}
V/AlarmManager( 1797): Adding Alarm{42f63c18 type 0 android} to Batch{430d6898 num=6 start=10832591 end=11653964}
V/AlarmManager( 1797):     => now Batch{430d6898 num=6 start=10833649 end=10833649}
V/AlarmManager( 1797): isAlarmNeedAlign : charging
V/AlarmManager( 1797): isAlarmNeedAlign : charging
V/AlarmManager( 1797): Adding Alarm{430a68d0 type 1 com.nearme.statistics.rom} to Batch{430a6848 num=2 start=11121243 end=12471243}
V/AlarmManager( 1797):     => now Batch{430a6848 num=2 start=11384938 end=12471243}
V/AlarmManager( 1797): Adding Alarm{431d26c8 type 1 com.nearme.feedback} to Batch{430a6848 num=3 start=11384938 end=12471243}
V/AlarmManager( 1797):     => now Batch{430a6848 num=3 start=11384944 end=11384944}
V/AlarmManager( 1797): isAlarmNeedAlign : charging
V/AlarmManager( 1797): Adding Alarm{4329a690 type 1 com.nearme.statistics.rom} to Batch{4329a608 num=2 start=12231127 end=12231127}
V/AlarmManager( 1797):     => now Batch{4329a608 num=2 start=12231127 end=12231127}
V/AlarmManager( 1797): isAlarmNeedAlign : charging
V/AlarmManager( 1797): Adding Alarm{454d9d80 type 1 com.nearme.feedback} to Batch{43e507e0 num=2 start=12262479 end=14162132}
V/AlarmManager( 1797):     => now Batch{43e507e0 num=2 start=12262480 end=12262480}
V/AlarmManager( 1797): isAlarmNeedAlign : charging
V/AlarmManager( 1797): isAlarmNeedAlign : charging
V/AlarmManager( 1797): Adding Alarm{431fd430 type 2 com.eg.android.AlipayGphone} to Batch{431fd3a8 num=2 start=14489992 end=19889992}
V/AlarmManager( 1797):     => now Batch{431fd3a8 num=2 start=15296625 end=19889992}
V/AlarmManager( 1797): isAlarmNeedAlign : charging
V/AlarmManager( 1797): Adding Alarm{43319950 type 1 com.nearme.statistics.rom} to Batch{431fd3a8 num=3 start=15296625 end=19889992}
V/AlarmManager( 1797):     => now Batch{431fd3a8 num=3 start=15296625 end=15482608}
V/AlarmManager( 1797): isAlarmNeedAlign : charging
V/AlarmManager( 1797): Adding Alarm{43935e48 type 0 com.nearme.gamecenter} to Batch{431fd3a8 num=4 start=15296625 end=15482608}
V/AlarmManager( 1797):     => now Batch{431fd3a8 num=4 start=15296625 end=15482608}
V/AlarmManager( 1797): isAlarmNeedAlign : charging
V/AlarmManager( 1797): Adding Alarm{43b33a80 type 0 com.oppo.market} to Batch{431fd3a8 num=5 start=15296625 end=15482608}
V/AlarmManager( 1797):     => now Batch{431fd3a8 num=5 start=15296625 end=15482608}
