D/ActivityThread( 9545): hoder:android.app.IActivityManager$ContentProviderHolder@426d4250,provider,holder.Provider:android.content.ContentProviderProxy@426d4890
V/ActivityManager( 1742): ensureActivitiesVisibleLocked: consider front
V/ActivityManager( 1742): ensureActivitiesVisibleLocked: consider back
D/ActivityThread( 9545): BIND_APPLICATION handled : 0 / AppBindData{appInfo=ApplicationInfo{426d14c8 com.mediatek.mtklogger}}
D/ActivityThread( 9545): BDC-Calling onReceive: intent=Intent { act=android.net.conn.CONNECTIVITY_CHANGE flg=0x4000010 cmp=com.mediatek.mtklogger/.framework.LogReceiver (has extras) }, ordered=true, receiver=com.mediatek.mtklogger.framework.LogReceiver@426dc138
D/ActivityManager( 1742): getContentProviderImpl: from caller=android.app.ApplicationThreadProxy@431e58f0 (pid=9564, userId=0) to get content provider settings cpr=ContentProviderRecord{428af608 u0 com.android.providers.settings/.SettingsProvider}
D/ActivityManager( 1742): getContentProviderImpl: updateLruProcessLocked cpr.proc=ProcessRecord{42bd5650 1742:system/1000}
D/ActivityThread( 9564): hoder:android.app.IActivityManager$ContentProviderHolder@426d7870,provider,holder.Provider:android.content.ContentProviderProxy@426d7ff0
D/ActivityThread( 9545): BDC-RECEIVER handled : 0 / ReceiverData{intent=Intent { act=android.net.conn.CONNECTIVITY_CHANGE flg=0x4000010 cmp=com.mediatek.mtklogger/.framework.LogReceiver (has extras) } packageName=com.mediatek.mtklogger resultCode=0 resultData=null resultExtras=null}
W/OppoAutostartManager( 1742): *Do not want to launch app cn.wps.moffice_eng/10086 for broadcast Intent { act=android.net.conn.CONNECTIVITY_CHANGE flg=0x4000010 (has extras) } callUid:1000 callPid:1742
W/OppoAutostartManager( 1742): *Do not want to launch app cn.wps.moffice_eng/10086 for broadcast Intent { act=android.net.conn.CONNECTIVITY_CHANGE flg=0x4000010 (has extras) } callUid:1000 callPid:1742
D/ActivityThread( 4669): BDC-Calling onReceive: intent=Intent { act=android.net.conn.CONNECTIVITY_CHANGE flg=0x4000010 cmp=com.sixty.nidoneClient/com.xiaomi.push.service.receivers.NetworkStatusReceiver (has extras) }, ordered=true, receiver=com.xiaomi.push.service.receivers.NetworkStatusReceiver@42e56100
D/ActivityThread( 4669): BDC-RECEIVER handled : 0 / ReceiverData{intent=Intent { act=android.net.conn.CONNECTIVITY_CHANGE flg=0x4000010 cmp=com.sixty.nidoneClient/com.xiaomi.push.service.receivers.NetworkStatusReceiver (has extras) } packageName=com.sixty.nidoneClient resultCode=0 resultData=null resultExtras=null}
D/ConnectivityService( 1742): getActiveNetworkInfo:NetworkInfo: type: WIFI[], state: CONNECTED/CONNECTED, reason: (unspecified), extra: "60_dev_01", roaming: false, failover: false, isAvailable: true, isConnectedToProvisioningNetwork: false, simId: 0/10275
D/ActivityThread( 6062): BDC-Calling onReceive: intent=Intent { act=android.net.conn.CONNECTIVITY_CHANGE flg=0x4000010 cmp=com.android.providers.downloads/.DownloadReceiver (has extras) }, ordered=true, receiver=com.android.providers.downloads.DownloadReceiver@42b90ef8
D/ConnectivityService( 1742): getActiveNetworkInfo:NetworkInfo: type: WIFI[], state: CONNECTED/CONNECTED, reason: (unspecified), extra: "60_dev_01", roaming: false, failover: false, isAvailable: true, isConnectedToProvisioningNetwork: false, simId: 0/10005
D/ActivityThread( 6062): BDC-RECEIVER handled : 0 / ReceiverData{intent=Intent { act=android.net.conn.CONNECTIVITY_CHANGE flg=0x4000010 cmp=com.android.providers.downloads/.DownloadReceiver (has extras) } packageName=com.android.providers.downloads resultCode=0 resultData=null resultExtras=null}
D/ActivityThread( 6062): SVC-Creating service: CreateServiceData{token=android.os.BinderProxy@42b8eeb8 className=com.android.providers.downloads.DownloadService packageName=com.android.providers.downloads intent=null}
D/ActivityThread(15702): BDC-Calling onReceive: intent=Intent { act=android.net.conn.CONNECTIVITY_CHANGE flg=0x4000010 cmp=com.oppo.c2u/.receiver.SystemEventReceiver (has extras) }, ordered=true, receiver=com.oppo.c2u.receiver.SystemEventReceiver@42704698
D/ActivityThread(15702): BDC-RECEIVER handled : 0 / ReceiverData{intent=Intent { act=android.net.conn.CONNECTIVITY_CHANGE flg=0x4000010 cmp=com.oppo.c2u/.receiver.SystemEventReceiver (has extras) } packageName=com.oppo.c2u resultCode=0 resultData=null resultExtras=null}
D/ActivityThread( 6062): SVC-CREATE_SERVICE handled : 0 / CreateServiceData{token=android.os.BinderProxy@42b8eeb8 className=com.android.providers.downloads.DownloadService packageName=com.android.providers.downloads intent=null}
D/ActivityThread( 6062): SVC-SERVICE_ARGS handled : 0 / ServiceArgsData{token=android.os.BinderProxy@42b8eeb8 startId=1 args=Intent { cmp=com.android.providers.downloads/.DownloadService }}
D/ActivityThread( 6062): BDC-Calling onReceive: intent=Intent { act=android.net.conn.CONNECTIVITY_CHANGE flg=0x4000010 cmp=com.mediatek.providers.drm/.ConnectionChangeReceiver (has extras) }, ordered=true, receiver=com.mediatek.providers.drm.ConnectionChangeReceiver@42b86a68
D/ActivityThread( 9564): installProvider: context.getPackageName()=com.kingroot.master
D/ActivityManager( 1742): publishContentProviders: from caller=android.app.ApplicationThreadProxy@43518cd0 (pid=9564)
V/ActivityManager( 1742): Broadcast: Intent { act=com.kingroot.master.action.NOTIFY_STATISTIC flg=0x10 pkg=com.kingroot.master (has extras) } ordered=false userid=0 callerApp=ProcessRecord{4389eee0 9564:com.kingroot.master:task/u0a98}
D/ActivityThread( 6062): BDC-RECEIVER handled : 0 / ReceiverData{intent=Intent { act=android.net.conn.CONNECTIVITY_CHANGE flg=0x4000010 cmp=com.mediatek.providers.drm/.ConnectionChangeReceiver (has extras) } packageName=com.mediatek.providers.drm resultCode=0 resultData=null resultExtras=null}
D/ActivityThread( 6062): SVC-Destroying service: com.android.providers.downloads.DownloadService@4311b518
D/ActivityThread( 6062): SVC-STOP_SERVICE handled : 0 / android.os.BinderProxy@42b8eeb8
D/ActivityThread( 4549): BDC-Calling onReceive: intent=Intent { act=android.net.conn.CONNECTIVITY_CHANGE flg=0x4000010 cmp=com.android.email/com.kingsoft.email.service.ImapPushService$NetworkStatusBroadcastReceiver (has extras) }, ordered=true, receiver=com.kingsoft.email.service.ImapPushService$NetworkStatusBroadcastReceiver@42f0c938
D/ActivityThread( 4549): BDC-RECEIVER handled : 0 / ReceiverData{intent=Intent { act=android.net.conn.CONNECTIVITY_CHANGE flg=0x4000010 cmp=com.android.email/com.kingsoft.email.service.ImapPushService$NetworkStatusBroadcastReceiver (has extras) } packageName=com.android.email resultCode=0 resultData=null resultExtras=null}
D/ActivityThread( 4549): SVC-Creating service: CreateServiceData{token=android.os.BinderProxy@42f0e088 className=com.kingsoft.email.service.ImapPushService packageName=com.android.email intent=null}
D/ActivityThread( 4549): SVC-CREATE_SERVICE handled : 0 / CreateServiceData{token=android.os.BinderProxy@42f0e088 className=com.kingsoft.email.service.ImapPushService packageName=com.android.email intent=null}
D/ActivityThread( 4549): SVC-SERVICE_ARGS handled : 0 / ServiceArgsData{token=android.os.BinderProxy@42f0e088 startId=1 args=Intent { act=com.kingsoft.email.ACTION_IMAPPUSH_START flg=0x20 cmp=com.android.email/com.kingsoft.email.service.ImapPushService (has extras) }}
D/ConnectivityService( 1742): getActiveNetworkInfo:NetworkInfo: type: WIFI[], state: CONNECTED/CONNECTED, reason: (unspecified), extra: "60_dev_01", roaming: false, failover: false, isAvailable: true, isConnectedToProvisioningNetwork: false, simId: 0/10098
D/WifiService( 1742): getWifiServiceMessenger, pid:9564, uid:10098
D/WifiService( 1742): New client listening to asynchronous messages
I/ActivityManager( 1742): Start proc com.fw.upgrade for broadcast com.fw.upgrade/.GoogleOtaReceiver: pid=9591 uid=10034 gids={50034, 3003, 1028, 1015, 1023}
D/ActivityManager( 1742):  (1) delay start com.fw.upgrade startResult.usingWrapper false
D/OppoUsageService( 1742): writeHistoryRecord[AppUsage], saveRes = 1
D/ActivityThread( 4549): SVC-Destroying service: com.kingsoft.email.service.ImapPushService@42f0f7e8
D/ActivityThread( 4549): SVC-STOP_SERVICE handled : 0 / android.os.BinderProxy@42f0e088
V/ActivityManager( 1742): ensureActivitiesVisibleLocked: consider front
V/ActivityManager( 1742): ensureActivitiesVisibleLocked: consider back
V/AlarmManager( 1742): isAlarmNeedAlign : charging
V/AlarmManager( 1742): isAlarmNeedAlign : charging
V/AlarmManager( 1742): isAlarmNeedAlign : charging
V/AlarmManager( 1742): isAlarmNeedAlign : charging
V/AlarmManager( 1742): isAlarmNeedAlign : charging
V/AlarmManager( 1742): isAlarmNeedAlign : charging
V/AlarmManager( 1742): isAlarmNeedAlign : charging
V/AlarmManager( 1742): isAlarmNeedAlign : charging
V/AlarmManager( 1742): isAlarmNeedAlign : charging
V/AlarmManager( 1742): isAlarmNeedAlign : charging
V/AlarmManager( 1742): isAlarmNeedAlign : charging
V/AlarmManager( 1742): isAlarmNeedAlign : charging
V/AlarmManager( 1742): isAlarmNeedAlign : charging
V/AlarmManager( 1742): isAlarmNeedAlign : charging
V/AlarmManager( 1742): isAlarmNeedAlign : charging
V/AlarmManager( 1742): isAlarmNeedAlign : charging
V/AlarmManager( 1742): isAlarmNeedAlign : charging
V/AlarmManager( 1742): isAlarmNeedAlign : charging
V/AlarmManager( 1742): isAlarmNeedAlign : charging
D/ActivityManager( 1742): getContentProviderImpl: from caller=android.app.ApplicationThreadProxy@43a16ef8 (pid=9591, userId=0) to get content provider settings cpr=ContentProviderRecord{428af608 u0 com.android.providers.settings/.SettingsProvider}
D/ActivityManager( 1742): getContentProviderImpl: updateLruProcessLocked cpr.proc=ProcessRecord{42bd5650 1742:system/1000}
V/AlarmManager( 1742): isAlarmNeedAlign : charging
V/AlarmManager( 1742): isAlarmNeedAlign : charging
D/ActivityThread( 9591): hoder:android.app.IActivityManager$ContentProviderHolder@426d7fd0,provider,holder.Provider:android.content.ContentProviderProxy@426d8750
V/AlarmManager( 1742): isAlarmNeedAlign : charging
V/AlarmManager( 1742): isAlarmNeedAlign : charging
V/AlarmManager( 1742): isAlarmNeedAlign : charging
V/AlarmManager( 1742): isAlarmNeedAlign : charging
V/AlarmManager( 1742): isAlarmNeedAlign : charging
V/AlarmManager( 1742): isAlarmNeedAlign : charging
V/AlarmManager( 1742): isAlarmNeedAlign : charging
V/AlarmManager( 1742): isAlarmNeedAlign : charging
V/AlarmManager( 1742): isAlarmNeedAlign : charging
V/AlarmManager( 1742): isAlarmNeedAlign : charging
V/AlarmManager( 1742): isAlarmNeedAlign : charging
V/AlarmManager( 1742): isAlarmNeedAlign : charging
V/AlarmManager( 1742): isAlarmNeedAlign : charging
V/AlarmManager( 1742): isAlarmNeedAlign : charging
V/AlarmManager( 1742): isAlarmNeedAlign : charging
V/AlarmManager( 1742): isAlarmNeedAlign : charging
D/ActivityThread( 9591): BIND_APPLICATION handled : 0 / AppBindData{appInfo=ApplicationInfo{426d36c0 com.fw.upgrade}}
D/ActivityThread( 9591): BDC-Calling onReceive: intent=Intent { act=android.net.conn.CONNECTIVITY_CHANGE flg=0x4000010 cmp=com.fw.upgrade/.GoogleOtaReceiver (has extras) }, ordered=true, receiver=com.fw.upgrade.GoogleOtaReceiver@426dd958
D/ActivityThread( 9591): BDC-RECEIVER handled : 0 / ReceiverData{intent=Intent { act=android.net.conn.CONNECTIVITY_CHANGE flg=0x4000010 cmp=com.fw.upgrade/.GoogleOtaReceiver (has extras) } packageName=com.fw.upgrade resultCode=0 resultData=null resultExtras=null}
D/ActivityThread( 4726): BDC-Calling onReceive: intent=Intent { act=android.net.conn.CONNECTIVITY_CHANGE flg=0x4000010 cmp=com.nearme.statistics.rom/.receiver.Receiver (has extras) }, ordered=true, receiver=com.nearme.statistics.rom.receiver.Receiver@42c4ec90
D/ConnectivityService( 1742): getActiveNetworkInfo:NetworkInfo: type: WIFI[], state: CONNECTED/CONNECTED, reason: (unspecified), extra: "60_dev_01", roaming: false, failover: false, isAvailable: true, isConnectedToProvisioningNetwork: false, simId: 0/1000
D/ActivityThread( 4726): BDC-RECEIVER handled : 0 / ReceiverData{intent=Intent { act=android.net.conn.CONNECTIVITY_CHANGE flg=0x4000010 cmp=com.nearme.statistics.rom/.receiver.Receiver (has extras) } packageName=com.nearme.statistics.rom resultCode=0 resultData=null resultExtras=null}
D/ActivityThread( 6436): BDC-Calling onReceive: intent=Intent { act=android.net.conn.CONNECTIVITY_CHANGE flg=0x4000010 cmp=com.oppo.activation/.BootReceiver (has extras) }, ordered=true, receiver=com.oppo.activation.BootReceiver@42a1c510
D/ActivityThread( 9564): BIND_APPLICATION handled : 0 / AppBindData{appInfo=ApplicationInfo{426d2690 com.kingroot.master}}
D/ActivityThread( 5424): SVC-SERVICE_ARGS handled : 0 / ServiceArgsData{token=android.os.BinderProxy@42854038 startId=196 args=Intent { cmp=com.kingroot.master/com.kingroot.common.framework.service.KSysService (has extras) }}
D/ActivityThread( 6436): BDC-RECEIVER handled : 0 / ReceiverData{intent=Intent { act=android.net.conn.CONNECTIVITY_CHANGE flg=0x4000010 cmp=com.oppo.activation/.BootReceiver (has extras) } packageName=com.oppo.activation resultCode=0 resultData=null resultExtras=null}
D/ActivityManager( 1742): getContentProviderImpl: from caller=android.app.ApplicationThreadProxy@43a04de0 (pid=5424, userId=0) to get content provider com.nearme.romupdate.provider.db cpr=ContentProviderRecord{4299efc0 u0 com.nearme.romupdate/.provider.db.RomUpdateContentProvider}
D/ActivityThread( 9564): SVC-Creating service: CreateServiceData{token=android.os.BinderProxy@426d39a8 className=com.kingroot.common.framework.task.KTaskSysService packageName=com.kingroot.master intent=null}
D/ActivityManager( 1742): getContentProviderImpl: updateLruProcessLocked cpr.proc=ProcessRecord{428fe410 3947:com.nearme.romupdate/u0a80}
D/ActivityThread( 5424): hoder:android.app.IActivityManager$ContentProviderHolder@42d8c0b0,provider,holder.Provider:android.content.ContentProviderProxy@42d86ba0
D/ActivityThread( 5070): BDC-Calling onReceive: intent=Intent { act=android.net.conn.CONNECTIVITY_CHANGE flg=0x4000010 cmp=com.oppo.weather/.receiver.AutoUpdateWeatherReceiver (has extras) }, ordered=true, receiver=com.oppo.weather.receiver.AutoUpdateWeatherReceiver@429f1dc0
D/ConnectivityService( 1742): getActiveNetworkInfo:NetworkInfo: type: WIFI[], state: CONNECTED/CONNECTED, reason: (unspecified), extra: "60_dev_01", roaming: false, failover: false, isAvailable: true, isConnectedToProvisioningNetwork: false, simId: 0/10067
D/ActivityThread( 5070): BDC-RECEIVER handled : 0 / ReceiverData{intent=Intent { act=android.net.conn.CONNECTIVITY_CHANGE flg=0x4000010 cmp=com.oppo.weather/.receiver.AutoUpdateWeatherReceiver (has extras) } packageName=com.oppo.weather resultCode=0 resultData=null resultExtras=null}
D/ActivityThread( 9564): SVC-CREATE_SERVICE handled : 0 / CreateServiceData{token=android.os.BinderProxy@426d39a8 className=com.kingroot.common.framework.task.KTaskSysService packageName=com.kingroot.master intent=null}
D/ActivityThread( 5424): SVC-SERVICE_ARGS handled : 0 / ServiceArgsData{token=android.os.BinderProxy@42854038 startId=197 args=Intent { cmp=com.kingroot.master/com.kingroot.common.framework.service.KSysService (has extras) }}
D/ActivityThread( 5070): BDC-Calling onReceive: intent=Intent { act=android.net.conn.CONNECTIVITY_CHANGE flg=0x4000010 cmp=com.oppo.weather/.external.ExternalPhoneAutoUpdateRecevier (has extras) }, ordered=true, receiver=com.oppo.weather.external.ExternalPhoneAutoUpdateRecevier@429f4690
D/ActivityThread( 5070): BDC-RECEIVER handled : 0 / ReceiverData{intent=Intent { act=android.net.conn.CONNECTIVITY_CHANGE flg=0x4000010 cmp=com.oppo.weather/.external.ExternalPhoneAutoUpdateRecevier (has extras) } packageName=com.oppo.weather resultCode=0 resultData=null resultExtras=null}
D/ConnectivityService( 1742): getActiveNetworkInfo:NetworkInfo: type: WIFI[], state: CONNECTED/CONNECTED, reason: (unspecified), extra: "60_dev_01", roaming: false, failover: false, isAvailable: true, isConnectedToProvisioningNetwork: false, simId: 0/10062
D/ActivityThread( 6486): BDC-Calling onReceive: intent=Intent { act=android.net.conn.CONNECTIVITY_CHANGE flg=0x4000010 cmp=com.oppo.yellowpage/com.yulore.superyellowpage.receiver.NetworkReceiver (has extras) }, ordered=true, receiver=com.yulore.superyellowpage.receiver.NetworkReceiver@42a61590
D/ActivityThread( 6486): BDC-RECEIVER handled : 0 / ReceiverData{intent=Intent { act=android.net.conn.CONNECTIVITY_CHANGE flg=0x4000010 cmp=com.oppo.yellowpage/com.yulore.superyellowpage.receiver.NetworkReceiver (has extras) } packageName=com.oppo.yellowpage resultCode=0 resultData=null resultExtras=null}
D/ActivityThread( 5424): SVC-SERVICE_ARGS handled : 0 / ServiceArgsData{token=android.os.BinderProxy@42854038 startId=198 args=Intent { cmp=com.kingroot.master/com.kingroot.common.framework.service.KSysService (has extras) }}
D/ActivityThread( 7083): BDC-Calling onReceive: intent=Intent { act=android.net.conn.CONNECTIVITY_CHANGE flg=0x4000010 cmp=com.oppo.ota/.app.UpdateReceiver (has extras) }, ordered=true, receiver=com.oppo.ota.app.UpdateReceiver@429cefa8
V/ActivityManager( 1742): Broadcast: Intent { act=com.kingroot.master.action.NOTIFY_STATISTIC flg=0x10 pkg=com.kingroot.master (has extras) } ordered=false userid=0 callerApp=ProcessRecord{4389eee0 9564:com.kingroot.master:task/u0a98}
D/ConnectivityService( 1742): getActiveNetworkInfo:NetworkInfo: type: WIFI[], state: CONNECTED/CONNECTED, reason: (unspecified), extra: "60_dev_01", roaming: false, failover: false, isAvailable: true, isConnectedToProvisioningNetwork: false, simId: 0/10069
D/ConnectivityService( 1742): getActiveNetworkInfo:NetworkInfo: type: WIFI[], state: CONNECTED/CONNECTED, reason: (unspecified), extra: "60_dev_01", roaming: false, failover: false, isAvailable: true, isConnectedToProvisioningNetwork: false, simId: 0/10069
D/ActivityThread( 9564): SVC-SERVICE_ARGS handled : 0 / ServiceArgsData{token=android.os.BinderProxy@426d39a8 startId=1 args=Intent { cmp=com.kingroot.master/com.kingroot.common.framework.task.KTaskSysService (has extras) }}
D/ActivityThread( 5424): SVC-SERVICE_ARGS handled : 0 / ServiceArgsData{token=android.os.BinderProxy@42854038 startId=199 args=Intent { cmp=com.kingroot.master/com.kingroot.common.framework.service.KSysService (has extras) }}
D/ConnectivityService( 1742): getActiveNetworkInfo:NetworkInfo: type: WIFI[], state: CONNECTED/CONNECTED, reason: (unspecified), extra: "60_dev_01", roaming: false, failover: false, isAvailable: true, isConnectedToProvisioningNetwork: false, simId: 0/10069
I/ActivityManager( 1742): Process com.fw.upgrade (pid 9591) has died.
D/DisplayManagerService( 1742): Display listener for pid 9591 died.
W/ContextImpl( 1742): Calling a method in the system process without a qualified user: android.app.ContextImpl.sendBroadcast:1345 com.android.server.am.OppoExtraActivityManagerService.setKeyLockModeNormal:47 com.android.server.am.ActivityManagerService.appDiedLocked:4489 com.android.server.am.ActivityManagerService$AppDeathRecipient.binderDied:1118 android.os.BinderProxy.sendDeathNotice:496 
V/ActivityManager( 1742): Broadcast: Intent { act=com.oppo.intent.action.KEY_LOCK_MODE flg=0x10 (has extras) } ordered=false userid=0 callerApp=ProcessRecord{42bd5650 1742:system/1000}
D/ActivityManager( 1742): cleanUpApplicationRecordLocked app:ProcessRecord{43881748 9591:com.fw.upgrade/u0a34}, restarting:false, allowRestart:true, index:-1
D/ActivityManager( 1742): cleanUpApplicationRecordLocked from:com.android.server.am.ActivityManagerService.handleAppDiedLocked:4277 com.android.server.am.ActivityManagerService.appDiedLocked:4501 com.android.server.am.ActivityManagerService$AppDeathRecipient.binderDied:1118 android.os.BinderProxy.sendDeathNotice:496 
D/ConnectivityService( 1742): getActiveNetworkInfo:NetworkInfo: type: WIFI[], state: CONNECTED/CONNECTED, reason: (unspecified), extra: "60_dev_01", roaming: false, failover: false, isAvailable: true, isConnectedToProvisioningNetwork: false, simId: 0/10098
D/ConnectivityService( 1742): getActiveNetworkInfo:NetworkInfo: type: WIFI[], state: CONNECTED/CONNECTED, reason: (unspecified), extra: "60_dev_01", roaming: false, failover: false, isAvailable: true, isConnectedToProvisioningNetwork: false, simId: 0/10098
D/ActivityManager( 1742): getContentProviderImpl: from caller=android.app.ApplicationThreadProxy@431a0460 (pid=9564, userId=0) to get content provider com.kingroot.common.mpstorage cpr=ContentProviderRecord{435a5260 u0 com.kingroot.master/com.kingroot.common.filesystem.storage.MpStorageProvider}
D/ActivityThread( 5424): SVC-SERVICE_ARGS handled : 0 / ServiceArgsData{token=android.os.BinderProxy@42854038 startId=200 args=Intent { cmp=com.kingroot.master/com.kingroot.common.framework.service.KSysService (has extras) }}
D/ActivityThread( 9564): hoder:android.app.IActivityManager$ContentProviderHolder@427bc358,provider,holder.Provider:android.content.ContentProviderProxy@427bca98
D/ConnectivityService( 1742): getActiveNetworkInfo:NetworkInfo: type: WIFI[], state: CONNECTED/CONNECTED, reason: (unspecified), extra: "60_dev_01", roaming: false, failover: false, isAvailable: true, isConnectedToProvisioningNetwork: false, simId: 0/10098
D/ActivityThread( 5424): SVC-SERVICE_ARGS handled : 0 / ServiceArgsData{token=android.os.BinderProxy@42854038 startId=201 args=Intent { cmp=com.kingroot.master/com.kingroot.common.framework.service.KSysService (has extras) }}
V/ActivityManager( 1742): Broadcast: Intent { act=com.kingroot.master.action.NOTIFY_STATISTIC flg=0x10 pkg=com.kingroot.master (has extras) } ordered=false userid=0 callerApp=ProcessRecord{4389eee0 9564:com.kingroot.master:task/u0a98}
D/TelephonyRegistry( 1742): listen: E pkg=com.kingroot.master events=0x101 myUid=0 callerUid=0
I/TelephonyRegistry( 1742): listen: add new record={pkgForDebug=com.kingroot.master callerUid=0 events=0}
D/TelephonyRegistry( 1742): validateEventsAndUserLocked: valid=false r.callerUid=0 foregroundUser=0 r.events=257 events=16
D/TelephonyRegistry( 1742): validateEventsAndUserLocked: valid=false r.callerUid=0 foregroundUser=0 r.events=257 events=1024
V/ActivityManager( 1742): Broadcast: Intent { act=com.kingroot.master.action.NOTIFY_STATISTIC flg=0x10 pkg=com.kingroot.master (has extras) } ordered=false userid=0 callerApp=ProcessRecord{4389eee0 9564:com.kingroot.master:task/u0a98}
D/TelephonyRegistry( 1742): listen: E pkg=com.kingroot.master events=0x40 myUid=0 callerUid=0
I/TelephonyRegistry( 1742): listen: add new record={pkgForDebug=com.kingroot.master callerUid=0 events=0}
D/TelephonyRegistry( 1742): validateEventsAndUserLocked: valid=false r.callerUid=0 foregroundUser=0 r.events=64 events=16
D/TelephonyRegistry( 1742): validateEventsAndUserLocked: valid=false r.callerUid=0 foregroundUser=0 r.events=64 events=1024
D/ConnectivityService( 1742): getActiveNetworkInfo:NetworkInfo: type: WIFI[], state: CONNECTED/CONNECTED, reason: (unspecified), extra: "60_dev_01", roaming: false, failover: false, isAvailable: true, isConnectedToProvisioningNetwork: false, simId: 0/10098
D/ConnectivityService( 1742): getActiveNetworkInfo:NetworkInfo: type: WIFI[], state: CONNECTED/CONNECTED, reason: (unspecified), extra: "60_dev_01", roaming: false, failover: false, isAvailable: true, isConnectedToProvisioningNetwork: false, simId: 0/10098
D/ConnectivityService( 1742): getActiveNetworkInfo:NetworkInfo: type: WIFI[], state: CONNECTED/CONNECTED, reason: (unspecified), extra: "60_dev_01", roaming: false, failover: false, isAvailable: true, isConnectedToProvisioningNetwork: false, simId: 0/10098
D/ActivityManager( 1742): getContentProviderImpl: from caller=android.app.ApplicationThreadProxy@427c0f58 (pid=5424, userId=0) to get content provider com.nearme.romupdate.provider.db cpr=ContentProviderRecord{4299efc0 u0 com.nearme.romupdate/.provider.db.RomUpdateContentProvider}
D/ActivityManager( 1742): getContentProviderImpl: updateLruProcessLocked cpr.proc=ProcessRecord{428fe410 3947:com.nearme.romupdate/u0a80}
D/ActivityThread( 5424): hoder:android.app.IActivityManager$ContentProviderHolder@42816f48,provider,holder.Provider:android.content.ContentProviderProxy@42816fa8
D/ActivityThread( 7083): BDC-RECEIVER handled : 0 / ReceiverData{intent=Intent { act=android.net.conn.CONNECTIVITY_CHANGE flg=0x4000010 cmp=com.oppo.ota/.app.UpdateReceiver (has extras) } packageName=com.oppo.ota resultCode=0 resultData=null resultExtras=null}
D/ActivityThread( 4588): BDC-Calling onReceive: intent=Intent { act=android.net.conn.CONNECTIVITY_CHANGE flg=0x4000010 cmp=com.color.safecenter/com.color.virusdetect.UpdateVirusDataReceiver (has extras) }, ordered=true, receiver=com.color.virusdetect.UpdateVirusDataReceiver@42ee7308
D/ActivityThread( 7083): SVC-SERVICE_ARGS handled : 0 / ServiceArgsData{token=android.os.BinderProxy@42744d78 startId=16 args=Intent { cmp=com.oppo.ota/.app.DownloadService (has extras) }}
D/ActivityThread( 4588): BDC-RECEIVER handled : 0 / ReceiverData{intent=Intent { act=android.net.conn.CONNECTIVITY_CHANGE flg=0x4000010 cmp=com.color.safecenter/com.color.virusdetect.UpdateVirusDataReceiver (has extras) } packageName=com.color.safecenter resultCode=0 resultData=null resultExtras=null}
D/ActivityThread( 6637): BDC-Calling onReceive: intent=Intent { act=android.net.conn.CONNECTIVITY_CHANGE flg=0x4000010 cmp=com.android.browser/com.nearme.mcs.reciever.AlarmEventReceiver (has extras) }, ordered=true, receiver=com.nearme.mcs.reciever.AlarmEventReceiver@42c0e330
D/ActivityThread( 6637): BDC-RECEIVER handled : 0 / ReceiverData{intent=Intent { act=android.net.conn.CONNECTIVITY_CHANGE flg=0x4000010 cmp=com.android.browser/com.nearme.mcs.reciever.AlarmEventReceiver (has extras) } packageName=com.android.browser resultCode=0 resultData=null resultExtras=null}
I/ActivityManager( 1742): Start proc com.nearme.gamecenter:mcs for broadcast com.nearme.gamecenter/com.nearme.mcs.reciever.AlarmEventReceiver: pid=9647 uid=10040 gids={50040, 3003, 1028, 1015, 1023, 1007}
D/ActivityManager( 1742):  (1) delay start com.nearme.gamecenter:mcs startResult.usingWrapper false
D/OppoUsageService( 1742): writeHistoryRecord[AppUsage], saveRes = 1
V/ActivityManager( 1742): ensureActivitiesVisibleLocked: consider front
V/ActivityManager( 1742): ensureActivitiesVisibleLocked: consider back
D/ActivityManager( 1742): getContentProviderImpl: from caller=android.app.ApplicationThreadProxy@43052ec0 (pid=9647, userId=0) to get content provider settings cpr=ContentProviderRecord{428af608 u0 com.android.providers.settings/.SettingsProvider}
D/ActivityManager( 1742): getContentProviderImpl: updateLruProcessLocked cpr.proc=ProcessRecord{42bd5650 1742:system/1000}
D/ActivityThread( 9647): hoder:android.app.IActivityManager$ContentProviderHolder@426d92a8,provider,holder.Provider:android.content.ContentProviderProxy@426d9a28
D/ActivityThread( 9647): BIND_APPLICATION handled : 0 / AppBindData{appInfo=ApplicationInfo{426d4778 com.nearme.gamecenter}}
D/ActivityThread( 9647): BDC-Calling onReceive: intent=Intent { act=android.net.conn.CONNECTIVITY_CHANGE flg=0x4000010 cmp=com.nearme.gamecenter/com.nearme.mcs.reciever.AlarmEventReceiver (has extras) }, ordered=true, receiver=com.nearme.mcs.reciever.AlarmEventReceiver@42719cb0
D/ActivityThread( 9647): BDC-RECEIVER handled : 0 / ReceiverData{intent=Intent { act=android.net.conn.CONNECTIVITY_CHANGE flg=0x4000010 cmp=com.nearme.gamecenter/com.nearme.mcs.reciever.AlarmEventReceiver (has extras) } packageName=com.nearme.gamecenter resultCode=0 resultData=null resultExtras=null}
D/ActivityThread( 6314): BDC-Calling onReceive: intent=Intent { act=android.net.conn.CONNECTIVITY_CHANGE flg=0x4000010 cmp=com.nearme.sync/.receivers.ConnectivityBroadcastReceiver (has extras) }, ordered=true, receiver=com.nearme.sync.receivers.ConnectivityBroadcastReceiver@4276ae60
D/ConnectivityService( 1742): getActiveNetworkInfo:NetworkInfo: type: WIFI[], state: CONNECTED/CONNECTED, reason: (unspecified), extra: "60_dev_01", roaming: false, failover: false, isAvailable: true, isConnectedToProvisioningNetwork: false, simId: 0/10041
D/ActivityThread( 6314): BDC-RECEIVER handled : 0 / ReceiverData{intent=Intent { act=android.net.conn.CONNECTIVITY_CHANGE flg=0x4000010 cmp=com.nearme.sync/.receivers.ConnectivityBroadcastReceiver (has extras) } packageName=com.nearme.sync resultCode=0 resultData=null resultExtras=null}
D/DisplayManagerService( 1742): Display listener for pid 9647 died.
I/ActivityManager( 1742): Start proc com.nearme.themespace:mcs for broadcast com.nearme.themespace/com.nearme.mcs.reciever.AlarmEventReceiver: pid=9664 uid=10042 gids={50042, 3003, 1028, 1015, 1023, 3002, 3001}
D/ActivityManager( 1742):  (1) delay start com.nearme.themespace:mcs startResult.usingWrapper false
I/ActivityManager( 1742): Process com.nearme.gamecenter:mcs (pid 9647) has died.
D/OppoUsageService( 1742): writeHistoryRecord[AppUsage], saveRes = 1
W/ContextImpl( 1742): Calling a method in the system process without a qualified user: android.app.ContextImpl.sendBroadcast:1345 com.android.server.am.OppoExtraActivityManagerService.setKeyLockModeNormal:47 com.android.server.am.ActivityManagerService.appDiedLocked:4489 com.android.server.am.ActivityManagerService$AppDeathRecipient.binderDied:1118 android.os.BinderProxy.sendDeathNotice:496 
V/ActivityManager( 1742): Broadcast: Intent { act=com.oppo.intent.action.KEY_LOCK_MODE flg=0x10 (has extras) } ordered=false userid=0 callerApp=ProcessRecord{42bd5650 1742:system/1000}
D/ActivityManager( 1742): cleanUpApplicationRecordLocked app:ProcessRecord{42804720 9647:com.nearme.gamecenter:mcs/u0a40}, restarting:false, allowRestart:true, index:-1
D/ActivityManager( 1742): cleanUpApplicationRecordLocked from:com.android.server.am.ActivityManagerService.handleAppDiedLocked:4277 com.android.server.am.ActivityManagerService.appDiedLocked:4501 com.android.server.am.ActivityManagerService$AppDeathRecipient.binderDied:1118 android.os.BinderProxy.sendDeathNotice:496 
V/ActivityManager( 1742): ensureActivitiesVisibleLocked: consider front
V/ActivityManager( 1742): ensureActivitiesVisibleLocked: consider back
D/ActivityManager( 1742): getContentProviderImpl: from caller=android.app.ApplicationThreadProxy@42eaebd0 (pid=9664, userId=0) to get content provider settings cpr=ContentProviderRecord{428af608 u0 com.android.providers.settings/.SettingsProvider}
D/ActivityManager( 1742): getContentProviderImpl: updateLruProcessLocked cpr.proc=ProcessRecord{42bd5650 1742:system/1000}
D/ActivityThread( 9664): hoder:android.app.IActivityManager$ContentProviderHolder@426da3f8,provider,holder.Provider:android.content.ContentProviderProxy@426dab78
D/ActivityThread( 9664): BIND_APPLICATION handled : 0 / AppBindData{appInfo=ApplicationInfo{426d75f8 com.nearme.themespace}}
D/ActivityThread( 9664): BDC-Calling onReceive: intent=Intent { act=android.net.conn.CONNECTIVITY_CHANGE flg=0x4000010 cmp=com.nearme.themespace/com.nearme.mcs.reciever.AlarmEventReceiver (has extras) }, ordered=true, receiver=com.nearme.mcs.reciever.AlarmEventReceiver@42708940
D/TelephonyRegistry( 1742): listen: E pkg=com.nearme.themespace events=0x0 myUid=0 callerUid=0
D/ActivityThread( 9664): BDC-RECEIVER handled : 0 / ReceiverData{intent=Intent { act=android.net.conn.CONNECTIVITY_CHANGE flg=0x4000010 cmp=com.nearme.themespace/com.nearme.mcs.reciever.AlarmEventReceiver (has extras) } packageName=com.nearme.themespace resultCode=0 resultData=null resultExtras=null}
I/ActivityManager( 1742): Start proc com.oppo.market:mcs for broadcast com.oppo.market/com.nearme.mcs.reciever.AlarmEventReceiver: pid=9683 uid=10040 gids={50040, 3003, 1028, 1015, 1023, 1007}
D/ActivityManager( 1742):  (1) delay start com.oppo.market:mcs startResult.usingWrapper false
D/OppoUsageService( 1742): writeHistoryRecord[AppUsage], saveRes = 1
V/ActivityManager( 1742): ensureActivitiesVisibleLocked: consider front
V/ActivityManager( 1742): ensureActivitiesVisibleLocked: consider back
D/ActivityManager( 1742): getContentProviderImpl: from caller=android.app.ApplicationThreadProxy@42905bf0 (pid=9683, userId=0) to get content provider settings cpr=ContentProviderRecord{428af608 u0 com.android.providers.settings/.SettingsProvider}
D/ActivityManager( 1742): getContentProviderImpl: updateLruProcessLocked cpr.proc=ProcessRecord{42bd5650 1742:system/1000}
D/ActivityThread( 9683): hoder:android.app.IActivityManager$ContentProviderHolder@426db4a0,provider,holder.Provider:android.content.ContentProviderProxy@426dbc20
D/ActivityThread( 9683): BIND_APPLICATION handled : 0 / AppBindData{appInfo=ApplicationInfo{426d8720 com.oppo.market}}
D/ActivityThread( 9683): BDC-Calling onReceive: intent=Intent { act=android.net.conn.CONNECTIVITY_CHANGE flg=0x4000010 cmp=com.oppo.market/com.nearme.mcs.reciever.AlarmEventReceiver (has extras) }, ordered=true, receiver=com.nearme.mcs.reciever.AlarmEventReceiver@42718db8
D/ActivityThread( 9683): BDC-RECEIVER handled : 0 / ReceiverData{intent=Intent { act=android.net.conn.CONNECTIVITY_CHANGE flg=0x4000010 cmp=com.oppo.market/com.nearme.mcs.reciever.AlarmEventReceiver (has extras) } packageName=com.oppo.market resultCode=0 resultData=null resultExtras=null}
I/ActivityManager( 1742): Start proc com.oppo.music:mcs for broadcast com.oppo.music/com.nearme.mcs.reciever.AlarmEventReceiver: pid=9700 uid=10059 gids={50059, 3003, 1028, 1015, 1023, 3002}
D/ActivityManager( 1742):  (1) delay start com.oppo.music:mcs startResult.usingWrapper false
D/OppoUsageService( 1742): writeHistoryRecord[AppUsage], saveRes = 1
V/ActivityManager( 1742): ensureActivitiesVisibleLocked: consider front
V/ActivityManager( 1742): ensureActivitiesVisibleLocked: consider back
D/DisplayManagerService( 1742): Display listener for pid 9664 died.
I/ActivityManager( 1742): Process com.nearme.themespace:mcs (pid 9664) has died.
W/ContextImpl( 1742): Calling a method in the system process without a qualified user: android.app.ContextImpl.sendBroadcast:1345 com.android.server.am.OppoExtraActivityManagerService.setKeyLockModeNormal:47 com.android.server.am.ActivityManagerService.appDiedLocked:4489 com.android.server.am.ActivityManagerService$AppDeathRecipient.binderDied:1118 android.os.BinderProxy.sendDeathNotice:496 
V/ActivityManager( 1742): Broadcast: Intent { act=com.oppo.intent.action.KEY_LOCK_MODE flg=0x10 (has extras) } ordered=false userid=0 callerApp=ProcessRecord{42bd5650 1742:system/1000}
D/ActivityManager( 1742): cleanUpApplicationRecordLocked app:ProcessRecord{42957b98 9664:com.nearme.themespace:mcs/u0a42}, restarting:false, allowRestart:true, index:-1
D/ActivityManager( 1742): cleanUpApplicationRecordLocked from:com.android.server.am.ActivityManagerService.handleAppDiedLocked:4277 com.android.server.am.ActivityManagerService.appDiedLocked:4501 com.android.server.am.ActivityManagerService$AppDeathRecipient.binderDied:1118 android.os.BinderProxy.sendDeathNotice:496 
D/ActivityManager( 1742): getContentProviderImpl: from caller=android.app.ApplicationThreadProxy@42d375b8 (pid=9700, userId=0) to get content provider settings cpr=ContentProviderRecord{428af608 u0 com.android.providers.settings/.SettingsProvider}
D/ActivityManager( 1742): getContentProviderImpl: updateLruProcessLocked cpr.proc=ProcessRecord{42bd5650 1742:system/1000}
D/ActivityThread( 9700): hoder:android.app.IActivityManager$ContentProviderHolder@426dc600,provider,holder.Provider:android.content.ContentProviderProxy@426dcd80
I/ActivityManager( 1742): Process com.oppo.market:mcs (pid 9683) has died.
D/DisplayManagerService( 1742): Display listener for pid 9683 died.
W/ContextImpl( 1742): Calling a method in the system process without a qualified user: android.app.ContextImpl.sendBroadcast:1345 com.android.server.am.OppoExtraActivityManagerService.setKeyLockModeNormal:47 com.android.server.am.ActivityManagerService.appDiedLocked:4489 com.android.server.am.ActivityManagerService$AppDeathRecipient.binderDied:1118 android.os.BinderProxy.sendDeathNotice:496 
V/ActivityManager( 1742): Broadcast: Intent { act=com.oppo.intent.action.KEY_LOCK_MODE flg=0x10 (has extras) } ordered=false userid=0 callerApp=ProcessRecord{42bd5650 1742:system/1000}
D/ActivityManager( 1742): cleanUpApplicationRecordLocked app:ProcessRecord{42bec598 9683:com.oppo.market:mcs/u0a40}, restarting:false, allowRestart:true, index:-1
D/ActivityManager( 1742): cleanUpApplicationRecordLocked from:com.android.server.am.ActivityManagerService.handleAppDiedLocked:4277 com.android.server.am.ActivityManagerService.appDiedLocked:4501 com.android.server.am.ActivityManagerService$AppDeathRecipient.binderDied:1118 android.os.BinderProxy.sendDeathNotice:496 
D/ActivityThread( 9700): BIND_APPLICATION handled : 0 / AppBindData{appInfo=ApplicationInfo{426d98c0 com.oppo.music}}
D/ActivityThread( 9700): BDC-Calling onReceive: intent=Intent { act=android.net.conn.CONNECTIVITY_CHANGE flg=0x4000010 cmp=com.oppo.music/com.nearme.mcs.reciever.AlarmEventReceiver (has extras) }, ordered=true, receiver=com.nearme.mcs.reciever.AlarmEventReceiver@427017a8
D/ActivityThread( 9700): BDC-RECEIVER handled : 0 / ReceiverData{intent=Intent { act=android.net.conn.CONNECTIVITY_CHANGE flg=0x4000010 cmp=com.oppo.music/com.nearme.mcs.reciever.AlarmEventReceiver (has extras) } packageName=com.oppo.music resultCode=0 resultData=null resultExtras=null}
D/DisplayManagerService( 1742): Display listener for pid 9700 died.
I/ActivityManager( 1742): Start proc com.oppo.reader:mcs for broadcast com.oppo.reader/com.nearme.mcs.reciever.AlarmEventReceiver: pid=9716 uid=10040 gids={50040, 3003, 1028, 1015, 1023, 1007}
D/ActivityManager( 1742):  (1) delay start com.oppo.reader:mcs startResult.usingWrapper false
I/ActivityManager( 1742): Process com.oppo.music:mcs (pid 9700) has died.
D/OppoUsageService( 1742): writeHistoryRecord[AppUsage], saveRes = 1
W/ContextImpl( 1742): Calling a method in the system process without a qualified user: android.app.ContextImpl.sendBroadcast:1345 com.android.server.am.OppoExtraActivityManagerService.setKeyLockModeNormal:47 com.android.server.am.ActivityManagerService.appDiedLocked:4489 com.android.server.am.ActivityManagerService$AppDeathRecipient.binderDied:1118 android.os.BinderProxy.sendDeathNotice:496 
V/ActivityManager( 1742): Broadcast: Intent { act=com.oppo.intent.action.KEY_LOCK_MODE flg=0x10 (has extras) } ordered=false userid=0 callerApp=ProcessRecord{42bd5650 1742:system/1000}
D/ActivityManager( 1742): cleanUpApplicationRecordLocked app:ProcessRecord{42cbcc38 9700:com.oppo.music:mcs/u0a59}, restarting:false, allowRestart:true, index:-1
D/ActivityManager( 1742): cleanUpApplicationRecordLocked from:com.android.server.am.ActivityManagerService.handleAppDiedLocked:4277 com.android.server.am.ActivityManagerService.appDiedLocked:4501 com.android.server.am.ActivityManagerService$AppDeathRecipient.binderDied:1118 android.os.BinderProxy.sendDeathNotice:496 
V/ActivityManager( 1742): ensureActivitiesVisibleLocked: consider front
V/ActivityManager( 1742): ensureActivitiesVisibleLocked: consider back
D/ActivityManager( 1742): getContentProviderImpl: from caller=android.app.ApplicationThreadProxy@4322db08 (pid=9716, userId=0) to get content provider settings cpr=ContentProviderRecord{428af608 u0 com.android.providers.settings/.SettingsProvider}
D/ActivityManager( 1742): getContentProviderImpl: updateLruProcessLocked cpr.proc=ProcessRecord{42bd5650 1742:system/1000}
D/ActivityThread( 9716): hoder:android.app.IActivityManager$ContentProviderHolder@426dd798,provider,holder.Provider:android.content.ContentProviderProxy@426ddf18
D/ActivityThread( 9716): BIND_APPLICATION handled : 0 / AppBindData{appInfo=ApplicationInfo{426da9f8 com.oppo.reader}}
D/ActivityThread( 9716): BDC-Calling onReceive: intent=Intent { act=android.net.conn.CONNECTIVITY_CHANGE flg=0x4000010 cmp=com.oppo.reader/com.nearme.mcs.reciever.AlarmEventReceiver (has extras) }, ordered=true, receiver=com.nearme.mcs.reciever.AlarmEventReceiver@42717b20
D/ActivityThread( 9716): BDC-RECEIVER handled : 0 / ReceiverData{intent=Intent { act=android.net.conn.CONNECTIVITY_CHANGE flg=0x4000010 cmp=com.oppo.reader/com.nearme.mcs.reciever.AlarmEventReceiver (has extras) } packageName=com.oppo.reader resultCode=0 resultData=null resultExtras=null}
I/ActivityManager( 1742): Start proc com.oppo.usercenter:mcs for broadcast com.oppo.usercenter/com.nearme.mcs.reciever.AlarmEventReceiver: pid=9734 uid=10043 gids={50043, 1028, 1015, 1023, 3003}
D/ActivityManager( 1742):  (1) delay start com.oppo.usercenter:mcs startResult.usingWrapper false
D/OppoUsageService( 1742): writeHistoryRecord[AppUsage], saveRes = 1
I/ActivityManager( 1742): Process com.oppo.reader:mcs (pid 9716) has died.
W/ContextImpl( 1742): Calling a method in the system process without a qualified user: android.app.ContextImpl.sendBroadcast:1345 com.android.server.am.OppoExtraActivityManagerService.setKeyLockModeNormal:47 com.android.server.am.ActivityManagerService.appDiedLocked:4489 com.android.server.am.ActivityManagerService$AppDeathRecipient.binderDied:1118 android.os.BinderProxy.sendDeathNotice:496 
D/DisplayManagerService( 1742): Display listener for pid 9716 died.
V/ActivityManager( 1742): Broadcast: Intent { act=com.oppo.intent.action.KEY_LOCK_MODE flg=0x10 (has extras) } ordered=false userid=0 callerApp=ProcessRecord{42bd5650 1742:system/1000}
D/ActivityManager( 1742): cleanUpApplicationRecordLocked app:ProcessRecord{42e1f118 9716:com.oppo.reader:mcs/u0a40}, restarting:false, allowRestart:true, index:-1
D/ActivityManager( 1742): cleanUpApplicationRecordLocked from:com.android.server.am.ActivityManagerService.handleAppDiedLocked:4277 com.android.server.am.ActivityManagerService.appDiedLocked:4501 com.android.server.am.ActivityManagerService$AppDeathRecipient.binderDied:1118 android.os.BinderProxy.sendDeathNotice:496 
V/ActivityManager( 1742): ensureActivitiesVisibleLocked: consider front
V/ActivityManager( 1742): ensureActivitiesVisibleLocked: consider back
D/ActivityManager( 1742): getContentProviderImpl: from caller=android.app.ApplicationThreadProxy@42ac5588 (pid=9734, userId=0) to get content provider settings cpr=ContentProviderRecord{428af608 u0 com.android.providers.settings/.SettingsProvider}
D/ActivityManager( 1742): getContentProviderImpl: updateLruProcessLocked cpr.proc=ProcessRecord{42bd5650 1742:system/1000}
D/ActivityThread( 9734): hoder:android.app.IActivityManager$ContentProviderHolder@426de968,provider,holder.Provider:android.content.ContentProviderProxy@426df0e8
D/ActivityThread( 9734): BIND_APPLICATION handled : 0 / AppBindData{appInfo=ApplicationInfo{426dbb48 com.oppo.usercenter}}
D/ActivityThread( 9734): BDC-Calling onReceive: intent=Intent { act=android.net.conn.CONNECTIVITY_CHANGE flg=0x4000010 cmp=com.oppo.usercenter/com.nearme.mcs.reciever.AlarmEventReceiver (has extras) }, ordered=true, receiver=com.nearme.mcs.reciever.AlarmEventReceiver@426f0e40
D/ActivityThread( 9734): BDC-RECEIVER handled : 0 / ReceiverData{intent=Intent { act=android.net.conn.CONNECTIVITY_CHANGE flg=0x4000010 cmp=com.oppo.usercenter/com.nearme.mcs.reciever.AlarmEventReceiver (has extras) } packageName=com.oppo.usercenter resultCode=0 resultData=null resultExtras=null}
W/OppoAutostartManager( 1742): *Do not want to launch app cn.wps.moffice_eng/10086 for broadcast Intent { act=android.net.conn.CONNECTIVITY_CHANGE flg=0x4000010 (has extras) } callUid:1000 callPid:1742
W/OppoAutostartManager( 1742): *Do not want to launch app com.moji.airnut/10188 for broadcast Intent { act=android.net.conn.CONNECTIVITY_CHANGE flg=0x4000010 (has extras) } callUid:1000 callPid:1742
W/OppoAutostartManager( 1742): *Do not want to launch app com.moji.airnut/10188 for broadcast Intent { act=android.net.conn.CONNECTIVITY_CHANGE flg=0x4000010 (has extras) } callUid:1000 callPid:1742
D/ActivityThread( 5201): BDC-Calling onReceive: intent=Intent { act=android.net.conn.CONNECTIVITY_CHANGE flg=0x4000010 cmp=com.tencent.mobileqq/.msf.core.NetConnInfoCenter (has extras) }, ordered=true, receiver=com.tencent.mobileqq.msf.core.NetConnInfoCenter@4278aea0
V/ActivityManager( 1742): Broadcast: Intent { act=com.tencent.mobileqq.msf.bd.netchange flg=0x10 pkg=com.tencent.mobileqq (has extras) } ordered=false userid=0 callerApp=ProcessRecord{42d23d90 5201:com.tencent.mobileqq:MSF/u0a95}
D/ConnectivityService( 1742): getActiveNetworkInfo:NetworkInfo: type: WIFI[], state: CONNECTED/CONNECTED, reason: (unspecified), extra: "60_dev_01", roaming: false, failover: false, isAvailable: true, isConnectedToProvisioningNetwork: false, simId: 0/10095
D/ConnectivityService( 1742): getActiveNetworkInfo:NetworkInfo: type: WIFI[], state: CONNECTED/CONNECTED, reason: (unspecified), extra: "60_dev_01", roaming: false, failover: false, isAvailable: true, isConnectedToProvisioningNetwork: false, simId: 0/10095
D/ActivityThread( 5201): BDC-RECEIVER handled : 0 / ReceiverData{intent=Intent { act=android.net.conn.CONNECTIVITY_CHANGE flg=0x4000010 cmp=com.tencent.mobileqq/.msf.core.NetConnInfoCenter (has extras) } packageName=com.tencent.mobileqq resultCode=0 resultData=null resultExtras=null}
W/OppoAutostartManager( 1742): *Do not want to launch app io.dcloud.HBuilder/10276 for broadcast Intent { act=android.net.conn.CONNECTIVITY_CHANGE flg=0x4000010 (has extras) } callUid:1000 callPid:1742
D/ActivityThread( 5424): BDC-Calling onReceive: intent=Intent { act=com.kingroot.master.action.NOTIFY_STATISTIC flg=0x10 pkg=com.kingroot.master cmp=com.kingroot.master/com.kingroot.common.framework.broadcast.KSysBroadcastReceiver (has extras) }, ordered=true, receiver=com.kingroot.common.framework.broadcast.KSysBroadcastReceiver@427269e8
D/ActivityThread( 5424): BDC-RECEIVER handled : 0 / ReceiverData{intent=Intent { act=com.kingroot.master.action.NOTIFY_STATISTIC flg=0x10 pkg=com.kingroot.master cmp=com.kingroot.master/com.kingroot.common.framework.broadcast.KSysBroadcastReceiver (has extras) } packageName=com.kingroot.master resultCode=-1 resultData=null resultExtras=null}
D/ActivityThread( 5424): BDC-Calling onReceive: intent=Intent { act=com.kingroot.master.action.NOTIFY_STATISTIC flg=0x10 pkg=com.kingroot.master cmp=com.kingroot.master/com.kingroot.common.framework.broadcast.KSysBroadcastReceiver (has extras) }, ordered=true, receiver=com.kingroot.common.framework.broadcast.KSysBroadcastReceiver@426e7380
D/ActivityThread( 5424): BDC-RECEIVER handled : 0 / ReceiverData{intent=Intent { act=com.kingroot.master.action.NOTIFY_STATISTIC flg=0x10 pkg=com.kingroot.master cmp=com.kingroot.master/com.kingroot.common.framework.broadcast.KSysBroadcastReceiver (has extras) } packageName=com.kingroot.master resultCode=-1 resultData=null resultExtras=null}
D/ActivityThread( 5424): BDC-Calling onReceive: intent=Intent { act=com.kingroot.master.action.NOTIFY_STATISTIC flg=0x10 pkg=com.kingroot.master cmp=com.kingroot.master/com.kingroot.common.framework.broadcast.KSysBroadcastReceiver (has extras) }, ordered=true, receiver=com.kingroot.common.framework.broadcast.KSysBroadcastReceiver@42c0ebd8
D/ActivityThread( 5424): BDC-RECEIVER handled : 0 / ReceiverData{intent=Intent { act=com.kingroot.master.action.NOTIFY_STATISTIC flg=0x10 pkg=com.kingroot.master cmp=com.kingroot.master/com.kingroot.common.framework.broadcast.KSysBroadcastReceiver (has extras) } packageName=com.kingroot.master resultCode=-1 resultData=null resultExtras=null}
D/ActivityThread( 5424): BDC-Calling onReceive: intent=Intent { act=com.kingroot.master.action.NOTIFY_STATISTIC flg=0x10 pkg=com.kingroot.master cmp=com.kingroot.master/com.kingroot.common.framework.broadcast.KSysBroadcastReceiver (has extras) }, ordered=true, receiver=com.kingroot.common.framework.broadcast.KSysBroadcastReceiver@427115f8
D/ActivityThread( 5424): BDC-RECEIVER handled : 0 / ReceiverData{intent=Intent { act=com.kingroot.master.action.NOTIFY_STATISTIC flg=0x10 pkg=com.kingroot.master cmp=com.kingroot.master/com.kingroot.common.framework.broadcast.KSysBroadcastReceiver (has extras) } packageName=com.kingroot.master resultCode=-1 resultData=null resultExtras=null}
D/DisplayManagerService( 1742): Display listener for pid 9734 died.
I/ActivityManager( 1742): Process com.oppo.usercenter:mcs (pid 9734) has died.
W/ContextImpl( 1742): Calling a method in the system process without a qualified user: android.app.ContextImpl.sendBroadcast:1345 com.android.server.am.OppoExtraActivityManagerService.setKeyLockModeNormal:47 com.android.server.am.ActivityManagerService.appDiedLocked:4489 com.android.server.am.ActivityManagerService$AppDeathRecipient.binderDied:1118 android.os.BinderProxy.sendDeathNotice:496 
V/ActivityManager( 1742): Broadcast: Intent { act=com.oppo.intent.action.KEY_LOCK_MODE flg=0x10 (has extras) } ordered=false userid=0 callerApp=ProcessRecord{42bd5650 1742:system/1000}
D/ActivityManager( 1742): cleanUpApplicationRecordLocked app:ProcessRecord{42ed1300 9734:com.oppo.usercenter:mcs/u0a43}, restarting:false, allowRestart:true, index:-1
D/ActivityManager( 1742): cleanUpApplicationRecordLocked from:com.android.server.am.ActivityManagerService.handleAppDiedLocked:4277 com.android.server.am.ActivityManagerService.appDiedLocked:4501 com.android.server.am.ActivityManagerService$AppDeathRecipient.binderDied:1118 android.os.BinderProxy.sendDeathNotice:496 
V/ActivityManager( 1742): Broadcast sticky: Intent { act=android.intent.action.ADDITIONAL_BATTERY_CHANGED flg=0x60000010 (has extras) } ordered=false userid=-1 callerApp=null
V/ActivityManager( 1742): Broadcast sticky: Intent { act=android.intent.action.BATTERY_CHANGED flg=0x60000010 (has extras) } ordered=false userid=-1 callerApp=null
D/WifiService( 1742): onReceive, action:android.intent.action.BATTERY_CHANGED
D/UsbDeviceManager( 1742): onReceive - BATTERY_CHANGED - mPlugType: 2, mSettingUsbCharging: false, mConnected: true, mSettingUsbBicr: false
