D/EisDrv  (  249): [UpdateEisoIdx]post mTsSem
D/af_mgr  (  249): DoAFTG1 [XY]16 16 [Sz]344 252  [G]15 24 37 57 84 123 178 [Hz]2096 
D/EisDrv  (  249): [UpdateEiso]Eiso:idx(9),PA(0x0bc00900)
D/af_mgr  (  249): FL_FV 0 0
D/af_mgr  (  249): [AFStatH]0 [AFStatV]12 [moveMCUTG1] 641
D/af_mgr  (  249): TAFtmp pre 641 next 641
D/MtkCam/P1Node(  249): [0:dequeLoop] frame 30868: deque-,1
D/MtkCam/DCNode(  249): [0::onNotify](0x00000080,0x00007890,0x0000788E)
D/aaa_hal/3Athread(  249): [addCommandQ] mCmdQ size(1) + cmd(10) magic(30864)
D/MtkCam/ISC(  249): [getPass1Crop] 0: TS(4),# 0x7890,IsR(1),ZR(2,100/132),C(0,0,2096x1552),S(2096x1552)
D/EisDrv  (  249): [UpdateEiso]-
D/MtkCam/P1Node(  249): [updateDeque] deq port 0x1010f, buf 0xb89d6ee0, t 26344267789000
D/MtkCam/ISC(  249): [addPass1Info] 0: TS(1),# 0x788E,VA(0xB89D6EE0),IsR(1),IsNew(1)
D/EisHal  (  249): [DoEis]EisIn(2092,1548),P1T(1743,1290)
D/aaa_hal (  249): [AFThread] semAFProcEnd before post = 0
D/EisDrv  (  249): [GetEisHwStatistic]wait mTsSem(26344267789000)
D/EisDrv  (  249): [GetEisHwStatistic]got mTsSem
D/EisDrv  (  249): [GetEisHwStatistic]pEisoAddr(0xa8ee0700)
D/EisHal  (  249): [PrepareEisResult]cmvX(44544),cmvY(33024)
D/EisHal  (  249): [PrepareEisResult]X(174,0),Y(129,0)
D/MtkCam/P2Node(  249): [0:pushBuf] size 1, data 31, buf 0xb89d6ee0
D/dalvikvm( 9853): threadid=6: interp stack at 0x7344e000
D/dalvikvm( 9853): Elevating priority from 0 to -8
D/MtkCam/P1Node(  249): [0:processBufOp] replace port 0x1010f old/new 0xb89d6ee0/0xb89d5e50 va 0xa26a1000/0xa3d1f000
D/MtkCam/P1Node(  249): [0:dequeLoop] frame 30869: deque+
D/MtkCam/BaseHeap(  249): [Cam1Heap::onCreate] [MtkCam/DBHdl] this:0xb8998a18 1440x1080 format:0x32315659
D/jdwp    ( 9853): prepping for JDWP over ADB
D/dalvikvm( 9853): threadid=7: interp stack at 0x73571000
D/MtkCam/DBHdl(  249): [:dequeBuffer]buf(0xb89146c8),VA(0xA7F84000/0xA80FFB00/0xA815E9C0),BS(1555200=1555200+388800+388800),Id(398),F(0x32315659),S(1440x1080),Str(1440,720,720),R(0),U(3)
D/MtkCam/MtkCamUtils(  249): (PrvCB@ImgBufQue)[dequeProvider] Empty Que
D/MtkCam/BaseHeap(  249): [Cam1Heap::onCreate] [MtkCam/DBHdl] this:0xb87ce9c8 640x480 format:0x14
D/jdwp    ( 9853): JDWP: thread running
D/MtkCam/DBHdl(  249): [:dequeBuffer]buf(0xb8947918),VA(0xA7EBC000/0x00000000/0x00000000),BS(614400=614400+0+0),Id(404),F(0x00000014),S(640x480),Str(1280,0,0),R(0),U(0)
D/dalvikvm( 9853): threadid=8: interp stack at 0x73692000
D/MtkCam/ISC(  249): [getPass2Info] 0: ImgBuf(0xB89D6EE0),# 0x788E,PD(0xA4DA4280/152),ZR(0,100/132),S(1440x1080),C(265,189,1566x1176)
D/MtkCam/P2Node(  249): [0:enquePass2] i 0 data 31, buf 0xb89d6ee0, va 0xa26a1000, # 0x788E, type 5 cnt 30863
D/jdwp    ( 9853): trying to receive file descriptor from ADB
D/MtkCam/P2Node(  249): [0:enquePass2] data 41, buf 0xb89146c8, va 0xa7f84000, tans 0 usg 3
D/MtkCam/P2Node(  249): [0:enquePass2] data 45, buf 0xb8947918, va 0xa7ebc000, tans 0 usg 0
D/MtkCam/P2Node(  249): [0:enquePass2] IMG2O:B(0xb8947918),S(640x480),C(265,189,1566x1176)
D/MtkCam/FeaturePipe(  249): [enqueFeatureGraph] FrameNo(30862)
D/ADB_SERVICES(  309): Adding socket 23 pid 9853 to jdwp process list
D/EisHal  (  249): [GetEisInfoAtP2]FeaturePipe_3DNR(1)
I/MtkCam/FeaturePipe(  249): [P2A:threadLoopUpdate] gmv_ana,frm[30862],gmv(x,y)=[    0,    0],IsSupportEis(1),SenorIdx(0),NmvX/Y(    0,    0)(ori     0,    0),CmvX/Y(  174,  129)(diff     0,    0)(ori   174,  129),x/yInt(  174,  129),x/yFlt(        0,        0),DoEisCount(30868),ConfidX/y(0,0),EisTS(26344267789000),ImgiTS(26344267789000),GnZoCnt(60)
D/MtkCam/FeaturePipeDataHdl(  249): [getBuffer] data(1003), trans(0)
D/MtkCam/FeaturePipeDataHdl(  249): [getBuffer] -
I/MtkCam/FeaturePipe(  249): [P2A:threadLoopUpdate] [P2A not sets IMG3O mvOut] 3dnrSM0(0 S0P1W2),ES(0x00 FsSzDfLrIn),WH(1566,1176),OfstXY(264,188),mem<va(0x9ff79000)/pa(0xab00000)/TS(26344267789000)/size(0x1c19d0)>
I/MtkCam/FeaturePipe(  249): [P2A:threadLoopUpdate] [P2A not sets VIPI mvIn  ] 3dnrSM1(0 S0P1W2),ES(0x00 FsSzDfLrIn),WH(1566,1176),OfstXY(0,0),mem<va(0xa15f7000)/pa(0x8e00000)/TS(26344167742000)/size(0x1c19d0)>,mPrvQueSz(1),imgSizeWH(1566,1176),PrvWH(1566,1176),ExtOfstByte(0)
I/MtkCam/FeaturePipe(  249): [P2A:threadLoopUpdate] 3dnrSM2(0 S0P1W2),ES(0x00 FsSzDfLrIn),NmvX/Y(0, 0).Img3oOfX/Y(264, 188),onOfX/Y(0, 0).onW/H(0, 0).VipiOff/W/H(0, 0, 0).MaxIsoInc(100)
I/MtkCam/FeaturePipe(  249): [P2A:threadLoopUpdate] FStrm enq (frame 30862)
D/MDP     (  249): DpIsp: in: (2096, 1552, 3936, 0, C21, P2)
D/MDP     (  249): DpIsp: out0: (1440, 1080, 1440, 720, C8s, P2), misc: (R:0, F:0, S:1, D:0, T:0)
D/MDP     (  249): DpIsp: crop: (265, 189, 1566, 1176)
I/        (  245): [BWC INFO](245): get_bwc_mm_property success
D/MDP     (  245): DpBlit: in: (1440, 1080, 1440, 720, C8s, P2), crop: (0, 0, 1440, 1080)
D/MDP     (  245): DpBlit: out: (1080, 1440, 2160, 0, C5, P2), misc: (X:0, Y:0, R:90, F:0, S:1, D:0)
D/MDP     (  245): [TDSHP][PQDC] DISP_IOCTL_PQ_GET_TDSHP_FLAG()... tuning flag[0]
D/MDP     (  249): DpIsp: 0xb882abc0, src 0 ms
D/MtkCam/FeaturePipe(  249): [performCallback] FeatureGraph callback FrameNo(30862)
D/MtkCam/FeaturePipeDataHdl(  249): [returnBuffer] data(1003), buf(0xb87cefd0)
D/MtkCam/P2Node(  249): [0:handleP2Done] type 5: cnt 30863 in 1 out 2
D/MtkCam/ISC(  249): [dropPass2Info] Erase # 0x788E,ImgBuf(0xB89D6EE0),IsR(1)
D/MtkCam/DBHdl(  249): [:enqueBuffer]buf(0xb89146c8),VA(0xA7F84000),BS(1555200),Id(398),TS(26344.267789),F(0x32315659),S(1440x1080),Str(1440,720,720)
D/MtkCam/DisplayClient(  249): [handleReturnBuffers] + (100) 34ms < Duration(99)
D/MtkCam/DisplayClient(  249): [handleReturnBuffers] Show frame:0 1 [ion:398 0xa7f84000/2332800 26344267789000]
D/MtkCam/MtkCamUtils(  249): (APClient@ImgBufQue)[dequeProvider] Empty Que
D/MtkCam/DBHdl(  249): [:enqueBuffer]buf(0xb8947918),VA(0xA7EBC000),BS(614400),Id(404),TS(26344.267789),F(0x00000014),S(640x480),Str(1280,0,0)
I/SurfaceView( 4669): updateWindow -- OnPreDrawListener, mHaveFrame = true, this = android.view.SurfaceView{42c5b6b8 V.E..... ........ 0,211-1080,1651}
D/MtkCam/CamClient/FDClient(  249): (6149)[waitAndHandleReturnBuffers] -
D/MtkCam/CamClient/FDClient(  249): (6149)[doFD] +
D/MtkCam/CamClient/FDClient(  249): (6149)[doBufferAnalysis] plane: 1
D/mHalFDVT(  249): (6149)[halFTBufferCreate] DO RGB565 (SW) In
D/mHalFDVT(  249): (6149)[halFTBufferCreate] DO RGB565 (SW) Out
D/mHalFDVT(  249): (6149)[halFDYUYV2ExtractY] DO Extract Y In
D/MtkCam/DisplayClient(  249): [handleReturnBuffers] -
D/MDP     (  245): DpBlit: time 6 ms, type 0
D/mHalFDVT(  249): (6149)[halFDYUYV2ExtractY] DO Extract Y Out
D/mHalFDVT(  249): (6149)[halFDDo] SD Status: SDEnable:0, img_w:320, img_h:240, Src_Phy_Addr:0x5700000,
D/mHalFDVT(  249): (6149)[halFDDo] [halFDDo] IN,  1
D/mHalFDVT(  249): (6149)[halFDDo] FDVTMain IN
D/FDVT_Drv(  249): Set RS_Config, Src_W = 640, Src_H = 480, src_Format = 0, g_rs_num:12
D/FDVT_Drv(  249): Check RS_Config, rs[2]= 0x901e0280, rs[3]= 0xc33312c1,  rs[5]= 0x280,
D/FDVT_Drv(  249): SW RIP Input: 1,
D/FDVT_Drv(  249): FDRegisterConfig In, (HW)skip:0, 
D/FDVT_Drv(  249): FDRegisterConfig Out
D/FDVT_Drv(  249): Do Flush (IMEM) 
D/FDVT_Drv(  249): Set Start HW in 
D/FDVT_Drv(  249): Set Start HW out 
D/FDVT_Drv(  249): FDGetHWResult In
D/dalvikvm( 9853): Note: class Landroid/app/ActivityManagerNative; has 194 unimplemented (abstract) methods
D/MtkCam/DisplayClient(  249): [waitAndHandleReturnBuffers] +
I/        (  245): [BWC INFO](245): get_bwc_mm_property success
D/MDP     (  245): DpBlit: in: (1440, 1080, 1440, 720, C8s, P2), crop: (0, 0, 1440, 1080)
D/MDP     (  245): DpBlit: out: (1080, 1440, 2160, 0, C5, P2), misc: (X:0, Y:0, R:90, F:0, S:1, D:0)
D/MDP     (  245): [TDSHP][PQDC] DISP_IOCTL_PQ_GET_TDSHP_FLAG()... tuning flag[0]
I/SurfaceView( 4669): updateWindow -- OnPreDrawListener, mHaveFrame = true, this = android.view.SurfaceView{42c5b6b8 V.E..... ........ 0,211-1080,1651}
D/MDP     (  245): DpBlit: time 5 ms, type 0
I/        (  245): [BWC INFO](245): get_bwc_mm_property success
D/MDP     (  245): DpBlit: in: (1440, 1080, 1440, 720, C8s, P2), crop: (0, 0, 1440, 1080)
D/MDP     (  245): DpBlit: out: (1080, 1440, 2160, 0, C5, P2), misc: (X:0, Y:0, R:90, F:0, S:1, D:0)
D/MDP     (  245): [TDSHP][PQDC] DISP_IOCTL_PQ_GET_TDSHP_FLAG()... tuning flag[0]
I/SurfaceView( 4669): updateWindow -- OnPreDrawListener, mHaveFrame = true, this = android.view.SurfaceView{42c5b6b8 V.E..... ........ 0,211-1080,1651}
D/MDP     (  245): DpBlit: time 5 ms, type 0
I/        (  245): [BWC INFO](245): get_bwc_mm_property success
D/MDP     (  245): DpBlit: in: (1440, 1080, 1440, 720, C8s, P2), crop: (0, 0, 1440, 1080)
D/MDP     (  245): DpBlit: out: (1080, 1440, 2160, 0, C5, P2), misc: (X:0, Y:0, R:90, F:0, S:1, D:0)
D/MDP     (  245): [TDSHP][PQDC] DISP_IOCTL_PQ_GET_TDSHP_FLAG()... tuning flag[0]
I/SurfaceView( 4669): updateWindow -- OnPreDrawListener, mHaveFrame = true, this = android.view.SurfaceView{42c5b6b8 V.E..... ........ 0,211-1080,1651}
D/MDP     (  245): DpBlit: time 5 ms, type 0
I/        (  245): [BWC INFO](245): get_bwc_mm_property success
D/MDP     (  245): DpBlit: in: (1440, 1080, 1440, 720, C8s, P2), crop: (0, 0, 1440, 1080)
D/MDP     (  245): DpBlit: out: (1080, 1440, 2160, 0, C5, P2), misc: (X:0, Y:0, R:90, F:0, S:1, D:0)
D/MDP     (  245): [TDSHP][PQDC] DISP_IOCTL_PQ_GET_TDSHP_FLAG()... tuning flag[0]
I/SurfaceView( 4669): updateWindow -- OnPreDrawListener, mHaveFrame = true, this = android.view.SurfaceView{42c5b6b8 V.E..... ........ 0,211-1080,1651}
D/MDP     (  245): DpBlit: time 5 ms, type 0
D/FDVT_Drv(  249): Do Ivalid (IMEM) 
D/FDVT_Drv(  249): HW_Result: GFD_NUM: 0 LFD_NUM: 0 L_TYPE:1, 
D/FDVT_Drv(  249): FDGetHWResult Out
D/FDVT_Drv(  249): Final: HW_NUM:0, Filter_NUM:0, SKIP_NUM:0
D/SWFD_MAIN(  249): SWFDMain face num is 0
D/mHalFDVT(  249): (6149)[halFDDo] FDVTMain out
D/mHalFDVT(  249): (6149)[halFDGetFaceResult] [halFDGetFaceResult]m_DispW(320) m_DispH(240)
D/MtkCam/CamClient/FDClient(  249): (6149)[doFD] Scenario FD Num: 0
D/MtkCam/CamClient/FDClient(  249): (6149)[doFD] Scenario SD Result1: 0
D/MtkCam/CamClient/FDClient(  249): (6149)[doFD] -
D/Hal3AAdapter1(  249): [init] MtkCam/CamClient/FDClient(4)
D/af_mgr  (  249): [setFDInfo]cnt:0, X:1048 Y:776 W:0 H:0
D/Hal3AAdapter1(  249): [uninit] MtkCam/CamClient/FDClient(4)
W/MtkCam/CamClient/FDClient(  249): (6149)[performCallback] No FD CB: isDetected_FD(0), mIsDetected_FD(0), isMsgEnabled(1)
W/MtkCam/CamClient/FDClient(  249): (6149)[performCallback] No SD CB: isDetected_SD(0), mIsSDenabled(0), isMsgEnabled(1)
W/MtkCam/CamClient/FDClient(  249): (6149)[performCallback] No GD CB: isDetected_GD(0), mIsGDenabled(0), isMsgEnabled(1)
D/mHalFDVT(  249): (6149)[halFDGetFaceResult] [halFDGetFaceResult]m_DispW(320) m_DispH(240)
D/MtkCam/ParamsManager(  249): [getShotModeStr] normal
D/MtkCam/CamClient/FDClient(  249): (6149)[waitAndHandleReturnBuffers] +
D/aaa_hal (  249): [waitVSirq]
D/aaa_hal (  249): [Timer:start: VS Timer, SensorDevId: 1] timer start. bClrTime=1
D/aaa_hal/3Athread(  249): CmdQ-size(1), todo(10, 30864)
D/aaa_hal (  249): [Timer:End: VS Timer, SensorDevId: 1] =====> time(ms): current=0.011000,   sum=0.011000
D/        (  249): [AAA_Scheduler::importWork]+, mNormalizeM=1, mSensorDevId=1
D/af_mgr  (  249): [m_cur_frm_num] 30864 [get_frm_ststus] 0
D/AeAlgo  (  249): [HWFlareValue]max flare :160 
D/AeAlgo  (  249): [getFlareAlgo] i2FlareOffset:13,PreFlare13, Max_Step_gap: 2, gain:0 max:160 min:0
D/ae_mgr  (  249): [doPvAE()][AEScheduler] AECalc:1 AEApply:2 AEFlare:4 VDnum:0 AvgY:0
D/ae_mgr  (  249): [doPvAE():PassToAlgo] rAEInput.PreEvSetting[N-1]:99997/15360/1544 rAEInput.PreEvSetting[N-2]:99997/15360/1544 rAEInput.PreEvSetting[N-3]:99997/15360/1544 rAEInput.CycleInfo.m_i4FrameCnt:30861
D/AeAlgo  (  249): [processAE] bPerFrameAESmooth:1 m_bAENotPerFrameMode:0
D/AeAlgo  (  249): [parserAEInput] m_bPerFrameETFlag:1 bPerFrameETIspFlag:1 CurActExp:99997 NextActExp:99997 CurActExpIdx:2 NextActExpIdx:0 MinGainDelay:1 CurActAfe:15360 NextActAfe:15360 CurAplExpIdx:1 CurAplAfe:15360
D/AeAlgo  (  249): [calTargetProbs] [ABL, ABL_DIFF(0):0/BV(-7955):0/P:0],[HS,  HS_FLAT(Y[1, 1] Diff:0):Prob:1024, HS_COLOR(0):1024],[COEP,Orig_Y:0, Prob_OuterY:1024, Orig_Diff:0, Prob_Diff:0, COE_P:0],[NS,  NS_BV(-7955):1024, NS_FLAT(Y[1,1],Diff:0):Prob:1024],
D/AeAlgo  (  249): [getRecommendCWTarget_v2p0] u4FinalCW:55,  m_u4AvgWValue/m_u4CWValue:0/0, weight(aoe/abl/hs/ns): 0,0,0,1024, target(aoe/abl/hs/ns): 55,55,55,55
D/AeAlgo  (  249): [getRecommendCWTarget_v2p0] Final AE Target 55, AvgY/CWY: 0/0, AOE/BL/HS/NS 55/55/55/55
D/AeAlgo  (  249): [processAE] exp:99997 afe:15360 isp:1544
D/ae_mgr  (  249): [UpdateSensorISPParams:s] i4SensorDev:1 VDNum 0, Prev 99997/15360/1544, Cur 99997/15360/1544, Output 99997/15360/1544 WOUpdateSensor:0
D/ae_mgr  (  249): [UpdateSensorISPParams()] Isp gain value(current) = 1544
D/ae_mgr  (  249): [updatePreEvSettingQueue()] m_PreEvSettingQueue[N-1]:99997/15360/1544 m_PreEvSettingQueue[N-2]:99997/15360/1544 m_PreEvSettingQueue[N-3]:99997/15360/1544 
D/aaa_hal/3Athread(  249): [postToAESenThread] sem_post semAESen, semAESenThdEnd before wait = 1
D/aaa_hal/3Athread(  249): [AESensorThreadLoop] updateSensorbyI2C
D/ae_mgr  (  249): [updateSensorbyI2C()] Exposure time value is repeat (skip send command)= 99997
D/ae_mgr  (  249): [updateSensorbyI2C()] Sensor gain value is repeat (skip send command)= 15360
D/aaa_hal/3Athread(  249): [AESensorThreadLoop] semAESenThdEnd before post = 0
D/awb_state(  249): [Searching::sendIntent]<eIntent_AWBScan>
D/aaa_state_camera_preview(  249): lv(0),cct(5203),rgain(1162),bgain(512),ggain(837),fluoidx(100), dayflouidx(12)
D/paramctrl_per_frame(  249): [prepareHw_PerFrame_LSC] (flash, iso, rto) = (0, 2442, 7)
D/paramctrl_per_frame(  249): [applyToHw_PerFrame_All +] i4FrameID(0x    7890)
I/TuningMgr(  249): [dequeBuffer] scenario(0),MagicNum(0x7890)
D/isp_mgr_sl2(  249): [apply] eSwScn(0), bSL2_EN(1), u4SL2_EN(1), u4SL2b_EN(1), u4SL2c_EN(1), CAM_SL2_CEN(0x030b041c), CAM_SL2_MAX0_RR(0x000255d3), CAM_SL2_MAX1_RR(0x0009574c), CAM_SL2_MAX2_RR(0x00109b33)
I/TuningMgr(  249): [enqueBuffer] scenario(0),MagicNum(0x7890)
D/paramctrl_per_frame(  249): [applyToHw_PerFrame_All -] i4FrameID(0x    7890)
D/EisDrv  (  249): [p1TuningNotify]me_ctrl2(0x00006090)
D/aaa_hal (  249): [AFThread] sem_post g_semAFThreadstart, semAFProcEnd before wait = 1
D/MtkCam/DCNode(  249): [0::doNotifyCb]3APROC_FINISH:0x00007890,0x00000003
D/aaa_hal/3Athread(  249): rCmd(10), magic#(30864)-
I/        (  245): [BWC INFO](245): get_bwc_mm_property success
D/MDP     (  245): DpBlit: in: (1440, 1080, 1440, 720, C8s, P2), crop: (0, 0, 1440, 1080)
D/MDP     (  245): DpBlit: out: (1080, 1440, 2160, 0, C5, P2), misc: (X:0, Y:0, R:90, F:0, S:1, D:0)
D/MDP     (  245): [TDSHP][PQDC] DISP_IOCTL_PQ_GET_TDSHP_FLAG()... tuning flag[0]
I/SurfaceView( 4669): updateWindow -- OnPreDrawListener, mHaveFrame = true, this = android.view.SurfaceView{42c5b6b8 V.E..... ........ 0,211-1080,1651}
D/MDP     (  245): DpBlit: time 5 ms, type 0
D/aaa_hal (  249): [Hal3A::AFThreadFunc] AF waitIrq done
D/flashlight_drv.cpp(  249): isOn()
D/flashlight_drv.cpp(  249): 
D/flash_mgr_m.cpp(  249): isAFLampOn 0
D/af_mgr  (  249): DoAFTG1 [XY]16 16 [Sz]344 252  [G]15 24 37 57 84 123 178 [Hz]2096 
D/af_mgr  (  249): FL_FV 0 0
D/af_mgr  (  249): [AFStatH]0 [AFStatV]31 [moveMCUTG1] 641
D/af_mgr  (  249): TAFtmp pre 641 next 641
D/aaa_hal (  249): [AFThread] semAFProcEnd before post = 0
D/EisDrv  (  249): [UpdateEisoIdx]Eiso:idx(9->0),NEXT(va,pa)=(0xa8ee0000,0x0bc00000)
D/EisDrv  (  249): [UpdateEisoIdx]post mTsSem
D/EisDrv  (  249): [UpdateEiso]Eiso:idx(0),PA(0x0bc00000)
D/MtkCam/P1Node(  249): [0:dequeLoop] frame 30869: deque-,1
D/MtkCam/DCNode(  249): [0::onNotify](0x00000080,0x00007891,0x0000788F)
D/aaa_hal/3Athread(  249): [addCommandQ] mCmdQ size(1) + cmd(10) magic(30865)
D/MtkCam/ISC(  249): [getPass1Crop] 0: TS(4),# 0x7891,IsR(1),ZR(2,100/132),C(0,0,2096x1552),S(2096x1552)
D/EisDrv  (  249): [UpdateEiso]-
D/MtkCam/P1Node(  249): [updateDeque] deq port 0x1010f, buf 0xb89d6620, t 26344367808000
D/MtkCam/ISC(  249): [addPass1Info] 0: TS(1),# 0x788F,VA(0xB89D6620),IsR(1),IsNew(1)
D/EisHal  (  249): [DoEis]EisIn(2092,1548),P1T(1743,1290)
D/EisDrv  (  249): [GetEisHwStatistic]wait mTsSem(26344367808000)
D/EisDrv  (  249): [GetEisHwStatistic]got mTsSem
D/EisDrv  (  249): [GetEisHwStatistic]pEisoAddr(0xa8ee0800)
D/EisHal  (  249): [PrepareEisResult]cmvX(44544),cmvY(33024)
D/EisHal  (  249): [PrepareEisResult]X(174,0),Y(129,0)
D/MtkCam/P2Node(  249): [0:pushBuf] size 1, data 31, buf 0xb89d6620
D/MtkCam/P1Node(  249): [0:processBufOp] replace port 0x1010f old/new 0xb89d6620/0xb89d6ee0 va 0xa374b000/0xa26a1000
D/MtkCam/BaseHeap(  249): [Cam1Heap::onCreate] [MtkCam/DBHdl] this:0xb8998a18 1440x1080 format:0x32315659
D/MtkCam/P1Node(  249): [0:dequeLoop] frame 30870: deque+
D/MtkCam/DBHdl(  249): [:dequeBuffer]buf(0xb8947918),VA(0xA78F8000/0xA7A73B00/0xA7AD29C0),BS(1555200=1555200+388800+388800),Id(407),F(0x32315659),S(1440x1080),Str(1440,720,720),R(0),U(3)
D/MtkCam/MtkCamUtils(  249): (PrvCB@ImgBufQue)[dequeProvider] Empty Que
D/MtkCam/BaseHeap(  249): [Cam1Heap::onCreate] [MtkCam/DBHdl] this:0xb87ce9c8 640x480 format:0x14
D/MtkCam/DBHdl(  249): [:dequeBuffer]buf(0xb89146c8),VA(0xA8E0F000/0x00000000/0x00000000),BS(614400=614400+0+0),Id(397),F(0x00000014),S(640x480),Str(1280,0,0),R(0),U(0)
D/MtkCam/ISC(  249): [getPass2Info] 0: ImgBuf(0xB89D6620),# 0x788F,PD(0xA4DA41E0/152),ZR(0,100/132),S(1440x1080),C(265,189,1566x1176)
D/MtkCam/P2Node(  249): [0:enquePass2] i 0 data 31, buf 0xb89d6620, va 0xa374b000, # 0x788F, type 5 cnt 30864
D/MtkCam/P2Node(  249): [0:enquePass2] data 41, buf 0xb8947918, va 0xa78f8000, tans 0 usg 3
D/MtkCam/P2Node(  249): [0:enquePass2] data 45, buf 0xb89146c8, va 0xa8e0f000, tans 0 usg 0
D/MtkCam/P2Node(  249): [0:enquePass2] IMG2O:B(0xb89146c8),S(640x480),C(265,189,1566x1176)
D/MtkCam/FeaturePipe(  249): [enqueFeatureGraph] FrameNo(30863)
D/EisHal  (  249): [GetEisInfoAtP2]FeaturePipe_3DNR(1)
I/MtkCam/FeaturePipe(  249): [P2A:threadLoopUpdate] gmv_ana,frm[30863],gmv(x,y)=[    0,    0],IsSupportEis(1),SenorIdx(0),NmvX/Y(    0,    0)(ori     0,    0),CmvX/Y(  174,  129)(diff     0,    0)(ori   174,  129),x/yInt(  174,  129),x/yFlt(        0,        0),DoEisCount(30869),ConfidX/y(0,0),EisTS(26344367808000),ImgiTS(26344367808000),GnZoCnt(60)
D/MtkCam/FeaturePipeDataHdl(  249): [getBuffer] data(1003), trans(0)
D/MtkCam/FeaturePipeDataHdl(  249): [getBuffer] -
I/MtkCam/FeaturePipe(  249): [P2A:threadLoopUpdate] [P2A not sets IMG3O mvOut] 3dnrSM0(0 S0P1W2),ES(0x00 FsSzDfLrIn),WH(1566,1176),OfstXY(264,188),mem<va(0xa2c75000)/pa(0x7d00000)/TS(26344367808000)/size(0x1c19d0)>
I/MtkCam/FeaturePipe(  249): [P2A:threadLoopUpdate] [P2A not sets VIPI mvIn  ] 3dnrSM1(0 S0P1W2),ES(0x00 FsSzDfLrIn),WH(1566,1176),OfstXY(0,0),mem<va(0x9ff79000)/pa(0xab00000)/TS(26344267789000)/size(0x1c19d0)>,mPrvQueSz(1),imgSizeWH(1566,1176),PrvWH(1566,1176),ExtOfstByte(0)
I/MtkCam/FeaturePipe(  249): [P2A:threadLoopUpdate] 3dnrSM2(0 S0P1W2),ES(0x00 FsSzDfLrIn),NmvX/Y(0, 0).Img3oOfX/Y(264, 188),onOfX/Y(0, 0).onW/H(0, 0).VipiOff/W/H(0, 0, 0).MaxIsoInc(100)
I/MtkCam/FeaturePipe(  249): [P2A:threadLoopUpdate] FStrm enq (frame 30863)
D/MDP     (  249): DpIsp: in: (2096, 1552, 3936, 0, C21, P2)
D/MDP     (  249): DpIsp: out0: (1440, 1080, 1440, 720, C8s, P2), misc: (R:0, F:0, S:1, D:0, T:0)
D/MDP     (  249): DpIsp: crop: (265, 189, 1566, 1176)
I/        (  245): [BWC INFO](245): get_bwc_mm_property success
D/MDP     (  245): DpBlit: in: (1440, 1080, 1440, 720, C8s, P2), crop: (0, 0, 1440, 1080)
D/MDP     (  245): DpBlit: out: (1080, 1440, 2160, 0, C5, P2), misc: (X:0, Y:0, R:90, F:0, S:1, D:0)
D/MDP     (  245): [TDSHP][PQDC] DISP_IOCTL_PQ_GET_TDSHP_FLAG()... tuning flag[0]
D/MDP     (  249): DpIsp: 0xb882abc0, src 0 ms
D/MtkCam/FeaturePipe(  249): [performCallback] FeatureGraph callback FrameNo(30863)
D/MtkCam/P2Node(  249): [0:handleP2Done] type 5: cnt 30864 in 1 out 2
D/MtkCam/ISC(  249): [dropPass2Info] Erase # 0x788F,ImgBuf(0xB89D6620),IsR(1)
D/MtkCam/DBHdl(  249): [:enqueBuffer]buf(0xb8947918),VA(0xA78F8000),BS(1555200),Id(407),TS(26344.367808),F(0x32315659),S(1440x1080),Str(1440,720,720)
D/MtkCam/FeaturePipeDataHdl(  249): [returnBuffer] data(1003), buf(0xb87cbda8)
D/MtkCam/MtkCamUtils(  249): (APClient@ImgBufQue)[dequeProvider] Empty Que
D/MtkCam/DBHdl(  249): [:enqueBuffer]buf(0xb89146c8),VA(0xA8E0F000),BS(614400),Id(397),TS(26344.367808),F(0x00000014),S(640x480),Str(1280,0,0)
D/MtkCam/DisplayClient(  249): [handleReturnBuffers] + (100) 34ms < Duration(101)
I/SurfaceView( 4669): updateWindow -- OnPreDrawListener, mHaveFrame = true, this = android.view.SurfaceView{42c5b6b8 V.E..... ........ 0,211-1080,1651}
D/MtkCam/DisplayClient(  249): [handleReturnBuffers] Show frame:0 1 [ion:407 0xa78f8000/2332800 26344367808000]
D/MtkCam/DisplayClient(  249): [handleReturnBuffers] -
D/MtkCam/CamClient/FDClient(  249): (6149)[waitAndHandleReturnBuffers] -
D/MtkCam/CamClient/FDClient(  249): (6149)[doFD] +
D/MtkCam/CamClient/FDClient(  249): (6149)[doBufferAnalysis] plane: 1
D/mHalFDVT(  249): (6149)[halFTBufferCreate] DO RGB565 (SW) In
D/mHalFDVT(  249): (6149)[halFTBufferCreate] DO RGB565 (SW) Out
D/mHalFDVT(  249): (6149)[halFDYUYV2ExtractY] DO Extract Y In
D/MDP     (  245): DpBlit: time 6 ms, type 0
D/mHalFDVT(  249): (6149)[halFDYUYV2ExtractY] DO Extract Y Out
D/mHalFDVT(  249): (6149)[halFDDo] SD Status: SDEnable:0, img_w:320, img_h:240, Src_Phy_Addr:0x5600000,
D/mHalFDVT(  249): (6149)[halFDDo] [halFDDo] IN,  1
D/mHalFDVT(  249): (6149)[halFDDo] FDVTMain IN
D/FDVT_Drv(  249): Set RS_Config, Src_W = 640, Src_H = 480, src_Format = 0, g_rs_num:12
D/FDVT_Drv(  249): Check RS_Config, rs[2]= 0x901e0280, rs[3]= 0xc33312c1,  rs[5]= 0x280,
D/FDVT_Drv(  249): SW RIP Input: 6,
D/FDVT_Drv(  249): FDRegisterConfig In, (HW)skip:0, 
D/FDVT_Drv(  249): FDRegisterConfig Out
D/FDVT_Drv(  249): Do Flush (IMEM) 
D/FDVT_Drv(  249): Set Start HW in 
D/FDVT_Drv(  249): Set Start HW out 
D/FDVT_Drv(  249): FDGetHWResult In
D/MtkCam/DisplayClient(  249): [waitAndHandleReturnBuffers] +
I/        (  245): [BWC INFO](245): get_bwc_mm_property success
D/MDP     (  245): DpBlit: in: (1440, 1080, 1440, 720, C8s, P2), crop: (0, 0, 1440, 1080)
D/MDP     (  245): DpBlit: out: (1080, 1440, 2160, 0, C5, P2), misc: (X:0, Y:0, R:90, F:0, S:1, D:0)
D/MDP     (  245): [TDSHP][PQDC] DISP_IOCTL_PQ_GET_TDSHP_FLAG()... tuning flag[0]
I/SurfaceView( 4669): updateWindow -- OnPreDrawListener, mHaveFrame = true, this = android.view.SurfaceView{42c5b6b8 V.E..... ........ 0,211-1080,1651}
D/MDP     (  245): DpBlit: time 5 ms, type 0
I/        (  245): [BWC INFO](245): get_bwc_mm_property success
D/MDP     (  245): DpBlit: in: (1440, 1080, 1440, 720, C8s, P2), crop: (0, 0, 1440, 1080)
D/MDP     (  245): DpBlit: out: (1080, 1440, 2160, 0, C5, P2), misc: (X:0, Y:0, R:90, F:0, S:1, D:0)
D/MDP     (  245): [TDSHP][PQDC] DISP_IOCTL_PQ_GET_TDSHP_FLAG()... tuning flag[0]
I/SurfaceView( 4669): updateWindow -- OnPreDrawListener, mHaveFrame = true, this = android.view.SurfaceView{42c5b6b8 V.E..... ........ 0,211-1080,1651}
D/MDP     (  245): DpBlit: time 5 ms, type 0
I/        (  245): [BWC INFO](245): get_bwc_mm_property success
I/SurfaceFlinger(  245): [Built-in Screen (type:0)] fps:59.266907,dur:1012.37,max:22.29,min:12.09
D/MDP     (  245): DpBlit: in: (1440, 1080, 1440, 720, C8s, P2), crop: (0, 0, 1440, 1080)
D/MDP     (  245): DpBlit: out: (1080, 1440, 2160, 0, C5, P2), misc: (X:0, Y:0, R:90, F:0, S:1, D:0)
D/MDP     (  245): [TDSHP][PQDC] DISP_IOCTL_PQ_GET_TDSHP_FLAG()... tuning flag[0]
I/SurfaceView( 4669): updateWindow -- OnPreDrawListener, mHaveFrame = true, this = android.view.SurfaceView{42c5b6b8 V.E..... ........ 0,211-1080,1651}
D/MDP     (  245): DpBlit: time 5 ms, type 0
E/memtrack( 9853): Couldn't load memtrack module (No such file or directory)
E/android.os.Debug( 9853): failed to load memtrack module: -2
I/        (  245): [BWC INFO](245): get_bwc_mm_property success
D/MDP     (  245): DpBlit: in: (1440, 1080, 1440, 720, C8s, P2), crop: (0, 0, 1440, 1080)
D/MDP     (  245): DpBlit: out: (1080, 1440, 2160, 0, C5, P2), misc: (X:0, Y:0, R:90, F:0, S:1, D:0)
D/MDP     (  245): [TDSHP][PQDC] DISP_IOCTL_PQ_GET_TDSHP_FLAG()... tuning flag[0]
I/SurfaceView( 4669): updateWindow -- OnPreDrawListener, mHaveFrame = true, this = android.view.SurfaceView{42c5b6b8 V.E..... ........ 0,211-1080,1651}
D/MDP     (  245): DpBlit: time 5 ms, type 0
D/FDVT_Drv(  249): Do Ivalid (IMEM) 
D/FDVT_Drv(  249): HW_Result: GFD_NUM: 0 LFD_NUM: 0 L_TYPE:1, 
D/FDVT_Drv(  249): FDGetHWResult Out
D/FDVT_Drv(  249): Final: HW_NUM:0, Filter_NUM:0, SKIP_NUM:0
D/SWFD_MAIN(  249): SWFDMain face num is 0
D/mHalFDVT(  249): (6149)[halFDDo] FDVTMain out
D/mHalFDVT(  249): (6149)[halFDGetFaceResult] [halFDGetFaceResult]m_DispW(320) m_DispH(240)
D/MtkCam/CamClient/FDClient(  249): (6149)[doFD] Scenario FD Num: 0
D/MtkCam/CamClient/FDClient(  249): (6149)[doFD] Scenario SD Result1: 0
D/MtkCam/CamClient/FDClient(  249): (6149)[doFD] -
D/Hal3AAdapter1(  249): [init] MtkCam/CamClient/FDClient(4)
D/af_mgr  (  249): [setFDInfo]cnt:0, X:1048 Y:776 W:0 H:0
D/Hal3AAdapter1(  249): [uninit] MtkCam/CamClient/FDClient(4)
W/MtkCam/CamClient/FDClient(  249): (6149)[performCallback] No FD CB: isDetected_FD(0), mIsDetected_FD(0), isMsgEnabled(1)
W/MtkCam/CamClient/FDClient(  249): (6149)[performCallback] No SD CB: isDetected_SD(0), mIsSDenabled(0), isMsgEnabled(1)
W/MtkCam/CamClient/FDClient(  249): (6149)[performCallback] No GD CB: isDetected_GD(0), mIsGDenabled(0), isMsgEnabled(1)
D/mHalFDVT(  249): (6149)[halFDGetFaceResult] [halFDGetFaceResult]m_DispW(320) m_DispH(240)
D/MtkCam/ParamsManager(  249): [getShotModeStr] normal
D/MtkCam/CamClient/FDClient(  249): (6149)[waitAndHandleReturnBuffers] +
D/aaa_hal (  249): [waitVSirq]
D/aaa_hal (  249): [Timer:start: VS Timer, SensorDevId: 1] timer start. bClrTime=1
D/aaa_hal/3Athread(  249): CmdQ-size(1), todo(10, 30865)
D/aaa_hal (  249): [Timer:End: VS Timer, SensorDevId: 1] =====> time(ms): current=0.021538,   sum=0.021538
D/        (  249): [AAA_Scheduler::importWork]+, mNormalizeM=1, mSensorDevId=1
D/af_mgr  (  249): [m_cur_frm_num] 30865 [get_frm_ststus] 0
D/AeAlgo  (  249): [HWFlareValue]max flare :160 
D/AeAlgo  (  249): [getFlareAlgo] i2FlareOffset:13,PreFlare13, Max_Step_gap: 2, gain:0 max:160 min:0
D/ae_mgr  (  249): [doPvAE()][AEScheduler] AECalc:1 AEApply:2 AEFlare:4 VDnum:0 AvgY:0
D/ae_mgr  (  249): [doPvAE():PassToAlgo] rAEInput.PreEvSetting[N-1]:99997/15360/1544 rAEInput.PreEvSetting[N-2]:99997/15360/1544 rAEInput.PreEvSetting[N-3]:99997/15360/1544 rAEInput.CycleInfo.m_i4FrameCnt:30862
D/AeAlgo  (  249): [processAE] bPerFrameAESmooth:1 m_bAENotPerFrameMode:0
D/AeAlgo  (  249): [parserAEInput] m_bPerFrameETFlag:1 bPerFrameETIspFlag:1 CurActExp:99997 NextActExp:99997 CurActExpIdx:2 NextActExpIdx:0 MinGainDelay:1 CurActAfe:15360 NextActAfe:15360 CurAplExpIdx:1 CurAplAfe:15360
D/AeAlgo  (  249): [calTargetProbs] [ABL, ABL_DIFF(0):0/BV(-7955):0/P:0],[HS,  HS_FLAT(Y[1, 1] Diff:0):Prob:1024, HS_COLOR(0):1024],[COEP,Orig_Y:0, Prob_OuterY:1024, Orig_Diff:0, Prob_Diff:0, COE_P:0],[NS,  NS_BV(-7955):1024, NS_FLAT(Y[1,1],Diff:0):Prob:1024],
D/AeAlgo  (  249): [getRecommendCWTarget_v2p0] u4FinalCW:55,  m_u4AvgWValue/m_u4CWValue:0/0, weight(aoe/abl/hs/ns): 0,0,0,1024, target(aoe/abl/hs/ns): 55,55,55,55
D/AeAlgo  (  249): [getRecommendCWTarget_v2p0] Final AE Target 55, AvgY/CWY: 0/0, AOE/BL/HS/NS 55/55/55/55
D/AeAlgo  (  249): [getDeltaIndex_v2p0] eSensorDev:0 m_u4Index:143, isConverged:0, m_u4CWRecommend/m_u4CWValue/m_u4AccW/i4DeltaIndex/i4AccRatio/i4EVRatio/i4EVDiffx1000/i4EVRatioDiff/i4PrevEvDiffFrac/m_i4EvDiffFrac/m_u4FracGain 55/0/0/49/0/85/5781/4913/0/0/1024
D/AeAlgo  (  249): [processAE] The AE index is at the boundary Idx:143 DeIdx:392 Max:143 Min:0
D/AeAlgo  (  249): [calEquivalentTranslation] limit eq_ratio:1000 
D/AeAlgo  (  249): [calEquivalentTranslation] eq no need
D/ae_mgr  (  249): [UpdateSensorISPParams:s] i4SensorDev:1 VDNum 0, Prev 99997/15360/1544, Cur 99997/15360/1544, Output 99997/15360/1544 WOUpdateSensor:0
D/ae_mgr  (  249): [UpdateSensorISPParams()] Isp gain value(current) = 1544
D/ae_mgr  (  249): [updatePreEvSettingQueue()] m_PreEvSettingQueue[N-1]:99997/15360/1544 m_PreEvSettingQueue[N-2]:99997/15360/1544 m_PreEvSettingQueue[N-3]:99997/15360/1544 
D/aaa_hal/3Athread(  249): [AESensorThreadLoop] updateSensorbyI2C
D/aaa_hal/3Athread(  249): [postToAESenThread] sem_post semAESen, semAESenThdEnd before wait = 1
D/ae_mgr  (  249): [updateSensorbyI2C()] Exposure time value is repeat (skip send command)= 99997
D/ae_mgr  (  249): [updateSensorbyI2C()] Sensor gain value is repeat (skip send command)= 15360
D/aaa_hal/3Athread(  249): [AESensorThreadLoop] semAESenThdEnd before post = 0
D/awb_state(  249): [Searching::sendIntent]<eIntent_AWBScan>
D/aaa_state_camera_preview(  249): lv(0),cct(5203),rgain(1162),bgain(512),ggain(837),fluoidx(100), dayflouidx(12)
D/ShadingTrans_RA(  249): [LscRaSwMain] 
D/paramctrl_per_frame(  249): [prepareHw_PerFrame_LSC] (flash, iso, rto) = (0, 2442, 7)
D/paramctrl_per_frame(  249): [applyToHw_PerFrame_All +] i4FrameID(0x    7891)
I/TuningMgr(  249): [dequeBuffer] scenario(0),MagicNum(0x7891)
D/isp_mgr_sl2(  249): [apply] eSwScn(0), bSL2_EN(1), u4SL2_EN(1), u4SL2b_EN(1), u4SL2c_EN(1), CAM_SL2_CEN(0x030b041c), CAM_SL2_MAX0_RR(0x000255d3), CAM_SL2_MAX1_RR(0x0009574c), CAM_SL2_MAX2_RR(0x00109b33)
I/TuningMgr(  249): [enqueBuffer] scenario(0),MagicNum(0x7891)
D/paramctrl_per_frame(  249): [applyToHw_PerFrame_All -] i4FrameID(0x    7891)
D/EisDrv  (  249): [p1TuningNotify]me_ctrl2(0x00006090)
D/aaa_hal (  249): [AFThread] sem_post g_semAFThreadstart, semAFProcEnd before wait = 1
D/MtkCam/DCNode(  249): [0::doNotifyCb]3APROC_FINISH:0x00007891,0x00000003
D/aaa_hal/3Athread(  249): rCmd(10), magic#(30865)-
D/isp_mgr_lsc(  249): enableLsc 1
D/isp_mgr_lsc(  249): [putAddr] eSensorDev(1), m_eSensorTG(1), u4BaseAddr(0x05200000)
D/isp_mgr_lsc(  249): [put<NSIspTuning::ISP_NVRAM_LSC_T>
I/        (  245): [BWC INFO](245): get_bwc_mm_property success
D/MDP     (  245): DpBlit: in: (1440, 1080, 1440, 720, C8s, P2), crop: (0, 0, 1440, 1080)
D/MDP     (  245): DpBlit: out: (1080, 1440, 2160, 0, C5, P2), misc: (X:0, Y:0, R:90, F:0, S:1, D:0)
D/MDP     (  245): [TDSHP][PQDC] DISP_IOCTL_PQ_GET_TDSHP_FLAG()... tuning flag[0]
I/SurfaceView( 4669): updateWindow -- OnPreDrawListener, mHaveFrame = true, this = android.view.SurfaceView{42c5b6b8 V.E..... ........ 0,211-1080,1651}
D/MDP     (  245): DpBlit: time 5 ms, type 0
D/aaa_hal (  249): [Hal3A::AFThreadFunc] AF waitIrq done
D/flashlight_drv.cpp(  249): isOn()
D/flashlight_drv.cpp(  249): 
D/flash_mgr_m.cpp(  249): isAFLampOn 0
D/af_mgr  (  249): DoAFTG1 [XY]16 16 [Sz]344 252  [G]15 24 37 57 84 123 178 [Hz]2096 
D/af_mgr  (  249): FL_FV 0 0
D/af_mgr  (  249): [AFStatH]0 [AFStatV]16 [moveMCUTG1] 641
D/af_mgr  (  249): TAFtmp pre 641 next 641
D/aaa_hal (  249): [AFThread] semAFProcEnd before post = 0
D/EisDrv  (  249): [UpdateEisoIdx]Eiso:idx(0->1),NEXT(va,pa)=(0xa8ee0100,0x0bc00100)
D/EisDrv  (  249): [UpdateEisoIdx]post mTsSem
D/EisDrv  (  249): [UpdateEiso]Eiso:idx(1),PA(0x0bc00100)
D/EisDrv  (  249): [UpdateEiso]-
D/MtkCam/P1Node(  249): [0:dequeLoop] frame 30870: deque-,1
D/MtkCam/DCNode(  249): [0::onNotify](0x00000080,0x00007892,0x00007890)
D/aaa_hal/3Athread(  249): [addCommandQ] mCmdQ size(1) + cmd(10) magic(30866)
D/MtkCam/ISC(  249): [getPass1Crop] 0: TS(4),# 0x7892,IsR(1),ZR(2,100/132),C(0,0,2096x1552),S(2096x1552)
D/MtkCam/P1Node(  249): [updateDeque] deq port 0x1010f, buf 0xb8913598, t 26344467839000
D/MtkCam/ISC(  249): [addPass1Info] 0: TS(1),# 0x7890,VA(0xB8913598),IsR(1),IsNew(1)
D/EisHal  (  249): [DoEis]EisIn(2092,1548),P1T(1743,1290)
D/EisDrv  (  249): [GetEisHwStatistic]wait mTsSem(26344467839000)
D/EisDrv  (  249): [GetEisHwStatistic]got mTsSem
D/EisDrv  (  249): [GetEisHwStatistic]pEisoAddr(0xa8ee0900)
D/EisHal  (  249): [PrepareEisResult]cmvX(44544),cmvY(33024)
D/EisHal  (  249): [PrepareEisResult]X(174,0),Y(129,0)
D/MtkCam/P2Node(  249): [0:pushBuf] size 1, data 31, buf 0xb8913598
D/MtkCam/BaseHeap(  249): [Cam1Heap::onCreate] [MtkCam/DBHdl] this:0xb8998a18 1440x1080 format:0x32315659
D/MtkCam/DBHdl(  249): [:dequeBuffer]buf(0xb870e248),VA(0xA5A6B000/0xA5BE6B00/0xA5C459C0),BS(1555200=1555200+388800+388800),Id(408),F(0x32315659),S(1440x1080),Str(1440,720,720),R(0),U(3)
D/MtkCam/MtkCamUtils(  249): (PrvCB@ImgBufQue)[dequeProvider] Empty Que
D/MtkCam/BaseHeap(  249): [Cam1Heap::onCreate] [MtkCam/DBHdl] this:0xb87ce9c8 640x480 format:0x14
D/MtkCam/DBHdl(  249): [:dequeBuffer]buf(0xb89146c8),VA(0xA7EBC000/0x00000000/0x00000000),BS(614400=614400+0+0),Id(404),F(0x00000014),S(640x480),Str(1280,0,0),R(0),U(0)
D/MtkCam/ISC(  249): [getPass2Info] 0: ImgBuf(0xB8913598),# 0x7890,PD(0xA4DA4280/152),ZR(0,100/132),S(1440x1080),C(265,189,1566x1176)
D/MtkCam/P2Node(  249): [0:enquePass2] i 0 data 31, buf 0xb8913598, va 0xa42f3000, # 0x7890, type 5 cnt 30865
D/MtkCam/P2Node(  249): [0:enquePass2] data 41, buf 0xb870e248, va 0xa5a6b000, tans 0 usg 3
D/MtkCam/P2Node(  249): [0:enquePass2] data 45, buf 0xb89146c8, va 0xa7ebc000, tans 0 usg 0
D/MtkCam/P2Node(  249): [0:enquePass2] IMG2O:B(0xb89146c8),S(640x480),C(265,189,1566x1176)
D/MtkCam/FeaturePipe(  249): [enqueFeatureGraph] FrameNo(30864)
D/MtkCam/P1Node(  249): [0:processBufOp] replace port 0x1010f old/new 0xb8913598/0xb89d6620 va 0xa42f3000/0xa374b000
D/MtkCam/P1Node(  249): [0:dequeLoop] frame 30871: deque+
D/EisHal  (  249): [GetEisInfoAtP2]FeaturePipe_3DNR(1)
I/MtkCam/FeaturePipe(  249): [P2A:threadLoopUpdate] gmv_ana,frm[30864],gmv(x,y)=[    0,    0],IsSupportEis(1),SenorIdx(0),NmvX/Y(    0,    0)(ori     0,    0),CmvX/Y(  174,  129)(diff     0,    0)(ori   174,  129),x/yInt(  174,  129),x/yFlt(        0,        0),DoEisCount(30870),ConfidX/y(0,0),EisTS(26344467839000),ImgiTS(26344467839000),GnZoCnt(60)
D/MtkCam/FeaturePipeDataHdl(  249): [getBuffer] data(1003), trans(0)
D/MtkCam/FeaturePipeDataHdl(  249): [getBuffer] -
I/MtkCam/FeaturePipe(  249): [P2A:threadLoopUpdate] [P2A not sets IMG3O mvOut] 3dnrSM0(0 S0P1W2),ES(0x00 FsSzDfLrIn),WH(1566,1176),OfstXY(264,188),mem<va(0xa15f7000)/pa(0x8e00000)/TS(26344467839000)/size(0x1c19d0)>
I/MtkCam/FeaturePipe(  249): [P2A:threadLoopUpdate] [P2A not sets VIPI mvIn  ] 3dnrSM1(0 S0P1W2),ES(0x00 FsSzDfLrIn),WH(1566,1176),OfstXY(0,0),mem<va(0xa2c75000)/pa(0x7d00000)/TS(26344367808000)/size(0x1c19d0)>,mPrvQueSz(1),imgSizeWH(1566,1176),PrvWH(1566,1176),ExtOfstByte(0)
I/MtkCam/FeaturePipe(  249): [P2A:threadLoopUpdate] 3dnrSM2(0 S0P1W2),ES(0x00 FsSzDfLrIn),NmvX/Y(0, 0).Img3oOfX/Y(264, 188),onOfX/Y(0, 0).onW/H(0, 0).VipiOff/W/H(0, 0, 0).MaxIsoInc(100)
I/MtkCam/FeaturePipe(  249): [P2A:threadLoopUpdate] FStrm enq (frame 30864)
D/MDP     (  249): DpIsp: in: (2096, 1552, 3936, 0, C21, P2)
D/MDP     (  249): DpIsp: out0: (1440, 1080, 1440, 720, C8s, P2), misc: (R:0, F:0, S:1, D:0, T:0)
D/MDP     (  249): DpIsp: crop: (265, 189, 1566, 1176)
I/        (  245): [BWC INFO](245): get_bwc_mm_property success
D/MDP     (  245): DpBlit: in: (1440, 1080, 1440, 720, C8s, P2), crop: (0, 0, 1440, 1080)
D/MDP     (  245): DpBlit: out: (1080, 1440, 2160, 0, C5, P2), misc: (X:0, Y:0, R:90, F:0, S:1, D:0)
D/MDP     (  245): [TDSHP][PQDC] DISP_IOCTL_PQ_GET_TDSHP_FLAG()... tuning flag[0]
D/MDP     (  249): DpIsp: 0xb882abc0, src 0 ms
D/MtkCam/FeaturePipe(  249): [performCallback] FeatureGraph callback FrameNo(30864)
D/MtkCam/FeaturePipeDataHdl(  249): [returnBuffer] data(1003), buf(0xb8913620)
D/MtkCam/P2Node(  249): [0:handleP2Done] type 5: cnt 30865 in 1 out 2
D/MtkCam/ISC(  249): [dropPass2Info] Erase # 0x7890,ImgBuf(0xB8913598),IsR(1)
I/SurfaceView( 4669): updateWindow -- OnPreDrawListener, mHaveFrame = true, this = android.view.SurfaceView{42c5b6b8 V.E..... ........ 0,211-1080,1651}
D/MtkCam/DBHdl(  249): [:enqueBuffer]buf(0xb870e248),VA(0xA5A6B000),BS(1555200),Id(408),TS(26344.467839),F(0x32315659),S(1440x1080),Str(1440,720,720)
D/MtkCam/MtkCamUtils(  249): (APClient@ImgBufQue)[dequeProvider] Empty Que
D/MtkCam/DBHdl(  249): [:enqueBuffer]buf(0xb89146c8),VA(0xA7EBC000),BS(614400),Id(404),TS(26344.467839),F(0x00000014),S(640x480),Str(1280,0,0)
D/MtkCam/CamClient/FDClient(  249): (6149)[waitAndHandleReturnBuffers] -
D/MtkCam/CamClient/FDClient(  249): (6149)[doFD] +
D/MtkCam/CamClient/FDClient(  249): (6149)[doBufferAnalysis] plane: 1
D/mHalFDVT(  249): (6149)[halFTBufferCreate] DO RGB565 (SW) In
D/MDP     (  245): DpBlit: time 5 ms, type 0
D/mHalFDVT(  249): (6149)[halFTBufferCreate] DO RGB565 (SW) Out
D/mHalFDVT(  249): (6149)[halFDYUYV2ExtractY] DO Extract Y In
D/mHalFDVT(  249): (6149)[halFDYUYV2ExtractY] DO Extract Y Out
D/mHalFDVT(  249): (6149)[halFDDo] SD Status: SDEnable:0, img_w:320, img_h:240, Src_Phy_Addr:0x5700000,
D/mHalFDVT(  249): (6149)[halFDDo] [halFDDo] IN,  1
D/MtkCam/DisplayClient(  249): [handleReturnBuffers] + (100) 34ms < Duration(107)
D/MtkCam/DisplayClient(  249): [handleReturnBuffers] Show frame:0 1 [ion:408 0xa5a6b000/2332800 26344467839000]
D/MtkCam/DisplayClient(  249): [handleReturnBuffers] -
D/mHalFDVT(  249): (6149)[halFDDo] FDVTMain IN
D/FDVT_Drv(  249): Set RS_Config, Src_W = 640, Src_H = 480, src_Format = 0, g_rs_num:12
D/FDVT_Drv(  249): Check RS_Config, rs[2]= 0x901e0280, rs[3]= 0xc33312c1,  rs[5]= 0x280,
D/FDVT_Drv(  249): SW RIP Input: 1,
D/FDVT_Drv(  249): FDRegisterConfig In, (HW)skip:0, 
D/FDVT_Drv(  249): FDRegisterConfig Out
D/FDVT_Drv(  249): Do Flush (IMEM) 
D/FDVT_Drv(  249): Set Start HW in 
D/FDVT_Drv(  249): Set Start HW out 
D/FDVT_Drv(  249): FDGetHWResult In
I/        (  245): [BWC INFO](245): get_bwc_mm_property success
D/MtkCam/DisplayClient(  249): [waitAndHandleReturnBuffers] +
D/MDP     (  245): DpBlit: in: (1440, 1080, 1440, 720, C8s, P2), crop: (0, 0, 1440, 1080)
D/MDP     (  245): DpBlit: out: (1080, 1440, 2160, 0, C5, P2), misc: (X:0, Y:0, R:90, F:0, S:1, D:0)
D/MDP     (  245): [TDSHP][PQDC] DISP_IOCTL_PQ_GET_TDSHP_FLAG()... tuning flag[0]
I/SurfaceView( 4669): updateWindow -- OnPreDrawListener, mHaveFrame = true, this = android.view.SurfaceView{42c5b6b8 V.E..... ........ 0,211-1080,1651}
D/MDP     (  245): DpBlit: time 5 ms, type 0
D/AndroidRuntime( 9853): Calling main entry com.android.commands.wm.Wm
D/dalvikvm( 9853): threadid=9: interp stack at 0x73b70000
D/dalvikvm( 9853): threadid=10: interp stack at 0x73c90000
I/        (  245): [BWC INFO](245): get_bwc_mm_property success
D/MDP     (  245): DpBlit: in: (1440, 1080, 1440, 720, C8s, P2), crop: (0, 0, 1440, 1080)
D/MDP     (  245): DpBlit: out: (1080, 1440, 2160, 0, C5, P2), misc: (X:0, Y:0, R:90, F:0, S:1, D:0)
D/MDP     (  245): [TDSHP][PQDC] DISP_IOCTL_PQ_GET_TDSHP_FLAG()... tuning flag[0]
I/SurfaceView( 4669): updateWindow -- OnPreDrawListener, mHaveFrame = true, this = android.view.SurfaceView{42c5b6b8 V.E..... ........ 0,211-1080,1651}
D/MDP     (  245): DpBlit: time 6 ms, type 0
D/AndroidRuntime( 9853): Shutting down VM
D/dalvikvm( 9853): threadid=1: bye!
D/dalvikvm( 9853): DestroyJavaVM waiting for non-daemon threads to exit
D/dalvikvm( 9853): threadid=1: interp stack at 0x73ccd000
D/dalvikvm( 9853): threadid=9: bye!
D/dalvikvm( 9853): threadid=10: last non-daemon thread
D/dalvikvm( 9853): threadid=10: bye!
D/dalvikvm( 9853): DestroyJavaVM shutting VM down
D/dalvikvm( 9853): VM shutting down
D/dalvikvm( 9853): between the previous GC alloc  702K
D/dalvikvm( 9853): GC_CONCURRENT freed 95K (978), 14% free 607K/704K, paused 1ms+1ms, total 4ms
D/dalvikvm( 9853): threadid=5: bye!
D/jdwp    ( 9853): JDWP shutting down net...
D/jdwp    ( 9853): +++ writing to wakePipe
E/jdwp    ( 9853): jdwp::setsockopt(SO_SNDTIMEO)
E/jdwp    ( 9853): jdwp::setsockopt(SO_RCVTIMEO)
D/jdwp    ( 9853): JDWP: thread exiting
D/dalvikvm( 9853): threadid=7: bye!
W/ADB_SERVICES(  309): terminating JDWP 9853 connection: Try again
D/ADB_SERVICES(  309): remove pid 9853 to jdwp process list
D/jdwp    ( 9853): JDWP freeing netstate...
I/dalvikvm( 9853): threadid=6: ignore signal 3
D/dalvikvm( 9853): threadid=6: bye!
D/dalvikvm( 9853): 126 compilations using 4096 + 14472 bytes
D/dalvikvm( 9853): Compiler arena uses 6 blocks (8100 bytes each)
D/dalvikvm( 9853): Compiler work queue length is 0/9
D/dalvikvm( 9853): JIT: table size is 4096, entries used is 133
D/dalvikvm( 9853): JIT: 133 traces, 4096 slots, 6 chains, 40 thresh, Non-blocking
D/dalvikvm( 9853): JIT: 73 Translation chains, 7 interp stubs
D/dalvikvm( 9853): dalvik.vm.jit.op = 0-2,7,a,c,e-f,11-14,1c-1e,21,23,28,2c,32-39,44,46,48-49,4b,4d,50,52,54-55,59,62,70-71,8e,90,95-96,b0-b1,b5,b7,d5,d8,da,dd,e0-e2,ee,f0-f2,f4-f6,f8,
D/dalvikvm( 9853): Code size stats: 0/780 (compiled/total Dalvik), 0 (native)
D/dalvikvm( 9853): Compiler thread shutting down
D/dalvikvm( 9853): threadid=8: bye!
D/dalvikvm( 9853): Compiler thread has shut down
D/dalvikvm( 9853): threadid=1: suspending daemon id=4 name='FinalizerWatchdogDaemon'
D/dalvikvm( 9853): threadid=1: suspending daemon id=3 name='FinalizerDaemon'
D/dalvikvm( 9853): threadid=1: suspending daemon id=2 name='ReferenceQueueDaemon'
I/        (  245): [BWC INFO](245): get_bwc_mm_property success
D/MDP     (  245): DpBlit: in: (1440, 1080, 1440, 720, C8s, P2), crop: (0, 0, 1440, 1080)
D/MDP     (  245): DpBlit: out: (1080, 1440, 2160, 0, C5, P2), misc: (X:0, Y:0, R:90, F:0, S:1, D:0)
D/MDP     (  245): [TDSHP][PQDC] DISP_IOCTL_PQ_GET_TDSHP_FLAG()... tuning flag[0]
I/SurfaceView( 4669): updateWindow -- OnPreDrawListener, mHaveFrame = true, this = android.view.SurfaceView{42c5b6b8 V.E..... ........ 0,211-1080,1651}
D/MDP     (  245): DpBlit: time 5 ms, type 0
I/        (  245): [BWC INFO](245): get_bwc_mm_property success
D/MDP     (  245): DpBlit: in: (1440, 1080, 1440, 720, C8s, P2), crop: (0, 0, 1440, 1080)
D/MDP     (  245): DpBlit: out: (1080, 1440, 2160, 0, C5, P2), misc: (X:0, Y:0, R:90, F:0, S:1, D:0)
D/MDP     (  245): [TDSHP][PQDC] DISP_IOCTL_PQ_GET_TDSHP_FLAG()... tuning flag[0]
I/SurfaceView( 4669): updateWindow -- OnPreDrawListener, mHaveFrame = true, this = android.view.SurfaceView{42c5b6b8 V.E..... ........ 0,211-1080,1651}
D/FDVT_Drv(  249): Do Ivalid (IMEM) 
D/FDVT_Drv(  249): HW_Result: GFD_NUM: 0 LFD_NUM: 0 L_TYPE:1, 
D/FDVT_Drv(  249): FDGetHWResult Out
D/FDVT_Drv(  249): Final: HW_NUM:0, Filter_NUM:0, SKIP_NUM:0
D/SWFD_MAIN(  249): SWFDMain face num is 0
D/mHalFDVT(  249): (6149)[halFDDo] FDVTMain out
D/mHalFDVT(  249): (6149)[halFDGetFaceResult] [halFDGetFaceResult]m_DispW(320) m_DispH(240)
D/MtkCam/CamClient/FDClient(  249): (6149)[doFD] Scenario FD Num: 0
D/MtkCam/CamClient/FDClient(  249): (6149)[doFD] Scenario SD Result1: 0
D/MtkCam/CamClient/FDClient(  249): (6149)[doFD] -
D/Hal3AAdapter1(  249): [init] MtkCam/CamClient/FDClient(4)
D/af_mgr  (  249): [setFDInfo]cnt:0, X:1048 Y:776 W:0 H:0
D/Hal3AAdapter1(  249): [uninit] MtkCam/CamClient/FDClient(4)
W/MtkCam/CamClient/FDClient(  249): (6149)[performCallback] No FD CB: isDetected_FD(0), mIsDetected_FD(0), isMsgEnabled(1)
W/MtkCam/CamClient/FDClient(  249): (6149)[performCallback] No SD CB: isDetected_SD(0), mIsSDenabled(0), isMsgEnabled(1)
W/MtkCam/CamClient/FDClient(  249): (6149)[performCallback] No GD CB: isDetected_GD(0), mIsGDenabled(0), isMsgEnabled(1)
D/mHalFDVT(  249): (6149)[halFDGetFaceResult] [halFDGetFaceResult]m_DispW(320) m_DispH(240)
D/MDP     (  245): DpBlit: time 5 ms, type 0
D/MtkCam/ParamsManager(  249): [getShotModeStr] normal
D/MtkCam/CamClient/FDClient(  249): (6149)[waitAndHandleReturnBuffers] +
D/aaa_hal (  249): [waitVSirq]
D/aaa_hal (  249): [Timer:start: VS Timer, SensorDevId: 1] timer start. bClrTime=1
D/aaa_hal/3Athread(  249): CmdQ-size(1), todo(10, 30866)
D/aaa_hal (  249): [Timer:End: VS Timer, SensorDevId: 1] =====> time(ms): current=0.044154,   sum=0.044154
D/        (  249): [AAA_Scheduler::importWork]+, mNormalizeM=1, mSensorDevId=1
D/af_mgr  (  249): [m_cur_frm_num] 30866 [get_frm_ststus] 0
D/AeAlgo  (  249): [HWFlareValue]max flare :160 
D/AeAlgo  (  249): [getFlareAlgo] i2FlareOffset:13,PreFlare13, Max_Step_gap: 2, gain:0 max:160 min:0
D/ae_mgr  (  249): [doPvAE()][AEScheduler] AECalc:1 AEApply:2 AEFlare:4 VDnum:0 AvgY:0
D/ae_mgr  (  249): [doPvAE():PassToAlgo] rAEInput.PreEvSetting[N-1]:99997/15360/1544 rAEInput.PreEvSetting[N-2]:99997/15360/1544 rAEInput.PreEvSetting[N-3]:99997/15360/1544 rAEInput.CycleInfo.m_i4FrameCnt:30863
D/AeAlgo  (  249): [processAE] bPerFrameAESmooth:1 m_bAENotPerFrameMode:0
D/AeAlgo  (  249): [parserAEInput] m_bPerFrameETFlag:1 bPerFrameETIspFlag:1 CurActExp:99997 NextActExp:99997 CurActExpIdx:2 NextActExpIdx:0 MinGainDelay:1 CurActAfe:15360 NextActAfe:15360 CurAplExpIdx:1 CurAplAfe:15360
D/AeAlgo  (  249): [calTargetProbs] [ABL, ABL_DIFF(0):0/BV(-7955):0/P:0],[HS,  HS_FLAT(Y[1, 1] Diff:0):Prob:1024, HS_COLOR(0):1024],[COEP,Orig_Y:0, Prob_OuterY:1024, Orig_Diff:0, Prob_Diff:0, COE_P:0],[NS,  NS_BV(-7955):1024, NS_FLAT(Y[1,1],Diff:0):Prob:1024],
D/AeAlgo  (  249): [getRecommendCWTarget_v2p0] u4FinalCW:55,  m_u4AvgWValue/m_u4CWValue:0/0, weight(aoe/abl/hs/ns): 0,0,0,1024, target(aoe/abl/hs/ns): 55,55,55,55
D/AeAlgo  (  249): [getRecommendCWTarget_v2p0] Final AE Target 55, AvgY/CWY: 0/0, AOE/BL/HS/NS 55/55/55/55
D/AeAlgo  (  249): [processAE] exp:99997 afe:15360 isp:1544
D/ae_mgr  (  249): [UpdateSensorISPParams:s] i4SensorDev:1 VDNum 0, Prev 99997/15360/1544, Cur 99997/15360/1544, Output 99997/15360/1544 WOUpdateSensor:0
D/ae_mgr  (  249): [UpdateSensorISPParams()] Isp gain value(current) = 1544
D/ae_mgr  (  249): [updatePreEvSettingQueue()] m_PreEvSettingQueue[N-1]:99997/15360/1544 m_PreEvSettingQueue[N-2]:99997/15360/1544 m_PreEvSettingQueue[N-3]:99997/15360/1544 
D/aaa_hal/3Athread(  249): [postToAESenThread] sem_post semAESen, semAESenThdEnd before wait = 1
D/aaa_hal/3Athread(  249): [AESensorThreadLoop] updateSensorbyI2C
D/ae_mgr  (  249): [updateSensorbyI2C()] Exposure time value is repeat (skip send command)= 99997
D/ae_mgr  (  249): [updateSensorbyI2C()] Sensor gain value is repeat (skip send command)= 15360
D/aaa_hal/3Athread(  249): [AESensorThreadLoop] semAESenThdEnd before post = 0
D/awb_state(  249): [Searching::sendIntent]<eIntent_AWBScan>
D/aaa_state_camera_preview(  249): lv(0),cct(5203),rgain(1162),bgain(512),ggain(837),fluoidx(100), dayflouidx(12)
D/paramctrl_per_frame(  249): [prepareHw_PerFrame_LSC] (flash, iso, rto) = (0, 2442, 7)
D/paramctrl_per_frame(  249): [applyToHw_PerFrame_All +] i4FrameID(0x    7892)
I/TuningMgr(  249): [dequeBuffer] scenario(0),MagicNum(0x7892)
D/isp_mgr_sl2(  249): [apply] eSwScn(0), bSL2_EN(1), u4SL2_EN(1), u4SL2b_EN(1), u4SL2c_EN(1), CAM_SL2_CEN(0x030b041c), CAM_SL2_MAX0_RR(0x000255d3), CAM_SL2_MAX1_RR(0x0009574c), CAM_SL2_MAX2_RR(0x00109b33)
I/TuningMgr(  249): [enqueBuffer] scenario(0),MagicNum(0x7892)
D/paramctrl_per_frame(  249): [applyToHw_PerFrame_All -] i4FrameID(0x    7892)
D/EisDrv  (  249): [p1TuningNotify]me_ctrl2(0x00006090)
D/aaa_hal (  249): [AFThread] sem_post g_semAFThreadstart, semAFProcEnd before wait = 1
D/MtkCam/DCNode(  249): [0::doNotifyCb]3APROC_FINISH:0x00007892,0x00000003
D/aaa_hal/3Athread(  249): rCmd(10), magic#(30866)-
I/        (  245): [BWC INFO](245): get_bwc_mm_property success
D/MDP     (  245): DpBlit: in: (1440, 1080, 1440, 720, C8s, P2), crop: (0, 0, 1440, 1080)
D/MDP     (  245): DpBlit: out: (1080, 1440, 2160, 0, C5, P2), misc: (X:0, Y:0, R:90, F:0, S:1, D:0)
D/MDP     (  245): [TDSHP][PQDC] DISP_IOCTL_PQ_GET_TDSHP_FLAG()... tuning flag[0]
I/SurfaceView( 4669): updateWindow -- OnPreDrawListener, mHaveFrame = true, this = android.view.SurfaceView{42c5b6b8 V.E..... ........ 0,211-1080,1651}
D/PhoneInterfaceManagerEx( 4289): [PhoneIntfMgrEx] hasIccCard  simId=0
D/PhoneInterfaceManagerEx( 4289): [PhoneIntfMgrEx] hasIccCard  simId=1
D/MDP     (  245): DpBlit: time 5 ms, type 0
D/aaa_hal (  249): [Hal3A::AFThreadFunc] AF waitIrq done
D/MtkCam/P1Node(  249): [0:dequeLoop] frame 30871: deque-,1
D/EisDrv  (  249): [UpdateEisoIdx]Eiso:idx(1->2),NEXT(va,pa)=(0xa8ee0200,0x0bc00200)
D/EisDrv  (  249): [UpdateEisoIdx]post mTsSem
D/EisDrv  (  249): [UpdateEiso]Eiso:idx(2),PA(0x0bc00200)
D/EisDrv  (  249): [UpdateEiso]-
D/flashlight_drv.cpp(  249): isOn()
D/flashlight_drv.cpp(  249): 
D/flash_mgr_m.cpp(  249): isAFLampOn 0
D/af_mgr  (  249): DoAFTG1 [XY]16 16 [Sz]344 252  [G]15 24 37 57 84 123 178 [Hz]2096 
D/af_mgr  (  249): FL_FV 0 0
D/MtkCam/DCNode(  249): [0::onNotify](0x00000080,0x00007893,0x00007891)
D/af_mgr  (  249): [AFStatH]0 [AFStatV]17 [moveMCUTG1] 641
D/af_mgr  (  249): TAFtmp pre 641 next 641
D/aaa_hal/3Athread(  249): [addCommandQ] mCmdQ size(1) + cmd(10) magic(30867)
D/MtkCam/ISC(  249): [getPass1Crop] 0: TS(4),# 0x7893,IsR(1),ZR(2,100/132),C(0,0,2096x1552),S(2096x1552)
D/aaa_hal (  249): [AFThread] semAFProcEnd before post = 0
D/MtkCam/P1Node(  249): [updateDeque] deq port 0x1010f, buf 0xb89d5e50, t 26344567871000
D/MtkCam/ISC(  249): [addPass1Info] 0: TS(1),# 0x7891,VA(0xB89D5E50),IsR(1),IsNew(1)
D/EisHal  (  249): [DoEis]EisIn(2092,1548),P1T(1743,1290)
D/EisDrv  (  249): [GetEisHwStatistic]wait mTsSem(26344567871000)
D/EisDrv  (  249): [GetEisHwStatistic]got mTsSem
