D/MtkCam/MtkCamUtils(  249): (APClient@ImgBufQue)[dequeProvider] Empty Que
D/MtkCam/DBHdl(  249): [:enqueBuffer]buf(0xb89146c8),VA(0xA8E0F000),BS(614400),Id(397),TS(26343.967677),F(0x00000014),S(640x480),Str(1280,0,0)
D/MtkCam/DisplayClient(  249): [handleReturnBuffers] + (100) 34ms < Duration(106)
D/MtkCam/DisplayClient(  249): [handleReturnBuffers] Show frame:0 1 [ion:421 0xa52a7000/2332800 26343967677000]
D/MtkCam/CamClient/FDClient(  249): (6149)[waitAndHandleReturnBuffers] -
D/MtkCam/CamClient/FDClient(  249): (6149)[doFD] +
D/MtkCam/CamClient/FDClient(  249): (6149)[doBufferAnalysis] plane: 1
D/mHalFDVT(  249): (6149)[halFTBufferCreate] DO RGB565 (SW) In
D/mHalFDVT(  249): (6149)[halFTBufferCreate] DO RGB565 (SW) Out
D/mHalFDVT(  249): (6149)[halFDYUYV2ExtractY] DO Extract Y In
D/MtkCam/DisplayClient(  249): [handleReturnBuffers] -
I/        (  245): [BWC INFO](245): get_bwc_mm_property success
D/MDP     (  245): DpBlit: in: (1440, 1080, 1440, 720, C8s, P2), crop: (0, 0, 1440, 1080)
D/MDP     (  245): DpBlit: out: (1080, 1440, 2160, 0, C5, P2), misc: (X:0, Y:0, R:90, F:0, S:1, D:0)
D/MDP     (  245): [TDSHP][PQDC] DISP_IOCTL_PQ_GET_TDSHP_FLAG()... tuning flag[0]
D/MtkCam/DisplayClient(  249): [waitAndHandleReturnBuffers] +
D/mHalFDVT(  249): (6149)[halFDYUYV2ExtractY] DO Extract Y Out
D/mHalFDVT(  249): (6149)[halFDDo] SD Status: SDEnable:0, img_w:320, img_h:240, Src_Phy_Addr:0x5600000,
D/mHalFDVT(  249): (6149)[halFDDo] [halFDDo] IN,  1
I/SurfaceView( 4669): updateWindow -- OnPreDrawListener, mHaveFrame = true, this = android.view.SurfaceView{42c5b6b8 V.E..... ........ 0,211-1080,1651}
D/MDP     (  245): DpBlit: time 5 ms, type 0
D/mHalFDVT(  249): (6149)[halFDDo] FDVTMain IN
D/FDVT_Drv(  249): Set RS_Config, Src_W = 640, Src_H = 480, src_Format = 0, g_rs_num:12
D/FDVT_Drv(  249): Check RS_Config, rs[2]= 0x901e0280, rs[3]= 0xc33312c1,  rs[5]= 0x280,
D/FDVT_Drv(  249): SW RIP Input: 12,
D/FDVT_Drv(  249): FDRegisterConfig In, (HW)skip:0, 
D/FDVT_Drv(  249): FDRegisterConfig Out
D/FDVT_Drv(  249): Do Flush (IMEM) 
D/FDVT_Drv(  249): Set Start HW in 
D/FDVT_Drv(  249): Set Start HW out 
D/FDVT_Drv(  249): FDGetHWResult In
I/        (  245): [BWC INFO](245): get_bwc_mm_property success
D/MDP     (  245): DpBlit: in: (1440, 1080, 1440, 720, C8s, P2), crop: (0, 0, 1440, 1080)
D/MDP     (  245): DpBlit: out: (1080, 1440, 2160, 0, C5, P2), misc: (X:0, Y:0, R:90, F:0, S:1, D:0)
D/MDP     (  245): [TDSHP][PQDC] DISP_IOCTL_PQ_GET_TDSHP_FLAG()... tuning flag[0]
I/SurfaceView( 4669): updateWindow -- OnPreDrawListener, mHaveFrame = true, this = android.view.SurfaceView{42c5b6b8 V.E..... ........ 0,211-1080,1651}
D/MDP     (  245): DpBlit: time 5 ms, type 0
I/BufferQueue(  245): [com.sixty.nidoneClient/com.sixty.nidoneClient.view.activity.SDK_WebApp](this:0xb77b44e8,id:10728,api:1,p:4669,c:245) queueBuffer: fps=58.23 dur=1013.18 max=26.71 min=15.47
I/        (  245): [BWC INFO](245): get_bwc_mm_property success
D/MDP     (  245): DpBlit: in: (1440, 1080, 1440, 720, C8s, P2), crop: (0, 0, 1440, 1080)
D/MDP     (  245): DpBlit: out: (1080, 1440, 2160, 0, C5, P2), misc: (X:0, Y:0, R:90, F:0, S:1, D:0)
D/MDP     (  245): [TDSHP][PQDC] DISP_IOCTL_PQ_GET_TDSHP_FLAG()... tuning flag[0]
I/SurfaceView( 4669): updateWindow -- OnPreDrawListener, mHaveFrame = true, this = android.view.SurfaceView{42c5b6b8 V.E..... ........ 0,211-1080,1651}
D/MDP     (  245): DpBlit: time 5 ms, type 0
I/        (  245): [BWC INFO](245): get_bwc_mm_property success
D/MDP     (  245): DpBlit: in: (1440, 1080, 1440, 720, C8s, P2), crop: (0, 0, 1440, 1080)
D/MDP     (  245): DpBlit: out: (1080, 1440, 2160, 0, C5, P2), misc: (X:0, Y:0, R:90, F:0, S:1, D:0)
D/MDP     (  245): [TDSHP][PQDC] DISP_IOCTL_PQ_GET_TDSHP_FLAG()... tuning flag[0]
I/SurfaceView( 4669): updateWindow -- OnPreDrawListener, mHaveFrame = true, this = android.view.SurfaceView{42c5b6b8 V.E..... ........ 0,211-1080,1651}
D/MDP     (  245): DpBlit: time 5 ms, type 0
D/aaa_hal (  249): [waitVSirq]
D/aaa_hal (  249): [Timer:start: VS Timer, SensorDevId: 1] timer start. bClrTime=1
D/aaa_hal/3Athread(  249): CmdQ-size(1), todo(10, 30861)
D/aaa_hal (  249): [Timer:End: VS Timer, SensorDevId: 1] =====> time(ms): current=0.023693,   sum=0.023693
D/        (  249): [AAA_Scheduler::importWork]+, mNormalizeM=1, mSensorDevId=1
D/af_mgr  (  249): [m_cur_frm_num] 30861 [get_frm_ststus] 0
D/AeAlgo  (  249): [HWFlareValue]max flare :160 
D/AeAlgo  (  249): [getFlareAlgo] i2FlareOffset:13,PreFlare13, Max_Step_gap: 2, gain:0 max:160 min:0
D/ae_mgr  (  249): [doPvAE()][AEScheduler] AECalc:1 AEApply:2 AEFlare:4 VDnum:0 AvgY:0
D/ae_mgr  (  249): [doPvAE():PassToAlgo] rAEInput.PreEvSetting[N-1]:99997/15360/1544 rAEInput.PreEvSetting[N-2]:99997/15360/1544 rAEInput.PreEvSetting[N-3]:99997/15360/1544 rAEInput.CycleInfo.m_i4FrameCnt:30858
D/AeAlgo  (  249): [processAE] bPerFrameAESmooth:1 m_bAENotPerFrameMode:0
D/AeAlgo  (  249): [parserAEInput] m_bPerFrameETFlag:1 bPerFrameETIspFlag:1 CurActExp:99997 NextActExp:99997 CurActExpIdx:2 NextActExpIdx:0 MinGainDelay:1 CurActAfe:15360 NextActAfe:15360 CurAplExpIdx:1 CurAplAfe:15360
D/AeAlgo  (  249): [calTargetProbs] [ABL, ABL_DIFF(0):0/BV(-7955):0/P:0],[HS,  HS_FLAT(Y[1, 1] Diff:0):Prob:1024, HS_COLOR(0):1024],[COEP,Orig_Y:0, Prob_OuterY:1024, Orig_Diff:0, Prob_Diff:0, COE_P:0],[NS,  NS_BV(-7955):1024, NS_FLAT(Y[1,1],Diff:0):Prob:1024],
D/AeAlgo  (  249): [getRecommendCWTarget_v2p0] u4FinalCW:55,  m_u4AvgWValue/m_u4CWValue:0/0, weight(aoe/abl/hs/ns): 0,0,0,1024, target(aoe/abl/hs/ns): 55,55,55,55
D/AeAlgo  (  249): [getRecommendCWTarget_v2p0] Final AE Target 55, AvgY/CWY: 0/0, AOE/BL/HS/NS 55/55/55/55
D/AeAlgo  (  249): [getDeltaIndex_v2p0] eSensorDev:0 m_u4Index:143, isConverged:0, m_u4CWRecommend/m_u4CWValue/m_u4AccW/i4DeltaIndex/i4AccRatio/i4EVRatio/i4EVDiffx1000/i4EVRatioDiff/i4PrevEvDiffFrac/m_i4EvDiffFrac/m_u4FracGain 55/0/0/49/0/85/5781/4913/0/0/1024
D/AeAlgo  (  249): [processAE] The AE index is at the boundary Idx:143 DeIdx:392 Max:143 Min:0
D/AeAlgo  (  249): [calEquivalentTranslation] limit eq_ratio:1000 
D/AeAlgo  (  249): [calEquivalentTranslation] eq no need
D/ae_mgr  (  249): [UpdateSensorISPParams:s] i4SensorDev:1 VDNum 0, Prev 99997/15360/1544, Cur 99997/15360/1544, Output 99997/15360/1544 WOUpdateSensor:0
D/ae_mgr  (  249): [UpdateSensorISPParams()] Isp gain value(current) = 1544
D/ae_mgr  (  249): [updatePreEvSettingQueue()] m_PreEvSettingQueue[N-1]:99997/15360/1544 m_PreEvSettingQueue[N-2]:99997/15360/1544 m_PreEvSettingQueue[N-3]:99997/15360/1544 
D/aaa_hal/3Athread(  249): [postToAESenThread] sem_post semAESen, semAESenThdEnd before wait = 1
D/awb_state(  249): [Searching::sendIntent]<eIntent_AWBScan>
D/aaa_state_camera_preview(  249): lv(0),cct(5203),rgain(1162),bgain(512),ggain(837),fluoidx(100), dayflouidx(12)
D/paramctrl_per_frame(  249): [prepareHw_PerFrame_LSC] (flash, iso, rto) = (0, 2442, 7)
D/paramctrl_per_frame(  249): [applyToHw_PerFrame_All +] i4FrameID(0x    788d)
I/TuningMgr(  249): [dequeBuffer] scenario(0),MagicNum(0x788d)
D/isp_mgr_sl2(  249): [apply] eSwScn(0), bSL2_EN(1), u4SL2_EN(1), u4SL2b_EN(1), u4SL2c_EN(1), CAM_SL2_CEN(0x030b041c), CAM_SL2_MAX0_RR(0x000255d3), CAM_SL2_MAX1_RR(0x0009574c), CAM_SL2_MAX2_RR(0x00109b33)
I/TuningMgr(  249): [enqueBuffer] scenario(0),MagicNum(0x788d)
D/paramctrl_per_frame(  249): [applyToHw_PerFrame_All -] i4FrameID(0x    788d)
D/EisDrv  (  249): [p1TuningNotify]me_ctrl2(0x00006090)
D/aaa_hal (  249): [AFThread] sem_post g_semAFThreadstart, semAFProcEnd before wait = 1
D/MtkCam/DCNode(  249): [0::doNotifyCb]3APROC_FINISH:0x0000788D,0x00000003
D/aaa_hal/3Athread(  249): rCmd(10), magic#(30861)-
D/aaa_hal/3Athread(  249): [AESensorThreadLoop] updateSensorbyI2C
D/ae_mgr  (  249): [updateSensorbyI2C()] Exposure time value is repeat (skip send command)= 99997
D/ae_mgr  (  249): [updateSensorbyI2C()] Sensor gain value is repeat (skip send command)= 15360
D/aaa_hal/3Athread(  249): [AESensorThreadLoop] semAESenThdEnd before post = 0
D/ShadingTrans_RA(  249): [LscRaSwMain] 
D/isp_mgr_lsc(  249): enableLsc 1
D/isp_mgr_lsc(  249): [putAddr] eSensorDev(1), m_eSensorTG(1), u4BaseAddr(0x05300000)
D/isp_mgr_lsc(  249): [put<NSIspTuning::ISP_NVRAM_LSC_T>
I/        (  245): [BWC INFO](245): get_bwc_mm_property success
D/MDP     (  245): DpBlit: in: (1440, 1080, 1440, 720, C8s, P2), crop: (0, 0, 1440, 1080)
D/MDP     (  245): DpBlit: out: (1080, 1440, 2160, 0, C5, P2), misc: (X:0, Y:0, R:90, F:0, S:1, D:0)
D/MDP     (  245): [TDSHP][PQDC] DISP_IOCTL_PQ_GET_TDSHP_FLAG()... tuning flag[0]
D/dalvikvm( 4549): create interp thread : stack size=128KB
D/dalvikvm( 4549): create new thread
D/dalvikvm( 4549): new thread created
D/dalvikvm( 4549): update thread list
D/dalvikvm( 4549): threadid=26: interp stack at 0x7c4d7000
D/dalvikvm( 4549): threadid=26: created from interp
D/dalvikvm( 4549): start new thread
D/dalvikvm( 4549): threadid=26: notify debugger
D/dalvikvm( 4549): threadid=26 (Thread-5426): calling run()
D/FDVT_Drv(  249): Do Ivalid (IMEM) 
D/FDVT_Drv(  249): HW_Result: GFD_NUM: 0 LFD_NUM: 0 L_TYPE:1, 
D/FDVT_Drv(  249): FDGetHWResult Out
D/FDVT_Drv(  249): Final: HW_NUM:0, Filter_NUM:0, SKIP_NUM:0
D/SWFD_MAIN(  249): SWFDMain face num is 0
D/mHalFDVT(  249): (6149)[halFDDo] FDVTMain out
D/mHalFDVT(  249): (6149)[halFDGetFaceResult] [halFDGetFaceResult]m_DispW(320) m_DispH(240)
D/MtkCam/CamClient/FDClient(  249): (6149)[doFD] Scenario FD Num: 0
D/MtkCam/CamClient/FDClient(  249): (6149)[doFD] Scenario SD Result1: 0
D/MtkCam/CamClient/FDClient(  249): (6149)[doFD] -
D/Hal3AAdapter1(  249): [init] MtkCam/CamClient/FDClient(4)
D/af_mgr  (  249): [setFDInfo]cnt:0, X:1048 Y:776 W:0 H:0
D/Hal3AAdapter1(  249): [uninit] MtkCam/CamClient/FDClient(4)
W/MtkCam/CamClient/FDClient(  249): (6149)[performCallback] No FD CB: isDetected_FD(0), mIsDetected_FD(0), isMsgEnabled(1)
W/MtkCam/CamClient/FDClient(  249): (6149)[performCallback] No SD CB: isDetected_SD(0), mIsSDenabled(0), isMsgEnabled(1)
W/MtkCam/CamClient/FDClient(  249): (6149)[performCallback] No GD CB: isDetected_GD(0), mIsGDenabled(0), isMsgEnabled(1)
D/mHalFDVT(  249): (6149)[halFDGetFaceResult] [halFDGetFaceResult]m_DispW(320) m_DispH(240)
D/MtkCam/ParamsManager(  249): [getShotModeStr] normal
D/MtkCam/CamClient/FDClient(  249): (6149)[waitAndHandleReturnBuffers] +
I/KSO_STAT( 4549): App is in background, stop update end time, ready to start a new session.
D/SQLiteDatabase( 4549): beginTransaction()
D/MDP     (  245): DpBlit: time 6 ms, type 0
D/SQLiteDatabase( 4549): endTransaction()
D/dalvikvm( 4549): threadid=26: exiting
D/dalvikvm( 4549): threadid=26: bye!
I/SurfaceView( 4669): updateWindow -- OnPreDrawListener, mHaveFrame = true, this = android.view.SurfaceView{42c5b6b8 V.E..... ........ 0,211-1080,1651}
D/aaa_hal (  249): [Hal3A::AFThreadFunc] AF waitIrq done
D/flashlight_drv.cpp(  249): isOn()
D/flashlight_drv.cpp(  249): 
D/EisDrv  (  249): [UpdateEisoIdx]Eiso:idx(6->7),NEXT(va,pa)=(0xa8ee0700,0x0bc00700)
D/MtkCam/P1Node(  249): [0:dequeLoop] frame 30866: deque-,1
D/flash_mgr_m.cpp(  249): isAFLampOn 0
D/EisDrv  (  249): [UpdateEisoIdx]post mTsSem
D/af_mgr  (  249): DoAFTG1 [XY]16 16 [Sz]344 252  [G]15 24 37 57 84 123 178 [Hz]2096 
D/EisDrv  (  249): [UpdateEiso]Eiso:idx(7),PA(0x0bc00700)
D/af_mgr  (  249): FL_FV 0 0
D/af_mgr  (  249): [AFStatH]0 [AFStatV]25 [moveMCUTG1] 641
D/af_mgr  (  249): TAFtmp pre 641 next 641
D/EisDrv  (  249): [UpdateEiso]-
D/aaa_hal (  249): [AFThread] semAFProcEnd before post = 0
D/MtkCam/DCNode(  249): [0::onNotify](0x00000080,0x0000788E,0x0000788C)
D/aaa_hal/3Athread(  249): [addCommandQ] mCmdQ size(1) + cmd(10) magic(30862)
D/MtkCam/ISC(  249): [getPass1Crop] 0: TS(4),# 0x788E,IsR(1),ZR(2,100/132),C(0,0,2096x1552),S(2096x1552)
D/MtkCam/P1Node(  249): [updateDeque] deq port 0x1010f, buf 0xb8913598, t 26344067708000
D/MtkCam/ISC(  249): [addPass1Info] 0: TS(1),# 0x788C,VA(0xB8913598),IsR(1),IsNew(1)
D/EisHal  (  249): [DoEis]EisIn(2092,1548),P1T(1743,1290)
D/EisDrv  (  249): [GetEisHwStatistic]wait mTsSem(26344067708000)
D/EisDrv  (  249): [GetEisHwStatistic]got mTsSem
D/EisDrv  (  249): [GetEisHwStatistic]pEisoAddr(0xa8ee0500)
D/EisHal  (  249): [PrepareEisResult]cmvX(44544),cmvY(33024)
D/EisHal  (  249): [PrepareEisResult]X(174,0),Y(129,0)
D/MtkCam/P2Node(  249): [0:pushBuf] size 1, data 31, buf 0xb8913598
D/MtkCam/P1Node(  249): [0:processBufOp] replace port 0x1010f old/new 0xb8913598/0xb89d6620 va 0xa42f3000/0xa374b000
D/MtkCam/P1Node(  249): [0:dequeLoop] frame 30867: deque+
D/MtkCam/BaseHeap(  249): [Cam1Heap::onCreate] [MtkCam/DBHdl] this:0xb8998a18 1440x1080 format:0x32315659
D/MtkCam/DBHdl(  249): [:dequeBuffer]buf(0xb89146c8),VA(0xA4EE0000/0xA505BB00/0xA50BA9C0),BS(1555200=1555200+388800+388800),Id(431),F(0x32315659),S(1440x1080),Str(1440,720,720),R(0),U(3)
D/MtkCam/MtkCamUtils(  249): (PrvCB@ImgBufQue)[dequeProvider] Empty Que
D/MtkCam/BaseHeap(  249): [Cam1Heap::onCreate] [MtkCam/DBHdl] this:0xb87ce9c8 640x480 format:0x14
D/MtkCam/DBHdl(  249): [:dequeBuffer]buf(0xb8947918),VA(0xA7EBC000/0x00000000/0x00000000),BS(614400=614400+0+0),Id(404),F(0x00000014),S(640x480),Str(1280,0,0),R(0),U(0)
D/MtkCam/ISC(  249): [getPass2Info] 0: ImgBuf(0xB8913598),# 0x788C,PD(0xA4DA4280/152),ZR(0,100/132),S(1440x1080),C(265,189,1566x1176)
D/MtkCam/P2Node(  249): [0:enquePass2] i 0 data 31, buf 0xb8913598, va 0xa42f3000, # 0x788C, type 5 cnt 30861
D/MtkCam/P2Node(  249): [0:enquePass2] data 41, buf 0xb89146c8, va 0xa4ee0000, tans 0 usg 3
D/MtkCam/P2Node(  249): [0:enquePass2] data 45, buf 0xb8947918, va 0xa7ebc000, tans 0 usg 0
D/MtkCam/P2Node(  249): [0:enquePass2] IMG2O:B(0xb8947918),S(640x480),C(265,189,1566x1176)
D/MtkCam/FeaturePipe(  249): [enqueFeatureGraph] FrameNo(30860)
D/EisHal  (  249): [GetEisInfoAtP2]FeaturePipe_3DNR(1)
I/MtkCam/FeaturePipe(  249): [P2A:threadLoopUpdate] gmv_ana,frm[30860],gmv(x,y)=[    0,    0],IsSupportEis(1),SenorIdx(0),NmvX/Y(    0,    0)(ori     0,    0),CmvX/Y(  174,  129)(diff     0,    0)(ori   174,  129),x/yInt(  174,  129),x/yFlt(        0,        0),DoEisCount(30866),ConfidX/y(0,0),EisTS(26344067708000),ImgiTS(26344067708000),GnZoCnt(60)
D/MtkCam/FeaturePipeDataHdl(  249): [getBuffer] data(1003), trans(0)
D/MtkCam/FeaturePipeDataHdl(  249): [getBuffer] -
I/MtkCam/FeaturePipe(  249): [P2A:threadLoopUpdate] [P2A not sets IMG3O mvOut] 3dnrSM0(0 S0P1W2),ES(0x00 FsSzDfLrIn),WH(1566,1176),OfstXY(264,188),mem<va(0xa2c75000)/pa(0x7d00000)/TS(26344067708000)/size(0x1c19d0)>
I/MtkCam/FeaturePipe(  249): [P2A:threadLoopUpdate] [P2A not sets VIPI mvIn  ] 3dnrSM1(0 S0P1W2),ES(0x00 FsSzDfLrIn),WH(1566,1176),OfstXY(0,0),mem<va(0x9ff79000)/pa(0xab00000)/TS(26343967677000)/size(0x1c19d0)>,mPrvQueSz(1),imgSizeWH(1566,1176),PrvWH(1566,1176),ExtOfstByte(0)
I/MtkCam/FeaturePipe(  249): [P2A:threadLoopUpdate] 3dnrSM2(0 S0P1W2),ES(0x00 FsSzDfLrIn),NmvX/Y(0, 0).Img3oOfX/Y(264, 188),onOfX/Y(0, 0).onW/H(0, 0).VipiOff/W/H(0, 0, 0).MaxIsoInc(100)
I/MtkCam/FeaturePipe(  249): [P2A:threadLoopUpdate] FStrm enq (frame 30860)
D/MDP     (  249): DpIsp: in: (2096, 1552, 3936, 0, C21, P2)
D/MDP     (  249): DpIsp: out0: (1440, 1080, 1440, 720, C8s, P2), misc: (R:0, F:0, S:1, D:0, T:0)
D/MDP     (  249): DpIsp: crop: (265, 189, 1566, 1176)
I/        (  245): [BWC INFO](245): get_bwc_mm_property success
D/MDP     (  245): DpBlit: in: (1440, 1080, 1440, 720, C8s, P2), crop: (0, 0, 1440, 1080)
D/MDP     (  245): DpBlit: out: (1080, 1440, 2160, 0, C5, P2), misc: (X:0, Y:0, R:90, F:0, S:1, D:0)
D/MDP     (  245): [TDSHP][PQDC] DISP_IOCTL_PQ_GET_TDSHP_FLAG()... tuning flag[0]
I/SurfaceView( 4669): updateWindow -- OnPreDrawListener, mHaveFrame = true, this = android.view.SurfaceView{42c5b6b8 V.E..... ........ 0,211-1080,1651}
D/MDP     (  249): DpIsp: 0xb882abc0, src 0 ms
D/MtkCam/FeaturePipe(  249): [performCallback] FeatureGraph callback FrameNo(30860)
D/MtkCam/P2Node(  249): [0:handleP2Done] type 5: cnt 30861 in 1 out 2
D/MtkCam/ISC(  249): [dropPass2Info] Erase # 0x788C,ImgBuf(0xB8913598),IsR(1)
D/MtkCam/DBHdl(  249): [:enqueBuffer]buf(0xb89146c8),VA(0xA4EE0000),BS(1555200),Id(431),TS(26344.067708),F(0x32315659),S(1440x1080),Str(1440,720,720)
D/MtkCam/MtkCamUtils(  249): (APClient@ImgBufQue)[dequeProvider] Empty Que
D/MtkCam/DBHdl(  249): [:enqueBuffer]buf(0xb8947918),VA(0xA7EBC000),BS(614400),Id(404),TS(26344.067708),F(0x00000014),S(640x480),Str(1280,0,0)
D/MtkCam/FeaturePipeDataHdl(  249): [returnBuffer] data(1003), buf(0xb87cbda8)
D/MtkCam/CamClient/FDClient(  249): (6149)[waitAndHandleReturnBuffers] -
D/MtkCam/CamClient/FDClient(  249): (6149)[doFD] +
D/MtkCam/CamClient/FDClient(  249): (6149)[doBufferAnalysis] plane: 1
D/mHalFDVT(  249): (6149)[halFTBufferCreate] DO RGB565 (SW) In
D/MtkCam/DisplayClient(  249): [handleReturnBuffers] + (100) 34ms < Duration(97)
D/MtkCam/DisplayClient(  249): [handleReturnBuffers] Show frame:0 1 [ion:431 0xa4ee0000/2332800 26344067708000]
D/MtkCam/DisplayClient(  249): [handleReturnBuffers] -
D/MDP     (  245): DpBlit: time 10 ms, type 0
D/mHalFDVT(  249): (6149)[halFTBufferCreate] DO RGB565 (SW) Out
D/mHalFDVT(  249): (6149)[halFDYUYV2ExtractY] DO Extract Y In
D/mHalFDVT(  249): (6149)[halFDYUYV2ExtractY] DO Extract Y Out
D/mHalFDVT(  249): (6149)[halFDDo] SD Status: SDEnable:0, img_w:320, img_h:240, Src_Phy_Addr:0x5700000,
D/mHalFDVT(  249): (6149)[halFDDo] [halFDDo] IN,  1
D/mHalFDVT(  249): (6149)[halFDDo] FDVTMain IN
D/FDVT_Drv(  249): Set RS_Config, Src_W = 640, Src_H = 480, src_Format = 0, g_rs_num:12
D/FDVT_Drv(  249): Check RS_Config, rs[2]= 0x901e0280, rs[3]= 0xc33312c1,  rs[5]= 0x280,
D/FDVT_Drv(  249): SW RIP Input: 7,
D/FDVT_Drv(  249): FDRegisterConfig In, (HW)skip:0, 
D/FDVT_Drv(  249): FDRegisterConfig Out
D/FDVT_Drv(  249): Do Flush (IMEM) 
D/FDVT_Drv(  249): Set Start HW in 
D/FDVT_Drv(  249): Set Start HW out 
D/FDVT_Drv(  249): FDGetHWResult In
I/        (  245): [BWC INFO](245): get_bwc_mm_property success
D/MtkCam/DisplayClient(  249): [waitAndHandleReturnBuffers] +
D/MDP     (  245): DpBlit: in: (1440, 1080, 1440, 720, C8s, P2), crop: (0, 0, 1440, 1080)
D/MDP     (  245): DpBlit: out: (1080, 1440, 2160, 0, C5, P2), misc: (X:0, Y:0, R:90, F:0, S:1, D:0)
D/MDP     (  245): [TDSHP][PQDC] DISP_IOCTL_PQ_GET_TDSHP_FLAG()... tuning flag[0]
I/SurfaceView( 4669): updateWindow -- OnPreDrawListener, mHaveFrame = true, this = android.view.SurfaceView{42c5b6b8 V.E..... ........ 0,211-1080,1651}
D/MDP     (  245): DpBlit: time 5 ms, type 0
I/        (  245): [BWC INFO](245): get_bwc_mm_property success
D/MDP     (  245): DpBlit: in: (1440, 1080, 1440, 720, C8s, P2), crop: (0, 0, 1440, 1080)
D/MDP     (  245): DpBlit: out: (1080, 1440, 2160, 0, C5, P2), misc: (X:0, Y:0, R:90, F:0, S:1, D:0)
D/MDP     (  245): [TDSHP][PQDC] DISP_IOCTL_PQ_GET_TDSHP_FLAG()... tuning flag[0]
I/SurfaceView( 4669): updateWindow -- OnPreDrawListener, mHaveFrame = true, this = android.view.SurfaceView{42c5b6b8 V.E..... ........ 0,211-1080,1651}
D/MDP     (  245): DpBlit: time 5 ms, type 0
I/        (  245): [BWC INFO](245): get_bwc_mm_property success
D/MDP     (  245): DpBlit: in: (1440, 1080, 1440, 720, C8s, P2), crop: (0, 0, 1440, 1080)
D/MDP     (  245): DpBlit: out: (1080, 1440, 2160, 0, C5, P2), misc: (X:0, Y:0, R:90, F:0, S:1, D:0)
D/MDP     (  245): [TDSHP][PQDC] DISP_IOCTL_PQ_GET_TDSHP_FLAG()... tuning flag[0]
I/SurfaceView( 4669): updateWindow -- OnPreDrawListener, mHaveFrame = true, this = android.view.SurfaceView{42c5b6b8 V.E..... ........ 0,211-1080,1651}
D/MDP     (  245): DpBlit: time 5 ms, type 0
I/        (  245): [BWC INFO](245): get_bwc_mm_property success
D/MDP     (  245): DpBlit: in: (1440, 1080, 1440, 720, C8s, P2), crop: (0, 0, 1440, 1080)
D/MDP     (  245): DpBlit: out: (1080, 1440, 2160, 0, C5, P2), misc: (X:0, Y:0, R:90, F:0, S:1, D:0)
D/MDP     (  245): [TDSHP][PQDC] DISP_IOCTL_PQ_GET_TDSHP_FLAG()... tuning flag[0]
I/SurfaceView( 4669): updateWindow -- OnPreDrawListener, mHaveFrame = true, this = android.view.SurfaceView{42c5b6b8 V.E..... ........ 0,211-1080,1651}
D/MDP     (  245): DpBlit: time 5 ms, type 0
D/FDVT_Drv(  249): Do Ivalid (IMEM) 
D/FDVT_Drv(  249): HW_Result: GFD_NUM: 0 LFD_NUM: 0 L_TYPE:1, 
D/FDVT_Drv(  249): FDGetHWResult Out
D/FDVT_Drv(  249): Final: HW_NUM:0, Filter_NUM:0, SKIP_NUM:0
D/SWFD_MAIN(  249): SWFDMain face num is 0
D/mHalFDVT(  249): (6149)[halFDDo] FDVTMain out
D/mHalFDVT(  249): (6149)[halFDGetFaceResult] [halFDGetFaceResult]m_DispW(320) m_DispH(240)
D/MtkCam/CamClient/FDClient(  249): (6149)[doFD] Scenario FD Num: 0
D/MtkCam/CamClient/FDClient(  249): (6149)[doFD] Scenario SD Result1: 0
D/MtkCam/CamClient/FDClient(  249): (6149)[doFD] -
D/Hal3AAdapter1(  249): [init] MtkCam/CamClient/FDClient(4)
D/af_mgr  (  249): [setFDInfo]cnt:0, X:1048 Y:776 W:0 H:0
D/Hal3AAdapter1(  249): [uninit] MtkCam/CamClient/FDClient(4)
W/MtkCam/CamClient/FDClient(  249): (6149)[performCallback] No FD CB: isDetected_FD(0), mIsDetected_FD(0), isMsgEnabled(1)
W/MtkCam/CamClient/FDClient(  249): (6149)[performCallback] No SD CB: isDetected_SD(0), mIsSDenabled(0), isMsgEnabled(1)
W/MtkCam/CamClient/FDClient(  249): (6149)[performCallback] No GD CB: isDetected_GD(0), mIsGDenabled(0), isMsgEnabled(1)
D/mHalFDVT(  249): (6149)[halFDGetFaceResult] [halFDGetFaceResult]m_DispW(320) m_DispH(240)
D/MtkCam/ParamsManager(  249): [getShotModeStr] normal
D/MtkCam/CamClient/FDClient(  249): (6149)[waitAndHandleReturnBuffers] +
D/aaa_hal (  249): [waitVSirq]
D/aaa_hal (  249): [Timer:start: VS Timer, SensorDevId: 1] timer start. bClrTime=1
D/aaa_hal/3Athread(  249): CmdQ-size(1), todo(10, 30862)
D/aaa_hal (  249): [Timer:End: VS Timer, SensorDevId: 1] =====> time(ms): current=0.009615,   sum=0.009615
D/        (  249): [AAA_Scheduler::importWork]+, mNormalizeM=1, mSensorDevId=1
D/af_mgr  (  249): [m_cur_frm_num] 30862 [get_frm_ststus] 0
D/AeAlgo  (  249): [HWFlareValue]max flare :160 
D/AeAlgo  (  249): [getFlareAlgo] i2FlareOffset:13,PreFlare13, Max_Step_gap: 2, gain:0 max:160 min:0
D/ae_mgr  (  249): [doPvAE()][AEScheduler] AECalc:1 AEApply:2 AEFlare:4 VDnum:0 AvgY:0
D/ae_mgr  (  249): [doPvAE():PassToAlgo] rAEInput.PreEvSetting[N-1]:99997/15360/1544 rAEInput.PreEvSetting[N-2]:99997/15360/1544 rAEInput.PreEvSetting[N-3]:99997/15360/1544 rAEInput.CycleInfo.m_i4FrameCnt:30859
D/AeAlgo  (  249): [processAE] bPerFrameAESmooth:1 m_bAENotPerFrameMode:0
D/AeAlgo  (  249): [parserAEInput] m_bPerFrameETFlag:1 bPerFrameETIspFlag:1 CurActExp:99997 NextActExp:99997 CurActExpIdx:2 NextActExpIdx:0 MinGainDelay:1 CurActAfe:15360 NextActAfe:15360 CurAplExpIdx:1 CurAplAfe:15360
D/AeAlgo  (  249): [calTargetProbs] [ABL, ABL_DIFF(0):0/BV(-7955):0/P:0],[HS,  HS_FLAT(Y[1, 1] Diff:0):Prob:1024, HS_COLOR(0):1024],[COEP,Orig_Y:0, Prob_OuterY:1024, Orig_Diff:0, Prob_Diff:0, COE_P:0],[NS,  NS_BV(-7955):1024, NS_FLAT(Y[1,1],Diff:0):Prob:1024],
D/AeAlgo  (  249): [getRecommendCWTarget_v2p0] u4FinalCW:55,  m_u4AvgWValue/m_u4CWValue:0/0, weight(aoe/abl/hs/ns): 0,0,0,1024, target(aoe/abl/hs/ns): 55,55,55,55
D/AeAlgo  (  249): [getRecommendCWTarget_v2p0] Final AE Target 55, AvgY/CWY: 0/0, AOE/BL/HS/NS 55/55/55/55
D/AeAlgo  (  249): [processAE] exp:99997 afe:15360 isp:1544
D/ae_mgr  (  249): [UpdateSensorISPParams:s] i4SensorDev:1 VDNum 0, Prev 99997/15360/1544, Cur 99997/15360/1544, Output 99997/15360/1544 WOUpdateSensor:0
D/ae_mgr  (  249): [UpdateSensorISPParams()] Isp gain value(current) = 1544
D/ae_mgr  (  249): [updatePreEvSettingQueue()] m_PreEvSettingQueue[N-1]:99997/15360/1544 m_PreEvSettingQueue[N-2]:99997/15360/1544 m_PreEvSettingQueue[N-3]:99997/15360/1544 
D/aaa_hal/3Athread(  249): [postToAESenThread] sem_post semAESen, semAESenThdEnd before wait = 1
D/aaa_hal/3Athread(  249): [AESensorThreadLoop] updateSensorbyI2C
D/ae_mgr  (  249): [updateSensorbyI2C()] Exposure time value is repeat (skip send command)= 99997
D/ae_mgr  (  249): [updateSensorbyI2C()] Sensor gain value is repeat (skip send command)= 15360
D/aaa_hal/3Athread(  249): [AESensorThreadLoop] semAESenThdEnd before post = 0
D/awb_state(  249): [Searching::sendIntent]<eIntent_AWBScan>
D/aaa_state_camera_preview(  249): lv(0),cct(5203),rgain(1162),bgain(512),ggain(837),fluoidx(100), dayflouidx(12)
D/paramctrl_per_frame(  249): [prepareHw_PerFrame_LSC] (flash, iso, rto) = (0, 2442, 7)
D/paramctrl_per_frame(  249): [applyToHw_PerFrame_All +] i4FrameID(0x    788e)
I/TuningMgr(  249): [dequeBuffer] scenario(0),MagicNum(0x788e)
D/isp_mgr_sl2(  249): [apply] eSwScn(0), bSL2_EN(1), u4SL2_EN(1), u4SL2b_EN(1), u4SL2c_EN(1), CAM_SL2_CEN(0x030b041c), CAM_SL2_MAX0_RR(0x000255d3), CAM_SL2_MAX1_RR(0x0009574c), CAM_SL2_MAX2_RR(0x00109b33)
I/TuningMgr(  249): [enqueBuffer] scenario(0),MagicNum(0x788e)
D/paramctrl_per_frame(  249): [applyToHw_PerFrame_All -] i4FrameID(0x    788e)
D/EisDrv  (  249): [p1TuningNotify]me_ctrl2(0x00006090)
D/aaa_hal (  249): [AFThread] sem_post g_semAFThreadstart, semAFProcEnd before wait = 1
D/MtkCam/DCNode(  249): [0::doNotifyCb]3APROC_FINISH:0x0000788E,0x00000003
D/aaa_hal/3Athread(  249): rCmd(10), magic#(30862)-
I/        (  245): [BWC INFO](245): get_bwc_mm_property success
D/MDP     (  245): DpBlit: in: (1440, 1080, 1440, 720, C8s, P2), crop: (0, 0, 1440, 1080)
D/MDP     (  245): DpBlit: out: (1080, 1440, 2160, 0, C5, P2), misc: (X:0, Y:0, R:90, F:0, S:1, D:0)
D/MDP     (  245): [TDSHP][PQDC] DISP_IOCTL_PQ_GET_TDSHP_FLAG()... tuning flag[0]
I/SurfaceView( 4669): updateWindow -- OnPreDrawListener, mHaveFrame = true, this = android.view.SurfaceView{42c5b6b8 V.E..... ........ 0,211-1080,1651}
D/MDP     (  245): DpBlit: time 5 ms, type 0
D/aaa_hal (  249): [Hal3A::AFThreadFunc] AF waitIrq done
D/flashlight_drv.cpp(  249): isOn()
D/flashlight_drv.cpp(  249): 
D/MtkCam/P1Node(  249): [0:dequeLoop] frame 30867: deque-,1
D/EisDrv  (  249): [UpdateEisoIdx]Eiso:idx(7->8),NEXT(va,pa)=(0xa8ee0800,0x0bc00800)
D/flash_mgr_m.cpp(  249): isAFLampOn 0
D/af_mgr  (  249): DoAFTG1 [XY]16 16 [Sz]344 252  [G]15 24 37 57 84 123 178 [Hz]2096 
D/MtkCam/DCNode(  249): [0::onNotify](0x00000080,0x0000788F,0x0000788D)
D/af_mgr  (  249): FL_FV 0 0
D/aaa_hal/3Athread(  249): [addCommandQ] mCmdQ size(1) + cmd(10) magic(30863)
D/af_mgr  (  249): [AFStatH]0 [AFStatV]0 [moveMCUTG1] 641
D/af_mgr  (  249): TAFtmp pre 641 next 641
D/EisDrv  (  249): [UpdateEisoIdx]post mTsSem
D/aaa_hal (  249): [AFThread] semAFProcEnd before post = 0
D/EisDrv  (  249): [UpdateEiso]Eiso:idx(8),PA(0x0bc00800)
D/EisDrv  (  249): [UpdateEiso]-
D/MtkCam/ISC(  249): [getPass1Crop] 0: TS(4),# 0x788F,IsR(1),ZR(2,100/132),C(0,0,2096x1552),S(2096x1552)
D/MtkCam/P1Node(  249): [updateDeque] deq port 0x1010f, buf 0xb89d5e50, t 26344167742000
D/MtkCam/ISC(  249): [addPass1Info] 0: TS(1),# 0x788D,VA(0xB89D5E50),IsR(1),IsNew(1)
D/EisHal  (  249): [DoEis]EisIn(2092,1548),P1T(1743,1290)
D/EisDrv  (  249): [GetEisHwStatistic]wait mTsSem(26344167742000)
D/EisDrv  (  249): [GetEisHwStatistic]got mTsSem
D/EisDrv  (  249): [GetEisHwStatistic]pEisoAddr(0xa8ee0600)
D/EisHal  (  249): [PrepareEisResult]cmvX(44544),cmvY(33024)
D/EisHal  (  249): [PrepareEisResult]X(174,0),Y(129,0)
D/MtkCam/P2Node(  249): [0:pushBuf] size 1, data 31, buf 0xb89d5e50
D/MtkCam/P1Node(  249): [0:processBufOp] replace port 0x1010f old/new 0xb89d5e50/0xb8913598 va 0xa3d1f000/0xa42f3000
D/MtkCam/P1Node(  249): [0:dequeLoop] frame 30868: deque+
D/MtkCam/BaseHeap(  249): [Cam1Heap::onCreate] [MtkCam/DBHdl] this:0xb8998a18 1440x1080 format:0x32315659
D/MtkCam/DBHdl(  249): [:dequeBuffer]buf(0xb8947918),VA(0xB2E4A000/0xB2FC5B00/0xB30249C0),BS(1555200=1555200+388800+388800),Id(463),F(0x32315659),S(1440x1080),Str(1440,720,720),R(0),U(3)
D/MtkCam/MtkCamUtils(  249): (PrvCB@ImgBufQue)[dequeProvider] Empty Que
D/MtkCam/BaseHeap(  249): [Cam1Heap::onCreate] [MtkCam/DBHdl] this:0xb87ce9c8 640x480 format:0x14
D/MtkCam/DBHdl(  249): [:dequeBuffer]buf(0xb89146c8),VA(0xA8E0F000/0x00000000/0x00000000),BS(614400=614400+0+0),Id(397),F(0x00000014),S(640x480),Str(1280,0,0),R(0),U(0)
D/MtkCam/ISC(  249): [getPass2Info] 0: ImgBuf(0xB89D5E50),# 0x788D,PD(0xA4DA41E0/152),ZR(0,100/132),S(1440x1080),C(265,189,1566x1176)
D/MtkCam/P2Node(  249): [0:enquePass2] i 0 data 31, buf 0xb89d5e50, va 0xa3d1f000, # 0x788D, type 5 cnt 30862
D/MtkCam/P2Node(  249): [0:enquePass2] data 41, buf 0xb8947918, va 0xb2e4a000, tans 0 usg 3
D/MtkCam/P2Node(  249): [0:enquePass2] data 45, buf 0xb89146c8, va 0xa8e0f000, tans 0 usg 0
D/MtkCam/P2Node(  249): [0:enquePass2] IMG2O:B(0xb89146c8),S(640x480),C(265,189,1566x1176)
D/MtkCam/FeaturePipe(  249): [enqueFeatureGraph] FrameNo(30861)
D/EisHal  (  249): [GetEisInfoAtP2]FeaturePipe_3DNR(1)
I/MtkCam/FeaturePipe(  249): [P2A:threadLoopUpdate] gmv_ana,frm[30861],gmv(x,y)=[    0,    0],IsSupportEis(1),SenorIdx(0),NmvX/Y(    0,    0)(ori     0,    0),CmvX/Y(  174,  129)(diff     0,    0)(ori   174,  129),x/yInt(  174,  129),x/yFlt(        0,        0),DoEisCount(30867),ConfidX/y(0,0),EisTS(26344167742000),ImgiTS(26344167742000),GnZoCnt(60)
D/MtkCam/FeaturePipeDataHdl(  249): [getBuffer] data(1003), trans(0)
D/MtkCam/FeaturePipeDataHdl(  249): [getBuffer] -
I/MtkCam/FeaturePipe(  249): [P2A:threadLoopUpdate] [P2A not sets IMG3O mvOut] 3dnrSM0(0 S0P1W2),ES(0x00 FsSzDfLrIn),WH(1566,1176),OfstXY(264,188),mem<va(0xa15f7000)/pa(0x8e00000)/TS(26344167742000)/size(0x1c19d0)>
I/MtkCam/FeaturePipe(  249): [P2A:threadLoopUpdate] [P2A not sets VIPI mvIn  ] 3dnrSM1(0 S0P1W2),ES(0x00 FsSzDfLrIn),WH(1566,1176),OfstXY(0,0),mem<va(0xa2c75000)/pa(0x7d00000)/TS(26344067708000)/size(0x1c19d0)>,mPrvQueSz(1),imgSizeWH(1566,1176),PrvWH(1566,1176),ExtOfstByte(0)
I/MtkCam/FeaturePipe(  249): [P2A:threadLoopUpdate] 3dnrSM2(0 S0P1W2),ES(0x00 FsSzDfLrIn),NmvX/Y(0, 0).Img3oOfX/Y(264, 188),onOfX/Y(0, 0).onW/H(0, 0).VipiOff/W/H(0, 0, 0).MaxIsoInc(100)
I/MtkCam/FeaturePipe(  249): [P2A:threadLoopUpdate] FStrm enq (frame 30861)
D/MDP     (  249): DpIsp: in: (2096, 1552, 3936, 0, C21, P2)
D/MDP     (  249): DpIsp: out0: (1440, 1080, 1440, 720, C8s, P2), misc: (R:0, F:0, S:1, D:0, T:0)
D/MDP     (  249): DpIsp: crop: (265, 189, 1566, 1176)
I/        (  245): [BWC INFO](245): get_bwc_mm_property success
D/MDP     (  245): DpBlit: in: (1440, 1080, 1440, 720, C8s, P2), crop: (0, 0, 1440, 1080)
D/MDP     (  245): DpBlit: out: (1080, 1440, 2160, 0, C5, P2), misc: (X:0, Y:0, R:90, F:0, S:1, D:0)
D/MDP     (  245): [TDSHP][PQDC] DISP_IOCTL_PQ_GET_TDSHP_FLAG()... tuning flag[0]
I/SurfaceView( 4669): updateWindow -- OnPreDrawListener, mHaveFrame = true, this = android.view.SurfaceView{42c5b6b8 V.E..... ........ 0,211-1080,1651}
D/MDP     (  249): DpIsp: 0xb882abc0, src 0 ms
D/MtkCam/FeaturePipe(  249): [performCallback] FeatureGraph callback FrameNo(30861)
D/MtkCam/P2Node(  249): [0:handleP2Done] type 5: cnt 30862 in 1 out 2
D/MtkCam/ISC(  249): [dropPass2Info] Erase # 0x788D,ImgBuf(0xB89D5E50),IsR(1)
D/MtkCam/DBHdl(  249): [:enqueBuffer]buf(0xb8947918),VA(0xB2E4A000),BS(1555200),Id(463),TS(26344.167742),F(0x32315659),S(1440x1080),Str(1440,720,720)
D/MtkCam/MtkCamUtils(  249): (APClient@ImgBufQue)[dequeProvider] Empty Que
D/MtkCam/DBHdl(  249): [:enqueBuffer]buf(0xb89146c8),VA(0xA8E0F000),BS(614400),Id(397),TS(26344.167742),F(0x00000014),S(640x480),Str(1280,0,0)
D/MtkCam/CamClient/FDClient(  249): (6149)[waitAndHandleReturnBuffers] -
D/MtkCam/CamClient/FDClient(  249): (6149)[doFD] +
D/MtkCam/CamClient/FDClient(  249): (6149)[doBufferAnalysis] plane: 1
D/mHalFDVT(  249): (6149)[halFTBufferCreate] DO RGB565 (SW) In
D/MtkCam/DisplayClient(  249): [handleReturnBuffers] + (100) 34ms < Duration(95)
D/MtkCam/DisplayClient(  249): [handleReturnBuffers] Show frame:0 1 [ion:463 0xb2e4a000/2332800 26344167742000]
D/MtkCam/FeaturePipeDataHdl(  249): [returnBuffer] data(1003), buf(0xb8913620)
D/MtkCam/DisplayClient(  249): [handleReturnBuffers] -
D/mHalFDVT(  249): (6149)[halFTBufferCreate] DO RGB565 (SW) Out
D/mHalFDVT(  249): (6149)[halFDYUYV2ExtractY] DO Extract Y In
D/mHalFDVT(  249): (6149)[halFDYUYV2ExtractY] DO Extract Y Out
D/mHalFDVT(  249): (6149)[halFDDo] SD Status: SDEnable:0, img_w:320, img_h:240, Src_Phy_Addr:0x5600000,
D/mHalFDVT(  249): (6149)[halFDDo] [halFDDo] IN,  1
D/MDP     (  245): DpBlit: time 7 ms, type 0
D/mHalFDVT(  249): (6149)[halFDDo] FDVTMain IN
D/FDVT_Drv(  249): Set RS_Config, Src_W = 640, Src_H = 480, src_Format = 0, g_rs_num:12
D/FDVT_Drv(  249): Check RS_Config, rs[2]= 0x901e0280, rs[3]= 0xc33312c1,  rs[5]= 0x280,
D/FDVT_Drv(  249): SW RIP Input: 1,
D/FDVT_Drv(  249): FDRegisterConfig In, (HW)skip:0, 
D/FDVT_Drv(  249): FDRegisterConfig Out
D/FDVT_Drv(  249): Do Flush (IMEM) 
D/FDVT_Drv(  249): Set Start HW in 
D/FDVT_Drv(  249): Set Start HW out 
D/FDVT_Drv(  249): FDGetHWResult In
I/        (  245): [BWC INFO](245): get_bwc_mm_property success
D/MtkCam/DisplayClient(  249): [waitAndHandleReturnBuffers] +
D/MDP     (  245): DpBlit: in: (1440, 1080, 1440, 720, C8s, P2), crop: (0, 0, 1440, 1080)
D/MDP     (  245): DpBlit: out: (1080, 1440, 2160, 0, C5, P2), misc: (X:0, Y:0, R:90, F:0, S:1, D:0)
D/MDP     (  245): [TDSHP][PQDC] DISP_IOCTL_PQ_GET_TDSHP_FLAG()... tuning flag[0]
I/SurfaceView( 4669): updateWindow -- OnPreDrawListener, mHaveFrame = true, this = android.view.SurfaceView{42c5b6b8 V.E..... ........ 0,211-1080,1651}
V/Provider/Settings( 5899): get setting for user 0 by user 0 so skipping cache
V/Provider/Settings( 5899):  from settings cache , name = date_format , value = 
D/MDP     (  245): DpBlit: time 5 ms, type 0
V/Provider/Settings( 5899): get setting for user 0 by user 0 so skipping cache
V/Provider/Settings( 5899):  from settings cache , name = date_format , value = 
V/Provider/Settings( 5899): get setting for user 0 by user 0 so skipping cache
V/Provider/Settings( 5899):  from settings cache , name = date_format , value = 
I/        (  245): [BWC INFO](245): get_bwc_mm_property success
D/MDP     (  245): DpBlit: in: (1440, 1080, 1440, 720, C8s, P2), crop: (0, 0, 1440, 1080)
D/MDP     (  245): DpBlit: out: (1080, 1440, 2160, 0, C5, P2), misc: (X:0, Y:0, R:90, F:0, S:1, D:0)
D/MDP     (  245): [TDSHP][PQDC] DISP_IOCTL_PQ_GET_TDSHP_FLAG()... tuning flag[0]
I/SurfaceView( 4669): updateWindow -- OnPreDrawListener, mHaveFrame = true, this = android.view.SurfaceView{42c5b6b8 V.E..... ........ 0,211-1080,1651}
D/MDP     (  245): DpBlit: time 5 ms, type 0
I/        (  245): [BWC INFO](245): get_bwc_mm_property success
D/MDP     (  245): DpBlit: in: (1440, 1080, 1440, 720, C8s, P2), crop: (0, 0, 1440, 1080)
D/MDP     (  245): DpBlit: out: (1080, 1440, 2160, 0, C5, P2), misc: (X:0, Y:0, R:90, F:0, S:1, D:0)
D/MDP     (  245): [TDSHP][PQDC] DISP_IOCTL_PQ_GET_TDSHP_FLAG()... tuning flag[0]
I/SurfaceView( 4669): updateWindow -- OnPreDrawListener, mHaveFrame = true, this = android.view.SurfaceView{42c5b6b8 V.E..... ........ 0,211-1080,1651}
D/AndroidRuntime( 9853): 
D/AndroidRuntime( 9853): >>>>>> AndroidRuntime START com.android.internal.os.RuntimeInit <<<<<<
D/AndroidRuntime( 9853): CheckJNI is OFF
D/AndroidRuntime( 9853): language=-Duser.language=zh region=-Duser.region=CN
D/dalvikvm( 9853): boot class : 
D/dalvikvm( 9853):   (0) core.jar
D/dalvikvm( 9853):   (1) conscrypt.jar
D/dalvikvm( 9853):   (2) okhttp.jar
D/dalvikvm( 9853):   (3) core-junit.jar
D/dalvikvm( 9853):   (4) bouncycastle.jar
D/dalvikvm( 9853):   (5) ext.jar
D/dalvikvm( 9853):   (6) framework.jar
D/dalvikvm( 9853):   (7) framework2.jar
D/dalvikvm( 9853):   (8) telephony-common.jar
D/dalvikvm( 9853):   (9) voip-common.jar
D/dalvikvm( 9853):   (10) mms-common.jar
D/dalvikvm( 9853):   (11) android.policy.jar
D/dalvikvm( 9853):   (12) services.jar
D/dalvikvm( 9853):   (13) apache-xml.jar
D/dalvikvm( 9853):   (14) webviewchromium.jar
D/dalvikvm( 9853):   (15) mediatek-common.jar
D/dalvikvm( 9853):   (16) mediatek-framework.jar
D/dalvikvm( 9853):   (17) CustomProperties.jar
D/dalvikvm( 9853):   (18) mediatek-telephony-common.jar
D/dalvikvm( 9853):   (19) mediatek-tablet.jar
D/dalvikvm( 9853):   (20) oppo-framework.jar
D/dalvikvm( 9853):   (21) am.jar
D/MDP     (  245): DpBlit: time 5 ms, type 0
D/dalvikvm( 9853): threadid=1: interp stack at 0x41ecd000
D/dalvikvm( 9853): dvmJarFileOpen: /system/framework/core.jar
D/dalvikvm( 9853): dvmJarFileOpen: /system/framework/conscrypt.jar
D/dalvikvm( 9853): dvmJarFileOpen: /system/framework/okhttp.jar
D/dalvikvm( 9853): dvmJarFileOpen: /system/framework/core-junit.jar
D/dalvikvm( 9853): dvmJarFileOpen: /system/framework/bouncycastle.jar
D/dalvikvm( 9853): dvmJarFileOpen: /system/framework/ext.jar
D/ReserveFileInData( 9860): Total_size = 12702646272 B = 12404928 KB = 12114 MB = 11 GB
D/ReserveFileInData( 9860): Disk_free = 8927 MB = 8 GB
D/ReserveFileInData( 9860): Disk_available = 8911 MB = 8 GB
D/ReserveFileInData( 9860): availDataSize is 8911
D/dalvikvm( 9853): dvmJarFileOpen: /system/framework/framework.jar
D/dalvikvm( 9853): dvmJarFileOpen: /system/framework/framework2.jar
D/dalvikvm( 9853): dvmJarFileOpen: /system/framework/telephony-common.jar
D/dalvikvm( 9853): dvmJarFileOpen: /system/framework/voip-common.jar
D/dalvikvm( 9853): dvmJarFileOpen: /system/framework/mms-common.jar
D/dalvikvm( 9853): dvmJarFileOpen: /system/framework/android.policy.jar
D/dalvikvm( 9853): dvmJarFileOpen: /system/framework/services.jar
D/dalvikvm( 9853): dvmJarFileOpen: /system/framework/apache-xml.jar
D/dalvikvm( 9853): dvmJarFileOpen: /system/framework/webviewchromium.jar
D/dalvikvm( 9853): dvmJarFileOpen: /system/framework/mediatek-common.jar
D/dalvikvm( 9853): dvmJarFileOpen: /system/framework/mediatek-framework.jar
D/dalvikvm( 9853): dvmJarFileOpen: /system/framework/CustomProperties.jar
D/dalvikvm( 9853): dvmJarFileOpen: /system/framework/mediatek-telephony-common.jar
D/dalvikvm( 9853): dvmJarFileOpen: /system/framework/mediatek-tablet.jar
D/dalvikvm( 9853): dvmJarFileOpen: /system/framework/oppo-framework.jar
D/dalvikvm( 9853): open_cached_dex_file : /system/framework/oppo-framework.jar /data/dalvik-cache/system@framework@oppo-framework.jar@classes.dex
D/dalvikvm( 9853): process bootclasspath ex!!
D/dalvikvm( 9853): dvmJarFileOpen: /system/framework/mediatek-op.jar
D/dalvikvm( 9853): open_cached_dex_file : /system/framework/mediatek-op.jar /data/dalvik-cache/system@framework@mediatek-op.jar@classes.dex
I/        (  245): [BWC INFO](245): get_bwc_mm_property success
D/MDP     (  245): DpBlit: in: (1440, 1080, 1440, 720, C8s, P2), crop: (0, 0, 1440, 1080)
D/MDP     (  245): DpBlit: out: (1080, 1440, 2160, 0, C5, P2), misc: (X:0, Y:0, R:90, F:0, S:1, D:0)
D/MDP     (  245): [TDSHP][PQDC] DISP_IOCTL_PQ_GET_TDSHP_FLAG()... tuning flag[0]
D/dalvikvm( 9853): Trying to load lib libjavacore.so 0x0
I/SurfaceView( 4669): updateWindow -- OnPreDrawListener, mHaveFrame = true, this = android.view.SurfaceView{42c5b6b8 V.E..... ........ 0,211-1080,1651}
D/FDVT_Drv(  249): Do Ivalid (IMEM) 
D/FDVT_Drv(  249): HW_Result: GFD_NUM: 0 LFD_NUM: 0 L_TYPE:1, 
D/FDVT_Drv(  249): FDGetHWResult Out
D/FDVT_Drv(  249): Final: HW_NUM:0, Filter_NUM:0, SKIP_NUM:0
D/SWFD_MAIN(  249): SWFDMain face num is 0
D/mHalFDVT(  249): (6149)[halFDDo] FDVTMain out
D/mHalFDVT(  249): (6149)[halFDGetFaceResult] [halFDGetFaceResult]m_DispW(320) m_DispH(240)
D/MtkCam/CamClient/FDClient(  249): (6149)[doFD] Scenario FD Num: 0
D/MtkCam/CamClient/FDClient(  249): (6149)[doFD] Scenario SD Result1: 0
D/MtkCam/CamClient/FDClient(  249): (6149)[doFD] -
D/Hal3AAdapter1(  249): [init] MtkCam/CamClient/FDClient(4)
D/af_mgr  (  249): [setFDInfo]cnt:0, X:1048 Y:776 W:0 H:0
D/Hal3AAdapter1(  249): [uninit] MtkCam/CamClient/FDClient(4)
W/MtkCam/CamClient/FDClient(  249): (6149)[performCallback] No FD CB: isDetected_FD(0), mIsDetected_FD(0), isMsgEnabled(1)
W/MtkCam/CamClient/FDClient(  249): (6149)[performCallback] No SD CB: isDetected_SD(0), mIsSDenabled(0), isMsgEnabled(1)
W/MtkCam/CamClient/FDClient(  249): (6149)[performCallback] No GD CB: isDetected_GD(0), mIsGDenabled(0), isMsgEnabled(1)
D/mHalFDVT(  249): (6149)[halFDGetFaceResult] [halFDGetFaceResult]m_DispW(320) m_DispH(240)
D/MtkCam/ParamsManager(  249): [getShotModeStr] normal
D/MtkCam/CamClient/FDClient(  249): (6149)[waitAndHandleReturnBuffers] +
D/dalvikvm( 9853): Added shared lib libjavacore.so 0x0
D/MDP     (  245): DpBlit: time 5 ms, type 0
D/dalvikvm( 9853): Trying to load lib libnativehelper.so 0x0
D/dalvikvm( 9853): Added shared lib libnativehelper.so 0x0
D/dalvikvm( 9853): No JNI_OnLoad found in libnativehelper.so 0x0, skipping init
D/dalvikvm( 9853): +++ finishing prep on main VM thread
D/aaa_hal (  249): [waitVSirq]
D/aaa_hal (  249): [Timer:start: VS Timer, SensorDevId: 1] timer start. bClrTime=1
D/aaa_hal/3Athread(  249): CmdQ-size(1), todo(10, 30863)
D/aaa_hal (  249): [Timer:End: VS Timer, SensorDevId: 1] =====> time(ms): current=0.030462,   sum=0.030462
D/        (  249): [AAA_Scheduler::importWork]+, mNormalizeM=1, mSensorDevId=1
D/af_mgr  (  249): [m_cur_frm_num] 30863 [get_frm_ststus] 0
D/AeAlgo  (  249): [HWFlareValue]max flare :160 
D/AeAlgo  (  249): [getFlareAlgo] i2FlareOffset:13,PreFlare13, Max_Step_gap: 2, gain:0 max:160 min:0
D/ae_mgr  (  249): [doPvAE()][AEScheduler] AECalc:1 AEApply:2 AEFlare:4 VDnum:0 AvgY:0
D/ae_mgr  (  249): [doPvAE():PassToAlgo] rAEInput.PreEvSetting[N-1]:99997/15360/1544 rAEInput.PreEvSetting[N-2]:99997/15360/1544 rAEInput.PreEvSetting[N-3]:99997/15360/1544 rAEInput.CycleInfo.m_i4FrameCnt:30860
D/AeAlgo  (  249): [processAE] bPerFrameAESmooth:1 m_bAENotPerFrameMode:0
D/AeAlgo  (  249): [parserAEInput] m_bPerFrameETFlag:1 bPerFrameETIspFlag:1 CurActExp:99997 NextActExp:99997 CurActExpIdx:2 NextActExpIdx:0 MinGainDelay:1 CurActAfe:15360 NextActAfe:15360 CurAplExpIdx:1 CurAplAfe:15360
D/AeAlgo  (  249): [calTargetProbs] [ABL, ABL_DIFF(0):0/BV(-7955):0/P:0],[HS,  HS_FLAT(Y[1, 1] Diff:0):Prob:1024, HS_COLOR(0):1024],[COEP,Orig_Y:0, Prob_OuterY:1024, Orig_Diff:0, Prob_Diff:0, COE_P:0],[NS,  NS_BV(-7955):1024, NS_FLAT(Y[1,1],Diff:0):Prob:1024],
D/AeAlgo  (  249): [getRecommendCWTarget_v2p0] u4FinalCW:55,  m_u4AvgWValue/m_u4CWValue:0/0, weight(aoe/abl/hs/ns): 0,0,0,1024, target(aoe/abl/hs/ns): 55,55,55,55
D/AeAlgo  (  249): [getRecommendCWTarget_v2p0] Final AE Target 55, AvgY/CWY: 0/0, AOE/BL/HS/NS 55/55/55/55
D/AeAlgo  (  249): [getDeltaIndex_v2p0] eSensorDev:0 m_u4Index:143, isConverged:0, m_u4CWRecommend/m_u4CWValue/m_u4AccW/i4DeltaIndex/i4AccRatio/i4EVRatio/i4EVDiffx1000/i4EVRatioDiff/i4PrevEvDiffFrac/m_i4EvDiffFrac/m_u4FracGain 55/0/0/49/0/85/5781/4913/0/0/1024
D/AeAlgo  (  249): [processAE] The AE index is at the boundary Idx:143 DeIdx:392 Max:143 Min:0
D/AeAlgo  (  249): [calEquivalentTranslation] limit eq_ratio:1000 
D/AeAlgo  (  249): [calEquivalentTranslation] eq no need
D/ae_mgr  (  249): [UpdateSensorISPParams:s] i4SensorDev:1 VDNum 0, Prev 99997/15360/1544, Cur 99997/15360/1544, Output 99997/15360/1544 WOUpdateSensor:0
D/ae_mgr  (  249): [UpdateSensorISPParams()] Isp gain value(current) = 1544
D/ae_mgr  (  249): [updatePreEvSettingQueue()] m_PreEvSettingQueue[N-1]:99997/15360/1544 m_PreEvSettingQueue[N-2]:99997/15360/1544 m_PreEvSettingQueue[N-3]:99997/15360/1544 
D/aaa_hal/3Athread(  249): [postToAESenThread] sem_post semAESen, semAESenThdEnd before wait = 1
D/aaa_hal/3Athread(  249): [AESensorThreadLoop] updateSensorbyI2C
D/ae_mgr  (  249): [updateSensorbyI2C()] Exposure time value is repeat (skip send command)= 99997
D/ae_mgr  (  249): [updateSensorbyI2C()] Sensor gain value is repeat (skip send command)= 15360
D/aaa_hal/3Athread(  249): [AESensorThreadLoop] semAESenThdEnd before post = 0
D/awb_state(  249): [Searching::sendIntent]<eIntent_AWBScan>
D/aaa_state_camera_preview(  249): lv(0),cct(5203),rgain(1162),bgain(512),ggain(837),fluoidx(100), dayflouidx(12)
D/utilMath(  249): [utilCholeskyDecomposition_int] Error v <= 0!
D/utilMath(  249): [Error] in utilsolveLS_Sym_int!
D/utilMath(  249): [utilCholeskyDecomposition_int] Error v <= 0!
D/utilMath(  249): [Error] in utilsolveLS_Sym_int!
D/paramctrl_per_frame(  249): [prepareHw_PerFrame_LSC] (flash, iso, rto) = (0, 2442, 7)
D/paramctrl_per_frame(  249): [applyToHw_PerFrame_All +] i4FrameID(0x    788f)
I/TuningMgr(  249): [dequeBuffer] scenario(0),MagicNum(0x788f)
D/isp_mgr_sl2(  249): [apply] eSwScn(0), bSL2_EN(1), u4SL2_EN(1), u4SL2b_EN(1), u4SL2c_EN(1), CAM_SL2_CEN(0x030b041c), CAM_SL2_MAX0_RR(0x000255d3), CAM_SL2_MAX1_RR(0x0009574c), CAM_SL2_MAX2_RR(0x00109b33)
I/TuningMgr(  249): [enqueBuffer] scenario(0),MagicNum(0x788f)
D/paramctrl_per_frame(  249): [applyToHw_PerFrame_All -] i4FrameID(0x    788f)
D/EisDrv  (  249): [p1TuningNotify]me_ctrl2(0x00006090)
D/aaa_hal (  249): [AFThread] sem_post g_semAFThreadstart, semAFProcEnd before wait = 1
D/MtkCam/DCNode(  249): [0::doNotifyCb]3APROC_FINISH:0x0000788F,0x00000003
D/aaa_hal/3Athread(  249): rCmd(10), magic#(30863)-
I/        (  245): [BWC INFO](245): get_bwc_mm_property success
D/MDP     (  245): DpBlit: in: (1440, 1080, 1440, 720, C8s, P2), crop: (0, 0, 1440, 1080)
D/MDP     (  245): DpBlit: out: (1080, 1440, 2160, 0, C5, P2), misc: (X:0, Y:0, R:90, F:0, S:1, D:0)
D/MDP     (  245): [TDSHP][PQDC] DISP_IOCTL_PQ_GET_TDSHP_FLAG()... tuning flag[0]
I/SurfaceView( 4669): updateWindow -- OnPreDrawListener, mHaveFrame = true, this = android.view.SurfaceView{42c5b6b8 V.E..... ........ 0,211-1080,1651}
D/MDP     (  245): DpBlit: time 5 ms, type 0
D/dalvikvm( 9853): dvmJarFileOpen: /system/framework/wm.jar
I/dalvikvm( 9853): DexOpt: mismatch dep name: '/data/dalvik-cache/system@framework@oppo-framework.jar@classes.dex' vs. '/system/framework/oppo-framework.odex'
D/dalvikvm( 9853): == DexOpt: numDeps = 21
D/dalvikvm( 9853): 0 : /system/framework/core.odex /system/framework/core.odex
D/dalvikvm( 9853): 1 : /system/framework/conscrypt.odex /system/framework/conscrypt.odex
D/dalvikvm( 9853): 2 : /system/framework/okhttp.odex /system/framework/okhttp.odex
D/dalvikvm( 9853): 3 : /system/framework/core-junit.odex /system/framework/core-junit.odex
D/dalvikvm( 9853): 4 : /system/framework/bouncycastle.odex /system/framework/bouncycastle.odex
D/dalvikvm( 9853): 5 : /system/framework/ext.odex /system/framework/ext.odex
D/dalvikvm( 9853): 6 : /system/framework/framework.odex /system/framework/framework.odex
D/dalvikvm( 9853): 7 : /system/framework/framework2.odex /system/framework/framework2.odex
D/dalvikvm( 9853): 8 : /system/framework/telephony-common.odex /system/framework/telephony-common.odex
D/dalvikvm( 9853): 9 : /system/framework/voip-common.odex /system/framework/voip-common.odex
D/dalvikvm( 9853): 10 : /system/framework/mms-common.odex /system/framework/mms-common.odex
D/dalvikvm( 9853): 11 : /system/framework/android.policy.odex /system/framework/android.policy.odex
D/dalvikvm( 9853): 12 : /system/framework/services.odex /system/framework/services.odex
D/dalvikvm( 9853): 13 : /system/framework/apache-xml.odex /system/framework/apache-xml.odex
D/dalvikvm( 9853): 14 : /system/framework/webviewchromium.odex /system/framework/webviewchromium.odex
D/dalvikvm( 9853): 15 : /system/framework/mediatek-common.odex /system/framework/mediatek-common.odex
D/dalvikvm( 9853): 16 : /system/framework/mediatek-framework.odex /system/framework/mediatek-framework.odex
D/dalvikvm( 9853): 17 : /system/framework/CustomProperties.odex /system/framework/CustomProperties.odex
D/dalvikvm( 9853): 18 : /system/framework/mediatek-telephony-common.odex /system/framework/mediatek-telephony-common.odex
D/dalvikvm( 9853): 19 : /system/framework/mediatek-tablet.odex /system/framework/mediatek-tablet.odex
D/dalvikvm( 9853): 20 : /system/framework/oppo-framework.odex /system/framework/oppo-framework.odex
D/dalvikvm( 9853): 21 : NULL NULL
E/dalvikvm( 9853): /system/framework/wm.jar odex has stale dependencies
D/dalvikvm( 9853): open_cached_dex_file : /system/framework/wm.jar /data/dalvik-cache/system@framework@wm.jar@classes.dex
D/dalvikvm( 9853): create interp thread : stack size=128KB
D/dalvikvm( 9853): create new thread
D/dalvikvm( 9853): new thread created
D/dalvikvm( 9853): update thread list
D/dalvikvm( 9853): threadid=2: interp stack at 0x72eca000
D/dalvikvm( 9853): threadid=2: created from interp
D/dalvikvm( 9853): start new thread
D/dalvikvm( 9853): threadid=2: notify debugger
D/dalvikvm( 9853): threadid=2 (ReferenceQueueDaemon): calling run()
D/dalvikvm( 9853): create interp thread : stack size=128KB
D/dalvikvm( 9853): create new thread
D/dalvikvm( 9853): new thread created
D/dalvikvm( 9853): update thread list
D/dalvikvm( 9853): threadid=3: interp stack at 0x72fea000
D/dalvikvm( 9853): threadid=3: created from interp
D/dalvikvm( 9853): start new thread
D/dalvikvm( 9853): threadid=3: notify debugger
D/dalvikvm( 9853): threadid=3 (FinalizerDaemon): calling run()
D/dalvikvm( 9853): create interp thread : stack size=128KB
D/dalvikvm( 9853): create new thread
D/dalvikvm( 9853): new thread created
D/dalvikvm( 9853): update thread list
D/dalvikvm( 9853): threadid=4: interp stack at 0x7310b000
D/dalvikvm( 9853): threadid=4: created from interp
D/dalvikvm( 9853): start new thread
D/dalvikvm( 9853): threadid=4: notify debugger
D/dalvikvm( 9853): threadid=4 (FinalizerWatchdogDaemon): calling run()
D/aaa_hal (  249): [Hal3A::AFThreadFunc] AF waitIrq done
D/dalvikvm( 9853): threadid=5: interp stack at 0x7332d000
D/flashlight_drv.cpp(  249): isOn()
D/flashlight_drv.cpp(  249): 
D/EisDrv  (  249): [UpdateEisoIdx]Eiso:idx(8->9),NEXT(va,pa)=(0xa8ee0900,0x0bc00900)
D/flash_mgr_m.cpp(  249): isAFLampOn 0
