D/FDVT_Drv(  249): Set RS_Config, Src_W = 640, Src_H = 480, src_Format = 0, g_rs_num:12
D/FDVT_Drv(  249): Check RS_Config, rs[2]= 0x901e0280, rs[3]= 0xc33312c1,  rs[5]= 0x280,
D/FDVT_Drv(  249): SW RIP Input: 7,
D/FDVT_Drv(  249): FDRegisterConfig In, (HW)skip:0, 
D/FDVT_Drv(  249): FDRegisterConfig Out
D/FDVT_Drv(  249): Do Flush (IMEM) 
D/FDVT_Drv(  249): Set Start HW in 
D/FDVT_Drv(  249): Set Start HW out 
D/FDVT_Drv(  249): FDGetHWResult In
I/        (  245): [BWC INFO](245): get_bwc_mm_property success
D/MtkCam/DisplayClient(  249): [waitAndHandleReturnBuffers] +
D/MDP     (  245): DpBlit: in: (1440, 1080, 1440, 720, C8s, P2), crop: (0, 0, 1440, 1080)
D/MDP     (  245): DpBlit: out: (1080, 1440, 2160, 0, C5, P2), misc: (X:0, Y:0, R:90, F:0, S:1, D:0)
D/MDP     (  245): [TDSHP][PQDC] DISP_IOCTL_PQ_GET_TDSHP_FLAG()... tuning flag[0]
I/SurfaceView( 4669): updateWindow -- OnPreDrawListener, mHaveFrame = true, this = android.view.SurfaceView{42c5b6b8 V.E..... ........ 0,211-1080,1651}
D/MDP     (  245): DpBlit: time 5 ms, type 0
I/        (  245): [BWC INFO](245): get_bwc_mm_property success
I/SurfaceFlinger(  245): [Built-in Screen (type:0)] fps:58.283676,dur:1012.29,max:33.73,min:16.56
D/MDP     (  245): DpBlit: in: (1440, 1080, 1440, 720, C8s, P2), crop: (0, 0, 1440, 1080)
D/MDP     (  245): DpBlit: out: (1080, 1440, 2160, 0, C5, P2), misc: (X:0, Y:0, R:90, F:0, S:1, D:0)
D/MDP     (  245): [TDSHP][PQDC] DISP_IOCTL_PQ_GET_TDSHP_FLAG()... tuning flag[0]
I/SurfaceView( 4669): updateWindow -- OnPreDrawListener, mHaveFrame = true, this = android.view.SurfaceView{42c5b6b8 V.E..... ........ 0,211-1080,1651}
D/MDP     (  245): DpBlit: time 5 ms, type 0
I/        (  245): [BWC INFO](245): get_bwc_mm_property success
D/MDP     (  245): DpBlit: in: (1440, 1080, 1440, 720, C8s, P2), crop: (0, 0, 1440, 1080)
D/MDP     (  245): DpBlit: out: (1080, 1440, 2160, 0, C5, P2), misc: (X:0, Y:0, R:90, F:0, S:1, D:0)
D/MDP     (  245): [TDSHP][PQDC] DISP_IOCTL_PQ_GET_TDSHP_FLAG()... tuning flag[0]
I/SurfaceView( 4669): updateWindow -- OnPreDrawListener, mHaveFrame = true, this = android.view.SurfaceView{42c5b6b8 V.E..... ........ 0,211-1080,1651}
D/MDP     (  245): DpBlit: time 5 ms, type 0
D/aaa_hal (  249): [waitVSirq]
D/aaa_hal (  249): [Timer:start: VS Timer, SensorDevId: 1] timer start. bClrTime=1
D/aaa_hal/3Athread(  249): CmdQ-size(1), todo(10, 31462)
D/aaa_hal (  249): [Timer:End: VS Timer, SensorDevId: 1] =====> time(ms): current=0.178461,   sum=0.178461
D/        (  249): [AAA_Scheduler::importWork]+, mNormalizeM=1, mSensorDevId=1
D/af_mgr  (  249): [m_cur_frm_num] 31462 [get_frm_ststus] 0
D/AeAlgo  (  249): [HWFlareValue]max flare :160 
D/AeAlgo  (  249): [getFlareAlgo] i2FlareOffset:13,PreFlare13, Max_Step_gap: 2, gain:0 max:160 min:0
D/ae_mgr  (  249): [doPvAE()][AEScheduler] AECalc:1 AEApply:2 AEFlare:4 VDnum:0 AvgY:0
D/ae_mgr  (  249): [doPvAE():PassToAlgo] rAEInput.PreEvSetting[N-1]:99997/15360/1544 rAEInput.PreEvSetting[N-2]:99997/15360/1544 rAEInput.PreEvSetting[N-3]:99997/15360/1544 rAEInput.CycleInfo.m_i4FrameCnt:31459
D/AeAlgo  (  249): [processAE] bPerFrameAESmooth:1 m_bAENotPerFrameMode:0
D/AeAlgo  (  249): [parserAEInput] m_bPerFrameETFlag:1 bPerFrameETIspFlag:1 CurActExp:99997 NextActExp:99997 CurActExpIdx:2 NextActExpIdx:0 MinGainDelay:1 CurActAfe:15360 NextActAfe:15360 CurAplExpIdx:1 CurAplAfe:15360
D/AeAlgo  (  249): [calTargetProbs] [ABL, ABL_DIFF(0):0/BV(-7955):0/P:0],[HS,  HS_FLAT(Y[1, 1] Diff:0):Prob:1024, HS_COLOR(0):1024],[COEP,Orig_Y:0, Prob_OuterY:1024, Orig_Diff:0, Prob_Diff:0, COE_P:0],[NS,  NS_BV(-7955):1024, NS_FLAT(Y[1,1],Diff:0):Prob:1024],
D/AeAlgo  (  249): [getRecommendCWTarget_v2p0] u4FinalCW:55,  m_u4AvgWValue/m_u4CWValue:0/0, weight(aoe/abl/hs/ns): 0,0,0,1024, target(aoe/abl/hs/ns): 55,55,55,55
D/AeAlgo  (  249): [getRecommendCWTarget_v2p0] Final AE Target 55, AvgY/CWY: 0/0, AOE/BL/HS/NS 55/55/55/55
D/AeAlgo  (  249): [processAE] exp:99997 afe:15360 isp:1544
D/ae_mgr  (  249): [UpdateSensorISPParams:s] i4SensorDev:1 VDNum 0, Prev 99997/15360/1544, Cur 99997/15360/1544, Output 99997/15360/1544 WOUpdateSensor:0
D/ae_mgr  (  249): [UpdateSensorISPParams()] Isp gain value(current) = 1544
D/ae_mgr  (  249): [updatePreEvSettingQueue()] m_PreEvSettingQueue[N-1]:99997/15360/1544 m_PreEvSettingQueue[N-2]:99997/15360/1544 m_PreEvSettingQueue[N-3]:99997/15360/1544 
D/aaa_hal/3Athread(  249): [postToAESenThread] sem_post semAESen, semAESenThdEnd before wait = 1
D/awb_state(  249): [Searching::sendIntent]<eIntent_AWBScan>
D/aaa_state_camera_preview(  249): lv(0),cct(5203),rgain(1162),bgain(512),ggain(837),fluoidx(100), dayflouidx(12)
D/paramctrl_per_frame(  249): [prepareHw_PerFrame_LSC] (flash, iso, rto) = (0, 2442, 7)
D/paramctrl_per_frame(  249): [applyToHw_PerFrame_All +] i4FrameID(0x    7ae6)
I/TuningMgr(  249): [dequeBuffer] scenario(0),MagicNum(0x7ae6)
D/isp_mgr_sl2(  249): [apply] eSwScn(0), bSL2_EN(1), u4SL2_EN(1), u4SL2b_EN(1), u4SL2c_EN(1), CAM_SL2_CEN(0x030b041c), CAM_SL2_MAX0_RR(0x000255d3), CAM_SL2_MAX1_RR(0x0009574c), CAM_SL2_MAX2_RR(0x00109b33)
I/TuningMgr(  249): [enqueBuffer] scenario(0),MagicNum(0x7ae6)
D/paramctrl_per_frame(  249): [applyToHw_PerFrame_All -] i4FrameID(0x    7ae6)
D/EisDrv  (  249): [p1TuningNotify]me_ctrl2(0x00006090)
D/aaa_hal (  249): [AFThread] sem_post g_semAFThreadstart, semAFProcEnd before wait = 1
D/MtkCam/DCNode(  249): [0::doNotifyCb]3APROC_FINISH:0x00007AE6,0x00000003
D/aaa_hal/3Athread(  249): rCmd(10), magic#(31462)-
D/aaa_hal/3Athread(  249): [AESensorThreadLoop] updateSensorbyI2C
D/ae_mgr  (  249): [updateSensorbyI2C()] Exposure time value is repeat (skip send command)= 99997
D/ae_mgr  (  249): [updateSensorbyI2C()] Sensor gain value is repeat (skip send command)= 15360
D/aaa_hal/3Athread(  249): [AESensorThreadLoop] semAESenThdEnd before post = 0
I/        (  245): [BWC INFO](245): get_bwc_mm_property success
D/MDP     (  245): DpBlit: in: (1440, 1080, 1440, 720, C8s, P2), crop: (0, 0, 1440, 1080)
D/MDP     (  245): DpBlit: out: (1080, 1440, 2160, 0, C5, P2), misc: (X:0, Y:0, R:90, F:0, S:1, D:0)
D/MDP     (  245): [TDSHP][PQDC] DISP_IOCTL_PQ_GET_TDSHP_FLAG()... tuning flag[0]
I/SurfaceView( 4669): updateWindow -- OnPreDrawListener, mHaveFrame = true, this = android.view.SurfaceView{42c5b6b8 V.E..... ........ 0,211-1080,1651}
D/MDP     (  245): DpBlit: time 5 ms, type 0
D/EisDrv  (  249): [UpdateEisoIdx]Eiso:idx(7->8),NEXT(va,pa)=(0xa8ee0800,0x0bc00800)
D/EisDrv  (  249): [UpdateEisoIdx]post mTsSem
D/EisDrv  (  249): [UpdateEiso]Eiso:idx(8),PA(0x0bc00800)
D/EisDrv  (  249): [UpdateEiso]-
D/MtkCam/P1Node(  249): [0:dequeLoop] frame 31467: deque-,1
D/MtkCam/DCNode(  249): [0::onNotify](0x00000080,0x00007AE7,0x00007AE5)
D/aaa_hal/3Athread(  249): [addCommandQ] mCmdQ size(1) + cmd(10) magic(31463)
D/MtkCam/ISC(  249): [getPass1Crop] 0: TS(4),# 0x7AE7,IsR(1),ZR(2,100/132),C(0,0,2096x1552),S(2096x1552)
D/MtkCam/P1Node(  249): [updateDeque] deq port 0x1010f, buf 0xb89d5e50, t 26404187273000
D/MtkCam/ISC(  249): [addPass1Info] 0: TS(1),# 0x7AE5,VA(0xB89D5E50),IsR(1),IsNew(1)
D/EisHal  (  249): [DoEis]EisIn(2092,1548),P1T(1743,1290)
D/EisDrv  (  249): [GetEisHwStatistic]wait mTsSem(26404187273000)
D/EisDrv  (  249): [GetEisHwStatistic]got mTsSem
D/EisDrv  (  249): [GetEisHwStatistic]pEisoAddr(0xa8ee0600)
D/EisHal  (  249): [PrepareEisResult]cmvX(44544),cmvY(33024)
D/EisHal  (  249): [PrepareEisResult]X(174,0),Y(129,0)
D/MtkCam/P2Node(  249): [0:pushBuf] size 1, data 31, buf 0xb89d5e50
D/MtkCam/P1Node(  249): [0:processBufOp] replace port 0x1010f old/new 0xb89d5e50/0xb8913598 va 0xa3d1f000/0xa42f3000
D/MtkCam/P1Node(  249): [0:dequeLoop] frame 31468: deque+
D/MtkCam/BaseHeap(  249): [Cam1Heap::onCreate] [MtkCam/DBHdl] this:0xb870e0e0 1440x1080 format:0x32315659
D/MtkCam/DBHdl(  249): [:dequeBuffer]buf(0xb89146c8),VA(0xA52A7000/0xA5422B00/0xA54819C0),BS(1555200=1555200+388800+388800),Id(421),F(0x32315659),S(1440x1080),Str(1440,720,720),R(0),U(3)
D/MtkCam/MtkCamUtils(  249): (PrvCB@ImgBufQue)[dequeProvider] Empty Que
D/MtkCam/BaseHeap(  249): [Cam1Heap::onCreate] [MtkCam/DBHdl] this:0xb86b3f60 640x480 format:0x14
D/MtkCam/DBHdl(  249): [:dequeBuffer]buf(0xb87ce9c8),VA(0xA8E0F000/0x00000000/0x00000000),BS(614400=614400+0+0),Id(397),F(0x00000014),S(640x480),Str(1280,0,0),R(0),U(0)
D/MtkCam/ISC(  249): [getPass2Info] 0: ImgBuf(0xB89D5E50),# 0x7AE5,PD(0xA4DA41E0/152),ZR(0,100/132),S(1440x1080),C(265,189,1566x1176)
D/MtkCam/P2Node(  249): [0:enquePass2] i 0 data 31, buf 0xb89d5e50, va 0xa3d1f000, # 0x7AE5, type 5 cnt 31462
D/MtkCam/P2Node(  249): [0:enquePass2] data 41, buf 0xb89146c8, va 0xa52a7000, tans 0 usg 3
D/MtkCam/P2Node(  249): [0:enquePass2] data 45, buf 0xb87ce9c8, va 0xa8e0f000, tans 0 usg 0
D/MtkCam/P2Node(  249): [0:enquePass2] IMG2O:B(0xb87ce9c8),S(640x480),C(265,189,1566x1176)
D/MtkCam/FeaturePipe(  249): [enqueFeatureGraph] FrameNo(31461)
D/EisHal  (  249): [GetEisInfoAtP2]FeaturePipe_3DNR(1)
I/MtkCam/FeaturePipe(  249): [P2A:threadLoopUpdate] gmv_ana,frm[31461],gmv(x,y)=[    0,    0],IsSupportEis(1),SenorIdx(0),NmvX/Y(    0,    0)(ori     0,    0),CmvX/Y(  174,  129)(diff     0,    0)(ori   174,  129),x/yInt(  174,  129),x/yFlt(        0,        0),DoEisCount(31467),ConfidX/y(0,0),EisTS(26404187273000),ImgiTS(26404187273000),GnZoCnt(60)
D/MtkCam/FeaturePipeDataHdl(  249): [getBuffer] data(1003), trans(0)
D/MtkCam/FeaturePipeDataHdl(  249): [getBuffer] -
I/MtkCam/FeaturePipe(  249): [P2A:threadLoopUpdate] [P2A not sets IMG3O mvOut] 3dnrSM0(0 S0P1W2),ES(0x00 FsSzDfLrIn),WH(1566,1176),OfstXY(264,188),mem<va(0xa15f7000)/pa(0x8e00000)/TS(26404187273000)/size(0x1c19d0)>
I/MtkCam/FeaturePipe(  249): [P2A:threadLoopUpdate] [P2A not sets VIPI mvIn  ] 3dnrSM1(0 S0P1W2),ES(0x00 FsSzDfLrIn),WH(1566,1176),OfstXY(0,0),mem<va(0xa2c75000)/pa(0x7d00000)/TS(26404087235000)/size(0x1c19d0)>,mPrvQueSz(1),imgSizeWH(1566,1176),PrvWH(1566,1176),ExtOfstByte(0)
I/MtkCam/FeaturePipe(  249): [P2A:threadLoopUpdate] 3dnrSM2(0 S0P1W2),ES(0x00 FsSzDfLrIn),NmvX/Y(0, 0).Img3oOfX/Y(264, 188),onOfX/Y(0, 0).onW/H(0, 0).VipiOff/W/H(0, 0, 0).MaxIsoInc(100)
I/MtkCam/FeaturePipe(  249): [P2A:threadLoopUpdate] FStrm enq (frame 31461)
D/FDVT_Drv(  249): Do Ivalid (IMEM) 
D/aaa_hal (  249): [Hal3A::AFThreadFunc] AF waitIrq done
D/flashlight_drv.cpp(  249): isOn()
D/flashlight_drv.cpp(  249): 
D/flash_mgr_m.cpp(  249): isAFLampOn 0
D/af_mgr  (  249): DoAFTG1 [XY]16 16 [Sz]344 252  [G]15 24 37 57 84 123 178 [Hz]2096 
D/af_mgr  (  249): FL_FV 0 0
D/af_mgr  (  249): [AFStatH]0 [AFStatV]18 [moveMCUTG1] 641
D/af_mgr  (  249): TAFtmp pre 641 next 641
D/FDVT_Drv(  249): HW_Result: GFD_NUM: 0 LFD_NUM: 0 L_TYPE:1, 
D/FDVT_Drv(  249): FDGetHWResult Out
D/FDVT_Drv(  249): Final: HW_NUM:0, Filter_NUM:0, SKIP_NUM:0
D/SWFD_MAIN(  249): SWFDMain face num is 0
D/mHalFDVT(  249): (6149)[halFDDo] FDVTMain out
D/mHalFDVT(  249): (6149)[halFDGetFaceResult] [halFDGetFaceResult]m_DispW(320) m_DispH(240)
D/MtkCam/CamClient/FDClient(  249): (6149)[doFD] Scenario FD Num: 0
D/MtkCam/CamClient/FDClient(  249): (6149)[doFD] Scenario SD Result1: 0
D/MtkCam/CamClient/FDClient(  249): (6149)[doFD] -
D/Hal3AAdapter1(  249): [init] MtkCam/CamClient/FDClient(4)
D/af_mgr  (  249): [setFDInfo]cnt:0, X:1048 Y:776 W:0 H:0
D/Hal3AAdapter1(  249): [uninit] MtkCam/CamClient/FDClient(4)
W/MtkCam/CamClient/FDClient(  249): (6149)[performCallback] No FD CB: isDetected_FD(0), mIsDetected_FD(0), isMsgEnabled(1)
W/MtkCam/CamClient/FDClient(  249): (6149)[performCallback] No SD CB: isDetected_SD(0), mIsSDenabled(0), isMsgEnabled(1)
W/MtkCam/CamClient/FDClient(  249): (6149)[performCallback] No GD CB: isDetected_GD(0), mIsGDenabled(0), isMsgEnabled(1)
D/mHalFDVT(  249): (6149)[halFDGetFaceResult] [halFDGetFaceResult]m_DispW(320) m_DispH(240)
D/MtkCam/ParamsManager(  249): [getShotModeStr] normal
D/MtkCam/CamClient/FDClient(  249): (6149)[waitAndHandleReturnBuffers] +
D/aaa_hal (  249): [AFThread] semAFProcEnd before post = 0
D/MDP     (  249): DpIsp: in: (2096, 1552, 3936, 0, C21, P2)
D/MDP     (  249): DpIsp: out0: (1440, 1080, 1440, 720, C8s, P2), misc: (R:0, F:0, S:1, D:0, T:0)
D/MDP     (  249): DpIsp: crop: (265, 189, 1566, 1176)
I/        (  245): [BWC INFO](245): get_bwc_mm_property success
D/MDP     (  245): DpBlit: in: (1440, 1080, 1440, 720, C8s, P2), crop: (0, 0, 1440, 1080)
D/MDP     (  245): DpBlit: out: (1080, 1440, 2160, 0, C5, P2), misc: (X:0, Y:0, R:90, F:0, S:1, D:0)
D/MDP     (  245): [TDSHP][PQDC] DISP_IOCTL_PQ_GET_TDSHP_FLAG()... tuning flag[0]
I/SurfaceView( 4669): updateWindow -- OnPreDrawListener, mHaveFrame = true, this = android.view.SurfaceView{42c5b6b8 V.E..... ........ 0,211-1080,1651}
D/MDP     (  245): DpBlit: time 5 ms, type 0
D/MDP     (  249): DpIsp: 0xb882abc0, src 0 ms
D/MtkCam/FeaturePipe(  249): [performCallback] FeatureGraph callback FrameNo(31461)
D/MtkCam/P2Node(  249): [0:handleP2Done] type 5: cnt 31462 in 1 out 2
D/MtkCam/ISC(  249): [dropPass2Info] Erase # 0x7AE5,ImgBuf(0xB89D5E50),IsR(1)
D/MtkCam/DBHdl(  249): [:enqueBuffer]buf(0xb89146c8),VA(0xA52A7000),BS(1555200),Id(421),TS(26404.187273),F(0x32315659),S(1440x1080),Str(1440,720,720)
D/MtkCam/MtkCamUtils(  249): (APClient@ImgBufQue)[dequeProvider] Empty Que
D/MtkCam/DBHdl(  249): [:enqueBuffer]buf(0xb87ce9c8),VA(0xA8E0F000),BS(614400),Id(397),TS(26404.187273),F(0x00000014),S(640x480),Str(1280,0,0)
D/MtkCam/FeaturePipeDataHdl(  249): [returnBuffer] data(1003), buf(0xb8913620)
D/MtkCam/CamClient/FDClient(  249): (6149)[waitAndHandleReturnBuffers] -
D/MtkCam/CamClient/FDClient(  249): (6149)[doFD] +
D/MtkCam/CamClient/FDClient(  249): (6149)[doBufferAnalysis] plane: 1
D/mHalFDVT(  249): (6149)[halFTBufferCreate] DO RGB565 (SW) In
D/mHalFDVT(  249): (6149)[halFTBufferCreate] DO RGB565 (SW) Out
D/mHalFDVT(  249): (6149)[halFDYUYV2ExtractY] DO Extract Y In
D/mHalFDVT(  249): (6149)[halFDYUYV2ExtractY] DO Extract Y Out
D/mHalFDVT(  249): (6149)[halFDDo] SD Status: SDEnable:0, img_w:320, img_h:240, Src_Phy_Addr:0x5600000,
D/mHalFDVT(  249): (6149)[halFDDo] [halFDDo] IN,  1
D/mHalFDVT(  249): (6149)[halFDDo] FDVTMain IN
D/FDVT_Drv(  249): Set RS_Config, Src_W = 640, Src_H = 480, src_Format = 0, g_rs_num:12
D/FDVT_Drv(  249): Check RS_Config, rs[2]= 0x901e0280, rs[3]= 0xc33312c1,  rs[5]= 0x280,
D/FDVT_Drv(  249): SW RIP Input: 1,
D/FDVT_Drv(  249): FDRegisterConfig In, (HW)skip:0, 
D/FDVT_Drv(  249): FDRegisterConfig Out
D/FDVT_Drv(  249): Do Flush (IMEM) 
D/FDVT_Drv(  249): Set Start HW in 
D/FDVT_Drv(  249): Set Start HW out 
D/FDVT_Drv(  249): FDGetHWResult In
D/MtkCam/DisplayClient(  249): [handleReturnBuffers] + (100) 34ms < Duration(97)
D/MtkCam/DisplayClient(  249): [handleReturnBuffers] Show frame:0 1 [ion:421 0xa52a7000/2332800 26404187273000]
D/MtkCam/DisplayClient(  249): [handleReturnBuffers] -
I/        (  245): [BWC INFO](245): get_bwc_mm_property success
D/MtkCam/DisplayClient(  249): [waitAndHandleReturnBuffers] +
D/MDP     (  245): DpBlit: in: (1440, 1080, 1440, 720, C8s, P2), crop: (0, 0, 1440, 1080)
D/MDP     (  245): DpBlit: out: (1080, 1440, 2160, 0, C5, P2), misc: (X:0, Y:0, R:90, F:0, S:1, D:0)
D/MDP     (  245): [TDSHP][PQDC] DISP_IOCTL_PQ_GET_TDSHP_FLAG()... tuning flag[0]
I/SurfaceView( 4669): updateWindow -- OnPreDrawListener, mHaveFrame = true, this = android.view.SurfaceView{42c5b6b8 V.E..... ........ 0,211-1080,1651}
D/MDP     (  245): DpBlit: time 5 ms, type 0
I/        (  245): [BWC INFO](245): get_bwc_mm_property success
D/MDP     (  245): DpBlit: in: (1440, 1080, 1440, 720, C8s, P2), crop: (0, 0, 1440, 1080)
D/MDP     (  245): DpBlit: out: (1080, 1440, 2160, 0, C5, P2), misc: (X:0, Y:0, R:90, F:0, S:1, D:0)
D/MDP     (  245): [TDSHP][PQDC] DISP_IOCTL_PQ_GET_TDSHP_FLAG()... tuning flag[0]
I/SurfaceView( 4669): updateWindow -- OnPreDrawListener, mHaveFrame = true, this = android.view.SurfaceView{42c5b6b8 V.E..... ........ 0,211-1080,1651}
D/MDP     (  245): DpBlit: time 5 ms, type 0
V/Provider/Settings( 5899): get setting for user 0 by user 0 so skipping cache
V/Provider/Settings( 5899):  from settings cache , name = date_format , value = 
V/Provider/Settings( 5899): get setting for user 0 by user 0 so skipping cache
V/Provider/Settings( 5899):  from settings cache , name = date_format , value = 
V/Provider/Settings( 5899): get setting for user 0 by user 0 so skipping cache
V/Provider/Settings( 5899):  from settings cache , name = date_format , value = 
I/        (  245): [BWC INFO](245): get_bwc_mm_property success
D/MDP     (  245): DpBlit: in: (1440, 1080, 1440, 720, C8s, P2), crop: (0, 0, 1440, 1080)
D/MDP     (  245): DpBlit: out: (1080, 1440, 2160, 0, C5, P2), misc: (X:0, Y:0, R:90, F:0, S:1, D:0)
D/MDP     (  245): [TDSHP][PQDC] DISP_IOCTL_PQ_GET_TDSHP_FLAG()... tuning flag[0]
I/SurfaceView( 4669): updateWindow -- OnPreDrawListener, mHaveFrame = true, this = android.view.SurfaceView{42c5b6b8 V.E..... ........ 0,211-1080,1651}
D/MDP     (  245): DpBlit: time 5 ms, type 0
I/        (  245): [BWC INFO](245): get_bwc_mm_property success
D/MDP     (  245): DpBlit: in: (1440, 1080, 1440, 720, C8s, P2), crop: (0, 0, 1440, 1080)
D/MDP     (  245): DpBlit: out: (1080, 1440, 2160, 0, C5, P2), misc: (X:0, Y:0, R:90, F:0, S:1, D:0)
D/MDP     (  245): [TDSHP][PQDC] DISP_IOCTL_PQ_GET_TDSHP_FLAG()... tuning flag[0]
D/aaa_hal (  249): [waitVSirq]
D/aaa_hal (  249): [Timer:start: VS Timer, SensorDevId: 1] timer start. bClrTime=1
D/aaa_hal/3Athread(  249): CmdQ-size(1), todo(10, 31463)
D/aaa_hal (  249): [Timer:End: VS Timer, SensorDevId: 1] =====> time(ms): current=0.068000,   sum=0.068000
D/        (  249): [AAA_Scheduler::importWork]+, mNormalizeM=1, mSensorDevId=1
D/af_mgr  (  249): [m_cur_frm_num] 31463 [get_frm_ststus] 0
D/AeAlgo  (  249): [HWFlareValue]max flare :160 
D/AeAlgo  (  249): [getFlareAlgo] i2FlareOffset:13,PreFlare13, Max_Step_gap: 2, gain:0 max:160 min:0
D/ae_mgr  (  249): [doPvAE()][AEScheduler] AECalc:1 AEApply:2 AEFlare:4 VDnum:0 AvgY:0
D/ae_mgr  (  249): [doPvAE():PassToAlgo] rAEInput.PreEvSetting[N-1]:99997/15360/1544 rAEInput.PreEvSetting[N-2]:99997/15360/1544 rAEInput.PreEvSetting[N-3]:99997/15360/1544 rAEInput.CycleInfo.m_i4FrameCnt:31460
D/AeAlgo  (  249): [processAE] bPerFrameAESmooth:1 m_bAENotPerFrameMode:0
D/AeAlgo  (  249): [parserAEInput] m_bPerFrameETFlag:1 bPerFrameETIspFlag:1 CurActExp:99997 NextActExp:99997 CurActExpIdx:2 NextActExpIdx:0 MinGainDelay:1 CurActAfe:15360 NextActAfe:15360 CurAplExpIdx:1 CurAplAfe:15360
D/AeAlgo  (  249): [calTargetProbs] [ABL, ABL_DIFF(0):0/BV(-7955):0/P:0],[HS,  HS_FLAT(Y[1, 1] Diff:0):Prob:1024, HS_COLOR(0):1024],[COEP,Orig_Y:0, Prob_OuterY:1024, Orig_Diff:0, Prob_Diff:0, COE_P:0],[NS,  NS_BV(-7955):1024, NS_FLAT(Y[1,1],Diff:0):Prob:1024],
D/AeAlgo  (  249): [getRecommendCWTarget_v2p0] u4FinalCW:55,  m_u4AvgWValue/m_u4CWValue:0/0, weight(aoe/abl/hs/ns): 0,0,0,1024, target(aoe/abl/hs/ns): 55,55,55,55
D/AeAlgo  (  249): [getRecommendCWTarget_v2p0] Final AE Target 55, AvgY/CWY: 0/0, AOE/BL/HS/NS 55/55/55/55
D/AeAlgo  (  249): [getDeltaIndex_v2p0] eSensorDev:0 m_u4Index:143, isConverged:0, m_u4CWRecommend/m_u4CWValue/m_u4AccW/i4DeltaIndex/i4AccRatio/i4EVRatio/i4EVDiffx1000/i4EVRatioDiff/i4PrevEvDiffFrac/m_i4EvDiffFrac/m_u4FracGain 55/0/0/49/0/85/5781/4913/0/0/1024
D/AeAlgo  (  249): [processAE] The AE index is at the boundary Idx:143 DeIdx:392 Max:143 Min:0
D/AeAlgo  (  249): [calEquivalentTranslation] limit eq_ratio:1000 
D/AeAlgo  (  249): [calEquivalentTranslation] eq no need
D/ae_mgr  (  249): [UpdateSensorISPParams:s] i4SensorDev:1 VDNum 0, Prev 99997/15360/1544, Cur 99997/15360/1544, Output 99997/15360/1544 WOUpdateSensor:0
D/ae_mgr  (  249): [UpdateSensorISPParams()] Isp gain value(current) = 1544
D/ae_mgr  (  249): [updatePreEvSettingQueue()] m_PreEvSettingQueue[N-1]:99997/15360/1544 m_PreEvSettingQueue[N-2]:99997/15360/1544 m_PreEvSettingQueue[N-3]:99997/15360/1544 
D/aaa_hal/3Athread(  249): [postToAESenThread] sem_post semAESen, semAESenThdEnd before wait = 1
D/aaa_hal/3Athread(  249): [AESensorThreadLoop] updateSensorbyI2C
D/ae_mgr  (  249): [updateSensorbyI2C()] Exposure time value is repeat (skip send command)= 99997
D/ae_mgr  (  249): [updateSensorbyI2C()] Sensor gain value is repeat (skip send command)= 15360
D/aaa_hal/3Athread(  249): [AESensorThreadLoop] semAESenThdEnd before post = 0
D/awb_state(  249): [Searching::sendIntent]<eIntent_AWBScan>
D/aaa_state_camera_preview(  249): lv(0),cct(5203),rgain(1162),bgain(512),ggain(837),fluoidx(100), dayflouidx(12)
D/MDP     (  245): DpBlit: time 6 ms, type 0
D/utilMath(  249): [utilCholeskyDecomposition_int] Error v <= 0!
D/utilMath(  249): [Error] in utilsolveLS_Sym_int!
D/utilMath(  249): [utilCholeskyDecomposition_int] Error v <= 0!
D/utilMath(  249): [Error] in utilsolveLS_Sym_int!
D/paramctrl_per_frame(  249): [prepareHw_PerFrame_LSC] (flash, iso, rto) = (0, 2442, 7)
D/paramctrl_per_frame(  249): [applyToHw_PerFrame_All +] i4FrameID(0x    7ae7)
I/TuningMgr(  249): [dequeBuffer] scenario(0),MagicNum(0x7ae7)
D/isp_mgr_sl2(  249): [apply] eSwScn(0), bSL2_EN(1), u4SL2_EN(1), u4SL2b_EN(1), u4SL2c_EN(1), CAM_SL2_CEN(0x030b041c), CAM_SL2_MAX0_RR(0x000255d3), CAM_SL2_MAX1_RR(0x0009574c), CAM_SL2_MAX2_RR(0x00109b33)
I/TuningMgr(  249): [enqueBuffer] scenario(0),MagicNum(0x7ae7)
D/paramctrl_per_frame(  249): [applyToHw_PerFrame_All -] i4FrameID(0x    7ae7)
D/EisDrv  (  249): [p1TuningNotify]me_ctrl2(0x00006090)
D/aaa_hal (  249): [AFThread] sem_post g_semAFThreadstart, semAFProcEnd before wait = 1
D/MtkCam/DCNode(  249): [0::doNotifyCb]3APROC_FINISH:0x00007AE7,0x00000003
D/aaa_hal/3Athread(  249): rCmd(10), magic#(31463)-
I/SurfaceView( 4669): updateWindow -- OnPreDrawListener, mHaveFrame = true, this = android.view.SurfaceView{42c5b6b8 V.E..... ........ 0,211-1080,1651}
D/FDVT_Drv(  249): Do Ivalid (IMEM) 
D/FDVT_Drv(  249): HW_Result: GFD_NUM: 0 LFD_NUM: 0 L_TYPE:1, 
D/FDVT_Drv(  249): FDGetHWResult Out
D/FDVT_Drv(  249): Final: HW_NUM:0, Filter_NUM:0, SKIP_NUM:0
D/SWFD_MAIN(  249): SWFDMain face num is 0
D/mHalFDVT(  249): (6149)[halFDDo] FDVTMain out
D/mHalFDVT(  249): (6149)[halFDGetFaceResult] [halFDGetFaceResult]m_DispW(320) m_DispH(240)
D/MtkCam/CamClient/FDClient(  249): (6149)[doFD] Scenario FD Num: 0
D/MtkCam/CamClient/FDClient(  249): (6149)[doFD] Scenario SD Result1: 0
D/MtkCam/CamClient/FDClient(  249): (6149)[doFD] -
D/Hal3AAdapter1(  249): [init] MtkCam/CamClient/FDClient(4)
D/af_mgr  (  249): [setFDInfo]cnt:0, X:1048 Y:776 W:0 H:0
D/Hal3AAdapter1(  249): [uninit] MtkCam/CamClient/FDClient(4)
W/MtkCam/CamClient/FDClient(  249): (6149)[performCallback] No FD CB: isDetected_FD(0), mIsDetected_FD(0), isMsgEnabled(1)
W/MtkCam/CamClient/FDClient(  249): (6149)[performCallback] No SD CB: isDetected_SD(0), mIsSDenabled(0), isMsgEnabled(1)
W/MtkCam/CamClient/FDClient(  249): (6149)[performCallback] No GD CB: isDetected_GD(0), mIsGDenabled(0), isMsgEnabled(1)
D/mHalFDVT(  249): (6149)[halFDGetFaceResult] [halFDGetFaceResult]m_DispW(320) m_DispH(240)
D/MtkCam/ParamsManager(  249): [getShotModeStr] normal
D/MtkCam/CamClient/FDClient(  249): (6149)[waitAndHandleReturnBuffers] +
I/        (  245): [BWC INFO](245): get_bwc_mm_property success
D/MDP     (  245): DpBlit: in: (1440, 1080, 1440, 720, C8s, P2), crop: (0, 0, 1440, 1080)
D/MDP     (  245): DpBlit: out: (1080, 1440, 2160, 0, C5, P2), misc: (X:0, Y:0, R:90, F:0, S:1, D:0)
D/MDP     (  245): [TDSHP][PQDC] DISP_IOCTL_PQ_GET_TDSHP_FLAG()... tuning flag[0]
I/SurfaceView( 4669): updateWindow -- OnPreDrawListener, mHaveFrame = true, this = android.view.SurfaceView{42c5b6b8 V.E..... ........ 0,211-1080,1651}
D/aaa_hal (  249): [Hal3A::AFThreadFunc] AF waitIrq done
D/flashlight_drv.cpp(  249): isOn()
D/flashlight_drv.cpp(  249): 
D/flash_mgr_m.cpp(  249): isAFLampOn 0
D/af_mgr  (  249): DoAFTG1 [XY]16 16 [Sz]344 252  [G]15 24 37 57 84 123 178 [Hz]2096 
D/af_mgr  (  249): FL_FV 0 0
D/af_mgr  (  249): [AFStatH]0 [AFStatV]6 [moveMCUTG1] 641
D/af_mgr  (  249): TAFtmp pre 641 next 641
D/aaa_hal (  249): [AFThread] semAFProcEnd before post = 0
D/EisDrv  (  249): [UpdateEisoIdx]Eiso:idx(8->9),NEXT(va,pa)=(0xa8ee0900,0x0bc00900)
D/EisDrv  (  249): [UpdateEisoIdx]post mTsSem
D/EisDrv  (  249): [UpdateEiso]Eiso:idx(9),PA(0x0bc00900)
D/EisDrv  (  249): [UpdateEiso]-
D/MtkCam/P1Node(  249): [0:dequeLoop] frame 31468: deque-,1
D/MtkCam/DCNode(  249): [0::onNotify](0x00000080,0x00007AE8,0x00007AE6)
D/aaa_hal/3Athread(  249): [addCommandQ] mCmdQ size(1) + cmd(10) magic(31464)
D/MtkCam/ISC(  249): [getPass1Crop] 0: TS(4),# 0x7AE8,IsR(1),ZR(2,100/132),C(0,0,2096x1552),S(2096x1552)
D/MDP     (  245): DpBlit: time 5 ms, type 0
D/MtkCam/P1Node(  249): [updateDeque] deq port 0x1010f, buf 0xb89d6ee0, t 26404287301000
D/MtkCam/ISC(  249): [addPass1Info] 0: TS(1),# 0x7AE6,VA(0xB89D6EE0),IsR(1),IsNew(1)
D/EisHal  (  249): [DoEis]EisIn(2092,1548),P1T(1743,1290)
D/EisDrv  (  249): [GetEisHwStatistic]wait mTsSem(26404287301000)
D/EisDrv  (  249): [GetEisHwStatistic]got mTsSem
D/EisDrv  (  249): [GetEisHwStatistic]pEisoAddr(0xa8ee0700)
D/EisHal  (  249): [PrepareEisResult]cmvX(44544),cmvY(33024)
D/EisHal  (  249): [PrepareEisResult]X(174,0),Y(129,0)
D/MtkCam/P2Node(  249): [0:pushBuf] size 1, data 31, buf 0xb89d6ee0
D/MtkCam/P1Node(  249): [0:processBufOp] replace port 0x1010f old/new 0xb89d6ee0/0xb89d5e50 va 0xa26a1000/0xa3d1f000
D/MtkCam/P1Node(  249): [0:dequeLoop] frame 31469: deque+
D/MtkCam/BaseHeap(  249): [Cam1Heap::onCreate] [MtkCam/DBHdl] this:0xb8969a40 1440x1080 format:0x32315659
D/MtkCam/DBHdl(  249): [:dequeBuffer]buf(0xb89146c8),VA(0xA4EE0000/0xA505BB00/0xA50BA9C0),BS(1555200=1555200+388800+388800),Id(431),F(0x32315659),S(1440x1080),Str(1440,720,720),R(0),U(3)
D/MtkCam/MtkCamUtils(  249): (PrvCB@ImgBufQue)[dequeProvider] Empty Que
D/MtkCam/BaseHeap(  249): [Cam1Heap::onCreate] [MtkCam/DBHdl] this:0xb8969c40 640x480 format:0x14
D/MtkCam/DBHdl(  249): [:dequeBuffer]buf(0xb872c3d0),VA(0xA7EBC000/0x00000000/0x00000000),BS(614400=614400+0+0),Id(404),F(0x00000014),S(640x480),Str(1280,0,0),R(0),U(0)
D/MtkCam/ISC(  249): [getPass2Info] 0: ImgBuf(0xB89D6EE0),# 0x7AE6,PD(0xA4DA4280/152),ZR(0,100/132),S(1440x1080),C(265,189,1566x1176)
D/MtkCam/P2Node(  249): [0:enquePass2] i 0 data 31, buf 0xb89d6ee0, va 0xa26a1000, # 0x7AE6, type 5 cnt 31463
D/MtkCam/P2Node(  249): [0:enquePass2] data 41, buf 0xb89146c8, va 0xa4ee0000, tans 0 usg 3
D/MtkCam/P2Node(  249): [0:enquePass2] data 45, buf 0xb872c3d0, va 0xa7ebc000, tans 0 usg 0
D/MtkCam/P2Node(  249): [0:enquePass2] IMG2O:B(0xb872c3d0),S(640x480),C(265,189,1566x1176)
D/MtkCam/FeaturePipe(  249): [enqueFeatureGraph] FrameNo(31462)
D/EisHal  (  249): [GetEisInfoAtP2]FeaturePipe_3DNR(1)
I/MtkCam/FeaturePipe(  249): [P2A:threadLoopUpdate] gmv_ana,frm[31462],gmv(x,y)=[    0,    0],IsSupportEis(1),SenorIdx(0),NmvX/Y(    0,    0)(ori     0,    0),CmvX/Y(  174,  129)(diff     0,    0)(ori   174,  129),x/yInt(  174,  129),x/yFlt(        0,        0),DoEisCount(31468),ConfidX/y(0,0),EisTS(26404287301000),ImgiTS(26404287301000),GnZoCnt(60)
D/MtkCam/FeaturePipeDataHdl(  249): [getBuffer] data(1003), trans(0)
D/MtkCam/FeaturePipeDataHdl(  249): [getBuffer] -
I/MtkCam/FeaturePipe(  249): [P2A:threadLoopUpdate] [P2A not sets IMG3O mvOut] 3dnrSM0(0 S0P1W2),ES(0x00 FsSzDfLrIn),WH(1566,1176),OfstXY(264,188),mem<va(0x9ff79000)/pa(0xab00000)/TS(26404287301000)/size(0x1c19d0)>
I/MtkCam/FeaturePipe(  249): [P2A:threadLoopUpdate] [P2A not sets VIPI mvIn  ] 3dnrSM1(0 S0P1W2),ES(0x00 FsSzDfLrIn),WH(1566,1176),OfstXY(0,0),mem<va(0xa15f7000)/pa(0x8e00000)/TS(26404187273000)/size(0x1c19d0)>,mPrvQueSz(1),imgSizeWH(1566,1176),PrvWH(1566,1176),ExtOfstByte(0)
I/MtkCam/FeaturePipe(  249): [P2A:threadLoopUpdate] 3dnrSM2(0 S0P1W2),ES(0x00 FsSzDfLrIn),NmvX/Y(0, 0).Img3oOfX/Y(264, 188),onOfX/Y(0, 0).onW/H(0, 0).VipiOff/W/H(0, 0, 0).MaxIsoInc(100)
I/MtkCam/FeaturePipe(  249): [P2A:threadLoopUpdate] FStrm enq (frame 31462)
D/MDP     (  249): DpIsp: in: (2096, 1552, 3936, 0, C21, P2)
D/MDP     (  249): DpIsp: out0: (1440, 1080, 1440, 720, C8s, P2), misc: (R:0, F:0, S:1, D:0, T:0)
D/MDP     (  249): DpIsp: crop: (265, 189, 1566, 1176)
I/        (  245): [BWC INFO](245): get_bwc_mm_property success
D/MDP     (  249): DpIsp: 0xb882abc0, src 0 ms
D/MtkCam/FeaturePipe(  249): [performCallback] FeatureGraph callback FrameNo(31462)
D/MtkCam/P2Node(  249): [0:handleP2Done] type 5: cnt 31463 in 1 out 2
D/MtkCam/ISC(  249): [dropPass2Info] Erase # 0x7AE6,ImgBuf(0xB89D6EE0),IsR(1)
D/MtkCam/DBHdl(  249): [:enqueBuffer]buf(0xb89146c8),VA(0xA4EE0000),BS(1555200),Id(431),TS(26404.287301),F(0x32315659),S(1440x1080),Str(1440,720,720)
D/MDP     (  245): DpBlit: in: (1440, 1080, 1440, 720, C8s, P2), crop: (0, 0, 1440, 1080)
D/MtkCam/DisplayClient(  249): [handleReturnBuffers] + (100) 34ms < Duration(86)
D/MDP     (  245): DpBlit: out: (1080, 1440, 2160, 0, C5, P2), misc: (X:0, Y:0, R:90, F:0, S:1, D:0)
D/MtkCam/DisplayClient(  249): [handleReturnBuffers] Show frame:0 1 [ion:431 0xa4ee0000/2332800 26404287301000]
D/MtkCam/MtkCamUtils(  249): (APClient@ImgBufQue)[dequeProvider] Empty Que
D/MtkCam/CamClient/FDClient(  249): (6149)[waitAndHandleReturnBuffers] -
D/MtkCam/DBHdl(  249): [:enqueBuffer]buf(0xb872c3d0),VA(0xA7EBC000),BS(614400),Id(404),TS(26404.287301),F(0x00000014),S(640x480),Str(1280,0,0)
D/MtkCam/CamClient/FDClient(  249): (6149)[doFD] +
D/MtkCam/CamClient/FDClient(  249): (6149)[doBufferAnalysis] plane: 1
D/mHalFDVT(  249): (6149)[halFTBufferCreate] DO RGB565 (SW) In
D/MDP     (  245): [TDSHP][PQDC] DISP_IOCTL_PQ_GET_TDSHP_FLAG()... tuning flag[0]
I/BufferQueue(  245): [SurfaceView](this:0xb780c050,id:10727,api:4,p:249,c:245) queueBuffer: fps=9.99 dur=1000.68 max=111.88 min=86.32
D/MtkCam/DisplayClient(  249): [handleReturnBuffers] -
D/MtkCam/FeaturePipeDataHdl(  249): [returnBuffer] data(1003), buf(0xb87cefd0)
I/SurfaceView( 4669): updateWindow -- OnPreDrawListener, mHaveFrame = true, this = android.view.SurfaceView{42c5b6b8 V.E..... ........ 0,211-1080,1651}
D/mHalFDVT(  249): (6149)[halFTBufferCreate] DO RGB565 (SW) Out
D/mHalFDVT(  249): (6149)[halFDYUYV2ExtractY] DO Extract Y In
D/mHalFDVT(  249): (6149)[halFDYUYV2ExtractY] DO Extract Y Out
D/mHalFDVT(  249): (6149)[halFDDo] SD Status: SDEnable:0, img_w:320, img_h:240, Src_Phy_Addr:0x5700000,
D/mHalFDVT(  249): (6149)[halFDDo] [halFDDo] IN,  1
D/MDP     (  245): DpBlit: time 5 ms, type 0
D/mHalFDVT(  249): (6149)[halFDDo] FDVTMain IN
D/FDVT_Drv(  249): Set RS_Config, Src_W = 640, Src_H = 480, src_Format = 0, g_rs_num:12
D/FDVT_Drv(  249): Check RS_Config, rs[2]= 0x901e0280, rs[3]= 0xc33312c1,  rs[5]= 0x280,
D/FDVT_Drv(  249): SW RIP Input: 1,
D/FDVT_Drv(  249): FDRegisterConfig In, (HW)skip:0, 
D/FDVT_Drv(  249): FDRegisterConfig Out
D/FDVT_Drv(  249): Do Flush (IMEM) 
D/FDVT_Drv(  249): Set Start HW in 
D/FDVT_Drv(  249): Set Start HW out 
D/FDVT_Drv(  249): FDGetHWResult In
I/        (  245): [BWC INFO](245): get_bwc_mm_property success
D/MtkCam/DisplayClient(  249): [waitAndHandleReturnBuffers] +
D/MDP     (  245): DpBlit: in: (1440, 1080, 1440, 720, C8s, P2), crop: (0, 0, 1440, 1080)
D/MDP     (  245): DpBlit: out: (1080, 1440, 2160, 0, C5, P2), misc: (X:0, Y:0, R:90, F:0, S:1, D:0)
D/MDP     (  245): [TDSHP][PQDC] DISP_IOCTL_PQ_GET_TDSHP_FLAG()... tuning flag[0]
I/SurfaceView( 4669): updateWindow -- OnPreDrawListener, mHaveFrame = true, this = android.view.SurfaceView{42c5b6b8 V.E..... ........ 0,211-1080,1651}
D/MDP     (  245): DpBlit: time 5 ms, type 0
I/        (  245): [BWC INFO](245): get_bwc_mm_property success
D/MDP     (  245): DpBlit: in: (1440, 1080, 1440, 720, C8s, P2), crop: (0, 0, 1440, 1080)
D/MDP     (  245): DpBlit: out: (1080, 1440, 2160, 0, C5, P2), misc: (X:0, Y:0, R:90, F:0, S:1, D:0)
D/MDP     (  245): [TDSHP][PQDC] DISP_IOCTL_PQ_GET_TDSHP_FLAG()... tuning flag[0]
I/SurfaceView( 4669): updateWindow -- OnPreDrawListener, mHaveFrame = true, this = android.view.SurfaceView{42c5b6b8 V.E..... ........ 0,211-1080,1651}
D/MDP     (  245): DpBlit: time 5 ms, type 0
I/        (  245): [BWC INFO](245): get_bwc_mm_property success
D/MDP     (  245): DpBlit: in: (1440, 1080, 1440, 720, C8s, P2), crop: (0, 0, 1440, 1080)
D/MDP     (  245): DpBlit: out: (1080, 1440, 2160, 0, C5, P2), misc: (X:0, Y:0, R:90, F:0, S:1, D:0)
D/MDP     (  245): [TDSHP][PQDC] DISP_IOCTL_PQ_GET_TDSHP_FLAG()... tuning flag[0]
I/SurfaceView( 4669): updateWindow -- OnPreDrawListener, mHaveFrame = true, this = android.view.SurfaceView{42c5b6b8 V.E..... ........ 0,211-1080,1651}
D/MDP     (  245): DpBlit: time 5 ms, type 0
I/        (  245): [BWC INFO](245): get_bwc_mm_property success
D/MDP     (  245): DpBlit: in: (1440, 1080, 1440, 720, C8s, P2), crop: (0, 0, 1440, 1080)
D/MDP     (  245): DpBlit: out: (1080, 1440, 2160, 0, C5, P2), misc: (X:0, Y:0, R:90, F:0, S:1, D:0)
D/MDP     (  245): [TDSHP][PQDC] DISP_IOCTL_PQ_GET_TDSHP_FLAG()... tuning flag[0]
D/FDVT_Drv(  249): Do Ivalid (IMEM) 
D/FDVT_Drv(  249): HW_Result: GFD_NUM: 0 LFD_NUM: 0 L_TYPE:1, 
D/FDVT_Drv(  249): FDGetHWResult Out
D/FDVT_Drv(  249): Final: HW_NUM:0, Filter_NUM:0, SKIP_NUM:0
D/SWFD_MAIN(  249): SWFDMain face num is 0
I/SurfaceView( 4669): updateWindow -- OnPreDrawListener, mHaveFrame = true, this = android.view.SurfaceView{42c5b6b8 V.E..... ........ 0,211-1080,1651}
D/mHalFDVT(  249): (6149)[halFDDo] FDVTMain out
D/mHalFDVT(  249): (6149)[halFDGetFaceResult] [halFDGetFaceResult]m_DispW(320) m_DispH(240)
D/MtkCam/CamClient/FDClient(  249): (6149)[doFD] Scenario FD Num: 0
D/MtkCam/CamClient/FDClient(  249): (6149)[doFD] Scenario SD Result1: 0
D/MtkCam/CamClient/FDClient(  249): (6149)[doFD] -
D/Hal3AAdapter1(  249): [init] MtkCam/CamClient/FDClient(4)
D/af_mgr  (  249): [setFDInfo]cnt:0, X:1048 Y:776 W:0 H:0
D/Hal3AAdapter1(  249): [uninit] MtkCam/CamClient/FDClient(4)
W/MtkCam/CamClient/FDClient(  249): (6149)[performCallback] No FD CB: isDetected_FD(0), mIsDetected_FD(0), isMsgEnabled(1)
W/MtkCam/CamClient/FDClient(  249): (6149)[performCallback] No SD CB: isDetected_SD(0), mIsSDenabled(0), isMsgEnabled(1)
W/MtkCam/CamClient/FDClient(  249): (6149)[performCallback] No GD CB: isDetected_GD(0), mIsGDenabled(0), isMsgEnabled(1)
D/mHalFDVT(  249): (6149)[halFDGetFaceResult] [halFDGetFaceResult]m_DispW(320) m_DispH(240)
D/MtkCam/ParamsManager(  249): [getShotModeStr] normal
D/MtkCam/CamClient/FDClient(  249): (6149)[waitAndHandleReturnBuffers] +
D/aaa_hal (  249): [waitVSirq]
D/aaa_hal (  249): [Timer:start: VS Timer, SensorDevId: 1] timer start. bClrTime=1
D/aaa_hal/3Athread(  249): CmdQ-size(1), todo(10, 31464)
D/aaa_hal (  249): [Timer:End: VS Timer, SensorDevId: 1] =====> time(ms): current=0.012000,   sum=0.012000
D/        (  249): [AAA_Scheduler::importWork]+, mNormalizeM=1, mSensorDevId=1
D/af_mgr  (  249): [m_cur_frm_num] 31464 [get_frm_ststus] 0
D/AeAlgo  (  249): [HWFlareValue]max flare :160 
D/AeAlgo  (  249): [getFlareAlgo] i2FlareOffset:13,PreFlare13, Max_Step_gap: 2, gain:0 max:160 min:0
D/ae_mgr  (  249): [doPvAE()][AEScheduler] AECalc:1 AEApply:2 AEFlare:4 VDnum:0 AvgY:0
D/ae_mgr  (  249): [doPvAE():PassToAlgo] rAEInput.PreEvSetting[N-1]:99997/15360/1544 rAEInput.PreEvSetting[N-2]:99997/15360/1544 rAEInput.PreEvSetting[N-3]:99997/15360/1544 rAEInput.CycleInfo.m_i4FrameCnt:31461
D/AeAlgo  (  249): [processAE] bPerFrameAESmooth:1 m_bAENotPerFrameMode:0
D/AeAlgo  (  249): [parserAEInput] m_bPerFrameETFlag:1 bPerFrameETIspFlag:1 CurActExp:99997 NextActExp:99997 CurActExpIdx:2 NextActExpIdx:0 MinGainDelay:1 CurActAfe:15360 NextActAfe:15360 CurAplExpIdx:1 CurAplAfe:15360
D/AeAlgo  (  249): [calTargetProbs] [ABL, ABL_DIFF(0):0/BV(-7955):0/P:0],[HS,  HS_FLAT(Y[1, 1] Diff:0):Prob:1024, HS_COLOR(0):1024],[COEP,Orig_Y:0, Prob_OuterY:1024, Orig_Diff:0, Prob_Diff:0, COE_P:0],[NS,  NS_BV(-7955):1024, NS_FLAT(Y[1,1],Diff:0):Prob:1024],
D/AeAlgo  (  249): [getRecommendCWTarget_v2p0] u4FinalCW:55,  m_u4AvgWValue/m_u4CWValue:0/0, weight(aoe/abl/hs/ns): 0,0,0,1024, target(aoe/abl/hs/ns): 55,55,55,55
D/AeAlgo  (  249): [getRecommendCWTarget_v2p0] Final AE Target 55, AvgY/CWY: 0/0, AOE/BL/HS/NS 55/55/55/55
D/AeAlgo  (  249): [processAE] exp:99997 afe:15360 isp:1544
D/ae_mgr  (  249): [UpdateSensorISPParams:s] i4SensorDev:1 VDNum 0, Prev 99997/15360/1544, Cur 99997/15360/1544, Output 99997/15360/1544 WOUpdateSensor:0
D/ae_mgr  (  249): [UpdateSensorISPParams()] Isp gain value(current) = 1544
D/ae_mgr  (  249): [updatePreEvSettingQueue()] m_PreEvSettingQueue[N-1]:99997/15360/1544 m_PreEvSettingQueue[N-2]:99997/15360/1544 m_PreEvSettingQueue[N-3]:99997/15360/1544 
D/aaa_hal/3Athread(  249): [postToAESenThread] sem_post semAESen, semAESenThdEnd before wait = 1
D/MDP     (  245): DpBlit: time 5 ms, type 0
D/awb_state(  249): [Searching::sendIntent]<eIntent_AWBScan>
D/aaa_state_camera_preview(  249): lv(0),cct(5203),rgain(1162),bgain(512),ggain(837),fluoidx(100), dayflouidx(12)
D/paramctrl_per_frame(  249): [prepareHw_PerFrame_LSC] (flash, iso, rto) = (0, 2442, 7)
D/paramctrl_per_frame(  249): [applyToHw_PerFrame_All +] i4FrameID(0x    7ae8)
I/TuningMgr(  249): [dequeBuffer] scenario(0),MagicNum(0x7ae8)
D/isp_mgr_sl2(  249): [apply] eSwScn(0), bSL2_EN(1), u4SL2_EN(1), u4SL2b_EN(1), u4SL2c_EN(1), CAM_SL2_CEN(0x030b041c), CAM_SL2_MAX0_RR(0x000255d3), CAM_SL2_MAX1_RR(0x0009574c), CAM_SL2_MAX2_RR(0x00109b33)
I/TuningMgr(  249): [enqueBuffer] scenario(0),MagicNum(0x7ae8)
D/paramctrl_per_frame(  249): [applyToHw_PerFrame_All -] i4FrameID(0x    7ae8)
D/EisDrv  (  249): [p1TuningNotify]me_ctrl2(0x00006090)
D/aaa_hal (  249): [AFThread] sem_post g_semAFThreadstart, semAFProcEnd before wait = 1
D/MtkCam/DCNode(  249): [0::doNotifyCb]3APROC_FINISH:0x00007AE8,0x00000003
D/aaa_hal/3Athread(  249): rCmd(10), magic#(31464)-
D/aaa_hal/3Athread(  249): [AESensorThreadLoop] updateSensorbyI2C
D/ae_mgr  (  249): [updateSensorbyI2C()] Exposure time value is repeat (skip send command)= 99997
D/ae_mgr  (  249): [updateSensorbyI2C()] Sensor gain value is repeat (skip send command)= 15360
D/aaa_hal/3Athread(  249): [AESensorThreadLoop] semAESenThdEnd before post = 0
D/AndroidRuntime( 9920): 
D/AndroidRuntime( 9920): >>>>>> AndroidRuntime START com.android.internal.os.RuntimeInit <<<<<<
D/AndroidRuntime( 9920): CheckJNI is OFF
D/AndroidRuntime( 9920): language=-Duser.language=zh region=-Duser.region=CN
D/dalvikvm( 9920): boot class : 
D/dalvikvm( 9920):   (0) core.jar
D/dalvikvm( 9920):   (1) conscrypt.jar
D/dalvikvm( 9920):   (2) okhttp.jar
D/dalvikvm( 9920):   (3) core-junit.jar
D/dalvikvm( 9920):   (4) bouncycastle.jar
D/dalvikvm( 9920):   (5) ext.jar
D/dalvikvm( 9920):   (6) framework.jar
D/dalvikvm( 9920):   (7) framework2.jar
D/dalvikvm( 9920):   (8) telephony-common.jar
D/dalvikvm( 9920):   (9) voip-common.jar
D/dalvikvm( 9920):   (10) mms-common.jar
D/dalvikvm( 9920):   (11) android.policy.jar
D/dalvikvm( 9920):   (12) services.jar
D/dalvikvm( 9920):   (13) apache-xml.jar
D/dalvikvm( 9920):   (14) webviewchromium.jar
D/dalvikvm( 9920):   (15) mediatek-common.jar
D/dalvikvm( 9920):   (16) mediatek-framework.jar
D/dalvikvm( 9920):   (17) CustomProperties.jar
D/dalvikvm( 9920):   (18) mediatek-telephony-common.jar
D/dalvikvm( 9920):   (19) mediatek-tablet.jar
D/dalvikvm( 9920):   (20) oppo-framework.jar
D/dalvikvm( 9920):   (21) am.jar
I/        (  245): [BWC INFO](245): get_bwc_mm_property success
D/MDP     (  245): DpBlit: in: (1440, 1080, 1440, 720, C8s, P2), crop: (0, 0, 1440, 1080)
D/MDP     (  245): DpBlit: out: (1080, 1440, 2160, 0, C5, P2), misc: (X:0, Y:0, R:90, F:0, S:1, D:0)
D/MDP     (  245): [TDSHP][PQDC] DISP_IOCTL_PQ_GET_TDSHP_FLAG()... tuning flag[0]
D/ReserveFileInData( 9926): Total_size = 12702646272 B = 12404928 KB = 12114 MB = 11 GB
D/ReserveFileInData( 9926): Disk_free = 8927 MB = 8 GB
D/ReserveFileInData( 9926): Disk_available = 8911 MB = 8 GB
D/ReserveFileInData( 9926): availDataSize is 8911
I/SurfaceView( 4669): updateWindow -- OnPreDrawListener, mHaveFrame = true, this = android.view.SurfaceView{42c5b6b8 V.E..... ........ 0,211-1080,1651}
D/aaa_hal (  249): [Hal3A::AFThreadFunc] AF waitIrq done
D/flashlight_drv.cpp(  249): isOn()
D/flashlight_drv.cpp(  249): 
D/flash_mgr_m.cpp(  249): isAFLampOn 0
D/af_mgr  (  249): DoAFTG1 [XY]16 16 [Sz]344 252  [G]15 24 37 57 84 123 178 [Hz]2096 
D/af_mgr  (  249): FL_FV 0 0
D/dalvikvm( 9920): threadid=1: interp stack at 0x41a6d000
D/af_mgr  (  249): [AFStatH]0 [AFStatV]3 [moveMCUTG1] 641
D/af_mgr  (  249): TAFtmp pre 641 next 641
D/aaa_hal (  249): [AFThread] semAFProcEnd before post = 0
D/dalvikvm( 9920): dvmJarFileOpen: /system/framework/core.jar
D/EisDrv  (  249): [UpdateEisoIdx]Eiso:idx(9->0),NEXT(va,pa)=(0xa8ee0000,0x0bc00000)
D/EisDrv  (  249): [UpdateEisoIdx]post mTsSem
D/EisDrv  (  249): [UpdateEiso]Eiso:idx(0),PA(0x0bc00000)
D/EisDrv  (  249): [UpdateEiso]-
D/MtkCam/P1Node(  249): [0:dequeLoop] frame 31469: deque-,1
D/MtkCam/DCNode(  249): [0::onNotify](0x00000080,0x00007AE9,0x00007AE7)
D/aaa_hal/3Athread(  249): [addCommandQ] mCmdQ size(1) + cmd(10) magic(31465)
D/MtkCam/ISC(  249): [getPass1Crop] 0: TS(4),# 0x7AE9,IsR(1),ZR(2,100/132),C(0,0,2096x1552),S(2096x1552)
D/dalvikvm( 9920): dvmJarFileOpen: /system/framework/conscrypt.jar
D/MtkCam/P1Node(  249): [updateDeque] deq port 0x1010f, buf 0xb89d6620, t 26404387337000
D/MtkCam/ISC(  249): [addPass1Info] 0: TS(1),# 0x7AE7,VA(0xB89D6620),IsR(1),IsNew(1)
D/EisHal  (  249): [DoEis]EisIn(2092,1548),P1T(1743,1290)
D/EisDrv  (  249): [GetEisHwStatistic]wait mTsSem(26404387337000)
D/EisDrv  (  249): [GetEisHwStatistic]got mTsSem
D/EisDrv  (  249): [GetEisHwStatistic]pEisoAddr(0xa8ee0800)
D/dalvikvm( 9920): dvmJarFileOpen: /system/framework/okhttp.jar
D/EisHal  (  249): [PrepareEisResult]cmvX(44544),cmvY(33024)
D/EisHal  (  249): [PrepareEisResult]X(174,0),Y(129,0)
D/MtkCam/P2Node(  249): [0:pushBuf] size 1, data 31, buf 0xb89d6620
D/MtkCam/P1Node(  249): [0:processBufOp] replace port 0x1010f old/new 0xb89d6620/0xb89d6ee0 va 0xa374b000/0xa26a1000
D/dalvikvm( 9920): dvmJarFileOpen: /system/framework/core-junit.jar
D/MtkCam/P1Node(  249): [0:dequeLoop] frame 31470: deque+
D/dalvikvm( 9920): dvmJarFileOpen: /system/framework/bouncycastle.jar
D/dalvikvm( 9920): dvmJarFileOpen: /system/framework/ext.jar
D/MtkCam/BaseHeap(  249): [Cam1Heap::onCreate] [MtkCam/DBHdl] this:0xb870e010 1440x1080 format:0x32315659
D/MtkCam/DBHdl(  249): [:dequeBuffer]buf(0xb89146c8),VA(0xB2E4A000/0xB2FC5B00/0xB30249C0),BS(1555200=1555200+388800+388800),Id(463),F(0x32315659),S(1440x1080),Str(1440,720,720),R(0),U(3)
D/MtkCam/MtkCamUtils(  249): (PrvCB@ImgBufQue)[dequeProvider] Empty Que
D/MtkCam/BaseHeap(  249): [Cam1Heap::onCreate] [MtkCam/DBHdl] this:0xb870e210 640x480 format:0x14
D/MtkCam/DBHdl(  249): [:dequeBuffer]buf(0xb8913380),VA(0xA8E0F000/0x00000000/0x00000000),BS(614400=614400+0+0),Id(397),F(0x00000014),S(640x480),Str(1280,0,0),R(0),U(0)
D/MtkCam/ISC(  249): [getPass2Info] 0: ImgBuf(0xB89D6620),# 0x7AE7,PD(0xA4DA41E0/152),ZR(0,100/132),S(1440x1080),C(265,189,1566x1176)
D/MtkCam/P2Node(  249): [0:enquePass2] i 0 data 31, buf 0xb89d6620, va 0xa374b000, # 0x7AE7, type 5 cnt 31464
D/MtkCam/P2Node(  249): [0:enquePass2] data 41, buf 0xb89146c8, va 0xb2e4a000, tans 0 usg 3
D/MtkCam/P2Node(  249): [0:enquePass2] data 45, buf 0xb8913380, va 0xa8e0f000, tans 0 usg 0
D/MtkCam/P2Node(  249): [0:enquePass2] IMG2O:B(0xb8913380),S(640x480),C(265,189,1566x1176)
D/dalvikvm( 9920): dvmJarFileOpen: /system/framework/framework.jar
D/MtkCam/FeaturePipe(  249): [enqueFeatureGraph] FrameNo(31463)
D/EisHal  (  249): [GetEisInfoAtP2]FeaturePipe_3DNR(1)
D/dalvikvm( 9920): dvmJarFileOpen: /system/framework/framework2.jar
I/MtkCam/FeaturePipe(  249): [P2A:threadLoopUpdate] gmv_ana,frm[31463],gmv(x,y)=[    0,    0],IsSupportEis(1),SenorIdx(0),NmvX/Y(    0,    0)(ori     0,    0),CmvX/Y(  174,  129)(diff     0,    0)(ori   174,  129),x/yInt(  174,  129),x/yFlt(        0,        0),DoEisCount(31469),ConfidX/y(0,0),EisTS(26404387337000),ImgiTS(26404387337000),GnZoCnt(60)
D/MtkCam/FeaturePipeDataHdl(  249): [getBuffer] data(1003), trans(0)
D/MtkCam/FeaturePipeDataHdl(  249): [getBuffer] -
I/MtkCam/FeaturePipe(  249): [P2A:threadLoopUpdate] [P2A not sets IMG3O mvOut] 3dnrSM0(0 S0P1W2),ES(0x00 FsSzDfLrIn),WH(1566,1176),OfstXY(264,188),mem<va(0xa2c75000)/pa(0x7d00000)/TS(26404387337000)/size(0x1c19d0)>
I/MtkCam/FeaturePipe(  249): [P2A:threadLoopUpdate] [P2A not sets VIPI mvIn  ] 3dnrSM1(0 S0P1W2),ES(0x00 FsSzDfLrIn),WH(1566,1176),OfstXY(0,0),mem<va(0x9ff79000)/pa(0xab00000)/TS(26404287301000)/size(0x1c19d0)>,mPrvQueSz(1),imgSizeWH(1566,1176),PrvWH(1566,1176),ExtOfstByte(0)
I/MtkCam/FeaturePipe(  249): [P2A:threadLoopUpdate] 3dnrSM2(0 S0P1W2),ES(0x00 FsSzDfLrIn),NmvX/Y(0, 0).Img3oOfX/Y(264, 188),onOfX/Y(0, 0).onW/H(0, 0).VipiOff/W/H(0, 0, 0).MaxIsoInc(100)
I/MtkCam/FeaturePipe(  249): [P2A:threadLoopUpdate] FStrm enq (frame 31463)
D/dalvikvm( 9920): dvmJarFileOpen: /system/framework/telephony-common.jar
D/dalvikvm( 9920): dvmJarFileOpen: /system/framework/voip-common.jar
D/MDP     (  249): DpIsp: in: (2096, 1552, 3936, 0, C21, P2)
D/MDP     (  249): DpIsp: out0: (1440, 1080, 1440, 720, C8s, P2), misc: (R:0, F:0, S:1, D:0, T:0)
D/MDP     (  245): DpBlit: time 7 ms, type 0
D/dalvikvm( 9920): dvmJarFileOpen: /system/framework/mms-common.jar
D/dalvikvm( 9920): dvmJarFileOpen: /system/framework/android.policy.jar
D/MDP     (  249): DpIsp: crop: (265, 189, 1566, 1176)
D/dalvikvm( 9920): dvmJarFileOpen: /system/framework/services.jar
D/dalvikvm( 9920): dvmJarFileOpen: /system/framework/apache-xml.jar
D/dalvikvm( 9920): dvmJarFileOpen: /system/framework/webviewchromium.jar
D/dalvikvm( 9920): dvmJarFileOpen: /system/framework/mediatek-common.jar
D/dalvikvm( 9920): dvmJarFileOpen: /system/framework/mediatek-framework.jar
D/dalvikvm( 9920): dvmJarFileOpen: /system/framework/CustomProperties.jar
D/dalvikvm( 9920): dvmJarFileOpen: /system/framework/mediatek-telephony-common.jar
D/dalvikvm( 9920): dvmJarFileOpen: /system/framework/mediatek-tablet.jar
D/dalvikvm( 9920): dvmJarFileOpen: /system/framework/oppo-framework.jar
D/dalvikvm( 9920): open_cached_dex_file : /system/framework/oppo-framework.jar /data/dalvik-cache/system@framework@oppo-framework.jar@classes.dex
D/dalvikvm( 9920): process bootclasspath ex!!
D/dalvikvm( 9920): dvmJarFileOpen: /system/framework/mediatek-op.jar
D/dalvikvm( 9920): open_cached_dex_file : /system/framework/mediatek-op.jar /data/dalvik-cache/system@framework@mediatek-op.jar@classes.dex
D/MDP     (  249): DpIsp: 0xb882abc0, src 0 ms
D/MtkCam/FeaturePipe(  249): [performCallback] FeatureGraph callback FrameNo(31463)
D/MtkCam/FeaturePipeDataHdl(  249): [returnBuffer] data(1003), buf(0xb87cbda8)
D/MtkCam/P2Node(  249): [0:handleP2Done] type 5: cnt 31464 in 1 out 2
D/MtkCam/ISC(  249): [dropPass2Info] Erase # 0x7AE7,ImgBuf(0xB89D6620),IsR(1)
D/MtkCam/DBHdl(  249): [:enqueBuffer]buf(0xb89146c8),VA(0xB2E4A000),BS(1555200),Id(463),TS(26404.387337),F(0x32315659),S(1440x1080),Str(1440,720,720)
D/MtkCam/DisplayClient(  249): [handleReturnBuffers] + (100) 34ms < Duration(99)
D/MtkCam/DisplayClient(  249): [handleReturnBuffers] Show frame:0 1 [ion:463 0xb2e4a000/2332800 26404387337000]
D/MtkCam/MtkCamUtils(  249): (APClient@ImgBufQue)[dequeProvider] Empty Que
D/MtkCam/DBHdl(  249): [:enqueBuffer]buf(0xb8913380),VA(0xA8E0F000),BS(614400),Id(397),TS(26404.387337),F(0x00000014),S(640x480),Str(1280,0,0)
D/MtkCam/CamClient/FDClient(  249): (6149)[waitAndHandleReturnBuffers] -
D/MtkCam/CamClient/FDClient(  249): (6149)[doFD] +
D/MtkCam/CamClient/FDClient(  249): (6149)[doBufferAnalysis] plane: 1
D/MtkCam/DisplayClient(  249): [handleReturnBuffers] -
D/mHalFDVT(  249): (6149)[halFTBufferCreate] DO RGB565 (SW) In
D/dalvikvm( 9920): Trying to load lib libjavacore.so 0x0
D/MtkCam/DisplayClient(  249): [waitAndHandleReturnBuffers] +
I/        (  245): [BWC INFO](245): get_bwc_mm_property success
D/MDP     (  245): DpBlit: in: (1440, 1080, 1440, 720, C8s, P2), crop: (0, 0, 1440, 1080)
D/MDP     (  245): DpBlit: out: (1080, 1440, 2160, 0, C5, P2), misc: (X:0, Y:0, R:90, F:0, S:1, D:0)
D/MDP     (  245): [TDSHP][PQDC] DISP_IOCTL_PQ_GET_TDSHP_FLAG()... tuning flag[0]
D/mHalFDVT(  249): (6149)[halFTBufferCreate] DO RGB565 (SW) Out
D/mHalFDVT(  249): (6149)[halFDYUYV2ExtractY] DO Extract Y In
D/mHalFDVT(  249): (6149)[halFDYUYV2ExtractY] DO Extract Y Out
I/SurfaceView( 4669): updateWindow -- OnPreDrawListener, mHaveFrame = true, this = android.view.SurfaceView{42c5b6b8 V.E..... ........ 0,211-1080,1651}
D/mHalFDVT(  249): (6149)[halFDDo] SD Status: SDEnable:0, img_w:320, img_h:240, Src_Phy_Addr:0x5600000,
D/mHalFDVT(  249): (6149)[halFDDo] [halFDDo] IN,  1
D/dalvikvm( 9920): Added shared lib libjavacore.so 0x0
D/MDP     (  245): DpBlit: time 5 ms, type 0
D/mHalFDVT(  249): (6149)[halFDDo] FDVTMain IN
D/FDVT_Drv(  249): Set RS_Config, Src_W = 640, Src_H = 480, src_Format = 0, g_rs_num:12
D/FDVT_Drv(  249): Check RS_Config, rs[2]= 0x901e0280, rs[3]= 0xc33312c1,  rs[5]= 0x280,
D/FDVT_Drv(  249): SW RIP Input: 6,
D/FDVT_Drv(  249): FDRegisterConfig In, (HW)skip:0, 
D/FDVT_Drv(  249): FDRegisterConfig Out
D/FDVT_Drv(  249): Do Flush (IMEM) 
D/FDVT_Drv(  249): Set Start HW in 
D/FDVT_Drv(  249): Set Start HW out 
D/dalvikvm( 9920): Trying to load lib libnativehelper.so 0x0
D/FDVT_Drv(  249): FDGetHWResult In
D/dalvikvm( 9920): Added shared lib libnativehelper.so 0x0
