V/ActivityManager( 1742): Broadcast sticky: Intent { act=android.intent.action.ADDITIONAL_BATTERY_CHANGED flg=0x60000010 (has extras) } ordered=false userid=-1 callerApp=null
V/ActivityManager( 1742): Broadcast sticky: Intent { act=android.intent.action.ADDITIONAL_BATTERY_CHANGED flg=0x60000010 (has extras) } ordered=false userid=-1 callerApp=null
V/ActivityManager( 1742): Broadcast sticky: Intent { act=android.intent.action.ADDITIONAL_BATTERY_CHANGED flg=0x60000010 (has extras) } ordered=false userid=-1 callerApp=null
V/ActivityManager( 1742): Broadcast sticky: Intent { act=android.intent.action.BATTERY_CHANGED flg=0x60000010 (has extras) } ordered=false userid=-1 callerApp=null
D/WifiService( 1742): onReceive, action:android.intent.action.BATTERY_CHANGED
D/UsbDeviceManager( 1742): onReceive - BATTERY_CHANGED - mPlugType: 2, mSettingUsbCharging: false, mConnected: true, mSettingUsbBicr: false
D/WifiController( 1742): DeviceActiveState{ when=-1ms what=155652 arg1=2 target=com.android.internal.util.StateMachine$SmHandler target=Handler (com.android.internal.util.StateMachine$SmHandler) {4319cd38} }
D/WifiController( 1742): StaEnabledState{ when=-1ms what=155652 arg1=2 target=com.android.internal.util.StateMachine$SmHandler target=Handler (com.android.internal.util.StateMachine$SmHandler) {4319cd38} }
D/WifiController( 1742): DefaultState{ when=-1ms what=155652 arg1=2 target=com.android.internal.util.StateMachine$SmHandler target=Handler (com.android.internal.util.StateMachine$SmHandler) {4319cd38} }
D/WifiController( 1742): battery changed pluggedType: 2
V/ActivityManager( 1742): Broadcast sticky: Intent { act=android.intent.action.ADDITIONAL_BATTERY_CHANGED flg=0x60000010 (has extras) } ordered=false userid=-1 callerApp=null
V/ActivityManager( 1742): Broadcast sticky: Intent { act=android.intent.action.ADDITIONAL_BATTERY_CHANGED flg=0x60000010 (has extras) } ordered=false userid=-1 callerApp=null
V/ActivityManager( 1742): Broadcast sticky: Intent { act=android.intent.action.ADDITIONAL_BATTERY_CHANGED flg=0x60000010 (has extras) } ordered=false userid=-1 callerApp=null
V/ActivityManager( 1742): Broadcast sticky: Intent { act=android.intent.action.BATTERY_CHANGED flg=0x60000010 (has extras) } ordered=false userid=-1 callerApp=null
D/WifiService( 1742): onReceive, action:android.intent.action.BATTERY_CHANGED
D/WifiController( 1742): DeviceActiveState{ when=-6ms what=155652 arg1=2 target=com.android.internal.util.StateMachine$SmHandler target=Handler (com.android.internal.util.StateMachine$SmHandler) {4319cd38} }
D/WifiController( 1742): StaEnabledState{ when=-6ms what=155652 arg1=2 target=com.android.internal.util.StateMachine$SmHandler target=Handler (com.android.internal.util.StateMachine$SmHandler) {4319cd38} }
D/WifiController( 1742): DefaultState{ when=-6ms what=155652 arg1=2 target=com.android.internal.util.StateMachine$SmHandler target=Handler (com.android.internal.util.StateMachine$SmHandler) {4319cd38} }
D/WifiController( 1742): battery changed pluggedType: 2
D/UsbDeviceManager( 1742): onReceive - BATTERY_CHANGED - mPlugType: 2, mSettingUsbCharging: false, mConnected: true, mSettingUsbBicr: false
V/ActivityManager( 1742): Broadcast sticky: Intent { act=android.intent.action.ADDITIONAL_BATTERY_CHANGED flg=0x60000010 (has extras) } ordered=false userid=-1 callerApp=null
V/ActivityManager( 1742): Broadcast sticky: Intent { act=android.intent.action.ADDITIONAL_BATTERY_CHANGED flg=0x60000010 (has extras) } ordered=false userid=-1 callerApp=null
D/ANRManager( 1742): getUserConfirmTime() userId: 0 anrTime: 20000 extendTime: 0
V/ActivityManager( 1742): Broadcast sticky: Intent { act=android.intent.action.ADDITIONAL_BATTERY_CHANGED flg=0x60000010 (has extras) } ordered=false userid=-1 callerApp=null
V/ActivityManager( 1742): Broadcast sticky: Intent { act=android.intent.action.ADDITIONAL_BATTERY_CHANGED flg=0x60000010 (has extras) } ordered=false userid=-1 callerApp=null
V/ActivityManager( 1742): Broadcast sticky: Intent { act=android.intent.action.ADDITIONAL_BATTERY_CHANGED flg=0x60000010 (has extras) } ordered=false userid=-1 callerApp=null
V/ActivityManager( 1742): Broadcast sticky: Intent { act=android.intent.action.ADDITIONAL_BATTERY_CHANGED flg=0x60000010 (has extras) } ordered=false userid=-1 callerApp=null
V/ActivityManager( 1742): Broadcast sticky: Intent { act=android.intent.action.ADDITIONAL_BATTERY_CHANGED flg=0x60000010 (has extras) } ordered=false userid=-1 callerApp=null
V/ActivityManager( 1742): Broadcast sticky: Intent { act=android.intent.action.ADDITIONAL_BATTERY_CHANGED flg=0x60000010 (has extras) } ordered=false userid=-1 callerApp=null
V/ActivityManager( 1742): Broadcast sticky: Intent { act=android.intent.action.ADDITIONAL_BATTERY_CHANGED flg=0x60000010 (has extras) } ordered=false userid=-1 callerApp=null
V/ActivityManager( 1742): Broadcast sticky: Intent { act=android.intent.action.ADDITIONAL_BATTERY_CHANGED flg=0x60000010 (has extras) } ordered=false userid=-1 callerApp=null
V/ActivityManager( 1742): Broadcast sticky: Intent { act=android.intent.action.ADDITIONAL_BATTERY_CHANGED flg=0x60000010 (has extras) } ordered=false userid=-1 callerApp=null
V/ActivityManager( 1742): Broadcast: Intent { act=android.intent.action.TIME_TICK flg=0x50000094 (has extras) } ordered=true userid=-1 callerApp=null
D/ActivityThread( 1742): BDC-Calling onReceive: intent=Intent { act=android.intent.action.TIME_TICK flg=0x50000094 (has extras) }, ordered=true, receiver=com.android.server.AlarmManagerService$ClockReceiver@4279d540, IIntentReceiver=42778418
V/AlarmManager( 1742): isAlarmNeedAlign : charging
D/ActivityThread( 1742): BDC-Calling finishReceiver: IIntentReceiver=42778418
D/ActivityThread( 4393): BDC-Calling onReceive: intent=Intent { act=android.intent.action.TIME_TICK flg=0x50000094 (has extras) }, ordered=true, receiver=com.oppo.widget.smallweather.NormalWidgetUtil$1@428f46d0, IIntentReceiver=42995ff0
D/ActivityThread( 4393): BDC-Calling finishReceiver: IIntentReceiver=42995ff0
D/ActivityThread( 6436): BDC-Calling onReceive: intent=Intent { act=android.intent.action.TIME_TICK flg=0x50000094 (has extras) }, ordered=true, receiver=com.oppo.activation.ActivationService$ServiceBroadcastReceiver@4270a880, IIntentReceiver=4270a8c8
D/ActivityThread( 6436): BDC-Calling finishReceiver: IIntentReceiver=4270a8c8
D/ActivityThread( 5899): BDC-Calling onReceive: intent=Intent { act=android.intent.action.TIME_TICK flg=0x50000094 (has extras) }, ordered=true, receiver=com.oppo.alarmclock.alarmclock.AlarmClockFragment$3@42804bb8, IIntentReceiver=429d4dd0
D/ActivityThread( 5899): BDC-Calling finishReceiver: IIntentReceiver=429d4dd0
D/ActivityThread( 4542): BDC-Calling onReceive: intent=Intent { act=android.intent.action.TIME_TICK flg=0x50000094 (has extras) }, ordered=true, receiver=com.oppo.lockutils.OppoLockUtils$1@426e06e8, IIntentReceiver=426e2058
D/ActivityThread( 4542): BDC-Calling finishReceiver: IIntentReceiver=426e2058
D/ActivityThread( 4542): BDC-Calling onReceive: intent=Intent { act=android.intent.action.TIME_TICK flg=0x50000094 (has extras) }, ordered=true, receiver=com.android.keyguard.base.KeyguardUpdateMonitor$3@426f3e08, IIntentReceiver=426f5528
D/ActivityThread( 4542): BDC-Calling finishReceiver: IIntentReceiver=426f5528
I/thermal_repeater(  282): oh, queryMdThermalInfo (0)Bad file number
I/thermal_repeater(  282): [recvMdThermalInfo] ret=35, strLen=127,  0, 32767, -127, 28676, 32767, 1680
V/ActivityManager( 1742): Broadcast sticky: Intent { act=android.intent.action.ADDITIONAL_BATTERY_CHANGED flg=0x60000010 (has extras) } ordered=false userid=-1 callerApp=null
V/ActivityManager( 1742): Broadcast sticky: Intent { act=android.intent.action.ADDITIONAL_BATTERY_CHANGED flg=0x60000010 (has extras) } ordered=false userid=-1 callerApp=null
V/ActivityManager( 1742): Broadcast sticky: Intent { act=android.intent.action.ADDITIONAL_BATTERY_CHANGED flg=0x60000010 (has extras) } ordered=false userid=-1 callerApp=null
I/ANRManager( 1742): updateProcessStats
V/ActivityManager( 1742): Broadcast sticky: Intent { act=android.intent.action.ADDITIONAL_BATTERY_CHANGED flg=0x60000010 (has extras) } ordered=false userid=-1 callerApp=null
V/ActivityManager( 1742): Broadcast sticky: Intent { act=android.intent.action.BATTERY_CHANGED flg=0x60000010 (has extras) } ordered=false userid=-1 callerApp=null
D/WifiService( 1742): onReceive, action:android.intent.action.BATTERY_CHANGED
D/WifiController( 1742): DeviceActiveState{ when=0 what=155652 arg1=2 target=com.android.internal.util.StateMachine$SmHandler target=Handler (com.android.internal.util.StateMachine$SmHandler) {4319cd38} }
D/WifiController( 1742): StaEnabledState{ when=0 what=155652 arg1=2 target=com.android.internal.util.StateMachine$SmHandler target=Handler (com.android.internal.util.StateMachine$SmHandler) {4319cd38} }
D/WifiController( 1742): DefaultState{ when=-1ms what=155652 arg1=2 target=com.android.internal.util.StateMachine$SmHandler target=Handler (com.android.internal.util.StateMachine$SmHandler) {4319cd38} }
D/WifiController( 1742): battery changed pluggedType: 2
D/UsbDeviceManager( 1742): onReceive - BATTERY_CHANGED - mPlugType: 2, mSettingUsbCharging: false, mConnected: true, mSettingUsbBicr: false
V/ActivityManager( 1742): Broadcast sticky: Intent { act=android.intent.action.ADDITIONAL_BATTERY_CHANGED flg=0x60000010 (has extras) } ordered=false userid=-1 callerApp=null
V/ActivityManager( 1742): Broadcast sticky: Intent { act=android.intent.action.ADDITIONAL_BATTERY_CHANGED flg=0x60000010 (has extras) } ordered=false userid=-1 callerApp=null
V/ActivityManager( 1742): Broadcast sticky: Intent { act=android.intent.action.ADDITIONAL_BATTERY_CHANGED flg=0x60000010 (has extras) } ordered=false userid=-1 callerApp=null
V/ActivityManager( 1742): Broadcast sticky: Intent { act=android.intent.action.BATTERY_CHANGED flg=0x60000010 (has extras) } ordered=false userid=-1 callerApp=null
D/WifiService( 1742): onReceive, action:android.intent.action.BATTERY_CHANGED
D/WifiController( 1742): DeviceActiveState{ when=-2ms what=155652 arg1=2 target=com.android.internal.util.StateMachine$SmHandler target=Handler (com.android.internal.util.StateMachine$SmHandler) {4319cd38} }
D/WifiController( 1742): StaEnabledState{ when=-2ms what=155652 arg1=2 target=com.android.internal.util.StateMachine$SmHandler target=Handler (com.android.internal.util.StateMachine$SmHandler) {4319cd38} }
D/WifiController( 1742): DefaultState{ when=-2ms what=155652 arg1=2 target=com.android.internal.util.StateMachine$SmHandler target=Handler (com.android.internal.util.StateMachine$SmHandler) {4319cd38} }
D/WifiController( 1742): battery changed pluggedType: 2
D/UsbDeviceManager( 1742): onReceive - BATTERY_CHANGED - mPlugType: 2, mSettingUsbCharging: false, mConnected: true, mSettingUsbBicr: false
V/ActivityManager( 1742): Broadcast sticky: Intent { act=android.intent.action.ADDITIONAL_BATTERY_CHANGED flg=0x60000010 (has extras) } ordered=false userid=-1 callerApp=null
V/ActivityManager( 1742): Broadcast sticky: Intent { act=android.intent.action.ADDITIONAL_BATTERY_CHANGED flg=0x60000010 (has extras) } ordered=false userid=-1 callerApp=null
V/ActivityManager( 1742): Broadcast sticky: Intent { act=android.intent.action.ADDITIONAL_BATTERY_CHANGED flg=0x60000010 (has extras) } ordered=false userid=-1 callerApp=null
V/ActivityManager( 1742): Broadcast sticky: Intent { act=android.intent.action.BATTERY_CHANGED flg=0x60000010 (has extras) } ordered=false userid=-1 callerApp=null
D/WifiService( 1742): onReceive, action:android.intent.action.BATTERY_CHANGED
D/UsbDeviceManager( 1742): onReceive - BATTERY_CHANGED - mPlugType: 2, mSettingUsbCharging: false, mConnected: true, mSettingUsbBicr: false
D/WifiController( 1742): DeviceActiveState{ when=-4ms what=155652 arg1=2 target=com.android.internal.util.StateMachine$SmHandler target=Handler (com.android.internal.util.StateMachine$SmHandler) {4319cd38} }
D/WifiController( 1742): StaEnabledState{ when=-4ms what=155652 arg1=2 target=com.android.internal.util.StateMachine$SmHandler target=Handler (com.android.internal.util.StateMachine$SmHandler) {4319cd38} }
D/WifiController( 1742): DefaultState{ when=-5ms what=155652 arg1=2 target=com.android.internal.util.StateMachine$SmHandler target=Handler (com.android.internal.util.StateMachine$SmHandler) {4319cd38} }
D/WifiController( 1742): battery changed pluggedType: 2
V/ActivityManager( 1742): Broadcast sticky: Intent { act=android.intent.action.ADDITIONAL_BATTERY_CHANGED flg=0x60000010 (has extras) } ordered=false userid=-1 callerApp=null
V/ActivityManager( 1742): Broadcast sticky: Intent { act=android.intent.action.ADDITIONAL_BATTERY_CHANGED flg=0x60000010 (has extras) } ordered=false userid=-1 callerApp=null
W/BroadcastQueue( 1742): Skipping deliver [background] BroadcastRecord{438e7d38 u-1 android.net.conn.CONNECTIVITY_CHANGE} to ReceiverList{438e7b78 9873 (unknown name)/2000/u-1 remote:438e7988}: process crashing
I/ActivityManager( 1742): START u0 {act=android.intent.action.MAIN cat=[android.intent.category.LAUNCHER] flg=0x10200000 cmp=com.sixty.nidoneClient/.view.activity.SDK_WebApp} from pid 9873
E/ActivityManager( 1742): START {act=android.intent.action.MAIN cat=[android.intent.category.LAUNCHER] flg=0x10200000 cmp=com.sixty.nidoneClient/.view.activity.SDK_WebApp u=0} from pid 9873
D/ActivityManager( 1742): ACT-moveHomeTask toFront : false homeInFront = false
D/ActivityManager( 1742): launchFlags = 10200000, launchMode = 2, realActivity = ComponentInfo{com.sixty.nidoneClient/com.sixty.nidoneClient.view.activity.SDK_WebApp}, task.realActivity = ComponentInfo{com.sixty.nidoneClient/com.sixty.nidoneClient.view.activity.SDK_WebApp}
I/ActivityManager( 1742): topActivity.packageName = com.sixty.nidoneClient
D/ActivityThread( 4669): ACT-NEW_INTENT handled : 0 / NewIntentData{intents=[Intent { act=android.intent.action.MAIN cat=[android.intent.category.LAUNCHER] flg=0x10200000 cmp=com.sixty.nidoneClient/.view.activity.SDK_WebApp }] token=android.os.BinderProxy@426f2478}
I/ActivityManager( 1742): START u0 {act=android.intent.action.MAIN cat=[android.intent.category.LAUNCHER] flg=0x10200000 cmp=com.sixty.nidoneClient/.view.activity.SDK_WebApp} from pid 9873
E/ActivityManager( 1742): START {act=android.intent.action.MAIN cat=[android.intent.category.LAUNCHER] flg=0x10200000 cmp=com.sixty.nidoneClient/.view.activity.SDK_WebApp u=0} from pid 9873
D/ActivityManager( 1742): ACT-moveHomeTask toFront : false homeInFront = false
D/ActivityManager( 1742): launchFlags = 10200000, launchMode = 2, realActivity = ComponentInfo{com.sixty.nidoneClient/com.sixty.nidoneClient.view.activity.SDK_WebApp}, task.realActivity = ComponentInfo{com.sixty.nidoneClient/com.sixty.nidoneClient.view.activity.SDK_WebApp}
I/ActivityManager( 1742): topActivity.packageName = com.sixty.nidoneClient
D/ActivityThread( 4669): ACT-NEW_INTENT handled : 0 / NewIntentData{intents=[Intent { act=android.intent.action.MAIN cat=[android.intent.category.LAUNCHER] flg=0x10200000 cmp=com.sixty.nidoneClient/.view.activity.SDK_WebApp }] token=android.os.BinderProxy@426f2478}
D/DisplayManagerService( 1742): Display listener for pid 9873 died.
V/ActivityManager( 1742): Broadcast sticky: Intent { act=android.intent.action.ADDITIONAL_BATTERY_CHANGED flg=0x60000010 (has extras) } ordered=false userid=-1 callerApp=null
V/ActivityManager( 1742): Broadcast sticky: Intent { act=android.intent.action.BATTERY_CHANGED flg=0x60000010 (has extras) } ordered=false userid=-1 callerApp=null
D/WifiService( 1742): onReceive, action:android.intent.action.BATTERY_CHANGED
D/UsbDeviceManager( 1742): onReceive - BATTERY_CHANGED - mPlugType: 2, mSettingUsbCharging: false, mConnected: true, mSettingUsbBicr: false
D/WifiController( 1742): DeviceActiveState{ when=0 what=155652 arg1=2 target=com.android.internal.util.StateMachine$SmHandler target=Handler (com.android.internal.util.StateMachine$SmHandler) {4319cd38} }
D/WifiController( 1742): StaEnabledState{ when=-1ms what=155652 arg1=2 target=com.android.internal.util.StateMachine$SmHandler target=Handler (com.android.internal.util.StateMachine$SmHandler) {4319cd38} }
D/WifiController( 1742): DefaultState{ when=-1ms what=155652 arg1=2 target=com.android.internal.util.StateMachine$SmHandler target=Handler (com.android.internal.util.StateMachine$SmHandler) {4319cd38} }
D/WifiController( 1742): battery changed pluggedType: 2
V/ActivityManager( 1742): Broadcast sticky: Intent { act=android.intent.action.ADDITIONAL_BATTERY_CHANGED flg=0x60000010 (has extras) } ordered=false userid=-1 callerApp=null
V/ActivityManager( 1742): Broadcast sticky: Intent { act=android.intent.action.ADDITIONAL_BATTERY_CHANGED flg=0x60000010 (has extras) } ordered=false userid=-1 callerApp=null
V/ActivityManager( 1742): Broadcast sticky: Intent { act=android.intent.action.ADDITIONAL_BATTERY_CHANGED flg=0x60000010 (has extras) } ordered=false userid=-1 callerApp=null
V/ActivityManager( 1742): Broadcast sticky: Intent { act=android.intent.action.BATTERY_CHANGED flg=0x60000010 (has extras) } ordered=false userid=-1 callerApp=null
D/WifiService( 1742): onReceive, action:android.intent.action.BATTERY_CHANGED
D/UsbDeviceManager( 1742): onReceive - BATTERY_CHANGED - mPlugType: 2, mSettingUsbCharging: false, mConnected: true, mSettingUsbBicr: false
V/ActivityManager( 1742): Broadcast sticky: Intent { act=android.intent.action.ADDITIONAL_BATTERY_CHANGED flg=0x60000010 (has extras) } ordered=false userid=-1 callerApp=null
D/WifiController( 1742): DeviceActiveState{ when=0 what=155652 arg1=2 target=com.android.internal.util.StateMachine$SmHandler target=Handler (com.android.internal.util.StateMachine$SmHandler) {4319cd38} }
D/WifiController( 1742): StaEnabledState{ when=0 what=155652 arg1=2 target=com.android.internal.util.StateMachine$SmHandler target=Handler (com.android.internal.util.StateMachine$SmHandler) {4319cd38} }
D/WifiController( 1742): DefaultState{ when=0 what=155652 arg1=2 target=com.android.internal.util.StateMachine$SmHandler target=Handler (com.android.internal.util.StateMachine$SmHandler) {4319cd38} }
D/WifiController( 1742): battery changed pluggedType: 2
V/ActivityManager( 1742): Broadcast sticky: Intent { act=android.intent.action.ADDITIONAL_BATTERY_CHANGED flg=0x60000010 (has extras) } ordered=false userid=-1 callerApp=null
I/thermal_repeater(  282): oh, queryMdThermalInfo (0)Bad file number
I/thermal_repeater(  282): [recvMdThermalInfo] ret=35, strLen=127,  0, 32767, -127, 28676, 32767, 1680
V/ActivityManager( 1742): Broadcast sticky: Intent { act=android.intent.action.ADDITIONAL_BATTERY_CHANGED flg=0x60000010 (has extras) } ordered=false userid=-1 callerApp=null
V/ActivityManager( 1742): Broadcast sticky: Intent { act=android.intent.action.BATTERY_CHANGED flg=0x60000010 (has extras) } ordered=false userid=-1 callerApp=null
D/WifiService( 1742): onReceive, action:android.intent.action.BATTERY_CHANGED
D/UsbDeviceManager( 1742): onReceive - BATTERY_CHANGED - mPlugType: 2, mSettingUsbCharging: false, mConnected: true, mSettingUsbBicr: false
V/ActivityManager( 1742): Broadcast sticky: Intent { act=android.intent.action.ADDITIONAL_BATTERY_CHANGED flg=0x60000010 (has extras) } ordered=false userid=-1 callerApp=null
D/WifiController( 1742): DeviceActiveState{ when=-1ms what=155652 arg1=2 target=com.android.internal.util.StateMachine$SmHandler target=Handler (com.android.internal.util.StateMachine$SmHandler) {4319cd38} }
D/WifiController( 1742): StaEnabledState{ when=-3ms what=155652 arg1=2 target=com.android.internal.util.StateMachine$SmHandler target=Handler (com.android.internal.util.StateMachine$SmHandler) {4319cd38} }
V/ActivityManager( 1742): Broadcast sticky: Intent { act=android.intent.action.ADDITIONAL_BATTERY_CHANGED flg=0x60000010 (has extras) } ordered=false userid=-1 callerApp=null
D/WifiController( 1742): DefaultState{ when=-3ms what=155652 arg1=2 target=com.android.internal.util.StateMachine$SmHandler target=Handler (com.android.internal.util.StateMachine$SmHandler) {4319cd38} }
D/WifiController( 1742): battery changed pluggedType: 2
V/ActivityManager( 1742): Broadcast sticky: Intent { act=android.intent.action.ADDITIONAL_BATTERY_CHANGED flg=0x60000010 (has extras) } ordered=false userid=-1 callerApp=null
V/ActivityManager( 1742): Broadcast sticky: Intent { act=android.intent.action.ADDITIONAL_BATTERY_CHANGED flg=0x60000010 (has extras) } ordered=false userid=-1 callerApp=null
V/ActivityManager( 1742): Broadcast sticky: Intent { act=android.intent.action.ADDITIONAL_BATTERY_CHANGED flg=0x60000010 (has extras) } ordered=false userid=-1 callerApp=null
V/ActivityManager( 1742): Broadcast sticky: Intent { act=android.intent.action.ADDITIONAL_BATTERY_CHANGED flg=0x60000010 (has extras) } ordered=false userid=-1 callerApp=null
V/ActivityManager( 1742): Broadcast sticky: Intent { act=android.intent.action.ADDITIONAL_BATTERY_CHANGED flg=0x60000010 (has extras) } ordered=false userid=-1 callerApp=null
V/ActivityManager( 1742): Broadcast sticky: Intent { act=android.intent.action.ADDITIONAL_BATTERY_CHANGED flg=0x60000010 (has extras) } ordered=false userid=-1 callerApp=null
V/ActivityManager( 1742): Broadcast sticky: Intent { act=android.intent.action.ADDITIONAL_BATTERY_CHANGED flg=0x60000010 (has extras) } ordered=false userid=-1 callerApp=null
V/ActivityManager( 1742): Broadcast sticky: Intent { act=android.intent.action.BATTERY_CHANGED flg=0x60000010 (has extras) } ordered=false userid=-1 callerApp=null
D/WifiService( 1742): onReceive, action:android.intent.action.BATTERY_CHANGED
D/UsbDeviceManager( 1742): onReceive - BATTERY_CHANGED - mPlugType: 2, mSettingUsbCharging: false, mConnected: true, mSettingUsbBicr: false
D/WifiController( 1742): DeviceActiveState{ when=0 what=155652 arg1=2 target=com.android.internal.util.StateMachine$SmHandler target=Handler (com.android.internal.util.StateMachine$SmHandler) {4319cd38} }
D/WifiController( 1742): StaEnabledState{ when=-1ms what=155652 arg1=2 target=com.android.internal.util.StateMachine$SmHandler target=Handler (com.android.internal.util.StateMachine$SmHandler) {4319cd38} }
D/WifiController( 1742): DefaultState{ when=-1ms what=155652 arg1=2 target=com.android.internal.util.StateMachine$SmHandler target=Handler (com.android.internal.util.StateMachine$SmHandler) {4319cd38} }
D/WifiController( 1742): battery changed pluggedType: 2
V/ActivityManager( 1742): Broadcast sticky: Intent { act=android.intent.action.ADDITIONAL_BATTERY_CHANGED flg=0x60000010 (has extras) } ordered=false userid=-1 callerApp=null
V/ActivityManager( 1742): Broadcast sticky: Intent { act=android.intent.action.ADDITIONAL_BATTERY_CHANGED flg=0x60000010 (has extras) } ordered=false userid=-1 callerApp=null
V/ActivityManager( 1742): Broadcast sticky: Intent { act=android.intent.action.ADDITIONAL_BATTERY_CHANGED flg=0x60000010 (has extras) } ordered=false userid=-1 callerApp=null
V/ActivityManager( 1742): Broadcast sticky: Intent { act=android.intent.action.BATTERY_CHANGED flg=0x60000010 (has extras) } ordered=false userid=-1 callerApp=null
D/WifiService( 1742): onReceive, action:android.intent.action.BATTERY_CHANGED
D/UsbDeviceManager( 1742): onReceive - BATTERY_CHANGED - mPlugType: 2, mSettingUsbCharging: false, mConnected: true, mSettingUsbBicr: false
D/WifiController( 1742): DeviceActiveState{ when=-3ms what=155652 arg1=2 target=com.android.internal.util.StateMachine$SmHandler target=Handler (com.android.internal.util.StateMachine$SmHandler) {4319cd38} }
D/WifiController( 1742): StaEnabledState{ when=-3ms what=155652 arg1=2 target=com.android.internal.util.StateMachine$SmHandler target=Handler (com.android.internal.util.StateMachine$SmHandler) {4319cd38} }
D/WifiController( 1742): DefaultState{ when=-3ms what=155652 arg1=2 target=com.android.internal.util.StateMachine$SmHandler target=Handler (com.android.internal.util.StateMachine$SmHandler) {4319cd38} }
D/WifiController( 1742): battery changed pluggedType: 2
V/ActivityManager( 1742): Broadcast sticky: Intent { act=android.intent.action.ADDITIONAL_BATTERY_CHANGED flg=0x60000010 (has extras) } ordered=false userid=-1 callerApp=null
V/ActivityManager( 1742): Broadcast sticky: Intent { act=android.intent.action.ADDITIONAL_BATTERY_CHANGED flg=0x60000010 (has extras) } ordered=false userid=-1 callerApp=null
V/ActivityManager( 1742): Broadcast sticky: Intent { act=android.intent.action.ADDITIONAL_BATTERY_CHANGED flg=0x60000010 (has extras) } ordered=false userid=-1 callerApp=null
V/ActivityManager( 1742): Broadcast sticky: Intent { act=android.intent.action.BATTERY_CHANGED flg=0x60000010 (has extras) } ordered=false userid=-1 callerApp=null
D/WifiService( 1742): onReceive, action:android.intent.action.BATTERY_CHANGED
D/UsbDeviceManager( 1742): onReceive - BATTERY_CHANGED - mPlugType: 2, mSettingUsbCharging: false, mConnected: true, mSettingUsbBicr: false
D/WifiController( 1742): DeviceActiveState{ when=0 what=155652 arg1=2 target=com.android.internal.util.StateMachine$SmHandler target=Handler (com.android.internal.util.StateMachine$SmHandler) {4319cd38} }
D/WifiController( 1742): StaEnabledState{ when=-1ms what=155652 arg1=2 target=com.android.internal.util.StateMachine$SmHandler target=Handler (com.android.internal.util.StateMachine$SmHandler) {4319cd38} }
D/WifiController( 1742): DefaultState{ when=-1ms what=155652 arg1=2 target=com.android.internal.util.StateMachine$SmHandler target=Handler (com.android.internal.util.StateMachine$SmHandler) {4319cd38} }
D/WifiController( 1742): battery changed pluggedType: 2
V/ActivityManager( 1742): Broadcast sticky: Intent { act=android.intent.action.ADDITIONAL_BATTERY_CHANGED flg=0x60000010 (has extras) } ordered=false userid=-1 callerApp=null
V/ActivityManager( 1742): Broadcast sticky: Intent { act=android.intent.action.ADDITIONAL_BATTERY_CHANGED flg=0x60000010 (has extras) } ordered=false userid=-1 callerApp=null
V/ActivityManager( 1742): Broadcast: Intent { act=android.intent.action.TIME_TICK flg=0x50000094 (has extras) } ordered=true userid=-1 callerApp=null
D/ActivityThread( 1742): BDC-Calling onReceive: intent=Intent { act=android.intent.action.TIME_TICK flg=0x50000094 (has extras) }, ordered=true, receiver=com.android.server.AlarmManagerService$ClockReceiver@4279d540, IIntentReceiver=42778418
V/AlarmManager( 1742): isAlarmNeedAlign : charging
D/ActivityThread( 1742): BDC-Calling finishReceiver: IIntentReceiver=42778418
D/ActivityThread( 4393): BDC-Calling onReceive: intent=Intent { act=android.intent.action.TIME_TICK flg=0x50000094 (has extras) }, ordered=true, receiver=com.oppo.widget.smallweather.NormalWidgetUtil$1@428f46d0, IIntentReceiver=42995ff0
D/ActivityThread( 4393): BDC-Calling finishReceiver: IIntentReceiver=42995ff0
D/ActivityThread( 6436): BDC-Calling onReceive: intent=Intent { act=android.intent.action.TIME_TICK flg=0x50000094 (has extras) }, ordered=true, receiver=com.oppo.activation.ActivationService$ServiceBroadcastReceiver@4270a880, IIntentReceiver=4270a8c8
D/ActivityThread( 6436): BDC-Calling finishReceiver: IIntentReceiver=4270a8c8
D/ActivityThread( 5899): BDC-Calling onReceive: intent=Intent { act=android.intent.action.TIME_TICK flg=0x50000094 (has extras) }, ordered=true, receiver=com.oppo.alarmclock.alarmclock.AlarmClockFragment$3@42804bb8, IIntentReceiver=429d4dd0
D/ActivityThread( 5899): BDC-Calling finishReceiver: IIntentReceiver=429d4dd0
D/ActivityThread( 4542): BDC-Calling onReceive: intent=Intent { act=android.intent.action.TIME_TICK flg=0x50000094 (has extras) }, ordered=true, receiver=com.oppo.lockutils.OppoLockUtils$1@426e06e8, IIntentReceiver=426e2058
D/ActivityThread( 4542): BDC-Calling finishReceiver: IIntentReceiver=426e2058
D/ActivityThread( 4542): BDC-Calling onReceive: intent=Intent { act=android.intent.action.TIME_TICK flg=0x50000094 (has extras) }, ordered=true, receiver=com.android.keyguard.base.KeyguardUpdateMonitor$3@426f3e08, IIntentReceiver=426f5528
D/ActivityThread( 4542): BDC-Calling finishReceiver: IIntentReceiver=426f5528
I/thermal_repeater(  282): oh, queryMdThermalInfo (0)Bad file number
V/ActivityManager( 1742): Broadcast sticky: Intent { act=android.intent.action.ADDITIONAL_BATTERY_CHANGED flg=0x60000010 (has extras) } ordered=false userid=-1 callerApp=null
V/ActivityManager( 1742): Broadcast sticky: Intent { act=android.intent.action.BATTERY_CHANGED flg=0x60000010 (has extras) } ordered=false userid=-1 callerApp=null
D/WifiService( 1742): onReceive, action:android.intent.action.BATTERY_CHANGED
D/UsbDeviceManager( 1742): onReceive - BATTERY_CHANGED - mPlugType: 2, mSettingUsbCharging: false, mConnected: true, mSettingUsbBicr: false
D/WifiController( 1742): DeviceActiveState{ when=0 what=155652 arg1=2 target=com.android.internal.util.StateMachine$SmHandler target=Handler (com.android.internal.util.StateMachine$SmHandler) {4319cd38} }
D/WifiController( 1742): StaEnabledState{ when=0 what=155652 arg1=2 target=com.android.internal.util.StateMachine$SmHandler target=Handler (com.android.internal.util.StateMachine$SmHandler) {4319cd38} }
D/WifiController( 1742): DefaultState{ when=0 what=155652 arg1=2 target=com.android.internal.util.StateMachine$SmHandler target=Handler (com.android.internal.util.StateMachine$SmHandler) {4319cd38} }
D/WifiController( 1742): battery changed pluggedType: 2
V/ActivityManager( 1742): Broadcast sticky: Intent { act=android.intent.action.ADDITIONAL_BATTERY_CHANGED flg=0x60000010 (has extras) } ordered=false userid=-1 callerApp=null
V/ActivityManager( 1742): Broadcast sticky: Intent { act=android.intent.action.ADDITIONAL_BATTERY_CHANGED flg=0x60000010 (has extras) } ordered=false userid=-1 callerApp=null
I/thermal_repeater(  282): [recvMdThermalInfo] ret=35, strLen=127,  0, 32767, -127, 28676, 32767, 1680
I/ANRManager( 1742): updateProcessStats
V/ActivityManager( 1742): Broadcast sticky: Intent { act=android.intent.action.ADDITIONAL_BATTERY_CHANGED flg=0x60000010 (has extras) } ordered=false userid=-1 callerApp=null
V/ActivityManager( 1742): Broadcast sticky: Intent { act=android.intent.action.BATTERY_CHANGED flg=0x60000010 (has extras) } ordered=false userid=-1 callerApp=null
D/WifiService( 1742): onReceive, action:android.intent.action.BATTERY_CHANGED
D/UsbDeviceManager( 1742): onReceive - BATTERY_CHANGED - mPlugType: 2, mSettingUsbCharging: false, mConnected: true, mSettingUsbBicr: false
D/WifiController( 1742): DeviceActiveState{ when=0 what=155652 arg1=2 target=com.android.internal.util.StateMachine$SmHandler target=Handler (com.android.internal.util.StateMachine$SmHandler) {4319cd38} }
D/WifiController( 1742): StaEnabledState{ when=0 what=155652 arg1=2 target=com.android.internal.util.StateMachine$SmHandler target=Handler (com.android.internal.util.StateMachine$SmHandler) {4319cd38} }
D/WifiController( 1742): DefaultState{ when=0 what=155652 arg1=2 target=com.android.internal.util.StateMachine$SmHandler target=Handler (com.android.internal.util.StateMachine$SmHandler) {4319cd38} }
D/WifiController( 1742): battery changed pluggedType: 2
V/ActivityManager( 1742): Broadcast sticky: Intent { act=android.intent.action.ADDITIONAL_BATTERY_CHANGED flg=0x60000010 (has extras) } ordered=false userid=-1 callerApp=null
V/ActivityManager( 1742): Broadcast sticky: Intent { act=android.intent.action.ADDITIONAL_BATTERY_CHANGED flg=0x60000010 (has extras) } ordered=false userid=-1 callerApp=null
V/ActivityManager( 1742): Broadcast sticky: Intent { act=android.intent.action.ADDITIONAL_BATTERY_CHANGED flg=0x60000010 (has extras) } ordered=false userid=-1 callerApp=null
V/ActivityManager( 1742): Broadcast sticky: Intent { act=android.intent.action.BATTERY_CHANGED flg=0x60000010 (has extras) } ordered=false userid=-1 callerApp=null
D/WifiService( 1742): onReceive, action:android.intent.action.BATTERY_CHANGED
D/UsbDeviceManager( 1742): onReceive - BATTERY_CHANGED - mPlugType: 2, mSettingUsbCharging: false, mConnected: true, mSettingUsbBicr: false
D/WifiController( 1742): DeviceActiveState{ when=-3ms what=155652 arg1=2 target=com.android.internal.util.StateMachine$SmHandler target=Handler (com.android.internal.util.StateMachine$SmHandler) {4319cd38} }
D/WifiController( 1742): StaEnabledState{ when=-3ms what=155652 arg1=2 target=com.android.internal.util.StateMachine$SmHandler target=Handler (com.android.internal.util.StateMachine$SmHandler) {4319cd38} }
D/WifiController( 1742): DefaultState{ when=-3ms what=155652 arg1=2 target=com.android.internal.util.StateMachine$SmHandler target=Handler (com.android.internal.util.StateMachine$SmHandler) {4319cd38} }
D/WifiController( 1742): battery changed pluggedType: 2
V/ActivityManager( 1742): Broadcast sticky: Intent { act=android.intent.action.ADDITIONAL_BATTERY_CHANGED flg=0x60000010 (has extras) } ordered=false userid=-1 callerApp=null
V/ActivityManager( 1742): Broadcast sticky: Intent { act=android.intent.action.ADDITIONAL_BATTERY_CHANGED flg=0x60000010 (has extras) } ordered=false userid=-1 callerApp=null
V/ActivityManager( 1742): Broadcast sticky: Intent { act=android.intent.action.ADDITIONAL_BATTERY_CHANGED flg=0x60000010 (has extras) } ordered=false userid=-1 callerApp=null
V/ActivityManager( 1742): Broadcast sticky: Intent { act=android.intent.action.BATTERY_CHANGED flg=0x60000010 (has extras) } ordered=false userid=-1 callerApp=null
V/ActivityManager( 1742): Broadcast sticky: Intent { act=android.intent.action.ADDITIONAL_BATTERY_CHANGED flg=0x60000010 (has extras) } ordered=false userid=-1 callerApp=null
D/WifiService( 1742): onReceive, action:android.intent.action.BATTERY_CHANGED
D/UsbDeviceManager( 1742): onReceive - BATTERY_CHANGED - mPlugType: 2, mSettingUsbCharging: false, mConnected: true, mSettingUsbBicr: false
D/WifiController( 1742): DeviceActiveState{ when=0 what=155652 arg1=2 target=com.android.internal.util.StateMachine$SmHandler target=Handler (com.android.internal.util.StateMachine$SmHandler) {4319cd38} }
D/WifiController( 1742): StaEnabledState{ when=0 what=155652 arg1=2 target=com.android.internal.util.StateMachine$SmHandler target=Handler (com.android.internal.util.StateMachine$SmHandler) {4319cd38} }
D/WifiController( 1742): DefaultState{ when=0 what=155652 arg1=2 target=com.android.internal.util.StateMachine$SmHandler target=Handler (com.android.internal.util.StateMachine$SmHandler) {4319cd38} }
D/WifiController( 1742): battery changed pluggedType: 2
V/ActivityManager( 1742): Broadcast sticky: Intent { act=android.intent.action.ADDITIONAL_BATTERY_CHANGED flg=0x60000010 (has extras) } ordered=false userid=-1 callerApp=null
--------- beginning of /dev/log/main
D/MDP     (  249): DpIsp: 0xb882abc0, src 0 ms
D/MtkCam/FeaturePipe(  249): [performCallback] FeatureGraph callback FrameNo(31456)
D/MtkCam/FeaturePipeDataHdl(  249): [returnBuffer] data(1003), buf(0xb87cefd0)
D/MtkCam/P2Node(  249): [0:handleP2Done] type 5: cnt 31457 in 1 out 2
D/MtkCam/ISC(  249): [dropPass2Info] Erase # 0x7AE0,ImgBuf(0xB8913598),IsR(1)
D/MtkCam/DBHdl(  249): [:enqueBuffer]buf(0xb89146c8),VA(0xB2E4A000),BS(1555200),Id(463),TS(26403.687107),F(0x32315659),S(1440x1080),Str(1440,720,720)
D/MtkCam/DisplayClient(  249): [handleReturnBuffers] + (100) 34ms < Duration(99)
D/MtkCam/DisplayClient(  249): [handleReturnBuffers] Show frame:0 1 [ion:463 0xb2e4a000/2332800 26403687107000]
D/MtkCam/MtkCamUtils(  249): (APClient@ImgBufQue)[dequeProvider] Empty Que
D/MtkCam/DBHdl(  249): [:enqueBuffer]buf(0xb8938d60),VA(0xA7EBC000),BS(614400),Id(404),TS(26403.687107),F(0x00000014),S(640x480),Str(1280,0,0)
D/MtkCam/CamClient/FDClient(  249): (6149)[waitAndHandleReturnBuffers] -
D/MtkCam/CamClient/FDClient(  249): (6149)[doFD] +
D/MtkCam/CamClient/FDClient(  249): (6149)[doBufferAnalysis] plane: 1
D/mHalFDVT(  249): (6149)[halFTBufferCreate] DO RGB565 (SW) In
D/MtkCam/DisplayClient(  249): [handleReturnBuffers] -
D/mHalFDVT(  249): (6149)[halFTBufferCreate] DO RGB565 (SW) Out
D/mHalFDVT(  249): (6149)[halFDYUYV2ExtractY] DO Extract Y In
D/mHalFDVT(  249): (6149)[halFDYUYV2ExtractY] DO Extract Y Out
D/mHalFDVT(  249): (6149)[halFDDo] SD Status: SDEnable:0, img_w:320, img_h:240, Src_Phy_Addr:0x5700000,
D/mHalFDVT(  249): (6149)[halFDDo] [halFDDo] IN,  1
D/MDP     (  245): DpBlit: time 8 ms, type 0
D/mHalFDVT(  249): (6149)[halFDDo] FDVTMain IN
D/FDVT_Drv(  249): Set RS_Config, Src_W = 640, Src_H = 480, src_Format = 0, g_rs_num:12
D/FDVT_Drv(  249): Check RS_Config, rs[2]= 0x901e0280, rs[3]= 0xc33312c1,  rs[5]= 0x280,
D/FDVT_Drv(  249): SW RIP Input: 1,
D/FDVT_Drv(  249): FDRegisterConfig In, (HW)skip:0, 
D/FDVT_Drv(  249): FDRegisterConfig Out
D/FDVT_Drv(  249): Do Flush (IMEM) 
D/FDVT_Drv(  249): Set Start HW in 
D/FDVT_Drv(  249): Set Start HW out 
D/FDVT_Drv(  249): FDGetHWResult In
D/MtkCam/DisplayClient(  249): [waitAndHandleReturnBuffers] +
I/        (  245): [BWC INFO](245): get_bwc_mm_property success
D/MDP     (  245): DpBlit: in: (1440, 1080, 1440, 720, C8s, P2), crop: (0, 0, 1440, 1080)
D/MDP     (  245): DpBlit: out: (1080, 1440, 2160, 0, C5, P2), misc: (X:0, Y:0, R:90, F:0, S:1, D:0)
D/MDP     (  245): [TDSHP][PQDC] DISP_IOCTL_PQ_GET_TDSHP_FLAG()... tuning flag[0]
I/SurfaceView( 4669): updateWindow -- OnPreDrawListener, mHaveFrame = true, this = android.view.SurfaceView{42c5b6b8 V.E..... ........ 0,211-1080,1651}
D/MDP     (  245): DpBlit: time 5 ms, type 0
I/        (  245): [BWC INFO](245): get_bwc_mm_property success
D/MDP     (  245): DpBlit: in: (1440, 1080, 1440, 720, C8s, P2), crop: (0, 0, 1440, 1080)
D/MDP     (  245): DpBlit: out: (1080, 1440, 2160, 0, C5, P2), misc: (X:0, Y:0, R:90, F:0, S:1, D:0)
D/MDP     (  245): [TDSHP][PQDC] DISP_IOCTL_PQ_GET_TDSHP_FLAG()... tuning flag[0]
I/SurfaceView( 4669): updateWindow -- OnPreDrawListener, mHaveFrame = true, this = android.view.SurfaceView{42c5b6b8 V.E..... ........ 0,211-1080,1651}
D/MDP     (  245): DpBlit: time 5 ms, type 0
I/BufferQueue(  245): [com.sixty.nidoneClient/com.sixty.nidoneClient.view.activity.SDK_WebApp](this:0xb77b44e8,id:10728,api:1,p:4669,c:245) queueBuffer: fps=59.28 dur=1012.14 max=19.66 min=14.45
I/        (  245): [BWC INFO](245): get_bwc_mm_property success
D/MDP     (  245): DpBlit: in: (1440, 1080, 1440, 720, C8s, P2), crop: (0, 0, 1440, 1080)
D/MDP     (  245): DpBlit: out: (1080, 1440, 2160, 0, C5, P2), misc: (X:0, Y:0, R:90, F:0, S:1, D:0)
D/MDP     (  245): [TDSHP][PQDC] DISP_IOCTL_PQ_GET_TDSHP_FLAG()... tuning flag[0]
I/SurfaceView( 4669): updateWindow -- OnPreDrawListener, mHaveFrame = true, this = android.view.SurfaceView{42c5b6b8 V.E..... ........ 0,211-1080,1651}
D/MDP     (  245): DpBlit: time 5 ms, type 0
I/        (  245): [BWC INFO](245): get_bwc_mm_property success
D/MDP     (  245): DpBlit: in: (1440, 1080, 1440, 720, C8s, P2), crop: (0, 0, 1440, 1080)
D/MDP     (  245): DpBlit: out: (1080, 1440, 2160, 0, C5, P2), misc: (X:0, Y:0, R:90, F:0, S:1, D:0)
D/MDP     (  245): [TDSHP][PQDC] DISP_IOCTL_PQ_GET_TDSHP_FLAG()... tuning flag[0]
I/SurfaceView( 4669): updateWindow -- OnPreDrawListener, mHaveFrame = true, this = android.view.SurfaceView{42c5b6b8 V.E..... ........ 0,211-1080,1651}
D/FDVT_Drv(  249): Do Ivalid (IMEM) 
D/FDVT_Drv(  249): HW_Result: GFD_NUM: 0 LFD_NUM: 0 L_TYPE:1, 
D/FDVT_Drv(  249): FDGetHWResult Out
D/FDVT_Drv(  249): Final: HW_NUM:0, Filter_NUM:0, SKIP_NUM:0
D/SWFD_MAIN(  249): SWFDMain face num is 0
D/mHalFDVT(  249): (6149)[halFDDo] FDVTMain out
D/mHalFDVT(  249): (6149)[halFDGetFaceResult] [halFDGetFaceResult]m_DispW(320) m_DispH(240)
D/MtkCam/CamClient/FDClient(  249): (6149)[doFD] Scenario FD Num: 0
D/MtkCam/CamClient/FDClient(  249): (6149)[doFD] Scenario SD Result1: 0
D/MtkCam/CamClient/FDClient(  249): (6149)[doFD] -
D/Hal3AAdapter1(  249): [init] MtkCam/CamClient/FDClient(4)
D/af_mgr  (  249): [setFDInfo]cnt:0, X:1048 Y:776 W:0 H:0
D/Hal3AAdapter1(  249): [uninit] MtkCam/CamClient/FDClient(4)
W/MtkCam/CamClient/FDClient(  249): (6149)[performCallback] No FD CB: isDetected_FD(0), mIsDetected_FD(0), isMsgEnabled(1)
W/MtkCam/CamClient/FDClient(  249): (6149)[performCallback] No SD CB: isDetected_SD(0), mIsSDenabled(0), isMsgEnabled(1)
W/MtkCam/CamClient/FDClient(  249): (6149)[performCallback] No GD CB: isDetected_GD(0), mIsGDenabled(0), isMsgEnabled(1)
D/mHalFDVT(  249): (6149)[halFDGetFaceResult] [halFDGetFaceResult]m_DispW(320) m_DispH(240)
D/MtkCam/ParamsManager(  249): [getShotModeStr] normal
D/MtkCam/CamClient/FDClient(  249): (6149)[waitAndHandleReturnBuffers] +
D/MDP     (  245): DpBlit: time 5 ms, type 0
D/aaa_hal (  249): [waitVSirq]
D/aaa_hal (  249): [Timer:start: VS Timer, SensorDevId: 1] timer start. bClrTime=1
D/aaa_hal/3Athread(  249): CmdQ-size(1), todo(10, 31458)
D/aaa_hal (  249): [Timer:End: VS Timer, SensorDevId: 1] =====> time(ms): current=0.069384,   sum=0.069384
D/        (  249): [AAA_Scheduler::importWork]+, mNormalizeM=1, mSensorDevId=1
D/af_mgr  (  249): [m_cur_frm_num] 31458 [get_frm_ststus] 0
D/AeAlgo  (  249): [HWFlareValue]max flare :160 
D/AeAlgo  (  249): [getFlareAlgo] i2FlareOffset:13,PreFlare13, Max_Step_gap: 2, gain:0 max:160 min:0
D/ae_mgr  (  249): [doPvAE()][AEScheduler] AECalc:1 AEApply:2 AEFlare:4 VDnum:0 AvgY:0
D/ae_mgr  (  249): [doPvAE():PassToAlgo] rAEInput.PreEvSetting[N-1]:99997/15360/1544 rAEInput.PreEvSetting[N-2]:99997/15360/1544 rAEInput.PreEvSetting[N-3]:99997/15360/1544 rAEInput.CycleInfo.m_i4FrameCnt:31455
D/AeAlgo  (  249): [processAE] bPerFrameAESmooth:1 m_bAENotPerFrameMode:0
D/AeAlgo  (  249): [parserAEInput] m_bPerFrameETFlag:1 bPerFrameETIspFlag:1 CurActExp:99997 NextActExp:99997 CurActExpIdx:2 NextActExpIdx:0 MinGainDelay:1 CurActAfe:15360 NextActAfe:15360 CurAplExpIdx:1 CurAplAfe:15360
D/AeAlgo  (  249): [calTargetProbs] [ABL, ABL_DIFF(0):0/BV(-7955):0/P:0],[HS,  HS_FLAT(Y[1, 1] Diff:0):Prob:1024, HS_COLOR(0):1024],[COEP,Orig_Y:0, Prob_OuterY:1024, Orig_Diff:0, Prob_Diff:0, COE_P:0],[NS,  NS_BV(-7955):1024, NS_FLAT(Y[1,1],Diff:0):Prob:1024],
D/AeAlgo  (  249): [getRecommendCWTarget_v2p0] u4FinalCW:55,  m_u4AvgWValue/m_u4CWValue:0/0, weight(aoe/abl/hs/ns): 0,0,0,1024, target(aoe/abl/hs/ns): 55,55,55,55
D/AeAlgo  (  249): [getRecommendCWTarget_v2p0] Final AE Target 55, AvgY/CWY: 0/0, AOE/BL/HS/NS 55/55/55/55
D/AeAlgo  (  249): [processAE] exp:99997 afe:15360 isp:1544
D/ae_mgr  (  249): [UpdateSensorISPParams:s] i4SensorDev:1 VDNum 0, Prev 99997/15360/1544, Cur 99997/15360/1544, Output 99997/15360/1544 WOUpdateSensor:0
D/ae_mgr  (  249): [UpdateSensorISPParams()] Isp gain value(current) = 1544
D/ae_mgr  (  249): [updatePreEvSettingQueue()] m_PreEvSettingQueue[N-1]:99997/15360/1544 m_PreEvSettingQueue[N-2]:99997/15360/1544 m_PreEvSettingQueue[N-3]:99997/15360/1544 
D/aaa_hal/3Athread(  249): [postToAESenThread] sem_post semAESen, semAESenThdEnd before wait = 1
D/aaa_hal/3Athread(  249): [AESensorThreadLoop] updateSensorbyI2C
D/ae_mgr  (  249): [updateSensorbyI2C()] Exposure time value is repeat (skip send command)= 99997
D/ae_mgr  (  249): [updateSensorbyI2C()] Sensor gain value is repeat (skip send command)= 15360
D/aaa_hal/3Athread(  249): [AESensorThreadLoop] semAESenThdEnd before post = 0
D/awb_state(  249): [Searching::sendIntent]<eIntent_AWBScan>
D/aaa_state_camera_preview(  249): lv(0),cct(5203),rgain(1162),bgain(512),ggain(837),fluoidx(100), dayflouidx(12)
D/paramctrl_per_frame(  249): [prepareHw_PerFrame_LSC] (flash, iso, rto) = (0, 2442, 7)
D/paramctrl_per_frame(  249): [applyToHw_PerFrame_All +] i4FrameID(0x    7ae2)
I/TuningMgr(  249): [dequeBuffer] scenario(0),MagicNum(0x7ae2)
D/isp_mgr_sl2(  249): [apply] eSwScn(0), bSL2_EN(1), u4SL2_EN(1), u4SL2b_EN(1), u4SL2c_EN(1), CAM_SL2_CEN(0x030b041c), CAM_SL2_MAX0_RR(0x000255d3), CAM_SL2_MAX1_RR(0x0009574c), CAM_SL2_MAX2_RR(0x00109b33)
I/TuningMgr(  249): [enqueBuffer] scenario(0),MagicNum(0x7ae2)
D/paramctrl_per_frame(  249): [applyToHw_PerFrame_All -] i4FrameID(0x    7ae2)
D/EisDrv  (  249): [p1TuningNotify]me_ctrl2(0x00006090)
D/aaa_hal (  249): [AFThread] sem_post g_semAFThreadstart, semAFProcEnd before wait = 1
D/MtkCam/DCNode(  249): [0::doNotifyCb]3APROC_FINISH:0x00007AE2,0x00000003
D/aaa_hal/3Athread(  249): rCmd(10), magic#(31458)-
I/        (  245): [BWC INFO](245): get_bwc_mm_property success
D/MDP     (  245): DpBlit: in: (1440, 1080, 1440, 720, C8s, P2), crop: (0, 0, 1440, 1080)
D/MDP     (  245): DpBlit: out: (1080, 1440, 2160, 0, C5, P2), misc: (X:0, Y:0, R:90, F:0, S:1, D:0)
D/MDP     (  245): [TDSHP][PQDC] DISP_IOCTL_PQ_GET_TDSHP_FLAG()... tuning flag[0]
I/SurfaceView( 4669): updateWindow -- OnPreDrawListener, mHaveFrame = true, this = android.view.SurfaceView{42c5b6b8 V.E..... ........ 0,211-1080,1651}
D/MDP     (  245): DpBlit: time 5 ms, type 0
D/aaa_hal (  249): [Hal3A::AFThreadFunc] AF waitIrq done
D/MtkCam/P1Node(  249): [0:dequeLoop] frame 31463: deque-,1
D/EisDrv  (  249): [UpdateEisoIdx]Eiso:idx(3->4),NEXT(va,pa)=(0xa8ee0400,0x0bc00400)
D/MtkCam/DCNode(  249): [0::onNotify](0x00000080,0x00007AE3,0x00007AE1)
D/EisDrv  (  249): [UpdateEisoIdx]post mTsSem
D/aaa_hal/3Athread(  249): [addCommandQ] mCmdQ size(1) + cmd(10) magic(31459)
D/EisDrv  (  249): [UpdateEiso]Eiso:idx(4),PA(0x0bc00400)
D/MtkCam/ISC(  249): [getPass1Crop] 0: TS(4),# 0x7AE3,IsR(1),ZR(2,100/132),C(0,0,2096x1552),S(2096x1552)
D/EisDrv  (  249): [UpdateEiso]-
D/MtkCam/P1Node(  249): [updateDeque] deq port 0x1010f, buf 0xb89d5e50, t 26403787138000
D/flashlight_drv.cpp(  249): isOn()
D/flashlight_drv.cpp(  249): 
D/flash_mgr_m.cpp(  249): isAFLampOn 0
D/MtkCam/ISC(  249): [addPass1Info] 0: TS(1),# 0x7AE1,VA(0xB89D5E50),IsR(1),IsNew(1)
D/af_mgr  (  249): DoAFTG1 [XY]16 16 [Sz]344 252  [G]15 24 37 57 84 123 178 [Hz]2096 
D/af_mgr  (  249): FL_FV 0 0
D/EisHal  (  249): [DoEis]EisIn(2092,1548),P1T(1743,1290)
D/EisDrv  (  249): [GetEisHwStatistic]wait mTsSem(26403787138000)
D/af_mgr  (  249): [AFStatH]0 [AFStatV]0 [moveMCUTG1] 641
D/EisDrv  (  249): [GetEisHwStatistic]got mTsSem
D/af_mgr  (  249): TAFtmp pre 641 next 641
D/EisDrv  (  249): [GetEisHwStatistic]pEisoAddr(0xa8ee0200)
D/aaa_hal (  249): [AFThread] semAFProcEnd before post = 0
D/EisHal  (  249): [PrepareEisResult]cmvX(44544),cmvY(33024)
D/EisHal  (  249): [PrepareEisResult]X(174,0),Y(129,0)
D/MtkCam/P2Node(  249): [0:pushBuf] size 1, data 31, buf 0xb89d5e50
D/MtkCam/P1Node(  249): [0:processBufOp] replace port 0x1010f old/new 0xb89d5e50/0xb8913598 va 0xa3d1f000/0xa42f3000
D/MtkCam/P1Node(  249): [0:dequeLoop] frame 31464: deque+
D/MtkCam/BaseHeap(  249): [Cam1Heap::onCreate] [MtkCam/DBHdl] this:0xb87ccc18 1440x1080 format:0x32315659
D/MtkCam/DBHdl(  249): [:dequeBuffer]buf(0xb89146c8),VA(0xA7F84000/0xA80FFB00/0xA815E9C0),BS(1555200=1555200+388800+388800),Id(398),F(0x32315659),S(1440x1080),Str(1440,720,720),R(0),U(3)
D/MtkCam/MtkCamUtils(  249): (PrvCB@ImgBufQue)[dequeProvider] Empty Que
D/MtkCam/BaseHeap(  249): [Cam1Heap::onCreate] [MtkCam/DBHdl] this:0xb87ce9c8 640x480 format:0x14
D/MtkCam/DBHdl(  249): [:dequeBuffer]buf(0xb89d7088),VA(0xA8E0F000/0x00000000/0x00000000),BS(614400=614400+0+0),Id(397),F(0x00000014),S(640x480),Str(1280,0,0),R(0),U(0)
D/MtkCam/ISC(  249): [getPass2Info] 0: ImgBuf(0xB89D5E50),# 0x7AE1,PD(0xA4DA41E0/152),ZR(0,100/132),S(1440x1080),C(265,189,1566x1176)
D/MtkCam/P2Node(  249): [0:enquePass2] i 0 data 31, buf 0xb89d5e50, va 0xa3d1f000, # 0x7AE1, type 5 cnt 31458
D/MtkCam/P2Node(  249): [0:enquePass2] data 41, buf 0xb89146c8, va 0xa7f84000, tans 0 usg 3
D/MtkCam/P2Node(  249): [0:enquePass2] data 45, buf 0xb89d7088, va 0xa8e0f000, tans 0 usg 0
D/MtkCam/P2Node(  249): [0:enquePass2] IMG2O:B(0xb89d7088),S(640x480),C(265,189,1566x1176)
D/MtkCam/FeaturePipe(  249): [enqueFeatureGraph] FrameNo(31457)
D/EisHal  (  249): [GetEisInfoAtP2]FeaturePipe_3DNR(1)
I/MtkCam/FeaturePipe(  249): [P2A:threadLoopUpdate] gmv_ana,frm[31457],gmv(x,y)=[    0,    0],IsSupportEis(1),SenorIdx(0),NmvX/Y(    0,    0)(ori     0,    0),CmvX/Y(  174,  129)(diff     0,    0)(ori   174,  129),x/yInt(  174,  129),x/yFlt(        0,        0),DoEisCount(31463),ConfidX/y(0,0),EisTS(26403787138000),ImgiTS(26403787138000),GnZoCnt(60)
D/MtkCam/FeaturePipeDataHdl(  249): [getBuffer] data(1003), trans(0)
D/MtkCam/FeaturePipeDataHdl(  249): [getBuffer] -
I/MtkCam/FeaturePipe(  249): [P2A:threadLoopUpdate] [P2A not sets IMG3O mvOut] 3dnrSM0(0 S0P1W2),ES(0x00 FsSzDfLrIn),WH(1566,1176),OfstXY(264,188),mem<va(0xa2c75000)/pa(0x7d00000)/TS(26403787138000)/size(0x1c19d0)>
I/MtkCam/FeaturePipe(  249): [P2A:threadLoopUpdate] [P2A not sets VIPI mvIn  ] 3dnrSM1(0 S0P1W2),ES(0x00 FsSzDfLrIn),WH(1566,1176),OfstXY(0,0),mem<va(0x9ff79000)/pa(0xab00000)/TS(26403687107000)/size(0x1c19d0)>,mPrvQueSz(1),imgSizeWH(1566,1176),PrvWH(1566,1176),ExtOfstByte(0)
I/MtkCam/FeaturePipe(  249): [P2A:threadLoopUpdate] 3dnrSM2(0 S0P1W2),ES(0x00 FsSzDfLrIn),NmvX/Y(0, 0).Img3oOfX/Y(264, 188),onOfX/Y(0, 0).onW/H(0, 0).VipiOff/W/H(0, 0, 0).MaxIsoInc(100)
I/MtkCam/FeaturePipe(  249): [P2A:threadLoopUpdate] FStrm enq (frame 31457)
D/MDP     (  249): DpIsp: in: (2096, 1552, 3936, 0, C21, P2)
D/MDP     (  249): DpIsp: out0: (1440, 1080, 1440, 720, C8s, P2), misc: (R:0, F:0, S:1, D:0, T:0)
D/MDP     (  249): DpIsp: crop: (265, 189, 1566, 1176)
I/        (  245): [BWC INFO](245): get_bwc_mm_property success
D/MDP     (  245): DpBlit: in: (1440, 1080, 1440, 720, C8s, P2), crop: (0, 0, 1440, 1080)
D/MDP     (  245): DpBlit: out: (1080, 1440, 2160, 0, C5, P2), misc: (X:0, Y:0, R:90, F:0, S:1, D:0)
D/MDP     (  245): [TDSHP][PQDC] DISP_IOCTL_PQ_GET_TDSHP_FLAG()... tuning flag[0]
I/SurfaceView( 4669): updateWindow -- OnPreDrawListener, mHaveFrame = true, this = android.view.SurfaceView{42c5b6b8 V.E..... ........ 0,211-1080,1651}
D/MDP     (  249): DpIsp: 0xb882abc0, src 0 ms
