I/chromium( 9136): [INFO:image_raster_worker_pool.cc(75)] [RunOnWorkerThread] --------------
I/chromium( 9136): [INFO:resource_provider.cc(1770)] [StartRaster] allocated=[1] image_id=[941] buffer=[0x87682000] stride=[1536]
I/chromium( 9136): [INFO:image_raster_worker_pool.cc(75)] [RunOnWorkerThread] --------------
I/chromium( 9136): [INFO:resource_provider.cc(1770)] [StartRaster] allocated=[1] image_id=[828] buffer=[0x8c9e0000] stride=[1536]
I/chromium( 9136): [INFO:image_raster_worker_pool.cc(75)] [RunOnWorkerThread] --------------
I/chromium( 9136): [INFO:resource_provider.cc(1770)] [StartRaster] allocated=[1] image_id=[674] buffer=[0x82d27000] stride=[1536]
I/chromium( 9136): [INFO:image_raster_worker_pool.cc(75)] [RunOnWorkerThread] --------------
I/chromium( 9136): [INFO:resource_provider.cc(1770)] [StartRaster] allocated=[1] image_id=[897] buffer=[0x82e47000] stride=[1536]
I/chromium( 9136): [INFO:image_raster_worker_pool.cc(75)] [RunOnWorkerThread] --------------
I/chromium( 9136): [INFO:resource_provider.cc(1770)] [StartRaster] allocated=[1] image_id=[852] buffer=[0x84ef2000] stride=[1536]
I/chromium( 9136): [INFO:image_raster_worker_pool.cc(75)] [RunOnWorkerThread] --------------
I/        (  245): [BWC INFO](245): get_bwc_mm_property success
I/chromium( 9136): [INFO:resource_provider.cc(1770)] [StartRaster] allocated=[1] image_id=[847] buffer=[0x83f37000] stride=[1536]
I/chromium( 9136): [INFO:image_raster_worker_pool.cc(75)] [RunOnWorkerThread] --------------
I/chromium( 9136): [INFO:resource_provider.cc(1770)] [StartRaster] allocated=[1] image_id=[536] buffer=[0x8959a000] stride=[1536]
I/chromium( 9136): [INFO:image_raster_worker_pool.cc(75)] [RunOnWorkerThread] --------------
I/chromium( 9136): [INFO:resource_provider.cc(1770)] [StartRaster] allocated=[1] image_id=[717] buffer=[0x87712000] stride=[1536]
I/chromium( 9136): [INFO:image_raster_worker_pool.cc(75)] [RunOnWorkerThread] --------------
I/chromium( 9136): [INFO:resource_provider.cc(1770)] [StartRaster] allocated=[1] image_id=[567] buffer=[0x8a1b0000] stride=[1536]
I/chromium( 9136): [INFO:image_raster_worker_pool.cc(75)] [RunOnWorkerThread] --------------
I/        (  245): [BWC INFO](245): get_bwc_mm_property success
I/chromium( 9136): [INFO:resource_provider.cc(1770)] [StartRaster] allocated=[1] image_id=[989] buffer=[0x8588f000] stride=[1280]
I/chromium( 9136): [INFO:image_raster_worker_pool.cc(75)] [RunOnWorkerThread] --------------
I/chromium( 9136): [INFO:resource_provider.cc(1770)] [StartRaster] allocated=[1] image_id=[990] buffer=[0x8527c000] stride=[1280]
I/chromium( 9136): [INFO:image_raster_worker_pool.cc(75)] [RunOnWorkerThread] --------------
I/        (  245): [BWC INFO](245): get_bwc_mm_property success
V/Provider/Settings( 1909): get setting for user 0 by user 0 so skipping cache
V/Provider/Settings( 1909):  from settings cache , name = enabled_input_methods , value = com.sohu.inputmethod.sogouoem/.SogouIME
V/Provider/Settings( 1909): get setting for user 0 by user 0 so skipping cache
V/Provider/Settings( 1909):  from settings cache , name = enabled_input_methods , value = com.sohu.inputmethod.sogouoem/.SogouIME
I/chromium( 9136): [INFO:resource_provider.cc(1770)] [StartRaster] allocated=[1] image_id=[807] buffer=[0x83c90000] stride=[1536]
I/chromium( 9136): [INFO:image_raster_worker_pool.cc(75)] [RunOnWorkerThread] --------------
I/chromium( 9136): [INFO:resource_provider.cc(1770)] [StartRaster] allocated=[1] image_id=[827] buffer=[0x8c950000] stride=[1536]
I/chromium( 9136): [INFO:image_raster_worker_pool.cc(75)] [RunOnWorkerThread] --------------
I/chromium( 9136): [INFO:resource_provider.cc(1770)] [StartRaster] allocated=[1] image_id=[950] buffer=[0x85a22000] stride=[1536]
I/chromium( 9136): [INFO:image_raster_worker_pool.cc(75)] [RunOnWorkerThread] --------------
I/chromium( 9136): [INFO:resource_provider.cc(1770)] [StartRaster] allocated=[1] image_id=[841] buffer=[0x82c07000] stride=[1536]
I/chromium( 9136): [INFO:image_raster_worker_pool.cc(75)] [RunOnWorkerThread] --------------
I/chromium( 9136): [INFO:resource_provider.cc(1770)] [StartRaster] allocated=[1] image_id=[788] buffer=[0x8950a000] stride=[1536]
I/chromium( 9136): [INFO:image_raster_worker_pool.cc(75)] [RunOnWorkerThread] --------------
I/chromium( 9136): [INFO:resource_provider.cc(1770)] [StartRaster] allocated=[1] image_id=[851] buffer=[0x84b53000] stride=[1536]
I/chromium( 9136): [INFO:image_raster_worker_pool.cc(75)] [RunOnWorkerThread] --------------
I/chromium( 9136): [INFO:resource_provider.cc(1770)] [StartRaster] allocated=[1] image_id=[480] buffer=[0x83d23000] stride=[1536]
I/chromium( 9136): [INFO:image_raster_worker_pool.cc(75)] [RunOnWorkerThread] --------------
I/chromium( 9136): [INFO:resource_provider.cc(1770)] [StartRaster] allocated=[1] image_id=[939] buffer=[0x8732e000] stride=[1536]
I/chromium( 9136): [INFO:image_raster_worker_pool.cc(75)] [RunOnWorkerThread] --------------
I/chromium( 9136): [INFO:resource_provider.cc(1770)] [StartRaster] allocated=[1] image_id=[724] buffer=[0x8962a000] stride=[1536]
I/chromium( 9136): [INFO:image_raster_worker_pool.cc(75)] [RunOnWorkerThread] --------------
I/chromium( 9136): [INFO:resource_provider.cc(1770)] [StartRaster] allocated=[1] image_id=[995] buffer=[0x8231f000] stride=[1280]
I/chromium( 9136): [INFO:image_raster_worker_pool.cc(75)] [RunOnWorkerThread] --------------
I/        (  245): [BWC INFO](245): get_bwc_mm_property success
V/Provider/Settings( 1909): get setting for user 0 by user 0 so skipping cache
V/Provider/Settings( 1909):  from settings cache , name = enabled_input_methods , value = com.sohu.inputmethod.sogouoem/.SogouIME
V/Provider/Settings( 1909): get setting for user 0 by user 0 so skipping cache
V/Provider/Settings( 1909):  from settings cache , name = enabled_input_methods , value = com.sohu.inputmethod.sogouoem/.SogouIME
I/chromium( 9136): [INFO:resource_provider.cc(1770)] [StartRaster] allocated=[1] image_id=[667] buffer=[0x82839000] stride=[1536]
I/chromium( 9136): [INFO:image_raster_worker_pool.cc(75)] [RunOnWorkerThread] --------------
I/chromium( 9136): [INFO:resource_provider.cc(1770)] [StartRaster] allocated=[1] image_id=[824] buffer=[0x8c7a0000] stride=[1536]
I/chromium( 9136): [INFO:image_raster_worker_pool.cc(75)] [RunOnWorkerThread] --------------
I/chromium( 9136): [INFO:resource_provider.cc(1770)] [StartRaster] allocated=[1] image_id=[678] buffer=[0x86f8b000] stride=[1536]
I/chromium( 9136): [INFO:image_raster_worker_pool.cc(75)] [RunOnWorkerThread] --------------
I/chromium( 9136): [INFO:resource_provider.cc(1770)] [StartRaster] allocated=[1] image_id=[722] buffer=[0x89018000] stride=[1536]
I/chromium( 9136): [INFO:image_raster_worker_pool.cc(75)] [RunOnWorkerThread] --------------
I/chromium( 9136): [INFO:resource_provider.cc(1770)] [StartRaster] allocated=[1] image_id=[888] buffer=[0x83a35000] stride=[1536]
I/chromium( 9136): [INFO:image_raster_worker_pool.cc(75)] [RunOnWorkerThread] --------------
I/chromium( 9136): [INFO:resource_provider.cc(1770)] [StartRaster] allocated=[1] image_id=[520] buffer=[0x88b98000] stride=[1536]
I/chromium( 9136): [INFO:image_raster_worker_pool.cc(75)] [RunOnWorkerThread] --------------
I/chromium( 9136): [INFO:resource_provider.cc(1770)] [StartRaster] allocated=[1] image_id=[899] buffer=[0x851a0000] stride=[1536]
I/chromium( 9136): [INFO:image_raster_worker_pool.cc(75)] [RunOnWorkerThread] --------------
I/chromium( 9136): [INFO:resource_provider.cc(1770)] [StartRaster] allocated=[1] image_id=[886] buffer=[0x82412000] stride=[1536]
I/chromium( 9136): [INFO:image_raster_worker_pool.cc(75)] [RunOnWorkerThread] --------------
I/chromium( 9136): [INFO:resource_provider.cc(1770)] [StartRaster] allocated=[1] image_id=[955] buffer=[0x85ab2000] stride=[1536]
I/chromium( 9136): [INFO:image_raster_worker_pool.cc(75)] [RunOnWorkerThread] --------------
I/chromium( 9136): [INFO:resource_provider.cc(1770)] [StartRaster] allocated=[1] image_id=[996] buffer=[0x83c00000] stride=[1280]
I/chromium( 9136): [INFO:image_raster_worker_pool.cc(75)] [RunOnWorkerThread] --------------
I/        (  245): [BWC INFO](245): get_bwc_mm_property success
V/Provider/Settings( 1909): get setting for user 0 by user 0 so skipping cache
V/Provider/Settings( 1909):  from settings cache , name = enabled_input_methods , value = com.sohu.inputmethod.sogouoem/.SogouIME
V/Provider/Settings( 1909): get setting for user 0 by user 0 so skipping cache
V/Provider/Settings( 1909):  from settings cache , name = enabled_input_methods , value = com.sohu.inputmethod.sogouoem/.SogouIME
I/chromium( 9136): [INFO:resource_provider.cc(1770)] [StartRaster] allocated=[1] image_id=[848] buffer=[0x83fc7000] stride=[1536]
I/chromium( 9136): [INFO:image_raster_worker_pool.cc(75)] [RunOnWorkerThread] --------------
I/chromium( 9136): [INFO:resource_provider.cc(1770)] [StartRaster] allocated=[1] image_id=[840] buffer=[0x82a79000] stride=[1536]
I/chromium( 9136): [INFO:image_raster_worker_pool.cc(75)] [RunOnWorkerThread] --------------
I/chromium( 9136): [INFO:resource_provider.cc(1770)] [StartRaster] allocated=[1] image_id=[954] buffer=[0x8578d000] stride=[1536]
I/chromium( 9136): [INFO:image_raster_worker_pool.cc(75)] [RunOnWorkerThread] --------------
I/chromium( 9136): [INFO:resource_provider.cc(1770)] [StartRaster] allocated=[1] image_id=[683] buffer=[0x8744e000] stride=[1536]
I/chromium( 9136): [INFO:image_raster_worker_pool.cc(75)] [RunOnWorkerThread] --------------
I/chromium( 9136): [INFO:resource_provider.cc(1770)] [StartRaster] allocated=[1] image_id=[715] buffer=[0x8701b000] stride=[1536]
I/chromium( 9136): [INFO:image_raster_worker_pool.cc(75)] [RunOnWorkerThread] --------------
I/chromium( 9136): [INFO:resource_provider.cc(1770)] [StartRaster] allocated=[1] image_id=[948] buffer=[0x82ed7000] stride=[1536]
I/chromium( 9136): [INFO:image_raster_worker_pool.cc(75)] [RunOnWorkerThread] --------------
I/chromium( 9136): [INFO:resource_provider.cc(1770)] [StartRaster] allocated=[1] image_id=[500] buffer=[0x86efb000] stride=[1536]
I/chromium( 9136): [INFO:image_raster_worker_pool.cc(75)] [RunOnWorkerThread] --------------
I/chromium( 9136): [INFO:resource_provider.cc(1770)] [StartRaster] allocated=[1] image_id=[838] buffer=[0x82600000] stride=[1536]
I/chromium( 9136): [INFO:image_raster_worker_pool.cc(75)] [RunOnWorkerThread] --------------
I/chromium( 9136): [INFO:resource_provider.cc(1770)] [StartRaster] allocated=[1] image_id=[816] buffer=[0x8c320000] stride=[1536]
I/chromium( 9136): [INFO:image_raster_worker_pool.cc(75)] [RunOnWorkerThread] --------------
I/chromium( 9136): [INFO:resource_provider.cc(1770)] [StartRaster] allocated=[1] image_id=[990] buffer=[0x8527c000] stride=[1280]
I/chromium( 9136): [INFO:image_raster_worker_pool.cc(75)] [RunOnWorkerThread] --------------
I/        (  245): [BWC INFO](245): get_bwc_mm_property success
V/Provider/Settings( 1909): get setting for user 0 by user 0 so skipping cache
V/Provider/Settings( 1909):  from settings cache , name = enabled_input_methods , value = com.sohu.inputmethod.sogouoem/.SogouIME
V/Provider/Settings( 1909): get setting for user 0 by user 0 so skipping cache
V/Provider/Settings( 1909):  from settings cache , name = enabled_input_methods , value = com.sohu.inputmethod.sogouoem/.SogouIME
I/chromium( 9136): [INFO:resource_provider.cc(1770)] [StartRaster] allocated=[1] image_id=[769] buffer=[0x85110000] stride=[1536]
I/chromium( 9136): [INFO:image_raster_worker_pool.cc(75)] [RunOnWorkerThread] --------------
I/chromium( 9136): [INFO:resource_provider.cc(1770)] [StartRaster] allocated=[1] image_id=[940] buffer=[0x873be000] stride=[1536]
I/chromium( 9136): [INFO:image_raster_worker_pool.cc(75)] [RunOnWorkerThread] --------------
I/chromium( 9136): [INFO:resource_provider.cc(1770)] [StartRaster] allocated=[1] image_id=[853] buffer=[0x85600000] stride=[1536]
I/chromium( 9136): [INFO:image_raster_worker_pool.cc(75)] [RunOnWorkerThread] --------------
I/chromium( 9136): [INFO:resource_provider.cc(1770)] [StartRaster] allocated=[1] image_id=[825] buffer=[0x8c830000] stride=[1536]
I/chromium( 9136): [INFO:image_raster_worker_pool.cc(75)] [RunOnWorkerThread] --------------
I/chromium( 9136): [INFO:resource_provider.cc(1770)] [StartRaster] allocated=[1] image_id=[472] buffer=[0x82190000] stride=[1536]
I/chromium( 9136): [INFO:image_raster_worker_pool.cc(75)] [RunOnWorkerThread] --------------
I/chromium( 9136): [INFO:resource_provider.cc(1770)] [StartRaster] allocated=[1] image_id=[673] buffer=[0x82c97000] stride=[1536]
I/chromium( 9136): [INFO:image_raster_worker_pool.cc(75)] [RunOnWorkerThread] --------------
I/chromium( 9136): [INFO:resource_provider.cc(1770)] [StartRaster] allocated=[1] image_id=[780] buffer=[0x86673000] stride=[1536]
I/chromium( 9136): [INFO:image_raster_worker_pool.cc(75)] [RunOnWorkerThread] --------------
I/chromium( 9136): [INFO:resource_provider.cc(1770)] [StartRaster] allocated=[1] image_id=[798] buffer=[0x8a6b0000] stride=[1536]
I/chromium( 9136): [INFO:image_raster_worker_pool.cc(75)] [RunOnWorkerThread] --------------
I/chromium( 9136): [INFO:resource_provider.cc(1770)] [StartRaster] allocated=[1] image_id=[935] buffer=[0x86703000] stride=[1536]
I/chromium( 9136): [INFO:image_raster_worker_pool.cc(75)] [RunOnWorkerThread] --------------
I/chromium( 9136): [INFO:resource_provider.cc(1770)] [StartRaster] allocated=[1] image_id=[995] buffer=[0x8231f000] stride=[1280]
I/chromium( 9136): [INFO:image_raster_worker_pool.cc(75)] [RunOnWorkerThread] --------------
I/        (  245): [BWC INFO](245): get_bwc_mm_property success
V/Provider/Settings( 1909): get setting for user 0 by user 0 so skipping cache
V/Provider/Settings( 1909):  from settings cache , name = enabled_input_methods , value = com.sohu.inputmethod.sogouoem/.SogouIME
V/Provider/Settings( 1909): get setting for user 0 by user 0 so skipping cache
V/Provider/Settings( 1909):  from settings cache , name = enabled_input_methods , value = com.sohu.inputmethod.sogouoem/.SogouIME
I/chromium( 9136): [INFO:resource_provider.cc(1770)] [StartRaster] allocated=[1] image_id=[809] buffer=[0x8bf30000] stride=[1536]
I/chromium( 9136): [INFO:image_raster_worker_pool.cc(75)] [RunOnWorkerThread] --------------
I/chromium( 9136): [INFO:resource_provider.cc(1770)] [StartRaster] allocated=[1] image_id=[887] buffer=[0x8278a000] stride=[1536]
I/chromium( 9136): [INFO:image_raster_worker_pool.cc(75)] [RunOnWorkerThread] --------------
I/chromium( 9136): [INFO:resource_provider.cc(1770)] [StartRaster] allocated=[1] image_id=[972] buffer=[0x85f42000] stride=[1536]
I/chromium( 9136): [INFO:image_raster_worker_pool.cc(75)] [RunOnWorkerThread] --------------
I/chromium( 9136): [INFO:resource_provider.cc(1770)] [StartRaster] allocated=[1] image_id=[885] buffer=[0x8205e000] stride=[1536]
I/chromium( 9136): [INFO:image_raster_worker_pool.cc(75)] [RunOnWorkerThread] --------------
I/chromium( 9136): [INFO:resource_provider.cc(1770)] [StartRaster] allocated=[1] image_id=[800] buffer=[0x8bbd0000] stride=[1536]
I/chromium( 9136): [INFO:image_raster_worker_pool.cc(75)] [RunOnWorkerThread] --------------
I/chromium( 9136): [INFO:resource_provider.cc(1770)] [StartRaster] allocated=[1] image_id=[771] buffer=[0x85bd2000] stride=[1536]
I/chromium( 9136): [INFO:image_raster_worker_pool.cc(75)] [RunOnWorkerThread] --------------
I/chromium( 9136): [INFO:resource_provider.cc(1770)] [StartRaster] allocated=[1] image_id=[846] buffer=[0x83db3000] stride=[1536]
I/chromium( 9136): [INFO:image_raster_worker_pool.cc(75)] [RunOnWorkerThread] --------------
I/chromium( 9136): [INFO:resource_provider.cc(1770)] [StartRaster] allocated=[1] image_id=[468] buffer=[0x81863000] stride=[1536]
I/chromium( 9136): [INFO:image_raster_worker_pool.cc(75)] [RunOnWorkerThread] --------------
I/chromium( 9136): [INFO:resource_provider.cc(1770)] [StartRaster] allocated=[1] image_id=[796] buffer=[0x8a590000] stride=[1536]
I/chromium( 9136): [INFO:image_raster_worker_pool.cc(75)] [RunOnWorkerThread] --------------
I/chromium( 9136): [INFO:resource_provider.cc(1770)] [StartRaster] allocated=[1] image_id=[996] buffer=[0x83c00000] stride=[1280]
I/chromium( 9136): [INFO:image_raster_worker_pool.cc(75)] [RunOnWorkerThread] --------------
I/        (  245): [BWC INFO](245): get_bwc_mm_property success
V/Provider/Settings( 1909): get setting for user 0 by user 0 so skipping cache
V/Provider/Settings( 1909):  from settings cache , name = enabled_input_methods , value = com.sohu.inputmethod.sogouoem/.SogouIME
V/Provider/Settings( 1909): get setting for user 0 by user 0 so skipping cache
V/Provider/Settings( 1909):  from settings cache , name = enabled_input_methods , value = com.sohu.inputmethod.sogouoem/.SogouIME
I/chromium( 9136): [INFO:resource_provider.cc(1770)] [StartRaster] allocated=[1] image_id=[828] buffer=[0x8c9e0000] stride=[1536]
I/chromium( 9136): [INFO:image_raster_worker_pool.cc(75)] [RunOnWorkerThread] --------------
I/chromium( 9136): [INFO:resource_provider.cc(1770)] [StartRaster] allocated=[1] image_id=[897] buffer=[0x82e47000] stride=[1536]
I/chromium( 9136): [INFO:image_raster_worker_pool.cc(75)] [RunOnWorkerThread] --------------
I/chromium( 9136): [INFO:resource_provider.cc(1770)] [StartRaster] allocated=[1] image_id=[847] buffer=[0x83f37000] stride=[1536]
I/chromium( 9136): [INFO:image_raster_worker_pool.cc(75)] [RunOnWorkerThread] --------------
I/chromium( 9136): [INFO:resource_provider.cc(1770)] [StartRaster] allocated=[1] image_id=[717] buffer=[0x87712000] stride=[1536]
I/chromium( 9136): [INFO:image_raster_worker_pool.cc(75)] [RunOnWorkerThread] --------------
I/chromium( 9136): [INFO:resource_provider.cc(1770)] [StartRaster] allocated=[1] image_id=[680] buffer=[0x8713b000] stride=[1536]
I/chromium( 9136): [INFO:image_raster_worker_pool.cc(75)] [RunOnWorkerThread] --------------
I/chromium( 9136): [INFO:resource_provider.cc(1770)] [StartRaster] allocated=[1] image_id=[486] buffer=[0x84bff000] stride=[1536]
I/chromium( 9136): [INFO:image_raster_worker_pool.cc(75)] [RunOnWorkerThread] --------------
I/chromium( 9136): [INFO:resource_provider.cc(1770)] [StartRaster] allocated=[1] image_id=[949] buffer=[0x85919000] stride=[1536]
I/chromium( 9136): [INFO:image_raster_worker_pool.cc(75)] [RunOnWorkerThread] --------------
I/chromium( 9136): [INFO:resource_provider.cc(1770)] [StartRaster] allocated=[1] image_id=[560] buffer=[0x89c5e000] stride=[1536]
I/chromium( 9136): [INFO:image_raster_worker_pool.cc(75)] [RunOnWorkerThread] --------------
I/chromium( 9136): [INFO:resource_provider.cc(1770)] [StartRaster] allocated=[1] image_id=[719] buffer=[0x88c28000] stride=[1536]
I/chromium( 9136): [INFO:image_raster_worker_pool.cc(75)] [RunOnWorkerThread] --------------
I/chromium( 9136): [INFO:resource_provider.cc(1770)] [StartRaster] allocated=[1] image_id=[990] buffer=[0x8527c000] stride=[1280]
I/chromium( 9136): [INFO:image_raster_worker_pool.cc(75)] [RunOnWorkerThread] --------------
I/        (  245): [BWC INFO](245): get_bwc_mm_property success
I/        (  245): [BWC INFO](245): get_bwc_mm_property success
I/chromium( 9136): [INFO:resource_provider.cc(1770)] [StartRaster] allocated=[1] image_id=[773] buffer=[0x85e12000] stride=[1536]
I/chromium( 9136): [INFO:image_raster_worker_pool.cc(75)] [RunOnWorkerThread] --------------
I/chromium( 9136): [INFO:resource_provider.cc(1770)] [StartRaster] allocated=[1] image_id=[946] buffer=[0x82220000] stride=[1536]
I/        (  245): [BWC INFO](245): get_bwc_mm_property success
I/chromium( 9136): [INFO:image_raster_worker_pool.cc(75)] [RunOnWorkerThread] --------------
I/chromium( 9136): [INFO:resource_provider.cc(1770)] [StartRaster] allocated=[1] image_id=[799] buffer=[0x8a740000] stride=[1536]
I/chromium( 9136): [INFO:image_raster_worker_pool.cc(75)] [RunOnWorkerThread] --------------
I/chromium( 9136): [INFO:resource_provider.cc(1770)] [StartRaster] allocated=[1] image_id=[947] buffer=[0x82db7000] stride=[1536]
I/chromium( 9136): [INFO:image_raster_worker_pool.cc(75)] [RunOnWorkerThread] --------------
I/chromium( 9136): [INFO:resource_provider.cc(1770)] [StartRaster] allocated=[1] image_id=[540] buffer=[0x898fe000] stride=[1536]
I/chromium( 9136): [INFO:image_raster_worker_pool.cc(75)] [RunOnWorkerThread] --------------
I/chromium( 9136): [INFO:resource_provider.cc(1770)] [StartRaster] allocated=[1] image_id=[548] buffer=[0x85b42000] stride=[1536]
I/chromium( 9136): [INFO:image_raster_worker_pool.cc(75)] [RunOnWorkerThread] --------------
I/chromium( 9136): [INFO:resource_provider.cc(1770)] [StartRaster] allocated=[1] image_id=[795] buffer=[0x8a500000] stride=[1536]
I/chromium( 9136): [INFO:image_raster_worker_pool.cc(75)] [RunOnWorkerThread] --------------
I/chromium( 9136): [INFO:resource_provider.cc(1770)] [StartRaster] allocated=[1] image_id=[726] buffer=[0x8986e000] stride=[1536]
I/chromium( 9136): [INFO:image_raster_worker_pool.cc(75)] [RunOnWorkerThread] --------------
I/chromium( 9136): [INFO:resource_provider.cc(1770)] [StartRaster] allocated=[1] image_id=[938] buffer=[0x870ab000] stride=[1536]
I/chromium( 9136): [INFO:image_raster_worker_pool.cc(75)] [RunOnWorkerThread] --------------
I/chromium( 9136): [INFO:resource_provider.cc(1770)] [StartRaster] allocated=[1] image_id=[883] buffer=[0x829c7000] stride=[1536]
I/chromium( 9136): [INFO:image_raster_worker_pool.cc(75)] [RunOnWorkerThread] --------------
I/chromium( 9136): [INFO:resource_provider.cc(1770)] [StartRaster] allocated=[1] image_id=[624] buffer=[0x813e2000] stride=[1536]
I/chromium( 9136): [INFO:image_raster_worker_pool.cc(75)] [RunOnWorkerThread] --------------
I/chromium( 9136): [INFO:resource_provider.cc(1770)] [StartRaster] allocated=[1] image_id=[941] buffer=[0x87682000] stride=[1536]
I/chromium( 9136): [INFO:image_raster_worker_pool.cc(75)] [RunOnWorkerThread] --------------
I/chromium( 9136): [INFO:resource_provider.cc(1770)] [StartRaster] allocated=[1] image_id=[674] buffer=[0x82d27000] stride=[1536]
I/chromium( 9136): [INFO:image_raster_worker_pool.cc(75)] [RunOnWorkerThread] --------------
I/chromium( 9136): [INFO:resource_provider.cc(1770)] [StartRaster] allocated=[1] image_id=[852] buffer=[0x84ef2000] stride=[1536]
I/chromium( 9136): [INFO:image_raster_worker_pool.cc(75)] [RunOnWorkerThread] --------------
I/chromium( 9136): [INFO:resource_provider.cc(1770)] [StartRaster] allocated=[1] image_id=[536] buffer=[0x8959a000] stride=[1536]
I/chromium( 9136): [INFO:image_raster_worker_pool.cc(75)] [RunOnWorkerThread] --------------
I/chromium( 9136): [INFO:resource_provider.cc(1770)] [StartRaster] allocated=[1] image_id=[567] buffer=[0x8a1b0000] stride=[1536]
I/chromium( 9136): [INFO:image_raster_worker_pool.cc(75)] [RunOnWorkerThread] --------------
I/chromium( 9136): [INFO:resource_provider.cc(1770)] [StartRaster] allocated=[1] image_id=[807] buffer=[0x83c90000] stride=[1536]
I/chromium( 9136): [INFO:image_raster_worker_pool.cc(75)] [RunOnWorkerThread] --------------
I/chromium( 9136): [INFO:resource_provider.cc(1770)] [StartRaster] allocated=[1] image_id=[827] buffer=[0x8c950000] stride=[1536]
I/chromium( 9136): [INFO:image_raster_worker_pool.cc(75)] [RunOnWorkerThread] --------------
I/        (  245): [BWC INFO](245): get_bwc_mm_property success
I/chromium( 9136): [INFO:resource_provider.cc(1770)] [StartRaster] allocated=[1] image_id=[995] buffer=[0x8231f000] stride=[1280]
I/chromium( 9136): [INFO:image_raster_worker_pool.cc(75)] [RunOnWorkerThread] --------------
I/chromium( 9136): [INFO:resource_provider.cc(1770)] [StartRaster] allocated=[1] image_id=[996] buffer=[0x83c00000] stride=[1280]
I/chromium( 9136): [INFO:image_raster_worker_pool.cc(75)] [RunOnWorkerThread] --------------
I/        (  245): [BWC INFO](245): get_bwc_mm_property success
I/chromium( 9136): [INFO:resource_provider.cc(1770)] [StartRaster] allocated=[1] image_id=[950] buffer=[0x85a22000] stride=[1536]
I/chromium( 9136): [INFO:image_raster_worker_pool.cc(75)] [RunOnWorkerThread] --------------
I/chromium( 9136): [INFO:resource_provider.cc(1770)] [StartRaster] allocated=[1] image_id=[841] buffer=[0x82c07000] stride=[1536]
I/chromium( 9136): [INFO:image_raster_worker_pool.cc(75)] [RunOnWorkerThread] --------------
I/chromium( 9136): [INFO:resource_provider.cc(1770)] [StartRaster] allocated=[1] image_id=[788] buffer=[0x8950a000] stride=[1536]
I/chromium( 9136): [INFO:image_raster_worker_pool.cc(75)] [RunOnWorkerThread] --------------
I/chromium( 9136): [INFO:resource_provider.cc(1770)] [StartRaster] allocated=[1] image_id=[851] buffer=[0x84b53000] stride=[1536]
I/chromium( 9136): [INFO:image_raster_worker_pool.cc(75)] [RunOnWorkerThread] --------------
I/chromium( 9136): [INFO:resource_provider.cc(1770)] [StartRaster] allocated=[1] image_id=[480] buffer=[0x83d23000] stride=[1536]
I/chromium( 9136): [INFO:image_raster_worker_pool.cc(75)] [RunOnWorkerThread] --------------
I/chromium( 9136): [INFO:resource_provider.cc(1770)] [StartRaster] allocated=[1] image_id=[939] buffer=[0x8732e000] stride=[1536]
I/chromium( 9136): [INFO:image_raster_worker_pool.cc(75)] [RunOnWorkerThread] --------------
I/chromium( 9136): [INFO:resource_provider.cc(1770)] [StartRaster] allocated=[1] image_id=[724] buffer=[0x8962a000] stride=[1536]
I/chromium( 9136): [INFO:image_raster_worker_pool.cc(75)] [RunOnWorkerThread] --------------
I/chromium( 9136): [INFO:resource_provider.cc(1770)] [StartRaster] allocated=[1] image_id=[667] buffer=[0x82839000] stride=[1536]
I/chromium( 9136): [INFO:image_raster_worker_pool.cc(75)] [RunOnWorkerThread] --------------
I/chromium( 9136): [INFO:resource_provider.cc(1770)] [StartRaster] allocated=[1] image_id=[824] buffer=[0x8c7a0000] stride=[1536]
I/chromium( 9136): [INFO:image_raster_worker_pool.cc(75)] [RunOnWorkerThread] --------------
I/chromium( 9136): [INFO:resource_provider.cc(1770)] [StartRaster] allocated=[1] image_id=[990] buffer=[0x8527c000] stride=[1280]
I/chromium( 9136): [INFO:image_raster_worker_pool.cc(75)] [RunOnWorkerThread] --------------
I/        (  245): [BWC INFO](245): get_bwc_mm_property success
I/chromium( 9136): [INFO:resource_provider.cc(1770)] [StartRaster] allocated=[1] image_id=[678] buffer=[0x86f8b000] stride=[1536]
I/chromium( 9136): [INFO:image_raster_worker_pool.cc(75)] [RunOnWorkerThread] --------------
I/chromium( 9136): [INFO:resource_provider.cc(1770)] [StartRaster] allocated=[1] image_id=[722] buffer=[0x89018000] stride=[1536]
I/chromium( 9136): [INFO:image_raster_worker_pool.cc(75)] [RunOnWorkerThread] --------------
I/chromium( 9136): [INFO:resource_provider.cc(1770)] [StartRaster] allocated=[1] image_id=[888] buffer=[0x83a35000] stride=[1536]
I/chromium( 9136): [INFO:image_raster_worker_pool.cc(75)] [RunOnWorkerThread] --------------
I/chromium( 9136): [INFO:resource_provider.cc(1770)] [StartRaster] allocated=[1] image_id=[520] buffer=[0x88b98000] stride=[1536]
I/chromium( 9136): [INFO:image_raster_worker_pool.cc(75)] [RunOnWorkerThread] --------------
I/chromium( 9136): [INFO:resource_provider.cc(1770)] [StartRaster] allocated=[1] image_id=[899] buffer=[0x851a0000] stride=[1536]
I/chromium( 9136): [INFO:image_raster_worker_pool.cc(75)] [RunOnWorkerThread] --------------
I/chromium( 9136): [INFO:resource_provider.cc(1770)] [StartRaster] allocated=[1] image_id=[886] buffer=[0x82412000] stride=[1536]
I/chromium( 9136): [INFO:image_raster_worker_pool.cc(75)] [RunOnWorkerThread] --------------
I/chromium( 9136): [INFO:resource_provider.cc(1770)] [StartRaster] allocated=[1] image_id=[955] buffer=[0x85ab2000] stride=[1536]
I/chromium( 9136): [INFO:image_raster_worker_pool.cc(75)] [RunOnWorkerThread] --------------
I/chromium( 9136): [INFO:resource_provider.cc(1770)] [StartRaster] allocated=[1] image_id=[848] buffer=[0x83fc7000] stride=[1536]
I/chromium( 9136): [INFO:image_raster_worker_pool.cc(75)] [RunOnWorkerThread] --------------
I/chromium( 9136): [INFO:resource_provider.cc(1770)] [StartRaster] allocated=[1] image_id=[840] buffer=[0x82a79000] stride=[1536]
I/chromium( 9136): [INFO:image_raster_worker_pool.cc(75)] [RunOnWorkerThread] --------------
I/chromium( 9136): [INFO:resource_provider.cc(1770)] [StartRaster] allocated=[1] image_id=[989] buffer=[0x8588f000] stride=[1280]
I/chromium( 9136): [INFO:image_raster_worker_pool.cc(75)] [RunOnWorkerThread] --------------
I/        (  245): [BWC INFO](245): get_bwc_mm_property success
I/NotificationService( 1909): enqueueToast pkg=com.sixty.nidoneClient callback=android.app.ITransientNotification$Stub$Proxy@434bfcc8 duration=0
D/AppOps  ( 1909): noteOperation: allowing code 11 uid 10275 package com.sixty.nidoneClient
D/NotificationService( 1909): Show pkg=com.sixty.nidoneClient callback=android.app.ITransientNotification$Stub$Proxy@434bfcc8
V/ViewRootImpl( 9136): mApplyParallel = false, this = ViewRoot{4394a300 ,ident = 508}
I/chromium( 9136): [INFO:resource_provider.cc(1770)] [StartRaster] allocated=[1] image_id=[954] buffer=[0x8578d000] stride=[1536]
I/chromium( 9136): [INFO:image_raster_worker_pool.cc(75)] [RunOnWorkerThread] --------------
I/chromium( 9136): [INFO:resource_provider.cc(1770)] [StartRaster] allocated=[1] image_id=[683] buffer=[0x8744e000] stride=[1536]
I/chromium( 9136): [INFO:image_raster_worker_pool.cc(75)] [RunOnWorkerThread] --------------
I/chromium( 9136): [INFO:resource_provider.cc(1770)] [StartRaster] allocated=[1] image_id=[715] buffer=[0x8701b000] stride=[1536]
I/chromium( 9136): [INFO:image_raster_worker_pool.cc(75)] [RunOnWorkerThread] --------------
I/chromium( 9136): [INFO:resource_provider.cc(1770)] [StartRaster] allocated=[1] image_id=[948] buffer=[0x82ed7000] stride=[1536]
I/chromium( 9136): [INFO:image_raster_worker_pool.cc(75)] [RunOnWorkerThread] --------------
I/chromium( 9136): [INFO:resource_provider.cc(1770)] [StartRaster] allocated=[1] image_id=[500] buffer=[0x86efb000] stride=[1536]
I/chromium( 9136): [INFO:image_raster_worker_pool.cc(75)] [RunOnWorkerThread] --------------
I/chromium( 9136): [INFO:resource_provider.cc(1770)] [StartRaster] allocated=[1] image_id=[838] buffer=[0x82600000] stride=[1536]
I/chromium( 9136): [INFO:image_raster_worker_pool.cc(75)] [RunOnWorkerThread] --------------
I/chromium( 9136): [INFO:resource_provider.cc(1770)] [StartRaster] allocated=[1] image_id=[816] buffer=[0x8c320000] stride=[1536]
I/chromium( 9136): [INFO:image_raster_worker_pool.cc(75)] [RunOnWorkerThread] --------------
I/chromium( 9136): [INFO:resource_provider.cc(1770)] [StartRaster] allocated=[1] image_id=[798] buffer=[0x8a6b0000] stride=[1536]
I/chromium( 9136): [INFO:image_raster_worker_pool.cc(75)] [RunOnWorkerThread] --------------
I/chromium( 9136): [INFO:resource_provider.cc(1770)] [StartRaster] allocated=[1] image_id=[935] buffer=[0x86703000] stride=[1536]
I/chromium( 9136): [INFO:image_raster_worker_pool.cc(75)] [RunOnWorkerThread] --------------
I/chromium( 9136): [INFO:resource_provider.cc(1770)] [StartRaster] allocated=[1] image_id=[769] buffer=[0x85110000] stride=[1536]
I/chromium( 9136): [INFO:image_raster_worker_pool.cc(75)] [RunOnWorkerThread] --------------
I/chromium( 9136): [INFO:resource_provider.cc(1770)] [StartRaster] allocated=[1] image_id=[940] buffer=[0x873be000] stride=[1536]
I/chromium( 9136): [INFO:image_raster_worker_pool.cc(75)] [RunOnWorkerThread] --------------
I/chromium( 9136): [INFO:resource_provider.cc(1770)] [StartRaster] allocated=[1] image_id=[853] buffer=[0x85600000] stride=[1536]
I/BufferQueue(  245): [unnamed-245-1496](this:0xb7c55c00,id:1496,api:0,p:-1,c:-1) BufferQueue queue=(245:/system/bin/surfaceflinger)
I/BufferQueue(  245): [unnamed-245-1496](this:0xb7c55c00,id:1496,api:0,p:-1,c:245) consumerConnect consumer=(245:/system/bin/surfaceflinger) controlledByApp=false
I/BufferQueue(  245): [unnamed-245-1496](this:0xb7c55c00,id:1496,api:0,p:-1,c:245) setConsumerName: unnamed-245-1496
I/BufferQueue(  245): [Toast](this:0xb7c55c00,id:1496,api:0,p:-1,c:245) setConsumerName: Toast
I/BufferQueue(  245): [Toast](this:0xb7c55c00,id:1496,api:0,p:-1,c:245) setDefaultBufferSize: w=1, h=1
I/chromium( 9136): [INFO:image_raster_worker_pool.cc(75)] [RunOnWorkerThread] --------------
I/chromium( 9136): [INFO:resource_provider.cc(1770)] [StartRaster] allocated=[1] image_id=[825] buffer=[0x8c830000] stride=[1536]
I/chromium( 9136): [INFO:image_raster_worker_pool.cc(75)] [RunOnWorkerThread] --------------
I/chromium( 9136): [INFO:resource_provider.cc(1770)] [StartRaster] allocated=[1] image_id=[472] buffer=[0x82190000] stride=[1536]
I/chromium( 9136): [INFO:image_raster_worker_pool.cc(75)] [RunOnWorkerThread] --------------
I/chromium( 9136): [INFO:resource_provider.cc(1770)] [StartRaster] allocated=[1] image_id=[673] buffer=[0x82c97000] stride=[1536]
I/chromium( 9136): [INFO:image_raster_worker_pool.cc(75)] [RunOnWorkerThread] --------------
I/chromium( 9136): [INFO:resource_provider.cc(1770)] [StartRaster] allocated=[1] image_id=[780] buffer=[0x86673000] stride=[1536]
I/chromium( 9136): [INFO:image_raster_worker_pool.cc(75)] [RunOnWorkerThread] --------------
I/chromium( 9136): [INFO:resource_provider.cc(1770)] [StartRaster] allocated=[1] image_id=[809] buffer=[0x8bf30000] stride=[1536]
I/chromium( 9136): [INFO:image_raster_worker_pool.cc(75)] [RunOnWorkerThread] --------------
I/chromium( 9136): [INFO:resource_provider.cc(1770)] [StartRaster] allocated=[1] image_id=[887] buffer=[0x8278a000] stride=[1536]
I/chromium( 9136): [INFO:image_raster_worker_pool.cc(75)] [RunOnWorkerThread] --------------
I/BufferQueue(  245): [Toast](this:0xb7c55c00,id:1496,api:0,p:-1,c:245) setDefaultBufferSize: w=508, h=130
I/        (  245): [BWC INFO](245): get_bwc_mm_property success
I/SurfaceFlinger(  245): [Built-in Screen (type:0)] fps:16.662382,dur:1080.28,max:134.97,min:16.50
I/        (  245): [BWC INFO](245): get_bwc_mm_property success
I/BufferQueue(  245): [Toast](this:0xb7c55c00,id:1496,api:2,p:9136,c:245) connect: api=2 producer=(9136:com.sixty.nidoneClient) producerControlledByApp=true
I/BufferQueue(  245): [Toast](this:0xb7c55c00,id:1496,api:2,p:9136,c:245) new GraphicBuffer needed
I/[MALI][Gralloc](  245): [MTK]GRALLOC enter alloc_device_alloc()! pHandle=0x0xb7b614f4
I/[MALI][Gralloc](  245): usage: 0x933, format: 0x1 stride: 512 vertical_stride: 130 size: 266240
I/[MALI][Gralloc](  245): [MTK]GRALLOC ready to go ion alloc arrrrrrrrr!!!! pHandle=0x0xb7b614f4
D/GraphicBuffer(  245): alloc, handle(0xb7b92208) (w:508 h:130 s:512 f:0x1 u:0x000933) err(0)
W/GraphicBufferExtra_hal(  245): gralloc extra device setBufInfo(...) is not supported
D/GraphicBuffer( 9136): register, handle(0x7f674ed0) (w:508 h:130 s:512 f:0x1 u:0x000933)
I/chromium( 9136): [INFO:resource_provider.cc(1770)] [StartRaster] allocated=[1] image_id=[996] buffer=[0x83c00000] stride=[1280]
I/chromium( 9136): [INFO:image_raster_worker_pool.cc(75)] [RunOnWorkerThread] --------------
I/BufferQueue(  245): [com.sixty.nidoneClient/com.sixty.nidoneClient.view.activity.SDK_WebApp](this:0xb7b684e0,id:849,api:1,p:9136,c:245) queueBuffer: fps=16.11 dur=1117.24 max=135.20 min=15.79
I/chromium( 9136): [INFO:resource_provider.cc(1770)] [StartRaster] allocated=[1] image_id=[990] buffer=[0x8527c000] stride=[1280]
I/chromium( 9136): [INFO:image_raster_worker_pool.cc(75)] [RunOnWorkerThread] --------------
I/        (  245): [BWC INFO](245): get_bwc_mm_property success
I/BufferQueue(  245): [Magnification Overlay](this:0xb7b912b0,id:5,api:2,p:1909,c:245) queueBuffer: fps=0.35 dur=2818.96 max=2818.96 min=2818.96
I/        (  245): [BWC INFO](245): get_bwc_mm_property success
I/        (  245): [BWC INFO](245): get_bwc_mm_property success
I/BufferQueue(  245): [FrameBufferSurface_0](this:0xb7b2dd48,id:0,api:1,p:245,c:245) queueBuffer: fps=8.42 dur=3325.05 max=2869.41 min=14.33
I/        (  245): [BWC INFO](245): get_bwc_mm_property success
I/        (  245): [BWC INFO](245): get_bwc_mm_property success
I/chromium( 9136): [INFO:resource_provider.cc(1770)] [StartRaster] allocated=[1] image_id=[972] buffer=[0x85f42000] stride=[1536]
I/chromium( 9136): [INFO:image_raster_worker_pool.cc(75)] [RunOnWorkerThread] --------------
I/chromium( 9136): [INFO:resource_provider.cc(1770)] [StartRaster] allocated=[1] image_id=[885] buffer=[0x8205e000] stride=[1536]
I/chromium( 9136): [INFO:image_raster_worker_pool.cc(75)] [RunOnWorkerThread] --------------
I/chromium( 9136): [INFO:resource_provider.cc(1770)] [StartRaster] allocated=[1] image_id=[800] buffer=[0x8bbd0000] stride=[1536]
I/chromium( 9136): [INFO:image_raster_worker_pool.cc(75)] [RunOnWorkerThread] --------------
I/chromium( 9136): [INFO:resource_provider.cc(1770)] [StartRaster] allocated=[1] image_id=[771] buffer=[0x85bd2000] stride=[1536]
I/chromium( 9136): [INFO:image_raster_worker_pool.cc(75)] [RunOnWorkerThread] --------------
I/chromium( 9136): [INFO:resource_provider.cc(1770)] [StartRaster] allocated=[1] image_id=[846] buffer=[0x83db3000] stride=[1536]
I/chromium( 9136): [INFO:image_raster_worker_pool.cc(75)] [RunOnWorkerThread] --------------
I/chromium( 9136): [INFO:resource_provider.cc(1770)] [StartRaster] allocated=[1] image_id=[468] buffer=[0x81863000] stride=[1536]
I/chromium( 9136): [INFO:image_raster_worker_pool.cc(75)] [RunOnWorkerThread] --------------
I/chromium( 9136): [INFO:resource_provider.cc(1770)] [StartRaster] allocated=[1] image_id=[796] buffer=[0x8a590000] stride=[1536]
I/chromium( 9136): [INFO:image_raster_worker_pool.cc(75)] [RunOnWorkerThread] --------------
I/chromium( 9136): [INFO:resource_provider.cc(1770)] [StartRaster] allocated=[1] image_id=[795] buffer=[0x8a500000] stride=[1536]
I/chromium( 9136): [INFO:image_raster_worker_pool.cc(75)] [RunOnWorkerThread] --------------
I/chromium( 9136): [INFO:resource_provider.cc(1770)] [StartRaster] allocated=[1] image_id=[938] buffer=[0x870ab000] stride=[1536]
I/chromium( 9136): [INFO:image_raster_worker_pool.cc(75)] [RunOnWorkerThread] --------------
I/chromium( 9136): [INFO:resource_provider.cc(1770)] [StartRaster] allocated=[1] image_id=[624] buffer=[0x813e2000] stride=[1536]
I/chromium( 9136): [INFO:image_raster_worker_pool.cc(75)] [RunOnWorkerThread] --------------
I/chromium( 9136): [INFO:resource_provider.cc(1770)] [StartRaster] allocated=[1] image_id=[674] buffer=[0x82d27000] stride=[1536]
I/chromium( 9136): [INFO:image_raster_worker_pool.cc(75)] [RunOnWorkerThread] --------------
I/chromium( 9136): [INFO:resource_provider.cc(1770)] [StartRaster] allocated=[1] image_id=[536] buffer=[0x8959a000] stride=[1536]
I/chromium( 9136): [INFO:image_raster_worker_pool.cc(75)] [RunOnWorkerThread] --------------
I/chromium( 9136): [INFO:resource_provider.cc(1770)] [StartRaster] allocated=[1] image_id=[807] buffer=[0x83c90000] stride=[1536]
I/chromium( 9136): [INFO:image_raster_worker_pool.cc(75)] [RunOnWorkerThread] --------------
I/chromium( 9136): [INFO:resource_provider.cc(1770)] [StartRaster] allocated=[1] image_id=[828] buffer=[0x8c9e0000] stride=[1536]
I/chromium( 9136): [INFO:image_raster_worker_pool.cc(75)] [RunOnWorkerThread] --------------
I/chromium( 9136): [INFO:resource_provider.cc(1770)] [StartRaster] allocated=[1] image_id=[897] buffer=[0x82e47000] stride=[1536]
I/chromium( 9136): [INFO:image_raster_worker_pool.cc(75)] [RunOnWorkerThread] --------------
I/chromium( 9136): [INFO:resource_provider.cc(1770)] [StartRaster] allocated=[1] image_id=[847] buffer=[0x83f37000] stride=[1536]
I/        (  245): [BWC INFO](245): get_bwc_mm_property success
I/chromium( 9136): [INFO:image_raster_worker_pool.cc(75)] [RunOnWorkerThread] --------------
I/chromium( 9136): [INFO:resource_provider.cc(1770)] [StartRaster] allocated=[1] image_id=[717] buffer=[0x87712000] stride=[1536]
I/chromium( 9136): [INFO:image_raster_worker_pool.cc(75)] [RunOnWorkerThread] --------------
I/chromium( 9136): [INFO:resource_provider.cc(1770)] [StartRaster] allocated=[1] image_id=[680] buffer=[0x8713b000] stride=[1536]
I/chromium( 9136): [INFO:image_raster_worker_pool.cc(75)] [RunOnWorkerThread] --------------
I/        (  245): [BWC INFO](245): get_bwc_mm_property success
I/chromium( 9136): [INFO:resource_provider.cc(1770)] [StartRaster] allocated=[1] image_id=[995] buffer=[0x8231f000] stride=[1280]
I/chromium( 9136): [INFO:image_raster_worker_pool.cc(75)] [RunOnWorkerThread] --------------
I/chromium( 9136): [INFO:resource_provider.cc(1770)] [StartRaster] allocated=[1] image_id=[989] buffer=[0x8588f000] stride=[1280]
I/chromium( 9136): [INFO:image_raster_worker_pool.cc(75)] [RunOnWorkerThread] --------------
I/        (  245): [BWC INFO](245): get_bwc_mm_property success
I/        (  245): [BWC INFO](245): get_bwc_mm_property success
I/chromium( 9136): [INFO:resource_provider.cc(1770)] [StartRaster] allocated=[1] image_id=[486] buffer=[0x84bff000] stride=[1536]
I/chromium( 9136): [INFO:image_raster_worker_pool.cc(75)] [RunOnWorkerThread] --------------
I/chromium( 9136): [INFO:resource_provider.cc(1770)] [StartRaster] allocated=[1] image_id=[949] buffer=[0x85919000] stride=[1536]
I/chromium( 9136): [INFO:image_raster_worker_pool.cc(75)] [RunOnWorkerThread] --------------
I/chromium( 9136): [INFO:resource_provider.cc(1770)] [StartRaster] allocated=[1] image_id=[560] buffer=[0x89c5e000] stride=[1536]
I/chromium( 9136): [INFO:image_raster_worker_pool.cc(75)] [RunOnWorkerThread] --------------
I/chromium( 9136): [INFO:resource_provider.cc(1770)] [StartRaster] allocated=[1] image_id=[719] buffer=[0x88c28000] stride=[1536]
I/chromium( 9136): [INFO:image_raster_worker_pool.cc(75)] [RunOnWorkerThread] --------------
I/chromium( 9136): [INFO:resource_provider.cc(1770)] [StartRaster] allocated=[1] image_id=[839] buffer=[0x826fa000] stride=[1536]
I/chromium( 9136): [INFO:image_raster_worker_pool.cc(75)] [RunOnWorkerThread] --------------
I/chromium( 9136): [INFO:resource_provider.cc(1770)] [StartRaster] allocated=[1] image_id=[934] buffer=[0x8658a000] stride=[1536]
I/chromium( 9136): [INFO:image_raster_worker_pool.cc(75)] [RunOnWorkerThread] --------------
I/chromium( 9136): [INFO:resource_provider.cc(1770)] [StartRaster] allocated=[1] image_id=[784] buffer=[0x86d00000] stride=[1536]
I/chromium( 9136): [INFO:image_raster_worker_pool.cc(75)] [RunOnWorkerThread] --------------
I/chromium( 9136): [INFO:resource_provider.cc(1770)] [StartRaster] allocated=[1] image_id=[773] buffer=[0x85e12000] stride=[1536]
I/chromium( 9136): [INFO:image_raster_worker_pool.cc(75)] [RunOnWorkerThread] --------------
I/chromium( 9136): [INFO:resource_provider.cc(1770)] [StartRaster] allocated=[1] image_id=[799] buffer=[0x8a740000] stride=[1536]
I/chromium( 9136): [INFO:image_raster_worker_pool.cc(75)] [RunOnWorkerThread] --------------
I/        (  245): [BWC INFO](245): get_bwc_mm_property success
I/chromium( 9136): [INFO:resource_provider.cc(1770)] [StartRaster] allocated=[1] image_id=[996] buffer=[0x83c00000] stride=[1280]
I/chromium( 9136): [INFO:image_raster_worker_pool.cc(75)] [RunOnWorkerThread] --------------
I/        (  245): [BWC INFO](245): get_bwc_mm_property success
I/        (  245): [BWC INFO](245): get_bwc_mm_property success
I/        (  245): [BWC INFO](245): get_bwc_mm_property success
I/chromium( 9136): [INFO:resource_provider.cc(1770)] [StartRaster] allocated=[1] image_id=[548] buffer=[0x85b42000] stride=[1536]
I/chromium( 9136): [INFO:image_raster_worker_pool.cc(75)] [RunOnWorkerThread] --------------
I/chromium( 9136): [INFO:resource_provider.cc(1770)] [StartRaster] allocated=[1] image_id=[726] buffer=[0x8986e000] stride=[1536]
I/chromium( 9136): [INFO:image_raster_worker_pool.cc(75)] [RunOnWorkerThread] --------------
I/chromium( 9136): [INFO:resource_provider.cc(1770)] [StartRaster] allocated=[1] image_id=[883] buffer=[0x829c7000] stride=[1536]
I/chromium( 9136): [INFO:image_raster_worker_pool.cc(75)] [RunOnWorkerThread] --------------
I/chromium( 9136): [INFO:resource_provider.cc(1770)] [StartRaster] allocated=[1] image_id=[941] buffer=[0x87682000] stride=[1536]
I/chromium( 9136): [INFO:image_raster_worker_pool.cc(75)] [RunOnWorkerThread] --------------
I/chromium( 9136): [INFO:resource_provider.cc(1770)] [StartRaster] allocated=[1] image_id=[852] buffer=[0x84ef2000] stride=[1536]
I/chromium( 9136): [INFO:image_raster_worker_pool.cc(75)] [RunOnWorkerThread] --------------
I/chromium( 9136): [INFO:resource_provider.cc(1770)] [StartRaster] allocated=[1] image_id=[567] buffer=[0x8a1b0000] stride=[1536]
I/chromium( 9136): [INFO:image_raster_worker_pool.cc(75)] [RunOnWorkerThread] --------------
I/chromium( 9136): [INFO:resource_provider.cc(1770)] [StartRaster] allocated=[1] image_id=[827] buffer=[0x8c950000] stride=[1536]
I/chromium( 9136): [INFO:image_raster_worker_pool.cc(75)] [RunOnWorkerThread] --------------
I/chromium( 9136): [INFO:resource_provider.cc(1770)] [StartRaster] allocated=[1] image_id=[950] buffer=[0x85a22000] stride=[1536]
I/chromium( 9136): [INFO:image_raster_worker_pool.cc(75)] [RunOnWorkerThread] --------------
I/chromium( 9136): [INFO:resource_provider.cc(1770)] [StartRaster] allocated=[1] image_id=[841] buffer=[0x82c07000] stride=[1536]
I/chromium( 9136): [INFO:image_raster_worker_pool.cc(75)] [RunOnWorkerThread] --------------
I/        (  245): [BWC INFO](245): get_bwc_mm_property success
I/chromium( 9136): [INFO:resource_provider.cc(1770)] [StartRaster] allocated=[1] image_id=[990] buffer=[0x8527c000] stride=[1280]
I/chromium( 9136): [INFO:image_raster_worker_pool.cc(75)] [RunOnWorkerThread] --------------
I/        (  245): [BWC INFO](245): get_bwc_mm_property success
I/        (  245): [BWC INFO](245): get_bwc_mm_property success
I/chromium( 9136): [INFO:resource_provider.cc(1770)] [StartRaster] allocated=[1] image_id=[788] buffer=[0x8950a000] stride=[1536]
I/chromium( 9136): [INFO:image_raster_worker_pool.cc(75)] [RunOnWorkerThread] --------------
I/chromium( 9136): [INFO:resource_provider.cc(1770)] [StartRaster] allocated=[1] image_id=[851] buffer=[0x84b53000] stride=[1536]
I/        (  245): [BWC INFO](245): get_bwc_mm_property success
I/chromium( 9136): [INFO:image_raster_worker_pool.cc(75)] [RunOnWorkerThread] --------------
I/chromium( 9136): [INFO:resource_provider.cc(1770)] [StartRaster] allocated=[1] image_id=[480] buffer=[0x83d23000] stride=[1536]
I/chromium( 9136): [INFO:image_raster_worker_pool.cc(75)] [RunOnWorkerThread] --------------
I/chromium( 9136): [INFO:resource_provider.cc(1770)] [StartRaster] allocated=[1] image_id=[939] buffer=[0x8732e000] stride=[1536]
I/chromium( 9136): [INFO:image_raster_worker_pool.cc(75)] [RunOnWorkerThread] --------------
I/chromium( 9136): [INFO:resource_provider.cc(1770)] [StartRaster] allocated=[1] image_id=[724] buffer=[0x8962a000] stride=[1536]
I/chromium( 9136): [INFO:image_raster_worker_pool.cc(75)] [RunOnWorkerThread] --------------
I/chromium( 9136): [INFO:resource_provider.cc(1770)] [StartRaster] allocated=[1] image_id=[667] buffer=[0x82839000] stride=[1536]
I/chromium( 9136): [INFO:image_raster_worker_pool.cc(75)] [RunOnWorkerThread] --------------
I/chromium( 9136): [INFO:resource_provider.cc(1770)] [StartRaster] allocated=[1] image_id=[824] buffer=[0x8c7a0000] stride=[1536]
I/chromium( 9136): [INFO:image_raster_worker_pool.cc(75)] [RunOnWorkerThread] --------------
I/chromium( 9136): [INFO:resource_provider.cc(1770)] [StartRaster] allocated=[1] image_id=[816] buffer=[0x8c320000] stride=[1536]
I/chromium( 9136): [INFO:image_raster_worker_pool.cc(75)] [RunOnWorkerThread] --------------
I/chromium( 9136): [INFO:resource_provider.cc(1770)] [StartRaster] allocated=[1] image_id=[935] buffer=[0x86703000] stride=[1536]
I/chromium( 9136): [INFO:image_raster_worker_pool.cc(75)] [RunOnWorkerThread] --------------
I/        (  245): [BWC INFO](245): get_bwc_mm_property success
I/chromium( 9136): [INFO:resource_provider.cc(1770)] [StartRaster] allocated=[1] image_id=[995] buffer=[0x8231f000] stride=[1280]
I/chromium( 9136): [INFO:image_raster_worker_pool.cc(75)] [RunOnWorkerThread] --------------
I/chromium( 9136): [INFO:resource_provider.cc(1770)] [StartRaster] allocated=[1] image_id=[940] buffer=[0x873be000] stride=[1536]
I/chromium( 9136): [INFO:image_raster_worker_pool.cc(75)] [RunOnWorkerThread] --------------
I/chromium( 9136): [INFO:resource_provider.cc(1770)] [StartRaster] allocated=[1] image_id=[825] buffer=[0x8c830000] stride=[1536]
I/chromium( 9136): [INFO:image_raster_worker_pool.cc(75)] [RunOnWorkerThread] --------------
I/chromium( 9136): [INFO:resource_provider.cc(1770)] [StartRaster] allocated=[1] image_id=[673] buffer=[0x82c97000] stride=[1536]
I/chromium( 9136): [INFO:image_raster_worker_pool.cc(75)] [RunOnWorkerThread] --------------
I/        (  245): [BWC INFO](245): get_bwc_mm_property success
I/chromium( 9136): [INFO:resource_provider.cc(1770)] [StartRaster] allocated=[1] image_id=[809] buffer=[0x8bf30000] stride=[1536]
I/chromium( 9136): [INFO:image_raster_worker_pool.cc(75)] [RunOnWorkerThread] --------------
I/chromium( 9136): [INFO:resource_provider.cc(1770)] [StartRaster] allocated=[1] image_id=[946] buffer=[0x82220000] stride=[1536]
I/chromium( 9136): [INFO:image_raster_worker_pool.cc(75)] [RunOnWorkerThread] --------------
I/chromium( 9136): [INFO:resource_provider.cc(1770)] [StartRaster] allocated=[1] image_id=[947] buffer=[0x82db7000] stride=[1536]
I/chromium( 9136): [INFO:image_raster_worker_pool.cc(75)] [RunOnWorkerThread] --------------
I/chromium( 9136): [INFO:resource_provider.cc(1770)] [StartRaster] allocated=[1] image_id=[540] buffer=[0x898fe000] stride=[1536]
I/chromium( 9136): [INFO:image_raster_worker_pool.cc(75)] [RunOnWorkerThread] --------------
I/chromium( 9136): [INFO:resource_provider.cc(1770)] [StartRaster] allocated=[1] image_id=[678] buffer=[0x86f8b000] stride=[1536]
