D/WindowManager( 1909): interceptKeyTi keyCode=19 down=false repeatCount=0 keyguardOn=false mHomePressed=false canceled=false metaState:0
I/        (  245): [BWC INFO](245): get_bwc_mm_property success
V/Provider/Settings( 1909): get setting for user 0 by user 0 so skipping cache
V/Provider/Settings( 1909):  from settings cache , name = enabled_input_methods , value = com.sohu.inputmethod.sogouoem/.SogouIME
V/Provider/Settings( 1909): get setting for user 0 by user 0 so skipping cache
V/Provider/Settings( 1909):  from settings cache , name = enabled_input_methods , value = com.sohu.inputmethod.sogouoem/.SogouIME
D/WindowManager( 1909): interceptKeyTq: result=1 keycode=22 screenIsOn=true keyguardActive=false policyFlags = #b000000 down =true canceled = false isWakeKey=false mVolumeDownKeyTriggered =false mVolumeUpKeyTriggered =false
D/WindowManager( 1909): interceptKeyTi keyCode=22 down=true repeatCount=0 keyguardOn=false mHomePressed=false canceled=false metaState:0
D/WindowManager( 1909): interceptKeyTq: result=1 keycode=22 screenIsOn=true keyguardActive=false policyFlags = #b000000 down =false canceled = false isWakeKey=false mVolumeDownKeyTriggered =false mVolumeUpKeyTriggered =false
D/WindowManager( 1909): interceptKeyTi keyCode=22 down=false repeatCount=0 keyguardOn=false mHomePressed=false canceled=false metaState:0
I/chromium( 9136): [INFO:resource_provider.cc(1770)] [StartRaster] allocated=[1] image_id=[722] buffer=[0x89018000] stride=[1536]
I/chromium( 9136): [INFO:image_raster_worker_pool.cc(75)] [RunOnWorkerThread] --------------
I/chromium( 9136): [INFO:resource_provider.cc(1770)] [StartRaster] allocated=[1] image_id=[789] buffer=[0x897de000] stride=[1536]
I/chromium( 9136): [INFO:image_raster_worker_pool.cc(75)] [RunOnWorkerThread] --------------
I/chromium( 9136): [INFO:resource_provider.cc(1770)] [StartRaster] allocated=[1] image_id=[849] buffer=[0x819c0000] stride=[256]
I/chromium( 9136): [INFO:image_raster_worker_pool.cc(75)] [RunOnWorkerThread] --------------
I/chromium( 9136): [INFO:resource_provider.cc(1770)] [StartRaster] allocated=[1] image_id=[660] buffer=[0x85ab2000] stride=[1536]
I/chromium( 9136): [INFO:image_raster_worker_pool.cc(75)] [RunOnWorkerThread] --------------
I/chromium( 9136): [INFO:resource_provider.cc(1770)] [StartRaster] allocated=[1] image_id=[667] buffer=[0x82839000] stride=[1536]
I/chromium( 9136): [INFO:image_raster_worker_pool.cc(75)] [RunOnWorkerThread] --------------
I/chromium( 9136): [INFO:resource_provider.cc(1770)] [StartRaster] allocated=[1] image_id=[788] buffer=[0x8950a000] stride=[1536]
I/chromium( 9136): [INFO:image_raster_worker_pool.cc(75)] [RunOnWorkerThread] --------------
I/chromium( 9136): [INFO:resource_provider.cc(1770)] [StartRaster] allocated=[1] image_id=[827] buffer=[0x8c950000] stride=[1536]
I/chromium( 9136): [INFO:image_raster_worker_pool.cc(75)] [RunOnWorkerThread] --------------
I/chromium( 9136): [INFO:resource_provider.cc(1770)] [StartRaster] allocated=[1] image_id=[824] buffer=[0x8c7a0000] stride=[1536]
I/chromium( 9136): [INFO:image_raster_worker_pool.cc(75)] [RunOnWorkerThread] --------------
I/chromium( 9136): [INFO:resource_provider.cc(1770)] [StartRaster] allocated=[1] image_id=[624] buffer=[0x813e2000] stride=[1536]
I/chromium( 9136): [INFO:image_raster_worker_pool.cc(75)] [RunOnWorkerThread] --------------
I/chromium( 9136): [INFO:resource_provider.cc(1770)] [StartRaster] allocated=[1] image_id=[726] buffer=[0x8986e000] stride=[1536]
D/WindowManager( 1909): interceptKeyTq: result=1 keycode=22 screenIsOn=true keyguardActive=false policyFlags = #b000000 down =true canceled = false isWakeKey=false mVolumeDownKeyTriggered =false mVolumeUpKeyTriggered =false
I/chromium( 9136): [INFO:image_raster_worker_pool.cc(75)] [RunOnWorkerThread] --------------
D/WindowManager( 1909): interceptKeyTi keyCode=22 down=true repeatCount=0 keyguardOn=false mHomePressed=false canceled=false metaState:0
I/chromium( 9136): [INFO:resource_provider.cc(1770)] [StartRaster] allocated=[1] image_id=[773] buffer=[0x85e12000] stride=[1536]
I/chromium( 9136): [INFO:image_raster_worker_pool.cc(75)] [RunOnWorkerThread] --------------
I/chromium( 9136): [INFO:resource_provider.cc(1770)] [StartRaster] allocated=[1] image_id=[778] buffer=[0x8646a000] stride=[1536]
I/chromium( 9136): [INFO:image_raster_worker_pool.cc(75)] [RunOnWorkerThread] --------------
I/chromium( 9136): [INFO:resource_provider.cc(1770)] [StartRaster] allocated=[1] image_id=[548] buffer=[0x85b42000] stride=[1536]
I/chromium( 9136): [INFO:image_raster_worker_pool.cc(75)] [RunOnWorkerThread] --------------
I/chromium( 9136): [INFO:resource_provider.cc(1770)] [StartRaster] allocated=[1] image_id=[784] buffer=[0x86d00000] stride=[1536]
I/chromium( 9136): [INFO:image_raster_worker_pool.cc(75)] [RunOnWorkerThread] --------------
I/chromium( 9136): [INFO:resource_provider.cc(1770)] [StartRaster] allocated=[1] image_id=[828] buffer=[0x8c9e0000] stride=[1536]
W/UnimplementedWebViewApi( 9136): Unimplemented WebView method onKeyMultiple called from: android.webkit.WebView.onKeyMultiple(WebView.java:2273)
I/chromium( 9136): [INFO:image_raster_worker_pool.cc(75)] [RunOnWorkerThread] --------------
I/chromium( 9136): [INFO:resource_provider.cc(1770)] [StartRaster] allocated=[1] image_id=[520] buffer=[0x88b98000] stride=[1536]
W/UnimplementedWebViewApi( 9136): Unimplemented WebView method onKeyDown called from: android.webkit.WebView.onKeyDown(WebView.java:2263)
I/chromium( 9136): [INFO:image_raster_worker_pool.cc(75)] [RunOnWorkerThread] --------------
I/chromium( 9136): [INFO:resource_provider.cc(1770)] [StartRaster] allocated=[1] image_id=[838] buffer=[0x82600000] stride=[1536]
D/WindowManager( 1909): interceptKeyTq: result=1 keycode=22 screenIsOn=true keyguardActive=false policyFlags = #b000000 down =false canceled = false isWakeKey=false mVolumeDownKeyTriggered =false mVolumeUpKeyTriggered =false
D/WindowManager( 1909): interceptKeyTi keyCode=22 down=false repeatCount=0 keyguardOn=false mHomePressed=false canceled=false metaState:0
I/chromium( 9136): [INFO:image_raster_worker_pool.cc(75)] [RunOnWorkerThread] --------------
I/chromium( 9136): [INFO:resource_provider.cc(1770)] [StartRaster] allocated=[1] image_id=[500] buffer=[0x86efb000] stride=[1536]
I/chromium( 9136): [INFO:image_raster_worker_pool.cc(75)] [RunOnWorkerThread] --------------
I/chromium( 9136): [INFO:resource_provider.cc(1770)] [StartRaster] allocated=[1] image_id=[819] buffer=[0x8c4d0000] stride=[1536]
I/chromium( 9136): [INFO:image_raster_worker_pool.cc(75)] [RunOnWorkerThread] --------------
I/chromium( 9136): [INFO:resource_provider.cc(1770)] [StartRaster] allocated=[1] image_id=[855] buffer=[0x81f28000] stride=[256]
I/chromium( 9136): [INFO:image_raster_worker_pool.cc(75)] [RunOnWorkerThread] --------------
I/chromium( 9136): [INFO:resource_provider.cc(1770)] [StartRaster] allocated=[1] image_id=[845] buffer=[0x83ea7000] stride=[1536]
I/chromium( 9136): [INFO:image_raster_worker_pool.cc(75)] [RunOnWorkerThread] --------------
I/chromium( 9136): [INFO:resource_provider.cc(1770)] [StartRaster] allocated=[1] image_id=[495] buffer=[0x8578d000] stride=[1536]
I/chromium( 9136): [INFO:image_raster_worker_pool.cc(75)] [RunOnWorkerThread] --------------
I/chromium( 9136): [INFO:resource_provider.cc(1770)] [StartRaster] allocated=[1] image_id=[825] buffer=[0x8c830000] stride=[1536]
I/chromium( 9136): [INFO:image_raster_worker_pool.cc(75)] [RunOnWorkerThread] --------------
I/chromium( 9136): [INFO:resource_provider.cc(1770)] [StartRaster] allocated=[1] image_id=[472] buffer=[0x82190000] stride=[1536]
I/chromium( 9136): [INFO:image_raster_worker_pool.cc(75)] [RunOnWorkerThread] --------------
I/chromium( 9136): [INFO:resource_provider.cc(1770)] [StartRaster] allocated=[1] image_id=[798] buffer=[0x8a6b0000] stride=[1536]
I/chromium( 9136): [INFO:image_raster_worker_pool.cc(75)] [RunOnWorkerThread] --------------
I/chromium( 9136): [INFO:resource_provider.cc(1770)] [StartRaster] allocated=[1] image_id=[724] buffer=[0x8962a000] stride=[1536]
I/chromium( 9136): [INFO:image_raster_worker_pool.cc(75)] [RunOnWorkerThread] --------------
I/chromium( 9136): [INFO:resource_provider.cc(1770)] [StartRaster] allocated=[1] image_id=[727] buffer=[0x8998e000] stride=[1536]
I/chromium( 9136): [INFO:image_raster_worker_pool.cc(75)] [RunOnWorkerThread] --------------
I/chromium( 9136): [INFO:resource_provider.cc(1770)] [StartRaster] allocated=[1] image_id=[847] buffer=[0x83f37000] stride=[1536]
I/chromium( 9136): [INFO:image_raster_worker_pool.cc(75)] [RunOnWorkerThread] --------------
I/chromium( 9136): [INFO:resource_provider.cc(1770)] [StartRaster] allocated=[1] image_id=[692] buffer=[0x85919000] stride=[1536]
I/chromium( 9136): [INFO:image_raster_worker_pool.cc(75)] [RunOnWorkerThread] --------------
D/AndroidRuntime(14105): 
D/AndroidRuntime(14105): >>>>>> AndroidRuntime START com.android.internal.os.RuntimeInit <<<<<<
D/AndroidRuntime(14105): CheckJNI is OFF
D/AndroidRuntime(14105): language=-Duser.language=zh region=-Duser.region=CN
D/dalvikvm(14105): boot class : 
D/dalvikvm(14105):   (0) core.jar
D/dalvikvm(14105):   (1) conscrypt.jar
D/dalvikvm(14105):   (2) okhttp.jar
D/dalvikvm(14105):   (3) core-junit.jar
D/dalvikvm(14105):   (4) bouncycastle.jar
D/dalvikvm(14105):   (5) ext.jar
D/dalvikvm(14105):   (6) framework.jar
D/dalvikvm(14105):   (7) framework2.jar
D/dalvikvm(14105):   (8) telephony-common.jar
D/dalvikvm(14105):   (9) voip-common.jar
D/dalvikvm(14105):   (10) mms-common.jar
D/dalvikvm(14105):   (11) android.policy.jar
D/dalvikvm(14105):   (12) services.jar
D/dalvikvm(14105):   (13) apache-xml.jar
D/dalvikvm(14105):   (14) webviewchromium.jar
D/dalvikvm(14105):   (15) mediatek-common.jar
D/dalvikvm(14105):   (16) mediatek-framework.jar
D/dalvikvm(14105):   (17) CustomProperties.jar
D/dalvikvm(14105):   (18) mediatek-telephony-common.jar
D/dalvikvm(14105):   (19) mediatek-tablet.jar
D/dalvikvm(14105):   (20) oppo-framework.jar
D/dalvikvm(14105):   (21) am.jar
D/dalvikvm( 9136): GC_CONCURRENT freed 6797K (79302), 52% free 17341K/36112K, paused 5ms+5ms, total 89ms
D/dalvikvm(14105): threadid=1: interp stack at 0x6d9b7000
D/dalvikvm(14105): dvmJarFileOpen: /system/framework/core.jar
D/ReserveFileInData(14111): Total_size = 12702646272 B = 12404928 KB = 12114 MB = 11 GB
D/dalvikvm(14105): dvmJarFileOpen: /system/framework/conscrypt.jar
D/ReserveFileInData(14111): Disk_free = 8944 MB = 8 GB
D/ReserveFileInData(14111): Disk_available = 8928 MB = 8 GB
D/ReserveFileInData(14111): availDataSize is 8928
D/dalvikvm(14105): dvmJarFileOpen: /system/framework/okhttp.jar
D/dalvikvm(14105): dvmJarFileOpen: /system/framework/core-junit.jar
D/dalvikvm(14105): dvmJarFileOpen: /system/framework/bouncycastle.jar
D/dalvikvm(14105): dvmJarFileOpen: /system/framework/ext.jar
D/dalvikvm(14105): dvmJarFileOpen: /system/framework/framework.jar
D/dalvikvm(14105): dvmJarFileOpen: /system/framework/framework2.jar
D/dalvikvm(14105): dvmJarFileOpen: /system/framework/telephony-common.jar
D/dalvikvm(14105): dvmJarFileOpen: /system/framework/voip-common.jar
D/dalvikvm(14105): dvmJarFileOpen: /system/framework/mms-common.jar
D/dalvikvm(14105): dvmJarFileOpen: /system/framework/android.policy.jar
D/dalvikvm(14105): dvmJarFileOpen: /system/framework/services.jar
D/dalvikvm(14105): dvmJarFileOpen: /system/framework/apache-xml.jar
D/dalvikvm(14105): dvmJarFileOpen: /system/framework/webviewchromium.jar
D/dalvikvm(14105): dvmJarFileOpen: /system/framework/mediatek-common.jar
D/dalvikvm(14105): dvmJarFileOpen: /system/framework/mediatek-framework.jar
D/dalvikvm(14105): dvmJarFileOpen: /system/framework/CustomProperties.jar
I/chromium( 9136): [INFO:resource_provider.cc(1770)] [StartRaster] allocated=[1] image_id=[871] buffer=[0x7f763000] stride=[256]
D/dalvikvm(14105): dvmJarFileOpen: /system/framework/mediatek-telephony-common.jar
I/chromium( 9136): [INFO:image_raster_worker_pool.cc(75)] [RunOnWorkerThread] --------------
D/dalvikvm(14105): dvmJarFileOpen: /system/framework/mediatek-tablet.jar
I/chromium( 9136): [INFO:resource_provider.cc(1770)] [StartRaster] allocated=[1] image_id=[872] buffer=[0x8115f000] stride=[1280]
D/dalvikvm(14105): dvmJarFileOpen: /system/framework/oppo-framework.jar
D/dalvikvm(14105): open_cached_dex_file : /system/framework/oppo-framework.jar /data/dalvik-cache/system@framework@oppo-framework.jar@classes.dex
D/dalvikvm(14105): process bootclasspath ex!!
D/dalvikvm(14105): dvmJarFileOpen: /system/framework/mediatek-op.jar
D/dalvikvm(14105): open_cached_dex_file : /system/framework/mediatek-op.jar /data/dalvik-cache/system@framework@mediatek-op.jar@classes.dex
D/WindowManager( 1909): interceptKeyTq: result=1 keycode=190 screenIsOn=true keyguardActive=false policyFlags = #b000000 down =true canceled = false isWakeKey=false mVolumeDownKeyTriggered =false mVolumeUpKeyTriggered =false
I/chromium( 9136): [INFO:image_raster_worker_pool.cc(75)] [RunOnWorkerThread] --------------
I/chromium( 9136): [INFO:resource_provider.cc(1770)] [StartRaster] allocated=[1] image_id=[878] buffer=[0x81ffa000] stride=[1280]
D/WindowManager( 1909): interceptKeyTi keyCode=190 down=true repeatCount=0 keyguardOn=false mHomePressed=false canceled=false metaState:0
I/chromium( 9136): [INFO:image_raster_worker_pool.cc(75)] [RunOnWorkerThread] --------------
I/chromium( 9136): [INFO:resource_provider.cc(1770)] [StartRaster] allocated=[1] image_id=[869] buffer=[0x8278a000] stride=[1280]
I/chromium( 9136): [INFO:image_raster_worker_pool.cc(75)] [RunOnWorkerThread] --------------
D/WindowManager( 1909): interceptKeyTq: result=1 keycode=190 screenIsOn=true keyguardActive=false policyFlags = #b000000 down =false canceled = false isWakeKey=false mVolumeDownKeyTriggered =false mVolumeUpKeyTriggered =false
D/WindowManager( 1909): interceptKeyTi keyCode=190 down=false repeatCount=0 keyguardOn=false mHomePressed=false canceled=false metaState:0
D/dalvikvm(14105): Trying to load lib libjavacore.so 0x0
D/dalvikvm(14105): Added shared lib libjavacore.so 0x0
I/        (  245): [BWC INFO](245): get_bwc_mm_property success
D/dalvikvm(14105): Trying to load lib libnativehelper.so 0x0
D/dalvikvm(14105): Added shared lib libnativehelper.so 0x0
D/dalvikvm(14105): No JNI_OnLoad found in libnativehelper.so 0x0, skipping init
D/OppoPhoneWindowManager( 1909): proximityDetectCanceled = true
D/OppoScreenOffGestureManager( 1909): -----  return
D/dalvikvm(14105): +++ finishing prep on main VM thread
D/WebView ( 9136): evaluateJavascript=javascript:(function(w,n){try{var plus=((w.__html5plus__&&w.__html5plus__.isReady)?w.__html5plus__:(n.plus&&n.plus.isReady)?n.plus:window.plus);var result= {};result.status = 1;result.message = {"features":["barcode","accelerometer","device","downloader","socketpluginservice","nativeobj","console","payment","invocation","xmlhttprequest","contacts","zip","uploader","gallery","orientation","camera","runtime","file","events","cache","geolocation","storage","webview","ui","irdapluginservice","proximity","navigator","audio","speech","robotxbpluginctrl","nativeui"],"author":"","appid":"com.sixty.nidoneClient","email":"","description":"","name":"","version":"2.3.23"};result.keepCallback = false;plus && plus.bridge.callbackFromNative('plus141513761131054', result);}catch(e){console.error(e)};})(window,navigator);
D/WindowManager( 1909): interceptKeyTq: result=1 keycode=134 screenIsOn=true keyguardActive=false policyFlags = #b000000 down =true canceled = false isWakeKey=false mVolumeDownKeyTriggered =false mVolumeUpKeyTriggered =false
D/WindowManager( 1909): interceptKeyTi keyCode=134 down=true repeatCount=0 keyguardOn=false mHomePressed=false canceled=false metaState:0
D/WindowManager( 1909): interceptKeyTq: result=1 keycode=134 screenIsOn=true keyguardActive=false policyFlags = #b000000 down =false canceled = false isWakeKey=false mVolumeDownKeyTriggered =false mVolumeUpKeyTriggered =false
D/WindowManager( 1909): interceptKeyTi keyCode=134 down=false repeatCount=0 keyguardOn=false mHomePressed=false canceled=false metaState:0
D/WindowManager( 1909): interceptKeyTq: result=1 keycode=21 screenIsOn=true keyguardActive=false policyFlags = #b000000 down =true canceled = false isWakeKey=false mVolumeDownKeyTriggered =false mVolumeUpKeyTriggered =false
D/WindowManager( 1909): interceptKeyTi keyCode=21 down=true repeatCount=0 keyguardOn=false mHomePressed=false canceled=false metaState:0
D/WindowManager( 1909): interceptKeyTq: result=1 keycode=21 screenIsOn=true keyguardActive=false policyFlags = #b000000 down =false canceled = false isWakeKey=false mVolumeDownKeyTriggered =false mVolumeUpKeyTriggered =false
D/WindowManager( 1909): interceptKeyTi keyCode=21 down=false repeatCount=0 keyguardOn=false mHomePressed=false canceled=false metaState:0
D/dalvikvm(14105): dvmJarFileOpen: /system/framework/wm.jar
I/dalvikvm(14105): DexOpt: mismatch dep name: '/data/dalvik-cache/system@framework@oppo-framework.jar@classes.dex' vs. '/system/framework/oppo-framework.odex'
D/dalvikvm(14105): == DexOpt: numDeps = 21
D/dalvikvm(14105): 0 : /system/framework/core.odex /system/framework/core.odex
D/dalvikvm(14105): 1 : /system/framework/conscrypt.odex /system/framework/conscrypt.odex
D/dalvikvm(14105): 2 : /system/framework/okhttp.odex /system/framework/okhttp.odex
D/dalvikvm(14105): 3 : /system/framework/core-junit.odex /system/framework/core-junit.odex
D/dalvikvm(14105): 4 : /system/framework/bouncycastle.odex /system/framework/bouncycastle.odex
D/dalvikvm(14105): 5 : /system/framework/ext.odex /system/framework/ext.odex
D/dalvikvm(14105): 6 : /system/framework/framework.odex /system/framework/framework.odex
D/dalvikvm(14105): 7 : /system/framework/framework2.odex /system/framework/framework2.odex
D/dalvikvm(14105): 8 : /system/framework/telephony-common.odex /system/framework/telephony-common.odex
D/dalvikvm(14105): 9 : /system/framework/voip-common.odex /system/framework/voip-common.odex
D/dalvikvm(14105): 10 : /system/framework/mms-common.odex /system/framework/mms-common.odex
D/dalvikvm(14105): 11 : /system/framework/android.policy.odex /system/framework/android.policy.odex
D/dalvikvm(14105): 12 : /system/framework/services.odex /system/framework/services.odex
D/dalvikvm(14105): 13 : /system/framework/apache-xml.odex /system/framework/apache-xml.odex
D/dalvikvm(14105): 14 : /system/framework/webviewchromium.odex /system/framework/webviewchromium.odex
D/dalvikvm(14105): 15 : /system/framework/mediatek-common.odex /system/framework/mediatek-common.odex
D/dalvikvm(14105): 16 : /system/framework/mediatek-framework.odex /system/framework/mediatek-framework.odex
D/dalvikvm(14105): 17 : /system/framework/CustomProperties.odex /system/framework/CustomProperties.odex
D/dalvikvm(14105): 18 : /system/framework/mediatek-telephony-common.odex /system/framework/mediatek-telephony-common.odex
D/dalvikvm(14105): 19 : /system/framework/mediatek-tablet.odex /system/framework/mediatek-tablet.odex
D/dalvikvm(14105): 20 : /system/framework/oppo-framework.odex /system/framework/oppo-framework.odex
D/dalvikvm(14105): 21 : NULL NULL
E/dalvikvm(14105): /system/framework/wm.jar odex has stale dependencies
D/dalvikvm(14105): open_cached_dex_file : /system/framework/wm.jar /data/dalvik-cache/system@framework@wm.jar@classes.dex
D/dalvikvm(14105): create interp thread : stack size=128KB
D/dalvikvm(14105): create new thread
D/dalvikvm(14105): new thread created
D/dalvikvm(14105): update thread list
D/dalvikvm(14105): threadid=2: interp stack at 0x72f00000
D/dalvikvm(14105): threadid=2: created from interp
D/dalvikvm(14105): start new thread
D/dalvikvm(14105): threadid=2: notify debugger
D/dalvikvm(14105): threadid=2 (ReferenceQueueDaemon): calling run()
D/dalvikvm(14105): create interp thread : stack size=128KB
D/dalvikvm(14105): create new thread
D/dalvikvm(14105): new thread created
D/dalvikvm(14105): update thread list
D/dalvikvm(14105): threadid=3: interp stack at 0x73020000
D/dalvikvm(14105): threadid=3: created from interp
D/dalvikvm(14105): start new thread
D/dalvikvm(14105): threadid=3: notify debugger
D/dalvikvm(14105): threadid=3 (FinalizerDaemon): calling run()
D/dalvikvm(14105): create interp thread : stack size=128KB
D/dalvikvm(14105): create new thread
D/dalvikvm(14105): new thread created
D/dalvikvm(14105): update thread list
D/dalvikvm(14105): threadid=4: interp stack at 0x73140000
D/dalvikvm(14105): threadid=4: created from interp
D/dalvikvm(14105): start new thread
D/dalvikvm(14105): threadid=4: notify debugger
D/dalvikvm(14105): threadid=4 (FinalizerWatchdogDaemon): calling run()
D/dalvikvm(14105): threadid=5: interp stack at 0x73362000
D/dalvikvm(14105): threadid=6: interp stack at 0x73483000
D/dalvikvm(14105): Elevating priority from 0 to -8
D/jdwp    (14105): prepping for JDWP over ADB
D/dalvikvm(14105): threadid=7: interp stack at 0x735a6000
D/jdwp    (14105): JDWP: thread running
D/dalvikvm(14105): threadid=8: interp stack at 0x736c7000
D/jdwp    (14105): trying to receive file descriptor from ADB
D/ADB_SERVICES( 8271): Adding socket 26 pid 14105 to jdwp process list
D/WindowManager( 1909): interceptKeyTq: result=1 keycode=19 screenIsOn=true keyguardActive=false policyFlags = #b000000 down =true canceled = false isWakeKey=false mVolumeDownKeyTriggered =false mVolumeUpKeyTriggered =false
D/WindowManager( 1909): interceptKeyTi keyCode=19 down=true repeatCount=0 keyguardOn=false mHomePressed=false canceled=false metaState:0
D/dalvikvm(14105): Note: class Landroid/app/ActivityManagerNative; has 194 unimplemented (abstract) methods
D/WindowManager( 1909): interceptKeyTq: result=1 keycode=19 screenIsOn=true keyguardActive=false policyFlags = #b000000 down =false canceled = false isWakeKey=false mVolumeDownKeyTriggered =false mVolumeUpKeyTriggered =false
D/WindowManager( 1909): interceptKeyTi keyCode=19 down=false repeatCount=0 keyguardOn=false mHomePressed=false canceled=false metaState:0
W/UnimplementedWebViewApi( 9136): Unimplemented WebView method onKeyMultiple called from: android.webkit.WebView.onKeyMultiple(WebView.java:2273)
W/UnimplementedWebViewApi( 9136): Unimplemented WebView method onKeyDown called from: android.webkit.WebView.onKeyDown(WebView.java:2263)
D/PopupWindow( 4280): invokePopup: mPopupView = android.view.View{432398a8 V.ED.... ......I. 0,0-1080,1920}, WindowManager.LayoutParams = WM.LayoutParams{(0,-1100)(1080x1920) gr=#800033 sim=#1 ty=1000 fl=#800208 fmt=-3}
V/ViewRootImpl( 4280): mApplyParallel = false, this = ViewRoot{42f77130 ,ident = 223}
D/WindowManager( 1909): interceptKeyTq: result=1 keycode=19 screenIsOn=true keyguardActive=false policyFlags = #b000000 down =true canceled = false isWakeKey=false mVolumeDownKeyTriggered =false mVolumeUpKeyTriggered =false
D/PopupWindow( 4280): invokePopup: mPopupView = com.sohu.inputmethod.ui.KeyboardSwitchContainer{42f56bf0 V.E..... ......I. 0,0-915,548}, WindowManager.LayoutParams = WM.LayoutParams{(0,117)(915x548) gr=#800033 sim=#1 ty=1000 fl=#800008 fmt=-3 wanim=0x7f0c0015}
D/WindowManager( 1909): interceptKeyTi keyCode=19 down=true repeatCount=0 keyguardOn=false mHomePressed=false canceled=false metaState:0
V/ViewRootImpl( 4280): mApplyParallel = false, this = ViewRoot{4300c730 ,ident = 224}
D/WindowManager( 1909): interceptKeyTq: result=1 keycode=19 screenIsOn=true keyguardActive=false policyFlags = #b000000 down =false canceled = false isWakeKey=false mVolumeDownKeyTriggered =false mVolumeUpKeyTriggered =false
D/WindowManager( 1909): interceptKeyTi keyCode=19 down=false repeatCount=0 keyguardOn=false mHomePressed=false canceled=false metaState:0
I/BufferQueue(  245): [unnamed-245-710](this:0xb7b9c290,id:710,api:0,p:-1,c:-1) BufferQueue queue=(245:/system/bin/surfaceflinger)
I/BufferQueue(  245): [unnamed-245-710](this:0xb7b9c290,id:710,api:0,p:-1,c:245) consumerConnect consumer=(245:/system/bin/surfaceflinger) controlledByApp=false
I/BufferQueue(  245): [unnamed-245-710](this:0xb7b9c290,id:710,api:0,p:-1,c:245) setConsumerName: unnamed-245-710
I/BufferQueue(  245): [PopupWindow:43239b40](this:0xb7b9c290,id:710,api:0,p:-1,c:245) setConsumerName: PopupWindow:43239b40
I/BufferQueue(  245): [PopupWindow:43239b40](this:0xb7b9c290,id:710,api:0,p:-1,c:245) setDefaultBufferSize: w=1, h=1
V/Provider/Settings( 1909): get setting for user 0 by user 0 so skipping cache
V/Provider/Settings( 1909):  from settings cache , name = haptic_feedback_enabled , value = 0
V/Provider/Settings( 1909): get setting for user -2 by user 0 so skipping cache
V/Provider/Settings( 1909): get setting for user -2 by user 0 so skipping cache
V/Provider/Settings( 1909): from db cache, name = haptic_feedback_enabled , value = 0
I/Provider/Settings( 1909): call-query of user -2 by 0 so not updating cache
D/WindowManager( 1909): interceptKeyTq: result=1 keycode=82 screenIsOn=true keyguardActive=false policyFlags = #b000000 down =true canceled = false isWakeKey=false mVolumeDownKeyTriggered =false mVolumeUpKeyTriggered =false
D/WindowManager( 1909): interceptKeyTi keyCode=82 down=true repeatCount=0 keyguardOn=false mHomePressed=false canceled=false metaState:0
D/WindowManager( 1909): interceptKeyTq: result=1 keycode=82 screenIsOn=true keyguardActive=false policyFlags = #b000000 down =false canceled = false isWakeKey=false mVolumeDownKeyTriggered =false mVolumeUpKeyTriggered =false
D/WindowManager( 1909): interceptKeyTi keyCode=82 down=false repeatCount=0 keyguardOn=false mHomePressed=false canceled=false metaState:0
I/BufferQueue(  245): [PopupWindow:43239b40](this:0xb7b9c290,id:710,api:0,p:-1,c:245) setDefaultBufferSize: w=1080, h=1920
I/        (  245): [BWC INFO](245): get_bwc_mm_property success
I/BufferQueue(  245): [unnamed-245-711](this:0xb7bc43b8,id:711,api:0,p:-1,c:-1) BufferQueue queue=(245:/system/bin/surfaceflinger)
I/BufferQueue(  245): [unnamed-245-711](this:0xb7bc43b8,id:711,api:0,p:-1,c:245) consumerConnect consumer=(245:/system/bin/surfaceflinger) controlledByApp=false
I/BufferQueue(  245): [unnamed-245-711](this:0xb7bc43b8,id:711,api:0,p:-1,c:245) setConsumerName: unnamed-245-711
I/BufferQueue(  245): [PopupWindow:43239710](this:0xb7bc43b8,id:711,api:0,p:-1,c:245) setConsumerName: PopupWindow:43239710
I/BufferQueue(  245): [PopupWindow:43239710](this:0xb7bc43b8,id:711,api:0,p:-1,c:245) setDefaultBufferSize: w=1, h=1
I/BufferQueue(  245): [PopupWindow:43239710](this:0xb7bc43b8,id:711,api:0,p:-1,c:245) setDefaultBufferSize: w=915, h=548
I/        (  245): [BWC INFO](245): get_bwc_mm_property success
I/View    ( 9136): Key down dispatch to <url=dist/index.html>;<hashcode=1132546536>, event = KeyEvent { action=ACTION_DOWN, hashcode=android.view.KeyEvent@42c64ae8, keyCode=KEYCODE_MENU, scanCode=0, metaState=0, flags=0x8, repeatCount=0, eventTime=1539515, downTime=1539515, deviceId=-1, source=0x101 }
I/BufferQueue(  245): [PopupWindow:43239b40](this:0xb7b9c290,id:710,api:2,p:4280,c:245) connect: api=2 producer=(4280:com.sohu.inputmethod.sogouoem) producerControlledByApp=true
I/BufferQueue(  245): [PopupWindow:43239b40](this:0xb7b9c290,id:710,api:2,p:4280,c:245) new GraphicBuffer needed
I/[MALI][Gralloc](  245): [MTK]GRALLOC enter alloc_device_alloc()! pHandle=0x0xb7bbdcb4
I/[MALI][Gralloc](  245): usage: 0x933, format: 0x1 stride: 1088 vertical_stride: 1920 size: 8355840
I/[MALI][Gralloc](  245): [MTK]GRALLOC ready to go ion alloc arrrrrrrrr!!!! pHandle=0x0xb7bbdcb4
W/UnimplementedWebViewApi( 9136): Unimplemented WebView method onKeyDown called from: android.webkit.WebView.onKeyDown(WebView.java:2263)
D/GraphicBuffer(  245): alloc, handle(0xb7b9c1c0) (w:1080 h:1920 s:1088 f:0x1 u:0x000933) err(0)
W/GraphicBufferExtra_hal(  245): gralloc extra device setBufInfo(...) is not supported
D/GraphicBuffer( 4280): register, handle(0x78bb7310) (w:1080 h:1920 s:1088 f:0x1 u:0x000933)
I/        (  245): [BWC INFO](245): get_bwc_mm_property success
I/BufferQueue(  245): [PopupWindow:43239710](this:0xb7bc43b8,id:711,api:2,p:4280,c:245) connect: api=2 producer=(4280:com.sohu.inputmethod.sogouoem) producerControlledByApp=true
I/BufferQueue(  245): [PopupWindow:43239710](this:0xb7bc43b8,id:711,api:2,p:4280,c:245) new GraphicBuffer needed
I/[MALI][Gralloc](  245): [MTK]GRALLOC enter alloc_device_alloc()! pHandle=0x0xb7b9c874
I/[MALI][Gralloc](  245): usage: 0x933, format: 0x1 stride: 928 vertical_stride: 548 size: 2034176
I/[MALI][Gralloc](  245): [MTK]GRALLOC ready to go ion alloc arrrrrrrrr!!!! pHandle=0x0xb7b9c874
D/GraphicBuffer(  245): alloc, handle(0xb7c15e08) (w:915 h:548 s:928 f:0x1 u:0x000933) err(0)
W/GraphicBufferExtra_hal(  245): gralloc extra device setBufInfo(...) is not supported
D/GraphicBuffer( 4280): register, handle(0x7a011d08) (w:915 h:548 s:928 f:0x1 u:0x000933)
D/WindowManager( 1909): interceptKeyTq: result=1 keycode=19 screenIsOn=true keyguardActive=false policyFlags = #b000000 down =true canceled = false isWakeKey=false mVolumeDownKeyTriggered =false mVolumeUpKeyTriggered =false
D/WindowManager( 1909): interceptKeyTi keyCode=19 down=true repeatCount=0 keyguardOn=false mHomePressed=false canceled=false metaState:0
I/        (  245): [BWC INFO](245): get_bwc_mm_property success
I/BufferQueue(  245): [Magnification Overlay](this:0xb7b912b0,id:5,api:2,p:1909,c:245) queueBuffer: fps=18.13 dur=1378.65 max=770.59 min=10.57
D/WindowManager( 1909): interceptKeyTq: result=1 keycode=19 screenIsOn=true keyguardActive=false policyFlags = #b000000 down =false canceled = false isWakeKey=false mVolumeDownKeyTriggered =false mVolumeUpKeyTriggered =false
D/WindowManager( 1909): interceptKeyTi keyCode=19 down=false repeatCount=0 keyguardOn=false mHomePressed=false canceled=false metaState:0
I/        (  245): [BWC INFO](245): get_bwc_mm_property success
D/dalvikvm(14073): currentAlloc=4193712 - lastAllocatedSize=0 < 10485760, don't trigger GC
I/BufferQueue(  245): [PopupWindow:43239710](this:0xb7bc43b8,id:711,api:2,p:-1,c:245) disconnect: api=2
I/BufferQueue(  245): [PopupWindow:43239710](this:0xb7bc43b8,id:711,api:2,p:-1,c:245) getReleasedBuffers: returning mask 0xffffffff
D/GraphicBuffer( 4280): unregister, handle(0x7a011d08) (w:915 h:548 s:928 f:0x1 u:0x000933)
I/BufferQueue(  245): [PopupWindow:43239b40](this:0xb7b9c290,id:710,api:2,p:-1,c:245) disconnect: api=2
I/BufferQueue(  245): [PopupWindow:43239b40](this:0xb7b9c290,id:710,api:2,p:-1,c:245) getReleasedBuffers: returning mask 0xffffffff
D/GraphicBuffer( 4280): unregister, handle(0x78bb7310) (w:1080 h:1920 s:1088 f:0x1 u:0x000933)
W/InputEventReceiver( 4280): Attempted to finish an input event but the input event receiver has already been disposed.
W/ViewRootImpl( 4280): Dropping event due to root view being removed: MotionEvent { action=ACTION_POINTER_DOWN(1), id[0]=0, x[0]=608.9259, y[0]=1083.4711, toolType[0]=TOOL_TYPE_UNKNOWN, id[1]=1, x[1]=725.0, y[1]=22.0, toolType[1]=TOOL_TYPE_UNKNOWN, buttonState=0, metaState=0, flags=0x0, edgeFlags=0x0, pointerCount=2, historySize=0, eventTime=1539612, downTime=1539611, deviceId=0, source=0x1002 }
W/InputEventReceiver( 4280): Attempted to finish an input event but the input event receiver has already been disposed.
W/ViewRootImpl( 4280): Dropping event due to root view being removed: MotionEvent { action=ACTION_MOVE, id[0]=0, x[0]=600.81177, y[0]=1069.5006, toolType[0]=TOOL_TYPE_UNKNOWN, id[1]=1, x[1]=729.41003, y[1]=7.7992578, toolType[1]=TOOL_TYPE_UNKNOWN, buttonState=0, metaState=0, flags=0x0, edgeFlags=0x0, pointerCount=2, historySize=1, eventTime=1539615, downTime=1539611, deviceId=0, source=0x1002 }
W/InputEventReceiver( 4280): Attempted to finish an input event but the input event receiver has already been disposed.
D/WindowManager( 1909): interceptKeyTq: result=1 keycode=19 screenIsOn=true keyguardActive=false policyFlags = #b000000 down =true canceled = false isWakeKey=false mVolumeDownKeyTriggered =false mVolumeUpKeyTriggered =false
W/ViewRootImpl( 4280): Dropping event due to root view being removed: MotionEvent { action=ACTION_POINTER_UP(1), id[0]=0, x[0]=600.5522, y[0]=1063.2053, toolType[0]=TOOL_TYPE_UNKNOWN, id[1]=1, x[1]=733.10046, y[1]=0.0, toolType[1]=TOOL_TYPE_UNKNOWN, buttonState=0, metaState=0, flags=0x0, edgeFlags=0x0, pointerCount=2, historySize=0, eventTime=1539616, downTime=1539611, deviceId=0, source=0x1002 }
W/InputEventReceiver( 4280): Attempted to finish an input event but the input event receiver has already been disposed.
D/WindowManager( 1909): interceptKeyTi keyCode=19 down=true repeatCount=0 keyguardOn=false mHomePressed=false canceled=false metaState:0
W/ViewRootImpl( 4280): Dropping event due to root view being removed: MotionEvent { action=ACTION_UP, id[0]=0, x[0]=594.59, y[0]=1056.1956, toolType[0]=TOOL_TYPE_UNKNOWN, buttonState=0, metaState=0, flags=0x0, edgeFlags=0x0, pointerCount=1, historySize=0, eventTime=1539617, downTime=1539611, deviceId=0, source=0x1002 }
W/InputEventReceiver( 4280): Attempted to finish an input event but the input event receiver has already been disposed.
I/BufferQueue(  245): [PopupWindow:43239710](this:0xb7bc43b8,id:711,api:2,p:-1,c:-1) consumerDisconnect
I/BufferQueue(  245): [PopupWindow:43239b40](this:0xb7b9c290,id:710,api:2,p:-1,c:-1) consumerDisconnect
D/GraphicBuffer(  245): free, handle(0xb7b9c1c0) (w:1080 h:1920 s:1088 f:0x1 u:0x000933)
I/BufferQueue(  245): [PopupWindow:43239b40](this:0xb7b9c290,id:710,api:2,p:-1,c:-1) ~BufferQueue
E/memtrack(14105): Couldn't load memtrack module (No such file or directory)
D/GraphicBuffer(  245): free, handle(0xb7c15e08) (w:915 h:548 s:928 f:0x1 u:0x000933)
E/android.os.Debug(14105): failed to load memtrack module: -2
I/BufferQueue(  245): [PopupWindow:43239710](this:0xb7bc43b8,id:711,api:2,p:-1,c:-1) ~BufferQueue
I/        (  245): [BWC INFO](245): get_bwc_mm_property success
D/WindowManager( 1909): interceptKeyTq: result=1 keycode=19 screenIsOn=true keyguardActive=false policyFlags = #b000000 down =false canceled = false isWakeKey=false mVolumeDownKeyTriggered =false mVolumeUpKeyTriggered =false
D/WindowManager( 1909): interceptKeyTi keyCode=19 down=false repeatCount=0 keyguardOn=false mHomePressed=false canceled=false metaState:0
D/WindowManager( 1909): interceptKeyTq: result=1 keycode=191 screenIsOn=true keyguardActive=false policyFlags = #b000000 down =true canceled = false isWakeKey=false mVolumeDownKeyTriggered =false mVolumeUpKeyTriggered =false
I/BufferQueue(  245): [InputMethod](this:0xb7b72da0,id:709,api:2,p:4280,c:245) queueBuffer: fps=9.62 dur=1039.69 max=204.28 min=15.10
D/WindowManager( 1909): interceptKeyTi keyCode=191 down=true repeatCount=0 keyguardOn=false mHomePressed=false canceled=false metaState:0
D/WindowManager( 1909): interceptKeyTq: result=1 keycode=191 screenIsOn=true keyguardActive=false policyFlags = #b000000 down =false canceled = false isWakeKey=false mVolumeDownKeyTriggered =false mVolumeUpKeyTriggered =false
D/WindowManager( 1909): interceptKeyTi keyCode=191 down=false repeatCount=0 keyguardOn=false mHomePressed=false canceled=false metaState:0
I/        (  245): [BWC INFO](245): get_bwc_mm_property success
D/WindowManager( 1909): interceptKeyTq: result=1 keycode=23 screenIsOn=true keyguardActive=false policyFlags = #b000000 down =true canceled = false isWakeKey=false mVolumeDownKeyTriggered =false mVolumeUpKeyTriggered =false
D/WindowManager( 1909): interceptKeyTi keyCode=23 down=true repeatCount=0 keyguardOn=false mHomePressed=false canceled=false metaState:0
D/WindowManager( 1909): interceptKeyTq: result=1 keycode=23 screenIsOn=true keyguardActive=false policyFlags = #b000000 down =false canceled = false isWakeKey=false mVolumeDownKeyTriggered =false mVolumeUpKeyTriggered =false
D/WindowManager( 1909): interceptKeyTi keyCode=23 down=false repeatCount=0 keyguardOn=false mHomePressed=false canceled=false metaState:0
D/WindowManager( 1909): interceptKeyTq: result=1 keycode=89 screenIsOn=true keyguardActive=false policyFlags = #b000000 down =true canceled = false isWakeKey=false mVolumeDownKeyTriggered =false mVolumeUpKeyTriggered =false
D/WindowManager( 1909): interceptKeyTi keyCode=89 down=true repeatCount=0 keyguardOn=false mHomePressed=false canceled=false metaState:0
I/View    ( 9136): Key down dispatch to <url=dist/index.html>;<hashcode=1132546536>, event = KeyEvent { action=ACTION_DOWN, hashcode=android.view.KeyEvent@42d95cf0, keyCode=KEYCODE_MEDIA_REWIND, scanCode=0, metaState=0, flags=0x8, repeatCount=0, eventTime=1539670, downTime=1539670, deviceId=-1, source=0x101 }
D/WindowManager( 1909): interceptKeyTq: result=1 keycode=89 screenIsOn=true keyguardActive=false policyFlags = #b000000 down =false canceled = false isWakeKey=false mVolumeDownKeyTriggered =false mVolumeUpKeyTriggered =false
D/WindowManager( 1909): interceptKeyTi keyCode=89 down=false repeatCount=0 keyguardOn=false mHomePressed=false canceled=false metaState:0
W/UnimplementedWebViewApi( 9136): Unimplemented WebView method onKeyDown called from: android.webkit.WebView.onKeyDown(WebView.java:2263)
V/ActivityManager( 1909): Broadcast: Intent { act=android.intent.action.MEDIA_BUTTON flg=0x10 cmp=com.oppo.music/.service.MediaButtonIntentReceiver (has extras) } ordered=true userid=0 callerApp=null
V/OppoAppStartupManager( 1909): intent == null || callerApp == null
V/ActivityManager( 1909): Broadcast: Intent { act=android.intent.action.MEDIA_BUTTON flg=0x10 cmp=com.oppo.music/.service.MediaButtonIntentReceiver (has extras) } ordered=true userid=0 callerApp=null
D/ActivityThread( 9264): BDC-Calling onReceive: intent=Intent { act=android.intent.action.MEDIA_BUTTON flg=0x10 cmp=com.oppo.music/.service.MediaButtonIntentReceiver (has extras) }, ordered=true, receiver=com.oppo.music.service.MediaButtonIntentReceiver@42cde2e8
D/ActivityThread( 9264): BDC-RECEIVER handled : 0 / ReceiverData{intent=Intent { act=android.intent.action.MEDIA_BUTTON flg=0x10 cmp=com.oppo.music/.service.MediaButtonIntentReceiver (has extras) } packageName=com.oppo.music resultCode=0 resultData=null resultExtras=null}
V/OppoAppStartupManager( 1909): intent == null || callerApp == null
D/ActivityThread( 9264): BDC-Calling onReceive: intent=Intent { act=android.intent.action.MEDIA_BUTTON flg=0x10 cmp=com.oppo.music/.service.MediaButtonIntentReceiver (has extras) }, ordered=true, receiver=com.oppo.music.service.MediaButtonIntentReceiver@42ce1480
D/ActivityThread( 9264): BDC-RECEIVER handled : 0 / ReceiverData{intent=Intent { act=android.intent.action.MEDIA_BUTTON flg=0x10 cmp=com.oppo.music/.service.MediaButtonIntentReceiver (has extras) } packageName=com.oppo.music resultCode=0 resultData=null resultExtras=null}
D/AndroidRuntime(14105): Calling main entry com.android.commands.wm.Wm
D/dalvikvm(14105): threadid=9: interp stack at 0x73bab000
D/dalvikvm(14105): threadid=10: interp stack at 0x73ccb000
V/Provider/Settings( 1909): get setting for user 0 by user 0 so skipping cache
V/Provider/Settings( 1909):  from settings cache , name = haptic_feedback_enabled , value = 0
V/Provider/Settings( 1909): get setting for user -2 by user 0 so skipping cache
V/Provider/Settings( 1909): get setting for user -2 by user 0 so skipping cache
V/Provider/Settings( 1909): from db cache, name = haptic_feedback_enabled , value = 0
I/Provider/Settings( 1909): call-query of user -2 by 0 so not updating cache
D/WindowManager( 1909): interceptKeyTq: result=1 keycode=82 screenIsOn=true keyguardActive=false policyFlags = #b000000 down =true canceled = false isWakeKey=false mVolumeDownKeyTriggered =false mVolumeUpKeyTriggered =false
D/WindowManager( 1909): interceptKeyTi keyCode=82 down=true repeatCount=0 keyguardOn=false mHomePressed=false canceled=false metaState:0
I/View    ( 9136): Key down dispatch to <url=dist/index.html>;<hashcode=1132546536>, event = KeyEvent { action=ACTION_DOWN, hashcode=android.view.KeyEvent@42cd7608, keyCode=KEYCODE_MENU, scanCode=0, metaState=0, flags=0x8, repeatCount=0, eventTime=1539706, downTime=1539706, deviceId=-1, source=0x101 }
D/WindowManager( 1909): interceptKeyTq: result=1 keycode=82 screenIsOn=true keyguardActive=false policyFlags = #b000000 down =false canceled = false isWakeKey=false mVolumeDownKeyTriggered =false mVolumeUpKeyTriggered =false
W/UnimplementedWebViewApi( 9136): Unimplemented WebView method onKeyDown called from: android.webkit.WebView.onKeyDown(WebView.java:2263)
D/WindowManager( 1909): interceptKeyTi keyCode=82 down=false repeatCount=0 keyguardOn=false mHomePressed=false canceled=false metaState:0
D/AndroidRuntime(14105): Shutting down VM
D/dalvikvm(14105): threadid=1: bye!
D/dalvikvm(14105): DestroyJavaVM waiting for non-daemon threads to exit
D/dalvikvm(14105): threadid=1: interp stack at 0x73d08000
D/dalvikvm(14105): threadid=9: bye!
D/dalvikvm(14105): threadid=10: last non-daemon thread
D/dalvikvm(14105): threadid=10: bye!
D/dalvikvm(14105): DestroyJavaVM shutting VM down
D/dalvikvm(14105): VM shutting down
D/dalvikvm(14105): between the previous GC alloc  702K
D/dalvikvm(14105): GC_CONCURRENT freed 95K (978), 14% free 607K/704K, paused 0ms+1ms, total 3ms
D/dalvikvm(14105): threadid=5: bye!
D/jdwp    (14105): JDWP shutting down net...
D/jdwp    (14105): +++ writing to wakePipe
E/jdwp    (14105): jdwp::setsockopt(SO_SNDTIMEO)
E/jdwp    (14105): jdwp::setsockopt(SO_RCVTIMEO)
D/jdwp    (14105): JDWP: thread exiting
D/dalvikvm(14105): threadid=7: bye!
W/ADB_SERVICES( 8271): terminating JDWP 14105 connection: Try again
D/ADB_SERVICES( 8271): remove pid 14105 to jdwp process list
D/jdwp    (14105): JDWP freeing netstate...
I/dalvikvm(14105): threadid=6: ignore signal 3
D/dalvikvm(14105): threadid=6: bye!
D/dalvikvm(14105): 119 compilations using 4096 + 13536 bytes
D/dalvikvm(14105): Compiler arena uses 6 blocks (8100 bytes each)
D/dalvikvm(14105): Compiler work queue length is 0/10
D/dalvikvm(14105): JIT: table size is 4096, entries used is 127
D/dalvikvm(14105): JIT: 127 traces, 4096 slots, 3 chains, 40 thresh, Non-blocking
D/dalvikvm(14105): JIT: 72 Translation chains, 7 interp stubs
D/dalvikvm(14105): dalvik.vm.jit.op = 0-2,7,a,c,e-f,11-14,1c-1e,21,23,28,2c,32-39,44,46,48-49,4b,4d,50,52,54-55,59,62,70-71,8e,90,95-96,b0-b1,b5,d5,d8,da,dd,e0-e2,ee,f0-f2,f4-f6,f8,
D/dalvikvm(14105): Code size stats: 0/498 (compiled/total Dalvik), 0 (native)
D/dalvikvm(14105): Compiler thread shutting down
D/dalvikvm(14105): threadid=8: bye!
D/dalvikvm(14105): Compiler thread has shut down
D/dalvikvm(14105): threadid=1: suspending daemon id=4 name='FinalizerWatchdogDaemon'
D/dalvikvm(14105): threadid=1: suspending daemon id=3 name='FinalizerDaemon'
D/dalvikvm(14105): threadid=1: suspending daemon id=2 name='ReferenceQueueDaemon'
D/WindowManager( 1909): interceptKeyTq: result=1 keycode=20 screenIsOn=true keyguardActive=false policyFlags = #b000000 down =true canceled = false isWakeKey=false mVolumeDownKeyTriggered =false mVolumeUpKeyTriggered =false
D/WindowManager( 1909): interceptKeyTi keyCode=20 down=true repeatCount=0 keyguardOn=false mHomePressed=false canceled=false metaState:0
D/WindowManager( 1909): interceptKeyTq: result=1 keycode=20 screenIsOn=true keyguardActive=false policyFlags = #b000000 down =false canceled = false isWakeKey=false mVolumeDownKeyTriggered =false mVolumeUpKeyTriggered =false
D/WindowManager( 1909): interceptKeyTi keyCode=20 down=false repeatCount=0 keyguardOn=false mHomePressed=false canceled=false metaState:0
D/WindowManager( 1909): interceptKeyTq: result=1 keycode=21 screenIsOn=true keyguardActive=false policyFlags = #b000000 down =true canceled = false isWakeKey=false mVolumeDownKeyTriggered =false mVolumeUpKeyTriggered =false
D/WindowManager( 1909): interceptKeyTi keyCode=21 down=true repeatCount=0 keyguardOn=false mHomePressed=false canceled=false metaState:0
D/WindowManager( 1909): interceptKeyTq: result=1 keycode=21 screenIsOn=true keyguardActive=false policyFlags = #b000000 down =false canceled = false isWakeKey=false mVolumeDownKeyTriggered =false mVolumeUpKeyTriggered =false
D/WindowManager( 1909): interceptKeyTi keyCode=21 down=false repeatCount=0 keyguardOn=false mHomePressed=false canceled=false metaState:0
D/WindowManager( 1909): interceptKeyTq: result=1 keycode=21 screenIsOn=true keyguardActive=false policyFlags = #b000000 down =true canceled = false isWakeKey=false mVolumeDownKeyTriggered =false mVolumeUpKeyTriggered =false
D/WindowManager( 1909): interceptKeyTi keyCode=21 down=true repeatCount=0 keyguardOn=false mHomePressed=false canceled=false metaState:0
D/WindowManager( 1909): interceptKeyTq: result=1 keycode=21 screenIsOn=true keyguardActive=false policyFlags = #b000000 down =false canceled = false isWakeKey=false mVolumeDownKeyTriggered =false mVolumeUpKeyTriggered =false
D/WindowManager( 1909): interceptKeyTi keyCode=21 down=false repeatCount=0 keyguardOn=false mHomePressed=false canceled=false metaState:0
W/UnimplementedWebViewApi( 9136): Unimplemented WebView method onKeyMultiple called from: android.webkit.WebView.onKeyMultiple(WebView.java:2273)
W/UnimplementedWebViewApi( 9136): Unimplemented WebView method onKeyDown called from: android.webkit.WebView.onKeyDown(WebView.java:2263)
D/WindowManager( 1909): interceptKeyTq: result=1 keycode=23 screenIsOn=true keyguardActive=false policyFlags = #b000000 down =true canceled = false isWakeKey=false mVolumeDownKeyTriggered =false mVolumeUpKeyTriggered =false
D/WindowManager( 1909): interceptKeyTi keyCode=23 down=true repeatCount=0 keyguardOn=false mHomePressed=false canceled=false metaState:0
D/WindowManager( 1909): interceptKeyTq: result=1 keycode=23 screenIsOn=true keyguardActive=false policyFlags = #b000000 down =false canceled = false isWakeKey=false mVolumeDownKeyTriggered =false mVolumeUpKeyTriggered =false
D/WindowManager( 1909): interceptKeyTi keyCode=23 down=false repeatCount=0 keyguardOn=false mHomePressed=false canceled=false metaState:0
W/UnimplementedWebViewApi( 9136): Unimplemented WebView method onKeyMultiple called from: android.webkit.WebView.onKeyMultiple(WebView.java:2273)
W/UnimplementedWebViewApi( 9136): Unimplemented WebView method onKeyDown called from: android.webkit.WebView.onKeyDown(WebView.java:2263)
D/WindowManager( 1909): interceptKeyTq: result=1 keycode=21 screenIsOn=true keyguardActive=false policyFlags = #b000000 down =true canceled = false isWakeKey=false mVolumeDownKeyTriggered =false mVolumeUpKeyTriggered =false
D/WindowManager( 1909): interceptKeyTi keyCode=21 down=true repeatCount=0 keyguardOn=false mHomePressed=false canceled=false metaState:0
D/WindowManager( 1909): interceptKeyTq: result=1 keycode=21 screenIsOn=true keyguardActive=false policyFlags = #b000000 down =false canceled = false isWakeKey=false mVolumeDownKeyTriggered =false mVolumeUpKeyTriggered =false
D/WindowManager( 1909): interceptKeyTi keyCode=21 down=false repeatCount=0 keyguardOn=false mHomePressed=false canceled=false metaState:0
I/chromium( 9136): [INFO:resource_provider.cc(1770)] [StartRaster] allocated=[1] image_id=[802] buffer=[0x8bcf0000] stride=[1536]
I/chromium( 9136): [INFO:image_raster_worker_pool.cc(75)] [RunOnWorkerThread] --------------
I/chromium( 9136): [INFO:resource_provider.cc(1770)] [StartRaster] allocated=[1] image_id=[717] buffer=[0x87712000] stride=[1536]
I/chromium( 9136): [INFO:image_raster_worker_pool.cc(75)] [RunOnWorkerThread] --------------
I/chromium( 9136): [INFO:resource_provider.cc(1770)] [StartRaster] allocated=[1] image_id=[759] buffer=[0x82138000] stride=[256]
I/chromium( 9136): [INFO:image_raster_worker_pool.cc(75)] [RunOnWorkerThread] --------------
I/chromium( 9136): [INFO:resource_provider.cc(1770)] [StartRaster] allocated=[1] image_id=[715] buffer=[0x8701b000] stride=[1536]
I/chromium( 9136): [INFO:image_raster_worker_pool.cc(75)] [RunOnWorkerThread] --------------
I/chromium( 9136): [INFO:resource_provider.cc(1770)] [StartRaster] allocated=[1] image_id=[480] buffer=[0x83d23000] stride=[1536]
I/chromium( 9136): [INFO:image_raster_worker_pool.cc(75)] [RunOnWorkerThread] --------------
D/WindowManager( 1909): interceptKeyTq: result=1 keycode=20 screenIsOn=true keyguardActive=false policyFlags = #b000000 down =true canceled = false isWakeKey=false mVolumeDownKeyTriggered =false mVolumeUpKeyTriggered =false
I/chromium( 9136): [INFO:resource_provider.cc(1770)] [StartRaster] allocated=[1] image_id=[680] buffer=[0x8713b000] stride=[1536]
D/WindowManager( 1909): interceptKeyTi keyCode=20 down=true repeatCount=0 keyguardOn=false mHomePressed=false canceled=false metaState:0
D/WindowManager( 1909): interceptKeyTq: result=1 keycode=20 screenIsOn=true keyguardActive=false policyFlags = #b000000 down =false canceled = false isWakeKey=false mVolumeDownKeyTriggered =false mVolumeUpKeyTriggered =false
I/chromium( 9136): [INFO:image_raster_worker_pool.cc(75)] [RunOnWorkerThread] --------------
I/chromium( 9136): [INFO:resource_provider.cc(1770)] [StartRaster] allocated=[1] image_id=[536] buffer=[0x8959a000] stride=[1536]
D/WindowManager( 1909): interceptKeyTi keyCode=20 down=false repeatCount=0 keyguardOn=false mHomePressed=false canceled=false metaState:0
I/chromium( 9136): [INFO:image_raster_worker_pool.cc(75)] [RunOnWorkerThread] --------------
I/chromium( 9136): [INFO:resource_provider.cc(1770)] [StartRaster] allocated=[1] image_id=[674] buffer=[0x82d27000] stride=[1536]
I/chromium( 9136): [INFO:image_raster_worker_pool.cc(75)] [RunOnWorkerThread] --------------
I/chromium( 9136): [INFO:resource_provider.cc(1770)] [StartRaster] allocated=[1] image_id=[775] buffer=[0x85fc2000] stride=[1536]
I/chromium( 9136): [INFO:image_raster_worker_pool.cc(75)] [RunOnWorkerThread] --------------
I/chromium( 9136): [INFO:resource_provider.cc(1770)] [StartRaster] allocated=[1] image_id=[853] buffer=[0x85600000] stride=[1536]
