--------- beginning of /dev/log/system
D/ActivityManager( 1655): getContentProviderImpl: updateLruProcessLocked cpr.proc=ProcessRecord{433169a8 4184:com.android.phone/1001}
D/ActivityThread( 5181): hoder:android.app.IActivityManager$ContentProviderHolder@4291e950,provider,holder.Provider:android.content.ContentProviderProxy@4291d958
D/ActivityThread( 4184): BDC-Calling onReceive: intent=Intent { act=oppo.intent.action.CANCEL.MISSED.CALL.NOTIFICATIONS flg=0x10 cmp=com.android.phone/.OppoMissedCallAlertReceiver }, ordered=true, receiver=com.android.phone.OppoMissedCallAlertReceiver@428e4ee0
D/ActivityThread( 4184): BDC-RECEIVER handled : 0 / ReceiverData{intent=Intent { act=oppo.intent.action.CANCEL.MISSED.CALL.NOTIFICATIONS flg=0x10 cmp=com.android.phone/.OppoMissedCallAlertReceiver } packageName=com.android.phone resultCode=-1 resultData=null resultExtras=null}
D/TelephonyRegistry( 1655): listen: E pkg=<unknown> events=0x20 myUid=0 callerUid=0
I/TelephonyRegistry( 1655): listen: add new record={pkgForDebug=<unknown> callerUid=0 events=0}
D/TelephonyRegistry( 1655): validateEventsAndUserLocked: valid=false r.callerUid=0 foregroundUser=0 r.events=32 events=16
D/TelephonyRegistry( 1655): validateEventsAndUserLocked: valid=false r.callerUid=0 foregroundUser=0 r.events=32 events=1024
D/ActivityThread( 4415): SVC-SERVICE_ARGS handled : 0 / ServiceArgsData{token=android.os.BinderProxy@4270c290 startId=433 args=Intent { cmp=com.nearme.statistics.rom/.service.ReceiverService (has extras) }}
D/TelephonyRegistry( 1655): listen: E pkg=<unknown> events=0x20 myUid=0 callerUid=0
I/TelephonyRegistry( 1655): listen: add new record={pkgForDebug=<unknown> callerUid=0 events=0}
D/TelephonyRegistry( 1655): validateEventsAndUserLocked: valid=false r.callerUid=0 foregroundUser=0 r.events=32 events=16
D/TelephonyRegistry( 1655): validateEventsAndUserLocked: valid=false r.callerUid=0 foregroundUser=0 r.events=32 events=1024
D/ActivityManager( 1655): getContentProviderImpl: from caller=android.app.ApplicationThreadProxy@4301d860 (pid=4580, userId=0) to get content provider com.android.contacts cpr=ContentProviderRecord{43482530 u0 com.android.providers.contacts/.ContactsProvider2}
D/ActivityManager( 1655): getContentProviderImpl: updateLruProcessLocked cpr.proc=ProcessRecord{430b8be8 5181:android.process.acore/u0a2}
D/ActivityThread( 4580): ACT-AM_ON_RESUME_CALLED ActivityRecord{42730e38 token=android.os.BinderProxy@427305d8 {com.android.dialer/com.android.dialer.DialtactsActivity}}
V/ActivityThread( 4580): Resume ActivityRecord{42730e38 token=android.os.BinderProxy@427305d8 {com.android.dialer/com.android.dialer.DialtactsActivity}} started activity: false, hideForNow: false, finished: false
V/ActivityThread( 4580): Resuming ActivityRecord{42730e38 token=android.os.BinderProxy@427305d8 {com.android.dialer/com.android.dialer.DialtactsActivity}} with isForward=true
D/ActivityThread( 4580): hoder:android.app.IActivityManager$ContentProviderHolder@43159320,provider,holder.Provider:android.content.ContentProviderProxy@4319c160
V/ActivityThread( 4580): Scheduling idle handler for ActivityRecord{42730e38 token=android.os.BinderProxy@427305d8 {com.android.dialer/com.android.dialer.DialtactsActivity}}
D/ActivityThread( 4580): ACT-RESUME_ACTIVITY handled : 1 / android.os.BinderProxy@427305d8
V/WindowManager( 1655): Changing focus from null to Window{42f726a0 u0 com.android.dialer/com.android.dialer.DialtactsActivity} Callers=com.android.server.wm.WindowManagerService.relayoutWindow:3728 com.android.server.wm.Session.relayout:191 android.view.IWindowSession$Stub.onTransact:235 com.android.server.wm.Session.onTransact:126 
D/ActivityThread( 4415): SVC-SERVICE_ARGS handled : 0 / ServiceArgsData{token=android.os.BinderProxy@4270c290 startId=434 args=Intent { cmp=com.nearme.statistics.rom/.service.ReceiverService (has extras) }}
I/WindowManager( 1655): Gaining focus: Window{42f726a0 u0 com.android.dialer/com.android.dialer.DialtactsActivity}
D/ActivityThread( 4580): SVC-Creating service: CreateServiceData{token=android.os.BinderProxy@433e6650 className=com.android.dialer.calllog.CallLogNotificationsService packageName=com.android.dialer intent=null}
D/ActivityThread( 4580): SVC-CREATE_SERVICE handled : 0 / CreateServiceData{token=android.os.BinderProxy@433e6650 className=com.android.dialer.calllog.CallLogNotificationsService packageName=com.android.dialer intent=null}
D/ActivityThread( 4580): SVC-SERVICE_ARGS handled : 0 / ServiceArgsData{token=android.os.BinderProxy@433e6650 startId=1 args=Intent { act=com.android.dialer.calllog.UPDATE_NOTIFICATIONS cmp=com.android.dialer/.calllog.CallLogNotificationsService }}
V/InputMethodManagerService( 1655): windowGainedFocus: android.os.BinderProxy@42935610 controlFlags=#105 softInputMode=#123 windowFlags=#1810100
V/ActivityManager( 1655): Broadcast: Intent { act=com.kingroot.common.ACTION_TOP_ACTIVITY_CHANGED flg=0x10 (has extras) } ordered=false userid=0 callerApp=ProcessRecord{432339b0 4361:com.kingroot.kinguser:service/u0a97}
V/ActivityManager( 1655): Broadcast: Intent { act=com.kingroot.common.ACTION_TOP_APP_CHANGED flg=0x10 (has extras) } ordered=false userid=0 callerApp=ProcessRecord{432339b0 4361:com.kingroot.kinguser:service/u0a97}
D/ActivityThread( 4361): BDC-Calling onReceive: intent=Intent { act=com.kingroot.common.ACTION_TOP_ACTIVITY_CHANGED flg=0x10 cmp=com.kingroot.kinguser/com.kingroot.common.framework.broadcast.KSysBroadcastReceiver (has extras) }, ordered=true, receiver=com.kingroot.common.framework.broadcast.KSysBroadcastReceiver@42766958
D/ActivityThread( 4361): BDC-RECEIVER handled : 0 / ReceiverData{intent=Intent { act=com.kingroot.common.ACTION_TOP_ACTIVITY_CHANGED flg=0x10 cmp=com.kingroot.kinguser/com.kingroot.common.framework.broadcast.KSysBroadcastReceiver (has extras) } packageName=com.kingroot.kinguser resultCode=-1 resultData=null resultExtras=null}
D/ActivityThread( 4580): SVC-Destroying service: com.android.dialer.calllog.CallLogNotificationsService@431c70a8
D/ActivityThread( 4580): SVC-STOP_SERVICE handled : 0 / android.os.BinderProxy@433e6650
D/ActivityThread( 4361): BDC-Calling onReceive: intent=Intent { act=com.kingroot.common.ACTION_TOP_APP_CHANGED flg=0x10 cmp=com.kingroot.kinguser/com.kingroot.common.framework.broadcast.KSysBroadcastReceiver (has extras) }, ordered=true, receiver=com.kingroot.common.framework.broadcast.KSysBroadcastReceiver@4273df50
V/ActivityManager( 1655): ACT-Activity idle: Token{42942a78 ActivityRecord{42edb730 u0 com.android.dialer/.DialtactsActivity t51}}
D/ActivityThread( 4361): BDC-RECEIVER handled : 0 / ReceiverData{intent=Intent { act=com.kingroot.common.ACTION_TOP_APP_CHANGED flg=0x10 cmp=com.kingroot.kinguser/com.kingroot.common.framework.broadcast.KSysBroadcastReceiver (has extras) } packageName=com.kingroot.kinguser resultCode=-1 resultData=null resultExtras=null}
V/ActivityManager( 1655): ensureActivitiesVisibleLocked: consider front
V/ActivityManager( 1655): ensureActivitiesVisibleLocked: consider back
D/ActivityManager( 1655): getContentProviderImpl: from caller=android.app.ApplicationThreadProxy@44843e68 (pid=27486, userId=0) to get content provider com.tencent.android.qqdownloader.localapk.provider cpr=ContentProviderRecord{4384f7f0 u0 com.tencent.android.qqdownloader/com.tencent.assistant.localres.localapk.LocalApkProvider}
D/ActivityThread(27486): hoder:android.app.IActivityManager$ContentProviderHolder@44626f70,provider,holder.Provider:android.content.ContentProviderProxy@443ff030
D/ActivityManager( 1655): getContentProviderImpl: from caller=android.app.ApplicationThreadProxy@448447b0 (pid=27486, userId=0) to get content provider com.tencent.android.qqdownloader.localapk.provider cpr=ContentProviderRecord{4384f7f0 u0 com.tencent.android.qqdownloader/com.tencent.assistant.localres.localapk.LocalApkProvider}
D/ActivityThread(27486): hoder:android.app.IActivityManager$ContentProviderHolder@4310c1e0,provider,holder.Provider:android.content.ContentProviderProxy@42922e38
V/ActivityManager( 1655): Broadcast sticky: Intent { act=android.intent.action.SIG_STR flg=0x10 (has extras) } ordered=false userid=-1 callerApp=ProcessRecord{4276e330 1655:system/1000}
D/ActivityManager( 1655): ACT-IDLE_NOW_MSG from windowsVisible() for idle: ActivityRecord{42edb730 u0 com.android.dialer/.DialtactsActivity t51}
V/ActivityManager( 1655): ACT-Activity idle: null
V/ActivityManager( 1655): ensureActivitiesVisibleLocked: consider front
V/ActivityManager( 1655): ensureActivitiesVisibleLocked: consider back
I/WindowManager( 1655): setHoldScreenLocked: hold=false
W/ActivityManager( 1655): Unbind failed: could not find connection for android.os.BinderProxy@44ad2fe0
V/ActivityThread(13777): Finishing stop of ActivityRecord{42e33e60 token=android.os.BinderProxy@42e33568 {com.sixty.nidoneClient/com.sixty.nidoneClient.view.activity.SDK_WebApp}}: show=false win=com.android.internal.policy.impl.PhoneWindow@42a732c0
D/ActivityThread(13777): ACT-STOP_ACTIVITY_HIDE handled : 0 / android.os.BinderProxy@42e33568
V/NetworkStats( 1655): setKernelCounterSet uid=10279 set=0
D/ConnectivityService( 1655): onUidRulesChanged(uid=10279, uidRules=0)
V/ActivityManager( 1655): Broadcast: Intent { act=oppo.intent.action.CANCEL.MISSED.CALL.NOTIFICATIONS flg=0x10 } ordered=false userid=0 callerApp=ProcessRecord{430993e0 4580:com.android.dialer/u0a4}
D/ActivityThread( 4184): BDC-Calling onReceive: intent=Intent { act=oppo.intent.action.CANCEL.MISSED.CALL.NOTIFICATIONS flg=0x10 cmp=com.android.phone/.OppoMissedCallAlertReceiver }, ordered=true, receiver=com.android.phone.OppoMissedCallAlertReceiver@42cb8ee8
D/ActivityThread( 4184): BDC-RECEIVER handled : 0 / ReceiverData{intent=Intent { act=oppo.intent.action.CANCEL.MISSED.CALL.NOTIFICATIONS flg=0x10 cmp=com.android.phone/.OppoMissedCallAlertReceiver } packageName=com.android.phone resultCode=-1 resultData=null resultExtras=null}
D/ActivityManager( 1655): startActivityMayWait() with permission: android.permission.CALL_PRIVILEGED
I/ActivityManager( 1655): START u0 {act=android.intent.action.CALL_PRIVILEGED dat=tel:xxxxxxxxxxx flg=0x10000000 cmp=com.android.phone/.PrivilegedOutgoingCallBroadcaster (has extras)} from pid 4580
E/ActivityManager( 1655): START {act=android.intent.action.CALL_PRIVILEGED dat=tel:xxxxxxxxxxx flg=0x10000000 cmp=com.android.phone/.PrivilegedOutgoingCallBroadcaster (has extras) u=0} from pid 4580
D/ActivityManager( 1655): ACT-moveHomeTask toFront : false homeInFront = false
D/ActivityManager( 1655): ACT-BMW, insertTaskAtTop fromHome = false lastStack = ActivityStack{435b1110 stackId=7, 9 tasks} this = ActivityStack{435b1110 stackId=7, 9 tasks} topTask() = TaskRecord{448d56c0 #51 A=com.android.dialer U=0 sz=1}
D/ActivityManager( 1655): ACT-BMW, insertTaskAtTop fromHome = false lastStack = ActivityStack{435b1110 stackId=7, 10 tasks} this = ActivityStack{435b1110 stackId=7, 10 tasks} topTask() = TaskRecord{44943230 #74 A=com.android.phone U=0 sz=0}
V/WindowManager( 1655): Changing focus from Window{42f726a0 u0 com.android.dialer/com.android.dialer.DialtactsActivity} to null Callers=com.android.server.wm.WindowManagerService.setFocusedApp:4747 com.android.server.am.ActivityManagerService.setFocusedActivityLocked:2623 com.android.server.am.ActivityStackSupervisor.startActivityUncheckedLocked:3315 com.android.server.am.ActivityStackSupervisor.startActivityLocked:2100 
I/WindowManager( 1655): Losing focus: Window{42f726a0 u0 com.android.dialer/com.android.dialer.DialtactsActivity}
D/ActivityManager( 1655): getContentProviderImpl: from caller=android.app.ApplicationThreadProxy@43a0af38 (pid=4580, userId=0) to get content provider com.android.contacts cpr=ContentProviderRecord{43482530 u0 com.android.providers.contacts/.ContactsProvider2}
D/ActivityManager( 1655): getContentProviderImpl: updateLruProcessLocked cpr.proc=ProcessRecord{430b8be8 5181:android.process.acore/u0a2}
D/ActivityThread( 4580): hoder:android.app.IActivityManager$ContentProviderHolder@43888d00,provider,holder.Provider:android.content.ContentProviderProxy@438897f8
D/TelephonyRegistry( 1655): listen: E pkg=<unknown> events=0x0 myUid=0 callerUid=0
D/TelephonyRegistry( 1655): listen: E pkg=<unknown> events=0x0 myUid=0 callerUid=0
D/ActivityThread( 4580): ACT-AM_ON_PAUSE_CALLED ActivityRecord{42730e38 token=android.os.BinderProxy@427305d8 {com.android.dialer/com.android.dialer.DialtactsActivity}}
W/ContextImpl( 1655): Calling a method in the system process without a qualified user: android.app.ContextImpl.sendBroadcast:1345 com.android.server.am.OppoProtectEyeManagerService.sendProtectEyeBroadcast:167 com.android.server.am.OppoProtectEyeManagerService.handleProtectEyeMode:140 com.android.server.am.ActivityStack.resumeTopActivityLocked:2177 com.android.server.am.ActivityStackSupervisor.resumeTopActivitiesLocked:3644 
V/ActivityManager( 1655): Broadcast: Intent { act=android.intent.action.OPPO_ROM_APP_CHANGE flg=0x10 (has extras) } ordered=false userid=0 callerApp=ProcessRecord{4276e330 1655:system/1000}
V/ActivityManager( 1655): ensureActivitiesVisibleLocked: consider front
V/ActivityManager( 1655): ensureActivitiesVisibleLocked: consider back
V/ActivityManager( 1655): ensureActivitiesVisibleLocked: consider front
V/ActivityManager( 1655): ensureActivitiesVisibleLocked: consider back
V/ActivityThread( 4184): ActivityRecord{4283ea30 token=android.os.BinderProxy@4283e0a8 {com.android.phone/com.android.phone.PrivilegedOutgoingCallBroadcaster}}: app=com.android.phone.PhoneApp@42716118, appName=com.android.phone, pkg=com.android.phone, comp={com.android.phone/com.android.phone.PrivilegedOutgoingCallBroadcaster}, dir=/system/priv-app/TeleService.apk
D/ActivityThread( 4580): ACT-PAUSE_ACTIVITY handled : 1 / android.os.BinderProxy@427305d8
D/ActivityThread( 4327): BDC-Calling onReceive: intent=Intent { act=android.intent.action.OPPO_ROM_APP_CHANGE flg=0x10 cmp=com.color.safecenter/com.color.datamonitor.networkcontrol.PackageReceiver (has extras) }, ordered=true, receiver=com.color.datamonitor.networkcontrol.PackageReceiver@42d6c988
D/ConnectivityService( 1655): getActiveNetworkInfo:null
D/ActivityThread( 4327): BDC-RECEIVER handled : 0 / ReceiverData{intent=Intent { act=android.intent.action.OPPO_ROM_APP_CHANGE flg=0x10 cmp=com.color.safecenter/com.color.datamonitor.networkcontrol.PackageReceiver (has extras) } packageName=com.color.safecenter resultCode=-1 resultData=null resultExtras=null}
V/ActivityManager( 1655): Broadcast: Intent { act=android.intent.action.NEW_OUTGOING_CALL flg=0x10000010 (has extras) } ordered=true userid=0 callerApp=ProcessRecord{433169a8 4184:com.android.phone/1001}
W/BroadcastQueue( 1655): Permission Denial: receiving Intent { act=android.intent.action.NEW_OUTGOING_CALL flg=0x10000010 (has extras) } to ProcessRecord{4345edd8 4257:com.oppo.oppogestureservice/u0a58} (pid=4257, uid=10058) requires android.permission.PROCESS_OUTGOING_CALLS due to sender com.android.phone (uid 1001)
V/ActivityThread( 4184): Performing resume of ActivityRecord{4283ea30 token=android.os.BinderProxy@4283e0a8 {com.android.phone/com.android.phone.PrivilegedOutgoingCallBroadcaster}} finished=false
D/ActivityThread( 4184): ACT-AM_ON_RESUME_CALLED ActivityRecord{4283ea30 token=android.os.BinderProxy@4283e0a8 {com.android.phone/com.android.phone.PrivilegedOutgoingCallBroadcaster}}
V/ActivityThread( 4184): Resume ActivityRecord{4283ea30 token=android.os.BinderProxy@4283e0a8 {com.android.phone/com.android.phone.PrivilegedOutgoingCallBroadcaster}} started activity: false, hideForNow: false, finished: false
V/ActivityThread( 4184): Resuming ActivityRecord{4283ea30 token=android.os.BinderProxy@4283e0a8 {com.android.phone/com.android.phone.PrivilegedOutgoingCallBroadcaster}} with isForward=true
V/ActivityThread( 4184): Scheduling idle handler for ActivityRecord{4283ea30 token=android.os.BinderProxy@4283e0a8 {com.android.phone/com.android.phone.PrivilegedOutgoingCallBroadcaster}}
D/ActivityThread( 4184): ACT-LAUNCH_ACTIVITY handled : 0 / ActivityRecord{4283ea30 token=android.os.BinderProxy@4283e0a8 {com.android.phone/com.android.phone.PrivilegedOutgoingCallBroadcaster}}
D/ActivityManager( 1655): getContentProviderImpl: from caller=android.app.ApplicationThreadProxy@43905610 (pid=4580, userId=0) to get content provider com.android.contacts cpr=ContentProviderRecord{43482530 u0 com.android.providers.contacts/.ContactsProvider2}
D/ActivityManager( 1655): getContentProviderImpl: updateLruProcessLocked cpr.proc=ProcessRecord{430b8be8 5181:android.process.acore/u0a2}
D/ActivityThread( 4580): hoder:android.app.IActivityManager$ContentProviderHolder@432f5048,provider,holder.Provider:android.content.ContentProviderProxy@432f5b20
V/CountryDetector( 1655):     phonetype=1
V/CountryDetector( 1655):     phonetype=1
D/CountryDetector( 1655): startLocationBasedDetection=true detectCountry=(source: 1, countryISO: 75) isAirplaneModeOff()=true mListener=com.android.server.CountryDetectorService$1@42b0de70 isGeoCoderImplemnted()=true
D/CountryDetector( 1655): startLocationBasedDetection=true detectCountry=(source: 1, countryISO: 75) isAirplaneModeOff()=true mListener=com.android.server.CountryDetectorService$1@42b0de70 isGeoCoderImplemnted()=true
V/CountryDetector( 1655):     phonetype=1
D/CountryDetector( 1655): startLocationBasedDetection=true detectCountry=(source: 1, countryISO: 75) isAirplaneModeOff()=true mListener=com.android.server.CountryDetectorService$1@42b0de70 isGeoCoderImplemnted()=true
V/CountryDetector( 1655):     phonetype=1
D/CountryDetector( 1655): startLocationBasedDetection=true detectCountry=(source: 1, countryISO: 75) isAirplaneModeOff()=true mListener=com.android.server.CountryDetectorService$1@42b0de70 isGeoCoderImplemnted()=true
I/ActivityManager( 1655): START u0 {flg=0x10800000 cmp=com.android.phone/.OppoErrorDialogActivity (has extras)} from pid 4184
E/ActivityManager( 1655): START {flg=0x10800000 cmp=com.android.phone/.OppoErrorDialogActivity (has extras) u=0} from pid 4184
D/ActivityManager( 1655): ACT-moveHomeTask toFront : false homeInFront = false
D/ActivityManager( 1655): ACT-BMW, insertTaskAtTop fromHome = false lastStack = ActivityStack{435b1110 stackId=7, 10 tasks} this = ActivityStack{435b1110 stackId=7, 10 tasks} topTask() = TaskRecord{44943230 #74 A=com.android.phone U=0 sz=1}
D/ActivityManager( 1655): ACT-BMW, insertTaskAtTop fromHome = false lastStack = ActivityStack{435b1110 stackId=7, 11 tasks} this = ActivityStack{435b1110 stackId=7, 11 tasks} topTask() = TaskRecord{44939f58 #75 A=com.android.phone U=0 sz=0}
D/ActivityManager( 1655): getContentProviderImpl: from caller=android.app.ApplicationThreadProxy@447bfdd8 (pid=4184, userId=0) to get content provider call_log cpr=ContentProviderRecord{4352eb88 u0 com.android.providers.contacts/.CallLogProvider}
D/ActivityManager( 1655): getContentProviderImpl: updateLruProcessLocked cpr.proc=ProcessRecord{430b8be8 5181:android.process.acore/u0a2}
D/ActivityThread( 4184): hoder:android.app.IActivityManager$ContentProviderHolder@4298ab20,provider,holder.Provider:android.content.ContentProviderProxy@4298b2b0
D/ActivityManager( 1655): getContentProviderImpl: from caller=android.app.ApplicationThreadProxy@446eeac0 (pid=4580, userId=0) to get content provider inquirenoarea cpr=ContentProviderRecord{42ff4430 u0 com.oppo.phonenoareainquire/.PhoneNoInquireProvider}
D/ActivityManager( 1655): getContentProviderImpl: updateLruProcessLocked cpr.proc=ProcessRecord{44814580 16038:com.oppo.phonenoareainquire/u0a73}
D/ActivityThread( 4580): hoder:android.app.IActivityManager$ContentProviderHolder@42f82db8,provider,holder.Provider:android.content.ContentProviderProxy@42f83450
D/ActivityThread( 4184): ACT-AM_ON_PAUSE_CALLED ActivityRecord{4283ea30 token=android.os.BinderProxy@4283e0a8 {com.android.phone/com.android.phone.PrivilegedOutgoingCallBroadcaster}}
V/ActivityManager( 1655): ensureActivitiesVisibleLocked: consider front
V/ActivityManager( 1655): ensureActivitiesVisibleLocked: consider back
V/ActivityManager( 1655): ensureActivitiesVisibleLocked: consider front
V/ActivityManager( 1655): ensureActivitiesVisibleLocked: consider back
D/ActivityThread( 4184): ACT-PAUSE_ACTIVITY handled : 1 / android.os.BinderProxy@4283e0a8
V/ActivityThread( 4184): ActivityRecord{42a31c00 token=android.os.BinderProxy@42a31390 {com.android.phone/com.android.phone.OppoErrorDialogActivity}}: app=com.android.phone.PhoneApp@42716118, appName=com.android.phone, pkg=com.android.phone, comp={com.android.phone/com.android.phone.OppoErrorDialogActivity}, dir=/system/priv-app/TeleService.apk
V/WindowManager( 1655): Changing focus from null to Window{43d39078 u0 com.android.phone/com.android.phone.OppoErrorDialogActivity} Callers=com.android.server.wm.WindowManagerService.addWindow:2968 com.android.server.wm.Session.addToDisplay:163 android.view.IWindowSession$Stub.onTransact:111 com.android.server.wm.Session.onTransact:126 
I/WindowManager( 1655): Gaining focus: Window{43d39078 u0 com.android.phone/com.android.phone.OppoErrorDialogActivity}
V/ActivityManager( 1655): Broadcast: Intent { act=com.android.oppo.cleardialerinfo flg=0x10 } ordered=false userid=0 callerApp=ProcessRecord{433169a8 4184:com.android.phone/1001}
V/ActivityThread( 4184): Performing resume of ActivityRecord{42a31c00 token=android.os.BinderProxy@42a31390 {com.android.phone/com.android.phone.OppoErrorDialogActivity}} finished=false
D/ActivityThread( 4184): ACT-AM_ON_RESUME_CALLED ActivityRecord{42a31c00 token=android.os.BinderProxy@42a31390 {com.android.phone/com.android.phone.OppoErrorDialogActivity}}
V/ActivityThread( 4184): Resume ActivityRecord{42a31c00 token=android.os.BinderProxy@42a31390 {com.android.phone/com.android.phone.OppoErrorDialogActivity}} started activity: false, hideForNow: false, finished: false
V/ActivityThread( 4184): Resuming ActivityRecord{42a31c00 token=android.os.BinderProxy@42a31390 {com.android.phone/com.android.phone.OppoErrorDialogActivity}} with isForward=true
V/ActivityThread( 4184): Scheduling idle handler for ActivityRecord{42a31c00 token=android.os.BinderProxy@42a31390 {com.android.phone/com.android.phone.OppoErrorDialogActivity}}
D/ActivityThread( 4184): ACT-LAUNCH_ACTIVITY handled : 0 / ActivityRecord{42a31c00 token=android.os.BinderProxy@42a31390 {com.android.phone/com.android.phone.OppoErrorDialogActivity}}
D/ActivityManager( 1655): getContentProviderImpl: from caller=android.app.ApplicationThreadProxy@438bb598 (pid=5181, userId=0) to get content provider telephony cpr=ContentProviderRecord{42a95c38 u0 com.android.providers.telephony/.TelephonyProvider}
D/ActivityManager( 1655): getContentProviderImpl: updateLruProcessLocked cpr.proc=ProcessRecord{433169a8 4184:com.android.phone/1001}
D/ActivityThread( 5181): hoder:android.app.IActivityManager$ContentProviderHolder@427d0ae8,provider,holder.Provider:android.content.ContentProviderProxy@4273e810
D/ActivityManager( 1655): getContentProviderImpl: from caller=android.app.ApplicationThreadProxy@44051490 (pid=4184, userId=0) to get content provider call_log cpr=ContentProviderRecord{4352eb88 u0 com.android.providers.contacts/.CallLogProvider}
D/ActivityManager( 1655): getContentProviderImpl: updateLruProcessLocked cpr.proc=ProcessRecord{430b8be8 5181:android.process.acore/u0a2}
D/ActivityThread( 4184): hoder:android.app.IActivityManager$ContentProviderHolder@42b97cf8,provider,holder.Provider:android.content.ContentProviderProxy@42b984a0
D/ActivityManager( 1655): getContentProviderImpl: from caller=android.app.ApplicationThreadProxy@456762c8 (pid=5181, userId=0) to get content provider telephony cpr=ContentProviderRecord{42a95c38 u0 com.android.providers.telephony/.TelephonyProvider}
D/ActivityManager( 1655): getContentProviderImpl: updateLruProcessLocked cpr.proc=ProcessRecord{433169a8 4184:com.android.phone/1001}
D/ActivityThread( 5181): hoder:android.app.IActivityManager$ContentProviderHolder@427d2848,provider,holder.Provider:android.content.ContentProviderProxy@427d28a8
V/ActivityManager( 1655): ACT-Activity idle: Token{449399b0 ActivityRecord{44939838 u0 com.android.phone/.OppoErrorDialogActivity t75}}
V/ActivityManager( 1655): ensureActivitiesVisibleLocked: consider front
V/ActivityManager( 1655): ensureActivitiesVisibleLocked: consider back
D/ActivityThread( 4184): ACT-DESTROY_ACTIVITY handled : 1 / android.os.BinderProxy@4283e0a8
D/ActivityManager( 1655): ACT-IDLE_NOW_MSG from windowsVisible() for idle: ActivityRecord{44939838 u0 com.android.phone/.OppoErrorDialogActivity t75}
V/ActivityManager( 1655): ACT-Activity idle: null
V/ActivityManager( 1655): ensureActivitiesVisibleLocked: consider front
V/ActivityManager( 1655): ensureActivitiesVisibleLocked: consider back
V/ActivityThread( 4580): Finishing stop of ActivityRecord{42730e38 token=android.os.BinderProxy@427305d8 {com.android.dialer/com.android.dialer.DialtactsActivity}}: show=true win=com.android.internal.policy.impl.OppoPhoneWindow@42738fe0
D/ActivityThread( 4580): ACT-STOP_ACTIVITY_SHOW handled : 0 / android.os.BinderProxy@427305d8
V/ActivityManager( 1655): Broadcast sticky: Intent { act=android.intent.action.ADDITIONAL_BATTERY_CHANGED flg=0x60000010 (has extras) } ordered=false userid=-1 callerApp=null
V/ActivityManager( 1655): Broadcast sticky: Intent { act=android.intent.action.BATTERY_CHANGED flg=0x60000010 (has extras) } ordered=false userid=-1 callerApp=null
D/WifiService( 1655): onReceive, action:android.intent.action.BATTERY_CHANGED
D/UsbDeviceManager( 1655): onReceive - BATTERY_CHANGED - mPlugType: 2, mSettingUsbCharging: false, mConnected: true, mSettingUsbBicr: false
D/WifiController( 1655): StaDisabledWithScanState{ when=-1ms what=155652 arg1=2 target=com.android.internal.util.StateMachine$SmHandler target=Handler (com.android.internal.util.StateMachine$SmHandler) {431e59b8} }
D/WifiController( 1655): DefaultState{ when=-5ms what=155652 arg1=2 target=com.android.internal.util.StateMachine$SmHandler target=Handler (com.android.internal.util.StateMachine$SmHandler) {431e59b8} }
D/WifiController( 1655): battery changed pluggedType: 2
V/ActivityManager( 1655): Broadcast sticky: Intent { act=android.intent.action.ADDITIONAL_BATTERY_CHANGED flg=0x60000010 (has extras) } ordered=false userid=-1 callerApp=null
V/ActivityManager( 1655): Broadcast sticky: Intent { act=android.intent.action.ADDITIONAL_BATTERY_CHANGED flg=0x60000010 (has extras) } ordered=false userid=-1 callerApp=null
D/ActivityManager( 1655): getContentProviderImpl: from caller=android.app.ApplicationThreadProxy@432ba830 (pid=27486, userId=0) to get content provider com.tencent.android.qqdownloader.localapk.provider cpr=ContentProviderRecord{4384f7f0 u0 com.tencent.android.qqdownloader/com.tencent.assistant.localres.localapk.LocalApkProvider}
D/ActivityThread(27486): hoder:android.app.IActivityManager$ContentProviderHolder@445248b8,provider,holder.Provider:android.content.ContentProviderProxy@444f9948
D/ActivityManager( 1655): getContentProviderImpl: from caller=android.app.ApplicationThreadProxy@432bb2f0 (pid=27486, userId=0) to get content provider com.tencent.android.qqdownloader.localapk.provider cpr=ContentProviderRecord{4384f7f0 u0 com.tencent.android.qqdownloader/com.tencent.assistant.localres.localapk.LocalApkProvider}
D/ActivityThread(27486): hoder:android.app.IActivityManager$ContentProviderHolder@4324e578,provider,holder.Provider:android.content.ContentProviderProxy@432916f0
V/WindowManager( 1655): Changing focus from Window{43d39078 u0 com.android.phone/com.android.phone.OppoErrorDialogActivity EXITING} to null Callers=com.android.server.wm.WindowManagerService.removeWindowLocked:3090 com.android.server.wm.WindowManagerService.removeWindowLocked:3017 com.android.server.wm.WindowManagerService.removeWindow:3012 com.android.server.wm.Session.remove:182 
I/WindowManager( 1655): Losing focus: Window{43d39078 u0 com.android.phone/com.android.phone.OppoErrorDialogActivity EXITING}
V/WindowManager( 1655): Changing focus from null to Window{42f726a0 u0 com.android.dialer/com.android.dialer.DialtactsActivity} Callers=com.android.server.wm.WindowManagerService.setFocusedApp:4747 com.android.server.am.ActivityManagerService.setFocusedActivityLocked:2623 com.android.server.am.ActivityStack.adjustFocusedActivityLocked:3108 com.android.server.am.ActivityStack.finishActivityLocked:3387 
I/WindowManager( 1655): Gaining focus: Window{42f726a0 u0 com.android.dialer/com.android.dialer.DialtactsActivity}
D/ActivityThread( 4184): ACT-AM_ON_PAUSE_CALLED ActivityRecord{42a31c00 token=android.os.BinderProxy@42a31390 {com.android.phone/com.android.phone.OppoErrorDialogActivity}}
W/ContextImpl( 1655): Calling a method in the system process without a qualified user: android.app.ContextImpl.sendBroadcast:1345 com.android.server.am.OppoProtectEyeManagerService.sendProtectEyeBroadcast:167 com.android.server.am.OppoProtectEyeManagerService.handleProtectEyeMode:140 com.android.server.am.ActivityStack.resumeTopActivityLocked:2177 com.android.server.am.ActivityStackSupervisor.resumeTopActivitiesLocked:3644 
V/ActivityManager( 1655): Broadcast: Intent { act=android.intent.action.OPPO_ROM_APP_CHANGE flg=0x10 (has extras) } ordered=false userid=0 callerApp=ProcessRecord{4276e330 1655:system/1000}
V/InputMethodManagerService( 1655): windowGainedFocus: android.os.BinderProxy@42935610 controlFlags=#1 softInputMode=#23 windowFlags=#1810100
W/InputMethodManagerService( 1655): Window already focused, ignoring focus gain of: com.android.internal.view.IInputMethodClient$Stub$Proxy@448057a0 attribute=null, token = android.os.BinderProxy@42f01d20
V/ActivityManager( 1655): ensureActivitiesVisibleLocked: consider front
V/ActivityManager( 1655): ensureActivitiesVisibleLocked: consider back
V/ActivityManager( 1655): ensureActivitiesVisibleLocked: consider front
V/ActivityManager( 1655): ensureActivitiesVisibleLocked: consider back
V/ActivityThread( 4580): Performing resume of ActivityRecord{42730e38 token=android.os.BinderProxy@427305d8 {com.android.dialer/com.android.dialer.DialtactsActivity}} finished=false
D/ActivityThread( 4184): ACT-PAUSE_ACTIVITY_FINISHING handled : 0 / android.os.BinderProxy@42a31390
D/ActivityThread( 4327): BDC-Calling onReceive: intent=Intent { act=android.intent.action.OPPO_ROM_APP_CHANGE flg=0x10 cmp=com.color.safecenter/com.color.datamonitor.networkcontrol.PackageReceiver (has extras) }, ordered=true, receiver=com.color.datamonitor.networkcontrol.PackageReceiver@42d695e8
D/ConnectivityService( 1655): getActiveNetworkInfo:null
D/ActivityThread( 4327): BDC-RECEIVER handled : 0 / ReceiverData{intent=Intent { act=android.intent.action.OPPO_ROM_APP_CHANGE flg=0x10 cmp=com.color.safecenter/com.color.datamonitor.networkcontrol.PackageReceiver (has extras) } packageName=com.color.safecenter resultCode=-1 resultData=null resultExtras=null}
D/TelephonyRegistry( 1655): listen: E pkg=<unknown> events=0x20 myUid=0 callerUid=0
I/TelephonyRegistry( 1655): listen: add new record={pkgForDebug=<unknown> callerUid=0 events=0}
D/TelephonyRegistry( 1655): validateEventsAndUserLocked: valid=false r.callerUid=0 foregroundUser=0 r.events=32 events=16
D/TelephonyRegistry( 1655): validateEventsAndUserLocked: valid=false r.callerUid=0 foregroundUser=0 r.events=32 events=1024
D/TelephonyRegistry( 1655): listen: E pkg=<unknown> events=0x20 myUid=0 callerUid=0
I/TelephonyRegistry( 1655): listen: add new record={pkgForDebug=<unknown> callerUid=0 events=0}
D/TelephonyRegistry( 1655): validateEventsAndUserLocked: valid=false r.callerUid=0 foregroundUser=0 r.events=32 events=16
D/TelephonyRegistry( 1655): validateEventsAndUserLocked: valid=false r.callerUid=0 foregroundUser=0 r.events=32 events=1024
D/ActivityThread( 4580): ACT-AM_ON_RESUME_CALLED ActivityRecord{42730e38 token=android.os.BinderProxy@427305d8 {com.android.dialer/com.android.dialer.DialtactsActivity}}
V/ActivityThread( 4580): Resume ActivityRecord{42730e38 token=android.os.BinderProxy@427305d8 {com.android.dialer/com.android.dialer.DialtactsActivity}} started activity: false, hideForNow: false, finished: false
V/ActivityThread( 4580): Resuming ActivityRecord{42730e38 token=android.os.BinderProxy@427305d8 {com.android.dialer/com.android.dialer.DialtactsActivity}} with isForward=false
D/ActivityManager( 1655): getContentProviderImpl: from caller=android.app.ApplicationThreadProxy@438a6d00 (pid=4580, userId=0) to get content provider com.android.contacts cpr=ContentProviderRecord{43482530 u0 com.android.providers.contacts/.ContactsProvider2}
D/ActivityManager( 1655): getContentProviderImpl: updateLruProcessLocked cpr.proc=ProcessRecord{430b8be8 5181:android.process.acore/u0a2}
V/ActivityThread( 4580): Scheduling idle handler for ActivityRecord{42730e38 token=android.os.BinderProxy@427305d8 {com.android.dialer/com.android.dialer.DialtactsActivity}}
D/ActivityThread( 4580): ACT-RESUME_ACTIVITY handled : 0 / android.os.BinderProxy@427305d8
D/ActivityThread( 4580): hoder:android.app.IActivityManager$ContentProviderHolder@432170a0,provider,holder.Provider:android.content.ContentProviderProxy@43217eb8
V/ActivityManager( 1655): ACT-Activity idle: Token{42942a78 ActivityRecord{42edb730 u0 com.android.dialer/.DialtactsActivity t51}}
V/ActivityManager( 1655): ensureActivitiesVisibleLocked: consider front
V/ActivityManager( 1655): ensureActivitiesVisibleLocked: consider back
D/ActivityThread( 4184): ACT-DESTROY_ACTIVITY handled : 1 / android.os.BinderProxy@42a31390
D/ActivityManager( 1655): getContentProviderImpl: from caller=android.app.ApplicationThreadProxy@44b01d20 (pid=27486, userId=0) to get content provider com.tencent.android.qqdownloader.localapk.provider cpr=ContentProviderRecord{4384f7f0 u0 com.tencent.android.qqdownloader/com.tencent.assistant.localres.localapk.LocalApkProvider}
D/ActivityThread(27486): hoder:android.app.IActivityManager$ContentProviderHolder@4376c710,provider,holder.Provider:android.content.ContentProviderProxy@42917198
D/ActivityManager( 1655): getContentProviderImpl: from caller=android.app.ApplicationThreadProxy@44a17a90 (pid=27486, userId=0) to get content provider com.tencent.android.qqdownloader.localapk.provider cpr=ContentProviderRecord{4384f7f0 u0 com.tencent.android.qqdownloader/com.tencent.assistant.localres.localapk.LocalApkProvider}
D/ActivityThread(27486): hoder:android.app.IActivityManager$ContentProviderHolder@44763ed8,provider,holder.Provider:android.content.ContentProviderProxy@42914a00
V/ActivityManager( 1655): Broadcast: Intent { act=oppo.intent.action.CANCEL.MISSED.CALL.NOTIFICATIONS flg=0x10 } ordered=false userid=0 callerApp=ProcessRecord{430993e0 4580:com.android.dialer/u0a4}
D/ActivityThread( 4184): BDC-Calling onReceive: intent=Intent { act=oppo.intent.action.CANCEL.MISSED.CALL.NOTIFICATIONS flg=0x10 cmp=com.android.phone/.OppoMissedCallAlertReceiver }, ordered=true, receiver=com.android.phone.OppoMissedCallAlertReceiver@42a7cbf0
D/ActivityThread( 4184): BDC-RECEIVER handled : 0 / ReceiverData{intent=Intent { act=oppo.intent.action.CANCEL.MISSED.CALL.NOTIFICATIONS flg=0x10 cmp=com.android.phone/.OppoMissedCallAlertReceiver } packageName=com.android.phone resultCode=-1 resultData=null resultExtras=null}
D/ActivityManager( 1655): getContentProviderImpl: from caller=android.app.ApplicationThreadProxy@45411c38 (pid=5181, userId=0) to get content provider telephony cpr=ContentProviderRecord{42a95c38 u0 com.android.providers.telephony/.TelephonyProvider}
D/ActivityManager( 1655): getContentProviderImpl: updateLruProcessLocked cpr.proc=ProcessRecord{433169a8 4184:com.android.phone/1001}
D/ActivityThread( 5181): hoder:android.app.IActivityManager$ContentProviderHolder@4276f908,provider,holder.Provider:android.content.ContentProviderProxy@4276eda8
V/ActivityManager( 1655): Broadcast: Intent { act=AlarmTaskSchedule.io.dcloud.HBuilder flg=0x94 (has extras) } ordered=true userid=0 callerApp=null
V/ActivityManager( 1655): Broadcast: Intent { act=AlarmTaskSchedule.com.moji.airnut flg=0x94 (has extras) } ordered=true userid=0 callerApp=null
V/ActivityManager( 1655): Broadcast: Intent { act=action_keep_alive_after_send_end flg=0x94 (has extras) } ordered=true userid=0 callerApp=null
D/ActivityThread(31092): BDC-Calling onReceive: intent=Intent { act=AlarmTaskSchedule.io.dcloud.HBuilder flg=0x94 (has extras) }, ordered=true, receiver=com.igexin.b.a.b.c@4279dd80, IIntentReceiver=4279fb00
D/ActivityThread(31092): BDC-Calling finishReceiver: IIntentReceiver=4279fb00
D/ActivityThread(29872): BDC-Calling onReceive: intent=Intent { act=AlarmTaskSchedule.com.moji.airnut flg=0x94 (has extras) }, ordered=true, receiver=com.igexin.b.a.b.c@4298b220, IIntentReceiver=4298d1d0
D/ActivityThread(29872): BDC-Calling finishReceiver: IIntentReceiver=4298d1d0
D/ActivityThread( 5365): BDC-Calling onReceive: intent=Intent { act=action_keep_alive_after_send_end flg=0x94 (has extras) }, ordered=true, receiver=tmsdk.common.b.a.c@428a4a30, IIntentReceiver=428a4b10
D/ActivityThread( 5365): BDC-Calling finishReceiver: IIntentReceiver=428a4b10
V/AlarmManager( 1655): isAlarmNeedAlign : charging
V/AlarmManager( 1655): isAlarmNeedAlign : charging
V/AlarmManager( 1655): isAlarmNeedAlign : charging
V/AlarmManager( 1655): isAlarmNeedAlign : charging
V/AlarmManager( 1655): isAlarmNeedAlign : charging
V/AlarmManager( 1655): isAlarmNeedAlign : charging
V/AlarmManager( 1655): isAlarmNeedAlign : charging
V/AlarmManager( 1655): isAlarmNeedAlign : charging
V/AlarmManager( 1655): isAlarmNeedAlign : charging
V/AlarmManager( 1655): isAlarmNeedAlign : charging
V/AlarmManager( 1655): isAlarmNeedAlign : charging
V/AlarmManager( 1655): isAlarmNeedAlign : charging
V/AlarmManager( 1655): isAlarmNeedAlign : charging
V/AlarmManager( 1655): isAlarmNeedAlign : charging
V/AlarmManager( 1655): isAlarmNeedAlign : charging
V/AlarmManager( 1655): isAlarmNeedAlign : charging
V/AlarmManager( 1655): isAlarmNeedAlign : charging
V/AlarmManager( 1655): isAlarmNeedAlign : charging
V/AlarmManager( 1655): isAlarmNeedAlign : charging
V/AlarmManager( 1655): isAlarmNeedAlign : charging
V/AlarmManager( 1655): isAlarmNeedAlign : charging
V/AlarmManager( 1655): isAlarmNeedAlign : charging
V/AlarmManager( 1655): isAlarmNeedAlign : charging
V/AlarmManager( 1655): isAlarmNeedAlign : charging
V/AlarmManager( 1655): isAlarmNeedAlign : charging
V/AlarmManager( 1655): isAlarmNeedAlign : charging
V/AlarmManager( 1655): isAlarmNeedAlign : charging
V/AlarmManager( 1655): isAlarmNeedAlign : charging
V/AlarmManager( 1655): isAlarmNeedAlign : charging
V/AlarmManager( 1655): isAlarmNeedAlign : charging
V/AlarmManager( 1655): isAlarmNeedAlign : charging
V/AlarmManager( 1655): isAlarmNeedAlign : charging
V/AlarmManager( 1655): isAlarmNeedAlign : charging
V/AlarmManager( 1655): isAlarmNeedAlign : charging
V/AlarmManager( 1655): isAlarmNeedAlign : charging
V/AlarmManager( 1655): isAlarmNeedAlign : charging
V/AlarmManager( 1655): isAlarmNeedAlign : charging
V/AlarmManager( 1655): isAlarmNeedAlign : charging
V/AlarmManager( 1655): isAlarmNeedAlign : charging
V/AlarmManager( 1655): isAlarmNeedAlign : charging
V/AlarmManager( 1655): isAlarmNeedAlign : charging
V/AlarmManager( 1655): isAlarmNeedAlign : charging
V/AlarmManager( 1655): isAlarmNeedAlign : charging
V/AlarmManager( 1655): isAlarmNeedAlign : charging
V/AlarmManager( 1655): isAlarmNeedAlign : charging
V/AlarmManager( 1655): isAlarmNeedAlign : charging
V/AlarmManager( 1655): isAlarmNeedAlign : charging
V/AlarmManager( 1655): isAlarmNeedAlign : charging
V/AlarmManager( 1655): isAlarmNeedAlign : charging
V/AlarmManager( 1655): isAlarmNeedAlign : charging
V/AlarmManager( 1655): isAlarmNeedAlign : charging
V/AlarmManager( 1655): isAlarmNeedAlign : charging
V/AlarmManager( 1655): isAlarmNeedAlign : charging
V/AlarmManager( 1655): isAlarmNeedAlign : charging
V/AlarmManager( 1655): isAlarmNeedAlign : charging
V/AlarmManager( 1655): isAlarmNeedAlign : charging
V/AlarmManager( 1655): isAlarmNeedAlign : charging
V/AlarmManager( 1655): isAlarmNeedAlign : charging
V/AlarmManager( 1655): isAlarmNeedAlign : charging
V/AlarmManager( 1655): isAlarmNeedAlign : charging
V/AlarmManager( 1655): isAlarmNeedAlign : charging
V/AlarmManager( 1655): isAlarmNeedAlign : charging
V/AlarmManager( 1655): isAlarmNeedAlign : charging
V/AlarmManager( 1655): isAlarmNeedAlign : charging
D/ConnectivityService( 1655): getActiveNetworkInfo:null
V/AlarmManager( 1655): isAlarmNeedAlign : charging
V/AlarmManager( 1655): isAlarmNeedAlign : charging
V/AlarmManager( 1655): isAlarmNeedAlign : charging
V/AlarmManager( 1655): isAlarmNeedAlign : charging
V/AlarmManager( 1655): isAlarmNeedAlign : charging
V/AlarmManager( 1655): isAlarmNeedAlign : charging
V/AlarmManager( 1655): isAlarmNeedAlign : charging
V/AlarmManager( 1655): isAlarmNeedAlign : charging
V/AlarmManager( 1655): isAlarmNeedAlign : charging
V/AlarmManager( 1655): isAlarmNeedAlign : charging
V/AlarmManager( 1655): isAlarmNeedAlign : charging
V/AlarmManager( 1655): isAlarmNeedAlign : charging
V/AlarmManager( 1655): isAlarmNeedAlign : charging
V/AlarmManager( 1655): isAlarmNeedAlign : charging
V/AlarmManager( 1655): isAlarmNeedAlign : charging
V/AlarmManager( 1655): isAlarmNeedAlign : charging
V/AlarmManager( 1655): isAlarmNeedAlign : charging
V/AlarmManager( 1655): isAlarmNeedAlign : charging
V/AlarmManager( 1655): isAlarmNeedAlign : charging
V/AlarmManager( 1655): isAlarmNeedAlign : charging
V/AlarmManager( 1655): isAlarmNeedAlign : charging
V/AlarmManager( 1655): isAlarmNeedAlign : charging
V/AlarmManager( 1655): isAlarmNeedAlign : charging
V/AlarmManager( 1655): isAlarmNeedAlign : charging
V/AlarmManager( 1655): isAlarmNeedAlign : charging
V/AlarmManager( 1655): isAlarmNeedAlign : charging
V/AlarmManager( 1655): isAlarmNeedAlign : charging
V/AlarmManager( 1655): isAlarmNeedAlign : charging
V/AlarmManager( 1655): isAlarmNeedAlign : charging
V/AlarmManager( 1655): isAlarmNeedAlign : charging
V/AlarmManager( 1655): isAlarmNeedAlign : charging
V/AlarmManager( 1655): isAlarmNeedAlign : charging
V/AlarmManager( 1655): isAlarmNeedAlign : charging
V/AlarmManager( 1655): isAlarmNeedAlign : charging
V/AlarmManager( 1655): isAlarmNeedAlign : charging
V/AlarmManager( 1655): isAlarmNeedAlign : charging
V/AlarmManager( 1655): isAlarmNeedAlign : charging
V/AlarmManager( 1655): isAlarmNeedAlign : charging
V/AlarmManager( 1655): isAlarmNeedAlign : charging
V/AlarmManager( 1655): isAlarmNeedAlign : charging
V/AlarmManager( 1655): isAlarmNeedAlign : charging
V/AlarmManager( 1655): isAlarmNeedAlign : charging
V/AlarmManager( 1655): isAlarmNeedAlign : charging
V/AlarmManager( 1655): isAlarmNeedAlign : charging
V/AlarmManager( 1655): isAlarmNeedAlign : charging
V/AlarmManager( 1655): isAlarmNeedAlign : charging
V/AlarmManager( 1655): isAlarmNeedAlign : charging
V/AlarmManager( 1655): isAlarmNeedAlign : charging
V/AlarmManager( 1655): isAlarmNeedAlign : charging
V/AlarmManager( 1655): isAlarmNeedAlign : charging
D/ConnectivityService( 1655): getActiveNetworkInfo:null
V/ActivityManager( 1655): Broadcast: Intent { act=android.intent.action.CLOSE_SYSTEM_DIALOGS flg=0x50000010 (has extras) } ordered=false userid=-1 callerApp=null
D/ActivityManager( 1655): getContentProviderImpl: from caller=android.app.ApplicationThreadProxy@449a0088 (pid=27486, userId=0) to get content provider com.tencent.android.qqdownloader.settings.provider cpr=ContentProviderRecord{43a7f6a0 u0 com.tencent.android.qqdownloader/com.tencent.assistant.db.contentprovider.AstSettingsProvider}
D/ActivityManager( 1655): getContentProviderImpl: from caller=android.app.ApplicationThreadProxy@444df028 (pid=27839, userId=0) to get content provider com.tencent.android.qqdownloader.settings.provider cpr=ContentProviderRecord{43a7f6a0 u0 com.tencent.android.qqdownloader/com.tencent.assistant.db.contentprovider.AstSettingsProvider}
D/ActivityManager( 1655): getContentProviderImpl: from caller=android.app.ApplicationThreadProxy@444e00a8 (pid=27664, userId=0) to get content provider com.tencent.android.qqdownloader.settings.provider cpr=ContentProviderRecord{43a7f6a0 u0 com.tencent.android.qqdownloader/com.tencent.assistant.db.contentprovider.AstSettingsProvider}
D/ActivityManager( 1655): getContentProviderImpl: from caller=android.app.ApplicationThreadProxy@444e0150 (pid=27559, userId=0) to get content provider com.tencent.android.qqdownloader.settings.provider cpr=ContentProviderRecord{43a7f6a0 u0 com.tencent.android.qqdownloader/com.tencent.assistant.db.contentprovider.AstSettingsProvider}
D/ActivityThread(27839): hoder:android.app.IActivityManager$ContentProviderHolder@42a46be0,provider,holder.Provider:android.content.ContentProviderProxy@429e26b8
D/ActivityThread(27486): hoder:android.app.IActivityManager$ContentProviderHolder@4293f2e0,provider,holder.Provider:android.content.ContentProviderProxy@4290d4c0
D/ActivityThread(27664): hoder:android.app.IActivityManager$ContentProviderHolder@42d4f840,provider,holder.Provider:android.content.ContentProviderProxy@42d4fbf0
D/ActivityThread(27559): hoder:android.app.IActivityManager$ContentProviderHolder@42df8658,provider,holder.Provider:android.content.ContentProviderProxy@42df8678
I/ActivityManager( 1655): START u0 {act=android.intent.action.MAIN cat=[android.intent.category.HOME] flg=0x10200000 cmp=com.oppo.launcher/.Launcher} from pid 1655
E/ActivityManager( 1655): START {act=android.intent.action.MAIN cat=[android.intent.category.HOME] flg=0x10200000 cmp=com.oppo.launcher/.Launcher u=0} from pid 1655
D/ActivityManager( 1655): ACT-moveHomeTask toFront : true homeInFront = false
D/ActivityManager( 1655): ACT-moveHomeTask toFront : true homeInFront = true
D/ActivityManager( 1655): ACT-BMW, insertTaskAtTop fromHome = false lastStack = ActivityStack{435b1110 stackId=7, 9 tasks} this = ActivityStack{427f7890 stackId=0, 1 tasks} topTask() = TaskRecord{430fab60 #1 A=com.oppo.launcher U=0 sz=1}
D/ActivityManager( 1655): launchFlags = 10200000, launchMode = 2, realActivity = ComponentInfo{com.oppo.launcher/com.oppo.launcher.Launcher}, task.realActivity = ComponentInfo{com.oppo.launcher/com.oppo.launcher.Launcher}
I/ActivityManager( 1655): topActivity.packageName = com.oppo.launcher
D/TelephonyRegistry( 1655): listen: E pkg=<unknown> events=0x0 myUid=0 callerUid=0
D/TelephonyRegistry( 1655): listen: E pkg=<unknown> events=0x0 myUid=0 callerUid=0
D/ActivityThread( 4580): ACT-AM_ON_PAUSE_CALLED ActivityRecord{42730e38 token=android.os.BinderProxy@427305d8 {com.android.dialer/com.android.dialer.DialtactsActivity}}
W/ContextImpl( 1655): Calling a method in the system process without a qualified user: android.app.ContextImpl.sendBroadcast:1345 com.android.server.am.OppoProtectEyeManagerService.sendProtectEyeBroadcast:167 com.android.server.am.OppoProtectEyeManagerService.handleProtectEyeMode:140 com.android.server.am.ActivityStack.resumeTopActivityLocked:2177 com.android.server.am.ActivityStackSupervisor.resumeTopActivitiesLocked:3644 
V/ActivityManager( 1655): Broadcast: Intent { act=android.intent.action.OPPO_ROM_APP_CHANGE flg=0x10 (has extras) } ordered=false userid=0 callerApp=ProcessRecord{4276e330 1655:system/1000}
V/ActivityManager( 1655): ensureActivitiesVisibleLocked: consider front
V/ActivityManager( 1655): ensureActivitiesVisibleLocked: consider back
V/ActivityManager( 1655): ensureActivitiesVisibleLocked: consider front
V/ActivityManager( 1655): ensureActivitiesVisibleLocked: consider back
V/WindowManager( 1655): Changing focus from Window{42f726a0 u0 com.android.dialer/com.android.dialer.DialtactsActivity} to null Callers=com.android.server.wm.WindowManagerService.setFocusedApp:4747 com.android.server.am.ActivityManagerService.setFocusedActivityLocked:2623 com.android.server.am.ActivityStack.completeResumeLocked:1313 com.android.server.am.ActivityStack.resumeTopActivityLocked:2396 
I/WindowManager( 1655): Losing focus: Window{42f726a0 u0 com.android.dialer/com.android.dialer.DialtactsActivity}
D/ActivityThread( 4580): ACT-PAUSE_ACTIVITY handled : 1 / android.os.BinderProxy@427305d8
V/ActivityManager( 1655): ACT-Activity idle: null
V/NetworkStats( 1655): setKernelCounterSet uid=10042 set=1
D/ActivityThread( 4327): BDC-Calling onReceive: intent=Intent { act=android.intent.action.OPPO_ROM_APP_CHANGE flg=0x10 cmp=com.color.safecenter/com.color.datamonitor.networkcontrol.PackageReceiver (has extras) }, ordered=true, receiver=com.color.datamonitor.networkcontrol.PackageReceiver@42b7dcf0
D/ConnectivityService( 1655): onUidRulesChanged(uid=10042, uidRules=0)
D/ConnectivityService( 1655): getActiveNetworkInfo:null
D/ActivityThread( 4327): BDC-RECEIVER handled : 0 / ReceiverData{intent=Intent { act=android.intent.action.OPPO_ROM_APP_CHANGE flg=0x10 cmp=com.color.safecenter/com.color.datamonitor.networkcontrol.PackageReceiver (has extras) } packageName=com.color.safecenter resultCode=-1 resultData=null resultExtras=null}
D/ActivityThread( 4288): ACT-NEW_INTENT handled : 0 / NewIntentData{intents=[Intent { act=android.intent.action.MAIN cat=[android.intent.category.HOME] flg=0x10600000 cmp=com.oppo.launcher/.Launcher }] token=android.os.BinderProxy@427083a8}
V/ActivityThread( 4288): Performing resume of ActivityRecord{42708c00 token=android.os.BinderProxy@427083a8 {com.oppo.launcher/com.oppo.launcher.Launcher}} finished=false
D/ActivityThread( 4288): ACT-AM_ON_RESUME_CALLED ActivityRecord{42708c00 token=android.os.BinderProxy@427083a8 {com.oppo.launcher/com.oppo.launcher.Launcher}}
V/ActivityThread( 4288): Resume ActivityRecord{42708c00 token=android.os.BinderProxy@427083a8 {com.oppo.launcher/com.oppo.launcher.Launcher}} started activity: false, hideForNow: false, finished: false
