V/ActivityManager( 1655): Broadcast sticky: Intent { act=android.intent.action.ADDITIONAL_BATTERY_CHANGED flg=0x60000010 (has extras) } ordered=false userid=-1 callerApp=null
V/ActivityManager( 1655): Broadcast sticky: Intent { act=android.intent.action.BATTERY_CHANGED flg=0x60000010 (has extras) } ordered=false userid=-1 callerApp=null
D/WifiService( 1655): onReceive, action:android.intent.action.BATTERY_CHANGED
D/WifiController( 1655): StaDisabledWithScanState{ when=-1ms what=155652 arg1=2 target=com.android.internal.util.StateMachine$SmHandler target=Handler (com.android.internal.util.StateMachine$SmHandler) {431e59b8} }
D/WifiController( 1655): DefaultState{ when=-1ms what=155652 arg1=2 target=com.android.internal.util.StateMachine$SmHandler target=Handler (com.android.internal.util.StateMachine$SmHandler) {431e59b8} }
D/WifiController( 1655): battery changed pluggedType: 2
D/UsbDeviceManager( 1655): onReceive - BATTERY_CHANGED - mPlugType: 2, mSettingUsbCharging: false, mConnected: true, mSettingUsbBicr: false
D/PowerSaveService( 4327): PowerSaveReceiver EXTRA_STATUS: status = 2, lastCharging = true
V/ActivityManager( 1655): Broadcast sticky: Intent { act=android.intent.action.ADDITIONAL_BATTERY_CHANGED flg=0x60000010 (has extras) } ordered=false userid=-1 callerApp=null
V/ActivityManager( 1655): Broadcast sticky: Intent { act=android.intent.action.ADDITIONAL_BATTERY_CHANGED flg=0x60000010 (has extras) } ordered=false userid=-1 callerApp=null
D/dalvikvm( 4533): create interp thread : stack size=128KB
D/dalvikvm( 4533): create new thread
D/dalvikvm( 4533): new thread created
D/dalvikvm( 4533): update thread list
D/dalvikvm( 4533): threadid=22: interp stack at 0x7c23e000
D/dalvikvm( 4533): threadid=22: created from interp
D/dalvikvm( 4533): start new thread
D/dalvikvm( 4533): threadid=22: notify debugger
D/dalvikvm( 4533): threadid=22 (Thread-5504): calling run()
I/KSO_STAT( 4533): App is in background, stop update end time, ready to start a new session.
D/SQLiteDatabase( 4533): beginTransaction()
D/SQLiteDatabase( 4533): endTransaction()
D/dalvikvm( 4533): threadid=22: exiting
D/dalvikvm( 4533): threadid=22: bye!
I/qhc_net_lib(13777): [2017-12-26 18:07:30.182793]E:/AndroidStudio/corelib//jni/qhc_net_lib.cpp-->qhc_run_thread-->L4460: conn_to_server[112.126.71.137:11002] failed error[101:Network is unreachable] 
I/QHSDK   (13777): QHMsgCallback cmd:1 errcode:410010 data:0x0 len:0
E/QHSDK   (13777): ............QHC_CMD_LOGIN_RSP............. errcode = 410010
D/PhoneInterfaceManagerEx( 4184): [PhoneIntfMgrEx] hasIccCard  simId=0
D/PhoneInterfaceManagerEx( 4184): [PhoneIntfMgrEx] hasIccCard  simId=1
I/System.out(21382): [CDS]SO_LINGER:true/0
I/System.out(21382): [CDS]IoBridge->SO_LINGER: l_onoff: 1 ; l_linger: 0
I/System.out(21382): [CDS]SO_RCVBUF:65536
I/System.out(21382): [CDS]SO_SNDBUF:65536
D/dalvikvm(21382): create interp thread : stack size=128KB
D/dalvikvm(21382): create new thread
D/dalvikvm(21382): new thread created
D/dalvikvm(21382): update thread list
D/dalvikvm(21382): threadid=28: interp stack at 0x7a16f000
D/dalvikvm(21382): threadid=28: created from interp
D/dalvikvm(21382): start new thread
D/dalvikvm(21382): threadid=28: notify debugger
D/dalvikvm(21382): threadid=28 (MQTT Task): calling run()
I/FrameworkListener(  243): onDataAvailable get 43 bytes 
D/libc-netbsd(  243): default dns: query_ipv6=0, query_ipv4=0
D/SocketClient(  243): SocketClient sendDatalocked done: 401
D/SocketClient(  243): SocketClient sendDatalocked done: 
D/libc-netbsd(21382): getaddrinfo: api.easylink.io NO result from proxy 
I/System.out(21382): [CDS][DNS]Unable to resolve host "api.easylink.io": No address associated with hostname
I/System.out(21382): [CDS]close[0]
I/System.out(21382): close [socket][/0.0.0.0:-1]
V/ActivityManager( 1655): Broadcast sticky: Intent { act=android.intent.action.ADDITIONAL_BATTERY_CHANGED flg=0x60000010 (has extras) } ordered=false userid=-1 callerApp=null
V/ActivityManager( 1655): Broadcast sticky: Intent { act=android.intent.action.ADDITIONAL_BATTERY_CHANGED flg=0x60000010 (has extras) } ordered=false userid=-1 callerApp=null
V/ActivityManager( 1655): Broadcast sticky: Intent { act=android.intent.action.ADDITIONAL_BATTERY_CHANGED flg=0x60000010 (has extras) } ordered=false userid=-1 callerApp=null
D/dalvikvm(21382): threadid=28: exiting
D/dalvikvm(21382): threadid=28: bye!
D/dalvikvm( 4533): create interp thread : stack size=128KB
D/dalvikvm( 4533): create new thread
D/dalvikvm( 4533): new thread created
D/dalvikvm( 4533): update thread list
D/dalvikvm( 4533): threadid=22: interp stack at 0x7c23e000
D/dalvikvm( 4533): threadid=22: created from interp
D/dalvikvm( 4533): start new thread
D/dalvikvm( 4533): threadid=22: notify debugger
D/dalvikvm( 4533): threadid=22 (Thread-5505): calling run()
I/KSO_STAT( 4533): App is in background, stop update end time, ready to start a new session.
D/SQLiteDatabase( 4533): beginTransaction()
D/SQLiteDatabase( 4533): endTransaction()
D/dalvikvm( 4533): threadid=22: exiting
D/dalvikvm( 4533): threadid=22: bye!
V/ActivityManager( 1655): Broadcast sticky: Intent { act=android.intent.action.ADDITIONAL_BATTERY_CHANGED flg=0x60000010 (has extras) } ordered=false userid=-1 callerApp=null
V/ActivityManager( 1655): Broadcast sticky: Intent { act=android.intent.action.ADDITIONAL_BATTERY_CHANGED flg=0x60000010 (has extras) } ordered=false userid=-1 callerApp=null
V/ActivityManager( 1655): Broadcast sticky: Intent { act=android.intent.action.ADDITIONAL_BATTERY_CHANGED flg=0x60000010 (has extras) } ordered=false userid=-1 callerApp=null
I/thermal_repeater(  274): oh, queryMdThermalInfo (0)Bad file number
I/thermal_repeater(  274): [recvMdThermalInfo] ret=25, strLen=127,  1, 32767,,, -1, 32767, 2
D/dalvikvm( 4533): create interp thread : stack size=128KB
D/dalvikvm( 4533): create new thread
D/dalvikvm( 4533): new thread created
D/dalvikvm( 4533): update thread list
D/dalvikvm( 4533): threadid=22: interp stack at 0x7c23e000
D/dalvikvm( 4533): threadid=22: created from interp
D/dalvikvm( 4533): start new thread
D/dalvikvm( 4533): threadid=22: notify debugger
D/dalvikvm( 4533): threadid=22 (Thread-5506): calling run()
I/KSO_STAT( 4533): App is in background, stop update end time, ready to start a new session.
D/SQLiteDatabase( 4533): beginTransaction()
D/SQLiteDatabase( 4533): endTransaction()
D/dalvikvm( 4533): threadid=22: exiting
D/dalvikvm( 4533): threadid=22: bye!
E/RemoteViews(27455): ANR Warning,RemoteViews can only be used once ,if not ,it may cause ANR in hosts such as Laucher,SystemUI. keys for search <ANR Exception MSG   History>
V/Provider/Settings( 1655): get setting for user 0 by user 0 so skipping cache
V/Provider/Settings( 1655):  from settings cache , name = sys_free_storage_log_interval , value = null
V/Provider/Settings( 1655): get setting for user 0 by user 0 so skipping cache
V/Provider/Settings( 1655):  from settings cache , name = disk_free_change_reporting_threshold , value = null
D/RemoteViews( 1655): RemoteViews parcel: android.os.Parcel@458eed28 bitmapCache: null
V/NotificationService( 1655): enqueueNotificationInternal: pkg=com.tencent.android.qqdownloader id=127 notification=Notification(pri=1 contentView=com.tencent.android.qqdownloader/0x7f0401f0 vibrate=null sound=null defaults=0x0 flags=0xa2 kind=[null])
V/NotificationService( 1655): Initial score is 20.
V/NotificationService( 1655): Final score is 20.
V/MoMS.NotificationController( 1655): notifications are enabled for com.tencent.android.qqdownloader
D/AppOps  ( 1655): noteOperation: allowing code 11 uid 10155 package com.tencent.android.qqdownloader
V/NotificationService( 1655): Assigned score=20 to Notification(pri=2 contentView=com.tencent.android.qqdownloader/0x7f0401f0 vibrate=null sound=null defaults=0x0 flags=0xa2 kind=[null])
D/RemoteViews( 1655): RemoteViews parcel: android.os.Parcel@44060828 bitmapCache: null
D/dalvikvm( 1655): between the previous GC alloc  12051K
D/AES     ( 1655): AEEIOCTL_RT_MON_Kick IOCTL,lParam=0. 
D/dalvikvm( 1655): GC_CONCURRENT freed 12348K (346260), 36% free 52387K/80664K, paused 6ms+18ms, total 296ms
D/dalvikvm( 1655): WAIT_FOR_CONCURRENT_GC blocked 285ms
D/dalvikvm( 1655): WAIT_FOR_CONCURRENT_GC blocked 265ms
D/NotificationService( 1655): useDefaultSound=false
D/NotificationService( 1655): notification.sound=null
D/ConnectivityService( 1655): getActiveNetworkInfo:null
E/JavaBinder( 1655): !!! FAILED BINDER TRANSACTION !!!
E/NotificationService( 1655): unable to notify listener (posted): android.service.notification.INotificationListener$Stub$Proxy@4394cb80
E/NotificationService( 1655): android.os.TransactionTooLargeException
E/NotificationService( 1655): 	at android.os.BinderProxy.transact(Native Method)
E/NotificationService( 1655): 	at android.service.notification.INotificationListener$Stub$Proxy.onNotificationPosted(INotificationListener.java:103)
E/NotificationService( 1655): 	at com.android.server.NotificationManagerService$NotificationListenerInfo.notifyPostedIfUserMatch(NotificationManagerService.java:270)
E/NotificationService( 1655): 	at com.android.server.NotificationManagerService$2.run(NotificationManagerService.java:854)
E/NotificationService( 1655): 	at android.os.Handler.handleCallback(Handler.java:808)
E/NotificationService( 1655): 	at android.os.Handler.dispatchMessage(Handler.java:103)
E/NotificationService( 1655): 	at android.os.Looper.loop(Looper.java:222)
E/NotificationService( 1655): 	at com.android.server.ServerThread.initAndLoop(SystemServer.java:1786)
E/NotificationService( 1655): 	at com.android.server.SystemServer.main(SystemServer.java:1881)
E/NotificationService( 1655): 	at java.lang.reflect.Method.invokeNative(Native Method)
E/NotificationService( 1655): 	at java.lang.reflect.Method.invoke(Method.java:515)
E/NotificationService( 1655): 	at com.android.internal.os.ZygoteInit$MethodAndArgsCaller.run(ZygoteInit.java:860)
E/NotificationService( 1655): 	at com.android.internal.os.ZygoteInit.main(ZygoteInit.java:676)
E/NotificationService( 1655): 	at dalvik.system.NativeStart.main(Native Method)
E/RemoteViews( 1655): ANR Warning,RemoteViews can only be used once ,if not ,it may cause ANR in hosts such as Laucher,SystemUI. keys for search <ANR Exception MSG   History>
E/JavaBinder( 1655): !!! FAILED BINDER TRANSACTION !!!
E/NotificationService( 1655): unable to notify listener (posted): android.service.notification.INotificationListener$Stub$Proxy@434b7e68
E/NotificationService( 1655): android.os.TransactionTooLargeException
E/NotificationService( 1655): 	at android.os.BinderProxy.transact(Native Method)
E/NotificationService( 1655): 	at android.service.notification.INotificationListener$Stub$Proxy.onNotificationPosted(INotificationListener.java:103)
E/NotificationService( 1655): 	at com.android.server.NotificationManagerService$NotificationListenerInfo.notifyPostedIfUserMatch(NotificationManagerService.java:270)
E/NotificationService( 1655): 	at com.android.server.NotificationManagerService$2.run(NotificationManagerService.java:854)
E/NotificationService( 1655): 	at android.os.Handler.handleCallback(Handler.java:808)
E/NotificationService( 1655): 	at android.os.Handler.dispatchMessage(Handler.java:103)
E/NotificationService( 1655): 	at android.os.Looper.loop(Looper.java:222)
E/NotificationService( 1655): 	at com.android.server.ServerThread.initAndLoop(SystemServer.java:1786)
E/NotificationService( 1655): 	at com.android.server.SystemServer.main(SystemServer.java:1881)
E/NotificationService( 1655): 	at java.lang.reflect.Method.invokeNative(Native Method)
E/NotificationService( 1655): 	at java.lang.reflect.Method.invoke(Method.java:515)
E/NotificationService( 1655): 	at com.android.internal.os.ZygoteInit$MethodAndArgsCaller.run(ZygoteInit.java:860)
E/NotificationService( 1655): 	at com.android.internal.os.ZygoteInit.main(ZygoteInit.java:676)
E/NotificationService( 1655): 	at dalvik.system.NativeStart.main(Native Method)
D/cell strength( 4118): ===== cell singal strength changed : 19
V/ActivityManager( 1655): Broadcast sticky: Intent { act=android.intent.action.SIG_STR flg=0x10 (has extras) } ordered=false userid=-1 callerApp=ProcessRecord{4276e330 1655:system/1000}
I/qhc_net_lib(13777): [2017-12-26 18:07:40.178083]E:/AndroidStudio/corelib//jni/qhc_net_lib.cpp-->qhc_run_thread-->L4460: conn_to_server[112.126.71.137:11002] failed error[101:Network is unreachable] 
I/QHSDK   (13777): QHMsgCallback cmd:1 errcode:410010 data:0x0 len:0
E/QHSDK   (13777): ............QHC_CMD_LOGIN_RSP............. errcode = 410010
D/dalvikvm(27257): threadid=25: exiting
D/dalvikvm(27257): threadid=25: bye!
D/BatteryService( 1655): mBatteryVoltage=4161, batteryLevel=50
V/ActivityManager( 1655): Broadcast sticky: Intent { act=android.intent.action.ADDITIONAL_BATTERY_CHANGED flg=0x60000010 (has extras) } ordered=false userid=-1 callerApp=null
V/ActivityManager( 1655): Broadcast sticky: Intent { act=android.intent.action.BATTERY_CHANGED flg=0x60000010 (has extras) } ordered=false userid=-1 callerApp=null
D/WifiService( 1655): onReceive, action:android.intent.action.BATTERY_CHANGED
D/WifiController( 1655): StaDisabledWithScanState{ when=0 what=155652 arg1=2 target=com.android.internal.util.StateMachine$SmHandler target=Handler (com.android.internal.util.StateMachine$SmHandler) {431e59b8} }
D/WifiController( 1655): DefaultState{ when=-1ms what=155652 arg1=2 target=com.android.internal.util.StateMachine$SmHandler target=Handler (com.android.internal.util.StateMachine$SmHandler) {431e59b8} }
D/WifiController( 1655): battery changed pluggedType: 2
D/UsbDeviceManager( 1655): onReceive - BATTERY_CHANGED - mPlugType: 2, mSettingUsbCharging: false, mConnected: true, mSettingUsbBicr: false
D/PowerSaveService( 4327): PowerSaveReceiver EXTRA_STATUS: status = 2, lastCharging = true
V/ActivityManager( 1655): Broadcast sticky: Intent { act=android.intent.action.ADDITIONAL_BATTERY_CHANGED flg=0x60000010 (has extras) } ordered=false userid=-1 callerApp=null
V/ActivityManager( 1655): Broadcast sticky: Intent { act=android.intent.action.ADDITIONAL_BATTERY_CHANGED flg=0x60000010 (has extras) } ordered=false userid=-1 callerApp=null
D/dalvikvm( 4533): create interp thread : stack size=128KB
D/dalvikvm( 4533): create new thread
D/dalvikvm( 4533): new thread created
D/dalvikvm( 4533): update thread list
D/dalvikvm( 4533): threadid=22: interp stack at 0x7c23e000
D/dalvikvm( 4533): threadid=22: created from interp
D/dalvikvm( 4533): start new thread
D/dalvikvm( 4533): threadid=22: notify debugger
D/dalvikvm( 4533): threadid=22 (Thread-5507): calling run()
I/KSO_STAT( 4533): App is in background, stop update end time, ready to start a new session.
D/SQLiteDatabase( 4533): beginTransaction()
D/SQLiteDatabase( 4533): endTransaction()
D/dalvikvm( 4533): threadid=22: exiting
D/dalvikvm( 4533): threadid=22: bye!
D/PhoneInterfaceManagerEx( 4184): [PhoneIntfMgrEx] hasIccCard  simId=0
D/PhoneInterfaceManagerEx( 4184): [PhoneIntfMgrEx] hasIccCard  simId=1
D/BluetoothAdapter(21382): isEnabled
D/ConnectivityService( 1655): getActiveNetworkInfo:null
D/BatteryService( 1655): mBatteryVoltage=4162, batteryLevel=50
V/ActivityManager( 1655): Broadcast sticky: Intent { act=android.intent.action.ADDITIONAL_BATTERY_CHANGED flg=0x60000010 (has extras) } ordered=false userid=-1 callerApp=null
V/ActivityManager( 1655): Broadcast sticky: Intent { act=android.intent.action.BATTERY_CHANGED flg=0x60000010 (has extras) } ordered=false userid=-1 callerApp=null
D/WifiService( 1655): onReceive, action:android.intent.action.BATTERY_CHANGED
D/WifiController( 1655): StaDisabledWithScanState{ when=0 what=155652 arg1=2 target=com.android.internal.util.StateMachine$SmHandler target=Handler (com.android.internal.util.StateMachine$SmHandler) {431e59b8} }
D/WifiController( 1655): DefaultState{ when=-1ms what=155652 arg1=2 target=com.android.internal.util.StateMachine$SmHandler target=Handler (com.android.internal.util.StateMachine$SmHandler) {431e59b8} }
D/WifiController( 1655): battery changed pluggedType: 2
D/UsbDeviceManager( 1655): onReceive - BATTERY_CHANGED - mPlugType: 2, mSettingUsbCharging: false, mConnected: true, mSettingUsbBicr: false
D/PowerSaveService( 4327): PowerSaveReceiver EXTRA_STATUS: status = 2, lastCharging = true
V/ActivityManager( 1655): Broadcast sticky: Intent { act=android.intent.action.ADDITIONAL_BATTERY_CHANGED flg=0x60000010 (has extras) } ordered=false userid=-1 callerApp=null
V/ActivityManager( 1655): Broadcast sticky: Intent { act=android.intent.action.ADDITIONAL_BATTERY_CHANGED flg=0x60000010 (has extras) } ordered=false userid=-1 callerApp=null
D/dalvikvm( 4533): create interp thread : stack size=128KB
D/dalvikvm( 4533): create new thread
D/dalvikvm( 4533): new thread created
D/dalvikvm( 4533): update thread list
D/dalvikvm( 4533): threadid=22: interp stack at 0x7c23e000
D/dalvikvm( 4533): threadid=22: created from interp
D/dalvikvm( 4533): start new thread
D/dalvikvm( 4533): threadid=22: notify debugger
D/dalvikvm( 4533): threadid=22 (Thread-5508): calling run()
I/KSO_STAT( 4533): App is in background, stop update end time, ready to start a new session.
D/SQLiteDatabase( 4533): beginTransaction()
D/SQLiteDatabase( 4533): endTransaction()
D/dalvikvm( 4533): threadid=22: exiting
D/dalvikvm( 4533): threadid=22: bye!
I/qhc_net_lib(13777): [2017-12-26 18:07:50.181930]E:/AndroidStudio/corelib//jni/qhc_net_lib.cpp-->qhc_run_thread-->L4460: conn_to_server[112.126.71.137:11002] failed error[101:Network is unreachable] 
I/QHSDK   (13777): QHMsgCallback cmd:1 errcode:410010 data:0x0 len:0
E/QHSDK   (13777): ............QHC_CMD_LOGIN_RSP............. errcode = 410010
D/ConnectivityService( 1655): getActiveNetworkInfo:null
D/BatteryService( 1655): mBatteryVoltage=4164, batteryLevel=50
V/ActivityManager( 1655): Broadcast sticky: Intent { act=android.intent.action.ADDITIONAL_BATTERY_CHANGED flg=0x60000010 (has extras) } ordered=false userid=-1 callerApp=null
V/ActivityManager( 1655): Broadcast sticky: Intent { act=android.intent.action.BATTERY_CHANGED flg=0x60000010 (has extras) } ordered=false userid=-1 callerApp=null
D/PowerSaveService( 4327): PowerSaveReceiver EXTRA_STATUS: status = 2, lastCharging = true
D/WifiService( 1655): onReceive, action:android.intent.action.BATTERY_CHANGED
D/UsbDeviceManager( 1655): onReceive - BATTERY_CHANGED - mPlugType: 2, mSettingUsbCharging: false, mConnected: true, mSettingUsbBicr: false
D/WifiController( 1655): StaDisabledWithScanState{ when=0 what=155652 arg1=2 target=com.android.internal.util.StateMachine$SmHandler target=Handler (com.android.internal.util.StateMachine$SmHandler) {431e59b8} }
D/WifiController( 1655): DefaultState{ when=-1ms what=155652 arg1=2 target=com.android.internal.util.StateMachine$SmHandler target=Handler (com.android.internal.util.StateMachine$SmHandler) {431e59b8} }
D/WifiController( 1655): battery changed pluggedType: 2
V/ActivityManager( 1655): Broadcast sticky: Intent { act=android.intent.action.ADDITIONAL_BATTERY_CHANGED flg=0x60000010 (has extras) } ordered=false userid=-1 callerApp=null
V/ActivityManager( 1655): Broadcast sticky: Intent { act=android.intent.action.ADDITIONAL_BATTERY_CHANGED flg=0x60000010 (has extras) } ordered=false userid=-1 callerApp=null
D/dalvikvm( 4533): create interp thread : stack size=128KB
D/dalvikvm( 4533): create new thread
D/dalvikvm( 4533): new thread created
D/dalvikvm( 4533): update thread list
D/dalvikvm( 4533): threadid=22: interp stack at 0x7c23e000
D/dalvikvm( 4533): threadid=22: created from interp
D/dalvikvm( 4533): start new thread
D/dalvikvm( 4533): threadid=22: notify debugger
D/dalvikvm( 4533): threadid=22 (Thread-5509): calling run()
I/KSO_STAT( 4533): App is in background, stop update end time, ready to start a new session.
D/SQLiteDatabase( 4533): beginTransaction()
D/SQLiteDatabase( 4533): endTransaction()
D/dalvikvm( 4533): threadid=22: exiting
D/dalvikvm( 4533): threadid=22: bye!
V/ActivityManager( 1655): Broadcast sticky: Intent { act=android.intent.action.SIG_STR flg=0x10 (has extras) } ordered=false userid=-1 callerApp=ProcessRecord{4276e330 1655:system/1000}
D/cell strength( 4118): ===== cell singal strength changed : 21
D/PhoneInterfaceManagerEx( 4184): [PhoneIntfMgrEx] hasIccCard  simId=0
D/PhoneInterfaceManagerEx( 4184): [PhoneIntfMgrEx] hasIccCard  simId=1
V/ActivityManager( 1655): Broadcast sticky: Intent { act=android.intent.action.ADDITIONAL_BATTERY_CHANGED flg=0x60000010 (has extras) } ordered=false userid=-1 callerApp=null
V/ActivityManager( 1655): Broadcast sticky: Intent { act=android.intent.action.ADDITIONAL_BATTERY_CHANGED flg=0x60000010 (has extras) } ordered=false userid=-1 callerApp=null
V/ActivityManager( 1655): Broadcast sticky: Intent { act=android.intent.action.ADDITIONAL_BATTERY_CHANGED flg=0x60000010 (has extras) } ordered=false userid=-1 callerApp=null
D/dalvikvm( 4533): create interp thread : stack size=128KB
D/dalvikvm( 4533): create new thread
D/dalvikvm( 4533): new thread created
D/dalvikvm( 4533): update thread list
D/dalvikvm( 4533): threadid=22: interp stack at 0x7c23e000
D/dalvikvm( 4533): threadid=22: created from interp
D/dalvikvm( 4533): start new thread
D/dalvikvm( 4533): threadid=22: notify debugger
D/dalvikvm( 4533): threadid=22 (Thread-5510): calling run()
I/KSO_STAT( 4533): App is in background, stop update end time, ready to start a new session.
D/SQLiteDatabase( 4533): beginTransaction()
D/SQLiteDatabase( 4533): endTransaction()
D/dalvikvm( 4533): threadid=22: exiting
D/dalvikvm( 4533): threadid=22: bye!
E/RemoteViews(27455): ANR Warning,RemoteViews can only be used once ,if not ,it may cause ANR in hosts such as Laucher,SystemUI. keys for search <ANR Exception MSG   History>
D/RemoteViews( 1655): RemoteViews parcel: android.os.Parcel@42c20fd0 bitmapCache: null
V/NotificationService( 1655): enqueueNotificationInternal: pkg=com.tencent.android.qqdownloader id=127 notification=Notification(pri=1 contentView=com.tencent.android.qqdownloader/0x7f0401f0 vibrate=null sound=null defaults=0x0 flags=0xa2 kind=[null])
V/NotificationService( 1655): Initial score is 20.
V/NotificationService( 1655): Final score is 20.
V/MoMS.NotificationController( 1655): notifications are enabled for com.tencent.android.qqdownloader
D/AppOps  ( 1655): noteOperation: allowing code 11 uid 10155 package com.tencent.android.qqdownloader
V/NotificationService( 1655): Assigned score=20 to Notification(pri=2 contentView=com.tencent.android.qqdownloader/0x7f0401f0 vibrate=null sound=null defaults=0x0 flags=0xa2 kind=[null])
D/RemoteViews( 1655): RemoteViews parcel: android.os.Parcel@43045658 bitmapCache: null
D/NotificationService( 1655): useDefaultSound=false
D/NotificationService( 1655): notification.sound=null
V/AlarmManager( 1655): Checking for alarms... rtc=1514282879999, elapsed=26711478
V/AlarmManager( 1655): sending alarm Alarm{4320b0f8 type 3 android}
V/ActivityManager( 1655): Broadcast: Intent { act=android.intent.action.TIME_TICK flg=0x50000094 (has extras) } ordered=true userid=-1 callerApp=null
E/JavaBinder( 1655): !!! FAILED BINDER TRANSACTION !!!
E/NotificationService( 1655): unable to notify listener (posted): android.service.notification.INotificationListener$Stub$Proxy@4394cb80
E/NotificationService( 1655): android.os.TransactionTooLargeException
E/NotificationService( 1655): 	at android.os.BinderProxy.transact(Native Method)
E/NotificationService( 1655): 	at android.service.notification.INotificationListener$Stub$Proxy.onNotificationPosted(INotificationListener.java:103)
E/NotificationService( 1655): 	at com.android.server.NotificationManagerService$NotificationListenerInfo.notifyPostedIfUserMatch(NotificationManagerService.java:270)
E/NotificationService( 1655): 	at com.android.server.NotificationManagerService$2.run(NotificationManagerService.java:854)
E/NotificationService( 1655): 	at android.os.Handler.handleCallback(Handler.java:808)
E/NotificationService( 1655): 	at android.os.Handler.dispatchMessage(Handler.java:103)
E/NotificationService( 1655): 	at android.os.Looper.loop(Looper.java:222)
E/NotificationService( 1655): 	at com.android.server.ServerThread.initAndLoop(SystemServer.java:1786)
E/NotificationService( 1655): 	at com.android.server.SystemServer.main(SystemServer.java:1881)
E/NotificationService( 1655): 	at java.lang.reflect.Method.invokeNative(Native Method)
E/NotificationService( 1655): 	at java.lang.reflect.Method.invoke(Method.java:515)
E/NotificationService( 1655): 	at com.android.internal.os.ZygoteInit$MethodAndArgsCaller.run(ZygoteInit.java:860)
E/NotificationService( 1655): 	at com.android.internal.os.ZygoteInit.main(ZygoteInit.java:676)
E/NotificationService( 1655): 	at dalvik.system.NativeStart.main(Native Method)
E/RemoteViews( 1655): ANR Warning,RemoteViews can only be used once ,if not ,it may cause ANR in hosts such as Laucher,SystemUI. keys for search <ANR Exception MSG   History>
E/JavaBinder( 1655): !!! FAILED BINDER TRANSACTION !!!
E/NotificationService( 1655): unable to notify listener (posted): android.service.notification.INotificationListener$Stub$Proxy@434b7e68
E/NotificationService( 1655): android.os.TransactionTooLargeException
E/NotificationService( 1655): 	at android.os.BinderProxy.transact(Native Method)
E/NotificationService( 1655): 	at android.service.notification.INotificationListener$Stub$Proxy.onNotificationPosted(INotificationListener.java:103)
E/NotificationService( 1655): 	at com.android.server.NotificationManagerService$NotificationListenerInfo.notifyPostedIfUserMatch(NotificationManagerService.java:270)
E/NotificationService( 1655): 	at com.android.server.NotificationManagerService$2.run(NotificationManagerService.java:854)
E/NotificationService( 1655): 	at android.os.Handler.handleCallback(Handler.java:808)
E/NotificationService( 1655): 	at android.os.Handler.dispatchMessage(Handler.java:103)
E/NotificationService( 1655): 	at android.os.Looper.loop(Looper.java:222)
E/NotificationService( 1655): 	at com.android.server.ServerThread.initAndLoop(SystemServer.java:1786)
E/NotificationService( 1655): 	at com.android.server.SystemServer.main(SystemServer.java:1881)
E/NotificationService( 1655): 	at java.lang.reflect.Method.invokeNative(Native Method)
E/NotificationService( 1655): 	at java.lang.reflect.Method.invoke(Method.java:515)
E/NotificationService( 1655): 	at com.android.internal.os.ZygoteInit$MethodAndArgsCaller.run(ZygoteInit.java:860)
E/NotificationService( 1655): 	at com.android.internal.os.ZygoteInit.main(ZygoteInit.java:676)
E/NotificationService( 1655): 	at dalvik.system.NativeStart.main(Native Method)
D/ActivityThread( 1655): BDC-Calling onReceive: intent=Intent { act=android.intent.action.TIME_TICK flg=0x50000094 (has extras) }, ordered=true, receiver=com.android.server.AlarmManagerService$ClockReceiver@42aab3b0, IIntentReceiver=42d00d80
V/AlarmManager( 1655): Received TIME_TICK alarm; rescheduling
V/AlarmManager( 1655): isAlarmNeedAlign : charging
V/AlarmManager( 1655): set(PendingIntent{42d1cc58: PendingIntentRecord{42d172c0 android broadcastIntent}}) : type=3 triggerAtTime=26771478 win=0 tElapsed=26771478 maxElapsed=26771478 interval=0 standalone=true
D/ActivityThread( 1655): BDC-Calling finishReceiver: IIntentReceiver=42d00d80
D/ActivityThread( 4288): BDC-Calling onReceive: intent=Intent { act=android.intent.action.TIME_TICK flg=0x50000094 (has extras) }, ordered=true, receiver=com.oppo.widget.smallweather.NormalWidgetUtil$1@427e4c18, IIntentReceiver=4293b6e8
V/Provider/Settings( 4288): get setting for user 0 by user 0 so skipping cache
V/Provider/Settings( 4288):  from settings cache , name = time_12_24 , value = 24
V/Provider/Settings( 4288): get setting for user 0 by user 0 so skipping cache
V/Provider/Settings( 4288):  from settings cache , name = date_format , value = 
D/ActivityThread( 4288): BDC-Calling finishReceiver: IIntentReceiver=4293b6e8
D/ActivityThread( 6921): BDC-Calling onReceive: intent=Intent { act=android.intent.action.TIME_TICK flg=0x50000094 (has extras) }, ordered=true, receiver=com.oppo.activation.ActivationService$ServiceBroadcastReceiver@4273ee28, IIntentReceiver=4273ee70
D/PhoneInterfaceManager( 4184): getSimState simId = 0prop = ABSENT
D/PhoneInterfaceManager( 4184): getSimState simId = 1prop = ABSENT
D/ActivityThread( 6921): BDC-Calling finishReceiver: IIntentReceiver=4273ee70
D/ActivityThread(27486): BDC-Calling onReceive: intent=Intent { act=android.intent.action.TIME_TICK flg=0x50000094 (has extras) }, ordered=true, receiver=com.tencent.tbs.common.baseinfo.TBSBroadcastReceiver$c@428b7000, IIntentReceiver=43117b08
D/ActivityThread(27486): BDC-Calling finishReceiver: IIntentReceiver=43117b08
D/ActivityThread(20656): BDC-Calling onReceive: intent=Intent { act=android.intent.action.TIME_TICK flg=0x50000094 (has extras) }, ordered=true, receiver=ded$1@427ca290, IIntentReceiver=427ca820
D/ActivityManager( 1655): getContentProviderImpl: from caller=android.app.ApplicationThreadProxy@447e0a98 (pid=20656, userId=0) to get content provider cn.wps.moffice_eng.preferences cpr=ContentProviderRecord{444ac528 u0 cn.wps.moffice_eng/cn.wps.moffice.persistence.AppDataProvider}
D/ActivityManager( 1655): getContentProviderImpl: updateLruProcessLocked cpr.proc=ProcessRecord{4483fa30 20100:cn.wps.moffice_eng/u0a86}
D/ActivityThread(20656): hoder:android.app.IActivityManager$ContentProviderHolder@42a09ae8,provider,holder.Provider:android.content.ContentProviderProxy@42a0a148
D/ActivityThread(20656): BDC-Calling finishReceiver: IIntentReceiver=427ca820
D/ActivityThread(26390): BDC-Calling onReceive: intent=Intent { act=android.intent.action.TIME_TICK flg=0x50000094 (has extras) }, ordered=true, receiver=com.tencent.tbs.common.baseinfo.TBSBroadcastReceiver$c@42cf2c10, IIntentReceiver=42e5a328
D/ActivityThread(26390): BDC-Calling finishReceiver: IIntentReceiver=42e5a328
D/ActivityThread( 1971): BDC-Calling onReceive: intent=Intent { act=android.intent.action.TIME_TICK flg=0x50000094 (has extras) }, ordered=true, receiver=com.oppo.lockutils.OppoLockUtils$1@4271acd0, IIntentReceiver=4271c640
D/ActivityThread( 1971): BDC-Calling finishReceiver: IIntentReceiver=4271c640
D/ActivityThread( 1971): BDC-Calling onReceive: intent=Intent { act=android.intent.action.TIME_TICK flg=0x50000094 (has extras) }, ordered=true, receiver=com.android.keyguard.base.KeyguardUpdateMonitor$3@4272e3b8, IIntentReceiver=4272fad8
D/ActivityThread( 1971): BDC-Calling finishReceiver: IIntentReceiver=4272fad8
I/BufferQueue(  245): [com.oppo.launcher/com.oppo.launcher.Launcher](this:0xb71b7008,id:2175,api:1,p:4288,c:245) queueBuffer: fps=0.02 dur=60103.84 max=60103.84 min=60103.84
I/        (  245): [BWC INFO](245): get_bwc_mm_property success
I/SurfaceFlinger(  245): [Built-in Screen (type:0)] fps:0.016637,dur:60105.58,max:60105.58,min:60105.58
I/qhc_net_lib(13777): [2017-12-26 18:08:00.186323]E:/AndroidStudio/corelib//jni/qhc_net_lib.cpp-->qhc_run_thread-->L4460: conn_to_server[112.126.71.137:11002] failed error[101:Network is unreachable] 
I/QHSDK   (13777): QHMsgCallback cmd:1 errcode:410010 data:0x0 len:0
E/QHSDK   (13777): ............QHC_CMD_LOGIN_RSP............. errcode = 410010
I/System.out(21382): [CDS]SO_LINGER:true/0
I/System.out(21382): [CDS]IoBridge->SO_LINGER: l_onoff: 1 ; l_linger: 0
I/System.out(21382): [CDS]SO_RCVBUF:65536
I/System.out(21382): [CDS]SO_SNDBUF:65536
D/dalvikvm(21382): create interp thread : stack size=128KB
D/dalvikvm(21382): create new thread
D/dalvikvm(21382): new thread created
D/dalvikvm(21382): update thread list
D/dalvikvm(21382): threadid=28: interp stack at 0x7a16f000
D/dalvikvm(21382): threadid=28: created from interp
D/dalvikvm(21382): start new thread
D/dalvikvm(21382): threadid=28: notify debugger
D/dalvikvm(21382): threadid=28 (MQTT Task): calling run()
I/FrameworkListener(  243): onDataAvailable get 43 bytes 
D/libc-netbsd(  243): default dns: query_ipv6=0, query_ipv4=0
D/SocketClient(  243): SocketClient sendDatalocked done: 401
D/SocketClient(  243): SocketClient sendDatalocked done: 
D/libc-netbsd(21382): getaddrinfo: api.easylink.io NO result from proxy 
I/System.out(21382): [CDS][DNS]Unable to resolve host "api.easylink.io": No address associated with hostname
I/System.out(21382): [CDS]close[0]
I/System.out(21382): close [socket][/0.0.0.0:-1]
D/BatteryService( 1655): mBatteryVoltage=4146, batteryLevel=50
V/ActivityManager( 1655): Broadcast sticky: Intent { act=android.intent.action.ADDITIONAL_BATTERY_CHANGED flg=0x60000010 (has extras) } ordered=false userid=-1 callerApp=null
V/ActivityManager( 1655): Broadcast sticky: Intent { act=android.intent.action.BATTERY_CHANGED flg=0x60000010 (has extras) } ordered=false userid=-1 callerApp=null
D/PowerSaveService( 4327): PowerSaveReceiver EXTRA_STATUS: status = 2, lastCharging = true
V/ActivityManager( 1655): Broadcast sticky: Intent { act=android.intent.action.ADDITIONAL_BATTERY_CHANGED flg=0x60000010 (has extras) } ordered=false userid=-1 callerApp=null
D/WifiService( 1655): onReceive, action:android.intent.action.BATTERY_CHANGED
D/UsbDeviceManager( 1655): onReceive - BATTERY_CHANGED - mPlugType: 2, mSettingUsbCharging: false, mConnected: true, mSettingUsbBicr: false
D/WifiController( 1655): StaDisabledWithScanState{ when=0 what=155652 arg1=2 target=com.android.internal.util.StateMachine$SmHandler target=Handler (com.android.internal.util.StateMachine$SmHandler) {431e59b8} }
V/ActivityManager( 1655): Broadcast sticky: Intent { act=android.intent.action.ADDITIONAL_BATTERY_CHANGED flg=0x60000010 (has extras) } ordered=false userid=-1 callerApp=null
D/WifiController( 1655): DefaultState{ when=-1ms what=155652 arg1=2 target=com.android.internal.util.StateMachine$SmHandler target=Handler (com.android.internal.util.StateMachine$SmHandler) {431e59b8} }
D/WifiController( 1655): battery changed pluggedType: 2
D/dalvikvm(21382): threadid=28: exiting
D/dalvikvm(21382): threadid=28: bye!
D/dalvikvm( 4533): create interp thread : stack size=128KB
D/dalvikvm( 4533): create new thread
D/dalvikvm( 4533): new thread created
D/dalvikvm( 4533): update thread list
D/dalvikvm( 4533): threadid=22: interp stack at 0x7c23e000
D/dalvikvm( 4533): threadid=22: created from interp
D/dalvikvm( 4533): start new thread
D/dalvikvm( 4533): threadid=22: notify debugger
D/dalvikvm( 4533): threadid=22 (Thread-5511): calling run()
I/KSO_STAT( 4533): App is in background, stop update end time, ready to start a new session.
D/SQLiteDatabase( 4533): beginTransaction()
D/SQLiteDatabase( 4533): endTransaction()
D/dalvikvm( 4533): threadid=22: exiting
D/dalvikvm( 4533): threadid=22: bye!
I/ANRManager( 1655): updateProcessStats
D/BatteryService( 1655): mBatteryVoltage=4165, batteryLevel=50
V/ActivityManager( 1655): Broadcast sticky: Intent { act=android.intent.action.ADDITIONAL_BATTERY_CHANGED flg=0x60000010 (has extras) } ordered=false userid=-1 callerApp=null
V/ActivityManager( 1655): Broadcast sticky: Intent { act=android.intent.action.BATTERY_CHANGED flg=0x60000010 (has extras) } ordered=false userid=-1 callerApp=null
D/WifiService( 1655): onReceive, action:android.intent.action.BATTERY_CHANGED
D/WifiController( 1655): StaDisabledWithScanState{ when=0 what=155652 arg1=2 target=com.android.internal.util.StateMachine$SmHandler target=Handler (com.android.internal.util.StateMachine$SmHandler) {431e59b8} }
D/WifiController( 1655): DefaultState{ when=0 what=155652 arg1=2 target=com.android.internal.util.StateMachine$SmHandler target=Handler (com.android.internal.util.StateMachine$SmHandler) {431e59b8} }
D/UsbDeviceManager( 1655): onReceive - BATTERY_CHANGED - mPlugType: 2, mSettingUsbCharging: false, mConnected: true, mSettingUsbBicr: false
D/WifiController( 1655): battery changed pluggedType: 2
D/PowerSaveService( 4327): PowerSaveReceiver EXTRA_STATUS: status = 2, lastCharging = true
V/ActivityManager( 1655): Broadcast sticky: Intent { act=android.intent.action.ADDITIONAL_BATTERY_CHANGED flg=0x60000010 (has extras) } ordered=false userid=-1 callerApp=null
V/ActivityManager( 1655): Broadcast sticky: Intent { act=android.intent.action.ADDITIONAL_BATTERY_CHANGED flg=0x60000010 (has extras) } ordered=false userid=-1 callerApp=null
I/thermal_repeater(  274): oh, queryMdThermalInfo (0)Bad file number
I/thermal_repeater(  274): [recvMdThermalInfo] ret=25, strLen=127,  1, 32767,,, -1, 32767, 2
D/PhoneInterfaceManagerEx( 4184): [PhoneIntfMgrEx] hasIccCard  simId=0
D/PhoneInterfaceManagerEx( 4184): [PhoneIntfMgrEx] hasIccCard  simId=1
D/dalvikvm( 4533): create interp thread : stack size=128KB
D/dalvikvm( 4533): create new thread
D/dalvikvm( 4533): new thread created
D/dalvikvm( 4533): update thread list
D/dalvikvm( 4533): threadid=22: interp stack at 0x7c23e000
D/dalvikvm( 4533): threadid=22: created from interp
D/dalvikvm( 4533): start new thread
D/dalvikvm( 4533): threadid=22: notify debugger
D/dalvikvm( 4533): threadid=22 (Thread-5512): calling run()
I/KSO_STAT( 4533): App is in background, stop update end time, ready to start a new session.
D/SQLiteDatabase( 4533): beginTransaction()
D/SQLiteDatabase( 4533): endTransaction()
D/dalvikvm( 4533): threadid=22: exiting
D/dalvikvm( 4533): threadid=22: bye!
V/ActivityManager( 1655): Broadcast sticky: Intent { act=android.intent.action.SIG_STR flg=0x10 (has extras) } ordered=false userid=-1 callerApp=ProcessRecord{4276e330 1655:system/1000}
D/cell strength( 4118): ===== cell singal strength changed : 21
V/Provider/Settings( 1655): get setting for user 0 by user 0 so skipping cache
V/Provider/Settings( 1655):  from settings cache , name = sys_free_storage_log_interval , value = null
V/Provider/Settings( 1655): get setting for user 0 by user 0 so skipping cache
V/Provider/Settings( 1655):  from settings cache , name = disk_free_change_reporting_threshold , value = null
D/AES     ( 1655): AEEIOCTL_RT_MON_Kick IOCTL,lParam=0. 
I/qhc_net_lib(13777): [2017-12-26 18:08:10.179952]E:/AndroidStudio/corelib//jni/qhc_net_lib.cpp-->qhc_run_thread-->L4460: conn_to_server[112.126.71.137:11002] failed error[101:Network is unreachable] 
I/QHSDK   (13777): QHMsgCallback cmd:1 errcode:410010 data:0x0 len:0
E/QHSDK   (13777): ............QHC_CMD_LOGIN_RSP............. errcode = 410010
I/KSO_STAT( 4533): Try to upload data
I/KSO_STAT( 4533): Do not upload data. The latest upload time is less than 8 hours.
D/com.nearme.statistics.rom( 4415): addDataToDB-size:2
D/SQLiteDatabase( 4415): beginTransaction()
D/SQLiteDatabase( 4415): endTransaction()
D/com.nearme.statistics.rom( 4415): DBRunnable add data
V/ActivityManager( 1655): Broadcast sticky: Intent { act=android.intent.action.ADDITIONAL_BATTERY_CHANGED flg=0x60000010 (has extras) } ordered=false userid=-1 callerApp=null
V/ActivityManager( 1655): Broadcast sticky: Intent { act=android.intent.action.ADDITIONAL_BATTERY_CHANGED flg=0x60000010 (has extras) } ordered=false userid=-1 callerApp=null
V/ActivityManager( 1655): Broadcast sticky: Intent { act=android.intent.action.ADDITIONAL_BATTERY_CHANGED flg=0x60000010 (has extras) } ordered=false userid=-1 callerApp=null
D/dalvikvm( 4533): create interp thread : stack size=128KB
D/dalvikvm( 4533): create new thread
D/dalvikvm( 4533): new thread created
D/dalvikvm( 4533): update thread list
D/dalvikvm( 4533): threadid=22: interp stack at 0x7c23e000
D/dalvikvm( 4533): threadid=22: created from interp
D/dalvikvm( 4533): start new thread
D/dalvikvm( 4533): threadid=22: notify debugger
D/dalvikvm( 4533): threadid=22 (Thread-5513): calling run()
I/KSO_STAT( 4533): App is in background, stop update end time, ready to start a new session.
D/SQLiteDatabase( 4533): beginTransaction()
D/SQLiteDatabase( 4533): endTransaction()
D/dalvikvm( 4533): threadid=22: exiting
D/dalvikvm( 4533): threadid=22: bye!
D/BatteryService( 1655): mBatteryVoltage=4166, batteryLevel=50
V/ActivityManager( 1655): Broadcast sticky: Intent { act=android.intent.action.ADDITIONAL_BATTERY_CHANGED flg=0x60000010 (has extras) } ordered=false userid=-1 callerApp=null
V/ActivityManager( 1655): Broadcast sticky: Intent { act=android.intent.action.BATTERY_CHANGED flg=0x60000010 (has extras) } ordered=false userid=-1 callerApp=null
D/PowerSaveService( 4327): PowerSaveReceiver EXTRA_STATUS: status = 2, lastCharging = true
D/WifiService( 1655): onReceive, action:android.intent.action.BATTERY_CHANGED
D/WifiController( 1655): StaDisabledWithScanState{ when=-1ms what=155652 arg1=2 target=com.android.internal.util.StateMachine$SmHandler target=Handler (com.android.internal.util.StateMachine$SmHandler) {431e59b8} }
D/WifiController( 1655): DefaultState{ when=-1ms what=155652 arg1=2 target=com.android.internal.util.StateMachine$SmHandler target=Handler (com.android.internal.util.StateMachine$SmHandler) {431e59b8} }
D/WifiController( 1655): battery changed pluggedType: 2
D/UsbDeviceManager( 1655): onReceive - BATTERY_CHANGED - mPlugType: 2, mSettingUsbCharging: false, mConnected: true, mSettingUsbBicr: false
V/ActivityManager( 1655): Broadcast sticky: Intent { act=android.intent.action.ADDITIONAL_BATTERY_CHANGED flg=0x60000010 (has extras) } ordered=false userid=-1 callerApp=null
V/ActivityManager( 1655): Broadcast sticky: Intent { act=android.intent.action.ADDITIONAL_BATTERY_CHANGED flg=0x60000010 (has extras) } ordered=false userid=-1 callerApp=null
D/BluetoothAdapter(21382): isEnabled
D/ConnectivityService( 1655): getActiveNetworkInfo:null
D/ADB_SERVICES(  297): adb fdevent_process list (15) (22) 
D/ADB_SERVICES(  297): recv: CNXN 01000000 00001000 0007 host::
D/ADB_SERVICES(  297): adb: offline
D/ADB_SERVICES(  297): (null): run_transport_disconnects fd: 26
D/ADB_SERVICES(  297): adb: online
D/ADB_SERVICES(  297): Calling send_connect 
D/dalvikvm( 4533): create interp thread : stack size=128KB
D/dalvikvm( 4533): create new thread
D/dalvikvm( 4533): new thread created
D/dalvikvm( 4533): update thread list
D/dalvikvm( 4533): threadid=22: interp stack at 0x7c23e000
D/dalvikvm( 4533): threadid=22: created from interp
D/dalvikvm( 4533): start new thread
D/dalvikvm( 4533): threadid=22: notify debugger
D/dalvikvm( 4533): threadid=22 (Thread-5514): calling run()
I/KSO_STAT( 4533): App is in background, stop update end time, ready to start a new session.
D/SQLiteDatabase( 4533): beginTransaction()
D/SQLiteDatabase( 4533): endTransaction()
D/dalvikvm( 4533): threadid=22: exiting
D/dalvikvm( 4533): threadid=22: bye!
W/ADB_SERVICES(  297): create_local_service_socket() name=shell:wm size
W/ADB_SERVICES(  297): service_to_fd() name=shell:wm size
W/ADB_SERVICES(  297): read_meminfo() mem_free=187260
W/ADB_SERVICES(  297): create_subprocess() ret_fd=15 pid=2557
W/ADB_SERVICES(  297): LS(10128): bound to 'shell:wm size' via 15
D/ADB_SERVICES(  297): adb local_socket_ready list (15) 
W/ADB_SERVICES(  297): create_local_service_socket() name=shell:
W/ADB_SERVICES(  297): service_to_fd() name=shell:
W/ADB_SERVICES(  297): read_meminfo() mem_free=187136
W/ADB_SERVICES(  297): create_subprocess() ret_fd=16 pid=2558
W/ADB_SERVICES(  297): LS(10129): bound to 'shell:' via 16
W/ADB_SERVICES( 2558): adb: unable to open /proc/2558/oom_adj
W/ADB_SERVICES( 2557): adb: unable to open /proc/2557/oom_adj
D/ADB_SERVICES(  297): adb socket read list (15) (16) 
D/ADB_SERVICES(  297): read_data=136
D/ADB_SERVICES(  297): max_read_time=0.000038 max_send_time=0.000032 
D/AndroidRuntime( 2557): 
D/AndroidRuntime( 2557): >>>>>> AndroidRuntime START com.android.internal.os.RuntimeInit <<<<<<
D/AndroidRuntime( 2557): CheckJNI is OFF
D/AndroidRuntime( 2557): language=-Duser.language=zh region=-Duser.region=CN
D/dalvikvm( 2557): boot class : 
D/dalvikvm( 2557):   (0) core.jar
D/dalvikvm( 2557):   (1) conscrypt.jar
D/dalvikvm( 2557):   (2) okhttp.jar
D/dalvikvm( 2557):   (3) core-junit.jar
D/dalvikvm( 2557):   (4) bouncycastle.jar
D/dalvikvm( 2557):   (5) ext.jar
D/dalvikvm( 2557):   (6) framework.jar
D/dalvikvm( 2557):   (7) framework2.jar
D/dalvikvm( 2557):   (8) telephony-common.jar
D/dalvikvm( 2557):   (9) voip-common.jar
D/dalvikvm( 2557):   (10) mms-common.jar
D/dalvikvm( 2557):   (11) android.policy.jar
D/dalvikvm( 2557):   (12) services.jar
D/dalvikvm( 2557):   (13) apache-xml.jar
D/dalvikvm( 2557):   (14) webviewchromium.jar
D/dalvikvm( 2557):   (15) mediatek-common.jar
D/dalvikvm( 2557):   (16) mediatek-framework.jar
D/dalvikvm( 2557):   (17) CustomProperties.jar
D/dalvikvm( 2557):   (18) mediatek-telephony-common.jar
D/dalvikvm( 2557):   (19) mediatek-tablet.jar
D/dalvikvm( 2557):   (20) oppo-framework.jar
D/dalvikvm( 2557):   (21) am.jar
D/ReserveFileInData( 2563): Total_size = 12702646272 B = 12404928 KB = 12114 MB = 11 GB
D/ReserveFileInData( 2563): Disk_free = 9004 MB = 8 GB
D/ReserveFileInData( 2563): Disk_available = 8988 MB = 8 GB
D/ReserveFileInData( 2563): availDataSize is 8988
D/dalvikvm( 2557): threadid=1: interp stack at 0x6d93f000
D/dalvikvm( 2557): dvmJarFileOpen: /system/framework/core.jar
D/dalvikvm( 2557): dvmJarFileOpen: /system/framework/conscrypt.jar
D/dalvikvm( 2557): dvmJarFileOpen: /system/framework/okhttp.jar
D/dalvikvm( 2557): dvmJarFileOpen: /system/framework/core-junit.jar
D/dalvikvm( 2557): dvmJarFileOpen: /system/framework/bouncycastle.jar
D/dalvikvm( 2557): dvmJarFileOpen: /system/framework/ext.jar
D/dalvikvm( 2557): dvmJarFileOpen: /system/framework/framework.jar
D/dalvikvm( 2557): dvmJarFileOpen: /system/framework/framework2.jar
D/dalvikvm( 2557): dvmJarFileOpen: /system/framework/telephony-common.jar
D/dalvikvm( 2557): dvmJarFileOpen: /system/framework/voip-common.jar
D/dalvikvm( 2557): dvmJarFileOpen: /system/framework/mms-common.jar
D/dalvikvm( 2557): dvmJarFileOpen: /system/framework/android.policy.jar
D/dalvikvm( 2557): dvmJarFileOpen: /system/framework/services.jar
D/dalvikvm( 2557): dvmJarFileOpen: /system/framework/apache-xml.jar
D/dalvikvm( 2557): dvmJarFileOpen: /system/framework/webviewchromium.jar
D/dalvikvm( 2557): dvmJarFileOpen: /system/framework/mediatek-common.jar
D/dalvikvm( 2557): dvmJarFileOpen: /system/framework/mediatek-framework.jar
D/dalvikvm( 2557): dvmJarFileOpen: /system/framework/CustomProperties.jar
D/dalvikvm( 2557): dvmJarFileOpen: /system/framework/mediatek-telephony-common.jar
D/dalvikvm( 2557): dvmJarFileOpen: /system/framework/mediatek-tablet.jar
D/dalvikvm( 2557): dvmJarFileOpen: /system/framework/oppo-framework.jar
D/dalvikvm( 2557): open_cached_dex_file : /system/framework/oppo-framework.jar /data/dalvik-cache/system@framework@oppo-framework.jar@classes.dex
D/dalvikvm( 2557): process bootclasspath ex!!
D/dalvikvm( 2557): dvmJarFileOpen: /system/framework/mediatek-op.jar
D/dalvikvm( 2557): open_cached_dex_file : /system/framework/mediatek-op.jar /data/dalvik-cache/system@framework@mediatek-op.jar@classes.dex
D/dalvikvm( 2557): Trying to load lib libjavacore.so 0x0
D/dalvikvm( 2557): Added shared lib libjavacore.so 0x0
D/dalvikvm( 2557): Trying to load lib libnativehelper.so 0x0
D/dalvikvm( 2557): Added shared lib libnativehelper.so 0x0
D/dalvikvm( 2557): No JNI_OnLoad found in libnativehelper.so 0x0, skipping init
D/dalvikvm( 2557): +++ finishing prep on main VM thread
D/dalvikvm( 2557): dvmJarFileOpen: /system/framework/wm.jar
I/dalvikvm( 2557): DexOpt: mismatch dep name: '/data/dalvik-cache/system@framework@oppo-framework.jar@classes.dex' vs. '/system/framework/oppo-framework.odex'
D/dalvikvm( 2557): == DexOpt: numDeps = 21
D/dalvikvm( 2557): 0 : /system/framework/core.odex /system/framework/core.odex
D/dalvikvm( 2557): 1 : /system/framework/conscrypt.odex /system/framework/conscrypt.odex
D/dalvikvm( 2557): 2 : /system/framework/okhttp.odex /system/framework/okhttp.odex
D/dalvikvm( 2557): 3 : /system/framework/core-junit.odex /system/framework/core-junit.odex
D/dalvikvm( 2557): 4 : /system/framework/bouncycastle.odex /system/framework/bouncycastle.odex
D/dalvikvm( 2557): 5 : /system/framework/ext.odex /system/framework/ext.odex
D/dalvikvm( 2557): 6 : /system/framework/framework.odex /system/framework/framework.odex
D/dalvikvm( 2557): 7 : /system/framework/framework2.odex /system/framework/framework2.odex
D/dalvikvm( 2557): 8 : /system/framework/telephony-common.odex /system/framework/telephony-common.odex
D/dalvikvm( 2557): 9 : /system/framework/voip-common.odex /system/framework/voip-common.odex
D/dalvikvm( 2557): 10 : /system/framework/mms-common.odex /system/framework/mms-common.odex
D/dalvikvm( 2557): 11 : /system/framework/android.policy.odex /system/framework/android.policy.odex
D/dalvikvm( 2557): 12 : /system/framework/services.odex /system/framework/services.odex
D/dalvikvm( 2557): 13 : /system/framework/apache-xml.odex /system/framework/apache-xml.odex
D/dalvikvm( 2557): 14 : /system/framework/webviewchromium.odex /system/framework/webviewchromium.odex
D/dalvikvm( 2557): 15 : /system/framework/mediatek-common.odex /system/framework/mediatek-common.odex
D/dalvikvm( 2557): 16 : /system/framework/mediatek-framework.odex /system/framework/mediatek-framework.odex
D/dalvikvm( 2557): 17 : /system/framework/CustomProperties.odex /system/framework/CustomProperties.odex
D/dalvikvm( 2557): 18 : /system/framework/mediatek-telephony-common.odex /system/framework/mediatek-telephony-common.odex
D/dalvikvm( 2557): 19 : /system/framework/mediatek-tablet.odex /system/framework/mediatek-tablet.odex
D/dalvikvm( 2557): 20 : /system/framework/oppo-framework.odex /system/framework/oppo-framework.odex
D/dalvikvm( 2557): 21 : NULL NULL
E/dalvikvm( 2557): /system/framework/wm.jar odex has stale dependencies
