D/dalvikvm( 2557): open_cached_dex_file : /system/framework/wm.jar /data/dalvik-cache/system@framework@wm.jar@classes.dex
D/dalvikvm( 2557): create interp thread : stack size=128KB
D/dalvikvm( 2557): create new thread
D/dalvikvm( 2557): new thread created
D/dalvikvm( 2557): update thread list
D/dalvikvm( 2557): threadid=2: interp stack at 0x72e88000
D/dalvikvm( 2557): threadid=2: created from interp
D/dalvikvm( 2557): start new thread
D/dalvikvm( 2557): threadid=2: notify debugger
D/dalvikvm( 2557): threadid=2 (ReferenceQueueDaemon): calling run()
D/dalvikvm( 2557): create interp thread : stack size=128KB
D/dalvikvm( 2557): create new thread
D/dalvikvm( 2557): new thread created
D/dalvikvm( 2557): update thread list
D/dalvikvm( 2557): threadid=3: interp stack at 0x72fa8000
D/dalvikvm( 2557): threadid=3: created from interp
D/dalvikvm( 2557): start new thread
D/dalvikvm( 2557): threadid=3: notify debugger
D/dalvikvm( 2557): threadid=3 (FinalizerDaemon): calling run()
D/dalvikvm( 2557): create interp thread : stack size=128KB
D/dalvikvm( 2557): create new thread
D/dalvikvm( 2557): new thread created
D/dalvikvm( 2557): update thread list
D/dalvikvm( 2557): threadid=4: interp stack at 0x730c8000
D/dalvikvm( 2557): threadid=4: created from interp
D/dalvikvm( 2557): start new thread
D/dalvikvm( 2557): threadid=4: notify debugger
D/dalvikvm( 2557): threadid=4 (FinalizerWatchdogDaemon): calling run()
D/dalvikvm( 2557): threadid=5: interp stack at 0x732ea000
D/dalvikvm( 2557): threadid=6: interp stack at 0x7340b000
D/dalvikvm( 2557): Elevating priority from 0 to -8
D/jdwp    ( 2557): prepping for JDWP over ADB
D/dalvikvm( 2557): threadid=7: interp stack at 0x7352e000
D/jdwp    ( 2557): JDWP: thread running
D/jdwp    ( 2557): trying to receive file descriptor from ADB
D/dalvikvm( 2557): threadid=8: interp stack at 0x7364f000
D/ADB_SERVICES(  297): Adding socket 17 pid 2557 to jdwp process list
D/dalvikvm( 2557): Note: class Landroid/app/ActivityManagerNative; has 194 unimplemented (abstract) methods
E/memtrack( 2557): Couldn't load memtrack module (No such file or directory)
E/android.os.Debug( 2557): failed to load memtrack module: -2
D/AndroidRuntime( 2557): Calling main entry com.android.commands.wm.Wm
D/dalvikvm( 2557): threadid=9: interp stack at 0x73b32000
D/dalvikvm( 2557): threadid=10: interp stack at 0x73c52000
D/AndroidRuntime( 2557): Shutting down VM
D/dalvikvm( 2557): threadid=9: bye!
D/dalvikvm( 2557): threadid=10: bye!
D/dalvikvm( 2557): threadid=1: last non-daemon thread
D/dalvikvm( 2557): threadid=1: bye!
D/dalvikvm( 2557): DestroyJavaVM waiting for non-daemon threads to exit
D/dalvikvm( 2557): DestroyJavaVM shutting VM down
D/dalvikvm( 2557): VM shutting down
D/dalvikvm( 2557): between the previous GC alloc  702K
D/dalvikvm( 2557): GC_CONCURRENT freed 95K (977), 14% free 607K/704K, paused 1ms+1ms, total 4ms
D/dalvikvm( 2557): threadid=5: bye!
D/jdwp    ( 2557): JDWP shutting down net...
D/jdwp    ( 2557): +++ writing to wakePipe
E/jdwp    ( 2557): jdwp::setsockopt(SO_SNDTIMEO)
E/jdwp    ( 2557): jdwp::setsockopt(SO_RCVTIMEO)
D/jdwp    ( 2557): JDWP: thread exiting
D/dalvikvm( 2557): threadid=7: bye!
W/ADB_SERVICES(  297): terminating JDWP 2557 connection: Try again
D/ADB_SERVICES(  297): remove pid 2557 to jdwp process list
D/jdwp    ( 2557): JDWP freeing netstate...
I/dalvikvm( 2557): threadid=6: ignore signal 3
D/dalvikvm( 2557): threadid=6: bye!
D/dalvikvm( 2557): 133 compilations using 4096 + 15432 bytes
D/dalvikvm( 2557): Compiler arena uses 6 blocks (8100 bytes each)
D/dalvikvm( 2557): Compiler work queue length is 0/10
D/dalvikvm( 2557): JIT: table size is 4096, entries used is 141
D/dalvikvm( 2557): JIT: 141 traces, 4096 slots, 7 chains, 40 thresh, Non-blocking
D/dalvikvm( 2557): JIT: 81 Translation chains, 7 interp stubs
D/dalvikvm( 2557): dalvik.vm.jit.op = 0-2,7,a,c,e-f,11-14,1c-1e,21-23,28,2c,32-39,44,46,48-49,4b,4d,50,52,54-55,59,62,70-71,8e,90,95-96,b0-b1,b5,d5,d8,da,dd,e0-e2,ee,f0-f2,f4-f6,f8,
D/dalvikvm( 2557): Code size stats: 0/772 (compiled/total Dalvik), 0 (native)
D/dalvikvm( 2557): Compiler thread shutting down
D/dalvikvm( 2557): threadid=8: bye!
D/dalvikvm( 2557): Compiler thread has shut down
D/dalvikvm( 2557): threadid=0: suspending daemon id=4 name='FinalizerWatchdogDaemon'
D/dalvikvm( 2557): threadid=0: suspending daemon id=3 name='FinalizerDaemon'
D/dalvikvm( 2557): threadid=0: suspending daemon id=2 name='ReferenceQueueDaemon'
D/dalvikvm( 2557): threadid=0: all daemons have suspended
D/dalvikvm( 2557): VM cleaning up
D/dalvikvm( 2557): LinearAlloc 0x0 used 1393748 of 33554432 (4%)
D/ADB_SERVICES(  297):  closing because is_eof=1 r=-1 s->fde.force_eof=0
W/ADB_SERVICES(  297): entered. LS(10128) fd=15
W/ADB_SERVICES(  297): create_local_service_socket() name=shell:cat /proc/meminfo
W/ADB_SERVICES(  297): service_to_fd() name=shell:cat /proc/meminfo
W/ADB_SERVICES(  297): read_meminfo() mem_free=185428
W/ADB_SERVICES(  297): create_subprocess() ret_fd=15 pid=2573
W/ADB_SERVICES(  297): LS(10130): bound to 'shell:cat /proc/meminfo' via 15
W/ADB_SERVICES( 2573): adb: unable to open /proc/2573/oom_adj
D/ADB_SERVICES(  297):  closing because is_eof=1 r=-1 s->fde.force_eof=0
W/ADB_SERVICES(  297): entered. LS(10130) fd=15
W/ADB_SERVICES(  297): create_local_service_socket() name=shell:cat /system/build.prop
W/ADB_SERVICES(  297): service_to_fd() name=shell:cat /system/build.prop
W/ADB_SERVICES(  297): read_meminfo() mem_free=185528
W/ADB_SERVICES(  297): create_subprocess() ret_fd=15 pid=2574
W/ADB_SERVICES(  297): LS(10131): bound to 'shell:cat /system/build.prop' via 15
W/ADB_SERVICES( 2574): adb: unable to open /proc/2574/oom_adj
D/ADB_SERVICES(  297):  closing because is_eof=1 r=1 s->fde.force_eof=0
W/ADB_SERVICES(  297): entered. LS(10131) fd=15
W/ADB_SERVICES(  297): create_local_service_socket() name=shell:cat /proc/cpuinfo
W/ADB_SERVICES(  297): service_to_fd() name=shell:cat /proc/cpuinfo
W/ADB_SERVICES(  297): read_meminfo() mem_free=185628
W/ADB_SERVICES(  297): create_subprocess() ret_fd=15 pid=2575
W/ADB_SERVICES(  297): LS(10132): bound to 'shell:cat /proc/cpuinfo' via 15
W/ADB_SERVICES( 2575): adb: unable to open /proc/2575/oom_adj
D/ADB_SERVICES(  297):  closing because is_eof=1 r=-1 s->fde.force_eof=0
W/ADB_SERVICES(  297): entered. LS(10132) fd=15
W/ADB_SERVICES(  297): create_local_service_socket() name=shell:monkey -p com.sixty.nidoneClient --throttle 5 --ignore-crashes --ignore-timeouts --monitor-native-crashes -v -v -v 10000
W/ADB_SERVICES(  297): service_to_fd() name=shell:monkey -p com.sixty.nidoneClient --throttle 5 --ignore-crashes --ignore-timeouts --monitor-native-crashes -v -v -v 10000
W/ADB_SERVICES(  297): read_meminfo() mem_free=185628
W/ADB_SERVICES(  297): create_subprocess() ret_fd=15 pid=2576
W/ADB_SERVICES(  297): LS(10133): bound to 'shell:monkey -p com.sixty.nidoneClient --throttle 5 --ignore-crashes --ignore-timeouts --monitor-native-crashes -v -v -v 10000' via 15
W/ADB_SERVICES( 2576): adb: unable to open /proc/2576/oom_adj
W/ADB_SERVICES(  297): create_local_service_socket() name=shell:export ANDROID_LOG_TAGS="" ; exec logcat -d
W/ADB_SERVICES(  297): service_to_fd() name=shell:export ANDROID_LOG_TAGS="" ; exec logcat -d
W/ADB_SERVICES(  297): read_meminfo() mem_free=185628
W/ADB_SERVICES(  297): create_subprocess() ret_fd=17 pid=2577
W/ADB_SERVICES(  297): LS(10134): bound to 'shell:export ANDROID_LOG_TAGS="" ; exec logcat -d' via 17
W/ADB_SERVICES( 2577): adb: unable to open /proc/2577/oom_adj
W/ADB_SERVICES(  297): create_local_service_socket() name=shell:cat /data/anr/traces.txt
W/ADB_SERVICES(  297): service_to_fd() name=shell:cat /data/anr/traces.txt
W/ADB_SERVICES(  297): read_meminfo() mem_free=185628
W/ADB_SERVICES(  297): create_subprocess() ret_fd=27 pid=2578
W/ADB_SERVICES(  297): LS(10135): bound to 'shell:cat /data/anr/traces.txt' via 27
W/ADB_SERVICES( 2578): adb: unable to open /proc/2578/oom_adj
D/ADB_SERVICES(  297):  closing because is_eof=1 r=-1 s->fde.force_eof=0
W/ADB_SERVICES(  297): entered. LS(10135) fd=27
D/PhoneInterfaceManagerEx( 4184): [PhoneIntfMgrEx] hasIccCard  simId=0
D/PhoneInterfaceManagerEx( 4184): [PhoneIntfMgrEx] hasIccCard  simId=1
