D/dalvikvm( 2435): threadid=4 (FinalizerWatchdogDaemon): calling run()
D/dalvikvm( 2435): threadid=5: interp stack at 0x7332e000
D/dalvikvm( 2435): threadid=6: interp stack at 0x7344f000
D/dalvikvm( 2435): Elevating priority from 0 to -8
D/jdwp    ( 2435): prepping for JDWP over ADB
D/dalvikvm( 2435): threadid=7: interp stack at 0x73572000
D/jdwp    ( 2435): JDWP: thread running
D/jdwp    ( 2435): trying to receive file descriptor from ADB
D/dalvikvm( 2435): threadid=8: interp stack at 0x73693000
D/ADB_SERVICES(  297): adb fdevent_process list (15) (22) (12) (16) (17) 
D/ADB_SERVICES(  297): Adding socket 16 pid 2435 to jdwp process list
D/dalvikvm( 2435): Note: class Landroid/app/ActivityManagerNative; has 194 unimplemented (abstract) methods
E/memtrack( 2435): Couldn't load memtrack module (No such file or directory)
E/android.os.Debug( 2435): failed to load memtrack module: -2
D/AndroidRuntime( 2435): Calling main entry com.android.commands.am.Am
D/dalvikvm( 2435): threadid=9: interp stack at 0x73b76000
D/dalvikvm( 2435): threadid=10: interp stack at 0x73c96000
D/AndroidRuntime( 2435): Shutting down VM
D/dalvikvm( 2435): threadid=1: bye!
D/dalvikvm( 2435): DestroyJavaVM waiting for non-daemon threads to exit
D/ActivityThread(31092): SVC-Calling onStartCommand: io.dcloud.feature.apsGt.GTNormalPushService@427587e0, flags=0, startId=97
D/dalvikvm( 2435): threadid=1: interp stack at 0x73cb6000
D/dalvikvm( 2435): threadid=10: bye!
D/ActivityThread(31092): SVC-SERVICE_ARGS handled : 0 / ServiceArgsData{token=android.os.BinderProxy@427534b8 startId=97 args=Intent { cmp=io.dcloud.HBuilder/io.dcloud.feature.apsGt.GTNormalPushService }}
D/dalvikvm( 2435): threadid=9: last non-daemon thread
D/dalvikvm( 2435): threadid=9: bye!
D/dalvikvm( 2435): DestroyJavaVM shutting VM down
D/dalvikvm( 2435): VM shutting down
D/dalvikvm( 2435): between the previous GC alloc  738K
D/dalvikvm( 2435): GC_CONCURRENT freed 98K (1031), 14% free 639K/740K, paused 0ms+0ms, total 4ms
D/dalvikvm( 2435): threadid=5: bye!
D/jdwp    ( 2435): JDWP shutting down net...
E/jdwp    ( 2435): jdwp::setsockopt(SO_SNDTIMEO)
E/jdwp    ( 2435): jdwp::setsockopt(SO_RCVTIMEO)
D/jdwp    ( 2435): JDWP: thread exiting
D/dalvikvm( 2435): threadid=7: bye!
W/ADB_SERVICES(  297): terminating JDWP 2435 connection: Try again
D/ADB_SERVICES(  297): remove pid 2435 to jdwp process list
D/jdwp    ( 2435): +++ writing to wakePipe
D/jdwp    ( 2435): JDWP freeing netstate...
I/dalvikvm( 2435): threadid=6: ignore signal 3
D/dalvikvm( 2435): threadid=6: bye!
D/dalvikvm( 2435): 126 compilations using 4096 + 14468 bytes
D/dalvikvm( 2435): Compiler arena uses 6 blocks (8100 bytes each)
D/dalvikvm( 2435): Compiler work queue length is 0/9
D/dalvikvm( 2435): JIT: table size is 4096, entries used is 134
D/dalvikvm( 2435): JIT: 134 traces, 4096 slots, 5 chains, 40 thresh, Non-blocking
D/dalvikvm( 2435): JIT: 76 Translation chains, 7 interp stubs
D/dalvikvm( 2435): dalvik.vm.jit.op = 0-2,7,a,c,e-f,11-14,1c-1e,21-23,28,2c,32-39,44,46,48-49,4b,4d,50,52,54-55,59,62,70-71,8e,90,95-96,b0-b1,b5,d5,d8,da,dd,e0-e2,ee,f0-f2,f4-f6,f8,
D/dalvikvm( 2435): Code size stats: 0/550 (compiled/total Dalvik), 0 (native)
D/dalvikvm( 2435): Compiler thread shutting down
D/dalvikvm( 2435): threadid=8: bye!
D/dalvikvm( 2435): Compiler thread has shut down
D/dalvikvm( 2435): threadid=1: suspending daemon id=4 name='FinalizerWatchdogDaemon'
D/dalvikvm( 2435): threadid=1: suspending daemon id=3 name='FinalizerDaemon'
D/dalvikvm( 2435): threadid=1: suspending daemon id=2 name='ReferenceQueueDaemon'
D/dalvikvm( 2435): threadid=1: all daemons have suspended
D/dalvikvm( 2435): VM cleaning up
D/dalvikvm( 2435): LinearAlloc 0x0 used 1387780 of 33554432 (4%)
E/RemoteViews(27455): ANR Warning,RemoteViews can only be used once ,if not ,it may cause ANR in hosts such as Laucher,SystemUI. keys for search <ANR Exception MSG   History>
D/RemoteViews( 1655): RemoteViews parcel: android.os.Parcel@431f7028 bitmapCache: null
V/NotificationService( 1655): enqueueNotificationInternal: pkg=com.tencent.android.qqdownloader id=127 notification=Notification(pri=1 contentView=com.tencent.android.qqdownloader/0x7f0401f0 vibrate=null sound=null defaults=0x0 flags=0xa2 kind=[null])
V/NotificationService( 1655): Initial score is 20.
V/NotificationService( 1655): Final score is 20.
V/MoMS.NotificationController( 1655): notifications are enabled for com.tencent.android.qqdownloader
D/AppOps  ( 1655): noteOperation: allowing code 11 uid 10155 package com.tencent.android.qqdownloader
V/NotificationService( 1655): Assigned score=20 to Notification(pri=2 contentView=com.tencent.android.qqdownloader/0x7f0401f0 vibrate=null sound=null defaults=0x0 flags=0xa2 kind=[null])
D/RemoteViews( 1655): RemoteViews parcel: android.os.Parcel@42baf2a0 bitmapCache: null
D/dalvikvm( 1655): between the previous GC alloc  16111K
D/NotificationService( 1655): useDefaultSound=false
D/NotificationService( 1655): notification.sound=null
E/JavaBinder( 1655): !!! FAILED BINDER TRANSACTION !!!
E/NotificationService( 1655): unable to notify listener (posted): android.service.notification.INotificationListener$Stub$Proxy@4394cb80
E/NotificationService( 1655): android.os.TransactionTooLargeException
E/NotificationService( 1655): 	at android.os.BinderProxy.transact(Native Method)
E/NotificationService( 1655): 	at android.service.notification.INotificationListener$Stub$Proxy.onNotificationPosted(INotificationListener.java:103)
E/NotificationService( 1655): 	at com.android.server.NotificationManagerService$NotificationListenerInfo.notifyPostedIfUserMatch(NotificationManagerService.java:270)
E/NotificationService( 1655): 	at com.android.server.NotificationManagerService$2.run(NotificationManagerService.java:854)
E/NotificationService( 1655): 	at android.os.Handler.handleCallback(Handler.java:808)
E/NotificationService( 1655): 	at android.os.Handler.dispatchMessage(Handler.java:103)
E/NotificationService( 1655): 	at android.os.Looper.loop(Looper.java:222)
E/NotificationService( 1655): 	at com.android.server.ServerThread.initAndLoop(SystemServer.java:1786)
E/NotificationService( 1655): 	at com.android.server.SystemServer.main(SystemServer.java:1881)
E/NotificationService( 1655): 	at java.lang.reflect.Method.invokeNative(Native Method)
E/NotificationService( 1655): 	at java.lang.reflect.Method.invoke(Method.java:515)
E/NotificationService( 1655): 	at com.android.internal.os.ZygoteInit$MethodAndArgsCaller.run(ZygoteInit.java:860)
E/NotificationService( 1655): 	at com.android.internal.os.ZygoteInit.main(ZygoteInit.java:676)
E/NotificationService( 1655): 	at dalvik.system.NativeStart.main(Native Method)
E/RemoteViews( 1655): ANR Warning,RemoteViews can only be used once ,if not ,it may cause ANR in hosts such as Laucher,SystemUI. keys for search <ANR Exception MSG   History>
E/JavaBinder( 1655): !!! FAILED BINDER TRANSACTION !!!
E/NotificationService( 1655): unable to notify listener (posted): android.service.notification.INotificationListener$Stub$Proxy@434b7e68
E/NotificationService( 1655): android.os.TransactionTooLargeException
E/NotificationService( 1655): 	at android.os.BinderProxy.transact(Native Method)
E/NotificationService( 1655): 	at android.service.notification.INotificationListener$Stub$Proxy.onNotificationPosted(INotificationListener.java:103)
E/NotificationService( 1655): 	at com.android.server.NotificationManagerService$NotificationListenerInfo.notifyPostedIfUserMatch(NotificationManagerService.java:270)
E/NotificationService( 1655): 	at com.android.server.NotificationManagerService$2.run(NotificationManagerService.java:854)
E/NotificationService( 1655): 	at android.os.Handler.handleCallback(Handler.java:808)
E/NotificationService( 1655): 	at android.os.Handler.dispatchMessage(Handler.java:103)
E/NotificationService( 1655): 	at android.os.Looper.loop(Looper.java:222)
E/NotificationService( 1655): 	at com.android.server.ServerThread.initAndLoop(SystemServer.java:1786)
E/NotificationService( 1655): 	at com.android.server.SystemServer.main(SystemServer.java:1881)
E/NotificationService( 1655): 	at java.lang.reflect.Method.invokeNative(Native Method)
E/NotificationService( 1655): 	at java.lang.reflect.Method.invoke(Method.java:515)
E/NotificationService( 1655): 	at com.android.internal.os.ZygoteInit$MethodAndArgsCaller.run(ZygoteInit.java:860)
E/NotificationService( 1655): 	at com.android.internal.os.ZygoteInit.main(ZygoteInit.java:676)
E/NotificationService( 1655): 	at dalvik.system.NativeStart.main(Native Method)
I/qhc_net_lib(13777): [2017-12-26 18:04:30.152328]E:/AndroidStudio/corelib//jni/qhc_net_lib.cpp-->qhc_run_thread-->L4460: conn_to_server[112.126.71.137:11002] failed error[101:Network is unreachable] 
I/QHSDK   (13777): QHMsgCallback cmd:1 errcode:410010 data:0x0 len:0
E/QHSDK   (13777): ............QHC_CMD_LOGIN_RSP............. errcode = 410010
D/dalvikvm( 1655): GC_CONCURRENT freed 14539K (350799), 35% free 52826K/80664K, paused 5ms+17ms, total 300ms
D/PhoneInterfaceManagerEx( 4184): [PhoneIntfMgrEx] hasIccCard  simId=0
D/PhoneInterfaceManagerEx( 4184): [PhoneIntfMgrEx] hasIccCard  simId=1
D/f-0-socket-connect(27455): -----SocketConnect start-----
D/ConnectivityService( 1655): getActiveNetworkInfo:null
I/f-0-socket-connect(27455): domain:mayybkconn.3g.qq.com:80, schedule list: null
I/f-0-socket-connect(27455): try connect mayybkconn.3g.qq.com:80
I/FrameworkListener(  243): onDataAvailable get 48 bytes 
D/libc-netbsd(  243): default dns: query_ipv6=0, query_ipv4=0
D/SocketClient(  243): SocketClient sendDatalocked done: 401
D/SocketClient(  243): SocketClient sendDatalocked done: 
E/FrameworkListener(  243): read() failed (Connection reset by peer)
D/libc-netbsd(27455): getaddrinfo: mayybkconn.3g.qq.com NO result from proxy 
I/System.out(27455): [CDS][DNS]Unable to resolve host "mayybkconn.3g.qq.com": No address associated with hostname
W/System.err(27455): java.net.UnknownHostException: Host is unresolved: mayybkconn.3g.qq.com
W/System.err(27455): 	at java.net.Socket.connect(Socket.java:838)
W/System.err(27455): 	at com.tencent.halley_yyb.common.connection.b.a.j(ProGuard:242)
W/System.err(27455): 	at com.tencent.halley_yyb.common.connection.b.a.b(ProGuard:169)
W/System.err(27455): 	at com.tencent.halley_yyb.common.connection.b.run(ProGuard:253)
W/System.err(27455): 	at java.lang.Thread.run(Thread.java:848)
D/ConnectivityService( 1655): getActiveNetworkInfo:null
W/f-0-socket-connect(27455): failed in connect mayybkconn.3g.qq.com:80, code:-4, info:java.net.UnknownHostException,Host is unresolved: mayybkconn.3g.qq.com
D/ConnectivityService( 1655): getActiveNetworkInfo:null
I/System.out(21382): [CDS]SO_LINGER:true/0
I/System.out(21382): [CDS]IoBridge->SO_LINGER: l_onoff: 1 ; l_linger: 0
I/System.out(21382): [CDS]SO_RCVBUF:65536
I/System.out(21382): [CDS]SO_SNDBUF:65536
D/dalvikvm(21382): create interp thread : stack size=128KB
D/dalvikvm(21382): create new thread
D/dalvikvm(21382): new thread created
D/dalvikvm(21382): update thread list
D/dalvikvm(21382): threadid=28: interp stack at 0x7a16f000
D/dalvikvm(21382): threadid=28: created from interp
D/dalvikvm(21382): start new thread
D/dalvikvm(21382): threadid=28: notify debugger
D/dalvikvm(21382): threadid=28 (MQTT Task): calling run()
I/FrameworkListener(  243): onDataAvailable get 43 bytes 
D/libc-netbsd(  243): default dns: query_ipv6=0, query_ipv4=0
D/SocketClient(  243): SocketClient sendDatalocked done: 401
D/SocketClient(  243): SocketClient sendDatalocked done: 
D/libc-netbsd(21382): getaddrinfo: api.easylink.io NO result from proxy 
I/System.out(21382): [CDS][DNS]Unable to resolve host "api.easylink.io": No address associated with hostname
I/System.out(21382): [CDS]close[0]
I/System.out(21382): close [socket][/0.0.0.0:-1]
D/BatteryService( 1655): mBatteryVoltage=4133, batteryLevel=50
V/ActivityManager( 1655): Broadcast sticky: Intent { act=android.intent.action.ADDITIONAL_BATTERY_CHANGED flg=0x60000010 (has extras) } ordered=false userid=-1 callerApp=null
V/ActivityManager( 1655): Broadcast sticky: Intent { act=android.intent.action.BATTERY_CHANGED flg=0x60000010 (has extras) } ordered=false userid=-1 callerApp=null
D/WifiService( 1655): onReceive, action:android.intent.action.BATTERY_CHANGED
D/UsbDeviceManager( 1655): onReceive - BATTERY_CHANGED - mPlugType: 2, mSettingUsbCharging: false, mConnected: true, mSettingUsbBicr: false
D/WifiController( 1655): StaDisabledWithScanState{ when=0 what=155652 arg1=2 target=com.android.internal.util.StateMachine$SmHandler target=Handler (com.android.internal.util.StateMachine$SmHandler) {431e59b8} }
D/WifiController( 1655): DefaultState{ when=0 what=155652 arg1=2 target=com.android.internal.util.StateMachine$SmHandler target=Handler (com.android.internal.util.StateMachine$SmHandler) {431e59b8} }
D/WifiController( 1655): battery changed pluggedType: 2
D/PowerSaveService( 4327): PowerSaveReceiver EXTRA_STATUS: status = 2, lastCharging = true
V/ActivityManager( 1655): Broadcast sticky: Intent { act=android.intent.action.ADDITIONAL_BATTERY_CHANGED flg=0x60000010 (has extras) } ordered=false userid=-1 callerApp=null
V/ActivityManager( 1655): Broadcast sticky: Intent { act=android.intent.action.ADDITIONAL_BATTERY_CHANGED flg=0x60000010 (has extras) } ordered=false userid=-1 callerApp=null
D/dalvikvm(21382): threadid=28: exiting
D/dalvikvm(21382): threadid=28: bye!
D/ConnectivityService( 1655): getActiveNetworkInfo:null
D/SQLiteDatabase(27455): beginTransaction()
D/SQLiteDatabase(27455): endTransaction()
D/dalvikvm( 4533): create interp thread : stack size=128KB
D/dalvikvm( 4533): create new thread
D/dalvikvm( 4533): new thread created
D/dalvikvm( 4533): update thread list
D/dalvikvm( 4533): threadid=22: interp stack at 0x7c23e000
D/dalvikvm( 4533): threadid=22: created from interp
D/dalvikvm( 4533): start new thread
D/dalvikvm( 4533): threadid=22: notify debugger
D/dalvikvm( 4533): threadid=22 (Thread-5469): calling run()
D/BluetoothAdapter(21382): isEnabled
D/ConnectivityService( 1655): getActiveNetworkInfo:null
I/KSO_STAT( 4533): App is in background, stop update end time, ready to start a new session.
D/SQLiteDatabase( 4533): beginTransaction()
D/SQLiteDatabase( 4533): endTransaction()
D/dalvikvm( 4533): threadid=22: exiting
D/dalvikvm( 4533): threadid=22: bye!
D/dalvikvm( 5365): create interp thread : stack size=128KB
D/dalvikvm( 5365): create new thread
D/dalvikvm( 5365): new thread created
D/dalvikvm( 5365): update thread list
D/dalvikvm( 5365): threadid=24: interp stack at 0x799b4000
D/dalvikvm( 5365): threadid=24: created from interp
D/dalvikvm( 5365): start new thread
D/dalvikvm( 5365): threadid=24: notify debugger
D/dalvikvm( 5365): threadid=24 (CTPl-1-Td-372): calling run()
D/dalvikvm( 6434): create interp thread : stack size=128KB
D/dalvikvm( 6434): create new thread
D/dalvikvm( 6434): new thread created
D/dalvikvm( 6434): update thread list
D/dalvikvm( 6434): threadid=16: interp stack at 0x745ac000
D/dalvikvm( 6434): threadid=16: created from interp
D/dalvikvm( 6434): start new thread
D/dalvikvm( 6434): threadid=16: notify debugger
D/dalvikvm( 6434): threadid=16 (CTPl-1-Td-146): calling run()
D/dalvikvm( 5365): threadid=24: exiting
D/dalvikvm( 5365): threadid=24: bye!
D/dalvikvm( 6434): threadid=16: exiting
D/dalvikvm( 6434): threadid=16: bye!
I/thermal_repeater(  274): oh, queryMdThermalInfo (0)Bad file number
I/thermal_repeater(  274): [recvMdThermalInfo] ret=25, strLen=127,  1, 32767,,, -1, 32767, 2
D/BatteryService( 1655): mBatteryVoltage=4149, batteryLevel=50
V/ActivityManager( 1655): Broadcast sticky: Intent { act=android.intent.action.ADDITIONAL_BATTERY_CHANGED flg=0x60000010 (has extras) } ordered=false userid=-1 callerApp=null
V/ActivityManager( 1655): Broadcast sticky: Intent { act=android.intent.action.BATTERY_CHANGED flg=0x60000010 (has extras) } ordered=false userid=-1 callerApp=null
D/PowerSaveService( 4327): PowerSaveReceiver EXTRA_STATUS: status = 2, lastCharging = true
D/WifiService( 1655): onReceive, action:android.intent.action.BATTERY_CHANGED
D/UsbDeviceManager( 1655): onReceive - BATTERY_CHANGED - mPlugType: 2, mSettingUsbCharging: false, mConnected: true, mSettingUsbBicr: false
D/WifiController( 1655): StaDisabledWithScanState{ when=0 what=155652 arg1=2 target=com.android.internal.util.StateMachine$SmHandler target=Handler (com.android.internal.util.StateMachine$SmHandler) {431e59b8} }
D/WifiController( 1655): DefaultState{ when=-1ms what=155652 arg1=2 target=com.android.internal.util.StateMachine$SmHandler target=Handler (com.android.internal.util.StateMachine$SmHandler) {431e59b8} }
D/WifiController( 1655): battery changed pluggedType: 2
V/ActivityManager( 1655): Broadcast sticky: Intent { act=android.intent.action.ADDITIONAL_BATTERY_CHANGED flg=0x60000010 (has extras) } ordered=false userid=-1 callerApp=null
V/ActivityManager( 1655): Broadcast sticky: Intent { act=android.intent.action.ADDITIONAL_BATTERY_CHANGED flg=0x60000010 (has extras) } ordered=false userid=-1 callerApp=null
V/ActivityManager( 1655): Broadcast sticky: Intent { act=android.intent.action.SIG_STR flg=0x10 (has extras) } ordered=false userid=-1 callerApp=ProcessRecord{4276e330 1655:system/1000}
D/cell strength( 4118): ===== cell singal strength changed : 18
D/dalvikvm( 4533): create interp thread : stack size=128KB
D/dalvikvm( 4533): create new thread
D/dalvikvm( 4533): new thread created
D/dalvikvm( 4533): update thread list
D/dalvikvm( 4533): threadid=22: interp stack at 0x7c23e000
D/dalvikvm( 4533): threadid=22: created from interp
D/dalvikvm( 4533): start new thread
D/dalvikvm( 4533): threadid=22: notify debugger
D/dalvikvm( 4533): threadid=22 (Thread-5470): calling run()
I/KSO_STAT( 4533): App is in background, stop update end time, ready to start a new session.
D/SQLiteDatabase( 4533): beginTransaction()
D/SQLiteDatabase( 4533): endTransaction()
D/dalvikvm( 4533): threadid=22: exiting
D/dalvikvm( 4533): threadid=22: bye!
V/Provider/Settings( 1655): get setting for user 0 by user 0 so skipping cache
V/Provider/Settings( 1655):  from settings cache , name = sys_free_storage_log_interval , value = null
V/Provider/Settings( 1655): get setting for user 0 by user 0 so skipping cache
V/Provider/Settings( 1655):  from settings cache , name = disk_free_change_reporting_threshold , value = null
D/AES     ( 1655): AEEIOCTL_RT_MON_Kick IOCTL,lParam=0. 
D/ConnectivityService( 1655): getActiveNetworkInfo:null
V/AlarmManager( 1655): Checking for alarms... rtc=1514282680033, elapsed=26511512
V/AlarmManager( 1655): sending alarm Alarm{42e7ff80 type 0 com.kingroot.master}
V/AlarmManager( 1655): wakeup alarm = Alarm{42e7ff80 type 0 com.kingroot.master}
V/ActivityManager( 1655): Broadcast: Intent { act=action_keep_alive_after_send_end flg=0x94 (has extras) } ordered=true userid=0 callerApp=null
V/AlarmManager( 1655): sending alarm Alarm{42e7b390 type 0 com.oppo.market}
V/AlarmManager( 1655): wakeup alarm = Alarm{42e7b390 type 0 com.oppo.market}
V/ActivityManager( 1655): Broadcast: Intent { act=com.oppo.market.broadcast.check.upgrade flg=0x94 (has extras) } ordered=true userid=0 callerApp=null
V/OppoAppStartupManager( 1655): intent == null || callerApp == null
D/ActivityThread(27257): BDC-Calling onReceive: intent=Intent { act=com.oppo.market.broadcast.check.upgrade flg=0x94 cmp=com.oppo.market/a.a.a.abr (has extras) }, ordered=true, receiver=a.a.a.abr@433ac8a8
D/dalvikvm(27257): create interp thread : stack size=128KB
D/dalvikvm(27257): create new thread
D/dalvikvm(27257): new thread created
D/dalvikvm(27257): update thread list
D/dalvikvm(27257): threadid=14: interp stack at 0x73cf6000
D/dalvikvm(27257): threadid=14: created from interp
D/dalvikvm(27257): start new thread
D/ActivityThread(27257): BDC-RECEIVER handled : 0 / ReceiverData{intent=Intent { act=com.oppo.market.broadcast.check.upgrade flg=0x94 cmp=com.oppo.market/a.a.a.abr (has extras) } packageName=com.oppo.market resultCode=0 resultData=null resultExtras=null}
D/dalvikvm(27257): threadid=14: notify debugger
D/dalvikvm(27257): threadid=14 (CokaIO-36): calling run()
D/ActivityThread(27257): SVC-Creating service: CreateServiceData{token=android.os.BinderProxy@428c7438 className=a.a.a.yi packageName=com.oppo.market intent=null}
D/ActivityThread(27257): SVC-CREATE_SERVICE handled : 0 / CreateServiceData{token=android.os.BinderProxy@428c7438 className=a.a.a.yi packageName=com.oppo.market intent=null}
D/ActivityThread(27257): SVC-Calling onStartCommand: a.a.a.yi@42ad2ce0, flags=0, startId=1
D/dalvikvm(27257): create interp thread : stack size=128KB
D/dalvikvm(27257): create new thread
D/dalvikvm(27257): new thread created
D/dalvikvm(27257): update thread list
D/OppoAlarmManagerHelper( 1655): windowLength == AlarmManager.WINDOW_EXACT
D/OppoAlarmManagerHelper( 1655): uid in mUidWhiteList =  1000
D/OppoAlarmManagerHelper( 1655): uid in mUidWhiteList =  1001
D/OppoAlarmManagerHelper( 1655): This uid use inexact alarm !!!  uid == 10040
D/OppoAlarmManagerHelper( 1655): Pkg in mPkgWhiteList =  com.android.cts.app
D/OppoAlarmManagerHelper( 1655): Pkg in mPkgWhiteList =  com.android.cts.stub
D/OppoAlarmManagerHelper( 1655): Pkg in mPkgWhiteList =  com.android.deskclock
D/OppoAlarmManagerHelper( 1655): Pkg in mPkgWhiteList =  com.android.mms
D/OppoAlarmManagerHelper( 1655): Pkg in mPkgWhiteList =  oppo.multimedia.soundrecorder
D/OppoAlarmManagerHelper( 1655): Pkg in mPkgWhiteList =  com.android.providers.calendar
D/OppoAlarmManagerHelper( 1655): Pkg in mPkgWhiteList =  com.oppo.music
D/OppoAlarmManagerHelper( 1655): Pkg in mPkgWhiteList =  com.codoon.gps
D/OppoAlarmManagerHelper( 1655): Pkg in mPkgWhiteList =  com.nearme.note
D/OppoAlarmManagerHelper( 1655): Pkg in mPkgWhiteList =  com.oppo.backuprestore
D/OppoAlarmManagerHelper( 1655): Pkg in mPkgWhiteList =  com.oppo.weather
D/OppoAlarmManagerHelper( 1655): Pkg in mPkgWhiteList =  com.android.providers.downloads
D/OppoAlarmManagerHelper( 1655): Pkg in mPkgWhiteList =  com.mobiletools.systemhelper
D/OppoAlarmManagerHelper( 1655): Pkg in mPkgWhiteList =  com.oppo.community
D/OppoAlarmManagerHelper( 1655): Pkg in mPkgWhiteList =  com.nearme.themespace
D/OppoAlarmManagerHelper( 1655): key in mKeyList == clock
D/OppoAlarmManagerHelper( 1655): key in mKeyList == alarm
D/OppoAlarmManagerHelper( 1655): key in mKeyList == calendar
D/OppoAlarmManagerHelper( 1655): This package use inexact alarm !!!  pkg1 == com.oppo.reader
D/OppoAlarmManagerHelper( 1655): This package use inexact alarm !!!  pkg1 == com.oppo.market
D/OppoAlarmManagerHelper( 1655): This package use inexact alarm !!!  pkg1 == com.oppo.yellowpage
D/OppoAlarmManagerHelper( 1655): This package use inexact alarm !!!  pkg1 == com.nearme.gamecenter
D/OppoAlarmManagerHelper( 1655): Using  inexact alarm!!!!!!!!
V/AlarmManager( 1655): isAlarmNeedAlign : charging
V/AlarmManager( 1655): set(PendingIntent{4329d950: PendingIntentRecord{43193ab0 com.oppo.market broadcastIntent}}) : type=0 triggerAtTime=1514304280058 win=-1 tElapsed=48111537 maxElapsed=64311536 interval=0 standalone=false
V/AlarmManager( 1655): Adding Alarm{43046ce8 type 0 com.oppo.market} to Batch{42a16738 num=5 start=47831479 end=57562546}
V/AlarmManager( 1655):     => now Batch{42a16738 num=5 start=48111537 end=57562546}
V/AlarmManager( 1655): remove(operation) changed bounds; rebatching
V/AlarmManager( 1655): isAlarmNeedAlign : charging
V/AlarmManager( 1655): isAlarmNeedAlign : charging
V/AlarmManager( 1655): Adding Alarm{430403d0 type 3 com.tencent.android.qqdownloader} to Batch{42e23088 num=2 start=26555882 end=27905882}
V/AlarmManager( 1655):     => now Batch{42e23088 num=2 start=26591553 end=27905882}
V/AlarmManager( 1655): isAlarmNeedAlign : charging
V/AlarmManager( 1655): Adding Alarm{43040310 type 3 com.tencent.android.qqdownloader} to Batch{42e23088 num=3 start=26591553 end=27905882}
V/AlarmManager( 1655):     => now Batch{42e23088 num=3 start=26591566 end=27905882}
V/AlarmManager( 1655): isAlarmNeedAlign : charging
V/AlarmManager( 1655): Adding Alarm{4303ffb8 type 2 com.tencent.android.qqdownloader} to Batch{42e23088 num=4 start=26591566 end=27905882}
V/AlarmManager( 1655):     => now Batch{42e23088 num=4 start=26603251 end=26672034}
V/AlarmManager( 1655): isAlarmNeedAlign : charging
V/AlarmManager( 1655): Adding Alarm{4303f1f0 type 3 com.tencent.android.qqdownloader} to Batch{42e23088 num=5 start=26603251 end=26672034}
V/AlarmManager( 1655):     => now Batch{42e23088 num=5 start=26643045 end=26672034}
V/AlarmManager( 1655): isAlarmNeedAlign : charging
V/AlarmManager( 1655): Adding Alarm{4303f130 type 3 com.tencent.mm} to Batch{42e23088 num=6 start=26643045 end=26672034}
V/AlarmManager( 1655):     => now Batch{42e23088 num=6 start=26645156 end=26672034}
V/AlarmManager( 1655): isAlarmNeedAlign : charging
V/AlarmManager( 1655): Adding Alarm{43038eb8 type 1 com.tencent.android.qqdownloader} to Batch{42e23088 num=7 start=26645156 end=26672034}
V/AlarmManager( 1655):     => now Batch{42e23088 num=7 start=26645156 end=26672034}
V/AlarmManager( 1655): isAlarmNeedAlign : charging
V/AlarmManager( 1655): isAlarmNeedAlign : charging
V/AlarmManager( 1655): Adding Alarm{430341f8 type 3 com.kingroot.kinguser} to Batch{42d9dd68 num=2 start=27019737 end=28369737}
V/AlarmManager( 1655):     => now Batch{42d9dd68 num=2 start=27020832 end=28369737}
V/AlarmManager( 1655): isAlarmNeedAlign : charging
V/AlarmManager( 1655): Adding Alarm{43033730 type 0 com.kingroot.kinguser} to Batch{42d9dd68 num=3 start=27020832 end=28369737}
V/AlarmManager( 1655):     => now Batch{42d9dd68 num=3 start=27020832 end=27695581}
V/AlarmManager( 1655): isAlarmNeedAlign : charging
V/AlarmManager( 1655): Adding Alarm{43029010 type 0 com.kingroot.kinguser} to Batch{42d9dd68 num=4 start=27020832 end=27695581}
V/AlarmManager( 1655):     => now Batch{42d9dd68 num=4 start=27034333 end=27426427}
V/AlarmManager( 1655): isAlarmNeedAlign : charging
V/AlarmManager( 1655): Adding Alarm{43025f58 type 0 com.kingroot.master} to Batch{42d9dd68 num=5 start=27034333 end=27426427}
V/AlarmManager( 1655):     => now Batch{42d9dd68 num=5 start=27034337 end=27426427}
V/AlarmManager( 1655): Adding Alarm{43024c40 type 0 android} to Batch{42d9dd68 num=6 start=27034337 end=27426427}
V/AlarmManager( 1655):     => now Batch{42d9dd68 num=6 start=27034665 end=27034665}
V/AlarmManager( 1655): isAlarmNeedAlign : charging
V/AlarmManager( 1655): isAlarmNeedAlign : charging
V/AlarmManager( 1655): Adding Alarm{43022080 type 0 com.tencent.mm} to Batch{42d441e0 num=2 start=27243135 end=32643135}
V/AlarmManager( 1655):     => now Batch{42d441e0 num=2 start=27245146 end=27920146}
V/AlarmManager( 1655): isAlarmNeedAlign : charging
V/AlarmManager( 1655): Adding Alarm{43021cc0 type 1 com.tencent.android.qqdownloader} to Batch{42d441e0 num=3 start=27245146 end=27920146}
V/AlarmManager( 1655):     => now Batch{42d441e0 num=3 start=27497479 end=27920146}
V/AlarmManager( 1655): isAlarmNeedAlign : charging
V/AlarmManager( 1655): Adding Alarm{4301e5f8 type 1 com.tencent.android.qqdownloader} to Batch{42d441e0 num=4 start=27497479 end=27920146}
V/AlarmManager( 1655):     => now Batch{42d441e0 num=4 start=27588317 end=27920146}
V/AlarmManager( 1655): isAlarmNeedAlign : charging
V/AlarmManager( 1655): Adding Alarm{43015ca0 type 2 android} to Batch{42d0cc38 num=2 start=28006343 end=29127443}
V/AlarmManager( 1655):     => now Batch{42d0cc38 num=2 start=28236479 end=28236479}
V/AlarmManager( 1655): isAlarmNeedAlign : charging
V/AlarmManager( 1655): Adding Alarm{43014fd8 type 1 android} to Batch{42d00890 num=2 start=28256704 end=29606704}
V/AlarmManager( 1655):     => now Batch{42d00890 num=2 start=28525759 end=28525759}
V/AlarmManager( 1655): isAlarmNeedAlign : charging
V/AlarmManager( 1655): isAlarmNeedAlign : charging
V/AlarmManager( 1655): Adding Alarm{4300ff10 type 3 com.android.phone} to Batch{42ccd578 num=2 start=28606349 end=30177453}
V/AlarmManager( 1655):     => now Batch{42ccd578 num=2 start=28823026 end=30177453}
V/AlarmManager( 1655): isAlarmNeedAlign : charging
V/AlarmManager( 1655): Adding Alarm{4300f468 type 2 com.nearme.statistics.rom} to Batch{42ccd578 num=3 start=28823026 end=30177453}
V/AlarmManager( 1655):     => now Batch{42ccd578 num=3 start=28890352 end=30177453}
V/AlarmManager( 1655): isAlarmNeedAlign : charging
V/AlarmManager( 1655): isAlarmNeedAlign : charging
V/AlarmManager( 1655): Adding Alarm{42ffbde8 type 0 com.tencent.android.qqdownloader} to Batch{42c3d078 num=2 start=32400000 end=40500000}
V/AlarmManager( 1655):     => now Batch{42c3d078 num=2 start=32437479 end=36881931}
V/AlarmManager( 1655): isAlarmNeedAlign : charging
V/AlarmManager( 1655): Adding Alarm{42ff8788 type 0 com.tencent.android.qqdownloader} to Batch{42c3d078 num=3 start=32437479 end=36881931}
V/AlarmManager( 1655):     => now Batch{42c3d078 num=3 start=32437479 end=36881929}
V/AlarmManager( 1655): isAlarmNeedAlign : charging
V/AlarmManager( 1655): Adding Alarm{42ff7478 type 0 com.tencent.android.qqdownloader} to Batch{42c3d078 num=4 start=32437479 end=36881929}
V/AlarmManager( 1655):     => now Batch{42c3d078 num=4 start=32437479 end=36881929}
V/AlarmManager( 1655): isAlarmNeedAlign : charging
V/AlarmManager( 1655): Adding Alarm{42ff3918 type 0 com.tencent.android.qqdownloader} to Batch{42c3d078 num=5 start=32437479 end=36881929}
V/AlarmManager( 1655):     => now Batch{42c3d078 num=5 start=32437479 end=36881929}
V/AlarmManager( 1655): isAlarmNeedAlign : charging
V/AlarmManager( 1655): Adding Alarm{42ff3178 type 0 com.tencent.android.qqdownloader} to Batch{42c3d078 num=6 start=32437479 end=36881929}
V/AlarmManager( 1655):     => now Batch{42c3d078 num=6 start=32437479 end=36881929}
V/AlarmManager( 1655): Adding Alarm{42ff2280 type 1 com.oppo.weather} to Batch{42c3d078 num=7 start=32437479 end=36881929}
V/AlarmManager( 1655):     => now Batch{42c3d078 num=7 start=33473869 end=33473869}
V/AlarmManager( 1655): isAlarmNeedAlign : charging
V/AlarmManager( 1655): isAlarmNeedAlign : charging
V/AlarmManager( 1655): Adding Alarm{42fed780 type 0 com.oppo.market} to Batch{42b7da20 num=2 start=35508428 end=42256091}
V/AlarmManager( 1655):     => now Batch{42b7da20 num=2 start=37044626 end=42256091}
V/AlarmManager( 1655): isAlarmNeedAlign : charging
V/AlarmManager( 1655): Adding Alarm{42fed648 type 0 com.android.browser} to Batch{42b7da20 num=3 start=37044626 end=42256091}
V/AlarmManager( 1655):     => now Batch{42b7da20 num=3 start=37576669 end=42256091}
V/AlarmManager( 1655): isAlarmNeedAlign : charging
V/AlarmManager( 1655): Adding Alarm{42fe6558 type 0 com.oppo.wallpaper} to Batch{42b34aa8 num=2 start=47831478 end=63821428}
V/AlarmManager( 1655):     => now Batch{42b34aa8 num=2 start=47831478 end=47831478}
V/AlarmManager( 1655): isAlarmNeedAlign : charging
V/AlarmManager( 1655): Adding Alarm{42fdeeb0 type 1 com.oppo.holidaymode} to Batch{42b34aa8 num=3 start=47831478 end=47831478}
V/AlarmManager( 1655):     => now Batch{42b34aa8 num=3 start=47831478 end=47831478}
V/AlarmManager( 1655): isAlarmNeedAlign : charging
V/AlarmManager( 1655): Adding Alarm{42fdeb60 type 0 com.color.safecenter} to Batch{42b34aa8 num=4 start=47831478 end=47831478}
V/AlarmManager( 1655):     => now Batch{42b34aa8 num=4 start=47831478 end=47831478}
V/AlarmManager( 1655): isAlarmNeedAlign : charging
V/AlarmManager( 1655): isAlarmNeedAlign : charging
V/AlarmManager( 1655): Adding Alarm{42fd5aa0 type 0 com.oupeng.max.sdk} to Batch{42ade8c8 num=2 start=47831479 end=112631479}
V/AlarmManager( 1655):     => now Batch{42ade8c8 num=2 start=47831479 end=112631479}
V/AlarmManager( 1655): isAlarmNeedAlign : charging
V/AlarmManager( 1655): Adding Alarm{42fd0140 type 3 com.oppo.scratch} to Batch{42ade8c8 num=3 start=47831479 end=112631479}
V/AlarmManager( 1655):     => now Batch{42ade8c8 num=3 start=60396235 end=85809752}
V/AlarmManager( 1655): isAlarmNeedAlign : charging
V/AlarmManager( 1655): Adding Alarm{42fc9ba0 type 0 com.coloros.oppomorningsystem} to Batch{42ade8c8 num=4 start=60396235 end=85809752}
V/AlarmManager( 1655):     => now Batch{42ade8c8 num=4 start=60396235 end=85809752}
V/AlarmManager( 1655): isAlarmNeedAlign : charging
V/AlarmManager( 1655): Adding Alarm{42fc83e0 type 0 com.oupeng.max.sdk} to Batch{42ade8c8 num=5 start=60396235 end=85809752}
V/AlarmManager( 1655):     => now Batch{42ade8c8 num=5 start=62232050 end=85809752}
V/AlarmManager( 1655): Adding Alarm{42fc7bb8 type 0 com.android.providers.calendar} to Batch{42ade8c8 num=6 start=62232050 end=85809752}
V/AlarmManager( 1655):     => now Batch{42ade8c8 num=6 start=79750378 end=79750378}
V/AlarmManager( 1655): isAlarmNeedAlign : charging
V/AlarmManager( 1655): isAlarmNeedAlign : charging
V/AlarmManager( 1655): Adding Alarm{42fc3bf0 type 2 com.nearme.statistics.rom} to Batch{42a22cf8 num=2 start=86429631 end=151229631}
V/AlarmManager( 1655):     => now Batch{42a22cf8 num=2 start=86490357 end=151229631}
V/AlarmManager( 1655): isAlarmNeedAlign : charging
V/AlarmManager( 1655): Adding Alarm{42fc2d50 type 0 com.android.email} to Batch{42a22cf8 num=3 start=86490357 end=151229631}
V/AlarmManager( 1655):     => now Batch{42a22cf8 num=3 start=86490357 end=148993050}
V/AlarmManager( 1655): isAlarmNeedAlign : charging
V/AlarmManager( 1655): Adding Alarm{42fc2a28 type 0 com.android.email} to Batch{42a22cf8 num=4 start=86490357 end=148993050}
V/AlarmManager( 1655):     => now Batch{42a22cf8 num=4 start=86490357 end=148993050}
V/AlarmManager( 1655): isAlarmNeedAlign : charging
V/AlarmManager( 1655): Adding Alarm{42fc2968 type 1 com.sohu.inputmethod.sogouoem} to Batch{42a22cf8 num=5 start=86490357 end=148993050}
V/AlarmManager( 1655):     => now Batch{42a22cf8 num=5 start=86490357 end=148993050}
V/AlarmManager( 1655): isAlarmNeedAlign : charging
V/AlarmManager( 1655): Adding Alarm{42fc1b40 type 1 com.sohu.inputmethod.sogouoem} to Batch{42a22cf8 num=6 start=86490357 end=148993050}
V/AlarmManager( 1655):     => now Batch{42a22cf8 num=6 start=90139365 end=148993050}
V/AlarmManager( 1655): isAlarmNeedAlign : charging
V/AlarmManager( 1655): Adding Alarm{42fbfa68 type 1 com.oppo.yellowpage} to Batch{42a22cf8 num=7 start=90139365 end=148993050}
V/AlarmManager( 1655):     => now Batch{42a22cf8 num=7 start=93082423 end=143010580}
V/AlarmManager( 1655): isAlarmNeedAlign : charging
V/AlarmManager( 1655): Adding Alarm{42fb9ce8 type 1 com.nearme.statistics.rom} to Batch{42a22cf8 num=8 start=93082423 end=143010580}
V/AlarmManager( 1655):     => now Batch{42a22cf8 num=8 start=96082420 end=143010580}
V/AlarmManager( 1655): Adding Alarm{42fb7a18 type 1 com.nearme.feedback} to Batch{42a22cf8 num=9 start=96082420 end=143010580}
V/AlarmManager( 1655):     => now Batch{42a22cf8 num=9 start=96082482 end=96082482}
V/AlarmManager( 1655): isAlarmNeedAlign : charging
V/AlarmManager( 1655): isAlarmNeedAlign : charging
V/AlarmManager( 1655): Adding Alarm{42fb0a80 type 0 com.oppo.filemanager} to Batch{429d7338 num=2 start=180137064 end=295356201}
V/AlarmManager( 1655):     => now Batch{429d7338 num=2 start=180137064 end=290621426}
V/AlarmManager( 1655): isAlarmNeedAlign : charging
V/AlarmManager( 1655): Adding Alarm{42fae970 type 1 com.sohu.inputmethod.sogouoem} to Batch{429d7338 num=3 start=180137064 end=290621426}
V/AlarmManager( 1655):     => now Batch{429d7338 num=3 start=259261468 end=290621426}
V/AlarmManager( 1655): isAlarmNeedAlign : charging
V/AlarmManager( 1655): isAlarmNeedAlign : charging
V/AlarmManager( 1655): isAlarmNeedAlign : charging
V/AlarmManager( 1655): isAlarmNeedAlign : charging
V/AlarmManager( 1655): Adding Alarm{42fa8368 type 0 com.oppo.market} to Batch{4299b048 num=2 start=2592033106 end=4516174274}
V/AlarmManager( 1655):     => now Batch{4299b048 num=2 start=2596910624 end=4516174274}
V/AlarmManager( 1655): isAlarmNeedAlign : charging
V/AlarmManager( 1655): isAlarmNeedAlign : charging
D/OppoAlarmManagerHelper( 1655): windowLength == AlarmManager.WINDOW_EXACT
D/OppoAlarmManagerHelper( 1655): uid in mUidWhiteList =  1000
D/OppoAlarmManagerHelper( 1655): uid in mUidWhiteList =  1001
D/OppoAlarmManagerHelper( 1655): This uid use inexact alarm !!!  uid == 10040
D/OppoAlarmManagerHelper( 1655): Pkg in mPkgWhiteList =  com.android.cts.app
D/OppoAlarmManagerHelper( 1655): Pkg in mPkgWhiteList =  com.android.cts.stub
D/OppoAlarmManagerHelper( 1655): Pkg in mPkgWhiteList =  com.android.deskclock
D/OppoAlarmManagerHelper( 1655): Pkg in mPkgWhiteList =  com.android.mms
D/OppoAlarmManagerHelper( 1655): Pkg in mPkgWhiteList =  oppo.multimedia.soundrecorder
D/OppoAlarmManagerHelper( 1655): Pkg in mPkgWhiteList =  com.android.providers.calendar
D/OppoAlarmManagerHelper( 1655): Pkg in mPkgWhiteList =  com.oppo.music
D/OppoAlarmManagerHelper( 1655): Pkg in mPkgWhiteList =  com.codoon.gps
D/OppoAlarmManagerHelper( 1655): Pkg in mPkgWhiteList =  com.nearme.note
D/OppoAlarmManagerHelper( 1655): Pkg in mPkgWhiteList =  com.oppo.backuprestore
D/OppoAlarmManagerHelper( 1655): Pkg in mPkgWhiteList =  com.oppo.weather
D/OppoAlarmManagerHelper( 1655): Pkg in mPkgWhiteList =  com.android.providers.downloads
D/OppoAlarmManagerHelper( 1655): Pkg in mPkgWhiteList =  com.mobiletools.systemhelper
D/OppoAlarmManagerHelper( 1655): Pkg in mPkgWhiteList =  com.oppo.community
D/OppoAlarmManagerHelper( 1655): Pkg in mPkgWhiteList =  com.nearme.themespace
D/OppoAlarmManagerHelper( 1655): key in mKeyList == clock
D/OppoAlarmManagerHelper( 1655): key in mKeyList == alarm
D/OppoAlarmManagerHelper( 1655): key in mKeyList == calendar
D/OppoAlarmManagerHelper( 1655): This package use inexact alarm !!!  pkg1 == com.oppo.reader
D/OppoAlarmManagerHelper( 1655): This package use inexact alarm !!!  pkg1 == com.oppo.market
D/OppoAlarmManagerHelper( 1655): This package use inexact alarm !!!  pkg1 == com.oppo.yellowpage
D/OppoAlarmManagerHelper( 1655): This package use inexact alarm !!!  pkg1 == com.nearme.gamecenter
D/OppoAlarmManagerHelper( 1655): Using  inexact alarm!!!!!!!!
V/AlarmManager( 1655): isAlarmNeedAlign : charging
V/AlarmManager( 1655): set(PendingIntent{4329b4c8: PendingIntentRecord{43193ab0 com.oppo.market broadcastIntent}}) : type=0 triggerAtTime=1514304280074 win=-1 tElapsed=48111552 maxElapsed=64311550 interval=0 standalone=false
D/dalvikvm(27257): threadid=18: interp stack at 0x78cf7000
D/dalvikvm(27257): threadid=18: created from interp
D/dalvikvm(27257): start new thread
D/dalvikvm(27257): threadid=18: notify debugger
D/dalvikvm(27257): threadid=18 (CokaIO-37): calling run()
E/Parcel  (27257): Reading a NULL string not supported here.
D/ActivityManager( 1655): getContentProviderImpl: from caller=android.app.ApplicationThreadProxy@43292a80 (pid=27257, userId=0) to get content provider com.nearme.romupdate.provider.db cpr=ContentProviderRecord{4396e390 u0 com.nearme.romupdate/.provider.db.RomUpdateContentProvider}
D/ActivityManager( 1655): getContentProviderImpl: updateLruProcessLocked cpr.proc=ProcessRecord{43d76d60 1944:com.nearme.romupdate/u0a80}
D/ActivityThread(27257): hoder:android.app.IActivityManager$ContentProviderHolder@435d20f8,provider,holder.Provider:android.content.ContentProviderProxy@42a4ef48
W/OppoApplicationPackageManagerHelper(27257): mFiltrateAppNameList or mFiltrateMarketNameList is empty !!!!
I/qhc_net_lib(13777): [2017-12-26 18:04:40.155801]E:/AndroidStudio/corelib//jni/qhc_net_lib.cpp-->qhc_run_thread-->L4460: conn_to_server[112.126.71.137:11002] failed error[101:Network is unreachable] 
I/QHSDK   (13777): QHMsgCallback cmd:1 errcode:410010 data:0x0 len:0
E/QHSDK   (13777): ............QHC_CMD_LOGIN_RSP............. errcode = 410010
I/FrameworkListener(  243): onDataAvailable get 49 bytes 
D/libc-netbsd(  243): default dns: query_ipv6=0, query_ipv4=0
D/SocketClient(  243): SocketClient sendDatalocked done: 401
D/SocketClient(  243): SocketClient sendDatalocked done: 
E/FrameworkListener(  243): read() failed (Connection reset by peer)
D/libc-netbsd(27257): getaddrinfo: istore.oppomobile.com NO result from proxy 
I/System.out(27257): [CDS][DNS]Unable to resolve host "istore.oppomobile.com": No address associated with hostname
D/ConnectivityService( 1655): getActiveNetworkInfo:null
W/NetLog  (27257): [, , 0]:CokaIO-37|https://istore.oppomobile.com/update/v1/auto-check#failed#-1#Unable to resolve host "istore.oppomobile.com": No address associated with hostname
D/dalvikvm(27257): create interp thread : stack size=128KB
D/dalvikvm(27257): create new thread
D/dalvikvm(27257): new thread created
D/dalvikvm(27257): update thread list
D/dalvikvm(27257): threadid=25: interp stack at 0x78d3a000
D/dalvikvm(27257): threadid=25: created from interp
D/dalvikvm(27257): start new thread
D/dalvikvm(27257): threadid=25: notify debugger
D/dalvikvm(27257): threadid=25 (RecordThread): calling run()
D/dalvikvm(  246): threadid=4: exiting
D/dalvikvm(  246): threadid=4: bye!
D/dalvikvm(  246): threadid=3: exiting
D/dalvikvm(  246): threadid=3: bye!
D/dalvikvm(  246): threadid=2: exiting
D/dalvikvm(  246): threadid=2: bye!
D/dalvikvm(  246): pre gc
D/dalvikvm(  246): Zygote::ForkAndSpecialize +
D/ActivityThread(27257): SVC-SERVICE_ARGS handled : 0 / ServiceArgsData{token=android.os.BinderProxy@428c7438 startId=1 args=Intent { cmp=com.oppo.market/a.a.a.yi (has extras) }}
D/dalvikvm(  246): Zygote::ForkAndSpecialize : 2457
D/dalvikvm(  246): create interp thread : stack size=128KB
D/dalvikvm(  246): create new thread
D/dalvikvm(  246): new thread created
D/dalvikvm(  246): update thread list
D/dalvikvm( 2457): Zygote::ForkAndSpecialize : 0
D/dalvikvm(  246): threadid=2: interp stack at 0x72ec5000
D/dalvikvm(  246): threadid=2: created from interp
D/dalvikvm(  246): start new thread
D/dalvikvm(  246): threadid=2: notify debugger
D/dalvikvm(  246): create interp thread : stack size=128KB
D/dalvikvm(  246): threadid=2 (ReferenceQueueDaemon): calling run()
D/dalvikvm(  246): create new thread
D/dalvikvm(  246): new thread created
D/dalvikvm(  246): update thread list
D/dalvikvm(  246): threadid=3: interp stack at 0x72fe5000
D/dalvikvm(  246): threadid=3: created from interp
D/dalvikvm(  246): start new thread
D/dalvikvm(  246): threadid=3: notify debugger
D/dalvikvm(  246): threadid=3 (FinalizerDaemon): calling run()
D/dalvikvm(  246): create interp thread : stack size=128KB
D/dalvikvm(  246): create new thread
D/dalvikvm(  246): new thread created
D/dalvikvm(  246): update thread list
D/dalvikvm(  246): threadid=4: interp stack at 0x73105000
D/dalvikvm(  246): threadid=4: created from interp
D/dalvikvm(  246): start new thread
D/dalvikvm(  246): threadid=4: notify debugger
D/dalvikvm(  246): threadid=4 (FinalizerWatchdogDaemon): calling run()
D/dalvikvm( 2457): zygote get new systemTid : 2457
D/dalvikvm( 2457): threadid=2: interp stack at 0x72fc5000
D/dalvikvm( 2457): threadid=3: interp stack at 0x730e5000
D/dalvikvm( 2457): Elevating priority from 0 to -8
D/dalvikvm( 2457): threadid=4: interp stack at 0x73205000
D/dalvikvm( 2457): zygote get thread init done
D/dalvikvm( 2457): create interp thread : stack size=128KB
D/dalvikvm( 2457): create new thread
D/dalvikvm( 2457): new thread created
D/dalvikvm( 2457): update thread list
D/dalvikvm( 2457): threadid=5: interp stack at 0x77780000
D/dalvikvm( 2457): threadid=5: created from interp
D/dalvikvm( 2457): start new thread
D/dalvikvm( 2457): threadid=5: notify debugger
D/dalvikvm( 2457): threadid=5 (ReferenceQueueDaemon): calling run()
D/dalvikvm( 2457): create interp thread : stack size=128KB
D/dalvikvm( 2457): create new thread
D/dalvikvm( 2457): new thread created
D/dalvikvm( 2457): update thread list
D/dalvikvm( 2457): threadid=6: interp stack at 0x7789e000
D/dalvikvm( 2457): threadid=6: created from interp
D/dalvikvm( 2457): start new thread
D/dalvikvm( 2457): threadid=6: notify debugger
D/dalvikvm( 2457): threadid=6 (FinalizerDaemon): calling run()
D/dalvikvm( 2457): create interp thread : stack size=128KB
D/dalvikvm( 2457): create new thread
D/dalvikvm( 2457): new thread created
D/dalvikvm( 2457): update thread list
D/dalvikvm( 2457): threadid=7: interp stack at 0x779bc000
D/dalvikvm( 2457): threadid=7: created from interp
D/dalvikvm( 2457): start new thread
D/dalvikvm( 2457): threadid=7: notify debugger
D/dalvikvm( 2457): threadid=7 (FinalizerWatchdogDaemon): calling run()
I/ActivityManager( 1655): Start proc com.oppo.market:dcs for service com.oppo.market/com.oppo.statistics.upload.UploadService: pid=2457 uid=10040 gids={50040, 3003, 1028, 1015, 1023, 1007}
D/ActivityManager( 1655):  (1) delay start com.oppo.market:dcs startResult.usingWrapper false
D/dalvikvm( 2457): threadid=8: interp stack at 0x77dd6000
D/dalvikvm( 2457): threadid=9: interp stack at 0x77ef4000
D/usage_raw_part( 1655): write content:current_data_size = 1023
D/usage_raw_part( 1655): write content:dataContentBuffer = com.oppo.market:dcs|2017-12-26 18:04:40
D/usage_raw_part( 1655): write content:current_item_index = 879
D/usage_raw_part( 1655): write content:maxItemSize = 1023
D/usage_raw_part( 1655): write content in replace mode, current index:879
D/usage_raw_part( 1655): write content in replace mode, save item content res:39
D/usage_raw_part( 1655): write content in replace mode, save new item index res:32
W/ContextImpl( 1655): Calling a method in the system process without a qualified user: android.app.ContextImpl.sendBroadcast:1345 com.android.server.am.OppoAbnormalAppManager.sendAbnormalNotify:363 com.android.server.am.OppoAbnormalAppManager.notifyAbnormalInfo:167 com.android.server.am.OppoAbnormalAppManager.handleStartAppInfo:235 com.android.server.am.OppoAbnormalAppManager.handleStartAppInfo:217 
V/ActivityManager( 1655): Broadcast: Intent { act=android.intent.action.OPPO_GUARD_ELF_MONITOR flg=0x10 (has extras) } ordered=false userid=0 callerApp=ProcessRecord{4276e330 1655:system/1000}
D/OppoUsageService( 1655): writeHistoryRecord[AppUsage], saveRes = 1
I/ActivityManager( 1655): [Background Service Priority Adjustment] Process.setProcessGroup to Process.THREAD_GROUP_BG_NONINTERACTIVE, app.pid: 2457
D/SQLiteDatabase(27257): beginTransaction()
D/ActivityThread(27257): SVC-Destroying service: a.a.a.yi@42ad2ce0
D/ActivityThread(27257): SVC-STOP_SERVICE handled : 0 / android.os.BinderProxy@428c7438
V/ActivityManager( 1655): ensureActivitiesVisibleLocked: consider front
V/ActivityManager( 1655): ensureActivitiesVisibleLocked: consider back
D/SQLiteDatabase(27257): endTransaction()
D/dalvikvm( 2457): create interp thread : stack size=128KB
D/dalvikvm( 2457): create new thread
D/dalvikvm( 2457): new thread created
D/dalvikvm( 2457): update thread list
D/dalvikvm( 2457): threadid=10: interp stack at 0x77f14000
D/dalvikvm( 2457): threadid=10: created from interp
D/dalvikvm( 2457): start new thread
D/dalvikvm( 2457): threadid=10: notify debugger
D/dalvikvm( 2457): threadid=10 (FileObserver): calling run()
V/Provider/Settings( 2457): get setting for user 0 by user 0 so skipping cache
V/Provider/Settings( 2457): invalidate [system]: current 1173 != cached 0
D/ActivityManager( 1655): getContentProviderImpl: from caller=android.app.ApplicationThreadProxy@4324e110 (pid=2457, userId=0) to get content provider settings cpr=ContentProviderRecord{42731e10 u0 com.android.providers.settings/.SettingsProvider}
D/ActivityManager( 1655): getContentProviderImpl: updateLruProcessLocked cpr.proc=ProcessRecord{4276e330 1655:system/1000}
D/ActivityThread( 2457): hoder:android.app.IActivityManager$ContentProviderHolder@42704678,provider,holder.Provider:android.content.ContentProviderProxy@42704df8
V/Provider/Settings( 2457): from db cache, name = anr_debugging_mechanism , value = 1
D/Proxy   ( 2457): setHttpRequestCheckHandler
D/dalvikvm( 2457): dvmJarFileOpen: /data/app/com.oppo.market-2.apk
D/dalvikvm( 2457): open_cached_dex_file : /data/app/com.oppo.market-2.apk /data/dalvik-cache/data@app@com.oppo.market-2.apk@classes.dex
D/dalvikvm(27257): create interp thread : stack size=128KB
D/dalvikvm(27257): create new thread
D/dalvikvm(27257): new thread created
D/dalvikvm(27257): update thread list
D/dalvikvm(27257): threadid=28: interp stack at 0x78d5c000
D/dalvikvm(27257): threadid=28: created from interp
D/dalvikvm(27257): start new thread
D/dalvikvm(27257): threadid=28: notify debugger
D/dalvikvm(27257): threadid=28 (HttpThread): calling run()
W/Tinker.TinkerLoader( 2457): tryLoadPatchFiles:patch dir not exist:/data/data/com.oppo.market/tinker
D/Tinker.DefaultAppLike( 2457): onBaseContextAttached:
I/MultiDex( 2457): VM with version 1.6.0 does not have multidex support
I/MultiDex( 2457): install
I/MultiDex( 2457): MultiDexExtractor.load(/data/app/com.oppo.market-2.apk, false)
D/ConnectivityService( 1655): getActiveNetworkInfo:null
D/dalvikvm( 2457): create interp thread : stack size=128KB
D/dalvikvm( 2457): create new thread
D/dalvikvm( 2457): new thread created
D/dalvikvm( 2457): update thread list
D/dalvikvm( 2457): threadid=11: interp stack at 0x78949000
D/dalvikvm( 2457): threadid=11: created from interp
D/dalvikvm( 2457): start new thread
D/dalvikvm( 2457): threadid=11: notify debugger
D/dalvikvm( 2457): threadid=11 (SharedPreferencesImpl-load): calling run()
D/dalvikvm( 2457): threadid=11: exiting
D/dalvikvm( 2457): threadid=11: bye!
I/MultiDex( 2457): loading existing secondary dex files
I/MultiDex( 2457): load found 1 secondary dex files
D/dalvikvm( 2457): dvmJarFileOpen: /data/data/com.oppo.market/code_cache/secondary-dexes/com.oppo.market-2.apk.classes2.zip
