D/WindowManager(  719): interceptKeyTq keycode=82 screenIsOn=true keyguardActive=false policyFlags = #b000000 down =false canceled = false isWakeKey=false mVolumeDownKeyTriggered =false mVolumeUpKeyTriggered =false
D/KeyguardViewMediator(  838): isInputRestricted: showing=false, needReshow=false, provisioned=true
D/WindowManager(  719): interceptKeyTi keyCode=82 down=false repeatCount=0 keyguardOn=false mHomePressed=false canceled=false metaState:0
D/AudioMTKStreamOut(  154): AudioMTKStreamOut::write (-)
D/AudioResamplerMTK(  154): AudioResamplerMtk::resample() can't get buffer
D/AudioResamplerMTK(  154): reset
D/AudioMTKPolicyManager(  154): stopOutput() output 2, stream 1, session 2453
D/AudioResamplerMTK(  154): AudioResamplerMtk::resample() can't get buffer
D/AudioResamplerMTK(  154): reset
D/AudioLoopbackController(  154): +IsAPBTLoopbackWithCodec(), mBtLoopbackWithCodec = 0
D/WindowManager(  719): interceptKeyTq keycode=23 screenIsOn=true keyguardActive=false policyFlags = #b000000 down =true canceled = false isWakeKey=false mVolumeDownKeyTriggered =false mVolumeUpKeyTriggered =false
D/KeyguardViewMediator(  838): isInputRestricted: showing=false, needReshow=false, provisioned=true
D/WindowManager(  719): interceptKeyTi keyCode=23 down=true repeatCount=0 keyguardOn=false mHomePressed=false canceled=false metaState:0
I/View    (24604): Key down dispatch to android.widget.EditText{42d05cb0 VFED..CL .F...... 51,80-299,118 #7f0d00f5 app:id/wifi_input_pwd_edt}, event = KeyEvent { action=ACTION_DOWN, keyCode=KEYCODE_DPAD_CENTER, scanCode=0, metaState=0, flags=0x8, repeatCount=0, eventTime=20922580, downTime=20922580, deviceId=-1, source=0x101 }
D/WindowManager(  719): interceptKeyTq keycode=23 screenIsOn=true keyguardActive=false policyFlags = #b000000 down =false canceled = false isWakeKey=false mVolumeDownKeyTriggered =false mVolumeUpKeyTriggered =false
D/KeyguardViewMediator(  838): isInputRestricted: showing=false, needReshow=false, provisioned=true
D/WindowManager(  719): interceptKeyTi keyCode=23 down=false repeatCount=0 keyguardOn=false mHomePressed=false canceled=false metaState:0
D/KeyguardViewMediator(  838): isInputRestricted: showing=false, needReshow=false, provisioned=true
D/KeyguardViewMediator(  838): isInputRestricted: showing=false, needReshow=false, provisioned=true
V/Provider/Settings(  719): get setting for user 0 by user 0 so skipping cache
V/Provider/Settings(  719):  from settings cache , name = enabled_input_methods , value = com.android.inputmethod.latin/.LatinIME
V/Provider/Settings(  719): get setting for user 0 by user 0 so skipping cache
V/Provider/Settings(  719):  from settings cache , name = enabled_input_methods , value = com.android.inputmethod.latin/.LatinIME
V/Provider/Settings(  719): get setting for user 0 by user 0 so skipping cache
V/Provider/Settings(  719):  from settings cache , name = enabled_input_methods , value = com.android.inputmethod.latin/.LatinIME
D/AudioMTKStreamOut(  154): AudioMTKStreamOut::write (-)
D/AudioResamplerMTK(  154): AudioResamplerMtk::resample() can't get buffer
D/AudioResamplerMTK(  154): reset
D/AudioResamplerMTK(  154): AudioResamplerMtk::resample() can't get buffer
D/AudioResamplerMTK(  154): reset
D/AudioLoopbackController(  154): +IsAPBTLoopbackWithCodec(), mBtLoopbackWithCodec = 0
V/Provider/Settings(  719): get setting for user 0 by user 0 so skipping cache
V/Provider/Settings(  719):  from settings cache , name = enabled_input_methods , value = com.android.inputmethod.latin/.LatinIME
V/Provider/Settings(  838): get setting for user 0 by user 0 so skipping cache
V/Provider/Settings(  838):  from settings cache , name = default_input_method , value = com.android.inputmethod.latin/.LatinIME
V/Provider/Settings(  719): get setting for user 0 by user 0 so skipping cache
V/Provider/Settings(  719):  from settings cache , name = selected_input_method_subtype , value = -1
V/Provider/Settings(  719): get setting for user 0 by user 0 so skipping cache
V/Provider/Settings(  719):  from settings cache , name = selected_input_method_subtype , value = -1
V/Provider/Settings(  719): get setting for user 0 by user 0 so skipping cache
V/Provider/Settings(  719):  from settings cache , name = enabled_input_methods , value = com.android.inputmethod.latin/.LatinIME
V/SoundPool(  719): process 0x7818379c channel 669 event BUFFER_END
V/SoundPool(  719): awake
V/SoundPool(  719): Getting channel from stop list
V/SoundPool(  719): stop
D/AudioTrack(  719): audiotrack 0x793acc38 stop done
V/SoundPool(  719): done_l(669)
V/SoundPool(  719): move to front
D/WindowManager(  719): interceptKeyTq keycode=19 screenIsOn=true keyguardActive=false policyFlags = #b000000 down =true canceled = false isWakeKey=false mVolumeDownKeyTriggered =false mVolumeUpKeyTriggered =false
V/SoundPool(  719): process 0x78183854 channel 670 event BUFFER_END
V/SoundPool(  719): awake
V/SoundPool(  719): Getting channel from stop list
V/SoundPool(  719): stop
D/KeyguardViewMediator(  838): isInputRestricted: showing=false, needReshow=false, provisioned=true
D/AudioTrack(  719): audiotrack 0x79358150 stop done
V/SoundPool(  719): done_l(670)
V/SoundPool(  719): move to front
D/WindowManager(  719): interceptKeyTi keyCode=19 down=true repeatCount=0 keyguardOn=false mHomePressed=false canceled=false metaState:0
I/View    (24604): Key down dispatch to android.widget.EditText{42d05cb0 VFED..CL .F...... 51,80-299,118 #7f0d00f5 app:id/wifi_input_pwd_edt}, event = KeyEvent { action=ACTION_DOWN, keyCode=KEYCODE_DPAD_UP, scanCode=0, metaState=0, flags=0x8, repeatCount=0, eventTime=20922637, downTime=20922637, deviceId=-1, source=0x101 }
D/WindowManager(  719): interceptKeyTq keycode=19 screenIsOn=true keyguardActive=false policyFlags = #b000000 down =false canceled = false isWakeKey=false mVolumeDownKeyTriggered =false mVolumeUpKeyTriggered =false
D/KeyguardViewMediator(  838): isInputRestricted: showing=false, needReshow=false, provisioned=true
D/AudioMTKStreamOut(  154): AudioMTKStreamOut::write (-)
D/WindowManager(  719): interceptKeyTi keyCode=19 down=false repeatCount=0 keyguardOn=false mHomePressed=false canceled=false metaState:0
D/AudioFlinger(  154): removeTracks_l removing track on session 2455
D/AudioFlinger(  154): acquireWakeLock_l() AudioOut_2 status 0
D/AudioFlinger(  154): threadLoop_sleepTime write muted data to hw
D/AudioLoopbackController(  154): +IsAPBTLoopbackWithCodec(), mBtLoopbackWithCodec = 0
D/PowerManagerService(  719): updateWakeLockWorkSourceInternal: lock=1105933248 [AudioMix], ws=null
D/AudioMTKStreamOut(  154): AudioMTKStreamOut::write (-)
D/AudioFlinger(  154): removeTracks_l removing track on session 2454
D/AudioMTKPolicyManager(  154): stopOutput() output 2, stream 1, session 2455
D/AudioFlinger(  154): acquireWakeLock_l() AudioOut_2 status 0
D/PowerManagerService(  719): updateWakeLockWorkSourceInternal: lock=1105933248 [AudioMix], ws=null
D/PowerManagerService(  719): userActivityFromNative
D/PowerManagerService(  719): userActivityNoUpdateLocked: eventTime=20922695, event=2, flags=0x0, uid=1000
D/PowerManagerNotifier(  719): onUserActivity: event=2, uid=1000
D/PowerManagerService(  719): updateUserActivitySummaryLocked: mWakefulness=Awake, mUserActivitySummary=0x5, nextTimeout=20930522 (in 7826 ms)
D/PowerManagerService(  719): newScreenState = 2
I/View    ( 1001): Touch down dispatch to com.android.inputmethod.keyboard.internal.PreviewPlacerView{42069d20 V.ED.... ........ 0,0-1024,546 #7f08005a app:id/keyboard_view}, event = MotionEvent { action=ACTION_DOWN, id[0]=0, x[0]=78.0, y[0]=361.0, toolType[0]=TOOL_TYPE_UNKNOWN, buttonState=0, metaState=0, flags=0x0, edgeFlags=0x0, pointerCount=1, historySize=0, eventTime=20922695, downTime=20922695, deviceId=0, source=0x1002 }
I/View    ( 1001): Touch down dispatch to com.android.inputmethod.keyboard.MainKeyboardView{4205dec8 V.ED.... ........ 0,44-1024,320 #7f08005a app:id/keyboard_view}, event = MotionEvent { action=ACTION_DOWN, id[0]=0, x[0]=78.0, y[0]=91.0, toolType[0]=TOOL_TYPE_UNKNOWN, buttonState=0, metaState=0, flags=0x0, edgeFlags=0x0, pointerCount=1, historySize=0, eventTime=20922695, downTime=20922695, deviceId=0, source=0x1002 }
D/PowerManagerDisplayController(  719): requestPowerState: screenState=2, useProximitySensor=false, forceProximitySensorEnable=false, forceWakeUpEnable=false, screenBrightness=74, screenAutoBrightnessAdjustment=0.0, useAutoBrightness=false, useEcoBrightness=false, blockScreenOn=false, waitForNegativeProximity=false
I/PowerManagerService(  719): setBrightness mButtonLight, screenBrightness=74
D/PowerManagerService(  719): updateScreenStateLocked: mDisplayReady=true, newScreenState=2, mWakefulness=1, mWakeLockSummary=0x1, mUserActivitySummary=0x5, mBootCompleted=true
D/PowerManagerService(  719): handleSandman: canDream=false, mWakefulness=Awake
V/Provider/Settings(  719): get setting for user -2 by user 0 so skipping cache
V/Provider/Settings(  719): get setting for user -2 by user 0 so skipping cache
V/SettingsProvider(  719):    access setting for user 0
V/SettingsProvider(  719): call(system:haptic_feedback_enabled) for 0
D/SettingsProvider(  719): lookupValue table system cache contains Key haptic_feedback_enabled , value = Bundle[{value=1}]
V/Provider/Settings(  719): from db cache, name = haptic_feedback_enabled , value = 1
I/Provider/Settings(  719): call-query of user -2 by 0 so not updating cache
V/SoundPool-JNI(  719): android_media_SoundPool_SoundPoolImpl_play
V/SoundPool(  719): play sampleID=2, leftVolume=0.501187, rightVolume=0.501187, priority=0, loop=0, rate=1.000000
V/SoundPool(  719): mState = 0 mChannelID=667, mNumChannels=1, mPos = 0, mPriority=-1, mLoop=0
V/SoundPool(  719): mState = 0 mChannelID=669, mNumChannels=1, mPos = 0, mPriority=-1, mLoop=0
V/SoundPool(  719): mState = 0 mChannelID=668, mNumChannels=1, mPos = 0, mPriority=-1, mLoop=0
V/SoundPool(  719): mState = 0 mChannelID=670, mNumChannels=1, mPos = 0, mPriority=-1, mLoop=0
V/SoundPool(  719): Allocated active channel
V/SoundPool(  719): play channel 0x78183854 state = 0
V/SoundPool(  719): SoundChannel::play 0x78183854: sampleID=2, channelID=671, leftVolume=0.501187, rightVolume=0.501187, priority=0, loop=0, rate=1.000000
D/AudioMTKPolicyManager(  154): getDeviceForStrategy() strategy 0, device 2
D/AudioMTKPolicyManager(  154): getOutput() device 2, stream 1, samplingRate 0, format 0, channelMask 3, flags 0
D/AudioMTKPolicyManager(  154): getOutput() returns output 2
D/AudioMTKPolicyManager(  154): getDeviceForStrategy() strategy 0, device 2
D/AudioMTKPolicyManager(  154): getOutput() device 2, stream 1, samplingRate 0, format 0, channelMask 3, flags 0
D/AudioMTKPolicyManager(  154): getOutput() returns output 2
V/AudioTrack(  719): sharedBuffer: 0x7a3d0000, size: 10382
V/AudioTrack(  719): set() streamType 1 frameCount 0 flags 0004
D/AudioTrack(  719): audiotrack 0x791ff110 set Type 1, rate 48000, fmt 1, chn 1, fcnt 0, flags 0004
D/AudioMTKPolicyManager(  154): getDeviceForStrategy() strategy 0, device 2
D/AudioMTKPolicyManager(  154): getOutput() device 2, stream 1, samplingRate 48000, format 1, channelMask 1, flags 4
D/AudioMTKPolicyManager(  154): getOutput() returns output 2
V/AudioTrack(  719): createTrack_l() output 2 afLatency 92
D/AudioFlinger(  154): createTrack() sessionId: 0
D/AudioFlinger(  154): createTrack() lSessionId: 2456
D/AudioFlinger(  154): AUDIO_OUTPUT_FLAG_FAST denied: isTimed=0 sharedBuffer=0xb7f032e8 frameCount=5191 mFrameCount=2048 format=1 isLinear=1 channelMask=0x1 sampleRate=48000 mSampleRate=44100 hasFastMixer=0 tid=20478 fastTrackAvailMask=0xfe
D/AudioTrack(  719): sched_setscheduler to rt, priority: 1
I/View    ( 1001): Touch up dispatch to com.android.inputmethod.keyboard.MainKeyboardView{4205dec8 V.ED.... ......ID 0,44-1024,320 #7f08005a app:id/keyboard_view}, event = MotionEvent { action=ACTION_UP, id[0]=0, x[0]=77.167816, y[0]=87.98361, toolType[0]=TOOL_TYPE_UNKNOWN, buttonState=0, metaState=0, flags=0x0, edgeFlags=0x0, pointerCount=1, historySize=0, eventTime=20922697, downTime=20922695, deviceId=0, source=0x1002 }
V/AudioTrack(  719): AUDIO_OUTPUT_FLAG_FAST denied by server; frameCount 5191
D/AudioFlinger(  154): PlayckThread::attachAuxEffect_l:effectid:0
D/AudioTrackCenter(  719): addTrack, trackId:2068918272, frameCount:5191, sampleRate:48000, trackPtr:0x791ff110
D/AudioFlinger(  154): acquiring 2456 from 719
D/AudioFlinger(  154):  added new entry for 2456
V/SoundPool(  719): setVolume 0x791ff110
D/AudioMTKPolicyManager(  154): startOutput() output 2, stream 1, session 2456
D/AudioFlinger(  154): signal playback thread
V/SoundPool(  719): delete oldTrack 0x79358150
D/AudioTrack(  719): ~audioTrack 0x79358150
D/AudioTrackCenter(  719): removeTrack, trackPtr:0x79358150
D/IPCThreadState(  719): [DN #5] BR_CLEAR_DEATH_NOTIFICATION_DONE cookie 0x7932d8b0
D/AudioFlinger(  154): releasing 2455 from 719
D/AudioFlinger(  154):  decremented refcount to 0
D/AudioFlinger(  154): +purging stale effects
D/AudioFlinger(  154): -purging stale effects
D/AudioFlinger(  154): remove track (4102) and delete from mixer
D/AudioMTKPolicyManager(  154): releaseOutput() 2
D/AudioMTKPolicyManager(  154): stopOutput() output 2, stream 1, session 2454
D/AudioResampler(  154): Create MTK Resampler
D/AudioResamplerMTK(  154): init outsampleRate 44100, intsampleRate 48000
D/AudioFlinger(  154): acquireWakeLock_l() AudioOut_2 status 0
D/AudioLoopbackController(  154): +IsAPBTLoopbackWithCodec(), mBtLoopbackWithCodec = 0
D/PowerManagerService(  719): updateWakeLockWorkSourceInternal: lock=1105933248 [AudioMix], ws=WorkSource{1000}
D/PowerManagerNotifier(  719): onWakeLockReleased: flags=1, tag="AudioMix", packageName=media, ownerUid=1013, ownerPid=154, workSource=null
D/PowerManagerNotifier(  719): onWakeLockAcquired: flags=1, tag="AudioMix", packageName=media, ownerUid=1013, ownerPid=154, workSource=WorkSource{1000}
I/BufferQueue(  151): [FrameBufferSurface_0](this:0xb7beb150,id:0,api:1,p:151,c:151) [release] fps:8.27, dur:1208.49, max:289.94, min:17.20
I/BufferQueue(  151): [FrameBufferSurface_0](this:0xb7beb150,id:0,api:1,p:151,c:151) [queue] fps:8.27, dur:1208.62, max:290.10, min:17.19
I/SurfaceFlinger(  151): [Built-in Screen (type:0)] fps:8.273594,dur:1208.66,max:290.13,min:17.19
D/AudioMTKStreamOut(  154): AudioMTKStreamOut::write (-)
D/AudioLoopbackController(  154): +IsAPBTLoopbackWithCodec(), mBtLoopbackWithCodec = 0
D/PowerManagerService(  719): userActivityFromNative
D/PowerManagerService(  719): userActivityNoUpdateLocked: eventTime=20922750, event=0, flags=0x0, uid=1000
D/PowerManagerNotifier(  719): onUserActivity: event=0, uid=1000
D/PowerManagerService(  719): updateUserActivitySummaryLocked: mWakefulness=Awake, mUserActivitySummary=0x5, nextTimeout=20930522 (in 7769 ms)
D/PowerManagerService(  719): newScreenState = 2
D/PowerManagerDisplayController(  719): requestPowerState: screenState=2, useProximitySensor=false, forceProximitySensorEnable=false, forceWakeUpEnable=false, screenBrightness=74, screenAutoBrightnessAdjustment=0.0, useAutoBrightness=false, useEcoBrightness=false, blockScreenOn=false, waitForNegativeProximity=false
I/PowerManagerService(  719): setBrightness mButtonLight, screenBrightness=74
D/PowerManagerService(  719): updateScreenStateLocked: mDisplayReady=true, newScreenState=2, mWakefulness=1, mWakeLockSummary=0x1, mUserActivitySummary=0x5, mBootCompleted=true
D/PowerManagerService(  719): handleSandman: canDream=false, mWakefulness=Awake
I/View    (24604): Key down dispatch to android.widget.EditText{42d05cb0 VFED..CL .F...... 51,80-299,118 #7f0d00f5 app:id/wifi_input_pwd_edt}, event = KeyEvent { action=ACTION_DOWN, keyCode=KEYCODE_DPAD_DOWN, scanCode=0, metaState=0, flags=0x400, repeatCount=0, eventTime=20922764, downTime=20922764, deviceId=-1, source=0x101 }
I/View    ( 1001): Touch down dispatch to com.android.inputmethod.keyboard.internal.PreviewPlacerView{42069d20 V.ED.... ........ 0,0-1024,546 #7f08005a app:id/keyboard_view}, event = MotionEvent { action=ACTION_DOWN, id[0]=0, x[0]=557.0, y[0]=306.0, toolType[0]=TOOL_TYPE_UNKNOWN, buttonState=0, metaState=0, flags=0x0, edgeFlags=0x0, pointerCount=1, historySize=0, eventTime=20922769, downTime=20922769, deviceId=0, source=0x1002 }
I/View    ( 1001): Touch down dispatch to com.android.inputmethod.keyboard.MainKeyboardView{4205dec8 V.ED.... ........ 0,44-1024,320 #7f08005a app:id/keyboard_view}, event = MotionEvent { action=ACTION_DOWN, id[0]=0, x[0]=557.0, y[0]=36.0, toolType[0]=TOOL_TYPE_UNKNOWN, buttonState=0, metaState=0, flags=0x0, edgeFlags=0x0, pointerCount=1, historySize=0, eventTime=20922769, downTime=20922769, deviceId=0, source=0x1002 }
V/Provider/Settings(  719): get setting for user -2 by user 0 so skipping cache
V/Provider/Settings(  719): get setting for user -2 by user 0 so skipping cache
V/SettingsProvider(  719):    access setting for user 0
V/SettingsProvider(  719): call(system:haptic_feedback_enabled) for 0
D/SettingsProvider(  719): lookupValue table system cache contains Key haptic_feedback_enabled , value = Bundle[{value=1}]
V/Provider/Settings(  719): from db cache, name = haptic_feedback_enabled , value = 1
I/Provider/Settings(  719): call-query of user -2 by 0 so not updating cache
V/SoundPool-JNI(  719): android_media_SoundPool_SoundPoolImpl_play
V/SoundPool(  719): play sampleID=2, leftVolume=0.501187, rightVolume=0.501187, priority=0, loop=0, rate=1.000000
V/SoundPool(  719): mState = 0 mChannelID=667, mNumChannels=1, mPos = 0, mPriority=-1, mLoop=0
V/SoundPool(  719): mState = 0 mChannelID=669, mNumChannels=1, mPos = 0, mPriority=-1, mLoop=0
V/SoundPool(  719): mState = 0 mChannelID=668, mNumChannels=1, mPos = 0, mPriority=-1, mLoop=0
V/SoundPool(  719): mState = 4 mChannelID=671, mNumChannels=1, mPos = 0, mPriority=0, mLoop=0
V/SoundPool(  719): Allocated active channel
V/SoundPool(  719): play channel 0x7818379c state = 0
V/SoundPool(  719): SoundChannel::play 0x7818379c: sampleID=2, channelID=672, leftVolume=0.501187, rightVolume=0.501187, priority=0, loop=0, rate=1.000000
D/AudioMTKPolicyManager(  154): getDeviceForStrategy() strategy 0, device 2
D/AudioMTKPolicyManager(  154): getOutput() device 2, stream 1, samplingRate 0, format 0, channelMask 3, flags 0
D/AudioMTKPolicyManager(  154): getOutput() returns output 2
D/AudioMTKPolicyManager(  154): getDeviceForStrategy() strategy 0, device 2
D/AudioMTKPolicyManager(  154): getOutput() device 2, stream 1, samplingRate 0, format 0, channelMask 3, flags 0
D/AudioMTKPolicyManager(  154): getOutput() returns output 2
V/AudioTrack(  719): sharedBuffer: 0x7a3d0000, size: 10382
V/AudioTrack(  719): set() streamType 1 frameCount 0 flags 0004
D/AudioTrack(  719): audiotrack 0x79358150 set Type 1, rate 48000, fmt 1, chn 1, fcnt 0, flags 0004
D/AudioMTKPolicyManager(  154): getDeviceForStrategy() strategy 0, device 2
D/AudioMTKPolicyManager(  154): getOutput() device 2, stream 1, samplingRate 48000, format 1, channelMask 1, flags 4
D/AudioMTKPolicyManager(  154): getOutput() returns output 2
V/AudioTrack(  719): createTrack_l() output 2 afLatency 92
D/AudioFlinger(  154): createTrack() sessionId: 0
D/AudioFlinger(  154): createTrack() lSessionId: 2457
D/AudioFlinger(  154): AUDIO_OUTPUT_FLAG_FAST denied: isTimed=0 sharedBuffer=0xb7ec71c0 frameCount=5191 mFrameCount=2048 format=1 isLinear=1 channelMask=0x1 sampleRate=48000 mSampleRate=44100 hasFastMixer=0 tid=20479 fastTrackAvailMask=0xfe
V/AudioTrack(  719): AUDIO_OUTPUT_FLAG_FAST denied by server; frameCount 5191
D/AudioFlinger(  154): PlayckThread::attachAuxEffect_l:effectid:0
D/AudioTrackCenter(  719): addTrack, trackId:2068918336, frameCount:5191, sampleRate:48000, trackPtr:0x79358150
D/AudioFlinger(  154): acquiring 2457 from 719
D/AudioFlinger(  154):  added new entry for 2457
V/SoundPool(  719): setVolume 0x79358150
D/AudioMTKPolicyManager(  154): startOutput() output 2, stream 1, session 2457
D/AudioFlinger(  154): signal playback thread
V/SoundPool(  719): delete oldTrack 0x793acc38
D/AudioTrack(  719): ~audioTrack 0x793acc38
D/AudioTrackCenter(  719): removeTrack, trackPtr:0x793acc38
D/IPCThreadState(  719): [DN #5] BR_CLEAR_DEATH_NOTIFICATION_DONE cookie 0x781838f8
D/AudioFlinger(  154): releasing 2454 from 719
D/AudioFlinger(  154):  decremented refcount to 0
D/AudioFlinger(  154): +purging stale effects
D/AudioFlinger(  154): -purging stale effects
D/AudioFlinger(  154): remove track (4103) and delete from mixer
D/AudioTrack(  719): sched_setscheduler to rt, priority: 1
D/AudioMTKPolicyManager(  154): releaseOutput() 2
I/View    ( 1001): Touch up dispatch to com.android.inputmethod.keyboard.MainKeyboardView{4205dec8 V.ED.... ......ID 0,44-1024,320 #7f08005a app:id/keyboard_view}, event = MotionEvent { action=ACTION_UP, id[0]=0, x[0]=556.3582, y[0]=33.309906, toolType[0]=TOOL_TYPE_UNKNOWN, buttonState=0, metaState=0, flags=0x0, edgeFlags=0x0, pointerCount=1, historySize=0, eventTime=20922771, downTime=20922769, deviceId=0, source=0x1002 }
D/AudioMTKStreamOut(  154): AudioMTKStreamOut::write (-)
D/AudioResampler(  154): Create MTK Resampler
D/AudioResamplerMTK(  154): init outsampleRate 44100, intsampleRate 48000
D/AudioFlinger(  154): acquireWakeLock_l() AudioOut_2 status 0
D/PowerManagerService(  719): updateWakeLockWorkSourceInternal: lock=1105933248 [AudioMix], ws=WorkSource{1000}
D/AudioResamplerMTK(  154): AudioResamplerMtk::resample() can't get buffer
D/AudioResamplerMTK(  154): reset
D/AudioLoopbackController(  154): +IsAPBTLoopbackWithCodec(), mBtLoopbackWithCodec = 0
I/BufferQueue(  151): [InputMethod](this:0xb7c2c7c0,id:3708,api:1,p:1001,c:151) [queue] fps:1.86, dur:1073.98, max:998.95, min:75.03
I/BufferQueue(  151): [com.sixtyplus.nidfit.treadmill.app/com.sixtyplus.nidfit.treadmill.wifimgr.WifiActivity](this:0xb7c2a538,id:3705,api:1,p:24604,c:151) [queue] fps:6.60, dur:1059.81, max:314.96, min:23.70
I/View    (24604): Key down dispatch to android.widget.EditText{42d05cb0 VFED..CL .F...... 51,80-299,118 #7f0d00f5 app:id/wifi_input_pwd_edt}, event = KeyEvent { action=ACTION_DOWN, keyCode=KEYCODE_DPAD_UP, scanCode=0, metaState=0, flags=0x400, repeatCount=0, eventTime=20922785, downTime=20922785, deviceId=-1, source=0x101 }
I/BufferQueue(  151): [com.sixtyplus.nidfit.treadmill.app/com.sixtyplus.nidfit.treadmill.wifimgr.WifiActivity](this:0xb7c2a538,id:3705,api:1,p:24604,c:151) [release] fps:6.64, dur:1054.81, max:306.41, min:17.19
I/BufferQueue(  151): [InputMethod](this:0xb7c2c7c0,id:3708,api:1,p:1001,c:151) [release] fps:1.87, dur:1072.24, max:986.39, min:85.85
I/View    (24604): Key down dispatch to android.widget.EditText{42d05cb0 VFED..CL .F...... 51,80-299,118 #7f0d00f5 app:id/wifi_input_pwd_edt}, event = KeyEvent { action=ACTION_DOWN, keyCode=KEYCODE_DPAD_UP, scanCode=0, metaState=0, flags=0x400, repeatCount=0, eventTime=20922786, downTime=20922786, deviceId=-1, source=0x101 }
I/View    (24604): Key down dispatch to android.widget.EditText{42d05cb0 VFED..CL .F...... 51,80-299,118 #7f0d00f5 app:id/wifi_input_pwd_edt}, event = KeyEvent { action=ACTION_DOWN, keyCode=KEYCODE_DPAD_UP, scanCode=0, metaState=0, flags=0x400, repeatCount=0, eventTime=20922786, downTime=20922786, deviceId=-1, source=0x101 }
I/View    (24604): Key down dispatch to android.widget.EditText{42d05cb0 VFED..CL .F...... 51,80-299,118 #7f0d00f5 app:id/wifi_input_pwd_edt}, event = KeyEvent { action=ACTION_DOWN, keyCode=KEYCODE_DPAD_UP, scanCode=0, metaState=0, flags=0x400, repeatCount=0, eventTime=20922786, downTime=20922786, deviceId=-1, source=0x101 }
D/AudioMTKStreamOut(  154): AudioMTKStreamOut::write (-)
D/AudioResamplerMTK(  154): AudioResamplerMtk::resample() can't get buffer
D/AudioResamplerMTK(  154): reset
D/AudioLoopbackController(  154): +IsAPBTLoopbackWithCodec(), mBtLoopbackWithCodec = 0
I/View    (24604): Key down dispatch to android.widget.EditText{42d05cb0 VFED..CL .F...... 51,80-299,118 #7f0d00f5 app:id/wifi_input_pwd_edt}, event = KeyEvent { action=ACTION_DOWN, keyCode=KEYCODE_DPAD_UP, scanCode=0, metaState=0, flags=0x400, repeatCount=0, eventTime=20922833, downTime=20922833, deviceId=-1, source=0x101 }
I/View    (24604): Key down dispatch to android.widget.EditText{42d05cb0 VFED..CL .F...... 51,80-299,118 #7f0d00f5 app:id/wifi_input_pwd_edt}, event = KeyEvent { action=ACTION_DOWN, keyCode=KEYCODE_DPAD_UP, scanCode=0, metaState=0, flags=0x400, repeatCount=0, eventTime=20922833, downTime=20922833, deviceId=-1, source=0x101 }
I/View    (24604): Key down dispatch to android.widget.EditText{42d05cb0 VFED..CL .F...... 51,80-299,118 #7f0d00f5 app:id/wifi_input_pwd_edt}, event = KeyEvent { action=ACTION_DOWN, keyCode=KEYCODE_DPAD_UP, scanCode=0, metaState=0, flags=0x400, repeatCount=0, eventTime=20922833, downTime=20922833, deviceId=-1, source=0x101 }
I/View    (24604): Key down dispatch to android.widget.EditText{42d05cb0 VFED..CL .F...... 51,80-299,118 #7f0d00f5 app:id/wifi_input_pwd_edt}, event = KeyEvent { action=ACTION_DOWN, keyCode=KEYCODE_DPAD_UP, scanCode=0, metaState=0, flags=0x400, repeatCount=0, eventTime=20922848, downTime=20922848, deviceId=-1, source=0x101 }
I/View    (24604): Key down dispatch to android.widget.EditText{42d05cb0 VFED..CL .F...... 51,80-299,118 #7f0d00f5 app:id/wifi_input_pwd_edt}, event = KeyEvent { action=ACTION_DOWN, keyCode=KEYCODE_DPAD_UP, scanCode=0, metaState=0, flags=0x400, repeatCount=0, eventTime=20922848, downTime=20922848, deviceId=-1, source=0x101 }
I/View    (24604): Key down dispatch to android.widget.EditText{42d05cb0 VFED..CL .F...... 51,80-299,118 #7f0d00f5 app:id/wifi_input_pwd_edt}, event = KeyEvent { action=ACTION_DOWN, keyCode=KEYCODE_DPAD_UP, scanCode=0, metaState=0, flags=0x400, repeatCount=0, eventTime=20922848, downTime=20922848, deviceId=-1, source=0x101 }
I/View    (24604): Key down dispatch to android.widget.EditText{42d05cb0 VFED..CL .F...... 51,80-299,118 #7f0d00f5 app:id/wifi_input_pwd_edt}, event = KeyEvent { action=ACTION_DOWN, keyCode=KEYCODE_DPAD_CENTER, scanCode=0, metaState=0, flags=0x400, repeatCount=0, eventTime=20922849, downTime=20922849, deviceId=-1, source=0x101 }
D/KeyguardViewMediator(  838): isInputRestricted: showing=false, needReshow=false, provisioned=true
D/KeyguardViewMediator(  838): isInputRestricted: showing=false, needReshow=false, provisioned=true
V/Provider/Settings(  719): get setting for user 0 by user 0 so skipping cache
V/Provider/Settings(  719):  from settings cache , name = enabled_input_methods , value = com.android.inputmethod.latin/.LatinIME
V/Provider/Settings(  719): get setting for user 0 by user 0 so skipping cache
V/Provider/Settings(  719):  from settings cache , name = enabled_input_methods , value = com.android.inputmethod.latin/.LatinIME
V/Provider/Settings(  719): get setting for user 0 by user 0 so skipping cache
V/Provider/Settings(  719):  from settings cache , name = enabled_input_methods , value = com.android.inputmethod.latin/.LatinIME
V/Provider/Settings(  719): get setting for user 0 by user 0 so skipping cache
V/Provider/Settings(  719):  from settings cache , name = enabled_input_methods , value = com.android.inputmethod.latin/.LatinIME
V/Provider/Settings(  838): get setting for user 0 by user 0 so skipping cache
V/Provider/Settings(  838):  from settings cache , name = default_input_method , value = com.android.inputmethod.latin/.LatinIME
V/Provider/Settings(  719): get setting for user 0 by user 0 so skipping cache
V/Provider/Settings(  719):  from settings cache , name = selected_input_method_subtype , value = -1
V/Provider/Settings(  719): get setting for user 0 by user 0 so skipping cache
V/Provider/Settings(  719):  from settings cache , name = selected_input_method_subtype , value = -1
V/Provider/Settings(  719): get setting for user 0 by user 0 so skipping cache
V/Provider/Settings(  719):  from settings cache , name = enabled_input_methods , value = com.android.inputmethod.latin/.LatinIME
D/AudioMTKStreamOut(  154): AudioMTKStreamOut::write (-)
D/AudioResamplerMTK(  154): AudioResamplerMtk::resample() can't get buffer
D/AudioResamplerMTK(  154): reset
D/AudioResamplerMTK(  154): AudioResamplerMtk::resample() can't get buffer
D/AudioResamplerMTK(  154): reset
D/AudioLoopbackController(  154): +IsAPBTLoopbackWithCodec(), mBtLoopbackWithCodec = 0
D/WindowManager(  719): interceptKeyTq keycode=22 screenIsOn=true keyguardActive=false policyFlags = #b000000 down =true canceled = false isWakeKey=false mVolumeDownKeyTriggered =false mVolumeUpKeyTriggered =false
D/KeyguardViewMediator(  838): isInputRestricted: showing=false, needReshow=false, provisioned=true
D/WindowManager(  719): interceptKeyTi keyCode=22 down=true repeatCount=0 keyguardOn=false mHomePressed=false canceled=false metaState:0
D/WindowManager(  719): interceptKeyTq keycode=22 screenIsOn=true keyguardActive=false policyFlags = #b000000 down =false canceled = false isWakeKey=false mVolumeDownKeyTriggered =false mVolumeUpKeyTriggered =false
I/View    (24604): Key down dispatch to android.widget.EditText{42d05cb0 VFED..CL .F...... 51,80-299,118 #7f0d00f5 app:id/wifi_input_pwd_edt}, event = KeyEvent { action=ACTION_DOWN, keyCode=KEYCODE_DPAD_RIGHT, scanCode=0, metaState=0, flags=0x8, repeatCount=0, eventTime=20922896, downTime=20922896, deviceId=-1, source=0x101 }
D/KeyguardViewMediator(  838): isInputRestricted: showing=false, needReshow=false, provisioned=true
D/WindowManager(  719): interceptKeyTi keyCode=22 down=false repeatCount=0 keyguardOn=false mHomePressed=false canceled=false metaState:0
D/AudioMTKStreamOut(  154): AudioMTKStreamOut::write (-)
D/AudioResamplerMTK(  154): AudioResamplerMtk::resample() can't get buffer
D/AudioResamplerMTK(  154): reset
D/AudioResamplerMTK(  154): AudioResamplerMtk::resample() can't get buffer
D/AudioResamplerMTK(  154): reset
D/AudioLoopbackController(  154): +IsAPBTLoopbackWithCodec(), mBtLoopbackWithCodec = 0
D/dalvikvm( 1001): threadid=2: SuspendAll starting
D/dalvikvm( 1001): threadid=1: self-suspending
D/dalvikvm( 1001): threadid=2:   threadid=1 status=9 sc=1 dc=0
D/dalvikvm( 1001): threadid=2:   threadid=19 status=7 sc=1 dc=0
D/dalvikvm( 1001): threadid=2:   threadid=18 status=4 sc=1 dc=0
D/dalvikvm( 1001): threadid=2:   threadid=17 status=4 sc=1 dc=0
D/dalvikvm( 1001): threadid=2:   threadid=12 status=4 sc=1 dc=0
D/dalvikvm( 1001): threadid=2:   threadid=16 status=4 sc=1 dc=0
D/dalvikvm( 1001): threadid=2:   threadid=15 status=4 sc=1 dc=0
D/dalvikvm( 1001): threadid=2:   threadid=14 status=4 sc=1 dc=0
D/dalvikvm( 1001): threadid=2:   threadid=13 status=4 sc=1 dc=0
D/dalvikvm( 1001): threadid=2:   threadid=11 status=7 sc=1 dc=0
D/dalvikvm( 1001): threadid=2:   threadid=10 status=7 sc=1 dc=0
D/dalvikvm( 1001): threadid=2:   threadid=9 status=7 sc=1 dc=0
D/dalvikvm( 1001): threadid=2:   threadid=8 status=2 sc=1 dc=0
D/dalvikvm( 1001): threadid=2:   threadid=7 status=4 sc=1 dc=0
D/dalvikvm( 1001): threadid=2:   threadid=6 status=4 sc=1 dc=0
D/dalvikvm( 1001): threadid=2:   threadid=5 status=8 sc=1 dc=0
D/dalvikvm( 1001): threadid=2:   threadid=4 status=8 sc=1 dc=0
D/dalvikvm( 1001): threadid=2:   threadid=3 status=8 sc=1 dc=0
D/dalvikvm( 1001): threadid=2: SuspendAll complete : 1
D/dalvikvm( 1001): threadid=2: ResumeAll starting
D/dalvikvm( 1001): threadid=2: ResumeAll waking others
D/dalvikvm( 1001): threadid=2: ResumeAll complete
D/dalvikvm( 1001): threadid=1: self-reviving, status=1
D/WindowManager(  719): interceptKeyTq keycode=3 screenIsOn=true keyguardActive=false policyFlags = #b000000 down =true canceled = false isWakeKey=false mVolumeDownKeyTriggered =false mVolumeUpKeyTriggered =false
D/KeyguardViewMediator(  838): isInputRestricted: showing=false, needReshow=false, provisioned=true
D/WindowManager(  719): interceptKeyTi keyCode=3 down=true repeatCount=0 keyguardOn=false mHomePressed=false canceled=false metaState:0
D/WindowManager(  719): interceptKeyTq keycode=3 screenIsOn=true keyguardActive=false policyFlags = #b000000 down =false canceled = false isWakeKey=false mVolumeDownKeyTriggered =false mVolumeUpKeyTriggered =false
D/KeyguardViewMediator(  838): isInputRestricted: showing=false, needReshow=false, provisioned=true
D/WindowManager(  719): interceptKeyTi keyCode=3 down=false repeatCount=0 keyguardOn=false mHomePressed=true canceled=false metaState:0
D/KeyguardViewMediator(  838): isInputRestricted: showing=false, needReshow=false, provisioned=true
V/ActivityManager(  719): Broadcast: Intent { act=android.intent.action.CLOSE_SYSTEM_DIALOGS flg=0x50000010 (has extras) } ordered=false userid=-1 callerApp=null
D/PhoneStatusBar(  838): onReceive, action=android.intent.action.CLOSE_SYSTEM_DIALOGS
D/AudioMTKStreamOut(  154): AudioMTKStreamOut::write (-)
D/AudioResamplerMTK(  154): AudioResamplerMtk::resample() can't get buffer
D/AudioResamplerMTK(  154): reset
D/AudioResamplerMTK(  154): AudioResamplerMtk::resample() can't get buffer
D/AudioResamplerMTK(  154): reset
D/PhoneStatusBar(  838): dismissAppGuideInt
D/AudioLoopbackController(  154): +IsAPBTLoopbackWithCodec(), mBtLoopbackWithCodec = 0
D/Launcher( 1062): Launcher, Close system dialogs: intent = Intent { act=android.intent.action.CLOSE_SYSTEM_DIALOGS flg=0x50000010 (has extras) }
I/ActivityManager(  719): START u0 {act=android.intent.action.MAIN cat=[android.intent.category.HOME] flg=0x10200000 cmp=com.android.launcher/com.android.launcher2.Launcher} from pid 719
V/ActivityManager(  719): Broadcast: Intent { act=com.android.systemui.recent.action.CLOSE flg=0x10 pkg=com.android.systemui } ordered=false userid=-2 callerApp=ProcessRecord{42147030 838:com.android.systemui/u0a7}
D/SIMHelper(  838): isSimInserted(0), SimInserted=false
D/StatusBar.NetworkController(  838): refreshViews(0), DataConnected=false simColorId = -1
D/StatusBar.NetworkController(  838): refreshViews(0), set parameters to signal cluster view.
D/SignalClusterView(  838): setWifiIndicators, visible=true, strengthIcon=com.mediatek.systemui.ext.IconIdWrapper@41da64f0, activityIcon=com.mediatek.systemui.ext.IconIdWrapper@41da6508, contentDescription=WLAN 
D/StatusBar.NetworkController(  838): refreshViews(0), tempPhoneSignalIconId.0 = 0  tempPhoneSignalIconId.1 = 0  tempMobileActivityIconId= 0  tempDataTypeIconId= 0
D/SignalClusterView(  838): setMobileDataIndicators(0), visible=true, strengthIcon[0] ~ [1] 0 ~ 0
D/SignalClusterView(  838): setIsAirplaneMode=false
D/SignalClusterView(  838): setRoamingFlagandResource(0), roaming=false, roamingId=0
D/SignalClusterView(  838): setShowSimIndicator(0), showSimIndicator=false simIndicatorResource = 0
D/SignalClusterView(  838): setDataNetType3G(0), NetworkType=null
D/SignalClusterView(  838): apply(), mWifiVisible is true
D/SIMHelper(  838): isSimInserted(0), SimInserted=false
D/SignalClusterView(  838): apply(), slotId=0, mMobileVisible=true, mShouldMobileGroupVisible=true
D/SignalClusterView(  838): apply(), slotId=0, mRoaming=false mMobileActivityId=0 mMobileTypeId=0 mMobileStrengthId[0] = 0 mMobileStrengthId[1] = 0
D/SIMHelper(  838): isSimInserted(0), SimInserted=false
D/SignalClusterView(  838): apply(). mIsAirplaneMode is false, NWType slot(0) is 8
D/dalvikvm( 1001): threadid=2: SuspendAll starting
D/dalvikvm( 1001): threadid=2:   threadid=1 status=8 sc=1 dc=0
D/dalvikvm( 1001): threadid=2:   threadid=19 status=7 sc=1 dc=0
D/dalvikvm( 1001): threadid=2:   threadid=18 status=4 sc=1 dc=0
D/dalvikvm( 1001): threadid=2:   threadid=17 status=4 sc=1 dc=0
D/dalvikvm( 1001): threadid=2:   threadid=12 status=4 sc=1 dc=0
D/dalvikvm( 1001): threadid=2:   threadid=16 status=4 sc=1 dc=0
D/dalvikvm( 1001): threadid=2:   threadid=15 status=4 sc=1 dc=0
D/dalvikvm( 1001): threadid=2:   threadid=14 status=4 sc=1 dc=0
D/dalvikvm( 1001): threadid=2:   threadid=13 status=4 sc=1 dc=0
D/dalvikvm( 1001): threadid=2:   threadid=11 status=7 sc=1 dc=0
D/dalvikvm( 1001): threadid=2:   threadid=10 status=8 sc=1 dc=0
D/dalvikvm( 1001): threadid=2:   threadid=9 status=7 sc=1 dc=0
D/dalvikvm( 1001): threadid=2:   threadid=8 status=2 sc=1 dc=0
D/dalvikvm( 1001): threadid=2:   threadid=7 status=4 sc=1 dc=0
D/dalvikvm( 1001): threadid=2:   threadid=6 status=4 sc=1 dc=0
D/dalvikvm( 1001): threadid=2:   threadid=5 status=8 sc=1 dc=0
D/dalvikvm( 1001): threadid=2:   threadid=4 status=8 sc=1 dc=0
D/dalvikvm( 1001): threadid=2:   threadid=3 status=8 sc=1 dc=0
D/dalvikvm( 1001): threadid=2: SuspendAll complete : 1
D/dalvikvm( 1001): threadid=2: ResumeAll starting
D/dalvikvm( 1001): threadid=2: ResumeAll waking others
D/dalvikvm( 1001): threadid=2: ResumeAll complete
D/AudioMTKStreamOut(  154): AudioMTKStreamOut::write (-)
D/AudioResamplerMTK(  154): AudioResamplerMtk::resample() can't get buffer
D/AudioResamplerMTK(  154): reset
D/AudioResamplerMTK(  154): AudioResamplerMtk::resample() can't get buffer
D/AudioResamplerMTK(  154): reset
D/AudioLoopbackController(  154): +IsAPBTLoopbackWithCodec(), mBtLoopbackWithCodec = 0
D/dalvikvm( 1001): GC_CONCURRENT freed 3023K (50167), 40% free 5477K/9048K, paused 8ms+6ms, total 90ms
D/dalvikvm( 1001): WAIT_FOR_CONCURRENT_GC blocked 61ms
D/dalvikvm( 1001): WAIT_FOR_CONCURRENT_GC blocked 59ms
D/WindowManager(  719): interceptKeyTq keycode=21 screenIsOn=true keyguardActive=false policyFlags = #b000000 down =true canceled = false isWakeKey=false mVolumeDownKeyTriggered =false mVolumeUpKeyTriggered =false
D/PowerManagerService(  719): userActivityFromNative
D/PowerManagerService(  719): userActivityNoUpdateLocked: eventTime=20923029, event=1, flags=0x0, uid=1000
D/PowerManagerNotifier(  719): onUserActivity: event=1, uid=1000
D/PowerManagerService(  719): updateUserActivitySummaryLocked: mWakefulness=Awake, mUserActivitySummary=0x5, nextTimeout=20931029 (in 7998 ms)
D/PowerManagerService(  719): newScreenState = 2
D/PowerManagerDisplayController(  719): requestPowerState: screenState=2, useProximitySensor=false, forceProximitySensorEnable=false, forceWakeUpEnable=false, screenBrightness=74, screenAutoBrightnessAdjustment=0.0, useAutoBrightness=false, useEcoBrightness=false, blockScreenOn=false, waitForNegativeProximity=false
I/PowerManagerService(  719): setBrightness mButtonLight, screenBrightness=74
D/PowerManagerService(  719): updateScreenStateLocked: mDisplayReady=true, newScreenState=2, mWakefulness=1, mWakeLockSummary=0x1, mUserActivitySummary=0x5, mBootCompleted=true
D/PowerManagerService(  719): handleSandman: canDream=false, mWakefulness=Awake
D/KeyguardViewMediator(  838): isInputRestricted: showing=false, needReshow=false, provisioned=true
D/WindowManager(  719): interceptKeyTi keyCode=21 down=true repeatCount=0 keyguardOn=false mHomePressed=false canceled=false metaState:0
I/View    (24604): Key down dispatch to android.widget.EditText{42d05cb0 VFED..CL .F...... 51,80-299,118 #7f0d00f5 app:id/wifi_input_pwd_edt}, event = KeyEvent { action=ACTION_DOWN, keyCode=KEYCODE_DPAD_LEFT, scanCode=0, metaState=0, flags=0x8, repeatCount=0, eventTime=20923029, downTime=20923029, deviceId=-1, source=0x101 }
D/WindowManager(  719): interceptKeyTq keycode=21 screenIsOn=true keyguardActive=false policyFlags = #b000000 down =false canceled = false isWakeKey=false mVolumeDownKeyTriggered =false mVolumeUpKeyTriggered =false
D/KeyguardViewMediator(  838): isInputRestricted: showing=false, needReshow=false, provisioned=true
D/WindowManager(  719): interceptKeyTi keyCode=21 down=false repeatCount=0 keyguardOn=false mHomePressed=false canceled=false metaState:0
D/AudioMTKStreamOut(  154): AudioMTKStreamOut::write (-)
D/AudioResamplerMTK(  154): AudioResamplerMtk::resample() can't get buffer
D/AudioResamplerMTK(  154): reset
D/AudioResamplerMTK(  154): AudioResamplerMtk::resample() can't get buffer
D/AudioResamplerMTK(  154): reset
D/AudioLoopbackController(  154): +IsAPBTLoopbackWithCodec(), mBtLoopbackWithCodec = 0
D/AudioMTKStreamOut(  154): AudioMTKStreamOut::write (-)
D/AudioResamplerMTK(  154): AudioResamplerMtk::resample() can't get buffer
D/AudioResamplerMTK(  154): reset
D/AudioResamplerMTK(  154): AudioResamplerMtk::resample() can't get buffer
D/AudioResamplerMTK(  154): reset
D/AudioLoopbackController(  154): +IsAPBTLoopbackWithCodec(), mBtLoopbackWithCodec = 0
D/WindowManager(  719): interceptKeyTq keycode=22 screenIsOn=true keyguardActive=false policyFlags = #b000000 down =true canceled = false isWakeKey=false mVolumeDownKeyTriggered =false mVolumeUpKeyTriggered =false
D/KeyguardViewMediator(  838): isInputRestricted: showing=false, needReshow=false, provisioned=true
D/WindowManager(  719): interceptKeyTi keyCode=22 down=true repeatCount=0 keyguardOn=false mHomePressed=false canceled=false metaState:0
I/View    (24604): Key down dispatch to android.widget.EditText{42d05cb0 VFED..CL .F...... 51,80-299,118 #7f0d00f5 app:id/wifi_input_pwd_edt}, event = KeyEvent { action=ACTION_DOWN, keyCode=KEYCODE_DPAD_UP, scanCode=0, metaState=0, flags=0x400, repeatCount=0, eventTime=20923107, downTime=20923107, deviceId=-1, source=0x101 }
I/View    (24604): Key down dispatch to android.widget.EditText{42d05cb0 VFED..CL .F...... 51,80-299,118 #7f0d00f5 app:id/wifi_input_pwd_edt}, event = KeyEvent { action=ACTION_DOWN, keyCode=KEYCODE_DPAD_UP, scanCode=0, metaState=0, flags=0x400, repeatCount=0, eventTime=20923107, downTime=20923107, deviceId=-1, source=0x101 }
I/View    (24604): Key down dispatch to android.widget.EditText{42d05cb0 VFED..CL .F...... 51,80-299,118 #7f0d00f5 app:id/wifi_input_pwd_edt}, event = KeyEvent { action=ACTION_DOWN, keyCode=KEYCODE_DPAD_UP, scanCode=0, metaState=0, flags=0x400, repeatCount=0, eventTime=20923107, downTime=20923107, deviceId=-1, source=0x101 }
I/View    (24604): Key down dispatch to android.widget.EditText{42d05cb0 VFED..CL .F...... 51,80-299,118 #7f0d00f5 app:id/wifi_input_pwd_edt}, event = KeyEvent { action=ACTION_DOWN, keyCode=KEYCODE_DPAD_UP, scanCode=0, metaState=0, flags=0x400, repeatCount=0, eventTime=20923107, downTime=20923107, deviceId=-1, source=0x101 }
D/WindowManager(  719): interceptKeyTq keycode=22 screenIsOn=true keyguardActive=false policyFlags = #b000000 down =false canceled = false isWakeKey=false mVolumeDownKeyTriggered =false mVolumeUpKeyTriggered =false
D/KeyguardViewMediator(  838): isInputRestricted: showing=false, needReshow=false, provisioned=true
I/View    (24604): Key down dispatch to android.widget.EditText{42d05cb0 VFED..CL .F...... 51,80-299,118 #7f0d00f5 app:id/wifi_input_pwd_edt}, event = KeyEvent { action=ACTION_DOWN, keyCode=KEYCODE_DPAD_UP, scanCode=0, metaState=0, flags=0x400, repeatCount=0, eventTime=20923120, downTime=20923120, deviceId=-1, source=0x101 }
D/WindowManager(  719): interceptKeyTi keyCode=22 down=false repeatCount=0 keyguardOn=false mHomePressed=false canceled=false metaState:0
I/View    (24604): Key down dispatch to android.widget.EditText{42d05cb0 VFED..CL .F...... 51,80-299,118 #7f0d00f5 app:id/wifi_input_pwd_edt}, event = KeyEvent { action=ACTION_DOWN, keyCode=KEYCODE_DPAD_UP, scanCode=0, metaState=0, flags=0x400, repeatCount=0, eventTime=20923120, downTime=20923120, deviceId=-1, source=0x101 }
I/View    (24604): Key down dispatch to android.widget.EditText{42d05cb0 VFED..CL .F...... 51,80-299,118 #7f0d00f5 app:id/wifi_input_pwd_edt}, event = KeyEvent { action=ACTION_DOWN, keyCode=KEYCODE_DPAD_UP, scanCode=0, metaState=0, flags=0x400, repeatCount=0, eventTime=20923120, downTime=20923120, deviceId=-1, source=0x101 }
I/View    (24604): Key down dispatch to android.widget.EditText{42d05cb0 VFED..CL .F...... 51,80-299,118 #7f0d00f5 app:id/wifi_input_pwd_edt}, event = KeyEvent { action=ACTION_DOWN, keyCode=KEYCODE_DPAD_UP, scanCode=0, metaState=0, flags=0x400, repeatCount=0, eventTime=20923121, downTime=20923121, deviceId=-1, source=0x101 }
I/View    (24604): Key down dispatch to android.widget.EditText{42d05cb0 VFED..CL .F...... 51,80-299,118 #7f0d00f5 app:id/wifi_input_pwd_edt}, event = KeyEvent { action=ACTION_DOWN, keyCode=KEYCODE_DPAD_RIGHT, scanCode=0, metaState=0, flags=0x8, repeatCount=0, eventTime=20923106, downTime=20923106, deviceId=-1, source=0x101 }
D/AudioMTKStreamOut(  154): AudioMTKStreamOut::write (-)
D/AudioResamplerMTK(  154): AudioResamplerMtk::resample() can't get buffer
D/AudioResamplerMTK(  154): reset
D/AudioResamplerMTK(  154): AudioResamplerMtk::resample() can't get buffer
D/AudioResamplerMTK(  154): reset
D/AudioLoopbackController(  154): +IsAPBTLoopbackWithCodec(), mBtLoopbackWithCodec = 0
D/WifiStateMachine(  719): ConnectedState{ when=-3ms what=131155 arg1=30 target=com.android.internal.util.StateMachine$SmHandler target=Handler (com.android.internal.util.StateMachine$SmHandler) {421bb670} }
D/WifiStateMachine(  719): L2ConnectedState{ when=-3ms what=131155 arg1=30 target=com.android.internal.util.StateMachine$SmHandler target=Handler (com.android.internal.util.StateMachine$SmHandler) {421bb670} }
D/WifiHW  (  719): enter -->wifi_send_command cmd=IFNAME=wlan0 SIGNAL_POLL
D/wpa_supplicant(  971): RX ctrl_iface - hexdump(len=11): 53 49 47 4e 41 4c 5f 50 4f 4c 4c
D/wpa_supplicant(  971): wlan0: Control interface command 'SIGNAL_POLL'
D/wpa_supplicant(  971): nl80211: survey data missing!
D/WifiHW  (  719): leave --> reply=RSSI=-68
D/WifiHW  (  719): LINKSPEED=65
D/WifiHW  (  719): NOISE=9999
D/WifiHW  (  719): FREQUENCY=2412
D/WifiHW  (  719): 
D/wifi    (  719): doStringCommand, buf IFNAME=wlan0 SIGNAL_POLL
I/WifiStateMachine(  719): fetchRssiAndLinkSpeedNative, newRssi:-68, newLinkSpeed:65, SSID:"60_office"
D/WindowManager(  719): interceptKeyTq keycode=22 screenIsOn=true keyguardActive=false policyFlags = #b000000 down =true canceled = false isWakeKey=false mVolumeDownKeyTriggered =false mVolumeUpKeyTriggered =false
D/KeyguardViewMediator(  838): isInputRestricted: showing=false, needReshow=false, provisioned=true
D/WindowManager(  719): interceptKeyTi keyCode=22 down=true repeatCount=0 keyguardOn=false mHomePressed=false canceled=false metaState:0
I/View    (24604): Key down dispatch to android.widget.EditText{42d05cb0 VFED..CL .F...... 51,80-299,118 #7f0d00f5 app:id/wifi_input_pwd_edt}, event = KeyEvent { action=ACTION_DOWN, keyCode=KEYCODE_DPAD_RIGHT, scanCode=0, metaState=0, flags=0x8, repeatCount=0, eventTime=20923184, downTime=20923184, deviceId=-1, source=0x101 }
D/WindowManager(  719): interceptKeyTq keycode=22 screenIsOn=true keyguardActive=false policyFlags = #b000000 down =false canceled = false isWakeKey=false mVolumeDownKeyTriggered =false mVolumeUpKeyTriggered =false
D/KeyguardViewMediator(  838): isInputRestricted: showing=false, needReshow=false, provisioned=true
D/WindowManager(  719): interceptKeyTi keyCode=22 down=false repeatCount=0 keyguardOn=false mHomePressed=false canceled=false metaState:0
D/AudioMTKStreamOut(  154): AudioMTKStreamOut::write (-)
D/AudioResamplerMTK(  154): AudioResamplerMtk::resample() can't get buffer
D/AudioResamplerMTK(  154): reset
D/AudioResamplerMTK(  154): AudioResamplerMtk::resample() can't get buffer
D/AudioResamplerMTK(  154): reset
D/AudioLoopbackController(  154): +IsAPBTLoopbackWithCodec(), mBtLoopbackWithCodec = 0
D/SurfaceFlinger(  151): SurfaceFlingerWatchdog:ERROR: open /dev/RT_Monitor failed.
W/ADB_SERVICES(  184): create_local_service_socket() name=shell:cat /proc/stat
W/ADB_SERVICES(  184): service_to_fd() name=shell:cat /proc/stat
W/ADB_SERVICES(  184): read_meminfo() mem_free=36948
W/ADB_SERVICES(  184): create_subprocess() ret_fd=15 pid=20480
W/ADB_SERVICES(  184): LS(21100): bound to 'shell:cat /proc/stat' via 15
W/ADB_SERVICES(20480): adb: unable to open /proc/20480/oom_adj
D/AudioMTKStreamOut(  154): AudioMTKStreamOut::write (-)
D/AudioResamplerMTK(  154): AudioResamplerMtk::resample() can't get buffer
D/AudioResamplerMTK(  154): reset
D/AudioResamplerMTK(  154): AudioResamplerMtk::resample() can't get buffer
D/AudioResamplerMTK(  154): reset
D/AudioLoopbackController(  154): +IsAPBTLoopbackWithCodec(), mBtLoopbackWithCodec = 0
D/WindowManager(  719): interceptKeyTq keycode=22 screenIsOn=true keyguardActive=false policyFlags = #b000000 down =true canceled = false isWakeKey=false mVolumeDownKeyTriggered =false mVolumeUpKeyTriggered =false
D/KeyguardViewMediator(  838): isInputRestricted: showing=false, needReshow=false, provisioned=true
D/WindowManager(  719): interceptKeyTi keyCode=22 down=true repeatCount=0 keyguardOn=false mHomePressed=false canceled=false metaState:0
D/ADB_SERVICES(  184):  closing because is_eof=1 r=-1 s->fde.force_eof=0
W/ADB_SERVICES(  184): entered. LS(21100) fd=15
D/WindowManager(  719): interceptKeyTq keycode=22 screenIsOn=true keyguardActive=false policyFlags = #b000000 down =false canceled = false isWakeKey=false mVolumeDownKeyTriggered =false mVolumeUpKeyTriggered =false
D/KeyguardViewMediator(  838): isInputRestricted: showing=false, needReshow=false, provisioned=true
D/WindowManager(  719): interceptKeyTi keyCode=22 down=false repeatCount=0 keyguardOn=false mHomePressed=false canceled=false metaState:0
I/View    (24604): Key down dispatch to android.widget.EditText{42d05cb0 VFED..CL .F...... 51,80-299,118 #7f0d00f5 app:id/wifi_input_pwd_edt}, event = KeyEvent { action=ACTION_DOWN, keyCode=KEYCODE_DPAD_RIGHT, scanCode=0, metaState=0, flags=0x8, repeatCount=0, eventTime=20923243, downTime=20923243, deviceId=-1, source=0x101 }
W/ADB_SERVICES(  184): create_local_service_socket() name=shell:dumpsys meminfo com.sixtyplus.nidfit.treadmill.app
W/ADB_SERVICES(  184): service_to_fd() name=shell:dumpsys meminfo com.sixtyplus.nidfit.treadmill.app
W/ADB_SERVICES(  184): read_meminfo() mem_free=36948
W/ADB_SERVICES(  184): create_subprocess() ret_fd=15 pid=20481
