--------- beginning of /dev/log/system
D/PowerManagerService(  719): handleSandman: canDream=false, mWakefulness=Awake
V/SettingsProvider(  719): call_put(system:mtk_audioprofile_general_volume_ring=13) for 0
V/SettingsProvider(  719): insert(content://settings/system) for user 0 by 0
D/PowerManagerService(  719): acquireWakeLockInternal: lock=1112320584, flags=0x1, tag="AudioMix", ws=null, uid=1013, pid=154
D/PowerManagerNotifier(  719): onWakeLockAcquired: flags=1, tag="AudioMix", packageName=media, ownerUid=1013, ownerPid=154, workSource=null
D/PowerManagerService(  719): updateWakeLockSummaryLocked: mWakefulness=Awake, mWakeLockSummary=0x1
D/PowerManagerService(  719): newScreenState = 2
D/PowerManagerDisplayController(  719): requestPowerState: screenState=2, useProximitySensor=false, forceProximitySensorEnable=false, forceWakeUpEnable=false, screenBrightness=74, screenAutoBrightnessAdjustment=0.0, useAutoBrightness=false, useEcoBrightness=false, blockScreenOn=false, waitForNegativeProximity=false
I/PowerManagerService(  719): setBrightness mButtonLight, screenBrightness=74
D/PowerManagerService(  719): updateScreenStateLocked: mDisplayReady=true, newScreenState=2, mWakefulness=1, mWakeLockSummary=0x1, mUserActivitySummary=0x5, mBootCompleted=true
D/PowerManagerService(  719): Acquiring suspend blocker "PowerManagerService.WakeLocks".
D/PowerManagerService(  719): handleSandman: canDream=false, mWakefulness=Awake
D/PowerManagerService(  719): releaseWakeLockInternal: lock=1112320584 [AudioMix], flags=0x0, total_time=1ms
D/PowerManagerNotifier(  719): onWakeLockReleased: flags=1, tag="AudioMix", packageName=media, ownerUid=1013, ownerPid=154, workSource=null
D/PowerManagerService(  719): updateWakeLockSummaryLocked: mWakefulness=Awake, mWakeLockSummary=0x0
D/PowerManagerService(  719): newScreenState = 2
D/PowerManagerDisplayController(  719): requestPowerState: screenState=2, useProximitySensor=false, forceProximitySensorEnable=false, forceWakeUpEnable=false, screenBrightness=74, screenAutoBrightnessAdjustment=0.0, useAutoBrightness=false, useEcoBrightness=false, blockScreenOn=false, waitForNegativeProximity=false
I/PowerManagerService(  719): setBrightness mButtonLight, screenBrightness=74
D/PowerManagerService(  719): updateScreenStateLocked: mDisplayReady=true, newScreenState=2, mWakefulness=1, mWakeLockSummary=0x0, mUserActivitySummary=0x5, mBootCompleted=true
D/PowerManagerService(  719): Releasing suspend blocker "PowerManagerService.WakeLocks".
D/PowerManagerService(  719): handleSandman: canDream=false, mWakefulness=Awake
D/PowerManagerService(  719): acquireWakeLockInternal: lock=1106082712, flags=0x1, tag="AudioMix", ws=null, uid=1013, pid=154
V/ActivityManager(  719): Broadcast: Intent { act=android.media.VOLUME_CHANGED_ACTION flg=0x10 (has extras) } ordered=false userid=-1 callerApp=ProcessRecord{41fff248 719:system/1000}
D/PowerManagerNotifier(  719): onWakeLockAcquired: flags=1, tag="AudioMix", packageName=media, ownerUid=1013, ownerPid=154, workSource=null
D/PowerManagerService(  719): updateWakeLockSummaryLocked: mWakefulness=Awake, mWakeLockSummary=0x1
D/PowerManagerService(  719): newScreenState = 2
D/PowerManagerDisplayController(  719): requestPowerState: screenState=2, useProximitySensor=false, forceProximitySensorEnable=false, forceWakeUpEnable=false, screenBrightness=74, screenAutoBrightnessAdjustment=0.0, useAutoBrightness=false, useEcoBrightness=false, blockScreenOn=false, waitForNegativeProximity=false
I/PowerManagerService(  719): setBrightness mButtonLight, screenBrightness=74
D/PowerManagerService(  719): updateScreenStateLocked: mDisplayReady=true, newScreenState=2, mWakefulness=1, mWakeLockSummary=0x1, mUserActivitySummary=0x5, mBootCompleted=true
D/PowerManagerService(  719): Acquiring suspend blocker "PowerManagerService.WakeLocks".
D/PowerManagerService(  719): handleSandman: canDream=false, mWakefulness=Awake
D/PowerManagerService(  719): releaseWakeLockInternal: lock=1106082712 [AudioMix], flags=0x0, total_time=2ms
D/PowerManagerNotifier(  719): onWakeLockReleased: flags=1, tag="AudioMix", packageName=media, ownerUid=1013, ownerPid=154, workSource=null
D/PowerManagerService(  719): updateWakeLockSummaryLocked: mWakefulness=Awake, mWakeLockSummary=0x0
D/PowerManagerService(  719): newScreenState = 2
D/PowerManagerDisplayController(  719): requestPowerState: screenState=2, useProximitySensor=false, forceProximitySensorEnable=false, forceWakeUpEnable=false, screenBrightness=74, screenAutoBrightnessAdjustment=0.0, useAutoBrightness=false, useEcoBrightness=false, blockScreenOn=false, waitForNegativeProximity=false
I/PowerManagerService(  719): setBrightness mButtonLight, screenBrightness=74
D/PowerManagerService(  719): updateScreenStateLocked: mDisplayReady=true, newScreenState=2, mWakefulness=1, mWakeLockSummary=0x0, mUserActivitySummary=0x5, mBootCompleted=true
D/PowerManagerService(  719): Releasing suspend blocker "PowerManagerService.WakeLocks".
D/PowerManagerService(  719): handleSandman: canDream=false, mWakefulness=Awake
V/SettingsProvider(  719): call_put(system:mtk_audioprofile_general_volume_notification=13) for 0
V/SettingsProvider(  719): insert(content://settings/system) for user 0 by 0
D/PowerManagerService(  719): userActivityFromNative
D/PowerManagerService(  719): userActivityNoUpdateLocked: eventTime=20894428, event=2, flags=0x0, uid=1000
D/PowerManagerNotifier(  719): onUserActivity: event=2, uid=1000
D/PowerManagerService(  719): updateUserActivitySummaryLocked: mWakefulness=Awake, mUserActivitySummary=0x5, nextTimeout=20902108 (in 7676 ms)
D/PowerManagerService(  719): newScreenState = 2
D/PowerManagerDisplayController(  719): requestPowerState: screenState=2, useProximitySensor=false, forceProximitySensorEnable=false, forceWakeUpEnable=false, screenBrightness=74, screenAutoBrightnessAdjustment=0.0, useAutoBrightness=false, useEcoBrightness=false, blockScreenOn=false, waitForNegativeProximity=false
I/PowerManagerService(  719): setBrightness mButtonLight, screenBrightness=74
D/PowerManagerService(  719): updateScreenStateLocked: mDisplayReady=true, newScreenState=2, mWakefulness=1, mWakeLockSummary=0x0, mUserActivitySummary=0x5, mBootCompleted=true
D/PowerManagerService(  719): handleSandman: canDream=false, mWakefulness=Awake
D/PowerManagerService(  719): userActivityFromNative
D/PowerManagerService(  719): userActivityNoUpdateLocked: eventTime=20894486, event=0, flags=0x0, uid=1000
D/PowerManagerNotifier(  719): onUserActivity: event=0, uid=1000
D/PowerManagerService(  719): updateUserActivitySummaryLocked: mWakefulness=Awake, mUserActivitySummary=0x5, nextTimeout=20902108 (in 7619 ms)
D/PowerManagerService(  719): newScreenState = 2
D/PowerManagerDisplayController(  719): requestPowerState: screenState=2, useProximitySensor=false, forceProximitySensorEnable=false, forceWakeUpEnable=false, screenBrightness=74, screenAutoBrightnessAdjustment=0.0, useAutoBrightness=false, useEcoBrightness=false, blockScreenOn=false, waitForNegativeProximity=false
I/PowerManagerService(  719): setBrightness mButtonLight, screenBrightness=74
D/PowerManagerService(  719): updateScreenStateLocked: mDisplayReady=true, newScreenState=2, mWakefulness=1, mWakeLockSummary=0x0, mUserActivitySummary=0x5, mBootCompleted=true
D/PowerManagerService(  719): handleSandman: canDream=false, mWakefulness=Awake
V/ActivityManager(  719): Broadcast: Intent { act=android.media.VOLUME_CHANGED_ACTION flg=0x10 (has extras) } ordered=false userid=-1 callerApp=ProcessRecord{41fff248 719:system/1000}
V/ActivityManager(  719): Broadcast: Intent { act=android.media.VOLUME_CHANGED_ACTION flg=0x10 (has extras) } ordered=false userid=-1 callerApp=ProcessRecord{41fff248 719:system/1000}
V/SettingsProvider(  719): call(system:sound_effects_enabled) for 0
V/ActivityManager(  719): Broadcast: Intent { act=android.media.VOLUME_CHANGED_ACTION flg=0x10 (has extras) } ordered=false userid=-1 callerApp=ProcessRecord{41fff248 719:system/1000}
V/ActivityManager(  719): Broadcast: Intent { act=android.media.VOLUME_CHANGED_ACTION flg=0x10 (has extras) } ordered=false userid=-1 callerApp=ProcessRecord{41fff248 719:system/1000}
V/ActivityManager(  719): Broadcast: Intent { act=android.media.VOLUME_CHANGED_ACTION flg=0x10 (has extras) } ordered=false userid=-1 callerApp=ProcessRecord{41fff248 719:system/1000}
V/ActivityManager(  719): Broadcast: Intent { act=android.media.VOLUME_CHANGED_ACTION flg=0x10 (has extras) } ordered=false userid=-1 callerApp=ProcessRecord{41fff248 719:system/1000}
V/ActivityManager(  719): Broadcast: Intent { act=android.media.VOLUME_CHANGED_ACTION flg=0x10 (has extras) } ordered=false userid=-1 callerApp=ProcessRecord{41fff248 719:system/1000}
V/SettingsProvider(  719):    access setting for user 0
V/SettingsProvider(  719): call_put(system:volume_ring_speaker=13) for 0
V/SettingsProvider(  719): insert(content://settings/system) for user 0 by 0
V/ActivityManager(  719): Broadcast: Intent { act=android.media.VOLUME_CHANGED_ACTION flg=0x10 (has extras) } ordered=false userid=-1 callerApp=ProcessRecord{41fff248 719:system/1000}
V/ActivityManager(  719): Broadcast: Intent { act=android.media.VOLUME_CHANGED_ACTION flg=0x10 (has extras) } ordered=false userid=-1 callerApp=ProcessRecord{41fff248 719:system/1000}
V/ActivityManager(  719): Broadcast: Intent { act=android.media.VOLUME_CHANGED_ACTION flg=0x10 (has extras) } ordered=false userid=-1 callerApp=ProcessRecord{41fff248 719:system/1000}
V/ActivityManager(  719): Broadcast: Intent { act=android.media.VOLUME_CHANGED_ACTION flg=0x10 (has extras) } ordered=false userid=-1 callerApp=ProcessRecord{41fff248 719:system/1000}
V/ActivityManager(  719): Broadcast: Intent { act=android.media.VOLUME_CHANGED_ACTION flg=0x10 (has extras) } ordered=false userid=-1 callerApp=ProcessRecord{41fff248 719:system/1000}
V/ActivityManager(  719): Broadcast: Intent { act=android.media.VOLUME_CHANGED_ACTION flg=0x10 (has extras) } ordered=false userid=-1 callerApp=ProcessRecord{41fff248 719:system/1000}
V/ActivityManager(  719): Broadcast: Intent { act=android.media.VOLUME_CHANGED_ACTION flg=0x10 (has extras) } ordered=false userid=-1 callerApp=ProcessRecord{41fff248 719:system/1000}
D/PowerManagerService(  719): userActivityFromNative
D/PowerManagerService(  719): userActivityNoUpdateLocked: eventTime=20894860, event=1, flags=0x0, uid=1000
D/PowerManagerNotifier(  719): onUserActivity: event=1, uid=1000
D/PowerManagerService(  719): updateUserActivitySummaryLocked: mWakefulness=Awake, mUserActivitySummary=0x5, nextTimeout=20902860 (in 7998 ms)
D/PowerManagerService(  719): newScreenState = 2
D/PowerManagerDisplayController(  719): requestPowerState: screenState=2, useProximitySensor=false, forceProximitySensorEnable=false, forceWakeUpEnable=false, screenBrightness=74, screenAutoBrightnessAdjustment=0.0, useAutoBrightness=false, useEcoBrightness=false, blockScreenOn=false, waitForNegativeProximity=false
I/PowerManagerService(  719): setBrightness mButtonLight, screenBrightness=74
D/PowerManagerService(  719): updateScreenStateLocked: mDisplayReady=true, newScreenState=2, mWakefulness=1, mWakeLockSummary=0x0, mUserActivitySummary=0x5, mBootCompleted=true
D/PowerManagerService(  719): handleSandman: canDream=false, mWakefulness=Awake
V/SettingsProvider(  719):    access setting for user 0
V/SettingsProvider(  719): call_put(system:volume_ring_speaker=13) for 0
V/SettingsProvider(  719): insert(content://settings/system) for user 0 by 0
I/ActivityManager(  719): START u0 {act=android.intent.action.MAIN cat=[android.intent.category.LAUNCHER] flg=0x10200000 cmp=com.sixtyplus.nidfit.treadmill.app/.LoginActivity} from pid 12704
I/ActivityManager(  719): START u0 {act=android.intent.action.MAIN cat=[android.intent.category.LAUNCHER] flg=0x10200000 cmp=com.sixtyplus.nidfit.treadmill.app/.LoginActivity} from pid 12704
D/PowerManagerService(  719): userActivityFromNative
D/PowerManagerService(  719): userActivityNoUpdateLocked: eventTime=20895260, event=0, flags=0x0, uid=1000
D/PowerManagerNotifier(  719): onUserActivity: event=0, uid=1000
D/PowerManagerService(  719): updateUserActivitySummaryLocked: mWakefulness=Awake, mUserActivitySummary=0x5, nextTimeout=20902860 (in 7597 ms)
D/PowerManagerService(  719): newScreenState = 2
D/PowerManagerDisplayController(  719): requestPowerState: screenState=2, useProximitySensor=false, forceProximitySensorEnable=false, forceWakeUpEnable=false, screenBrightness=74, screenAutoBrightnessAdjustment=0.0, useAutoBrightness=false, useEcoBrightness=false, blockScreenOn=false, waitForNegativeProximity=false
I/PowerManagerService(  719): setBrightness mButtonLight, screenBrightness=74
D/PowerManagerService(  719): updateScreenStateLocked: mDisplayReady=true, newScreenState=2, mWakefulness=1, mWakeLockSummary=0x0, mUserActivitySummary=0x5, mBootCompleted=true
D/PowerManagerService(  719): handleSandman: canDream=false, mWakefulness=Awake
D/PowerManagerService(  719): userActivityFromNative
D/PowerManagerService(  719): userActivityNoUpdateLocked: eventTime=20895302, event=2, flags=0x0, uid=1000
D/PowerManagerNotifier(  719): onUserActivity: event=2, uid=1000
D/PowerManagerService(  719): updateUserActivitySummaryLocked: mWakefulness=Awake, mUserActivitySummary=0x5, nextTimeout=20902860 (in 7556 ms)
D/PowerManagerService(  719): newScreenState = 2
D/PowerManagerDisplayController(  719): requestPowerState: screenState=2, useProximitySensor=false, forceProximitySensorEnable=false, forceWakeUpEnable=false, screenBrightness=74, screenAutoBrightnessAdjustment=0.0, useAutoBrightness=false, useEcoBrightness=false, blockScreenOn=false, waitForNegativeProximity=false
I/PowerManagerService(  719): setBrightness mButtonLight, screenBrightness=74
D/PowerManagerService(  719): updateScreenStateLocked: mDisplayReady=true, newScreenState=2, mWakefulness=1, mWakeLockSummary=0x0, mUserActivitySummary=0x5, mBootCompleted=true
D/PowerManagerService(  719): handleSandman: canDream=false, mWakefulness=Awake
D/PowerManagerService(  719): userActivityFromNative
D/PowerManagerService(  719): userActivityNoUpdateLocked: eventTime=20895361, event=1, flags=0x0, uid=1000
D/PowerManagerNotifier(  719): onUserActivity: event=1, uid=1000
D/PowerManagerService(  719): updateUserActivitySummaryLocked: mWakefulness=Awake, mUserActivitySummary=0x5, nextTimeout=20903361 (in 7997 ms)
D/PowerManagerService(  719): newScreenState = 2
D/PowerManagerDisplayController(  719): requestPowerState: screenState=2, useProximitySensor=false, forceProximitySensorEnable=false, forceWakeUpEnable=false, screenBrightness=74, screenAutoBrightnessAdjustment=0.0, useAutoBrightness=false, useEcoBrightness=false, blockScreenOn=false, waitForNegativeProximity=false
I/PowerManagerService(  719): setBrightness mButtonLight, screenBrightness=74
D/PowerManagerService(  719): updateScreenStateLocked: mDisplayReady=true, newScreenState=2, mWakefulness=1, mWakeLockSummary=0x0, mUserActivitySummary=0x5, mBootCompleted=true
D/PowerManagerService(  719): handleSandman: canDream=false, mWakefulness=Awake
D/PowerManagerService(  719): userActivityFromNative
D/PowerManagerService(  719): userActivityNoUpdateLocked: eventTime=20895892, event=1, flags=0x0, uid=1000
D/PowerManagerNotifier(  719): onUserActivity: event=1, uid=1000
D/PowerManagerService(  719): updateUserActivitySummaryLocked: mWakefulness=Awake, mUserActivitySummary=0x5, nextTimeout=20903892 (in 7991 ms)
D/PowerManagerService(  719): newScreenState = 2
D/PowerManagerDisplayController(  719): requestPowerState: screenState=2, useProximitySensor=false, forceProximitySensorEnable=false, forceWakeUpEnable=false, screenBrightness=74, screenAutoBrightnessAdjustment=0.0, useAutoBrightness=false, useEcoBrightness=false, blockScreenOn=false, waitForNegativeProximity=false
I/PowerManagerService(  719): setBrightness mButtonLight, screenBrightness=74
D/PowerManagerService(  719): updateScreenStateLocked: mDisplayReady=true, newScreenState=2, mWakefulness=1, mWakeLockSummary=0x0, mUserActivitySummary=0x5, mBootCompleted=true
D/PowerManagerService(  719): handleSandman: canDream=false, mWakefulness=Awake
V/ActivityManager(  719): Broadcast: Intent { act=android.media.VOLUME_CHANGED_ACTION flg=0x10 (has extras) } ordered=false userid=-1 callerApp=ProcessRecord{41fff248 719:system/1000}
D/PowerManagerService(  719): acquireWakeLockInternal: lock=1113014872, flags=0x1, tag="AudioMix", ws=null, uid=1013, pid=154
D/PowerManagerNotifier(  719): onWakeLockAcquired: flags=1, tag="AudioMix", packageName=media, ownerUid=1013, ownerPid=154, workSource=null
D/PowerManagerService(  719): updateWakeLockSummaryLocked: mWakefulness=Awake, mWakeLockSummary=0x1
D/PowerManagerService(  719): newScreenState = 2
D/PowerManagerDisplayController(  719): requestPowerState: screenState=2, useProximitySensor=false, forceProximitySensorEnable=false, forceWakeUpEnable=false, screenBrightness=74, screenAutoBrightnessAdjustment=0.0, useAutoBrightness=false, useEcoBrightness=false, blockScreenOn=false, waitForNegativeProximity=false
I/PowerManagerService(  719): setBrightness mButtonLight, screenBrightness=74
D/PowerManagerService(  719): updateScreenStateLocked: mDisplayReady=true, newScreenState=2, mWakefulness=1, mWakeLockSummary=0x1, mUserActivitySummary=0x5, mBootCompleted=true
D/PowerManagerService(  719): Acquiring suspend blocker "PowerManagerService.WakeLocks".
D/PowerManagerService(  719): releaseWakeLockInternal: lock=1113014872 [AudioMix], flags=0x0, total_time=1ms
D/PowerManagerNotifier(  719): onWakeLockReleased: flags=1, tag="AudioMix", packageName=media, ownerUid=1013, ownerPid=154, workSource=null
D/PowerManagerService(  719): updateWakeLockSummaryLocked: mWakefulness=Awake, mWakeLockSummary=0x0
D/PowerManagerService(  719): newScreenState = 2
D/PowerManagerDisplayController(  719): requestPowerState: screenState=2, useProximitySensor=false, forceProximitySensorEnable=false, forceWakeUpEnable=false, screenBrightness=74, screenAutoBrightnessAdjustment=0.0, useAutoBrightness=false, useEcoBrightness=false, blockScreenOn=false, waitForNegativeProximity=false
I/PowerManagerService(  719): setBrightness mButtonLight, screenBrightness=74
D/PowerManagerService(  719): updateScreenStateLocked: mDisplayReady=true, newScreenState=2, mWakefulness=1, mWakeLockSummary=0x0, mUserActivitySummary=0x5, mBootCompleted=true
D/PowerManagerService(  719): Releasing suspend blocker "PowerManagerService.WakeLocks".
D/PowerManagerService(  719): handleSandman: canDream=false, mWakefulness=Awake
D/PowerManagerService(  719): acquireWakeLockInternal: lock=1108875880, flags=0x1, tag="AudioMix", ws=null, uid=1013, pid=154
D/PowerManagerNotifier(  719): onWakeLockAcquired: flags=1, tag="AudioMix", packageName=media, ownerUid=1013, ownerPid=154, workSource=null
V/SettingsProvider(  719): call(system:ringtone) for 0
D/PowerManagerService(  719): updateWakeLockSummaryLocked: mWakefulness=Awake, mWakeLockSummary=0x1
D/PowerManagerService(  719): newScreenState = 2
D/PowerManagerDisplayController(  719): requestPowerState: screenState=2, useProximitySensor=false, forceProximitySensorEnable=false, forceWakeUpEnable=false, screenBrightness=74, screenAutoBrightnessAdjustment=0.0, useAutoBrightness=false, useEcoBrightness=false, blockScreenOn=false, waitForNegativeProximity=false
I/PowerManagerService(  719): setBrightness mButtonLight, screenBrightness=74
D/PowerManagerService(  719): updateScreenStateLocked: mDisplayReady=true, newScreenState=2, mWakefulness=1, mWakeLockSummary=0x1, mUserActivitySummary=0x5, mBootCompleted=true
D/PowerManagerService(  719): Acquiring suspend blocker "PowerManagerService.WakeLocks".
D/PowerManagerService(  719): releaseWakeLockInternal: lock=1108875880 [AudioMix], flags=0x0, total_time=2ms
D/PowerManagerNotifier(  719): onWakeLockReleased: flags=1, tag="AudioMix", packageName=media, ownerUid=1013, ownerPid=154, workSource=null
D/PowerManagerService(  719): updateWakeLockSummaryLocked: mWakefulness=Awake, mWakeLockSummary=0x0
D/PowerManagerService(  719): newScreenState = 2
D/PowerManagerDisplayController(  719): requestPowerState: screenState=2, useProximitySensor=false, forceProximitySensorEnable=false, forceWakeUpEnable=false, screenBrightness=74, screenAutoBrightnessAdjustment=0.0, useAutoBrightness=false, useEcoBrightness=false, blockScreenOn=false, waitForNegativeProximity=false
I/PowerManagerService(  719): setBrightness mButtonLight, screenBrightness=74
D/PowerManagerService(  719): updateScreenStateLocked: mDisplayReady=true, newScreenState=2, mWakefulness=1, mWakeLockSummary=0x0, mUserActivitySummary=0x5, mBootCompleted=true
D/PowerManagerService(  719): Releasing suspend blocker "PowerManagerService.WakeLocks".
D/PowerManagerService(  719): handleSandman: canDream=false, mWakefulness=Awake
D/PowerManagerService(  719): acquireWakeLockInternal: lock=1111680096, flags=0x1, tag="AudioMix", ws=null, uid=1013, pid=154
D/PowerManagerNotifier(  719): onWakeLockAcquired: flags=1, tag="AudioMix", packageName=media, ownerUid=1013, ownerPid=154, workSource=null
D/PowerManagerService(  719): updateWakeLockSummaryLocked: mWakefulness=Awake, mWakeLockSummary=0x1
D/PowerManagerService(  719): newScreenState = 2
D/PowerManagerDisplayController(  719): requestPowerState: screenState=2, useProximitySensor=false, forceProximitySensorEnable=false, forceWakeUpEnable=false, screenBrightness=74, screenAutoBrightnessAdjustment=0.0, useAutoBrightness=false, useEcoBrightness=false, blockScreenOn=false, waitForNegativeProximity=false
I/PowerManagerService(  719): setBrightness mButtonLight, screenBrightness=74
D/PowerManagerService(  719): updateScreenStateLocked: mDisplayReady=true, newScreenState=2, mWakefulness=1, mWakeLockSummary=0x1, mUserActivitySummary=0x5, mBootCompleted=true
D/PowerManagerService(  719): Acquiring suspend blocker "PowerManagerService.WakeLocks".
D/PowerManagerService(  719): handleSandman: canDream=false, mWakefulness=Awake
D/PowerManagerService(  719): releaseWakeLockInternal: lock=1111680096 [AudioMix], flags=0x0, total_time=2ms
D/PowerManagerNotifier(  719): onWakeLockReleased: flags=1, tag="AudioMix", packageName=media, ownerUid=1013, ownerPid=154, workSource=null
D/PowerManagerService(  719): updateWakeLockSummaryLocked: mWakefulness=Awake, mWakeLockSummary=0x0
D/PowerManagerService(  719): newScreenState = 2
D/PowerManagerDisplayController(  719): requestPowerState: screenState=2, useProximitySensor=false, forceProximitySensorEnable=false, forceWakeUpEnable=false, screenBrightness=74, screenAutoBrightnessAdjustment=0.0, useAutoBrightness=false, useEcoBrightness=false, blockScreenOn=false, waitForNegativeProximity=false
I/PowerManagerService(  719): setBrightness mButtonLight, screenBrightness=74
D/PowerManagerService(  719): updateScreenStateLocked: mDisplayReady=true, newScreenState=2, mWakefulness=1, mWakeLockSummary=0x0, mUserActivitySummary=0x5, mBootCompleted=true
D/PowerManagerService(  719): Releasing suspend blocker "PowerManagerService.WakeLocks".
D/PowerManagerService(  719): handleSandman: canDream=false, mWakefulness=Awake
D/PowerManagerService(  719): acquireWakeLockInternal: lock=1109486880, flags=0x1, tag="AudioMix", ws=null, uid=1013, pid=154
D/PowerManagerNotifier(  719): onWakeLockAcquired: flags=1, tag="AudioMix", packageName=media, ownerUid=1013, ownerPid=154, workSource=null
D/PowerManagerService(  719): updateWakeLockSummaryLocked: mWakefulness=Awake, mWakeLockSummary=0x1
D/PowerManagerService(  719): newScreenState = 2
D/PowerManagerDisplayController(  719): requestPowerState: screenState=2, useProximitySensor=false, forceProximitySensorEnable=false, forceWakeUpEnable=false, screenBrightness=74, screenAutoBrightnessAdjustment=0.0, useAutoBrightness=false, useEcoBrightness=false, blockScreenOn=false, waitForNegativeProximity=false
I/PowerManagerService(  719): setBrightness mButtonLight, screenBrightness=74
D/PowerManagerService(  719): updateScreenStateLocked: mDisplayReady=true, newScreenState=2, mWakefulness=1, mWakeLockSummary=0x1, mUserActivitySummary=0x5, mBootCompleted=true
D/PowerManagerService(  719): Acquiring suspend blocker "PowerManagerService.WakeLocks".
D/PowerManagerService(  719): handleSandman: canDream=false, mWakefulness=Awake
D/PowerManagerService(  719): releaseWakeLockInternal: lock=1109486880 [AudioMix], flags=0x0, total_time=2ms
D/PowerManagerNotifier(  719): onWakeLockReleased: flags=1, tag="AudioMix", packageName=media, ownerUid=1013, ownerPid=154, workSource=null
D/PowerManagerService(  719): updateWakeLockSummaryLocked: mWakefulness=Awake, mWakeLockSummary=0x0
D/PowerManagerService(  719): newScreenState = 2
D/PowerManagerDisplayController(  719): requestPowerState: screenState=2, useProximitySensor=false, forceProximitySensorEnable=false, forceWakeUpEnable=false, screenBrightness=74, screenAutoBrightnessAdjustment=0.0, useAutoBrightness=false, useEcoBrightness=false, blockScreenOn=false, waitForNegativeProximity=false
I/PowerManagerService(  719): setBrightness mButtonLight, screenBrightness=74
D/PowerManagerService(  719): updateScreenStateLocked: mDisplayReady=true, newScreenState=2, mWakefulness=1, mWakeLockSummary=0x0, mUserActivitySummary=0x5, mBootCompleted=true
D/PowerManagerService(  719): Releasing suspend blocker "PowerManagerService.WakeLocks".
D/PowerManagerService(  719): handleSandman: canDream=false, mWakefulness=Awake
D/PowerManagerService(  719): acquireWakeLockInternal: lock=1107977280, flags=0x1, tag="AudioMix", ws=null, uid=1013, pid=154
D/PowerManagerNotifier(  719): onWakeLockAcquired: flags=1, tag="AudioMix", packageName=media, ownerUid=1013, ownerPid=154, workSource=null
D/PowerManagerService(  719): updateWakeLockSummaryLocked: mWakefulness=Awake, mWakeLockSummary=0x1
D/PowerManagerService(  719): newScreenState = 2
D/PowerManagerDisplayController(  719): requestPowerState: screenState=2, useProximitySensor=false, forceProximitySensorEnable=false, forceWakeUpEnable=false, screenBrightness=74, screenAutoBrightnessAdjustment=0.0, useAutoBrightness=false, useEcoBrightness=false, blockScreenOn=false, waitForNegativeProximity=false
I/PowerManagerService(  719): setBrightness mButtonLight, screenBrightness=74
D/PowerManagerService(  719): updateScreenStateLocked: mDisplayReady=true, newScreenState=2, mWakefulness=1, mWakeLockSummary=0x1, mUserActivitySummary=0x5, mBootCompleted=true
D/PowerManagerService(  719): Acquiring suspend blocker "PowerManagerService.WakeLocks".
D/PowerManagerService(  719): handleSandman: canDream=false, mWakefulness=Awake
D/PowerManagerService(  719): releaseWakeLockInternal: lock=1107977280 [AudioMix], flags=0x0, total_time=1ms
D/PowerManagerNotifier(  719): onWakeLockReleased: flags=1, tag="AudioMix", packageName=media, ownerUid=1013, ownerPid=154, workSource=null
D/PowerManagerService(  719): updateWakeLockSummaryLocked: mWakefulness=Awake, mWakeLockSummary=0x0
D/PowerManagerService(  719): newScreenState = 2
D/PowerManagerDisplayController(  719): requestPowerState: screenState=2, useProximitySensor=false, forceProximitySensorEnable=false, forceWakeUpEnable=false, screenBrightness=74, screenAutoBrightnessAdjustment=0.0, useAutoBrightness=false, useEcoBrightness=false, blockScreenOn=false, waitForNegativeProximity=false
I/PowerManagerService(  719): setBrightness mButtonLight, screenBrightness=74
D/PowerManagerService(  719): updateScreenStateLocked: mDisplayReady=true, newScreenState=2, mWakefulness=1, mWakeLockSummary=0x0, mUserActivitySummary=0x5, mBootCompleted=true
D/PowerManagerService(  719): Releasing suspend blocker "PowerManagerService.WakeLocks".
V/SettingsProvider(  719): call_put(system:mtk_audioprofile_general_volume_ring=14) for 0
V/SettingsProvider(  719): insert(content://settings/system) for user 0 by 0
D/PowerManagerService(  719): handleSandman: canDream=false, mWakefulness=Awake
V/SettingsProvider(  719): call_put(system:mtk_audioprofile_general_volume_notification=14) for 0
V/SettingsProvider(  719): insert(content://settings/system) for user 0 by 0
V/ActivityManager(  719): Broadcast: Intent { act=android.media.VOLUME_CHANGED_ACTION flg=0x10 (has extras) } ordered=false userid=-1 callerApp=ProcessRecord{41fff248 719:system/1000}
V/ActivityManager(  719): Broadcast: Intent { act=android.media.VOLUME_CHANGED_ACTION flg=0x10 (has extras) } ordered=false userid=-1 callerApp=ProcessRecord{41fff248 719:system/1000}
V/ActivityManager(  719): Broadcast: Intent { act=android.media.VOLUME_CHANGED_ACTION flg=0x10 (has extras) } ordered=false userid=-1 callerApp=ProcessRecord{41fff248 719:system/1000}
D/PowerManagerService(  719): userActivityFromNative
D/PowerManagerService(  719): userActivityNoUpdateLocked: eventTime=20896110, event=2, flags=0x0, uid=1000
D/PowerManagerNotifier(  719): onUserActivity: event=2, uid=1000
D/PowerManagerService(  719): updateUserActivitySummaryLocked: mWakefulness=Awake, mUserActivitySummary=0x5, nextTimeout=20903892 (in 7779 ms)
D/PowerManagerService(  719): newScreenState = 2
D/PowerManagerDisplayController(  719): requestPowerState: screenState=2, useProximitySensor=false, forceProximitySensorEnable=false, forceWakeUpEnable=false, screenBrightness=74, screenAutoBrightnessAdjustment=0.0, useAutoBrightness=false, useEcoBrightness=false, blockScreenOn=false, waitForNegativeProximity=false
I/PowerManagerService(  719): setBrightness mButtonLight, screenBrightness=74
D/PowerManagerService(  719): updateScreenStateLocked: mDisplayReady=true, newScreenState=2, mWakefulness=1, mWakeLockSummary=0x0, mUserActivitySummary=0x5, mBootCompleted=true
D/PowerManagerService(  719): handleSandman: canDream=false, mWakefulness=Awake
D/PowerManagerService(  719): userActivityFromNative
D/PowerManagerService(  719): userActivityNoUpdateLocked: eventTime=20896167, event=0, flags=0x0, uid=1000
D/PowerManagerNotifier(  719): onUserActivity: event=0, uid=1000
D/PowerManagerService(  719): updateUserActivitySummaryLocked: mWakefulness=Awake, mUserActivitySummary=0x5, nextTimeout=20903892 (in 7723 ms)
D/PowerManagerService(  719): newScreenState = 2
D/PowerManagerDisplayController(  719): requestPowerState: screenState=2, useProximitySensor=false, forceProximitySensorEnable=false, forceWakeUpEnable=false, screenBrightness=74, screenAutoBrightnessAdjustment=0.0, useAutoBrightness=false, useEcoBrightness=false, blockScreenOn=false, waitForNegativeProximity=false
I/PowerManagerService(  719): setBrightness mButtonLight, screenBrightness=74
D/PowerManagerService(  719): updateScreenStateLocked: mDisplayReady=true, newScreenState=2, mWakefulness=1, mWakeLockSummary=0x0, mUserActivitySummary=0x5, mBootCompleted=true
D/PowerManagerService(  719): handleSandman: canDream=false, mWakefulness=Awake
V/ActivityManager(  719): Broadcast: Intent { act=android.media.VOLUME_CHANGED_ACTION flg=0x10 (has extras) } ordered=false userid=-1 callerApp=ProcessRecord{41fff248 719:system/1000}
V/ActivityManager(  719): Broadcast: Intent { act=android.media.VOLUME_CHANGED_ACTION flg=0x10 (has extras) } ordered=false userid=-1 callerApp=ProcessRecord{41fff248 719:system/1000}
V/SettingsProvider(  719): call(system:sound_effects_enabled) for 0
V/ActivityManager(  719): Broadcast: Intent { act=android.media.VOLUME_CHANGED_ACTION flg=0x10 (has extras) } ordered=false userid=-1 callerApp=ProcessRecord{41fff248 719:system/1000}
V/ActivityManager(  719): Broadcast: Intent { act=android.media.VOLUME_CHANGED_ACTION flg=0x10 (has extras) } ordered=false userid=-1 callerApp=ProcessRecord{41fff248 719:system/1000}
V/ActivityManager(  719): Broadcast: Intent { act=android.media.VOLUME_CHANGED_ACTION flg=0x10 (has extras) } ordered=false userid=-1 callerApp=ProcessRecord{41fff248 719:system/1000}
V/ActivityManager(  719): Broadcast: Intent { act=android.media.VOLUME_CHANGED_ACTION flg=0x10 (has extras) } ordered=false userid=-1 callerApp=ProcessRecord{41fff248 719:system/1000}
V/ActivityManager(  719): Broadcast: Intent { act=android.media.VOLUME_CHANGED_ACTION flg=0x10 (has extras) } ordered=false userid=-1 callerApp=ProcessRecord{41fff248 719:system/1000}
V/ActivityManager(  719): Broadcast: Intent { act=android.media.VOLUME_CHANGED_ACTION flg=0x10 (has extras) } ordered=false userid=-1 callerApp=ProcessRecord{41fff248 719:system/1000}
V/ActivityManager(  719): Broadcast: Intent { act=android.media.VOLUME_CHANGED_ACTION flg=0x10 (has extras) } ordered=false userid=-1 callerApp=ProcessRecord{41fff248 719:system/1000}
V/ActivityManager(  719): Broadcast: Intent { act=android.media.VOLUME_CHANGED_ACTION flg=0x10 (has extras) } ordered=false userid=-1 callerApp=ProcessRecord{41fff248 719:system/1000}
V/ActivityManager(  719): Broadcast: Intent { act=android.media.VOLUME_CHANGED_ACTION flg=0x10 (has extras) } ordered=false userid=-1 callerApp=ProcessRecord{41fff248 719:system/1000}
V/ActivityManager(  719): Broadcast: Intent { act=android.media.VOLUME_CHANGED_ACTION flg=0x10 (has extras) } ordered=false userid=-1 callerApp=ProcessRecord{41fff248 719:system/1000}
V/SettingsProvider(  719):    access setting for user 0
V/SettingsProvider(  719): call_put(system:volume_ring_speaker=14) for 0
V/SettingsProvider(  719): insert(content://settings/system) for user 0 by 0
V/SettingsProvider(  719): call(system:sound_effects_enabled) for 0
D/PowerManagerService(  719): userActivityFromNative
D/PowerManagerService(  719): userActivityNoUpdateLocked: eventTime=20896643, event=1, flags=0x0, uid=1000
D/PowerManagerNotifier(  719): onUserActivity: event=1, uid=1000
D/PowerManagerService(  719): updateUserActivitySummaryLocked: mWakefulness=Awake, mUserActivitySummary=0x5, nextTimeout=20904643 (in 7994 ms)
D/PowerManagerService(  719): newScreenState = 2
D/PowerManagerDisplayController(  719): requestPowerState: screenState=2, useProximitySensor=false, forceProximitySensorEnable=false, forceWakeUpEnable=false, screenBrightness=74, screenAutoBrightnessAdjustment=0.0, useAutoBrightness=false, useEcoBrightness=false, blockScreenOn=false, waitForNegativeProximity=false
I/PowerManagerService(  719): setBrightness mButtonLight, screenBrightness=74
D/PowerManagerService(  719): updateScreenStateLocked: mDisplayReady=true, newScreenState=2, mWakefulness=1, mWakeLockSummary=0x0, mUserActivitySummary=0x5, mBootCompleted=true
D/PowerManagerService(  719): handleSandman: canDream=false, mWakefulness=Awake
D/PowerManagerService(  719): userActivityFromNative
D/PowerManagerService(  719): userActivityNoUpdateLocked: eventTime=20896774, event=2, flags=0x0, uid=1000
D/PowerManagerNotifier(  719): onUserActivity: event=2, uid=1000
D/PowerManagerService(  719): updateUserActivitySummaryLocked: mWakefulness=Awake, mUserActivitySummary=0x5, nextTimeout=20904643 (in 7867 ms)
D/PowerManagerService(  719): newScreenState = 2
D/PowerManagerDisplayController(  719): requestPowerState: screenState=2, useProximitySensor=false, forceProximitySensorEnable=false, forceWakeUpEnable=false, screenBrightness=74, screenAutoBrightnessAdjustment=0.0, useAutoBrightness=false, useEcoBrightness=false, blockScreenOn=false, waitForNegativeProximity=false
I/PowerManagerService(  719): setBrightness mButtonLight, screenBrightness=74
D/PowerManagerService(  719): updateScreenStateLocked: mDisplayReady=true, newScreenState=2, mWakefulness=1, mWakeLockSummary=0x0, mUserActivitySummary=0x5, mBootCompleted=true
D/PowerManagerService(  719): handleSandman: canDream=false, mWakefulness=Awake
D/PowerManagerService(  719): userActivityFromNative
D/PowerManagerService(  719): userActivityNoUpdateLocked: eventTime=20896831, event=0, flags=0x0, uid=1000
D/PowerManagerNotifier(  719): onUserActivity: event=0, uid=1000
D/PowerManagerService(  719): updateUserActivitySummaryLocked: mWakefulness=Awake, mUserActivitySummary=0x5, nextTimeout=20904643 (in 7809 ms)
D/PowerManagerService(  719): newScreenState = 2
D/PowerManagerDisplayController(  719): requestPowerState: screenState=2, useProximitySensor=false, forceProximitySensorEnable=false, forceWakeUpEnable=false, screenBrightness=74, screenAutoBrightnessAdjustment=0.0, useAutoBrightness=false, useEcoBrightness=false, blockScreenOn=false, waitForNegativeProximity=false
I/PowerManagerService(  719): setBrightness mButtonLight, screenBrightness=74
D/PowerManagerService(  719): updateScreenStateLocked: mDisplayReady=true, newScreenState=2, mWakefulness=1, mWakeLockSummary=0x0, mUserActivitySummary=0x5, mBootCompleted=true
D/PowerManagerService(  719): handleSandman: canDream=false, mWakefulness=Awake
D/SocketClient(  146): SocketClient msg = Iface linkstate p2p0 up
D/SocketClient(  146): SocketClient sendDatalocked done: 600 Iface linkstate p2p0 up
D/NetdConnector(  719): RCV <- {600 Iface linkstate p2p0 up}
D/NetworkManagementService(  719): onEvent:600 Iface linkstate p2p0 up:5
I/ActivityManager(  719): START u0 {cmp=com.sixtyplus.nidfit.treadmill.app/com.sixtyplus.nidfit.treadmill.wifimgr.WifiActivity} from pid 24604
D/PowerManagerService(  719): acquireWakeLockInternal: lock=1104924816, flags=0x1, tag="ActivityManager-Launch", ws=null, uid=1000, pid=719
D/PowerManagerNotifier(  719): onWakeLockAcquired: flags=1, tag="ActivityManager-Launch", packageName=android, ownerUid=1000, ownerPid=719, workSource=null
D/PowerManagerService(  719): updateWakeLockSummaryLocked: mWakefulness=Awake, mWakeLockSummary=0x1
D/PowerManagerService(  719): newScreenState = 2
D/PowerManagerDisplayController(  719): requestPowerState: screenState=2, useProximitySensor=false, forceProximitySensorEnable=false, forceWakeUpEnable=false, screenBrightness=74, screenAutoBrightnessAdjustment=0.0, useAutoBrightness=false, useEcoBrightness=false, blockScreenOn=false, waitForNegativeProximity=false
I/PowerManagerService(  719): setBrightness mButtonLight, screenBrightness=74
D/PowerManagerService(  719): updateScreenStateLocked: mDisplayReady=true, newScreenState=2, mWakefulness=1, mWakeLockSummary=0x1, mUserActivitySummary=0x5, mBootCompleted=true
D/PowerManagerService(  719): Acquiring suspend blocker "PowerManagerService.WakeLocks".
D/PowerManagerService(  719): handleSandman: canDream=false, mWakefulness=Awake
V/WindowManager(  719): Changing focus from Window{41ec3470 u0 com.sixtyplus.nidfit.treadmill.app/com.sixtyplus.nidfit.treadmill.app.MainActivity} to null Callers=com.android.server.wm.WindowManagerService.setFocusedApp:4279 com.android.server.am.ActivityManagerService.setFocusedActivityLocked:2433 com.android.server.am.ActivityStackSupervisor.startActivityUncheckedLocked:1958 com.android.server.am.ActivityStackSupervisor.startActivityLocked:1333 
I/WindowManager(  719): Losing focus: Window{41ec3470 u0 com.sixtyplus.nidfit.treadmill.app/com.sixtyplus.nidfit.treadmill.app.MainActivity}
D/ActivityThread(24604): ACT-AM_ON_PAUSE_CALLED ActivityRecord{42f6b290 token=android.os.BinderProxy@42f6a8d0 {com.sixtyplus.nidfit.treadmill.app/com.sixtyplus.nidfit.treadmill.app.MainActivity}}
D/ActivityThread(24604): ACT-PAUSE_ACTIVITY handled : 1 / android.os.BinderProxy@42f6a8d0
V/ActivityThread(24604): ActivityRecord{42aff9b8 token=android.os.BinderProxy@44f7d990 {com.sixtyplus.nidfit.treadmill.app/com.sixtyplus.nidfit.treadmill.wifimgr.WifiActivity}}: app=com.sixtyplus.nidfit.treadmill.app.MyApp@41d06848, appName=com.sixtyplus.nidfit.treadmill.app, pkg=com.sixtyplus.nidfit.treadmill.app, comp={com.sixtyplus.nidfit.treadmill.app/com.sixtyplus.nidfit.treadmill.wifimgr.WifiActivity}, dir=/data/app/com.sixtyplus.nidfit.treadmill.app-2.apk
V/ActivityThread(24604): Performing resume of ActivityRecord{42aff9b8 token=android.os.BinderProxy@44f7d990 {com.sixtyplus.nidfit.treadmill.app/com.sixtyplus.nidfit.treadmill.wifimgr.WifiActivity}} finished=false
D/ActivityThread(24604): ACT-AM_ON_RESUME_CALLED ActivityRecord{42aff9b8 token=android.os.BinderProxy@44f7d990 {com.sixtyplus.nidfit.treadmill.app/com.sixtyplus.nidfit.treadmill.wifimgr.WifiActivity}}
V/ActivityThread(24604): Resume ActivityRecord{42aff9b8 token=android.os.BinderProxy@44f7d990 {com.sixtyplus.nidfit.treadmill.app/com.sixtyplus.nidfit.treadmill.wifimgr.WifiActivity}} started activity: false, hideForNow: false, finished: false
V/ActivityThread(24604): Resuming ActivityRecord{42aff9b8 token=android.os.BinderProxy@44f7d990 {com.sixtyplus.nidfit.treadmill.app/com.sixtyplus.nidfit.treadmill.wifimgr.WifiActivity}} with isForward=true
V/ActivityThread(24604): Scheduling idle handler for ActivityRecord{42aff9b8 token=android.os.BinderProxy@44f7d990 {com.sixtyplus.nidfit.treadmill.app/com.sixtyplus.nidfit.treadmill.wifimgr.WifiActivity}}
D/ActivityThread(24604): ACT-LAUNCH_ACTIVITY handled : 0 / ActivityRecord{42aff9b8 token=android.os.BinderProxy@44f7d990 {com.sixtyplus.nidfit.treadmill.app/com.sixtyplus.nidfit.treadmill.wifimgr.WifiActivity}}
V/WindowManager(  719): Changing focus from null to Window{422702f0 u0 com.sixtyplus.nidfit.treadmill.app/com.sixtyplus.nidfit.treadmill.wifimgr.WifiActivity} Callers=com.android.server.wm.WindowManagerService.relayoutWindow:3383 com.android.server.wm.Session.relayout:191 android.view.IWindowSession$Stub.onTransact:235 com.android.server.wm.Session.onTransact:126 
I/WindowManager(  719): Gaining focus: Window{422702f0 u0 com.sixtyplus.nidfit.treadmill.app/com.sixtyplus.nidfit.treadmill.wifimgr.WifiActivity}
D/PowerManagerService(  719): userActivityFromNative
D/PowerManagerService(  719): userActivityNoUpdateLocked: eventTime=20897165, event=1, flags=0x0, uid=1000
D/PowerManagerNotifier(  719): onUserActivity: event=1, uid=1000
D/PowerManagerService(  719): updateUserActivitySummaryLocked: mWakefulness=Awake, mUserActivitySummary=0x5, nextTimeout=20905165 (in 7998 ms)
D/PowerManagerService(  719): newScreenState = 2
D/PowerManagerDisplayController(  719): requestPowerState: screenState=2, useProximitySensor=false, forceProximitySensorEnable=false, forceWakeUpEnable=false, screenBrightness=74, screenAutoBrightnessAdjustment=0.0, useAutoBrightness=false, useEcoBrightness=false, blockScreenOn=false, waitForNegativeProximity=false
I/PowerManagerService(  719): setBrightness mButtonLight, screenBrightness=74
D/PowerManagerService(  719): updateScreenStateLocked: mDisplayReady=true, newScreenState=2, mWakefulness=1, mWakeLockSummary=0x1, mUserActivitySummary=0x5, mBootCompleted=true
D/PowerManagerService(  719): handleSandman: canDream=false, mWakefulness=Awake
W/ViewRootImpl(24604): Dropping event due to no window focus: KeyEvent { action=ACTION_DOWN, keyCode=KEYCODE_DPAD_UP, scanCode=0, metaState=0, flags=0x8, repeatCount=0, eventTime=20896954, downTime=20896954, deviceId=-1, source=0x101 }
D/PowerManagerService(  719): userActivityFromNative
D/PowerManagerService(  719): userActivityNoUpdateLocked: eventTime=20897320, event=2, flags=0x0, uid=1000
D/PowerManagerNotifier(  719): onUserActivity: event=2, uid=1000
D/PowerManagerService(  719): updateUserActivitySummaryLocked: mWakefulness=Awake, mUserActivitySummary=0x5, nextTimeout=20905165 (in 7842 ms)
D/PowerManagerService(  719): newScreenState = 2
D/PowerManagerDisplayController(  719): requestPowerState: screenState=2, useProximitySensor=false, forceProximitySensorEnable=false, forceWakeUpEnable=false, screenBrightness=74, screenAutoBrightnessAdjustment=0.0, useAutoBrightness=false, useEcoBrightness=false, blockScreenOn=false, waitForNegativeProximity=false
I/PowerManagerService(  719): setBrightness mButtonLight, screenBrightness=74
D/PowerManagerService(  719): updateScreenStateLocked: mDisplayReady=true, newScreenState=2, mWakefulness=1, mWakeLockSummary=0x1, mUserActivitySummary=0x5, mBootCompleted=true
D/PowerManagerService(  719): handleSandman: canDream=false, mWakefulness=Awake
W/ViewRootImpl(24604): Dropping event due to no window focus: MotionEvent { action=ACTION_MOVE, id[0]=0, x[0]=3.0, y[0]=-1.0, toolType[0]=TOOL_TYPE_UNKNOWN, buttonState=0, metaState=0, flags=0x0, edgeFlags=0x0, pointerCount=1, historySize=9, eventTime=20897263, downTime=-1, deviceId=0, source=0x10004 }
W/ViewRootImpl(24604): Dropping event due to no window focus: MotionEvent { action=ACTION_DOWN, id[0]=0, x[0]=0.0, y[0]=0.0, toolType[0]=TOOL_TYPE_UNKNOWN, buttonState=0, metaState=0, flags=0x0, edgeFlags=0x0, pointerCount=1, historySize=0, eventTime=20897265, downTime=20897239, deviceId=0, source=0x10004 }
V/InputMethodManagerService(  719): windowGainedFocus: android.os.BinderProxy@41fd0b70 controlFlags=#104 softInputMode=#120 windowFlags=#1810100
D/PowerManagerService(  719): userActivityFromNative
D/PowerManagerService(  719): userActivityNoUpdateLocked: eventTime=20897695, event=1, flags=0x0, uid=1000
D/PowerManagerNotifier(  719): onUserActivity: event=1, uid=1000
D/PowerManagerService(  719): updateUserActivitySummaryLocked: mWakefulness=Awake, mUserActivitySummary=0x5, nextTimeout=20905695 (in 7997 ms)
D/PowerManagerService(  719): newScreenState = 2
D/PowerManagerDisplayController(  719): requestPowerState: screenState=2, useProximitySensor=false, forceProximitySensorEnable=false, forceWakeUpEnable=false, screenBrightness=74, screenAutoBrightnessAdjustment=0.0, useAutoBrightness=false, useEcoBrightness=false, blockScreenOn=false, waitForNegativeProximity=false
I/PowerManagerService(  719): setBrightness mButtonLight, screenBrightness=74
D/PowerManagerService(  719): updateScreenStateLocked: mDisplayReady=true, newScreenState=2, mWakefulness=1, mWakeLockSummary=0x1, mUserActivitySummary=0x5, mBootCompleted=true
D/PowerManagerService(  719): handleSandman: canDream=false, mWakefulness=Awake
D/PowerManagerService(  719): releaseWakeLockInternal: lock=1104924816 [ActivityManager-Launch], flags=0x0, total_time=704ms
D/PowerManagerNotifier(  719): onWakeLockReleased: flags=1, tag="ActivityManager-Launch", packageName=android, ownerUid=1000, ownerPid=719, workSource=null
D/PowerManagerService(  719): updateWakeLockSummaryLocked: mWakefulness=Awake, mWakeLockSummary=0x0
D/PowerManagerService(  719): newScreenState = 2
D/PowerManagerDisplayController(  719): requestPowerState: screenState=2, useProximitySensor=false, forceProximitySensorEnable=false, forceWakeUpEnable=false, screenBrightness=74, screenAutoBrightnessAdjustment=0.0, useAutoBrightness=false, useEcoBrightness=false, blockScreenOn=false, waitForNegativeProximity=false
I/PowerManagerService(  719): setBrightness mButtonLight, screenBrightness=74
D/PowerManagerService(  719): updateScreenStateLocked: mDisplayReady=true, newScreenState=2, mWakefulness=1, mWakeLockSummary=0x0, mUserActivitySummary=0x5, mBootCompleted=true
D/PowerManagerService(  719): Releasing suspend blocker "PowerManagerService.WakeLocks".
D/PowerManagerService(  719): handleSandman: canDream=false, mWakefulness=Awake
V/ActivityThread(24604): Finishing stop of ActivityRecord{42f6b290 token=android.os.BinderProxy@42f6a8d0 {com.sixtyplus.nidfit.treadmill.app/com.sixtyplus.nidfit.treadmill.app.MainActivity}}: show=false win=com.android.internal.policy.impl.PhoneWindow@42e759e0
D/ActivityThread(24604): ACT-STOP_ACTIVITY_HIDE handled : 0 / android.os.BinderProxy@42f6a8d0
D/PowerManagerService(  719): userActivityFromNative
D/PowerManagerService(  719): userActivityNoUpdateLocked: eventTime=20897926, event=2, flags=0x0, uid=1000
D/PowerManagerNotifier(  719): onUserActivity: event=2, uid=1000
D/PowerManagerService(  719): updateUserActivitySummaryLocked: mWakefulness=Awake, mUserActivitySummary=0x5, nextTimeout=20905695 (in 7767 ms)
D/PowerManagerService(  719): newScreenState = 2
D/PowerManagerDisplayController(  719): requestPowerState: screenState=2, useProximitySensor=false, forceProximitySensorEnable=false, forceWakeUpEnable=false, screenBrightness=74, screenAutoBrightnessAdjustment=0.0, useAutoBrightness=false, useEcoBrightness=false, blockScreenOn=false, waitForNegativeProximity=false
I/PowerManagerService(  719): setBrightness mButtonLight, screenBrightness=74
D/PowerManagerService(  719): updateScreenStateLocked: mDisplayReady=true, newScreenState=2, mWakefulness=1, mWakeLockSummary=0x0, mUserActivitySummary=0x5, mBootCompleted=true
D/PowerManagerService(  719): handleSandman: canDream=false, mWakefulness=Awake
D/SocketClient(  146): SocketClient msg = Iface linkstate wlan0 up
D/SocketClient(  146): SocketClient sendDatalocked done: 600 Iface linkstate wlan0 up
D/SocketClient(  146): SocketClient msg = Iface linkstate wlan0 up
D/SocketClient(  146): SocketClient sendDatalocked done: 600 Iface linkstate wlan0 up
D/NetdConnector(  719): RCV <- {600 Iface linkstate wlan0 up}
D/NetdConnector(  719): RCV <- {600 Iface linkstate wlan0 up}
D/NetworkManagementService(  719): onEvent:600 Iface linkstate wlan0 up:5
D/NetworkManagementService(  719): onEvent:600 Iface linkstate wlan0 up:5
V/ActivityManager(  719): Broadcast: Intent { act=android.net.wifi.SCAN_RESULTS flg=0x4000010 (has extras) } ordered=false userid=-1 callerApp=ProcessRecord{41fff248 719:system/1000}
I/WifiNotificationController(  719): checkAndSetNotification, state:CONNECTED
D/PowerManagerService(  719): userActivityFromNative
D/PowerManagerService(  719): userActivityNoUpdateLocked: eventTime=20898247, event=1, flags=0x0, uid=1000
D/PowerManagerNotifier(  719): onUserActivity: event=1, uid=1000
D/PowerManagerService(  719): updateUserActivitySummaryLocked: mWakefulness=Awake, mUserActivitySummary=0x5, nextTimeout=20906247 (in 7998 ms)
D/PowerManagerService(  719): newScreenState = 2
