I/View    (24604): Touch down dispatch to android.widget.LinearLayout{42b08de8 V.E..... .......D 0,0-1024,600}, event = MotionEvent { action=ACTION_DOWN, id[0]=0, x[0]=740.0, y[0]=184.0, toolType[0]=TOOL_TYPE_UNKNOWN, buttonState=0, metaState=0, flags=0x0, edgeFlags=0x0, pointerCount=1, historySize=0, eventTime=20925689, downTime=20925689, deviceId=0, source=0x1002 }
I/View    (24604): Touch down dispatch to com.android.internal.policy.impl.PhoneWindow$DecorView{42b08858 V.E..... R......D 0,0-1024,600}, event = MotionEvent { action=ACTION_DOWN, id[0]=0, x[0]=740.0, y[0]=184.0, toolType[0]=TOOL_TYPE_UNKNOWN, buttonState=0, metaState=0, flags=0x0, edgeFlags=0x0, pointerCount=1, historySize=0, eventTime=20925689, downTime=20925689, deviceId=0, source=0x1002 }
I/View    (24604): Touch up dispatch to com.android.internal.policy.impl.PhoneWindow$DecorView{42b08858 V.E..... R......D 0,0-1024,600}, event = MotionEvent { action=ACTION_UP, id[0]=0, x[0]=840.03656, y[0]=173.013, toolType[0]=TOOL_TYPE_UNKNOWN, buttonState=0, metaState=0, flags=0x0, edgeFlags=0x0, pointerCount=1, historySize=0, eventTime=20925760, downTime=20925689, deviceId=0, source=0x1002 }
D/WindowManager(  719): interceptKeyTq keycode=23 screenIsOn=true keyguardActive=false policyFlags = #b000000 down =true canceled = false isWakeKey=false mVolumeDownKeyTriggered =false mVolumeUpKeyTriggered =false
D/KeyguardViewMediator(  838): isInputRestricted: showing=false, needReshow=false, provisioned=true
D/WindowManager(  719): interceptKeyTi keyCode=23 down=true repeatCount=0 keyguardOn=false mHomePressed=false canceled=false metaState:0
I/View    (24604): Key down dispatch to android.widget.ListView{455f7d70 VFED.VC. .F...... 7,8-504,282 #7f0d008b app:id/wifi_list_lv}, event = KeyEvent { action=ACTION_DOWN, keyCode=KEYCODE_DPAD_DOWN, scanCode=0, metaState=0, flags=0x400, repeatCount=0, eventTime=20925608, downTime=20925608, deviceId=-1, source=0x101 }
I/BufferQueue(  151): [FrameBufferSurface_0](this:0xb7beb150,id:0,api:1,p:151,c:151) [release] fps:28.16, dur:1100.83, max:220.78, min:10.63
I/BufferQueue(  151): [FrameBufferSurface_0](this:0xb7beb150,id:0,api:1,p:151,c:151) [queue] fps:28.16, dur:1100.79, max:220.78, min:10.78
I/SurfaceFlinger(  151): [Built-in Screen (type:0)] fps:28.161673,dur:1100.79,max:220.78,min:10.92
D/AbsListView(24604): reportScrollStateChange: newState=0, mLastScrollState=0, mOnScrollListener=null, mScrollY=0, mTouchMode=-1, mFirstPosition=6
I/View    (24604): Key down dispatch to android.widget.ListView{455f7d70 VFED.VC. .F....ID 7,8-504,282 #7f0d008b app:id/wifi_list_lv}, event = KeyEvent { action=ACTION_DOWN, keyCode=KEYCODE_DPAD_CENTER, scanCode=0, metaState=0, flags=0x400, repeatCount=0, eventTime=20925609, downTime=20925609, deviceId=-1, source=0x101 }
D/AbsListView(24604): performItemClick view=android.widget.RelativeLayout{42e3d060 V.E...C. ..SP..ID 0,228-497,268}, position=12, id=12, mChoiceMode=0, dispatchItemClick=true
I/View    (24604): Key down dispatch to android.widget.ListView{455f7d70 VFED.VC. .F...... 7,8-504,282 #7f0d008b app:id/wifi_list_lv}, event = KeyEvent { action=ACTION_DOWN, keyCode=KEYCODE_DPAD_DOWN, scanCode=0, metaState=0, flags=0x400, repeatCount=0, eventTime=20925877, downTime=20925877, deviceId=-1, source=0x101 }
V/Provider/Settings(24604): get setting for user 0 by user 0 so skipping cache
V/Provider/Settings(24604):  from settings cache , name = sound_effects_enabled , value = 0
I/View    (24604): Key down dispatch to android.widget.ListView{455f7d70 VFED.VC. .F....ID 7,8-504,282 #7f0d008b app:id/wifi_list_lv}, event = KeyEvent { action=ACTION_DOWN, keyCode=KEYCODE_DPAD_DOWN, scanCode=0, metaState=0, flags=0x400, repeatCount=0, eventTime=20925877, downTime=20925877, deviceId=-1, source=0x101 }
V/Provider/Settings(24604): get setting for user 0 by user 0 so skipping cache
V/Provider/Settings(24604):  from settings cache , name = sound_effects_enabled , value = 0
I/View    (24604): Key down dispatch to android.widget.ListView{455f7d70 VFED.VC. .F....ID 7,8-504,282 #7f0d008b app:id/wifi_list_lv}, event = KeyEvent { action=ACTION_DOWN, keyCode=KEYCODE_DPAD_DOWN, scanCode=0, metaState=0, flags=0x400, repeatCount=0, eventTime=20925877, downTime=20925877, deviceId=-1, source=0x101 }
V/Provider/Settings(24604): get setting for user 0 by user 0 so skipping cache
V/Provider/Settings(24604):  from settings cache , name = sound_effects_enabled , value = 0
D/WindowManager(  719): interceptKeyTq keycode=23 screenIsOn=true keyguardActive=false policyFlags = #b000000 down =false canceled = false isWakeKey=false mVolumeDownKeyTriggered =false mVolumeUpKeyTriggered =false
D/PowerManagerService(  719): userActivityFromNative
D/PowerManagerService(  719): userActivityNoUpdateLocked: eventTime=20925985, event=1, flags=0x0, uid=1000
D/PowerManagerNotifier(  719): onUserActivity: event=1, uid=1000
D/PowerManagerService(  719): updateUserActivitySummaryLocked: mWakefulness=Awake, mUserActivitySummary=0x5, nextTimeout=20933985 (in 7993 ms)
D/PowerManagerService(  719): newScreenState = 2
D/PowerManagerDisplayController(  719): requestPowerState: screenState=2, useProximitySensor=false, forceProximitySensorEnable=false, forceWakeUpEnable=false, screenBrightness=74, screenAutoBrightnessAdjustment=0.0, useAutoBrightness=false, useEcoBrightness=false, blockScreenOn=false, waitForNegativeProximity=false
I/PowerManagerService(  719): setBrightness mButtonLight, screenBrightness=74
D/PowerManagerService(  719): updateScreenStateLocked: mDisplayReady=true, newScreenState=2, mWakefulness=1, mWakeLockSummary=0x0, mUserActivitySummary=0x5, mBootCompleted=true
D/PowerManagerService(  719): handleSandman: canDream=false, mWakefulness=Awake
D/KeyguardViewMediator(  838): isInputRestricted: showing=false, needReshow=false, provisioned=true
D/WindowManager(  719): interceptKeyTi keyCode=23 down=false repeatCount=0 keyguardOn=false mHomePressed=false canceled=false metaState:0
W/ADB_SERVICES(  184): create_local_service_socket() name=shell:cat /proc/24604/stat
W/ADB_SERVICES(  184): service_to_fd() name=shell:cat /proc/24604/stat
W/ADB_SERVICES(  184): read_meminfo() mem_free=29312
W/ADB_SERVICES(  184): create_subprocess() ret_fd=37 pid=20510
W/ADB_SERVICES(  184): LS(21114): bound to 'shell:cat /proc/24604/stat' via 37
I/View    (24604): Key down dispatch to android.widget.ListView{455f7d70 VFED.VC. .F...... 7,8-504,282 #7f0d008b app:id/wifi_list_lv}, event = KeyEvent { action=ACTION_DOWN, keyCode=KEYCODE_DPAD_RIGHT, scanCode=0, metaState=0, flags=0x400, repeatCount=0, eventTime=20925981, downTime=20925981, deviceId=-1, source=0x101 }
W/ADB_SERVICES(20510): adb: unable to open /proc/20510/oom_adj
I/View    (24604): Key down dispatch to android.widget.ListView{455f7d70 VFED.VC. .F...... 7,8-504,282 #7f0d008b app:id/wifi_list_lv}, event = KeyEvent { action=ACTION_DOWN, keyCode=KEYCODE_DPAD_RIGHT, scanCode=0, metaState=0, flags=0x400, repeatCount=0, eventTime=20925981, downTime=20925981, deviceId=-1, source=0x101 }
I/View    (24604): Key down dispatch to android.widget.ListView{455f7d70 VFED.VC. .F...... 7,8-504,282 #7f0d008b app:id/wifi_list_lv}, event = KeyEvent { action=ACTION_DOWN, keyCode=KEYCODE_DPAD_RIGHT, scanCode=0, metaState=0, flags=0x400, repeatCount=0, eventTime=20925982, downTime=20925982, deviceId=-1, source=0x101 }
I/View    (24604): Key down dispatch to android.widget.ListView{455f7d70 VFED.VC. .F...... 7,8-504,282 #7f0d008b app:id/wifi_list_lv}, event = KeyEvent { action=ACTION_DOWN, keyCode=KEYCODE_DPAD_CENTER, scanCode=0, metaState=0, flags=0x8, repeatCount=0, eventTime=20925818, downTime=20925818, deviceId=-1, source=0x101 }
D/ADB_SERVICES(  184):  closing because is_eof=1 r=1 s->fde.force_eof=0
W/ADB_SERVICES(  184): entered. LS(21114) fd=37
D/AbsListView(24604): performItemClick view=android.widget.RelativeLayout{42a69180 V.E...C. ..SP.... 0,232-497,272}, position=15, id=15, mChoiceMode=0, dispatchItemClick=true
W/ADB_SERVICES(  184): create_local_service_socket() name=shell:cat /proc/stat
W/ADB_SERVICES(  184): service_to_fd() name=shell:cat /proc/stat
W/ADB_SERVICES(  184): read_meminfo() mem_free=29412
W/ADB_SERVICES(  184): create_subprocess() ret_fd=37 pid=20511
W/ADB_SERVICES(  184): LS(21115): bound to 'shell:cat /proc/stat' via 37
W/ADB_SERVICES(20511): adb: unable to open /proc/20511/oom_adj
D/WindowManager(  719): interceptKeyTq keycode=23 screenIsOn=true keyguardActive=false policyFlags = #b000000 down =true canceled = false isWakeKey=false mVolumeDownKeyTriggered =false mVolumeUpKeyTriggered =false
D/KeyguardViewMediator(  838): isInputRestricted: showing=false, needReshow=false, provisioned=true
D/WindowManager(  719): interceptKeyTi keyCode=23 down=true repeatCount=0 keyguardOn=false mHomePressed=false canceled=false metaState:0
D/WindowManager(  719): interceptKeyTq keycode=23 screenIsOn=true keyguardActive=false policyFlags = #b000000 down =false canceled = false isWakeKey=false mVolumeDownKeyTriggered =false mVolumeUpKeyTriggered =false
I/View    (24604): Key down dispatch to android.widget.ListView{455f7d70 VFED.VC. .F...... 7,8-504,282 #7f0d008b app:id/wifi_list_lv}, event = KeyEvent { action=ACTION_DOWN, keyCode=KEYCODE_DPAD_CENTER, scanCode=0, metaState=0, flags=0x8, repeatCount=0, eventTime=20926101, downTime=20926101, deviceId=-1, source=0x101 }
D/KeyguardViewMediator(  838): isInputRestricted: showing=false, needReshow=false, provisioned=true
D/WindowManager(  719): interceptKeyTi keyCode=23 down=false repeatCount=0 keyguardOn=false mHomePressed=false canceled=false metaState:0
D/ADB_SERVICES(  184):  closing because is_eof=1 r=-1 s->fde.force_eof=0
W/ADB_SERVICES(  184): entered. LS(21115) fd=37
D/AbsListView(24604): performItemClick view=android.widget.RelativeLayout{42a69180 V.E...C. ..SP.... 0,232-497,272}, position=15, id=15, mChoiceMode=0, dispatchItemClick=true
D/WindowManager(  719): interceptKeyTq keycode=22 screenIsOn=true keyguardActive=false policyFlags = #b000000 down =true canceled = false isWakeKey=false mVolumeDownKeyTriggered =false mVolumeUpKeyTriggered =false
D/KeyguardViewMediator(  838): isInputRestricted: showing=false, needReshow=false, provisioned=true
D/WindowManager(  719): interceptKeyTi keyCode=22 down=true repeatCount=0 keyguardOn=false mHomePressed=false canceled=false metaState:0
D/WindowManager(  719): interceptKeyTq keycode=22 screenIsOn=true keyguardActive=false policyFlags = #b000000 down =false canceled = false isWakeKey=false mVolumeDownKeyTriggered =false mVolumeUpKeyTriggered =false
D/WifiStateMachine(  719): ConnectedState{ when=-3ms what=131155 arg1=30 target=com.android.internal.util.StateMachine$SmHandler target=Handler (com.android.internal.util.StateMachine$SmHandler) {421bb670} }
D/WifiStateMachine(  719): L2ConnectedState{ when=-3ms what=131155 arg1=30 target=com.android.internal.util.StateMachine$SmHandler target=Handler (com.android.internal.util.StateMachine$SmHandler) {421bb670} }
D/WifiHW  (  719): enter -->wifi_send_command cmd=IFNAME=wlan0 SIGNAL_POLL
D/wpa_supplicant(  971): RX ctrl_iface - hexdump(len=11): 53 49 47 4e 41 4c 5f 50 4f 4c 4c
D/wpa_supplicant(  971): wlan0: Control interface command 'SIGNAL_POLL'
D/wpa_supplicant(  971): nl80211: survey data missing!
D/WifiHW  (  719): leave --> reply=RSSI=-67
D/WifiHW  (  719): LINKSPEED=65
D/WifiHW  (  719): NOISE=9999
D/WifiHW  (  719): FREQUENCY=2412
D/WifiHW  (  719): 
D/wifi    (  719): doStringCommand, buf IFNAME=wlan0 SIGNAL_POLL
D/KeyguardViewMediator(  838): isInputRestricted: showing=false, needReshow=false, provisioned=true
I/WifiStateMachine(  719): fetchRssiAndLinkSpeedNative, newRssi:-67, newLinkSpeed:65, SSID:"60_office"
D/WindowManager(  719): interceptKeyTi keyCode=22 down=false repeatCount=0 keyguardOn=false mHomePressed=false canceled=false metaState:0
I/View    (24604): Key down dispatch to android.widget.ListView{455f7d70 VFED.VC. .F...... 7,8-504,282 #7f0d008b app:id/wifi_list_lv}, event = KeyEvent { action=ACTION_DOWN, keyCode=KEYCODE_DPAD_RIGHT, scanCode=0, metaState=0, flags=0x8, repeatCount=0, eventTime=20926163, downTime=20926163, deviceId=-1, source=0x101 }
D/SurfaceFlinger(  151): SurfaceFlingerWatchdog:ERROR: open /dev/RT_Monitor failed.
D/PowerManagerService(  719): userActivityFromNative
D/PowerManagerService(  719): userActivityNoUpdateLocked: eventTime=20926262, event=0, flags=0x0, uid=1000
D/PowerManagerNotifier(  719): onUserActivity: event=0, uid=1000
D/PowerManagerService(  719): updateUserActivitySummaryLocked: mWakefulness=Awake, mUserActivitySummary=0x5, nextTimeout=20933985 (in 7721 ms)
D/PowerManagerService(  719): newScreenState = 2
D/PowerManagerDisplayController(  719): requestPowerState: screenState=2, useProximitySensor=false, forceProximitySensorEnable=false, forceWakeUpEnable=false, screenBrightness=74, screenAutoBrightnessAdjustment=0.0, useAutoBrightness=false, useEcoBrightness=false, blockScreenOn=false, waitForNegativeProximity=false
I/PowerManagerService(  719): setBrightness mButtonLight, screenBrightness=74
D/PowerManagerService(  719): updateScreenStateLocked: mDisplayReady=true, newScreenState=2, mWakefulness=1, mWakeLockSummary=0x0, mUserActivitySummary=0x5, mBootCompleted=true
D/PowerManagerService(  719): handleSandman: canDream=false, mWakefulness=Awake
D/PowerManagerService(  719): userActivityFromNative
D/PowerManagerService(  719): userActivityNoUpdateLocked: eventTime=20926306, event=2, flags=0x0, uid=1000
D/PowerManagerNotifier(  719): onUserActivity: event=2, uid=1000
D/PowerManagerService(  719): updateUserActivitySummaryLocked: mWakefulness=Awake, mUserActivitySummary=0x5, nextTimeout=20933985 (in 7668 ms)
D/PowerManagerService(  719): newScreenState = 2
D/PowerManagerDisplayController(  719): requestPowerState: screenState=2, useProximitySensor=false, forceProximitySensorEnable=false, forceWakeUpEnable=false, screenBrightness=74, screenAutoBrightnessAdjustment=0.0, useAutoBrightness=false, useEcoBrightness=false, blockScreenOn=false, waitForNegativeProximity=false
I/PowerManagerService(  719): setBrightness mButtonLight, screenBrightness=74
D/PowerManagerService(  719): updateScreenStateLocked: mDisplayReady=true, newScreenState=2, mWakefulness=1, mWakeLockSummary=0x0, mUserActivitySummary=0x5, mBootCompleted=true
D/PowerManagerService(  719): handleSandman: canDream=false, mWakefulness=Awake
D/ListView(24604): mSelectorRect.setEmpty in layoutChildren this=android.widget.ListView{455f7d70 VFED.VC. .F....ID 7,8-504,282 #7f0d008b app:id/wifi_list_lv}
I/View    (24604): Touch down dispatch to android.widget.LinearLayout{4203e580 V.E..... ........ 0,0-1024,81}, event = MotionEvent { action=ACTION_DOWN, id[0]=0, x[0]=85.0, y[0]=9.0, toolType[0]=TOOL_TYPE_UNKNOWN, buttonState=0, metaState=0, flags=0x0, edgeFlags=0x0, pointerCount=1, historySize=0, eventTime=20926306, downTime=20926306, deviceId=0, source=0x1002 }
I/View    (24604): Touch down dispatch to android.widget.LinearLayout{4203e2b0 V.E..... ........ 0,0-1024,101}, event = MotionEvent { action=ACTION_DOWN, id[0]=0, x[0]=85.0, y[0]=9.0, toolType[0]=TOOL_TYPE_UNKNOWN, buttonState=0, metaState=0, flags=0x0, edgeFlags=0x0, pointerCount=1, historySize=0, eventTime=20926306, downTime=20926306, deviceId=0, source=0x1002 }
I/View    (24604): Touch down dispatch to android.widget.LinearLayout{42ee9908 V.E..... .......D 0,0-1024,600}, event = MotionEvent { action=ACTION_DOWN, id[0]=0, x[0]=85.0, y[0]=9.0, toolType[0]=TOOL_TYPE_UNKNOWN, buttonState=0, metaState=0, flags=0x0, edgeFlags=0x0, pointerCount=1, historySize=0, eventTime=20926306, downTime=20926306, deviceId=0, source=0x1002 }
I/View    (24604): Touch down dispatch to android.widget.FrameLayout{4527a458 V.E..... .......D 0,0-1024,600 #1020002 android:id/content}, event = MotionEvent { action=ACTION_DOWN, id[0]=0, x[0]=85.0, y[0]=9.0, toolType[0]=TOOL_TYPE_UNKNOWN, buttonState=0, metaState=0, flags=0x0, edgeFlags=0x0, pointerCount=1, historySize=0, eventTime=20926306, downTime=20926306, deviceId=0, source=0x1002 }
I/View    (24604): Touch down dispatch to android.widget.LinearLayout{42b08de8 V.E..... .......D 0,0-1024,600}, event = MotionEvent { action=ACTION_DOWN, id[0]=0, x[0]=85.0, y[0]=9.0, toolType[0]=TOOL_TYPE_UNKNOWN, buttonState=0, metaState=0, flags=0x0, edgeFlags=0x0, pointerCount=1, historySize=0, eventTime=20926306, downTime=20926306, deviceId=0, source=0x1002 }
I/View    (24604): Touch down dispatch to com.android.internal.policy.impl.PhoneWindow$DecorView{42b08858 V.E..... R......D 0,0-1024,600}, event = MotionEvent { action=ACTION_DOWN, id[0]=0, x[0]=85.0, y[0]=9.0, toolType[0]=TOOL_TYPE_UNKNOWN, buttonState=0, metaState=0, flags=0x0, edgeFlags=0x0, pointerCount=1, historySize=0, eventTime=20926306, downTime=20926306, deviceId=0, source=0x1002 }
I/View    (24604): Touch up dispatch to com.android.internal.policy.impl.PhoneWindow$DecorView{42b08858 V.E..... R......D 0,0-1024,600}, event = MotionEvent { action=ACTION_UP, id[0]=0, x[0]=43.5419, y[0]=9.696855, toolType[0]=TOOL_TYPE_UNKNOWN, buttonState=0, metaState=0, flags=0x0, edgeFlags=0x0, pointerCount=1, historySize=0, eventTime=20926335, downTime=20926306, deviceId=0, source=0x1002 }
D/dalvikvm(12704): threadid=5: SuspendAll starting
D/dalvikvm(12704): threadid=1: self-suspending
D/dalvikvm(12704): threadid=5:   threadid=1 status=9 sc=1 dc=0
D/dalvikvm(12704): threadid=5:   threadid=10 status=7 sc=1 dc=0
D/dalvikvm(12704): threadid=5:   threadid=9 status=7 sc=1 dc=0
D/dalvikvm(12704): threadid=5:   threadid=8 status=8 sc=1 dc=0
D/dalvikvm(12704): threadid=5:   threadid=7 status=8 sc=1 dc=0
D/dalvikvm(12704): threadid=5:   threadid=6 status=8 sc=1 dc=0
D/dalvikvm(12704): threadid=5:   threadid=4 status=4 sc=1 dc=0
D/dalvikvm(12704): threadid=5:   threadid=3 status=4 sc=1 dc=0
D/dalvikvm(12704): threadid=5:   threadid=2 status=4 sc=1 dc=0
D/dalvikvm(12704): threadid=5: SuspendAll complete : 1
D/dalvikvm(12704): threadid=5: ResumeAll starting
D/dalvikvm(12704): threadid=5: ResumeAll waking others
D/dalvikvm(12704): threadid=5: ResumeAll complete
D/dalvikvm(12704): threadid=1: self-reviving, status=1
D/dalvikvm(12704): threadid=5: SuspendAll starting
D/dalvikvm(12704): threadid=5:   threadid=1 status=7 sc=1 dc=0
D/dalvikvm(12704): threadid=5:   threadid=10 status=7 sc=1 dc=0
D/dalvikvm(12704): threadid=5:   threadid=9 status=7 sc=1 dc=0
D/dalvikvm(12704): threadid=5:   threadid=8 status=8 sc=1 dc=0
D/dalvikvm(12704): threadid=5:   threadid=7 status=8 sc=1 dc=0
D/dalvikvm(12704): threadid=5:   threadid=6 status=8 sc=1 dc=0
D/dalvikvm(12704): threadid=5:   threadid=4 status=4 sc=1 dc=0
D/dalvikvm(12704): threadid=5:   threadid=3 status=4 sc=1 dc=0
D/dalvikvm(12704): threadid=5:   threadid=2 status=4 sc=1 dc=0
D/dalvikvm(12704): threadid=5: SuspendAll complete : 1
D/dalvikvm(12704): threadid=5: ResumeAll starting
D/dalvikvm(12704): threadid=5: ResumeAll waking others
D/dalvikvm(12704): threadid=5: ResumeAll complete
I/View    ( 1049): Touch down dispatch to android.widget.Button{41d166b8 VFED..C. ......ID 0,0-100,100 #7f090000 app:id/float_image}, event = MotionEvent { action=ACTION_DOWN, id[0]=0, x[0]=29.0, y[0]=75.0, toolType[0]=TOOL_TYPE_UNKNOWN, buttonState=0, metaState=0, flags=0x0, edgeFlags=0x0, pointerCount=1, historySize=0, eventTime=20926401, downTime=20926401, deviceId=0, source=0x1002 }
D/dalvikvm(12704): GC_CONCURRENT freed 2942K (51954), 80% free 816K/4052K, paused 2ms+1ms, total 37ms
I/View    (24604): Key down dispatch to android.widget.ListView{455f7d70 VFED.VC. .F....ID 7,8-504,282 #7f0d008b app:id/wifi_list_lv}, event = KeyEvent { action=ACTION_DOWN, keyCode=KEYCODE_DPAD_UP, scanCode=0, metaState=0, flags=0x400, repeatCount=0, eventTime=20926385, downTime=20926385, deviceId=-1, source=0x101 }
I/BufferQueue(  151): [](this:0xb7c36588,id:2493,api:2,p:1049,c:151) [queue] fps:0.03, dur:30164.29, max:30164.29, min:30164.29
I/BufferQueue(  151): [](this:0xb7c36588,id:2493,api:2,p:1049,c:151) [release] fps:0.03, dur:30168.07, max:30168.07, min:30168.07
D/AndroidRuntime(20507): 
D/AndroidRuntime(20507): >>>>>> AndroidRuntime START com.android.internal.os.RuntimeInit <<<<<<
D/AndroidRuntime(20507): CheckJNI is OFF
D/AndroidRuntime(20507): language=-Duser.language=zh region=-Duser.region=CN
D/dalvikvm(20507): boot class : 
D/dalvikvm(20507):   (0) core.jar
D/dalvikvm(20507):   (1) conscrypt.jar
D/dalvikvm(20507):   (2) okhttp.jar
D/dalvikvm(20507):   (3) core-junit.jar
D/dalvikvm(20507):   (4) bouncycastle.jar
D/dalvikvm(20507):   (5) ext.jar
D/dalvikvm(20507):   (6) framework.jar
D/dalvikvm(20507):   (7) framework2.jar
D/dalvikvm(20507):   (8) telephony-common.jar
D/dalvikvm(20507):   (9) voip-common.jar
D/dalvikvm(20507):   (10) mms-common.jar
D/dalvikvm(20507):   (11) android.policy.jar
D/dalvikvm(20507):   (12) services.jar
D/dalvikvm(20507):   (13) apache-xml.jar
D/dalvikvm(20507):   (14) webviewchromium.jar
D/dalvikvm(20507):   (15) mediatek-common.jar
D/dalvikvm(20507):   (16) mediatek-framework.jar
D/dalvikvm(20507):   (17) CustomProperties.jar
D/dalvikvm(20507):   (18) mediatek-telephony-common.jar
D/dalvikvm(20507):   (19) mediatek-tablet.jar
D/dalvikvm(20507):   (20) am.jar
D/AbsListView(24604): reportScrollStateChange: newState=0, mLastScrollState=0, mOnScrollListener=null, mScrollY=0, mTouchMode=-1, mFirstPosition=9
I/View    (24604): Key down dispatch to android.widget.ListView{455f7d70 VFED.VC. .F....ID 7,8-504,282 #7f0d008b app:id/wifi_list_lv}, event = KeyEvent { action=ACTION_DOWN, keyCode=KEYCODE_DPAD_UP, scanCode=0, metaState=0, flags=0x400, repeatCount=0, eventTime=20926386, downTime=20926386, deviceId=-1, source=0x101 }
D/dalvikvm(20507): threadid=1: interp stack at 0x4187e000
V/Provider/Settings(24604): get setting for user 0 by user 0 so skipping cache
V/Provider/Settings(24604):  from settings cache , name = sound_effects_enabled , value = 0
I/View    (24604): Key down dispatch to android.widget.ListView{455f7d70 VFED.VC. .F....ID 7,8-504,282 #7f0d008b app:id/wifi_list_lv}, event = KeyEvent { action=ACTION_DOWN, keyCode=KEYCODE_DPAD_UP, scanCode=0, metaState=0, flags=0x400, repeatCount=0, eventTime=20926386, downTime=20926386, deviceId=-1, source=0x101 }
V/Provider/Settings(24604): get setting for user 0 by user 0 so skipping cache
V/Provider/Settings(24604):  from settings cache , name = sound_effects_enabled , value = 0
I/View    (24604): Key down dispatch to android.widget.ListView{455f7d70 VFED.VC. .F....ID 7,8-504,282 #7f0d008b app:id/wifi_list_lv}, event = KeyEvent { action=ACTION_DOWN, keyCode=KEYCODE_DPAD_UP, scanCode=0, metaState=0, flags=0x400, repeatCount=0, eventTime=20926386, downTime=20926386, deviceId=-1, source=0x101 }
V/Provider/Settings(24604): get setting for user 0 by user 0 so skipping cache
V/Provider/Settings(24604):  from settings cache , name = sound_effects_enabled , value = 0
D/dalvikvm(20507): Trying to load lib libjavacore.so 0x0
D/dalvikvm(20507): Added shared lib libjavacore.so 0x0
I/View    ( 1049): Touch up dispatch to android.widget.Button{41d166b8 VFED..C. ...P..I. 0,0-100,100 #7f090000 app:id/float_image}, event = MotionEvent { action=ACTION_UP, id[0]=0, x[0]=40.80896, y[0]=126.0, toolType[0]=TOOL_TYPE_UNKNOWN, buttonState=0, metaState=0, flags=0x0, edgeFlags=0x0, pointerCount=1, historySize=0, eventTime=20926540, downTime=20926401, deviceId=0, source=0x1002 }
D/dalvikvm(20507): Trying to load lib libnativehelper.so 0x0
D/dalvikvm(20507): Added shared lib libnativehelper.so 0x0
D/dalvikvm(20507): No JNI_OnLoad found in libnativehelper.so 0x0, skipping init
D/dalvikvm(20507): +++ finishing prep on main VM thread
W/ADB_SERVICES(  184): create_local_service_socket() name=shell:ps
W/ADB_SERVICES(  184): service_to_fd() name=shell:ps
W/ADB_SERVICES(  184): read_meminfo() mem_free=33032
W/ADB_SERVICES(  184): create_subprocess() ret_fd=37 pid=20512
W/ADB_SERVICES(  184): LS(21116): bound to 'shell:ps' via 37
W/ADB_SERVICES(20512): adb: unable to open /proc/20512/oom_adj
I/BufferQueue(  151): [com.sixtyplus.nidfit.treadmill.app/com.sixtyplus.nidfit.treadmill.wifimgr.WifiActivity](this:0xb7bfbcd0,id:3701,api:1,p:24604,c:151) [queue] fps:8.57, dur:1049.63, max:262.18, min:54.59
I/BufferQueue(  151): [com.sixtyplus.nidfit.treadmill.app/com.sixtyplus.nidfit.treadmill.wifimgr.WifiActivity](this:0xb7bfbcd0,id:3701,api:1,p:24604,c:151) [release] fps:8.68, dur:1037.41, max:255.47, min:50.86
I/View    (24604): Key down dispatch to android.widget.ListView{455f7d70 VFED.VC. .F...... 7,8-504,282 #7f0d008b app:id/wifi_list_lv}, event = KeyEvent { action=ACTION_DOWN, keyCode=KEYCODE_DPAD_RIGHT, scanCode=0, metaState=0, flags=0x400, repeatCount=0, eventTime=20926519, downTime=20926519, deviceId=-1, source=0x101 }
I/View    (24604): Key down dispatch to android.widget.ListView{455f7d70 VFED.VC. .F...... 7,8-504,282 #7f0d008b app:id/wifi_list_lv}, event = KeyEvent { action=ACTION_DOWN, keyCode=KEYCODE_DPAD_RIGHT, scanCode=0, metaState=0, flags=0x400, repeatCount=0, eventTime=20926519, downTime=20926519, deviceId=-1, source=0x101 }
D/dalvikvm(20507): create interp thread : stack size=128KB
D/dalvikvm(20507): create new thread
D/dalvikvm(20507): new thread created
D/dalvikvm(20507): update thread list
D/dalvikvm(20507): threadid=2: interp stack at 0x7187e000
D/dalvikvm(20507): threadid=2: created from interp
D/dalvikvm(20507): threadid=2: adding to list
D/dalvikvm(20507): start new thread
D/dalvikvm(20507): create interp thread : stack size=128KB
D/dalvikvm(20507): threadid=2: notify debugger
D/dalvikvm(20507): threadid=2 (ReferenceQueueDaemon): calling run()
D/dalvikvm(20507): create new thread
D/dalvikvm(20507): new thread created
D/dalvikvm(20507): update thread list
D/dalvikvm(20507): threadid=3: interp stack at 0x7199e000
D/dalvikvm(20507): threadid=3: created from interp
D/dalvikvm(20507): threadid=3: adding to list
D/dalvikvm(20507): start new thread
D/dalvikvm(20507): create interp thread : stack size=128KB
D/dalvikvm(20507): create new thread
D/dalvikvm(20507): new thread created
D/dalvikvm(20507): update thread list
D/dalvikvm(20507): threadid=3: notify debugger
D/dalvikvm(20507): threadid=3 (FinalizerDaemon): calling run()
D/dalvikvm(20507): threadid=4: interp stack at 0x71abe000
D/dalvikvm(20507): threadid=4: created from interp
D/dalvikvm(20507): threadid=4: adding to list
D/dalvikvm(20507): start new thread
D/dalvikvm(20507): threadid=4: notify debugger
D/dalvikvm(20507): threadid=4 (FinalizerWatchdogDaemon): calling run()
D/dalvikvm(20507): threadid=5: interp stack at 0x71cde000
D/dalvikvm(20507): threadid=5: adding to list (attached)
D/dalvikvm(20507): threadid=5: attached from native, name=GC
D/dalvikvm(20507): threadid=5: internal 'GC'
I/View    (24604): Key down dispatch to android.widget.ListView{455f7d70 VFED.VC. .F...... 7,8-504,282 #7f0d008b app:id/wifi_list_lv}, event = KeyEvent { action=ACTION_DOWN, keyCode=KEYCODE_DPAD_RIGHT, scanCode=0, metaState=0, flags=0x400, repeatCount=0, eventTime=20926519, downTime=20926519, deviceId=-1, source=0x101 }
D/dalvikvm(20507): threadid=6: interp stack at 0x71dfe000
D/dalvikvm(20507): threadid=6: adding to list (attached)
D/dalvikvm(20507): threadid=6: attached from native, name=Signal Catcher
D/dalvikvm(20507): threadid=6: internal 'Signal Catcher'
D/jdwp    (20507): prepping for JDWP over ADB
D/dalvikvm(20507): Elevating priority from 0 to -8
D/dalvikvm(20507): threadid=7: interp stack at 0x71f1e000
D/dalvikvm(20507): threadid=7: adding to list (attached)
D/dalvikvm(20507): threadid=7: attached from native, name=JDWP
D/dalvikvm(20507): threadid=7: internal 'JDWP'
D/jdwp    (20507): JDWP: thread running
D/jdwp    (20507): trying to receive file descriptor from ADB
D/ADB_SERVICES(  184): Adding socket 38 pid 20507 to jdwp process list
D/dalvikvm(20507): threadid=8: interp stack at 0x7203e000
D/dalvikvm(20507): threadid=8: adding to list (attached)
D/dalvikvm(20507): threadid=8: attached from native, name=Compiler
D/dalvikvm(20507): threadid=8: internal 'Compiler'
D/dalvikvm(20507): threadid=8: SuspendAll starting
D/dalvikvm(20507): threadid=1: self-suspending
E/cutils-trace(20507): Error opening trace file: No such file or directory (2)
D/ListView(24604): mSelectorRect.setEmpty in layoutChildren this=android.widget.ListView{455f7d70 VFED.VC. .F....ID 7,8-504,282 #7f0d008b app:id/wifi_list_lv}
D/dalvikvm(20507): threadid=8:   threadid=1 status=9 sc=1 dc=0
D/dalvikvm(20507): threadid=8:   threadid=7 status=8 sc=1 dc=0
D/dalvikvm(20507): threadid=8:   threadid=6 status=8 sc=1 dc=0
D/dalvikvm(20507): threadid=8:   threadid=5 status=8 sc=1 dc=0
D/dalvikvm(20507): threadid=8:   threadid=4 status=4 sc=1 dc=0
D/dalvikvm(20507): threadid=8:   threadid=3 status=4 sc=1 dc=0
D/dalvikvm(20507): threadid=8:   threadid=2 status=4 sc=1 dc=0
D/dalvikvm(20507): threadid=8: SuspendAll complete : 1
D/dalvikvm(20507): threadid=8: ResumeAll starting
D/dalvikvm(20507): threadid=8: ResumeAll waking others
D/dalvikvm(20507): threadid=1: self-reviving, status=1
D/dalvikvm(20507): threadid=8: ResumeAll complete
W/InputReader(  719): inCount:16, pointer count:1
D/InputReader(  719): AP_PROF:AppLaunch_dispatchPtr:Down:20926721, ID:0, Index:1988718920
I/AP_PROF (  719): unable to open /proc/mtprof/status entry
I/View    (24604): Touch down dispatch to android.widget.LinearLayout{42fa27b8 V.E..... .......D 0,101-1024,600}, event = MotionEvent { action=ACTION_DOWN, id[0]=0, x[0]=42.0, y[0]=191.0, toolType[0]=TOOL_TYPE_UNKNOWN, buttonState=0, metaState=0, flags=0x0, edgeFlags=0x0, pointerCount=1, historySize=0, eventTime=20926613, downTime=20926613, deviceId=0, source=0x1002 }
I/View    (24604): Touch down dispatch to android.widget.LinearLayout{42ee9908 V.E..... .......D 0,0-1024,600}, event = MotionEvent { action=ACTION_DOWN, id[0]=0, x[0]=42.0, y[0]=292.0, toolType[0]=TOOL_TYPE_UNKNOWN, buttonState=0, metaState=0, flags=0x0, edgeFlags=0x0, pointerCount=1, historySize=0, eventTime=20926613, downTime=20926613, deviceId=0, source=0x1002 }
I/View    (24604): Touch down dispatch to android.widget.FrameLayout{4527a458 V.E..... .......D 0,0-1024,600 #1020002 android:id/content}, event = MotionEvent { action=ACTION_DOWN, id[0]=0, x[0]=42.0, y[0]=292.0, toolType[0]=TOOL_TYPE_UNKNOWN, buttonState=0, metaState=0, flags=0x0, edgeFlags=0x0, pointerCount=1, historySize=0, eventTime=20926613, downTime=20926613, deviceId=0, source=0x1002 }
I/View    (24604): Touch down dispatch to android.widget.LinearLayout{42b08de8 V.E..... .......D 0,0-1024,600}, event = MotionEvent { action=ACTION_DOWN, id[0]=0, x[0]=42.0, y[0]=292.0, toolType[0]=TOOL_TYPE_UNKNOWN, buttonState=0, metaState=0, flags=0x0, edgeFlags=0x0, pointerCount=1, historySize=0, eventTime=20926613, downTime=20926613, deviceId=0, source=0x1002 }
I/View    (24604): Touch down dispatch to com.android.internal.policy.impl.PhoneWindow$DecorView{42b08858 V.E..... R......D 0,0-1024,600}, event = MotionEvent { action=ACTION_DOWN, id[0]=0, x[0]=42.0, y[0]=292.0, toolType[0]=TOOL_TYPE_UNKNOWN, buttonState=0, metaState=0, flags=0x0, edgeFlags=0x0, pointerCount=1, historySize=0, eventTime=20926613, downTime=20926613, deviceId=0, source=0x1002 }
W/InputReader(  719): inCount:16, pointer count:1
I/View    (24604): Touch up dispatch to com.android.internal.policy.impl.PhoneWindow$DecorView{42b08858 V.E..... R......D 0,0-1024,600}, event = MotionEvent { action=ACTION_UP, id[0]=0, x[0]=67.50194, y[0]=324.25458, toolType[0]=TOOL_TYPE_UNKNOWN, buttonState=0, metaState=0, flags=0x0, edgeFlags=0x0, pointerCount=1, historySize=0, eventTime=20926681, downTime=20926613, deviceId=0, source=0x1002 }
W/InputReader(  719): inCount:16, pointer count:1
D/WindowManager(  719): interceptKeyTq keycode=72 screenIsOn=true keyguardActive=false policyFlags = #b000000 down =true canceled = false isWakeKey=false mVolumeDownKeyTriggered =false mVolumeUpKeyTriggered =false
D/PowerManagerService(  719): userActivityFromNative
D/PowerManagerService(  719): userActivityNoUpdateLocked: eventTime=20926739, event=1, flags=0x0, uid=1000
D/PowerManagerNotifier(  719): onUserActivity: event=1, uid=1000
D/PowerManagerService(  719): updateUserActivitySummaryLocked: mWakefulness=Awake, mUserActivitySummary=0x5, nextTimeout=20934739 (in 7974 ms)
D/PowerManagerService(  719): newScreenState = 2
D/PowerManagerDisplayController(  719): requestPowerState: screenState=2, useProximitySensor=false, forceProximitySensorEnable=false, forceWakeUpEnable=false, screenBrightness=74, screenAutoBrightnessAdjustment=0.0, useAutoBrightness=false, useEcoBrightness=false, blockScreenOn=false, waitForNegativeProximity=false
I/PowerManagerService(  719): setBrightness mButtonLight, screenBrightness=74
D/PowerManagerService(  719): updateScreenStateLocked: mDisplayReady=true, newScreenState=2, mWakefulness=1, mWakeLockSummary=0x0, mUserActivitySummary=0x5, mBootCompleted=true
D/PowerManagerService(  719): handleSandman: canDream=false, mWakefulness=Awake
D/dalvikvm(20507): Note: class Landroid/app/ActivityManagerNative; has 188 unimplemented (abstract) methods
W/InputReader(  719): inCount:16, pointer count:1
I/View    (24604): Touch down dispatch to android.widget.ListView{455f7d70 VFED.VC. .F....ID 7,8-504,282 #7f0d008b app:id/wifi_list_lv}, event = MotionEvent { action=ACTION_DOWN, id[0]=0, x[0]=344.56238, y[0]=59.951202, toolType[0]=TOOL_TYPE_FINGER, buttonState=0, metaState=0, flags=0x0, edgeFlags=0x0, pointerCount=1, historySize=0, eventTime=20926721, downTime=20926721, deviceId=3, source=0x1002 }
D/AbsListView(24604): Touch down: touch mode = 0,mScrollY = 0,y = 59.951202,mFirstPosition = 9,mActivePointerId = 0,mDataChanged = false,adatper size = 19,this = android.widget.ListView{455f7d70 VFED.VC. .F....ID 7,8-504,282 #7f0d008b app:id/wifi_list_lv}
D/KeyguardViewMediator(  838): isInputRestricted: showing=false, needReshow=false, provisioned=true
D/WindowManager(  719): interceptKeyTi keyCode=72 down=true repeatCount=0 keyguardOn=false mHomePressed=false canceled=false metaState:0
W/InputReader(  719): inCount:16, pointer count:1
D/WindowManager(  719): interceptKeyTq keycode=72 screenIsOn=true keyguardActive=false policyFlags = #b000000 down =false canceled = false isWakeKey=false mVolumeDownKeyTriggered =false mVolumeUpKeyTriggered =false
W/InputReader(  719): inCount:16, pointer count:1
D/KeyguardViewMediator(  838): isInputRestricted: showing=false, needReshow=false, provisioned=true
W/InputReader(  719): inCount:16, pointer count:1
D/WindowManager(  719): interceptKeyTi keyCode=72 down=false repeatCount=0 keyguardOn=false mHomePressed=false canceled=false metaState:0
W/InputReader(  719): inCount:16, pointer count:1
I/View    (24604): Key down dispatch to android.widget.ListView{455f7d70 VFED.VC. .F...... 7,8-504,282 #7f0d008b app:id/wifi_list_lv}, event = KeyEvent { action=ACTION_DOWN, keyCode=KEYCODE_RIGHT_BRACKET, scanCode=0, metaState=0, flags=0x8, repeatCount=0, eventTime=20926739, downTime=20926739, deviceId=-1, source=0x101 }
D/AbsListView(24604): reportScrollStateChange: newState=1, mLastScrollState=0, mOnScrollListener=null, mScrollY=0, mTouchMode=3, mFirstPosition=9
D/PowerManagerService(  719): userActivityFromNative
D/PowerManagerService(  719): userActivityNoUpdateLocked: eventTime=20926812, event=2, flags=0x0, uid=1000
D/PowerManagerNotifier(  719): onUserActivity: event=2, uid=1000
D/PowerManagerService(  719): updateUserActivitySummaryLocked: mWakefulness=Awake, mUserActivitySummary=0x5, nextTimeout=20934739 (in 7879 ms)
D/PowerManagerService(  719): newScreenState = 2
D/PowerManagerDisplayController(  719): requestPowerState: screenState=2, useProximitySensor=false, forceProximitySensorEnable=false, forceWakeUpEnable=false, screenBrightness=74, screenAutoBrightnessAdjustment=0.0, useAutoBrightness=false, useEcoBrightness=false, blockScreenOn=false, waitForNegativeProximity=false
I/PowerManagerService(  719): setBrightness mButtonLight, screenBrightness=74
D/PowerManagerService(  719): updateScreenStateLocked: mDisplayReady=true, newScreenState=2, mWakefulness=1, mWakeLockSummary=0x0, mUserActivitySummary=0x5, mBootCompleted=true
D/ADB_SERVICES(  184):  closing because is_eof=1 r=1 s->fde.force_eof=0
W/ADB_SERVICES(  184): entered. LS(21116) fd=37
W/InputReader(  719): inCount:16, pointer count:1
D/PowerManagerService(  719): handleSandman: canDream=false, mWakefulness=Awake
W/InputReader(  719): inCount:16, pointer count:1
W/InputReader(  719): inCount:16, pointer count:1
W/ADB_SERVICES(  184): create_local_service_socket() name=shell:cat /proc/cpuinfo
W/ADB_SERVICES(  184): service_to_fd() name=shell:cat /proc/cpuinfo
W/ADB_SERVICES(  184): read_meminfo() mem_free=32952
W/ADB_SERVICES(  184): create_subprocess() ret_fd=37 pid=20520
W/ADB_SERVICES(  184): LS(21117): bound to 'shell:cat /proc/cpuinfo' via 37
I/BufferQueue(  151): [FrameBufferSurface_0](this:0xb7beb150,id:0,api:1,p:151,c:151) [release] fps:12.34, dur:1053.65, max:169.46, min:14.26
I/BufferQueue(  151): [FrameBufferSurface_0](this:0xb7beb150,id:0,api:1,p:151,c:151) [queue] fps:12.34, dur:1053.65, max:169.46, min:14.26
I/SurfaceFlinger(  151): [Built-in Screen (type:0)] fps:12.338227,dur:1053.64,max:169.46,min:14.26
W/ADB_SERVICES(20520): adb: unable to open /proc/20520/oom_adj
W/InputReader(  719): inCount:16, pointer count:1
D/ADB_SERVICES(  184):  closing because is_eof=1 r=-1 s->fde.force_eof=0
W/ADB_SERVICES(  184): entered. LS(21117) fd=37
W/InputReader(  719): inCount:16, pointer count:1
W/InputReader(  719): inCount:16, pointer count:1
W/ADB_SERVICES(  184): create_local_service_socket() name=shell:dumpsys battery
W/ADB_SERVICES(  184): service_to_fd() name=shell:dumpsys battery
W/ADB_SERVICES(  184): read_meminfo() mem_free=33084
W/ADB_SERVICES(  184): create_subprocess() ret_fd=37 pid=20521
W/ADB_SERVICES(  184): LS(21118): bound to 'shell:dumpsys battery' via 37
W/ADB_SERVICES(20521): adb: unable to open /proc/20521/oom_adj
W/InputReader(  719): inCount:16, pointer count:1
W/InputReader(  719): inCount:16, pointer count:1
W/InputReader(  719): inCount:16, pointer count:1
W/InputReader(  719): inCount:16, pointer count:1
W/InputReader(  719): inCount:16, pointer count:1
D/AbsListView(24604): reportScrollStateChange: newState=0, mLastScrollState=0, mOnScrollListener=null, mScrollY=0, mTouchMode=-1, mFirstPosition=7
D/ListView(24604): mSelectorRect.setEmpty in layoutChildren this=android.widget.ListView{455f7d70 VFED.VC. .F....ID 7,8-504,282 #7f0d008b app:id/wifi_list_lv}
I/View    (24604): Touch down dispatch to android.widget.LinearLayout{42fa27b8 V.E..... .......D 0,101-1024,600}, event = MotionEvent { action=ACTION_DOWN, id[0]=0, x[0]=919.0, y[0]=436.0, toolType[0]=TOOL_TYPE_UNKNOWN, buttonState=0, metaState=0, flags=0x0, edgeFlags=0x0, pointerCount=1, historySize=0, eventTime=20926944, downTime=20926944, deviceId=0, source=0x1002 }
I/View    (24604): Touch down dispatch to android.widget.LinearLayout{42ee9908 V.E..... .......D 0,0-1024,600}, event = MotionEvent { action=ACTION_DOWN, id[0]=0, x[0]=919.0, y[0]=537.0, toolType[0]=TOOL_TYPE_UNKNOWN, buttonState=0, metaState=0, flags=0x0, edgeFlags=0x0, pointerCount=1, historySize=0, eventTime=20926944, downTime=20926944, deviceId=0, source=0x1002 }
W/InputReader(  719): inCount:16, pointer count:1
D/ADB_SERVICES(  184):  closing because is_eof=1 r=-1 s->fde.force_eof=0
W/ADB_SERVICES(  184): entered. LS(21118) fd=37
I/View    (24604): Touch down dispatch to android.widget.FrameLayout{4527a458 V.E..... .......D 0,0-1024,600 #1020002 android:id/content}, event = MotionEvent { action=ACTION_DOWN, id[0]=0, x[0]=919.0, y[0]=537.0, toolType[0]=TOOL_TYPE_UNKNOWN, buttonState=0, metaState=0, flags=0x0, edgeFlags=0x0, pointerCount=1, historySize=0, eventTime=20926944, downTime=20926944, deviceId=0, source=0x1002 }
I/View    (24604): Touch down dispatch to android.widget.LinearLayout{42b08de8 V.E..... .......D 0,0-1024,600}, event = MotionEvent { action=ACTION_DOWN, id[0]=0, x[0]=919.0, y[0]=537.0, toolType[0]=TOOL_TYPE_UNKNOWN, buttonState=0, metaState=0, flags=0x0, edgeFlags=0x0, pointerCount=1, historySize=0, eventTime=20926944, downTime=20926944, deviceId=0, source=0x1002 }
I/View    (24604): Touch down dispatch to com.android.internal.policy.impl.PhoneWindow$DecorView{42b08858 V.E..... R......D 0,0-1024,600}, event = MotionEvent { action=ACTION_DOWN, id[0]=0, x[0]=919.0, y[0]=537.0, toolType[0]=TOOL_TYPE_UNKNOWN, buttonState=0, metaState=0, flags=0x0, edgeFlags=0x0, pointerCount=1, historySize=0, eventTime=20926944, downTime=20926944, deviceId=0, source=0x1002 }
W/InputReader(  719): inCount:16, pointer count:1
D/WindowManager(  719): interceptKeyTq keycode=3 screenIsOn=true keyguardActive=false policyFlags = #b000000 down =true canceled = false isWakeKey=false mVolumeDownKeyTriggered =false mVolumeUpKeyTriggered =false
D/KeyguardViewMediator(  838): isInputRestricted: showing=false, needReshow=false, provisioned=true
D/WindowManager(  719): interceptKeyTi keyCode=3 down=true repeatCount=0 keyguardOn=false mHomePressed=false canceled=false metaState:0
D/WindowManager(  719): interceptKeyTq keycode=3 screenIsOn=true keyguardActive=false policyFlags = #b000000 down =false canceled = false isWakeKey=false mVolumeDownKeyTriggered =false mVolumeUpKeyTriggered =false
W/InputReader(  719): inCount:16, pointer count:1
D/KeyguardViewMediator(  838): isInputRestricted: showing=false, needReshow=false, provisioned=true
D/ADB_SERVICES(  184): adb fdevent_process list (15) (21) (16) (5) (33) (37) (38) 
D/ADB_SERVICES(  184): adb local_socket_ready list (15) (16) (37) (33) 
D/ADB_SERVICES(  184): adb socket read list (15) (16) (37) (33) 
D/ADB_SERVICES(  184): read_data=281299
D/ADB_SERVICES(  184): max_read_time=0.008826 max_send_time=0.003196 
W/InputReader(  719): inCount:16, pointer count:1
D/WindowManager(  719): interceptKeyTi keyCode=3 down=false repeatCount=0 keyguardOn=false mHomePressed=true canceled=false metaState:0
D/KeyguardViewMediator(  838): isInputRestricted: showing=false, needReshow=false, provisioned=true
W/InputReader(  719): inCount:16, pointer count:1
V/ActivityManager(  719): Broadcast: Intent { act=android.intent.action.CLOSE_SYSTEM_DIALOGS flg=0x50000010 (has extras) } ordered=false userid=-1 callerApp=null
D/PhoneStatusBar(  838): onReceive, action=android.intent.action.CLOSE_SYSTEM_DIALOGS
W/ADB_SERVICES(  184): create_local_service_socket() name=shell:cat /proc/stat
W/ADB_SERVICES(  184): service_to_fd() name=shell:cat /proc/stat
W/ADB_SERVICES(  184): read_meminfo() mem_free=33324
W/ADB_SERVICES(  184): create_subprocess() ret_fd=37 pid=20522
W/ADB_SERVICES(  184): LS(21119): bound to 'shell:cat /proc/stat' via 37
W/InputReader(  719): inCount:16, pointer count:1
W/InputReader(  719): inCount:16, pointer count:1
W/ADB_SERVICES(20522): adb: unable to open /proc/20522/oom_adj
I/ActivityManager(  719): START u0 {act=android.intent.action.MAIN cat=[android.intent.category.HOME] flg=0x10200000 cmp=com.android.launcher/com.android.launcher2.Launcher} from pid 719
D/ADB_SERVICES(  184):  closing because is_eof=1 r=-1 s->fde.force_eof=0
W/ADB_SERVICES(  184): entered. LS(21119) fd=37
W/InputReader(  719): outer ID:0, tracking ID:-1, pointer count:16
W/InputReader(  719): inCount:16, pointer count:1
D/InputReader(  719): AP_PROF:AppLaunch_dispatchPtr:Up:20927194, ID:0, Index:1988720216
D/PowerManagerService(  719): userActivityFromNative
D/PowerManagerService(  719): userActivityNoUpdateLocked: eventTime=20927194, event=0, flags=0x0, uid=1000
D/PowerManagerNotifier(  719): onUserActivity: event=0, uid=1000
D/PowerManagerService(  719): updateUserActivitySummaryLocked: mWakefulness=Awake, mUserActivitySummary=0x5, nextTimeout=20934739 (in 7541 ms)
D/PowerManagerService(  719): newScreenState = 2
D/PowerManagerDisplayController(  719): requestPowerState: screenState=2, useProximitySensor=false, forceProximitySensorEnable=false, forceWakeUpEnable=false, screenBrightness=74, screenAutoBrightnessAdjustment=0.0, useAutoBrightness=false, useEcoBrightness=false, blockScreenOn=false, waitForNegativeProximity=false
I/PowerManagerService(  719): setBrightness mButtonLight, screenBrightness=74
D/PowerManagerService(  719): updateScreenStateLocked: mDisplayReady=true, newScreenState=2, mWakefulness=1, mWakeLockSummary=0x0, mUserActivitySummary=0x5, mBootCompleted=true
D/PowerManagerService(  719): handleSandman: canDream=false, mWakefulness=Awake
D/PhoneStatusBar(  838): dismissAppGuideInt
D/SurfaceFlinger(  151): SurfaceFlingerWatchdog:ERROR: open /dev/RT_Monitor failed.
W/ADB_SERVICES(  184): create_local_service_socket() name=shell:dumpsys meminfo com.sixtyplus.nidfit.treadmill.app
W/ADB_SERVICES(  184): service_to_fd() name=shell:dumpsys meminfo com.sixtyplus.nidfit.treadmill.app
W/ADB_SERVICES(  184): read_meminfo() mem_free=33448
W/ADB_SERVICES(  184): create_subprocess() ret_fd=37 pid=20523
W/ADB_SERVICES(  184): LS(21120): bound to 'shell:dumpsys meminfo com.sixtyplus.nidfit.treadmill.app' via 37
W/ADB_SERVICES(20523): adb: unable to open /proc/20523/oom_adj
D/Launcher( 1062): Launcher, Close system dialogs: intent = Intent { act=android.intent.action.CLOSE_SYSTEM_DIALOGS flg=0x50000010 (has extras) }
D/WindowManager(  719): interceptKeyTq keycode=82 screenIsOn=true keyguardActive=false policyFlags = #b000000 down =true canceled = false isWakeKey=false mVolumeDownKeyTriggered =false mVolumeUpKeyTriggered =false
D/PowerManagerService(  719): userActivityFromNative
D/PowerManagerService(  719): userActivityNoUpdateLocked: eventTime=20927247, event=1, flags=0x0, uid=1000
D/PowerManagerNotifier(  719): onUserActivity: event=1, uid=1000
D/PowerManagerService(  719): updateUserActivitySummaryLocked: mWakefulness=Awake, mUserActivitySummary=0x5, nextTimeout=20935