D/SettingsProvider(  719): lookupValue table system cache contains Key haptic_feedback_enabled , value = Bundle[{value=1}]
V/Provider/Settings(  719): from db cache, name = haptic_feedback_enabled , value = 1
I/Provider/Settings(  719): call-query of user -2 by 0 so not updating cache
I/BufferQueue(  151): [com.sixtyplus.nidfit.treadmill.app/com.sixtyplus.nidfit.treadmill.wifimgr.WifiActivity](this:0xb7c2a538,id:3705,api:1,p:24604,c:151) [release] fps:5.49, dur:1274.88, max:459.70, min:67.75
V/SoundPool-JNI(  719): android_media_SoundPool_SoundPoolImpl_play
V/SoundPool(  719): play sampleID=5, leftVolume=0.501187, rightVolume=0.501187, priority=0, loop=0, rate=1.000000
V/SoundPool(  719): mState = 0 mChannelID=667, mNumChannels=1, mPos = 0, mPriority=-1, mLoop=0
V/SoundPool(  719): mState = 4 mChannelID=673, mNumChannels=1, mPos = 0, mPriority=0, mLoop=0
V/SoundPool(  719): mState = 0 mChannelID=668, mNumChannels=1, mPos = 0, mPriority=-1, mLoop=0
V/SoundPool(  719): mState = 0 mChannelID=671, mNumChannels=1, mPos = 0, mPriority=-1, mLoop=0
V/SoundPool(  719): Allocated active channel
V/SoundPool(  719): play channel 0x78183854 state = 0
V/SoundPool(  719): SoundChannel::play 0x78183854: sampleID=5, channelID=674, leftVolume=0.501187, rightVolume=0.501187, priority=0, loop=0, rate=1.000000
D/AudioMTKVolumeController(  154): AudioMTKVolumeController getMasterVolume
D/AudioMTKVolumeController(  154): AudioMTKVolumeController setMasterVolume v = 1.000000 mode = 0 devices = 0x2
D/AudioMTKVolumeController(  154): ApplyExtAmpHeadPhoneGain  Gain = 256 mode= 0 device = 3
D/AudioMTKVolumeController(  154): DegradedBGain   = 0
D/AudioAnalogControl(  154): SetAnalogGain VoleumType = 2 volume = 0 
D/AudioPlatformDevice(  154): SetAnalogGain VOLUME_TYPE = 2 volume = 0 
D/AudioMachineDevice(  154): SetAnalogGain VOLUME_TYPE = 2 volume = 0 
D/AudioAnalogControl(  154): SetAnalogGain VoleumType = 3 volume = 0 
D/AudioPlatformDevice(  154): SetAnalogGain VOLUME_TYPE = 3 volume = 0 
D/AudioMachineDevice(  154): SetAnalogGain VOLUME_TYPE = 3 volume = 0 
D/AudioMTKStreamOut(  154): SetIMcuIRQ1 IRQ_mode = 0 sampleRate = 44100 mInterruptSample = 2048
D/AudioDigitalControl(  154): +SetIrqMcuSampleRate(), Irqmode = 0, SampleRate = 44100
D/AudioDigitalControl(  154): +SampleRateTransform(), SampleRate = 44100
D/AudioDigitalControl(  154): +SetIrqMcuCounter(), Irqmode = 0, Counter = 2048
D/AudioMTKStreamOut(  154): SetMEMIFAttribute Mem_IF = 0 sampleRate = 44100 mInterruptSample = 2048
D/AudioDigitalControl(  154): +SampleRateTransform(), SampleRate = 44100
D/AudioDigitalControl(  154): +SetMemIfSampleRate(), InterfaceType = 0, SampleRate = 44100, mAudioMEMIF[InterfaceType].mSampleRate = 9
D/AudioDigitalControl(  154): +SetMemIfChannelCount(), InterfaceType = 0, Channels = 2
D/AudioMTKStreamOut(  154): SetMEMIFEnable Mem_IF = 0 bEnable = 1
D/AudioDigitalControl(  154): +SetMemIfEnable(), InterfaceType 0, State 1
D/AudioDigitalControl(  154): state from 0 ==> 1
D/AudioDigitalControl(  154): +SetMemoryPathEnable(), InterfaceType = 0, bEnable = 1
D/AudioMTKStreamOut(  154): EnableIMcuIRQ1 IRQ_mode = 0 bEnable = 1
D/AudioDigitalControl(  154): +SetIrqMcuEnable(), Irqmode = 0, bEnable = 1
D/AudioSpeechEnhanceInfo(  154): GetDownlinkIntrStartTime 0
D/AudioLoopbackController(  154): +IsAPBTLoopbackWithCodec(), mBtLoopbackWithCodec = 0
D/AudioMTKStreamOut(  154): AudioMTKStreamOut::write (-)
D/AudioResamplerMTK(  154): AudioResamplerMtk::resample() can't get buffer
D/AudioResamplerMTK(  154): reset
D/AudioMTKPolicyManager(  154): getDeviceForStrategy() strategy 0, device 2
D/AudioMTKPolicyManager(  154): getOutput() device 2, stream 1, samplingRate 0, format 0, channelMask 3, flags 0
D/AudioMTKPolicyManager(  154): getOutput() returns output 2
D/AudioLoopbackController(  154): +IsAPBTLoopbackWithCodec(), mBtLoopbackWithCodec = 0
I/View    ( 1001): Touch up dispatch to com.android.inputmethod.keyboard.MainKeyboardView{4205dec8 V.ED.... ......ID 0,44-1024,320 #7f08005a app:id/keyboard_view}, event = MotionEvent { action=ACTION_UP, id[0]=0, x[0]=990.55524, y[0]=73.68997, toolType[0]=TOOL_TYPE_UNKNOWN, buttonState=0, metaState=0, flags=0x0, edgeFlags=0x0, pointerCount=1, historySize=0, eventTime=20924087, downTime=20924045, deviceId=0, source=0x1002 }
D/AudioMTKPolicyManager(  154): getDeviceForStrategy() strategy 0, device 2
D/AudioMTKPolicyManager(  154): getOutput() device 2, stream 1, samplingRate 0, format 0, channelMask 3, flags 0
D/AudioMTKPolicyManager(  154): getOutput() returns output 2
V/AudioTrack(  719): sharedBuffer: 0x7a6d0000, size: 10382
V/AudioTrack(  719): set() streamType 1 frameCount 0 flags 0004
D/AudioTrack(  719): audiotrack 0x79358150 set Type 1, rate 48000, fmt 1, chn 1, fcnt 0, flags 0004
D/AudioMTKPolicyManager(  154): getDeviceForStrategy() strategy 0, device 2
D/AudioMTKPolicyManager(  154): getOutput() device 2, stream 1, samplingRate 48000, format 1, channelMask 1, flags 4
D/AudioMTKPolicyManager(  154): getOutput() returns output 2
V/AudioTrack(  719): createTrack_l() output 2 afLatency 92
D/AudioFlinger(  154): createTrack() sessionId: 0
D/AudioFlinger(  154): createTrack() lSessionId: 2459
D/AudioFlinger(  154): AUDIO_OUTPUT_FLAG_FAST denied: isTimed=0 sharedBuffer=0xb7ed4d48 frameCount=5191 mFrameCount=2048 format=1 isLinear=1 channelMask=0x1 sampleRate=48000 mSampleRate=44100 hasFastMixer=0 tid=20493 fastTrackAvailMask=0xfe
I/View    (24604): Key down dispatch to android.widget.EditText{42d05cb0 VFED..CL .F...... 51,80-299,118 #7f0d00f5 app:id/wifi_input_pwd_edt}, event = KeyEvent { action=ACTION_DOWN, keyCode=KEYCODE_ENTER, scanCode=0, metaState=0, flags=0x16, repeatCount=0, eventTime=20924114, downTime=20924114, deviceId=-1, source=0x0 }
V/AudioTrack(  719): AUDIO_OUTPUT_FLAG_FAST denied by server; frameCount 5191
D/AudioFlinger(  154): PlayckThread::attachAuxEffect_l:effectid:0
D/AudioTrackCenter(  719): addTrack, trackId:2068918336, frameCount:5191, sampleRate:48000, trackPtr:0x79358150
D/AudioTrack(  719): sched_setscheduler to rt, priority: 1
D/AudioFlinger(  154): acquiring 2459 from 719
D/AudioFlinger(  154):  added new entry for 2459
V/SoundPool(  719): setVolume 0x79358150
D/AudioMTKPolicyManager(  154): startOutput() output 2, stream 1, session 2459
D/AudioFlinger(  154): signal playback thread
V/SoundPool(  719): delete oldTrack 0x791ff110
D/AudioTrack(  719): ~audioTrack 0x791ff110
D/AudioTrackCenter(  719): removeTrack, trackPtr:0x791ff110
D/IPCThreadState(  719): [DN #5] BR_CLEAR_DEATH_NOTIFICATION_DONE cookie 0x790b23f8
D/AudioFlinger(  154): releasing 2456 from 719
D/AudioFlinger(  154):  decremented refcount to 0
D/AudioFlinger(  154): +purging stale effects
D/AudioFlinger(  154): -purging stale effects
D/AudioFlinger(  154): remove track (4100) and delete from mixer
D/AudioMTKPolicyManager(  154): releaseOutput() 2
D/AudioMTKStreamOut(  154): AudioMTKStreamOut::write (-)
D/AudioResampler(  154): Create MTK Resampler
D/AudioResamplerMTK(  154): init outsampleRate 44100, intsampleRate 48000
D/AudioFlinger(  154): acquireWakeLock_l() AudioOut_2 status 0
D/AudioResamplerMTK(  154): AudioResamplerMtk::resample() can't get buffer
D/AudioResamplerMTK(  154): reset
D/PowerManagerService(  719): updateWakeLockWorkSourceInternal: lock=1105572264 [AudioMix], ws=WorkSource{1000}
D/AudioLoopbackController(  154): +IsAPBTLoopbackWithCodec(), mBtLoopbackWithCodec = 0
D/WindowManager(  719): interceptKeyTq keycode=23 screenIsOn=true keyguardActive=false policyFlags = #b000000 down =true canceled = false isWakeKey=false mVolumeDownKeyTriggered =false mVolumeUpKeyTriggered =false
D/PowerManagerService(  719): userActivityFromNative
D/PowerManagerService(  719): userActivityNoUpdateLocked: eventTime=20924153, event=1, flags=0x0, uid=1000
D/PowerManagerNotifier(  719): onUserActivity: event=1, uid=1000
D/PowerManagerService(  719): updateUserActivitySummaryLocked: mWakefulness=Awake, mUserActivitySummary=0x5, nextTimeout=20932153 (in 7994 ms)
D/PowerManagerService(  719): newScreenState = 2
D/PowerManagerDisplayController(  719): requestPowerState: screenState=2, useProximitySensor=false, forceProximitySensorEnable=false, forceWakeUpEnable=false, screenBrightness=74, screenAutoBrightnessAdjustment=0.0, useAutoBrightness=false, useEcoBrightness=false, blockScreenOn=false, waitForNegativeProximity=false
I/PowerManagerService(  719): setBrightness mButtonLight, screenBrightness=74
D/PowerManagerService(  719): updateScreenStateLocked: mDisplayReady=true, newScreenState=2, mWakefulness=1, mWakeLockSummary=0x1, mUserActivitySummary=0x5, mBootCompleted=true
D/PowerManagerService(  719): handleSandman: canDream=false, mWakefulness=Awake
V/PhoneWindow( 1001): DecorView setVisiblity: visibility = 8 ,Parent =ViewRoot{41d9b530 InputMethod,ident = 0}, this =com.android.internal.policy.impl.PhoneWindow$DecorView{41d53e58 G.E..... R.....ID 0,0-1024,546}
V/Provider/Settings(  838): get setting for user 0 by user 0 so skipping cache
V/Provider/Settings(  838):  from settings cache , name = default_input_method , value = com.android.inputmethod.latin/.LatinIME
D/KeyguardViewMediator(  838): isInputRestricted: showing=false, needReshow=false, provisioned=true
D/WindowManager(  719): interceptKeyTi keyCode=23 down=true repeatCount=0 keyguardOn=false mHomePressed=false canceled=false metaState:0
V/Provider/Settings(  719): get setting for user 0 by user 0 so skipping cache
V/Provider/Settings(  719):  from settings cache , name = selected_input_method_subtype , value = -1
V/Provider/Settings(  719): get setting for user 0 by user 0 so skipping cache
V/Provider/Settings(  719):  from settings cache , name = selected_input_method_subtype , value = -1
V/Provider/Settings(  719): get setting for user 0 by user 0 so skipping cache
V/Provider/Settings(  719):  from settings cache , name = enabled_input_methods , value = com.android.inputmethod.latin/.LatinIME
D/WindowManager(  719): interceptKeyTq keycode=23 screenIsOn=true keyguardActive=false policyFlags = #b000000 down =false canceled = false isWakeKey=false mVolumeDownKeyTriggered =false mVolumeUpKeyTriggered =false
D/KeyguardViewMediator(  838): isInputRestricted: showing=false, needReshow=false, provisioned=true
D/OpenGLRenderer( 1001): Flushing caches (mode 0)
D/WindowManager(  719): interceptKeyTi keyCode=23 down=false repeatCount=0 keyguardOn=false mHomePressed=false canceled=false metaState:0
D/GraphicBuffer( 1001): close handle(0x771b43b8) (w:1024 h:546 f:1)
D/GraphicBuffer( 1001): close handle(0x75cb76f8) (w:1024 h:546 f:1)
D/GraphicBuffer( 1001): close handle(0x786a6188) (w:1024 h:546 f:1)
D/GraphicBuffer( 1001): close handle(0x71d7a550) (w:1024 h:546 f:1)
I/BufferQueue(  151): [InputMethod](this:0xb7c2c7c0,id:3708,api:1,p:-1,c:151) disconnect: api=1
I/BufferQueue(  151): [InputMethod](this:0xb7c2c7c0,id:3708,api:0,p:-1,c:151) getReleasedBuffers: returning mask 0xffffffff
I/GLConsumer(  151): [InputMethod](this:0xb7c0cec8,api:0) destroying EGLImage dpy=0x1 img=0x1000000d
I/GraphicBuffer(  151): free buffer (w:1024 h:546 f:1) handle(0xb7c31c38)
I/GLConsumer(  151): [InputMethod](this:0xb7c0cec8,api:0) destroying EGLImage dpy=0x1 img=0x1000000a
I/GraphicBuffer(  151): free buffer (w:1024 h:546 f:1) handle(0xb7c3fb98)
I/GLConsumer(  151): [InputMethod](this:0xb7c0cec8,api:0) destroying EGLImage dpy=0x1 img=0x10000010
I/GLConsumer(  151): [InputMethod](this:0xb7c0cec8,api:0) destroying EGLImage dpy=0x1 img=0x1000000f
I/GraphicBuffer(  151): free buffer (w:1024 h:546 f:1) handle(0xb7c0bba0)
D/AudioMTKStreamOut(  154): AudioMTKStreamOut::write (-)
D/AudioResamplerMTK(  154): AudioResamplerMtk::resample() can't get buffer
D/AudioResamplerMTK(  154): reset
D/AudioLoopbackController(  154): +IsAPBTLoopbackWithCodec(), mBtLoopbackWithCodec = 0
D/IPCThreadState(  151): [DN #5] BR_CLEAR_DEATH_NOTIFICATION_DONE cookie 0xb7c03298
D/SurfaceFlinger(  151): SurfaceFlingerWatchdog:ERROR: open /dev/RT_Monitor failed.
I/View    (24604): Key down dispatch to android.widget.EditText{42d05cb0 VFED..CL .F....I. 51,80-299,118 #7f0d00f5 app:id/wifi_input_pwd_edt}, event = KeyEvent { action=ACTION_DOWN, keyCode=KEYCODE_DPAD_CENTER, scanCode=0, metaState=0, flags=0x8, repeatCount=0, eventTime=20924153, downTime=20924153, deviceId=-1, source=0x101 }
D/AudioMTKStreamOut(  154): AudioMTKStreamOut::write (-)
D/AudioResamplerMTK(  154): AudioResamplerMtk::resample() can't get buffer
D/AudioResamplerMTK(  154): reset
D/AudioResamplerMTK(  154): AudioResamplerMtk::resample() can't get buffer
D/AudioResamplerMTK(  154): reset
D/AudioLoopbackController(  154): +IsAPBTLoopbackWithCodec(), mBtLoopbackWithCodec = 0
D/ListView(24604): measureHeightOfChildren adapter=com.sixtyplus.nidfit.treadmill.wifimgr.WifiListAdapter@41fe2be8, startPosition=0, endPosition=18, maxHeight=274, this=android.widget.ListView{455f7d70 VFED.VC. .F....I. 7,8-504,282 #7f0d008b app:id/wifi_list_lv}
D/AudioMTKStreamOut(  154): AudioMTKStreamOut::write (-)
D/AudioResamplerMTK(  154): AudioResamplerMtk::resample() can't get buffer
D/AudioResamplerMTK(  154): reset
D/AudioResamplerMTK(  154): AudioResamplerMtk::resample() can't get buffer
D/AudioResamplerMTK(  154): reset
D/AudioLoopbackController(  154): +IsAPBTLoopbackWithCodec(), mBtLoopbackWithCodec = 0
D/WindowManager(  719): interceptKeyTq keycode=82 screenIsOn=true keyguardActive=false policyFlags = #b000000 down =true canceled = false isWakeKey=false mVolumeDownKeyTriggered =false mVolumeUpKeyTriggered =false
D/KeyguardViewMediator(  838): isInputRestricted: showing=false, needReshow=false, provisioned=true
D/WindowManager(  719): interceptKeyTi keyCode=82 down=true repeatCount=0 keyguardOn=false mHomePressed=false canceled=false metaState:0
D/AudioMTKStreamOut(  154): AudioMTKStreamOut::write (-)
D/AudioResamplerMTK(  154): AudioResamplerMtk::resample() can't get buffer
D/AudioResamplerMTK(  154): reset
D/AudioResamplerMTK(  154): AudioResamplerMtk::resample() can't get buffer
D/AudioResamplerMTK(  154): reset
D/AudioLoopbackController(  154): +IsAPBTLoopbackWithCodec(), mBtLoopbackWithCodec = 0
D/ListView(24604): measureHeightOfChildren adapter=com.sixtyplus.nidfit.treadmill.wifimgr.WifiListAdapter@41fe2be8, startPosition=0, endPosition=18, maxHeight=274, this=android.widget.ListView{455f7d70 VFED.VC. .F....I. 7,8-504,282 #7f0d008b app:id/wifi_list_lv}
D/AudioMTKStreamOut(  154): AudioMTKStreamOut::write (-)
D/AudioResamplerMTK(  154): AudioResamplerMtk::resample() can't get buffer
D/AudioResamplerMTK(  154): reset
D/AudioResamplerMTK(  154): AudioResamplerMtk::resample() can't get buffer
D/AudioResamplerMTK(  154): reset
D/AudioLoopbackController(  154): +IsAPBTLoopbackWithCodec(), mBtLoopbackWithCodec = 0
D/AudioMTKStreamOut(  154): AudioMTKStreamOut::write (-)
D/AudioResamplerMTK(  154): AudioResamplerMtk::resample() can't get buffer
D/AudioResamplerMTK(  154): reset
D/AudioResamplerMTK(  154): AudioResamplerMtk::resample() can't get buffer
D/AudioResamplerMTK(  154): reset
D/AudioLoopbackController(  154): +IsAPBTLoopbackWithCodec(), mBtLoopbackWithCodec = 0
D/ListView(24604): mSelectorRect.setEmpty in layoutChildren this=android.widget.ListView{455f7d70 VFED.VC. .F....ID 7,8-504,282 #7f0d008b app:id/wifi_list_lv}
I/BufferQueue(  151): [com.sixtyplus.nidfit.treadmill.app/com.sixtyplus.nidfit.treadmill.wifimgr.WifiActivity](this:0xb7bfbcd0,id:3701,api:1,p:24604,c:151) [queue] fps:1.42, dur:4928.75, max:4589.14, min:13.68
V/Provider/Settings(  719): get setting for user 0 by user 0 so skipping cache
V/Provider/Settings(  719):  from settings cache , name = enabled_input_methods , value = com.android.inputmethod.latin/.LatinIME
I/BufferQueue(  151): [InputMethod](this:0xb7c2c7c0,id:3708,api:0,p:-1,c:-1) consumerDisconnect
I/BufferQueue(  151): [InputMethod](this:0xb7c2c7c0,id:3708,api:0,p:-1,c:-1) ~BufferQueue
I/GraphicBuffer(  151): free buffer (w:1024 h:546 f:1) handle(0xb7bfde28)
D/AudioMTKStreamOut(  154): AudioMTKStreamOut::write (-)
D/AudioResamplerMTK(  154): AudioResamplerMtk::resample() can't get buffer
D/AudioResamplerMTK(  154): reset
D/AudioResamplerMTK(  154): AudioResamplerMtk::resample() can't get buffer
D/AudioResamplerMTK(  154): reset
D/AudioLoopbackController(  154): +IsAPBTLoopbackWithCodec(), mBtLoopbackWithCodec = 0
I/BufferQueue(  151): [com.sixtyplus.nidfit.treadmill.app/com.sixtyplus.nidfit.treadmill.wifimgr.WifiActivity](this:0xb7bfbcd0,id:3701,api:1,p:24604,c:151) [release] fps:1.42, dur:4933.27, max:4593.33, min:16.97
V/Provider/Settings(  719): get setting for user 0 by user 0 so skipping cache
V/Provider/Settings(  719):  from settings cache , name = selected_input_method_subtype , value = -1
V/Provider/Settings(  719): get setting for user 0 by user 0 so skipping cache
V/Provider/Settings(  719):  from settings cache , name = selected_input_method_subtype , value = -1
V/Provider/Settings(  719): get setting for user 0 by user 0 so skipping cache
V/Provider/Settings(  719):  from settings cache , name = enabled_input_methods , value = com.android.inputmethod.latin/.LatinIME
V/Provider/Settings(  719): get setting for user 0 by user 0 so skipping cache
V/Provider/Settings(  719):  from settings cache , name = selected_input_method_subtype , value = -1
V/Provider/Settings(  719): get setting for user 0 by user 0 so skipping cache
V/Provider/Settings(  719):  from settings cache , name = selected_input_method_subtype , value = -1
V/Provider/Settings(  719): get setting for user 0 by user 0 so skipping cache
V/Provider/Settings(  719):  from settings cache , name = enabled_input_methods , value = com.android.inputmethod.latin/.LatinIME
V/Provider/Settings(  719): get setting for user 0 by user 0 so skipping cache
V/Provider/Settings(  719):  from settings cache , name = enabled_input_methods , value = com.android.inputmethod.latin/.LatinIME
V/Provider/Settings(  719): get setting for user 0 by user 0 so skipping cache
V/Provider/Settings(  719):  from settings cache , name = enabled_input_methods , value = com.android.inputmethod.latin/.LatinIME
V/Provider/Settings(  719): get setting for user 0 by user 0 so skipping cache
V/Provider/Settings(  719):  from settings cache , name = enabled_input_methods , value = com.android.inputmethod.latin/.LatinIME
V/Provider/Settings(  719): get setting for user 0 by user 0 so skipping cache
V/Provider/Settings(  719):  from settings cache , name = selected_input_method_subtype , value = -1
V/Provider/Settings(  719): get setting for user 0 by user 0 so skipping cache
V/Provider/Settings(  719):  from settings cache , name = selected_input_method_subtype , value = -1
V/Provider/Settings(  719): get setting for user 0 by user 0 so skipping cache
V/Provider/Settings(  719):  from settings cache , name = enabled_input_methods , value = com.android.inputmethod.latin/.LatinIME
D/WindowManager(  719): interceptKeyTq keycode=82 screenIsOn=true keyguardActive=false policyFlags = #b000000 down =false canceled = false isWakeKey=false mVolumeDownKeyTriggered =false mVolumeUpKeyTriggered =false
V/Provider/Settings(  719): get setting for user 0 by user 0 so skipping cache
V/Provider/Settings(  719):  from settings cache , name = selected_input_method_subtype , value = -1
V/Provider/Settings(  719): get setting for user 0 by user 0 so skipping cache
V/Provider/Settings(  719):  from settings cache , name = selected_input_method_subtype , value = -1
V/Provider/Settings(  719): get setting for user 0 by user 0 so skipping cache
V/Provider/Settings(  719):  from settings cache , name = enabled_input_methods , value = com.android.inputmethod.latin/.LatinIME
D/KeyguardViewMediator(  838): isInputRestricted: showing=false, needReshow=false, provisioned=true
D/WindowManager(  719): interceptKeyTi keyCode=82 down=false repeatCount=0 keyguardOn=false mHomePressed=false canceled=false metaState:0
W/hwcomposer(  151): [WKR] Timed out waiting for UIComposeThread_0...
V/Provider/Settings(  719): get setting for user 0 by user 0 so skipping cache
V/Provider/Settings(  719):  from settings cache , name = selected_input_method_subtype , value = -1
V/Provider/Settings(  719): get setting for user 0 by user 0 so skipping cache
V/Provider/Settings(  719):  from settings cache , name = selected_input_method_subtype , value = -1
V/Provider/Settings(  719): get setting for user 0 by user 0 so skipping cache
V/Provider/Settings(  719):  from settings cache , name = enabled_input_methods , value = com.android.inputmethod.latin/.LatinIME
D/AudioMTKStreamOut(  154): AudioMTKStreamOut::write (-)
D/AudioResamplerMTK(  154): AudioResamplerMtk::resample() can't get buffer
D/AudioResamplerMTK(  154): reset
D/AudioResamplerMTK(  154): AudioResamplerMtk::resample() can't get buffer
D/AudioResamplerMTK(  154): reset
D/AudioLoopbackController(  154): +IsAPBTLoopbackWithCodec(), mBtLoopbackWithCodec = 0
V/Provider/Settings(  719): get setting for user 0 by user 0 so skipping cache
V/Provider/Settings(  719):  from settings cache , name = selected_input_method_subtype , value = -1
V/Provider/Settings(  719): get setting for user 0 by user 0 so skipping cache
V/Provider/Settings(  719):  from settings cache , name = selected_input_method_subtype , value = -1
V/Provider/Settings(  719): get setting for user 0 by user 0 so skipping cache
V/Provider/Settings(  719):  from settings cache , name = enabled_input_methods , value = com.android.inputmethod.latin/.LatinIME
W/hwcomposer(  151): [WKR] Timed out waiting for UIComposeThread_0...
V/Provider/Settings(  719): get setting for user 0 by user 0 so skipping cache
V/Provider/Settings(  719):  from settings cache , name = selected_input_method_subtype , value = -1
V/Provider/Settings(  719): get setting for user 0 by user 0 so skipping cache
V/Provider/Settings(  719):  from settings cache , name = selected_input_method_subtype , value = -1
V/Provider/Settings(  719): get setting for user 0 by user 0 so skipping cache
V/Provider/Settings(  719):  from settings cache , name = enabled_input_methods , value = com.android.inputmethod.latin/.LatinIME
V/Provider/Settings(  719): get setting for user 0 by user 0 so skipping cache
V/Provider/Settings(  719):  from settings cache , name = enabled_input_methods , value = com.android.inputmethod.latin/.LatinIME
D/AudioMTKStreamOut(  154): AudioMTKStreamOut::write (-)
D/AudioResamplerMTK(  154): AudioResamplerMtk::resample() can't get buffer
D/AudioResamplerMTK(  154): reset
D/AudioResamplerMTK(  154): AudioResamplerMtk::resample() can't get buffer
D/AudioResamplerMTK(  154): reset
D/AudioLoopbackController(  154): +IsAPBTLoopbackWithCodec(), mBtLoopbackWithCodec = 0
W/hwcomposer(  151): [WKR] Timed out waiting for UIComposeThread_0...
W/hwcomposer(  151): [WKR] Timed out waiting for UIComposeThread_0...
D/AudioMTKStreamOut(  154): AudioMTKStreamOut::write (-)
D/AudioResamplerMTK(  154): AudioResamplerMtk::resample() can't get buffer
D/AudioResamplerMTK(  154): reset
D/AudioResamplerMTK(  154): AudioResamplerMtk::resample() can't get buffer
D/AudioResamplerMTK(  154): reset
D/AudioLoopbackController(  154): +IsAPBTLoopbackWithCodec(), mBtLoopbackWithCodec = 0
W/hwcomposer(  151): [WKR] Timed out waiting for UIComposeThread_0...
D/KeyguardViewMediator(  838): isInputRestricted: showing=false, needReshow=false, provisioned=true
D/AndroidRuntime(20486): 
D/AndroidRuntime(20486): >>>>>> AndroidRuntime START com.android.internal.os.RuntimeInit <<<<<<
V/PhoneWindow( 1001): DecorView setVisiblity: visibility = 0 ,Parent =ViewRoot{41d9b530 InputMethod,ident = 0}, this =com.android.internal.policy.impl.PhoneWindow$DecorView{41d53e58 V.E..... R.....ID 0,0-1024,546}
D/AndroidRuntime(20486): CheckJNI is OFF
D/AndroidRuntime(20486): language=-Duser.language=zh region=-Duser.region=CN
D/dalvikvm(20486): boot class : 
D/dalvikvm(20486):   (0) core.jar
D/dalvikvm(20486):   (1) conscrypt.jar
D/dalvikvm(20486):   (2) okhttp.jar
D/dalvikvm(20486):   (3) core-junit.jar
D/dalvikvm(20486):   (4) bouncycastle.jar
D/dalvikvm(20486):   (5) ext.jar
D/dalvikvm(20486):   (6) framework.jar
D/dalvikvm(20486):   (7) framework2.jar
D/dalvikvm(20486):   (8) telephony-common.jar
D/dalvikvm(20486):   (9) voip-common.jar
D/dalvikvm(20486):   (10) mms-common.jar
D/dalvikvm(20486):   (11) android.policy.jar
D/dalvikvm(20486):   (12) services.jar
D/dalvikvm(20486):   (13) apache-xml.jar
D/dalvikvm(20486):   (14) webviewchromium.jar
D/dalvikvm(20486):   (15) mediatek-common.jar
D/dalvikvm(20486):   (16) mediatek-framework.jar
D/dalvikvm(20486):   (17) CustomProperties.jar
D/dalvikvm(20486):   (18) mediatek-telephony-common.jar
D/dalvikvm(20486):   (19) mediatek-tablet.jar
D/dalvikvm(20486):   (20) am.jar
D/KeyguardViewMediator(  838): isInputRestricted: showing=false, needReshow=false, provisioned=true
W/hwcomposer(  151): [WKR] Timed out waiting for UIComposeThread_0...
D/dalvikvm(20486): threadid=1: interp stack at 0x41c38000
D/KeyguardViewMediator(  838): isInputRestricted: showing=false, needReshow=false, provisioned=true
D/AudioMTKStreamOut(  154): AudioMTKStreamOut::write (-)
V/Provider/Settings(  719): get setting for user 0 by user 0 so skipping cache
D/AudioResamplerMTK(  154): AudioResamplerMtk::resample() can't get buffer
D/AudioResamplerMTK(  154): reset
D/AudioResamplerMTK(  154): AudioResamplerMtk::resample() can't get buffer
D/AudioResamplerMTK(  154): reset
D/AudioLoopbackController(  154): +IsAPBTLoopbackWithCodec(), mBtLoopbackWithCodec = 0
V/Provider/Settings(  719):  from settings cache , name = enabled_input_methods , value = com.android.inputmethod.latin/.LatinIME
V/Provider/Settings(  719): get setting for user 0 by user 0 so skipping cache
V/Provider/Settings(  719):  from settings cache , name = enabled_input_methods , value = com.android.inputmethod.latin/.LatinIME
V/Provider/Settings(  719): get setting for user 0 by user 0 so skipping cache
V/Provider/Settings(  719):  from settings cache , name = enabled_input_methods , value = com.android.inputmethod.latin/.LatinIME
W/hwcomposer(  151): [WKR] Timed out waiting for UIComposeThread_0...
V/Provider/Settings(  719): get setting for user 0 by user 0 so skipping cache
V/Provider/Settings(  719):  from settings cache , name = enabled_input_methods , value = com.android.inputmethod.latin/.LatinIME
D/dalvikvm(20486): Trying to load lib libjavacore.so 0x0
V/Provider/Settings(  838): get setting for user 0 by user 0 so skipping cache
V/Provider/Settings(  838):  from settings cache , name = default_input_method , value = com.android.inputmethod.latin/.LatinIME
V/Provider/Settings(  719): get setting for user 0 by user 0 so skipping cache
V/Provider/Settings(  719):  from settings cache , name = selected_input_method_subtype , value = -1
V/Provider/Settings(  719): get setting for user 0 by user 0 so skipping cache
V/Provider/Settings(  719):  from settings cache , name = selected_input_method_subtype , value = -1
V/Provider/Settings(  719): get setting for user 0 by user 0 so skipping cache
V/Provider/Settings(  719):  from settings cache , name = enabled_input_methods , value = com.android.inputmethod.latin/.LatinIME
D/dalvikvm(20486): Added shared lib libjavacore.so 0x0
D/AudioMTKStreamOut(  154): AudioMTKStreamOut::write (-)
D/AudioResamplerMTK(  154): AudioResamplerMtk::resample() can't get buffer
D/AudioResamplerMTK(  154): reset
D/AudioResamplerMTK(  154): AudioResamplerMtk::resample() can't get buffer
D/AudioResamplerMTK(  154): reset
D/AudioLoopbackController(  154): +IsAPBTLoopbackWithCodec(), mBtLoopbackWithCodec = 0
V/Provider/Settings(  719): get setting for user 0 by user 0 so skipping cache
V/Provider/Settings(  719):  from settings cache , name = enabled_input_methods , value = com.android.inputmethod.latin/.LatinIME
D/dalvikvm(20486): Trying to load lib libnativehelper.so 0x0
D/dalvikvm(20486): Added shared lib libnativehelper.so 0x0
D/dalvikvm(20486): No JNI_OnLoad found in libnativehelper.so 0x0, skipping init
D/dalvikvm(20486): +++ finishing prep on main VM thread
V/Provider/Settings(  719): get setting for user 0 by user 0 so skipping cache
V/Provider/Settings(  719):  from settings cache , name = enabled_input_methods , value = com.android.inputmethod.latin/.LatinIME
I/View    (24604): Key down dispatch to android.widget.EditText{42d05cb0 VFED..CL .F...... 51,80-299,118 #7f0d00f5 app:id/wifi_input_pwd_edt}, event = KeyEvent { action=ACTION_DOWN, keyCode=KEYCODE_MENU, scanCode=0, metaState=0, flags=0x8, repeatCount=0, eventTime=20924281, downTime=20924281, deviceId=-1, source=0x101 }
V/Provider/Settings(  838): get setting for user 0 by user 0 so skipping cache
V/Provider/Settings(  838):  from settings cache , name = default_input_method , value = com.android.inputmethod.latin/.LatinIME
V/Provider/Settings(  719): get setting for user 0 by user 0 so skipping cache
V/Provider/Settings(  719):  from settings cache , name = selected_input_method_subtype , value = -1
V/Provider/Settings(  719): get setting for user 0 by user 0 so skipping cache
V/Provider/Settings(  719):  from settings cache , name = selected_input_method_subtype , value = -1
V/Provider/Settings(  719): get setting for user 0 by user 0 so skipping cache
V/Provider/Settings(  719):  from settings cache , name = enabled_input_methods , value = com.android.inputmethod.latin/.LatinIME
D/dalvikvm(20486): create interp thread : stack size=128KB
D/dalvikvm(20486): create new thread
D/AudioMTKStreamOut(  154): AudioMTKStreamOut::write (-)
D/dalvikvm(20486): new thread created
D/dalvikvm(20486): update thread list
D/AudioResamplerMTK(  154): AudioResamplerMtk::resample() can't get buffer
D/AudioResamplerMTK(  154): reset
D/AudioResamplerMTK(  154): AudioResamplerMtk::resample() can't get buffer
D/AudioResamplerMTK(  154): reset
D/dalvikvm(20486): threadid=2: interp stack at 0x7180d000
D/AudioLoopbackController(  154): +IsAPBTLoopbackWithCodec(), mBtLoopbackWithCodec = 0
D/dalvikvm(20486): threadid=2: created from interp
D/wpa_supplicant(  971): Scan SSID - hexdump(len=5): 31 31 33 31 35
D/wpa_supplicant(  971): p2p0: Starting AP scan for specific SSID: 11315
D/wpa_supplicant(  971): WPS: Building WPS IE for Probe Request
D/wpa_supplicant(  971): WPS:  * Version (hardcoded 0x10)
D/wpa_supplicant(  971): WPS:  * Request Type
D/wpa_supplicant(  971): WPS:  * Config Methods (4388)
D/wpa_supplicant(  971): WPS:  * UUID-E
D/wpa_supplicant(  971): WPS:  * Primary Device Type
D/wpa_supplicant(  971): WPS:  * RF Bands (1)
D/wpa_supplicant(  971): WPS:  * Association State
D/wpa_supplicant(  971): WPS:  * Configuration Error (0)
D/wpa_supplicant(  971): WPS:  * Device Password ID (0)
D/wpa_supplicant(  971): WPS:  * Manufacturer
D/wpa_supplicant(  971): WPS:  * Model Name
D/wpa_supplicant(  971): WPS:  * Model Number
D/wpa_supplicant(  971): WPS:  * Device Name
D/wpa_supplicant(  971): WPS:  * Version2 (0x20)
D/wpa_supplicant(  971): P2P: * P2P IE header
D/wpa_supplicant(  971): P2P: * Capability dev=25 group=00
D/wpa_supplicant(  971): P2P: * Listen Channel: Regulatory Class 81 Channel 1
D/wpa_supplicant(  971): p2p0: nl80211: scan request
D/wpa_supplicant(  971): nl80211: Scan SSID - hexdump(len=5): 31 31 33 31 35
D/wpa_supplicant(  971): nl80211: Scan extra IEs - hexdump(len=168): dd 93 00 50 f2 04 10 4a 00 01 10 10 3a 00 01 00 10 08 00 02 43 88 10 47 00 10 ff f5 ef c9 8b bb ...
D/wpa_supplicant(  971): Scan requested (ret=0) - scan timeout 30 seconds
D/wpa_supplicant(  971): nl80211: Event message available
D/wpa_supplicant(  971): nl80211: Drv Event 33 (NL80211_CMD_TRIGGER_SCAN) received for p2p0
D/wpa_supplicant(  971): p2p0: nl80211: Scan trigger
D/[BT3.0+HS]PAL(  172): == chip_reset_fd is set ==
D/[BT3.0+HS]PAL(  172): 
D/[BT3.0+HS]PAL(  172): invalid reply message
D/[BT3.0+HS]PAL(  172): 
D/dalvikvm(20486): threadid=2: adding to list
D/dalvikvm(20486): start new thread
D/dalvikvm(20486): create interp thread : stack size=128KB
D/dalvikvm(20486): create new thread
D/dalvikvm(20486): new thread created
D/dalvikvm(20486): update thread list
D/dalvikvm(20486): threadid=3: interp stack at 0x7192e000
D/dalvikvm(20486): threadid=3: created from interp
D/dalvikvm(20486): threadid=3: adding to list
D/dalvikvm(20486): start new thread
D/dalvikvm(20486): create interp thread : stack size=128KB
D/dalvikvm(20486): create new thread
D/dalvikvm(20486): new thread created
D/dalvikvm(20486): update thread list
D/dalvikvm(20486): threadid=3: notify debugger
D/dalvikvm(20486): threadid=3 (FinalizerDaemon): calling run()
D/dalvikvm(20486): threadid=4: interp stack at 0x71a50000
D/dalvikvm(20486): threadid=4: created from interp
D/dalvikvm(20486): threadid=4: adding to list
D/dalvikvm(20486): start new thread
D/dalvikvm(20486): threadid=2: notify debugger
D/dalvikvm(20486): threadid=2 (ReferenceQueueDaemon): calling run()
D/dalvikvm(20486): threadid=4: notify debugger
D/dalvikvm(20486): threadid=4 (FinalizerWatchdogDaemon): calling run()
D/dalvikvm(20486): threadid=5: interp stack at 0x71c71000
D/dalvikvm(20486): threadid=5: adding to list (attached)
D/dalvikvm(20486): threadid=5: attached from native, name=GC
D/dalvikvm(20486): threadid=5: internal 'GC'
D/dalvikvm(20486): threadid=6: interp stack at 0x71d92000
D/dalvikvm(20486): threadid=6: adding to list (attached)
D/dalvikvm(20486): threadid=6: attached from native, name=Signal Catcher
D/dalvikvm(20486): threadid=6: internal 'Signal Catcher'
D/dalvikvm(20486): Elevating priority from 0 to -8
D/jdwp    (20486): prepping for JDWP over ADB
D/dalvikvm(20486): threadid=7: interp stack at 0x71eb6000
D/dalvikvm(20486): threadid=7: adding to list (attached)
D/dalvikvm(20486): threadid=7: attached from native, name=JDWP
D/dalvikvm(20486): threadid=7: internal 'JDWP'
D/jdwp    (20486): JDWP: thread running
D/jdwp    (20486): trying to receive file descriptor from ADB
D/ADB_SERVICES(  184): Adding socket 33 pid 20486 to jdwp process list
D/dalvikvm(20486): threadid=8: interp stack at 0x71fd6000
D/dalvikvm(20486): threadid=8: adding to list (attached)
D/dalvikvm(20486): threadid=8: attached from native, name=Compiler
D/dalvikvm(20486): threadid=8: internal 'Compiler'
D/dalvikvm(20486): threadid=8: SuspendAll starting
D/dalvikvm(20486): threadid=8:   threadid=1 status=8 sc=1 dc=0
D/dalvikvm(20486): threadid=8:   threadid=7 status=8 sc=1 dc=0
D/dalvikvm(20486): threadid=8:   threadid=6 status=8 sc=1 dc=0
D/dalvikvm(20486): threadid=8:   threadid=5 status=8 sc=1 dc=0
D/dalvikvm(20486): threadid=8:   threadid=4 status=4 sc=1 dc=0
D/dalvikvm(20486): threadid=8:   threadid=3 status=4 sc=1 dc=0
D/dalvikvm(20486): threadid=8:   threadid=2 status=4 sc=1 dc=0
D/dalvikvm(20486): threadid=8: SuspendAll complete : 1
D/dalvikvm(20486): threadid=8: ResumeAll starting
D/dalvikvm(20486): threadid=8: ResumeAll waking others
D/dalvikvm(20486): threadid=8: ResumeAll complete
I/BufferQueue(  151): [FrameBufferSurface_0](this:0xb7beb150,id:0,api:1,p:151,c:151) [release] fps:24.81, dur:1007.68, max:255.60, min:15.76
I/BufferQueue(  151): [FrameBufferSurface_0](this:0xb7beb150,id:0,api:1,p:151,c:151) [queue] fps:24.81, dur:1007.70, max:255.57, min:15.81
I/SurfaceFlinger(  151): [Built-in Screen (type:0)] fps:24.808678,dur:1007.71,max:255.53,min:15.87
I/BufferQueue(  151): [unnamed-151-3710](this:0xb7c01740,id:3710,api:0,p:-1,c:-1) BufferQueue
I/BufferQueue(  151): [unnamed-151-3710](this:0xb7c01740,id:3710,api:0,p:-1,c:151) consumerConnect consumer=(151:/system/bin/surfaceflinger) controlledByApp=false
I/BufferQueue(  151): [unnamed-151-3710](this:0xb7c01740,id:3710,api:0,p:-1,c:151) setConsumerName: unnamed-151-3710
I/GLConsumer(  151): [unnamed-151-3710](this:0xb7c2e9e8,api:0) GLConsumer
I/BufferQueue(  151): [InputMethod](this:0xb7c01740,id:3710,api:0,p:-1,c:151) setConsumerName: InputMethod
I/BufferQueue(  151): [InputMethod](this:0xb7c01740,id:3710,api:0,p:-1,c:151) setDefaultBufferSize: w=1024, h=546
D/WindowManager(  719): interceptKeyTq keycode=21 screenIsOn=true keyguardActive=false policyFlags = #b000000 down =true canceled = false isWakeKey=false mVolumeDownKeyTriggered =false mVolumeUpKeyTriggered =false
D/PowerManagerService(  719): userActivityFromNative
D/PowerManagerService(  719): userActivityNoUpdateLocked: eventTime=20924764, event=1, flags=0x0, uid=1000
D/PowerManagerNotifier(  719): onUserActivity: event=1, uid=1000
D/PowerManagerService(  719): updateUserActivitySummaryLocked: mWakefulness=Awake, mUserActivitySummary=0x5, nextTimeout=20932764 (in 7996 ms)
D/PowerManagerService(  719): newScreenState = 2
D/PowerManagerDisplayController(  719): requestPowerState: screenState=2, useProximitySensor=false, forceProximitySensorEnable=false, forceWakeUpEnable=false, screenBrightness=74, screenAutoBrightnessAdjustment=0.0, useAutoBrightness=false, useEcoBrightness=false, blockScreenOn=false, waitForNegativeProximity=false
I/PowerManagerService(  719): setBrightness mButtonLight, screenBrightness=74
D/PowerManagerService(  719): updateScreenStateLocked: mDisplayReady=true, newScreenState=2, mWakefulness=1, mWakeLockSummary=0x1, mUserActivitySummary=0x5, mBootCompleted=true
D/KeyguardViewMediator(  838): isInputRestricted: showing=false, needReshow=false, provisioned=true
D/WindowManager(  719): interceptKeyTi keyCode=21 down=true repeatCount=0 keyguardOn=false mHomePressed=false canceled=false metaState:0
D/PowerManagerService(  719): handleSandman: canDream=false, mWakefulness=Awake
I/BufferQueue(  151): [InputMethod](this:0xb7c01740,id:3710,api:0,p:1001,c:151) connect: api=1 producer=(1001:com.android.inputmethod.latin) producerControlledByApp=true
D/AudioMTKStreamOut(  154): AudioMTKStreamOut::write (-)
D/AudioResamplerMTK(  154): AudioResamplerMtk::resample() can't get buffer
D/AudioResamplerMTK(  154): reset
D/AudioResamplerMTK(  154): AudioResamplerMtk::resample() can't get buffer
D/AudioResamplerMTK(  154): reset
D/AudioLoopbackController(  154): +IsAPBTLoopbackWithCodec(), mBtLoopbackWithCodec = 0
I/BufferQueue(  151): [InputMethod](this:0xb7c01740,id:3710,api:1,p:1001,c:151) new GraphicBuffer needed
D/BufferQueue(  151):     [OLD] gb:NULL
I/GraphicBuffer(  151): allocate buffer (w:1024 h:546 f:1) handle(0xb7c31c38) err(0)
W/GraphicBufferExtra_hal(  151): gralloc extra device setBufInfo(...) is not supported
I/BufferQueue(  151):     [NEW] gb=0xb7c3cfa8, handle=0xb7c31c38, w=1024, h=546, s=1024, fmt=1
D/GraphicBuffer( 1001): create handle(0x71d7a550) (w:1024, h:546, f:1)
D/BufferQueue(  151): [InputMethod](this:0xb7c01740,id:3710,api:1,p:1001,c:151) cancelBuffer: slot=0
I/MaliEGL ( 1001): [Mali]window_type=1, is_framebuffer=0, errnum = 0
I/MaliEGL ( 1001): [Mali]surface->num_buffers=4, surface->num_frames=3, win_min_undequeued=1
I/MaliEGL ( 1001): [Mali]max_allowed_dequeued_buffers=3
I/BufferQueue(  151): [InputMethod](this:0xb7c01740,id:3710,api:1,p:1001,c:151) setBufferCount: count=4
I/GraphicBuffer(  151): free buffer (w:1024 h:546 f:1) handle(0xb7c31c38)
I/BufferQueue(  151): [InputMethod](this:0xb7c01740,id:3710,api:1,p:1001,c:151) getReleasedBuffers: returning mask 0xffffffff
D/GraphicBuffer( 1001): close handle(0x71d7a550) (w:1024 h:546 f:1)
I/BufferQueue(  151): [InputMethod](this:0xb7c01740,id:3710,api:1,p:1001,c:151) new GraphicBuffer needed
D/BufferQueue(  151):     [OLD] gb:NULL
I/GraphicBuffer(  151): allocate buffer (w:1024 h:546 f:1) handle(0xb7c31c38) err(0)
W/GraphicBufferExtra_hal(  151): gralloc extra device setBufInfo(...) is not supported
I/BufferQueue(  151):     [NEW] gb=0xb7c3c9e8, handle=0xb7c31c38, w=1024, h=546, s=1024, fmt=1
D/GraphicBuffer( 1001): create handle(0x71d7a550) (w:1024, h:546, f:1)
D/OpenGLRenderer( 1001): setViewport 1024x546 <0x75c95ed0>
D/dalvikvm(20486): Note: class Landroid/app/ActivityManagerNative; has 188 unimplemented (abstract) methods
I/View    (24604): Key down dispatch to android.widget.EditText{42d05cb0 VFED..CL .F...... 51,80-299,118 #7f0d00f5 app:id/wifi_input_pwd_edt}, event = KeyEvent { action=ACTION_DOWN, keyCode=KEYCODE_DPAD_LEFT, scanCode=0, metaState=0, flags=0x8, repeatCount=0, eventTime=20924764, downTime=20924764, deviceId=-1, source=0x101 }
D/WindowManager(  719): interceptKeyTq keycode=21 screenIsOn=true keyguardActive=false policyFlags = #b000000 down =false canceled = false isWakeKey=false mVolumeDownKeyTriggered =false mVolumeUpKeyTriggered =false
D/ListView(24604): measureHeightOfChildren adapter=com.sixtyplus.nidfit.treadmill.wifimgr.WifiListAdapter@41fe2be8, startPosition=0, endPosition=18, maxHeight=274, this=android.widget.ListView{455f7d70 VFED.VC. .F....I. 7,8-504,282 #7f0d008b app:id/wifi_list_lv}
D/AudioMTKStreamOut(  154): AudioMTKStreamOut::write (-)
D/AudioResamplerMTK(  154): AudioResamplerMtk::resample() can't get buffer
D/AudioResamplerMTK(  154): reset
D/AudioResamplerMTK(  154): AudioResamplerMtk::resample() can't get buffer
D/AudioResamplerMTK(  154): reset
D/AudioLoopbackController(  154): +IsAPBTLoopbackWithCodec(), mBtLoopbackWithCodec = 0
D/KeyguardViewMediator(  838): isInputRestricted: showing=false, needReshow=false, provisioned=true
D/dalvikvm(24604): threadid=2: SuspendAll starting
D/dalvikvm(24604): threadid=10: self-suspending
D/dalvikvm(24604): threadid=1: self-suspending
D/WindowManager(  719): interceptKeyTi keyCode=21 down=false repeatCount=0 keyguardOn=false mHomePressed=false canceled=false metaState:0
D/dalvikvm(24604): threadid=2:   threadid=1 status=9 sc=1 dc=0
D/dalvikvm(24604): threadid=2:   threadid=63 status=2 sc=1 dc=0
D/dalvikvm(24604): threadid=2:   threadid=60 status=2 sc=1 dc=0
D/dalvikvm(24604): threadid=2:   threadid=61 status=2 sc=1 dc=0
D/dalvikvm(24604): threadid=2:   threadid=59 status=2 sc=1 dc=0
D/dalvikvm(24604): threadid=2:   threadid=58 status=2 sc=1 dc=0
D/dalvikvm(24604): threadid=2:   threadid=51 status=2 sc=1 dc=0
D/dalvikvm(24604): threadid=2:   threadid=57 status=2 sc=1 dc=0
D/dalvikvm(24604): threadid=2:   threadid=55 status=2 sc=1 dc=0
D/dalvikvm(24604): threadid=2:   threadid=53 status=2 sc=1 dc=0
D/dalvikvm(24604): threadid=2:   threadid=45 status=2 sc=1 dc=0
D/dalvikvm(24604): threadid=2:   threadid=50 status=2 sc=1 dc=0
D/dalvikvm(24604): threadid=2:   threadid=46 status=4 sc=1 dc=0
D/dalvikvm(24604): threadid=2:   threadid=39 status=4 sc=1 dc=0
D/dalvikvm(24604): threadid=2:   threadid=56 status=2 sc=1 dc=0
D/dalvikvm(24604): threadid=2:   threadid=23 status=4 sc=1 dc=0
D/dalvikvm(24604): threadid=2:   threadid=54 status=7 sc=1 dc=0
D/dalvikvm(24604): threadid=2:   threadid=52 status=4 sc=1 dc=0
D/dalvikvm(24604): threadid=2:   threadid=48 status=4 sc=1 dc=0
D/dalvikvm(24604): threadid=2:   threadid=44 status=4 sc=1 dc=0
D/dalvikvm(24604): threadid=2:   threadid=36 status=4 sc=1 dc=0
D/dalvikvm(24604): threadid=2:   threadid=38 status=4 sc=1 dc=0
D/dalvikvm(24604): threadid=2:   threadid=43 status=7 sc=1 dc=0
D/dalvikvm(24604): threadid=2:   threadid=37 status=4 sc=1 dc=0
D/dalvikvm(24604): threadid=2:   threadid=49 status=4 sc=1 dc=0
D/dalvikvm(24604): threadid=2:   threadid=85 status=7 sc=1 dc=0
D/dalvikvm(24604): threadid=2:   threadid=35 status=4 sc=1 dc=0
D/dalvikvm(24604): threadid=2:   threadid=25 status=7 sc=1 dc=0
D/dalvikvm(24604): threadid=2:   threadid=30 status=7 sc=1 dc=0
D/dalvikvm(24604): threadid=2:   threadid=33 status=7 sc=1 dc=0
D/dalvikvm(24604): threadid=2:   threadid=32 status=7 sc=1 dc=0
D/dalvikvm(24604): threadid=2:   threadid=28 status=4 sc=1 dc=0
D/dalvikvm(24604): threadid=2:   threadid=29 status=7 sc=1 dc=0
D/dalvikvm(24604): threadid=2:   threadid=27 status=7 sc=1 dc=0
D/dalvikvm(24604): threadid=2:   threadid=26 status=7 sc=1 dc=0
D/dalvikvm(24604): threadid=2:   threadid=22 status=7 sc=1 dc=0
D/dalvikvm(24604): threadid=2:   threadid=31 status=7 sc=1 dc=0
D/dalvikvm(24604): threadid=2:   threadid=42 status=2 sc=1 dc=0
D/dalvikvm(24604): threadid=2:   threadid=41 status=2 sc=1 dc=0
D/dalvikvm(24604): threadid=2:   threadid=40 status=4 sc=1 dc=0
D/dalvikvm(24604): threadid=2:   threadid=34 status=4 sc=1 dc=0
D/dalvikvm(24604): threadid=2:   threadid=24 status=2 sc=1 dc=0
D/dalvikvm(24604): threadid=2:   threadid=21 status=4 sc=1 dc=0
D/dalvikvm(24604): threadid=2:   threadid=20 status=4 sc=1 dc=0
D/dalvikvm(24604): threadid=2:   threadid=19 status=2 sc=1 dc=0
D/dalvikvm(24604): threadid=2:   threadid=18 status=4 sc=1 dc=0
D/dalvikvm(24604): threadid=2:   threadid=17 status=7 sc=1 dc=0
D/dalvikvm(24604): threadid=2:   threadid=16 status=7 sc=1 dc=0
D/dalvikvm(24604): threadid=2:   threadid=15 status=7 sc=1 dc=0
D/dalvikvm(24604): threadid=2:   threadid=14 status=7 sc=1 dc=0
D/dalvikvm(24604): threadid=2:   threadid=13 status=4 sc=1 dc=0
D/dalvikvm(24604): threadid=2:   threadid=11 status=2 sc=1 dc=0
D/dalvikvm(24604): threadid=2:   threadid=12 status=4 sc=1 dc=0
D/dalvikvm(24604): threadid=2:   threadid=10 status=9 sc=1 dc=0
D/dalvikvm(24604): threadid=2:   threadid=9 status=7 sc=1 dc=0
D/dalvikvm(24604): threadid=2:   threadid=8 status=4 sc=1 dc=0
D/dalvikvm(24604): threadid=2:   threadid=7 status=4 sc=1 dc=0
D/dalvikvm(24604): threadid=2:   threadid=6 status=4 sc=1 dc=0
D/dalvikvm(24604): threadid=2:   threadid=5 status=8 sc=1 dc=0
D/dalvikvm(24604): threadid=2:   threadid=4 status=8 sc=1 dc=0
D/dalvikvm(24604): threadid=2:   threadid=3 status=8 sc=1 dc=0
D/dalvikvm(24604): threadid=2: SuspendAll complete : 1
D/dalvikvm(24604): threadid=2: ResumeAll starting
D/dalvikvm(24604): threadid=2: ResumeAll waking others
D/dalvikvm(24604): threadid=2: ResumeAll complete
D/dalvikvm(24604): threadid=10: self-reviving, status=1
D/dalvikvm(24604): threadid=1: self-reviving, status=1
D/AudioMTKStreamOut(  154): AudioMTKStreamOut::write (-)
D/AudioResamplerMTK(  154): AudioResamplerMtk::resample() can't get buffer
D/AudioResamplerMTK(  154): reset
D/AudioResamplerMTK(  154): AudioResamplerMtk::resample() can't get buffer
D/AudioResamplerMTK(  154): reset
D/AudioLoopbackController(  154): +IsAPBTLoopbackWithCodec(), mBtLoopbackWithCodec = 0
D/WindowManager(  719): interceptKeyTq keycode=19 screenIsOn=true keyguardActive=false policyFlags = #b000000 down =true canceled = false isWakeKey=false mVolumeDownKeyTriggered =false mVolumeUpKeyTriggered =false
D/KeyguardViewMediator(  838): isInputRestricted: showing=false, needReshow=false, provisioned=true
D/WindowManager(  719): interceptKeyTi keyCode=19 down=true repeatCount=0 keyguardOn=false mHomePressed=false canceled=false metaState:0
D/ListView(24604): measureHeightOfChildren adapter=com.sixtyplus.nidfit.treadmill.wifimgr.WifiListAdapter@41fe2be8, startPosition=0, endPosition=18, maxHeight=274, this=android.widget.ListView{455f7d70 VFED.VC. .F....I. 7,8-504,282 #7f0d008b app:id/wifi_list_lv}
D/AudioMTKStreamOut(  154): AudioMTKStreamOut::write (-)
D/AudioResamplerMTK(  154): AudioResamplerMtk::resample() can't get buffer
D/AudioResamplerMTK(  154): reset
D/AudioResamplerMTK(  154): AudioResamplerMtk::resample() can't get buffer
D/AudioResamplerMTK(  154): reset
D/AudioLoopbackController(  154): +IsAPBTLoopbackWithCodec(), mBtLoopbackWithCodec = 0
W/ADB_SERVICES(  184): create_local_service_socket() name=shell:cat /proc/24604/stat
W/ADB_SERVICES(  184): service_to_fd() name=shell:cat /proc/24604/stat
W/ADB_SERVICES(  184): read_meminfo() mem_free=29404
W/ADB_SERVICES(  184): create_subprocess() ret_fd=37 pid=20501
W/ADB_SERVICES(  184): LS(21107): bound to 'shell:cat /proc/24604/stat' via 37
W/InputReader(  719): inCount:16, pointer count:1
D/InputReader(  719): AP_PROF:AppLaunch_dispatchPtr:Down:20924951, ID:0, Index:1988718920
I/AP_PROF (  719): unable to open /proc/mtprof/status entry
W/ADB_SERVICES(20501): adb: unable to open /proc/20501/oom_adj
D/dalvikvm(24604): threadid=2: SuspendAll starting
D/dalvikvm(24604): threadid=2:   threadid=1 status=8 sc=1 dc=0
D/dalvikvm(24604): threadid=2:   threadid=63 status=2 sc=1 dc=0
D/dalvikvm(24604): threadid=2:   threadid=60 status=2 sc=1 dc=0
D/dalvikvm(24604): threadid=2:   threadid=61 status=2 sc=1 dc=0
D/dalvikvm(24604): threadid=2:   threadid=59 status=2 sc=1 dc=0
D/dalvikvm(24604): threadid=2:   threadid=58 status=2 sc=1 dc=0
D/dalvikvm(24604): threadid=2:   threadid=51 status=2 sc=1 dc=0
D/dalvikvm(24604): threadid=2:   threadid=57 status=2 sc=1 dc=0
D/dalvikvm(24604): threadid=2:   threadid=55 status=2 sc=1 dc=0
D/dalvikvm(24604): threadid=2:   threadid=53 status=2 sc=1 dc=0
D/dalvikvm(24604): threadid=2:   threadid=45 status=2 sc=1 dc=0
D/dalvikvm(24604): threadid=2:   threadid=50 status=2 sc=1 dc=0
D/dalvikvm(24604): threadid=2:   threadid=46 status=4 sc=1 dc=0
D/dalvikvm(24604): threadid=2:   threadid=39 status=4 sc=1 dc=0
D/dalvikvm(24604): threadid=2:   threadid=56 status=2 sc=1 dc=0
D/dalvikvm(24604): threadid=2:   threadid=23 status=4 sc=1 dc=0
D/dalvikvm(24604): threadid=2:   threadid=54 status=7 sc=1 dc=0
D/dalvikvm(24604): threadid=2:   threadid=52 status=4 sc=1 dc=0
D/dalvikvm(24604): threadid=2:   threadid=48 status=4 sc=1 dc=0
D/dalvikvm(24604): threadid=2:   threadid=44 status=4 sc=1 dc=0
D/dalvikvm(24604): threadid=2:   threadid=36 status=4 sc=1 dc=0
D/dalvikvm(24604): threadid=2:   threadid=38 status=4 sc=1 dc=0
D/dalvikvm(24604): threadid=2:   threadid=43 status=7 sc=1 dc=0
D/dalvikvm(24604): threadid=2:   threadid=37 status=4 sc=1 dc=0
D/dalvikvm(24604): threadid=2:   threadid=49 status=4 sc=1 dc=0
D/dalvikvm(24604): threadid=2:   threadid=85 status=7 sc=1 dc=0
D/dalvikvm(24604): threadid=2:   threadid=35 status=4 sc=1 dc=0
D/dalvikvm(24604): threadid=2:   threadid=25 status=7 sc=1 dc=0
