I/ActivityManager( 1909): START u0 {act=android.intent.action.MAIN cat=[android.intent.category.LAUNCHER] flg=0x10000000 sel={act=android.intent.action.MAIN cat=[android.intent.category.APP_MUSIC]}} from pid 1909
E/ActivityManager( 1909): START {act=android.intent.action.MAIN cat=[android.intent.category.LAUNCHER] flg=0x10000000 sel={act=android.intent.action.MAIN cat=[android.intent.category.APP_MUSIC]} u=0} from pid 1909
I/ActivityManager( 1909): START u0 {act=android.intent.action.MAIN cat=[android.intent.category.LAUNCHER] flg=0x10200000 cmp=com.sixty.nidoneClient/.view.activity.SDK_WebApp} from pid 14774
E/ActivityManager( 1909): START {act=android.intent.action.MAIN cat=[android.intent.category.LAUNCHER] flg=0x10200000 cmp=com.sixty.nidoneClient/.view.activity.SDK_WebApp u=0} from pid 14774
D/ActivityManager( 1909): ACT-moveHomeTask toFront : false homeInFront = false
D/ActivityManager( 1909): launchFlags = 10200000, launchMode = 2, realActivity = ComponentInfo{com.sixty.nidoneClient/com.sixty.nidoneClient.view.activity.SDK_WebApp}, task.realActivity = ComponentInfo{com.sixty.nidoneClient/com.sixty.nidoneClient.view.activity.SDK_WebApp}
I/ActivityManager( 1909): topActivity.packageName = com.sixty.nidoneClient
D/ActivityThread( 9136): ACT-NEW_INTENT handled : 0 / NewIntentData{intents=[Intent { act=android.intent.action.MAIN cat=[android.intent.category.LAUNCHER] flg=0x10200000 cmp=com.sixty.nidoneClient/.view.activity.SDK_WebApp }] token=android.os.BinderProxy@42b191e0}
I/ActivityManager( 1909): START u0 {act=android.intent.action.MAIN cat=[android.intent.category.LAUNCHER] flg=0x10200000 cmp=com.sixty.nidoneClient/.view.activity.SDK_WebApp} from pid 14774
E/ActivityManager( 1909): START {act=android.intent.action.MAIN cat=[android.intent.category.LAUNCHER] flg=0x10200000 cmp=com.sixty.nidoneClient/.view.activity.SDK_WebApp u=0} from pid 14774
D/ActivityManager( 1909): ACT-moveHomeTask toFront : false homeInFront = false
D/ActivityManager( 1909): launchFlags = 10200000, launchMode = 2, realActivity = ComponentInfo{com.sixty.nidoneClient/com.sixty.nidoneClient.view.activity.SDK_WebApp}, task.realActivity = ComponentInfo{com.sixty.nidoneClient/com.sixty.nidoneClient.view.activity.SDK_WebApp}
I/ActivityManager( 1909): topActivity.packageName = com.sixty.nidoneClient
D/ActivityThread( 9136): ACT-NEW_INTENT handled : 0 / NewIntentData{intents=[Intent { act=android.intent.action.MAIN cat=[android.intent.category.LAUNCHER] flg=0x10200000 cmp=com.sixty.nidoneClient/.view.activity.SDK_WebApp }] token=android.os.BinderProxy@42b191e0}
I/NotificationService( 1909): enqueueToast pkg=com.sixty.nidoneClient callback=android.app.ITransientNotification$Stub$Proxy@439a4488 duration=0
D/NotificationService( 1909): Show pkg=com.sixty.nidoneClient callback=android.app.ITransientNotification$Stub$Proxy@439a4488
I/ActivityManager( 1909): START u0 {act=android.intent.action.MAIN cat=[android.intent.category.LAUNCHER] flg=0x10200000 cmp=com.sixty.nidoneClient/.view.activity.SDK_WebApp} from pid 14774
E/ActivityManager( 1909): START {act=android.intent.action.MAIN cat=[android.intent.category.LAUNCHER] flg=0x10200000 cmp=com.sixty.nidoneClient/.view.activity.SDK_WebApp u=0} from pid 14774
D/ActivityManager( 1909): ACT-moveHomeTask toFront : false homeInFront = false
D/ActivityManager( 1909): launchFlags = 10200000, launchMode = 2, realActivity = ComponentInfo{com.sixty.nidoneClient/com.sixty.nidoneClient.view.activity.SDK_WebApp}, task.realActivity = ComponentInfo{com.sixty.nidoneClient/com.sixty.nidoneClient.view.activity.SDK_WebApp}
I/ActivityManager( 1909): topActivity.packageName = com.sixty.nidoneClient
D/ActivityThread( 9136): ACT-NEW_INTENT handled : 0 / NewIntentData{intents=[Intent { act=android.intent.action.MAIN cat=[android.intent.category.LAUNCHER] flg=0x10200000 cmp=com.sixty.nidoneClient/.view.activity.SDK_WebApp }] token=android.os.BinderProxy@42b191e0}
I/ActivityManager( 1909): START u0 {act=android.intent.action.MAIN cat=[android.intent.category.LAUNCHER] flg=0x10200000 cmp=com.sixty.nidoneClient/.view.activity.SDK_WebApp} from pid 14774
E/ActivityManager( 1909): START {act=android.intent.action.MAIN cat=[android.intent.category.LAUNCHER] flg=0x10200000 cmp=com.sixty.nidoneClient/.view.activity.SDK_WebApp u=0} from pid 14774
D/ActivityManager( 1909): ACT-moveHomeTask toFront : false homeInFront = false
D/ActivityManager( 1909): launchFlags = 10200000, launchMode = 2, realActivity = ComponentInfo{com.sixty.nidoneClient/com.sixty.nidoneClient.view.activity.SDK_WebApp}, task.realActivity = ComponentInfo{com.sixty.nidoneClient/com.sixty.nidoneClient.view.activity.SDK_WebApp}
I/ActivityManager( 1909): topActivity.packageName = com.sixty.nidoneClient
D/ActivityThread( 9136): ACT-NEW_INTENT handled : 0 / NewIntentData{intents=[Intent { act=android.intent.action.MAIN cat=[android.intent.category.LAUNCHER] flg=0x10200000 cmp=com.sixty.nidoneClient/.view.activity.SDK_WebApp }] token=android.os.BinderProxy@42b191e0}
V/ActivityManager( 1909): Broadcast: Intent { act=android.intent.action.CLOSE_SYSTEM_DIALOGS flg=0x50000010 (has extras) } ordered=false userid=-1 callerApp=null
I/ActivityManager( 1909): START u0 {act=android.intent.action.MAIN cat=[android.intent.category.HOME] flg=0x10200000 cmp=com.oppo.launcher/.Launcher} from pid 1909
E/ActivityManager( 1909): START {act=android.intent.action.MAIN cat=[android.intent.category.HOME] flg=0x10200000 cmp=com.oppo.launcher/.Launcher u=0} from pid 1909
D/ConnectivityService( 1909): getActiveNetworkInfo:NetworkInfo: type: WIFI[], state: CONNECTED/CONNECTED, reason: (unspecified), extra: "60_dev_01", roaming: false, failover: false, isAvailable: true, isConnectedToProvisioningNetwork: false, simId: 0/10082
V/ActivityManager( 1909): Broadcast sticky: Intent { act=android.intent.action.ADDITIONAL_BATTERY_CHANGED flg=0x60000010 (has extras) } ordered=false userid=-1 callerApp=null
V/ActivityManager( 1909): Broadcast sticky: Intent { act=android.intent.action.BATTERY_CHANGED flg=0x60000010 (has extras) } ordered=false userid=-1 callerApp=null
V/ActivityManager( 1909): Broadcast sticky: Intent { act=android.intent.action.ADDITIONAL_BATTERY_CHANGED flg=0x60000010 (has extras) } ordered=false userid=-1 callerApp=null
V/ActivityManager( 1909): Broadcast sticky: Intent { act=android.intent.action.ADDITIONAL_BATTERY_CHANGED flg=0x60000010 (has extras) } ordered=false userid=-1 callerApp=null
D/WifiService( 1909): onReceive, action:android.intent.action.BATTERY_CHANGED
D/UsbDeviceManager( 1909): onReceive - BATTERY_CHANGED - mPlugType: 2, mSettingUsbCharging: false, mConnected: true, mSettingUsbBicr: false
D/WifiController( 1909): DeviceActiveState{ when=-1ms what=155652 arg1=2 target=com.android.internal.util.StateMachine$SmHandler target=Handler (com.android.internal.util.StateMachine$SmHandler) {43167268} }
D/WifiController( 1909): StaEnabledState{ when=-1ms what=155652 arg1=2 target=com.android.internal.util.StateMachine$SmHandler target=Handler (com.android.internal.util.StateMachine$SmHandler) {43167268} }
D/WifiController( 1909): DefaultState{ when=-1ms what=155652 arg1=2 target=com.android.internal.util.StateMachine$SmHandler target=Handler (com.android.internal.util.StateMachine$SmHandler) {43167268} }
D/WifiController( 1909): battery changed pluggedType: 2
W/InputManager( 1909): Input event injection from pid 14774 failed.
W/ContextImpl( 1909): Calling a method in the system process without a qualified user: android.app.ContextImpl.sendBroadcast:1345 com.android.internal.policy.impl.OppoPhoneWindowManager.interceptKeyBeforeQueueing:592 com.android.server.wm.InputMonitor.interceptKeyBeforeQueueing:625 com.android.server.input.InputManagerService.interceptKeyBeforeQueueing:1506 com.android.server.input.InputManagerService.nativeInjectInputEvent:-2 
V/ActivityManager( 1909): Broadcast: Intent { act=SILENCE_ACTION_FOR_OPPO_SPEECH flg=0x10 } ordered=false userid=0 callerApp=ProcessRecord{4272b1e0 1909:system/1000}
D/ActivityThread( 9285): BDC-Calling onReceive: intent=Intent { act=SILENCE_ACTION_FOR_OPPO_SPEECH flg=0x10 cmp=com.oppo.speechassist/.IncomingCallReceiver }, ordered=true, receiver=com.oppo.speechassist.IncomingCallReceiver@42895850
D/ActivityThread( 9285): BDC-RECEIVER handled : 0 / ReceiverData{intent=Intent { act=SILENCE_ACTION_FOR_OPPO_SPEECH flg=0x10 cmp=com.oppo.speechassist/.IncomingCallReceiver } packageName=com.oppo.speechassist resultCode=-1 resultData=null resultExtras=null}
V/ActivityManager( 1909): Broadcast sticky: Intent { act=android.media.RINGER_MODE_CHANGED flg=0x24000010 (has extras) } ordered=false userid=-1 callerApp=ProcessRecord{4272b1e0 1909:system/1000}
V/ActivityManager( 1909): Broadcast: Intent { act=android.media.VOLUME_CHANGED_ACTION flg=0x10 (has extras) } ordered=false userid=-1 callerApp=ProcessRecord{4272b1e0 1909:system/1000}
D/ActivityThread(11450): BDC-Calling onReceive: intent=Intent { act=android.media.RINGER_MODE_CHANGED flg=0x24000010 cmp=com.android.settings/com.oppo.settings.MediaStreamVolumeDealReciever (has extras) }, ordered=true, receiver=com.oppo.settings.MediaStreamVolumeDealReciever@42930788
I/ActivityManagerPlus( 1909): Receive: Intent { act=android.media.RINGER_MODE_CHANGED flg=0x24000010 (has extras) }
V/ActivityManager( 1909): Broadcast: Intent { act=android.media.VOLUME_CHANGED_ACTION flg=0x10 (has extras) } ordered=false userid=-1 callerApp=ProcessRecord{4272b1e0 1909:system/1000}
V/ActivityManager( 1909): Broadcast: Intent { act=android.media.VOLUME_CHANGED_ACTION flg=0x10 (has extras) } ordered=false userid=-1 callerApp=ProcessRecord{4272b1e0 1909:system/1000}
V/ActivityManager( 1909): Broadcast: Intent { act=android.media.VOLUME_CHANGED_ACTION flg=0x10 (has extras) } ordered=false userid=-1 callerApp=ProcessRecord{4272b1e0 1909:system/1000}
V/ActivityManager( 1909): Broadcast: Intent { act=android.media.VOLUME_CHANGED_ACTION flg=0x10 (has extras) } ordered=false userid=-1 callerApp=ProcessRecord{4272b1e0 1909:system/1000}
V/ActivityManager( 1909): Broadcast: Intent { act=android.media.VOLUME_CHANGED_ACTION flg=0x10 (has extras) } ordered=false userid=-1 callerApp=ProcessRecord{4272b1e0 1909:system/1000}
D/ActivityThread(11450): BDC-RECEIVER handled : 0 / ReceiverData{intent=Intent { act=android.media.RINGER_MODE_CHANGED flg=0x24000010 cmp=com.android.settings/com.oppo.settings.MediaStreamVolumeDealReciever (has extras) } packageName=com.android.settings resultCode=-1 resultData=null resultExtras=null}
V/ActivityManager( 1909): Broadcast: Intent { act=android.media.VOLUME_CHANGED_ACTION flg=0x10 (has extras) } ordered=false userid=-1 callerApp=ProcessRecord{4272b1e0 1909:system/1000}
D/ActivityThread(11450): BDC-Calling onReceive: intent=Intent { act=android.media.VOLUME_CHANGED_ACTION flg=0x10 cmp=com.android.settings/com.oppo.settings.MediaStreamVolumeDealReciever (has extras) }, ordered=true, receiver=com.oppo.settings.MediaStreamVolumeDealReciever@42af7b58
D/ActivityThread(11450): BDC-RECEIVER handled : 0 / ReceiverData{intent=Intent { act=android.media.VOLUME_CHANGED_ACTION flg=0x10 cmp=com.android.settings/com.oppo.settings.MediaStreamVolumeDealReciever (has extras) } packageName=com.android.settings resultCode=-1 resultData=null resultExtras=null}
V/ActivityManager( 1909): Broadcast: Intent { act=android.media.VOLUME_CHANGED_ACTION flg=0x10 (has extras) } ordered=false userid=-1 callerApp=ProcessRecord{4272b1e0 1909:system/1000}
D/ActivityThread(11450): BDC-Calling onReceive: intent=Intent { act=android.media.VOLUME_CHANGED_ACTION flg=0x10 cmp=com.android.settings/com.oppo.settings.MediaStreamVolumeDealReciever (has extras) }, ordered=true, receiver=com.oppo.settings.MediaStreamVolumeDealReciever@42b246a0
D/ActivityThread(11450): BDC-RECEIVER handled : 0 / ReceiverData{intent=Intent { act=android.media.VOLUME_CHANGED_ACTION flg=0x10 cmp=com.android.settings/com.oppo.settings.MediaStreamVolumeDealReciever (has extras) } packageName=com.android.settings resultCode=-1 resultData=null resultExtras=null}
D/ActivityThread(11450): BDC-Calling onReceive: intent=Intent { act=android.media.VOLUME_CHANGED_ACTION flg=0x10 cmp=com.android.settings/com.oppo.settings.MediaStreamVolumeDealReciever (has extras) }, ordered=true, receiver=com.oppo.settings.MediaStreamVolumeDealReciever@428d55c8
V/ActivityManager( 1909): Broadcast: Intent { act=android.media.VOLUME_CHANGED_ACTION flg=0x10 (has extras) } ordered=false userid=-1 callerApp=ProcessRecord{4272b1e0 1909:system/1000}
D/ActivityThread(11450): BDC-RECEIVER handled : 0 / ReceiverData{intent=Intent { act=android.media.VOLUME_CHANGED_ACTION flg=0x10 cmp=com.android.settings/com.oppo.settings.MediaStreamVolumeDealReciever (has extras) } packageName=com.android.settings resultCode=-1 resultData=null resultExtras=null}
D/ActivityThread(11450): BDC-Calling onReceive: intent=Intent { act=android.media.VOLUME_CHANGED_ACTION flg=0x10 cmp=com.android.settings/com.oppo.settings.MediaStreamVolumeDealReciever (has extras) }, ordered=true, receiver=com.oppo.settings.MediaStreamVolumeDealReciever@427d0668
D/ActivityThread(11450): BDC-RECEIVER handled : 0 / ReceiverData{intent=Intent { act=android.media.VOLUME_CHANGED_ACTION flg=0x10 cmp=com.android.settings/com.oppo.settings.MediaStreamVolumeDealReciever (has extras) } packageName=com.android.settings resultCode=-1 resultData=null resultExtras=null}
D/ActivityThread(11450): BDC-Calling onReceive: intent=Intent { act=android.media.VOLUME_CHANGED_ACTION flg=0x10 cmp=com.android.settings/com.oppo.settings.MediaStreamVolumeDealReciever (has extras) }, ordered=true, receiver=com.oppo.settings.MediaStreamVolumeDealReciever@428ca298
V/ActivityManager( 1909): Broadcast: Intent { act=android.media.VOLUME_CHANGED_ACTION flg=0x10 (has extras) } ordered=false userid=-1 callerApp=ProcessRecord{4272b1e0 1909:system/1000}
V/ActivityManager( 1909): Broadcast: Intent { act=android.media.VOLUME_CHANGED_ACTION flg=0x10 (has extras) } ordered=false userid=-1 callerApp=ProcessRecord{4272b1e0 1909:system/1000}
V/ActivityManager( 1909): Broadcast: Intent { act=android.media.VOLUME_CHANGED_ACTION flg=0x10 (has extras) } ordered=false userid=-1 callerApp=ProcessRecord{4272b1e0 1909:system/1000}
V/ActivityManager( 1909): Broadcast: Intent { act=android.media.VOLUME_CHANGED_ACTION flg=0x10 (has extras) } ordered=false userid=-1 callerApp=ProcessRecord{4272b1e0 1909:system/1000}
V/ActivityManager( 1909): Broadcast: Intent { act=android.media.VOLUME_CHANGED_ACTION flg=0x10 (has extras) } ordered=false userid=-1 callerApp=ProcessRecord{4272b1e0 1909:system/1000}
V/ActivityManager( 1909): Broadcast: Intent { act=android.media.VOLUME_CHANGED_ACTION flg=0x10 (has extras) } ordered=false userid=-1 callerApp=ProcessRecord{4272b1e0 1909:system/1000}
D/ActivityThread(11450): BDC-RECEIVER handled : 0 / ReceiverData{intent=Intent { act=android.media.VOLUME_CHANGED_ACTION flg=0x10 cmp=com.android.settings/com.oppo.settings.MediaStreamVolumeDealReciever (has extras) } packageName=com.android.settings resultCode=-1 resultData=null resultExtras=null}
D/ActivityThread(11450): BDC-Calling onReceive: intent=Intent { act=android.media.VOLUME_CHANGED_ACTION flg=0x10 cmp=com.android.settings/com.oppo.settings.MediaStreamVolumeDealReciever (has extras) }, ordered=true, receiver=com.oppo.settings.MediaStreamVolumeDealReciever@42a93118
D/ActivityThread(11450): BDC-RECEIVER handled : 0 / ReceiverData{intent=Intent { act=android.media.VOLUME_CHANGED_ACTION flg=0x10 cmp=com.android.settings/com.oppo.settings.MediaStreamVolumeDealReciever (has extras) } packageName=com.android.settings resultCode=-1 resultData=null resultExtras=null}
D/ActivityThread(11450): BDC-Calling onReceive: intent=Intent { act=android.media.VOLUME_CHANGED_ACTION flg=0x10 cmp=com.android.settings/com.oppo.settings.MediaStreamVolumeDealReciever (has extras) }, ordered=true, receiver=com.oppo.settings.MediaStreamVolumeDealReciever@42e397d8
D/ActivityThread(11450): BDC-RECEIVER handled : 0 / ReceiverData{intent=Intent { act=android.media.VOLUME_CHANGED_ACTION flg=0x10 cmp=com.android.settings/com.oppo.settings.MediaStreamVolumeDealReciever (has extras) } packageName=com.android.settings resultCode=-1 resultData=null resultExtras=null}
D/ActivityThread(11450): BDC-Calling onReceive: intent=Intent { act=android.media.VOLUME_CHANGED_ACTION flg=0x10 cmp=com.android.settings/com.oppo.settings.MediaStreamVolumeDealReciever (has extras) }, ordered=true, receiver=com.oppo.settings.MediaStreamVolumeDealReciever@4289db48
D/ActivityThread(11450): BDC-RECEIVER handled : 0 / ReceiverData{intent=Intent { act=android.media.VOLUME_CHANGED_ACTION flg=0x10 cmp=com.android.settings/com.oppo.settings.MediaStreamVolumeDealReciever (has extras) } packageName=com.android.settings resultCode=-1 resultData=null resultExtras=null}
D/ActivityThread(11450): BDC-Calling onReceive: intent=Intent { act=android.media.VOLUME_CHANGED_ACTION flg=0x10 cmp=com.android.settings/com.oppo.settings.MediaStreamVolumeDealReciever (has extras) }, ordered=true, receiver=com.oppo.settings.MediaStreamVolumeDealReciever@428b1550
D/ActivityThread(11450): BDC-RECEIVER handled : 0 / ReceiverData{intent=Intent { act=android.media.VOLUME_CHANGED_ACTION flg=0x10 cmp=com.android.settings/com.oppo.settings.MediaStreamVolumeDealReciever (has extras) } packageName=com.android.settings resultCode=-1 resultData=null resultExtras=null}
D/ActivityThread(11450): BDC-Calling onReceive: intent=Intent { act=android.media.VOLUME_CHANGED_ACTION flg=0x10 cmp=com.android.settings/com.oppo.settings.MediaStreamVolumeDealReciever (has extras) }, ordered=true, receiver=com.oppo.settings.MediaStreamVolumeDealReciever@42b1fe28
V/ActivityManager( 1909): Broadcast: Intent { act=android.media.VOLUME_CHANGED_ACTION flg=0x10 (has extras) } ordered=false userid=-1 callerApp=ProcessRecord{4272b1e0 1909:system/1000}
D/ActivityThread(11450): BDC-RECEIVER handled : 0 / ReceiverData{intent=Intent { act=android.media.VOLUME_CHANGED_ACTION flg=0x10 cmp=com.android.settings/com.oppo.settings.MediaStreamVolumeDealReciever (has extras) } packageName=com.android.settings resultCode=-1 resultData=null resultExtras=null}
D/ActivityThread(11450): BDC-Calling onReceive: intent=Intent { act=android.media.VOLUME_CHANGED_ACTION flg=0x10 cmp=com.android.settings/com.oppo.settings.MediaStreamVolumeDealReciever (has extras) }, ordered=true, receiver=com.oppo.settings.MediaStreamVolumeDealReciever@429f2a28
V/ActivityManager( 1909): Broadcast: Intent { act=android.media.VOLUME_CHANGED_ACTION flg=0x10 (has extras) } ordered=false userid=-1 callerApp=ProcessRecord{4272b1e0 1909:system/1000}
D/ActivityThread(11450): BDC-RECEIVER handled : 0 / ReceiverData{intent=Intent { act=android.media.VOLUME_CHANGED_ACTION flg=0x10 cmp=com.android.settings/com.oppo.settings.MediaStreamVolumeDealReciever (has extras) } packageName=com.android.settings resultCode=-1 resultData=null resultExtras=null}
D/ActivityThread(11450): BDC-Calling onReceive: intent=Intent { act=android.media.VOLUME_CHANGED_ACTION flg=0x10 cmp=com.android.settings/com.oppo.settings.MediaStreamVolumeDealReciever (has extras) }, ordered=true, receiver=com.oppo.settings.MediaStreamVolumeDealReciever@42ca8a78
D/ActivityThread(11450): BDC-RECEIVER handled : 0 / ReceiverData{intent=Intent { act=android.media.VOLUME_CHANGED_ACTION flg=0x10 cmp=com.android.settings/com.oppo.settings.MediaStreamVolumeDealReciever (has extras) } packageName=com.android.settings resultCode=-1 resultData=null resultExtras=null}
V/ActivityManager( 1909): Broadcast: Intent { act=android.media.VOLUME_CHANGED_ACTION flg=0x10 (has extras) } ordered=false userid=-1 callerApp=ProcessRecord{4272b1e0 1909:system/1000}
D/ActivityThread(11450): BDC-Calling onReceive: intent=Intent { act=android.media.VOLUME_CHANGED_ACTION flg=0x10 cmp=com.android.settings/com.oppo.settings.MediaStreamVolumeDealReciever (has extras) }, ordered=true, receiver=com.oppo.settings.MediaStreamVolumeDealReciever@42ada800
V/ActivityManager( 1909): Broadcast: Intent { act=android.media.VOLUME_CHANGED_ACTION flg=0x10 (has extras) } ordered=false userid=-1 callerApp=ProcessRecord{4272b1e0 1909:system/1000}
D/ActivityThread(11450): BDC-RECEIVER handled : 0 / ReceiverData{intent=Intent { act=android.media.VOLUME_CHANGED_ACTION flg=0x10 cmp=com.android.settings/com.oppo.settings.MediaStreamVolumeDealReciever (has extras) } packageName=com.android.settings resultCode=-1 resultData=null resultExtras=null}
D/ActivityThread(11450): BDC-Calling onReceive: intent=Intent { act=android.media.VOLUME_CHANGED_ACTION flg=0x10 cmp=com.android.settings/com.oppo.settings.MediaStreamVolumeDealReciever (has extras) }, ordered=true, receiver=com.oppo.settings.MediaStreamVolumeDealReciever@42890cd0
D/ActivityThread(11450): BDC-RECEIVER handled : 0 / ReceiverData{intent=Intent { act=android.media.VOLUME_CHANGED_ACTION flg=0x10 cmp=com.android.settings/com.oppo.settings.MediaStreamVolumeDealReciever (has extras) } packageName=com.android.settings resultCode=-1 resultData=null resultExtras=null}
V/ActivityManager( 1909): Broadcast: Intent { act=android.media.VOLUME_CHANGED_ACTION flg=0x10 (has extras) } ordered=false userid=-1 callerApp=ProcessRecord{4272b1e0 1909:system/1000}
V/ActivityManager( 1909): Broadcast: Intent { act=android.media.VOLUME_CHANGED_ACTION flg=0x10 (has extras) } ordered=false userid=-1 callerApp=ProcessRecord{4272b1e0 1909:system/1000}
D/ActivityThread(11450): BDC-Calling onReceive: intent=Intent { act=android.media.VOLUME_CHANGED_ACTION flg=0x10 cmp=com.android.settings/com.oppo.settings.MediaStreamVolumeDealReciever (has extras) }, ordered=true, receiver=com.oppo.settings.MediaStreamVolumeDealReciever@427cf088
D/ActivityThread(11450): BDC-RECEIVER handled : 0 / ReceiverData{intent=Intent { act=android.media.VOLUME_CHANGED_ACTION flg=0x10 cmp=com.android.settings/com.oppo.settings.MediaStreamVolumeDealReciever (has extras) } packageName=com.android.settings resultCode=-1 resultData=null resultExtras=null}
D/ActivityThread(11450): BDC-Calling onReceive: intent=Intent { act=android.media.VOLUME_CHANGED_ACTION flg=0x10 cmp=com.android.settings/com.oppo.settings.MediaStreamVolumeDealReciever (has extras) }, ordered=true, receiver=com.oppo.settings.MediaStreamVolumeDealReciever@42933e80
V/ActivityManager( 1909): Broadcast: Intent { act=android.media.VOLUME_CHANGED_ACTION flg=0x10 (has extras) } ordered=false userid=-1 callerApp=ProcessRecord{4272b1e0 1909:system/1000}
D/ActivityThread(11450): BDC-RECEIVER handled : 0 / ReceiverData{intent=Intent { act=android.media.VOLUME_CHANGED_ACTION flg=0x10 cmp=com.android.settings/com.oppo.settings.MediaStreamVolumeDealReciever (has extras) } packageName=com.android.settings resultCode=-1 resultData=null resultExtras=null}
D/ActivityThread(11450): BDC-Calling onReceive: intent=Intent { act=android.media.VOLUME_CHANGED_ACTION flg=0x10 cmp=com.android.settings/com.oppo.settings.MediaStreamVolumeDealReciever (has extras) }, ordered=true, receiver=com.oppo.settings.MediaStreamVolumeDealReciever@42c12e80
D/ActivityThread(11450): BDC-RECEIVER handled : 0 / ReceiverData{intent=Intent { act=android.media.VOLUME_CHANGED_ACTION flg=0x10 cmp=com.android.settings/com.oppo.settings.MediaStreamVolumeDealReciever (has extras) } packageName=com.android.settings resultCode=-1 resultData=null resultExtras=null}
V/ActivityManager( 1909): Broadcast: Intent { act=android.media.VOLUME_CHANGED_ACTION flg=0x10 (has extras) } ordered=false userid=-1 callerApp=ProcessRecord{4272b1e0 1909:system/1000}
V/ActivityManager( 1909): Broadcast: Intent { act=android.media.VOLUME_CHANGED_ACTION flg=0x10 (has extras) } ordered=false userid=-1 callerApp=ProcessRecord{4272b1e0 1909:system/1000}
D/ActivityThread(11450): BDC-Calling onReceive: intent=Intent { act=android.media.VOLUME_CHANGED_ACTION flg=0x10 cmp=com.android.settings/com.oppo.settings.MediaStreamVolumeDealReciever (has extras) }, ordered=true, receiver=com.oppo.settings.MediaStreamVolumeDealReciever@429cf578
D/ActivityThread(11450): BDC-RECEIVER handled : 0 / ReceiverData{intent=Intent { act=android.media.VOLUME_CHANGED_ACTION flg=0x10 cmp=com.android.settings/com.oppo.settings.MediaStreamVolumeDealReciever (has extras) } packageName=com.android.settings resultCode=-1 resultData=null resultExtras=null}
D/ActivityThread(11450): BDC-Calling onReceive: intent=Intent { act=android.media.VOLUME_CHANGED_ACTION flg=0x10 cmp=com.android.settings/com.oppo.settings.MediaStreamVolumeDealReciever (has extras) }, ordered=true, receiver=com.oppo.settings.MediaStreamVolumeDealReciever@428430d0
D/ActivityThread(11450): BDC-RECEIVER handled : 0 / ReceiverData{intent=Intent { act=android.media.VOLUME_CHANGED_ACTION flg=0x10 cmp=com.android.settings/com.oppo.settings.MediaStreamVolumeDealReciever (has extras) } packageName=com.android.settings resultCode=-1 resultData=null resultExtras=null}
V/ActivityManager( 1909): Broadcast: Intent { act=android.media.VOLUME_CHANGED_ACTION flg=0x10 (has extras) } ordered=false userid=-1 callerApp=ProcessRecord{4272b1e0 1909:system/1000}
D/ActivityThread(11450): BDC-Calling onReceive: intent=Intent { act=android.media.VOLUME_CHANGED_ACTION flg=0x10 cmp=com.android.settings/com.oppo.settings.MediaStreamVolumeDealReciever (has extras) }, ordered=true, receiver=com.oppo.settings.MediaStreamVolumeDealReciever@428c8438
D/ActivityThread(11450): BDC-RECEIVER handled : 0 / ReceiverData{intent=Intent { act=android.media.VOLUME_CHANGED_ACTION flg=0x10 cmp=com.android.settings/com.oppo.settings.MediaStreamVolumeDealReciever (has extras) } packageName=com.android.settings resultCode=-1 resultData=null resultExtras=null}
V/ActivityManager( 1909): Broadcast: Intent { act=android.media.VOLUME_CHANGED_ACTION flg=0x10 (has extras) } ordered=false userid=-1 callerApp=ProcessRecord{4272b1e0 1909:system/1000}
D/ActivityThread(11450): BDC-Calling onReceive: intent=Intent { act=android.media.VOLUME_CHANGED_ACTION flg=0x10 cmp=com.android.settings/com.oppo.settings.MediaStreamVolumeDealReciever (has extras) }, ordered=true, receiver=com.oppo.settings.MediaStreamVolumeDealReciever@42873900
D/ActivityThread(11450): BDC-RECEIVER handled : 0 / ReceiverData{intent=Intent { act=android.media.VOLUME_CHANGED_ACTION flg=0x10 cmp=com.android.settings/com.oppo.settings.MediaStreamVolumeDealReciever (has extras) } packageName=com.android.settings resultCode=-1 resultData=null resultExtras=null}
D/ActivityThread(11450): BDC-Calling onReceive: intent=Intent { act=android.media.VOLUME_CHANGED_ACTION flg=0x10 cmp=com.android.settings/com.oppo.settings.MediaStreamVolumeDealReciever (has extras) }, ordered=true, receiver=com.oppo.settings.MediaStreamVolumeDealReciever@42cf8318
D/ActivityThread(11450): BDC-RECEIVER handled : 0 / ReceiverData{intent=Intent { act=android.media.VOLUME_CHANGED_ACTION flg=0x10 cmp=com.android.settings/com.oppo.settings.MediaStreamVolumeDealReciever (has extras) } packageName=com.android.settings resultCode=-1 resultData=null resultExtras=null}
D/ActivityThread(11450): BDC-Calling onReceive: intent=Intent { act=android.media.VOLUME_CHANGED_ACTION flg=0x10 cmp=com.android.settings/com.oppo.settings.MediaStreamVolumeDealReciever (has extras) }, ordered=true, receiver=com.oppo.settings.MediaStreamVolumeDealReciever@42c126c0
D/ActivityThread(11450): BDC-RECEIVER handled : 0 / ReceiverData{intent=Intent { act=android.media.VOLUME_CHANGED_ACTION flg=0x10 cmp=com.android.settings/com.oppo.settings.MediaStreamVolumeDealReciever (has extras) } packageName=com.android.settings resultCode=-1 resultData=null resultExtras=null}
D/ActivityThread(11450): BDC-Calling onReceive: intent=Intent { act=android.media.VOLUME_CHANGED_ACTION flg=0x10 cmp=com.android.settings/com.oppo.settings.MediaStreamVolumeDealReciever (has extras) }, ordered=true, receiver=com.oppo.settings.MediaStreamVolumeDealReciever@426ceb88
D/ActivityThread(11450): BDC-RECEIVER handled : 0 / ReceiverData{intent=Intent { act=android.media.VOLUME_CHANGED_ACTION flg=0x10 cmp=com.android.settings/com.oppo.settings.MediaStreamVolumeDealReciever (has extras) } packageName=com.android.settings resultCode=-1 resultData=null resultExtras=null}
D/ActivityThread(11450): BDC-Calling onReceive: intent=Intent { act=android.media.VOLUME_CHANGED_ACTION flg=0x10 cmp=com.android.settings/com.oppo.settings.MediaStreamVolumeDealReciever (has extras) }, ordered=true, receiver=com.oppo.settings.MediaStreamVolumeDealReciever@426fe1e8
D/ActivityThread(11450): BDC-RECEIVER handled : 0 / ReceiverData{intent=Intent { act=android.media.VOLUME_CHANGED_ACTION flg=0x10 cmp=com.android.settings/com.oppo.settings.MediaStreamVolumeDealReciever (has extras) } packageName=com.android.settings resultCode=-1 resultData=null resultExtras=null}
D/ActivityThread(11450): BDC-Calling onReceive: intent=Intent { act=android.media.VOLUME_CHANGED_ACTION flg=0x10 cmp=com.android.settings/com.oppo.settings.MediaStreamVolumeDealReciever (has extras) }, ordered=true, receiver=com.oppo.settings.MediaStreamVolumeDealReciever@42762ac8
D/ActivityThread(11450): BDC-RECEIVER handled : 0 / ReceiverData{intent=Intent { act=android.media.VOLUME_CHANGED_ACTION flg=0x10 cmp=com.android.settings/com.oppo.settings.MediaStreamVolumeDealReciever (has extras) } packageName=com.android.settings resultCode=-1 resultData=null resultExtras=null}
V/ActivityManager( 1909): Broadcast: Intent { act=android.media.VOLUME_CHANGED_ACTION flg=0x10 (has extras) } ordered=false userid=-1 callerApp=ProcessRecord{4272b1e0 1909:system/1000}
V/ActivityManager( 1909): Broadcast: Intent { act=android.media.VOLUME_CHANGED_ACTION flg=0x10 (has extras) } ordered=false userid=-1 callerApp=ProcessRecord{4272b1e0 1909:system/1000}
D/ActivityThread(11450): BDC-Calling onReceive: intent=Intent { act=android.media.VOLUME_CHANGED_ACTION flg=0x10 cmp=com.android.settings/com.oppo.settings.MediaStreamVolumeDealReciever (has extras) }, ordered=true, receiver=com.oppo.settings.MediaStreamVolumeDealReciever@427741a8
D/ActivityThread(11450): BDC-RECEIVER handled : 0 / ReceiverData{intent=Intent { act=android.media.VOLUME_CHANGED_ACTION flg=0x10 cmp=com.android.settings/com.oppo.settings.MediaStreamVolumeDealReciever (has extras) } packageName=com.android.settings resultCode=-1 resultData=null resultExtras=null}
D/ActivityThread(11450): BDC-Calling onReceive: intent=Intent { act=android.media.VOLUME_CHANGED_ACTION flg=0x10 cmp=com.android.settings/com.oppo.settings.MediaStreamVolumeDealReciever (has extras) }, ordered=true, receiver=com.oppo.settings.MediaStreamVolumeDealReciever@42876610
D/ActivityThread(11450): BDC-RECEIVER handled : 0 / ReceiverData{intent=Intent { act=android.media.VOLUME_CHANGED_ACTION flg=0x10 cmp=com.android.settings/com.oppo.settings.MediaStreamVolumeDealReciever (has extras) } packageName=com.android.settings resultCode=-1 resultData=null resultExtras=null}
V/ActivityManager( 1909): Broadcast: Intent { act=android.media.VOLUME_CHANGED_ACTION flg=0x10 (has extras) } ordered=false userid=-1 callerApp=ProcessRecord{4272b1e0 1909:system/1000}
V/ActivityManager( 1909): Broadcast: Intent { act=android.media.VOLUME_CHANGED_ACTION flg=0x10 (has extras) } ordered=false userid=-1 callerApp=ProcessRecord{4272b1e0 1909:system/1000}
D/ActivityThread(11450): BDC-Calling onReceive: intent=Intent { act=android.media.VOLUME_CHANGED_ACTION flg=0x10 cmp=com.android.settings/com.oppo.settings.MediaStreamVolumeDealReciever (has extras) }, ordered=true, receiver=com.oppo.settings.MediaStreamVolumeDealReciever@42845490
D/ActivityThread(11450): BDC-RECEIVER handled : 0 / ReceiverData{intent=Intent { act=android.media.VOLUME_CHANGED_ACTION flg=0x10 cmp=com.android.settings/com.oppo.settings.MediaStreamVolumeDealReciever (has extras) } packageName=com.android.settings resultCode=-1 resultData=null resultExtras=null}
D/ActivityThread(11450): BDC-Calling onReceive: intent=Intent { act=android.media.VOLUME_CHANGED_ACTION flg=0x10 cmp=com.android.settings/com.oppo.settings.MediaStreamVolumeDealReciever (has extras) }, ordered=true, receiver=com.oppo.settings.MediaStreamVolumeDealReciever@42847768
D/ActivityThread(11450): BDC-RECEIVER handled : 0 / ReceiverData{intent=Intent { act=android.media.VOLUME_CHANGED_ACTION flg=0x10 cmp=com.android.settings/com.oppo.settings.MediaStreamVolumeDealReciever (has extras) } packageName=com.android.settings resultCode=-1 resultData=null resultExtras=null}
V/ActivityManager( 1909): Broadcast: Intent { act=android.media.VOLUME_CHANGED_ACTION flg=0x10 (has extras) } ordered=false userid=-1 callerApp=ProcessRecord{4272b1e0 1909:system/1000}
V/ActivityManager( 1909): Broadcast: Intent { act=android.media.VOLUME_CHANGED_ACTION flg=0x10 (has extras) } ordered=false userid=-1 callerApp=ProcessRecord{4272b1e0 1909:system/1000}
D/ActivityThread(11450): BDC-Calling onReceive: intent=Intent { act=android.media.VOLUME_CHANGED_ACTION flg=0x10 cmp=com.android.settings/com.oppo.settings.MediaStreamVolumeDealReciever (has extras) }, ordered=true, receiver=com.oppo.settings.MediaStreamVolumeDealReciever@428b7650
D/ActivityThread(11450): BDC-RECEIVER handled : 0 / ReceiverData{intent=Intent { act=android.media.VOLUME_CHANGED_ACTION flg=0x10 cmp=com.android.settings/com.oppo.settings.MediaStreamVolumeDealReciever (has extras) } packageName=com.android.settings resultCode=-1 resultData=null resultExtras=null}
D/ActivityThread(11450): BDC-Calling onReceive: intent=Intent { act=android.media.VOLUME_CHANGED_ACTION flg=0x10 cmp=com.android.settings/com.oppo.settings.MediaStreamVolumeDealReciever (has extras) }, ordered=true, receiver=com.oppo.settings.MediaStreamVolumeDealReciever@42cb8f08
D/ActivityThread(11450): BDC-RECEIVER handled : 0 / ReceiverData{intent=Intent { act=android.media.VOLUME_CHANGED_ACTION flg=0x10 cmp=com.android.settings/com.oppo.settings.MediaStreamVolumeDealReciever (has extras) } packageName=com.android.settings resultCode=-1 resultData=null resultExtras=null}
V/ActivityManager( 1909): Broadcast: Intent { act=android.media.VOLUME_CHANGED_ACTION flg=0x10 (has extras) } ordered=false userid=-1 callerApp=ProcessRecord{4272b1e0 1909:system/1000}
V/ActivityManager( 1909): Broadcast: Intent { act=android.media.VOLUME_CHANGED_ACTION flg=0x10 (has extras) } ordered=false userid=-1 callerApp=ProcessRecord{4272b1e0 1909:system/1000}
D/ActivityThread(11450): BDC-Calling onReceive: intent=Intent { act=android.media.VOLUME_CHANGED_ACTION flg=0x10 cmp=com.android.settings/com.oppo.settings.MediaStreamVolumeDealReciever (has extras) }, ordered=true, receiver=com.oppo.settings.MediaStreamVolumeDealReciever@42894f50
D/ActivityThread(11450): BDC-RECEIVER handled : 0 / ReceiverData{intent=Intent { act=android.media.VOLUME_CHANGED_ACTION flg=0x10 cmp=com.android.settings/com.oppo.settings.MediaStreamVolumeDealReciever (has extras) } packageName=com.android.settings resultCode=-1 resultData=null resultExtras=null}
D/ActivityThread(11450): BDC-Calling onReceive: intent=Intent { act=android.media.VOLUME_CHANGED_ACTION flg=0x10 cmp=com.android.settings/com.oppo.settings.MediaStreamVolumeDealReciever (has extras) }, ordered=true, receiver=com.oppo.settings.MediaStreamVolumeDealReciever@426c5670
D/ActivityThread(11450): BDC-RECEIVER handled : 0 / ReceiverData{intent=Intent { act=android.media.VOLUME_CHANGED_ACTION flg=0x10 cmp=com.android.settings/com.oppo.settings.MediaStreamVolumeDealReciever (has extras) } packageName=com.android.settings resultCode=-1 resultData=null resultExtras=null}
V/ActivityManager( 1909): Broadcast: Intent { act=android.media.VOLUME_CHANGED_ACTION flg=0x10 (has extras) } ordered=false userid=-1 callerApp=ProcessRecord{4272b1e0 1909:system/1000}
V/ActivityManager( 1909): Broadcast: Intent { act=android.media.VOLUME_CHANGED_ACTION flg=0x10 (has extras) } ordered=false userid=-1 callerApp=ProcessRecord{4272b1e0 1909:system/1000}
D/ActivityThread(11450): BDC-Calling onReceive: intent=Intent { act=android.media.VOLUME_CHANGED_ACTION flg=0x10 cmp=com.android.settings/com.oppo.settings.MediaStreamVolumeDealReciever (has extras) }, ordered=true, receiver=com.oppo.settings.MediaStreamVolumeDealReciever@42b518f0
D/ActivityThread(11450): BDC-RECEIVER handled : 0 / ReceiverData{intent=Intent { act=android.media.VOLUME_CHANGED_ACTION flg=0x10 cmp=com.android.settings/com.oppo.settings.MediaStreamVolumeDealReciever (has extras) } packageName=com.android.settings resultCode=-1 resultData=null resultExtras=null}
D/ActivityThread(11450): BDC-Calling onReceive: intent=Intent { act=android.media.VOLUME_CHANGED_ACTION flg=0x10 cmp=com.android.settings/com.oppo.settings.MediaStreamVolumeDealReciever (has extras) }, ordered=true, receiver=com.oppo.settings.MediaStreamVolumeDealReciever@42b53bc8
V/ActivityManager( 1909): Broadcast: Intent { act=android.media.VOLUME_CHANGED_ACTION flg=0x10 (has extras) } ordered=false userid=-1 callerApp=ProcessRecord{4272b1e0 1909:system/1000}
D/ActivityThread(11450): BDC-RECEIVER handled : 0 / ReceiverData{intent=Intent { act=android.media.VOLUME_CHANGED_ACTION flg=0x10 cmp=com.android.settings/com.oppo.settings.MediaStreamVolumeDealReciever (has extras) } packageName=com.android.settings resultCode=-1 resultData=null resultExtras=null}
D/ActivityThread(11450): BDC-Calling onReceive: intent=Intent { act=android.media.VOLUME_CHANGED_ACTION flg=0x10 cmp=com.android.settings/com.oppo.settings.MediaStreamVolumeDealReciever (has extras) }, ordered=true, receiver=com.oppo.settings.MediaStreamVolumeDealReciever@428412a0
D/ActivityThread(11450): BDC-RECEIVER handled : 0 / ReceiverData{intent=Intent { act=android.media.VOLUME_CHANGED_ACTION flg=0x10 cmp=com.android.settings/com.oppo.settings.MediaStreamVolumeDealReciever (has extras) } packageName=com.android.settings resultCode=-1 resultData=null resultExtras=null}
V/ActivityManager( 1909): Broadcast: Intent { act=android.media.VOLUME_CHANGED_ACTION flg=0x10 (has extras) } ordered=false userid=-1 callerApp=ProcessRecord{4272b1e0 1909:system/1000}
D/ActivityThread(11450): BDC-Calling onReceive: intent=Intent { act=android.media.VOLUME_CHANGED_ACTION flg=0x10 cmp=com.android.settings/com.oppo.settings.MediaStreamVolumeDealReciever (has extras) }, ordered=true, receiver=com.oppo.settings.MediaStreamVolumeDealReciever@42af9a78
D/ActivityThread(11450): BDC-RECEIVER handled : 0 / ReceiverData{intent=Intent { act=android.media.VOLUME_CHANGED_ACTION flg=0x10 cmp=com.android.settings/com.oppo.settings.MediaStreamVolumeDealReciever (has extras) } packageName=com.android.settings resultCode=-1 resultData=null resultExtras=null}
D/NotificationService( 1909): Timeout pkg=com.sixty.nidoneClient callback=android.app.ITransientNotification$Stub$Proxy@439a4488
V/ActivityManager( 1909): Broadcast: Intent { act=android.intent.action.CLOSE_SYSTEM_DIALOGS flg=0x50000010 } ordered=false userid=-1 callerApp=null
I/ActivityManager( 1909): START u0 {act=android.intent.action.CALL_BUTTON flg=0x10000000 cmp=com.android.dialer/.DialtactsActivity} from pid 9136
E/ActivityManager( 1909): START {act=android.intent.action.CALL_BUTTON flg=0x10000000 cmp=com.android.dialer/.DialtactsActivity u=0} from pid 9136
I/ActivityManager( 1909): START u0 {act=android.intent.action.MAIN cat=[android.intent.category.LAUNCHER] flg=0x10200000 cmp=com.sixty.nidoneClient/.view.activity.SDK_WebApp} from pid 14774
E/ActivityManager( 1909): START {act=android.intent.action.MAIN cat=[android.intent.category.LAUNCHER] flg=0x10200000 cmp=com.sixty.nidoneClient/.view.activity.SDK_WebApp u=0} from pid 14774
D/ActivityManager( 1909): ACT-moveHomeTask toFront : false homeInFront = false
D/ActivityManager( 1909): launchFlags = 10200000, launchMode = 2, realActivity = ComponentInfo{com.sixty.nidoneClient/com.sixty.nidoneClient.view.activity.SDK_WebApp}, task.realActivity = ComponentInfo{com.sixty.nidoneClient/com.sixty.nidoneClient.view.activity.SDK_WebApp}
I/ActivityManager( 1909): topActivity.packageName = com.sixty.nidoneClient
D/ActivityThread( 9136): ACT-NEW_INTENT handled : 0 / NewIntentData{intents=[Intent { act=android.intent.action.MAIN cat=[android.intent.category.LAUNCHER] flg=0x10200000 cmp=com.sixty.nidoneClient/.view.activity.SDK_WebApp }] token=android.os.BinderProxy@42b191e0}
I/ActivityManager( 1909): START u0 {act=android.intent.action.MAIN cat=[android.intent.category.LAUNCHER] flg=0x10000000 cmp=com.android.email/com.kingsoft.email.activity.Welcome sel={act=android.intent.action.MAIN cat=[android.intent.category.APP_EMAIL]}} from pid 1909
E/ActivityManager( 1909): START {act=android.intent.action.MAIN cat=[android.intent.category.LAUNCHER] flg=0x10000000 cmp=com.android.email/com.kingsoft.email.activity.Welcome sel={act=android.intent.action.MAIN cat=[android.intent.category.APP_EMAIL]} u=0} from pid 1909
I/ActivityManager( 1909): START u0 {act=android.intent.action.MAIN cat=[android.intent.category.LAUNCHER] flg=0x10200000 cmp=com.sixty.nidoneClient/.view.activity.SDK_WebApp} from pid 14774
E/ActivityManager( 1909): START {act=android.intent.action.MAIN cat=[android.intent.category.LAUNCHER] flg=0x10200000 cmp=com.sixty.nidoneClient/.view.activity.SDK_WebApp u=0} from pid 14774
D/ActivityManager( 1909): ACT-moveHomeTask toFront : false homeInFront = false
D/ActivityManager( 1909): launchFlags = 10200000, launchMode = 2, realActivity = ComponentInfo{com.sixty.nidoneClient/com.sixty.nidoneClient.view.activity.SDK_WebApp}, task.realActivity = ComponentInfo{com.sixty.nidoneClient/com.sixty.nidoneClient.view.activity.SDK_WebApp}
I/ActivityManager( 1909): topActivity.packageName = com.sixty.nidoneClient
D/ActivityThread( 9136): ACT-NEW_INTENT handled : 0 / NewIntentData{intents=[Intent { act=android.intent.action.MAIN cat=[android.intent.category.LAUNCHER] flg=0x10200000 cmp=com.sixty.nidoneClient/.view.activity.SDK_WebApp }] token=android.os.BinderProxy@42b191e0}
V/WindowManager( 1909): Changing focus from Window{42c44de8 u0 com.sixty.nidoneClient/com.sixty.nidoneClient.view.activity.SDK_WebApp} to Window{42c13b08 u0 Select input method} Callers=com.android.server.wm.WindowManagerService.addWindow:2968 com.android.server.wm.Session.addToDisplay:163 android.view.ViewRootImpl.setView:689 android.view.WindowManagerGlobal.addView:261 
I/WindowManager( 1909): Gaining focus: Window{42c13b08 u0 Select input method}
W/ViewRootImpl( 1909): Dropping event due to no window focus: KeyEvent { action=ACTION_DOWN, hashcode=android.view.KeyEvent@431df6a8, keyCode=KEYCODE_DPAD_CENTER, scanCode=0, metaState=0, flags=0x8, repeatCount=0, eventTime=1915193, downTime=1915193, deviceId=-1, source=0x101 }
V/WindowManager( 1909): Changing focus from Window{42c13b08 u0 Select input method EXITING} to Window{42c44de8 u0 com.sixty.nidoneClient/com.sixty.nidoneClient.view.activity.SDK_WebApp} Callers=com.android.server.wm.WindowManagerService.removeWindowLocked:3090 com.android.server.wm.WindowManagerService.removeWindowLocked:3017 com.android.server.wm.WindowManagerService.removeWindow:3012 com.android.server.wm.Session.remove:182 
I/WindowManager( 1909): Gaining focus: Window{42c44de8 u0 com.sixty.nidoneClient/com.sixty.nidoneClient.view.activity.SDK_WebApp}
I/WindowManager( 1909): Losing focus: Window{42c13b08 u0 Select input method EXITING}
W/ViewRootImpl( 1909): Dropping event due to root view being removed: MotionEvent { action=ACTION_MOVE, id[0]=0, x[0]=573.9341, y[0]=-187.31583, toolType[0]=TOOL_TYPE_UNKNOWN, buttonState=0, metaState=0, flags=0x0, edgeFlags=0x0, pointerCount=1, historySize=2, eventTime=1915232, downTime=1915229, deviceId=0, source=0x1002 }
V/InputMethodManagerService( 1909): windowGainedFocus: android.os.BinderProxy@42fe9ec8 controlFlags=#1 softInputMode=#10 windowFlags=#1810180
W/InputMethodManagerService( 1909): Window already focused, ignoring focus gain of: com.android.internal.view.IInputMethodClient$Stub$Proxy@439a55d0 attribute=null, token = android.os.BinderProxy@42aad470
W/ViewRootImpl( 1909): Dropping event due to root view being removed: MotionEvent { action=ACTION_UP, id[0]=0, x[0]=578.0508, y[0]=-187.32913, toolType[0]=TOOL_TYPE_UNKNOWN, buttonState=0, metaState=0, flags=0x0, edgeFlags=0x0, pointerCount=1, historySize=0, eventTime=1915233, downTime=1915229, deviceId=0, source=0x1002 }
I/AccessibilityManagerService( 1909): Add the newEvent to mHasSameEventTypeList
I/AccessibilityManagerService( 1909): Put event to mPendingEvents
I/ActivityManager( 1909): START u0 {act=android.intent.action.MAIN cat=[android.intent.category.LAUNCHER] flg=0x10200000 cmp=com.sixty.nidoneClient/.view.activity.SDK_WebApp} from pid 14774
E/ActivityManager( 1909): START {act=android.intent.action.MAIN cat=[android.intent.category.LAUNCHER] flg=0x10200000 cmp=com.sixty.nidoneClient/.view.activity.SDK_WebApp u=0} from pid 14774
D/ActivityManager( 1909): ACT-moveHomeTask toFront : false homeInFront = false
D/ActivityManager( 1909): launchFlags = 10200000, launchMode = 2, realActivity = ComponentInfo{com.sixty.nidoneClient/com.sixty.nidoneClient.view.activity.SDK_WebApp}, task.realActivity = ComponentInfo{com.sixty.nidoneClient/com.sixty.nidoneClient.view.activity.SDK_WebApp}
I/ActivityManager( 1909): topActivity.packageName = com.sixty.nidoneClient
D/ActivityThread( 9136): ACT-NEW_INTENT handled : 0 / NewIntentData{intents=[Intent { act=android.intent.action.MAIN cat=[android.intent.category.LAUNCHER] flg=0x10200000 cmp=com.sixty.nidoneClient/.view.activity.SDK_WebApp }] token=android.os.BinderProxy@42b191e0}
V/ActivityManager( 1909): Broadcast: Intent { act=android.intent.action.MEDIA_BUTTON flg=0x10 cmp=com.oppo.music/.service.MediaButtonIntentReceiver (has extras) } ordered=true userid=0 callerApp=null
D/ActivityThread( 9264): BDC-Calling onReceive: intent=Intent { act=android.intent.action.MEDIA_BUTTON flg=0x10 cmp=com.oppo.music/.service.MediaButtonIntentReceiver (has extras) }, ordered=true, receiver=com.oppo.music.service.MediaButtonIntentReceiver@42be92b0
D/ActivityThread( 9264): BDC-RECEIVER handled : 0 / ReceiverData{intent=Intent { act=android.intent.action.MEDIA_BUTTON flg=0x10 cmp=com.oppo.music/.service.MediaButtonIntentReceiver (has extras) } packageName=com.oppo.music resultCode=0 resultData=null resultExtras=null}
D/ConnectivityService( 1909): getActiveNetworkInfo:NetworkInfo: type: WIFI[], state: CONNECTED/CONNECTED, reason: (unspecified), extra: "60_dev_01", roaming: false, failover: false, isAvailable: true, isConnectedToProvisioningNetwork: false, simId: 0/10082
D/DisplayManagerService( 1909): Display listener for pid 14774 died.
V/ActivityManager( 1909): Broadcast sticky: Intent { act=android.intent.action.ADDITIONAL_BATTERY_CHANGED flg=0x60000010 (has extras) } ordered=false userid=-1 callerApp=null
V/ActivityManager( 1909): Broadcast sticky: Intent { act=android.intent.action.BATTERY_CHANGED flg=0x60000010 (has extras) } ordered=false userid=-1 callerApp=null
V/ActivityManager( 1909): Broadcast sticky: Intent { act=android.intent.action.ADDITIONAL_BATTERY_CHANGED flg=0x60000010 (has extras) } ordered=false userid=-1 callerApp=null
V/ActivityManager( 1909): Broadcast sticky: Intent { act=android.intent.action.ADDITIONAL_BATTERY_CHANGED flg=0x60000010 (has extras) } ordered=false userid=-1 callerApp=null
D/WifiService( 1909): onReceive, action:android.intent.action.BATTERY_CHANGED
D/UsbDeviceManager( 1909): onReceive - BATTERY_CHANGED - mPlugType: 2, mSettingUsbCharging: false, mConnected: true, mSettingUsbBicr: false
D/WifiController( 1909): DeviceActiveState{ when=0 what=155652 arg1=2 target=com.android.internal.util.StateMachine$SmHandler target=Handler (com.android.internal.util.StateMachine$SmHandler) {43167268} }
D/WifiController( 1909): StaEnabledState{ when=0 what=155652 arg1=2 target=com.android.internal.util.StateMachine$SmHandler target=Handler (com.android.internal.util.StateMachine$SmHandler) {43167268} }
D/WifiController( 1909): DefaultState{ when=0 what=155652 arg1=2 target=com.android.internal.util.StateMachine$SmHandler target=Handler (com.android.internal.util.StateMachine$SmHandler) {43167268} }
D/WifiController( 1909): battery changed pluggedType: 2
D/ConnectivityService( 1909): getActiveNetworkInfo:NetworkInfo: type: WIFI[], state: CONNECTED/CONNECTED, reason: (unspecified), extra: "60_dev_01", roaming: false, failover: false, isAvailable: true, isConnectedToProvisioningNetwork: false, simId: 0/10082
D/ConnectivityService( 1909): getActiveNetworkInfo:NetworkInfo: type: WIFI[], state: CONNECTED/CONNECTED, reason: (unspecified), extra: "60_dev_01", roaming: false, failover: false, isAvailable: true, isConnectedToProvisioningNetwork: false, simId: 0/10082
I/NotificationService( 1909): enqueueToast pkg=com.sixty.nidoneClient callback=android.app.ITransientNotification$Stub$Proxy@42eba3e8 duration=0
D/NotificationService( 1909): Show pkg=com.sixty.nidoneClient callback=android.app.ITransientNotification$Stub$Proxy@42eba3e8
D/NotificationService( 1909): Timeout pkg=com.sixty.nidoneClient callback=android.app.ITransientNotification$Stub$Proxy@42eba3e8
--------- beginning of /dev/log/main
I/chromium( 9136): [INFO:image_raster_worker_pool.cc(75)] [RunOnWorkerThread] --------------
D/BatteryService( 1909): mBatteryVoltage=4268, batteryLevel=50
V/ActivityManager( 1909): Broadcast sticky: Intent { act=android.intent.action.ADDITIONAL_BATTERY_CHANGED flg=0x60000010 (has extras) } ordered=false userid=-1 callerApp=null
V/ActivityManager( 1909): Broadcast sticky: Intent { act=android.intent.action.BATTERY_CHANGED flg=0x60000010 (has extras) } ordered=false userid=-1 callerApp=null
I/        (  245): [BWC INFO](245): get_bwc_mm_property success
D/PowerSaveService( 4675): PowerSaveReceiver EXTRA_STATUS: status = 5, lastCharging = true
I/        (  245): [BWC INFO](245): get_bwc_mm_property success
D/HeadsetStateMachine( 6839): Disconnected process message: 10
