--------- beginning of /dev/log/system
I/ActivityManager( 1909): topActivity.packageName = com.sixty.nidoneClient
I/NotificationService( 1909): enqueueToast pkg=com.sixty.nidoneClient callback=android.app.ITransientNotification$Stub$Proxy@42913ca8 duration=0
D/NotificationService( 1909): Show pkg=com.sixty.nidoneClient callback=android.app.ITransientNotification$Stub$Proxy@42913ca8
D/ActivityThread( 9136): ACT-NEW_INTENT handled : 0 / NewIntentData{intents=[Intent { act=android.intent.action.MAIN cat=[android.intent.category.LAUNCHER] flg=0x10200000 cmp=com.sixty.nidoneClient/.view.activity.SDK_WebApp }] token=android.os.BinderProxy@42b191e0}
W/ContextImpl( 1909): Calling a method in the system process without a qualified user: android.app.ContextImpl.sendBroadcast:1345 com.android.internal.policy.impl.OppoPhoneWindowManager.interceptKeyBeforeQueueing:592 com.android.server.wm.InputMonitor.interceptKeyBeforeQueueing:625 com.android.server.input.InputManagerService.interceptKeyBeforeQueueing:1506 com.android.server.input.InputManagerService.nativeInjectInputEvent:-2 
V/ActivityManager( 1909): Broadcast: Intent { act=SILENCE_ACTION_FOR_OPPO_SPEECH flg=0x10 } ordered=false userid=0 callerApp=ProcessRecord{4272b1e0 1909:system/1000}
D/ActivityThread( 9285): BDC-Calling onReceive: intent=Intent { act=SILENCE_ACTION_FOR_OPPO_SPEECH flg=0x10 cmp=com.oppo.speechassist/.IncomingCallReceiver }, ordered=true, receiver=com.oppo.speechassist.IncomingCallReceiver@42885690
D/ActivityThread( 9285): BDC-RECEIVER handled : 0 / ReceiverData{intent=Intent { act=SILENCE_ACTION_FOR_OPPO_SPEECH flg=0x10 cmp=com.oppo.speechassist/.IncomingCallReceiver } packageName=com.oppo.speechassist resultCode=-1 resultData=null resultExtras=null}
V/ActivityManager( 1909): Broadcast sticky: Intent { act=android.media.RINGER_MODE_CHANGED flg=0x24000010 (has extras) } ordered=false userid=-1 callerApp=ProcessRecord{4272b1e0 1909:system/1000}
V/ActivityManager( 1909): Broadcast: Intent { act=android.media.VOLUME_CHANGED_ACTION flg=0x10 (has extras) } ordered=false userid=-1 callerApp=ProcessRecord{4272b1e0 1909:system/1000}
D/ActivityThread(11450): BDC-Calling onReceive: intent=Intent { act=android.media.RINGER_MODE_CHANGED flg=0x24000010 cmp=com.android.settings/com.oppo.settings.MediaStreamVolumeDealReciever (has extras) }, ordered=true, receiver=com.oppo.settings.MediaStreamVolumeDealReciever@42e2a398
D/ActivityThread(11450): BDC-RECEIVER handled : 0 / ReceiverData{intent=Intent { act=android.media.RINGER_MODE_CHANGED flg=0x24000010 cmp=com.android.settings/com.oppo.settings.MediaStreamVolumeDealReciever (has extras) } packageName=com.android.settings resultCode=-1 resultData=null resultExtras=null}
I/ActivityManagerPlus( 1909): Receive: Intent { act=android.media.RINGER_MODE_CHANGED flg=0x24000010 (has extras) }
D/ActivityThread(11450): BDC-Calling onReceive: intent=Intent { act=android.media.VOLUME_CHANGED_ACTION flg=0x10 cmp=com.android.settings/com.oppo.settings.MediaStreamVolumeDealReciever (has extras) }, ordered=true, receiver=com.oppo.settings.MediaStreamVolumeDealReciever@42e2c678
D/ActivityThread(11450): BDC-RECEIVER handled : 0 / ReceiverData{intent=Intent { act=android.media.VOLUME_CHANGED_ACTION flg=0x10 cmp=com.android.settings/com.oppo.settings.MediaStreamVolumeDealReciever (has extras) } packageName=com.android.settings resultCode=-1 resultData=null resultExtras=null}
I/ActivityManager( 1909): START u0 {act=android.intent.action.MAIN cat=[android.intent.category.LAUNCHER] flg=0x10000000 sel={act=android.intent.action.MAIN cat=[android.intent.category.APP_SETTINGS]}} from pid 1909
E/ActivityManager( 1909): START {act=android.intent.action.MAIN cat=[android.intent.category.LAUNCHER] flg=0x10000000 sel={act=android.intent.action.MAIN cat=[android.intent.category.APP_SETTINGS]} u=0} from pid 1909
I/ActivityManager( 1909): START u0 {act=android.intent.action.MAIN cat=[android.intent.category.LAUNCHER] flg=0x10000000 cmp=com.android.email/com.kingsoft.email.activity.Welcome sel={act=android.intent.action.MAIN cat=[android.intent.category.APP_EMAIL]}} from pid 1909
E/ActivityManager( 1909): START {act=android.intent.action.MAIN cat=[android.intent.category.LAUNCHER] flg=0x10000000 cmp=com.android.email/com.kingsoft.email.activity.Welcome sel={act=android.intent.action.MAIN cat=[android.intent.category.APP_EMAIL]} u=0} from pid 1909
D/ConnectivityService( 1909): getActiveNetworkInfo:NetworkInfo: type: WIFI[], state: CONNECTED/CONNECTED, reason: (unspecified), extra: "60_dev_01", roaming: false, failover: false, isAvailable: true, isConnectedToProvisioningNetwork: false, simId: 0/10082
I/NotificationService( 1909): enqueueToast pkg=com.sixty.nidoneClient callback=android.app.ITransientNotification$Stub$Proxy@433d74b8 duration=0
D/NotificationService( 1909): Show pkg=com.sixty.nidoneClient callback=android.app.ITransientNotification$Stub$Proxy@433d74b8
I/thermal_repeater(  279): oh, queryMdThermalInfo (0)Bad file number
I/thermal_repeater(  279): [recvMdThermalInfo] ret=35, strLen=127,  0, 32767, -127, 28676, 32767, 1680
D/ConnectivityService( 1909): getActiveNetworkInfo:NetworkInfo: type: WIFI[], state: CONNECTED/CONNECTED, reason: (unspecified), extra: "60_dev_01", roaming: false, failover: false, isAvailable: true, isConnectedToProvisioningNetwork: false, simId: 0/10082
D/NotificationService( 1909): Timeout pkg=com.sixty.nidoneClient callback=android.app.ITransientNotification$Stub$Proxy@42913ca8
W/ContextImpl( 1909): Calling a method in the system process without a qualified user: android.app.ContextImpl.sendBroadcast:1345 com.android.internal.policy.impl.OppoPhoneWindowManager.interceptKeyBeforeQueueing:592 com.android.server.wm.InputMonitor.interceptKeyBeforeQueueing:625 com.android.server.input.InputManagerService.interceptKeyBeforeQueueing:1506 com.android.server.input.InputManagerService.nativeInjectInputEvent:-2 
V/ActivityManager( 1909): Broadcast: Intent { act=SILENCE_ACTION_FOR_OPPO_SPEECH flg=0x10 } ordered=false userid=0 callerApp=ProcessRecord{4272b1e0 1909:system/1000}
D/ActivityThread( 9285): BDC-Calling onReceive: intent=Intent { act=SILENCE_ACTION_FOR_OPPO_SPEECH flg=0x10 cmp=com.oppo.speechassist/.IncomingCallReceiver }, ordered=true, receiver=com.oppo.speechassist.IncomingCallReceiver@428876c8
D/ActivityThread( 9285): BDC-RECEIVER handled : 0 / ReceiverData{intent=Intent { act=SILENCE_ACTION_FOR_OPPO_SPEECH flg=0x10 cmp=com.oppo.speechassist/.IncomingCallReceiver } packageName=com.oppo.speechassist resultCode=-1 resultData=null resultExtras=null}
V/ActivityManager( 1909): Broadcast sticky: Intent { act=android.media.RINGER_MODE_CHANGED flg=0x24000010 (has extras) } ordered=false userid=-1 callerApp=ProcessRecord{4272b1e0 1909:system/1000}
V/ActivityManager( 1909): Broadcast: Intent { act=android.media.VOLUME_CHANGED_ACTION flg=0x10 (has extras) } ordered=false userid=-1 callerApp=ProcessRecord{4272b1e0 1909:system/1000}
D/ActivityThread(11450): BDC-Calling onReceive: intent=Intent { act=android.media.RINGER_MODE_CHANGED flg=0x24000010 cmp=com.android.settings/com.oppo.settings.MediaStreamVolumeDealReciever (has extras) }, ordered=true, receiver=com.oppo.settings.MediaStreamVolumeDealReciever@42e2e948
I/ActivityManagerPlus( 1909): Receive: Intent { act=android.media.RINGER_MODE_CHANGED flg=0x24000010 (has extras) }
V/ActivityManager( 1909): Broadcast: Intent { act=android.media.VOLUME_CHANGED_ACTION flg=0x10 (has extras) } ordered=false userid=-1 callerApp=ProcessRecord{4272b1e0 1909:system/1000}
D/ActivityThread(11450): BDC-RECEIVER handled : 0 / ReceiverData{intent=Intent { act=android.media.RINGER_MODE_CHANGED flg=0x24000010 cmp=com.android.settings/com.oppo.settings.MediaStreamVolumeDealReciever (has extras) } packageName=com.android.settings resultCode=-1 resultData=null resultExtras=null}
D/ActivityThread(11450): BDC-Calling onReceive: intent=Intent { act=android.media.VOLUME_CHANGED_ACTION flg=0x10 cmp=com.android.settings/com.oppo.settings.MediaStreamVolumeDealReciever (has extras) }, ordered=true, receiver=com.oppo.settings.MediaStreamVolumeDealReciever@42e37488
V/ActivityManager( 1909): Broadcast: Intent { act=android.media.VOLUME_CHANGED_ACTION flg=0x10 (has extras) } ordered=false userid=-1 callerApp=ProcessRecord{4272b1e0 1909:system/1000}
D/ActivityThread(11450): BDC-RECEIVER handled : 0 / ReceiverData{intent=Intent { act=android.media.VOLUME_CHANGED_ACTION flg=0x10 cmp=com.android.settings/com.oppo.settings.MediaStreamVolumeDealReciever (has extras) } packageName=com.android.settings resultCode=-1 resultData=null resultExtras=null}
V/ActivityManager( 1909): Broadcast: Intent { act=android.media.VOLUME_CHANGED_ACTION flg=0x10 (has extras) } ordered=false userid=-1 callerApp=ProcessRecord{4272b1e0 1909:system/1000}
D/ActivityThread(11450): BDC-Calling onReceive: intent=Intent { act=android.media.VOLUME_CHANGED_ACTION flg=0x10 cmp=com.android.settings/com.oppo.settings.MediaStreamVolumeDealReciever (has extras) }, ordered=true, receiver=com.oppo.settings.MediaStreamVolumeDealReciever@42e39760
V/ActivityManager( 1909): Broadcast: Intent { act=android.media.VOLUME_CHANGED_ACTION flg=0x10 (has extras) } ordered=false userid=-1 callerApp=ProcessRecord{4272b1e0 1909:system/1000}
D/ActivityThread(11450): BDC-RECEIVER handled : 0 / ReceiverData{intent=Intent { act=android.media.VOLUME_CHANGED_ACTION flg=0x10 cmp=com.android.settings/com.oppo.settings.MediaStreamVolumeDealReciever (has extras) } packageName=com.android.settings resultCode=-1 resultData=null resultExtras=null}
D/ActivityThread(11450): BDC-Calling onReceive: intent=Intent { act=android.media.VOLUME_CHANGED_ACTION flg=0x10 cmp=com.android.settings/com.oppo.settings.MediaStreamVolumeDealReciever (has extras) }, ordered=true, receiver=com.oppo.settings.MediaStreamVolumeDealReciever@42e42160
D/ActivityThread(11450): BDC-RECEIVER handled : 0 / ReceiverData{intent=Intent { act=android.media.VOLUME_CHANGED_ACTION flg=0x10 cmp=com.android.settings/com.oppo.settings.MediaStreamVolumeDealReciever (has extras) } packageName=com.android.settings resultCode=-1 resultData=null resultExtras=null}
D/ActivityThread(11450): BDC-Calling onReceive: intent=Intent { act=android.media.VOLUME_CHANGED_ACTION flg=0x10 cmp=com.android.settings/com.oppo.settings.MediaStreamVolumeDealReciever (has extras) }, ordered=true, receiver=com.oppo.settings.MediaStreamVolumeDealReciever@42e44438
D/ActivityThread(11450): BDC-RECEIVER handled : 0 / ReceiverData{intent=Intent { act=android.media.VOLUME_CHANGED_ACTION flg=0x10 cmp=com.android.settings/com.oppo.settings.MediaStreamVolumeDealReciever (has extras) } packageName=com.android.settings resultCode=-1 resultData=null resultExtras=null}
V/ActivityManager( 1909): Broadcast: Intent { act=android.media.VOLUME_CHANGED_ACTION flg=0x10 (has extras) } ordered=false userid=-1 callerApp=ProcessRecord{4272b1e0 1909:system/1000}
D/ActivityThread(11450): BDC-Calling onReceive: intent=Intent { act=android.media.VOLUME_CHANGED_ACTION flg=0x10 cmp=com.android.settings/com.oppo.settings.MediaStreamVolumeDealReciever (has extras) }, ordered=true, receiver=com.oppo.settings.MediaStreamVolumeDealReciever@42e46710
V/ActivityManager( 1909): Broadcast: Intent { act=android.media.VOLUME_CHANGED_ACTION flg=0x10 (has extras) } ordered=false userid=-1 callerApp=ProcessRecord{4272b1e0 1909:system/1000}
D/ActivityThread(11450): BDC-RECEIVER handled : 0 / ReceiverData{intent=Intent { act=android.media.VOLUME_CHANGED_ACTION flg=0x10 cmp=com.android.settings/com.oppo.settings.MediaStreamVolumeDealReciever (has extras) } packageName=com.android.settings resultCode=-1 resultData=null resultExtras=null}
V/ActivityManager( 1909): Broadcast: Intent { act=android.media.VOLUME_CHANGED_ACTION flg=0x10 (has extras) } ordered=false userid=-1 callerApp=ProcessRecord{4272b1e0 1909:system/1000}
V/ActivityManager( 1909): Broadcast: Intent { act=android.media.VOLUME_CHANGED_ACTION flg=0x10 (has extras) } ordered=false userid=-1 callerApp=ProcessRecord{4272b1e0 1909:system/1000}
V/ActivityManager( 1909): Broadcast: Intent { act=android.media.VOLUME_CHANGED_ACTION flg=0x10 (has extras) } ordered=false userid=-1 callerApp=ProcessRecord{4272b1e0 1909:system/1000}
V/ActivityManager( 1909): Broadcast: Intent { act=android.media.VOLUME_CHANGED_ACTION flg=0x10 (has extras) } ordered=false userid=-1 callerApp=ProcessRecord{4272b1e0 1909:system/1000}
V/ActivityManager( 1909): Broadcast: Intent { act=android.media.VOLUME_CHANGED_ACTION flg=0x10 (has extras) } ordered=false userid=-1 callerApp=ProcessRecord{4272b1e0 1909:system/1000}
D/ActivityThread(11450): BDC-Calling onReceive: intent=Intent { act=android.media.VOLUME_CHANGED_ACTION flg=0x10 cmp=com.android.settings/com.oppo.settings.MediaStreamVolumeDealReciever (has extras) }, ordered=true, receiver=com.oppo.settings.MediaStreamVolumeDealReciever@42c95ac8
D/ActivityThread(11450): BDC-RECEIVER handled : 0 / ReceiverData{intent=Intent { act=android.media.VOLUME_CHANGED_ACTION flg=0x10 cmp=com.android.settings/com.oppo.settings.MediaStreamVolumeDealReciever (has extras) } packageName=com.android.settings resultCode=-1 resultData=null resultExtras=null}
V/ActivityManager( 1909): Broadcast: Intent { act=android.media.VOLUME_CHANGED_ACTION flg=0x10 (has extras) } ordered=false userid=-1 callerApp=ProcessRecord{4272b1e0 1909:system/1000}
D/ActivityThread(11450): BDC-Calling onReceive: intent=Intent { act=android.media.VOLUME_CHANGED_ACTION flg=0x10 cmp=com.android.settings/com.oppo.settings.MediaStreamVolumeDealReciever (has extras) }, ordered=true, receiver=com.oppo.settings.MediaStreamVolumeDealReciever@42b42730
D/ActivityThread(11450): BDC-RECEIVER handled : 0 / ReceiverData{intent=Intent { act=android.media.VOLUME_CHANGED_ACTION flg=0x10 cmp=com.android.settings/com.oppo.settings.MediaStreamVolumeDealReciever (has extras) } packageName=com.android.settings resultCode=-1 resultData=null resultExtras=null}
D/ActivityThread(11450): BDC-Calling onReceive: intent=Intent { act=android.media.VOLUME_CHANGED_ACTION flg=0x10 cmp=com.android.settings/com.oppo.settings.MediaStreamVolumeDealReciever (has extras) }, ordered=true, receiver=com.oppo.settings.MediaStreamVolumeDealReciever@42af5ee8
V/ActivityManager( 1909): Broadcast: Intent { act=android.media.VOLUME_CHANGED_ACTION flg=0x10 (has extras) } ordered=false userid=-1 callerApp=ProcessRecord{4272b1e0 1909:system/1000}
D/ActivityThread(11450): BDC-RECEIVER handled : 0 / ReceiverData{intent=Intent { act=android.media.VOLUME_CHANGED_ACTION flg=0x10 cmp=com.android.settings/com.oppo.settings.MediaStreamVolumeDealReciever (has extras) } packageName=com.android.settings resultCode=-1 resultData=null resultExtras=null}
D/ActivityThread(11450): BDC-Calling onReceive: intent=Intent { act=android.media.VOLUME_CHANGED_ACTION flg=0x10 cmp=com.android.settings/com.oppo.settings.MediaStreamVolumeDealReciever (has extras) }, ordered=true, receiver=com.oppo.settings.MediaStreamVolumeDealReciever@42ae9100
V/ActivityManager( 1909): Broadcast: Intent { act=android.media.VOLUME_CHANGED_ACTION flg=0x10 (has extras) } ordered=false userid=-1 callerApp=ProcessRecord{4272b1e0 1909:system/1000}
D/ActivityThread(11450): BDC-RECEIVER handled : 0 / ReceiverData{intent=Intent { act=android.media.VOLUME_CHANGED_ACTION flg=0x10 cmp=com.android.settings/com.oppo.settings.MediaStreamVolumeDealReciever (has extras) } packageName=com.android.settings resultCode=-1 resultData=null resultExtras=null}
D/ActivityThread(11450): BDC-Calling onReceive: intent=Intent { act=android.media.VOLUME_CHANGED_ACTION flg=0x10 cmp=com.android.settings/com.oppo.settings.MediaStreamVolumeDealReciever (has extras) }, ordered=true, receiver=com.oppo.settings.MediaStreamVolumeDealReciever@42a95260
V/ActivityManager( 1909): Broadcast: Intent { act=android.media.VOLUME_CHANGED_ACTION flg=0x10 (has extras) } ordered=false userid=-1 callerApp=ProcessRecord{4272b1e0 1909:system/1000}
D/ActivityThread(11450): BDC-RECEIVER handled : 0 / ReceiverData{intent=Intent { act=android.media.VOLUME_CHANGED_ACTION flg=0x10 cmp=com.android.settings/com.oppo.settings.MediaStreamVolumeDealReciever (has extras) } packageName=com.android.settings resultCode=-1 resultData=null resultExtras=null}
D/ActivityThread(11450): BDC-Calling onReceive: intent=Intent { act=android.media.VOLUME_CHANGED_ACTION flg=0x10 cmp=com.android.settings/com.oppo.settings.MediaStreamVolumeDealReciever (has extras) }, ordered=true, receiver=com.oppo.settings.MediaStreamVolumeDealReciever@429c2a00
V/ActivityManager( 1909): Broadcast: Intent { act=android.media.VOLUME_CHANGED_ACTION flg=0x10 (has extras) } ordered=false userid=-1 callerApp=ProcessRecord{4272b1e0 1909:system/1000}
D/ActivityThread(11450): BDC-RECEIVER handled : 0 / ReceiverData{intent=Intent { act=android.media.VOLUME_CHANGED_ACTION flg=0x10 cmp=com.android.settings/com.oppo.settings.MediaStreamVolumeDealReciever (has extras) } packageName=com.android.settings resultCode=-1 resultData=null resultExtras=null}
D/ActivityThread(11450): BDC-Calling onReceive: intent=Intent { act=android.media.VOLUME_CHANGED_ACTION flg=0x10 cmp=com.android.settings/com.oppo.settings.MediaStreamVolumeDealReciever (has extras) }, ordered=true, receiver=com.oppo.settings.MediaStreamVolumeDealReciever@42889480
V/ActivityManager( 1909): Broadcast: Intent { act=android.media.VOLUME_CHANGED_ACTION flg=0x10 (has extras) } ordered=false userid=-1 callerApp=ProcessRecord{4272b1e0 1909:system/1000}
D/ActivityThread(11450): BDC-RECEIVER handled : 0 / ReceiverData{intent=Intent { act=android.media.VOLUME_CHANGED_ACTION flg=0x10 cmp=com.android.settings/com.oppo.settings.MediaStreamVolumeDealReciever (has extras) } packageName=com.android.settings resultCode=-1 resultData=null resultExtras=null}
D/ActivityThread(11450): BDC-Calling onReceive: intent=Intent { act=android.media.VOLUME_CHANGED_ACTION flg=0x10 cmp=com.android.settings/com.oppo.settings.MediaStreamVolumeDealReciever (has extras) }, ordered=true, receiver=com.oppo.settings.MediaStreamVolumeDealReciever@427982d8
V/ActivityManager( 1909): Broadcast: Intent { act=android.media.VOLUME_CHANGED_ACTION flg=0x10 (has extras) } ordered=false userid=-1 callerApp=ProcessRecord{4272b1e0 1909:system/1000}
D/ActivityThread(11450): BDC-RECEIVER handled : 0 / ReceiverData{intent=Intent { act=android.media.VOLUME_CHANGED_ACTION flg=0x10 cmp=com.android.settings/com.oppo.settings.MediaStreamVolumeDealReciever (has extras) } packageName=com.android.settings resultCode=-1 resultData=null resultExtras=null}
D/ActivityThread(11450): BDC-Calling onReceive: intent=Intent { act=android.media.VOLUME_CHANGED_ACTION flg=0x10 cmp=com.android.settings/com.oppo.settings.MediaStreamVolumeDealReciever (has extras) }, ordered=true, receiver=com.oppo.settings.MediaStreamVolumeDealReciever@426d42f0
V/ActivityManager( 1909): Broadcast: Intent { act=android.media.VOLUME_CHANGED_ACTION flg=0x10 (has extras) } ordered=false userid=-1 callerApp=ProcessRecord{4272b1e0 1909:system/1000}
D/ActivityThread(11450): BDC-RECEIVER handled : 0 / ReceiverData{intent=Intent { act=android.media.VOLUME_CHANGED_ACTION flg=0x10 cmp=com.android.settings/com.oppo.settings.MediaStreamVolumeDealReciever (has extras) } packageName=com.android.settings resultCode=-1 resultData=null resultExtras=null}
D/ActivityThread(11450): BDC-Calling onReceive: intent=Intent { act=android.media.VOLUME_CHANGED_ACTION flg=0x10 cmp=com.android.settings/com.oppo.settings.MediaStreamVolumeDealReciever (has extras) }, ordered=true, receiver=com.oppo.settings.MediaStreamVolumeDealReciever@42e41880
V/ActivityManager( 1909): Broadcast: Intent { act=android.media.VOLUME_CHANGED_ACTION flg=0x10 (has extras) } ordered=false userid=-1 callerApp=ProcessRecord{4272b1e0 1909:system/1000}
D/ActivityThread(11450): BDC-RECEIVER handled : 0 / ReceiverData{intent=Intent { act=android.media.VOLUME_CHANGED_ACTION flg=0x10 cmp=com.android.settings/com.oppo.settings.MediaStreamVolumeDealReciever (has extras) } packageName=com.android.settings resultCode=-1 resultData=null resultExtras=null}
D/ActivityThread(11450): BDC-Calling onReceive: intent=Intent { act=android.media.VOLUME_CHANGED_ACTION flg=0x10 cmp=com.android.settings/com.oppo.settings.MediaStreamVolumeDealReciever (has extras) }, ordered=true, receiver=com.oppo.settings.MediaStreamVolumeDealReciever@42e41e18
D/ActivityThread(11450): BDC-RECEIVER handled : 0 / ReceiverData{intent=Intent { act=android.media.VOLUME_CHANGED_ACTION flg=0x10 cmp=com.android.settings/com.oppo.settings.MediaStreamVolumeDealReciever (has extras) } packageName=com.android.settings resultCode=-1 resultData=null resultExtras=null}
D/ActivityThread(11450): BDC-Calling onReceive: intent=Intent { act=android.media.VOLUME_CHANGED_ACTION flg=0x10 cmp=com.android.settings/com.oppo.settings.MediaStreamVolumeDealReciever (has extras) }, ordered=true, receiver=com.oppo.settings.MediaStreamVolumeDealReciever@42e423b0
D/ActivityThread(11450): BDC-RECEIVER handled : 0 / ReceiverData{intent=Intent { act=android.media.VOLUME_CHANGED_ACTION flg=0x10 cmp=com.android.settings/com.oppo.settings.MediaStreamVolumeDealReciever (has extras) } packageName=com.android.settings resultCode=-1 resultData=null resultExtras=null}
D/ActivityThread(11450): BDC-Calling onReceive: intent=Intent { act=android.media.VOLUME_CHANGED_ACTION flg=0x10 cmp=com.android.settings/com.oppo.settings.MediaStreamVolumeDealReciever (has extras) }, ordered=true, receiver=com.oppo.settings.MediaStreamVolumeDealReciever@42e429e8
V/ActivityManager( 1909): Broadcast: Intent { act=android.media.VOLUME_CHANGED_ACTION flg=0x10 (has extras) } ordered=false userid=-1 callerApp=ProcessRecord{4272b1e0 1909:system/1000}
D/ActivityThread(11450): BDC-RECEIVER handled : 0 / ReceiverData{intent=Intent { act=android.media.VOLUME_CHANGED_ACTION flg=0x10 cmp=com.android.settings/com.oppo.settings.MediaStreamVolumeDealReciever (has extras) } packageName=com.android.settings resultCode=-1 resultData=null resultExtras=null}
D/ActivityThread(11450): BDC-Calling onReceive: intent=Intent { act=android.media.VOLUME_CHANGED_ACTION flg=0x10 cmp=com.android.settings/com.oppo.settings.MediaStreamVolumeDealReciever (has extras) }, ordered=true, receiver=com.oppo.settings.MediaStreamVolumeDealReciever@42e43090
V/ActivityManager( 1909): Broadcast: Intent { act=android.media.VOLUME_CHANGED_ACTION flg=0x10 (has extras) } ordered=false userid=-1 callerApp=ProcessRecord{4272b1e0 1909:system/1000}
D/ActivityThread(11450): BDC-RECEIVER handled : 0 / ReceiverData{intent=Intent { act=android.media.VOLUME_CHANGED_ACTION flg=0x10 cmp=com.android.settings/com.oppo.settings.MediaStreamVolumeDealReciever (has extras) } packageName=com.android.settings resultCode=-1 resultData=null resultExtras=null}
D/ActivityThread(11450): BDC-Calling onReceive: intent=Intent { act=android.media.VOLUME_CHANGED_ACTION flg=0x10 cmp=com.android.settings/com.oppo.settings.MediaStreamVolumeDealReciever (has extras) }, ordered=true, receiver=com.oppo.settings.MediaStreamVolumeDealReciever@42e437d8
D/ActivityThread(11450): BDC-RECEIVER handled : 0 / ReceiverData{intent=Intent { act=android.media.VOLUME_CHANGED_ACTION flg=0x10 cmp=com.android.settings/com.oppo.settings.MediaStreamVolumeDealReciever (has extras) } packageName=com.android.settings resultCode=-1 resultData=null resultExtras=null}
D/ActivityThread(11450): BDC-Calling onReceive: intent=Intent { act=android.media.VOLUME_CHANGED_ACTION flg=0x10 cmp=com.android.settings/com.oppo.settings.MediaStreamVolumeDealReciever (has extras) }, ordered=true, receiver=com.oppo.settings.MediaStreamVolumeDealReciever@42e44100
D/ActivityThread(11450): BDC-RECEIVER handled : 0 / ReceiverData{intent=Intent { act=android.media.VOLUME_CHANGED_ACTION flg=0x10 cmp=com.android.settings/com.oppo.settings.MediaStreamVolumeDealReciever (has extras) } packageName=com.android.settings resultCode=-1 resultData=null resultExtras=null}
D/ActivityThread(11450): BDC-Calling onReceive: intent=Intent { act=android.media.VOLUME_CHANGED_ACTION flg=0x10 cmp=com.android.settings/com.oppo.settings.MediaStreamVolumeDealReciever (has extras) }, ordered=true, receiver=com.oppo.settings.MediaStreamVolumeDealReciever@42e44a10
D/ActivityThread(11450): BDC-RECEIVER handled : 0 / ReceiverData{intent=Intent { act=android.media.VOLUME_CHANGED_ACTION flg=0x10 cmp=com.android.settings/com.oppo.settings.MediaStreamVolumeDealReciever (has extras) } packageName=com.android.settings resultCode=-1 resultData=null resultExtras=null}
D/ActivityThread(11450): BDC-Calling onReceive: intent=Intent { act=android.media.VOLUME_CHANGED_ACTION flg=0x10 cmp=com.android.settings/com.oppo.settings.MediaStreamVolumeDealReciever (has extras) }, ordered=true, receiver=com.oppo.settings.MediaStreamVolumeDealReciever@42e454a0
D/ActivityThread(11450): BDC-RECEIVER handled : 0 / ReceiverData{intent=Intent { act=android.media.VOLUME_CHANGED_ACTION flg=0x10 cmp=com.android.settings/com.oppo.settings.MediaStreamVolumeDealReciever (has extras) } packageName=com.android.settings resultCode=-1 resultData=null resultExtras=null}
V/ActivityManager( 1909): Broadcast: Intent { act=android.media.VOLUME_CHANGED_ACTION flg=0x10 (has extras) } ordered=false userid=-1 callerApp=ProcessRecord{4272b1e0 1909:system/1000}
V/ActivityManager( 1909): Broadcast: Intent { act=android.media.VOLUME_CHANGED_ACTION flg=0x10 (has extras) } ordered=false userid=-1 callerApp=ProcessRecord{4272b1e0 1909:system/1000}
D/ActivityThread(11450): BDC-Calling onReceive: intent=Intent { act=android.media.VOLUME_CHANGED_ACTION flg=0x10 cmp=com.android.settings/com.oppo.settings.MediaStreamVolumeDealReciever (has extras) }, ordered=true, receiver=com.oppo.settings.MediaStreamVolumeDealReciever@42e45f78
D/ActivityThread(11450): BDC-RECEIVER handled : 0 / ReceiverData{intent=Intent { act=android.media.VOLUME_CHANGED_ACTION flg=0x10 cmp=com.android.settings/com.oppo.settings.MediaStreamVolumeDealReciever (has extras) } packageName=com.android.settings resultCode=-1 resultData=null resultExtras=null}
D/ActivityThread(11450): BDC-Calling onReceive: intent=Intent { act=android.media.VOLUME_CHANGED_ACTION flg=0x10 cmp=com.android.settings/com.oppo.settings.MediaStreamVolumeDealReciever (has extras) }, ordered=true, receiver=com.oppo.settings.MediaStreamVolumeDealReciever@42893378
D/ActivityThread(11450): BDC-RECEIVER handled : 0 / ReceiverData{intent=Intent { act=android.media.VOLUME_CHANGED_ACTION flg=0x10 cmp=com.android.settings/com.oppo.settings.MediaStreamVolumeDealReciever (has extras) } packageName=com.android.settings resultCode=-1 resultData=null resultExtras=null}
V/ActivityManager( 1909): Broadcast: Intent { act=android.media.VOLUME_CHANGED_ACTION flg=0x10 (has extras) } ordered=false userid=-1 callerApp=ProcessRecord{4272b1e0 1909:system/1000}
V/ActivityManager( 1909): Broadcast: Intent { act=android.media.VOLUME_CHANGED_ACTION flg=0x10 (has extras) } ordered=false userid=-1 callerApp=ProcessRecord{4272b1e0 1909:system/1000}
D/ActivityThread(11450): BDC-Calling onReceive: intent=Intent { act=android.media.VOLUME_CHANGED_ACTION flg=0x10 cmp=com.android.settings/com.oppo.settings.MediaStreamVolumeDealReciever (has extras) }, ordered=true, receiver=com.oppo.settings.MediaStreamVolumeDealReciever@42e47548
D/ActivityThread(11450): BDC-RECEIVER handled : 0 / ReceiverData{intent=Intent { act=android.media.VOLUME_CHANGED_ACTION flg=0x10 cmp=com.android.settings/com.oppo.settings.MediaStreamVolumeDealReciever (has extras) } packageName=com.android.settings resultCode=-1 resultData=null resultExtras=null}
D/ActivityThread(11450): BDC-Calling onReceive: intent=Intent { act=android.media.VOLUME_CHANGED_ACTION flg=0x10 cmp=com.android.settings/com.oppo.settings.MediaStreamVolumeDealReciever (has extras) }, ordered=true, receiver=com.oppo.settings.MediaStreamVolumeDealReciever@42e481f8
D/ActivityThread(11450): BDC-RECEIVER handled : 0 / ReceiverData{intent=Intent { act=android.media.VOLUME_CHANGED_ACTION flg=0x10 cmp=com.android.settings/com.oppo.settings.MediaStreamVolumeDealReciever (has extras) } packageName=com.android.settings resultCode=-1 resultData=null resultExtras=null}
V/ActivityManager( 1909): Broadcast: Intent { act=android.media.VOLUME_CHANGED_ACTION flg=0x10 (has extras) } ordered=false userid=-1 callerApp=ProcessRecord{4272b1e0 1909:system/1000}
V/ActivityManager( 1909): Broadcast: Intent { act=android.media.VOLUME_CHANGED_ACTION flg=0x10 (has extras) } ordered=false userid=-1 callerApp=ProcessRecord{4272b1e0 1909:system/1000}
D/ActivityThread(11450): BDC-Calling onReceive: intent=Intent { act=android.media.VOLUME_CHANGED_ACTION flg=0x10 cmp=com.android.settings/com.oppo.settings.MediaStreamVolumeDealReciever (has extras) }, ordered=true, receiver=com.oppo.settings.MediaStreamVolumeDealReciever@42e48e78
D/ActivityThread(11450): BDC-RECEIVER handled : 0 / ReceiverData{intent=Intent { act=android.media.VOLUME_CHANGED_ACTION flg=0x10 cmp=com.android.settings/com.oppo.settings.MediaStreamVolumeDealReciever (has extras) } packageName=com.android.settings resultCode=-1 resultData=null resultExtras=null}
D/ActivityThread(11450): BDC-Calling onReceive: intent=Intent { act=android.media.VOLUME_CHANGED_ACTION flg=0x10 cmp=com.android.settings/com.oppo.settings.MediaStreamVolumeDealReciever (has extras) }, ordered=true, receiver=com.oppo.settings.MediaStreamVolumeDealReciever@42e49af8
D/ActivityThread(11450): BDC-RECEIVER handled : 0 / ReceiverData{intent=Intent { act=android.media.VOLUME_CHANGED_ACTION flg=0x10 cmp=com.android.settings/com.oppo.settings.MediaStreamVolumeDealReciever (has extras) } packageName=com.android.settings resultCode=-1 resultData=null resultExtras=null}
V/ActivityManager( 1909): Broadcast: Intent { act=android.media.VOLUME_CHANGED_ACTION flg=0x10 (has extras) } ordered=false userid=-1 callerApp=ProcessRecord{4272b1e0 1909:system/1000}
D/ActivityThread(11450): BDC-Calling onReceive: intent=Intent { act=android.media.VOLUME_CHANGED_ACTION flg=0x10 cmp=com.android.settings/com.oppo.settings.MediaStreamVolumeDealReciever (has extras) }, ordered=true, receiver=com.oppo.settings.MediaStreamVolumeDealReciever@42e4a778
D/ActivityThread(11450): BDC-RECEIVER handled : 0 / ReceiverData{intent=Intent { act=android.media.VOLUME_CHANGED_ACTION flg=0x10 cmp=com.android.settings/com.oppo.settings.MediaStreamVolumeDealReciever (has extras) } packageName=com.android.settings resultCode=-1 resultData=null resultExtras=null}
V/ActivityManager( 1909): Broadcast: Intent { act=android.media.VOLUME_CHANGED_ACTION flg=0x10 (has extras) } ordered=false userid=-1 callerApp=ProcessRecord{4272b1e0 1909:system/1000}
D/ActivityThread(11450): BDC-Calling onReceive: intent=Intent { act=android.media.VOLUME_CHANGED_ACTION flg=0x10 cmp=com.android.settings/com.oppo.settings.MediaStreamVolumeDealReciever (has extras) }, ordered=true, receiver=com.oppo.settings.MediaStreamVolumeDealReciever@42e4b3f8
D/ActivityThread(11450): BDC-RECEIVER handled : 0 / ReceiverData{intent=Intent { act=android.media.VOLUME_CHANGED_ACTION flg=0x10 cmp=com.android.settings/com.oppo.settings.MediaStreamVolumeDealReciever (has extras) } packageName=com.android.settings resultCode=-1 resultData=null resultExtras=null}
V/ActivityManager( 1909): Broadcast: Intent { act=android.media.VOLUME_CHANGED_ACTION flg=0x10 (has extras) } ordered=false userid=-1 callerApp=ProcessRecord{4272b1e0 1909:system/1000}
V/ActivityManager( 1909): Broadcast: Intent { act=android.media.VOLUME_CHANGED_ACTION flg=0x10 (has extras) } ordered=false userid=-1 callerApp=ProcessRecord{4272b1e0 1909:system/1000}
D/ActivityThread(11450): BDC-Calling onReceive: intent=Intent { act=android.media.VOLUME_CHANGED_ACTION flg=0x10 cmp=com.android.settings/com.oppo.settings.MediaStreamVolumeDealReciever (has extras) }, ordered=true, receiver=com.oppo.settings.MediaStreamVolumeDealReciever@42e4c0d8
D/ActivityThread(11450): BDC-RECEIVER handled : 0 / ReceiverData{intent=Intent { act=android.media.VOLUME_CHANGED_ACTION flg=0x10 cmp=com.android.settings/com.oppo.settings.MediaStreamVolumeDealReciever (has extras) } packageName=com.android.settings resultCode=-1 resultData=null resultExtras=null}
D/ActivityThread(11450): BDC-Calling onReceive: intent=Intent { act=android.media.VOLUME_CHANGED_ACTION flg=0x10 cmp=com.android.settings/com.oppo.settings.MediaStreamVolumeDealReciever (has extras) }, ordered=true, receiver=com.oppo.settings.MediaStreamVolumeDealReciever@42e4cd80
D/ActivityThread(11450): BDC-RECEIVER handled : 0 / ReceiverData{intent=Intent { act=android.media.VOLUME_CHANGED_ACTION flg=0x10 cmp=com.android.settings/com.oppo.settings.MediaStreamVolumeDealReciever (has extras) } packageName=com.android.settings resultCode=-1 resultData=null resultExtras=null}
V/ActivityManager( 1909): Broadcast: Intent { act=android.media.VOLUME_CHANGED_ACTION flg=0x10 (has extras) } ordered=false userid=-1 callerApp=ProcessRecord{4272b1e0 1909:system/1000}
D/ActivityThread(11450): BDC-Calling onReceive: intent=Intent { act=android.media.VOLUME_CHANGED_ACTION flg=0x10 cmp=com.android.settings/com.oppo.settings.MediaStreamVolumeDealReciever (has extras) }, ordered=true, receiver=com.oppo.settings.MediaStreamVolumeDealReciever@42e4d958
D/ActivityThread(11450): BDC-RECEIVER handled : 0 / ReceiverData{intent=Intent { act=android.media.VOLUME_CHANGED_ACTION flg=0x10 cmp=com.android.settings/com.oppo.settings.MediaStreamVolumeDealReciever (has extras) } packageName=com.android.settings resultCode=-1 resultData=null resultExtras=null}
V/ActivityManager( 1909): Broadcast: Intent { act=android.media.VOLUME_CHANGED_ACTION flg=0x10 (has extras) } ordered=false userid=-1 callerApp=ProcessRecord{4272b1e0 1909:system/1000}
D/ActivityThread(11450): BDC-Calling onReceive: intent=Intent { act=android.media.VOLUME_CHANGED_ACTION flg=0x10 cmp=com.android.settings/com.oppo.settings.MediaStreamVolumeDealReciever (has extras) }, ordered=true, receiver=com.oppo.settings.MediaStreamVolumeDealReciever@42e4e5f8
D/ActivityThread(11450): BDC-RECEIVER handled : 0 / ReceiverData{intent=Intent { act=android.media.VOLUME_CHANGED_ACTION flg=0x10 cmp=com.android.settings/com.oppo.settings.MediaStreamVolumeDealReciever (has extras) } packageName=com.android.settings resultCode=-1 resultData=null resultExtras=null}
V/ActivityManager( 1909): Broadcast: Intent { act=android.media.VOLUME_CHANGED_ACTION flg=0x10 (has extras) } ordered=false userid=-1 callerApp=ProcessRecord{4272b1e0 1909:system/1000}
D/ActivityThread(11450): BDC-Calling onReceive: intent=Intent { act=android.media.VOLUME_CHANGED_ACTION flg=0x10 cmp=com.android.settings/com.oppo.settings.MediaStreamVolumeDealReciever (has extras) }, ordered=true, receiver=com.oppo.settings.MediaStreamVolumeDealReciever@42e4f2e8
V/ActivityManager( 1909): Broadcast: Intent { act=android.media.VOLUME_CHANGED_ACTION flg=0x10 (has extras) } ordered=false userid=-1 callerApp=ProcessRecord{4272b1e0 1909:system/1000}
D/ActivityThread(11450): BDC-RECEIVER handled : 0 / ReceiverData{intent=Intent { act=android.media.VOLUME_CHANGED_ACTION flg=0x10 cmp=com.android.settings/com.oppo.settings.MediaStreamVolumeDealReciever (has extras) } packageName=com.android.settings resultCode=-1 resultData=null resultExtras=null}
D/ActivityThread(11450): BDC-Calling onReceive: intent=Intent { act=android.media.VOLUME_CHANGED_ACTION flg=0x10 cmp=com.android.settings/com.oppo.settings.MediaStreamVolumeDealReciever (has extras) }, ordered=true, receiver=com.oppo.settings.MediaStreamVolumeDealReciever@42e50018
V/ActivityManager( 1909): Broadcast: Intent { act=android.media.VOLUME_CHANGED_ACTION flg=0x10 (has extras) } ordered=false userid=-1 callerApp=ProcessRecord{4272b1e0 1909:system/1000}
D/ActivityThread(11450): BDC-RECEIVER handled : 0 / ReceiverData{intent=Intent { act=android.media.VOLUME_CHANGED_ACTION flg=0x10 cmp=com.android.settings/com.oppo.settings.MediaStreamVolumeDealReciever (has extras) } packageName=com.android.settings resultCode=-1 resultData=null resultExtras=null}
D/ActivityThread(11450): BDC-Calling onReceive: intent=Intent { act=android.media.VOLUME_CHANGED_ACTION flg=0x10 cmp=com.android.settings/com.oppo.settings.MediaStreamVolumeDealReciever (has extras) }, ordered=true, receiver=com.oppo.settings.MediaStreamVolumeDealReciever@42e50d08
D/ActivityThread(11450): BDC-RECEIVER handled : 0 / ReceiverData{intent=Intent { act=android.media.VOLUME_CHANGED_ACTION flg=0x10 cmp=com.android.settings/com.oppo.settings.MediaStreamVolumeDealReciever (has extras) } packageName=com.android.settings resultCode=-1 resultData=null resultExtras=null}
V/ActivityManager( 1909): Broadcast: Intent { act=android.media.VOLUME_CHANGED_ACTION flg=0x10 (has extras) } ordered=false userid=-1 callerApp=ProcessRecord{4272b1e0 1909:system/1000}
D/ActivityThread(11450): BDC-Calling onReceive: intent=Intent { act=android.media.VOLUME_CHANGED_ACTION flg=0x10 cmp=com.android.settings/com.oppo.settings.MediaStreamVolumeDealReciever (has extras) }, ordered=true, receiver=com.oppo.settings.MediaStreamVolumeDealReciever@42e51a30
V/ActivityManager( 1909): Broadcast: Intent { act=android.media.VOLUME_CHANGED_ACTION flg=0x10 (has extras) } ordered=false userid=-1 callerApp=ProcessRecord{4272b1e0 1909:system/1000}
D/ActivityThread(11450): BDC-RECEIVER handled : 0 / ReceiverData{intent=Intent { act=android.media.VOLUME_CHANGED_ACTION flg=0x10 cmp=com.android.settings/com.oppo.settings.MediaStreamVolumeDealReciever (has extras) } packageName=com.android.settings resultCode=-1 resultData=null resultExtras=null}
V/ActivityManager( 1909): Broadcast: Intent { act=android.media.VOLUME_CHANGED_ACTION flg=0x10 (has extras) } ordered=false userid=-1 callerApp=ProcessRecord{4272b1e0 1909:system/1000}
D/ActivityThread(11450): BDC-Calling onReceive: intent=Intent { act=android.media.VOLUME_CHANGED_ACTION flg=0x10 cmp=com.android.settings/com.oppo.settings.MediaStreamVolumeDealReciever (has extras) }, ordered=true, receiver=com.oppo.settings.MediaStreamVolumeDealReciever@42e526f0
D/ActivityThread(11450): BDC-RECEIVER handled : 0 / ReceiverData{intent=Intent { act=android.media.VOLUME_CHANGED_ACTION flg=0x10 cmp=com.android.settings/com.oppo.settings.MediaStreamVolumeDealReciever (has extras) } packageName=com.android.settings resultCode=-1 resultData=null resultExtras=null}
D/ActivityThread(11450): BDC-Calling onReceive: intent=Intent { act=android.media.VOLUME_CHANGED_ACTION flg=0x10 cmp=com.android.settings/com.oppo.settings.MediaStreamVolumeDealReciever (has extras) }, ordered=true, receiver=com.oppo.settings.MediaStreamVolumeDealReciever@42e53478
V/ActivityManager( 1909): Broadcast: Intent { act=android.media.VOLUME_CHANGED_ACTION flg=0x10 (has extras) } ordered=false userid=-1 callerApp=ProcessRecord{4272b1e0 1909:system/1000}
D/ActivityThread(11450): BDC-RECEIVER handled : 0 / ReceiverData{intent=Intent { act=android.media.VOLUME_CHANGED_ACTION flg=0x10 cmp=com.android.settings/com.oppo.settings.MediaStreamVolumeDealReciever (has extras) } packageName=com.android.settings resultCode=-1 resultData=null resultExtras=null}
D/ActivityThread(11450): BDC-Calling onReceive: intent=Intent { act=android.media.VOLUME_CHANGED_ACTION flg=0x10 cmp=com.android.settings/com.oppo.settings.MediaStreamVolumeDealReciever (has extras) }, ordered=true, receiver=com.oppo.settings.MediaStreamVolumeDealReciever@42e54318
D/ActivityThread(11450): BDC-RECEIVER handled : 0 / ReceiverData{intent=Intent { act=android.media.VOLUME_CHANGED_ACTION flg=0x10 cmp=com.android.settings/com.oppo.settings.MediaStreamVolumeDealReciever (has extras) } packageName=com.android.settings resultCode=-1 resultData=null resultExtras=null}
V/ActivityManager( 1909): Broadcast: Intent { act=android.media.VOLUME_CHANGED_ACTION flg=0x10 (has extras) } ordered=false userid=-1 callerApp=ProcessRecord{4272b1e0 1909:system/1000}
D/ActivityThread(11450): BDC-Calling onReceive: intent=Intent { act=android.media.VOLUME_CHANGED_ACTION flg=0x10 cmp=com.android.settings/com.oppo.settings.MediaStreamVolumeDealReciever (has extras) }, ordered=true, receiver=com.oppo.settings.MediaStreamVolumeDealReciever@42e551a8
D/ActivityThread(11450): BDC-RECEIVER handled : 0 / ReceiverData{intent=Intent { act=android.media.VOLUME_CHANGED_ACTION flg=0x10 cmp=com.android.settings/com.oppo.settings.MediaStreamVolumeDealReciever (has extras) } packageName=com.android.settings resultCode=-1 resultData=null resultExtras=null}
V/ActivityManager( 1909): Broadcast sticky: Intent { act=android.intent.action.ADDITIONAL_BATTERY_CHANGED flg=0x60000010 (has extras) } ordered=false userid=-1 callerApp=null
V/ActivityManager( 1909): Broadcast sticky: Intent { act=android.intent.action.BATTERY_CHANGED flg=0x60000010 (has extras) } ordered=false userid=-1 callerApp=null
V/ActivityManager( 1909): Broadcast sticky: Intent { act=android.intent.action.ADDITIONAL_BATTERY_CHANGED flg=0x60000010 (has extras) } ordered=false userid=-1 callerApp=null
V/ActivityManager( 1909): Broadcast sticky: Intent { act=android.intent.action.ADDITIONAL_BATTERY_CHANGED flg=0x60000010 (has extras) } ordered=false userid=-1 callerApp=null
D/WifiService( 1909): onReceive, action:android.intent.action.BATTERY_CHANGED
D/UsbDeviceManager( 1909): onReceive - BATTERY_CHANGED - mPlugType: 2, mSettingUsbCharging: false, mConnected: true, mSettingUsbBicr: false
D/WifiController( 1909): DeviceActiveState{ when=0 what=155652 arg1=2 target=com.android.internal.util.StateMachine$SmHandler target=Handler (com.android.internal.util.StateMachine$SmHandler) {43167268} }
D/WifiController( 1909): StaEnabledState{ when=0 what=155652 arg1=2 target=com.android.internal.util.StateMachine$SmHandler target=Handler (com.android.internal.util.StateMachine$SmHandler) {43167268} }
D/WifiController( 1909): DefaultState{ when=0 what=155652 arg1=2 target=com.android.internal.util.StateMachine$SmHandler target=Handler (com.android.internal.util.StateMachine$SmHandler) {43167268} }
D/WifiController( 1909): battery changed pluggedType: 2
D/NotificationService( 1909): Timeout pkg=com.sixty.nidoneClient callback=android.app.ITransientNotification$Stub$Proxy@433d74b8
D/ConnectivityService( 1909): getActiveNetworkInfo:NetworkInfo: type: WIFI[], state: CONNECTED/CONNECTED, reason: (unspecified), extra: "60_dev_01", roaming: false, failover: false, isAvailable: true, isConnectedToProvisioningNetwork: false, simId: 0/10082
I/ActivityManager( 1909): START u0 {act=android.intent.action.MAIN cat=[android.intent.category.LAUNCHER] flg=0x10200000 cmp=com.sixty.nidoneClient/.view.activity.SDK_WebApp} from pid 14774
E/ActivityManager( 1909): START {act=android.intent.action.MAIN cat=[android.intent.category.LAUNCHER] flg=0x10200000 cmp=com.sixty.nidoneClient/.view.activity.SDK_WebApp u=0} from pid 14774
D/ActivityManager( 1909): ACT-moveHomeTask toFront : false homeInFront = false
D/ActivityManager( 1909): launchFlags = 10200000, launchMode = 2, realActivity = ComponentInfo{com.sixty.nidoneClient/com.sixty.nidoneClient.view.activity.SDK_WebApp}, task.realActivity = ComponentInfo{com.sixty.nidoneClient/com.sixty.nidoneClient.view.activity.SDK_WebApp}
I/ActivityManager( 1909): topActivity.packageName = com.sixty.nidoneClient
D/ActivityThread( 9136): ACT-NEW_INTENT handled : 0 / NewIntentData{intents=[Intent { act=android.intent.action.MAIN cat=[android.intent.category.LAUNCHER] flg=0x10200000 cmp=com.sixty.nidoneClient/.view.activity.SDK_WebApp }] token=android.os.BinderProxy@42b191e0}
V/ActivityManager( 1909): Broadcast: Intent { act=android.intent.action.MEDIA_BUTTON flg=0x10 cmp=com.oppo.music/.service.MediaButtonIntentReceiver (has extras) } ordered=true userid=0 callerApp=null
D/ActivityThread( 9264): BDC-Calling onReceive: intent=Intent { act=android.intent.action.MEDIA_BUTTON flg=0x10 cmp=com.oppo.music/.service.MediaButtonIntentReceiver (has extras) }, ordered=true, receiver=com.oppo.music.service.MediaButtonIntentReceiver@42b85110
D/ActivityThread( 9264): BDC-RECEIVER handled : 0 / ReceiverData{intent=Intent { act=android.intent.action.MEDIA_BUTTON flg=0x10 cmp=com.oppo.music/.service.MediaButtonIntentReceiver (has extras) } packageName=com.oppo.music resultCode=0 resultData=null resultExtras=null}
D/ActivityThread( 9264): SVC-SERVICE_ARGS handled : 0 / ServiceArgsData{token=android.os.BinderProxy@42aaeec8 startId=76 args=Intent { act=com.oppo.music.service.command cmp=com.oppo.music/.service.MediaPlaybackService (has extras) }}
V/ActivityManager( 1909): Broadcast: Intent { act=com.oppo.music.service.queue_changed flg=0x10 (has extras) } ordered=false userid=0 callerApp=ProcessRecord{438206f0 9264:com.oppo.music/u0a59}
I/ActivityManager( 1909): START u0 {act=android.intent.action.MAIN cat=[android.intent.category.LAUNCHER] flg=0x10000000 sel={act=android.intent.action.MAIN cat=[android.intent.category.APP_CALCULATOR]}} from pid 1909
E/ActivityManager( 1909): START {act=android.intent.action.MAIN cat=[android.intent.category.LAUNCHER] flg=0x10000000 sel={act=android.intent.action.MAIN cat=[android.intent.category.APP_CALCULATOR]} u=0} from pid 1909
D/ConnectivityService( 1909): getActiveNetworkInfo:NetworkInfo: type: WIFI[], state: CONNECTED/CONNECTED, reason: (unspecified), extra: "60_dev_01", roaming: false, failover: false, isAvailable: true, isConnectedToProvisioningNetwork: false, simId: 0/10082
I/ActivityManager( 1909): START u0 {act=android.intent.action.MAIN cat=[android.intent.category.LAUNCHER] flg=0x10000000 cmp=com.android.email/com.kingsoft.email.activity.Welcome sel={act=android.intent.action.MAIN cat=[android.intent.category.APP_EMAIL]}} from pid 1909
E/ActivityManager( 1909): START {act=android.intent.action.MAIN cat=[android.intent.category.LAUNCHER] flg=0x10000000 cmp=com.android.email/com.kingsoft.email.activity.Welcome sel={act=android.intent.action.MAIN cat=[android.intent.category.APP_EMAIL]} u=0} from pid 1909
I/ActivityManager( 1909): START u0 {act=android.intent.action.MAIN cat=[android.intent.category.LAUNCHER] flg=0x10200000 cmp=com.sixty.nidoneClient/.view.activity.SDK_WebApp} from pid 14774
E/ActivityManager( 1909): START {act=android.intent.action.MAIN cat=[android.intent.category.LAUNCHER] flg=0x10200000 cmp=com.sixty.nidoneClient/.view.activity.SDK_WebApp u=0} from pid 14774
D/ActivityManager( 1909): ACT-moveHomeTask toFront : false homeInFront = false
D/ActivityManager( 1909): launchFlags = 10200000, launchMode = 2, realActivity = ComponentInfo{com.sixty.nidoneClient/com.sixty.nidoneClient.view.activity.SDK_WebApp}, task.realActivity = ComponentInfo{com.sixty.nidoneClient/com.sixty.nidoneClient.view.activity.SDK_WebApp}
I/ActivityManager( 1909): topActivity.packageName = com.sixty.nidoneClient
I/ActivityManager( 1909): START u0 {act=android.intent.action.MAIN cat=[android.intent.category.LAUNCHER] flg=0x10200000 cmp=com.sixty.nidoneClient/.view.activity.SDK_WebApp} from pid 14774
E/ActivityManager( 1909): START {act=android.intent.action.MAIN cat=[android.intent.category.LAUNCHER] flg=0x10200000 cmp=com.sixty.nidoneClient/.view.activity.SDK_WebApp u=0} from pid 14774
D/ActivityManager( 1909): ACT-moveHomeTask toFront : false homeInFront = false
D/ActivityManager( 1909): launchFlags = 10200000, launchMode = 2, realActivity = ComponentInfo{com.sixty.nidoneClient/com.sixty.nidoneClient.view.activity.SDK_WebApp}, task.realActivity = ComponentInfo{com.sixty.nidoneClient/com.sixty.nidoneClient.view.activity.SDK_WebApp}
I/ActivityManager( 1909): topActivity.packageName = com.sixty.nidoneClient
D/ActivityThread( 9136): ACT-NEW_INTENT handled : 0 / NewIntentData{intents=[Intent { act=android.intent.action.MAIN cat=[android.intent.category.LAUNCHER] flg=0x10200000 cmp=com.sixty.nidoneClient/.view.activity.SDK_WebApp }] token=android.os.BinderProxy@42b191e0}
D/ActivityThread( 9136): ACT-NEW_INTENT handled : 0 / NewIntentData{intents=[Intent { act=android.intent.action.MAIN cat=[android.intent.category.LAUNCHER] flg=0x10200000 cmp=com.sixty.nidoneClient/.view.activity.SDK_WebApp }] token=android.os.BinderProxy@42b191e0}
I/ActivityManager( 1909): START u0 {act=android.intent.action.MAIN cat=[android.intent.category.LAUNCHER] flg=0x10000000 cmp=com.android.mms/.ui.ConversationList sel={act=android.intent.action.MAIN cat=[android.intent.category.APP_MESSAGING]}} from pid 1909
E/ActivityManager( 1909): START {act=android.intent.action.MAIN cat=[android.intent.category.LAUNCHER] flg=0x10000000 cmp=com.android.mms/.ui.ConversationList sel={act=android.intent.action.MAIN cat=[android.intent.category.APP_MESSAGING]} u=0} from pid 1909
I/ActivityManager( 1909): START u0 {act=android.intent.action.MAIN cat=[android.intent.category.LAUNCHER] flg=0x10000000 cmp=com.android.mms/.ui.ConversationList sel={act=android.intent.action.MAIN cat=[android.intent.category.APP_MESSAGING]}} from pid 1909
E/ActivityManager( 1909): START {act=android.intent.action.MAIN cat=[android.intent.category.LAUNCHER] flg=0x10000000 cmp=com.android.mms/.ui.ConversationList sel={act=android.intent.action.MAIN cat=[android.intent.category.APP_MESSAGING]} u=0} from pid 1909
V/ActivityManager( 1909): Broadcast: Intent { act=android.intent.action.CLOSE_SYSTEM_DIALOGS flg=0x50000010 (has extras) } ordered=false userid=-1 callerApp=null
D/ConnectivityService( 1909): getActiveNetworkInfo:NetworkInfo: type: WIFI[], state: CONNECTED/CONNECTED, reason: (unspecified), extra: "60_dev_01", roaming: false, failover: false, isAvailable: true, isConnectedToProvisioningNetwork: false, simId: 0/10082
I/NotificationService( 1909): enqueueToast pkg=com.sixty.nidoneClient callback=android.app.ITransientNotification$Stub$Proxy@4325fcb0 duration=0
D/NotificationService( 1909): Show pkg=com.sixty.nidoneClient callback=android.app.ITransientNotification$Stub$Proxy@4325fcb0
