D/libc-netbsd(  146): iface=wlan0, dns0:192.168.89.8
D/libc-netbsd(  146): iface=wlan0, dns1:8.8.8.8
I/FrameworkListener(  146): onDataAvailable get 54 bytes 
D/FrameworkListener(  146): dispatchCommand data = (getaddrinfo api.nidfit.60community.com ^ 1024 0 1 0 ^)
D/libc-netbsd(  146): default dns: query_ipv6=0, query_ipv4=1
D/libc-netbsd(  146): res_queryN name = api.nidfit.60community.com, class = 1, type = 1
V/WindowManager(  719): Changing focus from null to Window{41ec3470 u0 com.sixtyplus.nidfit.treadmill.app/com.sixtyplus.nidfit.treadmill.app.MainActivity} Callers=com.android.server.wm.WindowManagerService.relayoutWindow:3383 com.android.server.wm.Session.relayout:191 android.view.IWindowSession$Stub.onTransact:235 com.android.server.wm.Session.onTransact:126 
D/libc-netbsd(  146): res_queryN name = api.nidfit.60community.com succeed
D/libc-netbsd(  146): res_queryN name = api.nidfit.60community.com succeed
D/SocketClient(  146): SocketClient sendDatalocked done: 222
D/SocketClient(  146): SocketClient sendDatalocked done: 222
D/SocketClient(  146): SocketClient sendDatalocked done: 
D/SocketClient(  146): SocketClient sendDatalocked done: 
D/SocketClient(  146): SocketClient sendDatalocked done: 
D/SocketClient(  146): SocketClient sendDatalocked done: 
D/SocketClient(  146): SocketClient sendDatalocked done: 
D/SocketClient(  146): SocketClient sendDatalocked done: 
D/SocketClient(  146): SocketClient sendDatalocked done: 
D/SocketClient(  146): SocketClient sendDatalocked done: 
D/SocketClient(  146): SocketClient sendDatalocked done: 
D/SocketClient(  146): SocketClient sendDatalocked done: 
D/SocketClient(  146): SocketClient sendDatalocked done: 
D/SocketClient(  146): SocketClient sendDatalocked done: 
D/libc-netbsd(24604): getaddrinfo: api.nidfit.60community.com get result from proxy >>
D/libc-netbsd(24604): getaddrinfo: api.nidfit.60community.com get result from proxy >>
I/System.out(24604): propertyValue:true
I/System.out(24604): [CDS]rx timeout:10000
I/System.out(24604): [socket][329] connection api.nidfit.60community.com/39.108.233.87:80;LocalPort=33461(10000)
I/System.out(24604): [CDS]connect[api.nidfit.60community.com/39.108.233.87:80] tm:10
D/dalvikvm(24604): threadid=54: removing from list
D/dalvikvm(24604): threadid=54: bye!
E/SyncRecord(24604): 
E/MainActivity(24604): +++ onCommandFinished() called with: cmd = [com.sixtyplus.nidfit.treadmill.app.command.SyncRecord@42d87148], e = [null]
D/dalvikvm(24604): threadid=66: exiting
D/dalvikvm(24604): threadid=66: detach (group=0x41863ce0)
D/Posix   (24604): [Posix_connect Debug]Process com.sixtyplus.nidfit.treadmill.app :80 
D/dalvikvm(24604): threadid=66: removing from list
D/dalvikvm(24604): threadid=66: bye!
I/System.out(24604): propertyValue:true
I/WindowManager(  719): Gaining focus: Window{41ec3470 u0 com.sixtyplus.nidfit.treadmill.app/com.sixtyplus.nidfit.treadmill.app.MainActivity}
I/BufferQueue(  151): [com.sixtyplus.nidfit.treadmill.app/com.sixtyplus.nidfit.treadmill.app.MainActivity](this:0xb7c3f6e0,id:3759,api:0,p:24604,c:151) connect: api=1 producer=(24604:com.sixtyplus.nidfit.treadmill.app) producerControlledByApp=true
I/BufferQueue(  151): [com.sixtyplus.nidfit.treadmill.app/com.sixtyplus.nidfit.treadmill.app.MainActivity](this:0xb7c3f6e0,id:3759,api:1,p:24604,c:151) new GraphicBuffer needed
D/BufferQueue(  151):     [OLD] gb:NULL
I/System.out(24604): [CDS]rx timeout:10000
I/System.out(24604): [socket][330] connection api.nidfit.60community.com/39.108.233.87:80;LocalPort=38905(10000)
I/System.out(24604): [CDS]connect[api.nidfit.60community.com/39.108.233.87:80] tm:10
D/Posix   (24604): [Posix_connect Debug]Process com.sixtyplus.nidfit.treadmill.app :80 
I/GraphicBuffer(  151): allocate buffer (w:1024 h:600 f:1) handle(0xb7c0bba0) err(0)
W/GraphicBufferExtra_hal(  151): gralloc extra device setBufInfo(...) is not supported
I/BufferQueue(  151):     [NEW] gb=0xb7bfcd88, handle=0xb7c0bba0, w=1024, h=600, s=1024, fmt=1
D/GraphicBuffer(24604): create handle(0x775ffa80) (w:1024, h:600, f:1)
D/BufferQueue(  151): [com.sixtyplus.nidfit.treadmill.app/com.sixtyplus.nidfit.treadmill.app.MainActivity](this:0xb7c3f6e0,id:3759,api:1,p:24604,c:151) cancelBuffer: slot=0
I/MaliEGL (24604): [Mali]window_type=1, is_framebuffer=0, errnum = 0
I/MaliEGL (24604): [Mali]surface->num_buffers=4, surface->num_frames=3, win_min_undequeued=1
I/MaliEGL (24604): [Mali]max_allowed_dequeued_buffers=3
I/BufferQueue(  151): [com.sixtyplus.nidfit.treadmill.app/com.sixtyplus.nidfit.treadmill.app.MainActivity](this:0xb7c3f6e0,id:3759,api:1,p:24604,c:151) setBufferCount: count=4
I/GraphicBuffer(  151): free buffer (w:1024 h:600 f:1) handle(0xb7c0bba0)
I/BufferQueue(  151): [com.sixtyplus.nidfit.treadmill.app/com.sixtyplus.nidfit.treadmill.app.MainActivity](this:0xb7c3f6e0,id:3759,api:1,p:24604,c:151) getReleasedBuffers: returning mask 0xffffffff
D/GraphicBuffer(24604): close handle(0x775ffa80) (w:1024 h:600 f:1)
I/BufferQueue(  151): [com.sixtyplus.nidfit.treadmill.app/com.sixtyplus.nidfit.treadmill.app.MainActivity](this:0xb7c3f6e0,id:3759,api:1,p:24604,c:151) new GraphicBuffer needed
D/BufferQueue(  151):     [OLD] gb:NULL
I/GraphicBuffer(  151): allocate buffer (w:1024 h:600 f:1) handle(0xb7c0bba0) err(0)
W/GraphicBufferExtra_hal(  151): gralloc extra device setBufInfo(...) is not supported
I/BufferQueue(  151):     [NEW] gb=0xb7bfcd88, handle=0xb7c0bba0, w=1024, h=600, s=1024, fmt=1
D/GraphicBuffer(24604): create handle(0x775ffa80) (w:1024, h:600, f:1)
D/OpenGLRenderer(24604): setViewport 1024x600 <0x775461a0>
E/PopupMgr(24604): refreshStack: #####mShowing=true  hasNoShow=true
E/----    (24604): hasFocus = true
V/InputMethodManager(24604): onWindowFocus: null softInputMode=16 first=true flags=#1810100
V/InputMethodManager(24604): START INPUT: com.android.internal.policy.impl.PhoneWindow$DecorView{42e77058 V.E..... R.....ID 0,0-1024,600} ic=null tba=android.view.inputmethod.EditorInfo@459317d8 controlFlags=#104
V/InputMethodManagerService(  719): windowGainedFocus: android.os.BinderProxy@41fd0b70 controlFlags=#104 softInputMode=#10 windowFlags=#1810100
I/System.out(24604): [socket][/172.16.0.142:33461] connected
D/dalvikvm(24604): create interp thread : stack size=128KB
D/dalvikvm(24604): create new thread
D/dalvikvm(24604): new thread created
D/dalvikvm(24604): update thread list
D/dalvikvm(24604): threadid=54: interp stack at 0x7a17d000
D/dalvikvm(24604): threadid=54: created from interp
D/dalvikvm(24604): threadid=54: adding to list
D/dalvikvm(24604): start new thread
I/System.out(24604): [CDS]rx timeout:10000
I/libPerfService(  719): 1: set: 1
E/        (  719): Could not open '/data/data/hotplug/cmd'
E/        (  719): error : 2, No such file or directory
D/dalvikvm(24604): threadid=54: notify debugger
D/dalvikvm(24604): threadid=54 (OkHttp ConnectionPool): calling run()
D/PowerManagerService(  719): releaseWakeLockInternal: lock=1104924816 [ActivityManager-Launch], flags=0x0, total_time=142ms
D/PowerManagerNotifier(  719): onWakeLockReleased: flags=1, tag="ActivityManager-Launch", packageName=android, ownerUid=1000, ownerPid=719, workSource=null
D/PowerManagerService(  719): updateWakeLockSummaryLocked: mWakefulness=Awake, mWakeLockSummary=0x0
D/PowerManagerService(  719): newScreenState = 2
D/PowerManagerDisplayController(  719): requestPowerState: screenState=2, useProximitySensor=false, forceProximitySensorEnable=false, forceWakeUpEnable=false, screenBrightness=74, screenAutoBrightnessAdjustment=0.0, useAutoBrightness=false, useEcoBrightness=false, blockScreenOn=false, waitForNegativeProximity=false
I/PowerManagerService(  719): setBrightness mButtonLight 0.
D/PowerManagerService(  719): updateScreenStateLocked: mDisplayReady=true, newScreenState=2, mWakefulness=1, mWakeLockSummary=0x0, mUserActivitySummary=0x1, mBootCompleted=true
D/PowerManagerService(  719): Releasing suspend blocker "PowerManagerService.WakeLocks".
D/PowerManagerService(  719): handleSandman: canDream=false, mWakefulness=Awake
D/OpenGLRenderer(24604): Flushing caches (mode 0)
D/BufferQueue(  151): [com.sixtyplus.nidfit.treadmill.app/com.sixtyplus.nidfit.treadmill.wifimgr.WifiActivity](this:0xb7c2a538,id:3757,api:1,p:24604,c:151) cancelBuffer: slot=1
D/GraphicBuffer(24604): close handle(0x77e2dd28) (w:1024 h:600 f:1)
W/hwcomposer(  151): [WKR] Timed out waiting for UIComposeThread_0...
D/GraphicBuffer(24604): close handle(0x79daafe8) (w:1024 h:600 f:1)
D/GraphicBuffer(24604): close handle(0x77e01758) (w:1024 h:600 f:1)
D/GraphicBuffer(24604): close handle(0x77e2dc28) (w:1024 h:600 f:1)
I/BufferQueue(  151): [com.sixtyplus.nidfit.treadmill.app/com.sixtyplus.nidfit.treadmill.wifimgr.WifiActivity](this:0xb7c2a538,id:3757,api:1,p:-1,c:151) disconnect: api=1
I/BufferQueue(  151): [com.sixtyplus.nidfit.treadmill.app/com.sixtyplus.nidfit.treadmill.wifimgr.WifiActivity](this:0xb7c2a538,id:3757,api:0,p:-1,c:151) getReleasedBuffers: returning mask 0xffffffff
I/GLConsumer(  151): [com.sixtyplus.nidfit.treadmill.app/com.sixtyplus.nidfit.treadmill.wifimgr.WifiActivity](this:0xb7c2e9e8,api:0) destroying EGLImage dpy=0x1 img=0x10000009
I/GLConsumer(  151): [com.sixtyplus.nidfit.treadmill.app/com.sixtyplus.nidfit.treadmill.wifimgr.WifiActivity](this:0xb7c2e9e8,api:0) destroying EGLImage dpy=0x1 img=0x1000000a
I/GraphicBuffer(  151): free buffer (w:1024 h:600 f:1) handle(0xb7c0b508)
I/GLConsumer(  151): [com.sixtyplus.nidfit.treadmill.app/com.sixtyplus.nidfit.treadmill.wifimgr.WifiActivity](this:0xb7c2e9e8,api:0) destroying EGLImage dpy=0x1 img=0x10000002
I/GraphicBuffer(  151): free buffer (w:1024 h:600 f:1) handle(0xb7c31c38)
I/GLConsumer(  151): [com.sixtyplus.nidfit.treadmill.app/com.sixtyplus.nidfit.treadmill.wifimgr.WifiActivity](this:0xb7c2e9e8,api:0) destroying EGLImage dpy=0x1 img=0x10000005
I/GraphicBuffer(  151): free buffer (w:1024 h:600 f:1) handle(0xb7bfdd90)
V/CloudServerImpl(24604): execRequest:  true  url:http://api.nidfit.60community.com/v2/motion/syncScene
V/CloudServerImpl(24604): execRequest: http://api.nidfit.60community.com/v2/motion/syncScene{"scenes":[]}
D/SQLiteDatabase(24604): beginTransaction()
D/SQLiteDatabase(24604): endTransaction()
D/SQLiteDatabase(24604): beginTransaction()
D/SQLiteDatabase(24604): endTransaction()
D/SQLiteDatabase(24604): beginTransaction()
D/SQLiteDatabase(24604): endTransaction()
D/SQLiteDatabase(24604): beginTransaction()
D/SQLiteDatabase(24604): endTransaction()
E/UserSceneSync(24604): --  0
E/UserSceneSync(24604): --  0
E/UserSceneSync(24604): --  0
E/MainActivity(24604): +++   onCommandFinished() called with: cmd = [com.sixtyplus.nidfit.treadmill.app.command.UserSceneSync@42b01b50], e = [null]
E/UserSceneSync(24604): -- 
D/SurfaceFlinger(  151): SurfaceFlingerWatchdog:ERROR: open /dev/RT_Monitor failed.
D/ActivityManager(  719): ACT-IDLE_NOW_MSG from windowsVisible() for idle: ActivityRecord{41e5d328 u0 com.sixtyplus.nidfit.treadmill.app/.MainActivity t4}
D/CrashReport(24604): >>> com.sixtyplus.nidfit.treadmill.wifimgr.WifiActivity onDestroyed <<<
D/OpenGLRenderer(24604): Flushing caches (mode 0)
D/IPCThreadState(  719): [DN #5] BR_CLEAR_DEATH_NOTIFICATION_DONE cookie 0x793aa390
D/ActivityThread(24604): ACT-DESTROY_ACTIVITY handled : 1 / android.os.BinderProxy@41db96b8
I/BufferQueue(  151): [com.sixtyplus.nidfit.treadmill.app/com.sixtyplus.nidfit.treadmill.wifimgr.WifiActivity](this:0xb7c2a538,id:3757,api:0,p:-1,c:-1) consumerDisconnect
W/SurfaceFlinger(  151): couldn't log to binary event log: overflow.
I/BufferQueue(  151): [com.sixtyplus.nidfit.treadmill.app/com.sixtyplus.nidfit.treadmill.wifimgr.WifiActivity](this:0xb7c2a538,id:3757,api:0,p:-1,c:-1) ~BufferQueue
I/GraphicBuffer(  151): free buffer (w:1024 h:600 f:1) handle(0xb7c2da90)
D/SIMHelper(  838): isSimInserted(0), SimInserted=false
D/StatusBar.NetworkController(  838): refreshViews(0), DataConnected=false simColorId = -1
D/StatusBar.NetworkController(  838): refreshViews(0), set parameters to signal cluster view.
D/SignalClusterView(  838): setWifiIndicators, visible=true, strengthIcon=com.mediatek.systemui.ext.IconIdWrapper@41da64f0, activityIcon=com.mediatek.systemui.ext.IconIdWrapper@41da6508, contentDescription=WLAN 
D/StatusBar.NetworkController(  838): refreshViews(0), tempPhoneSignalIconId.0 = 0  tempPhoneSignalIconId.1 = 0  tempMobileActivityIconId= 0  tempDataTypeIconId= 0
D/SignalClusterView(  838): setMobileDataIndicators(0), visible=true, strengthIcon[0] ~ [1] 0 ~ 0
D/SignalClusterView(  838): setIsAirplaneMode=false
D/SignalClusterView(  838): setRoamingFlagandResource(0), roaming=false, roamingId=0
D/SignalClusterView(  838): setShowSimIndicator(0), showSimIndicator=false simIndicatorResource = 0
D/SignalClusterView(  838): setDataNetType3G(0), NetworkType=null
D/SignalClusterView(  838): apply(), mWifiVisible is true
D/SIMHelper(  838): isSimInserted(0), SimInserted=false
D/SignalClusterView(  838): apply(), slotId=0, mMobileVisible=true, mShouldMobileGroupVisible=true
D/SignalClusterView(  838): apply(), slotId=0, mRoaming=false mMobileActivityId=0 mMobileTypeId=0 mMobileStrengthId[0] = 0 mMobileStrengthId[1] = 0
D/SIMHelper(  838): isSimInserted(0), SimInserted=false
D/SignalClusterView(  838): apply(). mIsAirplaneMode is false, NWType slot(0) is 8
W/InputReader(  719): inCount:16, pointer count:1
D/InputReader(  719): AP_PROF:AppLaunch_dispatchPtr:Down:21030888, ID:0, Index:1988718920
I/AP_PROF (  719): unable to open /proc/mtprof/status entry
D/PowerManagerService(  719): userActivityFromNative
D/PowerManagerService(  719): userActivityNoUpdateLocked: eventTime=21030888, event=0, flags=0x0, uid=1000
D/PowerManagerNotifier(  719): onUserActivity: event=0, uid=1000
D/PowerManagerService(  719): updateUserActivitySummaryLocked: mWakefulness=Awake, mUserActivitySummary=0x1, nextTimeout=321030888 (in 299999999 ms)
D/PowerManagerService(  719): newScreenState = 2
D/PowerManagerDisplayController(  719): requestPowerState: screenState=2, useProximitySensor=false, forceProximitySensorEnable=false, forceWakeUpEnable=false, screenBrightness=74, screenAutoBrightnessAdjustment=0.0, useAutoBrightness=false, useEcoBrightness=false, blockScreenOn=false, waitForNegativeProximity=false
I/PowerManagerService(  719): setBrightness mButtonLight 0.
D/PowerManagerService(  719): updateScreenStateLocked: mDisplayReady=true, newScreenState=2, mWakefulness=1, mWakeLockSummary=0x0, mUserActivitySummary=0x1, mBootCompleted=true
D/PowerManagerService(  719): userActivityFromNative
D/PowerManagerService(  719): userActivityNoUpdateLocked: eventTime=21030888, event=2, flags=0x0, uid=1000
D/PowerManagerNotifier(  719): onUserActivity: event=2, uid=1000
D/PowerManagerService(  719): handleSandman: canDream=false, mWakefulness=Awake
I/View    (24604): Touch down dispatch to android.widget.Button{42532450 VFED..C. ........ 0,0-160,80 #7f0d014c app:id/arrow_to_entertainment_btn}, event = MotionEvent { action=ACTION_DOWN, id[0]=0, x[0]=25.557404, y[0]=46.829266, toolType[0]=TOOL_TYPE_FINGER, buttonState=0, metaState=0, flags=0x0, edgeFlags=0x0, pointerCount=1, historySize=0, eventTime=21030888, downTime=21030888, deviceId=3, source=0x1002 }
W/InputReader(  719): inCount:16, pointer count:1
W/InputReader(  719): inCount:16, pointer count:1
W/InputReader(  719): inCount:16, pointer count:1
W/InputReader(  719): inCount:16, pointer count:1
W/InputReader(  719): inCount:16, pointer count:1
W/InputReader(  719): inCount:16, pointer count:1
E/isForeground(24604): resumed 1isForeground true
E/CtrlBarStateHandler(24604): onForegoundChanged: forground:true
E/CtrlBarStateHandler(24604): +- autoSelectMode: isForground:true  isRunningfalse  requestMode:GONE
W/InputReader(  719): inCount:16, pointer count:1
W/InputReader(  719): inCount:16, pointer count:1
W/InputReader(  719): inCount:16, pointer count:1
D/WifiStateMachine(  719): ConnectedState{ when=-2ms what=131155 arg1=31 target=com.android.internal.util.StateMachine$SmHandler target=Handler (com.android.internal.util.StateMachine$SmHandler) {421bb670} }
D/WifiStateMachine(  719): L2ConnectedState{ when=-2ms what=131155 arg1=31 target=com.android.internal.util.StateMachine$SmHandler target=Handler (com.android.internal.util.StateMachine$SmHandler) {421bb670} }
D/WifiHW  (  719): enter -->wifi_send_command cmd=IFNAME=wlan0 SIGNAL_POLL
D/wpa_supplicant(  971): RX ctrl_iface - hexdump(len=11): 53 49 47 4e 41 4c 5f 50 4f 4c 4c
D/wpa_supplicant(  971): wlan0: Control interface command 'SIGNAL_POLL'
D/wpa_supplicant(  971): nl80211: survey data missing!
D/WifiHW  (  719): leave --> reply=RSSI=-68
D/WifiHW  (  719): LINKSPEED=65
D/WifiHW  (  719): NOISE=9999
D/WifiHW  (  719): FREQUENCY=2412
D/WifiHW  (  719): 
D/wifi    (  719): doStringCommand, buf IFNAME=wlan0 SIGNAL_POLL
I/WifiStateMachine(  719): fetchRssiAndLinkSpeedNative, newRssi:-68, newLinkSpeed:65, SSID:"60_office"
W/InputReader(  719): outer ID:0, tracking ID:-1, pointer count:16
W/InputReader(  719): inCount:16, pointer count:1
D/InputReader(  719): AP_PROF:AppLaunch_dispatchPtr:Up:21031070, ID:0, Index:1988720216
I/View    (24604): Touch up dispatch to android.widget.Button{42532450 VFED..C. ...p.... 0,0-160,80 #7f0d014c app:id/arrow_to_entertainment_btn}, event = MotionEvent { action=ACTION_UP, id[0]=0, x[0]=25.557404, y[0]=52.80503, toolType[0]=TOOL_TYPE_FINGER, buttonState=0, metaState=0, flags=0x0, edgeFlags=0x0, pointerCount=1, historySize=0, eventTime=21031070, downTime=21030888, deviceId=3, source=0x1002 }
V/Provider/Settings(24604): get setting for user 0 by user 0 so skipping cache
V/Provider/Settings(24604):  from settings cache , name = sound_effects_enabled , value = 0
D/DhcpUtils(  719): read:ra_info_flag=0
I/BufferQueue(  151): [com.sixtyplus.nidfit.treadmill.app/com.sixtyplus.nidfit.treadmill.app.MainActivity](this:0xb7c3f6e0,id:3759,api:1,p:24604,c:151) new GraphicBuffer needed
D/BufferQueue(  151):     [OLD] gb:NULL
I/GraphicBuffer(  151): allocate buffer (w:1024 h:600 f:1) handle(0xb7bfde28) err(0)
W/GraphicBufferExtra_hal(  151): gralloc extra device setBufInfo(...) is not supported
I/BufferQueue(  151):     [NEW] gb=0xb7c0b778, handle=0xb7bfde28, w=1024, h=600, s=1024, fmt=1
D/GraphicBuffer(24604): create handle(0x77cfbfa8) (w:1024, h:600, f:1)
I/GLConsumer(  151): [com.sixtyplus.nidfit.treadmill.app/com.sixtyplus.nidfit.treadmill.app.MainActivity](this:0xb7bfbcd0,api:1) [void* android::GLConsumer::createImage(EGLDisplay, const android::sp<android::GraphicBuffer>&, const android::Rect&)]
D/GLConsumer(  151):     GraphicBuffer: gb=0xb7c0b778 handle=0xb7bfde28 fmt=1
D/GLConsumer(  151):     EGLImage: dpy=0x1, img=0x10000002
I/BufferQueue(  151): [com.sixtyplus.nidfit.treadmill.app/com.sixtyplus.nidfit.treadmill.app.MainActivity](this:0xb7c3f6e0,id:3759,api:1,p:24604,c:151) new GraphicBuffer needed
D/BufferQueue(  151):     [OLD] gb:NULL
W/ADB_SERVICES(  184): create_local_service_socket() name=shell:cat /proc/24604/stat
W/ADB_SERVICES(  184): service_to_fd() name=shell:cat /proc/24604/stat
I/BufferQueue(  151): [FrameBufferSurface_0](this:0xb7beb150,id:0,api:1,p:151,c:151) [release] fps:24.64, dur:1055.07, max:610.61, min:12.77
I/BufferQueue(  151): [FrameBufferSurface_0](this:0xb7beb150,id:0,api:1,p:151,c:151) [queue] fps:24.64, dur:1055.08, max:610.67, min:12.81
I/SurfaceFlinger(  151): [Built-in Screen (type:0)] fps:24.643648,dur:1055.04,max:610.68,min:12.99
W/ADB_SERVICES(  184): read_meminfo() mem_free=64052
W/ADB_SERVICES(  184): create_subprocess() ret_fd=15 pid=21158
W/ADB_SERVICES(  184): LS(21525): bound to 'shell:cat /proc/24604/stat' via 15
I/GraphicBuffer(  151): allocate buffer (w:1024 h:600 f:1) handle(0xb7c35b10) err(0)
W/GraphicBufferExtra_hal(  151): gralloc extra device setBufInfo(...) is not supported
I/BufferQueue(  151):     [NEW] gb=0xb7c06e10, handle=0xb7c35b10, w=1024, h=600, s=1024, fmt=1
W/ADB_SERVICES(21158): adb: unable to open /proc/21158/oom_adj
D/GraphicBuffer(24604): create handle(0x775a5300) (w:1024, h:600, f:1)
D/ADB_SERVICES(  184):  closing because is_eof=1 r=1 s->fde.force_eof=0
W/ADB_SERVICES(  184): entered. LS(21525) fd=15
W/ADB_SERVICES(  184): create_local_service_socket() name=shell:cat /proc/24604/stat
W/ADB_SERVICES(  184): service_to_fd() name=shell:cat /proc/24604/stat
W/ADB_SERVICES(  184): read_meminfo() mem_free=64052
W/ADB_SERVICES(  184): create_subprocess() ret_fd=15 pid=21159
W/ADB_SERVICES(  184): LS(21526): bound to 'shell:cat /proc/24604/stat' via 15
I/GLConsumer(  151): [com.sixtyplus.nidfit.treadmill.app/com.sixtyplus.nidfit.treadmill.app.MainActivity](this:0xb7bfbcd0,api:1) [void* android::GLConsumer::createImage(EGLDisplay, const android::sp<android::GraphicBuffer>&, const android::Rect&)]
D/GLConsumer(  151):     GraphicBuffer: gb=0xb7c06e10 handle=0xb7c35b10 fmt=1
D/GLConsumer(  151):     EGLImage: dpy=0x1, img=0x10000005
W/ADB_SERVICES(21159): adb: unable to open /proc/21159/oom_adj
I/BufferQueue(  151): [com.sixtyplus.nidfit.treadmill.app/com.sixtyplus.nidfit.treadmill.app.MainActivity](this:0xb7c3f6e0,id:3759,api:1,p:24604,c:151) new GraphicBuffer needed
D/BufferQueue(  151):     [OLD] gb:NULL
D/ADB_SERVICES(  184):  closing because is_eof=1 r=-1 s->fde.force_eof=0
W/ADB_SERVICES(  184): entered. LS(21526) fd=15
I/GraphicBuffer(  151): allocate buffer (w:1024 h:600 f:1) handle(0xb7c31f08) err(0)
W/GraphicBufferExtra_hal(  151): gralloc extra device setBufInfo(...) is not supported
I/BufferQueue(  151):     [NEW] gb=0xb7c2cfb0, handle=0xb7c31f08, w=1024, h=600, s=1024, fmt=1
D/GraphicBuffer(24604): create handle(0x7832e758) (w:1024, h:600, f:1)
I/BufferQueue(  151): [com.sixtyplus.nidfit.treadmill.app/com.sixtyplus.nidfit.treadmill.app.MainActivity](this:0xb7c3f6e0,id:3759,api:1,p:24604,c:151) [queue] fps:2.97, dur:1009.15, max:960.16, min:24.09
I/GLConsumer(  151): [com.sixtyplus.nidfit.treadmill.app/com.sixtyplus.nidfit.treadmill.app.MainActivity](this:0xb7bfbcd0,api:1) [void* android::GLConsumer::createImage(EGLDisplay, const android::sp<android::GraphicBuffer>&, const android::Rect&)]
D/GLConsumer(  151):     GraphicBuffer: gb=0xb7c2cfb0 handle=0xb7c31f08 fmt=1
D/GLConsumer(  151):     EGLImage: dpy=0x1, img=0x10000008
W/hwcomposer(  151): [WKR] Timed out waiting for UIComposeThread_0...
W/hwcomposer(  151): [WKR] Timed out waiting for UIComposeThread_0...
W/hwcomposer(  151): [WKR] Timed out waiting for UIComposeThread_0...
I/System.out(24604): [socket][/172.16.0.142:38905] connected
D/dalvikvm(24604): create interp thread : stack size=128KB
D/dalvikvm(24604): create new thread
D/dalvikvm(24604): new thread created
D/dalvikvm(24604): update thread list
D/dalvikvm(24604): threadid=66: interp stack at 0x7b295000
D/dalvikvm(24604): threadid=66: created from interp
D/dalvikvm(24604): threadid=66: adding to list
D/dalvikvm(24604): start new thread
I/System.out(24604): [CDS]rx timeout:10000
D/dalvikvm(24604): threadid=66: notify debugger
D/dalvikvm(24604): threadid=66 (OkHttp ConnectionPool): calling run()
W/hwcomposer(  151): [WKR] Timed out waiting for UIComposeThread_0...
W/hwcomposer(  151): [WKR] Timed out waiting for UIComposeThread_0...
W/hwcomposer(  151): [WKR] Timed out waiting for UIComposeThread_0...
W/hwcomposer(  151): [WKR] Timed out waiting for UIComposeThread_0...
D/SurfaceFlinger(  151): SurfaceFlingerWatchdog:ERROR: open /dev/RT_Monitor failed.
D/ConnectivityService(  719): sendStickyBroadcast: action=android.net.conn.CONNECTIVITY_CHANGE
V/ActivityManager(  719): Broadcast sticky: Intent { act=android.net.conn.CONNECTIVITY_CHANGE flg=0x4000010 (has extras) } ordered=false userid=-1 callerApp=ProcessRecord{41fff248 719:system/1000}
I/Tethering(  719): StateReceiver onReceive action:android.net.conn.CONNECTIVITY_CHANGE
I/Tethering(  719): Tethering got CONNECTIVITY_ACTION, networkInfo:NetworkInfo: type: WIFI[], state: CONNECTED/CONNECTED, reason: (unspecified), extra: "60_office", roaming: false, failover: false, isAvailable: true, isConnectedToProvisioningNetwork: false, simId: 0
D/Tethering(  719): Tethering got CONNECTIVITY_ACTION
D/ConnectivityService(  719): getActiveNetworkInfo:NetworkInfo: type: WIFI[], state: CONNECTED/CONNECTED, reason: (unspecified), extra: "60_office", roaming: false, failover: false, isAvailable: true, isConnectedToProvisioningNetwork: false, simId: 0/1000
D/CaptivePortalTracker(  719): NoActiveNetworkState{ when=0 what=1 obj=NetworkInfo: type: WIFI[], state: CONNECTED/CONNECTED, reason: (unspecified), extra: "60_office", roaming: false, failover: false, isAvailable: true, isConnectedToProvisioningNetwork: false, simId: 0 target=com.android.internal.util.StateMachine$SmHandler target=Handler (com.android.internal.util.StateMachine$SmHandler) {420f6a38} }
I/Tethering(  719): [MSM_Initial][TetherMaster] processMessage what=3
D/ConnectivityService(  719): getActiveNetworkInfo:NetworkInfo: type: WIFI[], state: CONNECTED/CONNECTED, reason: (unspecified), extra: "60_office", roaming: false, failover: false, isAvailable: true, isConnectedToProvisioningNetwork: false, simId: 0/1000
D/StatusBar.NetworkController(  838): onReceive, intent action = android.net.conn.CONNECTIVITY_CHANGE
D/StatusBar.NetworkController(  838): onReceive, ConnectivityManager.CONNECTIVITY_ACTION network type is 1
D/ConnectivityService(  719): getActiveNetworkInfo:NetworkInfo: type: WIFI[], state: CONNECTED/CONNECTED, reason: (unspecified), extra: "60_office", roaming: false, failover: false, isAvailable: true, isConnectedToProvisioningNetwork: false, simId: 0/10007
D/ConnectivityService(  719): getActiveNetworkInfo:NetworkInfo: type: WIFI[], state: CONNECTED/CONNECTED, reason: (unspecified), extra: "60_office", roaming: false, failover: false, isAvailable: true, isConnectedToProvisioningNetwork: false, simId: 0/1000
D/ConnectivityService(  719): getActiveNetworkInfo:NetworkInfo: type: WIFI[], state: CONNECTED/CONNECTED, reason: (unspecified), extra: "60_office", roaming: false, failover: false, isAvailable: true, isConnectedToProvisioningNetwork: false, simId: 0/10048
D/NetworkTimeUpdateService(  719): MyHandler::handleMessage what = 3
D/NetworkTimeUpdateService(  719): onPollNetworkTime start
V/Provider/Settings(  719): get setting for user 0 by user 0 so skipping cache
V/SettingsProvider(  719): call(global:auto_time) for 0
D/SettingsProvider(  719): lookupValue table global cache contains Key auto_time , value = Bundle[{value=1}]
V/Provider/Settings(  719): from db cache, name = auto_time , value = 1
D/ConnectivityService(  719): getActiveNetworkInfo:NetworkInfo: type: WIFI[], state: CONNECTED/CONNECTED, reason: (unspecified), extra: "60_office", roaming: false, failover: false, isAvailable: true, isConnectedToProvisioningNetwork: false, simId: 0/10048
D/CrashReport(12953): is Connect BC WIFI
I/CrashReport(12953): network null changed to WIFI
D/dalvikvm(  152): threadid=4: exiting
D/dalvikvm(  152): threadid=4: detach (group=0x418639b8)
D/dalvikvm(  152): threadid=4: removing from list
D/dalvikvm(  152): threadid=4: bye!
D/dalvikvm(  152): threadid=3: exiting
D/dalvikvm(  152): threadid=3: detach (group=0x418639b8)
D/CrashReport(24604): is Connect BC WIFI
D/dalvikvm(  152): threadid=3: removing from list
D/dalvikvm(  152): threadid=3: bye!
D/dalvikvm(  152): threadid=2: exiting
D/dalvikvm(  152): threadid=2: detach (group=0x418639b8)
D/dalvikvm(  152): threadid=2: removing from list
D/dalvikvm(  152): threadid=2: bye!
D/StatusBar.NetworkController(  838): updateConnectivity, mInetCondition=0
D/StatusBar.NetworkController(  838): updateDataNetType(0), DataNetType=0 / 0
D/SIMHelper(  838): isSimInserted(0), SimInserted=false
D/StatusBar.NetworkController(  838): updateDataIcon(0), SimState=UNKNOWN, DataState=0, DataActivity=0, tempNetworkType=null
I/CrashReport(24604): network null changed to WIFI
I/CrashReport(12953): try to upload crash on network changed.
I/CrashReport(24604): try to upload crash on network changed.
D/CrashReport(12953): [AsyncTaskHandler] Post a delay(time: 0ms) task: com.tencent.bugly.crashreport.crash.c$2
D/CrashReport(24604): [AsyncTaskHandler] Post a delay(time: 0ms) task: com.tencent.bugly.crashreport.crash.c$2
D/NetworkTimeUpdateService(  719): isAutomaticTimeRequested() = True
D/NetworkTimeUpdateService(  719): mNitzTimeSetTime: -1,refTime: 21031660
D/NetworkTimeUpdateService(  719): System time = 1516612886489
I/CrashReport(24604): try to upload userinfo on network changed.
D/CrashReport(24604): [AsyncTaskHandler] Post a normal task: com.tencent.bugly.crashreport.biz.a$2
D/CrashReport(24604): [Util] try to lock file:local_crash_lock (pid=24604 | tid=24627)
D/CrashReport(24604): Uploading frequency will not be checked if SDK is in debug mode.
D/CrashReport(24604): [Util] successfully locked file:local_crash_lock (pid=24604 | tid=24627)
D/CrashReport(12953): [Util] try to lock file:local_crash_lock (pid=12953 | tid=12976)
D/StatusBar.NetworkController(  838): updateDataIcon(0), callState(0) is 0
D/StatusBar.NetworkController(  838): updateDataIcon(0), iconId=0, visible=false
D/StatusBar.NetworkController(  838): updateTelephonySignalStrength(0), the SIMs initialization of framework has not been ready.
D/StatusBar.NetworkController(  838):  updateTelephonySignalStrength(0) tempSIMCUSignVisible= true
D/SIMHelper(  838): isSimInserted(0), SimInserted=false
D/StatusBar.NetworkController(  838): refreshViews(0), DataConnected=false simColorId = -1
D/SignalClusterView(  838): setRoamingFlagandResource(0), roaming=false, roamingId=0
D/SignalClusterView(  838): setShowSimIndicator(0), showSimIndicator=false simIndicatorResource = 0
D/SignalClusterView(  838): setDataNetType3G(0), NetworkType=null
D/SignalClusterView(  838): apply(), mWifiVisible is true
D/CrashReport(24604): [UserInfo] There is no user info in local database.
D/ConnectivityService(  719): getActiveNetworkInfo:NetworkInfo: type: WIFI[], state: CONNECTED/CONNECTED, reason: (unspecified), extra: "60_office", roaming: false, failover: false, isAvailable: true, isConnectedToProvisioningNetwork: false, simId: 0/1000
D/PowerManagerService(  719): acquireWakeLockInternal: lock=1105105712, flags=0x1, tag="SyncLoopWakeLock", ws=null, uid=1000, pid=719
D/CrashReport(24604): [Util] try to unlock file:local_crash_lock (pid=24604 | tid=24627)
D/PowerManagerNotifier(  719): onWakeLockAcquired: flags=1, tag="SyncLoopWakeLock", packageName=android, ownerUid=1000, ownerPid=719, workSource=null
D/PowerManagerService(  719): updateWakeLockSummaryLocked: mWakefulness=Awake, mWakeLockSummary=0x1
D/CrashReport(24604): [Util] successfully unlocked file:local_crash_lock (pid=24604 | tid=24627)
D/PowerManagerService(  719): newScreenState = 2
D/PowerManagerDisplayController(  719): requestPowerState: screenState=2, useProximitySensor=false, forceProximitySensorEnable=false, forceWakeUpEnable=false, screenBrightness=74, screenAutoBrightnessAdjustment=0.0, useAutoBrightness=false, useEcoBrightness=false, blockScreenOn=false, waitForNegativeProximity=false
D/SIMHelper(  838): isSimInserted(0), SimInserted=false
D/dalvikvm(  152): pre gc
D/SignalClusterView(  838): apply(), slotId=0, mMobileVisible=true, mShouldMobileGroupVisible=true
D/dalvikvm(  152): Zygote::ForkAndSpecialize +
D/SignalClusterView(  838): apply(), slotId=0, mRoaming=false mMobileActivityId=0 mMobileTypeId=0 mMobileStrengthId[0] = 0 mMobileStrengthId[1] = 0
I/CrashReport(12953): try to upload userinfo on network changed.
D/CrashReport(12953): [AsyncTaskHandler] Post a normal task: com.tencent.bugly.crashreport.biz.a$2
D/CrashReport(12953): Uploading frequency will not be checked if SDK is in debug mode.
D/CrashReport(12953): [UserInfo] There is no user info in local database.
D/SIMHelper(  838): isSimInserted(0), SimInserted=false
D/SignalClusterView(  838): apply(). mIsAirplaneMode is false, NWType slot(0) is 8
I/PowerManagerService(  719): setBrightness mButtonLight 0.
D/PowerManagerService(  719): updateScreenStateLocked: mDisplayReady=true, newScreenState=2, mWakefulness=1, mWakeLockSummary=0x1, mUserActivitySummary=0x1, mBootCompleted=true
D/PowerManagerService(  719): Acquiring suspend blocker "PowerManagerService.WakeLocks".
D/dalvikvm(  152): Zygote::ForkAndSpecialize : 21161
D/dalvikvm(21161): Zygote::ForkAndSpecialize : 0
W/dalvikvm(21161): PR_CAPBSET_DROP 0 failed: Invalid argument. Please make sure your kernel is compiled with file capabilities support enabled.
D/dalvikvm(  152): create interp thread : stack size=128KB
W/dalvikvm(21161): PR_CAPBSET_DROP 1 failed: Invalid argument. Please make sure your kernel is compiled with file capabilities support enabled.
W/dalvikvm(21161): PR_CAPBSET_DROP 2 failed: Invalid argument. Please make sure your kernel is compiled with file capabilities support enabled.
W/dalvikvm(21161): PR_CAPBSET_DROP 3 failed: Invalid argument. Please make sure your kernel is compiled with file capabilities support enabled.
W/dalvikvm(21161): PR_CAPBSET_DROP 4 failed: Invalid argument. Please make sure your kernel is compiled with file capabilities support enabled.
W/dalvikvm(21161): PR_CAPBSET_DROP 5 failed: Invalid argument. Please make sure your kernel is compiled with file capabilities support enabled.
W/dalvikvm(21161): PR_CAPBSET_DROP 6 failed: Invalid argument. Please make sure your kernel is compiled with file capabilities support enabled.
W/dalvikvm(21161): PR_CAPBSET_DROP 7 failed: Invalid argument. Please make sure your kernel is compiled with file capabilities support enabled.
D/dalvikvm(  152): create new thread
W/dalvikvm(21161): PR_CAPBSET_DROP 8 failed: Invalid argument. Please make sure your kernel is compiled with file capabilities support enabled.
W/dalvikvm(21161): PR_CAPBSET_DROP 9 failed: Invalid argument. Please make sure your kernel is compiled with file capabilities support enabled.
W/dalvikvm(21161): PR_CAPBSET_DROP 10 failed: Invalid argument. Please make sure your kernel is compiled with file capabilities support enabled.
W/dalvikvm(21161): PR_CAPBSET_DROP 11 failed: Invalid argument. Please make sure your kernel is compiled with file capabilities support enabled.
W/dalvikvm(21161): PR_CAPBSET_DROP 12 failed: Invalid argument. Please make sure your kernel is compiled with file capabilities support enabled.
W/dalvikvm(21161): PR_CAPBSET_DROP 13 failed: Invalid argument. Please make sure your kernel is compiled with file capabilities support enabled.
W/dalvikvm(21161): PR_CAPBSET_DROP 14 failed: Invalid argument. Please make sure your kernel is compiled with file capabilities support enabled.
W/dalvikvm(21161): PR_CAPBSET_DROP 15 failed: Invalid argument. Please make sure your kernel is compiled with file capabilities support enabled.
W/dalvikvm(21161): PR_CAPBSET_DROP 16 failed: Invalid argument. Please make sure your kernel is compiled with file capabilities support enabled.
W/dalvikvm(21161): PR_CAPBSET_DROP 17 failed: Invalid argument. Please make sure your kernel is compiled with file capabilities support enabled.
W/dalvikvm(21161): PR_CAPBSET_DROP 18 failed: Invalid argument. Please make sure your kernel is compiled with file capabilities support enabled.
W/dalvikvm(21161): PR_CAPBSET_DROP 19 failed: Invalid argument. Please make sure your kernel is compiled with file capabilities support enabled.
W/dalvikvm(21161): PR_CAPBSET_DROP 20 failed: Invalid argument. Please make sure your kernel is compiled with file capabilities support enabled.
W/dalvikvm(21161): PR_CAPBSET_DROP 21 failed: Invalid argument. Please make sure your kernel is compiled with file capabilities support enabled.
W/dalvikvm(21161): PR_CAPBSET_DROP 22 failed: Invalid argument. Please make sure your kernel is compiled with file capabilities support enabled.
W/dalvikvm(21161): PR_CAPBSET_DROP 23 failed: Invalid argument. Please make sure your kernel is compiled with file capabilities support enabled.
D/dalvikvm(  152): new thread created
W/dalvikvm(21161): PR_CAPBSET_DROP 24 failed: Invalid argument. Please make sure your kernel is compiled with file capabilities support enabled.
D/dalvikvm(  152): update thread list
W/dalvikvm(21161): PR_CAPBSET_DROP 25 failed: Invalid argument. Please make sure your kernel is compiled with file capabilities support enabled.
W/dalvikvm(21161): PR_CAPBSET_DROP 26 failed: Invalid argument. Please make sure your kernel is compiled with file capabilities support enabled.
W/dalvikvm(21161): PR_CAPBSET_DROP 27 failed: Invalid argument. Please make sure your kernel is compiled with file capabilities support enabled.
W/dalvikvm(21161): PR_CAPBSET_DROP 28 failed: Invalid argument. Please make sure your kernel is compiled with file capabilities support enabled.
W/dalvikvm(21161): PR_CAPBSET_DROP 29 failed: Invalid argument. Please make sure your kernel is compiled with file capabilities support enabled.
W/dalvikvm(21161): PR_CAPBSET_DROP 30 failed: Invalid argument. Please make sure your kernel is compiled with file capabilities support enabled.
W/dalvikvm(21161): PR_CAPBSET_DROP 31 failed: Invalid argument. Please make sure your kernel is compiled with file capabilities support enabled.
W/dalvikvm(21161): PR_CAPBSET_DROP 32 failed: Invalid argument. Please make sure your kernel is compiled with file capabilities support enabled.
W/dalvikvm(21161): PR_CAPBSET_DROP 33 failed: Invalid argument. Please make sure your kernel is compiled with file capabilities support enabled.
W/dalvikvm(21161): PR_CAPBSET_DROP 34 failed: Invalid argument. Please make sure your kernel is compiled with file capabilities support enabled.
W/dalvikvm(21161): PR_CAPBSET_DROP 35 failed: Invalid argument. Please make sure your kernel is compiled with file capabilities support enabled.
W/dalvikvm(21161): PR_CAPBSET_DROP 36 failed: Invalid argument. Please make sure your kernel is compiled with file capabilities support enabled.
D/dalvikvm(  152): threadid=2: interp stack at 0x71824000
D/dalvikvm(  152): threadid=2: created from interp
D/dalvikvm(  152): threadid=2: adding to list
D/dalvikvm(  152): start new thread
D/dalvikvm(  152): create interp thread : stack size=128KB
D/dalvikvm(  152): create new thread
D/dalvikvm(  152): new thread created
D/dalvikvm(  152): update thread list
D/dalvikvm(  152): threadid=2: notify debugger
D/dalvikvm(  152): threadid=2 (ReferenceQueueDaemon): calling run()
D/dalvikvm(  152): threadid=3: interp stack at 0x71945000
D/dalvikvm(  152): threadid=3: created from interp
D/dalvikvm(  152): threadid=3: adding to list
D/dalvikvm(  152): start new thread
D/dalvikvm(  152): create interp thread : stack size=128KB
D/PowerManagerService(  719): handleSandman: canDream=false, mWakefulness=Awake
D/dalvikvm(  152): create new thread
D/dalvikvm(  152): new thread created
D/dalvikvm(  152): update thread list
D/PowerManagerService(  719): releaseWakeLockInternal: lock=1105105712 [SyncLoopWakeLock], flags=0x0, total_time=11ms
D/PowerManagerNotifier(  719): onWakeLockReleased: flags=1, tag="SyncLoopWakeLock", packageName=android, ownerUid=1000, ownerPid=719, workSource=null
D/PowerManagerService(  719): updateWakeLockSummaryLocked: mWakefulness=Awake, mWakeLockSummary=0x0
D/PowerManagerService(  719): newScreenState = 2
D/PowerManagerDisplayController(  719): requestPowerState: screenState=2, useProximitySensor=false, forceProximitySensorEnable=false, forceWakeUpEnable=false, screenBrightness=74, screenAutoBrightnessAdjustment=0.0, useAutoBrightness=false, useEcoBrightness=false, blockScreenOn=false, waitForNegativeProximity=false
I/PowerManagerService(  719): setBrightness mButtonLight 0.
D/PowerManagerService(  719): updateScreenStateLocked: mDisplayReady=true, newScreenState=2, mWakefulness=1, mWakeLockSummary=0x0, mUserActivitySummary=0x1, mBootCompleted=true
D/PowerManagerService(  719): Releasing suspend blocker "PowerManagerService.WakeLocks".
D/dalvikvm(21161): zygote get new systemTid : 21161
D/PowerManagerService(  719): acquireWakeLockInternal: lock=1108595280, flags=0x1, tag="GpsLocationProvider", ws=null, uid=1000, pid=719
D/PowerManagerNotifier(  719): onWakeLockAcquired: flags=1, tag="GpsLocationProvider", packageName=android, ownerUid=1000, ownerPid=719, workSource=null
D/PowerManagerService(  719): updateWakeLockSummaryLocked: mWakefulness=Awake, mWakeLockSummary=0x1
D/PowerManagerService(  719): newScreenState = 2
D/dalvikvm(21161): threadid=2: interp stack at 0x71924000
D/dalvikvm(21161): threadid=2: adding to list (attached)
D/PowerManagerDisplayController(  719): requestPowerState: screenState=2, useProximitySensor=false, forceProximitySensorEnable=false, forceWakeUpEnable=false, screenBrightness=74, screenAutoBrightnessAdjustment=0.0, useAutoBrightness=false, useEcoBrightness=false, blockScreenOn=false, waitForNegativeProximity=false
I/PowerManagerService(  719): setBrightness mButtonLight 0.
D/PowerManagerService(  719): updateScreenStateLocked: mDisplayReady=true, newScreenState=2, mWakefulness=1, mWakeLockSummary=0x1, mUserActivitySummary=0x1, mBootCompleted=true
D/PowerManagerService(  719): Acquiring suspend blocker "PowerManagerService.WakeLocks".
D/dalvikvm(21161): threadid=2: attached from native, name=GC
D/PowerManagerService(  719): handleSandman: canDream=false, mWakefulness=Awake
D/GpsLocationProvider(  719): updateNetworkState available info: NetworkInfo: type: WIFI[], state: CONNECTED/CONNECTED, reason: (unspecified), extra: "60_office", roaming: false, failover: false, isAvailable: true, isConnectedToProvisioningNetwork: false, simId: 0
V/Provider/Settings(  719): get setting for user 0 by user 0 so skipping cache
D/dalvikvm(  152): threadid=3: notify debugger
D/dalvikvm(  152): threadid=3 (FinalizerDaemon): calling run()
D/dalvikvm(  152): threadid=4: interp stack at 0x71a66000
D/dalvikvm(21161): threadid=2: internal 'GC'
D/dalvikvm(  152): threadid=4: created from interp
D/dalvikvm(  152): threadid=4: adding to list
D/dalvikvm(  152): start new thread
D/dalvikvm(  152): threadid=4: notify debugger
D/dalvikvm(  152): threadid=4 (FinalizerWatchdogDaemon): calling run()
I/ActivityManager(  719): Start proc com.mediatek.mtklogger for broadcast com.mediatek.mtklogger/.framework.LogReceiver: pid=21161 uid=10033 gids={50033, 3003, 1028, 1015, 1035, 1023}
V/Provider/Settings(  719):  from settings cache , name = mobile_data , value = 1
D/ActivityManager(  719): getContentProviderImpl: from caller=android.app.ActivityThread$ApplicationThread@41db78d8 (pid=719, userId=0) to get content provider telephony cpr=ContentProviderRecord{422368a0 u0 com.android.providers.telephony/.TelephonyProvider}
D/ActivityManager(  719): getContentProviderImpl: updateLruProcessLocked cpr.proc=ProcessRecord{422649d0 1023:com.android.phone/1001}
D/ActivityThread(  719): hoder:android.app.IActivityManager$ContentProviderHolder@420b34e0,provider,holder.Provider:android.content.ContentProviderProxy@420c7fb8
D/dalvikvm(21161): threadid=3: interp stack at 0x71a45000
D/dalvikvm(21161): threadid=3: adding to list (attached)
I/TelephonyProvider( 1023): initDatabaseIfNeeded begin content://telephony/carriers/preferapn
D/dalvikvm(21161): threadid=3: attached from native, name=Signal Catcher
D/dalvikvm(21161): threadid=3: internal 'Signal Catcher'
D/dalvikvm(21161): Elevating priority from 0 to -8
D/jdwp    (21161): prepping for JDWP over ADB
I/TelephonyProvider( 1023):  mInitAPNGemini[0]: true,uricontent://telephony/carriers/preferapn
I/TelephonyProvider( 1023):  mInitAPNGemini[0] unlock: true,uricontent://telephony/carriers/preferapn
I/TelephonyProvider( 1023): initDatabaseIfNeeded end content://telephony/carriers/preferapn
D/dalvikvm(21161): threadid=4: interp stack at 0x71b66000
D/dalvikvm(21161): threadid=4: adding to list (attached)
D/dalvikvm(21161): threadid=4: attached from native, name=JDWP
D/dalvikvm(21161): threadid=4: internal 'JDWP'
D/jdwp    (21161): JDWP: thread running
D/jdwp    (21161): trying to receive file descriptor from ADB
D/ADB_SERVICES(  184): Adding socket 15 pid 21161 to jdwp process list
D/dalvikvm(21161): threadid=5: interp stack at 0x74d1b000
D/dalvikvm(21161): threadid=5: adding to list (attached)
D/dalvikvm(21161): threadid=5: attached from native, name=Compiler
D/dalvikvm(21161): threadid=5: internal 'Compiler'
D/dalvikvm(21161): zygote get thread init done
D/dalvikvm(21161): create interp thread : stack size=128KB
D/dalvikvm(21161): create new thread
D/dalvikvm(21161): new thread created
D/dalvikvm(21161): update thread list
D/dalvikvm(21161): threadid=6: interp stack at 0x74d3b000
D/dalvikvm(21161): threadid=6: created from interp
D/dalvikvm(21161): threadid=6: adding to list
D/dalvikvm(21161): start new thread
D/dalvikvm(21161): threadid=6: notify debugger
D/dalvikvm(21161): threadid=6 (ReferenceQueueDaemon): calling run()
D/dalvikvm(21161): create interp thread : stack size=128KB
D/dalvikvm(21161): create new thread
D/dalvikvm(21161): new thread created
D/dalvikvm(21161): update thread list
D/dalvikvm(21161): threadid=7: interp stack at 0x74e59000
D/dalvikvm(21161): threadid=7: created from interp
D/dalvikvm(21161): threadid=7: adding to list
D/dalvikvm(21161): start new thread
D/dalvikvm(21161): threadid=7: notify debugger
D/dalvikvm(21161): threadid=7 (FinalizerDaemon): calling run()
D/dalvikvm(21161): create interp thread : stack size=128KB
D/dalvikvm(21161): create new thread
D/dalvikvm(21161): new thread created
D/dalvikvm(21161): update thread list
D/dalvikvm(21161): threadid=8: interp stack at 0x74f77000
D/dalvikvm(21161): threadid=8: created from interp
D/dalvikvm(21161): threadid=8: adding to list
D/dalvikvm(21161): start new thread
D/dalvikvm(21161): threadid=8: notify debugger
D/dalvikvm(21161): threadid=8 (FinalizerWatchdogDaemon): calling run()
D/IPCThreadState( 1023): [DN #5] BR_CLEAR_DEATH_NOTIFICATION_DONE cookie 0x75c7f3d0
D/IPCThreadState(  719): [DN #5] BR_CLEAR_DEATH_NOTIFICATION_DONE cookie 0x77568028
D/PowerManagerService(  719): releaseWakeLockInternal: lock=1108595280 [GpsLocationProvider], flags=0x0, total_time=13ms
D/PowerManagerNotifier(  719): onWakeLockReleased: flags=1, tag="GpsLocationProvider", packageName=android, ownerUid=1000, ownerPid=719, workSource=null
D/PowerManagerService(  719): updateWakeLockSummaryLocked: mWakefulness=Awake, mWakeLockSummary=0x0
D/PowerManagerService(  719): newScreenState = 2
D/PowerManagerDisplayController(  719): requestPowerState: screenState=2, useProximitySensor=false, forceProximitySensorEnable=false, forceWakeUpEnable=false, screenBrightness=74, screenAutoBrightnessAdjustment=0.0, useAutoBrightness=false, useEcoBrightness=false, blockScreenOn=false, waitForNegativeProximity=false
I/PowerManagerService(  719): setBrightness mButtonLight 0.
D/PowerManagerService(  719): updateScreenStateLocked: mDisplayReady=true, newScreenState=2, mWakefulness=1, mWakeLockSummary=0x0, mUserActivitySummary=0x1, mBootCompleted=true
D/PowerManagerService(  719): Releasing suspend blocker "PowerManagerService.WakeLocks".
D/PowerManagerService(  719): handleSandman: canDream=false, mWakefulness=Awake
D/dalvikvm(21161): threadid=9: interp stack at 0x75395000
D/dalvikvm(21161): threadid=9: adding to list (attached)
D/dalvikvm(21161): threadid=9: attached from native, name=Binder_1
D/dalvikvm(21161): threadid=10: interp stack at 0x754b6000
D/dalvikvm(21161): threadid=10: adding to list (attached)
D/dalvikvm(21161): threadid=10: attached from native, name=Binder_2
V/Provider/Settings(21161): get setting for user 0 by user 0 so skipping cache
V/Provider/Settings(21161): invalidate [system]: current 4487 != cached 0
D/ActivityManager(  719): getContentProviderImpl: from caller=android.app.ApplicationThreadProxy@4224e578 (pid=21161, userId=0) to get content provider settings cpr=ContentProviderRecord{41f2d460 u0 com.android.providers.settings/.SettingsProvider}
D/ActivityManager(  719): getContentProviderImpl: updateLruProcessLocked cpr.proc=ProcessRecord{41fff248 719:system/1000}
D/ActivityThread(21161): hoder:android.app.IActivityManager$ContentProviderHolder@41d01c20,provider,holder.Provider:android.content.ContentProviderProxy@41d02398
V/SettingsProvider(  719): call(system:anr_debugging_mechanism) for 0
D/SettingsProvider(  719): lookupValue table system cache contains Key anr_debugging_mechanism , value = Bundle[{value=1}]
V/Provider/Settings(21161): from db cache, name = anr_debugging_mechanism , value = 1
D/asset   (21161): AssetManager-->addDefaultAssets CIP path not exsit!
D/Proxy   (21161): setHttpRequestCheckHandler
D/ActivityThread(21161): BIND_APPLICATION handled : 0 / AppBindData{appInfo=ApplicationInfo{41cff628 com.mediatek.mtklogger}}
D/ActivityThread(21161): BDC-Calling onReceive: intent=Intent { act=android.net.conn.CONNECTIVITY_CHANGE flg=0x4000010 cmp=com.mediatek.mtklogger/.framework.LogReceiver (has extras) }, ordered=true, receiver=com.mediatek.mtklogger.framework.LogReceiver@41d077d8
I/MTKLogger/Utils(21161): Andriod version string = 4.4.2
I/MTKLogger/Utils(21161): Formated version number = 4.4
I/MTKLogger/Utils(21161): Android version number=4.4
I/MTKLogger/LogReceiver(21161):  -->onReceive(), action=android.net.conn.CONNECTIVITY_CHANGE, bootupFlag=false
D/dalvikvm(21161): create interp thread : stack size=128KB
D/dalvikvm(21161): create new thread
D/dalvikvm(21161): new thread created
D/dalvikvm(21161): update thread list
D/dalvikvm(21161): threadid=11: interp stack at 0x75557000
D/dalvikvm(21161): threadid=11: created from interp
D/dalvikvm(21161): threadid=11: adding to list
D/dalvikvm(21161): start new thread
D/dalvikvm(21161): threadid=11: notify debugger
