D/dalvikvm(21261): create new thread
D/dalvikvm(21261): new thread created
D/dalvikvm(21261): update thread list
D/dalvikvm(21261): threadid=3: notify debugger
D/dalvikvm(21261): threadid=3 (FinalizerDaemon): calling run()
D/dalvikvm(21261): threadid=4: interp stack at 0x71af0000
D/dalvikvm(21261): threadid=4: created from interp
D/dalvikvm(21261): threadid=4: adding to list
D/dalvikvm(21261): start new thread
D/dalvikvm(21261): threadid=4: notify debugger
D/dalvikvm(21261): threadid=4 (FinalizerWatchdogDaemon): calling run()
D/dalvikvm(21261): threadid=5: interp stack at 0x71d10000
D/dalvikvm(21261): threadid=5: adding to list (attached)
D/dalvikvm(21261): threadid=5: attached from native, name=GC
D/dalvikvm(21261): threadid=5: internal 'GC'
D/dalvikvm(21261): threadid=6: interp stack at 0x71e30000
D/dalvikvm(21261): threadid=6: adding to list (attached)
D/dalvikvm(21261): threadid=6: attached from native, name=Signal Catcher
D/jdwp    (21261): prepping for JDWP over ADB
D/dalvikvm(21261): threadid=6: internal 'Signal Catcher'
D/dalvikvm(21261): Elevating priority from 0 to -8
D/dalvikvm(21261): threadid=7: interp stack at 0x71f50000
D/dalvikvm(21261): threadid=7: adding to list (attached)
D/dalvikvm(21261): threadid=7: attached from native, name=JDWP
D/dalvikvm(21261): threadid=7: internal 'JDWP'
D/jdwp    (21261): JDWP: thread running
D/jdwp    (21261): trying to receive file descriptor from ADB
D/ADB_SERVICES(  184): Adding socket 36 pid 21261 to jdwp process list
D/dalvikvm(21261): threadid=8: interp stack at 0x72070000
D/dalvikvm(21261): threadid=8: adding to list (attached)
D/dalvikvm(21261): threadid=8: attached from native, name=Compiler
D/dalvikvm(21261): threadid=8: internal 'Compiler'
D/dalvikvm(21261): threadid=8: SuspendAll starting
D/dalvikvm(21261): threadid=1: self-suspending
E/cutils-trace(21261): Error opening trace file: No such file or directory (2)
D/dalvikvm(21261): threadid=8:   threadid=1 status=9 sc=1 dc=0
D/dalvikvm(21261): threadid=8:   threadid=7 status=8 sc=1 dc=0
D/dalvikvm(21261): threadid=8:   threadid=6 status=8 sc=1 dc=0
D/dalvikvm(21261): threadid=8:   threadid=5 status=8 sc=1 dc=0
D/dalvikvm(21261): threadid=8:   threadid=4 status=4 sc=1 dc=0
D/dalvikvm(21261): threadid=8:   threadid=3 status=4 sc=1 dc=0
D/dalvikvm(21261): threadid=8:   threadid=2 status=4 sc=1 dc=0
D/dalvikvm(21261): threadid=8: SuspendAll complete : 1
D/dalvikvm(21261): threadid=8: ResumeAll starting
D/dalvikvm(21261): threadid=8: ResumeAll waking others
D/dalvikvm(21261): threadid=8: ResumeAll complete
D/dalvikvm(21261): threadid=1: self-reviving, status=1
D/dalvikvm(21261): Note: class Landroid/app/ActivityManagerNative; has 188 unimplemented (abstract) methods
D/WifiStateMachine(  719): ConnectedState{ when=-2ms what=131155 arg1=31 target=com.android.internal.util.StateMachine$SmHandler target=Handler (com.android.internal.util.StateMachine$SmHandler) {421bb670} }
D/WifiStateMachine(  719): L2ConnectedState{ when=-2ms what=131155 arg1=31 target=com.android.internal.util.StateMachine$SmHandler target=Handler (com.android.internal.util.StateMachine$SmHandler) {421bb670} }
D/WifiHW  (  719): enter -->wifi_send_command cmd=IFNAME=wlan0 SIGNAL_POLL
D/wpa_supplicant(  971): RX ctrl_iface - hexdump(len=11): 53 49 47 4e 41 4c 5f 50 4f 4c 4c
D/wpa_supplicant(  971): wlan0: Control interface command 'SIGNAL_POLL'
D/wpa_supplicant(  971): nl80211: survey data missing!
D/WifiHW  (  719): leave --> reply=RSSI=-71
D/WifiHW  (  719): LINKSPEED=65
D/WifiHW  (  719): NOISE=9999
D/WifiHW  (  719): FREQUENCY=2412
D/WifiHW  (  719): 
D/wifi    (  719): doStringCommand, buf IFNAME=wlan0 SIGNAL_POLL
I/WifiStateMachine(  719): fetchRssiAndLinkSpeedNative, newRssi:-71, newLinkSpeed:65, SSID:"60_office"
W/ADB_SERVICES(  184): create_local_service_socket() name=shell:ps
W/ADB_SERVICES(  184): service_to_fd() name=shell:ps
W/ADB_SERVICES(  184): read_meminfo() mem_free=55328
W/ADB_SERVICES(  184): create_subprocess() ret_fd=37 pid=21271
W/ADB_SERVICES(  184): LS(21559): bound to 'shell:ps' via 37
W/ADB_SERVICES(21271): adb: unable to open /proc/21271/oom_adj
E/memtrack(21261): Couldn't load memtrack module (No such file or directory)
E/android.os.Debug(21261): failed to load memtrack module: -2
D/wpa_supplicant(  971): p2p0: Starting AP scan for wildcard SSID
D/wpa_supplicant(  971): WPS: Building WPS IE for Probe Request
D/wpa_supplicant(  971): WPS:  * Version (hardcoded 0x10)
D/wpa_supplicant(  971): WPS:  * Request Type
D/wpa_supplicant(  971): WPS:  * Config Methods (4388)
D/wpa_supplicant(  971): WPS:  * UUID-E
D/wpa_supplicant(  971): WPS:  * Primary Device Type
D/wpa_supplicant(  971): WPS:  * RF Bands (1)
D/wpa_supplicant(  971): WPS:  * Association State
D/wpa_supplicant(  971): WPS:  * Configuration Error (0)
D/wpa_supplicant(  971): WPS:  * Device Password ID (0)
D/wpa_supplicant(  971): WPS:  * Manufacturer
D/wpa_supplicant(  971): WPS:  * Model Name
D/wpa_supplicant(  971): WPS:  * Model Number
D/wpa_supplicant(  971): WPS:  * Device Name
D/wpa_supplicant(  971): WPS:  * Version2 (0x20)
D/wpa_supplicant(  971): P2P: * P2P IE header
D/wpa_supplicant(  971): P2P: * Capability dev=25 group=00
D/wpa_supplicant(  971): P2P: * Listen Channel: Regulatory Class 81 Channel 1
D/wpa_supplicant(  971): p2p0: nl80211: scan request
D/wpa_supplicant(  971): nl80211: Scan SSID - hexdump(len=0): [NULL]
D/wpa_supplicant(  971): nl80211: Scan extra IEs - hexdump(len=168): dd 93 00 50 f2 04 10 4a 00 01 10 10 3a 00 01 00 10 08 00 02 43 88 10 47 00 10 ff f5 ef c9 8b bb ...
D/wpa_supplicant(  971): Scan requested (ret=0) - scan timeout 30 seconds
D/wpa_supplicant(  971): nl80211: Event message available
D/wpa_supplicant(  971): nl80211: Drv Event 33 (NL80211_CMD_TRIGGER_SCAN) received for p2p0
D/wpa_supplicant(  971): p2p0: nl80211: Scan trigger
D/[BT3.0+HS]PAL(  172): == chip_reset_fd is set ==
D/[BT3.0+HS]PAL(  172): 
D/[BT3.0+HS]PAL(  172): invalid reply message
D/[BT3.0+HS]PAL(  172): 
D/ADB_SERVICES(  184):  closing because is_eof=1 r=1 s->fde.force_eof=0
W/ADB_SERVICES(  184): entered. LS(21559) fd=37
W/ADB_SERVICES(  184): create_local_service_socket() name=shell:cat /proc/cpuinfo
W/ADB_SERVICES(  184): service_to_fd() name=shell:cat /proc/cpuinfo
W/ADB_SERVICES(  184): read_meminfo() mem_free=54212
W/ADB_SERVICES(  184): create_subprocess() ret_fd=37 pid=21272
W/ADB_SERVICES(  184): LS(21560): bound to 'shell:cat /proc/cpuinfo' via 37
W/ADB_SERVICES(21272): adb: unable to open /proc/21272/oom_adj
D/ADB_SERVICES(  184):  closing because is_eof=1 r=1 s->fde.force_eof=0
W/ADB_SERVICES(  184): entered. LS(21560) fd=37
D/SIMHelper(  838): isSimInserted(0), SimInserted=false
D/StatusBar.NetworkController(  838): refreshViews(0), DataConnected=false simColorId = -1
D/StatusBar.NetworkController(  838): refreshViews(0), set parameters to signal cluster view.
D/SignalClusterView(  838): setWifiIndicators, visible=true, strengthIcon=com.mediatek.systemui.ext.IconIdWrapper@41da64f0, activityIcon=com.mediatek.systemui.ext.IconIdWrapper@41da6508, contentDescription=WLAN 
D/StatusBar.NetworkController(  838): refreshViews(0), tempPhoneSignalIconId.0 = 0  tempPhoneSignalIconId.1 = 0  tempMobileActivityIconId= 0  tempDataTypeIconId= 0
D/SignalClusterView(  838): setMobileDataIndicators(0), visible=true, strengthIcon[0] ~ [1] 0 ~ 0
D/SignalClusterView(  838): setIsAirplaneMode=false
D/SignalClusterView(  838): setRoamingFlagandResource(0), roaming=false, roamingId=0
D/SignalClusterView(  838): setShowSimIndicator(0), showSimIndicator=false simIndicatorResource = 0
D/SignalClusterView(  838): setDataNetType3G(0), NetworkType=null
D/SignalClusterView(  838): apply(), mWifiVisible is true
D/SIMHelper(  838): isSimInserted(0), SimInserted=false
D/SignalClusterView(  838): apply(), slotId=0, mMobileVisible=true, mShouldMobileGroupVisible=true
D/SignalClusterView(  838): apply(), slotId=0, mRoaming=false mMobileActivityId=0 mMobileTypeId=0 mMobileStrengthId[0] = 0 mMobileStrengthId[1] = 0
D/SIMHelper(  838): isSimInserted(0), SimInserted=false
D/SignalClusterView(  838): apply(). mIsAirplaneMode is false, NWType slot(0) is 8
W/ADB_SERVICES(  184): create_local_service_socket() name=shell:dumpsys battery
W/ADB_SERVICES(  184): service_to_fd() name=shell:dumpsys battery
W/ADB_SERVICES(  184): read_meminfo() mem_free=53840
W/ADB_SERVICES(  184): create_subprocess() ret_fd=37 pid=21273
W/ADB_SERVICES(  184): LS(21561): bound to 'shell:dumpsys battery' via 37
W/ADB_SERVICES(21273): adb: unable to open /proc/21273/oom_adj
D/AndroidRuntime(21261): Calling main entry com.android.commands.monkey.Monkey
D/dalvikvm(21261): threadid=9: interp stack at 0x7254e000
D/dalvikvm(21261): threadid=9: adding to list (attached)
D/dalvikvm(21261): threadid=9: attached from native, name=Binder_1
D/dalvikvm(21261): threadid=10: interp stack at 0x7266e000
D/dalvikvm(21261): threadid=10: adding to list (attached)
D/dalvikvm(21261): threadid=10: attached from native, name=Binder_2
D/ADB_SERVICES(  184):  closing because is_eof=1 r=-1 s->fde.force_eof=0
W/ADB_SERVICES(  184): entered. LS(21561) fd=37
W/BroadcastQueue(  719): Skipping deliver [background] BroadcastRecord{4208b538 u-1 android.net.conn.CONNECTIVITY_CHANGE} to ReceiverList{420e7470 21261 (unknown name)/2000/u-1 remote:42104bd0}: process crashing
D/InputReader(  719): K_lock
D/InputReader(  719): SK_Lock_r
D/InputReader(  719): K_lock
D/InputReader(  719): SK_Lock_r
D/InputReader(  719): K_lock
D/InputReader(  719): SK_Lock_r
D/InputReader(  719): K_lock
D/InputReader(  719): SK_Lock_r
D/InputReader(  719): K_lock
D/InputReader(  719): SK_Lock_r
D/InputReader(  719): K_lock
D/InputReader(  719): SK_Lock_r
D/InputReader(  719): K_lock
D/InputReader(  719): SK_Lock_r
D/InputReader(  719): K_lock
D/InputReader(  719): SK_Lock_r
I/ActivityManager(  719): START u0 {act=android.intent.action.MAIN cat=[android.intent.category.LAUNCHER] flg=0x10200000 cmp=com.sixtyplus.nidfit.treadmill.app/.LoginActivity} from pid 21261
D/PowerManagerService(  719): userActivityFromNative
D/PowerManagerService(  719): userActivityNoUpdateLocked: eventTime=21043955, event=2, flags=0x0, uid=1000
D/PowerManagerNotifier(  719): onUserActivity: event=2, uid=1000
D/PowerManagerService(  719): updateUserActivitySummaryLocked: mWakefulness=Awake, mUserActivitySummary=0x1, nextTimeout=321043955 (in 299999998 ms)
D/PowerManagerService(  719): newScreenState = 2
D/PowerManagerDisplayController(  719): requestPowerState: screenState=2, useProximitySensor=false, forceProximitySensorEnable=false, forceWakeUpEnable=false, screenBrightness=74, screenAutoBrightnessAdjustment=0.0, useAutoBrightness=false, useEcoBrightness=false, blockScreenOn=false, waitForNegativeProximity=false
I/PowerManagerService(  719): setBrightness mButtonLight 0.
D/PowerManagerService(  719): updateScreenStateLocked: mDisplayReady=true, newScreenState=2, mWakefulness=1, mWakeLockSummary=0x0, mUserActivitySummary=0x1, mBootCompleted=true
D/PowerManagerService(  719): handleSandman: canDream=false, mWakefulness=Awake
I/View    (24604): Touch down dispatch to android.widget.LinearLayout{457e5c28 V.E..... ........ 0,494-1024,600 #7f0d011a app:id/layout_start}, event = MotionEvent { action=ACTION_DOWN, id[0]=0, x[0]=972.0, y[0]=58.0, toolType[0]=TOOL_TYPE_UNKNOWN, buttonState=0, metaState=0, flags=0x0, edgeFlags=0x0, pointerCount=1, historySize=0, eventTime=21043955, downTime=21043954, deviceId=0, source=0x1002 }
I/View    (24604): Touch down dispatch to android.widget.RelativeLayout{42ab0218 V.E..... ........ 1024,0-2048,600}, event = MotionEvent { action=ACTION_DOWN, id[0]=0, x[0]=972.0, y[0]=552.0, toolType[0]=TOOL_TYPE_UNKNOWN, buttonState=0, metaState=0, flags=0x0, edgeFlags=0x0, pointerCount=1, historySize=0, eventTime=21043955, downTime=21043954, deviceId=0, source=0x1002 }
I/View    (24604): Touch down dispatch to android.support.v4.view.ViewPager{42a56f78 VFED.... ......ID 0,0-1024,600 #7f0d017f app:id/container}, event = MotionEvent { action=ACTION_DOWN, id[0]=0, x[0]=972.0, y[0]=552.0, toolType[0]=TOOL_TYPE_UNKNOWN, buttonState=0, metaState=0, flags=0x0, edgeFlags=0x0, pointerCount=1, historySize=0, eventTime=21043955, downTime=21043954, deviceId=0, source=0x1002 }
I/View    (24604): Touch up dispatch to android.support.v4.view.ViewPager{42a56f78 VFED.... ......ID 0,0-1024,600 #7f0d017f app:id/container}, event = MotionEvent { action=ACTION_UP, id[0]=0, x[0]=971.9151, y[0]=538.4143, toolType[0]=TOOL_TYPE_UNKNOWN, buttonState=0, metaState=0, flags=0x0, edgeFlags=0x0, pointerCount=1, historySize=0, eventTime=21043960, downTime=21043954, deviceId=0, source=0x1002 }
D/WindowManager(  719): interceptKeyTq keycode=20 screenIsOn=true keyguardActive=false policyFlags = #b000000 down =true canceled = false isWakeKey=false mVolumeDownKeyTriggered =false mVolumeUpKeyTriggered =false
D/PowerManagerService(  719): userActivityFromNative
D/PowerManagerService(  719): userActivityNoUpdateLocked: eventTime=21044014, event=1, flags=0x0, uid=1000
D/PowerManagerNotifier(  719): onUserActivity: event=1, uid=1000
D/PowerManagerService(  719): updateUserActivitySummaryLocked: mWakefulness=Awake, mUserActivitySummary=0x5, nextTimeout=21052014 (in 7998 ms)
D/PowerManagerService(  719): newScreenState = 2
D/PowerManagerDisplayController(  719): requestPowerState: screenState=2, useProximitySensor=false, forceProximitySensorEnable=false, forceWakeUpEnable=false, screenBrightness=74, screenAutoBrightnessAdjustment=0.0, useAutoBrightness=false, useEcoBrightness=false, blockScreenOn=false, waitForNegativeProximity=false
D/LightsService(  719): setLight_native: light=2, colorARGB=0xff4a4a4a, flashMode=0, onMS=0, offMS=0, brightnessMode=0
D/lights  (  719): write_int open fd=-1
I/PowerManagerService(  719): setBrightness mButtonLight, screenBrightness=74
D/PowerManagerService(  719): updateScreenStateLocked: mDisplayReady=true, newScreenState=2, mWakefulness=1, mWakeLockSummary=0x0, mUserActivitySummary=0x5, mBootCompleted=true
D/PowerManagerService(  719): handleSandman: canDream=false, mWakefulness=Awake
D/KeyguardViewMediator(  838): isInputRestricted: showing=false, needReshow=false, provisioned=true
D/WindowManager(  719): interceptKeyTi keyCode=20 down=true repeatCount=0 keyguardOn=false mHomePressed=false canceled=false metaState:0
D/WindowManager(  719): interceptKeyTq keycode=20 screenIsOn=true keyguardActive=false policyFlags = #b000000 down =false canceled = false isWakeKey=false mVolumeDownKeyTriggered =false mVolumeUpKeyTriggered =false
D/KeyguardViewMediator(  838): isInputRestricted: showing=false, needReshow=false, provisioned=true
D/WindowManager(  719): interceptKeyTi keyCode=20 down=false repeatCount=0 keyguardOn=false mHomePressed=false canceled=false metaState:0
I/BufferQueue(  151): [com.sixtyplus.nidfit.treadmill.app/com.sixtyplus.nidfit.treadmill.app.MainActivity](this:0xb7c3f6e0,id:3759,api:1,p:24604,c:151) [queue] fps:0.85, dur:12899.24, max:12744.52, min:6.92
V/InputMethodManager(24604): START INPUT: android.support.v7.widget.RecyclerView{457e4f50 VFED.... .F...... 96,106-928,494 #7f0d00fe app:id/recyclerView} ic=null tba=android.view.inputmethod.EditorInfo@41d0bb60 controlFlags=#100
I/BufferQueue(  151): [com.sixtyplus.nidfit.treadmill.app/com.sixtyplus.nidfit.treadmill.app.MainActivity](this:0xb7c3f6e0,id:3759,api:1,p:24604,c:151) [release] fps:1.00, dur:12954.67, max:12733.79, min:16.49
I/BufferQueue(  151): [FrameBufferSurface_0](this:0xb7beb150,id:0,api:1,p:151,c:151) [release] fps:1.00, dur:12954.42, max:12721.49, min:16.52
I/BufferQueue(  151): [FrameBufferSurface_0](this:0xb7beb150,id:0,api:1,p:151,c:151) [queue] fps:1.00, dur:12954.37, max:12721.55, min:16.52
I/SurfaceFlinger(  151): [Built-in Screen (type:0)] fps:1.003525,dur:12954.33,max:12721.57,min:16.58
D/WindowManager(  719): interceptKeyTq keycode=19 screenIsOn=true keyguardActive=false policyFlags = #b000000 down =true canceled = false isWakeKey=false mVolumeDownKeyTriggered =false mVolumeUpKeyTriggered =false
D/KeyguardViewMediator(  838): isInputRestricted: showing=false, needReshow=false, provisioned=true
D/WindowManager(  719): interceptKeyTi keyCode=19 down=true repeatCount=0 keyguardOn=false mHomePressed=false canceled=false metaState:0
I/View    (24604): Key down dispatch to android.support.v7.widget.RecyclerView{457e4f50 VFED.... .F...... 96,106-928,494 #7f0d00fe app:id/recyclerView}, event = KeyEvent { action=ACTION_DOWN, keyCode=KEYCODE_DPAD_UP, scanCode=0, metaState=0, flags=0x8, repeatCount=0, eventTime=21044074, downTime=21044074, deviceId=-1, source=0x101 }
D/WindowManager(  719): interceptKeyTq keycode=19 screenIsOn=true keyguardActive=false policyFlags = #b000000 down =false canceled = false isWakeKey=false mVolumeDownKeyTriggered =false mVolumeUpKeyTriggered =false
D/KeyguardViewMediator(  838): isInputRestricted: showing=false, needReshow=false, provisioned=true
D/WindowManager(  719): interceptKeyTi keyCode=19 down=false repeatCount=0 keyguardOn=false mHomePressed=false canceled=false metaState:0
