--------- beginning of /dev/log/system
V/ActivityManager(  719): Broadcast: Intent { act=android.media.VOLUME_CHANGED_ACTION flg=0x10 (has extras) } ordered=false userid=-1 callerApp=ProcessRecord{41fff248 719:system/1000}
V/ActivityManager(  719): Broadcast: Intent { act=android.media.VOLUME_CHANGED_ACTION flg=0x10 (has extras) } ordered=false userid=-1 callerApp=ProcessRecord{41fff248 719:system/1000}
V/ActivityManager(  719): Broadcast: Intent { act=android.media.VOLUME_CHANGED_ACTION flg=0x10 (has extras) } ordered=false userid=-1 callerApp=ProcessRecord{41fff248 719:system/1000}
D/PowerManagerService(  719): updateWakeLockWorkSourceInternal: lock=1110985760 [AudioMix], ws=null
V/SettingsProvider(  719):    access setting for user 0
V/SettingsProvider(  719): call_put(system:volume_ring_speaker=14) for 0
V/SettingsProvider(  719): insert(content://settings/system) for user 0 by 0
D/PowerManagerService(  719): userActivityFromNative
D/PowerManagerService(  719): userActivityNoUpdateLocked: eventTime=20994846, event=1, flags=0x0, uid=1000
D/PowerManagerNotifier(  719): onUserActivity: event=1, uid=1000
D/PowerManagerService(  719): updateUserActivitySummaryLocked: mWakefulness=Awake, mUserActivitySummary=0x5, nextTimeout=21002846 (in 7991 ms)
D/PowerManagerService(  719): newScreenState = 2
D/PowerManagerDisplayController(  719): requestPowerState: screenState=2, useProximitySensor=false, forceProximitySensorEnable=false, forceWakeUpEnable=false, screenBrightness=74, screenAutoBrightnessAdjustment=0.0, useAutoBrightness=false, useEcoBrightness=false, blockScreenOn=false, waitForNegativeProximity=false
I/PowerManagerService(  719): setBrightness mButtonLight, screenBrightness=74
D/PowerManagerService(  719): updateScreenStateLocked: mDisplayReady=true, newScreenState=2, mWakefulness=1, mWakeLockSummary=0x1, mUserActivitySummary=0x5, mBootCompleted=true
D/PowerManagerService(  719): handleSandman: canDream=false, mWakefulness=Awake
V/SettingsProvider(  719): call(system:auto_caps) for 0
V/SettingsProvider(  719): call(system:auto_replace) for 0
V/SettingsProvider(  719): call(system:auto_punctuate) for 0
V/SettingsProvider(  719): call(system:show_password) for 0
D/PowerManagerService(  719): userActivityFromNative
D/PowerManagerService(  719): userActivityNoUpdateLocked: eventTime=20995028, event=2, flags=0x0, uid=1000
D/PowerManagerNotifier(  719): onUserActivity: event=2, uid=1000
D/PowerManagerService(  719): updateUserActivitySummaryLocked: mWakefulness=Awake, mUserActivitySummary=0x5, nextTimeout=21002846 (in 7801 ms)
D/PowerManagerService(  719): newScreenState = 2
D/PowerManagerDisplayController(  719): requestPowerState: screenState=2, useProximitySensor=false, forceProximitySensorEnable=false, forceWakeUpEnable=false, screenBrightness=74, screenAutoBrightnessAdjustment=0.0, useAutoBrightness=false, useEcoBrightness=false, blockScreenOn=false, waitForNegativeProximity=false
I/PowerManagerService(  719): setBrightness mButtonLight, screenBrightness=74
D/PowerManagerService(  719): updateScreenStateLocked: mDisplayReady=true, newScreenState=2, mWakefulness=1, mWakeLockSummary=0x1, mUserActivitySummary=0x5, mBootCompleted=true
D/PowerManagerService(  719): handleSandman: canDream=false, mWakefulness=Awake
V/SettingsProvider(  719):    access setting for user 0
V/SettingsProvider(  719): call(system:haptic_feedback_enabled) for 0
D/PowerManagerService(  719): updateWakeLockWorkSourceInternal: lock=1110985760 [AudioMix], ws=WorkSource{1000}
D/PowerManagerNotifier(  719): onWakeLockReleased: flags=1, tag="AudioMix", packageName=media, ownerUid=1013, ownerPid=154, workSource=null
D/PowerManagerNotifier(  719): onWakeLockAcquired: flags=1, tag="AudioMix", packageName=media, ownerUid=1013, ownerPid=154, workSource=WorkSource{1000}
I/ActivityManager(  719): START u0 {act=android.intent.action.MAIN cat=[android.intent.category.LAUNCHER] flg=0x10000000 cmp=com.android.music/.MusicBrowserActivity sel={act=android.intent.action.MAIN cat=[android.intent.category.APP_MUSIC]}} from pid 719
D/PowerManagerService(  719): updateWakeLockWorkSourceInternal: lock=1110985760 [AudioMix], ws=null
D/PowerManagerNotifier(  719): onWakeLockReleased: flags=1, tag="AudioMix", packageName=media, ownerUid=1013, ownerPid=154, workSource=WorkSource{1000}
D/PowerManagerNotifier(  719): onWakeLockAcquired: flags=1, tag="AudioMix", packageName=media, ownerUid=1013, ownerPid=154, workSource=null
D/PowerManagerService(  719): userActivityFromNative
D/PowerManagerService(  719): userActivityNoUpdateLocked: eventTime=20995345, event=0, flags=0x0, uid=1000
D/PowerManagerNotifier(  719): onUserActivity: event=0, uid=1000
D/PowerManagerService(  719): updateUserActivitySummaryLocked: mWakefulness=Awake, mUserActivitySummary=0x5, nextTimeout=21002846 (in 7497 ms)
D/PowerManagerService(  719): newScreenState = 2
D/PowerManagerDisplayController(  719): requestPowerState: screenState=2, useProximitySensor=false, forceProximitySensorEnable=false, forceWakeUpEnable=false, screenBrightness=74, screenAutoBrightnessAdjustment=0.0, useAutoBrightness=false, useEcoBrightness=false, blockScreenOn=false, waitForNegativeProximity=false
I/PowerManagerService(  719): setBrightness mButtonLight, screenBrightness=74
D/PowerManagerService(  719): updateScreenStateLocked: mDisplayReady=true, newScreenState=2, mWakefulness=1, mWakeLockSummary=0x1, mUserActivitySummary=0x5, mBootCompleted=true
D/PowerManagerService(  719): handleSandman: canDream=false, mWakefulness=Awake
D/PowerManagerService(  719): userActivityFromNative
D/PowerManagerService(  719): userActivityNoUpdateLocked: eventTime=20995370, event=1, flags=0x0, uid=1000
D/PowerManagerNotifier(  719): onUserActivity: event=1, uid=1000
D/PowerManagerService(  719): updateUserActivitySummaryLocked: mWakefulness=Awake, mUserActivitySummary=0x5, nextTimeout=21003370 (in 7999 ms)
D/PowerManagerService(  719): newScreenState = 2
D/PowerManagerDisplayController(  719): requestPowerState: screenState=2, useProximitySensor=false, forceProximitySensorEnable=false, forceWakeUpEnable=false, screenBrightness=74, screenAutoBrightnessAdjustment=0.0, useAutoBrightness=false, useEcoBrightness=false, blockScreenOn=false, waitForNegativeProximity=false
I/PowerManagerService(  719): setBrightness mButtonLight, screenBrightness=74
D/PowerManagerService(  719): updateScreenStateLocked: mDisplayReady=true, newScreenState=2, mWakefulness=1, mWakeLockSummary=0x1, mUserActivitySummary=0x5, mBootCompleted=true
D/PowerManagerService(  719): handleSandman: canDream=false, mWakefulness=Awake
V/ActivityManager(  719): Broadcast: Intent { act=android.intent.action.MEDIA_BUTTON flg=0x10 cmp=com.android.music/.MediaButtonIntentReceiver (has extras) } ordered=true userid=0 callerApp=null
D/ActivityThread( 4243): BDC-Calling onReceive: intent=Intent { act=android.intent.action.MEDIA_BUTTON flg=0x10 cmp=com.android.music/.MediaButtonIntentReceiver (has extras) }, ordered=true, receiver=com.android.music.MediaButtonIntentReceiver@41d0a1b0
D/ActivityThread( 4243): BDC-RECEIVER handled : 0 / ReceiverData{intent=Intent { act=android.intent.action.MEDIA_BUTTON flg=0x10 cmp=com.android.music/.MediaButtonIntentReceiver (has extras) } packageName=com.android.music resultCode=0 resultData=null resultExtras=null}
V/ActivityManager(  719): Broadcast: Intent { act=android.intent.action.MEDIA_BUTTON flg=0x10 cmp=com.android.music/.MediaButtonIntentReceiver (has extras) } ordered=true userid=0 callerApp=null
D/ActivityThread( 4243): BDC-Calling onReceive: intent=Intent { act=android.intent.action.MEDIA_BUTTON flg=0x10 cmp=com.android.music/.MediaButtonIntentReceiver (has extras) }, ordered=true, receiver=com.android.music.MediaButtonIntentReceiver@4200bc78
D/ActivityThread( 4243): BDC-RECEIVER handled : 0 / ReceiverData{intent=Intent { act=android.intent.action.MEDIA_BUTTON flg=0x10 cmp=com.android.music/.MediaButtonIntentReceiver (has extras) } packageName=com.android.music resultCode=0 resultData=null resultExtras=null}
D/PowerManagerService(  719): userActivityFromNative
D/PowerManagerService(  719): userActivityNoUpdateLocked: eventTime=20995577, event=2, flags=0x0, uid=1000
D/PowerManagerNotifier(  719): onUserActivity: event=2, uid=1000
D/PowerManagerService(  719): updateUserActivitySummaryLocked: mWakefulness=Awake, mUserActivitySummary=0x5, nextTimeout=21003370 (in 7791 ms)
D/PowerManagerService(  719): newScreenState = 2
D/PowerManagerDisplayController(  719): requestPowerState: screenState=2, useProximitySensor=false, forceProximitySensorEnable=false, forceWakeUpEnable=false, screenBrightness=74, screenAutoBrightnessAdjustment=0.0, useAutoBrightness=false, useEcoBrightness=false, blockScreenOn=false, waitForNegativeProximity=false
I/PowerManagerService(  719): setBrightness mButtonLight, screenBrightness=74
D/PowerManagerService(  719): updateScreenStateLocked: mDisplayReady=true, newScreenState=2, mWakefulness=1, mWakeLockSummary=0x1, mUserActivitySummary=0x5, mBootCompleted=true
D/PowerManagerService(  719): handleSandman: canDream=false, mWakefulness=Awake
V/SettingsProvider(  719):    access setting for user 0
V/SettingsProvider(  719): call(system:haptic_feedback_enabled) for 0
D/PowerManagerService(  719): updateWakeLockWorkSourceInternal: lock=1110985760 [AudioMix], ws=WorkSource{1000}
D/PowerManagerNotifier(  719): onWakeLockReleased: flags=1, tag="AudioMix", packageName=media, ownerUid=1013, ownerPid=154, workSource=null
D/PowerManagerNotifier(  719): onWakeLockAcquired: flags=1, tag="AudioMix", packageName=media, ownerUid=1013, ownerPid=154, workSource=WorkSource{1000}
D/PowerManagerService(  719): userActivityFromNative
D/PowerManagerService(  719): userActivityNoUpdateLocked: eventTime=20995881, event=1, flags=0x0, uid=1000
D/PowerManagerNotifier(  719): onUserActivity: event=1, uid=1000
D/PowerManagerService(  719): updateUserActivitySummaryLocked: mWakefulness=Awake, mUserActivitySummary=0x5, nextTimeout=21003881 (in 7998 ms)
D/PowerManagerService(  719): newScreenState = 2
D/PowerManagerDisplayController(  719): requestPowerState: screenState=2, useProximitySensor=false, forceProximitySensorEnable=false, forceWakeUpEnable=false, screenBrightness=74, screenAutoBrightnessAdjustment=0.0, useAutoBrightness=false, useEcoBrightness=false, blockScreenOn=false, waitForNegativeProximity=false
I/PowerManagerService(  719): setBrightness mButtonLight, screenBrightness=74
D/PowerManagerService(  719): updateScreenStateLocked: mDisplayReady=true, newScreenState=2, mWakefulness=1, mWakeLockSummary=0x1, mUserActivitySummary=0x5, mBootCompleted=true
D/PowerManagerService(  719): handleSandman: canDream=false, mWakefulness=Awake
D/PowerManagerService(  719): userActivityFromNative
D/PowerManagerService(  719): userActivityNoUpdateLocked: eventTime=20995928, event=0, flags=0x0, uid=1000
D/PowerManagerNotifier(  719): onUserActivity: event=0, uid=1000
D/PowerManagerService(  719): updateUserActivitySummaryLocked: mWakefulness=Awake, mUserActivitySummary=0x5, nextTimeout=21003881 (in 7949 ms)
D/PowerManagerService(  719): newScreenState = 2
D/PowerManagerDisplayController(  719): requestPowerState: screenState=2, useProximitySensor=false, forceProximitySensorEnable=false, forceWakeUpEnable=false, screenBrightness=74, screenAutoBrightnessAdjustment=0.0, useAutoBrightness=false, useEcoBrightness=false, blockScreenOn=false, waitForNegativeProximity=false
I/PowerManagerService(  719): setBrightness mButtonLight, screenBrightness=74
D/PowerManagerService(  719): updateScreenStateLocked: mDisplayReady=true, newScreenState=2, mWakefulness=1, mWakeLockSummary=0x1, mUserActivitySummary=0x5, mBootCompleted=true
D/PowerManagerService(  719): handleSandman: canDream=false, mWakefulness=Awake
V/SettingsProvider(  719):    access setting for user 0
V/SettingsProvider(  719): call(system:haptic_feedback_enabled) for 0
D/PowerManagerService(  719): updateWakeLockWorkSourceInternal: lock=1110985760 [AudioMix], ws=WorkSource{1000}
V/SettingsProvider(  719):    access setting for user 0
V/SettingsProvider(  719): call(system:haptic_feedback_enabled) for 0
D/PowerManagerService(  719): updateWakeLockWorkSourceInternal: lock=1110985760 [AudioMix], ws=WorkSource{1000}
W/InputManager(  719): Input event injection from pid 20507 failed.
V/SettingsProvider(  719):    access setting for user 0
V/SettingsProvider(  719): call(system:haptic_feedback_enabled) for 0
D/PowerManagerService(  719): updateWakeLockWorkSourceInternal: lock=1110985760 [AudioMix], ws=WorkSource{1000}
D/PowerManagerService(  719): updateWakeLockWorkSourceInternal: lock=1110985760 [AudioMix], ws=null
D/PowerManagerNotifier(  719): onWakeLockReleased: flags=1, tag="AudioMix", packageName=media, ownerUid=1013, ownerPid=154, workSource=WorkSource{1000}
D/PowerManagerNotifier(  719): onWakeLockAcquired: flags=1, tag="AudioMix", packageName=media, ownerUid=1013, ownerPid=154, workSource=null
D/PowerManagerService(  719): userActivityFromNative
D/PowerManagerService(  719): userActivityNoUpdateLocked: eventTime=20996195, event=2, flags=0x0, uid=1000
D/PowerManagerNotifier(  719): onUserActivity: event=2, uid=1000
D/PowerManagerService(  719): updateUserActivitySummaryLocked: mWakefulness=Awake, mUserActivitySummary=0x5, nextTimeout=21003881 (in 7684 ms)
D/PowerManagerService(  719): newScreenState = 2
D/PowerManagerDisplayController(  719): requestPowerState: screenState=2, useProximitySensor=false, forceProximitySensorEnable=false, forceWakeUpEnable=false, screenBrightness=74, screenAutoBrightnessAdjustment=0.0, useAutoBrightness=false, useEcoBrightness=false, blockScreenOn=false, waitForNegativeProximity=false
I/PowerManagerService(  719): setBrightness mButtonLight, screenBrightness=74
D/PowerManagerService(  719): updateScreenStateLocked: mDisplayReady=true, newScreenState=2, mWakefulness=1, mWakeLockSummary=0x1, mUserActivitySummary=0x5, mBootCompleted=true
D/PowerManagerService(  719): handleSandman: canDream=false, mWakefulness=Awake
V/SettingsProvider(  719):    access setting for user 0
V/SettingsProvider(  719): call(system:haptic_feedback_enabled) for 0
W/InputManager(  719): Input event injection from pid 12704 failed.
W/InputManager(  719): Input event injection from pid 12704 failed.
W/InputManager(  719): Input event injection from pid 12704 failed.
D/PowerManagerService(  719): updateWakeLockWorkSourceInternal: lock=1110985760 [AudioMix], ws=null
V/SettingsProvider(  719):    access setting for user 0
V/SettingsProvider(  719): call(system:haptic_feedback_enabled) for 0
D/PowerManagerService(  719): updateWakeLockWorkSourceInternal: lock=1110985760 [AudioMix], ws=null
I/FrameworkListener(  146): onDataAvailable get 54 bytes 
D/FrameworkListener(  146): dispatchCommand data = (getaddrinfo api.nidfit.60community.com ^ 1024 0 1 0 ^)
D/SocketClient(  146): SocketClient sendDatalocked done: 401
D/SocketClient(  146): SocketClient sendDatalocked done: 
D/PowerManagerService(  719): userActivityFromNative
D/PowerManagerService(  719): userActivityNoUpdateLocked: eventTime=20996393, event=1, flags=0x0, uid=1000
D/PowerManagerNotifier(  719): onUserActivity: event=1, uid=1000
D/PowerManagerService(  719): updateUserActivitySummaryLocked: mWakefulness=Awake, mUserActivitySummary=0x5, nextTimeout=21004393 (in 7363 ms)
D/PowerManagerService(  719): newScreenState = 2
D/PowerManagerDisplayController(  719): requestPowerState: screenState=2, useProximitySensor=false, forceProximitySensorEnable=false, forceWakeUpEnable=false, screenBrightness=74, screenAutoBrightnessAdjustment=0.0, useAutoBrightness=false, useEcoBrightness=false, blockScreenOn=false, waitForNegativeProximity=false
I/PowerManagerService(  719): setBrightness mButtonLight, screenBrightness=74
D/PowerManagerService(  719): updateScreenStateLocked: mDisplayReady=true, newScreenState=2, mWakefulness=1, mWakeLockSummary=0x1, mUserActivitySummary=0x5, mBootCompleted=true
D/PowerManagerService(  719): handleSandman: canDream=false, mWakefulness=Awake
D/PowerManagerService(  719): updateWakeLockWorkSourceInternal: lock=1110985760 [AudioMix], ws=null
D/PowerManagerService(  719): userActivityFromNative
D/PowerManagerService(  719): userActivityNoUpdateLocked: eventTime=20997081, event=1, flags=0x0, uid=1000
D/PowerManagerNotifier(  719): onUserActivity: event=1, uid=1000
D/PowerManagerService(  719): updateUserActivitySummaryLocked: mWakefulness=Awake, mUserActivitySummary=0x5, nextTimeout=21005081 (in 7998 ms)
D/PowerManagerService(  719): newScreenState = 2
D/PowerManagerDisplayController(  719): requestPowerState: screenState=2, useProximitySensor=false, forceProximitySensorEnable=false, forceWakeUpEnable=false, screenBrightness=74, screenAutoBrightnessAdjustment=0.0, useAutoBrightness=false, useEcoBrightness=false, blockScreenOn=false, waitForNegativeProximity=false
I/PowerManagerService(  719): setBrightness mButtonLight, screenBrightness=74
D/PowerManagerService(  719): updateScreenStateLocked: mDisplayReady=true, newScreenState=2, mWakefulness=1, mWakeLockSummary=0x1, mUserActivitySummary=0x5, mBootCompleted=true
D/PowerManagerService(  719): handleSandman: canDream=false, mWakefulness=Awake
D/PowerManagerService(  719): updateWakeLockWorkSourceInternal: lock=1110985760 [AudioMix], ws=null
D/PowerManagerService(  719): userActivityFromNative
D/PowerManagerService(  719): userActivityNoUpdateLocked: eventTime=20997259, event=0, flags=0x0, uid=1000
D/PowerManagerNotifier(  719): onUserActivity: event=0, uid=1000
D/PowerManagerService(  719): updateUserActivitySummaryLocked: mWakefulness=Awake, mUserActivitySummary=0x5, nextTimeout=21005081 (in 7820 ms)
D/PowerManagerService(  719): newScreenState = 2
D/PowerManagerDisplayController(  719): requestPowerState: screenState=2, useProximitySensor=false, forceProximitySensorEnable=false, forceWakeUpEnable=false, screenBrightness=74, screenAutoBrightnessAdjustment=0.0, useAutoBrightness=false, useEcoBrightness=false, blockScreenOn=false, waitForNegativeProximity=false
I/PowerManagerService(  719): setBrightness mButtonLight, screenBrightness=74
D/PowerManagerService(  719): updateScreenStateLocked: mDisplayReady=true, newScreenState=2, mWakefulness=1, mWakeLockSummary=0x1, mUserActivitySummary=0x5, mBootCompleted=true
D/PowerManagerService(  719): handleSandman: canDream=false, mWakefulness=Awake
D/PowerManagerService(  719): userActivityFromNative
D/PowerManagerService(  719): userActivityNoUpdateLocked: eventTime=20997267, event=2, flags=0x0, uid=1000
D/PowerManagerNotifier(  719): onUserActivity: event=2, uid=1000
D/PowerManagerService(  719): updateUserActivitySummaryLocked: mWakefulness=Awake, mUserActivitySummary=0x5, nextTimeout=21005081 (in 7811 ms)
D/PowerManagerService(  719): newScreenState = 2
D/PowerManagerDisplayController(  719): requestPowerState: screenState=2, useProximitySensor=false, forceProximitySensorEnable=false, forceWakeUpEnable=false, screenBrightness=74, screenAutoBrightnessAdjustment=0.0, useAutoBrightness=false, useEcoBrightness=false, blockScreenOn=false, waitForNegativeProximity=false
I/PowerManagerService(  719): setBrightness mButtonLight, screenBrightness=74
D/PowerManagerService(  719): updateScreenStateLocked: mDisplayReady=true, newScreenState=2, mWakefulness=1, mWakeLockSummary=0x1, mUserActivitySummary=0x5, mBootCompleted=true
D/PowerManagerService(  719): handleSandman: canDream=false, mWakefulness=Awake
D/PowerManagerService(  719): updateWakeLockWorkSourceInternal: lock=1110985760 [AudioMix], ws=null
V/SettingsProvider(  719): call(system:sound_effects_enabled) for 0
V/WindowManager(  719): Changing focus from Window{41fb5ab8 u0 com.sixtyplus.nidfit.treadmill.app/com.sixtyplus.nidfit.treadmill.wifimgr.WifiActivity} to Window{41cf8e50 u0 com.sixtyplus.nidfit.treadmill.app/com.sixtyplus.nidfit.treadmill.wifimgr.WifiActivity} Callers=com.android.server.wm.WindowManagerService.removeWindowLocked:2794 com.android.server.wm.WindowManagerService.removeWindow:2715 com.android.server.wm.Session.remove:182 android.view.IWindowSession$Stub.onTransact:197 
I/WindowManager(  719): Gaining focus: Window{41cf8e50 u0 com.sixtyplus.nidfit.treadmill.app/com.sixtyplus.nidfit.treadmill.wifimgr.WifiActivity}
I/WindowManager(  719): Losing focus: Window{41fb5ab8 u0 com.sixtyplus.nidfit.treadmill.app/com.sixtyplus.nidfit.treadmill.wifimgr.WifiActivity}
W/ViewRootImpl(24604): Dropping event due to root view being removed: MotionEvent { action=ACTION_MOVE, id[0]=0, x[0]=-2.0, y[0]=-2.0, toolType[0]=TOOL_TYPE_UNKNOWN, buttonState=0, metaState=0, flags=0x0, edgeFlags=0x0, pointerCount=1, historySize=3, eventTime=20997268, downTime=-1, deviceId=0, source=0x10004 }
V/InputMethodManagerService(  719): windowGainedFocus: android.os.BinderProxy@41fd0b70 controlFlags=#101 softInputMode=#10 windowFlags=#1810100
V/SettingsProvider(  719):    access setting for user 0
V/SettingsProvider(  719): call(system:haptic_feedback_enabled) for 0
D/PowerManagerService(  719): updateWakeLockWorkSourceInternal: lock=1110985760 [AudioMix], ws=null
D/PowerManagerService(  719): userActivityFromNative
D/PowerManagerService(  719): userActivityNoUpdateLocked: eventTime=20997612, event=1, flags=0x0, uid=1000
D/PowerManagerNotifier(  719): onUserActivity: event=1, uid=1000
D/PowerManagerService(  719): updateUserActivitySummaryLocked: mWakefulness=Awake, mUserActivitySummary=0x5, nextTimeout=21005612 (in 7993 ms)
D/PowerManagerService(  719): newScreenState = 2
D/PowerManagerDisplayController(  719): requestPowerState: screenState=2, useProximitySensor=false, forceProximitySensorEnable=false, forceWakeUpEnable=false, screenBrightness=74, screenAutoBrightnessAdjustment=0.0, useAutoBrightness=false, useEcoBrightness=false, blockScreenOn=false, waitForNegativeProximity=false
I/PowerManagerService(  719): setBrightness mButtonLight, screenBrightness=74
D/PowerManagerService(  719): updateScreenStateLocked: mDisplayReady=true, newScreenState=2, mWakefulness=1, mWakeLockSummary=0x1, mUserActivitySummary=0x5, mBootCompleted=true
D/PowerManagerService(  719): handleSandman: canDream=false, mWakefulness=Awake
D/NetlinkEvent(  146): clear RA flag done
I/NetlinkEvent(  146): clear 0 IPv6 DNS for wlan0
D/SocketClient(  146): SocketClient msg = Iface linkstate wlan0 down
D/SocketClient(  146): SocketClient sendDatalocked done: 600 Iface linkstate wlan0 down
D/NetlinkEvent(  146): clear RA flag done
I/NetlinkEvent(  146): clear 0 IPv6 DNS for wlan0
D/SocketClient(  146): SocketClient msg = Iface linkstate wlan0 down
D/SocketClient(  146): SocketClient sendDatalocked done: 600 Iface linkstate wlan0 down
D/NetdConnector(  719): RCV <- {600 Iface linkstate wlan0 down}
D/NetdConnector(  719): RCV <- {600 Iface linkstate wlan0 down}
D/NetworkManagementService(  719): onEvent:600 Iface linkstate wlan0 down:5
D/NetworkManagementService(  719): onEvent:600 Iface linkstate wlan0 down:5
V/ActivityManager(  719): Broadcast: Intent { act=android.net.wifi.SCAN_RESULTS flg=0x4000010 (has extras) } ordered=false userid=-1 callerApp=ProcessRecord{41fff248 719:system/1000}
I/WifiNotificationController(  719): checkAndSetNotification, state:DISCONNECTED
D/PowerManagerService(  719): userActivityFromNative
D/PowerManagerService(  719): userActivityNoUpdateLocked: eventTime=20997880, event=0, flags=0x0, uid=1000
D/PowerManagerNotifier(  719): onUserActivity: event=0, uid=1000
D/PowerManagerService(  719): updateUserActivitySummaryLocked: mWakefulness=Awake, mUserActivitySummary=0x5, nextTimeout=21005612 (in 7729 ms)
D/PowerManagerService(  719): newScreenState = 2
D/PowerManagerDisplayController(  719): requestPowerState: screenState=2, useProximitySensor=false, forceProximitySensorEnable=false, forceWakeUpEnable=false, screenBrightness=74, screenAutoBrightnessAdjustment=0.0, useAutoBrightness=false, useEcoBrightness=false, blockScreenOn=false, waitForNegativeProximity=false
I/PowerManagerService(  719): setBrightness mButtonLight, screenBrightness=74
D/PowerManagerService(  719): updateScreenStateLocked: mDisplayReady=true, newScreenState=2, mWakefulness=1, mWakeLockSummary=0x1, mUserActivitySummary=0x5, mBootCompleted=true
D/PowerManagerService(  719): handleSandman: canDream=false, mWakefulness=Awake
D/WifiNotificationController(  719): Connecting networkId:-1, isConnecting:false
I/WifiNotificationController(  719): Open network num:2
D/WifiNotificationController(  719): Supplicant state is SCANNING when interpret scan results.
V/SettingsProvider(  719): call(system:notification_sound) for 0
D/WifiNotificationController(  719): Pop up notification, mNotification.sound:null
V/NotificationService(  719): enqueueNotificationInternal: pkg=android id=17302940 notification=Notification(pri=0 contentView=android/0x1090068 vibrate=null sound=null defaults=0x0 flags=0x10 kind=[null])
V/NotificationService(  719): Initial score is 0.
V/NotificationService(  719): Final score is 0.
V/MoMS.NotificationController(  719): notifications are enabled for android
V/NotificationService(  719): Assigned score=0 to Notification(pri=0 contentView=android/0x1090068 vibrate=null sound=null defaults=0x0 flags=0x10 kind=[null])
D/PowerManagerService(  719): userActivityFromNative
D/PowerManagerService(  719): userActivityNoUpdateLocked: eventTime=20998078, event=2, flags=0x0, uid=1000
D/PowerManagerNotifier(  719): onUserActivity: event=2, uid=1000
D/PowerManagerService(  719): updateUserActivitySummaryLocked: mWakefulness=Awake, mUserActivitySummary=0x5, nextTimeout=21005612 (in 7529 ms)
D/PowerManagerService(  719): newScreenState = 2
D/PowerManagerDisplayController(  719): requestPowerState: screenState=2, useProximitySensor=false, forceProximitySensorEnable=false, forceWakeUpEnable=false, screenBrightness=74, screenAutoBrightnessAdjustment=0.0, useAutoBrightness=false, useEcoBrightness=false, blockScreenOn=false, waitForNegativeProximity=false
I/PowerManagerService(  719): setBrightness mButtonLight, screenBrightness=74
D/PowerManagerService(  719): updateScreenStateLocked: mDisplayReady=true, newScreenState=2, mWakefulness=1, mWakeLockSummary=0x1, mUserActivitySummary=0x5, mBootCompleted=true
D/PowerManagerService(  719): handleSandman: canDream=false, mWakefulness=Awake
D/PowerManagerService(  719): userActivityFromNative
D/PowerManagerService(  719): userActivityNoUpdateLocked: eventTime=20998142, event=1, flags=0x0, uid=1000
D/PowerManagerNotifier(  719): onUserActivity: event=1, uid=1000
D/PowerManagerService(  719): updateUserActivitySummaryLocked: mWakefulness=Awake, mUserActivitySummary=0x5, nextTimeout=21006142 (in 7996 ms)
D/PowerManagerService(  719): newScreenState = 2
D/PowerManagerDisplayController(  719): requestPowerState: screenState=2, useProximitySensor=false, forceProximitySensorEnable=false, forceWakeUpEnable=false, screenBrightness=74, screenAutoBrightnessAdjustment=0.0, useAutoBrightness=false, useEcoBrightness=false, blockScreenOn=false, waitForNegativeProximity=false
I/PowerManagerService(  719): setBrightness mButtonLight, screenBrightness=74
D/PowerManagerService(  719): updateScreenStateLocked: mDisplayReady=true, newScreenState=2, mWakefulness=1, mWakeLockSummary=0x1, mUserActivitySummary=0x5, mBootCompleted=true
D/PowerManagerService(  719): handleSandman: canDream=false, mWakefulness=Awake
D/PowerManagerService(  719): acquireWakeLockInternal: lock=1104924816, flags=0x1, tag="ActivityManager-Launch", ws=null, uid=1000, pid=719
D/PowerManagerNotifier(  719): onWakeLockAcquired: flags=1, tag="ActivityManager-Launch", packageName=android, ownerUid=1000, ownerPid=719, workSource=null
D/PowerManagerService(  719): updateWakeLockSummaryLocked: mWakefulness=Awake, mWakeLockSummary=0x1
D/PowerManagerService(  719): newScreenState = 2
D/PowerManagerDisplayController(  719): requestPowerState: screenState=2, useProximitySensor=false, forceProximitySensorEnable=false, forceWakeUpEnable=false, screenBrightness=74, screenAutoBrightnessAdjustment=0.0, useAutoBrightness=false, useEcoBrightness=false, blockScreenOn=false, waitForNegativeProximity=false
I/PowerManagerService(  719): setBrightness mButtonLight, screenBrightness=74
D/PowerManagerService(  719): updateScreenStateLocked: mDisplayReady=true, newScreenState=2, mWakefulness=1, mWakeLockSummary=0x1, mUserActivitySummary=0x5, mBootCompleted=true
D/PowerManagerService(  719): handleSandman: canDream=false, mWakefulness=Awake
D/ActivityThread(24604): ACT-AM_ON_PAUSE_CALLED ActivityRecord{457b36c0 token=android.os.BinderProxy@457b2cf8 {com.sixtyplus.nidfit.treadmill.app/com.sixtyplus.nidfit.treadmill.wifimgr.WifiActivity}}
D/ActivityThread(24604): ACT-PAUSE_ACTIVITY_FINISHING handled : 0 / android.os.BinderProxy@457b2cf8
V/ActivityThread(24604): Performing resume of ActivityRecord{42f6b290 token=android.os.BinderProxy@42f6a8d0 {com.sixtyplus.nidfit.treadmill.app/com.sixtyplus.nidfit.treadmill.app.MainActivity}} finished=false
W/InputManager(  719): Input event injection from pid 20507 failed.
W/InputManager(  719): Input event injection from pid 20507 failed.
D/ActivityThread(24604): ACT-AM_ON_RESUME_CALLED ActivityRecord{42f6b290 token=android.os.BinderProxy@42f6a8d0 {com.sixtyplus.nidfit.treadmill.app/com.sixtyplus.nidfit.treadmill.app.MainActivity}}
V/ActivityThread(24604): Resume ActivityRecord{42f6b290 token=android.os.BinderProxy@42f6a8d0 {com.sixtyplus.nidfit.treadmill.app/com.sixtyplus.nidfit.treadmill.app.MainActivity}} started activity: false, hideForNow: false, finished: false
V/ActivityThread(24604): Resuming ActivityRecord{42f6b290 token=android.os.BinderProxy@42f6a8d0 {com.sixtyplus.nidfit.treadmill.app/com.sixtyplus.nidfit.treadmill.app.MainActivity}} with isForward=false
V/ActivityThread(24604): Scheduling idle handler for ActivityRecord{42f6b290 token=android.os.BinderProxy@42f6a8d0 {com.sixtyplus.nidfit.treadmill.app/com.sixtyplus.nidfit.treadmill.app.MainActivity}}
D/ActivityThread(24604): ACT-RESUME_ACTIVITY handled : 0 / android.os.BinderProxy@42f6a8d0
V/WindowManager(  719): Changing focus from Window{41cf8e50 u0 com.sixtyplus.nidfit.treadmill.app/com.sixtyplus.nidfit.treadmill.wifimgr.WifiActivity} to Window{41ec3470 u0 com.sixtyplus.nidfit.treadmill.app/com.sixtyplus.nidfit.treadmill.app.MainActivity} Callers=com.android.server.wm.WindowManagerService.relayoutWindow:3383 com.android.server.wm.Session.relayout:191 android.view.IWindowSession$Stub.onTransact:235 com.android.server.wm.Session.onTransact:126 
I/WindowManager(  719): Gaining focus: Window{41ec3470 u0 com.sixtyplus.nidfit.treadmill.app/com.sixtyplus.nidfit.treadmill.app.MainActivity}
V/InputMethodManagerService(  719): windowGainedFocus: android.os.BinderProxy@41fd0b70 controlFlags=#104 softInputMode=#10 windowFlags=#1810100
I/ActivityManager(  719): START u0 {act=android.intent.action.MAIN cat=[android.intent.category.LAUNCHER] flg=0x10200000 cmp=com.sixtyplus.nidfit.treadmill.app/.LoginActivity} from pid 20507
D/SocketClient(  146): SocketClient msg = Iface linkstate p2p0 up
D/SocketClient(  146): SocketClient sendDatalocked done: 600 Iface linkstate p2p0 up
D/NetdConnector(  719): RCV <- {600 Iface linkstate p2p0 up}
D/NetworkManagementService(  719): onEvent:600 Iface linkstate p2p0 up:5
D/PowerManagerService(  719): userActivityFromNative
D/PowerManagerService(  719): userActivityNoUpdateLocked: eventTime=20998380, event=0, flags=0x0, uid=1000
D/PowerManagerNotifier(  719): onUserActivity: event=0, uid=1000
D/PowerManagerService(  719): updateUserActivitySummaryLocked: mWakefulness=Awake, mUserActivitySummary=0x5, nextTimeout=21006142 (in 7674 ms)
D/PowerManagerService(  719): newScreenState = 2
D/PowerManagerDisplayController(  719): requestPowerState: screenState=2, useProximitySensor=false, forceProximitySensorEnable=false, forceWakeUpEnable=false, screenBrightness=74, screenAutoBrightnessAdjustment=0.0, useAutoBrightness=false, useEcoBrightness=false, blockScreenOn=false, waitForNegativeProximity=false
I/PowerManagerService(  719): setBrightness mButtonLight, screenBrightness=74
D/PowerManagerService(  719): updateScreenStateLocked: mDisplayReady=true, newScreenState=2, mWakefulness=1, mWakeLockSummary=0x1, mUserActivitySummary=0x5, mBootCompleted=true
D/PowerManagerService(  719): handleSandman: canDream=false, mWakefulness=Awake
D/PowerManagerService(  719): updateWakeLockWorkSourceInternal: lock=1110985760 [AudioMix], ws=null
D/PowerManagerService(  719): releaseWakeLockInternal: lock=1110985760 [AudioMix], flags=0x0, total_time=5109ms
D/PowerManagerNotifier(  719): onWakeLockReleased: flags=1, tag="AudioMix", packageName=media, ownerUid=1013, ownerPid=154, workSource=null
D/PowerManagerService(  719): updateWakeLockSummaryLocked: mWakefulness=Awake, mWakeLockSummary=0x1
D/PowerManagerService(  719): newScreenState = 2
D/PowerManagerDisplayController(  719): requestPowerState: screenState=2, useProximitySensor=false, forceProximitySensorEnable=false, forceWakeUpEnable=false, screenBrightness=74, screenAutoBrightnessAdjustment=0.0, useAutoBrightness=false, useEcoBrightness=false, blockScreenOn=false, waitForNegativeProximity=false
I/PowerManagerService(  719): setBrightness mButtonLight, screenBrightness=74
D/PowerManagerService(  719): updateScreenStateLocked: mDisplayReady=true, newScreenState=2, mWakefulness=1, mWakeLockSummary=0x1, mUserActivitySummary=0x5, mBootCompleted=true
D/PowerManagerService(  719): handleSandman: canDream=false, mWakefulness=Awake
D/PowerManagerService(  719): userActivityFromNative
D/PowerManagerService(  719): userActivityNoUpdateLocked: eventTime=20998669, event=1, flags=0x0, uid=1000
D/PowerManagerNotifier(  719): onUserActivity: event=1, uid=1000
D/PowerManagerService(  719): updateUserActivitySummaryLocked: mWakefulness=Awake, mUserActivitySummary=0x5, nextTimeout=21006669 (in 7994 ms)
D/PowerManagerService(  719): newScreenState = 2
D/PowerManagerDisplayController(  719): requestPowerState: screenState=2, useProximitySensor=false, forceProximitySensorEnable=false, forceWakeUpEnable=false, screenBrightness=74, screenAutoBrightnessAdjustment=0.0, useAutoBrightness=false, useEcoBrightness=false, blockScreenOn=false, waitForNegativeProximity=false
I/PowerManagerService(  719): setBrightness mButtonLight, screenBrightness=74
D/PowerManagerService(  719): updateScreenStateLocked: mDisplayReady=true, newScreenState=2, mWakefulness=1, mWakeLockSummary=0x1, mUserActivitySummary=0x5, mBootCompleted=true
D/PowerManagerService(  719): handleSandman: canDream=false, mWakefulness=Awake
D/PowerManagerService(  719): userActivityFromNative
D/PowerManagerService(  719): userActivityNoUpdateLocked: eventTime=20998673, event=2, flags=0x0, uid=1000
D/PowerManagerNotifier(  719): onUserActivity: event=2, uid=1000
D/PowerManagerService(  719): updateUserActivitySummaryLocked: mWakefulness=Awake, mUserActivitySummary=0x5, nextTimeout=21006669 (in 7910 ms)
D/PowerManagerService(  719): newScreenState = 2
D/PowerManagerDisplayController(  719): requestPowerState: screenState=2, useProximitySensor=false, forceProximitySensorEnable=false, forceWakeUpEnable=false, screenBrightness=74, screenAutoBrightnessAdjustment=0.0, useAutoBrightness=false, useEcoBrightness=false, blockScreenOn=false, waitForNegativeProximity=false
I/PowerManagerService(  719): setBrightness mButtonLight, screenBrightness=74
D/PowerManagerService(  719): updateScreenStateLocked: mDisplayReady=true, newScreenState=2, mWakefulness=1, mWakeLockSummary=0x1, mUserActivitySummary=0x5, mBootCompleted=true
D/PowerManagerService(  719): handleSandman: canDream=false, mWakefulness=Awake
I/ActivityManager(  719): START u0 {act=android.intent.action.MAIN cat=[android.intent.category.LAUNCHER] flg=0x10200000 cmp=com.sixtyplus.nidfit.treadmill.app/.LoginActivity} from pid 20507
D/PowerManagerService(  719): userActivityFromNative
D/PowerManagerService(  719): userActivityNoUpdateLocked: eventTime=20998880, event=0, flags=0x0, uid=1000
D/PowerManagerNotifier(  719): onUserActivity: event=0, uid=1000
D/PowerManagerService(  719): updateUserActivitySummaryLocked: mWakefulness=Awake, mUserActivitySummary=0x5, nextTimeout=21006669 (in 7784 ms)
D/PowerManagerService(  719): newScreenState = 2
D/PowerManagerDisplayController(  719): requestPowerState: screenState=2, useProximitySensor=false, forceProximitySensorEnable=false, forceWakeUpEnable=false, screenBrightness=74, screenAutoBrightnessAdjustment=0.0, useAutoBrightness=false, useEcoBrightness=false, blockScreenOn=false, waitForNegativeProximity=false
I/PowerManagerService(  719): setBrightness mButtonLight, screenBrightness=74
D/PowerManagerService(  719): updateScreenStateLocked: mDisplayReady=true, newScreenState=2, mWakefulness=1, mWakeLockSummary=0x1, mUserActivitySummary=0x5, mBootCompleted=true
D/PowerManagerService(  719): handleSandman: canDream=false, mWakefulness=Awake
D/PowerManagerService(  719): userActivityFromNative
D/PowerManagerService(  719): userActivityNoUpdateLocked: eventTime=20999174, event=2, flags=0x0, uid=1000
D/PowerManagerNotifier(  719): onUserActivity: event=2, uid=1000
D/PowerManagerService(  719): updateUserActivitySummaryLocked: mWakefulness=Awake, mUserActivitySummary=0x5, nextTimeout=21006669 (in 7488 ms)
D/PowerManagerService(  719): newScreenState = 2
D/PowerManagerDisplayController(  719): requestPowerState: screenState=2, useProximitySensor=false, forceProximitySensorEnable=false, forceWakeUpEnable=false, screenBrightness=74, screenAutoBrightnessAdjustment=0.0, useAutoBrightness=false, useEcoBrightness=false, blockScreenOn=false, waitForNegativeProximity=false
I/PowerManagerService(  719): setBrightness mButtonLight, screenBrightness=74
D/PowerManagerService(  719): updateScreenStateLocked: mDisplayReady=true, newScreenState=2, mWakefulness=1, mWakeLockSummary=0x1, mUserActivitySummary=0x5, mBootCompleted=true
D/PowerManagerService(  719): handleSandman: canDream=false, mWakefulness=Awake
D/PowerManagerService(  719): userActivityFromNative
D/PowerManagerService(  719): userActivityNoUpdateLocked: eventTime=20999230, event=1, flags=0x0, uid=1000
D/PowerManagerNotifier(  719): onUserActivity: event=1, uid=1000
D/PowerManagerService(  719): updateUserActivitySummaryLocked: mWakefulness=Awake, mUserActivitySummary=0x5, nextTimeout=21007230 (in 7997 ms)
D/PowerManagerService(  719): newScreenState = 2
D/PowerManagerDisplayController(  719): requestPowerState: screenState=2, useProximitySensor=false, forceProximitySensorEnable=false, forceWakeUpEnable=false, screenBrightness=74, screenAutoBrightnessAdjustment=0.0, useAutoBrightness=false, useEcoBrightness=false, blockScreenOn=false, waitForNegativeProximity=false
I/PowerManagerService(  719): setBrightness mButtonLight, screenBrightness=74
D/PowerManagerService(  719): updateScreenStateLocked: mDisplayReady=true, newScreenState=2, mWakefulness=1, mWakeLockSummary=0x1, mUserActivitySummary=0x5, mBootCompleted=true
D/PowerManagerService(  719): handleSandman: canDream=false, mWakefulness=Awake
D/PowerManagerService(  719): releaseWakeLockInternal: lock=1104924816 [ActivityManager-Launch], flags=0x0, total_time=1061ms
D/PowerManagerNotifier(  719): onWakeLockReleased: flags=1, tag="ActivityManager-Launch", packageName=android, ownerUid=1000, ownerPid=719, workSource=null
D/PowerManagerService(  719): updateWakeLockSummaryLocked: mWakefulness=Awake, mWakeLockSummary=0x0
D/PowerManagerService(  719): newScreenState = 2
D/PowerManagerDisplayController(  719): requestPowerState: screenState=2, useProximitySensor=false, forceProximitySensorEnable=false, forceWakeUpEnable=false, screenBrightness=74, screenAutoBrightnessAdjustment=0.0, useAutoBrightness=false, useEcoBrightness=false, blockScreenOn=false, waitForNegativeProximity=false
I/PowerManagerService(  719): setBrightness mButtonLight, screenBrightness=74
D/PowerManagerService(  719): updateScreenStateLocked: mDisplayReady=true, newScreenState=2, mWakefulness=1, mWakeLockSummary=0x0, mUserActivitySummary=0x5, mBootCompleted=true
D/PowerManagerService(  719): Releasing suspend blocker "PowerManagerService.WakeLocks".
D/PowerManagerService(  719): handleSandman: canDream=false, mWakefulness=Awake
D/ActivityThread(24604): ACT-DESTROY_ACTIVITY handled : 1 / android.os.BinderProxy@457b2cf8
D/PowerManagerService(  719): userActivityFromNative
D/PowerManagerService(  719): userActivityNoUpdateLocked: eventTime=20999411, event=0, flags=0x0, uid=1000
D/PowerManagerNotifier(  719): onUserActivity: event=0, uid=1000
D/PowerManagerService(  719): updateUserActivitySummaryLocked: mWakefulness=Awake, mUserActivitySummary=0x5, nextTimeout=21007230 (in 7815 ms)
D/PowerManagerService(  719): newScreenState = 2
D/PowerManagerDisplayController(  719): requestPowerState: screenState=2, useProximitySensor=false, forceProximitySensorEnable=false, forceWakeUpEnable=false, screenBrightness=74, screenAutoBrightnessAdjustment=0.0, useAutoBrightness=false, useEcoBrightness=false, blockScreenOn=false, waitForNegativeProximity=false
I/PowerManagerService(  719): setBrightness mButtonLight, screenBrightness=74
D/PowerManagerService(  719): updateScreenStateLocked: mDisplayReady=true, newScreenState=2, mWakefulness=1, mWakeLockSummary=0x0, mUserActivitySummary=0x5, mBootCompleted=true
D/PowerManagerService(  719): handleSandman: canDream=false, mWakefulness=Awake
V/ActivityManager(  719): Broadcast: Intent { act=android.media.VOLUME_CHANGED_ACTION flg=0x10 (has extras) } ordered=false userid=-1 callerApp=ProcessRecord{41fff248 719:system/1000}
D/PowerManagerService(  719): acquireWakeLockInternal: lock=1105372888, flags=0x1, tag="AudioMix", ws=null, uid=1013, pid=154
D/PowerManagerNotifier(  719): onWakeLockAcquired: flags=1, tag="AudioMix", packageName=media, ownerUid=1013, ownerPid=154, workSource=null
D/PowerManagerService(  719): updateWakeLockSummaryLocked: mWakefulness=Awake, mWakeLockSummary=0x1
D/PowerManagerService(  719): newScreenState = 2
D/PowerManagerDisplayController(  719): requestPowerState: screenState=2, useProximitySensor=false, forceProximitySensorEnable=false, forceWakeUpEnable=false, screenBrightness=74, screenAutoBrightnessAdjustment=0.0, useAutoBrightness=false, useEcoBrightness=false, blockScreenOn=false, waitForNegativeProximity=false
I/PowerManagerService(  719): setBrightness mButtonLight, screenBrightness=74
D/PowerManagerService(  719): updateScreenStateLocked: mDisplayReady=true, newScreenState=2, mWakefulness=1, mWakeLockSummary=0x1, mUserActivitySummary=0x5, mBootCompleted=true
D/PowerManagerService(  719): Acquiring suspend blocker "PowerManagerService.WakeLocks".
D/PowerManagerService(  719): handleSandman: canDream=false, mWakefulness=Awake
D/PowerManagerService(  719): releaseWakeLockInternal: lock=1105372888 [AudioMix], flags=0x0, total_time=3ms
D/PowerManagerNotifier(  719): onWakeLockReleased: flags=1, tag="AudioMix", packageName=media, ownerUid=1013, ownerPid=154, workSource=null
D/PowerManagerService(  719): updateWakeLockSummaryLocked: mWakefulness=Awake, mWakeLockSummary=0x0
D/PowerManagerService(  719): newScreenState = 2
D/PowerManagerDisplayController(  719): requestPowerState: screenState=2, useProximitySensor=false, forceProximitySensorEnable=false, forceWakeUpEnable=false, screenBrightness=74, screenAutoBrightnessAdjustment=0.0, useAutoBrightness=false, useEcoBrightness=false, blockScreenOn=false, waitForNegativeProximity=false
I/PowerManagerService(  719): setBrightness mButtonLight, screenBrightness=74
D/PowerManagerService(  719): updateScreenStateLocked: mDisplayReady=true, newScreenState=2, mWakefulness=1, mWakeLockSummary=0x0, mUserActivitySummary=0x5, mBootCompleted=true
D/PowerManagerService(  719): Releasing suspend blocker "PowerManagerService.WakeLocks".
D/PowerManagerService(  719): handleSandman: canDream=false, mWakefulness=Awake
V/SettingsProvider(  719): call(system:ringtone) for 0
D/PowerManagerService(  719): acquireWakeLockInternal: lock=1107298288, flags=0x1, tag="AudioMix", ws=null, uid=1013, pid=154
D/PowerManagerNotifier(  719): onWakeLockAcquired: flags=1, tag="AudioMix", packageName=media, ownerUid=1013, ownerPid=154, workSource=null
D/PowerManagerService(  719): updateWakeLockSummaryLocked: mWakefulness=Awake, mWakeLockSummary=0x1
D/PowerManagerService(  719): newScreenState = 2
D/PowerManagerDisplayController(  719): requestPowerState: screenState=2, useProximitySensor=false, forceProximitySensorEnable=false, forceWakeUpEnable=false, screenBrightness=74, screenAutoBrightnessAdjustment=0.0, useAutoBrightness=false, useEcoBrightness=false, blockScreenOn=false, waitForNegativeProximity=false
I/PowerManagerService(  719): setBrightness mButtonLight, screenBrightness=74
D/PowerManagerService(  719): updateScreenStateLocked: mDisplayReady=true, newScreenState=2, mWakefulness=1, mWakeLockSummary=0x1, mUserActivitySummary=0x5, mBootCompleted=true
D/PowerManagerService(  719): Acquiring suspend blocker "PowerManagerService.WakeLocks".
D/PowerManagerService(  719): handleSandman: canDream=false, mWakefulness=Awake
D/PowerManagerService(  719): releaseWakeLockInternal: lock=1107298288 [AudioMix], flags=0x0, total_time=2ms
D/PowerManagerNotifier(  719): onWakeLockReleased: flags=1, tag="AudioMix", packageName=media, ownerUid=1013, ownerPid=154, workSource=null
D/PowerManagerService(  719): updateWakeLockSummaryLocked: mWakefulness=Awake, mWakeLockSummary=0x0
D/PowerManagerService(  719): newScreenState = 2
D/PowerManagerDisplayController(  719): requestPowerState: screenState=2, useProximitySensor=false, forceProximitySensorEnable=false, forceWakeUpEnable=false, screenBrightness=74, screenAutoBrightnessAdjustment=0.0, useAutoBrightness=false, useEcoBrightness=false, blockScreenOn=false, waitForNegativeProximity=false
I/PowerManagerService(  719): setBrightness mButtonLight, screenBrightness=74
D/PowerManagerService(  719): updateScreenStateLocked: mDisplayReady=true, newScreenState=2, mWakefulness=1, mWakeLockSummary=0x0, mUserActivitySummary=0x5, mBootCompleted=true
D/PowerManagerService(  719): Releasing suspend blocker "PowerManagerService.WakeLocks".
D/PowerManagerService(  719): handleSandman: canDream=false, mWakefulness=Awake
D/PowerManagerService(  719): acquireWakeLockInternal: lock=1109514640, flags=0x1, tag="AudioMix", ws=null, uid=1013, pid=154
D/PowerManagerNotifier(  719): onWakeLockAcquired: flags=1, tag="AudioMix", packageName=media, ownerUid=1013, ownerPid=154, workSource=null
D/PowerManagerService(  719): updateWakeLockSummaryLocked: mWakefulness=Awake, mWakeLockSummary=0x1
D/PowerManagerService(  719): newScreenState = 2
D/PowerManagerDisplayController(  719): requestPowerState: screenState=2, useProximitySensor=false, forceProximitySensorEnable=false, forceWakeUpEnable=false, screenBrightness=74, screenAutoBrightnessAdjustment=0.0, useAutoBrightness=false, useEcoBrightness=false, blockScreenOn=false, waitForNegativeProximity=false
I/PowerManagerService(  719): setBrightness mButtonLight, screenBrightness=74
D/PowerManagerService(  719): updateScreenStateLocked: mDisplayReady=true, newScreenState=2, mWakefulness=1, mWakeLockSummary=0x1, mUserActivitySummary=0x5, mBootCompleted=true
D/PowerManagerService(  719): Acquiring suspend blocker "PowerManagerService.WakeLocks".
D/PowerManagerService(  719): handleSandman: canDream=false, mWakefulness=Awake
D/PowerManagerService(  719): releaseWakeLockInternal: lock=1109514640 [AudioMix], flags=0x0, total_time=1ms
D/PowerManagerNotifier(  719): onWakeLockReleased: flags=1, tag="AudioMix", packageName=media, ownerUid=1013, ownerPid=154, workSource=null
D/PowerManagerService(  719): updateWakeLockSummaryLocked: mWakefulness=Awake, mWakeLockSummary=0x0
D/PowerManagerService(  719): newScreenState = 2
D/PowerManagerDisplayController(  719): requestPowerState: screenState=2, useProximitySensor=false, forceProximitySensorEnable=false, forceWakeUpEnable=false, screenBrightness=74, screenAutoBrightnessAdjustment=0.0, useAutoBrightness=false, useEcoBrightness=false, blockScreenOn=false, waitForNegativeProximity=false
I/PowerManagerService(  719): setBrightness mButtonLight, screenBrightness=74
D/PowerManagerService(  719): updateScreenStateLocked: mDisplayReady=true, newScreenState=2, mWakefulness=1, mWakeLockSummary=0x0, mUserActivitySummary=0x5, mBootCompleted=true
D/PowerManagerService(  719): Releasing suspend blocker "PowerManagerService.WakeLocks".
D/PowerManagerService(  719): acquireWakeLockInternal: lock=1107743360, flags=0x1, tag="AudioMix", ws=null, uid=1013, pid=154
D/PowerManagerNotifier(  719): onWakeLockAcquired: flags=1, tag="AudioMix", packageName=media, ownerUid=1013, ownerPid=154, workSource=null
D/PowerManagerService(  719): updateWakeLockSummaryLocked: mWakefulness=Awake, mWakeLockSummary=0x1
D/PowerManagerService(  719): newScreenState = 2
D/PowerManagerDisplayController(  719): requestPowerState: screenState=2, useProximitySensor=false, forceProximitySensorEnable=false, forceWakeUpEnable=false, screenBrightness=74, screenAutoBrightnessAdjustment=0.0, useAutoBrightness=false, useEcoBrightness=false, blockScreenOn=false, waitForNegativeProximity=false
I/PowerManagerService(  719): setBrightness mButtonLight, screenBrightness=74
D/PowerManagerService(  719): updateScreenStateLocked: mDisplayReady=true, newScreenState=2, mWakefulness=1, mWakeLockSummary=0x1, mUserActivitySummary=0x5, mBootCompleted=true
D/PowerManagerService(  719): Acquiring suspend blocker "PowerManagerService.WakeLocks".
D/PowerManagerService(  719): releaseWakeLockInternal: lock=1107743360 [AudioMix], flags=0x0, total_time=1ms
