I/chromium( 9136): [INFO:image_raster_worker_pool.cc(75)] [RunOnWorkerThread] --------------
I/chromium( 9136): [INFO:resource_provider.cc(1770)] [StartRaster] allocated=[1] image_id=[949] buffer=[0x85919000] stride=[1536]
I/chromium( 9136): [INFO:image_raster_worker_pool.cc(75)] [RunOnWorkerThread] --------------
I/chromium( 9136): [INFO:resource_provider.cc(1770)] [StartRaster] allocated=[1] image_id=[548] buffer=[0x85b42000] stride=[1536]
I/chromium( 9136): [INFO:image_raster_worker_pool.cc(75)] [RunOnWorkerThread] --------------
I/chromium( 9136): [INFO:resource_provider.cc(1770)] [StartRaster] allocated=[1] image_id=[947] buffer=[0x82db7000] stride=[1536]
I/chromium( 9136): [INFO:image_raster_worker_pool.cc(75)] [RunOnWorkerThread] --------------
I/chromium( 9136): [INFO:resource_provider.cc(1770)] [StartRaster] allocated=[1] image_id=[839] buffer=[0x826fa000] stride=[1536]
I/chromium( 9136): [INFO:image_raster_worker_pool.cc(75)] [RunOnWorkerThread] --------------
I/        (  245): [BWC INFO](245): get_bwc_mm_property success
I/chromium( 9136): [INFO:resource_provider.cc(1770)] [StartRaster] allocated=[1] image_id=[990] buffer=[0x8527c000] stride=[1280]
I/chromium( 9136): [INFO:image_raster_worker_pool.cc(75)] [RunOnWorkerThread] --------------
I/        (  245): [BWC INFO](245): get_bwc_mm_property success
D/BatteryService( 1909): mBatteryVoltage=4266, batteryLevel=50
V/ActivityManager( 1909): Broadcast sticky: Intent { act=android.intent.action.ADDITIONAL_BATTERY_CHANGED flg=0x60000010 (has extras) } ordered=false userid=-1 callerApp=null
V/ActivityManager( 1909): Broadcast sticky: Intent { act=android.intent.action.BATTERY_CHANGED flg=0x60000010 (has extras) } ordered=false userid=-1 callerApp=null
I/        (  245): [BWC INFO](245): get_bwc_mm_property success
D/PowerSaveService( 4675): PowerSaveReceiver EXTRA_STATUS: status = 5, lastCharging = true
I/chromium( 9136): [INFO:resource_provider.cc(1770)] [StartRaster] allocated=[1] image_id=[724] buffer=[0x8962a000] stride=[1536]
I/chromium( 9136): [INFO:image_raster_worker_pool.cc(75)] [RunOnWorkerThread] --------------
I/chromium( 9136): [INFO:resource_provider.cc(1770)] [StartRaster] allocated=[1] image_id=[885] buffer=[0x8205e000] stride=[1536]
I/chromium( 9136): [INFO:image_raster_worker_pool.cc(75)] [RunOnWorkerThread] --------------
I/chromium( 9136): [INFO:resource_provider.cc(1770)] [StartRaster] allocated=[1] image_id=[899] buffer=[0x851a0000] stride=[1536]
I/chromium( 9136): [INFO:image_raster_worker_pool.cc(75)] [RunOnWorkerThread] --------------
I/chromium( 9136): [INFO:resource_provider.cc(1770)] [StartRaster] allocated=[1] image_id=[798] buffer=[0x8a6b0000] stride=[1536]
D/HeadsetStateMachine( 6839): Disconnected process message: 10
I/chromium( 9136): [INFO:image_raster_worker_pool.cc(75)] [RunOnWorkerThread] --------------
I/chromium( 9136): [INFO:resource_provider.cc(1770)] [StartRaster] allocated=[1] image_id=[883] buffer=[0x829c7000] stride=[1536]
V/ActivityManager( 1909): Broadcast sticky: Intent { act=android.intent.action.ADDITIONAL_BATTERY_CHANGED flg=0x60000010 (has extras) } ordered=false userid=-1 callerApp=null
I/chromium( 9136): [INFO:image_raster_worker_pool.cc(75)] [RunOnWorkerThread] --------------
I/chromium( 9136): [INFO:resource_provider.cc(1770)] [StartRaster] allocated=[1] image_id=[536] buffer=[0x8959a000] stride=[1536]
I/chromium( 9136): [INFO:image_raster_worker_pool.cc(75)] [RunOnWorkerThread] --------------
I/chromium( 9136): [INFO:resource_provider.cc(1770)] [StartRaster] allocated=[1] image_id=[934] buffer=[0x8658a000] stride=[1536]
V/ActivityManager( 1909): Broadcast sticky: Intent { act=android.intent.action.ADDITIONAL_BATTERY_CHANGED flg=0x60000010 (has extras) } ordered=false userid=-1 callerApp=null
D/WifiService( 1909): onReceive, action:android.intent.action.BATTERY_CHANGED
D/UsbDeviceManager( 1909): onReceive - BATTERY_CHANGED - mPlugType: 2, mSettingUsbCharging: false, mConnected: true, mSettingUsbBicr: false
D/WifiController( 1909): DeviceActiveState{ when=0 what=155652 arg1=2 target=com.android.internal.util.StateMachine$SmHandler target=Handler (com.android.internal.util.StateMachine$SmHandler) {43167268} }
D/WifiController( 1909): StaEnabledState{ when=-1ms what=155652 arg1=2 target=com.android.internal.util.StateMachine$SmHandler target=Handler (com.android.internal.util.StateMachine$SmHandler) {43167268} }
D/WifiController( 1909): DefaultState{ when=-1ms what=155652 arg1=2 target=com.android.internal.util.StateMachine$SmHandler target=Handler (com.android.internal.util.StateMachine$SmHandler) {43167268} }
D/WifiController( 1909): battery changed pluggedType: 2
I/chromium( 9136): [INFO:image_raster_worker_pool.cc(75)] [RunOnWorkerThread] --------------
I/chromium( 9136): [INFO:resource_provider.cc(1770)] [StartRaster] allocated=[1] image_id=[938] buffer=[0x870ab000] stride=[1536]
I/chromium( 9136): [INFO:image_raster_worker_pool.cc(75)] [RunOnWorkerThread] --------------
I/chromium( 9136): [INFO:resource_provider.cc(1770)] [StartRaster] allocated=[1] image_id=[807] buffer=[0x83c90000] stride=[1536]
I/chromium( 9136): [INFO:image_raster_worker_pool.cc(75)] [RunOnWorkerThread] --------------
I/chromium( 9136): [INFO:resource_provider.cc(1770)] [StartRaster] allocated=[1] image_id=[995] buffer=[0x8231f000] stride=[1280]
I/chromium( 9136): [INFO:image_raster_worker_pool.cc(75)] [RunOnWorkerThread] --------------
I/        (  245): [BWC INFO](245): get_bwc_mm_property success
I/chromium( 9136): [INFO:resource_provider.cc(1770)] [StartRaster] allocated=[1] image_id=[941] buffer=[0x87682000] stride=[1536]
I/chromium( 9136): [INFO:image_raster_worker_pool.cc(75)] [RunOnWorkerThread] --------------
I/chromium( 9136): [INFO:resource_provider.cc(1770)] [StartRaster] allocated=[1] image_id=[472] buffer=[0x82190000] stride=[1536]
I/chromium( 9136): [INFO:image_raster_worker_pool.cc(75)] [RunOnWorkerThread] --------------
I/chromium( 9136): [INFO:resource_provider.cc(1770)] [StartRaster] allocated=[1] image_id=[948] buffer=[0x82ed7000] stride=[1536]
I/chromium( 9136): [INFO:image_raster_worker_pool.cc(75)] [RunOnWorkerThread] --------------
I/chromium( 9136): [INFO:resource_provider.cc(1770)] [StartRaster] allocated=[1] image_id=[897] buffer=[0x82e47000] stride=[1536]
I/chromium( 9136): [INFO:image_raster_worker_pool.cc(75)] [RunOnWorkerThread] --------------
I/chromium( 9136): [INFO:resource_provider.cc(1770)] [StartRaster] allocated=[1] image_id=[500] buffer=[0x86efb000] stride=[1536]
I/chromium( 9136): [INFO:image_raster_worker_pool.cc(75)] [RunOnWorkerThread] --------------
I/chromium( 9136): [INFO:resource_provider.cc(1770)] [StartRaster] allocated=[1] image_id=[853] buffer=[0x85600000] stride=[1536]
I/chromium( 9136): [INFO:image_raster_worker_pool.cc(75)] [RunOnWorkerThread] --------------
I/chromium( 9136): [INFO:resource_provider.cc(1770)] [StartRaster] allocated=[1] image_id=[886] buffer=[0x82412000] stride=[1536]
I/chromium( 9136): [INFO:image_raster_worker_pool.cc(75)] [RunOnWorkerThread] --------------
I/chromium( 9136): [INFO:resource_provider.cc(1770)] [StartRaster] allocated=[1] image_id=[683] buffer=[0x8744e000] stride=[1536]
I/chromium( 9136): [INFO:image_raster_worker_pool.cc(75)] [RunOnWorkerThread] --------------
I/chromium( 9136): [INFO:resource_provider.cc(1770)] [StartRaster] allocated=[1] image_id=[838] buffer=[0x82600000] stride=[1536]
I/chromium( 9136): [INFO:image_raster_worker_pool.cc(75)] [RunOnWorkerThread] --------------
I/chromium( 9136): [INFO:resource_provider.cc(1770)] [StartRaster] allocated=[1] image_id=[996] buffer=[0x83c00000] stride=[1280]
I/chromium( 9136): [INFO:image_raster_worker_pool.cc(75)] [RunOnWorkerThread] --------------
I/        (  245): [BWC INFO](245): get_bwc_mm_property success
I/chromium( 9136): [INFO:resource_provider.cc(1770)] [StartRaster] allocated=[1] image_id=[468] buffer=[0x81863000] stride=[1536]
I/chromium( 9136): [INFO:image_raster_worker_pool.cc(75)] [RunOnWorkerThread] --------------
I/chromium( 9136): [INFO:resource_provider.cc(1770)] [StartRaster] allocated=[1] image_id=[799] buffer=[0x8a740000] stride=[1536]
I/chromium( 9136): [INFO:image_raster_worker_pool.cc(75)] [RunOnWorkerThread] --------------
I/chromium( 9136): [INFO:resource_provider.cc(1770)] [StartRaster] allocated=[1] image_id=[719] buffer=[0x88c28000] stride=[1536]
I/chromium( 9136): [INFO:image_raster_worker_pool.cc(75)] [RunOnWorkerThread] --------------
I/chromium( 9136): [INFO:resource_provider.cc(1770)] [StartRaster] allocated=[1] image_id=[851] buffer=[0x84b53000] stride=[1536]
I/chromium( 9136): [INFO:image_raster_worker_pool.cc(75)] [RunOnWorkerThread] --------------
I/chromium( 9136): [INFO:resource_provider.cc(1770)] [StartRaster] allocated=[1] image_id=[796] buffer=[0x8a590000] stride=[1536]
I/chromium( 9136): [INFO:image_raster_worker_pool.cc(75)] [RunOnWorkerThread] --------------
I/chromium( 9136): [INFO:resource_provider.cc(1770)] [StartRaster] allocated=[1] image_id=[567] buffer=[0x8a1b0000] stride=[1536]
I/chromium( 9136): [INFO:image_raster_worker_pool.cc(75)] [RunOnWorkerThread] --------------
I/chromium( 9136): [INFO:resource_provider.cc(1770)] [StartRaster] allocated=[1] image_id=[841] buffer=[0x82c07000] stride=[1536]
I/chromium( 9136): [INFO:image_raster_worker_pool.cc(75)] [RunOnWorkerThread] --------------
I/chromium( 9136): [INFO:resource_provider.cc(1770)] [StartRaster] allocated=[1] image_id=[680] buffer=[0x8713b000] stride=[1536]
I/chromium( 9136): [INFO:image_raster_worker_pool.cc(75)] [RunOnWorkerThread] --------------
I/chromium( 9136): [INFO:resource_provider.cc(1770)] [StartRaster] allocated=[1] image_id=[667] buffer=[0x82839000] stride=[1536]
I/chromium( 9136): [INFO:image_raster_worker_pool.cc(75)] [RunOnWorkerThread] --------------
I/chromium( 9136): [INFO:resource_provider.cc(1770)] [StartRaster] allocated=[1] image_id=[990] buffer=[0x8527c000] stride=[1280]
I/chromium( 9136): [INFO:image_raster_worker_pool.cc(75)] [RunOnWorkerThread] --------------
I/        (  245): [BWC INFO](245): get_bwc_mm_property success
I/chromium( 9136): [INFO:resource_provider.cc(1770)] [StartRaster] allocated=[1] image_id=[788] buffer=[0x8950a000] stride=[1536]
I/chromium( 9136): [INFO:image_raster_worker_pool.cc(75)] [RunOnWorkerThread] --------------
I/chromium( 9136): [INFO:resource_provider.cc(1770)] [StartRaster] allocated=[1] image_id=[773] buffer=[0x85e12000] stride=[1536]
I/chromium( 9136): [INFO:image_raster_worker_pool.cc(75)] [RunOnWorkerThread] --------------
I/chromium( 9136): [INFO:resource_provider.cc(1770)] [StartRaster] allocated=[1] image_id=[935] buffer=[0x86703000] stride=[1536]
I/chromium( 9136): [INFO:image_raster_worker_pool.cc(75)] [RunOnWorkerThread] --------------
I/chromium( 9136): [INFO:resource_provider.cc(1770)] [StartRaster] allocated=[1] image_id=[816] buffer=[0x8c320000] stride=[1536]
I/chromium( 9136): [INFO:image_raster_worker_pool.cc(75)] [RunOnWorkerThread] --------------
I/chromium( 9136): [INFO:resource_provider.cc(1770)] [StartRaster] allocated=[1] image_id=[678] buffer=[0x86f8b000] stride=[1536]
I/chromium( 9136): [INFO:image_raster_worker_pool.cc(75)] [RunOnWorkerThread] --------------
I/chromium( 9136): [INFO:resource_provider.cc(1770)] [StartRaster] allocated=[1] image_id=[950] buffer=[0x85a22000] stride=[1536]
I/chromium( 9136): [INFO:image_raster_worker_pool.cc(75)] [RunOnWorkerThread] --------------
I/chromium( 9136): [INFO:resource_provider.cc(1770)] [StartRaster] allocated=[1] image_id=[954] buffer=[0x8578d000] stride=[1536]
I/chromium( 9136): [INFO:image_raster_worker_pool.cc(75)] [RunOnWorkerThread] --------------
I/chromium( 9136): [INFO:resource_provider.cc(1770)] [StartRaster] allocated=[1] image_id=[486] buffer=[0x84bff000] stride=[1536]
I/chromium( 9136): [INFO:image_raster_worker_pool.cc(75)] [RunOnWorkerThread] --------------
I/chromium( 9136): [INFO:resource_provider.cc(1770)] [StartRaster] allocated=[1] image_id=[828] buffer=[0x8c9e0000] stride=[1536]
I/chromium( 9136): [INFO:image_raster_worker_pool.cc(75)] [RunOnWorkerThread] --------------
I/chromium( 9136): [INFO:resource_provider.cc(1770)] [StartRaster] allocated=[1] image_id=[995] buffer=[0x8231f000] stride=[1280]
I/chromium( 9136): [INFO:image_raster_worker_pool.cc(75)] [RunOnWorkerThread] --------------
I/        (  245): [BWC INFO](245): get_bwc_mm_property success
I/chromium( 9136): [INFO:resource_provider.cc(1770)] [StartRaster] allocated=[1] image_id=[845] buffer=[0x83ea7000] stride=[1536]
I/chromium( 9136): [INFO:image_raster_worker_pool.cc(75)] [RunOnWorkerThread] --------------
I/chromium( 9136): [INFO:resource_provider.cc(1770)] [StartRaster] allocated=[1] image_id=[972] buffer=[0x85f42000] stride=[1536]
I/chromium( 9136): [INFO:image_raster_worker_pool.cc(75)] [RunOnWorkerThread] --------------
I/chromium( 9136): [INFO:resource_provider.cc(1770)] [StartRaster] allocated=[1] image_id=[955] buffer=[0x85ab2000] stride=[1536]
I/chromium( 9136): [INFO:image_raster_worker_pool.cc(75)] [RunOnWorkerThread] --------------
I/chromium( 9136): [INFO:resource_provider.cc(1770)] [StartRaster] allocated=[1] image_id=[771] buffer=[0x85bd2000] stride=[1536]
I/chromium( 9136): [INFO:image_raster_worker_pool.cc(75)] [RunOnWorkerThread] --------------
I/chromium( 9136): [INFO:resource_provider.cc(1770)] [StartRaster] allocated=[1] image_id=[939] buffer=[0x8732e000] stride=[1536]
I/chromium( 9136): [INFO:image_raster_worker_pool.cc(75)] [RunOnWorkerThread] --------------
I/chromium( 9136): [INFO:resource_provider.cc(1770)] [StartRaster] allocated=[1] image_id=[940] buffer=[0x873be000] stride=[1536]
I/chromium( 9136): [INFO:image_raster_worker_pool.cc(75)] [RunOnWorkerThread] --------------
I/chromium( 9136): [INFO:resource_provider.cc(1770)] [StartRaster] allocated=[1] image_id=[946] buffer=[0x82220000] stride=[1536]
I/chromium( 9136): [INFO:image_raster_worker_pool.cc(75)] [RunOnWorkerThread] --------------
I/chromium( 9136): [INFO:resource_provider.cc(1770)] [StartRaster] allocated=[1] image_id=[789] buffer=[0x897de000] stride=[1536]
I/chromium( 9136): [INFO:image_raster_worker_pool.cc(75)] [RunOnWorkerThread] --------------
I/chromium( 9136): [INFO:resource_provider.cc(1770)] [StartRaster] allocated=[1] image_id=[520] buffer=[0x88b98000] stride=[1536]
I/chromium( 9136): [INFO:image_raster_worker_pool.cc(75)] [RunOnWorkerThread] --------------
D/LightsService( 1909): setLight_native: light=2, colorARGB=0x0, flashMode=0, onMS=0, offMS=0, brightnessMode=0
D/lights  ( 1909): write_int open fd=-1
I/chromium( 9136): [INFO:resource_provider.cc(1770)] [StartRaster] allocated=[1] image_id=[996] buffer=[0x83c00000] stride=[1280]
I/chromium( 9136): [INFO:image_raster_worker_pool.cc(75)] [RunOnWorkerThread] --------------
I/        (  245): [BWC INFO](245): get_bwc_mm_property success
I/chromium( 9136): [INFO:resource_provider.cc(1770)] [StartRaster] allocated=[1] image_id=[847] buffer=[0x83f37000] stride=[1536]
I/chromium( 9136): [INFO:image_raster_worker_pool.cc(75)] [RunOnWorkerThread] --------------
I/chromium( 9136): [INFO:resource_provider.cc(1770)] [StartRaster] allocated=[1] image_id=[846] buffer=[0x83db3000] stride=[1536]
I/chromium( 9136): [INFO:image_raster_worker_pool.cc(75)] [RunOnWorkerThread] --------------
I/chromium( 9136): [INFO:resource_provider.cc(1770)] [StartRaster] allocated=[1] image_id=[674] buffer=[0x82d27000] stride=[1536]
I/chromium( 9136): [INFO:image_raster_worker_pool.cc(75)] [RunOnWorkerThread] --------------
I/chromium( 9136): [INFO:resource_provider.cc(1770)] [StartRaster] allocated=[1] image_id=[726] buffer=[0x8986e000] stride=[1536]
I/chromium( 9136): [INFO:image_raster_worker_pool.cc(75)] [RunOnWorkerThread] --------------
I/chromium( 9136): [INFO:resource_provider.cc(1770)] [StartRaster] allocated=[1] image_id=[887] buffer=[0x8278a000] stride=[1536]
I/chromium( 9136): [INFO:image_raster_worker_pool.cc(75)] [RunOnWorkerThread] --------------
I/chromium( 9136): [INFO:resource_provider.cc(1770)] [StartRaster] allocated=[1] image_id=[480] buffer=[0x83d23000] stride=[1536]
I/chromium( 9136): [INFO:image_raster_worker_pool.cc(75)] [RunOnWorkerThread] --------------
I/chromium( 9136): [INFO:resource_provider.cc(1770)] [StartRaster] allocated=[1] image_id=[809] buffer=[0x8bf30000] stride=[1536]
I/chromium( 9136): [INFO:image_raster_worker_pool.cc(75)] [RunOnWorkerThread] --------------
I/chromium( 9136): [INFO:resource_provider.cc(1770)] [StartRaster] allocated=[1] image_id=[560] buffer=[0x89c5e000] stride=[1536]
I/chromium( 9136): [INFO:image_raster_worker_pool.cc(75)] [RunOnWorkerThread] --------------
I/chromium( 9136): [INFO:resource_provider.cc(1770)] [StartRaster] allocated=[1] image_id=[769] buffer=[0x85110000] stride=[1536]
I/chromium( 9136): [INFO:image_raster_worker_pool.cc(75)] [RunOnWorkerThread] --------------
I/chromium( 9136): [INFO:resource_provider.cc(1770)] [StartRaster] allocated=[1] image_id=[990] buffer=[0x8527c000] stride=[1280]
I/chromium( 9136): [INFO:image_raster_worker_pool.cc(75)] [RunOnWorkerThread] --------------
I/        (  245): [BWC INFO](245): get_bwc_mm_property success
I/chromium( 9136): [INFO:resource_provider.cc(1770)] [StartRaster] allocated=[1] image_id=[673] buffer=[0x82c97000] stride=[1536]
I/chromium( 9136): [INFO:image_raster_worker_pool.cc(75)] [RunOnWorkerThread] --------------
I/chromium( 9136): [INFO:resource_provider.cc(1770)] [StartRaster] allocated=[1] image_id=[784] buffer=[0x86d00000] stride=[1536]
I/chromium( 9136): [INFO:image_raster_worker_pool.cc(75)] [RunOnWorkerThread] --------------
I/chromium( 9136): [INFO:resource_provider.cc(1770)] [StartRaster] allocated=[1] image_id=[717] buffer=[0x87712000] stride=[1536]
I/chromium( 9136): [INFO:image_raster_worker_pool.cc(75)] [RunOnWorkerThread] --------------
I/chromium( 9136): [INFO:resource_provider.cc(1770)] [StartRaster] allocated=[1] image_id=[848] buffer=[0x83fc7000] stride=[1536]
I/chromium( 9136): [INFO:image_raster_worker_pool.cc(75)] [RunOnWorkerThread] --------------
I/chromium( 9136): [INFO:resource_provider.cc(1770)] [StartRaster] allocated=[1] image_id=[840] buffer=[0x82a79000] stride=[1536]
I/chromium( 9136): [INFO:image_raster_worker_pool.cc(75)] [RunOnWorkerThread] --------------
I/chromium( 9136): [INFO:resource_provider.cc(1770)] [StartRaster] allocated=[1] image_id=[722] buffer=[0x89018000] stride=[1536]
I/chromium( 9136): [INFO:image_raster_worker_pool.cc(75)] [RunOnWorkerThread] --------------
I/chromium( 9136): [INFO:resource_provider.cc(1770)] [StartRaster] allocated=[1] image_id=[795] buffer=[0x8a500000] stride=[1536]
I/chromium( 9136): [INFO:image_raster_worker_pool.cc(75)] [RunOnWorkerThread] --------------
I/chromium( 9136): [INFO:resource_provider.cc(1770)] [StartRaster] allocated=[1] image_id=[827] buffer=[0x8c950000] stride=[1536]
I/chromium( 9136): [INFO:image_raster_worker_pool.cc(75)] [RunOnWorkerThread] --------------
I/chromium( 9136): [INFO:resource_provider.cc(1770)] [StartRaster] allocated=[1] image_id=[852] buffer=[0x84ef2000] stride=[1536]
I/chromium( 9136): [INFO:image_raster_worker_pool.cc(75)] [RunOnWorkerThread] --------------
I/chromium( 9136): [INFO:resource_provider.cc(1770)] [StartRaster] allocated=[1] image_id=[995] buffer=[0x8231f000] stride=[1280]
I/chromium( 9136): [INFO:image_raster_worker_pool.cc(75)] [RunOnWorkerThread] --------------
I/        (  245): [BWC INFO](245): get_bwc_mm_property success
I/chromium( 9136): [INFO:resource_provider.cc(1770)] [StartRaster] allocated=[1] image_id=[825] buffer=[0x8c830000] stride=[1536]
I/chromium( 9136): [INFO:image_raster_worker_pool.cc(75)] [RunOnWorkerThread] --------------
I/chromium( 9136): [INFO:resource_provider.cc(1770)] [StartRaster] allocated=[1] image_id=[888] buffer=[0x83a35000] stride=[1536]
I/chromium( 9136): [INFO:image_raster_worker_pool.cc(75)] [RunOnWorkerThread] --------------
I/chromium( 9136): [INFO:resource_provider.cc(1770)] [StartRaster] allocated=[1] image_id=[624] buffer=[0x813e2000] stride=[1536]
I/chromium( 9136): [INFO:image_raster_worker_pool.cc(75)] [RunOnWorkerThread] --------------
I/chromium( 9136): [INFO:resource_provider.cc(1770)] [StartRaster] allocated=[1] image_id=[540] buffer=[0x898fe000] stride=[1536]
I/chromium( 9136): [INFO:image_raster_worker_pool.cc(75)] [RunOnWorkerThread] --------------
I/chromium( 9136): [INFO:resource_provider.cc(1770)] [StartRaster] allocated=[1] image_id=[780] buffer=[0x86673000] stride=[1536]
I/chromium( 9136): [INFO:image_raster_worker_pool.cc(75)] [RunOnWorkerThread] --------------
I/chromium( 9136): [INFO:resource_provider.cc(1770)] [StartRaster] allocated=[1] image_id=[949] buffer=[0x85919000] stride=[1536]
I/chromium( 9136): [INFO:image_raster_worker_pool.cc(75)] [RunOnWorkerThread] --------------
I/BufferQueue(  245): [com.sixty.nidoneClient/com.sixty.nidoneClient.view.activity.SDK_WebApp](this:0xb7b684e0,id:849,api:1,p:9136,c:245) queueBuffer: fps=24.68 dur=1012.86 max=67.67 min=16.05
I/chromium( 9136): [INFO:resource_provider.cc(1770)] [StartRaster] allocated=[1] image_id=[548] buffer=[0x85b42000] stride=[1536]
I/chromium( 9136): [INFO:image_raster_worker_pool.cc(75)] [RunOnWorkerThread] --------------
I/chromium( 9136): [INFO:resource_provider.cc(1770)] [StartRaster] allocated=[1] image_id=[947] buffer=[0x82db7000] stride=[1536]
I/chromium( 9136): [INFO:image_raster_worker_pool.cc(75)] [RunOnWorkerThread] --------------
I/chromium( 9136): [INFO:resource_provider.cc(1770)] [StartRaster] allocated=[1] image_id=[839] buffer=[0x826fa000] stride=[1536]
I/chromium( 9136): [INFO:image_raster_worker_pool.cc(75)] [RunOnWorkerThread] --------------
I/        (  245): [BWC INFO](245): get_bwc_mm_property success
I/chromium( 9136): [INFO:resource_provider.cc(1770)] [StartRaster] allocated=[1] image_id=[996] buffer=[0x83c00000] stride=[1280]
I/chromium( 9136): [INFO:image_raster_worker_pool.cc(75)] [RunOnWorkerThread] --------------
I/        (  245): [BWC INFO](245): get_bwc_mm_property success
I/        (  245): [BWC INFO](245): get_bwc_mm_property success
I/chromium( 9136): [INFO:resource_provider.cc(1770)] [StartRaster] allocated=[1] image_id=[724] buffer=[0x8962a000] stride=[1536]
I/chromium( 9136): [INFO:image_raster_worker_pool.cc(75)] [RunOnWorkerThread] --------------
I/chromium( 9136): [INFO:resource_provider.cc(1770)] [StartRaster] allocated=[1] image_id=[885] buffer=[0x8205e000] stride=[1536]
I/chromium( 9136): [INFO:image_raster_worker_pool.cc(75)] [RunOnWorkerThread] --------------
I/chromium( 9136): [INFO:resource_provider.cc(1770)] [StartRaster] allocated=[1] image_id=[899] buffer=[0x851a0000] stride=[1536]
I/chromium( 9136): [INFO:image_raster_worker_pool.cc(75)] [RunOnWorkerThread] --------------
I/chromium( 9136): [INFO:resource_provider.cc(1770)] [StartRaster] allocated=[1] image_id=[798] buffer=[0x8a6b0000] stride=[1536]
I/chromium( 9136): [INFO:image_raster_worker_pool.cc(75)] [RunOnWorkerThread] --------------
I/chromium( 9136): [INFO:resource_provider.cc(1770)] [StartRaster] allocated=[1] image_id=[883] buffer=[0x829c7000] stride=[1536]
I/        (  245): [BWC INFO](245): get_bwc_mm_property success
I/chromium( 9136): [INFO:image_raster_worker_pool.cc(75)] [RunOnWorkerThread] --------------
I/chromium( 9136): [INFO:resource_provider.cc(1770)] [StartRaster] allocated=[1] image_id=[536] buffer=[0x8959a000] stride=[1536]
I/chromium( 9136): [INFO:image_raster_worker_pool.cc(75)] [RunOnWorkerThread] --------------
I/chromium( 9136): [INFO:resource_provider.cc(1770)] [StartRaster] allocated=[1] image_id=[934] buffer=[0x8658a000] stride=[1536]
I/chromium( 9136): [INFO:image_raster_worker_pool.cc(75)] [RunOnWorkerThread] --------------
I/chromium( 9136): [INFO:resource_provider.cc(1770)] [StartRaster] allocated=[1] image_id=[938] buffer=[0x870ab000] stride=[1536]
I/chromium( 9136): [INFO:image_raster_worker_pool.cc(75)] [RunOnWorkerThread] --------------
I/chromium( 9136): [INFO:resource_provider.cc(1770)] [StartRaster] allocated=[1] image_id=[807] buffer=[0x83c90000] stride=[1536]
I/chromium( 9136): [INFO:image_raster_worker_pool.cc(75)] [RunOnWorkerThread] --------------
I/chromium( 9136): [INFO:resource_provider.cc(1770)] [StartRaster] allocated=[1] image_id=[990] buffer=[0x8527c000] stride=[1280]
I/chromium( 9136): [INFO:image_raster_worker_pool.cc(75)] [RunOnWorkerThread] --------------
I/        (  245): [BWC INFO](245): get_bwc_mm_property success
I/chromium( 9136): [INFO:resource_provider.cc(1770)] [StartRaster] allocated=[1] image_id=[941] buffer=[0x87682000] stride=[1536]
I/chromium( 9136): [INFO:image_raster_worker_pool.cc(75)] [RunOnWorkerThread] --------------
I/chromium( 9136): [INFO:resource_provider.cc(1770)] [StartRaster] allocated=[1] image_id=[472] buffer=[0x82190000] stride=[1536]
I/chromium( 9136): [INFO:image_raster_worker_pool.cc(75)] [RunOnWorkerThread] --------------
I/chromium( 9136): [INFO:resource_provider.cc(1770)] [StartRaster] allocated=[1] image_id=[948] buffer=[0x82ed7000] stride=[1536]
I/chromium( 9136): [INFO:image_raster_worker_pool.cc(75)] [RunOnWorkerThread] --------------
I/chromium( 9136): [INFO:resource_provider.cc(1770)] [StartRaster] allocated=[1] image_id=[897] buffer=[0x82e47000] stride=[1536]
I/chromium( 9136): [INFO:image_raster_worker_pool.cc(75)] [RunOnWorkerThread] --------------
I/chromium( 9136): [INFO:resource_provider.cc(1770)] [StartRaster] allocated=[1] image_id=[500] buffer=[0x86efb000] stride=[1536]
I/chromium( 9136): [INFO:image_raster_worker_pool.cc(75)] [RunOnWorkerThread] --------------
I/chromium( 9136): [INFO:resource_provider.cc(1770)] [StartRaster] allocated=[1] image_id=[853] buffer=[0x85600000] stride=[1536]
I/chromium( 9136): [INFO:image_raster_worker_pool.cc(75)] [RunOnWorkerThread] --------------
I/chromium( 9136): [INFO:resource_provider.cc(1770)] [StartRaster] allocated=[1] image_id=[886] buffer=[0x82412000] stride=[1536]
I/chromium( 9136): [INFO:image_raster_worker_pool.cc(75)] [RunOnWorkerThread] --------------
I/chromium( 9136): [INFO:resource_provider.cc(1770)] [StartRaster] allocated=[1] image_id=[683] buffer=[0x8744e000] stride=[1536]
I/chromium( 9136): [INFO:image_raster_worker_pool.cc(75)] [RunOnWorkerThread] --------------
I/chromium( 9136): [INFO:resource_provider.cc(1770)] [StartRaster] allocated=[1] image_id=[838] buffer=[0x82600000] stride=[1536]
I/chromium( 9136): [INFO:image_raster_worker_pool.cc(75)] [RunOnWorkerThread] --------------
I/chromium( 9136): [INFO:resource_provider.cc(1770)] [StartRaster] allocated=[1] image_id=[995] buffer=[0x8231f000] stride=[1280]
I/chromium( 9136): [INFO:image_raster_worker_pool.cc(75)] [RunOnWorkerThread] --------------
I/        (  245): [BWC INFO](245): get_bwc_mm_property success
I/        (  245): [BWC INFO](245): get_bwc_mm_property success
I/chromium( 9136): [INFO:resource_provider.cc(1770)] [StartRaster] allocated=[1] image_id=[468] buffer=[0x81863000] stride=[1536]
I/chromium( 9136): [INFO:image_raster_worker_pool.cc(75)] [RunOnWorkerThread] --------------
I/chromium( 9136): [INFO:resource_provider.cc(1770)] [StartRaster] allocated=[1] image_id=[799] buffer=[0x8a740000] stride=[1536]
I/chromium( 9136): [INFO:image_raster_worker_pool.cc(75)] [RunOnWorkerThread] --------------
I/        (  245): [BWC INFO](245): get_bwc_mm_property success
I/chromium( 9136): [INFO:resource_provider.cc(1770)] [StartRaster] allocated=[1] image_id=[719] buffer=[0x88c28000] stride=[1536]
I/chromium( 9136): [INFO:image_raster_worker_pool.cc(75)] [RunOnWorkerThread] --------------
I/chromium( 9136): [INFO:resource_provider.cc(1770)] [StartRaster] allocated=[1] image_id=[851] buffer=[0x84b53000] stride=[1536]
I/chromium( 9136): [INFO:image_raster_worker_pool.cc(75)] [RunOnWorkerThread] --------------
I/chromium( 9136): [INFO:resource_provider.cc(1770)] [StartRaster] allocated=[1] image_id=[796] buffer=[0x8a590000] stride=[1536]
I/chromium( 9136): [INFO:image_raster_worker_pool.cc(75)] [RunOnWorkerThread] --------------
I/chromium( 9136): [INFO:resource_provider.cc(1770)] [StartRaster] allocated=[1] image_id=[567] buffer=[0x8a1b0000] stride=[1536]
I/chromium( 9136): [INFO:image_raster_worker_pool.cc(75)] [RunOnWorkerThread] --------------
I/chromium( 9136): [INFO:resource_provider.cc(1770)] [StartRaster] allocated=[1] image_id=[841] buffer=[0x82c07000] stride=[1536]
I/chromium( 9136): [INFO:image_raster_worker_pool.cc(75)] [RunOnWorkerThread] --------------
I/chromium( 9136): [INFO:resource_provider.cc(1770)] [StartRaster] allocated=[1] image_id=[680] buffer=[0x8713b000] stride=[1536]
I/chromium( 9136): [INFO:image_raster_worker_pool.cc(75)] [RunOnWorkerThread] --------------
I/chromium( 9136): [INFO:resource_provider.cc(1770)] [StartRaster] allocated=[1] image_id=[667] buffer=[0x82839000] stride=[1536]
I/chromium( 9136): [INFO:image_raster_worker_pool.cc(75)] [RunOnWorkerThread] --------------
I/        (  245): [BWC INFO](245): get_bwc_mm_property success
I/chromium( 9136): [INFO:resource_provider.cc(1770)] [StartRaster] allocated=[1] image_id=[996] buffer=[0x83c00000] stride=[1280]
I/chromium( 9136): [INFO:image_raster_worker_pool.cc(75)] [RunOnWorkerThread] --------------
I/        (  245): [BWC INFO](245): get_bwc_mm_property success
I/        (  245): [BWC INFO](245): get_bwc_mm_property success
I/chromium( 9136): [INFO:resource_provider.cc(1770)] [StartRaster] allocated=[1] image_id=[788] buffer=[0x8950a000] stride=[1536]
I/chromium( 9136): [INFO:image_raster_worker_pool.cc(75)] [RunOnWorkerThread] --------------
I/chromium( 9136): [INFO:resource_provider.cc(1770)] [StartRaster] allocated=[1] image_id=[773] buffer=[0x85e12000] stride=[1536]
I/chromium( 9136): [INFO:image_raster_worker_pool.cc(75)] [RunOnWorkerThread] --------------
I/chromium( 9136): [INFO:resource_provider.cc(1770)] [StartRaster] allocated=[1] image_id=[935] buffer=[0x86703000] stride=[1536]
I/chromium( 9136): [INFO:image_raster_worker_pool.cc(75)] [RunOnWorkerThread] --------------
I/chromium( 9136): [INFO:resource_provider.cc(1770)] [StartRaster] allocated=[1] image_id=[816] buffer=[0x8c320000] stride=[1536]
I/chromium( 9136): [INFO:image_raster_worker_pool.cc(75)] [RunOnWorkerThread] --------------
I/chromium( 9136): [INFO:resource_provider.cc(1770)] [StartRaster] allocated=[1] image_id=[678] buffer=[0x86f8b000] stride=[1536]
I/chromium( 9136): [INFO:image_raster_worker_pool.cc(75)] [RunOnWorkerThread] --------------
I/chromium( 9136): [INFO:resource_provider.cc(1770)] [StartRaster] allocated=[1] image_id=[950] buffer=[0x85a22000] stride=[1536]
I/chromium( 9136): [INFO:image_raster_worker_pool.cc(75)] [RunOnWorkerThread] --------------
I/chromium( 9136): [INFO:resource_provider.cc(1770)] [StartRaster] allocated=[1] image_id=[954] buffer=[0x8578d000] stride=[1536]
I/chromium( 9136): [INFO:image_raster_worker_pool.cc(75)] [RunOnWorkerThread] --------------
I/chromium( 9136): [INFO:resource_provider.cc(1770)] [StartRaster] allocated=[1] image_id=[486] buffer=[0x84bff000] stride=[1536]
I/chromium( 9136): [INFO:image_raster_worker_pool.cc(75)] [RunOnWorkerThread] --------------
I/chromium( 9136): [INFO:resource_provider.cc(1770)] [StartRaster] allocated=[1] image_id=[828] buffer=[0x8c9e0000] stride=[1536]
I/chromium( 9136): [INFO:image_raster_worker_pool.cc(75)] [RunOnWorkerThread] --------------
I/        (  245): [BWC INFO](245): get_bwc_mm_property success
I/chromium( 9136): [INFO:resource_provider.cc(1770)] [StartRaster] allocated=[1] image_id=[990] buffer=[0x8527c000] stride=[1280]
I/chromium( 9136): [INFO:image_raster_worker_pool.cc(75)] [RunOnWorkerThread] --------------
I/        (  245): [BWC INFO](245): get_bwc_mm_property success
I/        (  245): [BWC INFO](245): get_bwc_mm_property success
I/chromium( 9136): [INFO:resource_provider.cc(1770)] [StartRaster] allocated=[1] image_id=[845] buffer=[0x83ea7000] stride=[1536]
I/chromium( 9136): [INFO:image_raster_worker_pool.cc(75)] [RunOnWorkerThread] --------------
I/chromium( 9136): [INFO:resource_provider.cc(1770)] [StartRaster] allocated=[1] image_id=[972] buffer=[0x85f42000] stride=[1536]
I/chromium( 9136): [INFO:image_raster_worker_pool.cc(75)] [RunOnWorkerThread] --------------
I/chromium( 9136): [INFO:resource_provider.cc(1770)] [StartRaster] allocated=[1] image_id=[955] buffer=[0x85ab2000] stride=[1536]
I/chromium( 9136): [INFO:image_raster_worker_pool.cc(75)] [RunOnWorkerThread] --------------
I/chromium( 9136): [INFO:resource_provider.cc(1770)] [StartRaster] allocated=[1] image_id=[771] buffer=[0x85bd2000] stride=[1536]
I/chromium( 9136): [INFO:image_raster_worker_pool.cc(75)] [RunOnWorkerThread] --------------
I/chromium( 9136): [INFO:resource_provider.cc(1770)] [StartRaster] allocated=[1] image_id=[939] buffer=[0x8732e000] stride=[1536]
I/chromium( 9136): [INFO:image_raster_worker_pool.cc(75)] [RunOnWorkerThread] --------------
I/chromium( 9136): [INFO:resource_provider.cc(1770)] [StartRaster] allocated=[1] image_id=[940] buffer=[0x873be000] stride=[1536]
I/chromium( 9136): [INFO:image_raster_worker_pool.cc(75)] [RunOnWorkerThread] --------------
I/chromium( 9136): [INFO:resource_provider.cc(1770)] [StartRaster] allocated=[1] image_id=[946] buffer=[0x82220000] stride=[1536]
I/chromium( 9136): [INFO:image_raster_worker_pool.cc(75)] [RunOnWorkerThread] --------------
I/chromium( 9136): [INFO:resource_provider.cc(1770)] [StartRaster] allocated=[1] image_id=[789] buffer=[0x897de000] stride=[1536]
I/chromium( 9136): [INFO:image_raster_worker_pool.cc(75)] [RunOnWorkerThread] --------------
I/chromium( 9136): [INFO:resource_provider.cc(1770)] [StartRaster] allocated=[1] image_id=[520] buffer=[0x88b98000] stride=[1536]
I/chromium( 9136): [INFO:image_raster_worker_pool.cc(75)] [RunOnWorkerThread] --------------
I/chromium( 9136): [INFO:resource_provider.cc(1770)] [StartRaster] allocated=[1] image_id=[995] buffer=[0x8231f000] stride=[1280]
I/chromium( 9136): [INFO:image_raster_worker_pool.cc(75)] [RunOnWorkerThread] --------------
I/        (  245): [BWC INFO](245): get_bwc_mm_property success
I/SurfaceFlinger(  245): [Built-in Screen (type:0)] fps:29.140135,dur:1029.51,max:67.53,min:15.72
I/        (  245): [BWC INFO](245): get_bwc_mm_property success
I/        (  245): [BWC INFO](245): get_bwc_mm_property success
I/chromium( 9136): [INFO:resource_provider.cc(1770)] [StartRaster] allocated=[1] image_id=[847] buffer=[0x83f37000] stride=[1536]
I/chromium( 9136): [INFO:image_raster_worker_pool.cc(75)] [RunOnWorkerThread] --------------
I/chromium( 9136): [INFO:resource_provider.cc(1770)] [StartRaster] allocated=[1] image_id=[846] buffer=[0x83db3000] stride=[1536]
I/chromium( 9136): [INFO:image_raster_worker_pool.cc(75)] [RunOnWorkerThread] --------------
I/chromium( 9136): [INFO:resource_provider.cc(1770)] [StartRaster] allocated=[1] image_id=[674] buffer=[0x82d27000] stride=[1536]
I/chromium( 9136): [INFO:image_raster_worker_pool.cc(75)] [RunOnWorkerThread] --------------
I/chromium( 9136): [INFO:resource_provider.cc(1770)] [StartRaster] allocated=[1] image_id=[726] buffer=[0x8986e000] stride=[1536]
I/chromium( 9136): [INFO:image_raster_worker_pool.cc(75)] [RunOnWorkerThread] --------------
I/chromium( 9136): [INFO:resource_provider.cc(1770)] [StartRaster] allocated=[1] image_id=[887] buffer=[0x8278a000] stride=[1536]
I/chromium( 9136): [INFO:image_raster_worker_pool.cc(75)] [RunOnWorkerThread] --------------
I/chromium( 9136): [INFO:resource_provider.cc(1770)] [StartRaster] allocated=[1] image_id=[480] buffer=[0x83d23000] stride=[1536]
I/chromium( 9136): [INFO:image_raster_worker_pool.cc(75)] [RunOnWorkerThread] --------------
I/chromium( 9136): [INFO:resource_provider.cc(1770)] [StartRaster] allocated=[1] image_id=[809] buffer=[0x8bf30000] stride=[1536]
I/chromium( 9136): [INFO:image_raster_worker_pool.cc(75)] [RunOnWorkerThread] --------------
I/chromium( 9136): [INFO:resource_provider.cc(1770)] [StartRaster] allocated=[1] image_id=[560] buffer=[0x89c5e000] stride=[1536]
I/chromium( 9136): [INFO:image_raster_worker_pool.cc(75)] [RunOnWorkerThread] --------------
I/chromium( 9136): [INFO:resource_provider.cc(1770)] [StartRaster] allocated=[1] image_id=[769] buffer=[0x85110000] stride=[1536]
I/chromium( 9136): [INFO:image_raster_worker_pool.cc(75)] [RunOnWorkerThread] --------------
I/chromium( 9136): [INFO:resource_provider.cc(1770)] [StartRaster] allocated=[1] image_id=[996] buffer=[0x83c00000] stride=[1280]
I/chromium( 9136): [INFO:image_raster_worker_pool.cc(75)] [RunOnWorkerThread] --------------
D/NotificationService( 1909): Timeout pkg=com.sixty.nidoneClient callback=android.app.ITransientNotification$Stub$Proxy@428863d8
I/        (  245): [BWC INFO](245): get_bwc_mm_property success
I/        (  245): [BWC INFO](245): get_bwc_mm_property success
I/BufferQueue(  245): [Toast](this:0xb7c55c00,id:1069,api:2,p:-1,c:245) disconnect: api=2
I/BufferQueue(  245): [Toast](this:0xb7c55c00,id:1069,api:2,p:-1,c:245) getReleasedBuffers: returning mask 0xffffffff
D/GraphicBuffer( 9136): unregister, handle(0x84a68038) (w:508 h:130 s:512 f:0x1 u:0x000933)
I/        (  245): [BWC INFO](245): get_bwc_mm_property success
I/chromium( 9136): [INFO:resource_provider.cc(1770)] [StartRaster] allocated=[1] image_id=[673] buffer=[0x82c97000] stride=[1536]
I/chromium( 9136): [INFO:image_raster_worker_pool.cc(75)] [RunOnWorkerThread] --------------
I/chromium( 9136): [INFO:resource_provider.cc(1770)] [StartRaster] allocated=[1] image_id=[784] buffer=[0x86d00000] stride=[1536]
I/chromium( 9136): [INFO:image_raster_worker_pool.cc(75)] [RunOnWorkerThread] --------------
I/chromium( 9136): [INFO:resource_provider.cc(1770)] [StartRaster] allocated=[1] image_id=[717] buffer=[0x87712000] stride=[1536]
I/chromium( 9136): [INFO:image_raster_worker_pool.cc(75)] [RunOnWorkerThread] --------------
I/chromium( 9136): [INFO:resource_provider.cc(1770)] [StartRaster] allocated=[1] image_id=[848] buffer=[0x83fc7000] stride=[1536]
I/chromium( 9136): [INFO:image_raster_worker_pool.cc(75)] [RunOnWorkerThread] --------------
I/chromium( 9136): [INFO:resource_provider.cc(1770)] [StartRaster] allocated=[1] image_id=[840] buffer=[0x82a79000] stride=[1536]
I/chromium( 9136): [INFO:image_raster_worker_pool.cc(75)] [RunOnWorkerThread] --------------
I/chromium( 9136): [INFO:resource_provider.cc(1770)] [StartRaster] allocated=[1] image_id=[722] buffer=[0x89018000] stride=[1536]
I/chromium( 9136): [INFO:image_raster_worker_pool.cc(75)] [RunOnWorkerThread] --------------
I/chromium( 9136): [INFO:resource_provider.cc(1770)] [StartRaster] allocated=[1] image_id=[795] buffer=[0x8a500000] stride=[1536]
I/chromium( 9136): [INFO:image_raster_worker_pool.cc(75)] [RunOnWorkerThread] --------------
I/chromium( 9136): [INFO:resource_provider.cc(1770)] [StartRaster] allocated=[1] image_id=[827] buffer=[0x8c950000] stride=[1536]
I/chromium( 9136): [INFO:image_raster_worker_pool.cc(75)] [RunOnWorkerThread] --------------
I/chromium( 9136): [INFO:resource_provider.cc(1770)] [StartRaster] allocated=[1] image_id=[852] buffer=[0x84ef2000] stride=[1536]
I/chromium( 9136): [INFO:image_raster_worker_pool.cc(75)] [RunOnWorkerThread] --------------
I/chromium( 9136): [INFO:resource_provider.cc(1770)] [StartRaster] allocated=[1] image_id=[825] buffer=[0x8c830000] stride=[1536]
I/chromium( 9136): [INFO:image_raster_worker_pool.cc(75)] [RunOnWorkerThread] --------------
I/chromium( 9136): [INFO:resource_provider.cc(1770)] [StartRaster] allocated=[1] image_id=[888] buffer=[0x83a35000] stride=[1536]
I/chromium( 9136): [INFO:image_raster_worker_pool.cc(75)] [RunOnWorkerThread] --------------
I/chromium( 9136): [INFO:resource_provider.cc(1770)] [StartRaster] allocated=[1] image_id=[624] buffer=[0x813e2000] stride=[1536]
I/chromium( 9136): [INFO:image_raster_worker_pool.cc(75)] [RunOnWorkerThread] --------------
I/chromium( 9136): [INFO:resource_provider.cc(1770)] [StartRaster] allocated=[1] image_id=[540] buffer=[0x898fe000] stride=[1536]
I/chromium( 9136): [INFO:image_raster_worker_pool.cc(75)] [RunOnWorkerThread] --------------
I/chromium( 9136): [INFO:resource_provider.cc(1770)] [StartRaster] allocated=[1] image_id=[780] buffer=[0x86673000] stride=[1536]
I/chromium( 9136): [INFO:image_raster_worker_pool.cc(75)] [RunOnWorkerThread] --------------
I/chromium( 9136): [INFO:resource_provider.cc(1770)] [StartRaster] allocated=[1] image_id=[949] buffer=[0x85919000] stride=[1536]
I/chromium( 9136): [INFO:image_raster_worker_pool.cc(75)] [RunOnWorkerThread] --------------
I/chromium( 9136): [INFO:resource_provider.cc(1770)] [StartRaster] allocated=[1] image_id=[548] buffer=[0x85b42000] stride=[1536]
I/chromium( 9136): [INFO:image_raster_worker_pool.cc(75)] [RunOnWorkerThread] --------------
I/chromium( 9136): [INFO:resource_provider.cc(1770)] [StartRaster] allocated=[1] image_id=[947] buffer=[0x82db7000] stride=[1536]
I/chromium( 9136): [INFO:image_raster_worker_pool.cc(75)] [RunOnWorkerThread] --------------
I/chromium( 9136): [INFO:resource_provider.cc(1770)] [StartRaster] allocated=[1] image_id=[839] buffer=[0x826fa000] stride=[1536]
I/chromium( 9136): [INFO:image_raster_worker_pool.cc(75)] [RunOnWorkerThread] --------------
I/chromium( 9136): [INFO:resource_provider.cc(1770)] [StartRaster] allocated=[1] image_id=[990] buffer=[0x8527c000] stride=[1280]
I/chromium( 9136): [INFO:image_raster_worker_pool.cc(75)] [RunOnWorkerThread] --------------
I/chromium( 9136): [INFO:resource_provider.cc(1770)] [StartRaster] allocated=[1] image_id=[995] buffer=[0x8231f000] stride=[1280]
I/chromium( 9136): [INFO:image_raster_worker_pool.cc(75)] [RunOnWorkerThread] --------------
I/        (  245): [BWC INFO](245): get_bwc_mm_property success
I/        (  245): [BWC INFO](245): get_bwc_mm_property success
I/BufferQueue(  245): [FrameBufferSurface_0](this:0xb7b2dd48,id:0,api:1,p:245,c:245) queueBuffer: fps=13.94 dur=2008.28 max=1552.77 min=15.50
I/        (  245): [BWC INFO](245): get_bwc_mm_property success
D/ADB_SERVICES( 8271): adb fdevent_process list (21) (15) (26) (25) 
D/ADB_SERVICES( 8271): recv: CNXN 01000000 00001000 0007 host::
D/ADB_SERVICES( 8271): adb: offline
D/ADB_SERVICES( 8271): (null): run_transport_disconnects fd: 24
W/ADB_SERVICES( 8271): entered. LS(1243) fd=16
I/        (  245): [BWC INFO](245): get_bwc_mm_property success
I/chromium( 9136): [INFO:resource_provider.cc(1770)] [StartRaster] allocated=[1] image_id=[724] buffer=[0x8962a000] stride=[1536]
I/chromium( 9136): [INFO:image_raster_worker_pool.cc(75)] [RunOnWorkerThread] --------------
I/chromium( 9136): [INFO:resource_provider.cc(1770)] [StartRaster] allocated=[1] image_id=[885] buffer=[0x8205e000] stride=[1536]
I/chromium( 9136): [INFO:image_raster_worker_pool.cc(75)] [RunOnWorkerThread] --------------
I/chromium( 9136): [INFO:resource_provider.cc(1770)] [StartRaster] allocated=[1] image_id=[899] buffer=[0x851a0000] stride=[1536]
I/chromium( 9136): [INFO:image_raster_worker_pool.cc(75)] [RunOnWorkerThread] --------------
I/chromium( 9136): [INFO:resource_provider.cc(1770)] [StartRaster] allocated=[1] image_id=[798] buffer=[0x8a6b0000] stride=[1536]
I/chromium( 9136): [INFO:image_raster_worker_pool.cc(75)] [RunOnWorkerThread] --------------
I/chromium( 9136): [INFO:resource_provider.cc(1770)] [StartRaster] allocated=[1] image_id=[883] buffer=[0x829c7000] stride=[1536]
I/chromium( 9136): [INFO:image_raster_worker_pool.cc(75)] [RunOnWorkerThread] --------------
I/chromium( 9136): [INFO:resource_provider.cc(1770)] [StartRaster] allocated=[1] image_id=[536] buffer=[0x8959a000] stride=[1536]
I/chromium( 9136): [INFO:image_raster_worker_pool.cc(75)] [RunOnWorkerThread] --------------
I/chromium( 9136): [INFO:resource_provider.cc(1770)] [StartRaster] allocated=[1] image_id=[934] buffer=[0x8658a000] stride=[1536]
I/chromium( 9136): [INFO:image_raster_worker_pool.cc(75)] [RunOnWorkerThread] --------------
I/chromium( 9136): [INFO:resource_provider.cc(1770)] [StartRaster] allocated=[1] image_id=[938] buffer=[0x870ab000] stride=[1536]
I/chromium( 9136): [INFO:image_raster_worker_pool.cc(75)] [RunOnWorkerThread] --------------
I/chromium( 9136): [INFO:resource_provider.cc(1770)] [StartRaster] allocated=[1] image_id=[807] buffer=[0x83c90000] stride=[1536]
I/chromium( 9136): [INFO:image_raster_worker_pool.cc(75)] [RunOnWorkerThread] --------------
I/        (  245): [BWC INFO](245): get_bwc_mm_property success
I/chromium( 9136): [INFO:resource_provider.cc(1770)] [StartRaster] allocated=[1] image_id=[996] buffer=[0x83c00000] stride=[1280]
I/chromium( 9136): [INFO:image_raster_worker_pool.cc(75)] [RunOnWorkerThread] --------------
I/        (  245): [BWC INFO](245): get_bwc_mm_property success
I/        (  245): [BWC INFO](245): get_bwc_mm_property success
I/        (  245): [BWC INFO](245): get_bwc_mm_property success
I/        (  245): [BWC INFO](245): get_bwc_mm_property success
I/chromium( 9136): [INFO:resource_provider.cc(1770)] [StartRaster] allocated=[1] image_id=[941] buffer=[0x87682000] stride=[1536]
I/chromium( 9136): [INFO:image_raster_worker_pool.cc(75)] [RunOnWorkerThread] --------------
I/chromium( 9136): [INFO:resource_provider.cc(1770)] [StartRaster] allocated=[1] image_id=[472] buffer=[0x82190000] stride=[1536]
I/chromium( 9136): [INFO:image_raster_worker_pool.cc(75)] [RunOnWorkerThread] --------------
I/chromium( 9136): [INFO:resource_provider.cc(1770)] [StartRaster] allocated=[1] image_id=[948] buffer=[0x82ed7000] stride=[1536]
I/chromium( 9136): [INFO:image_raster_worker_pool.cc(75)] [RunOnWorkerThread] --------------
I/chromium( 9136): [INFO:resource_provider.cc(1770)] [StartRaster] allocated=[1] image_id=[897] buffer=[0x82e47000] stride=[1536]
I/chromium( 9136): [INFO:image_raster_worker_pool.cc(75)] [RunOnWorkerThread] --------------
I/chromium( 9136): [INFO:resource_provider.cc(1770)] [StartRaster] allocated=[1] image_id=[500] buffer=[0x86efb000] stride=[1536]
I/chromium( 9136): [INFO:image_raster_worker_pool.cc(75)] [RunOnWorkerThread] --------------
I/chromium( 9136): [INFO:resource_provider.cc(1770)] [StartRaster] allocated=[1] image_id=[853] buffer=[0x85600000] stride=[1536]
I/chromium( 9136): [INFO:image_raster_worker_pool.cc(75)] [RunOnWorkerThread] --------------
I/        (  245): [BWC INFO](245): get_bwc_mm_property success
I/chromium( 9136): [INFO:resource_provider.cc(1770)] [StartRaster] allocated=[1] image_id=[886] buffer=[0x82412000] stride=[1536]
I/chromium( 9136): [INFO:image_raster_worker_pool.cc(75)] [RunOnWorkerThread] --------------
I/chromium( 9136): [INFO:resource_provider.cc(1770)] [StartRaster] allocated=[1] image_id=[683] buffer=[0x8744e000] stride=[1536]
I/chromium( 9136): [INFO:image_raster_worker_pool.cc(75)] [RunOnWorkerThread] --------------
I/chromium( 9136): [INFO:resource_provider.cc(1770)] [StartRaster] allocated=[1] image_id=[838] buffer=[0x82600000] stride=[1536]
I/chromium( 9136): [INFO:image_raster_worker_pool.cc(75)] [RunOnWorkerThread] --------------
I/        (  245): [BWC INFO](245): get_bwc_mm_property success
I/chromium( 9136): [INFO:resource_provider.cc(1770)] [StartRaster] allocated=[1] image_id=[989] buffer=[0x8588f000] stride=[1280]
I/chromium( 9136): [INFO:image_raster_worker_pool.cc(75)] [RunOnWorkerThread] --------------
D/ADB_SERVICES( 8271): adb: online
D/ADB_SERVICES( 8271): Calling send_connect 
I/        (  245): [BWC INFO](245): get_bwc_mm_property success
I/        (  245): [BWC INFO](245): get_bwc_mm_property success
I/        (  245): [BWC INFO](245): get_bwc_mm_property success
I/        (  245): [BWC INFO](245): get_bwc_mm_property success
I/        (  245): [BWC INFO](245): get_bwc_mm_property success
I/chromium( 9136): [INFO:resource_provider.cc(1770)] [StartRaster] allocated=[1] image_id=[468] buffer=[0x81863000] stride=[1536]
I/chromium( 9136): [INFO:image_raster_worker_pool.cc(75)] [RunOnWorkerThread] --------------
I/chromium( 9136): [INFO:resource_provider.cc(1770)] [StartRaster] allocated=[1] image_id=[799] buffer=[0x8a740000] stride=[1536]
I/chromium( 9136): [INFO:image_raster_worker_pool.cc(75)] [RunOnWorkerThread] --------------
I/chromium( 9136): [INFO:resource_provider.cc(1770)] [StartRaster] allocated=[1] image_id=[719] buffer=[0x88c28000] stride=[1536]
I/chromium( 9136): [INFO:image_raster_worker_pool.cc(75)] [RunOnWorkerThread] --------------
I/chromium( 9136): [INFO:resource_provider.cc(1770)] [StartRaster] allocated=[1] image_id=[851] buffer=[0x84b53000] stride=[1536]
I/chromium( 9136): [INFO:image_raster_worker_pool.cc(75)] [RunOnWorkerThread] --------------
I/chromium( 9136): [INFO:resource_provider.cc(1770)] [StartRaster] allocated=[1] image_id=[796] buffer=[0x8a590000] stride=[1536]
I/chromium( 9136): [INFO:image_raster_worker_pool.cc(75)] [RunOnWorkerThread] --------------
I/chromium( 9136): [INFO:resource_provider.cc(1770)] [StartRaster] allocated=[1] image_id=[567] buffer=[0x8a1b0000] stride=[1536]
I/chromium( 9136): [INFO:image_raster_worker_pool.cc(75)] [RunOnWorkerThread] --------------
I/chromium( 9136): [INFO:resource_provider.cc(1770)] [StartRaster] allocated=[1] image_id=[841] buffer=[0x82c07000] stride=[1536]
I/chromium( 9136): [INFO:image_raster_worker_pool.cc(75)] [RunOnWorkerThread] --------------
I/chromium( 9136): [INFO:resource_provider.cc(1770)] [StartRaster] allocated=[1] image_id=[680] buffer=[0x8713b000] stride=[1536]
I/chromium( 9136): [INFO:image_raster_worker_pool.cc(75)] [RunOnWorkerThread] --------------
I/chromium( 9136): [INFO:resource_provider.cc(1770)] [StartRaster] allocated=[1] image_id=[667] buffer=[0x82839000] stride=[1536]
I/chromium( 9136): [INFO:image_raster_worker_pool.cc(75)] [RunOnWorkerThread] --------------
I/        (  245): [BWC INFO](245): get_bwc_mm_property success
