I/chromium( 9136): [INFO:resource_provider.cc(1770)] [StartRaster] allocated=[1] image_id=[995] buffer=[0x8231f000] stride=[1280]
I/chromium( 9136): [INFO:image_raster_worker_pool.cc(75)] [RunOnWorkerThread] --------------
I/        (  245): [BWC INFO](245): get_bwc_mm_property success
I/        (  245): [BWC INFO](245): get_bwc_mm_property success
I/chromium( 9136): [INFO:resource_provider.cc(1770)] [StartRaster] allocated=[1] image_id=[954] buffer=[0x8578d000] stride=[1536]
I/        (  245): [BWC INFO](245): get_bwc_mm_property success
I/chromium( 9136): [INFO:image_raster_worker_pool.cc(75)] [RunOnWorkerThread] --------------
I/chromium( 9136): [INFO:resource_provider.cc(1770)] [StartRaster] allocated=[1] image_id=[486] buffer=[0x84bff000] stride=[1536]
I/chromium( 9136): [INFO:image_raster_worker_pool.cc(75)] [RunOnWorkerThread] --------------
I/chromium( 9136): [INFO:resource_provider.cc(1770)] [StartRaster] allocated=[1] image_id=[828] buffer=[0x8c9e0000] stride=[1536]
I/chromium( 9136): [INFO:image_raster_worker_pool.cc(75)] [RunOnWorkerThread] --------------
I/chromium( 9136): [INFO:resource_provider.cc(1770)] [StartRaster] allocated=[1] image_id=[788] buffer=[0x8950a000] stride=[1536]
I/chromium( 9136): [INFO:image_raster_worker_pool.cc(75)] [RunOnWorkerThread] --------------
I/chromium( 9136): [INFO:resource_provider.cc(1770)] [StartRaster] allocated=[1] image_id=[773] buffer=[0x85e12000] stride=[1536]
I/chromium( 9136): [INFO:image_raster_worker_pool.cc(75)] [RunOnWorkerThread] --------------
I/chromium( 9136): [INFO:resource_provider.cc(1770)] [StartRaster] allocated=[1] image_id=[935] buffer=[0x86703000] stride=[1536]
I/chromium( 9136): [INFO:image_raster_worker_pool.cc(75)] [RunOnWorkerThread] --------------
I/chromium( 9136): [INFO:resource_provider.cc(1770)] [StartRaster] allocated=[1] image_id=[816] buffer=[0x8c320000] stride=[1536]
I/chromium( 9136): [INFO:image_raster_worker_pool.cc(75)] [RunOnWorkerThread] --------------
I/chromium( 9136): [INFO:resource_provider.cc(1770)] [StartRaster] allocated=[1] image_id=[678] buffer=[0x86f8b000] stride=[1536]
I/chromium( 9136): [INFO:image_raster_worker_pool.cc(75)] [RunOnWorkerThread] --------------
I/chromium( 9136): [INFO:resource_provider.cc(1770)] [StartRaster] allocated=[1] image_id=[950] buffer=[0x85a22000] stride=[1536]
I/chromium( 9136): [INFO:image_raster_worker_pool.cc(75)] [RunOnWorkerThread] --------------
I/        (  245): [BWC INFO](245): get_bwc_mm_property success
I/chromium( 9136): [INFO:resource_provider.cc(1770)] [StartRaster] allocated=[1] image_id=[996] buffer=[0x83c00000] stride=[1280]
I/chromium( 9136): [INFO:image_raster_worker_pool.cc(75)] [RunOnWorkerThread] --------------
I/        (  245): [BWC INFO](245): get_bwc_mm_property success
I/        (  245): [BWC INFO](245): get_bwc_mm_property success
I/NotificationService( 1909): enqueueToast pkg=com.sixty.nidoneClient callback=android.app.ITransientNotification$Stub$Proxy@42e933c8 duration=0
D/AppOps  ( 1909): noteOperation: allowing code 11 uid 10275 package com.sixty.nidoneClient
D/NotificationService( 1909): Show pkg=com.sixty.nidoneClient callback=android.app.ITransientNotification$Stub$Proxy@42e933c8
V/ViewRootImpl( 9136): mApplyParallel = false, this = ViewRoot{437fd858 ,ident = 327}
I/        (  245): [BWC INFO](245): get_bwc_mm_property success
I/chromium( 9136): [INFO:resource_provider.cc(1770)] [StartRaster] allocated=[1] image_id=[845] buffer=[0x83ea7000] stride=[1536]
I/chromium( 9136): [INFO:image_raster_worker_pool.cc(75)] [RunOnWorkerThread] --------------
I/chromium( 9136): [INFO:resource_provider.cc(1770)] [StartRaster] allocated=[1] image_id=[972] buffer=[0x85f42000] stride=[1536]
I/BufferQueue(  245): [unnamed-245-1070](this:0xb7b770a8,id:1070,api:0,p:-1,c:-1) BufferQueue queue=(245:/system/bin/surfaceflinger)
I/BufferQueue(  245): [unnamed-245-1070](this:0xb7b770a8,id:1070,api:0,p:-1,c:245) consumerConnect consumer=(245:/system/bin/surfaceflinger) controlledByApp=false
I/BufferQueue(  245): [unnamed-245-1070](this:0xb7b770a8,id:1070,api:0,p:-1,c:245) setConsumerName: unnamed-245-1070
I/BufferQueue(  245): [Toast](this:0xb7b770a8,id:1070,api:0,p:-1,c:245) setConsumerName: Toast
I/BufferQueue(  245): [Toast](this:0xb7b770a8,id:1070,api:0,p:-1,c:245) setDefaultBufferSize: w=1, h=1
I/chromium( 9136): [INFO:image_raster_worker_pool.cc(75)] [RunOnWorkerThread] --------------
I/chromium( 9136): [INFO:resource_provider.cc(1770)] [StartRaster] allocated=[1] image_id=[955] buffer=[0x85ab2000] stride=[1536]
I/chromium( 9136): [INFO:image_raster_worker_pool.cc(75)] [RunOnWorkerThread] --------------
I/chromium( 9136): [INFO:resource_provider.cc(1770)] [StartRaster] allocated=[1] image_id=[771] buffer=[0x85bd2000] stride=[1536]
I/chromium( 9136): [INFO:image_raster_worker_pool.cc(75)] [RunOnWorkerThread] --------------
I/chromium( 9136): [INFO:resource_provider.cc(1770)] [StartRaster] allocated=[1] image_id=[939] buffer=[0x8732e000] stride=[1536]
I/chromium( 9136): [INFO:image_raster_worker_pool.cc(75)] [RunOnWorkerThread] --------------
I/chromium( 9136): [INFO:resource_provider.cc(1770)] [StartRaster] allocated=[1] image_id=[940] buffer=[0x873be000] stride=[1536]
I/chromium( 9136): [INFO:image_raster_worker_pool.cc(75)] [RunOnWorkerThread] --------------
I/chromium( 9136): [INFO:resource_provider.cc(1770)] [StartRaster] allocated=[1] image_id=[946] buffer=[0x82220000] stride=[1536]
I/chromium( 9136): [INFO:image_raster_worker_pool.cc(75)] [RunOnWorkerThread] --------------
I/chromium( 9136): [INFO:resource_provider.cc(1770)] [StartRaster] allocated=[1] image_id=[789] buffer=[0x897de000] stride=[1536]
I/chromium( 9136): [INFO:image_raster_worker_pool.cc(75)] [RunOnWorkerThread] --------------
I/chromium( 9136): [INFO:resource_provider.cc(1770)] [StartRaster] allocated=[1] image_id=[520] buffer=[0x88b98000] stride=[1536]
I/chromium( 9136): [INFO:image_raster_worker_pool.cc(75)] [RunOnWorkerThread] --------------
I/BufferQueue(  245): [Toast](this:0xb7b770a8,id:1070,api:0,p:-1,c:245) setDefaultBufferSize: w=508, h=130
I/        (  245): [BWC INFO](245): get_bwc_mm_property success
I/        (  245): [BWC INFO](245): get_bwc_mm_property success
I/BufferQueue(  245): [Toast](this:0xb7b770a8,id:1070,api:2,p:9136,c:245) connect: api=2 producer=(9136:com.sixty.nidoneClient) producerControlledByApp=true
I/BufferQueue(  245): [Toast](this:0xb7b770a8,id:1070,api:2,p:9136,c:245) new GraphicBuffer needed
I/[MALI][Gralloc](  245): [MTK]GRALLOC enter alloc_device_alloc()! pHandle=0x0xb7b8d90c
I/[MALI][Gralloc](  245): usage: 0x933, format: 0x1 stride: 512 vertical_stride: 130 size: 266240
I/[MALI][Gralloc](  245): [MTK]GRALLOC ready to go ion alloc arrrrrrrrr!!!! pHandle=0x0xb7b8d90c
D/GraphicBuffer(  245): alloc, handle(0xb7b489f8) (w:508 h:130 s:512 f:0x1 u:0x000933) err(0)
W/GraphicBufferExtra_hal(  245): gralloc extra device setBufInfo(...) is not supported
D/GraphicBuffer( 9136): register, handle(0x81ea9d18) (w:508 h:130 s:512 f:0x1 u:0x000933)
I/chromium( 9136): [INFO:resource_provider.cc(1770)] [StartRaster] allocated=[1] image_id=[989] buffer=[0x8588f000] stride=[1280]
I/chromium( 9136): [INFO:image_raster_worker_pool.cc(75)] [RunOnWorkerThread] --------------
I/        (  245): [BWC INFO](245): get_bwc_mm_property success
I/        (  245): [BWC INFO](245): get_bwc_mm_property success
I/chromium( 9136): [INFO:resource_provider.cc(1770)] [StartRaster] allocated=[1] image_id=[795] buffer=[0x8a500000] stride=[1536]
I/chromium( 9136): [INFO:image_raster_worker_pool.cc(75)] [RunOnWorkerThread] --------------
I/chromium( 9136): [INFO:resource_provider.cc(1770)] [StartRaster] allocated=[1] image_id=[852] buffer=[0x84ef2000] stride=[1536]
I/chromium( 9136): [INFO:image_raster_worker_pool.cc(75)] [RunOnWorkerThread] --------------
I/chromium( 9136): [INFO:resource_provider.cc(1770)] [StartRaster] allocated=[1] image_id=[888] buffer=[0x83a35000] stride=[1536]
I/chromium( 9136): [INFO:image_raster_worker_pool.cc(75)] [RunOnWorkerThread] --------------
I/chromium( 9136): [INFO:resource_provider.cc(1770)] [StartRaster] allocated=[1] image_id=[540] buffer=[0x898fe000] stride=[1536]
I/chromium( 9136): [INFO:image_raster_worker_pool.cc(75)] [RunOnWorkerThread] --------------
I/chromium( 9136): [INFO:resource_provider.cc(1770)] [StartRaster] allocated=[1] image_id=[949] buffer=[0x85919000] stride=[1536]
I/chromium( 9136): [INFO:image_raster_worker_pool.cc(75)] [RunOnWorkerThread] --------------
I/chromium( 9136): [INFO:resource_provider.cc(1770)] [StartRaster] allocated=[1] image_id=[947] buffer=[0x82db7000] stride=[1536]
I/chromium( 9136): [INFO:image_raster_worker_pool.cc(75)] [RunOnWorkerThread] --------------
I/chromium( 9136): [INFO:resource_provider.cc(1770)] [StartRaster] allocated=[1] image_id=[847] buffer=[0x83f37000] stride=[1536]
I/chromium( 9136): [INFO:image_raster_worker_pool.cc(75)] [RunOnWorkerThread] --------------
I/chromium( 9136): [INFO:resource_provider.cc(1770)] [StartRaster] allocated=[1] image_id=[846] buffer=[0x83db3000] stride=[1536]
I/chromium( 9136): [INFO:image_raster_worker_pool.cc(75)] [RunOnWorkerThread] --------------
I/chromium( 9136): [INFO:resource_provider.cc(1770)] [StartRaster] allocated=[1] image_id=[674] buffer=[0x82d27000] stride=[1536]
I/chromium( 9136): [INFO:image_raster_worker_pool.cc(75)] [RunOnWorkerThread] --------------
I/chromium( 9136): [INFO:resource_provider.cc(1770)] [StartRaster] allocated=[1] image_id=[726] buffer=[0x8986e000] stride=[1536]
I/chromium( 9136): [INFO:image_raster_worker_pool.cc(75)] [RunOnWorkerThread] --------------
I/chromium( 9136): [INFO:resource_provider.cc(1770)] [StartRaster] allocated=[1] image_id=[887] buffer=[0x8278a000] stride=[1536]
I/chromium( 9136): [INFO:image_raster_worker_pool.cc(75)] [RunOnWorkerThread] --------------
I/chromium( 9136): [INFO:resource_provider.cc(1770)] [StartRaster] allocated=[1] image_id=[480] buffer=[0x83d23000] stride=[1536]
I/chromium( 9136): [INFO:image_raster_worker_pool.cc(75)] [RunOnWorkerThread] --------------
I/chromium( 9136): [INFO:resource_provider.cc(1770)] [StartRaster] allocated=[1] image_id=[809] buffer=[0x8bf30000] stride=[1536]
I/chromium( 9136): [INFO:image_raster_worker_pool.cc(75)] [RunOnWorkerThread] --------------
I/chromium( 9136): [INFO:resource_provider.cc(1770)] [StartRaster] allocated=[1] image_id=[560] buffer=[0x89c5e000] stride=[1536]
I/chromium( 9136): [INFO:image_raster_worker_pool.cc(75)] [RunOnWorkerThread] --------------
I/chromium( 9136): [INFO:resource_provider.cc(1770)] [StartRaster] allocated=[1] image_id=[769] buffer=[0x85110000] stride=[1536]
I/chromium( 9136): [INFO:image_raster_worker_pool.cc(75)] [RunOnWorkerThread] --------------
I/chromium( 9136): [INFO:resource_provider.cc(1770)] [StartRaster] allocated=[1] image_id=[824] buffer=[0x8c7a0000] stride=[1536]
I/chromium( 9136): [INFO:image_raster_worker_pool.cc(75)] [RunOnWorkerThread] --------------
I/chromium( 9136): [INFO:resource_provider.cc(1770)] [StartRaster] allocated=[1] image_id=[715] buffer=[0x8701b000] stride=[1536]
I/chromium( 9136): [INFO:image_raster_worker_pool.cc(75)] [RunOnWorkerThread] --------------
I/chromium( 9136): [INFO:resource_provider.cc(1770)] [StartRaster] allocated=[1] image_id=[800] buffer=[0x8bbd0000] stride=[1536]
I/chromium( 9136): [INFO:image_raster_worker_pool.cc(75)] [RunOnWorkerThread] --------------
I/        (  245): [BWC INFO](245): get_bwc_mm_property success
I/chromium( 9136): [INFO:resource_provider.cc(1770)] [StartRaster] allocated=[1] image_id=[995] buffer=[0x8231f000] stride=[1280]
I/chromium( 9136): [INFO:image_raster_worker_pool.cc(75)] [RunOnWorkerThread] --------------
I/chromium( 9136): [INFO:resource_provider.cc(1770)] [StartRaster] allocated=[1] image_id=[996] buffer=[0x83c00000] stride=[1280]
I/chromium( 9136): [INFO:image_raster_worker_pool.cc(75)] [RunOnWorkerThread] --------------
I/        (  245): [BWC INFO](245): get_bwc_mm_property success
I/chromium( 9136): [INFO:resource_provider.cc(1770)] [StartRaster] allocated=[1] image_id=[673] buffer=[0x82c97000] stride=[1536]
I/chromium( 9136): [INFO:image_raster_worker_pool.cc(75)] [RunOnWorkerThread] --------------
I/chromium( 9136): [INFO:resource_provider.cc(1770)] [StartRaster] allocated=[1] image_id=[717] buffer=[0x87712000] stride=[1536]
I/chromium( 9136): [INFO:image_raster_worker_pool.cc(75)] [RunOnWorkerThread] --------------
I/chromium( 9136): [INFO:resource_provider.cc(1770)] [StartRaster] allocated=[1] image_id=[722] buffer=[0x89018000] stride=[1536]
I/chromium( 9136): [INFO:image_raster_worker_pool.cc(75)] [RunOnWorkerThread] --------------
I/chromium( 9136): [INFO:resource_provider.cc(1770)] [StartRaster] allocated=[1] image_id=[827] buffer=[0x8c950000] stride=[1536]
I/chromium( 9136): [INFO:image_raster_worker_pool.cc(75)] [RunOnWorkerThread] --------------
I/chromium( 9136): [INFO:resource_provider.cc(1770)] [StartRaster] allocated=[1] image_id=[825] buffer=[0x8c830000] stride=[1536]
I/chromium( 9136): [INFO:image_raster_worker_pool.cc(75)] [RunOnWorkerThread] --------------
I/chromium( 9136): [INFO:resource_provider.cc(1770)] [StartRaster] allocated=[1] image_id=[624] buffer=[0x813e2000] stride=[1536]
I/chromium( 9136): [INFO:image_raster_worker_pool.cc(75)] [RunOnWorkerThread] --------------
I/chromium( 9136): [INFO:resource_provider.cc(1770)] [StartRaster] allocated=[1] image_id=[780] buffer=[0x86673000] stride=[1536]
I/BufferQueue(  245): [Toast](this:0xb7c55c00,id:1069,api:2,p:-1,c:-1) consumerDisconnect
I/BufferQueue(  245): [Toast](this:0xb7c55c00,id:1069,api:2,p:-1,c:-1) ~BufferQueue
D/GraphicBuffer(  245): free, handle(0xb7c2f5c0) (w:508 h:130 s:512 f:0x1 u:0x000933)
I/chromium( 9136): [INFO:image_raster_worker_pool.cc(75)] [RunOnWorkerThread] --------------
I/chromium( 9136): [INFO:resource_provider.cc(1770)] [StartRaster] allocated=[1] image_id=[548] buffer=[0x85b42000] stride=[1536]
I/        (  245): [BWC INFO](245): get_bwc_mm_property success
I/chromium( 9136): [INFO:image_raster_worker_pool.cc(75)] [RunOnWorkerThread] --------------
I/chromium( 9136): [INFO:resource_provider.cc(1770)] [StartRaster] allocated=[1] image_id=[839] buffer=[0x826fa000] stride=[1536]
I/chromium( 9136): [INFO:image_raster_worker_pool.cc(75)] [RunOnWorkerThread] --------------
I/        (  245): [BWC INFO](245): get_bwc_mm_property success
W/ADB_SERVICES( 8271): create_local_service_socket() name=shell:wm size
W/ADB_SERVICES( 8271): service_to_fd() name=shell:wm size
W/ADB_SERVICES( 8271): read_meminfo() mem_free=215484
W/ADB_SERVICES( 8271): create_subprocess() ret_fd=15 pid=15377
W/ADB_SERVICES( 8271): LS(1366): bound to 'shell:wm size' via 15
D/ADB_SERVICES( 8271): adb local_socket_ready list (15) (26) 
I/chromium( 9136): [INFO:resource_provider.cc(1770)] [StartRaster] allocated=[1] image_id=[990] buffer=[0x8527c000] stride=[1280]
I/chromium( 9136): [INFO:image_raster_worker_pool.cc(75)] [RunOnWorkerThread] --------------
W/ADB_SERVICES(15377): adb: unable to open /proc/15377/oom_adj
W/ADB_SERVICES( 8271): create_local_service_socket() name=shell:
W/ADB_SERVICES( 8271): service_to_fd() name=shell:
W/ADB_SERVICES( 8271): read_meminfo() mem_free=215484
W/ADB_SERVICES( 8271): create_subprocess() ret_fd=16 pid=15378
W/ADB_SERVICES( 8271): LS(1367): bound to 'shell:' via 16
W/ADB_SERVICES(15378): adb: unable to open /proc/15378/oom_adj
I/        (  245): [BWC INFO](245): get_bwc_mm_property success
D/ADB_SERVICES( 8271): adb socket read list (15) (26) (16) 
D/ADB_SERVICES( 8271): read_data=18837
D/ADB_SERVICES( 8271): max_read_time=0.001152 max_send_time=0.000099 
I/        (  245): [BWC INFO](245): get_bwc_mm_property success
I/chromium( 9136): [INFO:resource_provider.cc(1770)] [StartRaster] allocated=[1] image_id=[724] buffer=[0x8962a000] stride=[1536]
I/chromium( 9136): [INFO:image_raster_worker_pool.cc(75)] [RunOnWorkerThread] --------------
I/chromium( 9136): [INFO:resource_provider.cc(1770)] [StartRaster] allocated=[1] image_id=[885] buffer=[0x8205e000] stride=[1536]
I/chromium( 9136): [INFO:image_raster_worker_pool.cc(75)] [RunOnWorkerThread] --------------
I/chromium( 9136): [INFO:resource_provider.cc(1770)] [StartRaster] allocated=[1] image_id=[899] buffer=[0x851a0000] stride=[1536]
I/chromium( 9136): [INFO:image_raster_worker_pool.cc(75)] [RunOnWorkerThread] --------------
I/chromium( 9136): [INFO:resource_provider.cc(1770)] [StartRaster] allocated=[1] image_id=[798] buffer=[0x8a6b0000] stride=[1536]
I/chromium( 9136): [INFO:image_raster_worker_pool.cc(75)] [RunOnWorkerThread] --------------
I/chromium( 9136): [INFO:resource_provider.cc(1770)] [StartRaster] allocated=[1] image_id=[883] buffer=[0x829c7000] stride=[1536]
I/chromium( 9136): [INFO:image_raster_worker_pool.cc(75)] [RunOnWorkerThread] --------------
I/chromium( 9136): [INFO:resource_provider.cc(1770)] [StartRaster] allocated=[1] image_id=[536] buffer=[0x8959a000] stride=[1536]
I/        (  245): [BWC INFO](245): get_bwc_mm_property success
I/chromium( 9136): [INFO:image_raster_worker_pool.cc(75)] [RunOnWorkerThread] --------------
I/chromium( 9136): [INFO:resource_provider.cc(1770)] [StartRaster] allocated=[1] image_id=[934] buffer=[0x8658a000] stride=[1536]
I/chromium( 9136): [INFO:image_raster_worker_pool.cc(75)] [RunOnWorkerThread] --------------
I/chromium( 9136): [INFO:resource_provider.cc(1770)] [StartRaster] allocated=[1] image_id=[938] buffer=[0x870ab000] stride=[1536]
I/chromium( 9136): [INFO:image_raster_worker_pool.cc(75)] [RunOnWorkerThread] --------------
I/chromium( 9136): [INFO:resource_provider.cc(1770)] [StartRaster] allocated=[1] image_id=[807] buffer=[0x83c90000] stride=[1536]
I/chromium( 9136): [INFO:image_raster_worker_pool.cc(75)] [RunOnWorkerThread] --------------
I/        (  245): [BWC INFO](245): get_bwc_mm_property success
I/chromium( 9136): [INFO:resource_provider.cc(1770)] [StartRaster] allocated=[1] image_id=[989] buffer=[0x8588f000] stride=[1280]
I/BufferQueue(  245): [com.sixty.nidoneClient/com.sixty.nidoneClient.view.activity.SDK_WebApp](this:0xb7b684e0,id:849,api:1,p:9136,c:245) queueBuffer: fps=28.21 dur=1063.58 max=102.95 min=16.26
I/chromium( 9136): [INFO:image_raster_worker_pool.cc(75)] [RunOnWorkerThread] --------------
I/        (  245): [BWC INFO](245): get_bwc_mm_property success
I/        (  245): [BWC INFO](245): get_bwc_mm_property success
I/chromium( 9136): [INFO:resource_provider.cc(1770)] [StartRaster] allocated=[1] image_id=[941] buffer=[0x87682000] stride=[1536]
I/chromium( 9136): [INFO:image_raster_worker_pool.cc(75)] [RunOnWorkerThread] --------------
I/        (  245): [BWC INFO](245): get_bwc_mm_property success
I/chromium( 9136): [INFO:resource_provider.cc(1770)] [StartRaster] allocated=[1] image_id=[472] buffer=[0x82190000] stride=[1536]
I/chromium( 9136): [INFO:image_raster_worker_pool.cc(75)] [RunOnWorkerThread] --------------
I/chromium( 9136): [INFO:resource_provider.cc(1770)] [StartRaster] allocated=[1] image_id=[948] buffer=[0x82ed7000] stride=[1536]
I/chromium( 9136): [INFO:image_raster_worker_pool.cc(75)] [RunOnWorkerThread] --------------
I/chromium( 9136): [INFO:resource_provider.cc(1770)] [StartRaster] allocated=[1] image_id=[897] buffer=[0x82e47000] stride=[1536]
I/chromium( 9136): [INFO:image_raster_worker_pool.cc(75)] [RunOnWorkerThread] --------------
I/chromium( 9136): [INFO:resource_provider.cc(1770)] [StartRaster] allocated=[1] image_id=[500] buffer=[0x86efb000] stride=[1536]
I/chromium( 9136): [INFO:image_raster_worker_pool.cc(75)] [RunOnWorkerThread] --------------
I/chromium( 9136): [INFO:resource_provider.cc(1770)] [StartRaster] allocated=[1] image_id=[853] buffer=[0x85600000] stride=[1536]
I/chromium( 9136): [INFO:image_raster_worker_pool.cc(75)] [RunOnWorkerThread] --------------
I/chromium( 9136): [INFO:resource_provider.cc(1770)] [StartRaster] allocated=[1] image_id=[886] buffer=[0x82412000] stride=[1536]
I/chromium( 9136): [INFO:image_raster_worker_pool.cc(75)] [RunOnWorkerThread] --------------
I/chromium( 9136): [INFO:resource_provider.cc(1770)] [StartRaster] allocated=[1] image_id=[683] buffer=[0x8744e000] stride=[1536]
I/chromium( 9136): [INFO:image_raster_worker_pool.cc(75)] [RunOnWorkerThread] --------------
I/chromium( 9136): [INFO:resource_provider.cc(1770)] [StartRaster] allocated=[1] image_id=[838] buffer=[0x82600000] stride=[1536]
I/chromium( 9136): [INFO:image_raster_worker_pool.cc(75)] [RunOnWorkerThread] --------------
I/        (  245): [BWC INFO](245): get_bwc_mm_property success
I/chromium( 9136): [INFO:resource_provider.cc(1770)] [StartRaster] allocated=[1] image_id=[996] buffer=[0x83c00000] stride=[1280]
I/chromium( 9136): [INFO:image_raster_worker_pool.cc(75)] [RunOnWorkerThread] --------------
I/        (  245): [BWC INFO](245): get_bwc_mm_property success
I/        (  245): [BWC INFO](245): get_bwc_mm_property success
I/        (  245): [BWC INFO](245): get_bwc_mm_property success
I/chromium( 9136): [INFO:resource_provider.cc(1770)] [StartRaster] allocated=[1] image_id=[468] buffer=[0x81863000] stride=[1536]
I/chromium( 9136): [INFO:image_raster_worker_pool.cc(75)] [RunOnWorkerThread] --------------
I/chromium( 9136): [INFO:resource_provider.cc(1770)] [StartRaster] allocated=[1] image_id=[799] buffer=[0x8a740000] stride=[1536]
I/chromium( 9136): [INFO:image_raster_worker_pool.cc(75)] [RunOnWorkerThread] --------------
I/chromium( 9136): [INFO:resource_provider.cc(1770)] [StartRaster] allocated=[1] image_id=[719] buffer=[0x88c28000] stride=[1536]
I/chromium( 9136): [INFO:image_raster_worker_pool.cc(75)] [RunOnWorkerThread] --------------
I/chromium( 9136): [INFO:resource_provider.cc(1770)] [StartRaster] allocated=[1] image_id=[851] buffer=[0x84b53000] stride=[1536]
I/chromium( 9136): [INFO:image_raster_worker_pool.cc(75)] [RunOnWorkerThread] --------------
I/chromium( 9136): [INFO:resource_provider.cc(1770)] [StartRaster] allocated=[1] image_id=[796] buffer=[0x8a590000] stride=[1536]
I/chromium( 9136): [INFO:image_raster_worker_pool.cc(75)] [RunOnWorkerThread] --------------
I/chromium( 9136): [INFO:resource_provider.cc(1770)] [StartRaster] allocated=[1] image_id=[567] buffer=[0x8a1b0000] stride=[1536]
I/chromium( 9136): [INFO:image_raster_worker_pool.cc(75)] [RunOnWorkerThread] --------------
I/chromium( 9136): [INFO:resource_provider.cc(1770)] [StartRaster] allocated=[1] image_id=[841] buffer=[0x82c07000] stride=[1536]
I/chromium( 9136): [INFO:image_raster_worker_pool.cc(75)] [RunOnWorkerThread] --------------
I/chromium( 9136): [INFO:resource_provider.cc(1770)] [StartRaster] allocated=[1] image_id=[680] buffer=[0x8713b000] stride=[1536]
I/chromium( 9136): [INFO:image_raster_worker_pool.cc(75)] [RunOnWorkerThread] --------------
I/chromium( 9136): [INFO:resource_provider.cc(1770)] [StartRaster] allocated=[1] image_id=[667] buffer=[0x82839000] stride=[1536]
I/chromium( 9136): [INFO:image_raster_worker_pool.cc(75)] [RunOnWorkerThread] --------------
I/        (  245): [BWC INFO](245): get_bwc_mm_property success
I/chromium( 9136): [INFO:resource_provider.cc(1770)] [StartRaster] allocated=[1] image_id=[990] buffer=[0x8527c000] stride=[1280]
I/chromium( 9136): [INFO:image_raster_worker_pool.cc(75)] [RunOnWorkerThread] --------------
I/        (  245): [BWC INFO](245): get_bwc_mm_property success
I/        (  245): [BWC INFO](245): get_bwc_mm_property success
I/        (  245): [BWC INFO](245): get_bwc_mm_property success
I/chromium( 9136): [INFO:resource_provider.cc(1770)] [StartRaster] allocated=[1] image_id=[954] buffer=[0x8578d000] stride=[1536]
I/chromium( 9136): [INFO:image_raster_worker_pool.cc(75)] [RunOnWorkerThread] --------------
I/chromium( 9136): [INFO:resource_provider.cc(1770)] [StartRaster] allocated=[1] image_id=[486] buffer=[0x84bff000] stride=[1536]
I/chromium( 9136): [INFO:image_raster_worker_pool.cc(75)] [RunOnWorkerThread] --------------
I/chromium( 9136): [INFO:resource_provider.cc(1770)] [StartRaster] allocated=[1] image_id=[828] buffer=[0x8c9e0000] stride=[1536]
I/chromium( 9136): [INFO:image_raster_worker_pool.cc(75)] [RunOnWorkerThread] --------------
I/chromium( 9136): [INFO:resource_provider.cc(1770)] [StartRaster] allocated=[1] image_id=[788] buffer=[0x8950a000] stride=[1536]
I/chromium( 9136): [INFO:image_raster_worker_pool.cc(75)] [RunOnWorkerThread] --------------
I/chromium( 9136): [INFO:resource_provider.cc(1770)] [StartRaster] allocated=[1] image_id=[773] buffer=[0x85e12000] stride=[1536]
I/chromium( 9136): [INFO:image_raster_worker_pool.cc(75)] [RunOnWorkerThread] --------------
I/chromium( 9136): [INFO:resource_provider.cc(1770)] [StartRaster] allocated=[1] image_id=[935] buffer=[0x86703000] stride=[1536]
I/chromium( 9136): [INFO:image_raster_worker_pool.cc(75)] [RunOnWorkerThread] --------------
I/chromium( 9136): [INFO:resource_provider.cc(1770)] [StartRaster] allocated=[1] image_id=[816] buffer=[0x8c320000] stride=[1536]
I/chromium( 9136): [INFO:image_raster_worker_pool.cc(75)] [RunOnWorkerThread] --------------
I/chromium( 9136): [INFO:resource_provider.cc(1770)] [StartRaster] allocated=[1] image_id=[678] buffer=[0x86f8b000] stride=[1536]
I/chromium( 9136): [INFO:image_raster_worker_pool.cc(75)] [RunOnWorkerThread] --------------
I/chromium( 9136): [INFO:resource_provider.cc(1770)] [StartRaster] allocated=[1] image_id=[950] buffer=[0x85a22000] stride=[1536]
I/chromium( 9136): [INFO:image_raster_worker_pool.cc(75)] [RunOnWorkerThread] --------------
I/        (  245): [BWC INFO](245): get_bwc_mm_property success
I/chromium( 9136): [INFO:resource_provider.cc(1770)] [StartRaster] allocated=[1] image_id=[989] buffer=[0x8588f000] stride=[1280]
I/chromium( 9136): [INFO:image_raster_worker_pool.cc(75)] [RunOnWorkerThread] --------------
I/        (  245): [BWC INFO](245): get_bwc_mm_property success
D/AndroidRuntime(15377): 
D/AndroidRuntime(15377): >>>>>> AndroidRuntime START com.android.internal.os.RuntimeInit <<<<<<
D/AndroidRuntime(15377): CheckJNI is OFF
D/AndroidRuntime(15377): language=-Duser.language=zh region=-Duser.region=CN
D/dalvikvm(15377): boot class : 
D/dalvikvm(15377):   (0) core.jar
D/dalvikvm(15377):   (1) conscrypt.jar
D/dalvikvm(15377):   (2) okhttp.jar
D/dalvikvm(15377):   (3) core-junit.jar
D/dalvikvm(15377):   (4) bouncycastle.jar
D/dalvikvm(15377):   (5) ext.jar
D/dalvikvm(15377):   (6) framework.jar
D/dalvikvm(15377):   (7) framework2.jar
D/dalvikvm(15377):   (8) telephony-common.jar
D/dalvikvm(15377):   (9) voip-common.jar
D/dalvikvm(15377):   (10) mms-common.jar
D/dalvikvm(15377):   (11) android.policy.jar
D/dalvikvm(15377):   (12) services.jar
D/dalvikvm(15377):   (13) apache-xml.jar
D/dalvikvm(15377):   (14) webviewchromium.jar
D/dalvikvm(15377):   (15) mediatek-common.jar
D/dalvikvm(15377):   (16) mediatek-framework.jar
D/dalvikvm(15377):   (17) CustomProperties.jar
D/dalvikvm(15377):   (18) mediatek-telephony-common.jar
D/dalvikvm(15377):   (19) mediatek-tablet.jar
D/dalvikvm(15377):   (20) oppo-framework.jar
D/dalvikvm(15377):   (21) am.jar
D/dalvikvm(15377): threadid=1: interp stack at 0x41e85000
D/dalvikvm(15377): dvmJarFileOpen: /system/framework/core.jar
D/dalvikvm(15377): dvmJarFileOpen: /system/framework/conscrypt.jar
D/dalvikvm(15377): dvmJarFileOpen: /system/framework/okhttp.jar
D/dalvikvm(15377): dvmJarFileOpen: /system/framework/core-junit.jar
D/dalvikvm(15377): dvmJarFileOpen: /system/framework/bouncycastle.jar
D/dalvikvm(15377): dvmJarFileOpen: /system/framework/ext.jar
D/ReserveFileInData(15383): Total_size = 12702646272 B = 12404928 KB = 12114 MB = 11 GB
D/ReserveFileInData(15383): Disk_free = 8943 MB = 8 GB
D/ReserveFileInData(15383): Disk_available = 8927 MB = 8 GB
D/ReserveFileInData(15383): availDataSize is 8927
D/dalvikvm(15377): dvmJarFileOpen: /system/framework/framework.jar
D/dalvikvm(15377): dvmJarFileOpen: /system/framework/framework2.jar
D/dalvikvm(15377): dvmJarFileOpen: /system/framework/telephony-common.jar
D/dalvikvm(15377): dvmJarFileOpen: /system/framework/voip-common.jar
D/dalvikvm(15377): dvmJarFileOpen: /system/framework/mms-common.jar
D/dalvikvm(15377): dvmJarFileOpen: /system/framework/android.policy.jar
D/dalvikvm(15377): dvmJarFileOpen: /system/framework/services.jar
D/dalvikvm(15377): dvmJarFileOpen: /system/framework/apache-xml.jar
D/dalvikvm(15377): dvmJarFileOpen: /system/framework/webviewchromium.jar
D/dalvikvm(15377): dvmJarFileOpen: /system/framework/mediatek-common.jar
D/dalvikvm(15377): dvmJarFileOpen: /system/framework/mediatek-framework.jar
D/dalvikvm(15377): dvmJarFileOpen: /system/framework/CustomProperties.jar
D/dalvikvm(15377): dvmJarFileOpen: /system/framework/mediatek-telephony-common.jar
D/dalvikvm(15377): dvmJarFileOpen: /system/framework/mediatek-tablet.jar
D/dalvikvm(15377): dvmJarFileOpen: /system/framework/oppo-framework.jar
D/dalvikvm(15377): open_cached_dex_file : /system/framework/oppo-framework.jar /data/dalvik-cache/system@framework@oppo-framework.jar@classes.dex
D/dalvikvm(15377): process bootclasspath ex!!
D/dalvikvm(15377): dvmJarFileOpen: /system/framework/mediatek-op.jar
D/dalvikvm(15377): open_cached_dex_file : /system/framework/mediatek-op.jar /data/dalvik-cache/system@framework@mediatek-op.jar@classes.dex
D/dalvikvm(15377): Trying to load lib libjavacore.so 0x0
I/        (  245): [BWC INFO](245): get_bwc_mm_property success
D/dalvikvm(15377): Added shared lib libjavacore.so 0x0
D/dalvikvm(15377): Trying to load lib libnativehelper.so 0x0
D/dalvikvm(15377): Added shared lib libnativehelper.so 0x0
D/dalvikvm(15377): No JNI_OnLoad found in libnativehelper.so 0x0, skipping init
D/dalvikvm(15377): +++ finishing prep on main VM thread
I/        (  245): [BWC INFO](245): get_bwc_mm_property success
D/dalvikvm(15377): dvmJarFileOpen: /system/framework/wm.jar
I/dalvikvm(15377): DexOpt: mismatch dep name: '/data/dalvik-cache/system@framework@oppo-framework.jar@classes.dex' vs. '/system/framework/oppo-framework.odex'
D/dalvikvm(15377): == DexOpt: numDeps = 21
D/dalvikvm(15377): 0 : /system/framework/core.odex /system/framework/core.odex
D/dalvikvm(15377): 1 : /system/framework/conscrypt.odex /system/framework/conscrypt.odex
D/dalvikvm(15377): 2 : /system/framework/okhttp.odex /system/framework/okhttp.odex
D/dalvikvm(15377): 3 : /system/framework/core-junit.odex /system/framework/core-junit.odex
D/dalvikvm(15377): 4 : /system/framework/bouncycastle.odex /system/framework/bouncycastle.odex
D/dalvikvm(15377): 5 : /system/framework/ext.odex /system/framework/ext.odex
D/dalvikvm(15377): 6 : /system/framework/framework.odex /system/framework/framework.odex
D/dalvikvm(15377): 7 : /system/framework/framework2.odex /system/framework/framework2.odex
D/dalvikvm(15377): 8 : /system/framework/telephony-common.odex /system/framework/telephony-common.odex
D/dalvikvm(15377): 9 : /system/framework/voip-common.odex /system/framework/voip-common.odex
D/dalvikvm(15377): 10 : /system/framework/mms-common.odex /system/framework/mms-common.odex
D/dalvikvm(15377): 11 : /system/framework/android.policy.odex /system/framework/android.policy.odex
D/dalvikvm(15377): 12 : /system/framework/services.odex /system/framework/services.odex
D/dalvikvm(15377): 13 : /system/framework/apache-xml.odex /system/framework/apache-xml.odex
D/dalvikvm(15377): 14 : /system/framework/webviewchromium.odex /system/framework/webviewchromium.odex
D/dalvikvm(15377): 15 : /system/framework/mediatek-common.odex /system/framework/mediatek-common.odex
D/dalvikvm(15377): 16 : /system/framework/mediatek-framework.odex /system/framework/mediatek-framework.odex
D/dalvikvm(15377): 17 : /system/framework/CustomProperties.odex /system/framework/CustomProperties.odex
D/dalvikvm(15377): 18 : /system/framework/mediatek-telephony-common.odex /system/framework/mediatek-telephony-common.odex
D/dalvikvm(15377): 19 : /system/framework/mediatek-tablet.odex /system/framework/mediatek-tablet.odex
D/dalvikvm(15377): 20 : /system/framework/oppo-framework.odex /system/framework/oppo-framework.odex
D/dalvikvm(15377): 21 : NULL NULL
E/dalvikvm(15377): /system/framework/wm.jar odex has stale dependencies
D/dalvikvm(15377): open_cached_dex_file : /system/framework/wm.jar /data/dalvik-cache/system@framework@wm.jar@classes.dex
D/dalvikvm(15377): create interp thread : stack size=128KB
D/dalvikvm(15377): create new thread
D/dalvikvm(15377): new thread created
D/dalvikvm(15377): update thread list
D/dalvikvm(15377): threadid=2: interp stack at 0x72e82000
D/dalvikvm(15377): threadid=2: created from interp
D/dalvikvm(15377): start new thread
D/dalvikvm(15377): threadid=2: notify debugger
D/dalvikvm(15377): threadid=2 (ReferenceQueueDaemon): calling run()
D/dalvikvm(15377): create interp thread : stack size=128KB
D/dalvikvm(15377): create new thread
D/dalvikvm(15377): new thread created
D/dalvikvm(15377): update thread list
D/dalvikvm(15377): threadid=3: interp stack at 0x72fa2000
D/dalvikvm(15377): threadid=3: created from interp
D/dalvikvm(15377): start new thread
D/dalvikvm(15377): create interp thread : stack size=128KB
D/dalvikvm(15377): create new thread
D/dalvikvm(15377): new thread created
D/dalvikvm(15377): update thread list
D/dalvikvm(15377): threadid=3: notify debugger
D/dalvikvm(15377): threadid=3 (FinalizerDaemon): calling run()
D/dalvikvm(15377): threadid=4: interp stack at 0x730c3000
D/dalvikvm(15377): threadid=4: created from interp
D/dalvikvm(15377): start new thread
D/dalvikvm(15377): threadid=4: notify debugger
D/dalvikvm(15377): threadid=4 (FinalizerWatchdogDaemon): calling run()
D/dalvikvm(15377): threadid=5: interp stack at 0x732e5000
D/dalvikvm(15377): threadid=6: interp stack at 0x73406000
D/dalvikvm(15377): Elevating priority from 0 to -8
D/jdwp    (15377): prepping for JDWP over ADB
D/dalvikvm(15377): threadid=7: interp stack at 0x73529000
D/jdwp    (15377): JDWP: thread running
D/dalvikvm(15377): threadid=8: interp stack at 0x7364a000
D/jdwp    (15377): trying to receive file descriptor from ADB
D/ADB_SERVICES( 8271): Adding socket 25 pid 15377 to jdwp process list
I/chromium( 9136): [INFO:resource_provider.cc(1770)] [StartRaster] allocated=[1] image_id=[846] buffer=[0x83db3000] stride=[1536]
I/chromium( 9136): [INFO:image_raster_worker_pool.cc(75)] [RunOnWorkerThread] --------------
I/chromium( 9136): [INFO:resource_provider.cc(1770)] [StartRaster] allocated=[1] image_id=[726] buffer=[0x8986e000] stride=[1536]
I/chromium( 9136): [INFO:image_raster_worker_pool.cc(75)] [RunOnWorkerThread] --------------
I/chromium( 9136): [INFO:resource_provider.cc(1770)] [StartRaster] allocated=[1] image_id=[480] buffer=[0x83d23000] stride=[1536]
I/chromium( 9136): [INFO:image_raster_worker_pool.cc(75)] [RunOnWorkerThread] --------------
I/chromium( 9136): [INFO:resource_provider.cc(1770)] [StartRaster] allocated=[1] image_id=[809] buffer=[0x8bf30000] stride=[1536]
I/chromium( 9136): [INFO:image_raster_worker_pool.cc(75)] [RunOnWorkerThread] --------------
I/chromium( 9136): [INFO:resource_provider.cc(1770)] [StartRaster] allocated=[1] image_id=[769] buffer=[0x85110000] stride=[1536]
I/chromium( 9136): [INFO:image_raster_worker_pool.cc(75)] [RunOnWorkerThread] --------------
I/chromium( 9136): [INFO:resource_provider.cc(1770)] [StartRaster] allocated=[1] image_id=[715] buffer=[0x8701b000] stride=[1536]
I/chromium( 9136): [INFO:image_raster_worker_pool.cc(75)] [RunOnWorkerThread] --------------
I/chromium( 9136): [INFO:resource_provider.cc(1770)] [StartRaster] allocated=[1] image_id=[784] buffer=[0x86d00000] stride=[1536]
I/chromium( 9136): [INFO:image_raster_worker_pool.cc(75)] [RunOnWorkerThread] --------------
I/chromium( 9136): [INFO:resource_provider.cc(1770)] [StartRaster] allocated=[1] image_id=[848] buffer=[0x83fc7000] stride=[1536]
I/chromium( 9136): [INFO:image_raster_worker_pool.cc(75)] [RunOnWorkerThread] --------------
I/chromium( 9136): [INFO:resource_provider.cc(1770)] [StartRaster] allocated=[1] image_id=[840] buffer=[0x82a79000] stride=[1536]
I/chromium( 9136): [INFO:image_raster_worker_pool.cc(75)] [RunOnWorkerThread] --------------
I/        (  245): [BWC INFO](245): get_bwc_mm_property success
I/chromium( 9136): [INFO:resource_provider.cc(1770)] [StartRaster] allocated=[1] image_id=[996] buffer=[0x83c00000] stride=[1280]
D/dalvikvm(15377): Note: class Landroid/app/ActivityManagerNative; has 194 unimplemented (abstract) methods
I/chromium( 9136): [INFO:image_raster_worker_pool.cc(75)] [RunOnWorkerThread] --------------
D/PhoneInterfaceManagerEx( 4362): [PhoneIntfMgrEx] hasIccCard  simId=0
D/PhoneInterfaceManagerEx( 4362): [PhoneIntfMgrEx] hasIccCard  simId=1
I/        (  245): [BWC INFO](245): get_bwc_mm_property success
I/SurfaceFlinger(  245): [Built-in Screen (type:0)] fps:57.214752,dur:1013.72,max:34.12,min:6.44
I/        (  245): [BWC INFO](245): get_bwc_mm_property success
I/        (  245): [BWC INFO](245): get_bwc_mm_property success
I/chromium( 9136): [INFO:resource_provider.cc(1770)] [StartRaster] allocated=[1] image_id=[845] buffer=[0x83ea7000] stride=[1536]
I/chromium( 9136): [INFO:image_raster_worker_pool.cc(75)] [RunOnWorkerThread] --------------
I/chromium( 9136): [INFO:resource_provider.cc(1770)] [StartRaster] allocated=[1] image_id=[972] buffer=[0x85f42000] stride=[1536]
I/chromium( 9136): [INFO:image_raster_worker_pool.cc(75)] [RunOnWorkerThread] --------------
I/chromium( 9136): [INFO:resource_provider.cc(1770)] [StartRaster] allocated=[1] image_id=[955] buffer=[0x85ab2000] stride=[1536]
I/chromium( 9136): [INFO:image_raster_worker_pool.cc(75)] [RunOnWorkerThread] --------------
I/chromium( 9136): [INFO:resource_provider.cc(1770)] [StartRaster] allocated=[1] image_id=[771] buffer=[0x85bd2000] stride=[1536]
I/chromium( 9136): [INFO:image_raster_worker_pool.cc(75)] [RunOnWorkerThread] --------------
I/chromium( 9136): [INFO:resource_provider.cc(1770)] [StartRaster] allocated=[1] image_id=[939] buffer=[0x8732e000] stride=[1536]
I/chromium( 9136): [INFO:image_raster_worker_pool.cc(75)] [RunOnWorkerThread] --------------
I/chromium( 9136): [INFO:resource_provider.cc(1770)] [StartRaster] allocated=[1] image_id=[940] buffer=[0x873be000] stride=[1536]
I/chromium( 9136): [INFO:image_raster_worker_pool.cc(75)] [RunOnWorkerThread] --------------
I/chromium( 9136): [INFO:resource_provider.cc(1770)] [StartRaster] allocated=[1] image_id=[946] buffer=[0x82220000] stride=[1536]
I/chromium( 9136): [INFO:image_raster_worker_pool.cc(75)] [RunOnWorkerThread] --------------
I/chromium( 9136): [INFO:resource_provider.cc(1770)] [StartRaster] allocated=[1] image_id=[789] buffer=[0x897de000] stride=[1536]
I/chromium( 9136): [INFO:image_raster_worker_pool.cc(75)] [RunOnWorkerThread] --------------
I/chromium( 9136): [INFO:resource_provider.cc(1770)] [StartRaster] allocated=[1] image_id=[520] buffer=[0x88b98000] stride=[1536]
I/chromium( 9136): [INFO:image_raster_worker_pool.cc(75)] [RunOnWorkerThread] --------------
I/        (  245): [BWC INFO](245): get_bwc_mm_property success
I/chromium( 9136): [INFO:resource_provider.cc(1770)] [StartRaster] allocated=[1] image_id=[990] buffer=[0x8527c000] stride=[1280]
I/chromium( 9136): [INFO:image_raster_worker_pool.cc(75)] [RunOnWorkerThread] --------------
I/        (  245): [BWC INFO](245): get_bwc_mm_property success
I/        (  245): [BWC INFO](245): get_bwc_mm_property success
I/        (  245): [BWC INFO](245): get_bwc_mm_property success
I/chromium( 9136): [INFO:resource_provider.cc(1770)] [StartRaster] allocated=[1] image_id=[852] buffer=[0x84ef2000] stride=[1536]
I/chromium( 9136): [INFO:image_raster_worker_pool.cc(75)] [RunOnWorkerThread] --------------
I/chromium( 9136): [INFO:resource_provider.cc(1770)] [StartRaster] allocated=[1] image_id=[540] buffer=[0x898fe000] stride=[1536]
I/chromium( 9136): [INFO:image_raster_worker_pool.cc(75)] [RunOnWorkerThread] --------------
I/chromium( 9136): [INFO:resource_provider.cc(1770)] [StartRaster] allocated=[1] image_id=[947] buffer=[0x82db7000] stride=[1536]
I/chromium( 9136): [INFO:image_raster_worker_pool.cc(75)] [RunOnWorkerThread] --------------
I/chromium( 9136): [INFO:resource_provider.cc(1770)] [StartRaster] allocated=[1] image_id=[847] buffer=[0x83f37000] stride=[1536]
I/chromium( 9136): [INFO:image_raster_worker_pool.cc(75)] [RunOnWorkerThread] --------------
I/chromium( 9136): [INFO:resource_provider.cc(1770)] [StartRaster] allocated=[1] image_id=[674] buffer=[0x82d27000] stride=[1536]
I/chromium( 9136): [INFO:image_raster_worker_pool.cc(75)] [RunOnWorkerThread] --------------
I/chromium( 9136): [INFO:resource_provider.cc(1770)] [StartRaster] allocated=[1] image_id=[887] buffer=[0x8278a000] stride=[1536]
I/chromium( 9136): [INFO:image_raster_worker_pool.cc(75)] [RunOnWorkerThread] --------------
I/chromium( 9136): [INFO:resource_provider.cc(1770)] [StartRaster] allocated=[1] image_id=[560] buffer=[0x89c5e000] stride=[1536]
I/chromium( 9136): [INFO:image_raster_worker_pool.cc(75)] [RunOnWorkerThread] --------------
I/chromium( 9136): [INFO:resource_provider.cc(1770)] [StartRaster] allocated=[1] image_id=[824] buffer=[0x8c7a0000] stride=[1536]
I/chromium( 9136): [INFO:image_raster_worker_pool.cc(75)] [RunOnWorkerThread] --------------
I/chromium( 9136): [INFO:resource_provider.cc(1770)] [StartRaster] allocated=[1] image_id=[800] buffer=[0x8bbd0000] stride=[1536]
I/chromium( 9136): [INFO:image_raster_worker_pool.cc(75)] [RunOnWorkerThread] --------------
I/chromium( 9136): [INFO:resource_provider.cc(1770)] [StartRaster] allocated=[1] image_id=[989] buffer=[0x8588f000] stride=[1280]
D/WifiStateMachine( 1909): ConnectedState{ when=-3ms what=131155 arg1=11 target=com.android.internal.util.StateMachine$SmHandler target=Handler (com.android.internal.util.StateMachine$SmHandler) {43155f58} }
D/WifiStateMachine( 1909): L2ConnectedState{ when=-4ms what=131155 arg1=11 target=com.android.internal.util.StateMachine$SmHandler target=Handler (com.android.internal.util.StateMachine$SmHandler) {43155f58} }
D/WifiHW  ( 1909): enter -->wifi_send_command cmd=IFNAME=wlan0 SIGNAL_POLL
D/wpa_supplicant( 4185): RX ctrl_iface - hexdump(len=11): 53 49 47 4e 41 4c 5f 50 4f 4c 4c
D/wpa_supplicant( 4185): wlan0: Control interface command 'SIGNAL_POLL'
I/chromium( 9136): [INFO:image_raster_worker_pool.cc(75)] [RunOnWorkerThread] --------------
I/        (  245): [BWC INFO](245): get_bwc_mm_property success
E/memtrack(15377): Couldn't load memtrack module (No such file or directory)
E/android.os.Debug(15377): failed to load memtrack module: -2
D/wpa_supplicant( 4185): nl80211: survey data missing!
D/wpa_supplicant( 4185): signal poll, reply_len=48
D/wpa_ctrl( 1909): reply_len=4095
D/WifiHW  ( 1909): leave --> reply=RSSI=-40
D/WifiHW  ( 1909): LINKSPEED=65
D/WifiHW  ( 1909): NOISE=9999
D/WifiHW  ( 1909): FREQUENCY=2412
D/WifiHW  ( 1909): 
D/wifi    ( 1909): doStringCommand, buf IFNAME=wlan0 SIGNAL_POLL
I/WifiStateMachine( 1909): fetchRssiAndLinkSpeedNative, newRssi:-40, newLinkSpeed:65, SSID:"60_dev_01"
D/WifiStateMachine( 1909): mRssiArray[0] = -39
D/WifiStateMachine( 1909): mRssiArray[1] = -39
D/WifiStateMachine( 1909): mRssiArray[2] = -39
D/WifiStateMachine( 1909): mRssiArray[3] = -40
D/WifiStateMachine( 1909): mRssiArray[4] = -40
D/WifiStateMachine( 1909): GetFilterRssi is : -39
D/WifiStateMachine( 1909): mLastSignalLevel:4, newSignalLevel:4
D/WifiStateMachine( 1909): fetchRssiAndLinkSpeedNative, ipAddr:-1711271764
I/chromium( 9136): [INFO:resource_provider.cc(1770)] [StartRaster] allocated=[1] image_id=[673] buffer=[0x82c97000] stride=[1536]
I/chromium( 9136): [INFO:image_raster_worker_pool.cc(75)] [RunOnWorkerThread] --------------
I/chromium( 9136): [INFO:resource_provider.cc(1770)] [StartRaster] allocated=[1] image_id=[717] buffer=[0x87712000] stride=[1536]
I/chromium( 9136): [INFO:image_raster_worker_pool.cc(75)] [RunOnWorkerThread] --------------
I/chromium( 9136): [INFO:resource_provider.cc(1770)] [StartRaster] allocated=[1] image_id=[722] buffer=[0x89018000] stride=[1536]
I/chromium( 9136): [INFO:image_raster_worker_pool.cc(75)] [RunOnWorkerThread] --------------
I/chromium( 9136): [INFO:resource_provider.cc(1770)] [StartRaster] allocated=[1] image_id=[827] buffer=[0x8c950000] stride=[1536]
I/chromium( 9136): [INFO:image_raster_worker_pool.cc(75)] [RunOnWorkerThread] --------------
I/chromium( 9136): [INFO:resource_provider.cc(1770)] [StartRaster] allocated=[1] image_id=[825] buffer=[0x8c830000] stride=[1536]
I/chromium( 9136): [INFO:image_raster_worker_pool.cc(75)] [RunOnWorkerThread] --------------
I/chromium( 9136): [INFO:resource_provider.cc(1770)] [StartRaster] allocated=[1] image_id=[624] buffer=[0x813e2000] stride=[1536]
I/chromium( 9136): [INFO:image_raster_worker_pool.cc(75)] [RunOnWorkerThread] --------------
I/chromium( 9136): [INFO:resource_provider.cc(1770)] [StartRaster] allocated=[1] image_id=[780] buffer=[0x86673000] stride=[1536]
I/chromium( 9136): [INFO:image_raster_worker_pool.cc(75)] [RunOnWorkerThread] --------------
I/chromium( 9136): [INFO:resource_provider.cc(1770)] [StartRaster] allocated=[1] image_id=[548] buffer=[0x85b42000] stride=[1536]
I/        (  245): [BWC INFO](245): get_bwc_mm_property success
I/chromium( 9136): [INFO:image_raster_worker_pool.cc(75)] [RunOnWorkerThread] --------------
I/chromium( 9136): [INFO:resource_provider.cc(1770)] [StartRaster] allocated=[1] image_id=[839] buffer=[0x826fa000] stride=[1536]
I/chromium( 9136): [INFO:image_raster_worker_pool.cc(75)] [RunOnWorkerThread] --------------
I/        (  245): [BWC INFO](245): get_bwc_mm_property success
D/AndroidRuntime(15377): Calling main entry com.android.commands.wm.Wm
D/dalvikvm(15377): threadid=9: interp stack at 0x73b2d000
D/dalvikvm(15377): threadid=10: interp stack at 0x73c4d000
I/chromium( 9136): [INFO:resource_provider.cc(1770)] [StartRaster] allocated=[1] image_id=[996] buffer=[0x83c00000] stride=[1280]
I/chromium( 9136): [INFO:image_raster_worker_pool.cc(75)] [RunOnWorkerThread] --------------
D/AndroidRuntime(15377): Shutting down VM
D/dalvikvm(15377): threadid=1: bye!
D/dalvikvm(15377): threadid=10: bye!
D/dalvikvm(15377): threadid=9: last non-daemon thread
D/dalvikvm(15377): threadid=9: bye!
D/dalvikvm(15377): DestroyJavaVM waiting for non-daemon threads to exit
D/dalvikvm(15377): DestroyJavaVM shutting VM down
D/dalvikvm(15377): VM shutting down
D/dalvikvm(15377): between the previous GC alloc  702K
I/        (  245): [BWC INFO](245): get_bwc_mm_property success
D/dalvikvm(15377): GC_CONCURRENT freed 95K (977), 14% free 607K/704K, paused 1ms+0ms, total 4ms
D/dalvikvm(15377): threadid=5: bye!
D/jdwp    (15377): JDWP shutting down net...
D/jdwp    (15377): +++ writing to wakePipe
E/jdwp    (15377): jdwp::setsockopt(SO_SNDTIMEO)
E/jdwp    (15377): jdwp::setsockopt(SO_RCVTIMEO)
D/jdwp    (15377): JDWP: thread exiting
D/dalvikvm(15377): threadid=7: bye!
W/ADB_SERVICES( 8271): terminating JDWP 15377 connection: Try again
D/ADB_SERVICES( 8271): remove pid 15377 to jdwp process list
D/jdwp    (15377): JDWP freeing netstate...
I/dalvikvm(15377): threadid=6: ignore signal 3
D/dalvikvm(15377): threadid=6: bye!
D/dalvikvm(15377): 117 compilations using 4096 + 13312 bytes
D/dalvikvm(15377): Compiler arena uses 6 blocks (8100 bytes each)
D/dalvikvm(15377): Compiler work queue length is 0/10
D/dalvikvm(15377): JIT: table size is 4096, entries used is 124
D/dalvikvm(15377): JIT: 124 traces, 4096 slots, 3 chains, 40 thresh, Non-blocking
D/dalvikvm(15377): JIT: 72 Translation chains, 7 interp stubs
D/dalvikvm(15377): dalvik.vm.jit.op = 0-2,7,a,c,e-f,11-14,1c-1e,21,23,28,2c,32-39,44,46,48-49,4b,4d,50,52,54-55,59,62,70-71,8e,90,95-96,b0-b1,b5,b7,d5,d8,da,dd,e0-e2,ee,f0-f2,f4-f6,f8,
D/dalvikvm(15377): Code size stats: 0/592 (compiled/total Dalvik), 0 (native)
D/dalvikvm(15377): Compiler thread shutting down
D/dalvikvm(15377): threadid=8: bye!
D/dalvikvm(15377): Compiler thread has shut down
D/dalvikvm(15377): threadid=0: suspending daemon id=4 name='FinalizerWatchdogDaemon'
D/dalvikvm(15377): threadid=0: suspending daemon id=3 name='FinalizerDaemon'
D/dalvikvm(15377): threadid=0: suspending daemon id=2 name='ReferenceQueueDaemon'
I/        (  245): [BWC INFO](245): get_bwc_mm_property success
I/chromium( 9136): [INFO:resource_provider.cc(1770)] [StartRaster] allocated=[1] image_id=[724] buffer=[0x8962a000] stride=[1536]
I/chromium( 9136): [INFO:image_raster_worker_pool.cc(75)] [RunOnWorkerThread] --------------
I/chromium( 9136): [INFO:resource_provider.cc(1770)] [StartRaster] allocated=[1] image_id=[885] buffer=[0x8205e000] stride=[1536]
I/chromium( 9136): [INFO:image_raster_worker_pool.cc(75)] [RunOnWorkerThread] --------------
I/chromium( 9136): [INFO:resource_provider.cc(1770)] [StartRaster] allocated=[1] image_id=[899] buffer=[0x851a0000] stride=[1536]
I/chromium( 9136): [INFO:image_raster_worker_pool.cc(75)] [RunOnWorkerThread] --------------
I/chromium( 9136): [INFO:resource_provider.cc(1770)] [StartRaster] allocated=[1] image_id=[798] buffer=[0x8a6b0000] stride=[1536]
I/chromium( 9136): [INFO:image_raster_worker_pool.cc(75)] [RunOnWorkerThread] --------------
I/chromium( 9136): [INFO:resource_provider.cc(1770)] [StartRaster] allocated=[1] image_id=[883] buffer=[0x829c7000] stride=[1536]
I/chromium( 9136): [INFO:image_raster_worker_pool.cc(75)] [RunOnWorkerThread] --------------
I/chromium( 9136): [INFO:resource_provider.cc(1770)] [StartRaster] allocated=[1] image_id=[536] buffer=[0x8959a000] stride=[1536]
I/chromium( 9136): [INFO:image_raster_worker_pool.cc(75)] [RunOnWorkerThread] --------------
I/chromium( 9136): [INFO:resource_provider.cc(1770)] [StartRaster] allocated=[1] image_id=[934] buffer=[0x8658a000] stride=[1536]
