I/BTIF_CORE( 6839): in profile[21] handler!
D/BTIF_GATT_CLIENT( 6839): [GATT] gattc_handle_message
D/BTIF_GATT_CLIENT( 6839): [GATT] gattc_handle_message : msg_id=4005
D/BTIF_GATT_CLIENT( 6839): [GATT] findContextByContext
D/BTIF_GATT_CLIENT( 6839): [GATT] context[0] = 0xb7065ad0 found
D/BTIF_GATT_CLIENT( 6839): [GATT] gattc_handle_scan_result_ind
I/BT_UTILS( 6839): btmtk_util_reverse_array: dest addr=0x36:F2:1D:09:F8:C7
D/BtGatt.GattService( 6839): onScanResult() - address=36:F2:1D:09:F8:C7, rssi=-58
I/BTIF_CORE( 6839): out profile[21] handler!
I/BTIF_CORE( 6839): [btif_task]:Start polling!
I/BTIF_CORE( 6839): [btif_task]:Polling returned!
I/BTIF_CORE( 6839): [btif_task]:Start retrieve data pollMemberCount=10!
I/BTIF_CORE( 6839): [btif_task]:fd 7 data ready!
I/BTIF_CORE( 6839): [btif_task]:pollData[i].fd data ready : revents = 0x1!
I/BTIF_CORE( 6839): in profile[0] handler!
I/BTIF_CORE( 6839): out profile[0] handler!
I/BTIF_CORE( 6839): in profile[3] handler!
I/BTIF_CORE( 6839): out profile[3] handler!
I/BTIF_CORE( 6839): in profile[5] handler!
I/BTIF_CORE( 6839): out profile[5] handler!
I/BTIF_CORE( 6839): in profile[1] handler!
I/BTIF_CORE( 6839): out profile[1] handler!
I/BTIF_CORE( 6839): in profile[11] handler!
I/BTIF_CORE( 6839): out profile[11] handler!
I/BTIF_CORE( 6839): in profile[18] handler!
I/BTIF_CORE( 6839): out profile[18] handler!
I/BTIF_CORE( 6839): in profile[12] handler!
I/BTIF_CORE( 6839): out profile[12] handler!
I/BTIF_CORE( 6839): in profile[21] handler!
D/BTIF_GATT_CLIENT( 6839): [GATT] gattc_handle_message
D/BTIF_GATT_CLIENT( 6839): [GATT] gattc_handle_message : msg_id=4005
D/BTIF_GATT_CLIENT( 6839): [GATT] findContextByContext
D/BTIF_GATT_CLIENT( 6839): [GATT] context[0] = 0xb7065ad0 found
D/BTIF_GATT_CLIENT( 6839): [GATT] gattc_handle_scan_result_ind
I/BT_UTILS( 6839): btmtk_util_reverse_array: dest addr=0x55:A3:6C:5B:B1:60
D/BtGatt.GattService( 6839): onScanResult() - address=55:A3:6C:5B:B1:60, rssi=-84
I/BTIF_CORE( 6839): out profile[21] handler!
I/BTIF_CORE( 6839): [btif_task]:Start polling!
I/BTIF_CORE( 6839): [btif_task]:Polling returned!
I/BTIF_CORE( 6839): [btif_task]:Start retrieve data pollMemberCount=10!
I/BTIF_CORE( 6839): [btif_task]:fd 7 data ready!
I/BTIF_CORE( 6839): [btif_task]:pollData[i].fd data ready : revents = 0x1!
I/BTIF_CORE( 6839): in profile[0] handler!
I/BTIF_CORE( 6839): out profile[0] handler!
I/BTIF_CORE( 6839): in profile[3] handler!
I/BTIF_CORE( 6839): out profile[3] handler!
I/BTIF_CORE( 6839): in profile[5] handler!
I/BTIF_CORE( 6839): out profile[5] handler!
I/BTIF_CORE( 6839): in profile[1] handler!
I/BTIF_CORE( 6839): out profile[1] handler!
I/BTIF_CORE( 6839): in profile[11] handler!
I/BTIF_CORE( 6839): out profile[11] handler!
I/BTIF_CORE( 6839): in profile[18] handler!
I/BTIF_CORE( 6839): out profile[18] handler!
I/BTIF_CORE( 6839): in profile[12] handler!
I/BTIF_CORE( 6839): out profile[12] handler!
I/BTIF_CORE( 6839): in profile[21] handler!
D/BTIF_GATT_CLIENT( 6839): [GATT] gattc_handle_message
D/BTIF_GATT_CLIENT( 6839): [GATT] gattc_handle_message : msg_id=4005
D/BTIF_GATT_CLIENT( 6839): [GATT] findContextByContext
D/BTIF_GATT_CLIENT( 6839): [GATT] context[0] = 0xb7065ad0 found
D/BTIF_GATT_CLIENT( 6839): [GATT] gattc_handle_scan_result_ind
I/BT_UTILS( 6839): btmtk_util_reverse_array: dest addr=0x28:17:70:D3:81:2D
D/BtGatt.GattService( 6839): onScanResult() - address=28:17:70:D3:81:2D, rssi=-74
I/BTIF_CORE( 6839): out profile[21] handler!
I/BTIF_CORE( 6839): [btif_task]:Start polling!
I/BTIF_CORE( 6839): [btif_task]:Polling returned!
I/BTIF_CORE( 6839): [btif_task]:Start retrieve data pollMemberCount=10!
I/BTIF_CORE( 6839): [btif_task]:fd 7 data ready!
I/BTIF_CORE( 6839): [btif_task]:pollData[i].fd data ready : revents = 0x1!
I/BTIF_CORE( 6839): in profile[0] handler!
I/BTIF_CORE( 6839): out profile[0] handler!
I/BTIF_CORE( 6839): in profile[3] handler!
I/BTIF_CORE( 6839): out profile[3] handler!
I/BTIF_CORE( 6839): in profile[5] handler!
I/BTIF_CORE( 6839): out profile[5] handler!
I/BTIF_CORE( 6839): in profile[1] handler!
I/BTIF_CORE( 6839): out profile[1] handler!
I/BTIF_CORE( 6839): in profile[11] handler!
I/BTIF_CORE( 6839): out profile[11] handler!
I/BTIF_CORE( 6839): in profile[18] handler!
I/BTIF_CORE( 6839): out profile[18] handler!
I/BTIF_CORE( 6839): in profile[12] handler!
I/BTIF_CORE( 6839): out profile[12] handler!
I/BTIF_CORE( 6839): in profile[21] handler!
D/BTIF_GATT_CLIENT( 6839): [GATT] gattc_handle_message
D/BTIF_GATT_CLIENT( 6839): [GATT] gattc_handle_message : msg_id=4005
D/BTIF_GATT_CLIENT( 6839): [GATT] findContextByContext
D/BTIF_GATT_CLIENT( 6839): [GATT] context[0] = 0xb7065ad0 found
D/BTIF_GATT_CLIENT( 6839): [GATT] gattc_handle_scan_result_ind
I/BT_UTILS( 6839): btmtk_util_reverse_array: dest addr=0x2F:E7:34:92:2D:AF
D/BtGatt.GattService( 6839): onScanResult() - address=2F:E7:34:92:2D:AF, rssi=-72
I/BTIF_CORE( 6839): out profile[21] handler!
I/BTIF_CORE( 6839): [btif_task]:Start polling!
I/BTIF_CORE( 6839): [btif_task]:Polling returned!
I/BTIF_CORE( 6839): [btif_task]:Start retrieve data pollMemberCount=10!
I/BTIF_CORE( 6839): [btif_task]:fd 7 data ready!
I/BTIF_CORE( 6839): [btif_task]:pollData[i].fd data ready : revents = 0x1!
I/BTIF_CORE( 6839): in profile[0] handler!
I/BTIF_CORE( 6839): out profile[0] handler!
I/BTIF_CORE( 6839): in profile[3] handler!
I/BTIF_CORE( 6839): out profile[3] handler!
I/BTIF_CORE( 6839): in profile[5] handler!
I/BTIF_CORE( 6839): out profile[5] handler!
I/BTIF_CORE( 6839): in profile[1] handler!
I/BTIF_CORE( 6839): out profile[1] handler!
I/BTIF_CORE( 6839): in profile[11] handler!
I/BTIF_CORE( 6839): out profile[11] handler!
I/BTIF_CORE( 6839): in profile[18] handler!
I/BTIF_CORE( 6839): out profile[18] handler!
I/BTIF_CORE( 6839): in profile[12] handler!
I/BTIF_CORE( 6839): out profile[12] handler!
I/BTIF_CORE( 6839): in profile[21] handler!
D/BTIF_GATT_CLIENT( 6839): [GATT] gattc_handle_message
D/BTIF_GATT_CLIENT( 6839): [GATT] gattc_handle_message : msg_id=4005
D/BTIF_GATT_CLIENT( 6839): [GATT] findContextByContext
D/BTIF_GATT_CLIENT( 6839): [GATT] context[0] = 0xb7065ad0 found
D/BTIF_GATT_CLIENT( 6839): [GATT] gattc_handle_scan_result_ind
I/BT_UTILS( 6839): btmtk_util_reverse_array: dest addr=0x42:D7:9F:83:E7:38
D/BtGatt.GattService( 6839): onScanResult() - address=42:D7:9F:83:E7:38, rssi=-70
I/BTIF_CORE( 6839): out profile[21] handler!
I/BTIF_CORE( 6839): [btif_task]:Start polling!
I/BTIF_CORE( 6839): [btif_task]:Polling returned!
I/BTIF_CORE( 6839): [btif_task]:Start retrieve data pollMemberCount=10!
I/BTIF_CORE( 6839): [btif_task]:fd 7 data ready!
I/BTIF_CORE( 6839): [btif_task]:pollData[i].fd data ready : revents = 0x1!
I/BTIF_CORE( 6839): in profile[0] handler!
I/BTIF_CORE( 6839): out profile[0] handler!
I/BTIF_CORE( 6839): in profile[3] handler!
I/BTIF_CORE( 6839): out profile[3] handler!
I/BTIF_CORE( 6839): in profile[5] handler!
I/BTIF_CORE( 6839): out profile[5] handler!
I/BTIF_CORE( 6839): in profile[1] handler!
I/BTIF_CORE( 6839): out profile[1] handler!
I/BTIF_CORE( 6839): in profile[11] handler!
I/BTIF_CORE( 6839): out profile[11] handler!
I/BTIF_CORE( 6839): in profile[18] handler!
I/BTIF_CORE( 6839): out profile[18] handler!
I/BTIF_CORE( 6839): in profile[12] handler!
I/BTIF_CORE( 6839): out profile[12] handler!
I/BTIF_CORE( 6839): in profile[21] handler!
D/BTIF_GATT_CLIENT( 6839): [GATT] gattc_handle_message
D/BTIF_GATT_CLIENT( 6839): [GATT] gattc_handle_message : msg_id=4005
D/BTIF_GATT_CLIENT( 6839): [GATT] findContextByContext
D/BTIF_GATT_CLIENT( 6839): [GATT] context[0] = 0xb7065ad0 found
D/BTIF_GATT_CLIENT( 6839): [GATT] gattc_handle_scan_result_ind
I/BT_UTILS( 6839): btmtk_util_reverse_array: dest addr=0xF4:5C:89:C6:A2:A6
D/BtGatt.GattService( 6839): onScanResult() - address=F4:5C:89:C6:A2:A6, rssi=-83
I/BTIF_CORE( 6839): out profile[21] handler!
I/BTIF_CORE( 6839): [btif_task]:Start polling!
I/BTIF_CORE( 6839): [btif_task]:Polling returned!
I/BTIF_CORE( 6839): [btif_task]:Start retrieve data pollMemberCount=10!
I/BTIF_CORE( 6839): [btif_task]:fd 7 data ready!
I/BTIF_CORE( 6839): [btif_task]:pollData[i].fd data ready : revents = 0x1!
I/BTIF_CORE( 6839): in profile[0] handler!
I/BTIF_CORE( 6839): out profile[0] handler!
I/BTIF_CORE( 6839): in profile[3] handler!
I/BTIF_CORE( 6839): out profile[3] handler!
I/BTIF_CORE( 6839): in profile[5] handler!
I/BTIF_CORE( 6839): out profile[5] handler!
I/BTIF_CORE( 6839): in profile[1] handler!
I/BTIF_CORE( 6839): out profile[1] handler!
I/BTIF_CORE( 6839): in profile[11] handler!
I/BTIF_CORE( 6839): out profile[11] handler!
I/BTIF_CORE( 6839): in profile[18] handler!
I/BTIF_CORE( 6839): out profile[18] handler!
I/BTIF_CORE( 6839): in profile[12] handler!
I/BTIF_CORE( 6839): out profile[12] handler!
I/BTIF_CORE( 6839): in profile[21] handler!
D/BTIF_GATT_CLIENT( 6839): [GATT] gattc_handle_message
D/BTIF_GATT_CLIENT( 6839): [GATT] gattc_handle_message : msg_id=4005
D/BTIF_GATT_CLIENT( 6839): [GATT] findContextByContext
D/BTIF_GATT_CLIENT( 6839): [GATT] context[0] = 0xb7065ad0 found
D/BTIF_GATT_CLIENT( 6839): [GATT] gattc_handle_scan_result_ind
I/BT_UTILS( 6839): btmtk_util_reverse_array: dest addr=0x45:35:E9:05:35:3C
D/BtGatt.GattService( 6839): onScanResult() - address=45:35:E9:05:35:3C, rssi=-84
I/BTIF_CORE( 6839): out profile[21] handler!
I/BTIF_CORE( 6839): [btif_task]:Start polling!
I/BTIF_CORE( 6839): [btif_task]:Polling returned!
I/BTIF_CORE( 6839): [btif_task]:Start retrieve data pollMemberCount=10!
I/BTIF_CORE( 6839): [btif_task]:fd 7 data ready!
I/BTIF_CORE( 6839): [btif_task]:pollData[i].fd data ready : revents = 0x1!
I/BTIF_CORE( 6839): in profile[0] handler!
I/BTIF_CORE( 6839): out profile[0] handler!
I/BTIF_CORE( 6839): in profile[3] handler!
I/BTIF_CORE( 6839): out profile[3] handler!
I/BTIF_CORE( 6839): in profile[5] handler!
I/BTIF_CORE( 6839): out profile[5] handler!
I/BTIF_CORE( 6839): in profile[1] handler!
I/BTIF_CORE( 6839): out profile[1] handler!
I/BTIF_CORE( 6839): in profile[11] handler!
I/BTIF_CORE( 6839): out profile[11] handler!
I/BTIF_CORE( 6839): in profile[18] handler!
I/BTIF_CORE( 6839): out profile[18] handler!
I/BTIF_CORE( 6839): in profile[12] handler!
I/BTIF_CORE( 6839): out profile[12] handler!
I/BTIF_CORE( 6839): in profile[21] handler!
D/BTIF_GATT_CLIENT( 6839): [GATT] gattc_handle_message
D/BTIF_GATT_CLIENT( 6839): [GATT] gattc_handle_message : msg_id=4005
D/BTIF_GATT_CLIENT( 6839): [GATT] findContextByContext
D/BTIF_GATT_CLIENT( 6839): [GATT] context[0] = 0xb7065ad0 found
D/BTIF_GATT_CLIENT( 6839): [GATT] gattc_handle_scan_result_ind
I/BT_UTILS( 6839): btmtk_util_reverse_array: dest addr=0x47:F4:CC:62:40:8C
D/BtGatt.GattService( 6839): onScanResult() - address=47:F4:CC:62:40:8C, rssi=-82
I/BTIF_CORE( 6839): out profile[21] handler!
I/BTIF_CORE( 6839): [btif_task]:Start polling!
I/BTIF_CORE( 6839): [btif_task]:Polling returned!
I/BTIF_CORE( 6839): [btif_task]:Start retrieve data pollMemberCount=10!
I/BTIF_CORE( 6839): [btif_task]:fd 7 data ready!
I/BTIF_CORE( 6839): [btif_task]:pollData[i].fd data ready : revents = 0x1!
I/BTIF_CORE( 6839): in profile[0] handler!
I/BTIF_CORE( 6839): out profile[0] handler!
I/BTIF_CORE( 6839): in profile[3] handler!
I/BTIF_CORE( 6839): out profile[3] handler!
I/BTIF_CORE( 6839): in profile[5] handler!
I/BTIF_CORE( 6839): out profile[5] handler!
I/BTIF_CORE( 6839): in profile[1] handler!
I/BTIF_CORE( 6839): out profile[1] handler!
I/BTIF_CORE( 6839): in profile[11] handler!
I/BTIF_CORE( 6839): out profile[11] handler!
I/BTIF_CORE( 6839): in profile[18] handler!
I/BTIF_CORE( 6839): out profile[18] handler!
I/BTIF_CORE( 6839): in profile[12] handler!
I/BTIF_CORE( 6839): out profile[12] handler!
I/BTIF_CORE( 6839): in profile[21] handler!
D/BTIF_GATT_CLIENT( 6839): [GATT] gattc_handle_message
D/BTIF_GATT_CLIENT( 6839): [GATT] gattc_handle_message : msg_id=4005
D/BTIF_GATT_CLIENT( 6839): [GATT] findContextByContext
D/BTIF_GATT_CLIENT( 6839): [GATT] context[0] = 0xb7065ad0 found
D/BTIF_GATT_CLIENT( 6839): [GATT] gattc_handle_scan_result_ind
I/BT_UTILS( 6839): btmtk_util_reverse_array: dest addr=0x06:5A:65:25:5A:CF
D/BtGatt.GattService( 6839): onScanResult() - address=06:5A:65:25:5A:CF, rssi=-97
I/BTIF_CORE( 6839): out profile[21] handler!
I/BTIF_CORE( 6839): [btif_task]:Start polling!
I/BTIF_CORE( 6839): [btif_task]:Polling returned!
I/BTIF_CORE( 6839): [btif_task]:Start retrieve data pollMemberCount=10!
I/BTIF_CORE( 6839): [btif_task]:fd 7 data ready!
I/BTIF_CORE( 6839): [btif_task]:pollData[i].fd data ready : revents = 0x1!
I/BTIF_CORE( 6839): in profile[0] handler!
I/BTIF_CORE( 6839): out profile[0] handler!
I/BTIF_CORE( 6839): in profile[3] handler!
I/BTIF_CORE( 6839): out profile[3] handler!
I/BTIF_CORE( 6839): in profile[5] handler!
I/BTIF_CORE( 6839): out profile[5] handler!
I/BTIF_CORE( 6839): in profile[1] handler!
I/BTIF_CORE( 6839): out profile[1] handler!
I/BTIF_CORE( 6839): in profile[11] handler!
I/BTIF_CORE( 6839): out profile[11] handler!
I/BTIF_CORE( 6839): in profile[18] handler!
I/BTIF_CORE( 6839): out profile[18] handler!
I/BTIF_CORE( 6839): in profile[12] handler!
I/BTIF_CORE( 6839): out profile[12] handler!
I/BTIF_CORE( 6839): in profile[21] handler!
D/BTIF_GATT_CLIENT( 6839): [GATT] gattc_handle_message
D/BTIF_GATT_CLIENT( 6839): [GATT] gattc_handle_message : msg_id=4008
D/BTIF_GATT_CLIENT( 6839): [GATT] findContextByContext
D/BTIF_GATT_CLIENT( 6839): [GATT] context[0] = 0xb7065ad0 found
D/BTIF_GATT_CLIENT( 6839): [GATT] gattc_handle_scan_cancel_cnf
I/BTIF_CORE( 6839): out profile[21] handler!
I/BTIF_CORE( 6839): [btif_task]:Start polling!
I/BTIF_CORE( 6839): [btif_task]:Polling returned!
I/BTIF_CORE( 6839): [btif_task]:Start retrieve data pollMemberCount=10!
I/BTIF_CORE( 6839): [btif_task]:fd 7 data ready!
I/BTIF_CORE( 6839): [btif_task]:pollData[i].fd data ready : revents = 0x1!
I/BTIF_CORE( 6839): in profile[0] handler!
I/BTIF_CORE( 6839): out profile[0] handler!
I/BTIF_CORE( 6839): in profile[3] handler!
I/BTIF_CORE( 6839): out profile[3] handler!
I/BTIF_CORE( 6839): in profile[5] handler!
I/BTIF_CORE( 6839): out profile[5] handler!
I/BTIF_CORE( 6839): in profile[1] handler!
I/BTIF_CORE( 6839): out profile[1] handler!
I/BTIF_CORE( 6839): in profile[11] handler!
I/BTIF_CORE( 6839): out profile[11] handler!
I/BTIF_CORE( 6839): in profile[18] handler!
I/BTIF_CORE( 6839): out profile[18] handler!
I/BTIF_CORE( 6839): in profile[12] handler!
I/BTIF_CORE( 6839): out profile[12] handler!
I/BTIF_CORE( 6839): in profile[21] handler!
D/BTIF_GATT_CLIENT( 6839): [GATT] gattc_handle_message
D/BTIF_GATT_CLIENT( 6839): [GATT] gattc_handle_message : msg_id=4003
D/BTIF_GATT_CLIENT( 6839): [GATT] findContextByContext
D/BTIF_GATT_CLIENT( 6839): [GATT] context[0] = 0xb7065ad0 found
D/BTIF_GATT_CLIENT( 6839): [GATT] gattc_handle_deregister_cnf
I/BTIF_CORE( 6839): out profile[21] handler!
I/BTIF_CORE( 6839): [btif_task]:Start polling!
I/BTIF_CORE( 6839): [btif_task]:Polling returned!
I/BTIF_CORE( 6839): [btif_task]:Start retrieve data pollMemberCount=10!
I/BTIF_CORE( 6839): [btif_task]:fd 7 data ready!
I/BTIF_CORE( 6839): [btif_task]:pollData[i].fd data ready : revents = 0x1!
I/BTIF_CORE( 6839): in profile[0] handler!
I/BTIF_CORE( 6839): out profile[0] handler!
I/BTIF_CORE( 6839): in profile[3] handler!
I/BTIF_CORE( 6839): out profile[3] handler!
I/BTIF_CORE( 6839): in profile[5] handler!
I/BTIF_CORE( 6839): out profile[5] handler!
I/BTIF_CORE( 6839): in profile[1] handler!
I/BTIF_CORE( 6839): out profile[1] handler!
I/BTIF_CORE( 6839): in profile[11] handler!
I/BTIF_CORE( 6839): out profile[11] handler!
I/BTIF_CORE( 6839): in profile[18] handler!
I/BTIF_CORE( 6839): out profile[18] handler!
I/BTIF_CORE( 6839): in profile[12] handler!
I/BTIF_CORE( 6839): out profile[12] handler!
I/BTIF_CORE( 6839): in profile[21] handler!
D/BTIF_GATT_CLIENT( 6839): [GATT] gattc_handle_message
D/BTIF_GATT_CLIENT( 6839): [GATT] gattc_handle_message : msg_id=4001
D/BTIF_GATT_CLIENT( 6839): [GATT] findContextByAppUUID
D/BTIF_GATT_CLIENT( 6839): [GATT] context[1] = 0x0 found
D/BTIF_GATT_CLIENT( 6839): [GATT] gattc_handle_register_cnf
D/BtGatt.GattService( 6839): onClientRegistered() - UUID=3d359767-6bba-4808-8293-c0a880584aff, clientIf=2
D/BluetoothAdapter( 6876): onClientRegistered() - status=0 clientIf=2
E/CheckPermission( 6876): _bluetooth code = 9 
V/ActivityManager( 1909): Broadcast sticky: Intent { act=android.intent.action.ADDITIONAL_BATTERY_CHANGED flg=0x60000010 (has extras) } ordered=false userid=-1 callerApp=null
V/ActivityManager( 1909): Broadcast sticky: Intent { act=android.intent.action.BATTERY_CHANGED flg=0x60000010 (has extras) } ordered=false userid=-1 callerApp=null
D/PowerSaveService( 4675): PowerSaveReceiver EXTRA_STATUS: status = 5, lastCharging = true
D/dalvikvm( 6851): between the previous GC alloc  6274K
D/HeadsetStateMachine( 6839): Disconnected process message: 10
D/BtGatt.GattService( 6839): startScan() - queue=0
D/BtGatt.GattService( 6839): startScan() - adding client=2
D/BTIF_GATT_CLIENT( 6839): [GATT] btif_gattc_scan
D/BTIF_GATT_CLIENT( 6839): btif_gattc_scan
I/bt_ext_apis.c( 6839): btmtk_util_find_profile_msg_handler search profile_id:[21]
I/bt_ext_apis.c( 6839): [JNI] btmtk_sendmsg(cmd=4004, ptr=0x784db4e0, len=36)
I/bt_ext_apis.c( 6839): [JNI] send msg success : 36
D/ActivityThread( 6876): SVC-SERVICE_ARGS handled : 0 / ServiceArgsData{token=android.os.BinderProxy@4284c0d0 startId=4 args=Intent { cmp=com.moji.airnut/.bleconn.bluetooth.BleDiscoveryGattService (has extras) }}
I/BTIF_CORE( 6839): out profile[21] handler!
I/BTIF_CORE( 6839): [btif_task]:Start polling!
D/WifiService( 1909): onReceive, action:android.intent.action.BATTERY_CHANGED
D/UsbDeviceManager( 1909): onReceive - BATTERY_CHANGED - mPlugType: 2, mSettingUsbCharging: false, mConnected: true, mSettingUsbBicr: false
D/WifiController( 1909): DeviceActiveState{ when=0 what=155652 arg1=2 target=com.android.internal.util.StateMachine$SmHandler target=Handler (com.android.internal.util.StateMachine$SmHandler) {43167268} }
D/WifiController( 1909): StaEnabledState{ when=0 what=155652 arg1=2 target=com.android.internal.util.StateMachine$SmHandler target=Handler (com.android.internal.util.StateMachine$SmHandler) {43167268} }
D/WifiController( 1909): DefaultState{ when=0 what=155652 arg1=2 target=com.android.internal.util.StateMachine$SmHandler target=Handler (com.android.internal.util.StateMachine$SmHandler) {43167268} }
D/WifiController( 1909): battery changed pluggedType: 2
V/ActivityManager( 1909): Broadcast sticky: Intent { act=android.intent.action.ADDITIONAL_BATTERY_CHANGED flg=0x60000010 (has extras) } ordered=false userid=-1 callerApp=null
V/ActivityManager( 1909): Broadcast sticky: Intent { act=android.intent.action.ADDITIONAL_BATTERY_CHANGED flg=0x60000010 (has extras) } ordered=false userid=-1 callerApp=null
D/dalvikvm( 6851): GC_CONCURRENT freed 5742K (93757), 74% free 5167K/19468K, paused 2ms+3ms, total 49ms
D/dalvikvm( 4619): create interp thread : stack size=128KB
D/dalvikvm( 4619): create new thread
D/dalvikvm( 4619): new thread created
D/dalvikvm( 4619): update thread list
D/dalvikvm( 4619): threadid=17: interp stack at 0x78e62000
D/dalvikvm( 4619): threadid=17: created from interp
D/dalvikvm( 4619): start new thread
D/dalvikvm( 4619): threadid=17: notify debugger
D/dalvikvm( 4619): threadid=17 (Thread-146): calling run()
I/KSO_STAT( 4619): App is in background, stop update end time, ready to start a new session.
D/SQLiteDatabase( 4619): beginTransaction()
D/SQLiteDatabase( 4619): endTransaction()
D/dalvikvm( 4619): threadid=17: exiting
D/dalvikvm( 4619): threadid=17: bye!
I/BTIF_CORE( 6839): [btif_task]:Polling returned!
I/BTIF_CORE( 6839): [btif_task]:Start retrieve data pollMemberCount=10!
I/BTIF_CORE( 6839): [btif_task]:fd 7 data ready!
I/BTIF_CORE( 6839): [btif_task]:pollData[i].fd data ready : revents = 0x1!
I/BTIF_CORE( 6839): in profile[0] handler!
I/BTIF_CORE( 6839): out profile[0] handler!
I/BTIF_CORE( 6839): in profile[3] handler!
I/BTIF_CORE( 6839): out profile[3] handler!
I/BTIF_CORE( 6839): in profile[5] handler!
I/BTIF_CORE( 6839): out profile[5] handler!
I/BTIF_CORE( 6839): in profile[1] handler!
I/BTIF_CORE( 6839): out profile[1] handler!
I/BTIF_CORE( 6839): in profile[11] handler!
I/BTIF_CORE( 6839): out profile[11] handler!
I/BTIF_CORE( 6839): in profile[18] handler!
I/BTIF_CORE( 6839): out profile[18] handler!
I/BTIF_CORE( 6839): in profile[12] handler!
I/BTIF_CORE( 6839): out profile[12] handler!
I/BTIF_CORE( 6839): in profile[21] handler!
D/BTIF_GATT_CLIENT( 6839): [GATT] gattc_handle_message
D/BTIF_GATT_CLIENT( 6839): [GATT] gattc_handle_message : msg_id=4005
D/BTIF_GATT_CLIENT( 6839): [GATT] findContextByContext
D/BTIF_GATT_CLIENT( 6839): [GATT] context[1] = 0xb7065aa4 found
D/BTIF_GATT_CLIENT( 6839): [GATT] gattc_handle_scan_result_ind
I/BT_UTILS( 6839): btmtk_util_reverse_array: dest addr=0x2F:E7:34:92:2D:AF
D/BtGatt.GattService( 6839): onScanResult() - address=2F:E7:34:92:2D:AF, rssi=-91
D/BluetoothAdapter( 6876): onScanResult() - Device=2F:E7:34:92:2D:AF RSSI=-91
I/BTIF_CORE( 6839): out profile[21] handler!
I/BTIF_CORE( 6839): [btif_task]:Start polling!
D/dalvikvm( 9840): threadid=1: all daemons have suspended
D/dalvikvm( 9840): VM cleaning up
D/dalvikvm( 9840): LinearAlloc 0x0 used 1387780 of 33554432 (4%)
I/BTIF_CORE( 6839): [btif_task]:Polling returned!
I/BTIF_CORE( 6839): [btif_task]:Start retrieve data pollMemberCount=10!
I/BTIF_CORE( 6839): [btif_task]:fd 7 data ready!
I/BTIF_CORE( 6839): [btif_task]:pollData[i].fd data ready : revents = 0x1!
I/BTIF_CORE( 6839): in profile[0] handler!
I/BTIF_CORE( 6839): out profile[0] handler!
I/BTIF_CORE( 6839): in profile[3] handler!
I/BTIF_CORE( 6839): out profile[3] handler!
I/BTIF_CORE( 6839): in profile[5] handler!
I/BTIF_CORE( 6839): out profile[5] handler!
I/BTIF_CORE( 6839): in profile[1] handler!
I/BTIF_CORE( 6839): out profile[1] handler!
I/BTIF_CORE( 6839): in profile[11] handler!
I/BTIF_CORE( 6839): out profile[11] handler!
I/BTIF_CORE( 6839): in profile[18] handler!
I/BTIF_CORE( 6839): out profile[18] handler!
I/BTIF_CORE( 6839): in profile[12] handler!
I/BTIF_CORE( 6839): out profile[12] handler!
I/BTIF_CORE( 6839): in profile[21] handler!
D/BTIF_GATT_CLIENT( 6839): [GATT] gattc_handle_message
D/BTIF_GATT_CLIENT( 6839): [GATT] gattc_handle_message : msg_id=4005
D/BTIF_GATT_CLIENT( 6839): [GATT] findContextByContext
D/BTIF_GATT_CLIENT( 6839): [GATT] context[1] = 0xb7065aa4 found
D/BTIF_GATT_CLIENT( 6839): [GATT] gattc_handle_scan_result_ind
I/BT_UTILS( 6839): btmtk_util_reverse_array: dest addr=0x36:F2:1D:09:F8:C7
D/BtGatt.GattService( 6839): onScanResult() - address=36:F2:1D:09:F8:C7, rssi=-56
D/BluetoothAdapter( 6876): onScanResult() - Device=36:F2:1D:09:F8:C7 RSSI=-56
I/BTIF_CORE( 6839): out profile[21] handler!
I/BTIF_CORE( 6839): [btif_task]:Start polling!
I/BTIF_CORE( 6839): [btif_task]:Polling returned!
I/BTIF_CORE( 6839): [btif_task]:Start retrieve data pollMemberCount=10!
I/BTIF_CORE( 6839): [btif_task]:fd 7 data ready!
I/BTIF_CORE( 6839): [btif_task]:pollData[i].fd data ready : revents = 0x1!
I/BTIF_CORE( 6839): in profile[0] handler!
I/BTIF_CORE( 6839): out profile[0] handler!
I/BTIF_CORE( 6839): in profile[3] handler!
I/BTIF_CORE( 6839): out profile[3] handler!
I/BTIF_CORE( 6839): in profile[5] handler!
I/BTIF_CORE( 6839): out profile[5] handler!
I/BTIF_CORE( 6839): in profile[1] handler!
I/BTIF_CORE( 6839): out profile[1] handler!
I/BTIF_CORE( 6839): in profile[11] handler!
I/BTIF_CORE( 6839): out profile[11] handler!
I/BTIF_CORE( 6839): in profile[18] handler!
I/BTIF_CORE( 6839): out profile[18] handler!
I/BTIF_CORE( 6839): in profile[12] handler!
I/BTIF_CORE( 6839): out profile[12] handler!
I/BTIF_CORE( 6839): in profile[21] handler!
D/BTIF_GATT_CLIENT( 6839): [GATT] gattc_handle_message
D/BTIF_GATT_CLIENT( 6839): [GATT] gattc_handle_message : msg_id=4005
D/BTIF_GATT_CLIENT( 6839): [GATT] findContextByContext
D/BTIF_GATT_CLIENT( 6839): [GATT] context[1] = 0xb7065aa4 found
D/BTIF_GATT_CLIENT( 6839): [GATT] gattc_handle_scan_result_ind
I/BT_UTILS( 6839): btmtk_util_reverse_array: dest addr=0xF4:5C:89:C6:A2:A6
D/BtGatt.GattService( 6839): onScanResult() - address=F4:5C:89:C6:A2:A6, rssi=-87
D/BluetoothAdapter( 6876): onScanResult() - Device=F4:5C:89:C6:A2:A6 RSSI=-87
I/BTIF_CORE( 6839): out profile[21] handler!
I/BTIF_CORE( 6839): [btif_task]:Start polling!
I/BTIF_CORE( 6839): [btif_task]:Polling returned!
I/BTIF_CORE( 6839): [btif_task]:Start retrieve data pollMemberCount=10!
I/BTIF_CORE( 6839): [btif_task]:fd 7 data ready!
I/BTIF_CORE( 6839): [btif_task]:pollData[i].fd data ready : revents = 0x1!
I/BTIF_CORE( 6839): in profile[0] handler!
I/BTIF_CORE( 6839): out profile[0] handler!
I/BTIF_CORE( 6839): in profile[3] handler!
I/BTIF_CORE( 6839): out profile[3] handler!
I/BTIF_CORE( 6839): in profile[5] handler!
I/BTIF_CORE( 6839): out profile[5] handler!
I/BTIF_CORE( 6839): in profile[1] handler!
I/BTIF_CORE( 6839): out profile[1] handler!
I/BTIF_CORE( 6839): in profile[11] handler!
I/BTIF_CORE( 6839): out profile[11] handler!
I/BTIF_CORE( 6839): in profile[18] handler!
I/BTIF_CORE( 6839): out profile[18] handler!
I/BTIF_CORE( 6839): in profile[12] handler!
I/BTIF_CORE( 6839): out profile[12] handler!
I/BTIF_CORE( 6839): in profile[21] handler!
D/BTIF_GATT_CLIENT( 6839): [GATT] gattc_handle_message
D/BTIF_GATT_CLIENT( 6839): [GATT] gattc_handle_message : msg_id=4005
D/BTIF_GATT_CLIENT( 6839): [GATT] findContextByContext
D/BTIF_GATT_CLIENT( 6839): [GATT] context[1] = 0xb7065aa4 found
D/BTIF_GATT_CLIENT( 6839): [GATT] gattc_handle_scan_result_ind
I/BT_UTILS( 6839): btmtk_util_reverse_array: dest addr=0x45:35:E9:05:35:3C
D/BtGatt.GattService( 6839): onScanResult() - address=45:35:E9:05:35:3C, rssi=-86
D/BluetoothAdapter( 6876): onScanResult() - Device=45:35:E9:05:35:3C RSSI=-86
I/BTIF_CORE( 6839): out profile[21] handler!
I/BTIF_CORE( 6839): [btif_task]:Start polling!
I/BTIF_CORE( 6839): [btif_task]:Polling returned!
I/BTIF_CORE( 6839): [btif_task]:Start retrieve data pollMemberCount=10!
I/BTIF_CORE( 6839): [btif_task]:fd 7 data ready!
I/BTIF_CORE( 6839): [btif_task]:pollData[i].fd data ready : revents = 0x1!
I/BTIF_CORE( 6839): in profile[0] handler!
I/BTIF_CORE( 6839): out profile[0] handler!
I/BTIF_CORE( 6839): in profile[3] handler!
I/BTIF_CORE( 6839): out profile[3] handler!
I/BTIF_CORE( 6839): in profile[5] handler!
I/BTIF_CORE( 6839): out profile[5] handler!
I/BTIF_CORE( 6839): in profile[1] handler!
I/BTIF_CORE( 6839): out profile[1] handler!
I/BTIF_CORE( 6839): in profile[11] handler!
I/BTIF_CORE( 6839): out profile[11] handler!
I/BTIF_CORE( 6839): in profile[18] handler!
I/BTIF_CORE( 6839): out profile[18] handler!
I/BTIF_CORE( 6839): in profile[12] handler!
I/BTIF_CORE( 6839): out profile[12] handler!
I/BTIF_CORE( 6839): in profile[21] handler!
D/BTIF_GATT_CLIENT( 6839): [GATT] gattc_handle_message
D/BTIF_GATT_CLIENT( 6839): [GATT] gattc_handle_message : msg_id=4005
D/BTIF_GATT_CLIENT( 6839): [GATT] findContextByContext
D/BTIF_GATT_CLIENT( 6839): [GATT] context[1] = 0xb7065aa4 found
D/BTIF_GATT_CLIENT( 6839): [GATT] gattc_handle_scan_result_ind
I/BT_UTILS( 6839): btmtk_util_reverse_array: dest addr=0x2F:E3:1A:B5:70:82
D/BtGatt.GattService( 6839): onScanResult() - address=2F:E3:1A:B5:70:82, rssi=-77
D/BluetoothAdapter( 6876): onScanResult() - Device=2F:E3:1A:B5:70:82 RSSI=-77
I/BTIF_CORE( 6839): out profile[21] handler!
I/BTIF_CORE( 6839): [btif_task]:Start polling!
I/BTIF_CORE( 6839): [btif_task]:Polling returned!
I/BTIF_CORE( 6839): [btif_task]:Start retrieve data pollMemberCount=10!
I/BTIF_CORE( 6839): [btif_task]:fd 7 data ready!
I/BTIF_CORE( 6839): [btif_task]:pollData[i].fd data ready : revents = 0x1!
I/BTIF_CORE( 6839): in profile[0] handler!
I/BTIF_CORE( 6839): out profile[0] handler!
I/BTIF_CORE( 6839): in profile[3] handler!
I/BTIF_CORE( 6839): out profile[3] handler!
I/BTIF_CORE( 6839): in profile[5] handler!
I/BTIF_CORE( 6839): out profile[5] handler!
I/BTIF_CORE( 6839): in profile[1] handler!
I/BTIF_CORE( 6839): out profile[1] handler!
I/BTIF_CORE( 6839): in profile[11] handler!
I/BTIF_CORE( 6839): out profile[11] handler!
I/BTIF_CORE( 6839): in profile[18] handler!
I/BTIF_CORE( 6839): out profile[18] handler!
I/BTIF_CORE( 6839): in profile[12] handler!
I/BTIF_CORE( 6839): out profile[12] handler!
I/BTIF_CORE( 6839): in profile[21] handler!
D/BTIF_GATT_CLIENT( 6839): [GATT] gattc_handle_message
D/BTIF_GATT_CLIENT( 6839): [GATT] gattc_handle_message : msg_id=4005
D/BTIF_GATT_CLIENT( 6839): [GATT] findContextByContext
D/BTIF_GATT_CLIENT( 6839): [GATT] context[1] = 0xb7065aa4 found
D/BTIF_GATT_CLIENT( 6839): [GATT] gattc_handle_scan_result_ind
I/BT_UTILS( 6839): btmtk_util_reverse_array: dest addr=0x2E:06:9E:15:9A:82
D/BtGatt.GattService( 6839): onScanResult() - address=2E:06:9E:15:9A:82, rssi=-68
D/BluetoothAdapter( 6876): onScanResult() - Device=2E:06:9E:15:9A:82 RSSI=-68
I/BTIF_CORE( 6839): out profile[21] handler!
I/BTIF_CORE( 6839): [btif_task]:Start polling!
I/BTIF_CORE( 6839): [btif_task]:Polling returned!
I/BTIF_CORE( 6839): [btif_task]:Start retrieve data pollMemberCount=10!
I/BTIF_CORE( 6839): [btif_task]:fd 7 data ready!
I/BTIF_CORE( 6839): [btif_task]:pollData[i].fd data ready : revents = 0x1!
I/BTIF_CORE( 6839): in profile[0] handler!
I/BTIF_CORE( 6839): out profile[0] handler!
I/BTIF_CORE( 6839): in profile[3] handler!
I/BTIF_CORE( 6839): out profile[3] handler!
I/BTIF_CORE( 6839): in profile[5] handler!
I/BTIF_CORE( 6839): out profile[5] handler!
I/BTIF_CORE( 6839): in profile[1] handler!
I/BTIF_CORE( 6839): out profile[1] handler!
I/BTIF_CORE( 6839): in profile[11] handler!
I/BTIF_CORE( 6839): out profile[11] handler!
I/BTIF_CORE( 6839): in profile[18] handler!
I/BTIF_CORE( 6839): out profile[18] handler!
I/BTIF_CORE( 6839): in profile[12] handler!
I/BTIF_CORE( 6839): out profile[12] handler!
I/BTIF_CORE( 6839): in profile[21] handler!
D/BTIF_GATT_CLIENT( 6839): [GATT] gattc_handle_message
D/BTIF_GATT_CLIENT( 6839): [GATT] gattc_handle_message : msg_id=4005
D/BTIF_GATT_CLIENT( 6839): [GATT] findContextByContext
D/BTIF_GATT_CLIENT( 6839): [GATT] context[1] = 0xb7065aa4 found
D/BTIF_GATT_CLIENT( 6839): [GATT] gattc_handle_scan_result_ind
I/BT_UTILS( 6839): btmtk_util_reverse_array: dest addr=0x06:5A:65:25:5A:CF
D/BtGatt.GattService( 6839): onScanResult() - address=06:5A:65:25:5A:CF, rssi=-96
D/BluetoothAdapter( 6876): onScanResult() - Device=06:5A:65:25:5A:CF RSSI=-96
I/BTIF_CORE( 6839): out profile[21] handler!
I/BTIF_CORE( 6839): [btif_task]:Start polling!
V/AlarmManager( 1909): Checking for alarms... rtc=1513759932407, elapsed=342043
V/AlarmManager( 1909): Adding Alarm{430cf700 type 3 com.tencent.mm} to Batch{43065768 num=2 start=635377 end=862320}
V/AlarmManager( 1909):     => now Batch{43065768 num=2 start=635691 end=860691}
V/AlarmManager( 1909): sending alarm Alarm{42ec0158 type 3 com.tencent.mm}
V/ActivityManager( 1909): Broadcast: Intent { act=com.tencent.mm.TrafficStatsReceiver flg=0x94 (has extras) } ordered=true userid=0 callerApp=null
V/AlarmManager( 1909): sending alarm Alarm{42ec0200 type 0 com.kingroot.kinguser}
V/AlarmManager( 1909): wakeup alarm = Alarm{42ec0200 type 0 com.kingroot.kinguser}
V/ActivityManager( 1909): Broadcast: Intent { act=com.tencent.tmsdk.HeartBeatPlot.ACTION_HEARTBEAT_PLOT_ALARM_CYCLE flg=0x94 pkg=com.kingroot.kinguser (has extras) } ordered=true userid=0 callerApp=null
D/ActivityThread( 6851): BDC-Calling onReceive: intent=Intent { act=com.tencent.mm.TrafficStatsReceiver flg=0x94 (has extras) }, ordered=true, receiver=com.tencent.mm.booter.TrafficStatsReceiver@428aa938, IIntentReceiver=428aaa98
D/ActivityThread( 6851): BDC-Calling finishReceiver: IIntentReceiver=428aaa98
D/ActivityThread( 4536): BDC-Calling onReceive: intent=Intent { act=com.tencent.tmsdk.HeartBeatPlot.ACTION_HEARTBEAT_PLOT_ALARM_CYCLE flg=0x94 pkg=com.kingroot.kinguser (has extras) }, ordered=true, receiver=com.kingroot.kinguser.gcl@42e97ef8, IIntentReceiver=427e75a8
D/ActivityThread( 4536): BDC-Calling finishReceiver: IIntentReceiver=427e75a8
V/AlarmManager( 1909): isAlarmNeedAlign : screen on, Skip
V/AlarmManager( 1909): set(PendingIntent{431c6318: PendingIntentRecord{4358f760 com.kingroot.kinguser broadcastIntent}}) : type=0 triggerAtTime=1513760202450 win=-1 tElapsed=612086 maxElapsed=814586 interval=0 standalone=false
V/AlarmManager( 1909): Adding Alarm{42f15ca8 type 0 com.kingroot.kinguser} to Batch{43431608 num=5 start=632574 end=632574}
V/AlarmManager( 1909):     => now Batch{43431608 num=5 start=632574 end=632574}
I/BTIF_CORE( 6839): [btif_task]:Polling returned!
I/BTIF_CORE( 6839): [btif_task]:Start retrieve data pollMemberCount=10!
I/BTIF_CORE( 6839): [btif_task]:fd 7 data ready!
I/BTIF_CORE( 6839): [btif_task]:pollData[i].fd data ready : revents = 0x1!
I/BTIF_CORE( 6839): in profile[0] handler!
I/BTIF_CORE( 6839): out profile[0] handler!
I/BTIF_CORE( 6839): in profile[3] handler!
I/BTIF_CORE( 6839): out profile[3] handler!
I/BTIF_CORE( 6839): in profile[5] handler!
I/BTIF_CORE( 6839): out profile[5] handler!
I/BTIF_CORE( 6839): in profile[1] handler!
I/BTIF_CORE( 6839): out profile[1] handler!
I/BTIF_CORE( 6839): in profile[11] handler!
I/BTIF_CORE( 6839): out profile[11] handler!
I/BTIF_CORE( 6839): in profile[18] handler!
I/BTIF_CORE( 6839): out profile[18] handler!
I/BTIF_CORE( 6839): in profile[12] handler!
I/BTIF_CORE( 6839): out profile[12] handler!
I/BTIF_CORE( 6839): in profile[21] handler!
D/BTIF_GATT_CLIENT( 6839): [GATT] gattc_handle_message
D/BTIF_GATT_CLIENT( 6839): [GATT] gattc_handle_message : msg_id=4005
D/BTIF_GATT_CLIENT( 6839): [GATT] findContextByContext
D/BTIF_GATT_CLIENT( 6839): [GATT] context[1] = 0xb7065aa4 found
D/BTIF_GATT_CLIENT( 6839): [GATT] gattc_handle_scan_result_ind
I/BT_UTILS( 6839): btmtk_util_reverse_array: dest addr=0x2A:D8:30:03:A4:54
D/BtGatt.GattService( 6839): onScanResult() - address=2A:D8:30:03:A4:54, rssi=-93
D/BluetoothAdapter( 6876): onScanResult() - Device=2A:D8:30:03:A4:54 RSSI=-93
I/BTIF_CORE( 6839): out profile[21] handler!
I/BTIF_CORE( 6839): [btif_task]:Start polling!
I/BTIF_CORE( 6839): [btif_task]:Polling returned!
I/BTIF_CORE( 6839): [btif_task]:Start retrieve data pollMemberCount=10!
I/BTIF_CORE( 6839): [btif_task]:fd 7 data ready!
I/BTIF_CORE( 6839): [btif_task]:pollData[i].fd data ready : revents = 0x1!
I/BTIF_CORE( 6839): in profile[0] handler!
I/BTIF_CORE( 6839): out profile[0] handler!
I/BTIF_CORE( 6839): in profile[3] handler!
I/BTIF_CORE( 6839): out profile[3] handler!
I/BTIF_CORE( 6839): in profile[5] handler!
I/BTIF_CORE( 6839): out profile[5] handler!
I/BTIF_CORE( 6839): in profile[1] handler!
I/BTIF_CORE( 6839): out profile[1] handler!
I/BTIF_CORE( 6839): in profile[11] handler!
I/BTIF_CORE( 6839): out profile[11] handler!
I/BTIF_CORE( 6839): in profile[18] handler!
I/BTIF_CORE( 6839): out profile[18] handler!
I/BTIF_CORE( 6839): in profile[12] handler!
I/BTIF_CORE( 6839): out profile[12] handler!
I/BTIF_CORE( 6839): in profile[21] handler!
D/BTIF_GATT_CLIENT( 6839): [GATT] gattc_handle_message
D/BTIF_GATT_CLIENT( 6839): [GATT] gattc_handle_message : msg_id=4005
D/BTIF_GATT_CLIENT( 6839): [GATT] findContextByContext
D/BTIF_GATT_CLIENT( 6839): [GATT] context[1] = 0xb7065aa4 found
D/BTIF_GATT_CLIENT( 6839): [GATT] gattc_handle_scan_result_ind
I/BT_UTILS( 6839): btmtk_util_reverse_array: dest addr=0x28:17:70:D3:81:2D
D/BtGatt.GattService( 6839): onScanResult() - address=28:17:70:D3:81:2D, rssi=-65
D/BluetoothAdapter( 6876): onScanResult() - Device=28:17:70:D3:81:2D RSSI=-65
I/BTIF_CORE( 6839): out profile[21] handler!
I/BTIF_CORE( 6839): [btif_task]:Start polling!
D/dalvikvm( 6876): threadid=28: exiting
D/dalvikvm( 6876): threadid=28: bye!
I/BTIF_CORE( 6839): [btif_task]:Polling returned!
I/BTIF_CORE( 6839): [btif_task]:Start retrieve data pollMemberCount=10!
I/BTIF_CORE( 6839): [btif_task]:fd 7 data ready!
I/BTIF_CORE( 6839): [btif_task]:pollData[i].fd data ready : revents = 0x1!
I/BTIF_CORE( 6839): in profile[0] handler!
I/BTIF_CORE( 6839): out profile[0] handler!
I/BTIF_CORE( 6839): in profile[3] handler!
I/BTIF_CORE( 6839): out profile[3] handler!
I/BTIF_CORE( 6839): in profile[5] handler!
I/BTIF_CORE( 6839): out profile[5] handler!
I/BTIF_CORE( 6839): in profile[1] handler!
I/BTIF_CORE( 6839): out profile[1] handler!
I/BTIF_CORE( 6839): in profile[11] handler!
I/BTIF_CORE( 6839): out profile[11] handler!
I/BTIF_CORE( 6839): in profile[18] handler!
I/BTIF_CORE( 6839): out profile[18] handler!
I/BTIF_CORE( 6839): in profile[12] handler!
I/BTIF_CORE( 6839): out profile[12] handler!
I/BTIF_CORE( 6839): in profile[21] handler!
D/BTIF_GATT_CLIENT( 6839): [GATT] gattc_handle_message
D/BTIF_GATT_CLIENT( 6839): [GATT] gattc_handle_message : msg_id=4005
D/BTIF_GATT_CLIENT( 6839): [GATT] findContextByContext
D/BTIF_GATT_CLIENT( 6839): [GATT] context[1] = 0xb7065aa4 found
D/BTIF_GATT_CLIENT( 6839): [GATT] gattc_handle_scan_result_ind
I/BT_UTILS( 6839): btmtk_util_reverse_array: dest addr=0x42:D7:9F:83:E7:38
D/BtGatt.GattService( 6839): onScanResult() - address=42:D7:9F:83:E7:38, rssi=-70
D/BluetoothAdapter( 6876): onScanResult() - Device=42:D7:9F:83:E7:38 RSSI=-70
I/BTIF_CORE( 6839): out profile[21] handler!
I/BTIF_CORE( 6839): [btif_task]:Start polling!
D/WifiStateMachine( 1909): ConnectedState{ when=-3ms what=131155 arg1=4 target=com.android.internal.util.StateMachine$SmHandler target=Handler (com.android.internal.util.StateMachine$SmHandler) {43155f58} }
D/WifiStateMachine( 1909): L2ConnectedState{ when=-4ms what=131155 arg1=4 target=com.android.internal.util.StateMachine$SmHandler target=Handler (com.android.internal.util.StateMachine$SmHandler) {43155f58} }
D/WifiHW  ( 1909): enter -->wifi_send_command cmd=IFNAME=wlan0 SIGNAL_POLL
D/wpa_supplicant( 4185): RX ctrl_iface - hexdump(len=11): 53 49 47 4e 41 4c 5f 50 4f 4c 4c
D/wpa_supplicant( 4185): wlan0: Control interface command 'SIGNAL_POLL'
D/wpa_supplicant( 4185): nl80211: survey data missing!
D/wpa_supplicant( 4185): signal poll, reply_len=48
D/wpa_ctrl( 1909): reply_len=4095
D/WifiHW  ( 1909): leave --> reply=RSSI=-39
D/WifiHW  ( 1909): LINKSPEED=65
D/WifiHW  ( 1909): NOISE=9999
D/WifiHW  ( 1909): FREQUENCY=2412
D/WifiHW  ( 1909): 
D/wifi    ( 1909): doStringCommand, buf IFNAME=wlan0 SIGNAL_POLL
I/WifiStateMachine( 1909): fetchRssiAndLinkSpeedNative, newRssi:-39, newLinkSpeed:65, SSID:"60_dev_01"
D/WifiStateMachine( 1909): mRssiArray[0] = -39
D/WifiStateMachine( 1909): mRssiArray[1] = -39
D/WifiStateMachine( 1909): mRssiArray[2] = -39
D/WifiStateMachine( 1909): mRssiArray[3] = -40
D/WifiStateMachine( 1909): mRssiArray[4] = -40
D/WifiStateMachine( 1909): GetFilterRssi is : -39
D/WifiStateMachine( 1909): mLastSignalLevel:4, newSignalLevel:4
D/WifiStateMachine( 1909): fetchRssiAndLinkSpeedNative, ipAddr:1996597440
I/BTIF_CORE( 6839): [btif_task]:Polling returned!
I/BTIF_CORE( 6839): [btif_task]:Start retrieve data pollMemberCount=10!
I/BTIF_CORE( 6839): [btif_task]:fd 7 data ready!
I/BTIF_CORE( 6839): [btif_task]:pollData[i].fd data ready : revents = 0x1!
I/BTIF_CORE( 6839): in profile[0] handler!
I/BTIF_CORE( 6839): out profile[0] handler!
I/BTIF_CORE( 6839): in profile[3] handler!
I/BTIF_CORE( 6839): out profile[3] handler!
I/BTIF_CORE( 6839): in profile[5] handler!
I/BTIF_CORE( 6839): out profile[5] handler!
I/BTIF_CORE( 6839): in profile[1] handler!
I/BTIF_CORE( 6839): out profile[1] handler!
I/BTIF_CORE( 6839): in profile[11] handler!
I/BTIF_CORE( 6839): out profile[11] handler!
I/BTIF_CORE( 6839): in profile[18] handler!
I/BTIF_CORE( 6839): out profile[18] handler!
I/BTIF_CORE( 6839): in profile[12] handler!
I/BTIF_CORE( 6839): out profile[12] handler!
I/BTIF_CORE( 6839): in profile[21] handler!
D/BTIF_GATT_CLIENT( 6839): [GATT] gattc_handle_message
D/BTIF_GATT_CLIENT( 6839): [GATT] gattc_handle_message : msg_id=4005
D/BTIF_GATT_CLIENT( 6839): [GATT] findContextByContext
D/BTIF_GATT_CLIENT( 6839): [GATT] context[1] = 0xb7065aa4 found
D/BTIF_GATT_CLIENT( 6839): [GATT] gattc_handle_scan_result_ind
I/BT_UTILS( 6839): btmtk_util_reverse_array: dest addr=0xF4:5C:89:C4:47:68
D/BtGatt.GattService( 6839): onScanResult() - address=F4:5C:89:C4:47:68, rssi=-70
D/BluetoothAdapter( 6876): onScanResult() - Device=F4:5C:89:C4:47:68 RSSI=-70
I/BTIF_CORE( 6839): out profile[21] handler!
I/BTIF_CORE( 6839): [btif_task]:Start polling!
I/BTIF_CORE( 6839): [btif_task]:Polling returned!
I/BTIF_CORE( 6839): [btif_task]:Start retrieve data pollMemberCount=10!
I/BTIF_CORE( 6839): [btif_task]:fd 7 data ready!
I/BTIF_CORE( 6839): [btif_task]:pollData[i].fd data ready : revents = 0x1!
I/BTIF_CORE( 6839): in profile[0] handler!
I/BTIF_CORE( 6839): out profile[0] handler!
I/BTIF_CORE( 6839): in profile[3] handler!
I/BTIF_CORE( 6839): out profile[3] handler!
I/BTIF_CORE( 6839): in profile[5] handler!
I/BTIF_CORE( 6839): out profile[5] handler!
I/BTIF_CORE( 6839): in profile[1] handler!
I/BTIF_CORE( 6839): out profile[1] handler!
I/BTIF_CORE( 6839): in profile[11] handler!
I/BTIF_CORE( 6839): out profile[11] handler!
I/BTIF_CORE( 6839): in profile[18] handler!
I/BTIF_CORE( 6839): out profile[18] handler!
I/BTIF_CORE( 6839): in profile[12] handler!
I/BTIF_CORE( 6839): out profile[12] handler!
I/BTIF_CORE( 6839): in profile[21] handler!
D/BTIF_GATT_CLIENT( 6839): [GATT] gattc_handle_message
D/BTIF_GATT_CLIENT( 6839): [GATT] gattc_handle_message : msg_id=4005
D/BTIF_GATT_CLIENT( 6839): [GATT] findContextByContext
D/BTIF_GATT_CLIENT( 6839): [GATT] context[1] = 0xb7065aa4 found
D/BTIF_GATT_CLIENT( 6839): [GATT] gattc_handle_scan_result_ind
I/BT_UTILS( 6839): btmtk_util_reverse_array: dest addr=0x47:F4:CC:62:40:8C
D/BtGatt.GattService( 6839): onScanResult() - address=47:F4:CC:62:40:8C, rssi=-79
D/BluetoothAdapter( 6876): onScanResult() - Device=47:F4:CC:62:40:8C RSSI=-79
I/BTIF_CORE( 6839): out profile[21] handler!
I/BTIF_CORE( 6839): [btif_task]:Start polling!
V/AlarmManager( 1909): Checking for alarms... rtc=1513759934519, elapsed=344155
V/AlarmManager( 1909): sending alarm Alarm{430fead8 type 3 android}
V/ActivityManager( 1909): Broadcast: Intent { act=com.android.server.NetworkTimeUpdateService.action.POLL flg=0x94 (has extras) } ordered=true userid=0 callerApp=null
D/ActivityThread( 1909): BDC-Calling onReceive: intent=Intent { act=com.android.server.NetworkTimeUpdateService.action.POLL flg=0x94 (has extras) }, ordered=true, receiver=com.android.server.NetworkTimeUpdateService$1@42d32460, IIntentReceiver=42d32508
D/ActivityThread( 1909): BDC-Calling finishReceiver: IIntentReceiver=42d32508
D/NetworkTimeUpdateService( 1909): onPollNetworkTime start
V/Provider/Settings( 1909): get setting for user 0 by user 0 so skipping cache
V/Provider/Settings( 1909):  from settings cache , name = auto_time , value = 1
D/NetworkTimeUpdateService( 1909): System time = 1513759934526 event = 2
D/NetworkTimeUpdateService( 1909): Before Ntp fetch
D/OppoHttpClient( 1909): Enter forceRefreshTimeFromOppoServer run
I/OppoHttpClient( 1909): Cur http request:http://newds01.myoppo.com/autotime/dateandtime.xml?number=1513759934527
D/OppoHttpClient( 1909): OppoServer proxyHost = null proxyPort = -1
D/ConnectivityService( 1909): getActiveNetworkInfo:NetworkInfo: type: WIFI[], state: CONNECTED/CONNECTED, reason: (unspecified), extra: "60_test_01", roaming: false, failover: false, isAvailable: true, isConnectedToProvisioningNetwork: false, simId: 0/1000
D/OppoHttpClient( 1909): Get network type success!
D/OppoHttpClient( 1909): HttpURLConnection open openConnection success!
D/OppoHttpClient( 1909): timeout:20000
D/OppoHttpClient( 1909): Strart to connect http server!
D/dalvikvm( 1909): create interp thread : stack size=128KB
D/dalvikvm( 1909): create new thread
D/dalvikvm( 1909): new thread created
D/dalvikvm( 1909): update thread list
D/dalvikvm( 1909): threadid=78: interp stack at 0x7d229000
D/dalvikvm( 1909): threadid=78: created from interp
D/dalvikvm( 1909): start new thread
I/FrameworkListener(  243): onDataAvailable get 46 bytes 
D/dalvikvm( 1909): threadid=78: notify debugger
D/dalvikvm( 1909): threadid=78 (OkHttp ConnectionPool): calling run()
D/libc-netbsd(  243): default dns: query_ipv6=0, query_ipv4=1
D/libc-netbsd(  243): res_queryN name = newds01.myoppo.com, class = 1, type = 1
D/libc-netbsd(  243): iface=wlan0, dns0:192.168.89.54
D/libc-netbsd(  243): iface=wlan0, dns1:192.168.89.54
D/libc-netbsd(  243): iface=wlan0, dns2:8.8.8.8
D/libc-netbsd(  243): iface=wlan0, dns0:192.168.89.54
D/libc-netbsd(  243): iface=wlan0, dns1:192.168.89.54
D/libc-netbsd(  243): iface=wlan0, dns2:8.8.8.8
D/libc-netbsd(  243): res_queryN name = sdk.open.talk.gepush.com., class = 1, type = 1
D/libc-netbsd(  243): iface=wlan0, dns0:192.168.89.54
D/libc-netbsd(  243): iface=wlan0, dns1:192.168.89.54
D/libc-netbsd(  243): iface=wlan0, dns2:8.8.8.8
I/OppoBootCmpReceiver( 6071): handleMessage msg = { when=-11ms what=100 target=com.oppo.contacts.OppoBootCmpReceiver$1 target=Handler (com.oppo.contacts.OppoBootCmpReceiver$1) {4282bad0} }
I/OppoBootCmpReceiver( 6071): handleMessage OptionFinished:false, mHandlePre:4
I/ErrorSaveService( 7160): stopErrorSaveService().
I/ErrorSaveService( 7160): ErrorSaveService stopSelf.
I/ErrorSaveTask( 7160): SavingTask Thread exit!!
D/dalvikvm( 7160): threadid=11: exiting
D/dalvikvm( 7160): threadid=11: bye!
D/ActivityThread( 7160): SVC-Destroying service: com.nearme.feedback.task.ErrorSaveService@426eac88
D/ActivityThread( 7160): SVC-STOP_SERVICE handled : 0 / android.os.BinderProxy@426e90e8
I/Process ( 7160): Sending signal. PID: 7160 SIG: 9
I/OppoBootCmpReceiver( 6071): handleMessage msg = { when=-1ms what=100 target=com.oppo.contacts.OppoBootCmpReceiver$1 target=Handler (com.oppo.contacts.OppoBootCmpReceiver$1) {4283b370} }
I/OppoBootCmpReceiver( 6071): handleMessage OptionFinished:false, mHandlePre:4
I/ActivityManager( 1909): Process com.nearme.feedback (pid 7160) has died.
W/ContextImpl( 1909): Calling a method in the system process without a qualified user: android.app.ContextImpl.sendBroadcast:1345 com.android.server.am.OppoExtraActivityManagerService.setKeyLockModeNormal:47 com.android.server.am.ActivityManagerService.appDiedLocked:4489 com.android.server.am.ActivityManagerService$AppDeathRecipient.binderDied:1118 android.os.BinderProxy.sendDeathNotice:496 
V/ActivityManager( 1909): Broadcast: Intent { act=com.oppo.intent.action.KEY_LOCK_MODE flg=0x10 (has extras) } ordered=false userid=0 callerApp=ProcessRecord{4272b1e0 1909:system/1000}
D/DisplayManagerService( 1909): Display listener for pid 7160 died.
D/ActivityManager( 1909): cleanUpApplicationRecordLocked app:ProcessRecord{42fb58d0 7160:com.nearme.feedback/1000}, restarting:false, allowRestart:true, index:-1
D/ActivityManager( 1909): cleanUpApplicationRecordLocked from:com.android.server.am.ActivityManagerService.handleAppDiedLocked:4277 com.android.server.am.ActivityManagerService.appDiedLocked:4501 com.android.server.am.ActivityManagerService$AppDeathRecipient.binderDied:1118 android.os.BinderProxy.sendDeathNotice:496 
I/BTIF_CORE( 6839): [btif_task]:Polling returned!
I/BTIF_CORE( 6839): [btif_task]:Start retrieve data pollMemberCount=10!
I/BTIF_CORE( 6839): [btif_task]:fd 7 data ready!
I/BTIF_CORE( 6839): [btif_task]:pollData[i].fd data ready : revents = 0x1!
I/BTIF_CORE( 6839): in profile[0] handler!
I/BTIF_CORE( 6839): out profile[0] handler!
I/BTIF_CORE( 6839): in profile[3] handler!
I/BTIF_CORE( 6839): out profile[3] handler!
I/BTIF_CORE( 6839): in profile[5] handler!
I/BTIF_CORE( 6839): out profile[5] handler!
I/BTIF_CORE( 6839): in profile[1] handler!
I/BTIF_CORE( 6839): out profile[1] handler!
I/BTIF_CORE( 6839): in profile[11] handler!
I/BTIF_CORE( 6839): out profile[11] handler!
I/BTIF_CORE( 6839): in profile[18] handler!
I/BTIF_CORE( 6839): out profile[18] handler!
I/BTIF_CORE( 6839): in profile[12] handler!
I/BTIF_CORE( 6839): out profile[12] handler!
I/BTIF_CORE( 6839): in profile[21] handler!
D/BTIF_GATT_CLIENT( 6839): [GATT] gattc_handle_message
D/BTIF_GATT_CLIENT( 6839): [GATT] gattc_handle_message : msg_id=4005
D/BTIF_GATT_CLIENT( 6839): [GATT] findContextByContext
D/BTIF_GATT_CLIENT( 6839): [GATT] context[1] = 0xb7065aa4 found
D/BTIF_GATT_CLIENT( 6839): [GATT] gattc_handle_scan_result_ind
I/BT_UTILS( 6839): btmtk_util_reverse_array: dest addr=0x2F:E7:34:92:2D:AF
D/BtGatt.GattService( 6839): onScanResult() - address=2F:E7:34:92:2D:AF, rssi=-75
D/BluetoothAdapter( 6876): onScanResult() - Device=2F:E7:34:92:2D:AF RSSI=-75
I/BTIF_CORE( 6839): out profile[21] handler!
I/BTIF_CORE( 6839): [btif_task]:Start polling!
D/WifiStateMachine( 1909): ConnectedState{ when=-3ms what=131155 arg1=4 target=com.android.internal.util.StateMachine$SmHandler target=Handler (com.android.internal.util.StateMachine$SmHandler) {43155f58} }
D/WifiStateMachine( 1909): L2ConnectedState{ when=-3ms what=131155 arg1=4 target=com.android.internal.util.StateMachine$SmHandler target=Handler (com.android.internal.util.StateMachine$SmHandler) {43155f58} }
D/WifiHW  ( 1909): enter -->wifi_send_command cmd=IFNAME=wlan0 SIGNAL_POLL
D/wpa_supplicant( 4185): RX ctrl_iface - hexdump(len=11): 53 49 47 4e 41 4c 5f 50 4f 4c 4c
D/wpa_supplicant( 4185): wlan0: Control interface command 'SIGNAL_POLL'
