D/ActivityThread( 4361): BDC-RECEIVER handled : 0 / ReceiverData{intent=Intent { act=com.kingroot.common.ACTION_TOP_APP_CHANGED flg=0x10 cmp=com.kingroot.kinguser/com.kingroot.common.framework.broadcast.KSysBroadcastReceiver (has extras) } packageName=com.kingroot.kinguser resultCode=-1 resultData=null resultExtras=null}
D/ActivityThread( 4361): BDC-Calling onReceive: intent=Intent { act=com.kingroot.common.ACTION_NEW_APP_STARTED flg=0x10 cmp=com.kingroot.kinguser/com.kingroot.common.framework.broadcast.KSysBroadcastReceiver (has extras) }, ordered=true, receiver=com.kingroot.common.framework.broadcast.KSysBroadcastReceiver@43068e20
D/ActivityThread( 4361): BDC-RECEIVER handled : 0 / ReceiverData{intent=Intent { act=com.kingroot.common.ACTION_NEW_APP_STARTED flg=0x10 cmp=com.kingroot.kinguser/com.kingroot.common.framework.broadcast.KSysBroadcastReceiver (has extras) } packageName=com.kingroot.kinguser resultCode=-1 resultData=null resultExtras=null}
V/ActivityManager( 1655): ACT-Activity idle: Token{4567d3c8 ActivityRecord{4567d250 u0 com.oppo.reader/com.chaozh.iReader.ui.activity.WelcomeActivity t62}}
V/ActivityManager( 1655): ensureActivitiesVisibleLocked: consider front
V/ActivityManager( 1655): ensureActivitiesVisibleLocked: consider back
D/ActivityManager( 1655): getContentProviderImpl: from caller=android.app.ApplicationThreadProxy@43afbd80 (pid=27486, userId=0) to get content provider com.tencent.android.qqdownloader.localapk.provider cpr=ContentProviderRecord{4384f7f0 u0 com.tencent.android.qqdownloader/com.tencent.assistant.localres.localapk.LocalApkProvider}
D/ActivityThread(27486): hoder:android.app.IActivityManager$ContentProviderHolder@445b4a78,provider,holder.Provider:android.content.ContentProviderProxy@445b50a0
W/InputManager( 1655): Input event injection from pid 24454 failed.
W/InputManager( 1655): Input event injection from pid 24454 failed.
W/InputManager( 1655): Input event injection from pid 24454 failed.
V/ActivityManager( 1655): Broadcast sticky: Intent { act=android.intent.action.ADDITIONAL_BATTERY_CHANGED flg=0x60000010 (has extras) } ordered=false userid=-1 callerApp=null
V/ActivityManager( 1655): Broadcast sticky: Intent { act=android.intent.action.BATTERY_CHANGED flg=0x60000010 (has extras) } ordered=false userid=-1 callerApp=null
D/WifiService( 1655): onReceive, action:android.intent.action.BATTERY_CHANGED
D/WifiController( 1655): DeviceActiveState{ when=0 what=155652 arg1=2 target=com.android.internal.util.StateMachine$SmHandler target=Handler (com.android.internal.util.StateMachine$SmHandler) {431e59b8} }
D/WifiController( 1655): StaEnabledState{ when=0 what=155652 arg1=2 target=com.android.internal.util.StateMachine$SmHandler target=Handler (com.android.internal.util.StateMachine$SmHandler) {431e59b8} }
D/WifiController( 1655): DefaultState{ when=-1ms what=155652 arg1=2 target=com.android.internal.util.StateMachine$SmHandler target=Handler (com.android.internal.util.StateMachine$SmHandler) {431e59b8} }
D/WifiController( 1655): battery changed pluggedType: 2
D/UsbDeviceManager( 1655): onReceive - BATTERY_CHANGED - mPlugType: 2, mSettingUsbCharging: false, mConnected: true, mSettingUsbBicr: false
V/ActivityManager( 1655): Broadcast sticky: Intent { act=android.intent.action.ADDITIONAL_BATTERY_CHANGED flg=0x60000010 (has extras) } ordered=false userid=-1 callerApp=null
V/ActivityManager( 1655): Broadcast sticky: Intent { act=android.intent.action.ADDITIONAL_BATTERY_CHANGED flg=0x60000010 (has extras) } ordered=false userid=-1 callerApp=null
V/WindowManager( 1655): Changing focus from Window{44b495e8 u0 com.oppo.reader/com.chaozh.iReader.ui.activity.WelcomeActivity EXITING} to Window{45a12790 u0 com.oppo.reader/com.chaozh.iReader.ui.activity.WelcomeActivity} Callers=com.android.server.wm.WindowManagerService.removeWindowLocked:3090 com.android.server.wm.WindowManagerService.removeWindowLocked:3017 com.android.server.wm.WindowManagerService.removeWindow:3012 com.android.server.wm.Session.remove:182 
I/WindowManager( 1655): Gaining focus: Window{45a12790 u0 com.oppo.reader/com.chaozh.iReader.ui.activity.WelcomeActivity}
I/WindowManager( 1655): Losing focus: Window{44b495e8 u0 com.oppo.reader/com.chaozh.iReader.ui.activity.WelcomeActivity EXITING}
V/ActivityManager( 1655): Broadcast sticky: Intent { act=android.intent.action.SIG_STR flg=0x10 (has extras) } ordered=false userid=-1 callerApp=ProcessRecord{4276e330 1655:system/1000}
I/WindowState( 1655): WIN DEATH: Window{45a12790 u0 com.oppo.reader/com.chaozh.iReader.ui.activity.WelcomeActivity}
D/DisplayManagerService( 1655): Display listener for pid 25143 died.
I/ActivityManager( 1655): Process com.oppo.reader (pid 25143) has died.
V/WindowManager( 1655): Changing focus from Window{45a12790 u0 com.oppo.reader/com.chaozh.iReader.ui.activity.WelcomeActivity EXITING} to null Callers=com.android.server.wm.WindowManagerService.removeWindowLocked:3090 com.android.server.wm.WindowManagerService.removeWindowLocked:3017 com.android.server.wm.WindowState$DeathRecipient.binderDied:1241 android.os.BinderProxy.sendDeathNotice:496 
W/ContextImpl( 1655): Calling a method in the system process without a qualified user: android.app.ContextImpl.sendBroadcast:1345 com.android.server.am.OppoExtraActivityManagerService.setKeyLockModeNormal:47 com.android.server.am.ActivityManagerService.appDiedLocked:4489 com.android.server.am.ActivityManagerService$AppDeathRecipient.binderDied:1118 android.os.BinderProxy.sendDeathNotice:496 
V/ActivityManager( 1655): Broadcast: Intent { act=com.oppo.intent.action.KEY_LOCK_MODE flg=0x10 (has extras) } ordered=false userid=0 callerApp=ProcessRecord{4276e330 1655:system/1000}
D/ActivityManager( 1655): cleanUpApplicationRecordLocked app:ProcessRecord{45aaf230 25143:com.oppo.reader/u0a40}, restarting:false, allowRestart:true, index:-1
D/ActivityManager( 1655): cleanUpApplicationRecordLocked from:com.android.server.am.ActivityManagerService.handleAppDiedLocked:4277 com.android.server.am.ActivityManagerService.appDiedLocked:4501 com.android.server.am.ActivityManagerService$AppDeathRecipient.binderDied:1118 android.os.BinderProxy.sendDeathNotice:496 
I/WindowManager( 1655): Losing focus: Window{45a12790 u0 com.oppo.reader/com.chaozh.iReader.ui.activity.WelcomeActivity EXITING}
D/ActivityManager( 1655): ACT-moveNextFloatingStackToTopLocked next = null curTop = ActivityStack{435b1110 stackId=7, 7 tasks} mStackState = STACK_STATE_HOME_IN_BACK
D/ActivityManager( 1655): ACT-moveHomeTask toFront : true homeInFront = false
I/WindowState( 1655): WIN DEATH: Window{44b495e8 u0 com.oppo.reader/com.chaozh.iReader.ui.activity.WelcomeActivity EXITING}
D/ActivityManager( 1655): resumeTopActivityLocked: Going to sleep, and resume home from other stack, try resume one time.
W/ContextImpl( 1655): Calling a method in the system process without a qualified user: android.app.ContextImpl.sendBroadcast:1345 com.android.server.am.OppoProtectEyeManagerService.sendProtectEyeBroadcast:167 com.android.server.am.OppoProtectEyeManagerService.handleProtectEyeMode:152 com.android.server.am.ActivityStack.resumeTopActivityLocked:2177 com.android.server.am.ActivityStackSupervisor.resumeTopActivitiesLocked:3644 
V/ActivityManager( 1655): Broadcast: Intent { act=android.intent.action.OPPO_ROM_APP_CHANGE flg=0x10 (has extras) } ordered=false userid=0 callerApp=ProcessRecord{4276e330 1655:system/1000}
V/ActivityManager( 1655): ensureActivitiesVisibleLocked: consider front
V/ActivityManager( 1655): ensureActivitiesVisibleLocked: consider back
V/ActivityManager( 1655): ensureActivitiesVisibleLocked: consider front
V/ActivityManager( 1655): ensureActivitiesVisibleLocked: consider back
V/NetworkStats( 1655): setKernelCounterSet uid=10040 set=0
D/ActivityThread( 4327): BDC-Calling onReceive: intent=Intent { act=android.intent.action.OPPO_ROM_APP_CHANGE flg=0x10 cmp=com.color.safecenter/com.color.datamonitor.networkcontrol.PackageReceiver (has extras) }, ordered=true, receiver=com.color.datamonitor.networkcontrol.PackageReceiver@42c54680
V/NetworkStats( 1655): setKernelCounterSet uid=10042 set=1
D/ConnectivityService( 1655): getActiveNetworkInfo:NetworkInfo: type: WIFI[], state: CONNECTED/CONNECTED, reason: (unspecified), extra: "60_dev_01", roaming: false, failover: false, isAvailable: true, isConnectedToProvisioningNetwork: false, simId: 0/1000
D/ConnectivityService( 1655): onUidRulesChanged(uid=10040, uidRules=0)
D/ConnectivityService( 1655): onUidRulesChanged(uid=10042, uidRules=0)
D/ActivityThread( 4327): BDC-RECEIVER handled : 0 / ReceiverData{intent=Intent { act=android.intent.action.OPPO_ROM_APP_CHANGE flg=0x10 cmp=com.color.safecenter/com.color.datamonitor.networkcontrol.PackageReceiver (has extras) } packageName=com.color.safecenter resultCode=-1 resultData=null resultExtras=null}
V/ActivityThread( 4288): Performing resume of ActivityRecord{42708c00 token=android.os.BinderProxy@427083a8 {com.oppo.launcher/com.oppo.launcher.Launcher}} finished=false
D/ActivityThread( 4288): ACT-AM_ON_RESUME_CALLED ActivityRecord{42708c00 token=android.os.BinderProxy@427083a8 {com.oppo.launcher/com.oppo.launcher.Launcher}}
V/ActivityThread( 4288): Resume ActivityRecord{42708c00 token=android.os.BinderProxy@427083a8 {com.oppo.launcher/com.oppo.launcher.Launcher}} started activity: false, hideForNow: false, finished: false
V/ActivityThread( 4288): Resuming ActivityRecord{42708c00 token=android.os.BinderProxy@427083a8 {com.oppo.launcher/com.oppo.launcher.Launcher}} with isForward=false
V/ActivityThread( 4288): Scheduling idle handler for ActivityRecord{42708c00 token=android.os.BinderProxy@427083a8 {com.oppo.launcher/com.oppo.launcher.Launcher}}
D/ActivityThread( 4288): ACT-RESUME_ACTIVITY handled : 0 / android.os.BinderProxy@427083a8
V/WindowManager( 1655): Changing focus from null to Window{43498f48 u0 com.oppo.launcher/com.oppo.launcher.Launcher} Callers=com.android.server.wm.WindowManagerService.relayoutWindow:3728 com.android.server.wm.Session.relayout:191 android.view.IWindowSession$Stub.onTransact:235 com.android.server.wm.Session.onTransact:126 
I/WindowManager( 1655): Gaining focus: Window{43498f48 u0 com.oppo.launcher/com.oppo.launcher.Launcher}
W/ViewRootImpl( 4288): Dropping event due to no window focus: KeyEvent { action=ACTION_DOWN, hashcode=android.view.KeyEvent@44b5c1e8, keyCode=KEYCODE_DPAD_DOWN, scanCode=0, metaState=0, flags=0x8, repeatCount=0, eventTime=23358474, downTime=23358474, deviceId=-1, source=0x101 }
V/InputMethodManagerService( 1655): windowGainedFocus: android.os.BinderProxy@43492cb0 controlFlags=#104 softInputMode=#30 windowFlags=#5900100
W/InputMethodManagerService( 1655): Got RemoteException sending setActive(false) notification to pid 25143 uid 10040
V/ActivityManager( 1655): Broadcast: Intent { act=com.kingroot.common.ACTION_TOP_ACTIVITY_CHANGED flg=0x10 (has extras) } ordered=false userid=0 callerApp=ProcessRecord{432339b0 4361:com.kingroot.kinguser:service/u0a97}
V/ActivityManager( 1655): Broadcast: Intent { act=com.kingroot.common.ACTION_SWITCH_IN_DESKTOP flg=0x10 } ordered=false userid=0 callerApp=ProcessRecord{432339b0 4361:com.kingroot.kinguser:service/u0a97}
V/ActivityManager( 1655): Broadcast: Intent { act=com.kingroot.common.ACTION_TOP_APP_CHANGED flg=0x10 (has extras) } ordered=false userid=0 callerApp=ProcessRecord{432339b0 4361:com.kingroot.kinguser:service/u0a97}
D/ActivityThread( 4361): BDC-Calling onReceive: intent=Intent { act=com.kingroot.common.ACTION_TOP_ACTIVITY_CHANGED flg=0x10 cmp=com.kingroot.kinguser/com.kingroot.common.framework.broadcast.KSysBroadcastReceiver (has extras) }, ordered=true, receiver=com.kingroot.common.framework.broadcast.KSysBroadcastReceiver@430dcb68
D/ActivityThread( 4361): BDC-RECEIVER handled : 0 / ReceiverData{intent=Intent { act=com.kingroot.common.ACTION_TOP_ACTIVITY_CHANGED flg=0x10 cmp=com.kingroot.kinguser/com.kingroot.common.framework.broadcast.KSysBroadcastReceiver (has extras) } packageName=com.kingroot.kinguser resultCode=-1 resultData=null resultExtras=null}
D/ActivityThread( 4361): BDC-Calling onReceive: intent=Intent { act=com.kingroot.common.ACTION_SWITCH_IN_DESKTOP flg=0x10 cmp=com.kingroot.kinguser/com.kingroot.common.framework.broadcast.KSysBroadcastReceiver }, ordered=true, receiver=com.kingroot.common.framework.broadcast.KSysBroadcastReceiver@430db948
D/ActivityThread( 4361): BDC-RECEIVER handled : 0 / ReceiverData{intent=Intent { act=com.kingroot.common.ACTION_SWITCH_IN_DESKTOP flg=0x10 cmp=com.kingroot.kinguser/com.kingroot.common.framework.broadcast.KSysBroadcastReceiver } packageName=com.kingroot.kinguser resultCode=-1 resultData=null resultExtras=null}
V/ActivityManager( 1655): Broadcast: Intent { act=android.intent.action.HOME_MODE_CHANGE flg=0x10 (has extras) } ordered=false userid=-2 callerApp=ProcessRecord{4276e330 1655:system/1000}
D/ActivityThread( 4361): BDC-Calling onReceive: intent=Intent { act=com.kingroot.common.ACTION_TOP_APP_CHANGED flg=0x10 cmp=com.kingroot.kinguser/com.kingroot.common.framework.broadcast.KSysBroadcastReceiver (has extras) }, ordered=true, receiver=com.kingroot.common.framework.broadcast.KSysBroadcastReceiver@430d9890
D/ActivityThread( 4361): BDC-RECEIVER handled : 0 / ReceiverData{intent=Intent { act=com.kingroot.common.ACTION_TOP_APP_CHANGED flg=0x10 cmp=com.kingroot.kinguser/com.kingroot.common.framework.broadcast.KSysBroadcastReceiver (has extras) } packageName=com.kingroot.kinguser resultCode=-1 resultData=null resultExtras=null}
V/ActivityManager( 1655): ACT-Activity idle: Token{42fe8d28 ActivityRecord{42fe88b0 u0 com.oppo.launcher/.Launcher t1}}
V/ActivityManager( 1655): ensureActivitiesVisibleLocked: consider front
V/ActivityManager( 1655): ensureActivitiesVisibleLocked: consider back
D/ActivityManager( 1655): getContentProviderImpl: from caller=android.app.ApplicationThreadProxy@439a3230 (pid=27486, userId=0) to get content provider com.tencent.android.qqdownloader.localapk.provider cpr=ContentProviderRecord{4384f7f0 u0 com.tencent.android.qqdownloader/com.tencent.assistant.localres.localapk.LocalApkProvider}
D/ActivityThread(27486): hoder:android.app.IActivityManager$ContentProviderHolder@437147b8,provider,holder.Provider:android.content.ContentProviderProxy@44779e58
D/ActivityManager( 1655): getContentProviderImpl: from caller=android.app.ApplicationThreadProxy@4399d3b8 (pid=27486, userId=0) to get content provider com.tencent.android.qqdownloader.localapk.provider cpr=ContentProviderRecord{4384f7f0 u0 com.tencent.android.qqdownloader/com.tencent.assistant.localres.localapk.LocalApkProvider}
D/ActivityThread(27486): hoder:android.app.IActivityManager$ContentProviderHolder@43708310,provider,holder.Provider:android.content.ContentProviderProxy@431b7360
D/ActivityThread( 4415): SVC-SERVICE_ARGS handled : 0 / ServiceArgsData{token=android.os.BinderProxy@4270c290 startId=377 args=Intent { cmp=com.nearme.statistics.rom/.service.ReceiverService (has extras) }}
D/ConnectivityService( 1655): getActiveNetworkInfo:NetworkInfo: type: WIFI[], state: CONNECTED/CONNECTED, reason: (unspecified), extra: "60_dev_01", roaming: false, failover: false, isAvailable: true, isConnectedToProvisioningNetwork: false, simId: 0/10040
V/AppWidgetServiceImpl( 1655): getInstalledProviders hostName = com.oppo.launcher¿Ä¿Ä¿Ä¿Ä¿Ä¿Ä¿Ä¿Ä¿Ä¿Ä¿Ä¿Ä¿Ä¿Ä¿Ä¿Ä¿Ä¿Ä¿Ä¿Ä¿Ä¿Ä¿Ä¿Ä¿Ä¿Ä¿Ä¿Ä¿Ä¿Ä¿Ä¿Ä¿Ä¿Ä¿Ä¿Ä¿Ä¿Ä¿Ä¿Ä¿Ä¿Ä¿Ä¿Ä¿Ä¿Ä¿Ä¿Ä¿Ä¿Ä¿Ä¿Ä¿Ä¿Ä¿Ä¿Ä¿Ä¿Ä¿Ä
V/AppWidgetServiceImpl( 1655): permission of the launcher: -1 enableFiltering = true
I/AppWidgetServiceImpl( 1655): u=0: ensureStateLoadedLocked
V/AppWidgetServiceImpl( 1655): widget package name: com.android.quicksearchbox Permission: -1
V/AppWidgetServiceImpl( 1655): p.zombie = false
V/AppWidgetServiceImpl( 1655): widget package name: cn.wps.moffice_eng Permission: -1
V/AppWidgetServiceImpl( 1655): p.zombie = false
I/ActivityManager( 1655): START u0 {act=android.intent.action.MAIN cat=[android.intent.category.LAUNCHER] flg=0x10200000 cmp=com.oppo.camera/.Camera bnds=[792,1659][1044,1904]} from pid 4288
E/ActivityManager( 1655): START {act=android.intent.action.MAIN cat=[android.intent.category.LAUNCHER] flg=0x10200000 cmp=com.oppo.camera/.Camera bnds=[792,1659][1044,1904] u=0} from pid 4288
D/ActivityManager( 1655): ACT-moveHomeTask toFront : false homeInFront = true
D/ActivityManager( 1655): ACT-BMW, insertTaskAtTop fromHome = true lastStack = ActivityStack{427f7890 stackId=0, 1 tasks} this = ActivityStack{435b1110 stackId=7, 6 tasks} topTask() = TaskRecord{448d56c0 #51 A=com.android.dialer U=0 sz=4}
D/ActivityManager( 1655): ACT-BMW, insertTaskAtTop fromHome = true lastStack = ActivityStack{427f7890 stackId=0, 1 tasks} this = ActivityStack{435b1110 stackId=7, 7 tasks} topTask() = TaskRecord{4340f2a0 #63 A=com.oppo.camera U=0 sz=0}
V/WindowManager( 1655): Changing focus from Window{43498f48 u0 com.oppo.launcher/com.oppo.launcher.Launcher} to null Callers=com.android.server.wm.WindowManagerService.setFocusedApp:4747 com.android.server.am.ActivityManagerService.setFocusedActivityLocked:2623 com.android.server.am.ActivityStackSupervisor.startActivityUncheckedLocked:3315 com.android.server.am.ActivityStackSupervisor.startActivityLocked:2100 
D/ActivityThread( 4288): ACT-AM_ON_PAUSE_CALLED ActivityRecord{42708c00 token=android.os.BinderProxy@427083a8 {com.oppo.launcher/com.oppo.launcher.Launcher}}
W/ContextImpl( 1655): Calling a method in the system process without a qualified user: android.app.ContextImpl.sendBroadcast:1345 com.android.server.am.OppoProtectEyeManagerService.sendProtectEyeBroadcast:167 com.android.server.am.OppoProtectEyeManagerService.handleProtectEyeMode:140 com.android.server.am.ActivityStack.resumeTopActivityLocked:2177 com.android.server.am.ActivityStackSupervisor.resumeTopActivitiesLocked:3644 
V/ActivityManager( 1655): Broadcast: Intent { act=android.intent.action.OPPO_ROM_APP_CHANGE flg=0x10 (has extras) } ordered=false userid=0 callerApp=ProcessRecord{4276e330 1655:system/1000}
I/ActivityManager( 1655): Start proc com.oppo.camera for activity com.oppo.camera/.Camera: pid=25189 uid=10030 gids={50030, 3003, 1028, 1015, 1023}
D/ActivityManager( 1655):  (1) delay start com.oppo.camera startResult.usingWrapper false
D/ActivityThread( 4288): ACT-PAUSE_ACTIVITY handled : 1 / android.os.BinderProxy@427083a8
V/ActivityManager( 1655): ACT-Activity idle: null
I/WindowManager( 1655): Losing focus: Window{43498f48 u0 com.oppo.launcher/com.oppo.launcher.Launcher}
D/ActivityThread( 4327): BDC-Calling onReceive: intent=Intent { act=android.intent.action.OPPO_ROM_APP_CHANGE flg=0x10 cmp=com.color.safecenter/com.color.datamonitor.networkcontrol.PackageReceiver (has extras) }, ordered=true, receiver=com.color.datamonitor.networkcontrol.PackageReceiver@42c57960
D/ConnectivityService( 1655): getActiveNetworkInfo:NetworkInfo: type: WIFI[], state: CONNECTED/CONNECTED, reason: (unspecified), extra: "60_dev_01", roaming: false, failover: false, isAvailable: true, isConnectedToProvisioningNetwork: false, simId: 0/1000
V/ActivityThread( 4288): Finishing stop of ActivityRecord{42708c00 token=android.os.BinderProxy@427083a8 {com.oppo.launcher/com.oppo.launcher.Launcher}}: show=true win=com.android.internal.policy.impl.OppoPhoneWindow@427b8998
D/ActivityThread( 4288): ACT-STOP_ACTIVITY_SHOW handled : 0 / android.os.BinderProxy@427083a8
V/ActivityManager( 1655): ensureActivitiesVisibleLocked: consider front
V/ActivityManager( 1655): ensureActivitiesVisibleLocked: consider back
D/OppoUsageService( 1655): writeHistoryRecord[AppUsage], saveRes = 1
D/ActivityThread( 4327): BDC-RECEIVER handled : 0 / ReceiverData{intent=Intent { act=android.intent.action.OPPO_ROM_APP_CHANGE flg=0x10 cmp=com.color.safecenter/com.color.datamonitor.networkcontrol.PackageReceiver (has extras) } packageName=com.color.safecenter resultCode=-1 resultData=null resultExtras=null}
V/ActivityManager( 1655): ensureActivitiesVisibleLocked: consider front
V/ActivityManager( 1655): ensureActivitiesVisibleLocked: consider back
D/ActivityManager( 1655): getContentProviderImpl: from caller=android.app.ApplicationThreadProxy@429f92f0 (pid=25189, userId=0) to get content provider settings cpr=ContentProviderRecord{42731e10 u0 com.android.providers.settings/.SettingsProvider}
D/ActivityManager( 1655): getContentProviderImpl: updateLruProcessLocked cpr.proc=ProcessRecord{4276e330 1655:system/1000}
D/ActivityThread(25189): hoder:android.app.IActivityManager$ContentProviderHolder@42705668,provider,holder.Provider:android.content.ContentProviderProxy@4270a000
V/NetworkStats( 1655): setKernelCounterSet uid=10042 set=0
V/NetworkStats( 1655): setKernelCounterSet uid=10030 set=1
D/ConnectivityService( 1655): onUidRulesChanged(uid=10042, uidRules=0)
D/ConnectivityService( 1655): onUidRulesChanged(uid=10030, uidRules=0)
D/ActivityThread( 4288): ACT-HIDE_WINDOW handled : 0 / android.os.BinderProxy@427083a8
D/ActivityThread(25189): installProvider: context.getPackageName()=com.oppo.camera
D/ActivityManager( 1655): publishContentProviders: from caller=android.app.ApplicationThreadProxy@42fc69e0 (pid=25189)
D/ActivityThread(25189): BIND_APPLICATION handled : 0 / AppBindData{appInfo=ApplicationInfo{42702070 com.oppo.camera}}
V/ActivityThread(25189): ActivityRecord{42703d10 token=android.os.BinderProxy@427034e8 {com.oppo.camera/com.oppo.camera.Camera}}: app=com.oppo.camera.MyApplication@4270eb68, appName=com.oppo.camera, pkg=com.oppo.camera, comp={com.oppo.camera/com.oppo.camera.Camera}, dir=/system/app/OppoCamera.apk
V/ActivityManager( 1655): Broadcast: Intent { act=android.intent.action.HOME_MODE_CHANGE flg=0x10 (has extras) } ordered=false userid=-2 callerApp=ProcessRecord{4276e330 1655:system/1000}
V/ActivityManager( 1655): Broadcast: Intent { act=android.intent.action.CAMERA_MODE_CHANGE flg=0x10 (has extras) } ordered=false userid=-2 callerApp=ProcessRecord{4276e330 1655:system/1000}
V/ActivityManager( 1655): Broadcast: Intent { act=action.com.oppo.camera.EXIT_BLIND_CAPTURE flg=0x10 } ordered=false userid=0 callerApp=ProcessRecord{42f36208 25189:com.oppo.camera/u0a30}
I/ActivityManager( 1655): Start proc com.oppo.speechassist.engine for service com.oppo.speechassist.engine/.service.impl.SpeechService: pid=25236 uid=10065 gids={50065, 3003, 1028, 1015, 1023, 1007, 2001}
D/ActivityManager( 1655):  (1) delay start com.oppo.speechassist.engine startResult.usingWrapper false
D/OppoUsageService( 1655): writeHistoryRecord[AppUsage], saveRes = 1
D/ActivityThread( 4415): SVC-SERVICE_ARGS handled : 0 / ServiceArgsData{token=android.os.BinderProxy@4270c290 startId=378 args=Intent { cmp=com.nearme.statistics.rom/.service.ReceiverService (has extras) }}
V/ActivityThread(25189): Performing resume of ActivityRecord{42703d10 token=android.os.BinderProxy@427034e8 {com.oppo.camera/com.oppo.camera.Camera}} finished=false
V/ActivityManager( 1655): Broadcast: Intent { act=action.com.oppo.camera.EXIT_BLIND_CAPTURE flg=0x10 } ordered=false userid=0 callerApp=ProcessRecord{42f36208 25189:com.oppo.camera/u0a30}
D/ActivityThread( 6465): SVC-Creating service: CreateServiceData{token=android.os.BinderProxy@42a09f40 className=com.android.providers.media.MediaScannerService packageName=com.android.providers.media intent=null}
V/ActivityManager( 1655): ensureActivitiesVisibleLocked: consider front
V/ActivityManager( 1655): ensureActivitiesVisibleLocked: consider back
V/ActivityManager( 1655): Broadcast sticky: Intent { act=android.intent.action.ADDITIONAL_BATTERY_CHANGED flg=0x60000010 (has extras) } ordered=false userid=-1 callerApp=null
V/ActivityManager( 1655): Broadcast sticky: Intent { act=android.intent.action.BATTERY_CHANGED flg=0x60000010 (has extras) } ordered=false userid=-1 callerApp=null
V/ActivityManager( 1655): Broadcast sticky: Intent { act=android.intent.action.ADDITIONAL_BATTERY_CHANGED flg=0x60000010 (has extras) } ordered=false userid=-1 callerApp=null
V/ActivityManager( 1655): Broadcast sticky: Intent { act=android.intent.action.ADDITIONAL_BATTERY_CHANGED flg=0x60000010 (has extras) } ordered=false userid=-1 callerApp=null
D/WifiService( 1655): onReceive, action:android.intent.action.BATTERY_CHANGED
D/WifiController( 1655): DeviceActiveState{ when=0 what=155652 arg1=2 target=com.android.internal.util.StateMachine$SmHandler target=Handler (com.android.internal.util.StateMachine$SmHandler) {431e59b8} }
D/WifiController( 1655): StaEnabledState{ when=0 what=155652 arg1=2 target=com.android.internal.util.StateMachine$SmHandler target=Handler (com.android.internal.util.StateMachine$SmHandler) {431e59b8} }
D/WifiController( 1655): DefaultState{ when=-1ms what=155652 arg1=2 target=com.android.internal.util.StateMachine$SmHandler target=Handler (com.android.internal.util.StateMachine$SmHandler) {431e59b8} }
D/WifiController( 1655): battery changed pluggedType: 2
D/UsbDeviceManager( 1655): onReceive - BATTERY_CHANGED - mPlugType: 2, mSettingUsbCharging: false, mConnected: true, mSettingUsbBicr: false
D/ActivityManager( 1655): getContentProviderImpl: from caller=android.app.ApplicationThreadProxy@42aa3bf8 (pid=25236, userId=0) to get content provider settings cpr=ContentProviderRecord{42731e10 u0 com.android.providers.settings/.SettingsProvider}
D/ActivityManager( 1655): getContentProviderImpl: updateLruProcessLocked cpr.proc=ProcessRecord{4276e330 1655:system/1000}
D/ActivityThread(25236): hoder:android.app.IActivityManager$ContentProviderHolder@4270a780,provider,holder.Provider:android.content.ContentProviderProxy@4270af00
D/ActivityThread( 4415): SVC-SERVICE_ARGS handled : 0 / ServiceArgsData{token=android.os.BinderProxy@4270c290 startId=379 args=Intent { cmp=com.nearme.statistics.rom/.service.ReceiverService (has extras) }}
D/ActivityThread(25189): ACT-AM_ON_RESUME_CALLED ActivityRecord{42703d10 token=android.os.BinderProxy@427034e8 {com.oppo.camera/com.oppo.camera.Camera}}
V/ActivityThread(25189): Resume ActivityRecord{42703d10 token=android.os.BinderProxy@427034e8 {com.oppo.camera/com.oppo.camera.Camera}} started activity: false, hideForNow: false, finished: false
D/ActivityThread( 6465): SVC-CREATE_SERVICE handled : 0 / CreateServiceData{token=android.os.BinderProxy@42a09f40 className=com.android.providers.media.MediaScannerService packageName=com.android.providers.media intent=null}
D/ActivityThread( 6465): SVC-BIND_SERVICE handled : 0 / BindServiceData{token=android.os.BinderProxy@42a09f40 intent=Intent { act=android.media.IMediaScannerService cmp=com.android.providers.media/.MediaScannerService }}
D/ActivityThread(25236): installProvider: context.getPackageName()=com.oppo.speechassist.engine
D/ActivityManager( 1655): publishContentProviders: from caller=android.app.ApplicationThreadProxy@432f54a8 (pid=25236)
D/ActivityThread(25236): BIND_APPLICATION handled : 0 / AppBindData{appInfo=ApplicationInfo{42703228 com.oppo.speechassist.engine}}
D/ActivityThread(25236): SVC-Creating service: CreateServiceData{token=android.os.BinderProxy@42704448 className=com.oppo.speechassist.engine.service.impl.SpeechService packageName=com.oppo.speechassist.engine intent=null}
D/ActivityThread( 4415): SVC-SERVICE_ARGS handled : 0 / ServiceArgsData{token=android.os.BinderProxy@4270c290 startId=380 args=Intent { cmp=com.nearme.statistics.rom/.service.ReceiverService (has extras) }}
V/ActivityThread(25189): Resuming ActivityRecord{42703d10 token=android.os.BinderProxy@427034e8 {com.oppo.camera/com.oppo.camera.Camera}} with isForward=true
V/ActivityThread(25189): Scheduling idle handler for ActivityRecord{42703d10 token=android.os.BinderProxy@427034e8 {com.oppo.camera/com.oppo.camera.Camera}}
D/ActivityThread(25189): ACT-LAUNCH_ACTIVITY handled : 0 / ActivityRecord{42703d10 token=android.os.BinderProxy@427034e8 {com.oppo.camera/com.oppo.camera.Camera}}
D/ActivityThread( 8021): SVC-Creating service: CreateServiceData{token=android.os.BinderProxy@427eedb8 className=com.iflytek.speechsuite.binder.SuiteBinderService packageName=com.iflytek.speechcloud intent=null}
D/ActivityThread(25236): SVC-CREATE_SERVICE handled : 0 / CreateServiceData{token=android.os.BinderProxy@42704448 className=com.oppo.speechassist.engine.service.impl.SpeechService packageName=com.oppo.speechassist.engine intent=null}
D/ConnectivityService( 1655): getActiveNetworkInfo:NetworkInfo: type: WIFI[], state: CONNECTED/CONNECTED, reason: (unspecified), extra: "60_dev_01", roaming: false, failover: false, isAvailable: true, isConnectedToProvisioningNetwork: false, simId: 0/10037
D/ActivityThread(25236): SVC-BIND_SERVICE handled : 0 / BindServiceData{token=android.os.BinderProxy@42704448 intent=Intent { act=com.oppo.speechassist.speechservice }}
V/WindowManager( 1655): Changing focus from null to Window{42e32cc8 u0 com.oppo.camera/com.oppo.camera.Camera} Callers=com.android.server.wm.WindowManagerService.relayoutWindow:3728 com.android.server.wm.Session.relayout:191 android.view.IWindowSession$Stub.onTransact:235 com.android.server.wm.Session.onTransact:126 
D/WifiService( 1655): getWifiServiceMessenger, pid:8021, uid:10037
D/WifiService( 1655): New client listening to asynchronous messages
D/ConnectivityService( 1655): getActiveNetworkInfo:NetworkInfo: type: WIFI[], state: CONNECTED/CONNECTED, reason: (unspecified), extra: "60_dev_01", roaming: false, failover: false, isAvailable: true, isConnectedToProvisioningNetwork: false, simId: 0/10037
I/WindowManager( 1655): Gaining focus: Window{42e32cc8 u0 com.oppo.camera/com.oppo.camera.Camera}
D/ConnectivityService( 1655): getActiveNetworkInfo:NetworkInfo: type: WIFI[], state: CONNECTED/CONNECTED, reason: (unspecified), extra: "60_dev_01", roaming: false, failover: false, isAvailable: true, isConnectedToProvisioningNetwork: false, simId: 0/10037
D/ActivityThread( 8021): SVC-CREATE_SERVICE handled : 0 / CreateServiceData{token=android.os.BinderProxy@427eedb8 className=com.iflytek.speechsuite.binder.SuiteBinderService packageName=com.iflytek.speechcloud intent=null}
D/ActivityThread( 8021): SVC-BIND_SERVICE handled : 0 / BindServiceData{token=android.os.BinderProxy@427eedb8 intent=Intent { act=com.iflytek.speech.SpeechService pkg=com.iflytek.speechcloud }}
W/ViewRootImpl(25189): Dropping event due to no window focus: KeyEvent { action=ACTION_DOWN, hashcode=android.view.KeyEvent@4276e4b8, keyCode=KEYCODE_DPAD_CENTER, scanCode=0, metaState=0, flags=0x8, repeatCount=0, eventTime=23362917, downTime=23362917, deviceId=-1, source=0x101 }
I/WindowManager( 1655): handleNotObscuredLocked: w=Window{42e32cc8 u0 com.oppo.camera/com.oppo.camera.Camera}
I/WindowManager( 1655): setHoldScreenLocked: hold=true
I/WindowManager( 1655): setHoldScreenLocked: hold=true, pid=25189, uid=10030
I/WindowManager( 1655): setHoldScreenLocked: hold=false
V/InputMethodManagerService( 1655): windowGainedFocus: android.os.BinderProxy@428463c8 controlFlags=#104 softInputMode=#123 windowFlags=#1810580
V/ActivityManager( 1655): Broadcast: Intent { act=com.kingroot.common.ACTION_TOP_ACTIVITY_CHANGED flg=0x10 (has extras) } ordered=false userid=0 callerApp=ProcessRecord{432339b0 4361:com.kingroot.kinguser:service/u0a97}
V/ActivityManager( 1655): Broadcast: Intent { act=com.kingroot.common.ACTION_SWITCH_OUT_DESKTOP flg=0x10 } ordered=false userid=0 callerApp=ProcessRecord{432339b0 4361:com.kingroot.kinguser:service/u0a97}
V/ActivityManager( 1655): Broadcast: Intent { act=com.kingroot.common.ACTION_TOP_APP_CHANGED flg=0x10 (has extras) } ordered=false userid=0 callerApp=ProcessRecord{432339b0 4361:com.kingroot.kinguser:service/u0a97}
I/WindowManager( 1655): handleNotObscuredLocked: w=Window{42e32cc8 u0 com.oppo.camera/com.oppo.camera.Camera}
V/ActivityManager( 1655): Broadcast: Intent { act=com.kingroot.common.ACTION_NEW_APP_STARTED flg=0x10 (has extras) } ordered=false userid=0 callerApp=ProcessRecord{432339b0 4361:com.kingroot.kinguser:service/u0a97}
I/WindowManager( 1655): setHoldScreenLocked: hold=true
I/WindowManager( 1655): setHoldScreenLocked: hold=true, pid=25189, uid=10030
D/ActivityThread( 4361): BDC-Calling onReceive: intent=Intent { act=com.kingroot.common.ACTION_TOP_ACTIVITY_CHANGED flg=0x10 cmp=com.kingroot.kinguser/com.kingroot.common.framework.broadcast.KSysBroadcastReceiver (has extras) }, ordered=true, receiver=com.kingroot.common.framework.broadcast.KSysBroadcastReceiver@42958560
D/ActivityThread( 4361): BDC-RECEIVER handled : 0 / ReceiverData{intent=Intent { act=com.kingroot.common.ACTION_TOP_ACTIVITY_CHANGED flg=0x10 cmp=com.kingroot.kinguser/com.kingroot.common.framework.broadcast.KSysBroadcastReceiver (has extras) } packageName=com.kingroot.kinguser resultCode=-1 resultData=null resultExtras=null}
D/ActivityThread( 4361): BDC-Calling onReceive: intent=Intent { act=com.kingroot.common.ACTION_SWITCH_OUT_DESKTOP flg=0x10 cmp=com.kingroot.kinguser/com.kingroot.common.framework.broadcast.KSysBroadcastReceiver }, ordered=true, receiver=com.kingroot.common.framework.broadcast.KSysBroadcastReceiver@4294bef8
D/ActivityThread( 4361): BDC-RECEIVER handled : 0 / ReceiverData{intent=Intent { act=com.kingroot.common.ACTION_SWITCH_OUT_DESKTOP flg=0x10 cmp=com.kingroot.kinguser/com.kingroot.common.framework.broadcast.KSysBroadcastReceiver } packageName=com.kingroot.kinguser resultCode=-1 resultData=null resultExtras=null}
D/ActivityThread( 4361): BDC-Calling onReceive: intent=Intent { act=com.kingroot.common.ACTION_TOP_APP_CHANGED flg=0x10 cmp=com.kingroot.kinguser/com.kingroot.common.framework.broadcast.KSysBroadcastReceiver (has extras) }, ordered=true, receiver=com.kingroot.common.framework.broadcast.KSysBroadcastReceiver@428f6160
D/ActivityThread( 4361): BDC-RECEIVER handled : 0 / ReceiverData{intent=Intent { act=com.kingroot.common.ACTION_TOP_APP_CHANGED flg=0x10 cmp=com.kingroot.kinguser/com.kingroot.common.framework.broadcast.KSysBroadcastReceiver (has extras) } packageName=com.kingroot.kinguser resultCode=-1 resultData=null resultExtras=null}
D/ActivityThread( 4361): BDC-Calling onReceive: intent=Intent { act=com.kingroot.common.ACTION_NEW_APP_STARTED flg=0x10 cmp=com.kingroot.kinguser/com.kingroot.common.framework.broadcast.KSysBroadcastReceiver (has extras) }, ordered=true, receiver=com.kingroot.common.framework.broadcast.KSysBroadcastReceiver@4286f0c8
D/ActivityThread( 4361): BDC-RECEIVER handled : 0 / ReceiverData{intent=Intent { act=com.kingroot.common.ACTION_NEW_APP_STARTED flg=0x10 cmp=com.kingroot.kinguser/com.kingroot.common.framework.broadcast.KSysBroadcastReceiver (has extras) } packageName=com.kingroot.kinguser resultCode=-1 resultData=null resultExtras=null}
V/ActivityManager( 1655): ACT-Activity idle: Token{427c1030 ActivityRecord{42990bb0 u0 com.oppo.camera/.Camera t63}}
V/ActivityManager( 1655): ensureActivitiesVisibleLocked: consider front
V/ActivityManager( 1655): ensureActivitiesVisibleLocked: consider back
D/ActivityManager( 1655): getContentProviderImpl: from caller=android.app.ApplicationThreadProxy@4323a468 (pid=27486, userId=0) to get content provider com.tencent.android.qqdownloader.localapk.provider cpr=ContentProviderRecord{4384f7f0 u0 com.tencent.android.qqdownloader/com.tencent.assistant.localres.localapk.LocalApkProvider}
D/ActivityThread(27486): hoder:android.app.IActivityManager$ContentProviderHolder@456a33d8,provider,holder.Provider:android.content.ContentProviderProxy@456a3b18
D/ActivityManager( 1655): getContentProviderImpl: from caller=android.app.ApplicationThreadProxy@4324d070 (pid=27486, userId=0) to get content provider com.tencent.android.qqdownloader.localapk.provider cpr=ContentProviderRecord{4384f7f0 u0 com.tencent.android.qqdownloader/com.tencent.assistant.localres.localapk.LocalApkProvider}
D/ActivityThread(27486): hoder:android.app.IActivityManager$ContentProviderHolder@4356a4a0,provider,holder.Provider:android.content.ContentProviderProxy@4470d138
D/ActivityManager( 1655): getContentProviderImpl: from caller=android.app.ApplicationThreadProxy@42df5f38 (pid=25189, userId=0) to get content provider com.color.provider.SafeProvider cpr=ContentProviderRecord{4312ff00 u0 com.color.safecenter/com.color.safecenterprovider.SafeProvider}
D/ActivityManager( 1655): getContentProviderImpl: updateLruProcessLocked cpr.proc=ProcessRecord{432f1938 4327:com.color.safecenter/1000}
D/ActivityThread(25189): hoder:android.app.IActivityManager$ContentProviderHolder@42a682f8,provider,holder.Provider:android.content.ContentProviderProxy@42754490
D/ActivityManager( 1655): getContentProviderImpl: from caller=android.app.ApplicationThreadProxy@42c3d068 (pid=25189, userId=0) to get content provider com.nearme.romupdate.provider.db cpr=ContentProviderRecord{42d3eb28 u0 com.nearme.romupdate/.provider.db.RomUpdateContentProvider}
D/ActivityManager( 1655): getContentProviderImpl: updateLruProcessLocked cpr.proc=ProcessRecord{428d8478 3878:com.nearme.romupdate/u0a80}
D/ActivityThread(25189): hoder:android.app.IActivityManager$ContentProviderHolder@42f58d90,provider,holder.Provider:android.content.ContentProviderProxy@42f594c8
V/ActivityManager( 1655): Broadcast: Intent { act=oppo.intent.action.FLASHLIGHT_STATE_CHANGED flg=0x10 (has extras) } ordered=false userid=0 callerApp=ProcessRecord{42f36208 25189:com.oppo.camera/u0a30}
D/ActivityManager( 1655): getContentProviderImpl: from caller=android.app.ApplicationThreadProxy@4321f248 (pid=25189, userId=0) to get content provider media cpr=ContentProviderRecord{43186b10 u0 com.android.providers.media/.MediaProvider}
D/ActivityManager( 1655): getContentProviderImpl: updateLruProcessLocked cpr.proc=ProcessRecord{434b69f8 6465:android.process.media/u0a5}
D/ActivityThread(25189): hoder:android.app.IActivityManager$ContentProviderHolder@4302e968,provider,holder.Provider:android.content.ContentProviderProxy@430360f8
I/PowerManagerDisplayController( 1655): useProximityForceSuspend = false
D/PowerManagerDisplayController( 1655): dismissElectronBeam
D/ElectronBeam( 1655): dismiss
W/ActivityThread(25189): ClassLoader.loadClass: The class loader returned by Thread.getContextClassLoader() may fail for processes that host multiple applications. You should explicitly specify a context class loader. For example: Thread.setContextClassLoader(getClass().getClassLoader());
I/FrameworkListener(  243): onDataAvailable get 51 bytes 
D/ConnectivityService( 1655): getActiveNetworkInfo:NetworkInfo: type: WIFI[], state: CONNECTED/CONNECTED, reason: (unspecified), extra: "60_dev_01", roaming: false, failover: false, isAvailable: true, isConnectedToProvisioningNetwork: false, simId: 0/10188
D/SocketClient(  243): SocketClient sendDatalocked done: 222
D/SocketClient(  243): SocketClient sendDatalocked done: 
D/SocketClient(  243): SocketClient sendDatalocked done: 
D/SocketClient(  243): SocketClient sendDatalocked done: 
D/SocketClient(  243): SocketClient sendDatalocked done: 
D/SocketClient(  243): SocketClient sendDatalocked done: 
D/SocketClient(  243): SocketClient sendDatalocked done: 
D/ActivityManager( 1655): getContentProviderImpl: from caller=android.app.ApplicationThreadProxy@43067bd8 (pid=25189, userId=0) to get content provider media cpr=ContentProviderRecord{43186b10 u0 com.android.providers.media/.MediaProvider}
D/ActivityManager( 1655): getContentProviderImpl: updateLruProcessLocked cpr.proc=ProcessRecord{434b69f8 6465:android.process.media/u0a5}
D/ActivityThread(25189): hoder:android.app.IActivityManager$ContentProviderHolder@43445688,provider,holder.Provider:android.content.ContentProviderProxy@43445ea8
I/ActivityManager( 1655): START u0 {act=com.oppo.gallery3d.action.review dat=content://media/external/images/media/67564 cmp=com.oppo.gallery3d/.app.Gallery2} from pid 25189
E/ActivityManager( 1655): START {act=com.oppo.gallery3d.action.review dat=content://media/external/images/media/67564 cmp=com.oppo.gallery3d/.app.Gallery2 u=0} from pid 25189
D/ActivityManager( 1655): ACT-moveHomeTask toFront : false homeInFront = false
V/WindowManager( 1655): Changing focus from Window{42e32cc8 u0 com.oppo.camera/com.oppo.camera.Camera} to null Callers=com.android.server.wm.WindowManagerService.setFocusedApp:4747 com.android.server.am.ActivityManagerService.setFocusedActivityLocked:2623 com.android.server.am.ActivityStackSupervisor.startActivityUncheckedLocked:3315 com.android.server.am.ActivityStackSupervisor.startActivityLocked:2100 
D/ActivityThread( 4415): SVC-SERVICE_ARGS handled : 0 / ServiceArgsData{token=android.os.BinderProxy@4270c290 startId=381 args=Intent { cmp=com.nearme.statistics.rom/.service.ReceiverService (has extras) }}
I/WindowManager( 1655): Losing focus: Window{42e32cc8 u0 com.oppo.camera/com.oppo.camera.Camera}
D/ActivityThread(25236): SVC-UNBIND_SERVICE handled : 0 / BindServiceData{token=android.os.BinderProxy@42704448 intent=Intent { act=com.oppo.speechassist.speechservice }}
D/ActivityThread(25236): SVC-Destroying service: com.oppo.speechassist.engine.service.impl.SpeechService@42713570
I/ActivityManager( 1655): Process com.oppo.speechassist.engine (pid 25236) has died.
D/DisplayManagerService( 1655): Display listener for pid 25236 died.
W/ContextImpl( 1655): Calling a method in the system process without a qualified user: android.app.ContextImpl.sendBroadcast:1345 com.android.server.am.OppoExtraActivityManagerService.setKeyLockModeNormal:47 com.android.server.am.ActivityManagerService.appDiedLocked:4489 com.android.server.am.ActivityManagerService$AppDeathRecipient.binderDied:1118 android.os.BinderProxy.sendDeathNotice:496 
V/ActivityManager( 1655): Broadcast: Intent { act=com.oppo.intent.action.KEY_LOCK_MODE flg=0x10 (has extras) } ordered=false userid=0 callerApp=ProcessRecord{4276e330 1655:system/1000}
D/ActivityManager( 1655): cleanUpApplicationRecordLocked app:ProcessRecord{42f3e8f0 25236:com.oppo.speechassist.engine/u0a65}, restarting:false, allowRestart:true, index:-1
D/ActivityManager( 1655): cleanUpApplicationRecordLocked from:com.android.server.am.ActivityManagerService.handleAppDiedLocked:4277 com.android.server.am.ActivityManagerService.appDiedLocked:4501 com.android.server.am.ActivityManagerService$AppDeathRecipient.binderDied:1118 android.os.BinderProxy.sendDeathNotice:496 
D/ActivityThread( 8021): SVC-UNBIND_SERVICE handled : 0 / BindServiceData{token=android.os.BinderProxy@427eedb8 intent=Intent { act=com.iflytek.speech.SpeechService pkg=com.iflytek.speechcloud }}
D/ActivityThread( 8021): SVC-Destroying service: com.iflytek.speechsuite.binder.SuiteBinderService@427ef958
D/ActivityThread( 8021): SVC-STOP_SERVICE handled : 0 / android.os.BinderProxy@427eedb8
D/ActivityThread(25189): ACT-AM_ON_PAUSE_CALLED ActivityRecord{42703d10 token=android.os.BinderProxy@427034e8 {com.oppo.camera/com.oppo.camera.Camera}}
W/ContextImpl( 1655): Calling a method in the system process without a qualified user: android.app.ContextImpl.sendBroadcast:1345 com.android.server.am.OppoProtectEyeManagerService.sendProtectEyeBroadcast:167 com.android.server.am.OppoProtectEyeManagerService.handleProtectEyeMode:140 com.android.server.am.ActivityStack.resumeTopActivityLocked:2177 com.android.server.am.ActivityStackSupervisor.resumeTopActivitiesLocked:3644 
V/ActivityManager( 1655): Broadcast: Intent { act=android.intent.action.OPPO_ROM_APP_CHANGE flg=0x10 (has extras) } ordered=false userid=0 callerApp=ProcessRecord{4276e330 1655:system/1000}
I/ActivityManager( 1655): Start proc com.oppo.gallery3d for activity com.oppo.gallery3d/.app.Gallery2: pid=25353 uid=10009 gids={50009, 3003, 1023, 1028, 1015}
D/ActivityManager( 1655):  (1) delay start com.oppo.gallery3d startResult.usingWrapper false
D/ActivityThread(25189): ACT-PAUSE_ACTIVITY handled : 1 / android.os.BinderProxy@427034e8
D/ActivityThread( 4327): BDC-Calling onReceive: intent=Intent { act=android.intent.action.OPPO_ROM_APP_CHANGE flg=0x10 cmp=com.color.safecenter/com.color.datamonitor.networkcontrol.PackageReceiver (has extras) }, ordered=true, receiver=com.color.datamonitor.networkcontrol.PackageReceiver@42c5ef68
D/ConnectivityService( 1655): getActiveNetworkInfo:NetworkInfo: type: WIFI[], state: CONNECTED/CONNECTED, reason: (unspecified), extra: "60_dev_01", roaming: false, failover: false, isAvailable: true, isConnectedToProvisioningNetwork: false, simId: 0/1000
D/OppoUsageService( 1655): writeHistoryRecord[AppUsage], saveRes = 1
D/ActivityThread( 4327): BDC-RECEIVER handled : 0 / ReceiverData{intent=Intent { act=android.intent.action.OPPO_ROM_APP_CHANGE flg=0x10 cmp=com.color.safecenter/com.color.datamonitor.networkcontrol.PackageReceiver (has extras) } packageName=com.color.safecenter resultCode=-1 resultData=null resultExtras=null}
V/ActivityManager( 1655): ensureActivitiesVisibleLocked: consider front
V/ActivityManager( 1655): ensureActivitiesVisibleLocked: consider back
V/ActivityManager( 1655): ensureActivitiesVisibleLocked: consider front
V/ActivityManager( 1655): ensureActivitiesVisibleLocked: consider back
I/WindowManager( 1655): setHoldScreenLocked: hold=false
I/PowerManagerDisplayController( 1655): useProximityForceSuspend = false
D/PowerManagerDisplayController( 1655): dismissElectronBeam
D/ElectronBeam( 1655): dismiss
V/ActivityManager( 1655): ACT-Activity idle: null
V/NetworkStats( 1655): setKernelCounterSet uid=10009 set=1
D/ConnectivityService( 1655): onUidRulesChanged(uid=10009, uidRules=0)
D/ActivityManager( 1655): getContentProviderImpl: from caller=android.app.ApplicationThreadProxy@42c16030 (pid=25353, userId=0) to get content provider settings cpr=ContentProviderRecord{42731e10 u0 com.android.providers.settings/.SettingsProvider}
D/ActivityManager( 1655): getContentProviderImpl: updateLruProcessLocked cpr.proc=ProcessRecord{4276e330 1655:system/1000}
D/ActivityThread(25353): hoder:android.app.IActivityManager$ContentProviderHolder@4270c270,provider,holder.Provider:android.content.ContentProviderProxy@4270c9f0
D/ActivityThread(25353): installProvider: context.getPackageName()=com.oppo.gallery3d
D/ActivityThread(25353): installProvider: context.getPackageName()=com.oppo.gallery3d
D/ActivityManager( 1655): publishContentProviders: from caller=android.app.ApplicationThreadProxy@432f0928 (pid=25353)
V/ActivityManager( 1655): Broadcast: Intent { act=android.intent.action.CAMERA_MODE_CHANGE flg=0x10 (has extras) } ordered=false userid=-2 callerApp=ProcessRecord{4276e330 1655:system/1000}
D/ActivityThread(25353): BIND_APPLICATION handled : 0 / AppBindData{appInfo=ApplicationInfo{42704268 com.oppo.gallery3d}}
D/ActivityManager( 1655): getContentProviderImpl: from caller=android.app.ApplicationThreadProxy@427be8f0 (pid=25353, userId=0) to get content provider com.nearme.romupdate.provider.db cpr=ContentProviderRecord{42d3eb28 u0 com.nearme.romupdate/.provider.db.RomUpdateContentProvider}
D/ActivityManager( 1655): getContentProviderImpl: updateLruProcessLocked cpr.proc=ProcessRecord{428d8478 3878:com.nearme.romupdate/u0a80}
D/ActivityThread(25353): hoder:android.app.IActivityManager$ContentProviderHolder@4274b438,provider,holder.Provider:android.content.ContentProviderProxy@4274c168
V/ActivityThread(25353): ActivityRecord{4270a918 token=android.os.BinderProxy@4270a030 {com.oppo.gallery3d/com.oppo.gallery3d.app.Gallery2}}: app=com.oppo.gallery3d.app.GalleryAppImpl@427115c8, appName=com.oppo.gallery3d, pkg=com.oppo.gallery3d, comp={com.oppo.gallery3d/com.oppo.gallery3d.app.Gallery2}, dir=/system/priv-app/OppoGallery2.apk
D/ConnectivityService( 1655): getActiveNetworkInfo:NetworkInfo: type: WIFI[], state: CONNECTED/CONNECTED, reason: (unspecified), extra: "60_dev_01", roaming: false, failover: false, isAvailable: true, isConnectedToProvisioningNetwork: false, simId: 0/10009
D/ActivityManager( 1655): getContentProviderImpl: from caller=android.app.ApplicationThreadProxy@42c4dbf0 (pid=27486, userId=0) to get content provider com.tencent.android.qqdownloader.localapk.provider cpr=ContentProviderRecord{4384f7f0 u0 com.tencent.android.qqdownloader/com.tencent.assistant.localres.localapk.LocalApkProvider}
D/ActivityThread(27486): hoder:android.app.IActivityManager$ContentProviderHolder@445b3198,provider,holder.Provider:android.content.ContentProviderProxy@43778de0
D/ActivityManager( 1655): getContentProviderImpl: from caller=android.app.ApplicationThreadProxy@428cadc0 (pid=27486, userId=0) to get content provider com.tencent.android.qqdownloader.localapk.provider cpr=ContentProviderRecord{4384f7f0 u0 com.tencent.android.qqdownloader/com.tencent.assistant.localres.localapk.LocalApkProvider}
D/ActivityThread(27486): hoder:android.app.IActivityManager$ContentProviderHolder@437e8698,provider,holder.Provider:android.content.ContentProviderProxy@443338a0
D/ActivityManager( 1655): getContentProviderImpl: from caller=android.app.ApplicationThreadProxy@435499a0 (pid=25353, userId=0) to get content provider media cpr=ContentProviderRecord{43186b10 u0 com.android.providers.media/.MediaProvider}
D/ActivityManager( 1655): getContentProviderImpl: updateLruProcessLocked cpr.proc=ProcessRecord{434b69f8 6465:android.process.media/u0a5}
D/ActivityThread(25353): hoder:android.app.IActivityManager$ContentProviderHolder@427b69d8,provider,holder.Provider:android.content.ContentProviderProxy@427b7638
D/ActivityThread( 4415): SVC-SERVICE_ARGS handled : 0 / ServiceArgsData{token=android.os.BinderProxy@4270c290 startId=382 args=Intent { cmp=com.nearme.statistics.rom/.service.ReceiverService (has extras) }}
V/ActivityThread(25353): Performing resume of ActivityRecord{4270a918 token=android.os.BinderProxy@4270a030 {com.oppo.gallery3d/com.oppo.gallery3d.app.Gallery2}} finished=false
D/ActivityThread(25353): ACT-AM_ON_RESUME_CALLED ActivityRecord{4270a918 token=android.os.BinderProxy@4270a030 {com.oppo.gallery3d/com.oppo.gallery3d.app.Gallery2}}
V/ActivityThread(25353): Resume ActivityRecord{4270a918 token=android.os.BinderProxy@4270a030 {com.oppo.gallery3d/com.oppo.gallery3d.app.Gallery2}} started activity: false, hideForNow: false, finished: false
