D/WifiHW  ( 1655): NOISE=9999
D/WifiHW  ( 1655): FREQUENCY=2412
D/WifiHW  ( 1655): 
D/wifi    ( 1655): doStringCommand, buf IFNAME=wlan0 SIGNAL_POLL
I/WifiStateMachine( 1655): fetchRssiAndLinkSpeedNative, newRssi:-43, newLinkSpeed:65, SSID:"60_dev_01"
D/WifiStateMachine( 1655): mRssiArray[0] = -44
D/WifiStateMachine( 1655): mRssiArray[1] = -44
D/WifiStateMachine( 1655): mRssiArray[2] = -43
D/WifiStateMachine( 1655): mRssiArray[3] = -43
D/WifiStateMachine( 1655): mRssiArray[4] = -43
D/WifiStateMachine( 1655): GetFilterRssi is : -43
D/WifiStateMachine( 1655): mLastSignalLevel:4, newSignalLevel:4
D/WifiStateMachine( 1655): fetchRssiAndLinkSpeedNative, ipAddr:1795166380
D/dalvikvm( 4533): create interp thread : stack size=128KB
D/dalvikvm( 4533): create new thread
D/dalvikvm( 4533): new thread created
D/dalvikvm( 4533): update thread list
D/dalvikvm( 4533): threadid=17: interp stack at 0x79172000
D/dalvikvm( 4533): threadid=17: created from interp
D/dalvikvm( 4533): start new thread
D/dalvikvm( 4533): threadid=17: notify debugger
D/dalvikvm( 4533): threadid=17 (Thread-4823): calling run()
I/KSO_STAT( 4533): App is in background, stop update end time, ready to start a new session.
D/SQLiteDatabase( 4533): beginTransaction()
D/SQLiteDatabase( 4533): endTransaction()
D/dalvikvm( 4533): threadid=17: exiting
D/dalvikvm( 4533): threadid=17: bye!
V/Provider/Settings( 1655): get setting for user 0 by user 0 so skipping cache
V/Provider/Settings( 1655):  from settings cache , name = sys_free_storage_log_interval , value = null
V/Provider/Settings( 1655): get setting for user 0 by user 0 so skipping cache
V/Provider/Settings( 1655):  from settings cache , name = disk_free_change_reporting_threshold , value = null
D/AES     ( 1655): AEEIOCTL_RT_MON_Kick IOCTL,lParam=0. 
D/WifiStateMachine( 1655): ConnectedState{ when=-2ms what=131155 arg1=14 target=com.android.internal.util.StateMachine$SmHandler target=Handler (com.android.internal.util.StateMachine$SmHandler) {43142030} }
D/WifiStateMachine( 1655): L2ConnectedState{ when=-3ms what=131155 arg1=14 target=com.android.internal.util.StateMachine$SmHandler target=Handler (com.android.internal.util.StateMachine$SmHandler) {43142030} }
D/WifiHW  ( 1655): enter -->wifi_send_command cmd=IFNAME=wlan0 SIGNAL_POLL
D/wpa_supplicant( 3981): RX ctrl_iface - hexdump(len=11): 53 49 47 4e 41 4c 5f 50 4f 4c 4c
D/wpa_supplicant( 3981): wlan0: Control interface command 'SIGNAL_POLL'
D/wpa_supplicant( 3981): nl80211: survey data missing!
D/wpa_supplicant( 3981): signal poll, reply_len=48
D/wpa_ctrl( 1655): reply_len=4095
D/WifiHW  ( 1655): leave --> reply=RSSI=-42
D/WifiHW  ( 1655): LINKSPEED=65
D/WifiHW  ( 1655): NOISE=9999
D/WifiHW  ( 1655): FREQUENCY=2412
D/WifiHW  ( 1655): 
D/wifi    ( 1655): doStringCommand, buf IFNAME=wlan0 SIGNAL_POLL
I/WifiStateMachine( 1655): fetchRssiAndLinkSpeedNative, newRssi:-42, newLinkSpeed:65, SSID:"60_dev_01"
D/WifiStateMachine( 1655): mRssiArray[0] = -44
D/WifiStateMachine( 1655): mRssiArray[1] = -44
D/WifiStateMachine( 1655): mRssiArray[2] = -43
D/WifiStateMachine( 1655): mRssiArray[3] = -43
D/WifiStateMachine( 1655): mRssiArray[4] = -43
D/WifiStateMachine( 1655): GetFilterRssi is : -42
D/WifiStateMachine( 1655): mLastSignalLevel:4, newSignalLevel:4
D/WifiStateMachine( 1655): fetchRssiAndLinkSpeedNative, ipAddr:1795166380
D/com.nearme.statistics.rom( 4415): addDataToDB-size:10
D/SQLiteDatabase( 4415): beginTransaction()
D/SQLiteDatabase( 4415): endTransaction()
D/com.nearme.statistics.rom( 4415): DBRunnable add data
D/BatteryService( 1655): mBatteryVoltage=4103, batteryLevel=50
V/ActivityManager( 1655): Broadcast sticky: Intent { act=android.intent.action.ADDITIONAL_BATTERY_CHANGED flg=0x60000010 (has extras) } ordered=false userid=-1 callerApp=null
V/ActivityManager( 1655): Broadcast sticky: Intent { act=android.intent.action.BATTERY_CHANGED flg=0x60000010 (has extras) } ordered=false userid=-1 callerApp=null
D/WifiService( 1655): onReceive, action:android.intent.action.BATTERY_CHANGED
D/WifiController( 1655): DeviceActiveState{ when=0 what=155652 arg1=2 target=com.android.internal.util.StateMachine$SmHandler target=Handler (com.android.internal.util.StateMachine$SmHandler) {431e59b8} }
D/WifiController( 1655): StaEnabledState{ when=0 what=155652 arg1=2 target=com.android.internal.util.StateMachine$SmHandler target=Handler (com.android.internal.util.StateMachine$SmHandler) {431e59b8} }
D/WifiController( 1655): DefaultState{ when=-1ms what=155652 arg1=2 target=com.android.internal.util.StateMachine$SmHandler target=Handler (com.android.internal.util.StateMachine$SmHandler) {431e59b8} }
D/WifiController( 1655): battery changed pluggedType: 2
D/UsbDeviceManager( 1655): onReceive - BATTERY_CHANGED - mPlugType: 2, mSettingUsbCharging: false, mConnected: true, mSettingUsbBicr: false
D/PowerSaveService( 4327): PowerSaveReceiver EXTRA_STATUS: status = 2, lastCharging = true
V/ActivityManager( 1655): Broadcast sticky: Intent { act=android.intent.action.ADDITIONAL_BATTERY_CHANGED flg=0x60000010 (has extras) } ordered=false userid=-1 callerApp=null
V/ActivityManager( 1655): Broadcast sticky: Intent { act=android.intent.action.ADDITIONAL_BATTERY_CHANGED flg=0x60000010 (has extras) } ordered=false userid=-1 callerApp=null
D/dalvikvm( 4533): create interp thread : stack size=128KB
D/dalvikvm( 4533): create new thread
D/dalvikvm( 4533): new thread created
D/dalvikvm( 4533): update thread list
D/dalvikvm( 4533): threadid=17: interp stack at 0x79172000
D/dalvikvm( 4533): threadid=17: created from interp
D/dalvikvm( 4533): start new thread
D/dalvikvm( 4533): threadid=17: notify debugger
D/dalvikvm( 4533): threadid=17 (Thread-4824): calling run()
I/KSO_STAT( 4533): App is in background, stop update end time, ready to start a new session.
D/SQLiteDatabase( 4533): beginTransaction()
D/SQLiteDatabase( 4533): endTransaction()
D/dalvikvm( 4533): threadid=17: exiting
D/dalvikvm( 4533): threadid=17: bye!
D/WifiStateMachine( 1655): ConnectedState{ when=-3ms what=131155 arg1=14 target=com.android.internal.util.StateMachine$SmHandler target=Handler (com.android.internal.util.StateMachine$SmHandler) {43142030} }
D/WifiStateMachine( 1655): L2ConnectedState{ when=-3ms what=131155 arg1=14 target=com.android.internal.util.StateMachine$SmHandler target=Handler (com.android.internal.util.StateMachine$SmHandler) {43142030} }
D/WifiHW  ( 1655): enter -->wifi_send_command cmd=IFNAME=wlan0 SIGNAL_POLL
D/wpa_supplicant( 3981): RX ctrl_iface - hexdump(len=11): 53 49 47 4e 41 4c 5f 50 4f 4c 4c
D/wpa_supplicant( 3981): wlan0: Control interface command 'SIGNAL_POLL'
D/wpa_supplicant( 3981): nl80211: survey data missing!
D/wpa_supplicant( 3981): signal poll, reply_len=48
D/wpa_ctrl( 1655): reply_len=4095
D/WifiHW  ( 1655): leave --> reply=RSSI=-42
D/WifiHW  ( 1655): LINKSPEED=65
D/WifiHW  ( 1655): NOISE=9999
D/WifiHW  ( 1655): FREQUENCY=2412
D/WifiHW  ( 1655): 
D/wifi    ( 1655): doStringCommand, buf IFNAME=wlan0 SIGNAL_POLL
I/WifiStateMachine( 1655): fetchRssiAndLinkSpeedNative, newRssi:-42, newLinkSpeed:65, SSID:"60_dev_01"
D/WifiStateMachine( 1655): mRssiArray[0] = -44
D/WifiStateMachine( 1655): mRssiArray[1] = -44
D/WifiStateMachine( 1655): mRssiArray[2] = -43
D/WifiStateMachine( 1655): mRssiArray[3] = -43
D/WifiStateMachine( 1655): mRssiArray[4] = -42
D/WifiStateMachine( 1655): GetFilterRssi is : -42
D/WifiStateMachine( 1655): mLastSignalLevel:4, newSignalLevel:4
D/WifiStateMachine( 1655): fetchRssiAndLinkSpeedNative, ipAddr:1795166380
D/PhoneInterfaceManagerEx( 4184): [PhoneIntfMgrEx] hasIccCard  simId=0
D/PhoneInterfaceManagerEx( 4184): [PhoneIntfMgrEx] hasIccCard  simId=1
I/System.out(21382): [CDS]EAGAIN in Recvfrom
D/dalvikvm(21382): between the previous GC alloc  6359K
D/dalvikvm(21382): GC_CONCURRENT freed 6359K (6221), 79% free 5601K/26364K, paused 3ms+3ms, total 39ms
D/dalvikvm(25189): threadid=12: exiting
D/dalvikvm(25189): threadid=12: bye!
D/WifiStateMachine( 1655): ConnectedState{ when=-1ms what=131155 arg1=14 target=com.android.internal.util.StateMachine$SmHandler target=Handler (com.android.internal.util.StateMachine$SmHandler) {43142030} }
D/WifiStateMachine( 1655): L2ConnectedState{ when=-2ms what=131155 arg1=14 target=com.android.internal.util.StateMachine$SmHandler target=Handler (com.android.internal.util.StateMachine$SmHandler) {43142030} }
D/WifiHW  ( 1655): enter -->wifi_send_command cmd=IFNAME=wlan0 SIGNAL_POLL
D/wpa_supplicant( 3981): RX ctrl_iface - hexdump(len=11): 53 49 47 4e 41 4c 5f 50 4f 4c 4c
D/wpa_supplicant( 3981): wlan0: Control interface command 'SIGNAL_POLL'
D/wpa_supplicant( 3981): nl80211: survey data missing!
D/wpa_supplicant( 3981): signal poll, reply_len=48
D/wpa_ctrl( 1655): reply_len=4095
D/WifiHW  ( 1655): leave --> reply=RSSI=-43
D/WifiHW  ( 1655): LINKSPEED=65
D/WifiHW  ( 1655): NOISE=9999
D/WifiHW  ( 1655): FREQUENCY=2412
D/WifiHW  ( 1655): 
D/wifi    ( 1655): doStringCommand, buf IFNAME=wlan0 SIGNAL_POLL
I/WifiStateMachine( 1655): fetchRssiAndLinkSpeedNative, newRssi:-43, newLinkSpeed:65, SSID:"60_dev_01"
D/WifiStateMachine( 1655): mRssiArray[0] = -42
D/WifiStateMachine( 1655): mRssiArray[1] = -44
D/WifiStateMachine( 1655): mRssiArray[2] = -43
D/WifiStateMachine( 1655): mRssiArray[3] = -43
D/WifiStateMachine( 1655): mRssiArray[4] = -42
D/WifiStateMachine( 1655): GetFilterRssi is : -42
D/WifiStateMachine( 1655): mLastSignalLevel:4, newSignalLevel:4
D/WifiStateMachine( 1655): fetchRssiAndLinkSpeedNative, ipAddr:1795166380
D/BatteryService( 1655): mBatteryVoltage=4105, batteryLevel=50
V/ActivityManager( 1655): Broadcast sticky: Intent { act=android.intent.action.ADDITIONAL_BATTERY_CHANGED flg=0x60000010 (has extras) } ordered=false userid=-1 callerApp=null
V/ActivityManager( 1655): Broadcast sticky: Intent { act=android.intent.action.BATTERY_CHANGED flg=0x60000010 (has extras) } ordered=false userid=-1 callerApp=null
D/PowerSaveService( 4327): PowerSaveReceiver EXTRA_STATUS: status = 2, lastCharging = true
D/WifiService( 1655): onReceive, action:android.intent.action.BATTERY_CHANGED
D/UsbDeviceManager( 1655): onReceive - BATTERY_CHANGED - mPlugType: 2, mSettingUsbCharging: false, mConnected: true, mSettingUsbBicr: false
D/WifiController( 1655): DeviceActiveState{ when=0 what=155652 arg1=2 target=com.android.internal.util.StateMachine$SmHandler target=Handler (com.android.internal.util.StateMachine$SmHandler) {431e59b8} }
D/WifiController( 1655): StaEnabledState{ when=0 what=155652 arg1=2 target=com.android.internal.util.StateMachine$SmHandler target=Handler (com.android.internal.util.StateMachine$SmHandler) {431e59b8} }
D/WifiController( 1655): DefaultState{ when=0 what=155652 arg1=2 target=com.android.internal.util.StateMachine$SmHandler target=Handler (com.android.internal.util.StateMachine$SmHandler) {431e59b8} }
D/WifiController( 1655): battery changed pluggedType: 2
V/ActivityManager( 1655): Broadcast sticky: Intent { act=android.intent.action.ADDITIONAL_BATTERY_CHANGED flg=0x60000010 (has extras) } ordered=false userid=-1 callerApp=null
V/ActivityManager( 1655): Broadcast sticky: Intent { act=android.intent.action.ADDITIONAL_BATTERY_CHANGED flg=0x60000010 (has extras) } ordered=false userid=-1 callerApp=null
D/dalvikvm( 4533): create interp thread : stack size=128KB
D/dalvikvm( 4533): create new thread
D/dalvikvm( 4533): new thread created
D/dalvikvm( 4533): update thread list
D/dalvikvm( 4533): threadid=17: interp stack at 0x79172000
D/dalvikvm( 4533): threadid=17: created from interp
D/dalvikvm( 4533): start new thread
D/dalvikvm( 4533): threadid=17: notify debugger
D/dalvikvm( 4533): threadid=17 (Thread-4825): calling run()
I/KSO_STAT( 4533): App is in background, stop update end time, ready to start a new session.
D/SQLiteDatabase( 4533): beginTransaction()
D/SQLiteDatabase( 4533): endTransaction()
D/dalvikvm( 4533): threadid=17: exiting
D/dalvikvm( 4533): threadid=17: bye!
D/BluetoothAdapter(21382): isEnabled
D/ConnectivityService( 1655): getActiveNetworkInfo:NetworkInfo: type: WIFI[], state: CONNECTED/CONNECTED, reason: (unspecified), extra: "60_dev_01", roaming: false, failover: false, isAvailable: true, isConnectedToProvisioningNetwork: false, simId: 0/10188
V/ActivityManager( 1655): Broadcast sticky: Intent { act=android.intent.action.SIG_STR flg=0x10 (has extras) } ordered=false userid=-1 callerApp=ProcessRecord{4276e330 1655:system/1000}
D/cell strength( 4118): ===== cell singal strength changed : 17
D/WifiStateMachine( 1655): ConnectedState{ when=-3ms what=131155 arg1=14 target=com.android.internal.util.StateMachine$SmHandler target=Handler (com.android.internal.util.StateMachine$SmHandler) {43142030} }
D/WifiStateMachine( 1655): L2ConnectedState{ when=-4ms what=131155 arg1=14 target=com.android.internal.util.StateMachine$SmHandler target=Handler (com.android.internal.util.StateMachine$SmHandler) {43142030} }
D/WifiHW  ( 1655): enter -->wifi_send_command cmd=IFNAME=wlan0 SIGNAL_POLL
D/wpa_supplicant( 3981): RX ctrl_iface - hexdump(len=11): 53 49 47 4e 41 4c 5f 50 4f 4c 4c
D/wpa_supplicant( 3981): wlan0: Control interface command 'SIGNAL_POLL'
D/wpa_supplicant( 3981): nl80211: survey data missing!
D/wpa_supplicant( 3981): signal poll, reply_len=48
D/wpa_ctrl( 1655): reply_len=4095
D/WifiHW  ( 1655): leave --> reply=RSSI=-43
D/WifiHW  ( 1655): LINKSPEED=65
D/WifiHW  ( 1655): NOISE=9999
D/WifiHW  ( 1655): FREQUENCY=2412
D/WifiHW  ( 1655): 
D/wifi    ( 1655): doStringCommand, buf IFNAME=wlan0 SIGNAL_POLL
I/WifiStateMachine( 1655): fetchRssiAndLinkSpeedNative, newRssi:-43, newLinkSpeed:65, SSID:"60_dev_01"
D/WifiStateMachine( 1655): mRssiArray[0] = -42
D/WifiStateMachine( 1655): mRssiArray[1] = -43
D/WifiStateMachine( 1655): mRssiArray[2] = -43
D/WifiStateMachine( 1655): mRssiArray[3] = -43
D/WifiStateMachine( 1655): mRssiArray[4] = -42
D/WifiStateMachine( 1655): GetFilterRssi is : -42
D/WifiStateMachine( 1655): mLastSignalLevel:4, newSignalLevel:4
D/WifiStateMachine( 1655): fetchRssiAndLinkSpeedNative, ipAddr:1795166380
D/BatteryService( 1655): mBatteryVoltage=4103, batteryLevel=50
V/ActivityManager( 1655): Broadcast sticky: Intent { act=android.intent.action.ADDITIONAL_BATTERY_CHANGED flg=0x60000010 (has extras) } ordered=false userid=-1 callerApp=null
V/ActivityManager( 1655): Broadcast sticky: Intent { act=android.intent.action.BATTERY_CHANGED flg=0x60000010 (has extras) } ordered=false userid=-1 callerApp=null
D/WifiService( 1655): onReceive, action:android.intent.action.BATTERY_CHANGED
D/WifiController( 1655): DeviceActiveState{ when=-1ms what=155652 arg1=2 target=com.android.internal.util.StateMachine$SmHandler target=Handler (com.android.internal.util.StateMachine$SmHandler) {431e59b8} }
D/WifiController( 1655): StaEnabledState{ when=-1ms what=155652 arg1=2 target=com.android.internal.util.StateMachine$SmHandler target=Handler (com.android.internal.util.StateMachine$SmHandler) {431e59b8} }
D/WifiController( 1655): DefaultState{ when=-1ms what=155652 arg1=2 target=com.android.internal.util.StateMachine$SmHandler target=Handler (com.android.internal.util.StateMachine$SmHandler) {431e59b8} }
D/WifiController( 1655): battery changed pluggedType: 2
D/UsbDeviceManager( 1655): onReceive - BATTERY_CHANGED - mPlugType: 2, mSettingUsbCharging: false, mConnected: true, mSettingUsbBicr: false
D/PowerSaveService( 4327): PowerSaveReceiver EXTRA_STATUS: status = 2, lastCharging = true
V/ActivityManager( 1655): Broadcast sticky: Intent { act=android.intent.action.ADDITIONAL_BATTERY_CHANGED flg=0x60000010 (has extras) } ordered=false userid=-1 callerApp=null
V/ActivityManager( 1655): Broadcast sticky: Intent { act=android.intent.action.ADDITIONAL_BATTERY_CHANGED flg=0x60000010 (has extras) } ordered=false userid=-1 callerApp=null
D/WifiStateMachine( 1655): ConnectedState{ when=-1ms what=131155 arg1=14 target=com.android.internal.util.StateMachine$SmHandler target=Handler (com.android.internal.util.StateMachine$SmHandler) {43142030} }
D/WifiStateMachine( 1655): L2ConnectedState{ when=-1ms what=131155 arg1=14 target=com.android.internal.util.StateMachine$SmHandler target=Handler (com.android.internal.util.StateMachine$SmHandler) {43142030} }
D/WifiHW  ( 1655): enter -->wifi_send_command cmd=IFNAME=wlan0 SIGNAL_POLL
D/wpa_supplicant( 3981): RX ctrl_iface - hexdump(len=11): 53 49 47 4e 41 4c 5f 50 4f 4c 4c
D/wpa_supplicant( 3981): wlan0: Control interface command 'SIGNAL_POLL'
D/wpa_supplicant( 3981): nl80211: survey data missing!
D/wpa_supplicant( 3981): signal poll, reply_len=48
D/wpa_ctrl( 1655): reply_len=4095
D/WifiHW  ( 1655): leave --> reply=RSSI=-42
D/WifiHW  ( 1655): LINKSPEED=65
D/WifiHW  ( 1655): NOISE=9999
D/WifiHW  ( 1655): FREQUENCY=2412
D/WifiHW  ( 1655): 
D/wifi    ( 1655): doStringCommand, buf IFNAME=wlan0 SIGNAL_POLL
I/WifiStateMachine( 1655): fetchRssiAndLinkSpeedNative, newRssi:-42, newLinkSpeed:65, SSID:"60_dev_01"
D/WifiStateMachine( 1655): mRssiArray[0] = -42
D/WifiStateMachine( 1655): mRssiArray[1] = -43
D/WifiStateMachine( 1655): mRssiArray[2] = -43
D/WifiStateMachine( 1655): mRssiArray[3] = -43
D/WifiStateMachine( 1655): mRssiArray[4] = -42
D/WifiStateMachine( 1655): GetFilterRssi is : -42
D/WifiStateMachine( 1655): mLastSignalLevel:4, newSignalLevel:4
D/WifiStateMachine( 1655): fetchRssiAndLinkSpeedNative, ipAddr:1795166380
D/dalvikvm( 4533): create interp thread : stack size=128KB
D/dalvikvm( 4533): create new thread
D/dalvikvm( 4533): new thread created
D/dalvikvm( 4533): update thread list
D/dalvikvm( 4533): threadid=17: interp stack at 0x79172000
D/dalvikvm( 4533): threadid=17: created from interp
D/dalvikvm( 4533): start new thread
D/dalvikvm( 4533): threadid=17: notify debugger
D/dalvikvm( 4533): threadid=17 (Thread-4826): calling run()
I/KSO_STAT( 4533): App is in background, stop update end time, ready to start a new session.
D/SQLiteDatabase( 4533): beginTransaction()
D/SQLiteDatabase( 4533): endTransaction()
D/dalvikvm( 4533): threadid=17: exiting
D/dalvikvm( 4533): threadid=17: bye!
V/AlarmManager( 1655): remove(operation) changed bounds; rebatching
V/AlarmManager( 1655): isAlarmNeedAlign : charging
V/AlarmManager( 1655): isAlarmNeedAlign : charging
V/AlarmManager( 1655): Adding Alarm{446a0e40 type 2 com.tencent.android.qqdownloader} to Batch{446a0db8 num=2 start=23343045 end=23568045}
V/AlarmManager( 1655):     => now Batch{446a0db8 num=2 start=23400984 end=23400984}
V/AlarmManager( 1655): isAlarmNeedAlign : charging
V/AlarmManager( 1655): isAlarmNeedAlign : charging
V/AlarmManager( 1655): Adding Alarm{4599aaf8 type 3 com.kingroot.kinguser} to Batch{4599aa70 num=2 start=23419737 end=24769737}
V/AlarmManager( 1655):     => now Batch{4599aa70 num=2 start=23420832 end=24769737}
V/AlarmManager( 1655): isAlarmNeedAlign : charging
V/AlarmManager( 1655): Adding Alarm{430685c8 type 0 com.kingroot.kinguser} to Batch{4599aa70 num=3 start=23420832 end=24769737}
V/AlarmManager( 1655):     => now Batch{4599aa70 num=3 start=23420832 end=24095581}
V/AlarmManager( 1655): isAlarmNeedAlign : charging
V/AlarmManager( 1655): Adding Alarm{435ab4b0 type 0 com.kingroot.kinguser} to Batch{4599aa70 num=4 start=23420832 end=24095581}
V/AlarmManager( 1655):     => now Batch{4599aa70 num=4 start=23434041 end=23434041}
V/AlarmManager( 1655): isAlarmNeedAlign : charging
V/AlarmManager( 1655): isAlarmNeedAlign : charging
V/AlarmManager( 1655): isAlarmNeedAlign : charging
V/AlarmManager( 1655): Adding Alarm{43a344c0 type 1 com.tencent.android.qqdownloader} to Batch{435faa18 num=2 start=24512638 end=24512638}
V/AlarmManager( 1655):     => now Batch{435faa18 num=2 start=24512638 end=24512638}
V/AlarmManager( 1655): isAlarmNeedAlign : charging
V/AlarmManager( 1655): Adding Alarm{449d62d0 type 2 android} to Batch{449d6248 num=2 start=24628066 end=25978066}
V/AlarmManager( 1655):     => now Batch{449d6248 num=2 start=24636479 end=24636479}
V/AlarmManager( 1655): isAlarmNeedAlign : charging
V/AlarmManager( 1655): Adding Alarm{43299fc8 type 2 com.oppo.widget.smallweather} to Batch{43299f40 num=2 start=24755882 end=26105882}
V/AlarmManager( 1655):     => now Batch{43299f40 num=2 start=24800743 end=24800743}
V/AlarmManager( 1655): isAlarmNeedAlign : charging
V/AlarmManager( 1655): isAlarmNeedAlign : charging
V/AlarmManager( 1655): Adding Alarm{434bbc98 type 3 com.tencent.android.qqdownloader} to Batch{434bbc10 num=2 start=26591553 end=34691553}
V/AlarmManager( 1655):     => now Batch{434bbc10 num=2 start=26591566 end=34691553}
V/AlarmManager( 1655): isAlarmNeedAlign : charging
V/AlarmManager( 1655): Adding Alarm{43d1df38 type 0 com.oppo.market} to Batch{434bbc10 num=3 start=26591566 end=34691553}
V/AlarmManager( 1655):     => now Batch{434bbc10 num=3 start=26591566 end=27850330}
V/AlarmManager( 1655): isAlarmNeedAlign : charging
V/AlarmManager( 1655): Adding Alarm{43d1e440 type 0 com.oppo.market} to Batch{434bbc10 num=4 start=26591566 end=27850330}
V/AlarmManager( 1655):     => now Batch{434bbc10 num=4 start=26591566 end=27850330}
V/AlarmManager( 1655): isAlarmNeedAlign : charging
V/AlarmManager( 1655): Adding Alarm{448356e0 type 1 com.tencent.android.qqdownloader} to Batch{434bbc10 num=5 start=26591566 end=27850330}
V/AlarmManager( 1655):     => now Batch{434bbc10 num=5 start=26643668 end=27850330}
V/AlarmManager( 1655): isAlarmNeedAlign : charging
V/AlarmManager( 1655): Adding Alarm{43a33260 type 1 com.tencent.android.qqdownloader} to Batch{434bbc10 num=6 start=26643668 end=27850330}
V/AlarmManager( 1655):     => now Batch{434bbc10 num=6 start=27243134 end=27850330}
V/AlarmManager( 1655): isAlarmNeedAlign : charging
V/AlarmManager( 1655): Adding Alarm{43a33580 type 1 com.tencent.android.qqdownloader} to Batch{434bbc10 num=7 start=27243134 end=27850330}
V/AlarmManager( 1655):     => now Batch{434bbc10 num=7 start=27497479 end=27850330}
V/AlarmManager( 1655): isAlarmNeedAlign : charging
V/AlarmManager( 1655): isAlarmNeedAlign : charging
V/AlarmManager( 1655): Adding Alarm{43a12090 type 2 com.nearme.statistics.rom} to Batch{43a12008 num=2 start=28823026 end=50423026}
V/AlarmManager( 1655):     => now Batch{43a12008 num=2 start=28890352 end=34290352}
V/AlarmManager( 1655): Adding Alarm{4524c110 type 1 com.oppo.weather} to Batch{43a12008 num=3 start=28890352 end=34290352}
V/AlarmManager( 1655):     => now Batch{43a12008 num=3 start=30200941 end=30200941}
V/AlarmManager( 1655): isAlarmNeedAlign : charging
V/AlarmManager( 1655): isAlarmNeedAlign : charging
V/AlarmManager( 1655): Adding Alarm{453b5b10 type 0 com.tencent.android.qqdownloader} to Batch{453b5a88 num=2 start=32400000 end=40500000}
V/AlarmManager( 1655):     => now Batch{453b5a88 num=2 start=32437479 end=39190006}
V/AlarmManager( 1655): isAlarmNeedAlign : charging
V/AlarmManager( 1655): Adding Alarm{4585e9e8 type 0 com.tencent.android.qqdownloader} to Batch{453b5a88 num=3 start=32437479 end=39190006}
V/AlarmManager( 1655):     => now Batch{453b5a88 num=3 start=32437479 end=39190006}
V/AlarmManager( 1655): isAlarmNeedAlign : charging
V/AlarmManager( 1655): Adding Alarm{42ffc398 type 0 com.tencent.android.qqdownloader} to Batch{453b5a88 num=4 start=32437479 end=39190006}
V/AlarmManager( 1655):     => now Batch{453b5a88 num=4 start=32437479 end=39190006}
V/AlarmManager( 1655): Adding Alarm{430bd930 type 1 com.oppo.weather} to Batch{453b5a88 num=5 start=32437479 end=39190006}
V/AlarmManager( 1655):     => now Batch{453b5a88 num=5 start=33473868 end=33473868}
V/AlarmManager( 1655): isAlarmNeedAlign : charging
V/AlarmManager( 1655): isAlarmNeedAlign : charging
V/AlarmManager( 1655): Adding Alarm{431109a0 type 0 com.android.browser} to Batch{43110918 num=2 start=35508427 end=44564165}
V/AlarmManager( 1655):     => now Batch{43110918 num=2 start=37576669 end=44564165}
V/AlarmManager( 1655): isAlarmNeedAlign : charging
V/AlarmManager( 1655): Adding Alarm{434ce648 type 1 com.oppo.holidaymode} to Batch{43110918 num=3 start=37576669 end=44564165}
V/AlarmManager( 1655):     => now Batch{43110918 num=3 start=44231479 end=44564165}
V/AlarmManager( 1655): isAlarmNeedAlign : charging
V/AlarmManager( 1655): Adding Alarm{43a9e068 type 0 com.color.safecenter} to Batch{43110918 num=4 start=44231479 end=44564165}
V/AlarmManager( 1655):     => now Batch{43110918 num=4 start=44532322 end=44564165}
V/AlarmManager( 1655): isAlarmNeedAlign : charging
V/AlarmManager( 1655): isAlarmNeedAlign : charging
V/AlarmManager( 1655): Adding Alarm{43d99ba8 type 1 com.oppo.launcher} to Batch{43b6bb08 num=2 start=47831479 end=112631479}
V/AlarmManager( 1655):     => now Batch{43b6bb08 num=2 start=47831479 end=66129502}
V/AlarmManager( 1655): isAlarmNeedAlign : charging
V/AlarmManager( 1655): Adding Alarm{4423ff90 type 0 com.oupeng.max.sdk} to Batch{43b6bb08 num=3 start=47831479 end=66129502}
V/AlarmManager( 1655):     => now Batch{43b6bb08 num=3 start=47831479 end=66129502}
V/AlarmManager( 1655): Adding Alarm{4303e568 type 0 com.oppo.wallpaper} to Batch{43b6bb08 num=4 start=47831479 end=66129502}
V/AlarmManager( 1655):     => now Batch{43b6bb08 num=4 start=47831479 end=47831479}
V/AlarmManager( 1655): isAlarmNeedAlign : charging
V/AlarmManager( 1655): isAlarmNeedAlign : charging
V/AlarmManager( 1655): Adding Alarm{438613f0 type 0 com.coloros.oppomorningsystem} to Batch{43861368 num=2 start=60396235 end=88117825}
V/AlarmManager( 1655):     => now Batch{43861368 num=2 start=60396235 end=88117825}
V/AlarmManager( 1655): isAlarmNeedAlign : charging
V/AlarmManager( 1655): Adding Alarm{4388ba08 type 0 com.oupeng.max.sdk} to Batch{43861368 num=3 start=60396235 end=88117825}
V/AlarmManager( 1655):     => now Batch{43861368 num=3 start=62232050 end=88117825}
V/AlarmManager( 1655): Adding Alarm{43a7c2e0 type 0 com.android.providers.calendar} to Batch{43861368 num=4 start=62232050 end=88117825}
V/AlarmManager( 1655):     => now Batch{43861368 num=4 start=79750378 end=79750378}
V/AlarmManager( 1655): isAlarmNeedAlign : charging
V/AlarmManager( 1655): isAlarmNeedAlign : charging
V/AlarmManager( 1655): Adding Alarm{442896f8 type 2 com.nearme.statistics.rom} to Batch{44289670 num=2 start=86429631 end=151229631}
V/AlarmManager( 1655):     => now Batch{44289670 num=2 start=86490357 end=151229631}
V/AlarmManager( 1655): isAlarmNeedAlign : charging
V/AlarmManager( 1655): Adding Alarm{45582a98 type 0 com.android.email} to Batch{44289670 num=3 start=86490357 end=151229631}
V/AlarmManager( 1655):     => now Batch{44289670 num=3 start=86490357 end=148993049}
V/AlarmManager( 1655): isAlarmNeedAlign : charging
V/AlarmManager( 1655): Adding Alarm{4311bab8 type 0 com.android.email} to Batch{44289670 num=4 start=86490357 end=148993049}
V/AlarmManager( 1655):     => now Batch{44289670 num=4 start=86490357 end=148993049}
V/AlarmManager( 1655): isAlarmNeedAlign : charging
V/AlarmManager( 1655): Adding Alarm{4360e888 type 1 com.sohu.inputmethod.sogouoem} to Batch{44289670 num=5 start=86490357 end=148993049}
V/AlarmManager( 1655):     => now Batch{44289670 num=5 start=86490357 end=148993049}
V/AlarmManager( 1655): isAlarmNeedAlign : charging
V/AlarmManager( 1655): Adding Alarm{43a8ab68 type 1 com.sohu.inputmethod.sogouoem} to Batch{44289670 num=6 start=86490357 end=148993049}
V/AlarmManager( 1655):     => now Batch{44289670 num=6 start=90139365 end=148993049}
V/AlarmManager( 1655): isAlarmNeedAlign : charging
V/AlarmManager( 1655): Adding Alarm{446cd180 type 1 com.oppo.yellowpage} to Batch{44289670 num=7 start=90139365 end=148993049}
V/AlarmManager( 1655):     => now Batch{44289670 num=7 start=93082422 end=145318650}
V/AlarmManager( 1655): isAlarmNeedAlign : charging
V/AlarmManager( 1655): Adding Alarm{42f4a3b0 type 1 com.nearme.statistics.rom} to Batch{44289670 num=8 start=93082422 end=145318650}
V/AlarmManager( 1655):     => now Batch{44289670 num=8 start=96082420 end=145318650}
V/AlarmManager( 1655): Adding Alarm{42f8ccc0 type 1 com.nearme.feedback} to Batch{44289670 num=9 start=96082420 end=145318650}
V/AlarmManager( 1655):     => now Batch{44289670 num=9 start=96082482 end=96082482}
V/AlarmManager( 1655): isAlarmNeedAlign : charging
V/AlarmManager( 1655): isAlarmNeedAlign : charging
V/AlarmManager( 1655): Adding Alarm{4303ee70 type 0 com.oppo.filemanager} to Batch{4303ede8 num=2 start=180137064 end=297664273}
V/AlarmManager( 1655):     => now Batch{4303ede8 num=2 start=180137064 end=292929498}
V/AlarmManager( 1655): isAlarmNeedAlign : charging
V/AlarmManager( 1655): Adding Alarm{432ddd70 type 1 com.sohu.inputmethod.sogouoem} to Batch{4303ede8 num=3 start=180137064 end=292929498}
V/AlarmManager( 1655):     => now Batch{4303ede8 num=3 start=259261468 end=292929498}
V/AlarmManager( 1655): isAlarmNeedAlign : charging
V/AlarmManager( 1655): isAlarmNeedAlign : charging
V/AlarmManager( 1655): isAlarmNeedAlign : charging
V/AlarmManager( 1655): isAlarmNeedAlign : charging
V/AlarmManager( 1655): Adding Alarm{453b7880 type 0 com.oppo.market} to Batch{453b77f8 num=2 start=2592033106 end=4518482346}
V/AlarmManager( 1655):     => now Batch{453b77f8 num=2 start=2596910624 end=4518482346}
V/AlarmManager( 1655): isAlarmNeedAlign : charging
V/AlarmManager( 1655): isAlarmNeedAlign : charging
V/AlarmManager( 1655): Checking for alarms... rtc=1514279602641, elapsed=23434119
V/AlarmManager( 1655): isAlarmNeedAlign : charging
V/AlarmManager( 1655): Adding Alarm{453b7e38 type 3 com.tencent.android.qqdownloader} to Batch{435fa990 num=2 start=23619479 end=23758508}
V/AlarmManager( 1655):     => now Batch{435fa990 num=2 start=23643045 end=23758508}
V/AlarmManager( 1655): isAlarmNeedAlign : charging
V/AlarmManager( 1655): isAlarmNeedAlign : charging
V/AlarmManager( 1655): Adding Alarm{43a520f0 type 3 com.kingroot.kinguser} to Batch{43a52068 num=2 start=25219737 end=26569737}
V/AlarmManager( 1655):     => now Batch{43a52068 num=2 start=25220832 end=26569737}
V/AlarmManager( 1655): isAlarmNeedAlign : charging
V/AlarmManager( 1655): Adding Alarm{43a64ad8 type 0 com.kingroot.kinguser} to Batch{435faa18 num=3 start=24512638 end=24512638}
V/AlarmManager( 1655):     => now Batch{435faa18 num=3 start=24512638 end=24512638}
V/AlarmManager( 1655): sending alarm Alarm{446a0d70 type 3 com.tencent.android.qqdownloader}
V/ActivityManager( 1655): Broadcast: Intent { act=com.tencent.assistant.st.report.PluginLogProcessorReceiver.TIME flg=0x94 (has extras) } ordered=true userid=0 callerApp=null
V/AlarmManager( 1655): sending alarm Alarm{446a0e40 type 2 com.tencent.android.qqdownloader}
V/AlarmManager( 1655): wakeup alarm = Alarm{446a0e40 type 2 com.tencent.android.qqdownloader}
V/ActivityManager( 1655): Broadcast: Intent { act=wns.heartbeat flg=0x94 (has extras) } ordered=true userid=0 callerApp=null
V/OppoAppStartupManager( 1655): intent == null || callerApp == null
D/ActivityThread(27486): BDC-Calling onReceive: intent=Intent { act=com.tencent.assistant.st.report.PluginLogProcessorReceiver.TIME flg=0x94 cmp=com.tencent.android.qqdownloader/com.tencent.assistant.st.report.PluginLogProcessorReceiver (has extras) }, ordered=true, receiver=com.tencent.assistant.st.report.PluginLogProcessorReceiver@4558efc0
D/ActivityThread(27486): BDC-RECEIVER handled : 0 / ReceiverData{intent=Intent { act=com.tencent.assistant.st.report.PluginLogProcessorReceiver.TIME flg=0x94 cmp=com.tencent.android.qqdownloader/com.tencent.assistant.st.report.PluginLogProcessorReceiver (has extras) } packageName=com.tencent.android.qqdownloader resultCode=0 resultData=null resultExtras=null}
V/AlarmManager( 1655): sending alarm Alarm{4599aa28 type 3 android}
I/ProcessStatsService( 1655): Prepared write state in 13ms
V/OppoAppStartupManager( 1655): intent == null || callerApp == null
D/OppoAlarmManagerHelper( 1655): windowLength == AlarmManager.WINDOW_EXACT
D/OppoAlarmManagerHelper( 1655): uid in mUidWhiteList =  1000
D/OppoAlarmManagerHelper( 1655): uid in mUidWhiteList =  1001
D/OppoAlarmManagerHelper( 1655): This uid use inexact alarm !!!  uid == 0
D/OppoAlarmManagerHelper( 1655): Pkg in mPkgWhiteList =  com.android.cts.app
D/OppoAlarmManagerHelper( 1655): Pkg in mPkgWhiteList =  com.android.cts.stub
D/OppoAlarmManagerHelper( 1655): Pkg in mPkgWhiteList =  com.android.deskclock
D/OppoAlarmManagerHelper( 1655): Pkg in mPkgWhiteList =  com.android.mms
D/OppoAlarmManagerHelper( 1655): Pkg in mPkgWhiteList =  oppo.multimedia.soundrecorder
D/OppoAlarmManagerHelper( 1655): Pkg in mPkgWhiteList =  com.android.providers.calendar
D/OppoAlarmManagerHelper( 1655): Pkg in mPkgWhiteList =  com.oppo.music
D/OppoAlarmManagerHelper( 1655): Pkg in mPkgWhiteList =  com.codoon.gps
D/OppoAlarmManagerHelper( 1655): Pkg in mPkgWhiteList =  com.nearme.note
D/OppoAlarmManagerHelper( 1655): Pkg in mPkgWhiteList =  com.oppo.backuprestore
D/OppoAlarmManagerHelper( 1655): Pkg in mPkgWhiteList =  com.oppo.weather
D/OppoAlarmManagerHelper( 1655): Pkg in mPkgWhiteList =  com.android.providers.downloads
D/OppoAlarmManagerHelper( 1655): Pkg in mPkgWhiteList =  com.mobiletools.systemhelper
D/OppoAlarmManagerHelper( 1655): Pkg in mPkgWhiteList =  com.oppo.community
D/OppoAlarmManagerHelper( 1655): Pkg in mPkgWhiteList =  com.nearme.themespace
D/OppoAlarmManagerHelper( 1655): key in mKeyList == clock
D/OppoAlarmManagerHelper( 1655): key in mKeyList == alarm
D/OppoAlarmManagerHelper( 1655): key in mKeyList == calendar
W/OppoAlarmManagerHelper( 1655): invalid UID 0
D/OppoAlarmManagerHelper( 1655): Using exact alarm!!!!!!!!
V/AlarmManager( 1655): isAlarmNeedAlign : charging
D/ActivityThread(27664): BDC-Calling onReceive: intent=Intent { act=wns.heartbeat flg=0x94 cmp=com.tencent.android.qqdownloader/com.tencent.base.os.clock.AlarmClockReceiver (has extras) }, ordered=true, receiver=com.tencent.base.os.clock.AlarmClockReceiver@42d42ec0
D/AppOps  ( 1655): startOperation: allowing code 40 uid 10155 package com.tencent.android.qqdownloader
V/ActivityManager( 1655): Broadcast: Intent { act=com.android.server.action.NETWORK_STATS_POLL flg=0x94 (has extras) } ordered=true userid=0 callerApp=null
V/AlarmManager( 1655): sending alarm Alarm{4599aaf8 type 3 com.kingroot.kinguser}
V/ActivityManager( 1655): Broadcast: Intent { act=action.scheduler.access.trigger.timer flg=0x94 (has extras) } ordered=true userid=0 callerApp=null
V/AlarmManager( 1655): sending alarm Alarm{430685c8 type 0 com.kingroot.kinguser}
V/AlarmManager( 1655): wakeup alarm = Alarm{430685c8 type 0 com.kingroot.kinguser}
V/ActivityManager( 1655): Broadcast: Intent { flg=0x94 cmp=com.kingroot.kinguser/com.kingroot.common.report.performance.mgr.AlarmBroadcast (has extras) } ordered=true userid=0 callerApp=null
V/Provider/Settings(27664): get setting for user 0 by user 0 so skipping cache
V/Provider/Settings(27664):  from settings cache , name = android_id , value = c86e88139b4eaec8
V/Provider/Settings(27664): get setting for user 0 by user 0 so skipping cache
V/Provider/Settings(27664):  from settings cache , name = android_id , value = c86e88139b4eaec8
V/Provider/Settings(27664): get setting for user 0 by user 0 so skipping cache
V/Provider/Settings(27664):  from settings cache , name = android_id , value = c86e88139b4eaec8
V/Provider/Settings(27664): get setting for user 0 by user 0 so skipping cache
V/Provider/Settings(27664):  from settings cache , name = android_id , value = c86e88139b4eaec8
V/AlarmManager( 1655): sending alarm Alarm{435ab4b0 type 0 com.kingroot.kinguser}
V/AlarmManager( 1655): wakeup alarm = Alarm{435ab4b0 type 0 com.kingroot.kinguser}
V/ActivityManager( 1655): Broadcast: Intent { act=action_keep_alive_cycle flg=0x94 pkg=com.kingroot.kinguser (has extras) } ordered=true userid=0 callerApp=null
V/AlarmManager( 1655): sending alarm Alarm{435ab9b0 type 0 com.kingroot.master}
V/AlarmManager( 1655): wakeup alarm = Alarm{435ab9b0 type 0 com.kingroot.master}
V/ActivityManager( 1655): Broadcast: Intent { act=action_keep_alive_cycle flg=0x94 pkg=com.kingroot.master (has extras) } ordered=true userid=0 callerApp=null
D/ActivityManager( 1655): getContentProviderImpl: from caller=android.app.ApplicationThreadProxy@439a4660 (pid=27486, userId=0) to get content provider com.tencent.android.qqdownloader.plugin.provider cpr=ContentProviderRecord{4384f9b8 u0 com.tencent.android.qqdownloader/com.tencent.assistant.db.contentprovider.PluginProvider}
D/ActivityManager( 1655): getContentProviderImpl: updateLruProcessLocked cpr.proc=ProcessRecord{42d7c490 27455:com.tencent.android.qqdownloader:daemon/u0a155}
D/ActivityThread(27486): hoder:android.app.IActivityManager$ContentProviderHolder@456367b8,provider,holder.Provider:android.content.ContentProviderProxy@4564ac28
V/AlarmManager( 1655): set(PendingIntent{4524a908: PendingIntentRecord{42f1ad38 android broadcastIntent}}) : type=0 triggerAtTime=1514280202661 win=0 tElapsed=24034139 maxElapsed=24034139 interval=0 standalone=false
V/AlarmManager( 1655): Checking for alarms... rtc=1514279602673, elapsed=23434151
D/OppoAlarmManagerHelper( 1655): windowLength == AlarmManager.WINDOW_EXACT
D/OppoAlarmManagerHelper( 1655): uid in mUidWhiteList =  1000
D/OppoAlarmManagerHelper( 1655): uid in mUidWhiteList =  1001
D/OppoAlarmManagerHelper( 1655): This uid use inexact alarm !!!  uid == 0
D/OppoAlarmManagerHelper( 1655): Pkg in mPkgWhiteList =  com.android.cts.app
D/OppoAlarmManagerHelper( 1655): Pkg in mPkgWhiteList =  com.android.cts.stub
D/OppoAlarmManagerHelper( 1655): Pkg in mPkgWhiteList =  com.android.deskclock
D/OppoAlarmManagerHelper( 1655): Pkg in mPkgWhiteList =  com.android.mms
D/OppoAlarmManagerHelper( 1655): Pkg in mPkgWhiteList =  oppo.multimedia.soundrecorder
D/OppoAlarmManagerHelper( 1655): Pkg in mPkgWhiteList =  com.android.providers.calendar
D/OppoAlarmManagerHelper( 1655): Pkg in mPkgWhiteList =  com.oppo.music
D/OppoAlarmManagerHelper( 1655): Pkg in mPkgWhiteList =  com.codoon.gps
D/OppoAlarmManagerHelper( 1655): Pkg in mPkgWhiteList =  com.nearme.note
D/OppoAlarmManagerHelper( 1655): Pkg in mPkgWhiteList =  com.oppo.backuprestore
D/OppoAlarmManagerHelper( 1655): Pkg in mPkgWhiteList =  com.oppo.weather
D/OppoAlarmManagerHelper( 1655): Pkg in mPkgWhiteList =  com.android.providers.downloads
D/OppoAlarmManagerHelper( 1655): Pkg in mPkgWhiteList =  com.mobiletools.systemhelper
D/OppoAlarmManagerHelper( 1655): Pkg in mPkgWhiteList =  com.oppo.community
D/OppoAlarmManagerHelper( 1655): Pkg in mPkgWhiteList =  com.nearme.themespace
D/OppoAlarmManagerHelper( 1655): key in mKeyList == clock
D/OppoAlarmManagerHelper( 1655): key in mKeyList == alarm
D/OppoAlarmManagerHelper( 1655): key in mKeyList == calendar
W/OppoAlarmManagerHelper( 1655): invalid UID 0
D/OppoAlarmManagerHelper( 1655): Using exact alarm!!!!!!!!
V/AlarmManager( 1655): isAlarmNeedAlign : charging
V/AlarmManager( 1655): set(PendingIntent{438eba30: PendingIntentRecord{42eb9338 android broadcastIntent}}) : type=0 triggerAtTime=1514281402673 win=0 tElapsed=25234151 maxElapsed=25234151 interval=0 standalone=false
V/AlarmManager( 1655): Adding Alarm{44af1ca8 type 0 android} to Batch{43a52068 num=3 start=25220832 end=26569737}
V/AlarmManager( 1655):     => now Batch{43a52068 num=3 start=25234151 end=25234151}
D/ConnectivityService( 1655): getActiveNetworkInfo:NetworkInfo: type: WIFI[], state: CONNECTED/CONNECTED, reason: (unspecified), extra: "60_dev_01", roaming: false, failover: false, isAvailable: true, isConnectedToProvisioningNetwork: false, simId: 0/0
D/ConnectivityService( 1655): getActiveNetworkInfo:NetworkInfo: type: WIFI[], state: CONNECTED/CONNECTED, reason: (unspecified), extra: "60_dev_01", roaming: false, failover: false, isAvailable: true, isConnectedToProvisioningNetwork: false, simId: 0/0
D/OppoAlarmManagerHelper( 1655): windowLength == AlarmManager.WINDOW_EXACT
D/OppoAlarmManagerHelper( 1655): uid in mUidWhiteList =  1000
D/OppoAlarmManagerHelper( 1655): uid in mUidWhiteList =  1001
D/OppoAlarmManagerHelper( 1655): This uid use inexact alarm !!!  uid == 0
D/OppoAlarmManagerHelper( 1655): Pkg in mPkgWhiteList =  com.android.cts.app
D/OppoAlarmManagerHelper( 1655): Pkg in mPkgWhiteList =  com.android.cts.stub
D/OppoAlarmManagerHelper( 1655): Pkg in mPkgWhiteList =  com.android.deskclock
D/OppoAlarmManagerHelper( 1655): Pkg in mPkgWhiteList =  com.android.mms
D/OppoAlarmManagerHelper( 1655): Pkg in mPkgWhiteList =  oppo.multimedia.soundrecorder
D/OppoAlarmManagerHelper( 1655): Pkg in mPkgWhiteList =  com.android.providers.calendar
D/OppoAlarmManagerHelper( 1655): Pkg in mPkgWhiteList =  com.oppo.music
D/OppoAlarmManagerHelper( 1655): Pkg in mPkgWhiteList =  com.codoon.gps
D/OppoAlarmManagerHelper( 1655): Pkg in mPkgWhiteList =  com.nearme.note
D/OppoAlarmManagerHelper( 1655): Pkg in mPkgWhiteList =  com.oppo.backuprestore
D/OppoAlarmManagerHelper( 1655): Pkg in mPkgWhiteList =  com.oppo.weather
D/OppoAlarmManagerHelper( 1655): Pkg in mPkgWhiteList =  com.android.providers.downloads
D/OppoAlarmManagerHelper( 1655): Pkg in mPkgWhiteList =  com.mobiletools.systemhelper
D/OppoAlarmManagerHelper( 1655): Pkg in mPkgWhiteList =  com.oppo.community
D/OppoAlarmManagerHelper( 1655): Pkg in mPkgWhiteList =  com.nearme.themespace
D/OppoAlarmManagerHelper( 1655): key in mKeyList == clock
D/OppoAlarmManagerHelper( 1655): key in mKeyList == alarm
D/OppoAlarmManagerHelper( 1655): key in mKeyList == calendar
W/OppoAlarmManagerHelper( 1655): invalid UID 0
D/OppoAlarmManagerHelper( 1655): Using exact alarm!!!!!!!!
V/AlarmManager( 1655): isAlarmNeedAlign : charging
V/AlarmManager( 1655): set(PendingIntent{4427bf80: PendingIntentRecord{42d4e9d0 android broadcastIntent}}) : type=0 triggerAtTime=1514279872678 win=0 tElapsed=23704157 maxElapsed=23704157 interval=0 standalone=false
V/AlarmManager( 1655): Adding Alarm{4423d858 type 0 android} to Batch{435fa990 num=3 start=23643045 end=23758508}
V/AlarmManager( 1655):     => now Batch{435fa990 num=3 start=23704157 end=23704157}
D/OppoAlarmManagerHelper( 1655): windowLength == AlarmManager.WINDOW_EXACT
D/OppoAlarmManagerHelper( 1655): uid in mUidWhiteList =  1000
D/OppoAlarmManagerHelper( 1655): uid in mUidWhiteList =  1001
D/OppoAlarmManagerHelper( 1655): This uid use inexact alarm !!!  uid == 0
D/OppoAlarmManagerHelper( 1655): Pkg in mPkgWhiteList =  com.android.cts.app
D/OppoAlarmManagerHelper( 1655): Pkg in mPkgWhiteList =  com.android.cts.stub
D/OppoAlarmManagerHelper( 1655): Pkg in mPkgWhiteList =  com.android.deskclock
D/OppoAlarmManagerHelper( 1655): Pkg in mPkgWhiteList =  com.android.mms
D/OppoAlarmManagerHelper( 1655): Pkg in mPkgWhiteList =  oppo.multimedia.soundrecorder
D/OppoAlarmManagerHelper( 1655): Pkg in mPkgWhiteList =  com.android.providers.calendar
D/OppoAlarmManagerHelper( 1655): Pkg in mPkgWhiteList =  com.oppo.music
D/OppoAlarmManagerHelper( 1655): Pkg in mPkgWhiteList =  com.codoon.gps
D/OppoAlarmManagerHelper( 1655): Pkg in mPkgWhiteList =  com.nearme.note
D/OppoAlarmManagerHelper( 1655): Pkg in mPkgWhiteList =  com.oppo.backuprestore
D/OppoAlarmManagerHelper( 1655): Pkg in mPkgWhiteList =  com.oppo.weather
D/OppoAlarmManagerHelper( 1655): Pkg in mPkgWhiteList =  com.android.providers.downloads
D/OppoAlarmManagerHelper( 1655): Pkg in mPkgWhiteList =  com.mobiletools.systemhelper
D/OppoAlarmManagerHelper( 1655): Pkg in mPkgWhiteList =  com.oppo.community
D/OppoAlarmManagerHelper( 1655): Pkg in mPkgWhiteList =  com.nearme.themespace
D/OppoAlarmManagerHelper( 1655): key in mKeyList == clock
D/OppoAlarmManagerHelper( 1655): key in mKeyList == alarm
D/OppoAlarmManagerHelper( 1655): key in mKeyList == calendar
W/OppoAlarmManagerHelper( 1655): invalid UID 0
D/OppoAlarmManagerHelper( 1655): Using exact alarm!!!!!!!!
V/AlarmManager( 1655): isAlarmNeedAlign : charging
V/AlarmManager( 1655): set(PendingIntent{43a34b18: PendingIntentRecord{42cb3490 android broadcastIntent}}) : type=0 triggerAtTime=1514279902679 win=0 tElapsed=23734157 maxElapsed=23734157 interval=0 standalone=false
D/ConnectivityService( 1655): getActiveNetworkInfo:NetworkInfo: type: WIFI[], state: CONNECTED/CONNECTED, reason: (unspecified), extra: "60_dev_01", roaming: false, failover: false, isAvailable: true, isConnectedToProvisioningNetwork: false, simId: 0/0
D/ConnectivityService( 1655): getActiveNetworkInfo:NetworkInfo: type: WIFI[], state: CONNECTED/CONNECTED, reason: (unspecified), extra: "60_dev_01", roaming: false, failover: false, isAvailable: true, isConnectedToProvisioningNetwork: false, simId: 0/0
D/Posix   ( 6249): [Posix_connect Debug]Process tpsd :14000 
D/AppOps  ( 1655): startOperation: allowing code 40 uid 10155 package com.tencent.android.qqdownloader
V/AlarmManager( 1655): isAlarmNeedAlign : charging
V/AlarmManager( 1655): set(PendingIntent{432567e0: PendingIntentRecord{42a59de8 com.tencent.android.qqdownloader broadcastIntent}}) : type=2 triggerAtTime=23634144 win=-1 tElapsed=23634144 maxElapsed=23784129 interval=0 standalone=false
V/AlarmManager( 1655): Adding Alarm{434e9270 type 2 com.tencent.android.qqdownloader} to Batch{435fa990 num=4 start=23704157 end=23704157}
V/AlarmManager( 1655):     => now Batch{435fa990 num=4 start=23704157 end=23704157}
D/ActivityThread(27664): BDC-RECEIVER handled : 0 / ReceiverData{intent=Intent { act=wns.heartbeat flg=0x94 cmp=com.tencent.android.qqdownloader/com.tencent.base.os.clock.AlarmClockReceiver (has extras) } packageName=com.tencent.android.qqdownloader resultCode=0 resultData=null resultExtras=null}
D/ActivityThread( 1655): BDC-Calling onReceive: intent=Intent { act=com.android.server.action.NETWORK_STATS_POLL flg=0x94 (has extras) }, ordered=true, receiver=com.android.server.net.NetworkStatsService$4@429bacd8, IIntentReceiver=42f39df8
V/Provider/Settings( 1655): get setting for user 0 by user 0 so skipping cache
V/Provider/Settings( 1655):  from settings cache , name = netstats_time_cache_max_age , value = null
D/AppOps  ( 1655): startOperation: allowing code 40 uid 1000 package android
V/NetworkStats( 1655): performPollLocked(flags=0x3)
E/NetworkStats( 1655): success. readNetworkStatsDetail size = 64
E/NetworkStats( 1655): success. readNetworkStatsDetailWithPids end.
D/NetdConnector( 1655): SND -> {238 bandwidth gettetherstats}
I/FrameworkListener(  243): onDataAvailable get 29 bytes 
V/Provider/Settings(27664): get setting for user 0 by user 0 so skipping cache
V/Provider/Settings(27664):  from settings cache , name = android_id , value = c86e88139b4eaec8
V/Provider/Settings(27664): get setting for user 0 by user 0 so skipping cache
V/Provider/Settings(27664):  from settings cache , name = android_id , value = c86e88139b4eaec8
D/SocketClient(  243): SocketClient msg = Tethering stats list completed
D/SocketClient(  243): SocketClient sendDatalocked done: 200 238 Tethering stats list completed
D/NetdConnector( 1655): RCV <- {200 238 Tethering stats list completed}
D/NetdConnector( 1655): RMV <- {200 238 Tethering stats list completed}
E/NetworkStats( 1655): success. readNetworkStatsDetailWithPids size = 44
E/NetworkStats( 1655): success. readNetworkStatsDetailWithPids end.
D/NetworkStatsRecorder( 1655): recordSnapshotLocked.dev:snapshot size:3
W/NetworkStatsRecorder( 1655): unknown interfaces [lo, p2p0], ignoring those stats
D/NetworkStatsRecorder( 1655): recordSnapshotLocked.xt:snapshot size:3
W/NetworkStatsRecorder( 1655): unknown interfaces [lo, p2p0], ignoring those stats
D/NetworkStatsRecorder( 1655): recordSnapshotLocked.uid:snapshot size:64
W/NetworkStatsRecorder( 1655): unknown interfaces [lo, p2p0], ignoring those stats
D/NetworkStatsRecorder( 1655): recordSnapshotLocked.uid_tag:snapshot size:64
W/NetworkStatsRecorder( 1655): unknown interfaces [lo, p2p0], ignoring those stats
D/NetworkStatsRecorder( 1655): forcePersistLocked() writing for uid
D/ConnectivityService( 1655): getActiveNetworkInfo:NetworkInfo: type: WIFI[], state: CONNECTED/CONNECTED, reason: (unspecified), extra: "60_dev_01", roaming: false, failover: false, isAvailable: true, isConnectedToProvisioningNetwork: false, simId: 0/0
D/dalvikvm( 6249): create interp thread : stack size=128KB
D/dalvikvm( 6249): create new thread
D/dalvikvm( 6249): new thread created
D/dalvikvm( 6249): update thread list
D/dalvikvm( 6249): threadid=18: interp stack at 0x75b55000
D/dalvikvm( 6249): threadid=18: created from interp
D/dalvikvm( 6249): start new thread
D/dalvikvm( 6249): threadid=18: notify debugger
D/dalvikvm( 6249): threadid=18 (RcvThread): calling run()
D/ConnectivityService( 1655): getActiveNetworkInfo:NetworkInfo: type: WIFI[], state: CONNECTED/CONNECTED, reason: (unspecified), extra: "60_dev_01", roaming: false, failover: false, isAvailable: true, isConnectedToProvisioningNetwork: false, simId: 0/0
D/ConnectivityService( 1655): getActiveNetworkInfo:NetworkInfo: type: WIFI[], state: CONNECTED/CONNECTED, reason: (unspecified), extra: "60_dev_01", roaming: false, failover: false, isAvailable: true, isConnectedToProvisioningNetwork: false, simId: 0/0
V/NetworkStats( 1655): performPollLocked() took 67ms
V/Provider/Settings( 1655): get setting for user 0 by user 0 so skipping cache
V/Provider/Settings( 1655):  from settings cache , name = netstats_sample_enabled , value = null
V/ActivityManager( 1655): Broadcast: Intent { act=com.android.server.action.NETWORK_STATS_UPDATED flg=0x40000010 } ordered=false userid=-1 callerApp=ProcessRecord{4276e330 1655:system/1000}
V/NetworkPolicy( 1655): ensureActiveMobilePolicyLocked()
D/NetdConnector( 1655): SND -> {239 bandwidth setglobalalert 2097152}
I/FrameworkListener(  243): onDataAvailable get 37 bytes 
D/PhoneInterfaceManagerEx( 4184): [PhoneIntfMgrEx] hasIccCard  simId=0
D/SocketClient(  243): SocketClient msg = Bandwidth command succeeeded
D/SocketClient(  243): SocketClient sendDatalocked done: 200 239 Bandwidth command succeeeded
