V/AlarmManager( 1655):     => now Batch{43310000 num=4 start=47831479 end=47831479}
V/AlarmManager( 1655): isAlarmNeedAlign : charging
V/AlarmManager( 1655): isAlarmNeedAlign : charging
V/AlarmManager( 1655): Adding Alarm{447aacb0 type 0 com.coloros.oppomorningsystem} to Batch{447aac28 num=2 start=60396235 end=88117507}
V/AlarmManager( 1655):     => now Batch{447aac28 num=2 start=60396235 end=88117507}
V/AlarmManager( 1655): isAlarmNeedAlign : charging
V/AlarmManager( 1655): Adding Alarm{45257aa8 type 0 com.oupeng.max.sdk} to Batch{447aac28 num=3 start=60396235 end=88117507}
V/AlarmManager( 1655):     => now Batch{447aac28 num=3 start=62232050 end=88117507}
V/AlarmManager( 1655): Adding Alarm{452583e0 type 0 com.android.providers.calendar} to Batch{447aac28 num=4 start=62232050 end=88117507}
V/AlarmManager( 1655):     => now Batch{447aac28 num=4 start=79750377 end=79750377}
V/AlarmManager( 1655): isAlarmNeedAlign : charging
V/AlarmManager( 1655): isAlarmNeedAlign : charging
V/AlarmManager( 1655): Adding Alarm{4327f280 type 2 com.nearme.statistics.rom} to Batch{4327f1f8 num=2 start=86429631 end=151229631}
V/AlarmManager( 1655):     => now Batch{4327f1f8 num=2 start=86490357 end=151229631}
V/AlarmManager( 1655): isAlarmNeedAlign : charging
V/AlarmManager( 1655): Adding Alarm{438d8ef8 type 0 com.android.email} to Batch{4327f1f8 num=3 start=86490357 end=151229631}
V/AlarmManager( 1655):     => now Batch{4327f1f8 num=3 start=86490357 end=148993050}
V/AlarmManager( 1655): isAlarmNeedAlign : charging
V/AlarmManager( 1655): Adding Alarm{439b7630 type 0 com.android.email} to Batch{4327f1f8 num=4 start=86490357 end=148993050}
V/AlarmManager( 1655):     => now Batch{4327f1f8 num=4 start=86490357 end=148993050}
V/AlarmManager( 1655): isAlarmNeedAlign : charging
V/AlarmManager( 1655): Adding Alarm{442588c8 type 1 com.sohu.inputmethod.sogouoem} to Batch{4327f1f8 num=5 start=86490357 end=148993050}
V/AlarmManager( 1655):     => now Batch{4327f1f8 num=5 start=86490357 end=148993050}
V/AlarmManager( 1655): isAlarmNeedAlign : charging
V/AlarmManager( 1655): Adding Alarm{44259270 type 1 com.sohu.inputmethod.sogouoem} to Batch{4327f1f8 num=6 start=86490357 end=148993050}
V/AlarmManager( 1655):     => now Batch{4327f1f8 num=6 start=90139365 end=148993050}
V/AlarmManager( 1655): isAlarmNeedAlign : charging
V/AlarmManager( 1655): Adding Alarm{435bbe60 type 1 com.oppo.yellowpage} to Batch{4327f1f8 num=7 start=90139365 end=148993050}
V/AlarmManager( 1655):     => now Batch{4327f1f8 num=7 start=93082422 end=145318333}
V/AlarmManager( 1655): isAlarmNeedAlign : charging
V/AlarmManager( 1655): Adding Alarm{43d1d110 type 1 com.nearme.statistics.rom} to Batch{4327f1f8 num=8 start=93082422 end=145318333}
V/AlarmManager( 1655):     => now Batch{4327f1f8 num=8 start=96082419 end=145318333}
V/AlarmManager( 1655): Adding Alarm{43d7ae70 type 1 com.nearme.feedback} to Batch{4327f1f8 num=9 start=96082419 end=145318333}
V/AlarmManager( 1655):     => now Batch{4327f1f8 num=9 start=96082482 end=96082482}
V/AlarmManager( 1655): isAlarmNeedAlign : charging
V/AlarmManager( 1655): isAlarmNeedAlign : charging
V/AlarmManager( 1655): Adding Alarm{42e7aad0 type 0 com.oppo.filemanager} to Batch{42e7aa48 num=2 start=180137064 end=297663956}
V/AlarmManager( 1655):     => now Batch{42e7aa48 num=2 start=180137064 end=292929182}
V/AlarmManager( 1655): isAlarmNeedAlign : charging
V/AlarmManager( 1655): Adding Alarm{43a9aac8 type 1 com.sohu.inputmethod.sogouoem} to Batch{42e7aa48 num=3 start=180137064 end=292929182}
V/AlarmManager( 1655):     => now Batch{42e7aa48 num=3 start=259261469 end=292929182}
V/AlarmManager( 1655): isAlarmNeedAlign : charging
V/AlarmManager( 1655): isAlarmNeedAlign : charging
V/AlarmManager( 1655): isAlarmNeedAlign : charging
V/AlarmManager( 1655): isAlarmNeedAlign : charging
V/AlarmManager( 1655): Adding Alarm{447c64d8 type 0 com.oppo.market} to Batch{447c6450 num=2 start=2592033105 end=4518482028}
V/AlarmManager( 1655):     => now Batch{447c6450 num=2 start=2596910623 end=4518482028}
V/AlarmManager( 1655): isAlarmNeedAlign : charging
V/AlarmManager( 1655): isAlarmNeedAlign : charging
V/AlarmManager( 1655): Adding Alarm{447a5350 type 0 android} to Batch{43d67be8 num=3 start=23734420 end=23959062}
V/AlarmManager( 1655):     => now Batch{43d67be8 num=3 start=23734534 end=23734534}
D/ConnectivityService( 1655): getActiveNetworkInfo:NetworkInfo: type: WIFI[], state: CONNECTED/CONNECTED, reason: (unspecified), extra: "60_dev_01", roaming: false, failover: false, isAvailable: true, isConnectedToProvisioningNetwork: false, simId: 0/0
D/ConnectivityService( 1655): getActiveNetworkInfo:NetworkInfo: type: WIFI[], state: CONNECTED/CONNECTED, reason: (unspecified), extra: "60_dev_01", roaming: false, failover: false, isAvailable: true, isConnectedToProvisioningNetwork: false, simId: 0/0
D/Posix   ( 6434): [Posix_connect Debug]Process arield :443 
D/ConnectivityService( 1655): getActiveNetworkInfo:NetworkInfo: type: WIFI[], state: CONNECTED/CONNECTED, reason: (unspecified), extra: "60_dev_01", roaming: false, failover: false, isAvailable: true, isConnectedToProvisioningNetwork: false, simId: 0/0
D/dalvikvm( 6434): create interp thread : stack size=128KB
D/dalvikvm( 6434): create new thread
D/dalvikvm( 6434): new thread created
D/dalvikvm( 6434): update thread list
D/dalvikvm( 6434): threadid=16: interp stack at 0x745ac000
D/dalvikvm( 6434): threadid=16: created from interp
D/dalvikvm( 6434): start new thread
D/dalvikvm( 6434): threadid=16: notify debugger
D/dalvikvm( 6434): threadid=16 (RcvThread): calling run()
D/ConnectivityService( 1655): getActiveNetworkInfo:NetworkInfo: type: WIFI[], state: CONNECTED/CONNECTED, reason: (unspecified), extra: "60_dev_01", roaming: false, failover: false, isAvailable: true, isConnectedToProvisioningNetwork: false, simId: 0/0
D/ConnectivityService( 1655): getActiveNetworkInfo:NetworkInfo: type: WIFI[], state: CONNECTED/CONNECTED, reason: (unspecified), extra: "60_dev_01", roaming: false, failover: false, isAvailable: true, isConnectedToProvisioningNetwork: false, simId: 0/0
D/dalvikvm( 6434): create interp thread : stack size=128KB
D/dalvikvm( 6434): create new thread
D/dalvikvm( 6434): new thread created
D/dalvikvm( 6434): update thread list
D/dalvikvm( 6434): threadid=22: interp stack at 0x74c95000
D/dalvikvm( 6434): threadid=22: created from interp
D/dalvikvm( 6434): start new thread
D/dalvikvm( 6434): threadid=22: notify debugger
D/dalvikvm( 6434): threadid=22 (CTPl-1-Td-129): calling run()
D/ConnectivityService( 1655): getActiveNetworkInfo:NetworkInfo: type: WIFI[], state: CONNECTED/CONNECTED, reason: (unspecified), extra: "60_dev_01", roaming: false, failover: false, isAvailable: true, isConnectedToProvisioningNetwork: false, simId: 0/0
V/AlarmManager( 1655): remove(operation) changed bounds; rebatching
V/AlarmManager( 1655): isAlarmNeedAlign : charging
V/AlarmManager( 1655): isAlarmNeedAlign : charging
V/AlarmManager( 1655): Adding Alarm{442435f0 type 3 com.tencent.android.qqdownloader} to Batch{43d807b8 num=2 start=23634144 end=23783766}
V/AlarmManager( 1655):     => now Batch{43d807b8 num=2 start=23643045 end=23783766}
V/AlarmManager( 1655): isAlarmNeedAlign : charging
V/AlarmManager( 1655): Adding Alarm{44243ff8 type 1 com.tencent.android.qqdownloader} to Batch{43d807b8 num=3 start=23643045 end=23783766}
V/AlarmManager( 1655):     => now Batch{43d807b8 num=3 start=23643045 end=23758102}
V/AlarmManager( 1655): isAlarmNeedAlign : charging
V/AlarmManager( 1655): Adding Alarm{447c9b28 type 0 com.kingroot.master} to Batch{43d807b8 num=4 start=23643045 end=23758102}
V/AlarmManager( 1655):     => now Batch{43d807b8 num=4 start=23704385 end=23758102}
V/AlarmManager( 1655): isAlarmNeedAlign : charging
V/AlarmManager( 1655): Adding Alarm{447c9ed8 type 0 com.kingroot.kinguser} to Batch{43d807b8 num=5 start=23704385 end=23758102}
V/AlarmManager( 1655):     => now Batch{43d807b8 num=5 start=23704418 end=23758102}
V/AlarmManager( 1655): isAlarmNeedAlign : charging
V/AlarmManager( 1655): Adding Alarm{45aa7b70 type 0 com.kingroot.master} to Batch{43d807b8 num=6 start=23704418 end=23758102}
V/AlarmManager( 1655):     => now Batch{43d807b8 num=6 start=23734264 end=23758102}
V/AlarmManager( 1655): isAlarmNeedAlign : charging
V/AlarmManager( 1655): Adding Alarm{4485f358 type 0 com.kingroot.kinguser} to Batch{43d807b8 num=7 start=23734264 end=23758102}
V/AlarmManager( 1655):     => now Batch{43d807b8 num=7 start=23734420 end=23758102}
V/AlarmManager( 1655): Adding Alarm{4485fc78 type 0 android} to Batch{43d807b8 num=8 start=23734420 end=23758102}
V/AlarmManager( 1655):     => now Batch{43d807b8 num=8 start=23734534 end=23734534}
V/AlarmManager( 1655): isAlarmNeedAlign : charging
V/AlarmManager( 1655): isAlarmNeedAlign : charging
V/AlarmManager( 1655): Adding Alarm{448ac530 type 0 com.kingroot.kinguser} to Batch{448ac4a8 num=2 start=23988318 end=26688318}
V/AlarmManager( 1655):     => now Batch{448ac4a8 num=2 start=24034252 end=24483952}
V/AlarmManager( 1655): isAlarmNeedAlign : charging
V/AlarmManager( 1655): Adding Alarm{4540e6b8 type 0 com.kingroot.master} to Batch{448ac4a8 num=3 start=24034252 end=24483952}
V/AlarmManager( 1655):     => now Batch{448ac4a8 num=3 start=24034255 end=24483952}
V/AlarmManager( 1655): Adding Alarm{43d546c0 type 0 android} to Batch{448ac4a8 num=4 start=24034255 end=24483952}
V/AlarmManager( 1655):     => now Batch{448ac4a8 num=4 start=24034520 end=24034520}
V/AlarmManager( 1655): isAlarmNeedAlign : charging
V/AlarmManager( 1655): Adding Alarm{43d55070 type 0 com.kingroot.kinguser} to Batch{43d54fe8 num=2 start=24512638 end=24512638}
V/AlarmManager( 1655):     => now Batch{43d54fe8 num=2 start=24512638 end=24512638}
V/AlarmManager( 1655): isAlarmNeedAlign : charging
V/AlarmManager( 1655): Adding Alarm{44926ff0 type 2 android} to Batch{44926f68 num=2 start=24628066 end=25978066}
V/AlarmManager( 1655):     => now Batch{44926f68 num=2 start=24636479 end=24636479}
V/AlarmManager( 1655): isAlarmNeedAlign : charging
V/AlarmManager( 1655): Adding Alarm{45335400 type 2 com.oppo.widget.smallweather} to Batch{45335378 num=2 start=24755882 end=26105882}
V/AlarmManager( 1655):     => now Batch{45335378 num=2 start=24800743 end=24800743}
V/AlarmManager( 1655): isAlarmNeedAlign : charging
V/AlarmManager( 1655): isAlarmNeedAlign : charging
V/AlarmManager( 1655): Adding Alarm{447cc890 type 3 com.kingroot.kinguser} to Batch{447cc808 num=2 start=25219737 end=26569737}
V/AlarmManager( 1655):     => now Batch{447cc808 num=2 start=25220832 end=26569737}
V/AlarmManager( 1655): isAlarmNeedAlign : charging
V/AlarmManager( 1655): Adding Alarm{44994200 type 0 com.kingroot.kinguser} to Batch{447cc808 num=3 start=25220832 end=26569737}
V/AlarmManager( 1655):     => now Batch{447cc808 num=3 start=25234254 end=26569737}
V/AlarmManager( 1655): isAlarmNeedAlign : charging
V/AlarmManager( 1655): Adding Alarm{44994b88 type 0 com.kingroot.master} to Batch{447cc808 num=4 start=25234254 end=26569737}
V/AlarmManager( 1655):     => now Batch{447cc808 num=4 start=25234257 end=26569737}
V/AlarmManager( 1655): Adding Alarm{44923e48 type 0 android} to Batch{447cc808 num=5 start=25234257 end=26569737}
V/AlarmManager( 1655):     => now Batch{447cc808 num=5 start=25234520 end=25234520}
V/AlarmManager( 1655): isAlarmNeedAlign : charging
V/AlarmManager( 1655): isAlarmNeedAlign : charging
V/AlarmManager( 1655): Adding Alarm{452dc1f0 type 3 com.tencent.android.qqdownloader} to Batch{452dc168 num=2 start=26591553 end=34691553}
V/AlarmManager( 1655):     => now Batch{452dc168 num=2 start=26591566 end=34691553}
V/AlarmManager( 1655): isAlarmNeedAlign : charging
V/AlarmManager( 1655): Adding Alarm{4310b910 type 0 com.oppo.market} to Batch{452dc168 num=3 start=26591566 end=34691553}
V/AlarmManager( 1655):     => now Batch{452dc168 num=3 start=26591566 end=27849916}
V/AlarmManager( 1655): isAlarmNeedAlign : charging
V/AlarmManager( 1655): Adding Alarm{43242320 type 0 com.oppo.market} to Batch{452dc168 num=4 start=26591566 end=27849916}
V/AlarmManager( 1655):     => now Batch{452dc168 num=4 start=26591566 end=27849916}
V/AlarmManager( 1655): isAlarmNeedAlign : charging
V/AlarmManager( 1655): Adding Alarm{43242bd8 type 1 com.tencent.android.qqdownloader} to Batch{452dc168 num=5 start=26591566 end=27849916}
V/AlarmManager( 1655):     => now Batch{452dc168 num=5 start=26643668 end=27849916}
V/AlarmManager( 1655): isAlarmNeedAlign : charging
V/AlarmManager( 1655): Adding Alarm{432b5960 type 1 com.tencent.android.qqdownloader} to Batch{452dc168 num=6 start=26643668 end=27849916}
V/AlarmManager( 1655):     => now Batch{452dc168 num=6 start=27243135 end=27849916}
V/AlarmManager( 1655): isAlarmNeedAlign : charging
V/AlarmManager( 1655): Adding Alarm{43d92a40 type 1 com.tencent.android.qqdownloader} to Batch{452dc168 num=7 start=27243135 end=27849916}
V/AlarmManager( 1655):     => now Batch{452dc168 num=7 start=27497478 end=27849916}
V/AlarmManager( 1655): isAlarmNeedAlign : charging
V/AlarmManager( 1655): isAlarmNeedAlign : charging
V/AlarmManager( 1655): Adding Alarm{4475cab8 type 2 com.nearme.statistics.rom} to Batch{4475ca30 num=2 start=28823026 end=50423026}
V/AlarmManager( 1655):     => now Batch{4475ca30 num=2 start=28890352 end=34290352}
V/AlarmManager( 1655): Adding Alarm{4486bf28 type 1 com.oppo.weather} to Batch{4475ca30 num=3 start=28890352 end=34290352}
V/AlarmManager( 1655):     => now Batch{4475ca30 num=3 start=30200941 end=30200941}
V/AlarmManager( 1655): isAlarmNeedAlign : charging
V/AlarmManager( 1655): isAlarmNeedAlign : charging
V/AlarmManager( 1655): Adding Alarm{439c9c48 type 0 com.tencent.android.qqdownloader} to Batch{4486c8c0 num=2 start=32400000 end=40500000}
V/AlarmManager( 1655):     => now Batch{4486c8c0 num=2 start=32437479 end=39189593}
V/AlarmManager( 1655): isAlarmNeedAlign : charging
V/AlarmManager( 1655): Adding Alarm{439ca618 type 0 com.tencent.android.qqdownloader} to Batch{4486c8c0 num=3 start=32437479 end=39189593}
V/AlarmManager( 1655):     => now Batch{4486c8c0 num=3 start=32437479 end=39189590}
V/AlarmManager( 1655): isAlarmNeedAlign : charging
V/AlarmManager( 1655): Adding Alarm{447a89e8 type 0 com.tencent.android.qqdownloader} to Batch{4486c8c0 num=4 start=32437479 end=39189590}
V/AlarmManager( 1655):     => now Batch{4486c8c0 num=4 start=32437479 end=39189590}
V/AlarmManager( 1655): Adding Alarm{4463a538 type 1 com.oppo.weather} to Batch{4486c8c0 num=5 start=32437479 end=39189590}
V/AlarmManager( 1655):     => now Batch{4486c8c0 num=5 start=33473869 end=33473869}
V/AlarmManager( 1655): isAlarmNeedAlign : charging
V/AlarmManager( 1655): isAlarmNeedAlign : charging
V/AlarmManager( 1655): Adding Alarm{43055038 type 0 com.android.browser} to Batch{43054fb0 num=2 start=35508427 end=44563750}
V/AlarmManager( 1655):     => now Batch{43054fb0 num=2 start=37576669 end=44563750}
V/AlarmManager( 1655): isAlarmNeedAlign : charging
V/AlarmManager( 1655): Adding Alarm{447c3210 type 1 com.oppo.holidaymode} to Batch{43054fb0 num=3 start=37576669 end=44563750}
V/AlarmManager( 1655):     => now Batch{43054fb0 num=3 start=44231479 end=44563750}
V/AlarmManager( 1655): isAlarmNeedAlign : charging
V/AlarmManager( 1655): Adding Alarm{447a8be8 type 0 com.color.safecenter} to Batch{43054fb0 num=4 start=44231479 end=44563750}
V/AlarmManager( 1655):     => now Batch{43054fb0 num=4 start=44532322 end=44563750}
V/AlarmManager( 1655): isAlarmNeedAlign : charging
V/AlarmManager( 1655): isAlarmNeedAlign : charging
V/AlarmManager( 1655): Adding Alarm{4328a0f0 type 1 com.sohu.inputmethod.sogouoem} to Batch{4328a068 num=2 start=47831479 end=66129090}
V/AlarmManager( 1655):     => now Batch{4328a068 num=2 start=47831479 end=66129090}
V/AlarmManager( 1655): Adding Alarm{44977578 type 0 com.oppo.wallpaper} to Batch{4328a068 num=3 start=47831479 end=66129090}
V/AlarmManager( 1655):     => now Batch{4328a068 num=3 start=47831479 end=47831479}
V/AlarmManager( 1655): isAlarmNeedAlign : charging
V/AlarmManager( 1655): Adding Alarm{435c0528 type 0 com.oupeng.max.sdk} to Batch{4328a068 num=4 start=47831479 end=47831479}
V/AlarmManager( 1655):     => now Batch{4328a068 num=4 start=47831479 end=47831479}
V/AlarmManager( 1655): isAlarmNeedAlign : charging
V/AlarmManager( 1655): isAlarmNeedAlign : charging
V/AlarmManager( 1655): Adding Alarm{43a44b40 type 0 com.coloros.oppomorningsystem} to Batch{43a44ad0 num=2 start=60396235 end=88117411}
V/AlarmManager( 1655):     => now Batch{43a44ad0 num=2 start=60396235 end=88117411}
V/AlarmManager( 1655): isAlarmNeedAlign : charging
V/AlarmManager( 1655): Adding Alarm{43a45520 type 0 com.oupeng.max.sdk} to Batch{43a44ad0 num=3 start=60396235 end=88117411}
V/AlarmManager( 1655):     => now Batch{43a44ad0 num=3 start=62232050 end=88117411}
V/AlarmManager( 1655): Adding Alarm{447c4aa0 type 0 com.android.providers.calendar} to Batch{43a44ad0 num=4 start=62232050 end=88117411}
V/AlarmManager( 1655):     => now Batch{43a44ad0 num=4 start=79750378 end=79750378}
V/AlarmManager( 1655): isAlarmNeedAlign : charging
V/AlarmManager( 1655): isAlarmNeedAlign : charging
V/AlarmManager( 1655): Adding Alarm{4568a540 type 2 com.nearme.statistics.rom} to Batch{4568a4b8 num=2 start=86429631 end=151229631}
V/AlarmManager( 1655):     => now Batch{4568a4b8 num=2 start=86490357 end=151229631}
V/AlarmManager( 1655): isAlarmNeedAlign : charging
V/AlarmManager( 1655): Adding Alarm{43832878 type 0 com.android.email} to Batch{4568a4b8 num=3 start=86490357 end=151229631}
V/AlarmManager( 1655):     => now Batch{4568a4b8 num=3 start=86490357 end=148993050}
V/AlarmManager( 1655): isAlarmNeedAlign : charging
V/AlarmManager( 1655): Adding Alarm{43868c60 type 0 com.android.email} to Batch{4568a4b8 num=4 start=86490357 end=148993050}
V/AlarmManager( 1655):     => now Batch{4568a4b8 num=4 start=86490357 end=148993050}
V/AlarmManager( 1655): isAlarmNeedAlign : charging
V/AlarmManager( 1655): Adding Alarm{43869580 type 1 com.sohu.inputmethod.sogouoem} to Batch{4568a4b8 num=5 start=86490357 end=148993050}
V/AlarmManager( 1655):     => now Batch{4568a4b8 num=5 start=86490357 end=148993050}
V/AlarmManager( 1655): isAlarmNeedAlign : charging
V/AlarmManager( 1655): Adding Alarm{43943ce0 type 1 com.sohu.inputmethod.sogouoem} to Batch{4568a4b8 num=6 start=86490357 end=148993050}
V/AlarmManager( 1655):     => now Batch{4568a4b8 num=6 start=90139366 end=148993050}
V/AlarmManager( 1655): isAlarmNeedAlign : charging
V/AlarmManager( 1655): Adding Alarm{4592e510 type 1 com.oppo.yellowpage} to Batch{4568a4b8 num=7 start=90139366 end=148993050}
V/AlarmManager( 1655):     => now Batch{4568a4b8 num=7 start=93082422 end=145318236}
V/AlarmManager( 1655): isAlarmNeedAlign : charging
V/AlarmManager( 1655): Adding Alarm{4592ec68 type 1 com.nearme.statistics.rom} to Batch{4568a4b8 num=8 start=93082422 end=145318236}
V/AlarmManager( 1655):     => now Batch{4568a4b8 num=8 start=96082420 end=145318236}
V/AlarmManager( 1655): Adding Alarm{439c6ec8 type 1 com.nearme.feedback} to Batch{4568a4b8 num=9 start=96082420 end=145318236}
V/AlarmManager( 1655):     => now Batch{4568a4b8 num=9 start=96082482 end=96082482}
V/AlarmManager( 1655): isAlarmNeedAlign : charging
V/AlarmManager( 1655): isAlarmNeedAlign : charging
V/AlarmManager( 1655): Adding Alarm{43a9bfd8 type 0 com.oppo.filemanager} to Batch{43a9bf50 num=2 start=180137064 end=297663858}
V/AlarmManager( 1655):     => now Batch{43a9bf50 num=2 start=180137064 end=292929082}
V/AlarmManager( 1655): isAlarmNeedAlign : charging
V/AlarmManager( 1655): Adding Alarm{44b4ca30 type 1 com.sohu.inputmethod.sogouoem} to Batch{43a9bf50 num=3 start=180137064 end=292929082}
V/AlarmManager( 1655):     => now Batch{43a9bf50 num=3 start=259261469 end=292929082}
V/AlarmManager( 1655): isAlarmNeedAlign : charging
V/AlarmManager( 1655): isAlarmNeedAlign : charging
V/AlarmManager( 1655): isAlarmNeedAlign : charging
V/AlarmManager( 1655): isAlarmNeedAlign : charging
V/AlarmManager( 1655): Adding Alarm{43911050 type 0 com.oppo.market} to Batch{43910fc8 num=2 start=2592033106 end=4518481930}
V/AlarmManager( 1655):     => now Batch{43910fc8 num=2 start=2596910624 end=4518481930}
V/AlarmManager( 1655): isAlarmNeedAlign : charging
V/AlarmManager( 1655): isAlarmNeedAlign : charging
D/OppoAlarmManagerHelper( 1655): windowLength == AlarmManager.WINDOW_EXACT
D/OppoAlarmManagerHelper( 1655): uid in mUidWhiteList =  1000
D/OppoAlarmManagerHelper( 1655): uid in mUidWhiteList =  1001
D/OppoAlarmManagerHelper( 1655): This uid use inexact alarm !!!  uid == 0
D/OppoAlarmManagerHelper( 1655): Pkg in mPkgWhiteList =  com.android.cts.app
D/OppoAlarmManagerHelper( 1655): Pkg in mPkgWhiteList =  com.android.cts.stub
D/OppoAlarmManagerHelper( 1655): Pkg in mPkgWhiteList =  com.android.deskclock
D/OppoAlarmManagerHelper( 1655): Pkg in mPkgWhiteList =  com.android.mms
D/OppoAlarmManagerHelper( 1655): Pkg in mPkgWhiteList =  oppo.multimedia.soundrecorder
D/OppoAlarmManagerHelper( 1655): Pkg in mPkgWhiteList =  com.android.providers.calendar
D/OppoAlarmManagerHelper( 1655): Pkg in mPkgWhiteList =  com.oppo.music
D/OppoAlarmManagerHelper( 1655): Pkg in mPkgWhiteList =  com.codoon.gps
D/OppoAlarmManagerHelper( 1655): Pkg in mPkgWhiteList =  com.nearme.note
D/OppoAlarmManagerHelper( 1655): Pkg in mPkgWhiteList =  com.oppo.backuprestore
D/OppoAlarmManagerHelper( 1655): Pkg in mPkgWhiteList =  com.oppo.weather
D/OppoAlarmManagerHelper( 1655): Pkg in mPkgWhiteList =  com.android.providers.downloads
D/OppoAlarmManagerHelper( 1655): Pkg in mPkgWhiteList =  com.mobiletools.systemhelper
D/OppoAlarmManagerHelper( 1655): Pkg in mPkgWhiteList =  com.oppo.community
D/OppoAlarmManagerHelper( 1655): Pkg in mPkgWhiteList =  com.nearme.themespace
D/OppoAlarmManagerHelper( 1655): key in mKeyList == clock
D/OppoAlarmManagerHelper( 1655): key in mKeyList == alarm
D/OppoAlarmManagerHelper( 1655): key in mKeyList == calendar
W/OppoAlarmManagerHelper( 1655): invalid UID 0
D/OppoAlarmManagerHelper( 1655): Using exact alarm!!!!!!!!
V/AlarmManager( 1655): isAlarmNeedAlign : charging
V/AlarmManager( 1655): set(PendingIntent{43a45568: PendingIntentRecord{42d4e9d0 android broadcastIntent}}) : type=0 triggerAtTime=1514279873196 win=0 tElapsed=23704675 maxElapsed=23704675 interval=0 standalone=false
E/RemoteViews(27455): ANR Warning,RemoteViews can only be used once ,if not ,it may cause ANR in hosts such as Laucher,SystemUI. keys for search <ANR Exception MSG   History>
D/RemoteViews( 1655): RemoteViews parcel: android.os.Parcel@43173ce8 bitmapCache: null
D/dalvikvm( 1655): between the previous GC alloc  8860K
D/dalvikvm( 1655): currentAlloc=49970600 - lastAllocatedSize=40766528 < 10485760, don't trigger GC
V/NotificationService( 1655): enqueueNotificationInternal: pkg=com.tencent.android.qqdownloader id=127 notification=Notification(pri=1 contentView=com.tencent.android.qqdownloader/0x7f0401f0 vibrate=null sound=null defaults=0x0 flags=0xa2 kind=[null])
V/NotificationService( 1655): Initial score is 20.
V/NotificationService( 1655): Final score is 20.
V/MoMS.NotificationController( 1655): notifications are enabled for com.tencent.android.qqdownloader
D/AppOps  ( 1655): noteOperation: allowing code 11 uid 10155 package com.tencent.android.qqdownloader
V/NotificationService( 1655): Assigned score=20 to Notification(pri=2 contentView=com.tencent.android.qqdownloader/0x7f0401f0 vibrate=null sound=null defaults=0x0 flags=0xa2 kind=[null])
D/RemoteViews( 1655): RemoteViews parcel: android.os.Parcel@45581680 bitmapCache: null
D/dalvikvm( 1655): GC_CONCURRENT freed 7521K (176084), 43% free 44079K/77304K, paused 5ms+54ms, total 298ms
D/NotificationService( 1655): useDefaultSound=false
D/NotificationService( 1655): notification.sound=null
D/RemoteViews( 5365): RemoteViews parcel: android.os.Parcel@42b51550 bitmapCache: null
E/RemoteViews( 1655): ANR Warning,RemoteViews can only be used once ,if not ,it may cause ANR in hosts such as Laucher,SystemUI. keys for search <ANR Exception MSG   History>
D/RemoteViews(20739): RemoteViews parcel: android.os.Parcel@42822d18 bitmapCache: null
D/WifiStateMachine( 1655): ConnectedState{ when=0 what=131155 arg1=14 target=com.android.internal.util.StateMachine$SmHandler target=Handler (com.android.internal.util.StateMachine$SmHandler) {43142030} }
D/WifiStateMachine( 1655): L2ConnectedState{ when=-1ms what=131155 arg1=14 target=com.android.internal.util.StateMachine$SmHandler target=Handler (com.android.internal.util.StateMachine$SmHandler) {43142030} }
D/WifiHW  ( 1655): enter -->wifi_send_command cmd=IFNAME=wlan0 SIGNAL_POLL
D/wpa_supplicant( 3981): RX ctrl_iface - hexdump(len=11): 53 49 47 4e 41 4c 5f 50 4f 4c 4c
D/wpa_supplicant( 3981): wlan0: Control interface command 'SIGNAL_POLL'
D/wpa_supplicant( 3981): nl80211: survey data missing!
D/wpa_supplicant( 3981): signal poll, reply_len=48
D/wpa_ctrl( 1655): reply_len=4095
D/WifiHW  ( 1655): leave --> reply=RSSI=-42
D/WifiHW  ( 1655): LINKSPEED=65
D/WifiHW  ( 1655): NOISE=9999
D/WifiHW  ( 1655): FREQUENCY=2412
D/WifiHW  ( 1655): 
D/wifi    ( 1655): doStringCommand, buf IFNAME=wlan0 SIGNAL_POLL
I/WifiStateMachine( 1655): fetchRssiAndLinkSpeedNative, newRssi:-42, newLinkSpeed:65, SSID:"60_dev_01"
D/WifiStateMachine( 1655): mRssiArray[0] = -42
D/WifiStateMachine( 1655): mRssiArray[1] = -43
D/WifiStateMachine( 1655): mRssiArray[2] = -43
D/WifiStateMachine( 1655): mRssiArray[3] = -42
D/WifiStateMachine( 1655): mRssiArray[4] = -42
D/WifiStateMachine( 1655): GetFilterRssi is : -42
D/WifiStateMachine( 1655): mLastSignalLevel:4, newSignalLevel:4
D/WifiStateMachine( 1655): fetchRssiAndLinkSpeedNative, ipAddr:1795166380
D/dalvikvm( 6249): threadid=24: exiting
D/dalvikvm( 6249): threadid=24: bye!
D/dalvikvm( 5365): threadid=26: exiting
D/dalvikvm( 5365): threadid=26: bye!
D/dalvikvm( 4361): threadid=15: exiting
D/dalvikvm( 4361): threadid=67: exiting
D/dalvikvm( 4361): threadid=15: bye!
D/dalvikvm( 4361): threadid=67: bye!
D/dalvikvm( 4361): threadid=63: exiting
D/dalvikvm( 4361): threadid=63: bye!
D/SocketClient(  243): SocketClient sendDatalocked done: 401
D/dalvikvm( 6434): threadid=22: exiting
D/dalvikvm( 6434): threadid=22: bye!
D/AndroidRuntime(25595): 
D/AndroidRuntime(25595): >>>>>> AndroidRuntime START com.android.internal.os.RuntimeInit <<<<<<
D/AndroidRuntime(25595): CheckJNI is OFF
D/AndroidRuntime(25595): language=-Duser.language=zh region=-Duser.region=CN
D/dalvikvm(25595): boot class : 
D/dalvikvm(25595):   (0) core.jar
D/dalvikvm(25595):   (1) conscrypt.jar
D/dalvikvm(25595):   (2) okhttp.jar
D/dalvikvm(25595):   (3) core-junit.jar
D/dalvikvm(25595):   (4) bouncycastle.jar
D/dalvikvm(25595):   (5) ext.jar
D/dalvikvm(25595):   (6) framework.jar
D/dalvikvm(25595):   (7) framework2.jar
D/dalvikvm(25595):   (8) telephony-common.jar
D/dalvikvm(25595):   (9) voip-common.jar
D/dalvikvm(25595):   (10) mms-common.jar
D/dalvikvm(25595):   (11) android.policy.jar
D/dalvikvm(25595):   (12) services.jar
D/dalvikvm(25595):   (13) apache-xml.jar
D/dalvikvm(25595):   (14) webviewchromium.jar
D/dalvikvm(25595):   (15) mediatek-common.jar
D/dalvikvm(25595):   (16) mediatek-framework.jar
D/dalvikvm(25595):   (17) CustomProperties.jar
D/dalvikvm(25595):   (18) mediatek-telephony-common.jar
D/dalvikvm(25595):   (19) mediatek-tablet.jar
D/dalvikvm(25595):   (20) oppo-framework.jar
D/dalvikvm(25595):   (21) am.jar
D/dalvikvm(25595): threadid=1: interp stack at 0x6d983000
D/dalvikvm(25595): dvmJarFileOpen: /system/framework/core.jar
D/dalvikvm(25595): dvmJarFileOpen: /system/framework/conscrypt.jar
D/ReserveFileInData(25596): Total_size = 12702646272 B = 12404928 KB = 12114 MB = 11 GB
D/ReserveFileInData(25596): Disk_free = 9009 MB = 8 GB
D/ReserveFileInData(25596): Disk_available = 8993 MB = 8 GB
D/ReserveFileInData(25596): availDataSize is 8993
D/dalvikvm(25595): dvmJarFileOpen: /system/framework/okhttp.jar
D/dalvikvm(25595): dvmJarFileOpen: /system/framework/core-junit.jar
D/dalvikvm(25595): dvmJarFileOpen: /system/framework/bouncycastle.jar
D/dalvikvm(25595): dvmJarFileOpen: /system/framework/ext.jar
D/dalvikvm(25595): dvmJarFileOpen: /system/framework/framework.jar
D/dalvikvm(25595): dvmJarFileOpen: /system/framework/framework2.jar
D/dalvikvm(25595): dvmJarFileOpen: /system/framework/telephony-common.jar
D/dalvikvm(25595): dvmJarFileOpen: /system/framework/voip-common.jar
D/dalvikvm(25595): dvmJarFileOpen: /system/framework/mms-common.jar
D/dalvikvm(25595): dvmJarFileOpen: /system/framework/android.policy.jar
D/dalvikvm(25595): dvmJarFileOpen: /system/framework/services.jar
D/dalvikvm(25595): dvmJarFileOpen: /system/framework/apache-xml.jar
D/dalvikvm(25595): dvmJarFileOpen: /system/framework/webviewchromium.jar
D/dalvikvm(25595): dvmJarFileOpen: /system/framework/mediatek-common.jar
D/dalvikvm(25595): dvmJarFileOpen: /system/framework/mediatek-framework.jar
D/dalvikvm(25595): dvmJarFileOpen: /system/framework/CustomProperties.jar
D/dalvikvm(25595): dvmJarFileOpen: /system/framework/mediatek-telephony-common.jar
D/dalvikvm(25595): dvmJarFileOpen: /system/framework/mediatek-tablet.jar
D/dalvikvm(25595): dvmJarFileOpen: /system/framework/oppo-framework.jar
D/dalvikvm(25595): open_cached_dex_file : /system/framework/oppo-framework.jar /data/dalvik-cache/system@framework@oppo-framework.jar@classes.dex
D/dalvikvm(25595): process bootclasspath ex!!
D/dalvikvm(25595): dvmJarFileOpen: /system/framework/mediatek-op.jar
D/dalvikvm(25595): open_cached_dex_file : /system/framework/mediatek-op.jar /data/dalvik-cache/system@framework@mediatek-op.jar@classes.dex
D/dalvikvm(25595): Trying to load lib libjavacore.so 0x0
D/dalvikvm(25595): Added shared lib libjavacore.so 0x0
D/dalvikvm(25595): Trying to load lib libnativehelper.so 0x0
D/dalvikvm(25595): Added shared lib libnativehelper.so 0x0
D/dalvikvm(25595): No JNI_OnLoad found in libnativehelper.so 0x0, skipping init
D/dalvikvm(25595): +++ finishing prep on main VM thread
D/BatteryService( 1655): mBatteryVoltage=4083, batteryLevel=50
V/ActivityManager( 1655): Broadcast sticky: Intent { act=android.intent.action.ADDITIONAL_BATTERY_CHANGED flg=0x60000010 (has extras) } ordered=false userid=-1 callerApp=null
V/ActivityManager( 1655): Broadcast sticky: Intent { act=android.intent.action.BATTERY_CHANGED flg=0x60000010 (has extras) } ordered=false userid=-1 callerApp=null
V/ActivityManager( 1655): Broadcast sticky: Intent { act=android.intent.action.ADDITIONAL_BATTERY_CHANGED flg=0x60000010 (has extras) } ordered=false userid=-1 callerApp=null
D/dalvikvm(25595): dvmJarFileOpen: /dev/kds_utils.jar
D/dalvikvm(25595): open_cached_dex_file : /dev/kds_utils.jar /data/dalvik-cache/dev@kds_utils.jar@classes.dex
D/dalvikvm(25595): create interp thread : stack size=128KB
D/dalvikvm(25595): create new thread
D/dalvikvm(25595): new thread created
D/dalvikvm(25595): update thread list
D/PowerSaveService( 4327): PowerSaveReceiver EXTRA_STATUS: status = 2, lastCharging = true
D/dalvikvm(25595): threadid=2: interp stack at 0x72ed4000
D/dalvikvm(25595): threadid=2: created from interp
D/dalvikvm(25595): start new thread
D/dalvikvm(25595): create interp thread : stack size=128KB
D/dalvikvm(25595): create new thread
D/dalvikvm(25595): new thread created
D/dalvikvm(25595): update thread list
D/dalvikvm(25595): threadid=2: notify debugger
D/dalvikvm(25595): threadid=2 (ReferenceQueueDaemon): calling run()
D/dalvikvm(25595): threadid=3: interp stack at 0x72ff4000
D/dalvikvm(25595): threadid=3: created from interp
D/dalvikvm(25595): start new thread
D/dalvikvm(25595): create interp thread : stack size=128KB
D/dalvikvm(25595): create new thread
D/dalvikvm(25595): new thread created
D/dalvikvm(25595): update thread list
D/WifiService( 1655): onReceive, action:android.intent.action.BATTERY_CHANGED
D/UsbDeviceManager( 1655): onReceive - BATTERY_CHANGED - mPlugType: 2, mSettingUsbCharging: false, mConnected: true, mSettingUsbBicr: false
D/WifiController( 1655): DeviceActiveState{ when=0 what=155652 arg1=2 target=com.android.internal.util.StateMachine$SmHandler target=Handler (com.android.internal.util.StateMachine$SmHandler) {431e59b8} }
D/WifiController( 1655): StaEnabledState{ when=0 what=155652 arg1=2 target=com.android.internal.util.StateMachine$SmHandler target=Handler (com.android.internal.util.StateMachine$SmHandler) {431e59b8} }
V/ActivityManager( 1655): Broadcast sticky: Intent { act=android.intent.action.ADDITIONAL_BATTERY_CHANGED flg=0x60000010 (has extras) } ordered=false userid=-1 callerApp=null
D/WifiController( 1655): DefaultState{ when=0 what=155652 arg1=2 target=com.android.internal.util.StateMachine$SmHandler target=Handler (com.android.internal.util.StateMachine$SmHandler) {431e59b8} }
D/WifiController( 1655): battery changed pluggedType: 2
D/dalvikvm(25595): threadid=3: notify debugger
D/dalvikvm(25595): threadid=3 (FinalizerDaemon): calling run()
D/dalvikvm(25595): threadid=4: interp stack at 0x73114000
D/dalvikvm(25595): threadid=4: created from interp
D/dalvikvm(25595): start new thread
D/dalvikvm(25595): threadid=4: notify debugger
D/dalvikvm(25595): threadid=4 (FinalizerWatchdogDaemon): calling run()
D/dalvikvm(25595): threadid=5: interp stack at 0x73334000
D/dalvikvm(25595): threadid=6: interp stack at 0x73456000
D/jdwp    (25595): prepping for JDWP over ADB
D/dalvikvm(25595): Elevating priority from 0 to -8
D/dalvikvm(25595): threadid=7: interp stack at 0x73579000
D/jdwp    (25595): JDWP: thread running
D/jdwp    (25595): trying to receive file descriptor from ADB
D/dalvikvm(25595): threadid=8: interp stack at 0x7369a000
D/ADB_SERVICES(  297): adb fdevent_process list (15) (22) (27) (12) 
D/ADB_SERVICES(  297): Adding socket 16 pid 25595 to jdwp process list
D/dalvikvm(25595): Note: class Landroid/app/ActivityManagerNative; has 194 unimplemented (abstract) methods
I/ANRManager( 1655): updateProcessStats
E/memtrack(25595): Couldn't load memtrack module (No such file or directory)
E/android.os.Debug(25595): failed to load memtrack module: -2
D/AndroidRuntime(25595): Calling main entry a.d
D/dalvikvm(25595): threadid=9: interp stack at 0x73b74000
D/dalvikvm(25595): threadid=10: interp stack at 0x73c94000
I/FrameworkListener(  243): onDataAvailable get 42 bytes 
D/libc-netbsd(  243): default dns: query_ipv6=0, query_ipv4=1
D/libc-netbsd(  243): res_queryN name = mazu.3g.qq.com, class = 1, type = 1
D/libc-netbsd(  243): iface=wlan0, dns0:192.168.89.54
D/libc-netbsd(  243): iface=wlan0, dns1:192.168.89.54
D/libc-netbsd(  243): iface=wlan0, dns2:8.8.8.8
D/libc-netbsd(  243): res_queryN name = mazu.3g.qq.com succeed
D/SocketClient(  243): SocketClient sendDatalocked done: 222
D/SocketClient(  243): SocketClient sendDatalocked done: 
D/SocketClient(  243): SocketClient sendDatalocked done: 
D/SocketClient(  243): SocketClient sendDatalocked done: 
D/SocketClient(  243): SocketClient sendDatalocked done: 
D/SocketClient(  243): SocketClient sendDatalocked done: 
D/SocketClient(  243): SocketClient sendDatalocked done: 
D/SocketClient(  243): SocketClient sendDatalocked done: 
D/SocketClient(  243): SocketClient sendDatalocked done: 
D/SocketClient(  243): SocketClient sendDatalocked done: 
D/SocketClient(  243): SocketClient sendDatalocked done: 
D/libc-netbsd(25595): getaddrinfo: mazu.3g.qq.com get result from proxy >>
D/dalvikvm(25595): create interp thread : stack size=128KB
D/dalvikvm(25595): create new thread
D/dalvikvm(25595): new thread created
D/dalvikvm(25595): update thread list
D/SocketClient(  243): SocketClient sendDatalocked done: 
D/dalvikvm(25595): threadid=11: interp stack at 0x73cdb000
D/dalvikvm(25595): threadid=11: created from interp
D/dalvikvm(25595): start new thread
D/dalvikvm(25595): threadid=11: notify debugger
D/dalvikvm(25595): threadid=11 (Thread-9): calling run()
D/dalvikvm(25595): threadid=11: exiting
I/AndroidRuntime(25595): VM exiting with result code 0.
W/ADB_SERVICES(  297): terminating JDWP 25595 connection: Try again
D/ADB_SERVICES(  297): remove pid 25595 to jdwp process list
D/PhoneInterfaceManagerEx( 4184): [PhoneIntfMgrEx] hasIccCard  simId=0
D/PhoneInterfaceManagerEx( 4184): [PhoneIntfMgrEx] hasIccCard  simId=1
I/FrameworkListener(  243): onDataAvailable get 33 bytes 
D/dalvikvm( 4533): create interp thread : stack size=128KB
D/dalvikvm( 4533): create new thread
D/dalvikvm( 4533): new thread created
D/dalvikvm( 4533): update thread list
D/dalvikvm( 4533): threadid=17: interp stack at 0x79172000
D/dalvikvm( 4533): threadid=17: created from interp
D/dalvikvm( 4533): start new thread
D/dalvikvm( 4533): threadid=17: notify debugger
D/dalvikvm( 4533): threadid=17 (Thread-4827): calling run()
I/KSO_STAT( 4533): App is in background, stop update end time, ready to start a new session.
D/SQLiteDatabase( 4533): beginTransaction()
D/SQLiteDatabase( 4533): endTransaction()
D/dalvikvm( 4533): threadid=17: exiting
D/dalvikvm( 4533): threadid=17: bye!
D/WifiStateMachine( 1655): ConnectedState{ when=-3ms what=131155 arg1=14 target=com.android.internal.util.StateMachine$SmHandler target=Handler (com.android.internal.util.StateMachine$SmHandler) {43142030} }
D/WifiStateMachine( 1655): L2ConnectedState{ when=-3ms what=131155 arg1=14 target=com.android.internal.util.StateMachine$SmHandler target=Handler (com.android.internal.util.StateMachine$SmHandler) {43142030} }
D/WifiHW  ( 1655): enter -->wifi_send_command cmd=IFNAME=wlan0 SIGNAL_POLL
D/wpa_supplicant( 3981): RX ctrl_iface - hexdump(len=11): 53 49 47 4e 41 4c 5f 50 4f 4c 4c
D/wpa_supplicant( 3981): wlan0: Control interface command 'SIGNAL_POLL'
D/wpa_supplicant( 3981): nl80211: survey data missing!
D/wpa_supplicant( 3981): signal poll, reply_len=48
D/wpa_ctrl( 1655): reply_len=4095
D/WifiHW  ( 1655): leave --> reply=RSSI=-42
D/WifiHW  ( 1655): LINKSPEED=65
D/WifiHW  ( 1655): NOISE=9999
D/WifiHW  ( 1655): FREQUENCY=2412
D/WifiHW  ( 1655): 
D/wifi    ( 1655): doStringCommand, buf IFNAME=wlan0 SIGNAL_POLL
I/WifiStateMachine( 1655): fetchRssiAndLinkSpeedNative, newRssi:-42, newLinkSpeed:65, SSID:"60_dev_01"
D/WifiStateMachine( 1655): mRssiArray[0] = -42
D/WifiStateMachine( 1655): mRssiArray[1] = -43
D/WifiStateMachine( 1655): mRssiArray[2] = -43
D/WifiStateMachine( 1655): mRssiArray[3] = -42
D/WifiStateMachine( 1655): mRssiArray[4] = -42
D/WifiStateMachine( 1655): GetFilterRssi is : -42
D/WifiStateMachine( 1655): mLastSignalLevel:4, newSignalLevel:4
D/WifiStateMachine( 1655): fetchRssiAndLinkSpeedNative, ipAddr:1795166380
D/ADB_SERVICES(  297): recv: CNXN 01000000 00001000 0007 host::
D/ADB_SERVICES(  297): adb: offline
D/ADB_SERVICES(  297): (null): run_transport_disconnects fd: 26
W/ADB_SERVICES(  297): entered. LS(6983) fd=15
D/ADB_SERVICES(  297): adb: online
D/ADB_SERVICES(  297): Calling send_connect 
W/ADB_SERVICES(  297): create_local_service_socket() name=shell:wm size
W/ADB_SERVICES(  297): service_to_fd() name=shell:wm size
W/ADB_SERVICES(  297): read_meminfo() mem_free=160264
W/ADB_SERVICES(  297): create_subprocess() ret_fd=15 pid=25610
W/ADB_SERVICES(  297): LS(6984): bound to 'shell:wm size' via 15
D/ADB_SERVICES(  297): adb local_socket_ready list (15) 
W/ADB_SERVICES(  297): create_local_service_socket() name=shell:
W/ADB_SERVICES(  297): service_to_fd() name=shell:
W/ADB_SERVICES(  297): read_meminfo() mem_free=160264
W/ADB_SERVICES(  297): create_subprocess() ret_fd=16 pid=25611
W/ADB_SERVICES(  297): LS(6985): bound to 'shell:' via 16
W/ADB_SERVICES(25611): adb: unable to open /proc/25611/oom_adj
W/ADB_SERVICES(25610): adb: unable to open /proc/25610/oom_adj
D/ADB_SERVICES(  297): adb socket read list (15) (16) 
D/ADB_SERVICES(  297): read_data=26
D/ADB_SERVICES(  297): max_read_time=0.000038 max_send_time=0.000059 
D/AndroidRuntime(25610): 
D/AndroidRuntime(25610): >>>>>> AndroidRuntime START com.android.internal.os.RuntimeInit <<<<<<
D/AndroidRuntime(25610): CheckJNI is OFF
D/AndroidRuntime(25610): language=-Duser.language=zh region=-Duser.region=CN
D/dalvikvm(25610): boot class : 
D/dalvikvm(25610):   (0) core.jar
D/dalvikvm(25610):   (1) conscrypt.jar
D/dalvikvm(25610):   (2) okhttp.jar
D/dalvikvm(25610):   (3) core-junit.jar
D/dalvikvm(25610):   (4) bouncycastle.jar
D/dalvikvm(25610):   (5) ext.jar
D/dalvikvm(25610):   (6) framework.jar
D/dalvikvm(25610):   (7) framework2.jar
D/dalvikvm(25610):   (8) telephony-common.jar
D/dalvikvm(25610):   (9) voip-common.jar
D/dalvikvm(25610):   (10) mms-common.jar
D/dalvikvm(25610):   (11) android.policy.jar
D/dalvikvm(25610):   (12) services.jar
D/dalvikvm(25610):   (13) apache-xml.jar
D/dalvikvm(25610):   (14) webviewchromium.jar
D/dalvikvm(25610):   (15) mediatek-common.jar
D/dalvikvm(25610):   (16) mediatek-framework.jar
D/dalvikvm(25610):   (17) CustomProperties.jar
D/dalvikvm(25610):   (18) mediatek-telephony-common.jar
D/dalvikvm(25610):   (19) mediatek-tablet.jar
D/dalvikvm(25610):   (20) oppo-framework.jar
D/dalvikvm(25610):   (21) am.jar
D/ReserveFileInData(25616): Total_size = 12702646272 B = 12404928 KB = 12114 MB = 11 GB
D/ReserveFileInData(25616): Disk_free = 9009 MB = 8 GB
D/ReserveFileInData(25616): Disk_available = 8993 MB = 8 GB
D/ReserveFileInData(25616): availDataSize is 8993
D/dalvikvm(25610): threadid=1: interp stack at 0x6d8c5000
D/dalvikvm(25610): dvmJarFileOpen: /system/framework/core.jar
D/dalvikvm(25610): dvmJarFileOpen: /system/framework/conscrypt.jar
D/dalvikvm(25610): dvmJarFileOpen: /system/framework/okhttp.jar
D/dalvikvm(25610): dvmJarFileOpen: /system/framework/core-junit.jar
D/dalvikvm(25610): dvmJarFileOpen: /system/framework/bouncycastle.jar
D/dalvikvm(25610): dvmJarFileOpen: /system/framework/ext.jar
D/dalvikvm(25610): dvmJarFileOpen: /system/framework/framework.jar
D/dalvikvm(25610): dvmJarFileOpen: /system/framework/framework2.jar
D/dalvikvm(25610): dvmJarFileOpen: /system/framework/telephony-common.jar
D/dalvikvm(25610): dvmJarFileOpen: /system/framework/voip-common.jar
D/dalvikvm(25610): dvmJarFileOpen: /system/framework/mms-common.jar
D/dalvikvm(25610): dvmJarFileOpen: /system/framework/android.policy.jar
D/dalvikvm(25610): dvmJarFileOpen: /system/framework/services.jar
D/dalvikvm(25610): dvmJarFileOpen: /system/framework/apache-xml.jar
D/dalvikvm(25610): dvmJarFileOpen: /system/framework/webviewchromium.jar
D/dalvikvm(25610): dvmJarFileOpen: /system/framework/mediatek-common.jar
D/dalvikvm(25610): dvmJarFileOpen: /system/framework/mediatek-framework.jar
D/dalvikvm(25610): dvmJarFileOpen: /system/framework/CustomProperties.jar
D/dalvikvm(25610): dvmJarFileOpen: /system/framework/mediatek-telephony-common.jar
D/dalvikvm(25610): dvmJarFileOpen: /system/framework/mediatek-tablet.jar
D/dalvikvm(25610): dvmJarFileOpen: /system/framework/oppo-framework.jar
D/dalvikvm(25610): open_cached_dex_file : /system/framework/oppo-framework.jar /data/dalvik-cache/system@framework@oppo-framework.jar@classes.dex
D/dalvikvm(25610): process bootclasspath ex!!
D/dalvikvm(25610): dvmJarFileOpen: /system/framework/mediatek-op.jar
D/dalvikvm(25610): open_cached_dex_file : /system/framework/mediatek-op.jar /data/dalvik-cache/system@framework@mediatek-op.jar@classes.dex
D/dalvikvm(25610): Trying to load lib libjavacore.so 0x0
D/dalvikvm(25610): Added shared lib libjavacore.so 0x0
D/dalvikvm(25610): Trying to load lib libnativehelper.so 0x0
D/dalvikvm(25610): Added shared lib libnativehelper.so 0x0
D/dalvikvm(25610): No JNI_OnLoad found in libnativehelper.so 0x0, skipping init
D/dalvikvm(25610): +++ finishing prep on main VM thread
D/dalvikvm(25610): dvmJarFileOpen: /system/framework/wm.jar
I/dalvikvm(25610): DexOpt: mismatch dep name: '/data/dalvik-cache/system@framework@oppo-framework.jar@classes.dex' vs. '/system/framework/oppo-framework.odex'
D/dalvikvm(25610): == DexOpt: numDeps = 21
D/dalvikvm(25610): 0 : /system/framework/core.odex /system/framework/core.odex
D/dalvikvm(25610): 1 : /system/framework/conscrypt.odex /system/framework/conscrypt.odex
D/dalvikvm(25610): 2 : /system/framework/okhttp.odex /system/framework/okhttp.odex
D/dalvikvm(25610): 3 : /system/framework/core-junit.odex /system/framework/core-junit.odex
D/dalvikvm(25610): 4 : /system/framework/bouncycastle.odex /system/framework/bouncycastle.odex
D/dalvikvm(25610): 5 : /system/framework/ext.odex /system/framework/ext.odex
D/dalvikvm(25610): 6 : /system/framework/framework.odex /system/framework/framework.odex
D/dalvikvm(25610): 7 : /system/framework/framework2.odex /system/framework/framework2.odex
D/dalvikvm(25610): 8 : /system/framework/telephony-common.odex /system/framework/telephony-common.odex
D/dalvikvm(25610): 9 : /system/framework/voip-common.odex /system/framework/voip-common.odex
D/dalvikvm(25610): 10 : /system/framework/mms-common.odex /system/framework/mms-common.odex
D/dalvikvm(25610): 11 : /system/framework/android.policy.odex /system/framework/android.policy.odex
D/dalvikvm(25610): 12 : /system/framework/services.odex /system/framework/services.odex
D/dalvikvm(25610): 13 : /system/framework/apache-xml.odex /system/framework/apache-xml.odex
D/dalvikvm(25610): 14 : /system/framework/webviewchromium.odex /system/framework/webviewchromium.odex
D/dalvikvm(25610): 15 : /system/framework/mediatek-common.odex /system/framework/mediatek-common.odex
D/dalvikvm(25610): 16 : /system/framework/mediatek-framework.odex /system/framework/mediatek-framework.odex
D/dalvikvm(25610): 17 : /system/framework/CustomProperties.odex /system/framework/CustomProperties.odex
D/dalvikvm(25610): 18 : /system/framework/mediatek-telephony-common.odex /system/framework/mediatek-telephony-common.odex
D/dalvikvm(25610): 19 : /system/framework/mediatek-tablet.odex /system/framework/mediatek-tablet.odex
D/dalvikvm(25610): 20 : /system/framework/oppo-framework.odex /system/framework/oppo-framework.odex
D/dalvikvm(25610): 21 : NULL NULL
E/dalvikvm(25610): /system/framework/wm.jar odex has stale dependencies
D/dalvikvm(25610): open_cached_dex_file : /system/framework/wm.jar /data/dalvik-cache/system@framework@wm.jar@classes.dex
D/dalvikvm(25610): create interp thread : stack size=128KB
D/dalvikvm(25610): create new thread
D/dalvikvm(25610): new thread created
D/dalvikvm(25610): update thread list
D/dalvikvm(25610): threadid=2: interp stack at 0x72e0e000
D/dalvikvm(25610): threadid=2: created from interp
D/dalvikvm(25610): start new thread
D/dalvikvm(25610): threadid=2: notify debugger
D/dalvikvm(25610): threadid=2 (ReferenceQueueDaemon): calling run()
D/dalvikvm(25610): create interp thread : stack size=128KB
D/dalvikvm(25610): create new thread
D/dalvikvm(25610): new thread created
D/dalvikvm(25610): update thread list
D/dalvikvm(25610): threadid=3: interp stack at 0x72f2e000
D/dalvikvm(25610): threadid=3: created from interp
D/dalvikvm(25610): start new thread
D/dalvikvm(25610): threadid=3: notify debugger
D/dalvikvm(25610): threadid=3 (FinalizerDaemon): calling run()
D/dalvikvm(25610): create interp thread : stack size=128KB
D/dalvikvm(25610): create new thread
D/dalvikvm(25610): new thread created
D/dalvikvm(25610): update thread list
D/dalvikvm(25610): threadid=4: interp stack at 0x7304e000
D/dalvikvm(25610): threadid=4: created from interp
D/dalvikvm(25610): start new thread
D/dalvikvm(25610): threadid=4: notify debugger
D/dalvikvm(25610): threadid=4 (FinalizerWatchdogDaemon): calling run()
D/dalvikvm(25610): threadid=5: interp stack at 0x73270000
D/dalvikvm(25610): threadid=6: interp stack at 0x73391000
D/dalvikvm(25610): Elevating priority from 0 to -8
D/jdwp    (25610): prepping for JDWP over ADB
D/dalvikvm(25610): threadid=7: interp stack at 0x734b4000
D/jdwp    (25610): JDWP: thread running
D/jdwp    (25610): trying to receive file descriptor from ADB
D/dalvikvm(25610): threadid=8: interp stack at 0x735d5000
D/ADB_SERVICES(  297): Adding socket 17 pid 25610 to jdwp process list
D/dalvikvm(25610): Note: class Landroid/app/ActivityManagerNative; has 194 unimplemented (abstract) methods
E/memtrack(25610): Couldn't load memtrack module (No such file or directory)
E/android.os.Debug(25610): failed to load memtrack module: -2
D/AndroidRuntime(25610): Calling main entry com.android.commands.wm.Wm
D/dalvikvm(25610): threadid=9: interp stack at 0x73aba000
D/dalvikvm(25610): threadid=10: interp stack at 0x73bda000
D/AndroidRuntime(25610): Shutting down VM
D/dalvikvm(25610): threadid=10: bye!
D/dalvikvm(25610): threadid=1: bye!
D/dalvikvm(25610): threadid=9: last non-daemon thread
D/dalvikvm(25610): threadid=9: bye!
D/dalvikvm(25610): DestroyJavaVM waiting for non-daemon threads to exit
D/dalvikvm(25610): DestroyJavaVM shutting VM down
D/dalvikvm(25610): VM shutting down
D/dalvikvm(25610): between the previous GC alloc  702K
D/dalvikvm(25610): GC_CONCURRENT freed 95K (977), 14% free 607K/704K, paused 0ms+0ms, total 3ms
D/dalvikvm(25610): threadid=5: bye!
D/jdwp    (25610): JDWP shutting down net...
D/jdwp    (25610): +++ writing to wakePipe
E/jdwp    (25610): jdwp::setsockopt(SO_SNDTIMEO)
E/jdwp    (25610): jdwp::setsockopt(SO_RCVTIMEO)
D/jdwp    (25610): JDWP: thread exiting
D/dalvikvm(25610): threadid=7: bye!
W/ADB_SERVICES(  297): terminating JDWP 25610 connection: Try again
D/ADB_SERVICES(  297): remove pid 25610 to jdwp process list
D/jdwp    (25610): JDWP freeing netstate...
I/dalvikvm(25610): threadid=6: ignore signal 3
D/dalvikvm(25610): threadid=6: bye!
D/dalvikvm(25610): 124 compilations using 4096 + 14224 bytes
D/dalvikvm(25610): Compiler arena uses 6 blocks (8100 bytes each)
D/dalvikvm(25610): Compiler work queue length is 0/9
