I/uSDK    (13777): [CAE][I][2017-12-26 17:10:52.376117][mDNSPlatformWriteLogMsg:171][receive x_RefreshInterfaceList cmd ]
I/uSDK    (13777): [CAE][I][2017-12-26 17:10:52.376143][mDNSPlatformWriteLogMsg:171][mdns daemon refreshing interface list ... ...]
I/uSDK    (13777): [CAE][I][2017-12-26 17:10:52.376165][mDNSPlatformWriteLogMsg:171][qname : _cae._udp.local.  qtype value: 12  string info: PTR ]
I/chromium(13777): [INFO:resource_provider.cc(1770)] [StartRaster] allocated=[1] image_id=[799] buffer=[0x8641e000] stride=[1536]
I/uSDK    (13777): [CAE][I][2017-12-26 17:10:52.376179][mDNSPlatformWriteLogMsg:171][StartLLQPolling ... ... ]
I/uSDK    (13777): [CAE][I][2017-12-26 17:10:52.376194][mDNSPlatformWriteLogMsg:171][ xxx mDNS Execute begin ... ... ]
I/uSDK    (13777): [CAE][I][2017-12-26 17:10:52.376209][mDNSPlatformWriteLogMsg:171][mdns daemon refreshing interface list end!]
I/uSDK    (13777): [CAE][I][2017-12-26 17:10:52.376225][mDNSPlatformWriteLogMsg:171][request_callback: 318:ERROR: Unsupported UDS req:8888 PID[-1][]]
I/chromium(13777): [INFO:image_raster_worker_pool.cc(75)] [RunOnWorkerThread] --------------
I/chromium(13777): [INFO:resource_provider.cc(1770)] [StartRaster] allocated=[1] image_id=[807] buffer=[0x86d9d000] stride=[1536]
I/chromium(13777): [INFO:image_raster_worker_pool.cc(75)] [RunOnWorkerThread] --------------
I/chromium(13777): [INFO:resource_provider.cc(1770)] [StartRaster] allocated=[1] image_id=[714] buffer=[0x8a5ff000] stride=[1536]
I/chromium(13777): [INFO:image_raster_worker_pool.cc(75)] [RunOnWorkerThread] --------------
I/chromium(13777): [INFO:resource_provider.cc(1770)] [StartRaster] allocated=[1] image_id=[754] buffer=[0x9271e000] stride=[1536]
I/chromium(13777): [INFO:image_raster_worker_pool.cc(75)] [RunOnWorkerThread] --------------
I/chromium(13777): [INFO:resource_provider.cc(1770)] [StartRaster] allocated=[1] image_id=[796] buffer=[0x85f12000] stride=[1536]
I/chromium(13777): [INFO:image_raster_worker_pool.cc(75)] [RunOnWorkerThread] --------------
I/chromium(13777): [INFO:resource_provider.cc(1770)] [StartRaster] allocated=[1] image_id=[783] buffer=[0x7cbc3000] stride=[1536]
I/uSDK    (13777): [CAE][I][2017-12-26 17:10:52.377815][cae_sd_core_connect_send_search_data:126][sending mdns search upd data is end; err:0]
I/chromium(13777): [INFO:image_raster_worker_pool.cc(75)] [RunOnWorkerThread] --------------
I/chromium(13777): [INFO:resource_provider.cc(1770)] [StartRaster] allocated=[1] image_id=[742] buffer=[0x8f047000] stride=[1536]
I/chromium(13777): [INFO:image_raster_worker_pool.cc(75)] [RunOnWorkerThread] --------------
I/chromium(13777): [INFO:resource_provider.cc(1770)] [StartRaster] allocated=[1] image_id=[812] buffer=[0x87a1a000] stride=[1536]
I/chromium(13777): [INFO:image_raster_worker_pool.cc(75)] [RunOnWorkerThread] --------------
I/chromium(13777): [INFO:resource_provider.cc(1770)] [StartRaster] allocated=[1] image_id=[814] buffer=[0x87bca000] stride=[1536]
I/chromium(13777): [INFO:image_raster_worker_pool.cc(75)] [RunOnWorkerThread] --------------
I/chromium(13777): [INFO:resource_provider.cc(1770)] [StartRaster] allocated=[1] image_id=[784] buffer=[0x82d0e000] stride=[1536]
I/chromium(13777): [INFO:image_raster_worker_pool.cc(75)] [RunOnWorkerThread] --------------
I/chromium(13777): [INFO:resource_provider.cc(1770)] [StartRaster] allocated=[1] image_id=[806] buffer=[0x86d0d000] stride=[1536]
I/chromium(13777): [INFO:image_raster_worker_pool.cc(75)] [RunOnWorkerThread] --------------
I/chromium(13777): [INFO:resource_provider.cc(1770)] [StartRaster] allocated=[1] image_id=[787] buffer=[0x83f09000] stride=[1536]
I/chromium(13777): [INFO:image_raster_worker_pool.cc(75)] [RunOnWorkerThread] --------------
I/chromium(13777): [INFO:resource_provider.cc(1770)] [StartRaster] allocated=[1] image_id=[801] buffer=[0x865d9000] stride=[1536]
I/chromium(13777): [INFO:image_raster_worker_pool.cc(75)] [RunOnWorkerThread] --------------
I/chromium(13777): [INFO:resource_provider.cc(1770)] [StartRaster] allocated=[1] image_id=[821] buffer=[0x89154000] stride=[1280]
I/chromium(13777): [INFO:image_raster_worker_pool.cc(75)] [RunOnWorkerThread] --------------
I/chromium(13777): [INFO:resource_provider.cc(1770)] [StartRaster] allocated=[1] image_id=[691] buffer=[0x79f4a000] stride=[1280]
I/chromium(13777): [INFO:image_raster_worker_pool.cc(75)] [RunOnWorkerThread] --------------
I/chromium(13777): [INFO:resource_provider.cc(1770)] [StartRaster] allocated=[1] image_id=[479] buffer=[0x82dd2000] stride=[1280]
I/BufferQueue(  245): [com.sixty.nidoneClient/com.sixty.nidoneClient.view.activity.SDK_WebApp](this:0xb7103c18,id:1804,api:1,p:13777,c:245) queueBuffer: fps=0.94 dur=1061.59 max=1061.59 min=1061.59
I/chromium(13777): [INFO:image_raster_worker_pool.cc(75)] [RunOnWorkerThread] --------------
I/chromium(13777): [INFO:resource_provider.cc(1770)] [StartRaster] allocated=[1] image_id=[822] buffer=[0x89421000] stride=[1280]
I/chromium(13777): [INFO:image_raster_worker_pool.cc(75)] [RunOnWorkerThread] --------------
I/chromium(13777): [INFO:resource_provider.cc(1770)] [StartRaster] allocated=[1] image_id=[826] buffer=[0x89a97000] stride=[1280]
I/chromium(13777): [INFO:image_raster_worker_pool.cc(75)] [RunOnWorkerThread] --------------
I/        (  245): [BWC INFO](245): get_bwc_mm_property success
I/SurfaceFlinger(  245): [Built-in Screen (type:0)] fps:0.942350,dur:1061.18,max:1061.18,min:1061.18
D/DCloud_LOG(13777): AdaFrameView.dispatchFrameViewEvents type=touchstart;args=640
D/yl      (13777): NWindow.onCallBack pEventType=touchstart;640;
I/console (13777): [LOG]  sendHeart at dist/js/source/houseSever.js:1
D/WebView (13777): evaluateJavascript=javascript:(function(w,n){try{var plus=((w.__html5plus__&&w.__html5plus__.isReady)?w.__html5plus__:(n.plus&&n.plus.isReady)?n.plus:window.plus);var result= {};result.status = 1;result.message = {"seq":"1514279452898","uid":"1000001079224195"};result.keepCallback = false;plus && plus.bridge.callbackFromNative('plus18731514279452898', result);}catch(e){console.error(e)};})(window,navigator);
E/overtime(13777): RecvListener
D/WebView (13777): evaluateJavascript=javascript:(function(w,n){try{var plus=((w.__html5plus__&&w.__html5plus__.isReady)?w.__html5plus__:(n.plus&&n.plus.isReady)?n.plus:window.plus);var result= {};result.status = 1;result.message = {"data":"fn5+fgAAAEd7ImNtZCI6Im5ldHdvcmsiLCJjbWRUeXBlIjoiaGVhcnQiLCJzZXF1ZW5jZSI6MCwic3RhdHVzIjoiUyIsInVpZCI6IiJ9Cg==","uid":"1000001079224195"};result.keepCallback = true;plus && plus.bridge.callbackFromNative('plus2221514271864413', result);}catch(e){console.error(e)};})(window,navigator);
I/console (13777): [LOG]  handleMessage strJoson======{"cmd":"network","cmdType":"heart","sequence":0,"status":"S","uid":""}
I/console (13777):  at dist/js/source/house.js:1
D/WindowManager( 1655): interceptKeyTq: result=1 keycode=96 screenIsOn=true keyguardActive=false policyFlags = #b000000 down =true canceled = false isWakeKey=false mVolumeDownKeyTriggered =false mVolumeUpKeyTriggered =false
D/WindowManager( 1655): interceptKeyTi keyCode=96 down=true repeatCount=0 keyguardOn=false mHomePressed=false canceled=false metaState:0
D/WindowManager( 1655): interceptKeyTq: result=1 keycode=96 screenIsOn=true keyguardActive=false policyFlags = #b000000 down =false canceled = false isWakeKey=false mVolumeDownKeyTriggered =false mVolumeUpKeyTriggered =false
D/WindowManager( 1655): interceptKeyTi keyCode=96 down=false repeatCount=0 keyguardOn=false mHomePressed=false canceled=false metaState:0
D/WebView (13777): evaluateJavascript=javascript:(function(w,n){try{var plus=((w.__html5plus__&&w.__html5plus__.isReady)?w.__html5plus__:(n.plus&&n.plus.isReady)?n.plus:window.plus);var result= {};result.status = 1;result.message = {"features":["barcode","accelerometer","device","downloader","socketpluginservice","nativeobj","console","payment","invocation","xmlhttprequest","contacts","zip","uploader","gallery","orientation","camera","runtime","file","events","cache","geolocation","storage","webview","ui","irdapluginservice","proximity","navigator","audio","speech","robotxbpluginctrl","nativeui"],"author":"","appid":"com.sixty.nidoneClient","email":"","description":"","name":"","version":"2.3.23"};result.keepCallback = false;plus && plus.bridge.callbackFromNative('plus18741514279453306', result);}catch(e){console.error(e)};})(window,navigator);
I/chromium(13777): [INFO:resource_provider.cc(1770)] [StartRaster] allocated=[1] image_id=[706] buffer=[0x89581000] stride=[1536]
I/chromium(13777): [INFO:image_raster_worker_pool.cc(75)] [RunOnWorkerThread] --------------
I/chromium(13777): [INFO:resource_provider.cc(1770)] [StartRaster] allocated=[1] image_id=[785] buffer=[0x83afe000] stride=[2048]
I/chromium(13777): [INFO:image_raster_worker_pool.cc(75)] [RunOnWorkerThread] --------------
I/chromium(13777): [INFO:resource_provider.cc(1770)] [StartRaster] allocated=[1] image_id=[730] buffer=[0x83c8c000] stride=[2048]
I/webview (13777): shouldInterceptRequest url=file:///storage/emulated/0/Android/data/com.sixty.nidoneClient/apps/com.sixty.nidoneClient/www/dist/family/familyAdd.html;withJs=null
I/webview (13777): onLoadResource url=file:///storage/emulated/0/Android/data/com.sixty.nidoneClient/apps/com.sixty.nidoneClient/www/dist/family/familyAdd.html
D/DCloud_LOG(13777): AdaFrameView.dispatchFrameViewEvents type=listenResourceLoading;args={url:'file:///storage/emulated/0/Android/data/com.sixty.nidoneClient/apps/com.sixty.nidoneClient/www/dist/family/familyAdd.html'}
D/yl      (13777): NWindow.onCallBack pEventType=listenResourceLoading;{url:'file:///storage/emulated/0/Android/data/com.sixty.nidoneClient/apps/com.sixty.nidoneClient/www/dist/family/familyAdd.html'};
D/Main_Path(13777): activeAppRootViewWithWapPage  IWebviewStateListener pType= 2
I/chromium(13777): [INFO:image_raster_worker_pool.cc(75)] [RunOnWorkerThread] --------------
I/chromium(13777): [INFO:resource_provider.cc(1770)] [StartRaster] allocated=[1] image_id=[818] buffer=[0x8898e000] stride=[1536]
I/chromium(13777): [INFO:image_raster_worker_pool.cc(75)] [RunOnWorkerThread] --------------
I/chromium(13777): [INFO:resource_provider.cc(1770)] [StartRaster] allocated=[1] image_id=[738] buffer=[0x8ee07000] stride=[1536]
I/chromium(13777): [INFO:image_raster_worker_pool.cc(75)] [RunOnWorkerThread] --------------
I/chromium(13777): [INFO:resource_provider.cc(1770)] [StartRaster] allocated=[1] image_id=[793] buffer=[0x8585a000] stride=[1536]
I/chromium(13777): [INFO:image_raster_worker_pool.cc(75)] [RunOnWorkerThread] --------------
I/chromium(13777): [INFO:resource_provider.cc(1770)] [StartRaster] allocated=[1] image_id=[655] buffer=[0x7c06c000] stride=[2048]
I/chromium(13777): [INFO:image_raster_worker_pool.cc(75)] [RunOnWorkerThread] --------------
I/chromium(13777): [INFO:resource_provider.cc(1770)] [StartRaster] allocated=[1] image_id=[790] buffer=[0x847ae000] stride=[2048]
I/chromium(13777): [INFO:image_raster_worker_pool.cc(75)] [RunOnWorkerThread] --------------
I/chromium(13777): [INFO:resource_provider.cc(1770)] [StartRaster] allocated=[1] image_id=[797] buffer=[0x860f2000] stride=[1536]
I/chromium(13777): [INFO:image_raster_worker_pool.cc(75)] [RunOnWorkerThread] --------------
I/chromium(13777): [INFO:resource_provider.cc(1770)] [StartRaster] allocated=[1] image_id=[798] buffer=[0x862fd000] stride=[1536]
I/chromium(13777): [INFO:image_raster_worker_pool.cc(75)] [RunOnWorkerThread] --------------
I/chromium(13777): [INFO:resource_provider.cc(1770)] [StartRaster] allocated=[1] image_id=[732] buffer=[0x86777000] stride=[2048]
I/chromium(13777): [INFO:image_raster_worker_pool.cc(75)] [RunOnWorkerThread] --------------
I/chromium(13777): [INFO:resource_provider.cc(1770)] [StartRaster] allocated=[1] image_id=[701] buffer=[0x7c600000] stride=[2048]
I/chromium(13777): [INFO:image_raster_worker_pool.cc(75)] [RunOnWorkerThread] --------------
I/chromium(13777): [INFO:resource_provider.cc(1770)] [StartRaster] allocated=[1] image_id=[782] buffer=[0x7c660000] stride=[1536]
I/chromium(13777): [INFO:image_raster_worker_pool.cc(75)] [RunOnWorkerThread] --------------
I/chromium(13777): [INFO:resource_provider.cc(1770)] [StartRaster] allocated=[1] image_id=[810] buffer=[0x878fa000] stride=[1536]
I/chromium(13777): [INFO:image_raster_worker_pool.cc(75)] [RunOnWorkerThread] --------------
I/chromium(13777): [INFO:resource_provider.cc(1770)] [StartRaster] allocated=[1] image_id=[800] buffer=[0x86549000] stride=[1536]
I/chromium(13777): [INFO:image_raster_worker_pool.cc(75)] [RunOnWorkerThread] --------------
I/chromium(13777): [INFO:resource_provider.cc(1770)] [StartRaster] allocated=[1] image_id=[780] buffer=[0x7c3c7000] stride=[1536]
I/chromium(13777): [INFO:image_raster_worker_pool.cc(75)] [RunOnWorkerThread] --------------
I/chromium(13777): [INFO:resource_provider.cc(1770)] [StartRaster] allocated=[1] image_id=[820] buffer=[0x88d90000] stride=[1536]
I/chromium(13777): [INFO:image_raster_worker_pool.cc(75)] [RunOnWorkerThread] --------------
I/chromium(13777): [INFO:resource_provider.cc(1770)] [StartRaster] allocated=[1] image_id=[805] buffer=[0x86c7d000] stride=[1536]
I/chromium(13777): [INFO:image_raster_worker_pool.cc(75)] [RunOnWorkerThread] --------------
I/chromium(13777): [INFO:resource_provider.cc(1770)] [StartRaster] allocated=[1] image_id=[803] buffer=[0x86b5d000] stride=[1536]
I/chromium(13777): [INFO:image_raster_worker_pool.cc(75)] [RunOnWorkerThread] --------------
I/chromium(13777): [INFO:resource_provider.cc(1770)] [StartRaster] allocated=[1] image_id=[804] buffer=[0x86bed000] stride=[1536]
I/chromium(13777): [INFO:image_raster_worker_pool.cc(75)] [RunOnWorkerThread] --------------
I/chromium(13777): [INFO:resource_provider.cc(1770)] [StartRaster] allocated=[1] image_id=[689] buffer=[0x87b3a000] stride=[1536]
I/chromium(13777): [INFO:image_raster_worker_pool.cc(75)] [RunOnWorkerThread] --------------
I/chromium(13777): [INFO:resource_provider.cc(1770)] [StartRaster] allocated=[1] image_id=[808] buffer=[0x86e2d000] stride=[1536]
I/chromium(13777): [INFO:image_raster_worker_pool.cc(75)] [RunOnWorkerThread] --------------
I/chromium(13777): [INFO:resource_provider.cc(1770)] [StartRaster] allocated=[1] image_id=[813] buffer=[0x87aaa000] stride=[1536]
I/chromium(13777): [INFO:image_raster_worker_pool.cc(75)] [RunOnWorkerThread] --------------
I/chromium(13777): [INFO:resource_provider.cc(1770)] [StartRaster] allocated=[1] image_id=[788] buffer=[0x843fa000] stride=[1536]
I/chromium(13777): [INFO:image_raster_worker_pool.cc(75)] [RunOnWorkerThread] --------------
I/chromium(13777): [INFO:resource_provider.cc(1770)] [StartRaster] allocated=[1] image_id=[816] buffer=[0x8886e000] stride=[1536]
I/chromium(13777): [INFO:image_raster_worker_pool.cc(75)] [RunOnWorkerThread] --------------
I/chromium(13777): [INFO:resource_provider.cc(1770)] [StartRaster] allocated=[1] image_id=[817] buffer=[0x888fe000] stride=[1536]
I/chromium(13777): [INFO:image_raster_worker_pool.cc(75)] [RunOnWorkerThread] --------------
I/chromium(13777): [INFO:resource_provider.cc(1770)] [StartRaster] allocated=[1] image_id=[799] buffer=[0x8641e000] stride=[1536]
I/chromium(13777): [INFO:image_raster_worker_pool.cc(75)] [RunOnWorkerThread] --------------
I/chromium(13777): [INFO:resource_provider.cc(1770)] [StartRaster] allocated=[1] image_id=[807] buffer=[0x86d9d000] stride=[1536]
I/chromium(13777): [INFO:image_raster_worker_pool.cc(75)] [RunOnWorkerThread] --------------
I/chromium(13777): [INFO:resource_provider.cc(1770)] [StartRaster] allocated=[1] image_id=[754] buffer=[0x9271e000] stride=[1536]
I/chromium(13777): [INFO:image_raster_worker_pool.cc(75)] [RunOnWorkerThread] --------------
I/chromium(13777): [INFO:resource_provider.cc(1770)] [StartRaster] allocated=[1] image_id=[742] buffer=[0x8f047000] stride=[1536]
I/chromium(13777): [INFO:image_raster_worker_pool.cc(75)] [RunOnWorkerThread] --------------
I/chromium(13777): [INFO:resource_provider.cc(1770)] [StartRaster] allocated=[1] image_id=[812] buffer=[0x87a1a000] stride=[1536]
I/chromium(13777): [INFO:image_raster_worker_pool.cc(75)] [RunOnWorkerThread] --------------
I/chromium(13777): [INFO:resource_provider.cc(1770)] [StartRaster] allocated=[1] image_id=[814] buffer=[0x87bca000] stride=[1536]
I/chromium(13777): [INFO:image_raster_worker_pool.cc(75)] [RunOnWorkerThread] --------------
I/chromium(13777): [INFO:resource_provider.cc(1770)] [StartRaster] allocated=[1] image_id=[784] buffer=[0x82d0e000] stride=[1536]
I/chromium(13777): [INFO:image_raster_worker_pool.cc(75)] [RunOnWorkerThread] --------------
I/chromium(13777): [INFO:resource_provider.cc(1770)] [StartRaster] allocated=[1] image_id=[806] buffer=[0x86d0d000] stride=[1536]
I/chromium(13777): [INFO:image_raster_worker_pool.cc(75)] [RunOnWorkerThread] --------------
I/chromium(13777): [INFO:resource_provider.cc(1770)] [StartRaster] allocated=[1] image_id=[787] buffer=[0x83f09000] stride=[1536]
I/chromium(13777): [INFO:image_raster_worker_pool.cc(75)] [RunOnWorkerThread] --------------
I/chromium(13777): [INFO:resource_provider.cc(1770)] [StartRaster] allocated=[1] image_id=[801] buffer=[0x865d9000] stride=[1536]
I/chromium(13777): [INFO:image_raster_worker_pool.cc(75)] [RunOnWorkerThread] --------------
I/chromium(13777): [INFO:resource_provider.cc(1770)] [StartRaster] allocated=[1] image_id=[819] buffer=[0x88a1e000] stride=[1536]
I/chromium(13777): [INFO:image_raster_worker_pool.cc(75)] [RunOnWorkerThread] --------------
I/chromium(13777): [INFO:resource_provider.cc(1770)] [StartRaster] allocated=[1] image_id=[791] buffer=[0x84ac0000] stride=[1536]
I/chromium(13777): [INFO:image_raster_worker_pool.cc(75)] [RunOnWorkerThread] --------------
I/chromium(13777): [INFO:resource_provider.cc(1770)] [StartRaster] allocated=[1] image_id=[792] buffer=[0x853f8000] stride=[1536]
I/chromium(13777): [INFO:image_raster_worker_pool.cc(75)] [RunOnWorkerThread] --------------
I/chromium(13777): [INFO:resource_provider.cc(1770)] [StartRaster] allocated=[1] image_id=[809] buffer=[0x87150000] stride=[1536]
I/chromium(13777): [INFO:image_raster_worker_pool.cc(75)] [RunOnWorkerThread] --------------
I/chromium(13777): [INFO:resource_provider.cc(1770)] [StartRaster] allocated=[1] image_id=[815] buffer=[0x87c5a000] stride=[1536]
I/chromium(13777): [INFO:image_raster_worker_pool.cc(75)] [RunOnWorkerThread] --------------
I/chromium(13777): [INFO:resource_provider.cc(1770)] [StartRaster] allocated=[1] image_id=[802] buffer=[0x868fe000] stride=[1536]
I/chromium(13777): [INFO:image_raster_worker_pool.cc(75)] [RunOnWorkerThread] --------------
I/BufferQueue(  245): [com.sixty.nidoneClient/com.sixty.nidoneClient.view.activity.SDK_WebApp](this:0xb7103c18,id:1804,api:1,p:13777,c:245) queueBuffer: fps=0.96 dur=1044.02 max=1044.02 min=1044.02
I/chromium(13777): [INFO:resource_provider.cc(1770)] [StartRaster] allocated=[1] image_id=[699] buffer=[0x7bdd6000] stride=[1280]
I/chromium(13777): [INFO:image_raster_worker_pool.cc(75)] [RunOnWorkerThread] --------------
I/chromium(13777): [INFO:resource_provider.cc(1770)] [StartRaster] allocated=[1] image_id=[821] buffer=[0x89154000] stride=[1280]
I/chromium(13777): [INFO:image_raster_worker_pool.cc(75)] [RunOnWorkerThread] --------------
I/chromium(13777): [INFO:resource_provider.cc(1770)] [StartRaster] allocated=[1] image_id=[825] buffer=[0x79fbe000] stride=[1280]
I/chromium(13777): [INFO:image_raster_worker_pool.cc(75)] [RunOnWorkerThread] --------------
I/chromium(13777): [INFO:resource_provider.cc(1770)] [StartRaster] allocated=[1] image_id=[823] buffer=[0x7bb46000] stride=[1280]
I/chromium(13777): [INFO:image_raster_worker_pool.cc(75)] [RunOnWorkerThread] --------------
I/chromium(13777): [INFO:resource_provider.cc(1770)] [StartRaster] allocated=[1] image_id=[826] buffer=[0x89a97000] stride=[1280]
I/chromium(13777): [INFO:image_raster_worker_pool.cc(75)] [RunOnWorkerThread] --------------
I/        (  245): [BWC INFO](245): get_bwc_mm_property success
I/SurfaceFlinger(  245): [Built-in Screen (type:0)] fps:0.957549,dur:1044.33,max:1044.33,min:1044.33
D/webview (13777): onPageFinished=file:///storage/emulated/0/Android/data/com.sixty.nidoneClient/apps/com.sixty.nidoneClient/www/dist/index.html#familyAdd
V/websync (13777): *** WebSyncManager sync ***
I/shutao  (13777): onPageFinishedfile:///storage/emulated/0/Android/data/com.sixty.nidoneClient/apps/com.sixty.nidoneClient/www/dist/index.html
D/Main_Path(13777): activeAppRootViewWithWapPage  IWebviewStateListener pType= 1
D/approotview(13777): closeSplashScreen0 delay=0;autoClose=true
D/shutao  (13777): loadtime=7942499type=1
I/shutao  (13777): all.jsJSfile:///storage/emulated/0/Android/data/com.sixty.nidoneClient/apps/com.sixty.nidoneClient/www/dist/index.html
D/DCloud_LOG(13777): AdaFrameView.dispatchFrameViewEvents type=loaded;args=<UUID=1143190800>;<url=dist/index.html>;<hashcode=1143197216>
D/yl      (13777): NWindow.onCallBack pEventType=loaded;<UUID=1143190800>;<url=dist/index.html>;<hashcode=1143197216>;
D/Main_Path(13777): EVENTS_LOADED mUrl=dist/index.html
D/DCloud_LOG(13777): execCallback pEventType=loaded;
D/ContentSettingsAdapter(13777): setCacheMode=-1
D/Main_Path(13777): activeAppRootViewWithWapPage  IWebviewStateListener pType= 4
D/DCloud_LOG(13777): AdaFrameView.dispatchFrameViewEvents type=titleUpdate;args=
D/yl      (13777): NWindow.onCallBack pEventType=titleUpdate;;
D/DCloud_LOG(13777): execCallback pEventType=titleUpdate;
I/webview (13777): onReceivedTitle title=
V/Provider/Settings(13777): get setting for user 0 by user 0 so skipping cache
V/Provider/Settings(13777):  from settings cache , name = accessibility_script_injection , value = 0
D/WebView (13777): evaluateJavascript=javascript:window.SYNC_HANDLER && SYNC_HANDLER.__js__call__native__('1117541656',(function(){var ret = (function(){/*console.log('plusready event loading href=' + location.href);*/if(location.__page__load__over__){return 2}if(location.__plusready__||window.__html5plus__){if(!location.__plusready__event__){location.__plusready__event__=true;return 1}else{return 2}}return 0})();;var type = (typeof ret );return JSON.stringify([type,ret]);})());
D/WebView (13777): evaluateJavascript=javascript:(function(w,n){var p = ((w.__html5plus__&&w.__html5plus__.isReady)?w.__html5plus__:(n.plus&&n.plus.isReady)?n.plus:window.plus);p && p.webview && p.webview.__Webview_LoadEvent_CallBack_ && p.webview.__Webview_LoadEvent_CallBack_({WebviewID:'1143190800',Event:'onloaded',Msg:"<UUID=1143190800>;<url=dist\/index.html>;<hashcode=1143197216>"});})(window,navigator)
D/ReceiveJSValue(13777): __js__call__native__ js=["number",2]
I/chromium(13777): [INFO:resource_provider.cc(1770)] [StartRaster] allocated=[1] image_id=[779] buffer=[0x7c367000] stride=[2048]
I/chromium(13777): [INFO:image_raster_worker_pool.cc(75)] [RunOnWorkerThread] --------------
I/chromium(13777): [INFO:resource_provider.cc(1770)] [StartRaster] allocated=[1] image_id=[781] buffer=[0x7c457000] stride=[2048]
I/chromium(13777): [INFO:image_raster_worker_pool.cc(75)] [RunOnWorkerThread] --------------
I/chromium(13777): [INFO:resource_provider.cc(1770)] [StartRaster] allocated=[1] image_id=[818] buffer=[0x8898e000] stride=[1536]
I/chromium(13777): [INFO:image_raster_worker_pool.cc(75)] [RunOnWorkerThread] --------------
I/chromium(13777): [INFO:resource_provider.cc(1770)] [StartRaster] allocated=[1] image_id=[738] buffer=[0x8ee07000] stride=[1536]
I/chromium(13777): [INFO:image_raster_worker_pool.cc(75)] [RunOnWorkerThread] --------------
I/chromium(13777): [INFO:resource_provider.cc(1770)] [StartRaster] allocated=[1] image_id=[798] buffer=[0x862fd000] stride=[1536]
I/chromium(13777): [INFO:image_raster_worker_pool.cc(75)] [RunOnWorkerThread] --------------
I/chromium(13777): [INFO:resource_provider.cc(1770)] [StartRaster] allocated=[1] image_id=[782] buffer=[0x7c660000] stride=[1536]
I/chromium(13777): [INFO:image_raster_worker_pool.cc(75)] [RunOnWorkerThread] --------------
I/chromium(13777): [INFO:resource_provider.cc(1770)] [StartRaster] allocated=[1] image_id=[810] buffer=[0x878fa000] stride=[1536]
I/chromium(13777): [INFO:image_raster_worker_pool.cc(75)] [RunOnWorkerThread] --------------
I/chromium(13777): [INFO:resource_provider.cc(1770)] [StartRaster] allocated=[1] image_id=[800] buffer=[0x86549000] stride=[1536]
I/chromium(13777): [INFO:image_raster_worker_pool.cc(75)] [RunOnWorkerThread] --------------
I/chromium(13777): [INFO:resource_provider.cc(1770)] [StartRaster] allocated=[1] image_id=[780] buffer=[0x7c3c7000] stride=[1536]
I/chromium(13777): [INFO:image_raster_worker_pool.cc(75)] [RunOnWorkerThread] --------------
I/chromium(13777): [INFO:resource_provider.cc(1770)] [StartRaster] allocated=[1] image_id=[820] buffer=[0x88d90000] stride=[1536]
I/chromium(13777): [INFO:image_raster_worker_pool.cc(75)] [RunOnWorkerThread] --------------
I/chromium(13777): [INFO:resource_provider.cc(1770)] [StartRaster] allocated=[1] image_id=[805] buffer=[0x86c7d000] stride=[1536]
I/chromium(13777): [INFO:image_raster_worker_pool.cc(75)] [RunOnWorkerThread] --------------
I/chromium(13777): [INFO:resource_provider.cc(1770)] [StartRaster] allocated=[1] image_id=[803] buffer=[0x86b5d000] stride=[1536]
I/chromium(13777): [INFO:image_raster_worker_pool.cc(75)] [RunOnWorkerThread] --------------
I/chromium(13777): [INFO:resource_provider.cc(1770)] [StartRaster] allocated=[1] image_id=[804] buffer=[0x86bed000] stride=[1536]
I/chromium(13777): [INFO:image_raster_worker_pool.cc(75)] [RunOnWorkerThread] --------------
I/chromium(13777): [INFO:resource_provider.cc(1770)] [StartRaster] allocated=[1] image_id=[822] buffer=[0x89421000] stride=[1280]
I/chromium(13777): [INFO:image_raster_worker_pool.cc(75)] [RunOnWorkerThread] --------------
I/chromium(13777): [INFO:resource_provider.cc(1770)] [StartRaster] allocated=[1] image_id=[691] buffer=[0x79f4a000] stride=[1280]
I/chromium(13777): [INFO:image_raster_worker_pool.cc(75)] [RunOnWorkerThread] --------------
I/chromium(13777): [INFO:resource_provider.cc(1770)] [StartRaster] allocated=[1] image_id=[821] buffer=[0x89154000] stride=[1280]
I/chromium(13777): [INFO:image_raster_worker_pool.cc(75)] [RunOnWorkerThread] --------------
I/chromium(13777): [INFO:resource_provider.cc(1770)] [StartRaster] allocated=[1] image_id=[689] buffer=[0x87b3a000] stride=[1536]
I/chromium(13777): [INFO:image_raster_worker_pool.cc(75)] [RunOnWorkerThread] --------------
I/chromium(13777): [INFO:resource_provider.cc(1770)] [StartRaster] allocated=[1] image_id=[808] buffer=[0x86e2d000] stride=[1536]
I/chromium(13777): [INFO:image_raster_worker_pool.cc(75)] [RunOnWorkerThread] --------------
I/chromium(13777): [INFO:resource_provider.cc(1770)] [StartRaster] allocated=[1] image_id=[813] buffer=[0x87aaa000] stride=[1536]
I/chromium(13777): [INFO:image_raster_worker_pool.cc(75)] [RunOnWorkerThread] --------------
I/chromium(13777): [INFO:resource_provider.cc(1770)] [StartRaster] allocated=[1] image_id=[788] buffer=[0x843fa000] stride=[1536]
I/chromium(13777): [INFO:image_raster_worker_pool.cc(75)] [RunOnWorkerThread] --------------
I/chromium(13777): [INFO:resource_provider.cc(1770)] [StartRaster] allocated=[1] image_id=[816] buffer=[0x8886e000] stride=[1536]
I/chromium(13777): [INFO:image_raster_worker_pool.cc(75)] [RunOnWorkerThread] --------------
I/        (  245): [BWC INFO](245): get_bwc_mm_property success
V/websync (13777): *** WebSyncManager sync ***
V/websync (13777): CookieSyncManager::syncFromRamToFlash STARTS
V/websync (13777): CookieSyncManager::syncFromRamToFlash DONE
I/chromium(13777): [INFO:resource_provider.cc(1770)] [StartRaster] allocated=[1] image_id=[817] buffer=[0x888fe000] stride=[1536]
I/chromium(13777): [INFO:image_raster_worker_pool.cc(75)] [RunOnWorkerThread] --------------
I/chromium(13777): [INFO:resource_provider.cc(1770)] [StartRaster] allocated=[1] image_id=[799] buffer=[0x8641e000] stride=[1536]
I/chromium(13777): [INFO:image_raster_worker_pool.cc(75)] [RunOnWorkerThread] --------------
I/chromium(13777): [INFO:resource_provider.cc(1770)] [StartRaster] allocated=[1] image_id=[807] buffer=[0x86d9d000] stride=[1536]
I/chromium(13777): [INFO:image_raster_worker_pool.cc(75)] [RunOnWorkerThread] --------------
I/chromium(13777): [INFO:resource_provider.cc(1770)] [StartRaster] allocated=[1] image_id=[754] buffer=[0x9271e000] stride=[1536]
I/chromium(13777): [INFO:image_raster_worker_pool.cc(75)] [RunOnWorkerThread] --------------
I/chromium(13777): [INFO:resource_provider.cc(1770)] [StartRaster] allocated=[1] image_id=[742] buffer=[0x8f047000] stride=[1536]
I/chromium(13777): [INFO:image_raster_worker_pool.cc(75)] [RunOnWorkerThread] --------------
I/        (  245): [BWC INFO](245): get_bwc_mm_property success
I/        (  245): [BWC INFO](245): get_bwc_mm_property success
I/chromium(13777): [INFO:resource_provider.cc(1770)] [StartRaster] allocated=[1] image_id=[814] buffer=[0x87bca000] stride=[1536]
I/chromium(13777): [INFO:image_raster_worker_pool.cc(75)] [RunOnWorkerThread] --------------
I/chromium(13777): [INFO:resource_provider.cc(1770)] [StartRaster] allocated=[1] image_id=[784] buffer=[0x82d0e000] stride=[1536]
I/chromium(13777): [INFO:image_raster_worker_pool.cc(75)] [RunOnWorkerThread] --------------
I/chromium(13777): [INFO:resource_provider.cc(1770)] [StartRaster] allocated=[1] image_id=[787] buffer=[0x83f09000] stride=[1536]
I/chromium(13777): [INFO:image_raster_worker_pool.cc(75)] [RunOnWorkerThread] --------------
I/chromium(13777): [INFO:resource_provider.cc(1770)] [StartRaster] allocated=[1] image_id=[819] buffer=[0x88a1e000] stride=[1536]
I/chromium(13777): [INFO:image_raster_worker_pool.cc(75)] [RunOnWorkerThread] --------------
I/chromium(13777): [INFO:resource_provider.cc(1770)] [StartRaster] allocated=[1] image_id=[791] buffer=[0x84ac0000] stride=[1536]
I/chromium(13777): [INFO:image_raster_worker_pool.cc(75)] [RunOnWorkerThread] --------------
I/chromium(13777): [INFO:resource_provider.cc(1770)] [StartRaster] allocated=[1] image_id=[792] buffer=[0x853f8000] stride=[1536]
I/chromium(13777): [INFO:image_raster_worker_pool.cc(75)] [RunOnWorkerThread] --------------
I/chromium(13777): [INFO:resource_provider.cc(1770)] [StartRaster] allocated=[1] image_id=[809] buffer=[0x87150000] stride=[1536]
I/chromium(13777): [INFO:image_raster_worker_pool.cc(75)] [RunOnWorkerThread] --------------
I/chromium(13777): [INFO:resource_provider.cc(1770)] [StartRaster] allocated=[1] image_id=[815] buffer=[0x87c5a000] stride=[1536]
I/chromium(13777): [INFO:image_raster_worker_pool.cc(75)] [RunOnWorkerThread] --------------
I/chromium(13777): [INFO:resource_provider.cc(1770)] [StartRaster] allocated=[1] image_id=[802] buffer=[0x868fe000] stride=[1536]
I/chromium(13777): [INFO:image_raster_worker_pool.cc(75)] [RunOnWorkerThread] --------------
I/chromium(13777): [INFO:resource_provider.cc(1770)] [StartRaster] allocated=[1] image_id=[811] buffer=[0x8798a000] stride=[1536]
I/chromium(13777): [INFO:image_raster_worker_pool.cc(75)] [RunOnWorkerThread] --------------
I/chromium(13777): [INFO:resource_provider.cc(1770)] [StartRaster] allocated=[1] image_id=[794] buffer=[0x85c3a000] stride=[1536]
I/chromium(13777): [INFO:image_raster_worker_pool.cc(75)] [RunOnWorkerThread] --------------
I/chromium(13777): [INFO:resource_provider.cc(1770)] [StartRaster] allocated=[1] image_id=[795] buffer=[0x85d82000] stride=[1536]
I/chromium(13777): [INFO:image_raster_worker_pool.cc(75)] [RunOnWorkerThread] --------------
I/chromium(13777): [INFO:resource_provider.cc(1770)] [StartRaster] allocated=[1] image_id=[714] buffer=[0x8a5ff000] stride=[1536]
I/chromium(13777): [INFO:image_raster_worker_pool.cc(75)] [RunOnWorkerThread] --------------
I/chromium(13777): [INFO:resource_provider.cc(1770)] [StartRaster] allocated=[1] image_id=[796] buffer=[0x85f12000] stride=[1536]
I/chromium(13777): [INFO:image_raster_worker_pool.cc(75)] [RunOnWorkerThread] --------------
I/chromium(13777): [INFO:resource_provider.cc(1770)] [StartRaster] allocated=[1] image_id=[783] buffer=[0x7cbc3000] stride=[1536]
I/chromium(13777): [INFO:image_raster_worker_pool.cc(75)] [RunOnWorkerThread] --------------
D/approotview(13777): closeSplashScreen1;autoClose=true
D/Main_Path(13777): closeSplashScreen0 appid=com.sixty.nidoneClient;true;closeSplashDid=true
I/        (  245): [BWC INFO](245): get_bwc_mm_property success
I/chromium(13777): [INFO:resource_provider.cc(1770)] [StartRaster] allocated=[1] image_id=[826] buffer=[0x89a97000] stride=[1280]
I/chromium(13777): [INFO:image_raster_worker_pool.cc(75)] [RunOnWorkerThread] --------------
I/        (  245): [BWC INFO](245): get_bwc_mm_property success
I/        (  245): [BWC INFO](245): get_bwc_mm_property success
I/        (  245): [BWC INFO](245): get_bwc_mm_property success
I/        (  245): [BWC INFO](245): get_bwc_mm_property success
I/        (  245): [BWC INFO](245): get_bwc_mm_property success
I/        (  245): [BWC INFO](245): get_bwc_mm_property success
I/        (  245): [BWC INFO](245): get_bwc_mm_property success
I/        (  245): [BWC INFO](245): get_bwc_mm_property success
I/        (  245): [BWC INFO](245): get_bwc_mm_property success
D/WindowManager( 1655): interceptKeyTq: result=1 keycode=19 screenIsOn=true keyguardActive=false policyFlags = #b000000 down =true canceled = false isWakeKey=false mVolumeDownKeyTriggered =false mVolumeUpKeyTriggered =false
D/WindowManager( 1655): interceptKeyTi keyCode=19 down=true repeatCount=0 keyguardOn=false mHomePressed=false canceled=false metaState:0
D/WindowManager( 1655): interceptKeyTq: result=1 keycode=19 screenIsOn=true keyguardActive=false policyFlags = #b000000 down =false canceled = false isWakeKey=false mVolumeDownKeyTriggered =false mVolumeUpKeyTriggered =false
D/WindowManager( 1655): interceptKeyTi keyCode=19 down=false repeatCount=0 keyguardOn=false mHomePressed=false canceled=false metaState:0
I/chromium(13777): [INFO:resource_provider.cc(1770)] [StartRaster] allocated=[1] image_id=[789] buffer=[0x846fe000] stride=[2048]
I/chromium(13777): [INFO:image_raster_worker_pool.cc(75)] [RunOnWorkerThread] --------------
I/chromium(13777): [INFO:resource_provider.cc(1770)] [StartRaster] allocated=[1] image_id=[663] buffer=[0x83b8e000] stride=[2048]
I/chromium(13777): [INFO:image_raster_worker_pool.cc(75)] [RunOnWorkerThread] --------------
I/chromium(13777): [INFO:resource_provider.cc(1770)] [StartRaster] allocated=[1] image_id=[818] buffer=[0x8898e000] stride=[1536]
I/chromium(13777): [INFO:image_raster_worker_pool.cc(75)] [RunOnWorkerThread] --------------
I/chromium(13777): [INFO:resource_provider.cc(1770)] [StartRaster] allocated=[1] image_id=[738] buffer=[0x8ee07000] stride=[1536]
I/chromium(13777): [INFO:image_raster_worker_pool.cc(75)] [RunOnWorkerThread] --------------
I/chromium(13777): [INFO:resource_provider.cc(1770)] [StartRaster] allocated=[1] image_id=[798] buffer=[0x862fd000] stride=[1536]
I/chromium(13777): [INFO:image_raster_worker_pool.cc(75)] [RunOnWorkerThread] --------------
I/chromium(13777): [INFO:resource_provider.cc(1770)] [StartRaster] allocated=[1] image_id=[782] buffer=[0x7c660000] stride=[1536]
I/chromium(13777): [INFO:image_raster_worker_pool.cc(75)] [RunOnWorkerThread] --------------
I/chromium(13777): [INFO:resource_provider.cc(1770)] [StartRaster] allocated=[1] image_id=[786] buffer=[0x83bfc000] stride=[2048]
I/chromium(13777): [INFO:image_raster_worker_pool.cc(75)] [RunOnWorkerThread] --------------
I/chromium(13777): [INFO:resource_provider.cc(1770)] [StartRaster] allocated=[1] image_id=[731] buffer=[0x84e7d000] stride=[2048]
I/chromium(13777): [INFO:image_raster_worker_pool.cc(75)] [RunOnWorkerThread] --------------
I/chromium(13777): [INFO:resource_provider.cc(1770)] [StartRaster] allocated=[1] image_id=[810] buffer=[0x878fa000] stride=[1536]
I/chromium(13777): [INFO:image_raster_worker_pool.cc(75)] [RunOnWorkerThread] --------------
I/chromium(13777): [INFO:resource_provider.cc(1770)] [StartRaster] allocated=[1] image_id=[800] buffer=[0x86549000] stride=[1536]
I/chromium(13777): [INFO:image_raster_worker_pool.cc(75)] [RunOnWorkerThread] --------------
I/chromium(13777): [INFO:resource_provider.cc(1770)] [StartRaster] allocated=[1] image_id=[790] buffer=[0x847ae000] stride=[2048]
I/chromium(13777): [INFO:image_raster_worker_pool.cc(75)] [RunOnWorkerThread] --------------
I/chromium(13777): [INFO:resource_provider.cc(1770)] [StartRaster] allocated=[1] image_id=[820] buffer=[0x88d90000] stride=[1536]
I/chromium(13777): [INFO:image_raster_worker_pool.cc(75)] [RunOnWorkerThread] --------------
I/chromium(13777): [INFO:resource_provider.cc(1770)] [StartRaster] allocated=[1] image_id=[805] buffer=[0x86c7d000] stride=[1536]
I/chromium(13777): [INFO:image_raster_worker_pool.cc(75)] [RunOnWorkerThread] --------------
I/chromium(13777): [INFO:resource_provider.cc(1770)] [StartRaster] allocated=[1] image_id=[803] buffer=[0x86b5d000] stride=[1536]
I/chromium(13777): [INFO:image_raster_worker_pool.cc(75)] [RunOnWorkerThread] --------------
I/chromium(13777): [INFO:resource_provider.cc(1770)] [StartRaster] allocated=[1] image_id=[804] buffer=[0x86bed000] stride=[1536]
I/chromium(13777): [INFO:image_raster_worker_pool.cc(75)] [RunOnWorkerThread] --------------
I/chromium(13777): [INFO:resource_provider.cc(1770)] [StartRaster] allocated=[1] image_id=[812] buffer=[0x87a1a000] stride=[1536]
I/chromium(13777): [INFO:image_raster_worker_pool.cc(75)] [RunOnWorkerThread] --------------
I/chromium(13777): [INFO:resource_provider.cc(1770)] [StartRaster] allocated=[1] image_id=[806] buffer=[0x86d0d000] stride=[1536]
I/chromium(13777): [INFO:image_raster_worker_pool.cc(75)] [RunOnWorkerThread] --------------
I/chromium(13777): [INFO:resource_provider.cc(1770)] [StartRaster] allocated=[1] image_id=[801] buffer=[0x865d9000] stride=[1536]
I/chromium(13777): [INFO:image_raster_worker_pool.cc(75)] [RunOnWorkerThread] --------------
I/chromium(13777): [INFO:resource_provider.cc(1770)] [StartRaster] allocated=[1] image_id=[808] buffer=[0x86e2d000] stride=[1536]
I/chromium(13777): [INFO:image_raster_worker_pool.cc(75)] [RunOnWorkerThread] --------------
I/chromium(13777): [INFO:resource_provider.cc(1770)] [StartRaster] allocated=[1] image_id=[813] buffer=[0x87aaa000] stride=[1536]
I/chromium(13777): [INFO:image_raster_worker_pool.cc(75)] [RunOnWorkerThread] --------------
I/chromium(13777): [INFO:resource_provider.cc(1770)] [StartRaster] allocated=[1] image_id=[788] buffer=[0x843fa000] stride=[1536]
I/chromium(13777): [INFO:image_raster_worker_pool.cc(75)] [RunOnWorkerThread] --------------
I/chromium(13777): [INFO:resource_provider.cc(1770)] [StartRaster] allocated=[1] image_id=[816] buffer=[0x8886e000] stride=[1536]
I/chromium(13777): [INFO:image_raster_worker_pool.cc(75)] [RunOnWorkerThread] --------------
I/chromium(13777): [INFO:resource_provider.cc(1770)] [StartRaster] allocated=[1] image_id=[799] buffer=[0x8641e000] stride=[1536]
I/chromium(13777): [INFO:image_raster_worker_pool.cc(75)] [RunOnWorkerThread] --------------
I/chromium(13777): [INFO:resource_provider.cc(1770)] [StartRaster] allocated=[1] image_id=[807] buffer=[0x86d9d000] stride=[1536]
I/chromium(13777): [INFO:image_raster_worker_pool.cc(75)] [RunOnWorkerThread] --------------
I/chromium(13777): [INFO:resource_provider.cc(1770)] [StartRaster] allocated=[1] image_id=[754] buffer=[0x9271e000] stride=[1536]
I/chromium(13777): [INFO:image_raster_worker_pool.cc(75)] [RunOnWorkerThread] --------------
I/chromium(13777): [INFO:resource_provider.cc(1770)] [StartRaster] allocated=[1] image_id=[742] buffer=[0x8f047000] stride=[1536]
I/chromium(13777): [INFO:image_raster_worker_pool.cc(75)] [RunOnWorkerThread] --------------
I/chromium(13777): [INFO:resource_provider.cc(1770)] [StartRaster] allocated=[1] image_id=[784] buffer=[0x82d0e000] stride=[1536]
I/chromium(13777): [INFO:image_raster_worker_pool.cc(75)] [RunOnWorkerThread] --------------
I/chromium(13777): [INFO:resource_provider.cc(1770)] [StartRaster] allocated=[1] image_id=[787] buffer=[0x83f09000] stride=[1536]
I/chromium(13777): [INFO:image_raster_worker_pool.cc(75)] [RunOnWorkerThread] --------------
I/chromium(13777): [INFO:resource_provider.cc(1770)] [StartRaster] allocated=[1] image_id=[819] buffer=[0x88a1e000] stride=[1536]
I/chromium(13777): [INFO:image_raster_worker_pool.cc(75)] [RunOnWorkerThread] --------------
I/chromium(13777): [INFO:resource_provider.cc(1770)] [StartRaster] allocated=[1] image_id=[791] buffer=[0x84ac0000] stride=[1536]
I/chromium(13777): [INFO:image_raster_worker_pool.cc(75)] [RunOnWorkerThread] --------------
I/chromium(13777): [INFO:resource_provider.cc(1770)] [StartRaster] allocated=[1] image_id=[809] buffer=[0x87150000] stride=[1536]
I/chromium(13777): [INFO:image_raster_worker_pool.cc(75)] [RunOnWorkerThread] --------------
I/chromium(13777): [INFO:resource_provider.cc(1770)] [StartRaster] allocated=[1] image_id=[815] buffer=[0x87c5a000] stride=[1536]
I/chromium(13777): [INFO:image_raster_worker_pool.cc(75)] [RunOnWorkerThread] --------------
I/chromium(13777): [INFO:resource_provider.cc(1770)] [StartRaster] allocated=[1] image_id=[802] buffer=[0x868fe000] stride=[1536]
I/chromium(13777): [INFO:image_raster_worker_pool.cc(75)] [RunOnWorkerThread] --------------
I/chromium(13777): [INFO:resource_provider.cc(1770)] [StartRaster] allocated=[1] image_id=[811] buffer=[0x8798a000] stride=[1536]
I/chromium(13777): [INFO:image_raster_worker_pool.cc(75)] [RunOnWorkerThread] --------------
I/[MALI][Gralloc](13777): [MTK]GRALLOC enter alloc_device_alloc()! pHandle=0x0x80d7041c
I/[MALI][Gralloc](13777): usage: 0x133, format: 0x1 stride: 512 vertical_stride: 128 size: 262144
I/[MALI][Gralloc](13777): [MTK]GRALLOC ready to go ion alloc arrrrrrrrr!!!! pHandle=0x0x80d7041c
D/GraphicBuffer(13777): alloc, handle(0x834450e8) (w:512 h:128 s:512 f:0x1 u:0x000133) err(0)
I/chromium(13777): [INFO:resource_provider.cc(1770)] [StartRaster] allocated=[1] image_id=[827] buffer=[0x7c0cc000] stride=[2048]
I/chromium(13777): [INFO:image_raster_worker_pool.cc(75)] [RunOnWorkerThread] --------------
I/chromium(13777): [INFO:gpu_control_service.cc(81)] [GpuControlService::RegisterGpuBuffer] [13777] id=[827]
I/[MALI][Gralloc](13777): [MTK]GRALLOC enter alloc_device_alloc()! pHandle=0x0x8342b08c
I/[MALI][Gralloc](13777): usage: 0x133, format: 0x1 stride: 512 vertical_stride: 128 size: 262144
I/[MALI][Gralloc](13777): [MTK]GRALLOC ready to go ion alloc arrrrrrrrr!!!! pHandle=0x0x8342b08c
D/GraphicBuffer(13777): alloc, handle(0x7fd28dd8) (w:512 h:128 s:512 f:0x1 u:0x000133) err(0)
I/chromium(13777): [INFO:gpu_control_service.cc(81)] [GpuControlService::RegisterGpuBuffer] [13777] id=[828]
I/chromium(13777): [INFO:resource_provider.cc(1770)] [StartRaster] allocated=[1] image_id=[828] buffer=[0x7c72c000] stride=[2048]
I/chromium(13777): [INFO:image_raster_worker_pool.cc(75)] [RunOnWorkerThread] --------------
D/ADB_SERVICES(  297): adb fdevent_process list (15) (22) 
D/ADB_SERVICES(  297): recv: CNXN 01000000 00001000 0007 host::
D/ADB_SERVICES(  297): adb: offline
D/ADB_SERVICES(  297): (null): run_transport_disconnects fd: 26
W/ADB_SERVICES(  297): entered. LS(6940) fd=16
I/chromium(13777): [INFO:resource_provider.cc(1770)] [StartRaster] allocated=[1] image_id=[699] buffer=[0x7bdd6000] stride=[1280]
I/chromium(13777): [INFO:image_raster_worker_pool.cc(75)] [RunOnWorkerThread] --------------
I/chromium(13777): [INFO:resource_provider.cc(1770)] [StartRaster] allocated=[1] image_id=[479] buffer=[0x82dd2000] stride=[1280]
I/chromium(13777): [INFO:image_raster_worker_pool.cc(75)] [RunOnWorkerThread] --------------
I/chromium(13777): [INFO:resource_provider.cc(1770)] [StartRaster] allocated=[1] image_id=[825] buffer=[0x79fbe000] stride=[1280]
I/chromium(13777): [INFO:image_raster_worker_pool.cc(75)] [RunOnWorkerThread] --------------
I/[MALI][Gralloc](13777): [MTK]GRALLOC enter alloc_device_alloc()! pHandle=0x0x861f165c
I/[MALI][Gralloc](13777): usage: 0x133, format: 0x1 stride: 320 vertical_stride: 448 size: 573440
I/[MALI][Gralloc](13777): [MTK]GRALLOC ready to go ion alloc arrrrrrrrr!!!! pHandle=0x0x861f165c
D/GraphicBuffer(13777): alloc, handle(0x83553cb8) (w:320 h:448 s:320 f:0x1 u:0x000133) err(0)
I/chromium(13777): [INFO:resource_provider.cc(1770)] [StartRaster] allocated=[1] image_id=[829] buffer=[0x85000000] stride=[1280]
I/chromium(13777): [INFO:image_raster_worker_pool.cc(75)] [RunOnWorkerThread] --------------
I/chromium(13777): [INFO:resource_provider.cc(1770)] [StartRaster] allocated=[1] image_id=[701] buffer=[0x7c600000] stride=[2048]
I/chromium(13777): [INFO:gpu_control_service.cc(81)] [GpuControlService::RegisterGpuBuffer] [13777] id=[829]
I/chromium(13777): [INFO:image_raster_worker_pool.cc(75)] [RunOnWorkerThread] --------------
I/chromium(13777): [INFO:resource_provider.cc(1770)] [StartRaster] allocated=[1] image_id=[730] buffer=[0x83c8c000] stride=[2048]
I/chromium(13777): [INFO:image_raster_worker_pool.cc(75)] [RunOnWorkerThread] --------------
I/chromium(13777): [INFO:resource_provider.cc(1770)] [StartRaster] allocated=[1] image_id=[785] buffer=[0x83afe000] stride=[2048]
I/chromium(13777): [INFO:image_raster_worker_pool.cc(75)] [RunOnWorkerThread] --------------
I/[MALI][Gralloc](13777): [MTK]GRALLOC enter alloc_device_alloc()! pHandle=0x0x8641b0cc
I/[MALI][Gralloc](13777): usage: 0x133, format: 0x1 stride: 320 vertical_stride: 448 size: 573440
I/[MALI][Gralloc](13777): [MTK]GRALLOC ready to go ion alloc arrrrrrrrr!!!! pHandle=0x0x8641b0cc
D/GraphicBuffer(13777): alloc, handle(0x7bb00d00) (w:320 h:448 s:320 f:0x1 u:0x000133) err(0)
I/chromium(13777): [INFO:resource_provider.cc(1770)] [StartRaster] allocated=[1] image_id=[830] buffer=[0x85a4e000] stride=[1280]
I/chromium(13777): [INFO:gpu_control_service.cc(81)] [GpuControlService::RegisterGpuBuffer] [13777] id=[830]
I/chromium(13777): [INFO:image_raster_worker_pool.cc(75)] [RunOnWorkerThread] --------------
I/[MALI][Gralloc](13777): [MTK]GRALLOC enter alloc_device_alloc()! pHandle=0x0x84e35ca4
I/[MALI][Gralloc](13777): usage: 0x133, format: 0x1 stride: 256 vertical_stride: 64 size: 65536
I/[MALI][Gralloc](13777): [MTK]GRALLOC ready to go ion alloc arrrrrrrrr!!!! pHandle=0x0x84e35ca4
D/GraphicBuffer(13777): alloc, handle(0x83428810) (w:256 h:64 s:256 f:0x1 u:0x000133) err(0)
I/chromium(13777): [INFO:resource_provider.cc(1770)] [StartRaster] allocated=[1] image_id=[831] buffer=[0x79fda000] stride=[1024]
I/chromium(13777): [INFO:image_raster_worker_pool.cc(75)] [RunOnWorkerThread] --------------
I/chromium(13777): [INFO:gpu_control_service.cc(81)] [GpuControlService::RegisterGpuBuffer] [13777] id=[831]
I/[MALI][Gralloc](13777): [MTK]GRALLOC enter alloc_device_alloc()! pHandle=0x0x80f48304
I/[MALI][Gralloc](13777): usage: 0x133, format: 0x1 stride: 256 vertical_stride: 64 size: 65536
I/[MALI][Gralloc](13777): [MTK]GRALLOC ready to go ion alloc arrrrrrrrr!!!! pHandle=0x0x80f48304
D/GraphicBuffer(13777): alloc, handle(0x88b70a78) (w:256 h:64 s:256 f:0x1 u:0x000133) err(0)
I/chromium(13777): [INFO:resource_provider.cc(1770)] [StartRaster] allocated=[1] image_id=[832] buffer=[0x79ff6000] stride=[1024]
I/chromium(13777): [INFO:image_raster_worker_pool.cc(75)] [RunOnWorkerThread] --------------
I/chromium(13777): [INFO:gpu_control_service.cc(81)] [GpuControlService::RegisterGpuBuffer] [13777] id=[832]
I/chromium(13777): [INFO:resource_provider.cc(1770)] [StartRaster] allocated=[1] image_id=[795] buffer=[0x85d82000] stride=[1536]
I/chromium(13777): [INFO:image_raster_worker_pool.cc(75)] [RunOnWorkerThread] --------------
I/chromium(13777): [INFO:resource_provider.cc(1770)] [StartRaster] allocated=[1] image_id=[714] buffer=[0x8a5ff000] stride=[1536]
I/        (  245): [BWC INFO](245): get_bwc_mm_property success
I/chromium(13777): [INFO:image_raster_worker_pool.cc(75)] [RunOnWorkerThread] --------------
I/chromium(13777): [INFO:resource_provider.cc(1770)] [StartRaster] allocated=[1] image_id=[796] buffer=[0x85f12000] stride=[1536]
I/chromium(13777): [INFO:image_raster_worker_pool.cc(75)] [RunOnWorkerThread] --------------
I/chromium(13777): [INFO:resource_provider.cc(1770)] [StartRaster] allocated=[1] image_id=[783] buffer=[0x7cbc3000] stride=[1536]
I/chromium(13777): [INFO:image_raster_worker_pool.cc(75)] [RunOnWorkerThread] --------------
I/chromium(13777): [INFO:resource_provider.cc(1770)] [StartRaster] allocated=[1] image_id=[780] buffer=[0x7c3c7000] stride=[1536]
I/chromium(13777): [INFO:image_raster_worker_pool.cc(75)] [RunOnWorkerThread] --------------
I/chromium(13777): [INFO:resource_provider.cc(1770)] [StartRaster] allocated=[1] image_id=[823] buffer=[0x7bb46000] stride=[1280]
I/chromium(13777): [INFO:image_raster_worker_pool.cc(75)] [RunOnWorkerThread] --------------
I/[MALI][Gralloc](13777): [MTK]GRALLOC enter alloc_device_alloc()! pHandle=0x0x83fbb7c4
I/[MALI][Gralloc](13777): usage: 0x133, format: 0x1 stride: 512 vertical_stride: 128 size: 262144
I/[MALI][Gralloc](13777): [MTK]GRALLOC ready to go ion alloc arrrrrrrrr!!!! pHandle=0x0x83fbb7c4
D/GraphicBuffer(13777): alloc, handle(0x7ee217b0) (w:512 h:128 s:512 f:0x1 u:0x000133) err(0)
I/chromium(13777): [INFO:resource_provider.cc(1770)] [StartRaster] allocated=[1] image_id=[833] buffer=[0x8279d000] stride=[2048]
I/chromium(13777): [INFO:gpu_control_service.cc(81)] [GpuControlService::RegisterGpuBuffer] [13777] id=[833]
I/chromium(13777): [INFO:image_raster_worker_pool.cc(75)] [RunOnWorkerThread] --------------
I/[MALI][Gralloc](13777): [MTK]GRALLOC enter alloc_device_alloc()! pHandle=0x0x82197644
