D/PowerManagerDisplayController(  719): requestPowerState: screenState=2, useProximitySensor=false, forceProximitySensorEnable=false, forceWakeUpEnable=false, screenBrightness=53, screenAutoBrightnessAdjustment=0.0, useAutoBrightness=false, useEcoBrightness=false, blockScreenOn=false, waitForNegativeProximity=false
I/PowerManagerService(  719): setBrightness mButtonLight 0.
D/PowerManagerService(  719): updateScreenStateLocked: mDisplayReady=true, newScreenState=2, mWakefulness=1, mWakeLockSummary=0x0, mUserActivitySummary=0x1, mBootCompleted=true
D/PowerManagerService(  719): Releasing suspend blocker "PowerManagerService.WakeLocks".
D/PowerManagerService(  719): handleSandman: canDream=false, mWakefulness=Awake
D/ActivityManager(  719): getContentProviderImpl: from caller=android.app.ApplicationThreadProxy@421766a0 (pid=12333, userId=0) to get content provider settings cpr=ContentProviderRecord{41f2d460 u0 com.android.providers.settings/.SettingsProvider}
D/ActivityManager(  719): getContentProviderImpl: updateLruProcessLocked cpr.proc=ProcessRecord{41fff248 719:system/1000}
D/ActivityThread(12333): hoder:android.app.IActivityManager$ContentProviderHolder@41d027a0,provider,holder.Provider:android.content.ContentProviderProxy@41d02f18
V/SettingsProvider(  719): call(system:anr_debugging_mechanism) for 0
D/ActivityThread(12333): BIND_APPLICATION handled : 0 / AppBindData{appInfo=ApplicationInfo{41d001a8 com.mediatek.mtklogger}}
D/ActivityThread(12333): BDC-Calling onReceive: intent=Intent { act=android.net.conn.CONNECTIVITY_CHANGE flg=0x4000010 cmp=com.mediatek.mtklogger/.framework.LogReceiver (has extras) }, ordered=true, receiver=com.mediatek.mtklogger.framework.LogReceiver@41d08760
D/ActivityThread(12333): BDC-RECEIVER handled : 0 / ReceiverData{intent=Intent { act=android.net.conn.CONNECTIVITY_CHANGE flg=0x4000010 cmp=com.mediatek.mtklogger/.framework.LogReceiver (has extras) } packageName=com.mediatek.mtklogger resultCode=-1 resultData=null resultExtras=null}
D/ActivityThread( 1079): BDC-Calling onReceive: intent=Intent { act=android.net.conn.CONNECTIVITY_CHANGE flg=0x4000010 cmp=com.android.providers.downloads/.DownloadReceiver (has extras) }, ordered=true, receiver=com.android.providers.downloads.DownloadReceiver@41fe5c58
D/ConnectivityService(  719): getActiveNetworkInfo:NetworkInfo: type: WIFI[], state: CONNECTED/CONNECTED, reason: (unspecified), extra: "60_office", roaming: false, failover: false, isAvailable: true, isConnectedToProvisioningNetwork: false, simId: 0/10005
D/ActivityThread( 1834): BDC-Calling onReceive: intent=Intent { act=android.net.conn.CONNECTIVITY_CHANGE flg=0x4000010 cmp=com.android.mms/.transaction.MmsSystemEventReceiver (has extras) }, ordered=true, receiver=com.android.mms.transaction.MmsSystemEventReceiver@41e0f8d8
D/ActivityThread( 1079): BDC-RECEIVER handled : 0 / ReceiverData{intent=Intent { act=android.net.conn.CONNECTIVITY_CHANGE flg=0x4000010 cmp=com.android.providers.downloads/.DownloadReceiver (has extras) } packageName=com.android.providers.downloads resultCode=0 resultData=null resultExtras=null}
D/ActivityThread( 1834): BDC-RECEIVER handled : 0 / ReceiverData{intent=Intent { act=android.net.conn.CONNECTIVITY_CHANGE flg=0x4000010 cmp=com.android.mms/.transaction.MmsSystemEventReceiver (has extras) } packageName=com.android.mms resultCode=0 resultData=null resultExtras=null}
D/ActivityThread( 1079): SVC-Creating service: CreateServiceData{token=android.os.BinderProxy@41fe6930 className=com.android.providers.downloads.DownloadService packageName=com.android.providers.downloads intent=null}
D/ActivityThread( 1079): SVC-CREATE_SERVICE handled : 0 / CreateServiceData{token=android.os.BinderProxy@41fe6930 className=com.android.providers.downloads.DownloadService packageName=com.android.providers.downloads intent=null}
D/ActivityThread( 1079): SVC-SERVICE_ARGS handled : 0 / ServiceArgsData{token=android.os.BinderProxy@41fe6930 startId=1 args=Intent { cmp=com.android.providers.downloads/.DownloadService }}
D/ActivityThread( 1079): BDC-Calling onReceive: intent=Intent { act=android.net.conn.CONNECTIVITY_CHANGE flg=0x4000010 cmp=com.android.providers.drm/.ConnectionChangeReceiver (has extras) }, ordered=true, receiver=com.android.providers.drm.ConnectionChangeReceiver@41ff1ac0
D/ActivityThread( 1079): BDC-RECEIVER handled : 0 / ReceiverData{intent=Intent { act=android.net.conn.CONNECTIVITY_CHANGE flg=0x4000010 cmp=com.android.providers.drm/.ConnectionChangeReceiver (has extras) } packageName=com.android.providers.drm resultCode=0 resultData=null resultExtras=null}
D/ActivityThread( 1079): SVC-Destroying service: com.android.providers.downloads.DownloadService@41fe8170
D/ActivityThread( 1079): SVC-STOP_SERVICE handled : 0 / android.os.BinderProxy@41fe6930
I/ActivityManager(  719): Start proc com.fw.upgrade for broadcast com.fw.upgrade/.GoogleOtaReceiver: pid=12356 uid=10027 gids={50027, 3003, 1028, 1015, 1023}
D/ActivityManager(  719): getContentProviderImpl: from caller=android.app.ApplicationThreadProxy@42101e18 (pid=12356, userId=0) to get content provider settings cpr=ContentProviderRecord{41f2d460 u0 com.android.providers.settings/.SettingsProvider}
D/ActivityManager(  719): getContentProviderImpl: updateLruProcessLocked cpr.proc=ProcessRecord{41fff248 719:system/1000}
D/ActivityThread(12356): hoder:android.app.IActivityManager$ContentProviderHolder@41d036d8,provider,holder.Provider:android.content.ContentProviderProxy@41d04838
V/SettingsProvider(  719): call(system:anr_debugging_mechanism) for 0
D/ActivityThread(12356): BIND_APPLICATION handled : 0 / AppBindData{appInfo=ApplicationInfo{41d01178 com.fw.upgrade}}
D/ActivityThread(12356): BDC-Calling onReceive: intent=Intent { act=android.net.conn.CONNECTIVITY_CHANGE flg=0x4000010 cmp=com.fw.upgrade/.GoogleOtaReceiver (has extras) }, ordered=true, receiver=com.fw.upgrade.GoogleOtaReceiver@41d08e98
D/WifiService(  719): getWifiServiceMessenger, pid:12356, uid:10027
I/ActivityManager(  719): Process com.fw.upgrade (pid 12356) has died.
D/DisplayManagerService(  719): Display listener for pid 12356 died.
D/ActivityThread( 1735): BDC-Calling onReceive: intent=Intent { act=android.net.conn.CONNECTIVITY_CHANGE flg=0x4000010 cmp=com.mediatek.systemupdate/.SystemUpdateReceiver (has extras) }, ordered=true, receiver=com.mediatek.systemupdate.SystemUpdateReceiver@41e95778
D/ActivityThread( 1735): BDC-RECEIVER handled : 0 / ReceiverData{intent=Intent { act=android.net.conn.CONNECTIVITY_CHANGE flg=0x4000010 cmp=com.mediatek.systemupdate/.SystemUpdateReceiver (has extras) } packageName=com.mediatek.systemupdate resultCode=0 resultData=null resultExtras=null}
D/ConnectivityService(  719): getActiveNetworkInfo:NetworkInfo: type: WIFI[], state: CONNECTED/CONNECTED, reason: (unspecified), extra: "60_office", roaming: false, failover: false, isAvailable: true, isConnectedToProvisioningNetwork: false, simId: 0/10048
I/FrameworkListener(  146): onDataAvailable get 44 bytes 
D/FrameworkListener(  146): dispatchCommand data = (getaddrinfo mp.weixin.qq.com ^ 1024 0 1 0 ^)
D/ConnectivityService(  719): getActiveNetworkInfo:NetworkInfo: type: WIFI[], state: CONNECTED/CONNECTED, reason: (unspecified), extra: "60_office", roaming: false, failover: false, isAvailable: true, isConnectedToProvisioningNetwork: false, simId: 0/10048
D/SocketClient(  146): SocketClient sendDatalocked done: 222
D/SocketClient(  146): SocketClient sendDatalocked done: 
D/SocketClient(  146): SocketClient sendDatalocked done: 
D/SocketClient(  146): SocketClient sendDatalocked done: 
D/SocketClient(  146): SocketClient sendDatalocked done: 
D/SocketClient(  146): SocketClient sendDatalocked done: 
D/SocketClient(  146): SocketClient sendDatalocked done: 
D/SocketClient(  146): SocketClient sendDatalocked done: 
D/SocketClient(  146): SocketClient sendDatalocked done: 
D/SocketClient(  146): SocketClient sendDatalocked done: 
D/SocketClient(  146): SocketClient sendDatalocked done: 
D/SocketClient(  146): SocketClient sendDatalocked done: 
D/SocketClient(  146): SocketClient msg = Iface linkstate p2p0 up
D/SocketClient(  146): SocketClient sendDatalocked done: 600 Iface linkstate p2p0 up
D/NetdConnector(  719): RCV <- {600 Iface linkstate p2p0 up}
D/NetworkManagementService(  719): onEvent:600 Iface linkstate p2p0 up:5
V/ActivityManager(  719): Broadcast sticky: Intent { act=android.net.wifi.RSSI_CHANGED flg=0x4000010 (has extras) } ordered=false userid=-1 callerApp=ProcessRecord{41fff248 719:system/1000}
V/WindowManager(  719): Changing focus from Window{420ed5a8 u0 com.sixtyplus.nidfit.treadmill.app/com.sixtyplus.nidfit.treadmill.app.LoginActivity} to Window{41e7a8f0 u0 com.sixtyplus.nidfit.treadmill.app/com.sixtyplus.nidfit.treadmill.app.LoginActivity} Callers=com.android.server.wm.WindowManagerService.addWindow:2671 com.android.server.wm.Session.addToDisplay:163 android.view.IWindowSession$Stub.onTransact:111 com.android.server.wm.Session.onTransact:126 
I/WindowManager(  719): Gaining focus: Window{41e7a8f0 u0 com.sixtyplus.nidfit.treadmill.app/com.sixtyplus.nidfit.treadmill.app.LoginActivity}
I/FrameworkListener(  146): onDataAvailable get 54 bytes 
D/FrameworkListener(  146): dispatchCommand data = (getaddrinfo api.nidfit.60community.com ^ 1024 0 1 0 ^)
D/SocketClient(  146): SocketClient sendDatalocked done: 222
D/SocketClient(  146): SocketClient sendDatalocked done: 
D/SocketClient(  146): SocketClient sendDatalocked done: 
D/SocketClient(  146): SocketClient sendDatalocked done: 
D/SocketClient(  146): SocketClient sendDatalocked done: 
D/SocketClient(  146): SocketClient sendDatalocked done: 
D/SocketClient(  146): SocketClient sendDatalocked done: 
I/FrameworkListener(  146): onDataAvailable get 47 bytes 
D/FrameworkListener(  146): dispatchCommand data = (getaddrinfo img.60community.com ^ 1024 0 1 0 ^)
D/ConnectivityService(  719): setProvNotificationVisible: E visible=false networkType=1 extraInfo=null url=null
I/FrameworkListener(  146): onDataAvailable get 47 bytes 
D/FrameworkListener(  146): dispatchCommand data = (getaddrinfo clients3.google.com ^ 1024 0 1 0 ^)
V/ActivityManager(  719): Broadcast: Intent { act=android.intent.action.TIME_TICK flg=0x50000014 (has extras) } ordered=true userid=-1 callerApp=null
D/PowerManagerService(  719): acquireWakeLockInternal: lock=1104551144, flags=0x1, tag="AlarmManager", ws=WorkSource{1000}, uid=1000, pid=719
D/PowerManagerNotifier(  719): onWakeLockAcquired: flags=1, tag="AlarmManager", packageName=android, ownerUid=1000, ownerPid=719, workSource=WorkSource{1000}
D/PowerManagerService(  719): updateWakeLockSummaryLocked: mWakefulness=Awake, mWakeLockSummary=0x1
D/ActivityThread(  719): BDC-Calling onReceive: intent=Intent { act=android.intent.action.TIME_TICK flg=0x50000014 (has extras) }, ordered=true, receiver=com.android.server.AlarmManagerService$ClockReceiver@41f8ea90, IIntentReceiver=41f8da60
D/PowerManagerService(  719): newScreenState = 2
D/PowerManagerDisplayController(  719): requestPowerState: screenState=2, useProximitySensor=false, forceProximitySensorEnable=false, forceWakeUpEnable=false, screenBrightness=53, screenAutoBrightnessAdjustment=0.0, useAutoBrightness=false, useEcoBrightness=false, blockScreenOn=false, waitForNegativeProximity=false
I/PowerManagerService(  719): setBrightness mButtonLight 0.
D/PowerManagerService(  719): updateScreenStateLocked: mDisplayReady=true, newScreenState=2, mWakefulness=1, mWakeLockSummary=0x1, mUserActivitySummary=0x1, mBootCompleted=true
D/PowerManagerService(  719): Acquiring suspend blocker "PowerManagerService.WakeLocks".
D/ActivityThread(  719): BDC-Calling finishReceiver: IIntentReceiver=41f8da60
D/PowerManagerService(  719): handleSandman: canDream=false, mWakefulness=Awake
D/ActivityThread(  838): BDC-Calling onReceive: intent=Intent { act=android.intent.action.TIME_TICK flg=0x50000014 (has extras) }, ordered=true, receiver=com.android.keyguard.KeyguardUpdateMonitor$3@41d164a0, IIntentReceiver=41d1c0b8
D/ActivityThread(  838): BDC-Calling finishReceiver: IIntentReceiver=41d1c0b8
D/ActivityThread(  838): BDC-Calling onReceive: intent=Intent { act=android.intent.action.TIME_TICK flg=0x50000014 (has extras) }, ordered=true, receiver=com.android.systemui.statusbar.policy.Clock$1@41d642d8, IIntentReceiver=41e2cf18
V/SettingsProvider(  719): call(system:time_12_24) for 0
D/ActivityThread(  838): BDC-Calling finishReceiver: IIntentReceiver=41e2cf18
D/ActivityThread(  838): BDC-Calling onReceive: intent=Intent { act=android.intent.action.TIME_TICK flg=0x50000014 (has extras) }, ordered=true, receiver=com.android.systemui.statusbar.policy.Clock$1@41d6fa70, IIntentReceiver=41e2e380
D/ActivityThread(  838): BDC-Calling finishReceiver: IIntentReceiver=41e2e380
D/ActivityThread(  838): BDC-Calling onReceive: intent=Intent { act=android.intent.action.TIME_TICK flg=0x50000014 (has extras) }, ordered=true, receiver=com.android.systemui.statusbar.policy.DateView$1@41d70820, IIntentReceiver=41e2f2b0
D/ActivityThread(  838): BDC-Calling finishReceiver: IIntentReceiver=41e2f2b0
D/ActivityThread(  838): BDC-Calling onReceive: intent=Intent { act=android.intent.action.TIME_TICK flg=0x50000014 (has extras) }, ordered=true, receiver=android.widget.DateTimeView$1@41dc1730, IIntentReceiver=428b34e8
D/ActivityThread(  838): BDC-Calling finishReceiver: IIntentReceiver=428b34e8
D/ActivityThread(  838): BDC-Calling onReceive: intent=Intent { act=android.intent.action.TIME_TICK flg=0x50000014 (has extras) }, ordered=true, receiver=android.widget.DateTimeView$1@428b1a88, IIntentReceiver=428b37f8
D/ActivityThread(  838): BDC-Calling finishReceiver: IIntentReceiver=428b37f8
D/ActivityThread( 1062): BDC-Calling onReceive: intent=Intent { act=android.intent.action.TIME_TICK flg=0x50000014 (has extras) }, ordered=true, receiver=android.widget.AnalogClock$1@420ae050, IIntentReceiver=41fad0b0
D/ActivityThread( 1062): BDC-Calling finishReceiver: IIntentReceiver=41fad0b0
D/PowerManagerService(  719): releaseWakeLockInternal: lock=1104551144 [AlarmManager], flags=0x0, total_time=50ms
D/PowerManagerNotifier(  719): onWakeLockReleased: flags=1, tag="AlarmManager", packageName=android, ownerUid=1000, ownerPid=719, workSource=WorkSource{1000}
D/PowerManagerService(  719): updateWakeLockSummaryLocked: mWakefulness=Awake, mWakeLockSummary=0x0
D/PowerManagerService(  719): newScreenState = 2
D/PowerManagerDisplayController(  719): requestPowerState: screenState=2, useProximitySensor=false, forceProximitySensorEnable=false, forceWakeUpEnable=false, screenBrightness=53, screenAutoBrightnessAdjustment=0.0, useAutoBrightness=false, useEcoBrightness=false, blockScreenOn=false, waitForNegativeProximity=false
I/PowerManagerService(  719): setBrightness mButtonLight 0.
D/PowerManagerService(  719): updateScreenStateLocked: mDisplayReady=true, newScreenState=2, mWakefulness=1, mWakeLockSummary=0x0, mUserActivitySummary=0x1, mBootCompleted=true
D/PowerManagerService(  719): Releasing suspend blocker "PowerManagerService.WakeLocks".
D/PowerManagerService(  719): handleSandman: canDream=false, mWakefulness=Awake
D/DisplayManagerService(  719): Display listener for pid 12333 died.
I/ActivityManager(  719): Process com.mediatek.mtklogger (pid 12333) has died.
I/ProcessStatsService(  719): Prepared write state in 7ms
D/SocketClient(  146): SocketClient msg = Iface linkstate p2p0 up
D/SocketClient(  146): SocketClient sendDatalocked done: 600 Iface linkstate p2p0 up
D/SocketClient(  146): SocketClient sendDatalocked done: 222
D/SocketClient(  146): SocketClient sendDatalocked done: 
D/SocketClient(  146): SocketClient sendDatalocked done: 
D/SocketClient(  146): SocketClient sendDatalocked done: 
D/SocketClient(  146): SocketClient sendDatalocked done: 
D/SocketClient(  146): SocketClient sendDatalocked done: 
D/SocketClient(  146): SocketClient sendDatalocked done: 
D/SocketClient(  146): SocketClient sendDatalocked done: 222
D/SocketClient(  146): SocketClient sendDatalocked done: 
D/SocketClient(  146): SocketClient sendDatalocked done: 
D/SocketClient(  146): SocketClient sendDatalocked done: 
D/SocketClient(  146): SocketClient sendDatalocked done: 
D/SocketClient(  146): SocketClient sendDatalocked done: 
D/SocketClient(  146): SocketClient sendDatalocked done: 
D/SocketClient(  146): SocketClient sendDatalocked done: 
D/SocketClient(  146): SocketClient sendDatalocked done: 
D/SocketClient(  146): SocketClient sendDatalocked done: 
D/SocketClient(  146): SocketClient sendDatalocked done: 
D/SocketClient(  146): SocketClient sendDatalocked done: 
D/SocketClient(  146): SocketClient sendDatalocked done: 
D/SocketClient(  146): SocketClient sendDatalocked done: 
D/SocketClient(  146): SocketClient sendDatalocked done: 
D/SocketClient(  146): SocketClient sendDatalocked done: 
D/SocketClient(  146): SocketClient sendDatalocked done: 
D/SocketClient(  146): SocketClient sendDatalocked done: 
D/SocketClient(  146): SocketClient sendDatalocked done: 
D/SocketClient(  146): SocketClient sendDatalocked done: 
D/SocketClient(  146): SocketClient sendDatalocked done: 
D/SocketClient(  146): SocketClient sendDatalocked done: 
D/SocketClient(  146): SocketClient sendDatalocked done: 
D/SocketClient(  146): SocketClient sendDatalocked done: 
D/SocketClient(  146): SocketClient sendDatalocked done: 
D/SocketClient(  146): SocketClient sendDatalocked done: 
D/SocketClient(  146): SocketClient sendDatalocked done: 
D/SocketClient(  146): SocketClient sendDatalocked done: 
D/SocketClient(  146): SocketClient sendDatalocked done: 
D/SocketClient(  146): SocketClient sendDatalocked done: 
D/SocketClient(  146): SocketClient sendDatalocked done: 
D/SocketClient(  146): SocketClient sendDatalocked done: 
D/NetdConnector(  719): RCV <- {600 Iface linkstate p2p0 up}
D/NetworkManagementService(  719): onEvent:600 Iface linkstate p2p0 up:5
V/WindowManager(  719): Changing focus from Window{41e7a8f0 u0 com.sixtyplus.nidfit.treadmill.app/com.sixtyplus.nidfit.treadmill.app.LoginActivity EXITING} to Window{420ed5a8 u0 com.sixtyplus.nidfit.treadmill.app/com.sixtyplus.nidfit.treadmill.app.LoginActivity} Callers=com.android.server.wm.WindowManagerService.removeWindowLocked:2776 com.android.server.wm.WindowManagerService.removeWindow:2715 com.android.server.wm.Session.remove:182 android.view.IWindowSession$Stub.onTransact:197 
I/WindowManager(  719): Gaining focus: Window{420ed5a8 u0 com.sixtyplus.nidfit.treadmill.app/com.sixtyplus.nidfit.treadmill.app.LoginActivity}
I/WindowManager(  719): Losing focus: Window{41e7a8f0 u0 com.sixtyplus.nidfit.treadmill.app/com.sixtyplus.nidfit.treadmill.app.LoginActivity EXITING}
I/ActivityManager(  719): START u0 {cmp=com.sixtyplus.nidfit.treadmill.app/.MainActivity} from pid 24604
D/PowerManagerService(  719): acquireWakeLockInternal: lock=1104924816, flags=0x1, tag="ActivityManager-Launch", ws=null, uid=1000, pid=719
D/PowerManagerNotifier(  719): onWakeLockAcquired: flags=1, tag="ActivityManager-Launch", packageName=android, ownerUid=1000, ownerPid=719, workSource=null
D/PowerManagerService(  719): updateWakeLockSummaryLocked: mWakefulness=Awake, mWakeLockSummary=0x1
D/PowerManagerService(  719): newScreenState = 2
D/PowerManagerDisplayController(  719): requestPowerState: screenState=2, useProximitySensor=false, forceProximitySensorEnable=false, forceWakeUpEnable=false, screenBrightness=53, screenAutoBrightnessAdjustment=0.0, useAutoBrightness=false, useEcoBrightness=false, blockScreenOn=false, waitForNegativeProximity=false
I/PowerManagerService(  719): setBrightness mButtonLight 0.
D/PowerManagerService(  719): updateScreenStateLocked: mDisplayReady=true, newScreenState=2, mWakefulness=1, mWakeLockSummary=0x1, mUserActivitySummary=0x1, mBootCompleted=true
D/PowerManagerService(  719): Acquiring suspend blocker "PowerManagerService.WakeLocks".
D/PowerManagerService(  719): handleSandman: canDream=false, mWakefulness=Awake
V/WindowManager(  719): Changing focus from Window{420ed5a8 u0 com.sixtyplus.nidfit.treadmill.app/com.sixtyplus.nidfit.treadmill.app.LoginActivity} to null Callers=com.android.server.wm.WindowManagerService.setFocusedApp:4279 com.android.server.am.ActivityManagerService.setFocusedActivityLocked:2433 com.android.server.am.ActivityStackSupervisor.startActivityUncheckedLocked:1958 com.android.server.am.ActivityStackSupervisor.startActivityLocked:1333 
I/WindowManager(  719): Losing focus: Window{420ed5a8 u0 com.sixtyplus.nidfit.treadmill.app/com.sixtyplus.nidfit.treadmill.app.LoginActivity}
V/InputMethodManagerService(  719): windowGainedFocus: android.os.BinderProxy@41fd0b70 controlFlags=#0 softInputMode=#20 windowFlags=#1810500
W/InputMethodManagerService(  719): Window already focused, ignoring focus gain of: com.android.internal.view.IInputMethodClient$Stub$Proxy@42320080 attribute=null, token = android.os.BinderProxy@421520c8
D/ActivityThread(24604): ACT-AM_ON_PAUSE_CALLED ActivityRecord{4307fc30 token=android.os.BinderProxy@4566a478 {com.sixtyplus.nidfit.treadmill.app/com.sixtyplus.nidfit.treadmill.app.LoginActivity}}
D/ActivityThread(24604): ACT-PAUSE_ACTIVITY handled : 1 / android.os.BinderProxy@4566a478
V/ActivityThread(24604): ActivityRecord{42f6b290 token=android.os.BinderProxy@42f6a8d0 {com.sixtyplus.nidfit.treadmill.app/com.sixtyplus.nidfit.treadmill.app.MainActivity}}: app=com.sixtyplus.nidfit.treadmill.app.MyApp@41d06848, appName=com.sixtyplus.nidfit.treadmill.app, pkg=com.sixtyplus.nidfit.treadmill.app, comp={com.sixtyplus.nidfit.treadmill.app/com.sixtyplus.nidfit.treadmill.app.MainActivity}, dir=/data/app/com.sixtyplus.nidfit.treadmill.app-2.apk
--------- beginning of /dev/log/main
D/MDLOGGER(12518): Normal boot 1
D/MDLOGGER(12518): Open servFifoFd FIFO -1
V/WindowManager(  719): Changing focus from null to Window{41eadd48 u0 com.sixtyplus.nidfit.treadmill.app/com.sixtyplus.nidfit.treadmill.app.MainActivity} Callers=com.android.server.wm.WindowManagerService.addWindow:2671 com.android.server.wm.Session.addToDisplay:163 android.view.IWindowSession$Stub.onTransact:111 com.android.server.wm.Session.onTransact:126 
I/WindowManager(  719): Gaining focus: Window{41eadd48 u0 com.sixtyplus.nidfit.treadmill.app/com.sixtyplus.nidfit.treadmill.app.MainActivity}
V/WindowManager(  719): Changing focus from Window{41eadd48 u0 com.sixtyplus.nidfit.treadmill.app/com.sixtyplus.nidfit.treadmill.app.MainActivity} to null Callers=com.android.server.wm.WindowManagerService.removeWindowLocked:2794 com.android.server.wm.WindowManagerService.removeWindow:2715 com.android.server.wm.Session.remove:182 android.view.IWindowSession$Stub.onTransact:197 
I/WindowManager(  719): Losing focus: Window{41eadd48 u0 com.sixtyplus.nidfit.treadmill.app/com.sixtyplus.nidfit.treadmill.app.MainActivity}
V/ActivityThread(24604): Performing resume of ActivityRecord{42f6b290 token=android.os.BinderProxy@42f6a8d0 {com.sixtyplus.nidfit.treadmill.app/com.sixtyplus.nidfit.treadmill.app.MainActivity}} finished=false
W/AEE     (    0): some logs have been lost (1249 bytes estimated)
I/BufferQueue(  151): [com.sixtyplus.nidfit.treadmill.app/com.sixtyplus.nidfit.treadmill.app.LoginActivity](this:0xb7c037b0,id:3398,api:0,p:-1,c:-1) ~BufferQueue
I/GraphicBuffer(  151): free buffer (w:32 h:32 f:1) handle(0xb7c3bc28)
D/dalvikvm(24604): create interp thread : stack size=128KB
D/dalvikvm(24604): create new thread
D/dalvikvm(24604): new thread created
D/dalvikvm(24604): update thread list
D/dalvikvm(24604): threadid=65: interp stack at 0x7ab8d000
D/dalvikvm(24604): threadid=65: created from interp
D/dalvikvm(24604): threadid=65: adding to list
D/dalvikvm(24604): start new thread
D/dalvikvm(24604): create interp thread : stack size=128KB
D/dalvikvm(24604): create new thread
D/dalvikvm(24604): new thread created
D/dalvikvm(24604): update thread list
D/dalvikvm(24604): threadid=66: interp stack at 0x7abad000
D/dalvikvm(24604): threadid=66: created from interp
D/dalvikvm(24604): threadid=66: adding to list
D/dalvikvm(24604): start new thread
D/dalvikvm(24604): create interp thread : stack size=128KB
D/dalvikvm(24604): create new thread
D/dalvikvm(24604): new thread created
D/dalvikvm(24604): update thread list
D/dalvikvm(24604): threadid=66: notify debugger
D/dalvikvm(24604): threadid=66 (Cmd$SyncPlan): calling run()
D/dalvikvm(24604): threadid=65: notify debugger
D/dalvikvm(24604): threadid=65 (Cmd$UserSceneSync): calling run()
E/UserSceneSync(24604):  1 
E/UserSceneSync(24604): -- user[] count:0
D/dalvikvm(24604): threadid=65: exiting
D/dalvikvm(24604): threadid=65: detach (group=0x41863ce0)
D/dalvikvm(24604): threadid=65: removing from list
D/dalvikvm(24604): threadid=65: bye!
D/dalvikvm(24604): threadid=65: interp stack at 0x7abcd000
D/dalvikvm(24604): threadid=65: created from interp
D/dalvikvm(24604): threadid=65: adding to list
D/dalvikvm(24604): start new thread
D/dalvikvm(24604): threadid=65: notify debugger
D/dalvikvm(24604): threadid=65 (Cmd$SyncRecord): calling run()
V/CloudServerImpl(24604): mAuthing:  - judging  http://api.nidfit.60community.com/v2/motion/syncScene
V/CloudServerImpl(24604): mAuthing:  - wait  http://api.nidfit.60community.com/v2/motion/syncScene
V/CloudServerImpl(24604): mAuthing:  - go  http://api.nidfit.60community.com/v2/motion/syncScene
D/ActivityThread(24604): ACT-AM_ON_RESUME_CALLED ActivityRecord{42f6b290 token=android.os.BinderProxy@42f6a8d0 {com.sixtyplus.nidfit.treadmill.app/com.sixtyplus.nidfit.treadmill.app.MainActivity}}
V/ActivityThread(24604): Resume ActivityRecord{42f6b290 token=android.os.BinderProxy@42f6a8d0 {com.sixtyplus.nidfit.treadmill.app/com.sixtyplus.nidfit.treadmill.app.MainActivity}} started activity: false, hideForNow: false, finished: false
V/PhoneWindow(24604): DecorView setVisiblity: visibility = 4 ,Parent =null, this =com.android.internal.policy.impl.PhoneWindow$DecorView{42e77058 I.E..... R.....ID 0,0-0,0}
V/ViewRootImpl(24604): mApplyParallel = false, this = ViewRoot{429f2060 ,ident = 340}
I/ccci_mdinit(1)(  141): wait_for_property() ready for name:init.svc.mdlogger, loop:18
D/ccci_mdinit(1)(  141): buff.data[0] = 0xFFFFFFFF, data[1] = 0xFAF5000F, channel = F0000000, reserved = 0x00000000
D/ccci_mdinit(1)(  141): Get notify case: 0
V/ActivityThread(24604): Resuming ActivityRecord{42f6b290 token=android.os.BinderProxy@42f6a8d0 {com.sixtyplus.nidfit.treadmill.app/com.sixtyplus.nidfit.treadmill.app.MainActivity}} with isForward=true
V/PhoneWindow(24604): DecorView setVisiblity: visibility = 0 ,Parent =ViewRoot{429f2060 com.sixtyplus.nidfit.treadmill.app/com.sixtyplus.nidfit.treadmill.app.MainActivity,ident = 340}, this =com.android.internal.policy.impl.PhoneWindow$DecorView{42e77058 V.E..... R.....ID 0,0-0,0}
V/ActivityThread(24604): Scheduling idle handler for ActivityRecord{42f6b290 token=android.os.BinderProxy@42f6a8d0 {com.sixtyplus.nidfit.treadmill.app/com.sixtyplus.nidfit.treadmill.app.MainActivity}}
D/ActivityThread(24604): ACT-LAUNCH_ACTIVITY handled : 0 / ActivityRecord{42f6b290 token=android.os.BinderProxy@42f6a8d0 {com.sixtyplus.nidfit.treadmill.app/com.sixtyplus.nidfit.treadmill.app.MainActivity}}
V/CloudServerImpl(24604): execRequest: http://api.nidfit.60community.com/v2/motion/syncScene{"data":"{\"scenes\":[],\"userId\":\"062708c971cd43cd9fa90e86351b5d6f\"}","md5":"Vr4XE2+YewVk8Icgjcom6Q==","tick":1516611781930,"ctxKey":"1ad398df6b734348bcb8a47103e2eecb"}
E/SyncPlan(24604): 
V/CloudServerImpl(24604): mAuthing:  - judging  http://api.nidfit.60community.com/v2/motion/syncPlan
V/CloudServerImpl(24604): mAuthing:  - wait  http://api.nidfit.60community.com/v2/motion/syncPlan
V/CloudServerImpl(24604): mAuthing:  - go  http://api.nidfit.60community.com/v2/motion/syncPlan
I/FrameworkListener(  146): onDataAvailable get 54 bytes 
D/FrameworkListener(  146): dispatchCommand data = (getaddrinfo api.nidfit.60community.com ^ 1024 0 1 0 ^)
I/BufferQueue(  151): [com.sixtyplus.nidfit.treadmill.app/com.sixtyplus.nidfit.treadmill.app.LoginActivity](this:0xb7c3e4f8,id:3397,api:1,p:24604,c:151) [release] fps:18.05, dur:1052.53, max:275.06, min:3.99
D/libc-netbsd(  146): default dns: query_ipv6=0, query_ipv4=1
D/libc-netbsd(  146): res_queryN name = api.nidfit.60community.com, class = 1, type = 1
D/libc-netbsd(  146): res_queryN name = api.nidfit.60community.com succeed
D/SocketClient(  146): SocketClient sendDatalocked done: 222
D/SocketClient(  146): SocketClient sendDatalocked done: 
D/SocketClient(  146): SocketClient sendDatalocked done: 
D/SocketClient(  146): SocketClient sendDatalocked done: 
D/SocketClient(  146): SocketClient sendDatalocked done: 
D/SocketClient(  146): SocketClient sendDatalocked done: 
D/SocketClient(  146): SocketClient sendDatalocked done: 
D/ccci_mdinit(1)(  141): buff.data[0] = 0xFFFFFFFF, data[1] = 0xFAF50004, channel = F0000000, reserved = 0x00000000
D/ccci_mdinit(1)(  141): reset modem at boot up state
D/ccci_mdinit(1)(  141): stop mdlogger at boot_up_state
I/ccci_mdinit(1)(  141): wait_property_ready() count:2, waitmsec:2000, loop:20
I/ccci_mdinit(1)(  141): wait_property_ready() watiflag:0x0
I/ccci_mdinit(1)(  141): wait_for_property() name:init.svc.ccci_fsd, desired_value:stopped, waitmsec:0, loop:1
I/ccci_mdinit(1)(  141): wait_for_property() ready for name:init.svc.ccci_fsd, loop:0
I/ccci_mdinit(1)(  141): wait_for_property() name:init.svc.mdlogger, desired_value:stopped, waitmsec:0, loop:1
E/ccci_mdinit(1)(  141): wait_for_property() failed!name:init.svc.mdlogger, desired_value:stopped, waitmsec:0, value:stopping
D/libc-netbsd(24604): getaddrinfo: api.nidfit.60community.com get result from proxy >>
I/System.out(24604): propertyValue:true
I/System.out(24604): [CDS]rx timeout:10000
I/System.out(24604): [socket][279] connection api.nidfit.60community.com/39.108.233.87:80;LocalPort=52202(10000)
I/System.out(24604): [CDS]connect[api.nidfit.60community.com/39.108.233.87:80] tm:10
D/Posix   (24604): [Posix_connect Debug]Process com.sixtyplus.nidfit.treadmill.app :80 
V/CloudServerImpl(24604): execRequest: http://api.nidfit.60community.com/v2/motion/syncPlan{"data":"{\"userId\":\"062708c971cd43cd9fa90e86351b5d6f\",\"planStates\":[]}","md5":"j7cQS/jrfyux1r2jMM+wcw==","tick":1516611781947,"ctxKey":"1ad398df6b734348bcb8a47103e2eecb"}
I/System.out(24604): [CDS]rx timeout:10000
I/System.out(24604): [socket][280] connection api.nidfit.60community.com/39.108.233.87:80;LocalPort=48063(10000)
I/System.out(24604): [CDS]connect[api.nidfit.60community.com/39.108.233.87:80] tm:10
D/Posix   (24604): [Posix_connect Debug]Process com.sixtyplus.nidfit.treadmill.app :80 
E/SyncRecord(24604): 
E/MainActivity(24604): +++ onCommandFinished() called with: cmd = [com.sixtyplus.nidfit.treadmill.app.command.SyncRecord@41e46788], e = [null]
D/dalvikvm(24604): threadid=65: exiting
D/dalvikvm(24604): threadid=65: detach (group=0x41863ce0)
D/dalvikvm(24604): threadid=65: removing from list
D/dalvikvm(24604): threadid=65: bye!
E/+++++++ (24604): UserHome:   setUserInfo    
E/+++++++++(24604): loadQR() called with: qrTag = [062708c971cd43cd9fa90e86351b5d6f]
E/+++++++++(24604): refreshTmpQR()  refreshTmpQR exist 062708c971cd43cd9fa90e86351b5d6f
E/--------(24604): enterStateNormal() [062708c971cd43cd9fa90e86351b5d6f]  url:https://mp.weixin.qq.com/cgi-bin/showqrcode?ticket=gQEy8DwAAAAAAAAAAS5odHRwOi8vd2VpeGluLnFxLmNvbS9xLzAyTWU1UVV6UDVkVTIxb20tQk5xY1AAAgT2oWVaAwQgHAAA  layout:android.widget.RelativeLayout{45944868 V.E...C. ......I. 0,0-0,0 #7f0d01a0 app:id/qr_layout}
D/ConnectivityService(  719): getActiveNetworkInfo:NetworkInfo: type: WIFI[], state: CONNECTED/CONNECTED, reason: (unspecified), extra: "60_office", roaming: false, failover: false, isAvailable: true, isConnectedToProvisioningNetwork: false, simId: 0/10048
E/EasyWiFi(24604): register-State: [ registerStateListener(EasyWiFi:131) <= onResume(UserHomeFragment.java:146) ]
I/System.out(24604): [socket][/172.16.0.142:48063] connected
I/System.out(24604): [CDS]rx timeout:10000
I/System.out(24604): [socket][/172.16.0.142:52202] connected
I/System.out(24604): [CDS]rx timeout:10000
I/ccci_mdinit(1)(  141): wait_property_ready() watiflag:0x1
I/ccci_mdinit(1)(  141): wait_for_property() name:init.svc.mdlogger, desired_value:stopped, waitmsec:0, loop:1
I/ccci_mdinit(1)(  141): wait_for_property() ready for name:init.svc.mdlogger, loop:0
I/ccci_mdinit(1)(  141): wait_property_ready() Succeeded! count:2, waitmsec:2000, loop:17
I/ccci_mdinit(1)(  141): boot_up_state_handler stop service Succeeded!
D/ccci_mdinit(1)(  141): buff.data[0] = 0xFFFFFFFF, data[1] = 0xFAF50006, channel = F0000000, reserved = 0x00000000
D/ccci_mdinit(1)(  141): All up layer ready, begin to reset
I/ccci_mdinit(1)(  141): start_service init.svc.ccci_fsd, current state:stopped, returned:7
I/ccci_mdinit(1)(  141): wait_for_property() name:init.svc.ccci_fsd, desired_value:running, waitmsec:2000, loop:20
E/ccci_fsd(0)(12525): md_fsd Ver:v2.01, CCCI Ver:2
D/ccci_fsd(1)(12525): /dev/ccci_fs is opend(600).
D/ccci_fsd(1)(12525): Check OTP...
D/ccci_fsd(1)(12525): register signal hadler
E/ccci_fsd(1)(12525): can't catch SIGKILL
V/CloudServerImpl(24604): execRequest:  true  url:http://api.nidfit.60community.com/v2/motion/syncPlan
V/CloudServerImpl(24604): execRequest: http://api.nidfit.60community.com/v2/motion/syncPlan{"plan":{"genId":203,"bgUrl":"http://img.60community.com/nidone/3cbc12a555664647be4028f17f7f624d.jpg","tipCh":"BMI: 23.88","nameEn":"123","tipEn":"BMI: 23.88,Healthy,keep going on.","planId":42,"nameCh":"123"}}
D/SQLiteDatabase(24604): beginTransaction()
D/SQLiteDatabase(24604): endTransaction()
V/CloudServerImpl(24604): execRequest:  true  url:http://api.nidfit.60community.com/v2/motion/syncScene
V/CloudServerImpl(24604): execRequest: http://api.nidfit.60community.com/v2/motion/syncScene{"scenes":[]}
D/SQLiteDatabase(24604): beginTransaction()
D/SQLiteDatabase(24604): endTransaction()
D/SQLiteDatabase(24604): beginTransaction()
D/SQLiteDatabase(24604): endTransaction()
D/SQLiteDatabase(24604): beginTransaction()
D/SQLiteDatabase(24604): endTransaction()
D/SQLiteDatabase(24604): beginTransaction()
D/SQLiteDatabase(24604): endTransaction()
E/UserSceneSync(24604): --  0
E/UserSceneSync(24604): --  0
E/UserSceneSync(24604): --  0
E/MainActivity(24604): +++   onCommandFinished() called with: cmd = [com.sixtyplus.nidfit.treadmill.app.command.UserSceneSync@41e46480], e = [null]
E/UserSceneSync(24604): -- 
D/SQLiteDatabase(24604): beginTransaction()
D/SQLiteDatabase(24604): endTransaction()
D/SQLiteDatabase(24604): beginTransaction()
D/SQLiteDatabase(24604): endTransaction()
E/MainActivity(24604): +++ onCommandFinished() called with: cmd = [com.sixtyplus.nidfit.treadmill.app.command.SyncPlan@41e46620], e = [null]
D/dalvikvm(24604): threadid=66: exiting
D/dalvikvm(24604): threadid=66: detach (group=0x41863ce0)
D/dalvikvm(24604): threadid=66: removing from list
D/dalvikvm(24604): threadid=66: bye!
E/+++++++ (24604): UserHome:   setUserInfo    
E/+++++++++(24604): loadQR() called with: qrTag = [062708c971cd43cd9fa90e86351b5d6f]
E/+++++++++(24604): refreshTmpQR()  refreshTmpQR exist 062708c971cd43cd9fa90e86351b5d6f
E/--------(24604): enterStateNormal() [062708c971cd43cd9fa90e86351b5d6f]  url:https://mp.weixin.qq.com/cgi-bin/showqrcode?ticket=gQEy8DwAAAAAAAAAAS5odHRwOi8vd2VpeGluLnFxLmNvbS9xLzAyTWU1UVV6UDVkVTIxb20tQk5xY1AAAgT2oWVaAwQgHAAA  layout:android.widget.RelativeLayout{44fc3f78 V.E...C. ......I. 0,0-0,0 #7f0d01a0 app:id/qr_layout}
D/ConnectivityService(  719): getActiveNetworkInfo:NetworkInfo: type: WIFI[], state: CONNECTED/CONNECTED, reason: (unspecified), extra: "60_office", roaming: false, failover: false, isAvailable: true, isConnectedToProvisioningNetwork: false, simId: 0/10048
E/EasyWiFi(24604): register-State: [ registerStateListener(EasyWiFi:131) <= onResume(UserHomeFragment.java:146) ]
I/ccci_mdinit(1)(  141): wait_for_property() ready for name:init.svc.ccci_fsd, loop:18
D/ccci_mdinit(1)(  141): BC queue free space 1
D/android.widget.GridLayout(24604): horizontal constraints: x1-x0>=188, x2-x1>=236, x3-x2>=236, x4-x3>=236, x4-x0<=894 are inconsistent; permanently removing: x4-x0<=894. 
D/android.widget.GridLayout(24604): vertical constraints: y3-y0>=472, y3-y2<=0, y2-y1<=75, y1-y0<=50 are inconsistent; permanently removing: y3-y2<=0. 
D/ccci_mdinit(1)(  141): buff.data[0] = 0xFFFFFFFF, data[1] = 0xFAF50002, channel = F0000000, reserved = 0x00000000
D/ccci_mdinit(1)(  141): modem boot up, set runtime data
D/ccci_mdinit(1)(  141): buff.data[0] = 0xFFFFFFFF, data[1] = 0xFAF50003, channel = F0000000, reserved = 0x00000000
D/ccci_mdinit(1)(  141): CCCI_MD_MSG_EXCEPTION
D/ccci_mdinit(1)(  141): start mdlogger when MD exception early happens at boot_up_state
I/ccci_mdinit(1)(  141): start_service init.svc.mdlogger, current state:stopped, returned:7
I/ccci_mdinit(1)(  141): wait_for_property() name:init.svc.mdlogger, desired_value:running, waitmsec:2000, loop:20
I/MDLOGGER(12526): previous mask value is 077
I/MDLOGGER(12526): Starting MDLogger. Version=W1415.p1 (Aug  5 2014 16:41:09)
I/MDLOGGER(12526): signal ignore
D/MDLOGGER(12526): Normal Mode 0
D/MDLOGGER(12526): Get auto start mode: 600
D/MDLOGGER(12526): Get auto start mode: 0
E/MDLOGGER(12526): mSockListenId ok
D/MDLOGGER(12526): start Mdlogger mode 0
D/MDLOGGER(12526): Normal boot 1
I/MDLOGGER(12526): Need create thread start Logging
D/MDLOGGER(12526): Normal boot 1
D/MDLOGGER(12526): Open servFifoFd FIFO -1
D/MDLOGGER(12526): runListener
D/MDLOGGER(12526): mdlogger socket select start
E/MDLOGGER(12526): select timeout
D/MDLOGGER(12526): mdlogger socket select start
I/MDLOGGER(12526): startLoggingThreadFun start Mdlogging
I/MDLOGGER(12526): g_pLogWriterRegister is 0
I/MDLOGGER(12526): Start MDLogging: Enter idle mode.
I/MDLOGGER(12526): g_pLogWriterRegister is 1
D/android.widget.GridLayout(24604): horizontal constraints: x1-x0>=188, x2-x1>=236, x3-x2>=236, x4-x3>=236, x4-x0<=894 are inconsistent; permanently removing: x4-x0<=894. 
D/android.widget.GridLayout(24604): vertical constraints: y3-y0>=472, y3-y2<=0, y2-y1<=75, y1-y0<=50 are inconsistent; permanently removing: y3-y2<=0. 
I/BufferQueue(  151): [unnamed-151-3399](this:0xb7c03808,id:3399,api:0,p:-1,c:-1) BufferQueue
I/BufferQueue(  151): [unnamed-151-3399](this:0xb7c03808,id:3399,api:0,p:-1,c:151) consumerConnect consumer=(151:/system/bin/surfaceflinger) controlledByApp=false
I/BufferQueue(  151): [unnamed-151-3399](this:0xb7c03808,id:3399,api:0,p:-1,c:151) setConsumerName: unnamed-151-3399
I/GLConsumer(  151): [unnamed-151-3399](this:0xb7c3f840,api:0) GLConsumer
I/BufferQueue(  151): [com.sixtyplus.nidfit.treadmill.app/com.sixtyplus.nidfit.treadmill.app.MainActivity](this:0xb7c03808,id:3399,api:0,p:-1,c:151) setConsumerName: com.sixtyplus.nidfit.treadmill.app/com.sixtyplus.nidfit.treadmill.app.MainActivity
I/BufferQueue(  151): [com.sixtyplus.nidfit.treadmill.app/com.sixtyplus.nidfit.treadmill.app.MainActivity](this:0xb7c03808,id:3399,api:0,p:-1,c:151) setDefaultBufferSize: w=1, h=1
V/WindowManager(  719): Changing focus from null to Window{41ec3470 u0 com.sixtyplus.nidfit.treadmill.app/com.sixtyplus.nidfit.treadmill.app.MainActivity} Callers=com.android.server.wm.WindowManagerService.relayoutWindow:3383 com.android.server.wm.Session.relayout:191 android.view.IWindowSession$Stub.onTransact:235 com.android.server.wm.Session.onTransact:126 
I/BufferQueue(  151): [com.sixtyplus.nidfit.treadmill.app/com.sixtyplus.nidfit.treadmill.app.MainActivity](this:0xb7c03808,id:3399,api:0,p:-1,c:151) setDefaultBufferSize: w=1024, h=600
I/WindowManager(  719): Gaining focus: Window{41ec3470 u0 com.sixtyplus.nidfit.treadmill.app/com.sixtyplus.nidfit.treadmill.app.MainActivity}
I/BufferQueue(  151): [com.sixtyplus.nidfit.treadmill.app/com.sixtyplus.nidfit.treadmill.app.MainActivity](this:0xb7c03808,id:3399,api:0,p:24604,c:151) connect: api=1 producer=(24604:com.sixtyplus.nidfit.treadmill.app) producerControlledByApp=true
I/BufferQueue(  151): [com.sixtyplus.nidfit.treadmill.app/com.sixtyplus.nidfit.treadmill.app.MainActivity](this:0xb7c03808,id:3399,api:1,p:24604,c:151) new GraphicBuffer needed
D/BufferQueue(  151):     [OLD] gb:NULL
I/GraphicBuffer(  151): allocate buffer (w:1024 h:600 f:1) handle(0xb7c2da90) err(0)
W/GraphicBufferExtra_hal(  151): gralloc extra device setBufInfo(...) is not supported
I/BufferQueue(  151):     [NEW] gb=0xb7bfdd90, handle=0xb7c2da90, w=1024, h=600, s=1024, fmt=1
D/GraphicBuffer(24604): create handle(0x775456e0) (w:1024, h:600, f:1)
D/BufferQueue(  151): [com.sixtyplus.nidfit.treadmill.app/com.sixtyplus.nidfit.treadmill.app.MainActivity](this:0xb7c03808,id:3399,api:1,p:24604,c:151) cancelBuffer: slot=0
I/MaliEGL (24604): [Mali]window_type=1, is_framebuffer=0, errnum = 0
I/MaliEGL (24604): [Mali]surface->num_buffers=4, surface->num_frames=3, win_min_undequeued=1
I/MaliEGL (24604): [Mali]max_allowed_dequeued_buffers=3
I/BufferQueue(  151): [com.sixtyplus.nidfit.treadmill.app/com.sixtyplus.nidfit.treadmill.app.MainActivity](this:0xb7c03808,id:3399,api:1,p:24604,c:151) setBufferCount: count=4
I/GraphicBuffer(  151): free buffer (w:1024 h:600 f:1) handle(0xb7c2da90)
I/BufferQueue(  151): [com.sixtyplus.nidfit.treadmill.app/com.sixtyplus.nidfit.treadmill.app.MainActivity](this:0xb7c03808,id:3399,api:1,p:24604,c:151) getReleasedBuffers: returning mask 0xffffffff
D/GraphicBuffer(24604): close handle(0x775456e0) (w:1024 h:600 f:1)
I/BufferQueue(  151): [com.sixtyplus.nidfit.treadmill.app/com.sixtyplus.nidfit.treadmill.app.MainActivity](this:0xb7c03808,id:3399,api:1,p:24604,c:151) new GraphicBuffer needed
D/BufferQueue(  151):     [OLD] gb:NULL
I/GraphicBuffer(  151): allocate buffer (w:1024 h:600 f:1) handle(0xb7c2da90) err(0)
W/GraphicBufferExtra_hal(  151): gralloc extra device setBufInfo(...) is not supported
I/BufferQueue(  151):     [NEW] gb=0xb7bfdd90, handle=0xb7c2da90, w=1024, h=600, s=1024, fmt=1
D/GraphicBuffer(24604): create handle(0x77546140) (w:1024, h:600, f:1)
I/ccci_mdinit(1)(  141): wait_for_property() ready for name:init.svc.mdlogger, loop:18
D/ccci_mdinit(1)(  141): buff.data[0] = 0xFFFFFFFF, data[1] = 0xFAF5000F, channel = F0000000, reserved = 0x00000000
D/ccci_mdinit(1)(  141): Get notify case: 0
D/OpenGLRenderer(24604): setViewport 1024x600 <0x775461a0>
D/ccci_mdinit(1)(  141): buff.data[0] = 0xFFFFFFFF, data[1] = 0xFAF50004, channel = F0000000, reserved = 0x00000000
D/ccci_mdinit(1)(  141): reset modem at boot up state
D/ccci_mdinit(1)(  141): stop mdlogger at boot_up_state
I/ccci_mdinit(1)(  141): wait_property_ready() count:2, waitmsec:2000, loop:20
I/ccci_mdinit(1)(  141): wait_property_ready() watiflag:0x0
I/ccci_mdinit(1)(  141): wait_for_property() name:init.svc.ccci_fsd, desired_value:stopped, waitmsec:0, loop:1
E/ccci_mdinit(1)(  141): wait_for_property() failed!name:init.svc.ccci_fsd, desired_value:stopped, waitmsec:0, value:stopping
I/ccci_mdinit(1)(  141): wait_for_property() name:init.svc.mdlogger, desired_value:stopped, waitmsec:0, loop:1
E/ccci_mdinit(1)(  141): wait_for_property() failed!name:init.svc.mdlogger, desired_value:stopped, waitmsec:0, value:stopping
I/BufferQueue(  151): [FrameBufferSurface_0](this:0xb7beb150,id:0,api:1,p:151,c:151) [release] fps:21.73, dur:1012.62, max:356.52, min:3.74
I/BufferQueue(  151): [FrameBufferSurface_0](this:0xb7beb150,id:0,api:1,p:151,c:151) [queue] fps:21.73, dur:1012.65, max:356.53, min:3.75
I/SurfaceFlinger(  151): [Built-in Screen (type:0)] fps:21.724680,dur:1012.67,max:356.55,min:3.76
I/ccci_mdinit(1)(  141): wait_property_ready() watiflag:0x0
I/ccci_mdinit(1)(  141): wait_for_property() name:init.svc.ccci_fsd, desired_value:stopped, waitmsec:0, loop:1
I/ccci_mdinit(1)(  141): wait_for_property() ready for name:init.svc.ccci_fsd, loop:0
I/ccci_mdinit(1)(  141): wait_for_property() name:init.svc.mdlogger, desired_value:stopped, waitmsec:0, loop:1
I/ccci_mdinit(1)(  141): wait_for_property() ready for name:init.svc.mdlogger, loop:0
I/ccci_mdinit(1)(  141): wait_property_ready() Succeeded! count:2, waitmsec:2000, loop:17
I/ccci_mdinit(1)(  141): boot_up_state_handler stop service Succeeded!
D/ccci_mdinit(1)(  141): buff.data[0] = 0xFFFFFFFF, data[1] = 0xFAF50006, channel = F0000000, reserved = 0x00000000
D/ccci_mdinit(1)(  141): All up layer ready, begin to reset
I/ccci_mdinit(1)(  141): start_service init.svc.ccci_fsd, current state:stopped, returned:7
I/ccci_mdinit(1)(  141): wait_for_property() name:init.svc.ccci_fsd, desired_value:running, waitmsec:2000, loop:20
D/ActivityThread(24604): SVC-Calling onStartCommand: com.sixtyplus.nidfit.treadmill.service.runningctrl.RunningCtrlService@44237c38, flags=0, startId=10
E/ccci_fsd(0)(12529): md_fsd Ver:v2.01, CCCI Ver:2
D/ccci_fsd(1)(12529): /dev/ccci_fs is opend(600).
D/ccci_fsd(1)(12529): Check OTP...
D/ccci_fsd(1)(12529): register signal hadler
E/ccci_fsd(1)(12529): can't catch SIGKILL
D/ActivityThread(24604): SVC-SERVICE_ARGS handled : 0 / ServiceArgsData{token=android.os.BinderProxy@420243e8 startId=10 args=Intent { cmp=com.sixtyplus.nidfit.treadmill.app/com.sixtyplus.nidfit.treadmill.service.runningctrl.RunningCtrlService }}
E/PopupMgr(24604): refreshStack: #####mShowing=true  hasNoShow=true
I/Choreographer(24604): Skipped 30 frames!  The application may be doing too much work on its main thread.
W/ADB_SERVICES(  184): create_local_service_socket() name=shell:cat /proc/24604/stat
W/ADB_SERVICES(  184): service_to_fd() name=shell:cat /proc/24604/stat
W/ADB_SERVICES(  184): read_meminfo() mem_free=274604
W/ADB_SERVICES(  184): create_subprocess() ret_fd=15 pid=12530
W/ADB_SERVICES(  184): LS(19078): bound to 'shell:cat /proc/24604/stat' via 15
D/ADB_SERVICES(  184): adb local_socket_ready list (36) (15) 
W/ADB_SERVICES(12530): adb: unable to open /proc/12530/oom_adj
I/ccci_mdinit(1)(  141): wait_for_property() ready for name:init.svc.ccci_fsd, loop:18
D/ccci_mdinit(1)(  141): BC queue free space 1
D/ADB_SERVICES(  184): adb socket read list (36) (15) 
D/ADB_SERVICES(  184): read_data=19034
D/ADB_SERVICES(  184): max_read_time=0.000387 max_send_time=0.003456 
D/ADB_SERVICES(  184):  closing because is_eof=1 r=1 s->fde.force_eof=0
W/ADB_SERVICES(  184): entered. LS(19078) fd=15
D/ConnectivityService(  719): getActiveNetworkInfo:NetworkInfo: type: WIFI[], state: CONNECTED/CONNECTED, reason: (unspecified), extra: "60_office", roaming: false, failover: false, isAvailable: true, isConnectedToProvisioningNetwork: false, simId: 0/10048
D/ConnectivityService(  719): getActiveNetworkInfo:NetworkInfo: type: WIFI[], state: CONNECTED/CONNECTED, reason: (unspecified), extra: "60_office", roaming: false, failover: false, isAvailable: true, isConnectedToProvisioningNetwork: false, simId: 0/10048
E/+++++++ (24604): UserHome:   setUserInfo    
E/+++++++++(24604): loadQR() called with: qrTag = [062708c971cd43cd9fa90e86351b5d6f]
E/+++++++++(24604): refreshTmpQR()  refreshTmpQR exist 062708c971cd43cd9fa90e86351b5d6f
E/--------(24604): enterStateNormal() [062708c971cd43cd9fa90e86351b5d6f]  url:https://mp.weixin.qq.com/cgi-bin/showqrcode?ticket=gQEy8DwAAAAAAAAAAS5odHRwOi8vd2VpeGluLnFxLmNvbS9xLzAyTWU1UVV6UDVkVTIxb20tQk5xY1AAAgT2oWVaAwQgHAAA  layout:android.widget.RelativeLayout{45944868 V.E...C. ......I. 0,0-0,0 #7f0d01a0 app:id/qr_layout}
I/ActivityManager(  719): [AppLaunch] Displayed Displayed com.sixtyplus.nidfit.treadmill.app/.MainActivity: +793ms
D/ActivityManager(  719): AP_PROF:AppLaunch_LaunchTime:com.sixtyplus.nidfit.treadmill.app/.MainActivity:793:19927807
D/PhoneStatusBar(  838): Status bar WINDOW_STATE_SHOWING
W/hwcomposer(  151): [WKR] Timed out waiting for UIComposeThread_0...
E/+++++++ (24604): UserHome:   setUserInfo    
E/+++++++++(24604): loadQR() called with: qrTag = [062708c971cd43cd9fa90e86351b5d6f]
E/+++++++++(24604): refreshTmpQR()  refreshTmpQR exist 062708c971cd43cd9fa90e86351b5d6f
E/--------(24604): enterStateNormal() [062708c971cd43cd9fa90e86351b5d6f]  url:https://mp.weixin.qq.com/cgi-bin/showqrcode?ticket=gQEy8DwAAAAAAAAAAS5odHRwOi8vd2VpeGluLnFxLmNvbS9xLzAyTWU1UVV6UDVkVTIxb20tQk5xY1AAAgT2oWVaAwQgHAAA  layout:android.widget.RelativeLayout{44fc3f78 V.E...C. ......I. 0,0-0,0 #7f0d01a0 app:id/qr_layout}
D/ConnectivityService(  719): getActiveNetworkInfo:NetworkInfo: type: WIFI[], state: CONNECTED/CONNECTED, reason: (unspecified), extra: "60_office", roaming: false, failover: false, isAvailable: true, isConnectedToProvisioningNetwork: false, simId: 0/10048
E/----    (24604): hasFocus = true
V/InputMethodManager(24604): onWindowFocus: null softInputMode=272 first=true flags=#1810100
V/InputMethodManager(24604): START INPUT: com.android.internal.policy.impl.PhoneWindow$DecorView{42e77058 V.E..... R.....ID 0,0-1024,600} ic=null tba=android.view.inputmethod.EditorInfo@457f7168 controlFlags=#104
V/InputMethodManagerService(  719): windowGainedFocus: android.os.BinderProxy@41fd0b70 controlFlags=#104 softInputMode=#110 windowFlags=#1810100
D/ccci_mdinit(1)(  141): buff.data[0] = 0xFFFFFFFF, data[1] = 0xFAF50002, channel = F0000000, reserved = 0x00000000
D/ccci_mdinit(1)(  141): modem boot up, set runtime data
D/ccci_mdinit(1)(  141): buff.data[0] = 0xFFFFFFFF, data[1] = 0xFAF50003, channel = F0000000, reserved = 0x00000000
D/ccci_mdinit(1)(  141): CCCI_MD_MSG_EXCEPTION
D/ccci_mdinit(1)(  141): start mdlogger when MD exception early happens at boot_up_state
I/ccci_mdinit(1)(  141): start_service init.svc.mdlogger, current state:stopped, returned:7
I/ccci_mdinit(1)(  141): wait_for_property() name:init.svc.mdlogger, desired_value:running, waitmsec:2000, loop:20
I/MDLOGGER(12531): previous mask value is 077
