D/PowerManagerDisplayController(  719): requestPowerState: screenState=2, useProximitySensor=false, forceProximitySensorEnable=false, forceWakeUpEnable=false, screenBrightness=53, screenAutoBrightnessAdjustment=0.0, useAutoBrightness=false, useEcoBrightness=false, blockScreenOn=false, waitForNegativeProximity=false
I/PowerManagerService(  719): setBrightness mButtonLight, screenBrightness=53
D/PowerManagerService(  719): updateScreenStateLocked: mDisplayReady=true, newScreenState=2, mWakefulness=1, mWakeLockSummary=0x0, mUserActivitySummary=0x5, mBootCompleted=true
D/PowerManagerService(  719): handleSandman: canDream=false, mWakefulness=Awake
D/PowerManagerService(  719): userActivityFromNative
D/PowerManagerService(  719): userActivityNoUpdateLocked: eventTime=19895889, event=0, flags=0x0, uid=1000
D/PowerManagerNotifier(  719): onUserActivity: event=0, uid=1000
D/PowerManagerService(  719): updateUserActivitySummaryLocked: mWakefulness=Awake, mUserActivitySummary=0x5, nextTimeout=19903819 (in 7927 ms)
D/PowerManagerService(  719): newScreenState = 2
D/PowerManagerDisplayController(  719): requestPowerState: screenState=2, useProximitySensor=false, forceProximitySensorEnable=false, forceWakeUpEnable=false, screenBrightness=53, screenAutoBrightnessAdjustment=0.0, useAutoBrightness=false, useEcoBrightness=false, blockScreenOn=false, waitForNegativeProximity=false
I/PowerManagerService(  719): setBrightness mButtonLight, screenBrightness=53
D/PowerManagerService(  719): updateScreenStateLocked: mDisplayReady=true, newScreenState=2, mWakefulness=1, mWakeLockSummary=0x0, mUserActivitySummary=0x5, mBootCompleted=true
D/PowerManagerService(  719): handleSandman: canDream=false, mWakefulness=Awake
V/ActivityManager(  719): Broadcast: Intent { act=android.intent.action.CLOSE_SYSTEM_DIALOGS flg=0x50000010 } ordered=false userid=-1 callerApp=null
I/ActivityManager(  719): START u0 {act=android.intent.action.CALL_BUTTON flg=0x10000000 cmp=com.android.dialer/.DialtactsActivity} from pid 24604
V/ActivityManager(  719): Broadcast: Intent { act=com.android.systemui.recent.action.CLOSE flg=0x10 pkg=com.android.systemui } ordered=false userid=-2 callerApp=ProcessRecord{42147030 838:com.android.systemui/u0a7}
D/PowerManagerService(  719): userActivityFromNative
D/PowerManagerService(  719): userActivityNoUpdateLocked: eventTime=19896239, event=2, flags=0x0, uid=1000
D/PowerManagerNotifier(  719): onUserActivity: event=2, uid=1000
D/PowerManagerService(  719): updateUserActivitySummaryLocked: mWakefulness=Awake, mUserActivitySummary=0x5, nextTimeout=19903819 (in 7576 ms)
D/PowerManagerService(  719): newScreenState = 2
D/PowerManagerDisplayController(  719): requestPowerState: screenState=2, useProximitySensor=false, forceProximitySensorEnable=false, forceWakeUpEnable=false, screenBrightness=53, screenAutoBrightnessAdjustment=0.0, useAutoBrightness=false, useEcoBrightness=false, blockScreenOn=false, waitForNegativeProximity=false
I/PowerManagerService(  719): setBrightness mButtonLight, screenBrightness=53
D/PowerManagerService(  719): updateScreenStateLocked: mDisplayReady=true, newScreenState=2, mWakefulness=1, mWakeLockSummary=0x0, mUserActivitySummary=0x5, mBootCompleted=true
D/PowerManagerService(  719): handleSandman: canDream=false, mWakefulness=Awake
I/ActivityManager(  719): START u0 {act=android.intent.action.MAIN cat=[android.intent.category.LAUNCHER] flg=0x10200000 cmp=com.sixtyplus.nidfit.treadmill.app/.LoginActivity} from pid 10642
D/PowerManagerService(  719): userActivityFromNative
D/PowerManagerService(  719): userActivityNoUpdateLocked: eventTime=19896448, event=1, flags=0x0, uid=1000
D/PowerManagerNotifier(  719): onUserActivity: event=1, uid=1000
D/PowerManagerService(  719): updateUserActivitySummaryLocked: mWakefulness=Awake, mUserActivitySummary=0x5, nextTimeout=19904448 (in 7998 ms)
D/PowerManagerService(  719): newScreenState = 2
D/PowerManagerDisplayController(  719): requestPowerState: screenState=2, useProximitySensor=false, forceProximitySensorEnable=false, forceWakeUpEnable=false, screenBrightness=53, screenAutoBrightnessAdjustment=0.0, useAutoBrightness=false, useEcoBrightness=false, blockScreenOn=false, waitForNegativeProximity=false
I/PowerManagerService(  719): setBrightness mButtonLight, screenBrightness=53
D/PowerManagerService(  719): updateScreenStateLocked: mDisplayReady=true, newScreenState=2, mWakefulness=1, mWakeLockSummary=0x0, mUserActivitySummary=0x5, mBootCompleted=true
D/PowerManagerService(  719): handleSandman: canDream=false, mWakefulness=Awake
D/PowerManagerService(  719): userActivityFromNative
D/PowerManagerService(  719): userActivityNoUpdateLocked: eventTime=19896607, event=0, flags=0x0, uid=1000
D/PowerManagerNotifier(  719): onUserActivity: event=0, uid=1000
D/PowerManagerService(  719): updateUserActivitySummaryLocked: mWakefulness=Awake, mUserActivitySummary=0x5, nextTimeout=19904448 (in 7838 ms)
D/PowerManagerService(  719): newScreenState = 2
D/PowerManagerDisplayController(  719): requestPowerState: screenState=2, useProximitySensor=false, forceProximitySensorEnable=false, forceWakeUpEnable=false, screenBrightness=53, screenAutoBrightnessAdjustment=0.0, useAutoBrightness=false, useEcoBrightness=false, blockScreenOn=false, waitForNegativeProximity=false
I/PowerManagerService(  719): setBrightness mButtonLight, screenBrightness=53
D/PowerManagerService(  719): updateScreenStateLocked: mDisplayReady=true, newScreenState=2, mWakefulness=1, mWakeLockSummary=0x0, mUserActivitySummary=0x5, mBootCompleted=true
D/PowerManagerService(  719): handleSandman: canDream=false, mWakefulness=Awake
V/ActivityManager(  719): Broadcast: Intent { act=android.intent.action.CLOSE_SYSTEM_DIALOGS flg=0x50000010 (has extras) } ordered=false userid=-1 callerApp=null
I/ActivityManager(  719): START u0 {act=android.intent.action.MAIN cat=[android.intent.category.HOME] flg=0x10200000 cmp=com.android.launcher/com.android.launcher2.Launcher} from pid 719
V/ActivityManager(  719): Broadcast: Intent { act=com.android.systemui.recent.action.CLOSE flg=0x10 pkg=com.android.systemui } ordered=false userid=-2 callerApp=ProcessRecord{42147030 838:com.android.systemui/u0a7}
D/PowerManagerService(  719): userActivityFromNative
D/PowerManagerService(  719): userActivityNoUpdateLocked: eventTime=19897027, event=1, flags=0x0, uid=1000
D/PowerManagerNotifier(  719): onUserActivity: event=1, uid=1000
D/PowerManagerService(  719): updateUserActivitySummaryLocked: mWakefulness=Awake, mUserActivitySummary=0x5, nextTimeout=19905027 (in 7986 ms)
D/PowerManagerService(  719): newScreenState = 2
D/PowerManagerDisplayController(  719): requestPowerState: screenState=2, useProximitySensor=false, forceProximitySensorEnable=false, forceWakeUpEnable=false, screenBrightness=53, screenAutoBrightnessAdjustment=0.0, useAutoBrightness=false, useEcoBrightness=false, blockScreenOn=false, waitForNegativeProximity=false
I/PowerManagerService(  719): setBrightness mButtonLight, screenBrightness=53
D/PowerManagerService(  719): updateScreenStateLocked: mDisplayReady=true, newScreenState=2, mWakefulness=1, mWakeLockSummary=0x0, mUserActivitySummary=0x5, mBootCompleted=true
D/PowerManagerService(  719): handleSandman: canDream=false, mWakefulness=Awake
D/PowerManagerService(  719): userActivityFromNative
D/PowerManagerService(  719): userActivityNoUpdateLocked: eventTime=19897108, event=2, flags=0x0, uid=1000
D/PowerManagerNotifier(  719): onUserActivity: event=2, uid=1000
D/PowerManagerService(  719): updateUserActivitySummaryLocked: mWakefulness=Awake, mUserActivitySummary=0x5, nextTimeout=19905027 (in 7916 ms)
D/PowerManagerService(  719): newScreenState = 2
D/PowerManagerDisplayController(  719): requestPowerState: screenState=2, useProximitySensor=false, forceProximitySensorEnable=false, forceWakeUpEnable=false, screenBrightness=53, screenAutoBrightnessAdjustment=0.0, useAutoBrightness=false, useEcoBrightness=false, blockScreenOn=false, waitForNegativeProximity=false
I/PowerManagerService(  719): setBrightness mButtonLight, screenBrightness=53
D/PowerManagerService(  719): updateScreenStateLocked: mDisplayReady=true, newScreenState=2, mWakefulness=1, mWakeLockSummary=0x0, mUserActivitySummary=0x5, mBootCompleted=true
D/PowerManagerService(  719): handleSandman: canDream=false, mWakefulness=Awake
I/FrameworkListener(  146): onDataAvailable get 54 bytes 
D/FrameworkListener(  146): dispatchCommand data = (getaddrinfo api.nidfit.60community.com ^ 1024 0 1 0 ^)
D/SocketClient(  146): SocketClient sendDatalocked done: 401
D/SocketClient(  146): SocketClient sendDatalocked done: 
W/InputManager(  719): Input event injection from pid 10642 failed.
I/ActivityManager(  719): START u0 {act=android.intent.action.MAIN cat=[android.intent.category.LAUNCHER] flg=0x10200000 cmp=com.sixtyplus.nidfit.treadmill.app/.LoginActivity} from pid 10642
D/PowerManagerService(  719): userActivityFromNative
D/PowerManagerService(  719): userActivityNoUpdateLocked: eventTime=19897675, event=1, flags=0x0, uid=1000
D/PowerManagerNotifier(  719): onUserActivity: event=1, uid=1000
D/PowerManagerService(  719): updateUserActivitySummaryLocked: mWakefulness=Awake, mUserActivitySummary=0x5, nextTimeout=19905675 (in 7998 ms)
D/PowerManagerService(  719): newScreenState = 2
D/PowerManagerDisplayController(  719): requestPowerState: screenState=2, useProximitySensor=false, forceProximitySensorEnable=false, forceWakeUpEnable=false, screenBrightness=53, screenAutoBrightnessAdjustment=0.0, useAutoBrightness=false, useEcoBrightness=false, blockScreenOn=false, waitForNegativeProximity=false
I/PowerManagerService(  719): setBrightness mButtonLight, screenBrightness=53
D/PowerManagerService(  719): updateScreenStateLocked: mDisplayReady=true, newScreenState=2, mWakefulness=1, mWakeLockSummary=0x0, mUserActivitySummary=0x5, mBootCompleted=true
D/PowerManagerService(  719): handleSandman: canDream=false, mWakefulness=Awake
D/PowerManagerService(  719): userActivityFromNative
D/PowerManagerService(  719): userActivityNoUpdateLocked: eventTime=19898015, event=2, flags=0x0, uid=1000
D/PowerManagerNotifier(  719): onUserActivity: event=2, uid=1000
D/PowerManagerService(  719): updateUserActivitySummaryLocked: mWakefulness=Awake, mUserActivitySummary=0x5, nextTimeout=19905675 (in 7655 ms)
D/PowerManagerService(  719): newScreenState = 2
D/PowerManagerDisplayController(  719): requestPowerState: screenState=2, useProximitySensor=false, forceProximitySensorEnable=false, forceWakeUpEnable=false, screenBrightness=53, screenAutoBrightnessAdjustment=0.0, useAutoBrightness=false, useEcoBrightness=false, blockScreenOn=false, waitForNegativeProximity=false
I/PowerManagerService(  719): setBrightness mButtonLight, screenBrightness=53
D/PowerManagerService(  719): updateScreenStateLocked: mDisplayReady=true, newScreenState=2, mWakefulness=1, mWakeLockSummary=0x0, mUserActivitySummary=0x5, mBootCompleted=true
D/PowerManagerService(  719): handleSandman: canDream=false, mWakefulness=Awake
D/PowerManagerService(  719): userActivityFromNative
D/PowerManagerService(  719): userActivityNoUpdateLocked: eventTime=19898180, event=1, flags=0x0, uid=1000
D/PowerManagerNotifier(  719): onUserActivity: event=1, uid=1000
D/PowerManagerService(  719): updateUserActivitySummaryLocked: mWakefulness=Awake, mUserActivitySummary=0x5, nextTimeout=19906180 (in 7993 ms)
D/PowerManagerService(  719): newScreenState = 2
D/PowerManagerDisplayController(  719): requestPowerState: screenState=2, useProximitySensor=false, forceProximitySensorEnable=false, forceWakeUpEnable=false, screenBrightness=53, screenAutoBrightnessAdjustment=0.0, useAutoBrightness=false, useEcoBrightness=false, blockScreenOn=false, waitForNegativeProximity=false
I/PowerManagerService(  719): setBrightness mButtonLight, screenBrightness=53
D/PowerManagerService(  719): updateScreenStateLocked: mDisplayReady=true, newScreenState=2, mWakefulness=1, mWakeLockSummary=0x0, mUserActivitySummary=0x5, mBootCompleted=true
D/PowerManagerService(  719): handleSandman: canDream=false, mWakefulness=Awake
D/SocketClient(  146): SocketClient msg = Iface linkstate p2p0 up
D/SocketClient(  146): SocketClient sendDatalocked done: 600 Iface linkstate p2p0 up
D/NetdConnector(  719): RCV <- {600 Iface linkstate p2p0 up}
D/NetworkManagementService(  719): onEvent:600 Iface linkstate p2p0 up:5
D/PowerManagerService(  719): userActivityFromNative
D/PowerManagerService(  719): userActivityNoUpdateLocked: eventTime=19898618, event=0, flags=0x0, uid=1000
D/PowerManagerNotifier(  719): onUserActivity: event=0, uid=1000
D/PowerManagerService(  719): updateUserActivitySummaryLocked: mWakefulness=Awake, mUserActivitySummary=0x5, nextTimeout=19906180 (in 7556 ms)
D/PowerManagerService(  719): newScreenState = 2
D/PowerManagerDisplayController(  719): requestPowerState: screenState=2, useProximitySensor=false, forceProximitySensorEnable=false, forceWakeUpEnable=false, screenBrightness=53, screenAutoBrightnessAdjustment=0.0, useAutoBrightness=false, useEcoBrightness=false, blockScreenOn=false, waitForNegativeProximity=false
I/PowerManagerService(  719): setBrightness mButtonLight, screenBrightness=53
D/PowerManagerService(  719): updateScreenStateLocked: mDisplayReady=true, newScreenState=2, mWakefulness=1, mWakeLockSummary=0x0, mUserActivitySummary=0x5, mBootCompleted=true
D/PowerManagerService(  719): handleSandman: canDream=false, mWakefulness=Awake
D/PowerManagerService(  719): userActivityFromNative
D/PowerManagerService(  719): userActivityNoUpdateLocked: eventTime=19898686, event=2, flags=0x0, uid=1000
D/PowerManagerNotifier(  719): onUserActivity: event=2, uid=1000
D/PowerManagerService(  719): updateUserActivitySummaryLocked: mWakefulness=Awake, mUserActivitySummary=0x5, nextTimeout=19906180 (in 7488 ms)
D/PowerManagerService(  719): newScreenState = 2
D/PowerManagerDisplayController(  719): requestPowerState: screenState=2, useProximitySensor=false, forceProximitySensorEnable=false, forceWakeUpEnable=false, screenBrightness=53, screenAutoBrightnessAdjustment=0.0, useAutoBrightness=false, useEcoBrightness=false, blockScreenOn=false, waitForNegativeProximity=false
I/PowerManagerService(  719): setBrightness mButtonLight, screenBrightness=53
D/PowerManagerService(  719): updateScreenStateLocked: mDisplayReady=true, newScreenState=2, mWakefulness=1, mWakeLockSummary=0x0, mUserActivitySummary=0x5, mBootCompleted=true
D/PowerManagerService(  719): handleSandman: canDream=false, mWakefulness=Awake
V/ActivityManager(  719): Broadcast sticky: Intent { act=android.net.wifi.supplicant.STATE_CHANGE flg=0x24000010 (has extras) } ordered=false userid=-1 callerApp=ProcessRecord{41fff248 719:system/1000}
D/PowerManagerService(  719): userActivityFromNative
D/PowerManagerService(  719): userActivityNoUpdateLocked: eventTime=19898965, event=1, flags=0x0, uid=1000
D/PowerManagerNotifier(  719): onUserActivity: event=1, uid=1000
D/PowerManagerService(  719): updateUserActivitySummaryLocked: mWakefulness=Awake, mUserActivitySummary=0x5, nextTimeout=19906965 (in 7986 ms)
D/PowerManagerService(  719): newScreenState = 2
D/PowerManagerDisplayController(  719): requestPowerState: screenState=2, useProximitySensor=false, forceProximitySensorEnable=false, forceWakeUpEnable=false, screenBrightness=53, screenAutoBrightnessAdjustment=0.0, useAutoBrightness=false, useEcoBrightness=false, blockScreenOn=false, waitForNegativeProximity=false
I/PowerManagerService(  719): setBrightness mButtonLight, screenBrightness=53
D/PowerManagerService(  719): updateScreenStateLocked: mDisplayReady=true, newScreenState=2, mWakefulness=1, mWakeLockSummary=0x0, mUserActivitySummary=0x5, mBootCompleted=true
D/PowerManagerService(  719): handleSandman: canDream=false, mWakefulness=Awake
D/PowerManagerService(  719): userActivityFromNative
D/PowerManagerService(  719): userActivityNoUpdateLocked: eventTime=19899234, event=2, flags=0x0, uid=1000
D/PowerManagerNotifier(  719): onUserActivity: event=2, uid=1000
D/PowerManagerService(  719): updateUserActivitySummaryLocked: mWakefulness=Awake, mUserActivitySummary=0x5, nextTimeout=19906965 (in 7729 ms)
D/PowerManagerService(  719): newScreenState = 2
D/PowerManagerDisplayController(  719): requestPowerState: screenState=2, useProximitySensor=false, forceProximitySensorEnable=false, forceWakeUpEnable=false, screenBrightness=53, screenAutoBrightnessAdjustment=0.0, useAutoBrightness=false, useEcoBrightness=false, blockScreenOn=false, waitForNegativeProximity=false
I/PowerManagerService(  719): setBrightness mButtonLight, screenBrightness=53
D/PowerManagerService(  719): updateScreenStateLocked: mDisplayReady=true, newScreenState=2, mWakefulness=1, mWakeLockSummary=0x0, mUserActivitySummary=0x5, mBootCompleted=true
D/PowerManagerService(  719): handleSandman: canDream=false, mWakefulness=Awake
D/NetlinkEvent(  146): clear RA flag done
I/NetlinkEvent(  146): clear 0 IPv6 DNS for wlan0
D/SocketClient(  146): SocketClient msg = Iface linkstate wlan0 down
D/SocketClient(  146): SocketClient sendDatalocked done: 600 Iface linkstate wlan0 down
D/NetlinkEvent(  146): clear RA flag done
I/NetlinkEvent(  146): clear 0 IPv6 DNS for wlan0
D/SocketClient(  146): SocketClient msg = Iface linkstate wlan0 down
D/SocketClient(  146): SocketClient sendDatalocked done: 600 Iface linkstate wlan0 down
D/NetdConnector(  719): RCV <- {600 Iface linkstate wlan0 down}
D/NetdConnector(  719): RCV <- {600 Iface linkstate wlan0 down}
D/NetworkManagementService(  719): onEvent:600 Iface linkstate wlan0 down:5
D/NetworkManagementService(  719): onEvent:600 Iface linkstate wlan0 down:5
D/PowerManagerService(  719): userActivityFromNative
D/PowerManagerService(  719): userActivityNoUpdateLocked: eventTime=19899540, event=1, flags=0x0, uid=1000
D/PowerManagerNotifier(  719): onUserActivity: event=1, uid=1000
D/PowerManagerService(  719): updateUserActivitySummaryLocked: mWakefulness=Awake, mUserActivitySummary=0x5, nextTimeout=19907540 (in 7982 ms)
D/PowerManagerService(  719): newScreenState = 2
D/PowerManagerDisplayController(  719): requestPowerState: screenState=2, useProximitySensor=false, forceProximitySensorEnable=false, forceWakeUpEnable=false, screenBrightness=53, screenAutoBrightnessAdjustment=0.0, useAutoBrightness=false, useEcoBrightness=false, blockScreenOn=false, waitForNegativeProximity=false
I/PowerManagerService(  719): setBrightness mButtonLight, screenBrightness=53
D/PowerManagerService(  719): updateScreenStateLocked: mDisplayReady=true, newScreenState=2, mWakefulness=1, mWakeLockSummary=0x0, mUserActivitySummary=0x5, mBootCompleted=true
D/PowerManagerService(  719): handleSandman: canDream=false, mWakefulness=Awake
V/ActivityManager(  719): Broadcast: Intent { act=android.net.wifi.SCAN_RESULTS flg=0x4000010 (has extras) } ordered=false userid=-1 callerApp=ProcessRecord{41fff248 719:system/1000}
I/WifiNotificationController(  719): checkAndSetNotification, state:DISCONNECTED
D/WifiNotificationController(  719): Connecting networkId:10, isConnecting:true
I/WifiNotificationController(  719): Open network num:2
D/WifiNotificationController(  719): Supplicant state is SCANNING when interpret scan results.
D/PowerManagerService(  719): userActivityFromNative
D/PowerManagerService(  719): userActivityNoUpdateLocked: eventTime=19899900, event=0, flags=0x0, uid=1000
D/PowerManagerNotifier(  719): onUserActivity: event=0, uid=1000
D/PowerManagerService(  719): updateUserActivitySummaryLocked: mWakefulness=Awake, mUserActivitySummary=0x5, nextTimeout=19907540 (in 7638 ms)
D/PowerManagerService(  719): newScreenState = 2
D/PowerManagerDisplayController(  719): requestPowerState: screenState=2, useProximitySensor=false, forceProximitySensorEnable=false, forceWakeUpEnable=false, screenBrightness=53, screenAutoBrightnessAdjustment=0.0, useAutoBrightness=false, useEcoBrightness=false, blockScreenOn=false, waitForNegativeProximity=false
I/PowerManagerService(  719): setBrightness mButtonLight, screenBrightness=53
D/PowerManagerService(  719): updateScreenStateLocked: mDisplayReady=true, newScreenState=2, mWakefulness=1, mWakeLockSummary=0x0, mUserActivitySummary=0x5, mBootCompleted=true
D/PowerManagerService(  719): handleSandman: canDream=false, mWakefulness=Awake
D/PowerManagerService(  719): userActivityFromNative
D/PowerManagerService(  719): userActivityNoUpdateLocked: eventTime=19899921, event=2, flags=0x0, uid=1000
D/PowerManagerNotifier(  719): onUserActivity: event=2, uid=1000
D/PowerManagerService(  719): updateUserActivitySummaryLocked: mWakefulness=Awake, mUserActivitySummary=0x5, nextTimeout=19907540 (in 7617 ms)
D/PowerManagerService(  719): newScreenState = 2
D/PowerManagerDisplayController(  719): requestPowerState: screenState=2, useProximitySensor=false, forceProximitySensorEnable=false, forceWakeUpEnable=false, screenBrightness=53, screenAutoBrightnessAdjustment=0.0, useAutoBrightness=false, useEcoBrightness=false, blockScreenOn=false, waitForNegativeProximity=false
I/PowerManagerService(  719): setBrightness mButtonLight, screenBrightness=53
D/PowerManagerService(  719): updateScreenStateLocked: mDisplayReady=true, newScreenState=2, mWakefulness=1, mWakeLockSummary=0x0, mUserActivitySummary=0x5, mBootCompleted=true
D/PowerManagerService(  719): handleSandman: canDream=false, mWakefulness=Awake
D/PowerManagerService(  719): acquireWakeLockInternal: lock=1105961232, flags=0x1, tag="AudioMix", ws=null, uid=1013, pid=154
D/PowerManagerNotifier(  719): onWakeLockAcquired: flags=1, tag="AudioMix", packageName=media, ownerUid=1013, ownerPid=154, workSource=null
D/PowerManagerService(  719): updateWakeLockSummaryLocked: mWakefulness=Awake, mWakeLockSummary=0x1
D/PowerManagerService(  719): newScreenState = 2
D/PowerManagerDisplayController(  719): requestPowerState: screenState=2, useProximitySensor=false, forceProximitySensorEnable=false, forceWakeUpEnable=false, screenBrightness=53, screenAutoBrightnessAdjustment=0.0, useAutoBrightness=false, useEcoBrightness=false, blockScreenOn=false, waitForNegativeProximity=false
I/PowerManagerService(  719): setBrightness mButtonLight, screenBrightness=53
D/PowerManagerService(  719): updateScreenStateLocked: mDisplayReady=true, newScreenState=2, mWakefulness=1, mWakeLockSummary=0x1, mUserActivitySummary=0x5, mBootCompleted=true
D/PowerManagerService(  719): Acquiring suspend blocker "PowerManagerService.WakeLocks".
D/PowerManagerService(  719): handleSandman: canDream=false, mWakefulness=Awake
D/PowerManagerService(  719): updateWakeLockWorkSourceInternal: lock=1105961232 [AudioMix], ws=WorkSource{10048}
D/PowerManagerNotifier(  719): onWakeLockReleased: flags=1, tag="AudioMix", packageName=media, ownerUid=1013, ownerPid=154, workSource=null
D/PowerManagerNotifier(  719): onWakeLockAcquired: flags=1, tag="AudioMix", packageName=media, ownerUid=1013, ownerPid=154, workSource=WorkSource{10048}
D/PowerManagerService(  719): userActivityFromNative
D/PowerManagerService(  719): userActivityNoUpdateLocked: eventTime=19900057, event=1, flags=0x0, uid=1000
D/PowerManagerNotifier(  719): onUserActivity: event=1, uid=1000
D/PowerManagerService(  719): updateUserActivitySummaryLocked: mWakefulness=Awake, mUserActivitySummary=0x5, nextTimeout=19908057 (in 7998 ms)
D/PowerManagerService(  719): newScreenState = 2
D/PowerManagerDisplayController(  719): requestPowerState: screenState=2, useProximitySensor=false, forceProximitySensorEnable=false, forceWakeUpEnable=false, screenBrightness=53, screenAutoBrightnessAdjustment=0.0, useAutoBrightness=false, useEcoBrightness=false, blockScreenOn=false, waitForNegativeProximity=false
I/PowerManagerService(  719): setBrightness mButtonLight, screenBrightness=53
D/PowerManagerService(  719): updateScreenStateLocked: mDisplayReady=true, newScreenState=2, mWakefulness=1, mWakeLockSummary=0x1, mUserActivitySummary=0x5, mBootCompleted=true
D/PowerManagerService(  719): handleSandman: canDream=false, mWakefulness=Awake
D/PowerManagerService(  719): updateWakeLockWorkSourceInternal: lock=1105961232 [AudioMix], ws=null
D/PowerManagerNotifier(  719): onWakeLockReleased: flags=1, tag="AudioMix", packageName=media, ownerUid=1013, ownerPid=154, workSource=WorkSource{10048}
D/PowerManagerNotifier(  719): onWakeLockAcquired: flags=1, tag="AudioMix", packageName=media, ownerUid=1013, ownerPid=154, workSource=null
D/PowerManagerService(  719): releaseWakeLockInternal: lock=1105961232 [AudioMix], flags=0x0, total_time=118ms
D/PowerManagerNotifier(  719): onWakeLockReleased: flags=1, tag="AudioMix", packageName=media, ownerUid=1013, ownerPid=154, workSource=null
D/PowerManagerService(  719): updateWakeLockSummaryLocked: mWakefulness=Awake, mWakeLockSummary=0x0
D/PowerManagerService(  719): newScreenState = 2
D/PowerManagerDisplayController(  719): requestPowerState: screenState=2, useProximitySensor=false, forceProximitySensorEnable=false, forceWakeUpEnable=false, screenBrightness=53, screenAutoBrightnessAdjustment=0.0, useAutoBrightness=false, useEcoBrightness=false, blockScreenOn=false, waitForNegativeProximity=false
I/PowerManagerService(  719): setBrightness mButtonLight, screenBrightness=53
D/PowerManagerService(  719): updateScreenStateLocked: mDisplayReady=true, newScreenState=2, mWakefulness=1, mWakeLockSummary=0x0, mUserActivitySummary=0x5, mBootCompleted=true
D/PowerManagerService(  719): Releasing suspend blocker "PowerManagerService.WakeLocks".
D/PowerManagerService(  719): handleSandman: canDream=false, mWakefulness=Awake
D/PowerManagerService(  719): acquireWakeLockInternal: lock=1111254424, flags=0x1, tag="AudioMix", ws=null, uid=1013, pid=154
D/PowerManagerNotifier(  719): onWakeLockAcquired: flags=1, tag="AudioMix", packageName=media, ownerUid=1013, ownerPid=154, workSource=null
D/PowerManagerService(  719): updateWakeLockSummaryLocked: mWakefulness=Awake, mWakeLockSummary=0x1
D/PowerManagerService(  719): newScreenState = 2
D/PowerManagerDisplayController(  719): requestPowerState: screenState=2, useProximitySensor=false, forceProximitySensorEnable=false, forceWakeUpEnable=false, screenBrightness=53, screenAutoBrightnessAdjustment=0.0, useAutoBrightness=false, useEcoBrightness=false, blockScreenOn=false, waitForNegativeProximity=false
I/PowerManagerService(  719): setBrightness mButtonLight, screenBrightness=53
D/PowerManagerService(  719): updateScreenStateLocked: mDisplayReady=true, newScreenState=2, mWakefulness=1, mWakeLockSummary=0x1, mUserActivitySummary=0x5, mBootCompleted=true
D/PowerManagerService(  719): Acquiring suspend blocker "PowerManagerService.WakeLocks".
D/PowerManagerService(  719): handleSandman: canDream=false, mWakefulness=Awake
D/PowerManagerService(  719): updateWakeLockWorkSourceInternal: lock=1111254424 [AudioMix], ws=WorkSource{10048}
D/PowerManagerNotifier(  719): onWakeLockReleased: flags=1, tag="AudioMix", packageName=media, ownerUid=1013, ownerPid=154, workSource=null
D/PowerManagerNotifier(  719): onWakeLockAcquired: flags=1, tag="AudioMix", packageName=media, ownerUid=1013, ownerPid=154, workSource=WorkSource{10048}
D/PowerManagerService(  719): updateWakeLockWorkSourceInternal: lock=1111254424 [AudioMix], ws=WorkSource{10048}
D/PowerManagerService(  719): updateWakeLockWorkSourceInternal: lock=1111254424 [AudioMix], ws=WorkSource{10048}
D/PowerManagerService(  719): updateWakeLockWorkSourceInternal: lock=1111254424 [AudioMix], ws=WorkSource{10048}
D/PowerManagerService(  719): userActivityFromNative
D/PowerManagerService(  719): userActivityNoUpdateLocked: eventTime=19900671, event=1, flags=0x0, uid=1000
D/PowerManagerNotifier(  719): onUserActivity: event=1, uid=1000
D/PowerManagerService(  719): updateUserActivitySummaryLocked: mWakefulness=Awake, mUserActivitySummary=0x5, nextTimeout=19908671 (in 7998 ms)
D/PowerManagerService(  719): newScreenState = 2
D/PowerManagerDisplayController(  719): requestPowerState: screenState=2, useProximitySensor=false, forceProximitySensorEnable=false, forceWakeUpEnable=false, screenBrightness=53, screenAutoBrightnessAdjustment=0.0, useAutoBrightness=false, useEcoBrightness=false, blockScreenOn=false, waitForNegativeProximity=false
I/PowerManagerService(  719): setBrightness mButtonLight, screenBrightness=53
D/PowerManagerService(  719): updateScreenStateLocked: mDisplayReady=true, newScreenState=2, mWakefulness=1, mWakeLockSummary=0x1, mUserActivitySummary=0x5, mBootCompleted=true
D/PowerManagerService(  719): handleSandman: canDream=false, mWakefulness=Awake
D/PowerManagerService(  719): updateWakeLockWorkSourceInternal: lock=1111254424 [AudioMix], ws=WorkSource{10048}
V/ActivityManager(  719): Broadcast: Intent { act=android.intent.action.MEDIA_BUTTON flg=0x10 cmp=com.android.music/.MediaButtonIntentReceiver (has extras) } ordered=true userid=0 callerApp=null
V/ActivityManager(  719): Broadcast: Intent { act=android.intent.action.MEDIA_BUTTON flg=0x10 cmp=com.android.music/.MediaButtonIntentReceiver (has extras) } ordered=true userid=0 callerApp=null
D/ActivityThread( 4243): BDC-Calling onReceive: intent=Intent { act=android.intent.action.MEDIA_BUTTON flg=0x10 cmp=com.android.music/.MediaButtonIntentReceiver (has extras) }, ordered=true, receiver=com.android.music.MediaButtonIntentReceiver@41fee290
D/ActivityThread( 4243): BDC-RECEIVER handled : 0 / ReceiverData{intent=Intent { act=android.intent.action.MEDIA_BUTTON flg=0x10 cmp=com.android.music/.MediaButtonIntentReceiver (has extras) } packageName=com.android.music resultCode=0 resultData=null resultExtras=null}
D/ActivityThread( 4243): BDC-Calling onReceive: intent=Intent { act=android.intent.action.MEDIA_BUTTON flg=0x10 cmp=com.android.music/.MediaButtonIntentReceiver (has extras) }, ordered=true, receiver=com.android.music.MediaButtonIntentReceiver@4203e160
D/ActivityThread( 4243): BDC-RECEIVER handled : 0 / ReceiverData{intent=Intent { act=android.intent.action.MEDIA_BUTTON flg=0x10 cmp=com.android.music/.MediaButtonIntentReceiver (has extras) } packageName=com.android.music resultCode=0 resultData=null resultExtras=null}
D/ActivityThread( 4243): SVC-SERVICE_ARGS handled : 0 / ServiceArgsData{token=android.os.BinderProxy@41dd4b10 startId=7 args=Intent { act=com.android.music.musicservicecommand cmp=com.android.music/.MediaPlaybackService (has extras) }}
I/ActivityManager(  719): START u0 {act=android.intent.action.MAIN cat=[android.intent.category.LAUNCHER] flg=0x10200000 cmp=com.sixtyplus.nidfit.treadmill.app/.LoginActivity} from pid 10642
D/DisplayManagerService(  719): Display listener for pid 10642 died.
D/PowerManagerService(  719): updateWakeLockWorkSourceInternal: lock=1111254424 [AudioMix], ws=null
D/PowerManagerNotifier(  719): onWakeLockReleased: flags=1, tag="AudioMix", packageName=media, ownerUid=1013, ownerPid=154, workSource=WorkSource{10048}
D/PowerManagerNotifier(  719): onWakeLockAcquired: flags=1, tag="AudioMix", packageName=media, ownerUid=1013, ownerPid=154, workSource=null
D/PowerManagerService(  719): updateWakeLockWorkSourceInternal: lock=1111254424 [AudioMix], ws=null
D/PowerManagerService(  719): updateWakeLockWorkSourceInternal: lock=1111254424 [AudioMix], ws=null
D/PowerManagerService(  719): updateWakeLockWorkSourceInternal: lock=1111254424 [AudioMix], ws=null
D/PowerManagerService(  719): updateWakeLockWorkSourceInternal: lock=1111254424 [AudioMix], ws=null
D/PowerManagerService(  719): updateWakeLockWorkSourceInternal: lock=1111254424 [AudioMix], ws=null
I/FrameworkListener(  146): onDataAvailable get 54 bytes 
D/FrameworkListener(  146): dispatchCommand data = (getaddrinfo api.nidfit.60community.com ^ 1024 0 1 0 ^)
D/SocketClient(  146): SocketClient sendDatalocked done: 401
D/SocketClient(  146): SocketClient sendDatalocked done: 
D/PowerManagerService(  719): releaseWakeLockInternal: lock=1111254424 [AudioMix], flags=0x0, total_time=2138ms
D/PowerManagerNotifier(  719): onWakeLockReleased: flags=1, tag="AudioMix", packageName=media, ownerUid=1013, ownerPid=154, workSource=null
D/PowerManagerService(  719): updateWakeLockSummaryLocked: mWakefulness=Awake, mWakeLockSummary=0x0
D/PowerManagerService(  719): newScreenState = 2
D/PowerManagerDisplayController(  719): requestPowerState: screenState=2, useProximitySensor=false, forceProximitySensorEnable=false, forceWakeUpEnable=false, screenBrightness=53, screenAutoBrightnessAdjustment=0.0, useAutoBrightness=false, useEcoBrightness=false, blockScreenOn=false, waitForNegativeProximity=false
I/PowerManagerService(  719): setBrightness mButtonLight, screenBrightness=53
D/PowerManagerService(  719): updateScreenStateLocked: mDisplayReady=true, newScreenState=2, mWakefulness=1, mWakeLockSummary=0x0, mUserActivitySummary=0x5, mBootCompleted=true
D/PowerManagerService(  719): Releasing suspend blocker "PowerManagerService.WakeLocks".
D/PowerManagerService(  719): handleSandman: canDream=false, mWakefulness=Awake
D/PowerManagerService(  719): userActivityFromNative
D/PowerManagerService(  719): userActivityNoUpdateLocked: eventTime=19903446, event=0, flags=0x0, uid=1000
D/PowerManagerNotifier(  719): onUserActivity: event=0, uid=1000
D/PowerManagerService(  719): updateUserActivitySummaryLocked: mWakefulness=Awake, mUserActivitySummary=0x5, nextTimeout=19908671 (in 5215 ms)
D/PowerManagerService(  719): newScreenState = 2
D/PowerManagerDisplayController(  719): requestPowerState: screenState=2, useProximitySensor=false, forceProximitySensorEnable=false, forceWakeUpEnable=false, screenBrightness=53, screenAutoBrightnessAdjustment=0.0, useAutoBrightness=false, useEcoBrightness=false, blockScreenOn=false, waitForNegativeProximity=false
I/PowerManagerService(  719): setBrightness mButtonLight, screenBrightness=53
D/PowerManagerService(  719): updateScreenStateLocked: mDisplayReady=true, newScreenState=2, mWakefulness=1, mWakeLockSummary=0x0, mUserActivitySummary=0x5, mBootCompleted=true
D/PowerManagerService(  719): userActivityFromNative
D/PowerManagerService(  719): userActivityNoUpdateLocked: eventTime=19903446, event=2, flags=0x0, uid=1000
D/PowerManagerNotifier(  719): onUserActivity: event=2, uid=1000
D/PowerManagerService(  719): handleSandman: canDream=false, mWakefulness=Awake
D/SocketClient(  146): SocketClient msg = Iface linkstate p2p0 up
D/SocketClient(  146): SocketClient sendDatalocked done: 600 Iface linkstate p2p0 up
D/NetdConnector(  719): RCV <- {600 Iface linkstate p2p0 up}
D/NetworkManagementService(  719): onEvent:600 Iface linkstate p2p0 up:5
D/PowerManagerService(  719): userActivityFromNative
D/PowerManagerService(  719): userActivityNoUpdateLocked: eventTime=19904193, event=0, flags=0x0, uid=1000
D/PowerManagerNotifier(  719): onUserActivity: event=0, uid=1000
D/PowerManagerService(  719): updateUserActivitySummaryLocked: mWakefulness=Awake, mUserActivitySummary=0x5, nextTimeout=19908671 (in 4476 ms)
D/PowerManagerService(  719): newScreenState = 2
D/PowerManagerDisplayController(  719): requestPowerState: screenState=2, useProximitySensor=false, forceProximitySensorEnable=false, forceWakeUpEnable=false, screenBrightness=53, screenAutoBrightnessAdjustment=0.0, useAutoBrightness=false, useEcoBrightness=false, blockScreenOn=false, waitForNegativeProximity=false
I/PowerManagerService(  719): setBrightness mButtonLight, screenBrightness=53
D/PowerManagerService(  719): updateScreenStateLocked: mDisplayReady=true, newScreenState=2, mWakefulness=1, mWakeLockSummary=0x0, mUserActivitySummary=0x5, mBootCompleted=true
D/PowerManagerService(  719): handleSandman: canDream=false, mWakefulness=Awake
D/PowerManagerService(  719): userActivityFromNative
D/PowerManagerService(  719): userActivityNoUpdateLocked: eventTime=19904193, event=2, flags=0x0, uid=1000
D/PowerManagerNotifier(  719): onUserActivity: event=2, uid=1000
D/PowerManagerService(  719): userActivityFromNative
D/PowerManagerService(  719): userActivityNoUpdateLocked: eventTime=19904758, event=0, flags=0x0, uid=1000
D/PowerManagerNotifier(  719): onUserActivity: event=0, uid=1000
D/PowerManagerService(  719): updateUserActivitySummaryLocked: mWakefulness=Awake, mUserActivitySummary=0x5, nextTimeout=19908671 (in 3910 ms)
D/PowerManagerService(  719): newScreenState = 2
D/PowerManagerDisplayController(  719): requestPowerState: screenState=2, useProximitySensor=false, forceProximitySensorEnable=false, forceWakeUpEnable=false, screenBrightness=53, screenAutoBrightnessAdjustment=0.0, useAutoBrightness=false, useEcoBrightness=false, blockScreenOn=false, waitForNegativeProximity=false
I/PowerManagerService(  719): setBrightness mButtonLight, screenBrightness=53
D/PowerManagerService(  719): updateScreenStateLocked: mDisplayReady=true, newScreenState=2, mWakefulness=1, mWakeLockSummary=0x0, mUserActivitySummary=0x5, mBootCompleted=true
D/PowerManagerService(  719): handleSandman: canDream=false, mWakefulness=Awake
D/PowerManagerService(  719): userActivityFromNative
D/PowerManagerService(  719): userActivityNoUpdateLocked: eventTime=19904758, event=2, flags=0x0, uid=1000
D/PowerManagerNotifier(  719): onUserActivity: event=2, uid=1000
D/PowerManagerService(  719): userActivityFromNative
D/PowerManagerService(  719): userActivityNoUpdateLocked: eventTime=19905414, event=0, flags=0x0, uid=1000
D/PowerManagerNotifier(  719): onUserActivity: event=0, uid=1000
D/PowerManagerService(  719): updateUserActivitySummaryLocked: mWakefulness=Awake, mUserActivitySummary=0x5, nextTimeout=19908671 (in 3253 ms)
D/PowerManagerService(  719): newScreenState = 2
D/PowerManagerDisplayController(  719): requestPowerState: screenState=2, useProximitySensor=false, forceProximitySensorEnable=false, forceWakeUpEnable=false, screenBrightness=53, screenAutoBrightnessAdjustment=0.0, useAutoBrightness=false, useEcoBrightness=false, blockScreenOn=false, waitForNegativeProximity=false
I/PowerManagerService(  719): setBrightness mButtonLight, screenBrightness=53
D/PowerManagerService(  719): updateScreenStateLocked: mDisplayReady=true, newScreenState=2, mWakefulness=1, mWakeLockSummary=0x0, mUserActivitySummary=0x5, mBootCompleted=true
D/PowerManagerService(  719): handleSandman: canDream=false, mWakefulness=Awake
D/PowerManagerService(  719): userActivityFromNative
D/PowerManagerService(  719): userActivityNoUpdateLocked: eventTime=19905414, event=2, flags=0x0, uid=1000
D/PowerManagerNotifier(  719): onUserActivity: event=2, uid=1000
D/PowerManagerService(  719): userActivityFromNative
D/PowerManagerService(  719): userActivityNoUpdateLocked: eventTime=19906143, event=0, flags=0x0, uid=1000
D/PowerManagerNotifier(  719): onUserActivity: event=0, uid=1000
D/PowerManagerService(  719): updateUserActivitySummaryLocked: mWakefulness=Awake, mUserActivitySummary=0x5, nextTimeout=19908671 (in 2527 ms)
D/PowerManagerService(  719): newScreenState = 2
D/PowerManagerDisplayController(  719): requestPowerState: screenState=2, useProximitySensor=false, forceProximitySensorEnable=false, forceWakeUpEnable=false, screenBrightness=53, screenAutoBrightnessAdjustment=0.0, useAutoBrightness=false, useEcoBrightness=false, blockScreenOn=false, waitForNegativeProximity=false
I/PowerManagerService(  719): setBrightness mButtonLight, screenBrightness=53
D/PowerManagerService(  719): updateScreenStateLocked: mDisplayReady=true, newScreenState=2, mWakefulness=1, mWakeLockSummary=0x0, mUserActivitySummary=0x5, mBootCompleted=true
D/PowerManagerService(  719): userActivityFromNative
D/PowerManagerService(  719): userActivityNoUpdateLocked: eventTime=19906143, event=2, flags=0x0, uid=1000
D/PowerManagerNotifier(  719): onUserActivity: event=2, uid=1000
D/PowerManagerService(  719): handleSandman: canDream=false, mWakefulness=Awake
I/ActivityManager(  719): START u0 {cmp=com.sixtyplus.nidfit.treadmill.app/com.sixtyplus.nidfit.treadmill.wifimgr.WifiActivity} from pid 24604
D/PowerManagerService(  719): acquireWakeLockInternal: lock=1104924816, flags=0x1, tag="ActivityManager-Launch", ws=null, uid=1000, pid=719
D/PowerManagerNotifier(  719): onWakeLockAcquired: flags=1, tag="ActivityManager-Launch", packageName=android, ownerUid=1000, ownerPid=719, workSource=null
D/PowerManagerService(  719): updateWakeLockSummaryLocked: mWakefulness=Awake, mWakeLockSummary=0x1
D/PowerManagerService(  719): newScreenState = 2
D/PowerManagerDisplayController(  719): requestPowerState: screenState=2, useProximitySensor=false, forceProximitySensorEnable=false, forceWakeUpEnable=false, screenBrightness=53, screenAutoBrightnessAdjustment=0.0, useAutoBrightness=false, useEcoBrightness=false, blockScreenOn=false, waitForNegativeProximity=false
I/PowerManagerService(  719): setBrightness mButtonLight, screenBrightness=53
D/PowerManagerService(  719): updateScreenStateLocked: mDisplayReady=true, newScreenState=2, mWakefulness=1, mWakeLockSummary=0x1, mUserActivitySummary=0x5, mBootCompleted=true
D/PowerManagerService(  719): Acquiring suspend blocker "PowerManagerService.WakeLocks".
D/PowerManagerService(  719): handleSandman: canDream=false, mWakefulness=Awake
V/WindowManager(  719): Changing focus from Window{420ed5a8 u0 com.sixtyplus.nidfit.treadmill.app/com.sixtyplus.nidfit.treadmill.app.LoginActivity} to null Callers=com.android.server.wm.WindowManagerService.setFocusedApp:4279 com.android.server.am.ActivityManagerService.setFocusedActivityLocked:2433 com.android.server.am.ActivityStackSupervisor.startActivityUncheckedLocked:1958 com.android.server.am.ActivityStackSupervisor.startActivityLocked:1333 
I/WindowManager(  719): Losing focus: Window{420ed5a8 u0 com.sixtyplus.nidfit.treadmill.app/com.sixtyplus.nidfit.treadmill.app.LoginActivity}
D/ActivityThread(24604): ACT-AM_ON_PAUSE_CALLED ActivityRecord{4307fc30 token=android.os.BinderProxy@4566a478 {com.sixtyplus.nidfit.treadmill.app/com.sixtyplus.nidfit.treadmill.app.LoginActivity}}
D/ActivityThread(24604): ACT-PAUSE_ACTIVITY handled : 1 / android.os.BinderProxy@4566a478
V/ActivityThread(24604): ActivityRecord{4593a9d0 token=android.os.BinderProxy@42e07858 {com.sixtyplus.nidfit.treadmill.app/com.sixtyplus.nidfit.treadmill.wifimgr.WifiActivity}}: app=com.sixtyplus.nidfit.treadmill.app.MyApp@41d06848, appName=com.sixtyplus.nidfit.treadmill.app, pkg=com.sixtyplus.nidfit.treadmill.app, comp={com.sixtyplus.nidfit.treadmill.app/com.sixtyplus.nidfit.treadmill.wifimgr.WifiActivity}, dir=/data/app/com.sixtyplus.nidfit.treadmill.app-2.apk
V/ActivityThread(24604): Performing resume of ActivityRecord{4593a9d0 token=android.os.BinderProxy@42e07858 {com.sixtyplus.nidfit.treadmill.app/com.sixtyplus.nidfit.treadmill.wifimgr.WifiActivity}} finished=false
D/ActivityThread(24604): ACT-AM_ON_RESUME_CALLED ActivityRecord{4593a9d0 token=android.os.BinderProxy@42e07858 {com.sixtyplus.nidfit.treadmill.app/com.sixtyplus.nidfit.treadmill.wifimgr.WifiActivity}}
V/ActivityThread(24604): Resume ActivityRecord{4593a9d0 token=android.os.BinderProxy@42e07858 {com.sixtyplus.nidfit.treadmill.app/com.sixtyplus.nidfit.treadmill.wifimgr.WifiActivity}} started activity: false, hideForNow: false, finished: false
V/ActivityThread(24604): Resuming ActivityRecord{4593a9d0 token=android.os.BinderProxy@42e07858 {com.sixtyplus.nidfit.treadmill.app/com.sixtyplus.nidfit.treadmill.wifimgr.WifiActivity}} with isForward=true
V/ActivityThread(24604): Scheduling idle handler for ActivityRecord{4593a9d0 token=android.os.BinderProxy@42e07858 {com.sixtyplus.nidfit.treadmill.app/com.sixtyplus.nidfit.treadmill.wifimgr.WifiActivity}}
D/ActivityThread(24604): ACT-LAUNCH_ACTIVITY handled : 0 / ActivityRecord{4593a9d0 token=android.os.BinderProxy@42e07858 {com.sixtyplus.nidfit.treadmill.app/com.sixtyplus.nidfit.treadmill.wifimgr.WifiActivity}}
V/WindowManager(  719): Changing focus from null to Window{41cf8e50 u0 com.sixtyplus.nidfit.treadmill.app/com.sixtyplus.nidfit.treadmill.wifimgr.WifiActivity} Callers=com.android.server.wm.WindowManagerService.relayoutWindow:3383 com.android.server.wm.Session.relayout:191 android.view.IWindowSession$Stub.onTransact:235 com.android.server.wm.Session.onTransact:126 
I/WindowManager(  719): Gaining focus: Window{41cf8e50 u0 com.sixtyplus.nidfit.treadmill.app/com.sixtyplus.nidfit.treadmill.wifimgr.WifiActivity}
V/InputMethodManagerService(  719): windowGainedFocus: android.os.BinderProxy@41fd0b70 controlFlags=#104 softInputMode=#120 windowFlags=#1810100
D/PowerManagerService(  719): releaseWakeLockInternal: lock=1104924816 [ActivityManager-Launch], flags=0x0, total_time=462ms
D/PowerManagerNotifier(  719): onWakeLockReleased: flags=1, tag="ActivityManager-Launch", packageName=android, ownerUid=1000, ownerPid=719, workSource=null
D/PowerManagerService(  719): updateWakeLockSummaryLocked: mWakefulness=Awake, mWakeLockSummary=0x0
D/PowerManagerService(  719): newScreenState = 2
D/PowerManagerDisplayController(  719): requestPowerState: screenState=2, useProximitySensor=false, forceProximitySensorEnable=false, forceWakeUpEnable=false, screenBrightness=53, screenAutoBrightnessAdjustment=0.0, useAutoBrightness=false, useEcoBrightness=false, blockScreenOn=false, waitForNegativeProximity=false
I/PowerManagerService(  719): setBrightness mButtonLight, screenBrightness=53
D/PowerManagerService(  719): updateScreenStateLocked: mDisplayReady=true, newScreenState=2, mWakefulness=1, mWakeLockSummary=0x0, mUserActivitySummary=0x5, mBootCompleted=true
D/PowerManagerService(  719): Releasing suspend blocker "PowerManagerService.WakeLocks".
D/PowerManagerService(  719): handleSandman: canDream=false, mWakefulness=Awake
D/ActivityManager(  719): ACT-IDLE_NOW_MSG from windowsVisible() for idle: ActivityRecord{42439390 u0 com.sixtyplus.nidfit.treadmill.app/com.sixtyplus.nidfit.treadmill.wifimgr.WifiActivity t4}
V/ActivityThread(24604): Finishing stop of ActivityRecord{4307fc30 token=android.os.BinderProxy@4566a478 {com.sixtyplus.nidfit.treadmill.app/com.sixtyplus.nidfit.treadmill.app.LoginActivity}}: show=false win=com.android.internal.policy.impl.PhoneWindow@44102660
D/ActivityThread(24604): ACT-STOP_ACTIVITY_HIDE handled : 0 / android.os.BinderProxy@4566a478
I/FrameworkListener(  146): onDataAvailable get 54 bytes 
D/FrameworkListener(  146): dispatchCommand data = (getaddrinfo api.nidfit.60community.com ^ 1024 0 1 0 ^)
D/SocketClient(  146): SocketClient sendDatalocked done: 401
D/SocketClient(  146): SocketClient sendDatalocked done: 
D/NetlinkEvent(  146): clear RA flag done
I/NetlinkEvent(  146): clear 0 IPv6 DNS for wlan0
D/SocketClient(  146): SocketClient msg = Iface linkstate wlan0 down
D/SocketClient(  146): SocketClient sendDatalocked done: 600 Iface linkstate wlan0 down
D/NetlinkEvent(  146): clear RA flag done
I/NetlinkEvent(  146): clear 0 IPv6 DNS for wlan0
D/SocketClient(  146): SocketClient msg = Iface linkstate wlan0 down
D/SocketClient(  146): SocketClient sendDatalocked done: 600 Iface linkstate wlan0 down
D/NetdConnector(  719): RCV <- {600 Iface linkstate wlan0 down}
D/NetdConnector(  719): RCV <- {600 Iface linkstate wlan0 down}
D/NetworkManagementService(  719): onEvent:600 Iface linkstate wlan0 down:5
D/NetworkManagementService(  719): onEvent:600 Iface linkstate wlan0 down:5
V/ActivityManager(  719): Broadcast: Intent { act=android.net.wifi.SCAN_RESULTS flg=0x4000010 (has extras) } ordered=false userid=-1 callerApp=ProcessRecord{41fff248 719:system/1000}
I/WifiNotificationController(  719): checkAndSetNotification, state:DISCONNECTED
D/WifiNotificationController(  719): Connecting networkId:10, isConnecting:true
I/WifiNotificationController(  719): Open network num:1
D/WifiNotificationController(  719): Supplicant state is SCANNING when interpret scan results.
D/PowerManagerService(  719): handleUserActivityTimeout
D/PowerManagerService(  719): updateUserActivitySummaryLocked: mWakefulness=Awake, mUserActivitySummary=0x1, nextTimeout=319906143 (in 299997470 ms)
D/PowerManagerService(  719): newScreenState = 2
D/PowerManagerDisplayController(  719): requestPowerState: screenState=2, useProximitySensor=false, forceProximitySensorEnable=false, forceWakeUpEnable=false, screenBrightness=53, screenAutoBrightnessAdjustment=0.0, useAutoBrightness=false, useEcoBrightness=false, blockScreenOn=false, waitForNegativeProximity=false
I/PowerManagerService(  719): setBrightness mButtonLight 0.
D/PowerManagerService(  719): updateScreenStateLocked: mDisplayReady=true, newScreenState=2, mWakefulness=1, mWakeLockSummary=0x0, mUserActivitySummary=0x1, mBootCompleted=true
D/PowerManagerService(  719): handleSandman: canDream=false, mWakefulness=Awake
D/PowerManagerService(  719): userActivityFromNative
D/PowerManagerService(  719): userActivityNoUpdateLocked: eventTime=19908988, event=0, flags=0x0, uid=1000
D/PowerManagerNotifier(  719): onUserActivity: event=0, uid=1000
D/PowerManagerService(  719): updateUserActivitySummaryLocked: mWakefulness=Awake, mUserActivitySummary=0x1, nextTimeout=319908988 (in 299999999 ms)
D/PowerManagerService(  719): newScreenState = 2
D/PowerManagerDisplayController(  719): requestPowerState: screenState=2, useProximitySensor=false, forceProximitySensorEnable=false, forceWakeUpEnable=false, screenBrightness=53, screenAutoBrightnessAdjustment=0.0, useAutoBrightness=false, useEcoBrightness=false, blockScreenOn=false, waitForNegativeProximity=false
I/PowerManagerService(  719): setBrightness mButtonLight 0.
D/PowerManagerService(  719): updateScreenStateLocked: mDisplayReady=true, newScreenState=2, mWakefulness=1, mWakeLockSummary=0x0, mUserActivitySummary=0x1, mBootCompleted=true
D/PowerManagerService(  719): userActivityFromNative
D/PowerManagerService(  719): userActivityNoUpdateLocked: eventTime=19908988, event=2, flags=0x0, uid=1000
D/PowerManagerNotifier(  719): onUserActivity: event=2, uid=1000
