I/ccci_mdinit(1)(  141): wait_property_ready() Succeeded! count:2, waitmsec:2000, loop:18
I/ccci_mdinit(1)(  141): boot_up_state_handler stop service Succeeded!
D/ccci_mdinit(1)(  141): buff.data[0] = 0xFFFFFFFF, data[1] = 0xFAF50006, channel = F0000000, reserved = 0x00000000
D/ccci_mdinit(1)(  141): All up layer ready, begin to reset
I/ccci_mdinit(1)(  141): start_service init.svc.ccci_fsd, current state:stopped, returned:7
I/ccci_mdinit(1)(  141): wait_for_property() name:init.svc.ccci_fsd, desired_value:running, waitmsec:2000, loop:20
I/ccci_mdinit(1)(  141): wait_for_property() ready for name:init.svc.ccci_fsd, loop:19
D/ccci_mdinit(1)(  141): BC queue free space 2
E/ccci_fsd(0)(12672): md_fsd Ver:v2.01, CCCI Ver:2
D/ccci_fsd(1)(12672): /dev/ccci_fs is opend(600).
D/ccci_fsd(1)(12672): Check OTP...
D/ccci_fsd(1)(12672): register signal hadler
E/ccci_fsd(1)(12672): can't catch SIGKILL
D/ccci_mdinit(1)(  141): buff.data[0] = 0xFFFFFFFF, data[1] = 0xFAF50002, channel = F0000000, reserved = 0x00000000
D/ccci_mdinit(1)(  141): modem boot up, set runtime data
D/ccci_mdinit(1)(  141): buff.data[0] = 0xFFFFFFFF, data[1] = 0xFAF50003, channel = F0000000, reserved = 0x00000000
D/ccci_mdinit(1)(  141): CCCI_MD_MSG_EXCEPTION
D/ccci_mdinit(1)(  141): start mdlogger when MD exception early happens at boot_up_state
I/ccci_mdinit(1)(  141): start_service init.svc.mdlogger, current state:stopped, returned:7
I/ccci_mdinit(1)(  141): wait_for_property() name:init.svc.mdlogger, desired_value:running, waitmsec:2000, loop:20
I/ccci_mdinit(1)(  141): wait_for_property() ready for name:init.svc.mdlogger, loop:19
I/MDLOGGER(12673): previous mask value is 077
I/MDLOGGER(12673): Starting MDLogger. Version=W1415.p1 (Aug  5 2014 16:41:09)
I/MDLOGGER(12673): signal ignore
D/MDLOGGER(12673): Normal Mode 0
D/MDLOGGER(12673): Get auto start mode: 600
D/MDLOGGER(12673): Get auto start mode: 0
E/MDLOGGER(12673): mSockListenId ok
D/MDLOGGER(12673): start Mdlogger mode 0
D/MDLOGGER(12673): Normal boot 1
I/MDLOGGER(12673): Need create thread start Logging
D/MDLOGGER(12673): Normal boot 1
D/MDLOGGER(12673): Open servFifoFd FIFO -1
I/MDLOGGER(12673): startLoggingThreadFun start Mdlogging
I/MDLOGGER(12673): g_pLogWriterRegister is 0
I/MDLOGGER(12673): Start MDLogging: Enter idle mode.
I/MDLOGGER(12673): g_pLogWriterRegister is 1
D/MDLOGGER(12673): runListener
D/MDLOGGER(12673): mdlogger socket select start
E/MDLOGGER(12673): select timeout
D/MDLOGGER(12673): mdlogger socket select start
D/ccci_mdinit(1)(  141): buff.data[0] = 0xFFFFFFFF, data[1] = 0xFAF5000F, channel = F0000000, reserved = 0x00000000
D/ccci_mdinit(1)(  141): Get notify case: 0
D/ccci_mdinit(1)(  141): buff.data[0] = 0xFFFFFFFF, data[1] = 0xFAF50004, channel = F0000000, reserved = 0x00000000
D/ccci_mdinit(1)(  141): reset modem at boot up state
D/ccci_mdinit(1)(  141): stop mdlogger at boot_up_state
I/ccci_mdinit(1)(  141): wait_property_ready() count:2, waitmsec:2000, loop:20
I/ccci_mdinit(1)(  141): wait_property_ready() watiflag:0x0
I/ccci_mdinit(1)(  141): wait_for_property() name:init.svc.ccci_fsd, desired_value:stopped, waitmsec:0, loop:1
I/ccci_mdinit(1)(  141): wait_for_property() ready for name:init.svc.ccci_fsd, loop:0
I/ccci_mdinit(1)(  141): wait_for_property() name:init.svc.mdlogger, desired_value:stopped, waitmsec:0, loop:1
I/ccci_mdinit(1)(  141): wait_for_property() ready for name:init.svc.mdlogger, loop:0
I/ccci_mdinit(1)(  141): wait_property_ready() Succeeded! count:2, waitmsec:2000, loop:18
I/ccci_mdinit(1)(  141): boot_up_state_handler stop service Succeeded!
D/ccci_mdinit(1)(  141): buff.data[0] = 0xFFFFFFFF, data[1] = 0xFAF50006, channel = F0000000, reserved = 0x00000000
D/ccci_mdinit(1)(  141): All up layer ready, begin to reset
I/ccci_mdinit(1)(  141): start_service init.svc.ccci_fsd, current state:stopped, returned:7
I/ccci_mdinit(1)(  141): wait_for_property() name:init.svc.ccci_fsd, desired_value:running, waitmsec:2000, loop:20
I/ccci_mdinit(1)(  141): wait_for_property() ready for name:init.svc.ccci_fsd, loop:19
D/ccci_mdinit(1)(  141): BC queue free space 1
E/ccci_fsd(0)(12676): md_fsd Ver:v2.01, CCCI Ver:2
D/ccci_fsd(1)(12676): /dev/ccci_fs is opend(600).
D/ccci_fsd(1)(12676): Check OTP...
D/ccci_fsd(1)(12676): register signal hadler
E/ccci_fsd(1)(12676): can't catch SIGKILL
D/ccci_mdinit(1)(  141): buff.data[0] = 0xFFFFFFFF, data[1] = 0xFAF50002, channel = F0000000, reserved = 0x00000000
D/ccci_mdinit(1)(  141): modem boot up, set runtime data
D/ccci_mdinit(1)(  141): buff.data[0] = 0xFFFFFFFF, data[1] = 0xFAF50003, channel = F0000000, reserved = 0x00000000
D/ccci_mdinit(1)(  141): CCCI_MD_MSG_EXCEPTION
D/ccci_mdinit(1)(  141): start mdlogger when MD exception early happens at boot_up_state
I/ccci_mdinit(1)(  141): start_service init.svc.mdlogger, current state:stopped, returned:7
I/ccci_mdinit(1)(  141): wait_for_property() name:init.svc.mdlogger, desired_value:running, waitmsec:2000, loop:20
I/ccci_mdinit(1)(  141): wait_for_property() ready for name:init.svc.mdlogger, loop:19
I/MDLOGGER(12677): previous mask value is 077
I/MDLOGGER(12677): Starting MDLogger. Version=W1415.p1 (Aug  5 2014 16:41:09)
I/MDLOGGER(12677): signal ignore
D/MDLOGGER(12677): Normal Mode 0
D/MDLOGGER(12677): Get auto start mode: 600
D/MDLOGGER(12677): Get auto start mode: 0
E/MDLOGGER(12677): mSockListenId ok
D/MDLOGGER(12677): start Mdlogger mode 0
D/MDLOGGER(12677): Normal boot 1
I/MDLOGGER(12677): Need create thread start Logging
D/MDLOGGER(12677): Normal boot 1
D/MDLOGGER(12677): Open servFifoFd FIFO -1
D/AndroidRuntime(12666): 
D/AndroidRuntime(12666): >>>>>> AndroidRuntime START com.android.internal.os.RuntimeInit <<<<<<
D/AndroidRuntime(12666): CheckJNI is OFF
D/AndroidRuntime(12666): language=-Duser.language=zh region=-Duser.region=CN
D/dalvikvm(12666): boot class : 
D/dalvikvm(12666):   (0) core.jar
D/dalvikvm(12666):   (1) conscrypt.jar
D/dalvikvm(12666):   (2) okhttp.jar
D/dalvikvm(12666):   (3) core-junit.jar
D/dalvikvm(12666):   (4) bouncycastle.jar
D/dalvikvm(12666):   (5) ext.jar
D/dalvikvm(12666):   (6) framework.jar
D/dalvikvm(12666):   (7) framework2.jar
D/dalvikvm(12666):   (8) telephony-common.jar
D/dalvikvm(12666):   (9) voip-common.jar
D/dalvikvm(12666):   (10) mms-common.jar
D/dalvikvm(12666):   (11) android.policy.jar
D/dalvikvm(12666):   (12) services.jar
D/dalvikvm(12666):   (13) apache-xml.jar
D/dalvikvm(12666):   (14) webviewchromium.jar
D/dalvikvm(12666):   (15) mediatek-common.jar
D/dalvikvm(12666):   (16) mediatek-framework.jar
D/dalvikvm(12666):   (17) CustomProperties.jar
D/dalvikvm(12666):   (18) mediatek-telephony-common.jar
D/dalvikvm(12666):   (19) mediatek-tablet.jar
D/dalvikvm(12666):   (20) am.jar
I/MDLOGGER(12677): startLoggingThreadFun start Mdlogging
I/MDLOGGER(12677): g_pLogWriterRegister is 0
I/MDLOGGER(12677): Start MDLogging: Enter idle mode.
I/MDLOGGER(12677): g_pLogWriterRegister is 1
D/MDLOGGER(12677): runListener
D/MDLOGGER(12677): mdlogger socket select start
E/MDLOGGER(12677): select timeout
D/MDLOGGER(12677): mdlogger socket select start
D/dalvikvm(12666): threadid=1: interp stack at 0x6d6ed000
D/dalvikvm(12666): Trying to load lib libjavacore.so 0x0
D/dalvikvm(12666): Added shared lib libjavacore.so 0x0
D/wpa_supplicant(  971): nl80211: Event message available
D/wpa_supplicant(  971): nl80211: Drv Event 34 (NL80211_CMD_NEW_SCAN_RESULTS) received for p2p0
D/wpa_supplicant(  971): p2p0: nl80211: New scan results available
D/wpa_supplicant(  971): p2p0: Event SCAN_RESULTS (3) received
D/wpa_supplicant(  971): nl80211: Received scan results (0 BSSes)
D/wpa_supplicant(  971): nl80211: Survey data missing
D/wpa_supplicant(  971): p2p0: BSS: Start scan result update 3602
D/wpa_supplicant(  971): BSS: last_scan_res_used=0/32 last_scan_full=0
D/wpa_supplicant(  971): p2p0: New scan results available
D/wpa_supplicant(  971): CTRL_IFACE monitor send - hexdump(len=39): 2f 64 61 74 61 2f 6d 69 73 63 2f 77 69 66 69 2f 73 6f 63 6b 65 74 73 2f 77 70 61 5f 63 74 72 6c ...
D/wpa_supplicant(  971): WPS: attr type=0x104a len=1
D/wpa_supplicant(  971): WPS: attr type=0x1044 len=1
D/wpa_supplicant(  971): WPS: attr type=0x1057 len=1
D/wpa_supplicant(  971): WPS: attr type=0x1041 len=1
D/wpa_supplicant(  971): WPS: attr type=0x103b len=1
D/wpa_supplicant(  971): WPS: attr type=0x1047 len=16
D/wpa_supplicant(  971): WPS: attr type=0x1021 len=2
D/wpa_supplicant(  971): WPS: attr type=0x1023 len=29
D/wpa_supplicant(  971): WPS: attr type=0x1024 len=7
D/wpa_supplicant(  971): WPS: attr type=0x1042 len=11
D/wpa_supplicant(  971): WPS: attr type=0x1054 len=8
D/wpa_supplicant(  971): WPS: attr type=0x1011 len=26
D/wpa_supplicant(  971): WPS: attr type=0x1008 len=2
D/wpa_supplicant(  971): WPS: attr type=0x1049 len=6
D/wpa_supplicant(  971): WPS: WFA subelement id=0 len=1
D/wpa_supplicant(  971): WPS: attr type=0x1049 len=23
D/wpa_supplicant(  971): WPS: Unknown Vendor Extension (Vendor ID 311)
D/wpa_supplicant(  971): WPS: attr type=0x104a len=1
D/wpa_supplicant(  971): WPS: attr type=0x1044 len=1
D/wpa_supplicant(  971): WPS: attr type=0x1057 len=1
D/wpa_supplicant(  971): WPS: attr type=0x1041 len=1
D/wpa_supplicant(  971): WPS: attr type=0x103b len=1
D/wpa_supplicant(  971): WPS: attr type=0x1047 len=16
D/wpa_supplicant(  971): WPS: attr type=0x1021 len=2
D/wpa_supplicant(  971): WPS: attr type=0x1023 len=29
D/wpa_supplicant(  971): WPS: attr type=0x1024 len=7
D/wpa_supplicant(  971): WPS: attr type=0x1042 len=11
D/wpa_supplicant(  971): WPS: attr type=0x1054 len=8
D/wpa_supplicant(  971): WPS: attr type=0x1011 len=26
D/wpa_supplicant(  971): WPS: attr type=0x1008 len=2
D/wpa_supplicant(  971): WPS: attr type=0x1049 len=6
D/wpa_supplicant(  971): WPS: WFA subelement id=0 len=1
D/wpa_supplicant(  971): WPS: attr type=0x1049 len=23
D/wpa_supplicant(  971): WPS: Unknown Vendor Extension (Vendor ID 311)
D/wpa_supplicant(  971): WPS: attr type=0x104a len=1
D/wpa_supplicant(  971): WPS: attr type=0x1044 len=1
D/wpa_supplicant(  971): WPS: attr type=0x1057 len=1
D/wpa_supplicant(  971): WPS: attr type=0x1041 len=1
D/wpa_supplicant(  971): WPS: attr type=0x103b len=1
D/wpa_supplicant(  971): WPS: attr type=0x1047 len=16
D/wpa_supplicant(  971): WPS: attr type=0x1021 len=2
D/wpa_supplicant(  971): WPS: attr type=0x1023 len=29
D/wpa_supplicant(  971): WPS: attr type=0x1024 len=7
D/wpa_supplicant(  971): WPS: attr type=0x1042 len=11
D/wpa_supplicant(  971): WPS: attr type=0x1054 len=8
D/wpa_supplicant(  971): WPS: attr type=0x1011 len=26
D/wpa_supplicant(  971): WPS: attr type=0x1008 len=2
D/wpa_supplicant(  971): WPS: attr type=0x1049 len=6
D/wpa_supplicant(  971): WPS: WFA subelement id=0 len=1
D/wpa_supplicant(  971): WPS: attr type=0x1049 len=23
D/wpa_supplicant(  971): WPS: Unknown Vendor Extension (Vendor ID 311)
D/wpa_supplicant(  971): CTRL_IFACE monitor send - hexdump(len=39): 2f 64 61 74 61 2f 6d 69 73 63 2f 77 69 66 69 2f 73 6f 63 6b 65 74 73 2f 77 70 61 5f 63 74 72 6c ...
D/wpa_supplicant(  971): WPS: AP[0] 46:1c:a8:22:93:af type=0 tries=0 last_attempt=-1 sec ago blacklist=0
D/wpa_supplicant(  971): WPS: AP[1] 3c:46:d8:7b:ea:0c type=0 tries=0 last_attempt=-1 sec ago blacklist=0
D/wpa_supplicant(  971): p2p0: No suitable network found
D/wpa_supplicant(  971): p2p0: Setting scan request: 5 sec 0 usec
D/wpa_supplicant(  971): p2p0: Checking for other virtual interfaces sharing same radio (phy1) in event_scan_results
D/wpa_supplicant(  971): p2p0: P2P: Station mode scan operation not pending anymore (sta_scan_pending=0 p2p_cb_on_scan_complete=0)
D/[BT3.0+HS]PAL(  172): == chip_reset_fd is set ==
D/[BT3.0+HS]PAL(  172): 
D/[BT3.0+HS]PAL(  172): invalid reply message
D/[BT3.0+HS]PAL(  172): 
D/WifiHW  (  719): [1] get event: IFNAME=p2p0 <3>CTRL-EVENT-SCAN-RESULTS 
D/WifiHW  (  719): [2] get event: IFNAME=p2p0 CTRL-EVENT-SCAN-RESULTS 
D/WifiMonitor(  719): iface p2p0
D/WifiHW  (  719): enter -->wifi_wait_on_socket buflen=2048
D/WifiHW  (  719): enter -->wifi_ctrl_recv
D/WifiHW  (  719): [1] get event: IFNAME=p2p0 <3>WPS-AP-AVAILABLE 
D/WifiHW  (  719): [2] get event: IFNAME=p2p0 WPS-AP-AVAILABLE 
D/WifiMonitor(  719): Event [IFNAME=p2p0 WPS-AP-AVAILABLE ]
D/WifiMonitor(  719): iface p2p0
W/WifiMonitor(  719): couldn't identify event type - WPS-AP-AVAILABLE 
D/WifiHW  (  719): enter -->wifi_wait_on_socket buflen=2048
D/WifiHW  (  719): enter -->wifi_ctrl_recv
D/WifiP2pService(  719): InactiveState{ when=-1ms what=147461 target=com.android.internal.util.StateMachine$SmHandler target=Handler (com.android.internal.util.StateMachine$SmHandler) {421b0e30} }
D/WifiP2pService(  719): P2pEnabledState{ when=-1ms what=147461 target=com.android.internal.util.StateMachine$SmHandler target=Handler (com.android.internal.util.StateMachine$SmHandler) {421b0e30} }
D/WifiP2pService(  719): DefaultState{ when=-1ms what=147461 target=com.android.internal.util.StateMachine$SmHandler target=Handler (com.android.internal.util.StateMachine$SmHandler) {421b0e30} }
I/Netd    (  146): Get netlink event, ifname: p2p0 action: 4
D/SocketClient(  146): SocketClient msg = Iface linkstate p2p0 up
D/SocketClient(  146): SocketClient sendDatalocked done: 600 Iface linkstate p2p0 up
D/wpa_supplicant(  971): RTM_NEWLINK: operstate=0 ifi_flags=0x11003 ([UP][LOWER_UP])
D/wpa_supplicant(  971): RTM_NEWLINK, IFLA_IFNAME: Interface 'p2p0' added
D/wpa_supplicant(  971): nl80211: if_removed already cleared - ignore event
D/NetdConnector(  719): RCV <- {600 Iface linkstate p2p0 up}
D/NetworkManagementService(  719): onEvent:600 Iface linkstate p2p0 up:5
I/Tethering(  719): interfaceLinkStateChanged p2p0, true
I/Tethering(  719): interfaceStatusChanged p2p0, true
D/dalvikvm(12666): Trying to load lib libnativehelper.so 0x0
D/dalvikvm(12666): Added shared lib libnativehelper.so 0x0
D/dalvikvm(12666): No JNI_OnLoad found in libnativehelper.so 0x0, skipping init
D/dalvikvm(12666): +++ finishing prep on main VM thread
D/dalvikvm(12666): create interp thread : stack size=128KB
D/dalvikvm(12666): create new thread
D/dalvikvm(12666): new thread created
D/dalvikvm(12666): update thread list
D/dalvikvm(12666): threadid=2: interp stack at 0x7180f000
D/dalvikvm(12666): threadid=2: created from interp
D/dalvikvm(12666): threadid=2: adding to list
D/dalvikvm(12666): start new thread
D/dalvikvm(12666): create interp thread : stack size=128KB
D/dalvikvm(12666): create new thread
D/dalvikvm(12666): new thread created
D/dalvikvm(12666): update thread list
D/dalvikvm(12666): threadid=2: notify debugger
D/dalvikvm(12666): threadid=2 (ReferenceQueueDaemon): calling run()
D/dalvikvm(12666): threadid=3: interp stack at 0x71930000
D/dalvikvm(12666): threadid=3: created from interp
D/dalvikvm(12666): threadid=3: adding to list
D/dalvikvm(12666): start new thread
D/dalvikvm(12666): create interp thread : stack size=128KB
D/dalvikvm(12666): create new thread
D/dalvikvm(12666): new thread created
D/dalvikvm(12666): update thread list
D/dalvikvm(12666): threadid=3: notify debugger
D/dalvikvm(12666): threadid=3 (FinalizerDaemon): calling run()
D/dalvikvm(12666): threadid=4: interp stack at 0x71a51000
D/dalvikvm(12666): threadid=4: created from interp
D/dalvikvm(12666): threadid=4: adding to list
D/dalvikvm(12666): start new thread
D/dalvikvm(12666): threadid=4: notify debugger
D/dalvikvm(12666): threadid=4 (FinalizerWatchdogDaemon): calling run()
D/dalvikvm(12666): threadid=5: interp stack at 0x71c72000
D/dalvikvm(12666): threadid=5: adding to list (attached)
D/dalvikvm(12666): threadid=5: attached from native, name=GC
D/dalvikvm(12666): threadid=5: internal 'GC'
D/dalvikvm(12666): threadid=6: interp stack at 0x71d93000
D/dalvikvm(12666): threadid=6: adding to list (attached)
D/dalvikvm(12666): threadid=6: attached from native, name=Signal Catcher
D/jdwp    (12666): prepping for JDWP over ADB
D/dalvikvm(12666): threadid=6: internal 'Signal Catcher'
D/dalvikvm(12666): Elevating priority from 0 to -8
D/dalvikvm(12666): threadid=7: interp stack at 0x71eb7000
D/dalvikvm(12666): threadid=7: adding to list (attached)
D/dalvikvm(12666): threadid=7: attached from native, name=JDWP
D/dalvikvm(12666): threadid=7: internal 'JDWP'
D/jdwp    (12666): JDWP: thread running
D/ADB_SERVICES(  184): Adding socket 33 pid 12666 to jdwp process list
D/jdwp    (12666): trying to receive file descriptor from ADB
D/dalvikvm(12666): threadid=8: interp stack at 0x71fd7000
D/dalvikvm(12666): threadid=8: adding to list (attached)
D/dalvikvm(12666): threadid=8: attached from native, name=Compiler
D/ccci_mdinit(1)(  141): buff.data[0] = 0xFFFFFFFF, data[1] = 0xFAF5000F, channel = F0000000, reserved = 0x00000000
D/ccci_mdinit(1)(  141): Get notify case: 0
D/dalvikvm(12666): threadid=8: internal 'Compiler'
D/dalvikvm(12666): threadid=8: SuspendAll starting
D/dalvikvm(12666): threadid=1: self-suspending
E/cutils-trace(12666): Error opening trace file: No such file or directory (2)
D/dalvikvm(12666): threadid=8:   threadid=1 status=9 sc=1 dc=0
D/dalvikvm(12666): threadid=8:   threadid=7 status=8 sc=1 dc=0
D/dalvikvm(12666): threadid=8:   threadid=6 status=8 sc=1 dc=0
D/dalvikvm(12666): threadid=8:   threadid=5 status=8 sc=1 dc=0
D/dalvikvm(12666): threadid=8:   threadid=4 status=4 sc=1 dc=0
D/dalvikvm(12666): threadid=8:   threadid=3 status=4 sc=1 dc=0
D/dalvikvm(12666): threadid=8:   threadid=2 status=4 sc=1 dc=0
D/dalvikvm(12666): threadid=8: SuspendAll complete : 1
D/dalvikvm(12666): threadid=8: ResumeAll starting
D/dalvikvm(12666): threadid=8: ResumeAll waking others
D/dalvikvm(12666): threadid=8: ResumeAll complete
D/dalvikvm(12666): threadid=1: self-reviving, status=1
D/dalvikvm(12666): Note: class Landroid/app/ActivityManagerNative; has 188 unimplemented (abstract) methods
D/ccci_mdinit(1)(  141): buff.data[0] = 0xFFFFFFFF, data[1] = 0xFAF50004, channel = F0000000, reserved = 0x00000000
D/ccci_mdinit(1)(  141): reset modem at boot up state
D/ccci_mdinit(1)(  141): stop mdlogger at boot_up_state
I/ccci_mdinit(1)(  141): wait_property_ready() count:2, waitmsec:2000, loop:20
I/ccci_mdinit(1)(  141): wait_property_ready() watiflag:0x0
I/ccci_mdinit(1)(  141): wait_for_property() name:init.svc.ccci_fsd, desired_value:stopped, waitmsec:0, loop:1
I/ccci_mdinit(1)(  141): wait_for_property() ready for name:init.svc.ccci_fsd, loop:0
I/ccci_mdinit(1)(  141): wait_for_property() name:init.svc.mdlogger, desired_value:stopped, waitmsec:0, loop:1
I/ccci_mdinit(1)(  141): wait_for_property() ready for name:init.svc.mdlogger, loop:0
I/ccci_mdinit(1)(  141): wait_property_ready() Succeeded! count:2, waitmsec:2000, loop:18
I/ccci_mdinit(1)(  141): boot_up_state_handler stop service Succeeded!
D/ccci_mdinit(1)(  141): buff.data[0] = 0xFFFFFFFF, data[1] = 0xFAF50006, channel = F0000000, reserved = 0x00000000
D/ccci_mdinit(1)(  141): All up layer ready, begin to reset
I/ccci_mdinit(1)(  141): start_service init.svc.ccci_fsd, current state:stopped, returned:7
I/ccci_mdinit(1)(  141): wait_for_property() name:init.svc.ccci_fsd, desired_value:running, waitmsec:2000, loop:20
I/ccci_mdinit(1)(  141): wait_for_property() ready for name:init.svc.ccci_fsd, loop:19
D/ccci_mdinit(1)(  141): BC queue free space 1
E/ccci_fsd(0)(12688): md_fsd Ver:v2.01, CCCI Ver:2
D/ccci_fsd(1)(12688): /dev/ccci_fs is opend(600).
D/ccci_fsd(1)(12688): Check OTP...
D/ccci_fsd(1)(12688): register signal hadler
E/ccci_fsd(1)(12688): can't catch SIGKILL
D/ccci_mdinit(1)(  141): buff.data[0] = 0xFFFFFFFF, data[1] = 0xFAF50002, channel = F0000000, reserved = 0x00000000
D/ccci_mdinit(1)(  141): modem boot up, set runtime data
D/ccci_mdinit(1)(  141): buff.data[0] = 0xFFFFFFFF, data[1] = 0xFAF50003, channel = F0000000, reserved = 0x00000000
D/ccci_mdinit(1)(  141): CCCI_MD_MSG_EXCEPTION
D/ccci_mdinit(1)(  141): start mdlogger when MD exception early happens at boot_up_state
I/ccci_mdinit(1)(  141): start_service init.svc.mdlogger, current state:stopped, returned:7
I/MDLOGGER(12691): previous mask value is 077
I/MDLOGGER(12691): Starting MDLogger. Version=W1415.p1 (Aug  5 2014 16:41:09)
I/MDLOGGER(12691): signal ignore
D/MDLOGGER(12691): Normal Mode 0
D/MDLOGGER(12691): Get auto start mode: 600
D/MDLOGGER(12691): Get auto start mode: 0
E/MDLOGGER(12691): mSockListenId ok
D/MDLOGGER(12691): start Mdlogger mode 0
D/MDLOGGER(12691): Normal boot 1
I/MDLOGGER(12691): Need create thread start Logging
D/MDLOGGER(12691): Normal boot 1
D/MDLOGGER(12691): Open servFifoFd FIFO -1
I/MDLOGGER(12691): startLoggingThreadFun start Mdlogging
I/MDLOGGER(12691): g_pLogWriterRegister is 0
I/MDLOGGER(12691): Start MDLogging: Enter idle mode.
I/MDLOGGER(12691): g_pLogWriterRegister is 1
D/MDLOGGER(12691): runListener
D/MDLOGGER(12691): mdlogger socket select start
E/MDLOGGER(12691): select timeout
D/MDLOGGER(12691): mdlogger socket select start
I/ccci_mdinit(1)(  141): wait_for_property() name:init.svc.mdlogger, desired_value:running, waitmsec:2000, loop:20
I/ccci_mdinit(1)(  141): wait_for_property() ready for name:init.svc.mdlogger, loop:19
D/ccci_mdinit(1)(  141): buff.data[0] = 0xFFFFFFFF, data[1] = 0xFAF5000F, channel = F0000000, reserved = 0x00000000
D/ccci_mdinit(1)(  141): Get notify case: 0
E/memtrack(12666): Couldn't load memtrack module (No such file or directory)
E/android.os.Debug(12666): failed to load memtrack module: -2
D/ccci_mdinit(1)(  141): buff.data[0] = 0xFFFFFFFF, data[1] = 0xFAF50004, channel = F0000000, reserved = 0x00000000
D/ccci_mdinit(1)(  141): reset modem at boot up state
D/ccci_mdinit(1)(  141): stop mdlogger at boot_up_state
I/ccci_mdinit(1)(  141): wait_property_ready() count:2, waitmsec:2000, loop:20
I/ccci_mdinit(1)(  141): wait_property_ready() watiflag:0x0
I/ccci_mdinit(1)(  141): wait_for_property() name:init.svc.ccci_fsd, desired_value:stopped, waitmsec:0, loop:1
I/ccci_mdinit(1)(  141): wait_for_property() ready for name:init.svc.ccci_fsd, loop:0
I/ccci_mdinit(1)(  141): wait_for_property() name:init.svc.mdlogger, desired_value:stopped, waitmsec:0, loop:1
E/ccci_mdinit(1)(  141): wait_for_property() failed!name:init.svc.mdlogger, desired_value:stopped, waitmsec:0, value:stopping
D/AndroidRuntime(12666): Calling main entry com.android.commands.wm.Wm
D/dalvikvm(12666): threadid=9: interp stack at 0x724b9000
D/dalvikvm(12666): threadid=9: adding to list (attached)
D/dalvikvm(12666): threadid=9: attached from native, name=Binder_1
D/dalvikvm(12666): threadid=10: interp stack at 0x725d9000
D/dalvikvm(12666): threadid=10: adding to list (attached)
D/dalvikvm(12666): threadid=10: attached from native, name=Binder_2
D/SIMHelper(  838): isSimInserted(0), SimInserted=false
D/StatusBar.NetworkController(  838): refreshViews(0), DataConnected=false simColorId = -1
D/StatusBar.NetworkController(  838): refreshViews(0), set parameters to signal cluster view.
D/SignalClusterView(  838): setWifiIndicators, visible=true, strengthIcon=com.mediatek.systemui.ext.IconIdWrapper@41da64f0, activityIcon=com.mediatek.systemui.ext.IconIdWrapper@41da6508, contentDescription=WLAN 
D/StatusBar.NetworkController(  838): refreshViews(0), tempPhoneSignalIconId.0 = 0  tempPhoneSignalIconId.1 = 0  tempMobileActivityIconId= 0  tempDataTypeIconId= 0
D/SignalClusterView(  838): setMobileDataIndicators(0), visible=true, strengthIcon[0] ~ [1] 0 ~ 0
D/SignalClusterView(  838): setIsAirplaneMode=false
D/SignalClusterView(  838): setRoamingFlagandResource(0), roaming=false, roamingId=0
D/SignalClusterView(  838): setShowSimIndicator(0), showSimIndicator=false simIndicatorResource = 0
D/SignalClusterView(  838): setDataNetType3G(0), NetworkType=null
D/SignalClusterView(  838): apply(), mWifiVisible is true
D/SIMHelper(  838): isSimInserted(0), SimInserted=false
D/SignalClusterView(  838): apply(), slotId=0, mMobileVisible=true, mShouldMobileGroupVisible=true
D/SignalClusterView(  838): apply(), slotId=0, mRoaming=false mMobileActivityId=0 mMobileTypeId=0 mMobileStrengthId[0] = 0 mMobileStrengthId[1] = 0
D/SIMHelper(  838): isSimInserted(0), SimInserted=false
D/SignalClusterView(  838): apply(). mIsAirplaneMode is false, NWType slot(0) is 8
D/AndroidRuntime(12666): Shutting down VM
D/dalvikvm(12666): threadid=1: detach (group=0x4184dce0)
D/dalvikvm(12666): threadid=10: detach (group=0x4184dce0)
D/dalvikvm(12666): threadid=9: detach (group=0x4184dce0)
D/dalvikvm(12666): threadid=1: removing from list
D/dalvikvm(12666): threadid=1: bye!
D/dalvikvm(12666): DestroyJavaVM waiting for non-daemon threads to exit
D/dalvikvm(12666): threadid=1: interp stack at 0x7260a000
D/dalvikvm(12666): threadid=1: adding to list (attached)
D/dalvikvm(12666): threadid=1: attached from native, name=(null)
D/dalvikvm(12666): threadid=10: removing from list
D/dalvikvm(12666): threadid=10: bye!
D/dalvikvm(12666): threadid=9: removing from list
D/dalvikvm(12666): threadid=9: last non-daemon thread
D/dalvikvm(12666): threadid=9: bye!
D/dalvikvm(12666): DestroyJavaVM shutting VM down
D/dalvikvm(12666): VM shutting down
D/dalvikvm(12666): threadid=5: SuspendAll starting
D/dalvikvm(12666): threadid=5:   threadid=1 status=8 sc=1 dc=0
D/dalvikvm(12666): threadid=5:   threadid=8 status=8 sc=1 dc=0
D/dalvikvm(12666): threadid=5:   threadid=7 status=8 sc=1 dc=0
D/dalvikvm(12666): threadid=5:   threadid=6 status=8 sc=1 dc=0
D/dalvikvm(12666): threadid=5:   threadid=4 status=4 sc=1 dc=0
D/dalvikvm(12666): threadid=5:   threadid=3 status=4 sc=1 dc=0
D/dalvikvm(12666): threadid=5:   threadid=2 status=4 sc=1 dc=0
D/dalvikvm(12666): threadid=5: SuspendAll complete : 1
D/dalvikvm(12666): threadid=5: ResumeAll starting
D/dalvikvm(12666): threadid=5: ResumeAll waking others
D/dalvikvm(12666): threadid=5: ResumeAll complete
D/dalvikvm(12666): threadid=5: SuspendAll starting
D/dalvikvm(12666): threadid=5:   threadid=1 status=8 sc=1 dc=0
D/dalvikvm(12666): threadid=5:   threadid=8 status=8 sc=1 dc=0
D/dalvikvm(12666): threadid=5:   threadid=7 status=8 sc=1 dc=0
D/dalvikvm(12666): threadid=5:   threadid=6 status=8 sc=1 dc=0
D/dalvikvm(12666): threadid=5:   threadid=4 status=4 sc=1 dc=0
D/dalvikvm(12666): threadid=5:   threadid=3 status=4 sc=1 dc=0
D/dalvikvm(12666): threadid=5:   threadid=2 status=4 sc=1 dc=0
D/dalvikvm(12666): threadid=5: SuspendAll complete : 1
D/dalvikvm(12666): threadid=5: ResumeAll starting
D/dalvikvm(12666): threadid=5: ResumeAll waking others
D/dalvikvm(12666): threadid=5: ResumeAll complete
D/dalvikvm(12666): GC_CONCURRENT freed 95K (976), 15% free 586K/684K, paused 1ms+0ms, total 6ms
D/dalvikvm(12666): threadid=5: detach (group=0x4184d9b8)
D/dalvikvm(12666): threadid=5: removing from list
D/dalvikvm(12666): threadid=5: bye!
D/jdwp    (12666): JDWP shutting down net...
D/jdwp    (12666): +++ writing to wakePipe
E/jdwp    (12666): jdwp::setsockopt(SO_SNDTIMEO)
E/jdwp    (12666): jdwp::setsockopt(SO_RCVTIMEO)
D/jdwp    (12666): JDWP: thread exiting
D/dalvikvm(12666): threadid=7: detach (group=0x4184d9b8)
D/dalvikvm(12666): threadid=7: removing from list
D/dalvikvm(12666): threadid=7: bye!
W/ADB_SERVICES(  184): terminating JDWP 12666 connection: Try again
D/ADB_SERVICES(  184): remove pid 12666 to jdwp process list
D/jdwp    (12666): JDWP freeing netstate...
I/dalvikvm(12666): threadid=6: ignore signal 3
D/dalvikvm(12666): threadid=6: detach (group=0x4184d9b8)
D/dalvikvm(12666): threadid=6: removing from list
D/dalvikvm(12666): threadid=6: bye!
D/dalvikvm(12666): 128 compilations using 4096 + 14660 bytes
D/dalvikvm(12666): Compiler arena uses 7 blocks (8100 bytes each)
D/dalvikvm(12666): Compiler work queue length is 0/10
D/dalvikvm(12666): JIT: table size is 4096, entries used is 135
D/dalvikvm(12666): JIT: 135 traces, 4096 slots, 6 chains, 40 thresh, Non-blocking
D/dalvikvm(12666): JIT: 75 Translation chains, 7 interp stubs
D/dalvikvm(12666): dalvik.vm.jit.op = 0-2,7,a,c,e-f,11-14,1c-1e,21-23,28,32-39,44,46,48-49,4b,4d,50,52,54-55,59,62,70-71,8e,90,95-96,b0-b1,b5,b7,d5,d8,da,dd,e0-e2,ee,f0,f2,f4-f5,f8,
D/dalvikvm(12666): Code size stats: 0/676 (compiled/total Dalvik), 0 (native)
D/dalvikvm(12666): Compiler thread shutting down
D/dalvikvm(12666): threadid=8: detach (group=0x4184d9b8)
D/dalvikvm(12666): threadid=8: removing from list
D/dalvikvm(12666): threadid=8: bye!
D/dalvikvm(12666): Compiler thread has shut down
D/dalvikvm(12666): threadid=1: suspending daemon id=4 name='FinalizerWatchdogDaemon'
D/dalvikvm(12666): threadid=1: suspending daemon id=3 name='FinalizerDaemon'
D/dalvikvm(12666): threadid=1: suspending daemon id=2 name='ReferenceQueueDaemon'
I/ccci_mdinit(1)(  141): wait_property_ready() watiflag:0x1
I/ccci_mdinit(1)(  141): wait_for_property() name:init.svc.mdlogger, desired_value:stopped, waitmsec:0, loop:1
I/ccci_mdinit(1)(  141): wait_for_property() ready for name:init.svc.mdlogger, loop:0
I/ccci_mdinit(1)(  141): wait_property_ready() Succeeded! count:2, waitmsec:2000, loop:17
I/ccci_mdinit(1)(  141): boot_up_state_handler stop service Succeeded!
D/ccci_mdinit(1)(  141): buff.data[0] = 0xFFFFFFFF, data[1] = 0xFAF50006, channel = F0000000, reserved = 0x00000000
D/ccci_mdinit(1)(  141): All up layer ready, begin to reset
I/ccci_mdinit(1)(  141): start_service init.svc.ccci_fsd, current state:stopped, returned:7
I/ccci_mdinit(1)(  141): wait_for_property() name:init.svc.ccci_fsd, desired_value:running, waitmsec:2000, loop:20
E/ccci_fsd(0)(12697): md_fsd Ver:v2.01, CCCI Ver:2
D/ccci_fsd(1)(12697): /dev/ccci_fs is opend(600).
D/ccci_fsd(1)(12697): Check OTP...
D/ccci_fsd(1)(12697): register signal hadler
E/ccci_fsd(1)(12697): can't catch SIGKILL
I/ccci_mdinit(1)(  141): wait_for_property() ready for name:init.svc.ccci_fsd, loop:18
D/ccci_mdinit(1)(  141): BC queue free space 7
D/ccci_mdinit(1)(  141): buff.data[0] = 0xFFFFFFFF, data[1] = 0xFAF50002, channel = F0000000, reserved = 0x00000000
D/ccci_mdinit(1)(  141): modem boot up, set runtime data
D/ccci_mdinit(1)(  141): buff.data[0] = 0xFFFFFFFF, data[1] = 0xFAF50003, channel = F0000000, reserved = 0x00000000
D/ccci_mdinit(1)(  141): CCCI_MD_MSG_EXCEPTION
D/ccci_mdinit(1)(  141): start mdlogger when MD exception early happens at boot_up_state
I/ccci_mdinit(1)(  141): start_service init.svc.mdlogger, current state:stopped, returned:7
I/ccci_mdinit(1)(  141): wait_for_property() name:init.svc.mdlogger, desired_value:running, waitmsec:2000, loop:20
I/MDLOGGER(12698): previous mask value is 077
I/MDLOGGER(12698): Starting MDLogger. Version=W1415.p1 (Aug  5 2014 16:41:09)
I/MDLOGGER(12698): signal ignore
D/MDLOGGER(12698): Normal Mode 0
D/MDLOGGER(12698): Get auto start mode: 600
D/MDLOGGER(12698): Get auto start mode: 0
E/MDLOGGER(12698): mSockListenId ok
D/MDLOGGER(12698): start Mdlogger mode 0
D/MDLOGGER(12698): Normal boot 1
I/MDLOGGER(12698): Need create thread start Logging
D/MDLOGGER(12698): runListener
D/MDLOGGER(12698): mdlogger socket select start
E/MDLOGGER(12698): select timeout
D/MDLOGGER(12698): mdlogger socket select start
D/MDLOGGER(12698): Normal boot 1
I/MDLOGGER(12698): startLoggingThreadFun start Mdlogging
I/MDLOGGER(12698): g_pLogWriterRegister is 0
I/MDLOGGER(12698): Start MDLogging: Enter idle mode.
I/MDLOGGER(12698): g_pLogWriterRegister is 1
D/MDLOGGER(12698): Open servFifoFd FIFO -1
D/dalvikvm(12666): threadid=1: all daemons have suspended
D/dalvikvm(12666): VM cleaning up
D/dalvikvm(12666): LinearAlloc 0x0 used 1341756 of 16777216 (7%)
D/dalvikvm(12666): -class
D/dalvikvm(12666): -RegisterMap
D/dalvikvm(12666): -Instanceof
D/dalvikvm(12666): -InlineNative
D/dalvikvm(12666): -GC
D/dalvikvm(12666): -AllocTracker
D/dalvikvm(12666): -Native
D/dalvikvm(12666): -InternalNative
D/dalvikvm(12666): -InlineSubsTable
D/dalvikvm(12666): -AssertionCtrl
D/dalvikvm(12666): -QuasiAtomics
D/ADB_SERVICES(  184):  closing because is_eof=1 r=-1 s->fde.force_eof=0
W/ADB_SERVICES(  184): entered. LS(19086) fd=15
W/ADB_SERVICES(  184): create_local_service_socket() name=shell:cat /proc/meminfo
W/ADB_SERVICES(  184): service_to_fd() name=shell:cat /proc/meminfo
W/ADB_SERVICES(  184): read_meminfo() mem_free=273284
W/ADB_SERVICES(  184): create_subprocess() ret_fd=15 pid=12701
W/ADB_SERVICES(  184): LS(19088): bound to 'shell:cat /proc/meminfo' via 15
W/ADB_SERVICES(12701): adb: unable to open /proc/12701/oom_adj
D/ADB_SERVICES(  184):  closing because is_eof=1 r=1 s->fde.force_eof=0
W/ADB_SERVICES(  184): entered. LS(19088) fd=15
W/ADB_SERVICES(  184): create_local_service_socket() name=shell:cat /system/build.prop
W/ADB_SERVICES(  184): service_to_fd() name=shell:cat /system/build.prop
W/ADB_SERVICES(  184): read_meminfo() mem_free=273408
W/ADB_SERVICES(  184): create_subprocess() ret_fd=15 pid=12702
W/ADB_SERVICES(  184): LS(19089): bound to 'shell:cat /system/build.prop' via 15
W/ADB_SERVICES(12702): adb: unable to open /proc/12702/oom_adj
I/ccci_mdinit(1)(  141): wait_for_property() ready for name:init.svc.mdlogger, loop:18
D/ccci_mdinit(1)(  141): buff.data[0] = 0xFFFFFFFF, data[1] = 0xFAF5000F, channel = F0000000, reserved = 0x00000000
D/ccci_mdinit(1)(  141): Get notify case: 0
D/ADB_SERVICES(  184):  closing because is_eof=1 r=1 s->fde.force_eof=0
W/ADB_SERVICES(  184): entered. LS(19089) fd=15
D/ccci_mdinit(1)(  141): buff.data[0] = 0xFFFFFFFF, data[1] = 0xFAF50004, channel = F0000000, reserved = 0x00000000
D/ccci_mdinit(1)(  141): reset modem at boot up state
D/ccci_mdinit(1)(  141): stop mdlogger at boot_up_state
I/ccci_mdinit(1)(  141): wait_property_ready() count:2, waitmsec:2000, loop:20
I/ccci_mdinit(1)(  141): wait_property_ready() watiflag:0x0
I/ccci_mdinit(1)(  141): wait_for_property() name:init.svc.ccci_fsd, desired_value:stopped, waitmsec:0, loop:1
I/ccci_mdinit(1)(  141): wait_for_property() ready for name:init.svc.ccci_fsd, loop:0
I/ccci_mdinit(1)(  141): wait_for_property() name:init.svc.mdlogger, desired_value:stopped, waitmsec:0, loop:1
E/ccci_mdinit(1)(  141): wait_for_property() failed!name:init.svc.mdlogger, desired_value:stopped, waitmsec:0, value:stopping
W/ADB_SERVICES(  184): create_local_service_socket() name=shell:cat /proc/cpuinfo
W/ADB_SERVICES(  184): service_to_fd() name=shell:cat /proc/cpuinfo
W/ADB_SERVICES(  184): read_meminfo() mem_free=273408
W/ADB_SERVICES(  184): create_subprocess() ret_fd=15 pid=12703
W/ADB_SERVICES(  184): LS(19090): bound to 'shell:cat /proc/cpuinfo' via 15
W/ADB_SERVICES(12703): adb: unable to open /proc/12703/oom_adj
D/ADB_SERVICES(  184):  closing because is_eof=1 r=-1 s->fde.force_eof=0
W/ADB_SERVICES(  184): entered. LS(19090) fd=15
W/ADB_SERVICES(  184): create_local_service_socket() name=shell:monkey -p com.sixtyplus.nidfit.treadmill.app --throttle 50 --ignore-crashes --ignore-timeouts --monitor-native-crashes -v -v -v 500000
W/ADB_SERVICES(  184): service_to_fd() name=shell:monkey -p com.sixtyplus.nidfit.treadmill.app --throttle 50 --ignore-crashes --ignore-timeouts --monitor-native-crashes -v -v -v 500000
W/ADB_SERVICES(  184): read_meminfo() mem_free=273588
W/ADB_SERVICES(  184): create_subprocess() ret_fd=15 pid=12704
W/ADB_SERVICES(  184): LS(19091): bound to 'shell:monkey -p com.sixtyplus.nidfit.treadmill.app --throttle 50 --ignore-crashes --ignore-timeouts --monitor-native-crashes -v -v -v 500000' via 15
W/ADB_SERVICES(12704): adb: unable to open /proc/12704/oom_adj
W/ADB_SERVICES(  184): create_local_service_socket() name=shell:export ANDROID_LOG_TAGS="" ; exec logcat -d
W/ADB_SERVICES(  184): service_to_fd() name=shell:export ANDROID_LOG_TAGS="" ; exec logcat -d
W/ADB_SERVICES(  184): read_meminfo() mem_free=273588
W/ADB_SERVICES(  184): create_subprocess() ret_fd=33 pid=12705
W/ADB_SERVICES(  184): LS(19092): bound to 'shell:export ANDROID_LOG_TAGS="" ; exec logcat -d' via 33
W/ADB_SERVICES(12705): adb: unable to open /proc/12705/oom_adj
W/ADB_SERVICES(  184): create_local_service_socket() name=shell:cat /data/anr/traces.txt
W/ADB_SERVICES(  184): service_to_fd() name=shell:cat /data/anr/traces.txt
W/ADB_SERVICES(  184): read_meminfo() mem_free=273524
W/ADB_SERVICES(  184): create_subprocess() ret_fd=36 pid=12706
W/ADB_SERVICES(  184): LS(19093): bound to 'shell:cat /data/anr/traces.txt' via 36
W/ADB_SERVICES(12706): adb: unable to open /proc/12706/oom_adj
I/ccci_mdinit(1)(  141): wait_property_ready() watiflag:0x1
I/ccci_mdinit(1)(  141): wait_for_property() name:init.svc.mdlogger, desired_value:stopped, waitmsec:0, loop:1
I/ccci_mdinit(1)(  141): wait_for_property() ready for name:init.svc.mdlogger, loop:0
I/ccci_mdinit(1)(  141): wait_property_ready() Succeeded! count:2, waitmsec:2000, loop:17
I/ccci_mdinit(1)(  141): boot_up_state_handler stop service Succeeded!
D/ccci_mdinit(1)(  141): buff.data[0] = 0xFFFFFFFF, data[1] = 0xFAF50006, channel = F0000000, reserved = 0x00000000
D/ccci_mdinit(1)(  141): All up layer ready, begin to reset
I/ccci_mdinit(1)(  141): start_service init.svc.ccci_fsd, current state:stopped, returned:7
I/ccci_mdinit(1)(  141): wait_for_property() name:init.svc.ccci_fsd, desired_value:running, waitmsec:2000, loop:20
I/ccci_mdinit(1)(  141): wait_for_property() ready for name:init.svc.ccci_fsd, loop:19
D/ccci_mdinit(1)(  141): BC queue free space 6
D/ADB_SERVICES(  184):  closing because is_eof=1 r=-1 s->fde.force_eof=0
W/ADB_SERVICES(  184): entered. LS(19093) fd=36
E/ccci_fsd(0)(12707): md_fsd Ver:v2.01, CCCI Ver:2
D/ccci_fsd(1)(12707): /dev/ccci_fs is opend(600).
D/ccci_fsd(1)(12707): Check OTP...
D/ccci_fsd(1)(12707): register signal hadler
E/ccci_fsd(1)(12707): can't catch SIGKILL
D/ccci_mdinit(1)(  141): buff.data[0] = 0xFFFFFFFF, data[1] = 0xFAF50002, channel = F0000000, reserved = 0x00000000
D/ccci_mdinit(1)(  141): modem boot up, set runtime data
D/ccci_mdinit(1)(  141): buff.data[0] = 0xFFFFFFFF, data[1] = 0xFAF50003, channel = F0000000, reserved = 0x00000000
D/ccci_mdinit(1)(  141): CCCI_MD_MSG_EXCEPTION
D/ccci_mdinit(1)(  141): start mdlogger when MD exception early happens at boot_up_state
I/ccci_mdinit(1)(  141): start_service init.svc.mdlogger, current state:stopped, returned:7
I/ccci_mdinit(1)(  141): wait_for_property() name:init.svc.mdlogger, desired_value:running, waitmsec:2000, loop:20
I/MDLOGGER(12708): previous mask value is 077
I/MDLOGGER(12708): Starting MDLogger. Version=W1415.p1 (Aug  5 2014 16:41:09)
I/MDLOGGER(12708): signal ignore
D/MDLOGGER(12708): Normal Mode 0
D/MDLOGGER(12708): Get auto start mode: 600
D/MDLOGGER(12708): Get auto start mode: 0
E/MDLOGGER(12708): mSockListenId ok
D/MDLOGGER(12708): start Mdlogger mode 0
D/MDLOGGER(12708): Normal boot 1
I/MDLOGGER(12708): Need create thread start Logging
D/MDLOGGER(12708): Normal boot 1
D/MDLOGGER(12708): Open servFifoFd FIFO -1
D/MDLOGGER(12708): runListener
D/MDLOGGER(12708): mdlogger socket select start
E/MDLOGGER(12708): select timeout
D/MDLOGGER(12708): mdlogger socket select start
I/MDLOGGER(12708): startLoggingThreadFun start Mdlogging
I/MDLOGGER(12708): g_pLogWriterRegister is 0
I/MDLOGGER(12708): Start MDLogging: Enter idle mode.
I/MDLOGGER(12708): g_pLogWriterRegister is 1
I/ccci_mdinit(1)(  141): wait_for_property() ready for name:init.svc.mdlogger, loop:18
D/ccci_mdinit(1)(  141): buff.data[0] = 0xFFFFFFFF, data[1] = 0xFAF5000F, channel = F0000000, reserved = 0x00000000
D/ccci_mdinit(1)(  141): Get notify case: 0
D/ccci_mdinit(1)(  141): buff.data[0] = 0xFFFFFFFF, data[1] = 0xFAF50004, channel = F0000000, reserved = 0x00000000
D/ccci_mdinit(1)(  141): reset modem at boot up state
D/ccci_mdinit(1)(  141): stop mdlogger at boot_up_state
I/ccci_mdinit(1)(  141): wait_property_ready() count:2, waitmsec:2000, loop:20
I/ccci_mdinit(1)(  141): wait_property_ready() watiflag:0x0
I/ccci_mdinit(1)(  141): wait_for_property() name:init.svc.ccci_fsd, desired_value:stopped, waitmsec:0, loop:1
I/ccci_mdinit(1)(  141): wait_for_property() ready for name:init.svc.ccci_fsd, loop:0
I/ccci_mdinit(1)(  141): wait_for_property() name:init.svc.mdlogger, desired_value:stopped, waitmsec:0, loop:1
E/ccci_mdinit(1)(  141): wait_for_property() failed!name:init.svc.mdlogger, desired_value:stopped, waitmsec:0, value:stopping
I/ccci_mdinit(1)(  141): wait_property_ready() watiflag:0x1
I/ccci_mdinit(1)(  141): wait_for_property() name:init.svc.mdlogger, desired_value:stopped, waitmsec:0, loop:1
I/ccci_mdinit(1)(  141): wait_for_property() ready for name:init.svc.mdlogger, loop:0
I/ccci_mdinit(1)(  141): wait_property_ready() Succeeded! count:2, waitmsec:2000, loop:17
I/ccci_mdinit(1)(  141): boot_up_state_handler stop service Succeeded!
D/ccci_mdinit(1)(  141): buff.data[0] = 0xFFFFFFFF, data[1] = 0xFAF50006, channel = F0000000, reserved = 0x00000000
D/ccci_mdinit(1)(  141): All up layer ready, begin to reset
I/ccci_mdinit(1)(  141): start_service init.svc.ccci_fsd, current state:stopped, returned:7
I/ccci_mdinit(1)(  141): wait_for_property() name:init.svc.ccci_fsd, desired_value:running, waitmsec:2000, loop:20
E/ccci_fsd(0)(12711): md_fsd Ver:v2.01, CCCI Ver:2
D/ccci_fsd(1)(12711): /dev/ccci_fs is opend(600).
D/ccci_fsd(1)(12711): Check OTP...
D/ccci_fsd(1)(12711): register signal hadler
E/ccci_fsd(1)(12711): can't catch SIGKILL
I/ccci_mdinit(1)(  141): wait_for_property() ready for name:init.svc.ccci_fsd, loop:18
D/ccci_mdinit(1)(  141): BC queue free space 5
D/ccci_mdinit(1)(  141): buff.data[0] = 0xFFFFFFFF, data[1] = 0xFAF50002, channel = F0000000, reserved = 0x00000000
D/ccci_mdinit(1)(  141): modem boot up, set runtime data
D/ccci_mdinit(1)(  141): buff.data[0] = 0xFFFFFFFF, data[1] = 0xFAF50003, channel = F0000000, reserved = 0x00000000
D/ccci_mdinit(1)(  141): CCCI_MD_MSG_EXCEPTION
D/ccci_mdinit(1)(  141): start mdlogger when MD exception early happens at boot_up_state
I/ccci_mdinit(1)(  141): start_service init.svc.mdlogger, current state:stopped, returned:7
I/ccci_mdinit(1)(  141): wait_for_property() name:init.svc.mdlogger, desired_value:running, waitmsec:2000, loop:20
I/MDLOGGER(12712): previous mask value is 077
I/MDLOGGER(12712): Starting MDLogger. Version=W1415.p1 (Aug  5 2014 16:41:09)
I/MDLOGGER(12712): signal ignore
D/MDLOGGER(12712): Normal Mode 0
D/MDLOGGER(12712): Get auto start mode: 600
D/MDLOGGER(12712): Get auto start mode: 0
E/MDLOGGER(12712): mSockListenId ok
D/MDLOGGER(12712): start Mdlogger mode 0
D/MDLOGGER(12712): Normal boot 1
I/MDLOGGER(12712): Need create thread start Logging
D/MDLOGGER(12712): Normal boot 1
D/MDLOGGER(12712): Open servFifoFd FIFO -1
D/MDLOGGER(12712): runListener
D/MDLOGGER(12712): mdlogger socket select start
E/MDLOGGER(12712): select timeout
D/MDLOGGER(12712): mdlogger socket select start
I/MDLOGGER(12712): startLoggingThreadFun start Mdlogging
I/MDLOGGER(12712): g_pLogWriterRegister is 0
I/MDLOGGER(12712): Start MDLogging: Enter idle mode.
I/MDLOGGER(12712): g_pLogWriterRegister is 1
D/AndroidRuntime(12704): 
D/AndroidRuntime(12704): >>>>>> AndroidRuntime START com.android.internal.os.RuntimeInit <<<<<<
D/AndroidRuntime(12704): CheckJNI is OFF
D/AndroidRuntime(12704): language=-Duser.language=zh region=-Duser.region=CN
D/dalvikvm(12704): boot class : 
D/dalvikvm(12704):   (0) core.jar
D/dalvikvm(12704):   (1) conscrypt.jar
D/dalvikvm(12704):   (2) okhttp.jar
D/dalvikvm(12704):   (3) core-junit.jar
D/dalvikvm(12704):   (4) bouncycastle.jar
D/dalvikvm(12704):   (5) ext.jar
D/dalvikvm(12704):   (6) framework.jar
D/dalvikvm(12704):   (7) framework2.jar
D/dalvikvm(12704):   (8) telephony-common.jar
D/dalvikvm(12704):   (9) voip-common.jar
D/dalvikvm(12704):   (10) mms-common.jar
D/dalvikvm(12704):   (11) android.policy.jar
D/dalvikvm(12704):   (12) services.jar
D/dalvikvm(12704):   (13) apache-xml.jar
D/dalvikvm(12704):   (14) webviewchromium.jar
D/dalvikvm(12704):   (15) mediatek-common.jar
D/dalvikvm(12704):   (16) mediatek-framework.jar
D/dalvikvm(12704):   (17) CustomProperties.jar
D/dalvikvm(12704):   (18) mediatek-telephony-common.jar
D/dalvikvm(12704):   (19) mediatek-tablet.jar
D/dalvikvm(12704):   (20) am.jar
D/dalvikvm(12704): threadid=1: interp stack at 0x6d6cf000
D/dalvikvm(12704): Trying to load lib libjavacore.so 0x0
D/SIMHelper(  838): isSimInserted(0), SimInserted=false
D/StatusBar.NetworkController(  838): refreshViews(0), DataConnected=false simColorId = -1
D/StatusBar.NetworkController(  838): refreshViews(0), set parameters to signal cluster view.
D/SignalClusterView(  838): setWifiIndicators, visible=true, strengthIcon=com.mediatek.systemui.ext.IconIdWrapper@41da64f0, activityIcon=com.mediatek.systemui.ext.IconIdWrapper@41da6508, contentDescription=WLAN 
D/StatusBar.NetworkController(  838): refreshViews(0), tempPhoneSignalIconId.0 = 0  tempPhoneSignalIconId.1 = 0  tempMobileActivityIconId= 0  tempDataTypeIconId= 0
D/SignalClusterView(  838): setMobileDataIndicators(0), visible=true, strengthIcon[0] ~ [1] 0 ~ 0
D/SignalClusterView(  838): setIsAirplaneMode=false
D/SignalClusterView(  838): setRoamingFlagandResource(0), roaming=false, roamingId=0
D/SignalClusterView(  838): setShowSimIndicator(0), showSimIndicator=false simIndicatorResource = 0
D/SignalClusterView(  838): setDataNetType3G(0), NetworkType=null
D/SignalClusterView(  838): apply(), mWifiVisible is true
D/SIMHelper(  838): isSimInserted(0), SimInserted=false
D/SignalClusterView(  838): apply(), slotId=0, mMobileVisible=true, mShouldMobileGroupVisible=true
D/SignalClusterView(  838): apply(), slotId=0, mRoaming=false mMobileActivityId=0 mMobileTypeId=0 mMobileStrengthId[0] = 0 mMobileStrengthId[1] = 0
D/dalvikvm(12704): Added shared lib libjavacore.so 0x0
D/SIMHelper(  838): isSimInserted(0), SimInserted=false
I/ccci_mdinit(1)(  141): wait_for_property() ready for name:init.svc.mdlogger, loop:18
D/ccci_mdinit(1)(  141): buff.data[0] = 0xFFFFFFFF, data[1] = 0xFAF5000F, channel = F0000000, reserved = 0x00000000
D/ccci_mdinit(1)(  141): Get notify case: 0
D/SignalClusterView(  838): apply(). mIsAirplaneMode is false, NWType slot(0) is 8
D/dalvikvm(12704): Trying to load lib libnativehelper.so 0x0
D/dalvikvm(12704): Added shared lib libnativehelper.so 0x0
D/dalvikvm(12704): No JNI_OnLoad found in libnativehelper.so 0x0, skipping init
D/dalvikvm(12704): +++ finishing prep on main VM thread
D/ccci_mdinit(1)(  141): buff.data[0] = 0xFFFFFFFF, data[1] = 0xFAF50004, channel = F0000000, reserved = 0x00000000
D/ccci_mdinit(1)(  141): reset modem at boot up state
D/ccci_mdinit(1)(  141): stop mdlogger at boot_up_state
I/ccci_mdinit(1)(  141): wait_property_ready() count:2, waitmsec:2000, loop:20
I/ccci_mdinit(1)(  141): wait_property_ready() watiflag:0x0
I/ccci_mdinit(1)(  141): wait_for_property() name:init.svc.ccci_fsd, desired_value:stopped, waitmsec:0, loop:1
E/ccci_mdinit(1)(  141): wait_for_property() failed!name:init.svc.ccci_fsd, desired_value:stopped, waitmsec:0, value:stopping
I/ccci_mdinit(1)(  141): wait_for_property() name:init.svc.mdlogger, desired_value:stopped, waitmsec:0, loop:1
E/ccci_mdinit(1)(  141): wait_for_property() failed!name:init.svc.mdlogger, desired_value:stopped, waitmsec:0, value:stopping
D/dalvikvm(12704): create interp thread : stack size=128KB
D/dalvikvm(12704): create new thread
D/dalvikvm(12704): new thread created
D/dalvikvm(12704): update thread list
D/dalvikvm(12704): threadid=2: interp stack at 0x7181b000
D/dalvikvm(12704): threadid=2: created from interp
D/dalvikvm(12704): threadid=2: adding to list
D/dalvikvm(12704): start new thread
D/dalvikvm(12704): create interp thread : stack size=128KB
D/dalvikvm(12704): create new thread
D/dalvikvm(12704): new thread created
D/dalvikvm(12704): update thread list
D/dalvikvm(12704): threadid=2: notify debugger
D/dalvikvm(12704): threadid=2 (ReferenceQueueDaemon): calling run()
D/dalvikvm(12704): threadid=3: interp stack at 0x7193b000
D/dalvikvm(12704): threadid=3: created from interp
D/dalvikvm(12704): threadid=3: adding to list
D/dalvikvm(12704): start new thread
D/dalvikvm(12704): create interp thread : stack size=128KB
D/dalvikvm(12704): create new thread
D/dalvikvm(12704): new thread created
D/dalvikvm(12704): update thread list
D/dalvikvm(12704): threadid=3: notify debugger
D/dalvikvm(12704): threadid=3 (FinalizerDaemon): calling run()
D/dalvikvm(12704): threadid=4: interp stack at 0x71a5b000
D/dalvikvm(12704): threadid=4: created from interp
D/dalvikvm(12704): threadid=4: adding to list
D/dalvikvm(12704): start new thread
D/dalvikvm(12704): threadid=4: notify debugger
D/dalvikvm(12704): threadid=4 (FinalizerWatchdogDaemon): calling run()
D/dalvikvm(12704): threadid=5: interp stack at 0x71c7b000
D/dalvikvm(12704): threadid=5: adding to list (attached)
D/dalvikvm(12704): threadid=5: attached from native, name=GC
D/dalvikvm(12704): threadid=5: internal 'GC'
D/dalvikvm(12704): threadid=6: interp stack at 0x71d9b000
D/dalvikvm(12704): threadid=6: adding to list (attached)
D/dalvikvm(12704): threadid=6: attached from native, name=Signal Catcher
D/jdwp    (12704): prepping for JDWP over ADB
D/dalvikvm(12704): threadid=6: internal 'Signal Catcher'
D/dalvikvm(12704): Elevating priority from 0 to -8
D/dalvikvm(12704): threadid=7: interp stack at 0x71ebb000
D/dalvikvm(12704): threadid=7: adding to list (attached)
D/dalvikvm(12704): threadid=7: attached from native, name=JDWP
D/dalvikvm(12704): threadid=7: internal 'JDWP'
D/jdwp    (12704): JDWP: thread running
D/jdwp    (12704): trying to receive file descriptor from ADB
D/dalvikvm(12704): threadid=8: interp stack at 0x71fdb000
D/ADB_SERVICES(  184): Adding socket 36 pid 12704 to jdwp process list
D/dalvikvm(12704): threadid=8: adding to list (attached)
D/dalvikvm(12704): threadid=8: attached from native, name=Compiler
