I/WifiStateMachine( 1655): fetchRssiAndLinkSpeedNative, newRssi:-45, newLinkSpeed:65, SSID:"60_dev_01"
D/WifiStateMachine( 1655): mRssiArray[0] = -44
D/WifiStateMachine( 1655): mRssiArray[1] = -44
D/WifiStateMachine( 1655): mRssiArray[2] = -45
D/WifiStateMachine( 1655): mRssiArray[3] = -45
D/WifiStateMachine( 1655): mRssiArray[4] = -45
D/WifiStateMachine( 1655): GetFilterRssi is : -44
D/WifiStateMachine( 1655): mLastSignalLevel:4, newSignalLevel:4
D/WifiStateMachine( 1655): fetchRssiAndLinkSpeedNative, ipAddr:1795166380
I/console (13777): [LOG] ws=heartTest.success at dist/js/source/push.js:1
D/BatteryService( 1655): mBatteryVoltage=4140, batteryLevel=50
V/ActivityManager( 1655): Broadcast sticky: Intent { act=android.intent.action.ADDITIONAL_BATTERY_CHANGED flg=0x60000010 (has extras) } ordered=false userid=-1 callerApp=null
V/ActivityManager( 1655): Broadcast sticky: Intent { act=android.intent.action.BATTERY_CHANGED flg=0x60000010 (has extras) } ordered=false userid=-1 callerApp=null
D/WifiService( 1655): onReceive, action:android.intent.action.BATTERY_CHANGED
D/UsbDeviceManager( 1655): onReceive - BATTERY_CHANGED - mPlugType: 2, mSettingUsbCharging: false, mConnected: true, mSettingUsbBicr: false
D/WifiController( 1655): DeviceActiveState{ when=0 what=155652 arg1=2 target=com.android.internal.util.StateMachine$SmHandler target=Handler (com.android.internal.util.StateMachine$SmHandler) {431e59b8} }
D/WifiController( 1655): StaEnabledState{ when=0 what=155652 arg1=2 target=com.android.internal.util.StateMachine$SmHandler target=Handler (com.android.internal.util.StateMachine$SmHandler) {431e59b8} }
D/WifiController( 1655): DefaultState{ when=0 what=155652 arg1=2 target=com.android.internal.util.StateMachine$SmHandler target=Handler (com.android.internal.util.StateMachine$SmHandler) {431e59b8} }
D/WifiController( 1655): battery changed pluggedType: 2
D/PowerSaveService( 4327): PowerSaveReceiver EXTRA_STATUS: status = 2, lastCharging = true
V/ActivityManager( 1655): Broadcast sticky: Intent { act=android.intent.action.ADDITIONAL_BATTERY_CHANGED flg=0x60000010 (has extras) } ordered=false userid=-1 callerApp=null
V/ActivityManager( 1655): Broadcast sticky: Intent { act=android.intent.action.ADDITIONAL_BATTERY_CHANGED flg=0x60000010 (has extras) } ordered=false userid=-1 callerApp=null
I/ANRManager( 1655): updateProcessStats
D/dalvikvm( 4533): create interp thread : stack size=128KB
D/dalvikvm( 4533): create new thread
D/dalvikvm( 4533): new thread created
D/dalvikvm( 4533): update thread list
D/dalvikvm( 4533): threadid=17: interp stack at 0x79172000
D/dalvikvm( 4533): threadid=17: created from interp
D/dalvikvm( 4533): start new thread
D/dalvikvm( 4533): threadid=17: notify debugger
D/dalvikvm( 4533): threadid=17 (Thread-5259): calling run()
I/KSO_STAT( 4533): App is in background, stop update end time, ready to start a new session.
D/SQLiteDatabase( 4533): beginTransaction()
D/SQLiteDatabase( 4533): endTransaction()
D/dalvikvm( 4533): threadid=17: exiting
D/dalvikvm( 4533): threadid=17: bye!
I/console (13777): [LOG]  sendHeart at dist/js/source/houseSever.js:1
D/WebView (13777): evaluateJavascript=javascript:(function(w,n){try{var plus=((w.__html5plus__&&w.__html5plus__.isReady)?w.__html5plus__:(n.plus&&n.plus.isReady)?n.plus:window.plus);var result= {};result.status = 1;result.message = {"seq":"1514281752652","uid":"1000001079224195"};result.keepCallback = false;plus && plus.bridge.callbackFromNative('plus5151514281752652', result);}catch(e){console.error(e)};})(window,navigator);
E/overtime(13777): RecvListener
D/WebView (13777): evaluateJavascript=javascript:(function(w,n){try{var plus=((w.__html5plus__&&w.__html5plus__.isReady)?w.__html5plus__:(n.plus&&n.plus.isReady)?n.plus:window.plus);var result= {};result.status = 1;result.message = {"data":"fn5+fgAAAEd7ImNtZCI6Im5ldHdvcmsiLCJjbWRUeXBlIjoiaGVhcnQiLCJzZXF1ZW5jZSI6MCwic3RhdHVzIjoiUyIsInVpZCI6IiJ9Cg==","uid":"1000001079224195"};result.keepCallback = true;plus && plus.bridge.callbackFromNative('plus2331514280604152', result);}catch(e){console.error(e)};})(window,navigator);
I/console (13777): [LOG]  handleMessage strJoson======{"cmd":"network","cmdType":"heart","sequence":0,"status":"S","uid":""}
I/console (13777):  at dist/js/source/house.js:1
D/WifiStateMachine( 1655): ConnectedState{ when=-4ms what=131155 arg1=14 target=com.android.internal.util.StateMachine$SmHandler target=Handler (com.android.internal.util.StateMachine$SmHandler) {43142030} }
D/WifiStateMachine( 1655): L2ConnectedState{ when=-4ms what=131155 arg1=14 target=com.android.internal.util.StateMachine$SmHandler target=Handler (com.android.internal.util.StateMachine$SmHandler) {43142030} }
D/WifiHW  ( 1655): enter -->wifi_send_command cmd=IFNAME=wlan0 SIGNAL_POLL
D/wpa_supplicant( 3981): RX ctrl_iface - hexdump(len=11): 53 49 47 4e 41 4c 5f 50 4f 4c 4c
D/wpa_supplicant( 3981): wlan0: Control interface command 'SIGNAL_POLL'
D/wpa_supplicant( 3981): nl80211: survey data missing!
D/wpa_supplicant( 3981): signal poll, reply_len=48
D/wpa_ctrl( 1655): reply_len=4095
D/WifiHW  ( 1655): leave --> reply=RSSI=-45
D/WifiHW  ( 1655): LINKSPEED=65
D/WifiHW  ( 1655): NOISE=9999
D/WifiHW  ( 1655): FREQUENCY=2412
D/WifiHW  ( 1655): 
D/wifi    ( 1655): doStringCommand, buf IFNAME=wlan0 SIGNAL_POLL
I/WifiStateMachine( 1655): fetchRssiAndLinkSpeedNative, newRssi:-45, newLinkSpeed:65, SSID:"60_dev_01"
D/WifiStateMachine( 1655): mRssiArray[0] = -44
D/WifiStateMachine( 1655): mRssiArray[1] = -44
D/WifiStateMachine( 1655): mRssiArray[2] = -45
D/WifiStateMachine( 1655): mRssiArray[3] = -45
D/WifiStateMachine( 1655): mRssiArray[4] = -45
D/WifiStateMachine( 1655): GetFilterRssi is : -44
D/WifiStateMachine( 1655): mLastSignalLevel:4, newSignalLevel:4
D/WifiStateMachine( 1655): fetchRssiAndLinkSpeedNative, ipAddr:1795166380
V/ActivityManager( 1655): Broadcast sticky: Intent { act=android.intent.action.SIG_STR flg=0x10 (has extras) } ordered=false userid=-1 callerApp=ProcessRecord{4276e330 1655:system/1000}
D/cell strength( 4118): ===== cell singal strength changed : 19
I/uSDK    (13777): [CAE][D][2017-12-26 17:49:13.879656][cae_softap_user_task:730][buffer fd or timeout ]
I/uSDK    (13777): [CAE][D][2017-12-26 17:49:13.879807][cae_su_read_buffer_to_send:630][count[0]***]
I/uSDK    (13777): [CAE][D][2017-12-26 17:49:13.879861][su_ctx_fd_set:692][MAX fd[-1]]
I/System.out(21382): [CDS]EAGAIN in Recvfrom
D/BatteryService( 1655): mBatteryVoltage=4139, batteryLevel=50
V/ActivityManager( 1655): Broadcast sticky: Intent { act=android.intent.action.ADDITIONAL_BATTERY_CHANGED flg=0x60000010 (has extras) } ordered=false userid=-1 callerApp=null
V/ActivityManager( 1655): Broadcast sticky: Intent { act=android.intent.action.BATTERY_CHANGED flg=0x60000010 (has extras) } ordered=false userid=-1 callerApp=null
D/WifiService( 1655): onReceive, action:android.intent.action.BATTERY_CHANGED
D/WifiController( 1655): DeviceActiveState{ when=0 what=155652 arg1=2 target=com.android.internal.util.StateMachine$SmHandler target=Handler (com.android.internal.util.StateMachine$SmHandler) {431e59b8} }
D/WifiController( 1655): StaEnabledState{ when=0 what=155652 arg1=2 target=com.android.internal.util.StateMachine$SmHandler target=Handler (com.android.internal.util.StateMachine$SmHandler) {431e59b8} }
D/WifiController( 1655): DefaultState{ when=0 what=155652 arg1=2 target=com.android.internal.util.StateMachine$SmHandler target=Handler (com.android.internal.util.StateMachine$SmHandler) {431e59b8} }
D/WifiController( 1655): battery changed pluggedType: 2
D/UsbDeviceManager( 1655): onReceive - BATTERY_CHANGED - mPlugType: 2, mSettingUsbCharging: false, mConnected: true, mSettingUsbBicr: false
D/WifiStateMachine( 1655): ConnectedState{ when=-3ms what=131155 arg1=14 target=com.android.internal.util.StateMachine$SmHandler target=Handler (com.android.internal.util.StateMachine$SmHandler) {43142030} }
D/WifiStateMachine( 1655): L2ConnectedState{ when=-3ms what=131155 arg1=14 target=com.android.internal.util.StateMachine$SmHandler target=Handler (com.android.internal.util.StateMachine$SmHandler) {43142030} }
D/WifiHW  ( 1655): enter -->wifi_send_command cmd=IFNAME=wlan0 SIGNAL_POLL
D/wpa_supplicant( 3981): RX ctrl_iface - hexdump(len=11): 53 49 47 4e 41 4c 5f 50 4f 4c 4c
D/wpa_supplicant( 3981): wlan0: Control interface command 'SIGNAL_POLL'
D/wpa_supplicant( 3981): nl80211: survey data missing!
D/wpa_supplicant( 3981): signal poll, reply_len=48
D/wpa_ctrl( 1655): reply_len=4095
D/WifiHW  ( 1655): leave --> reply=RSSI=-45
D/WifiHW  ( 1655): LINKSPEED=65
D/WifiHW  ( 1655): NOISE=9999
D/WifiHW  ( 1655): FREQUENCY=2412
D/WifiHW  ( 1655): 
D/wifi    ( 1655): doStringCommand, buf IFNAME=wlan0 SIGNAL_POLL
I/WifiStateMachine( 1655): fetchRssiAndLinkSpeedNative, newRssi:-45, newLinkSpeed:65, SSID:"60_dev_01"
D/WifiStateMachine( 1655): mRssiArray[0] = -44
D/WifiStateMachine( 1655): mRssiArray[1] = -44
D/WifiStateMachine( 1655): mRssiArray[2] = -45
D/WifiStateMachine( 1655): mRssiArray[3] = -45
D/WifiStateMachine( 1655): mRssiArray[4] = -45
D/WifiStateMachine( 1655): GetFilterRssi is : -44
D/WifiStateMachine( 1655): mLastSignalLevel:4, newSignalLevel:4
D/WifiStateMachine( 1655): fetchRssiAndLinkSpeedNative, ipAddr:1795166380
D/PowerSaveService( 4327): PowerSaveReceiver EXTRA_STATUS: status = 2, lastCharging = true
V/ActivityManager( 1655): Broadcast sticky: Intent { act=android.intent.action.ADDITIONAL_BATTERY_CHANGED flg=0x60000010 (has extras) } ordered=false userid=-1 callerApp=null
V/ActivityManager( 1655): Broadcast sticky: Intent { act=android.intent.action.ADDITIONAL_BATTERY_CHANGED flg=0x60000010 (has extras) } ordered=false userid=-1 callerApp=null
D/dalvikvm( 4533): create interp thread : stack size=128KB
D/dalvikvm( 4533): create new thread
D/dalvikvm( 4533): new thread created
D/dalvikvm( 4533): update thread list
D/dalvikvm( 4533): threadid=17: interp stack at 0x79172000
D/dalvikvm( 4533): threadid=17: created from interp
D/dalvikvm( 4533): start new thread
D/dalvikvm( 4533): threadid=17: notify debugger
D/dalvikvm( 4533): threadid=17 (Thread-5260): calling run()
I/KSO_STAT( 4533): App is in background, stop update end time, ready to start a new session.
D/SQLiteDatabase( 4533): beginTransaction()
D/SQLiteDatabase( 4533): endTransaction()
D/dalvikvm( 4533): threadid=17: exiting
D/dalvikvm( 4533): threadid=17: bye!
D/PhoneInterfaceManagerEx( 4184): [PhoneIntfMgrEx] hasIccCard  simId=0
D/PhoneInterfaceManagerEx( 4184): [PhoneIntfMgrEx] hasIccCard  simId=1
I/console (13777): [LOG]  sendHeart at dist/js/source/houseSever.js:1
D/WebView (13777): evaluateJavascript=javascript:(function(w,n){try{var plus=((w.__html5plus__&&w.__html5plus__.isReady)?w.__html5plus__:(n.plus&&n.plus.isReady)?n.plus:window.plus);var result= {};result.status = 1;result.message = {"seq":"1514281757663","uid":"1000001079224195"};result.keepCallback = false;plus && plus.bridge.callbackFromNative('plus5161514281757663', result);}catch(e){console.error(e)};})(window,navigator);
E/overtime(13777): RecvListener
D/WebView (13777): evaluateJavascript=javascript:(function(w,n){try{var plus=((w.__html5plus__&&w.__html5plus__.isReady)?w.__html5plus__:(n.plus&&n.plus.isReady)?n.plus:window.plus);var result= {};result.status = 1;result.message = {"data":"fn5+fgAAAEd7ImNtZCI6Im5ldHdvcmsiLCJjbWRUeXBlIjoiaGVhcnQiLCJzZXF1ZW5jZSI6MCwic3RhdHVzIjoiUyIsInVpZCI6IiJ9Cg==","uid":"1000001079224195"};result.keepCallback = true;plus && plus.bridge.callbackFromNative('plus2331514280604152', result);}catch(e){console.error(e)};})(window,navigator);
I/console (13777): [LOG]  handleMessage strJoson======{"cmd":"network","cmdType":"heart","sequence":0,"status":"S","uid":""}
I/console (13777):  at dist/js/source/house.js:1
E/overtime(13777): RecvListener
D/WebView (13777): evaluateJavascript=javascript:(function(w,n){try{var plus=((w.__html5plus__&&w.__html5plus__.isReady)?w.__html5plus__:(n.plus&&n.plus.isReady)?n.plus:window.plus);var result= {};result.status = 1;result.message = {"data":"fn5+fgAAAX97ImNtZCI6InJvb20iLCJjbWRUeXBlIjoiYWRkTW9kaWZ5Iiwicm9vbSI6eyJkZXZpY2UiOlt7ImlkIjoxMjl9LHsiaWQiOjE0Mn0seyJpZCI6MTUzfSx7ImlkIjoxNTR9LHsiaWQiOjE1NX0seyJpZCI6MTU3fSx7ImlkIjoxNTl9LHsiaWQiOjE2MH0seyJpZCI6MTY0fSx7ImlkIjoxNjd9XSwiZW52Ijp7ImNvMiI6eyJzcmNJZCI6MTY3LCJ2YWwiOi0zMjc2OH0sImh1bWlkaXR5Ijp7InNyY0lkIjoxNjcsInZhbCI6LTEyOH0sInBtMjUiOnsic3JjSWQiOjE2NywidmFsIjotMzI3Njh9LCJ0ZW1wIjp7InNyY0lkIjoxNjcsInZhbCI6LTEyOH19LCJpY29uIjoxLCJpZCI6MSwibmFtZSI6IuacquW9kuexu+iuvuWkhyJ9LCJzZXF1ZW5jZSI6NTgzNCwidWlkIjoiR0FURVdBWSJ9Cg==","uid":"1000001079224195"};result.keepCallback = true;plus && plus.bridge.callbackFromNative('plus2331514280604152', result);}catch(e){console.error(e)};})(window,navigator);
I/console (13777): [LOG]  handleMessage strJoson======{"cmd":"room","cmdType":"addModify","room":{"device":[{"id":129},{"id":142},{"id":153},{"id":154},{"id":155},{"id":157},{"id":159},{"id":160},{"id":164},{"id":167}],"env":{"co2":{"srcId":167,"val":-32768},"humidity":{"srcId":167,"val":-128},"pm25":{"srcId":167,"val":-32768},"temp":{"srcId":167,"val":-128}},"icon":1,"id":1,"name":""},"sequence":5834,"uid":"GATEWAY"}
I/console (13777):  at dist/js/source/house.js:1
E/overtime(13777): RecvListener
D/WebView (13777): evaluateJavascript=javascript:(function(w,n){try{var plus=((w.__html5plus__&&w.__html5plus__.isReady)?w.__html5plus__:(n.plus&&n.plus.isReady)?n.plus:window.plus);var result= {};result.status = 1;result.message = {"data":"fn5+fgAAARN7ImNtZCI6ImRldmljZSIsImNtZFR5cGUiOiJkZXRlY3RvclN0YXR1c05vdGlmeSIsImNvbm5lY3QiOiJvZmZsaW5lIiwiZW52Ijp7ImNvMiI6LTMyNzY4LCJodW1pZGl0eSI6LTEyOCwicG0yNSI6LTMyNzY4LCJ0ZW1wIjotMTI4fSwiaWNvbiI6MCwiaWQiOjE2NywibmFtZSI6IuepuuawlOaenCIsIm5vZGVJZCI6MCwib25PZmYiOiJvZmYiLCJyYW5nZSI6W10sInNlcXVlbmNlIjo1ODM0LCJzdWJUeXBlIjoiMSIsInR5cGUiOiIxMTgiLCJ1aWQiOiJHQVRFV0FZIiwidm9pY2UiOjB9Cg==","uid":"1000001079224195"};result.keepCallback = true;plus && plus.bridge.callbackFromNative('plus2331514280604152', result);}catch(e){console.error(e)};})(window,navigator);
I/console (13777): [LOG] do not support this comdType11:detectorStatusNotify at dist/js/source/house.js:1
I/console (13777): [LOG]  handleMessage strJoson======{"cmd":"device","cmdType":"detectorStatusNotify","connect":"offline","env":{"co2":-32768,"humidity":-128,"pm25":-32768,"temp":-128},"icon":0,"id":167,"name":"","nodeId":0,"onOff":"off","range":[],"sequence":5834,"subType":"1","type":"118","uid":"GATEWAY","voice":0}
I/console (13777):  at dist/js/source/house.js:1
I/uSDK    (13777): [CAE][D][2017-12-26 17:49:18.898263][cae_softap_user_task:730][buffer fd or timeout ]
I/uSDK    (13777): [CAE][D][2017-12-26 17:49:18.898373][cae_su_read_buffer_to_send:630][count[0]***]
I/uSDK    (13777): [CAE][D][2017-12-26 17:49:18.898411][su_ctx_fd_set:692][MAX fd[-1]]
D/WifiStateMachine( 1655): ConnectedState{ when=-3ms what=131155 arg1=14 target=com.android.internal.util.StateMachine$SmHandler target=Handler (com.android.internal.util.StateMachine$SmHandler) {43142030} }
D/WifiStateMachine( 1655): L2ConnectedState{ when=-3ms what=131155 arg1=14 target=com.android.internal.util.StateMachine$SmHandler target=Handler (com.android.internal.util.StateMachine$SmHandler) {43142030} }
D/WifiHW  ( 1655): enter -->wifi_send_command cmd=IFNAME=wlan0 SIGNAL_POLL
D/wpa_supplicant( 3981): RX ctrl_iface - hexdump(len=11): 53 49 47 4e 41 4c 5f 50 4f 4c 4c
D/wpa_supplicant( 3981): wlan0: Control interface command 'SIGNAL_POLL'
D/wpa_supplicant( 3981): nl80211: survey data missing!
D/wpa_supplicant( 3981): signal poll, reply_len=48
D/wpa_ctrl( 1655): reply_len=4095
D/WifiHW  ( 1655): leave --> reply=RSSI=-46
D/WifiHW  ( 1655): LINKSPEED=65
D/WifiHW  ( 1655): NOISE=9999
D/WifiHW  ( 1655): FREQUENCY=2412
D/WifiHW  ( 1655): 
D/wifi    ( 1655): doStringCommand, buf IFNAME=wlan0 SIGNAL_POLL
I/WifiStateMachine( 1655): fetchRssiAndLinkSpeedNative, newRssi:-46, newLinkSpeed:65, SSID:"60_dev_01"
D/WifiStateMachine( 1655): mRssiArray[0] = -45
D/WifiStateMachine( 1655): mRssiArray[1] = -44
D/WifiStateMachine( 1655): mRssiArray[2] = -45
D/WifiStateMachine( 1655): mRssiArray[3] = -45
D/WifiStateMachine( 1655): mRssiArray[4] = -45
D/WifiStateMachine( 1655): GetFilterRssi is : -45
D/WifiStateMachine( 1655): mLastSignalLevel:4, newSignalLevel:4
D/WifiStateMachine( 1655): fetchRssiAndLinkSpeedNative, ipAddr:1795166380
I/console (13777): [LOG] ws=heartTest.success at dist/js/source/push.js:1
D/BatteryService( 1655): mBatteryVoltage=4141, batteryLevel=50
V/ActivityManager( 1655): Broadcast sticky: Intent { act=android.intent.action.ADDITIONAL_BATTERY_CHANGED flg=0x60000010 (has extras) } ordered=false userid=-1 callerApp=null
V/ActivityManager( 1655): Broadcast sticky: Intent { act=android.intent.action.BATTERY_CHANGED flg=0x60000010 (has extras) } ordered=false userid=-1 callerApp=null
D/WifiService( 1655): onReceive, action:android.intent.action.BATTERY_CHANGED
D/WifiController( 1655): DeviceActiveState{ when=-1ms what=155652 arg1=2 target=com.android.internal.util.StateMachine$SmHandler target=Handler (com.android.internal.util.StateMachine$SmHandler) {431e59b8} }
D/WifiController( 1655): StaEnabledState{ when=-1ms what=155652 arg1=2 target=com.android.internal.util.StateMachine$SmHandler target=Handler (com.android.internal.util.StateMachine$SmHandler) {431e59b8} }
D/WifiController( 1655): DefaultState{ when=-1ms what=155652 arg1=2 target=com.android.internal.util.StateMachine$SmHandler target=Handler (com.android.internal.util.StateMachine$SmHandler) {431e59b8} }
D/UsbDeviceManager( 1655): onReceive - BATTERY_CHANGED - mPlugType: 2, mSettingUsbCharging: false, mConnected: true, mSettingUsbBicr: false
D/WifiController( 1655): battery changed pluggedType: 2
D/PowerSaveService( 4327): PowerSaveReceiver EXTRA_STATUS: status = 2, lastCharging = true
V/ActivityManager( 1655): Broadcast sticky: Intent { act=android.intent.action.ADDITIONAL_BATTERY_CHANGED flg=0x60000010 (has extras) } ordered=false userid=-1 callerApp=null
V/ActivityManager( 1655): Broadcast sticky: Intent { act=android.intent.action.ADDITIONAL_BATTERY_CHANGED flg=0x60000010 (has extras) } ordered=false userid=-1 callerApp=null
D/WifiStateMachine( 1655): ConnectedState{ when=-2ms what=131155 arg1=14 target=com.android.internal.util.StateMachine$SmHandler target=Handler (com.android.internal.util.StateMachine$SmHandler) {43142030} }
D/WifiStateMachine( 1655): L2ConnectedState{ when=-2ms what=131155 arg1=14 target=com.android.internal.util.StateMachine$SmHandler target=Handler (com.android.internal.util.StateMachine$SmHandler) {43142030} }
D/WifiHW  ( 1655): enter -->wifi_send_command cmd=IFNAME=wlan0 SIGNAL_POLL
D/wpa_supplicant( 3981): RX ctrl_iface - hexdump(len=11): 53 49 47 4e 41 4c 5f 50 4f 4c 4c
D/wpa_supplicant( 3981): wlan0: Control interface command 'SIGNAL_POLL'
D/wpa_supplicant( 3981): nl80211: survey data missing!
D/wpa_supplicant( 3981): signal poll, reply_len=48
D/wpa_ctrl( 1655): reply_len=4095
D/WifiHW  ( 1655): leave --> reply=RSSI=-46
D/WifiHW  ( 1655): LINKSPEED=65
D/WifiHW  ( 1655): NOISE=9999
D/WifiHW  ( 1655): FREQUENCY=2412
D/WifiHW  ( 1655): 
D/wifi    ( 1655): doStringCommand, buf IFNAME=wlan0 SIGNAL_POLL
I/WifiStateMachine( 1655): fetchRssiAndLinkSpeedNative, newRssi:-46, newLinkSpeed:65, SSID:"60_dev_01"
D/WifiStateMachine( 1655): mRssiArray[0] = -45
D/WifiStateMachine( 1655): mRssiArray[1] = -46
D/WifiStateMachine( 1655): mRssiArray[2] = -45
D/WifiStateMachine( 1655): mRssiArray[3] = -45
D/WifiStateMachine( 1655): mRssiArray[4] = -45
D/WifiStateMachine( 1655): GetFilterRssi is : -45
D/WifiStateMachine( 1655): mLastSignalLevel:4, newSignalLevel:4
D/WifiStateMachine( 1655): fetchRssiAndLinkSpeedNative, ipAddr:1795166380
D/dalvikvm( 4533): create interp thread : stack size=128KB
D/dalvikvm( 4533): create new thread
D/dalvikvm( 4533): new thread created
D/dalvikvm( 4533): update thread list
D/dalvikvm( 4533): threadid=17: interp stack at 0x79172000
D/dalvikvm( 4533): threadid=17: created from interp
D/dalvikvm( 4533): start new thread
D/dalvikvm( 4533): threadid=17: notify debugger
D/dalvikvm( 4533): threadid=17 (Thread-5261): calling run()
I/KSO_STAT( 4533): App is in background, stop update end time, ready to start a new session.
D/SQLiteDatabase( 4533): beginTransaction()
D/SQLiteDatabase( 4533): endTransaction()
D/dalvikvm( 4533): threadid=17: exiting
D/dalvikvm( 4533): threadid=17: bye!
I/console (13777): [LOG]  sendHeart at dist/js/source/houseSever.js:1
D/WebView (13777): evaluateJavascript=javascript:(function(w,n){try{var plus=((w.__html5plus__&&w.__html5plus__.isReady)?w.__html5plus__:(n.plus&&n.plus.isReady)?n.plus:window.plus);var result= {};result.status = 1;result.message = {"seq":"1514281762671","uid":"1000001079224195"};result.keepCallback = false;plus && plus.bridge.callbackFromNative('plus5171514281762671', result);}catch(e){console.error(e)};})(window,navigator);
E/overtime(13777): RecvListener
D/WebView (13777): evaluateJavascript=javascript:(function(w,n){try{var plus=((w.__html5plus__&&w.__html5plus__.isReady)?w.__html5plus__:(n.plus&&n.plus.isReady)?n.plus:window.plus);var result= {};result.status = 1;result.message = {"data":"fn5+fgAAAEd7ImNtZCI6Im5ldHdvcmsiLCJjbWRUeXBlIjoiaGVhcnQiLCJzZXF1ZW5jZSI6MCwic3RhdHVzIjoiUyIsInVpZCI6IiJ9Cg==","uid":"1000001079224195"};result.keepCallback = true;plus && plus.bridge.callbackFromNative('plus2331514280604152', result);}catch(e){console.error(e)};})(window,navigator);
I/console (13777): [LOG]  handleMessage strJoson======{"cmd":"network","cmdType":"heart","sequence":0,"status":"S","uid":""}
I/console (13777):  at dist/js/source/house.js:1
I/uSDK    (13777): [CAE][D][2017-12-26 17:49:23.925689][cae_softap_user_task:730][buffer fd or timeout ]
I/uSDK    (13777): [CAE][D][2017-12-26 17:49:23.925729][cae_su_read_buffer_to_send:630][count[0]***]
I/uSDK    (13777): [CAE][D][2017-12-26 17:49:23.925745][su_ctx_fd_set:692][MAX fd[-1]]
I/uSDK    (13777): [CAE][D][2017-12-26 17:49:24.825382][cae_sr_k_loop:965][mdns resolver loop timeout event happen, interval time:20s]
I/uSDK    (13777): [CAE][I][2017-12-26 17:49:24.825466][cae_sr_k_loop:1018][do normal soft refresh timing!]
I/uSDK    (13777): [CAE][I][2017-12-26 17:49:24.825517][cae_sd_core_connect_send_search_data:116][force mdns daemon to send mdns search udp data ... ...]
I/uSDK    (13777): [CAE][I][2017-12-26 17:49:24.825655][mDNSPlatformWriteLogMsg:171][connecting mdns server port:48905.]
D/ConnectivityService( 1655): getActiveNetworkInfo:NetworkInfo: type: WIFI[], state: CONNECTED/CONNECTED, reason: (unspecified), extra: "60_dev_01", roaming: false, failover: false, isAvailable: true, isConnectedToProvisioningNetwork: false, simId: 0/10188
D/ConnectivityService( 1655): getActiveNetworkInfo:NetworkInfo: type: WIFI[], state: CONNECTED/CONNECTED, reason: (unspecified), extra: "60_dev_01", roaming: false, failover: false, isAvailable: true, isConnectedToProvisioningNetwork: false, simId: 0/10276
D/ConnectivityService( 1655): getActiveNetworkInfo:NetworkInfo: type: WIFI[], state: CONNECTED/CONNECTED, reason: (unspecified), extra: "60_dev_01", roaming: false, failover: false, isAvailable: true, isConnectedToProvisioningNetwork: false, simId: 0/10276
D/ConnectivityService( 1655): getActiveNetworkInfo:NetworkInfo: type: WIFI[], state: CONNECTED/CONNECTED, reason: (unspecified), extra: "60_dev_01", roaming: false, failover: false, isAvailable: true, isConnectedToProvisioningNetwork: false, simId: 0/10188
D/OppoAlarmManagerHelper( 1655): windowLength == AlarmManager.WINDOW_EXACT
D/OppoAlarmManagerHelper( 1655): uid in mUidWhiteList =  1000
D/OppoAlarmManagerHelper( 1655): uid in mUidWhiteList =  1001
D/OppoAlarmManagerHelper( 1655): This uid use inexact alarm !!!  uid == 10188
D/OppoAlarmManagerHelper( 1655): Pkg in mPkgWhiteList =  com.android.cts.app
D/OppoAlarmManagerHelper( 1655): Pkg in mPkgWhiteList =  com.android.cts.stub
D/OppoAlarmManagerHelper( 1655): Pkg in mPkgWhiteList =  com.android.deskclock
D/OppoAlarmManagerHelper( 1655): Pkg in mPkgWhiteList =  com.android.mms
D/OppoAlarmManagerHelper( 1655): Pkg in mPkgWhiteList =  oppo.multimedia.soundrecorder
D/OppoAlarmManagerHelper( 1655): Pkg in mPkgWhiteList =  com.android.providers.calendar
D/OppoAlarmManagerHelper( 1655): Pkg in mPkgWhiteList =  com.oppo.music
D/OppoAlarmManagerHelper( 1655): Pkg in mPkgWhiteList =  com.codoon.gps
D/OppoAlarmManagerHelper( 1655): Pkg in mPkgWhiteList =  com.nearme.note
D/OppoAlarmManagerHelper( 1655): Pkg in mPkgWhiteList =  com.oppo.backuprestore
D/OppoAlarmManagerHelper( 1655): Pkg in mPkgWhiteList =  com.oppo.weather
D/OppoAlarmManagerHelper( 1655): Pkg in mPkgWhiteList =  com.android.providers.downloads
D/OppoAlarmManagerHelper( 1655): Pkg in mPkgWhiteList =  com.mobiletools.systemhelper
D/OppoAlarmManagerHelper( 1655): Pkg in mPkgWhiteList =  com.oppo.community
D/OppoAlarmManagerHelper( 1655): Pkg in mPkgWhiteList =  com.nearme.themespace
D/OppoAlarmManagerHelper( 1655): key in mKeyList == clock
D/OppoAlarmManagerHelper( 1655): key in mKeyList == alarm
D/OppoAlarmManagerHelper( 1655): key in mKeyList == calendar
D/OppoAlarmManagerHelper( 1655): This package use inexact alarm !!!  pkg1 == com.moji.airnut
D/OppoAlarmManagerHelper( 1655): Using  inexact alarm!!!!!!!!
V/AlarmManager( 1655): isAlarmNeedAlign : charging
V/AlarmManager( 1655): set(PendingIntent{4476fe28: PendingIntentRecord{43020bd8 com.moji.airnut broadcastIntent}}) : type=0 triggerAtTime=1514281776836 win=-1 tElapsed=25608314 maxElapsed=25617306 interval=0 standalone=false
D/OppoAlarmManagerHelper( 1655): windowLength == AlarmManager.WINDOW_EXACT
D/OppoAlarmManagerHelper( 1655): uid in mUidWhiteList =  1000
D/OppoAlarmManagerHelper( 1655): uid in mUidWhiteList =  1001
D/OppoAlarmManagerHelper( 1655): This uid use inexact alarm !!!  uid == 10276
D/OppoAlarmManagerHelper( 1655): Pkg in mPkgWhiteList =  com.android.cts.app
D/OppoAlarmManagerHelper( 1655): Pkg in mPkgWhiteList =  com.android.cts.stub
D/OppoAlarmManagerHelper( 1655): Pkg in mPkgWhiteList =  com.android.deskclock
D/OppoAlarmManagerHelper( 1655): Pkg in mPkgWhiteList =  com.android.mms
D/OppoAlarmManagerHelper( 1655): Pkg in mPkgWhiteList =  oppo.multimedia.soundrecorder
D/OppoAlarmManagerHelper( 1655): Pkg in mPkgWhiteList =  com.android.providers.calendar
D/OppoAlarmManagerHelper( 1655): Pkg in mPkgWhiteList =  com.oppo.music
D/OppoAlarmManagerHelper( 1655): Pkg in mPkgWhiteList =  com.codoon.gps
D/OppoAlarmManagerHelper( 1655): Pkg in mPkgWhiteList =  com.nearme.note
D/OppoAlarmManagerHelper( 1655): Pkg in mPkgWhiteList =  com.oppo.backuprestore
D/OppoAlarmManagerHelper( 1655): Pkg in mPkgWhiteList =  com.oppo.weather
D/OppoAlarmManagerHelper( 1655): Pkg in mPkgWhiteList =  com.android.providers.downloads
D/OppoAlarmManagerHelper( 1655): Pkg in mPkgWhiteList =  com.mobiletools.systemhelper
D/OppoAlarmManagerHelper( 1655): Pkg in mPkgWhiteList =  com.oppo.community
D/OppoAlarmManagerHelper( 1655): Pkg in mPkgWhiteList =  com.nearme.themespace
D/OppoAlarmManagerHelper( 1655): key in mKeyList == clock
D/OppoAlarmManagerHelper( 1655): key in mKeyList == alarm
D/OppoAlarmManagerHelper( 1655): key in mKeyList == calendar
D/OppoAlarmManagerHelper( 1655): This package use inexact alarm !!!  pkg1 == io.dcloud.HBuilder
D/OppoAlarmManagerHelper( 1655): Using  inexact alarm!!!!!!!!
V/AlarmManager( 1655): isAlarmNeedAlign : charging
V/AlarmManager( 1655): set(PendingIntent{45337990: PendingIntentRecord{42bf6398 io.dcloud.HBuilder broadcastIntent}}) : type=0 triggerAtTime=1514281776834 win=-1 tElapsed=25608312 maxElapsed=25617302 interval=0 standalone=false
V/AlarmManager( 1655): Adding Alarm{454e2d78 type 0 io.dcloud.HBuilder} to Batch{45337908 num=2 start=25608314 end=25617306}
V/AlarmManager( 1655):     => now Batch{45337908 num=2 start=25608314 end=25617302}
I/uSDK    (13777): [CAE][I][2017-12-26 17:49:24.856412][mDNSPlatformWriteLogMsg:171][receive x_RefreshInterfaceList cmd ]
I/uSDK    (13777): [CAE][I][2017-12-26 17:49:24.856454][mDNSPlatformWriteLogMsg:171][mdns daemon refreshing interface list ... ...]
I/uSDK    (13777): [CAE][I][2017-12-26 17:49:24.856477][mDNSPlatformWriteLogMsg:171][qname : _sleep-proxy._udp.local.  qtype value: 12  string info: PTR ]
I/uSDK    (13777): [CAE][I][2017-12-26 17:49:24.856491][mDNSPlatformWriteLogMsg:171][StartLLQPolling ... ... ]
I/uSDK    (13777): [CAE][I][2017-12-26 17:49:24.856507][mDNSPlatformWriteLogMsg:171][qname : _cae._udp.local.  qtype value: 12  string info: PTR ]
I/uSDK    (13777): [CAE][I][2017-12-26 17:49:24.856521][mDNSPlatformWriteLogMsg:171][StartLLQPolling ... ... ]
I/uSDK    (13777): [CAE][I][2017-12-26 17:49:24.856536][mDNSPlatformWriteLogMsg:171][ xxx mDNS Execute begin ... ... ]
I/uSDK    (13777): [CAE][I][2017-12-26 17:49:24.856551][mDNSPlatformWriteLogMsg:171][mdns daemon refreshing interface list end!]
I/uSDK    (13777): [CAE][I][2017-12-26 17:49:24.856566][mDNSPlatformWriteLogMsg:171][request_callback: 276:ERROR: Unsupported UDS req:8888 PID[-1][]]
I/uSDK    (13777): [CAE][I][2017-12-26 17:49:24.857047][cae_sd_core_connect_send_search_data:126][sending mdns search upd data is end; err:0]
V/AlarmManager( 1655): remove(operation) changed bounds; rebatching
V/AlarmManager( 1655): isAlarmNeedAlign : charging
V/AlarmManager( 1655): isAlarmNeedAlign : charging
V/AlarmManager( 1655): Adding Alarm{435d59a0 type 2 com.tencent.android.qqdownloader} to Batch{435d5918 num=2 start=25774942 end=25774942}
V/AlarmManager( 1655):     => now Batch{435d5918 num=2 start=25774942 end=25774942}
V/AlarmManager( 1655): isAlarmNeedAlign : charging
V/AlarmManager( 1655): Adding Alarm{435d63a8 type 3 com.tencent.android.qqdownloader} to Batch{435d5918 num=3 start=25774942 end=25774942}
V/AlarmManager( 1655):     => now Batch{435d5918 num=3 start=25774942 end=25774942}
V/AlarmManager( 1655): isAlarmNeedAlign : charging
V/AlarmManager( 1655): Adding Alarm{435d6db0 type 3 com.tencent.mm} to Batch{435d5918 num=4 start=25774942 end=25774942}
V/AlarmManager( 1655):     => now Batch{435d5918 num=4 start=25774942 end=25774942}
V/AlarmManager( 1655): isAlarmNeedAlign : charging
V/AlarmManager( 1655): Adding Alarm{435d7730 type 0 com.kingroot.master} to Batch{435d5918 num=5 start=25774942 end=25774942}
V/AlarmManager( 1655):     => now Batch{435d5918 num=5 start=25774942 end=25774942}
V/AlarmManager( 1655): isAlarmNeedAlign : charging
V/AlarmManager( 1655): Adding Alarm{446ca2b8 type 0 com.kingroot.kinguser} to Batch{435d5918 num=6 start=25774942 end=25774942}
V/AlarmManager( 1655):     => now Batch{435d5918 num=6 start=25774942 end=25774942}
V/AlarmManager( 1655): isAlarmNeedAlign : charging
V/AlarmManager( 1655): isAlarmNeedAlign : charging
V/AlarmManager( 1655): Adding Alarm{446cad10 type 0 com.kingroot.master} to Batch{446cac88 num=2 start=25834331 end=26012786}
V/AlarmManager( 1655):     => now Batch{446cac88 num=2 start=25834335 end=26012786}
V/AlarmManager( 1655): Adding Alarm{446cb678 type 0 android} to Batch{446cac88 num=3 start=25834335 end=26012786}
V/AlarmManager( 1655):     => now Batch{446cac88 num=3 start=25834662 end=25834662}
V/AlarmManager( 1655): isAlarmNeedAlign : charging
V/AlarmManager( 1655): isAlarmNeedAlign : charging
V/AlarmManager( 1655): Adding Alarm{45a51be0 type 0 com.oppo.market} to Batch{45a51b58 num=2 start=25910635 end=26146318}
V/AlarmManager( 1655):     => now Batch{45a51b58 num=2 start=25957662 end=26146318}
V/AlarmManager( 1655): isAlarmNeedAlign : charging
V/AlarmManager( 1655): Adding Alarm{45a52518 type 0 com.kingroot.kinguser} to Batch{45a51b58 num=3 start=25957662 end=26146318}
V/AlarmManager( 1655):     => now Batch{45a51b58 num=3 start=26120582 end=26146318}
V/AlarmManager( 1655): isAlarmNeedAlign : charging
V/AlarmManager( 1655): isAlarmNeedAlign : charging
V/AlarmManager( 1655): Adding Alarm{45a53040 type 3 com.tencent.android.qqdownloader} to Batch{45a52fb8 num=2 start=26555882 end=27905882}
V/AlarmManager( 1655):     => now Batch{45a52fb8 num=2 start=26591553 end=27905882}
V/AlarmManager( 1655): isAlarmNeedAlign : charging
V/AlarmManager( 1655): Adding Alarm{45a53a48 type 3 com.tencent.android.qqdownloader} to Batch{45a52fb8 num=3 start=26591553 end=27905882}
V/AlarmManager( 1655):     => now Batch{45a52fb8 num=3 start=26591566 end=27905882}
V/AlarmManager( 1655): isAlarmNeedAlign : charging
V/AlarmManager( 1655): Adding Alarm{446fad48 type 3 android} to Batch{45a52fb8 num=4 start=26591566 end=27905882}
V/AlarmManager( 1655):     => now Batch{45a52fb8 num=4 start=27019737 end=27905882}
V/AlarmManager( 1655): isAlarmNeedAlign : charging
V/AlarmManager( 1655): Adding Alarm{446fb628 type 0 com.tencent.mm} to Batch{45a52fb8 num=5 start=27019737 end=27905882}
V/AlarmManager( 1655):     => now Batch{45a52fb8 num=5 start=27019737 end=27020145}
V/AlarmManager( 1655): isAlarmNeedAlign : charging
V/AlarmManager( 1655): Adding Alarm{446fbf60 type 0 com.oppo.market} to Batch{45a52fb8 num=6 start=27019737 end=27020145}
V/AlarmManager( 1655):     => now Batch{45a52fb8 num=6 start=27019737 end=27020145}
V/AlarmManager( 1655): isAlarmNeedAlign : charging
V/AlarmManager( 1655): Adding Alarm{446fc898 type 1 com.tencent.android.qqdownloader} to Batch{45a52fb8 num=7 start=27019737 end=27020145}
V/AlarmManager( 1655):     => now Batch{45a52fb8 num=7 start=27019737 end=27020145}
V/AlarmManager( 1655): isAlarmNeedAlign : charging
V/AlarmManager( 1655): isAlarmNeedAlign : charging
V/AlarmManager( 1655): Adding Alarm{458c7aa0 type 3 com.kingroot.master} to Batch{458c7a18 num=2 start=27020832 end=28370832}
V/AlarmManager( 1655):     => now Batch{458c7a18 num=2 start=27028077 end=28370832}
V/AlarmManager( 1655): isAlarmNeedAlign : charging
V/AlarmManager( 1655): Adding Alarm{458c8408 type 0 com.kingroot.kinguser} to Batch{458c7a18 num=3 start=27028077 end=28370832}
V/AlarmManager( 1655):     => now Batch{458c7a18 num=3 start=27034334 end=28112789}
V/AlarmManager( 1655): isAlarmNeedAlign : charging
V/AlarmManager( 1655): Adding Alarm{458c8d90 type 0 com.kingroot.master} to Batch{458c7a18 num=4 start=27034334 end=28112789}
V/AlarmManager( 1655):     => now Batch{458c7a18 num=4 start=27034337 end=28112789}
V/AlarmManager( 1655): Adding Alarm{458c96f8 type 0 android} to Batch{458c7a18 num=5 start=27034337 end=28112789}
V/AlarmManager( 1655):     => now Batch{458c7a18 num=5 start=27034665 end=27034665}
V/AlarmManager( 1655): isAlarmNeedAlign : charging
V/AlarmManager( 1655): Adding Alarm{44ae97c8 type 1 com.tencent.android.qqdownloader} to Batch{44ae9740 num=2 start=28236479 end=28236479}
V/AlarmManager( 1655):     => now Batch{44ae9740 num=2 start=28236479 end=28236479}
V/AlarmManager( 1655): isAlarmNeedAlign : charging
V/AlarmManager( 1655): Adding Alarm{44aea1d0 type 1 com.tencent.android.qqdownloader} to Batch{44ae9740 num=3 start=28236479 end=28236479}
V/AlarmManager( 1655):     => now Batch{44ae9740 num=3 start=28236479 end=28236479}
V/AlarmManager( 1655): isAlarmNeedAlign : charging
V/AlarmManager( 1655): Adding Alarm{44aeabd8 type 1 com.tencent.android.qqdownloader} to Batch{44ae9740 num=4 start=28236479 end=28236479}
V/AlarmManager( 1655):     => now Batch{44ae9740 num=4 start=28236479 end=28236479}
V/AlarmManager( 1655): isAlarmNeedAlign : charging
V/AlarmManager( 1655): isAlarmNeedAlign : charging
V/AlarmManager( 1655): Adding Alarm{44aeb780 type 2 com.nearme.statistics.rom} to Batch{44aeb6f8 num=2 start=28823026 end=50423026}
V/AlarmManager( 1655):     => now Batch{44aeb6f8 num=2 start=28890352 end=34290352}
V/AlarmManager( 1655): Adding Alarm{44829ff8 type 1 com.oppo.weather} to Batch{44aeb6f8 num=3 start=28890352 end=34290352}
V/AlarmManager( 1655):     => now Batch{44aeb6f8 num=3 start=32001949 end=32001949}
V/AlarmManager( 1655): isAlarmNeedAlign : charging
V/AlarmManager( 1655): isAlarmNeedAlign : charging
V/AlarmManager( 1655): Adding Alarm{4482aa18 type 0 com.tencent.android.qqdownloader} to Batch{4482a990 num=2 start=32400000 end=40500000}
V/AlarmManager( 1655):     => now Batch{4482a990 num=2 start=32437479 end=37568292}
V/AlarmManager( 1655): isAlarmNeedAlign : charging
V/AlarmManager( 1655): Adding Alarm{4482b420 type 0 com.tencent.android.qqdownloader} to Batch{4482a990 num=3 start=32437479 end=37568292}
V/AlarmManager( 1655):     => now Batch{4482a990 num=3 start=32437479 end=37568291}
V/AlarmManager( 1655): isAlarmNeedAlign : charging
V/AlarmManager( 1655): Adding Alarm{4482be28 type 0 com.tencent.android.qqdownloader} to Batch{4482a990 num=4 start=32437479 end=37568291}
V/AlarmManager( 1655):     => now Batch{4482a990 num=4 start=32437479 end=37568291}
V/AlarmManager( 1655): isAlarmNeedAlign : charging
V/AlarmManager( 1655): Adding Alarm{44a2feb0 type 0 com.tencent.android.qqdownloader} to Batch{4482a990 num=5 start=32437479 end=37568291}
V/AlarmManager( 1655):     => now Batch{4482a990 num=5 start=32437479 end=37568290}
V/AlarmManager( 1655): Adding Alarm{44a308b8 type 1 com.oppo.weather} to Batch{4482a990 num=6 start=32437479 end=37568290}
V/AlarmManager( 1655):     => now Batch{4482a990 num=6 start=33473868 end=33473868}
V/AlarmManager( 1655): isAlarmNeedAlign : charging
V/AlarmManager( 1655): isAlarmNeedAlign : charging
V/AlarmManager( 1655): Adding Alarm{44a312d8 type 0 com.android.browser} to Batch{44a31250 num=2 start=35508427 end=42942451}
V/AlarmManager( 1655):     => now Batch{44a31250 num=2 start=37576670 end=42942451}
V/AlarmManager( 1655): isAlarmNeedAlign : charging
V/AlarmManager( 1655): isAlarmNeedAlign : charging
V/AlarmManager( 1655): Adding Alarm{44a31de0 type 0 com.color.safecenter} to Batch{44a31d58 num=2 start=44231479 end=58207790}
V/AlarmManager( 1655):     => now Batch{44a31d58 num=2 start=44532322 end=58207790}
V/AlarmManager( 1655): isAlarmNeedAlign : charging
V/AlarmManager( 1655): Adding Alarm{44aec400 type 1 com.sohu.inputmethod.sogouoem} to Batch{44a31d58 num=3 start=44532322 end=58207790}
V/AlarmManager( 1655):     => now Batch{44a31d58 num=3 start=47831478 end=58207790}
V/AlarmManager( 1655): Adding Alarm{44aecde0 type 0 com.oppo.wallpaper} to Batch{44a31d58 num=4 start=47831478 end=58207790}
V/AlarmManager( 1655):     => now Batch{44a31d58 num=4 start=47831479 end=47831479}
V/AlarmManager( 1655): isAlarmNeedAlign : charging
V/AlarmManager( 1655): Adding Alarm{44aed740 type 1 com.oppo.launcher} to Batch{44a31d58 num=5 start=47831479 end=47831479}
V/AlarmManager( 1655):     => now Batch{44a31d58 num=5 start=47831479 end=47831479}
V/AlarmManager( 1655): isAlarmNeedAlign : charging
V/AlarmManager( 1655): Adding Alarm{44aee098 type 0 com.oupeng.max.sdk} to Batch{44a31d58 num=6 start=47831479 end=47831479}
V/AlarmManager( 1655):     => now Batch{44a31d58 num=6 start=47831479 end=47831479}
V/AlarmManager( 1655): isAlarmNeedAlign : charging
V/AlarmManager( 1655): isAlarmNeedAlign : charging
V/AlarmManager( 1655): Adding Alarm{44aeeac8 type 0 com.coloros.oppomorningsystem} to Batch{44aeea40 num=2 start=60396235 end=86496112}
V/AlarmManager( 1655):     => now Batch{44aeea40 num=2 start=60396235 end=86496112}
V/AlarmManager( 1655): isAlarmNeedAlign : charging
V/AlarmManager( 1655): Adding Alarm{448a40f8 type 0 com.oupeng.max.sdk} to Batch{44aeea40 num=3 start=60396235 end=86496112}
V/AlarmManager( 1655):     => now Batch{44aeea40 num=3 start=62232050 end=86496112}
V/AlarmManager( 1655): Adding Alarm{448a4a58 type 0 com.android.providers.calendar} to Batch{44aeea40 num=4 start=62232050 end=86496112}
V/AlarmManager( 1655):     => now Batch{44aeea40 num=4 start=79750377 end=79750377}
V/AlarmManager( 1655): isAlarmNeedAlign : charging
V/AlarmManager( 1655): isAlarmNeedAlign : charging
V/AlarmManager( 1655): Adding Alarm{448a5518 type 2 com.nearme.statistics.rom} to Batch{448a5490 num=2 start=86429631 end=151229631}
V/AlarmManager( 1655):     => now Batch{448a5490 num=2 start=86490357 end=151229631}
V/AlarmManager( 1655): isAlarmNeedAlign : charging
V/AlarmManager( 1655): Adding Alarm{448a5ed0 type 0 com.android.email} to Batch{448a5490 num=3 start=86490357 end=151229631}
V/AlarmManager( 1655):     => now Batch{448a5490 num=3 start=86490357 end=148993050}
V/AlarmManager( 1655): isAlarmNeedAlign : charging
V/AlarmManager( 1655): Adding Alarm{444da288 type 0 com.android.email} to Batch{448a5490 num=4 start=86490357 end=148993050}
V/AlarmManager( 1655):     => now Batch{448a5490 num=4 start=86490357 end=148993050}
V/AlarmManager( 1655): isAlarmNeedAlign : charging
V/AlarmManager( 1655): Adding Alarm{444dabe0 type 1 com.sohu.inputmethod.sogouoem} to Batch{448a5490 num=5 start=86490357 end=148993050}
V/AlarmManager( 1655):     => now Batch{448a5490 num=5 start=86490357 end=148993050}
V/AlarmManager( 1655): isAlarmNeedAlign : charging
V/AlarmManager( 1655): Adding Alarm{444db5c0 type 1 com.sohu.inputmethod.sogouoem} to Batch{448a5490 num=6 start=86490357 end=148993050}
V/AlarmManager( 1655):     => now Batch{448a5490 num=6 start=90139365 end=148993050}
V/AlarmManager( 1655): isAlarmNeedAlign : charging
V/AlarmManager( 1655): Adding Alarm{444dbfa0 type 1 com.oppo.yellowpage} to Batch{448a5490 num=7 start=90139365 end=148993050}
V/AlarmManager( 1655):     => now Batch{448a5490 num=7 start=93082422 end=143696939}
V/AlarmManager( 1655): isAlarmNeedAlign : charging
V/AlarmManager( 1655): Adding Alarm{444dc908 type 1 com.nearme.statistics.rom} to Batch{448a5490 num=8 start=93082422 end=143696939}
V/AlarmManager( 1655):     => now Batch{448a5490 num=8 start=96082419 end=143696939}
V/AlarmManager( 1655): Adding Alarm{44a23410 type 1 com.nearme.feedback} to Batch{448a5490 num=9 start=96082419 end=143696939}
V/AlarmManager( 1655):     => now Batch{448a5490 num=9 start=96082482 end=96082482}
V/AlarmManager( 1655): isAlarmNeedAlign : charging
V/AlarmManager( 1655): isAlarmNeedAlign : charging
V/AlarmManager( 1655): Adding Alarm{44a24188 type 0 com.oppo.filemanager} to Batch{44a23dc0 num=2 start=180137064 end=296042562}
V/AlarmManager( 1655):     => now Batch{44a23dc0 num=2 start=180137064 end=291307788}
V/AlarmManager( 1655): isAlarmNeedAlign : charging
V/AlarmManager( 1655): Adding Alarm{44a24b00 type 1 com.sohu.inputmethod.sogouoem} to Batch{44a23dc0 num=3 start=180137064 end=291307788}
V/AlarmManager( 1655):     => now Batch{44a23dc0 num=3 start=259261469 end=291307788}
V/AlarmManager( 1655): isAlarmNeedAlign : charging
V/AlarmManager( 1655): isAlarmNeedAlign : charging
V/AlarmManager( 1655): isAlarmNeedAlign : charging
V/AlarmManager( 1655): isAlarmNeedAlign : charging
V/AlarmManager( 1655): Adding Alarm{44a25750 type 0 com.oppo.market} to Batch{44a256c8 num=2 start=2592033105 end=4516860633}
V/AlarmManager( 1655):     => now Batch{44a256c8 num=2 start=2596910623 end=4516860633}
V/AlarmManager( 1655): isAlarmNeedAlign : charging
V/AlarmManager( 1655): isAlarmNeedAlign : charging
D/ConnectivityService( 1655): getActiveNetworkInfo:NetworkInfo: type: WIFI[], state: CONNECTED/CONNECTED, reason: (unspecified), extra: "60_dev_01", roaming: false, failover: false, isAvailable: true, isConnectedToProvisioningNetwork: false, simId: 0/10188
I/Process ( 1655): get_ion_cache_memory totalNum:276566016
I/Process ( 1655): mm_heap_freelist total_size=0x0
I/Process ( 1655): ----------------------------------------------------
I/Process ( 1655):   buffer     size kmap ref hdl mod      mva sec flag pid comm(client)   v1   v2   v3   v4 dbg_name
I/Process ( 1655): 0xc700aa80   589824   0   2   1  -1        0   0   3 13777 ty.nidoneClient 0x0 0x0 0x0 0x0 nothing sf_info(0 0 0 0 0 0 0 0 0 0 0 0 0 0 0 0 )
I/Process ( 1655): 0xc7ed2600   589824   0   2   1  -1        0   0   3 13777 ty.nidoneCl
I/Process ( 1655): get_ion_cache_memory ionCacheTotalInByte:276566016
V/AlarmManager( 1655): remove(operation) changed bounds; rebatching
V/AlarmManager( 1655): isAlarmNeedAlign : charging
V/AlarmManager( 1655): isAlarmNeedAlign : charging
V/AlarmManager( 1655): Adding Alarm{43dbdbb8 type 3 com.tencent.android.qqdownloader} to Batch{43dbdb30 num=2 start=25704685 end=25785877}
V/AlarmManager( 1655):     => now Batch{43dbdb30 num=2 start=25743045 end=25785877}
V/AlarmManager( 1655): isAlarmNeedAlign : charging
V/AlarmManager( 1655): Adding Alarm{43dbe5c0 type 3 com.tencent.mm} to Batch{43dbdb30 num=3 start=25743045 end=25785877}
V/AlarmManager( 1655):     => now Batch{43dbdb30 num=3 start=25745156 end=25785877}
V/AlarmManager( 1655): isAlarmNeedAlign : charging
V/AlarmManager( 1655): Adding Alarm{43dbeef8 type 0 com.kingroot.master} to Batch{43dbdb30 num=4 start=25745156 end=25785877}
V/AlarmManager( 1655):     => now Batch{43dbdb30 num=4 start=25774706 end=25785877}
V/AlarmManager( 1655): isAlarmNeedAlign : charging
V/AlarmManager( 1655): Adding Alarm{43dbf650 type 0 com.kingroot.kinguser} to Batch{43dbdb30 num=5 start=25774706 end=25785877}
V/AlarmManager( 1655):     => now Batch{43dbdb30 num=5 start=25774708 end=25785877}
V/AlarmManager( 1655): Adding Alarm{4526ebd0 type 0 android} to Batch{43dbdb30 num=6 start=25774708 end=25785877}
V/AlarmManager( 1655):     => now Batch{43dbdb30 num=6 start=25774942 end=25774942}
V/AlarmManager( 1655): isAlarmNeedAlign : charging
V/AlarmManager( 1655): isAlarmNeedAlign : charging
V/AlarmManager( 1655): Adding Alarm{4526f530 type 0 com.kingroot.master} to Batch{4526f4a8 num=2 start=25834331 end=26012756}
V/AlarmManager( 1655):     => now Batch{4526f4a8 num=2 start=25834335 end=26012756}
V/AlarmManager( 1655): Adding Alarm{4526fe98 type 0 android} to Batch{4526f4a8 num=3 start=25834335 end=26012756}
V/AlarmManager( 1655):     => now Batch{4526f4a8 num=3 start=25834662 end=25834662}
V/AlarmManager( 1655): isAlarmNeedAlign : charging
V/AlarmManager( 1655): isAlarmNeedAlign : charging
V/AlarmManager( 1655): Adding Alarm{45270848 type 0 com.oppo.market} to Batch{452707c0 num=2 start=25910635 end=26146288}
V/AlarmManager( 1655):     => now Batch{452707c0 num=2 start=25957663 end=26146288}
V/AlarmManager( 1655): isAlarmNeedAlign : charging
V/AlarmManager( 1655): Adding Alarm{45271180 type 0 com.kingroot.kinguser} to Batch{452707c0 num=3 start=25957663 end=26146288}
V/AlarmManager( 1655):     => now Batch{452707c0 num=3 start=26120582 end=26146288}
V/AlarmManager( 1655): isAlarmNeedAlign : charging
V/AlarmManager( 1655): isAlarmNeedAlign : charging
V/AlarmManager( 1655): Adding Alarm{44517850 type 3 com.tencent.android.qqdownloader} to Batch{445177c8 num=2 start=26555882 end=27905882}
V/AlarmManager( 1655):     => now Batch{445177c8 num=2 start=26591553 end=27905882}
V/AlarmManager( 1655): isAlarmNeedAlign : charging
V/AlarmManager( 1655): Adding Alarm{44518258 type 3 com.tencent.android.qqdownloader} to Batch{445177c8 num=3 start=26591553 end=27905882}
V/AlarmManager( 1655):     => now Batch{445177c8 num=3 start=26591566 end=27905882}
V/AlarmManager( 1655): isAlarmNeedAlign : charging
V/AlarmManager( 1655): Adding Alarm{44518c60 type 3 android} to Batch{445177c8 num=4 start=26591566 end=27905882}
V/AlarmManager( 1655):     => now Batch{445177c8 num=4 start=27019737 end=27905882}
V/AlarmManager( 1655): isAlarmNeedAlign : charging
V/AlarmManager( 1655): Adding Alarm{44519540 type 0 com.tencent.mm} to Batch{445177c8 num=5 start=27019737 end=27905882}
V/AlarmManager( 1655):     => now Batch{445177c8 num=5 start=27019737 end=27020145}
V/AlarmManager( 1655): isAlarmNeedAlign : charging
V/AlarmManager( 1655): Adding Alarm{44519e78 type 0 com.oppo.market} to Batch{445177c8 num=6 start=27019737 end=27020145}
V/AlarmManager( 1655):     => now Batch{445177c8 num=6 start=27019737 end=27020145}
V/AlarmManager( 1655): isAlarmNeedAlign : charging
V/AlarmManager( 1655): Adding Alarm{455a93f8 type 1 com.tencent.android.qqdownloader} to Batch{445177c8 num=7 start=27019737 end=27020145}
V/AlarmManager( 1655):     => now Batch{445177c8 num=7 start=27019737 end=27020145}
V/AlarmManager( 1655): isAlarmNeedAlign : charging
V/AlarmManager( 1655): isAlarmNeedAlign : charging
V/AlarmManager( 1655): Adding Alarm{455a9ed0 type 3 com.kingroot.master} to Batch{455a9e48 num=2 start=27020832 end=28370832}
V/AlarmManager( 1655):     => now Batch{455a9e48 num=2 start=27028077 end=28370832}
V/AlarmManager( 1655): isAlarmNeedAlign : charging
V/AlarmManager( 1655): Adding Alarm{455aa838 type 0 com.kingroot.kinguser} to Batch{455a9e48 num=3 start=27028077 end=28370832}
V/AlarmManager( 1655):     => now Batch{455a9e48 num=3 start=27034334 end=28112760}
V/AlarmManager( 1655): isAlarmNeedAlign : charging
V/AlarmManager( 1655): Adding Alarm{455ab1c0 type 0 com.kingroot.master} to Batch{455a9e48 num=4 start=27034334 end=28112760}
V/AlarmManager( 1655):     => now Batch{455a9e48 num=4 start=27034337 end=28112760}
V/AlarmManager( 1655): Adding Alarm{455abb28 type 0 android} to Batch{455a9e48 num=5 start=27034337 end=28112760}
V/AlarmManager( 1655):     => now Batch{455a9e48 num=5 start=27034665 end=27034665}
V/AlarmManager( 1655): isAlarmNeedAlign : charging
V/AlarmManager( 1655): Adding Alarm{447ef618 type 1 com.tencent.android.qqdownloader} to Batch{447ef590 num=2 start=28236479 end=28236479}
V/AlarmManager( 1655):     => now Batch{447ef590 num=2 start=28236479 end=28236479}
V/AlarmManager( 1655): isAlarmNeedAlign : charging
V/AlarmManager( 1655): Adding Alarm{447f0020 type 1 com.tencent.android.qqdownloader} to Batch{447ef590 num=3 start=28236479 end=28236479}
V/AlarmManager( 1655):     => now Batch{447ef590 num=3 start=28236479 end=28236479}
V/AlarmManager( 1655): isAlarmNeedAlign : charging
V/AlarmManager( 1655): Adding Alarm{447f0a28 type 1 com.tencent.android.qqdownloader} to Batch{447ef590 num=4 start=28236479 end=28236479}
