I/wifi    (  719): tsf=0000367088948408
I/wifi    (  719): flags=[WPA-PSK-CCMP+TKIP][WPA2-PSK-CCMP+TKIP][ESS]
D/wpa_supplicant(  971): nl80211: if_removed already cleared - ignore event
I/wifi    (  719): ssid=60_dev_01
I/wifi    (  719): ====
I/wifi    (  719): id=480
I/wifi    (  719): bssid=0a:94:23:0f:97:64
I/wifi    (  719): freq=2462
I/wifi    (  719): level=-56
I/wifi    (  719): tsf=0000009911820923
I/wifi    (  719): flags=[WPA2-PSK-CCMP][ESS]
I/wifi    (  719): ssid=APC201701231707
I/wifi    (  719): ====
I/wifi    (  719): id=481
I/wifi    (  719): bssid=70:3a:d8:1e:6d:58
I/wifi    (  719): freq=2462
I/wifi    (  719): level=-57
I/wifi    (  719): tsf=0009340283086448
I/wifi    (  719): flags=[WPA-PSK-CCMP][ESS]
I/wifi    (  719): ssid=jingsifang01
I/wifi    (  719): ====
I/wifi    (  719): id=482
I/wifi    (  719): bssid=b0:48:7a:56:b3:e2
I/wifi    (  719): freq=2437
I/wifi    (  719): level=-57
I/wifi    (  719): tsf=0000002837504384
I/wifi    (  719): flags=[WPA-PSK-CCMP][WPA2-PSK-CCMP][WPS][ESS]
I/wifi    (  719): ssid=TP-LINK_Aries
I/wifi    (  719): ====
I/wifi    (  719): id=483
I/wifi    (  719): bssid=02:1a:11:f2:c7:b9
I/wifi    (  719): freq=2437
I/wifi    (  719): level=-67
I/wifi    (  719): tsf=0000442468003896
I/wifi    (  719): flags=[WPA2-PSK-CCMP][ESS]
I/wifi    (  719): ssid=AndroidAP
I/wifi    (  719): ====
I/wifi    (  719): id=484
I/wifi    (  719): bssid=60:83:34:ac:60:9c
I/wifi    (  719): freq=2462
I/wifi    (  719): level=-66
I/wifi    (  719): tsf=0000226024550993
I/wifi    (  719): flags=[WPA2-PSK-CCMP][WPS][ESS]
I/wifi    (  719): ssid=HUAWEI-VGH5JD
I/wifi    (  719): ====
I/wifi    (  719): id=485
I/wifi    (  719): bssid=ec:6c:9f:4e:d1:08
I/wifi    (  719): freq=2412
I/wifi    (  719): level=-72
I/wifi    (  719): tsf=0006504155028748
I/wifi    (  719): flags=[WPA-PSK-CCMP+TKIP][WPA2-PSK-CCMP+TKIP][ESS]
I/wifi    (  719): ssid=60_office
I/wifi    (  719): ====
I/wifi    (  719): id=486
I/wifi    (  719): bssid=88:25:93:ed:63:2e
I/wifi    (  719): freq=2472
I/wifi    (  719): level=-78
I/wifi    (  719): tsf=0000373102124302
I/wifi    (  719): flags=[WPA-PSK-CCMP][WPA2-PSK-CCMP][ESS]
D/NetworkManagementService(  719): onEvent:600 Iface linkstate wlan0 up:5
I/wifi    (  719): ssid=H-xiaobing-2
I/wifi    (  719): ====
I/wifi    (  719): id=489
I/wifi    (  719): bssid=08:9b:4b:90:f9:1d
I/wifi    (  719): freq=2437
I/wifi    (  719): level=-82
I/wifi    (  719): tsf=0000133189325184
I/wifi    (  719): flags=[WPA-PSK-CCMP][WPA2-PSK-CCMP][ESS]
I/wifi    (  719): ssid=TouchRom
I/wifi    (  719): ====
I/wifi    (  719): id=490
I/wifi    (  719): bssid=64:3a:b1:2d:ff:ca
I/wifi    (  719): freq=2422
I/Tethering(  719): interfaceLinkStateChanged wlan0, true
I/wifi    (  719): level=-78
I/wifi    (  719): tsf=0002443493317754
I/wifi    (  719): flags=[WPA-PSK-CCMP+TKIP][WPA2-PSK-CCMP+TKIP][ESS]
I/wifi    (  719): ssid=ChinaNet-kBur
I/Tethering(  719): interfaceStatusChanged wlan0, true
I/wifi    (  719): ====
I/wifi    (  719): id=491
I/wifi    (  719): bssid=60:83:34:ac:60:9d
I/wifi    (  719): freq=2462
I/wifi    (  719): level=-70
I/wifi    (  719): tsf=0000226014003582
I/wifi    (  719): flags=[ESS]
I/wifi    (  719): ssid=
I/wifi    (  719): ====
I/wifi    (  719): id=492
I/wifi    (  719): bssid=46:1c:a8:22:93:af
I/wifi    (  719): freq=2437
I/wifi    (  719): level=-61
I/wifi    (  719): tsf=0000349427019858
I/wifi    (  719): flags=[WPA2-PSK-CCMP][WPS][ESS][P2P]
I/wifi    (  719): ssid=DIRECT-af-HP M277 LaserJet
I/wifi    (  719): ====
I/wifi    (  719): id=493
I/wifi    (  719): bssid=5a:6b:ad:58:30:b3
I/wifi    (  719): freq=2462
I/wifi    (  719): level=-69
I/wifi    (  719): tsf=0000026245961415
I/wifi    (  719): flags=[WPA2-PSK-CCMP][ESS]
I/wifi    (  719): ssid=WiFi-55
I/wifi    (  719): ====
I/wifi    (  719): id=496
I/wifi    (  719): bssid=8c:21:0a:6f:0f:c6
I/wifi    (  719): freq=2412
I/wifi    (  719): level=-86
I/wifi    (  719): tsf=0000628556185984
I/wifi    (  719): flags=[WPA-PSK-CCMP+TKIP][WPA2-PSK-CCMP+TKIP][WPS][ESS]
I/wifi    (  719): ssid=hrxy
I/wifi    (  719): ====
I/wifi    (  719): id=498
I/wifi    (  719): bssid=f4:83:cd:b6:f9:7e
I/wifi    (  719): freq=2437
I/wifi    (  719): level=-81
I/wifi    (  719): tsf=0000613071258260
I/wifi    (  719): flags=[WPA-PSK-CCMP][WPA2-PSK-CCMP][ESS]
I/wifi    (  719): ssid=huijian-SJ
I/wifi    (  719): ====
I/wifi    (  719): id=500
I/wifi    (  719): bssid=88:25:93:8a:7c:70
I/wifi    (  719): freq=2467
I/wifi    (  719): level=-86
I/wifi    (  719): tsf=0000613100545856
I/wifi    (  719): flags=[WPA-PSK-CCMP][WPA2-PSK-CCMP][ESS]
I/wifi    (  719): ssid=huijian-dn
I/wifi    (  719): ====
I/wifi    (  719): id=502
I/wifi    (  719): bssid=94:77:2b:3f:59:4c
I/wifi    (  719): freq=2442
I/wifi    (  719): level=-76
I/wifi    (  719): tsf=0000013626061466
I/wifi    (  719): flags=[WPA-PSK-CCMP][WPA2-PSK-CCMP][WPS][ESS]
I/wifi    (  719): ssid=H-xiaobing
I/wifi    (  719): ====
I/wifi    (  719): id=505
I/wifi    (  719): bssid=48:7a:da:22:5b:92
I/wifi    (  719): freq=2412
I/wifi    (  719): level=-86
I/wifi    (  719): tsf=0000373028661201
I/wifi    (  719): flags=[ESS]
I/wifi    (  719): ssid=
I/wifi    (  719): ====
I/wifi    (  719): id=508
I/wifi    (  719): bssid=c8:3a:35:2a:72:a1
I/wifi    (  719): freq=2427
I/wifi    (  719): level=-87
I/wifi    (  719): tsf=0000027284635857
I/wifi    (  719): flags=[WPA-PSK-CCMP][WPA2-PSK-CCMP][WPS][ESS]
I/wifi    (  719): ssid=H-xiaobing
I/wifi    (  719): ====
I/wifi    (  719): id=509
I/wifi    (  719): bssid=48:7a:da:22:5b:93
I/wifi    (  719): freq=2412
I/wifi    (  719): level=-84
I/wifi    (  719): tsf=0000373077197174
I/wifi    (  719): flags=[WPA-PSK-CCMP][WPA2-PSK-CCMP][ESS]
I/wifi    (  719): ssid=H3C
I/wifi    (  719): ====
I/wifi    (  719): id=510
I/wifi    (  719): bssid=a0:91:c8:2f:cf:6d
I/wifi    (  719): freq=2442
I/wifi    (  719): level=-87
I/wifi    (  719): tsf=0001747369574809
I/wifi    (  719): flags=[WPA-PSK-CCMP+TKIP][WPA2-PSK-CCMP+TKIP][WPS][ESS]
I/wifi    (  719): ssid=ChinaNet-eUVj
I/wifi    (  719): ####
D/NetworkManagementService(  719): onEvent:600 Iface linkstate wlan0 up:5
I/Tethering(  719): interfaceLinkStateChanged wlan0, true
I/Tethering(  719): interfaceStatusChanged wlan0, true
D/dalvikvm(10602): Trying to load lib libjavacore.so 0x0
V/ActivityManager(  719): Broadcast: Intent { act=android.net.wifi.SCAN_RESULTS flg=0x4000010 (has extras) } ordered=false userid=-1 callerApp=ProcessRecord{41fff248 719:system/1000}
D/dalvikvm(10602): Added shared lib libjavacore.so 0x0
I/WifiNotificationController(  719): checkAndSetNotification, state:CONNECTED
D/dalvikvm(10602): Trying to load lib libnativehelper.so 0x0
D/dalvikvm(10602): Added shared lib libnativehelper.so 0x0
D/dalvikvm(10602): No JNI_OnLoad found in libnativehelper.so 0x0, skipping init
D/dalvikvm(10602): +++ finishing prep on main VM thread
D/dalvikvm(10602): create interp thread : stack size=128KB
D/dalvikvm(10602): create new thread
D/dalvikvm(10602): new thread created
D/dalvikvm(10602): update thread list
D/dalvikvm(10602): threadid=2: interp stack at 0x718c5000
D/dalvikvm(10602): threadid=2: created from interp
D/dalvikvm(10602): threadid=2: adding to list
D/dalvikvm(10602): start new thread
D/dalvikvm(10602): threadid=2: notify debugger
D/dalvikvm(10602): threadid=2 (ReferenceQueueDaemon): calling run()
D/dalvikvm(10602): create interp thread : stack size=128KB
D/dalvikvm(10602): create new thread
D/dalvikvm(10602): new thread created
D/dalvikvm(10602): update thread list
D/dalvikvm(10602): threadid=3: interp stack at 0x719e6000
D/dalvikvm(10602): threadid=3: created from interp
D/dalvikvm(10602): threadid=3: adding to list
D/dalvikvm(10602): start new thread
D/dalvikvm(10602): threadid=3: notify debugger
D/dalvikvm(10602): threadid=3 (FinalizerDaemon): calling run()
D/dalvikvm(10602): create interp thread : stack size=128KB
D/dalvikvm(10602): create new thread
D/dalvikvm(10602): new thread created
D/dalvikvm(10602): update thread list
D/dalvikvm(10602): threadid=4: interp stack at 0x71b07000
D/dalvikvm(10602): threadid=4: created from interp
D/dalvikvm(10602): threadid=4: adding to list
D/dalvikvm(10602): start new thread
D/dalvikvm(10602): threadid=4: notify debugger
D/dalvikvm(10602): threadid=4 (FinalizerWatchdogDaemon): calling run()
D/dalvikvm(10602): threadid=5: interp stack at 0x71d28000
D/dalvikvm(10602): threadid=5: adding to list (attached)
D/dalvikvm(10602): threadid=5: attached from native, name=GC
D/dalvikvm(10602): threadid=5: internal 'GC'
D/dalvikvm(10602): threadid=6: interp stack at 0x71e49000
D/dalvikvm(10602): threadid=6: adding to list (attached)
D/dalvikvm(10602): threadid=6: attached from native, name=Signal Catcher
D/dalvikvm(10602): threadid=6: internal 'Signal Catcher'
D/dalvikvm(10602): Elevating priority from 0 to -8
D/jdwp    (10602): prepping for JDWP over ADB
D/dalvikvm(10602): threadid=7: interp stack at 0x71f6d000
D/dalvikvm(10602): threadid=7: adding to list (attached)
D/dalvikvm(10602): threadid=7: attached from native, name=JDWP
D/dalvikvm(10602): threadid=7: internal 'JDWP'
D/jdwp    (10602): JDWP: thread running
D/dalvikvm(10602): threadid=8: interp stack at 0x7208d000
D/jdwp    (10602): trying to receive file descriptor from ADB
D/dalvikvm(10602): threadid=8: adding to list (attached)
D/dalvikvm(10602): threadid=8: attached from native, name=Compiler
D/ADB_SERVICES(  184): Adding socket 33 pid 10602 to jdwp process list
D/dalvikvm(10602): threadid=8: internal 'Compiler'
D/dalvikvm(10602): threadid=8: SuspendAll starting
D/dalvikvm(10602): threadid=1: self-suspending
E/cutils-trace(10602): Error opening trace file: No such file or directory (2)
D/dalvikvm(10602): threadid=8:   threadid=1 status=9 sc=1 dc=0
D/dalvikvm(10602): threadid=8:   threadid=7 status=8 sc=1 dc=0
D/dalvikvm(10602): threadid=8:   threadid=6 status=8 sc=1 dc=0
D/dalvikvm(10602): threadid=8:   threadid=5 status=8 sc=1 dc=0
D/dalvikvm(10602): threadid=8:   threadid=4 status=4 sc=1 dc=0
D/dalvikvm(10602): threadid=8:   threadid=3 status=4 sc=1 dc=0
D/dalvikvm(10602): threadid=8:   threadid=2 status=4 sc=1 dc=0
D/dalvikvm(10602): threadid=8: SuspendAll complete : 1
D/dalvikvm(10602): threadid=8: ResumeAll starting
D/dalvikvm(10602): threadid=8: ResumeAll waking others
D/dalvikvm(10602): threadid=8: ResumeAll complete
D/dalvikvm(10602): threadid=1: self-reviving, status=1
D/dalvikvm(10602): Note: class Landroid/app/ActivityManagerNative; has 188 unimplemented (abstract) methods
I/ccci_mdinit(1)(  141): wait_property_ready() watiflag:0x1
I/ccci_mdinit(1)(  141): wait_for_property() name:init.svc.mdlogger, desired_value:stopped, waitmsec:0, loop:1
I/ccci_mdinit(1)(  141): wait_for_property() ready for name:init.svc.mdlogger, loop:0
I/ccci_mdinit(1)(  141): wait_property_ready() Succeeded! count:2, waitmsec:2000, loop:17
I/ccci_mdinit(1)(  141): boot_up_state_handler stop service Succeeded!
D/ccci_mdinit(1)(  141): buff.data[0] = 0xFFFFFFFF, data[1] = 0xFAF50006, channel = F0000000, reserved = 0x00000000
D/ccci_mdinit(1)(  141): All up layer ready, begin to reset
I/ccci_mdinit(1)(  141): start_service init.svc.ccci_fsd, current state:stopped, returned:7
I/ccci_mdinit(1)(  141): wait_for_property() name:init.svc.ccci_fsd, desired_value:running, waitmsec:2000, loop:20
I/ccci_mdinit(1)(  141): wait_for_property() ready for name:init.svc.ccci_fsd, loop:19
D/ccci_mdinit(1)(  141): BC queue free space 2
E/ccci_fsd(0)(10629): md_fsd Ver:v2.01, CCCI Ver:2
D/ccci_fsd(1)(10629): /dev/ccci_fs is opend(600).
D/ccci_fsd(1)(10629): Check OTP...
D/ccci_fsd(1)(10629): register signal hadler
E/ccci_fsd(1)(10629): can't catch SIGKILL
D/ccci_mdinit(1)(  141): buff.data[0] = 0xFFFFFFFF, data[1] = 0xFAF50002, channel = F0000000, reserved = 0x00000000
D/ccci_mdinit(1)(  141): modem boot up, set runtime data
D/ccci_mdinit(1)(  141): buff.data[0] = 0xFFFFFFFF, data[1] = 0xFAF50003, channel = F0000000, reserved = 0x00000000
D/ccci_mdinit(1)(  141): CCCI_MD_MSG_EXCEPTION
D/ccci_mdinit(1)(  141): start mdlogger when MD exception early happens at boot_up_state
I/ccci_mdinit(1)(  141): start_service init.svc.mdlogger, current state:stopped, returned:7
I/ccci_mdinit(1)(  141): wait_for_property() name:init.svc.mdlogger, desired_value:running, waitmsec:2000, loop:20
I/ccci_mdinit(1)(  141): wait_for_property() ready for name:init.svc.mdlogger, loop:19
I/MDLOGGER(10630): previous mask value is 077
I/MDLOGGER(10630): Starting MDLogger. Version=W1415.p1 (Aug  5 2014 16:41:09)
I/MDLOGGER(10630): signal ignore
D/MDLOGGER(10630): Normal Mode 0
D/MDLOGGER(10630): Get auto start mode: 600
D/MDLOGGER(10630): Get auto start mode: 0
E/MDLOGGER(10630): mSockListenId ok
D/MDLOGGER(10630): start Mdlogger mode 0
D/MDLOGGER(10630): Normal boot 1
I/MDLOGGER(10630): Need create thread start Logging
D/MDLOGGER(10630): Normal boot 1
D/MDLOGGER(10630): Open servFifoFd FIFO -1
D/MDLOGGER(10630): runListener
D/MDLOGGER(10630): mdlogger socket select start
E/MDLOGGER(10630): select timeout
D/MDLOGGER(10630): mdlogger socket select start
I/MDLOGGER(10630): startLoggingThreadFun start Mdlogging
I/MDLOGGER(10630): g_pLogWriterRegister is 0
I/MDLOGGER(10630): Start MDLogging: Enter idle mode.
I/MDLOGGER(10630): g_pLogWriterRegister is 1
E/memtrack(10602): Couldn't load memtrack module (No such file or directory)
E/android.os.Debug(10602): failed to load memtrack module: -2
D/ccci_mdinit(1)(  141): buff.data[0] = 0xFFFFFFFF, data[1] = 0xFAF5000F, channel = F0000000, reserved = 0x00000000
D/ccci_mdinit(1)(  141): Get notify case: 0
D/ccci_mdinit(1)(  141): buff.data[0] = 0xFFFFFFFF, data[1] = 0xFAF50004, channel = F0000000, reserved = 0x00000000
D/ccci_mdinit(1)(  141): reset modem at boot up state
D/ccci_mdinit(1)(  141): stop mdlogger at boot_up_state
I/ccci_mdinit(1)(  141): wait_property_ready() count:2, waitmsec:2000, loop:20
I/ccci_mdinit(1)(  141): wait_property_ready() watiflag:0x0
I/ccci_mdinit(1)(  141): wait_for_property() name:init.svc.ccci_fsd, desired_value:stopped, waitmsec:0, loop:1
I/ccci_mdinit(1)(  141): wait_for_property() ready for name:init.svc.ccci_fsd, loop:0
I/ccci_mdinit(1)(  141): wait_for_property() name:init.svc.mdlogger, desired_value:stopped, waitmsec:0, loop:1
E/ccci_mdinit(1)(  141): wait_for_property() failed!name:init.svc.mdlogger, desired_value:stopped, waitmsec:0, value:stopping
D/AndroidRuntime(10602): Calling main entry com.android.commands.wm.Wm
D/dalvikvm(10602): threadid=9: interp stack at 0x7256f000
D/dalvikvm(10602): threadid=9: adding to list (attached)
D/dalvikvm(10602): threadid=9: attached from native, name=Binder_1
D/dalvikvm(10602): threadid=10: interp stack at 0x7268f000
D/dalvikvm(10602): threadid=10: adding to list (attached)
D/dalvikvm(10602): threadid=10: attached from native, name=Binder_2
D/AndroidRuntime(10602): Shutting down VM
D/dalvikvm(10602): threadid=1: detach (group=0x41903ce0)
D/dalvikvm(10602): threadid=1: removing from list
D/dalvikvm(10602): threadid=1: bye!
D/dalvikvm(10602): DestroyJavaVM waiting for non-daemon threads to exit
D/dalvikvm(10602): threadid=9: detach (group=0x41903ce0)
D/dalvikvm(10602): threadid=9: removing from list
D/dalvikvm(10602): threadid=9: bye!
D/dalvikvm(10602): threadid=1: interp stack at 0x726c0000
D/dalvikvm(10602): threadid=10: detach (group=0x41903ce0)
D/dalvikvm(10602): threadid=10: removing from list
D/dalvikvm(10602): threadid=1: adding to list (attached)
D/dalvikvm(10602): threadid=10: bye!
D/dalvikvm(10602): threadid=1: attached from native, name=(null)
D/dalvikvm(10602): DestroyJavaVM shutting VM down
D/dalvikvm(10602): VM shutting down
D/dalvikvm(10602): threadid=5: SuspendAll starting
D/dalvikvm(10602): threadid=5:   threadid=8 status=8 sc=1 dc=0
D/dalvikvm(10602): threadid=5:   threadid=1 status=8 sc=1 dc=0
D/dalvikvm(10602): threadid=5:   threadid=7 status=8 sc=1 dc=0
D/dalvikvm(10602): threadid=5:   threadid=6 status=8 sc=1 dc=0
D/dalvikvm(10602): threadid=5:   threadid=4 status=4 sc=1 dc=0
D/dalvikvm(10602): threadid=5:   threadid=3 status=4 sc=1 dc=0
D/dalvikvm(10602): threadid=5:   threadid=2 status=4 sc=1 dc=0
D/dalvikvm(10602): threadid=5: SuspendAll complete : 1
D/dalvikvm(10602): threadid=5: ResumeAll starting
D/dalvikvm(10602): threadid=5: ResumeAll waking others
D/dalvikvm(10602): threadid=5: ResumeAll complete
D/dalvikvm(10602): threadid=5: SuspendAll starting
D/dalvikvm(10602): threadid=5:   threadid=8 status=8 sc=1 dc=0
D/dalvikvm(10602): threadid=5:   threadid=1 status=8 sc=1 dc=0
D/dalvikvm(10602): threadid=5:   threadid=7 status=8 sc=1 dc=0
D/dalvikvm(10602): threadid=5:   threadid=6 status=8 sc=1 dc=0
D/dalvikvm(10602): threadid=5:   threadid=4 status=4 sc=1 dc=0
D/dalvikvm(10602): threadid=5:   threadid=3 status=4 sc=1 dc=0
D/dalvikvm(10602): threadid=5:   threadid=2 status=4 sc=1 dc=0
D/dalvikvm(10602): threadid=5: SuspendAll complete : 1
D/dalvikvm(10602): threadid=5: ResumeAll starting
D/dalvikvm(10602): threadid=5: ResumeAll waking others
D/dalvikvm(10602): threadid=5: ResumeAll complete
D/dalvikvm(10602): GC_CONCURRENT freed 95K (976), 15% free 586K/684K, paused 1ms+0ms, total 6ms
D/dalvikvm(10602): threadid=5: detach (group=0x419039b8)
D/dalvikvm(10602): threadid=5: removing from list
D/dalvikvm(10602): threadid=5: bye!
D/jdwp    (10602): JDWP shutting down net...
D/jdwp    (10602): +++ writing to wakePipe
E/jdwp    (10602): jdwp::setsockopt(SO_SNDTIMEO)
E/jdwp    (10602): jdwp::setsockopt(SO_RCVTIMEO)
D/jdwp    (10602): JDWP: thread exiting
D/dalvikvm(10602): threadid=7: detach (group=0x419039b8)
D/dalvikvm(10602): threadid=7: removing from list
D/dalvikvm(10602): threadid=7: bye!
D/jdwp    (10602): JDWP freeing netstate...
I/dalvikvm(10602): threadid=6: ignore signal 3
D/dalvikvm(10602): threadid=6: detach (group=0x419039b8)
W/ADB_SERVICES(  184): terminating JDWP 10602 connection: Try again
D/ADB_SERVICES(  184): remove pid 10602 to jdwp process list
D/dalvikvm(10602): threadid=6: removing from list
D/dalvikvm(10602): threadid=6: bye!
D/dalvikvm(10602): 120 compilations using 4096 + 13648 bytes
D/dalvikvm(10602): Compiler arena uses 7 blocks (8100 bytes each)
D/dalvikvm(10602): Compiler work queue length is 0/11
D/dalvikvm(10602): JIT: table size is 4096, entries used is 127
D/dalvikvm(10602): JIT: 127 traces, 4096 slots, 3 chains, 40 thresh, Non-blocking
D/dalvikvm(10602): JIT: 71 Translation chains, 7 interp stubs
D/dalvikvm(10602): dalvik.vm.jit.op = 0-2,7,a,c,e-f,11-14,1c-1e,21-23,28,2c,32-39,44,46,48-49,4b,4d,50,52,54-55,59,62,70-71,8e,90,95-96,b0-b1,b5,d5,d8,da,dd,e0-e2,ee,f0-f2,f4-f6,f8,
D/dalvikvm(10602): Code size stats: 0/556 (compiled/total Dalvik), 0 (native)
D/dalvikvm(10602): Compiler thread shutting down
D/dalvikvm(10602): threadid=8: detach (group=0x419039b8)
D/dalvikvm(10602): threadid=8: removing from list
D/dalvikvm(10602): threadid=8: bye!
D/dalvikvm(10602): Compiler thread has shut down
D/dalvikvm(10602): threadid=1: suspending daemon id=4 name='FinalizerWatchdogDaemon'
D/dalvikvm(10602): threadid=1: suspending daemon id=3 name='FinalizerDaemon'
D/dalvikvm(10602): threadid=1: suspending daemon id=2 name='ReferenceQueueDaemon'
I/ccci_mdinit(1)(  141): wait_property_ready() watiflag:0x1
I/ccci_mdinit(1)(  141): wait_for_property() name:init.svc.mdlogger, desired_value:stopped, waitmsec:0, loop:1
I/ccci_mdinit(1)(  141): wait_for_property() ready for name:init.svc.mdlogger, loop:0
I/ccci_mdinit(1)(  141): wait_property_ready() Succeeded! count:2, waitmsec:2000, loop:17
I/ccci_mdinit(1)(  141): boot_up_state_handler stop service Succeeded!
D/ccci_mdinit(1)(  141): buff.data[0] = 0xFFFFFFFF, data[1] = 0xFAF50006, channel = F0000000, reserved = 0x00000000
D/ccci_mdinit(1)(  141): All up layer ready, begin to reset
I/ccci_mdinit(1)(  141): start_service init.svc.ccci_fsd, current state:stopped, returned:7
I/ccci_mdinit(1)(  141): wait_for_property() name:init.svc.ccci_fsd, desired_value:running, waitmsec:2000, loop:20
E/ccci_fsd(0)(10635): md_fsd Ver:v2.01, CCCI Ver:2
D/ccci_fsd(1)(10635): /dev/ccci_fs is opend(600).
D/ccci_fsd(1)(10635): Check OTP...
D/ccci_fsd(1)(10635): register signal hadler
E/ccci_fsd(1)(10635): can't catch SIGKILL
I/ccci_mdinit(1)(  141): wait_for_property() ready for name:init.svc.ccci_fsd, loop:18
D/ccci_mdinit(1)(  141): BC queue free space 1
E/EasyWiFi(24604): EventDispatcher>List Changed
E/EasyWiFi(12953): EventDispatcher>List Changed
E/EasyWiFi(24604): ScanResult: ====================================== 22  [ refreshApList(EasyWiFi:476) <= getWiFiList(EasyWiFi:196) <= refreshList(WifiActivity:187) <= access$400(WifiActivity.java:31) ]
D/WifiStateMachine(  719): ConnectedState{ when=0 what=131131 target=com.android.internal.util.StateMachine$SmHandler target=Handler (com.android.internal.util.StateMachine$SmHandler) {421bb670} }
D/WifiStateMachine(  719): L2ConnectedState{ when=0 what=131131 target=com.android.internal.util.StateMachine$SmHandler target=Handler (com.android.internal.util.StateMachine$SmHandler) {421bb670} }
D/WifiStateMachine(  719): ConnectModeState{ when=0 what=131131 target=com.android.internal.util.StateMachine$SmHandler target=Handler (com.android.internal.util.StateMachine$SmHandler) {421bb670} }
D/ccci_mdinit(1)(  141): buff.data[0] = 0xFFFFFFFF, data[1] = 0xFAF50002, channel = F0000000, reserved = 0x00000000
D/ccci_mdinit(1)(  141): modem boot up, set runtime data
D/ccci_mdinit(1)(  141): buff.data[0] = 0xFFFFFFFF, data[1] = 0xFAF50003, channel = F0000000, reserved = 0x00000000
D/ccci_mdinit(1)(  141): CCCI_MD_MSG_EXCEPTION
D/ccci_mdinit(1)(  141): start mdlogger when MD exception early happens at boot_up_state
I/ccci_mdinit(1)(  141): start_service init.svc.mdlogger, current state:stopped, returned:7
I/ccci_mdinit(1)(  141): wait_for_property() name:init.svc.mdlogger, desired_value:running, waitmsec:2000, loop:20
D/dalvikvm(10602): threadid=1: all daemons have suspended
D/dalvikvm(10602): VM cleaning up
I/MDLOGGER(10636): previous mask value is 077
I/MDLOGGER(10636): Starting MDLogger. Version=W1415.p1 (Aug  5 2014 16:41:09)
I/MDLOGGER(10636): signal ignore
D/MDLOGGER(10636): Normal Mode 0
D/MDLOGGER(10636): Get auto start mode: 600
D/MDLOGGER(10636): Get auto start mode: 0
E/MDLOGGER(10636): mSockListenId ok
D/MDLOGGER(10636): start Mdlogger mode 0
D/MDLOGGER(10636): Normal boot 1
I/MDLOGGER(10636): Need create thread start Logging
D/MDLOGGER(10636): Normal boot 1
D/MDLOGGER(10636): Open servFifoFd FIFO -1
I/MDLOGGER(10636): startLoggingThreadFun start Mdlogging
I/MDLOGGER(10636): g_pLogWriterRegister is 0
I/MDLOGGER(10636): Start MDLogging: Enter idle mode.
I/MDLOGGER(10636): g_pLogWriterRegister is 1
D/MDLOGGER(10636): runListener
D/MDLOGGER(10636): mdlogger socket select start
E/MDLOGGER(10636): select timeout
D/MDLOGGER(10636): mdlogger socket select start
D/ListView(24604): measureHeightOfChildren adapter=com.sixtyplus.nidfit.treadmill.wifimgr.WifiListAdapter@4415f650, startPosition=0, endPosition=18, maxHeight=274, this=android.widget.ListView{420099f0 VFED.VC. ......I. 7,8-504,282 #7f0d008b app:id/wifi_list_lv}
D/dalvikvm(10602): LinearAlloc 0x0 used 1341756 of 16777216 (7%)
D/dalvikvm(10602): -class
D/dalvikvm(10602): -RegisterMap
D/dalvikvm(10602): -Instanceof
D/dalvikvm(10602): -InlineNative
D/dalvikvm(10602): -GC
D/dalvikvm(10602): -AllocTracker
D/dalvikvm(10602): -Native
D/dalvikvm(10602): -InternalNative
D/dalvikvm(10602): -InlineSubsTable
D/dalvikvm(10602): -AssertionCtrl
D/dalvikvm(10602): -QuasiAtomics
D/ADB_SERVICES(  184):  closing because is_eof=1 r=-1 s->fde.force_eof=0
W/ADB_SERVICES(  184): entered. LS(18818) fd=15
W/ADB_SERVICES(  184): create_local_service_socket() name=shell:cat /proc/meminfo
W/ADB_SERVICES(  184): service_to_fd() name=shell:cat /proc/meminfo
W/ADB_SERVICES(  184): read_meminfo() mem_free=280884
W/ADB_SERVICES(  184): create_subprocess() ret_fd=15 pid=10639
W/ADB_SERVICES(  184): LS(18820): bound to 'shell:cat /proc/meminfo' via 15
W/ADB_SERVICES(10639): adb: unable to open /proc/10639/oom_adj
D/ADB_SERVICES(  184):  closing because is_eof=1 r=1 s->fde.force_eof=0
W/ADB_SERVICES(  184): entered. LS(18820) fd=15
D/ListView(24604): mSelectorRect.setEmpty in layoutChildren this=android.widget.ListView{420099f0 VFED.VC. ......ID 7,8-504,282 #7f0d008b app:id/wifi_list_lv}
I/BufferQueue(  151): [com.sixtyplus.nidfit.treadmill.app/com.sixtyplus.nidfit.treadmill.wifimgr.WifiActivity](this:0xb7c037c0,id:3356,api:1,p:24604,c:151) [queue] fps:1.87, dur:8568.33, max:8330.19, min:7.93
I/BufferQueue(  151): [com.sixtyplus.nidfit.treadmill.app/com.sixtyplus.nidfit.treadmill.wifimgr.WifiActivity](this:0xb7c037c0,id:3356,api:1,p:24604,c:151) [release] fps:1.87, dur:8571.46, max:8316.01, min:13.19
I/BufferQueue(  151): [FrameBufferSurface_0](this:0xb7beb150,id:0,api:1,p:151,c:151) [release] fps:1.87, dur:8571.39, max:8315.77, min:13.42
I/BufferQueue(  151): [FrameBufferSurface_0](this:0xb7beb150,id:0,api:1,p:151,c:151) [queue] fps:1.87, dur:8571.67, max:8316.12, min:13.43
I/SurfaceFlinger(  151): [Built-in Screen (type:0)] fps:1.866595,dur:8571.76,max:8316.22,min:13.44
W/ADB_SERVICES(  184): create_local_service_socket() name=shell:cat /system/build.prop
W/ADB_SERVICES(  184): service_to_fd() name=shell:cat /system/build.prop
W/ADB_SERVICES(  184): read_meminfo() mem_free=280940
W/ADB_SERVICES(  184): create_subprocess() ret_fd=15 pid=10640
W/ADB_SERVICES(  184): LS(18821): bound to 'shell:cat /system/build.prop' via 15
W/ADB_SERVICES(10640): adb: unable to open /proc/10640/oom_adj
I/ccci_mdinit(1)(  141): wait_for_property() ready for name:init.svc.mdlogger, loop:18
D/ccci_mdinit(1)(  141): buff.data[0] = 0xFFFFFFFF, data[1] = 0xFAF5000F, channel = F0000000, reserved = 0x00000000
D/ccci_mdinit(1)(  141): Get notify case: 0
D/ADB_SERVICES(  184):  closing because is_eof=1 r=-1 s->fde.force_eof=0
W/ADB_SERVICES(  184): entered. LS(18821) fd=15
D/ccci_mdinit(1)(  141): buff.data[0] = 0xFFFFFFFF, data[1] = 0xFAF50004, channel = F0000000, reserved = 0x00000000
D/ccci_mdinit(1)(  141): reset modem at boot up state
D/ccci_mdinit(1)(  141): stop mdlogger at boot_up_state
I/ccci_mdinit(1)(  141): wait_property_ready() count:2, waitmsec:2000, loop:20
I/ccci_mdinit(1)(  141): wait_property_ready() watiflag:0x0
I/ccci_mdinit(1)(  141): wait_for_property() name:init.svc.ccci_fsd, desired_value:stopped, waitmsec:0, loop:1
E/ccci_mdinit(1)(  141): wait_for_property() failed!name:init.svc.ccci_fsd, desired_value:stopped, waitmsec:0, value:stopping
I/ccci_mdinit(1)(  141): wait_for_property() name:init.svc.mdlogger, desired_value:stopped, waitmsec:0, loop:1
E/ccci_mdinit(1)(  141): wait_for_property() failed!name:init.svc.mdlogger, desired_value:stopped, waitmsec:0, value:stopping
W/ADB_SERVICES(  184): create_local_service_socket() name=shell:cat /proc/cpuinfo
W/ADB_SERVICES(  184): service_to_fd() name=shell:cat /proc/cpuinfo
W/ADB_SERVICES(  184): read_meminfo() mem_free=281064
W/ADB_SERVICES(  184): create_subprocess() ret_fd=15 pid=10641
W/ADB_SERVICES(  184): LS(18822): bound to 'shell:cat /proc/cpuinfo' via 15
W/ADB_SERVICES(10641): adb: unable to open /proc/10641/oom_adj
D/ADB_SERVICES(  184):  closing because is_eof=1 r=1 s->fde.force_eof=0
W/ADB_SERVICES(  184): entered. LS(18822) fd=15
D/wpa_supplicant(  971): nl80211: Event message available
I/Netd    (  146): Get netlink event, ifname: p2p0 action: 4
D/wpa_supplicant(  971): nl80211: Drv Event 34 (NL80211_CMD_NEW_SCAN_RESULTS) received for p2p0
D/wpa_supplicant(  971): p2p0: nl80211: New scan results available
D/SocketClient(  146): SocketClient msg = Iface linkstate p2p0 up
D/wpa_supplicant(  971): p2p0: Event SCAN_RESULTS (3) received
D/SocketClient(  146): SocketClient sendDatalocked done: 600 Iface linkstate p2p0 up
D/wpa_supplicant(  971): nl80211: Received scan results (1 BSSes)
D/wpa_supplicant(  971): nl80211: Survey data missing
D/NetdConnector(  719): RCV <- {600 Iface linkstate p2p0 up}
D/wpa_supplicant(  971): Sorted scan results
D/wpa_supplicant(  971): 46:1c:a8:22:93:af freq=2437 qual=0 noise=0 level=0 flags=0xb age=0
D/wpa_supplicant(  971): IEs - hexdump(len=542): 00 1a 44 49 52 45 43 54 2d 61 66 2d 48 50 20 4d 32 37 37 20 4c 61 73 65 72 4a 65 74 01 08 8c 12 ...
D/wpa_supplicant(  971): Beacon IEs - hexdump(len=384): 00 1a 44 49 52 45 43 54 2d 61 66 2d 48 50 20 4d 32 37 37 20 4c 61 73 65 72 4a 65 74 01 08 8c 12 ...
D/wpa_supplicant(  971): p2p0: BSS: Start scan result update 3578
D/wpa_supplicant(  971): BSS: last_scan_res_used=1/32 last_scan_full=0
D/wpa_supplicant(  971): Add randomness: count=5255 entropy=522
D/wpa_supplicant(  971): random pool - hexdump(len=128): [REMOVED]
D/wpa_supplicant(  971): random_mix_pool - hexdump(len=8): [REMOVED]
D/wpa_supplicant(  971): random_mix_pool - hexdump(len=5): [REMOVED]
D/wpa_supplicant(  971): random pool - hexdump(len=128): [REMOVED]
D/wpa_supplicant(  971): p2p0: New scan results available
D/wpa_supplicant(  971): CTRL_IFACE monitor send - hexdump(len=39): 2f 64 61 74 61 2f 6d 69 73 63 2f 77 69 66 69 2f 73 6f 63 6b 65 74 73 2f 77 70 61 5f 63 74 72 6c ...
D/wpa_supplicant(  971): WPS: attr type=0x104a len=1
D/wpa_supplicant(  971): WPS: attr type=0x1044 len=1
D/wpa_supplicant(  971): WPS: attr type=0x1057 len=1
D/wpa_supplicant(  971): WPS: attr type=0x1041 len=1
D/wpa_supplicant(  971): WPS: attr type=0x103b len=1
D/wpa_supplicant(  971): WPS: attr type=0x1047 len=16
D/wpa_supplicant(  971): WPS: attr type=0x1021 len=2
D/wpa_supplicant(  971): WPS: attr type=0x1023 len=29
D/wpa_supplicant(  971): WPS: attr type=0x1024 len=7
D/wpa_supplicant(  971): WPS: attr type=0x1042 len=11
D/wpa_supplicant(  971): WPS: attr type=0x1054 len=8
D/wpa_supplicant(  971): WPS: attr type=0x1011 len=26
D/wpa_supplicant(  971): WPS: attr type=0x1008 len=2
D/wpa_supplicant(  971): WPS: attr type=0x1049 len=6
D/wpa_supplicant(  971): WPS: WFA subelement id=0 len=1
D/wpa_supplicant(  971): WPS: attr type=0x1049 len=23
D/wpa_supplicant(  971): WPS: Unknown Vendor Extension (Vendor ID 311)
D/wpa_supplicant(  971): WPS: attr type=0x104a len=1
D/wpa_supplicant(  971): WPS: attr type=0x1044 len=1
D/wpa_supplicant(  971): WPS: attr type=0x1057 len=1
D/wpa_supplicant(  971): WPS: attr type=0x1041 len=1
D/wpa_supplicant(  971): WPS: attr type=0x103b len=1
D/wpa_supplicant(  971): WPS: attr type=0x1047 len=16
D/wpa_supplicant(  971): WPS: attr type=0x1021 len=2
D/wpa_supplicant(  971): WPS: attr type=0x1023 len=29
D/wpa_supplicant(  971): WPS: attr type=0x1024 len=7
D/wpa_supplicant(  971): WPS: attr type=0x1042 len=11
D/wpa_supplicant(  971): WPS: attr type=0x1054 len=8
D/wpa_supplicant(  971): WPS: attr type=0x1011 len=26
D/wpa_supplicant(  971): WPS: attr type=0x1008 len=2
D/wpa_supplicant(  971): WPS: attr type=0x1049 len=6
D/wpa_supplicant(  971): WPS: WFA subelement id=0 len=1
D/wpa_supplicant(  971): WPS: attr type=0x1049 len=23
D/wpa_supplicant(  971): WPS: Unknown Vendor Extension (Vendor ID 311)
D/wpa_supplicant(  971): WPS: attr type=0x104a len=1
D/wpa_supplicant(  971): WPS: attr type=0x1044 len=1
D/wpa_supplicant(  971): WPS: attr type=0x1057 len=1
D/wpa_supplicant(  971): WPS: attr type=0x1041 len=1
D/wpa_supplicant(  971): WPS: attr type=0x103b len=1
D/wpa_supplicant(  971): WPS: attr type=0x1047 len=16
D/wpa_supplicant(  971): WPS: attr type=0x1021 len=2
D/wpa_supplicant(  971): WPS: attr type=0x1023 len=29
D/wpa_supplicant(  971): WPS: attr type=0x1024 len=7
D/wpa_supplicant(  971): WPS: attr type=0x1042 len=11
D/wpa_supplicant(  971): WPS: attr type=0x1054 len=8
D/wpa_supplicant(  971): WPS: attr type=0x1011 len=26
D/wpa_supplicant(  971): WPS: attr type=0x1008 len=2
D/wpa_supplicant(  971): WPS: attr type=0x1049 len=6
D/wpa_supplicant(  971): WPS: WFA subelement id=0 len=1
D/wpa_supplicant(  971): WPS: attr type=0x1049 len=23
D/wpa_supplicant(  971): WPS: Unknown Vendor Extension (Vendor ID 311)
D/wpa_supplicant(  971): CTRL_IFACE monitor send - hexdump(len=39): 2f 64 61 74 61 2f 6d 69 73 63 2f 77 69 66 69 2f 73 6f 63 6b 65 74 73 2f 77 70 61 5f 63 74 72 6c ...
D/wpa_supplicant(  971): WPS: attr type=0x104a len=1
D/wpa_supplicant(  971): WPS: attr type=0x1044 len=1
D/wpa_supplicant(  971): WPS: attr type=0x1057 len=1
D/wpa_supplicant(  971): WPS: attr type=0x1041 len=1
D/wpa_supplicant(  971): WPS: attr type=0x103b len=1
D/wpa_supplicant(  971): WPS: attr type=0x1047 len=16
D/wpa_supplicant(  971): WPS: attr type=0x1021 len=2
D/wpa_supplicant(  971): WPS: attr type=0x1023 len=29
D/wpa_supplicant(  971): WPS: attr type=0x1024 len=7
D/wpa_supplicant(  971): WPS: attr type=0x1042 len=11
D/wpa_supplicant(  971): WPS: attr type=0x1054 len=8
D/wpa_supplicant(  971): WPS: attr type=0x1011 len=26
D/wpa_supplicant(  971): WPS: attr type=0x1008 len=2
D/wpa_supplicant(  971): WPS: attr type=0x1049 len=6
D/wpa_supplicant(  971): WPS: WFA subelement id=0 len=1
D/wpa_supplicant(  971): WPS: attr type=0x1049 len=23
D/wpa_supplicant(  971): WPS: Unknown Vendor Extension (Vendor ID 311)
D/wpa_supplicant(  971): WPS: AP[0] 46:1c:a8:22:93:af type=0 tries=0 last_attempt=-1 sec ago blacklist=0
D/wpa_supplicant(  971): WPS: AP[1] 3c:46:d8:7b:ea:0c type=0 tries=0 last_attempt=-1 sec ago blacklist=0
D/wpa_supplicant(  971): p2p0: Selecting BSS from priority group 0
D/wpa_supplicant(  971): p2p0: 0: 46:1c:a8:22:93:af ssid='DIRECT-af-HP M277 LaserJet' wpa_ie_len=0 rsn_ie_len=20 caps=0x511 level=0 wps
D/wpa_supplicant(  971): p2p0:    skip - SSID mismatch
D/wpa_supplicant(  971): p2p0: No suitable network found
D/wpa_supplicant(  971): p2p0: Setting scan request: 5 sec 0 usec
D/wpa_supplicant(  971): p2p0: Checking for other virtual interfaces sharing same radio (phy1) in event_scan_results
D/wpa_supplicant(  971): p2p0: P2P: Station mode scan operation not pending anymore (sta_scan_pending=0 p2p_cb_on_scan_complete=0)
D/NetworkManagementService(  719): onEvent:600 Iface linkstate p2p0 up:5
D/wpa_supplicant(  971): RTM_NEWLINK: operstate=0 ifi_flags=0x11003 ([UP][LOWER_UP])
D/wpa_supplicant(  971): RTM_NEWLINK, IFLA_IFNAME: Interface 'p2p0' added
I/Tethering(  719): interfaceLinkStateChanged p2p0, true
D/wpa_supplicant(  971): nl80211: if_removed already cleared - ignore event
I/Tethering(  719): interfaceStatusChanged p2p0, true
D/[BT3.0+HS]PAL(  172): == chip_reset_fd is set ==
D/[BT3.0+HS]PAL(  172): 
D/[BT3.0+HS]PAL(  172): invalid reply message
D/[BT3.0+HS]PAL(  172): 
D/WifiHW  (  719): [1] get event: IFNAME=p2p0 <3>CTRL-EVENT-SCAN-RESULTS 
D/WifiHW  (  719): [2] get event: IFNAME=p2p0 CTRL-EVENT-SCAN-RESULTS 
D/WifiMonitor(  719): iface p2p0
D/WifiHW  (  719): enter -->wifi_wait_on_socket buflen=2048
D/WifiHW  (  719): enter -->wifi_ctrl_recv
D/WifiHW  (  719): [1] get event: IFNAME=p2p0 <3>WPS-AP-AVAILABLE 
D/WifiHW  (  719): [2] get event: IFNAME=p2p0 WPS-AP-AVAILABLE 
D/WifiMonitor(  719): Event [IFNAME=p2p0 WPS-AP-AVAILABLE ]
D/WifiMonitor(  719): iface p2p0
D/WifiP2pService(  719): InactiveState{ when=0 what=147461 target=com.android.internal.util.StateMachine$SmHandler target=Handler (com.android.internal.util.StateMachine$SmHandler) {421b0e30} }
D/WifiP2pService(  719): P2pEnabledState{ when=0 what=147461 target=com.android.internal.util.StateMachine$SmHandler target=Handler (com.android.internal.util.StateMachine$SmHandler) {421b0e30} }
D/WifiP2pService(  719): DefaultState{ when=-1ms what=147461 target=com.android.internal.util.StateMachine$SmHandler target=Handler (com.android.internal.util.StateMachine$SmHandler) {421b0e30} }
W/WifiMonitor(  719): couldn't identify event type - WPS-AP-AVAILABLE 
D/WifiHW  (  719): enter -->wifi_wait_on_socket buflen=2048
D/WifiHW  (  719): enter -->wifi_ctrl_recv
W/ADB_SERVICES(  184): create_local_service_socket() name=shell:monkey -p com.sixtyplus.nidfit.treadmill.app --throttle 50 --ignore-crashes --ignore-timeouts --monitor-native-crashes -v -v -v 500000
W/ADB_SERVICES(  184): service_to_fd() name=shell:monkey -p com.sixtyplus.nidfit.treadmill.app --throttle 50 --ignore-crashes --ignore-timeouts --monitor-native-crashes -v -v -v 500000
W/ADB_SERVICES(  184): read_meminfo() mem_free=281252
W/ADB_SERVICES(  184): create_subprocess() ret_fd=15 pid=10642
W/ADB_SERVICES(  184): LS(18823): bound to 'shell:monkey -p com.sixtyplus.nidfit.treadmill.app --throttle 50 --ignore-crashes --ignore-timeouts --monitor-native-crashes -v -v -v 500000' via 15
W/ADB_SERVICES(10642): adb: unable to open /proc/10642/oom_adj
W/ADB_SERVICES(  184): create_local_service_socket() name=shell:export ANDROID_LOG_TAGS="" ; exec logcat -d
W/ADB_SERVICES(  184): service_to_fd() name=shell:export ANDROID_LOG_TAGS="" ; exec logcat -d
W/ADB_SERVICES(  184): read_meminfo() mem_free=281196
W/ADB_SERVICES(  184): create_subprocess() ret_fd=33 pid=10643
W/ADB_SERVICES(  184): LS(18824): bound to 'shell:export ANDROID_LOG_TAGS="" ; exec logcat -d' via 33
W/ADB_SERVICES(10643): adb: unable to open /proc/10643/oom_adj
W/ADB_SERVICES(  184): create_local_service_socket() name=shell:cat /data/anr/traces.txt
W/ADB_SERVICES(  184): service_to_fd() name=shell:cat /data/anr/traces.txt
W/ADB_SERVICES(  184): read_meminfo() mem_free=281196
W/ADB_SERVICES(  184): create_subprocess() ret_fd=36 pid=10644
W/ADB_SERVICES(  184): LS(18825): bound to 'shell:cat /data/anr/traces.txt' via 36
W/ADB_SERVICES(10644): adb: unable to open /proc/10644/oom_adj
D/ADB_SERVICES(  184):  closing because is_eof=1 r=-1 s->fde.force_eof=0
W/ADB_SERVICES(  184): entered. LS(18825) fd=36
I/ccci_mdinit(1)(  141): wait_property_ready() watiflag:0x0
I/ccci_mdinit(1)(  141): wait_for_property() name:init.svc.ccci_fsd, desired_value:stopped, waitmsec:0, loop:1
I/ccci_mdinit(1)(  141): wait_for_property() ready for name:init.svc.ccci_fsd, loop:0
I/ccci_mdinit(1)(  141): wait_for_property() name:init.svc.mdlogger, desired_value:stopped, waitmsec:0, loop:1
I/ccci_mdinit(1)(  141): wait_for_property() ready for name:init.svc.mdlogger, loop:0
I/ccci_mdinit(1)(  141): wait_property_ready() Succeeded! count:2, waitmsec:2000, loop:17
I/ccci_mdinit(1)(  141): boot_up_state_handler stop service Succeeded!
D/ccci_mdinit(1)(  141): buff.data[0] = 0xFFFFFFFF, data[1] = 0xFAF50006, channel = F0000000, reserved = 0x00000000
D/ccci_mdinit(1)(  141): All up layer ready, begin to reset
I/ccci_mdinit(1)(  141): start_service init.svc.ccci_fsd, current state:stopped, returned:7
I/ccci_mdinit(1)(  141): wait_for_property() name:init.svc.ccci_fsd, desired_value:running, waitmsec:2000, loop:20
E/ccci_fsd(0)(10645): md_fsd Ver:v2.01, CCCI Ver:2
D/ccci_fsd(1)(10645): /dev/ccci_fs is opend(600).
D/ccci_fsd(1)(10645): Check OTP...
D/ccci_fsd(1)(10645): register signal hadler
E/ccci_fsd(1)(10645): can't catch SIGKILL
I/ccci_mdinit(1)(  141): wait_for_property() ready for name:init.svc.ccci_fsd, loop:18
D/ccci_mdinit(1)(  141): BC queue free space 1
D/ccci_mdinit(1)(  141): buff.data[0] = 0xFFFFFFFF, data[1] = 0xFAF50002, channel = F0000000, reserved = 0x00000000
D/ccci_mdinit(1)(  141): modem boot up, set runtime data
D/ccci_mdinit(1)(  141): buff.data[0] = 0xFFFFFFFF, data[1] = 0xFAF50003, channel = F0000000, reserved = 0x00000000
D/ccci_mdinit(1)(  141): CCCI_MD_MSG_EXCEPTION
D/ccci_mdinit(1)(  141): start mdlogger when MD exception early happens at boot_up_state
I/ccci_mdinit(1)(  141): start_service init.svc.mdlogger, current state:stopped, returned:7
I/ccci_mdinit(1)(  141): wait_for_property() name:init.svc.mdlogger, desired_value:running, waitmsec:2000, loop:20
I/MDLOGGER(10646): previous mask value is 077
I/MDLOGGER(10646): Starting MDLogger. Version=W1415.p1 (Aug  5 2014 16:41:09)
I/MDLOGGER(10646): signal ignore
D/MDLOGGER(10646): Normal Mode 0
D/MDLOGGER(10646): Get auto start mode: 600
D/MDLOGGER(10646): Get auto start mode: 0
E/MDLOGGER(10646): mSockListenId ok
D/MDLOGGER(10646): start Mdlogger mode 0
D/MDLOGGER(10646): Normal boot 1
I/MDLOGGER(10646): Need create thread start Logging
D/MDLOGGER(10646): Normal boot 1
D/MDLOGGER(10646): Open servFifoFd FIFO -1
D/MDLOGGER(10646): runListener
D/MDLOGGER(10646): mdlogger socket select start
E/MDLOGGER(10646): select timeout
D/MDLOGGER(10646): mdlogger socket select start
I/MDLOGGER(10646): startLoggingThreadFun start Mdlogging
I/MDLOGGER(10646): g_pLogWriterRegister is 0
I/MDLOGGER(10646): Start MDLogging: Enter idle mode.
I/MDLOGGER(10646): g_pLogWriterRegister is 1
I/ccci_mdinit(1)(  141): wait_for_property() ready for name:init.svc.mdlogger, loop:18
D/ccci_mdinit(1)(  141): buff.data[0] = 0xFFFFFFFF, data[1] = 0xFAF5000F, channel = F0000000, reserved = 0x00000000
D/ccci_mdinit(1)(  141): Get notify case: 0
D/ccci_mdinit(1)(  141): buff.data[0] = 0xFFFFFFFF, data[1] = 0xFAF50004, channel = F0000000, reserved = 0x00000000
D/ccci_mdinit(1)(  141): reset modem at boot up state
D/ccci_mdinit(1)(  141): stop mdlogger at boot_up_state
I/ccci_mdinit(1)(  141): wait_property_ready() count:2, waitmsec:2000, loop:20
I/ccci_mdinit(1)(  141): wait_property_ready() watiflag:0x0
I/ccci_mdinit(1)(  141): wait_for_property() name:init.svc.ccci_fsd, desired_value:stopped, waitmsec:0, loop:1
I/ccci_mdinit(1)(  141): wait_for_property() ready for name:init.svc.ccci_fsd, loop:0
I/ccci_mdinit(1)(  141): wait_for_property() name:init.svc.mdlogger, desired_value:stopped, waitmsec:0, loop:1
E/ccci_mdinit(1)(  141): wait_for_property() failed!name:init.svc.mdlogger, desired_value:stopped, waitmsec:0, value:stopping
D/SurfaceFlinger(  151): SurfaceFlingerWatchdog:ERROR: open /dev/RT_Monitor failed.
I/ccci_mdinit(1)(  141): wait_property_ready() watiflag:0x1
I/ccci_mdinit(1)(  141): wait_for_property() name:init.svc.mdlogger, desired_value:stopped, waitmsec:0, loop:1
I/ccci_mdinit(1)(  141): wait_for_property() ready for name:init.svc.mdlogger, loop:0
I/ccci_mdinit(1)(  141): wait_property_ready() Succeeded! count:2, waitmsec:2000, loop:17
I/ccci_mdinit(1)(  141): boot_up_state_handler stop service Succeeded!
D/ccci_mdinit(1)(  141): buff.data[0] = 0xFFFFFFFF, data[1] = 0xFAF50006, channel = F0000000, reserved = 0x00000000
D/ccci_mdinit(1)(  141): All up layer ready, begin to reset
I/ccci_mdinit(1)(  141): start_service init.svc.ccci_fsd, current state:stopped, returned:7
I/ccci_mdinit(1)(  141): wait_for_property() name:init.svc.ccci_fsd, desired_value:running, waitmsec:2000, loop:20
E/ccci_fsd(0)(10649): md_fsd Ver:v2.01, CCCI Ver:2
D/ccci_fsd(1)(10649): /dev/ccci_fs is opend(600).
D/ccci_fsd(1)(10649): Check OTP...
D/ccci_fsd(1)(10649): register signal hadler
E/ccci_fsd(1)(10649): can't catch SIGKILL
I/ccci_mdinit(1)(  141): wait_for_property() ready for name:init.svc.ccci_fsd, loop:18
D/ccci_mdinit(1)(  141): BC queue free space 7
D/AndroidRuntime(10642): 
D/AndroidRuntime(10642): >>>>>> AndroidRuntime START com.android.internal.os.RuntimeInit <<<<<<
D/AndroidRuntime(10642): CheckJNI is OFF
D/AndroidRuntime(10642): language=-Duser.language=zh region=-Duser.region=CN
D/dalvikvm(10642): boot class : 
D/dalvikvm(10642):   (0) core.jar
D/dalvikvm(10642):   (1) conscrypt.jar
D/dalvikvm(10642):   (2) okhttp.jar
D/dalvikvm(10642):   (3) core-junit.jar
D/dalvikvm(10642):   (4) bouncycastle.jar
D/dalvikvm(10642):   (5) ext.jar
D/dalvikvm(10642):   (6) framework.jar
D/dalvikvm(10642):   (7) framework2.jar
D/dalvikvm(10642):   (8) telephony-common.jar
D/dalvikvm(10642):   (9) voip-common.jar
D/dalvikvm(10642):   (10) mms-common.jar
D/dalvikvm(10642):   (11) android.policy.jar
D/dalvikvm(10642):   (12) services.jar
D/dalvikvm(10642):   (13) apache-xml.jar
D/dalvikvm(10642):   (14) webviewchromium.jar
D/dalvikvm(10642):   (15) mediatek-common.jar
D/dalvikvm(10642):   (16) mediatek-framework.jar
D/dalvikvm(10642):   (17) CustomProperties.jar
D/dalvikvm(10642):   (18) mediatek-telephony-common.jar
D/dalvikvm(10642):   (19) mediatek-tablet.jar
D/dalvikvm(10642):   (20) am.jar
D/dalvikvm(10642): threadid=1: interp stack at 0x6d774000
D/dalvikvm(10642): Trying to load lib libjavacore.so 0x0
D/ccci_mdinit(1)(  141): buff.data[0] = 0xFFFFFFFF, data[1] = 0xFAF50002, channel = F0000000, reserved = 0x00000000
D/ccci_mdinit(1)(  141): modem boot up, set runtime data
D/ccci_mdinit(1)(  141): buff.data[0] = 0xFFFFFFFF, data[1] = 0xFAF50003, channel = F0000000, reserved = 0x00000000
D/ccci_mdinit(1)(  141): CCCI_MD_MSG_EXCEPTION
D/ccci_mdinit(1)(  141): start mdlogger when MD exception early happens at boot_up_state
I/ccci_mdinit(1)(  141): start_service init.svc.mdlogger, current state:stopped, returned:7
I/ccci_mdinit(1)(  141): wait_for_property() name:init.svc.mdlogger, desired_value:running, waitmsec:2000, loop:20
D/dalvikvm(10642): Added shared lib libjavacore.so 0x0
D/dalvikvm(10642): Trying to load lib libnativehelper.so 0x0
D/dalvikvm(10642): Added shared lib libnativehelper.so 0x0
D/dalvikvm(10642): No JNI_OnLoad found in libnativehelper.so 0x0, skipping init
D/dalvikvm(10642): +++ finishing prep on main VM thread
I/MDLOGGER(10650): previous mask value is 077
I/MDLOGGER(10650): Starting MDLogger. Version=W1415.p1 (Aug  5 2014 16:41:09)
I/MDLOGGER(10650): signal ignore
D/MDLOGGER(10650): Normal Mode 0
D/MDLOGGER(10650): Get auto start mode: 600
D/MDLOGGER(10650): Get auto start mode: 0
E/MDLOGGER(10650): mSockListenId ok
D/MDLOGGER(10650): start Mdlogger mode 0
D/MDLOGGER(10650): Normal boot 1
I/MDLOGGER(10650): Need create thread start Logging
D/MDLOGGER(10650): Normal boot 1
D/MDLOGGER(10650): Open servFifoFd FIFO -1
D/MDLOGGER(10650): runListener
D/MDLOGGER(10650): mdlogger socket select start
E/MDLOGGER(10650): select timeout
I/MDLOGGER(10650): startLoggingThreadFun start Mdlogging
D/MDLOGGER(10650): mdlogger socket select start
I/MDLOGGER(10650): g_pLogWriterRegister is 0
I/MDLOGGER(10650): Start MDLogging: Enter idle mode.
I/MDLOGGER(10650): g_pLogWriterRegister is 1
D/dalvikvm(10642): create interp thread : stack size=128KB
D/dalvikvm(10642): create new thread
D/dalvikvm(10642): new thread created
D/dalvikvm(10642): update thread list
D/dalvikvm(10642): threadid=2: interp stack at 0x718c0000
D/dalvikvm(10642): threadid=2: created from interp
D/dalvikvm(10642): threadid=2: adding to list
D/dalvikvm(10642): start new thread
D/dalvikvm(10642): create interp thread : stack size=128KB
D/dalvikvm(10642): create new thread
D/dalvikvm(10642): new thread created
D/dalvikvm(10642): update thread list
D/dalvikvm(10642): threadid=2: notify debugger
D/dalvikvm(10642): threadid=2 (ReferenceQueueDaemon): calling run()
D/dalvikvm(10642): threadid=3: interp stack at 0x719e0000
D/dalvikvm(10642): threadid=3: created from interp
D/dalvikvm(10642): threadid=3: adding to list
D/dalvikvm(10642): start new thread
D/dalvikvm(10642): create interp thread : stack size=128KB
D/dalvikvm(10642): create new thread
D/dalvikvm(10642): new thread created
D/dalvikvm(10642): update thread list
D/dalvikvm(10642): threadid=3: notify debugger
D/dalvikvm(10642): threadid=3 (FinalizerDaemon): calling run()
D/dalvikvm(10642): threadid=4: interp stack at 0x71b00000
D/dalvikvm(10642): threadid=4: created from interp
D/dalvikvm(10642): threadid=4: adding to list
D/dalvikvm(10642): start new thread
D/dalvikvm(10642): threadid=4: notify debugger
D/dalvikvm(10642): threadid=4 (FinalizerWatchdogDaemon): calling run()
D/dalvikvm(10642): threadid=5: interp stack at 0x71d20000
D/dalvikvm(10642): threadid=5: adding to list (attached)
D/dalvikvm(10642): threadid=5: attached from native, name=GC
D/dalvikvm(10642): threadid=5: internal 'GC'
D/dalvikvm(10642): threadid=6: interp stack at 0x71e40000
D/dalvikvm(10642): threadid=6: adding to list (attached)
D/dalvikvm(10642): threadid=6: attached from native, name=Signal Catcher
D/jdwp    (10642): prepping for JDWP over ADB
D/ADB_SERVICES(  184): adb fdevent_process list (21) (16) (5) (33) (15) (36) 
D/dalvikvm(10642): threadid=6: internal 'Signal Catcher'
D/dalvikvm(10642): Elevating priority from 0 to -8
D/dalvikvm(10642): threadid=7: interp stack at 0x71f60000
D/dalvikvm(10642): threadid=7: adding to list (attached)
D/dalvikvm(10642): threadid=7: attached from native, name=JDWP
D/dalvikvm(10642): threadid=7: internal 'JDWP'
D/jdwp    (10642): JDWP: thread running
D/jdwp    (10642): trying to receive file descriptor from ADB
D/ADB_SERVICES(  184): Adding socket 36 pid 10642 to jdwp process list
D/dalvikvm(10642): threadid=8: interp stack at 0x72080000
D/dalvikvm(10642): threadid=8: adding to list (attached)
D/dalvikvm(10642): threadid=8: attached from native, name=Compiler
D/dalvikvm(10642): threadid=8: internal 'Compiler'
D/dalvikvm(10642): threadid=8: SuspendAll starting
D/dalvikvm(10642): threadid=1: self-suspending
D/dalvikvm(10642): threadid=8:   threadid=1 status=9 sc=1 dc=0
D/dalvikvm(10642): threadid=8:   threadid=7 status=8 sc=1 dc=0
D/dalvikvm(10642): threadid=8:   threadid=6 status=8 sc=1 dc=0
D/dalvikvm(10642): threadid=8:   threadid=5 status=8 sc=1 dc=0
D/dalvikvm(10642): threadid=8:   threadid=4 status=4 sc=1 dc=0
D/dalvikvm(10642): threadid=8:   threadid=3 status=4 sc=1 dc=0
D/dalvikvm(10642): threadid=8:   threadid=2 status=4 sc=1 dc=0
D/dalvikvm(10642): threadid=8: SuspendAll complete : 1
D/dalvikvm(10642): threadid=8: ResumeAll starting
E/cutils-trace(10642): Error opening trace file: No such file or directory (2)
D/dalvikvm(10642): threadid=8: ResumeAll waking others
D/dalvikvm(10642): threadid=8: ResumeAll complete
