E/ccci_fsd(0)(10594): md_fsd Ver:v2.01, CCCI Ver:2
D/ccci_fsd(1)(10594): /dev/ccci_fs is opend(600).
D/ccci_fsd(1)(10594): Check OTP...
D/ccci_fsd(1)(10594): register signal hadler
E/ccci_fsd(1)(10594): can't catch SIGKILL
D/ccci_mdinit(1)(  141): buff.data[0] = 0xFFFFFFFF, data[1] = 0xFAF50002, channel = F0000000, reserved = 0x00000000
D/ccci_mdinit(1)(  141): modem boot up, set runtime data
D/ccci_mdinit(1)(  141): buff.data[0] = 0xFFFFFFFF, data[1] = 0xFAF50003, channel = F0000000, reserved = 0x00000000
D/ccci_mdinit(1)(  141): CCCI_MD_MSG_EXCEPTION
D/ccci_mdinit(1)(  141): start mdlogger when MD exception early happens at boot_up_state
I/ccci_mdinit(1)(  141): start_service init.svc.mdlogger, current state:stopped, returned:7
I/ccci_mdinit(1)(  141): wait_for_property() name:init.svc.mdlogger, desired_value:running, waitmsec:2000, loop:20
I/ccci_mdinit(1)(  141): wait_for_property() ready for name:init.svc.mdlogger, loop:19
I/MDLOGGER(10595): previous mask value is 077
I/MDLOGGER(10595): Starting MDLogger. Version=W1415.p1 (Aug  5 2014 16:41:09)
I/MDLOGGER(10595): signal ignore
D/MDLOGGER(10595): Normal Mode 0
D/MDLOGGER(10595): Get auto start mode: 600
D/MDLOGGER(10595): Get auto start mode: 0
E/MDLOGGER(10595): mSockListenId ok
D/MDLOGGER(10595): start Mdlogger mode 0
D/MDLOGGER(10595): Normal boot 1
I/MDLOGGER(10595): Need create thread start Logging
D/MDLOGGER(10595): Normal boot 1
D/MDLOGGER(10595): Open servFifoFd FIFO -1
I/MDLOGGER(10595): startLoggingThreadFun start Mdlogging
I/MDLOGGER(10595): g_pLogWriterRegister is 0
I/MDLOGGER(10595): Start MDLogging: Enter idle mode.
I/MDLOGGER(10595): g_pLogWriterRegister is 1
D/MDLOGGER(10595): runListener
D/MDLOGGER(10595): mdlogger socket select start
E/MDLOGGER(10595): select timeout
D/MDLOGGER(10595): mdlogger socket select start
E/EasyWiFi(24604): ScanTimer > startScan()
D/WifiStateMachine(  719): ConnectedState{ when=0 what=131143 arg1=10048 target=com.android.internal.util.StateMachine$SmHandler target=Handler (com.android.internal.util.StateMachine$SmHandler) {421bb670} }
D/WifiStateMachine(  719): L2ConnectedState{ when=0 what=131143 arg1=10048 target=com.android.internal.util.StateMachine$SmHandler target=Handler (com.android.internal.util.StateMachine$SmHandler) {421bb670} }
D/wifi    (  719): doBooleanCommand IFNAME=wlan0 SCAN TYPE=ONLY
D/WifiHW  (  719): enter -->wifi_send_command cmd=IFNAME=wlan0 SCAN TYPE=ONLY
D/wpa_supplicant(  971): RX ctrl_iface - hexdump(len=14): 53 43 41 4e 20 54 59 50 45 3d 4f 4e 4c 59
D/wpa_supplicant(  971): wlan0: Control interface command 'SCAN TYPE=ONLY'
D/wpa_supplicant(  971): wlan0: Setting scan request: 0 sec 0 usec
D/wpa_supplicant(  971): Scan SSID - hexdump(len=9): 55 4d 5f 50 55 42 4c 49 43
D/wpa_supplicant(  971): wlan0: Starting AP scan for specific SSID: UM_PUBLIC
D/wpa_supplicant(  971): WPS: Building WPS IE for Probe Request
D/wpa_supplicant(  971): WPS:  * Version (hardcoded 0x10)
D/wpa_supplicant(  971): WPS:  * Request Type
D/wpa_supplicant(  971): WPS:  * Config Methods (4288)
D/wpa_supplicant(  971): WPS:  * UUID-E
D/wpa_supplicant(  971): WPS:  * Primary Device Type
D/wpa_supplicant(  971): WPS:  * RF Bands (1)
D/wpa_supplicant(  971): WPS:  * Association State
D/wpa_supplicant(  971): WPS:  * Configuration Error (0)
D/wpa_supplicant(  971): WPS:  * Device Password ID (0)
D/wpa_supplicant(  971): WPS:  * Manufacturer
D/wpa_supplicant(  971): WPS:  * Model Name
D/wpa_supplicant(  971): WPS:  * Model Number
D/wpa_supplicant(  971): WPS:  * Device Name
D/wpa_supplicant(  971): WPS:  * Version2 (0x20)
D/wpa_supplicant(  971): P2P: * P2P IE header
D/wpa_supplicant(  971): P2P: * Capability dev=25 group=00
D/wpa_supplicant(  971): P2P: * Listen Channel: Regulatory Class 81 Channel 1
D/wpa_supplicant(  971): wlan0: nl80211: scan request
D/wpa_supplicant(  971): nl80211: Scan SSID - hexdump(len=9): 55 4d 5f 50 55 42 4c 49 43
D/wpa_supplicant(  971): nl80211: Scan extra IEs - hexdump(len=144): dd 7b 00 50 f2 04 10 4a 00 01 10 10 3a 00 01 00 10 08 00 02 42 88 10 47 00 10 ff f5 ef c9 8b bb ...
D/wpa_supplicant(  971): Scan requested (ret=0) - scan timeout 30 seconds
D/wpa_supplicant(  971): nl80211: Event message available
D/wpa_supplicant(  971): nl80211: Drv Event 33 (NL80211_CMD_TRIGGER_SCAN) received for wlan0
D/wpa_supplicant(  971): wlan0: nl80211: Scan trigger
D/[BT3.0+HS]PAL(  172): == chip_reset_fd is set ==
D/[BT3.0+HS]PAL(  172): 
D/[BT3.0+HS]PAL(  172): invalid reply message
D/[BT3.0+HS]PAL(  172): 
D/WifiHW  (  719): leave --> reply=OK
D/WifiHW  (  719): 
D/ccci_mdinit(1)(  141): buff.data[0] = 0xFFFFFFFF, data[1] = 0xFAF5000F, channel = F0000000, reserved = 0x00000000
D/ccci_mdinit(1)(  141): Get notify case: 0
D/ccci_mdinit(1)(  141): buff.data[0] = 0xFFFFFFFF, data[1] = 0xFAF50004, channel = F0000000, reserved = 0x00000000
D/ccci_mdinit(1)(  141): reset modem at boot up state
D/ccci_mdinit(1)(  141): stop mdlogger at boot_up_state
I/ccci_mdinit(1)(  141): wait_property_ready() count:2, waitmsec:2000, loop:20
I/ccci_mdinit(1)(  141): wait_property_ready() watiflag:0x0
I/ccci_mdinit(1)(  141): wait_for_property() name:init.svc.ccci_fsd, desired_value:stopped, waitmsec:0, loop:1
I/ccci_mdinit(1)(  141): wait_for_property() ready for name:init.svc.ccci_fsd, loop:0
I/ccci_mdinit(1)(  141): wait_for_property() name:init.svc.mdlogger, desired_value:stopped, waitmsec:0, loop:1
E/ccci_mdinit(1)(  141): wait_for_property() failed!name:init.svc.mdlogger, desired_value:stopped, waitmsec:0, value:stopping
I/ccci_mdinit(1)(  141): wait_property_ready() watiflag:0x1
I/ccci_mdinit(1)(  141): wait_for_property() name:init.svc.mdlogger, desired_value:stopped, waitmsec:0, loop:1
I/ccci_mdinit(1)(  141): wait_for_property() ready for name:init.svc.mdlogger, loop:0
I/ccci_mdinit(1)(  141): wait_property_ready() Succeeded! count:2, waitmsec:2000, loop:17
I/ccci_mdinit(1)(  141): boot_up_state_handler stop service Succeeded!
D/ccci_mdinit(1)(  141): buff.data[0] = 0xFFFFFFFF, data[1] = 0xFAF50006, channel = F0000000, reserved = 0x00000000
D/ccci_mdinit(1)(  141): All up layer ready, begin to reset
I/ccci_mdinit(1)(  141): start_service init.svc.ccci_fsd, current state:stopped, returned:7
I/ccci_mdinit(1)(  141): wait_for_property() name:init.svc.ccci_fsd, desired_value:running, waitmsec:2000, loop:20
I/ccci_mdinit(1)(  141): wait_for_property() ready for name:init.svc.ccci_fsd, loop:19
D/ccci_mdinit(1)(  141): BC queue free space 5
E/ccci_fsd(0)(10598): md_fsd Ver:v2.01, CCCI Ver:2
D/ccci_fsd(1)(10598): /dev/ccci_fs is opend(600).
D/ccci_fsd(1)(10598): Check OTP...
D/ccci_fsd(1)(10598): register signal hadler
E/ccci_fsd(1)(10598): can't catch SIGKILL
D/ccci_mdinit(1)(  141): buff.data[0] = 0xFFFFFFFF, data[1] = 0xFAF50002, channel = F0000000, reserved = 0x00000000
D/ccci_mdinit(1)(  141): modem boot up, set runtime data
D/ccci_mdinit(1)(  141): buff.data[0] = 0xFFFFFFFF, data[1] = 0xFAF50003, channel = F0000000, reserved = 0x00000000
D/ccci_mdinit(1)(  141): CCCI_MD_MSG_EXCEPTION
D/ccci_mdinit(1)(  141): start mdlogger when MD exception early happens at boot_up_state
I/ccci_mdinit(1)(  141): start_service init.svc.mdlogger, current state:stopped, returned:7
I/ccci_mdinit(1)(  141): wait_for_property() name:init.svc.mdlogger, desired_value:running, waitmsec:2000, loop:20
I/ccci_mdinit(1)(  141): wait_for_property() ready for name:init.svc.mdlogger, loop:19
I/MDLOGGER(10599): previous mask value is 077
I/MDLOGGER(10599): Starting MDLogger. Version=W1415.p1 (Aug  5 2014 16:41:09)
I/MDLOGGER(10599): signal ignore
D/MDLOGGER(10599): Normal Mode 0
D/MDLOGGER(10599): Get auto start mode: 600
D/MDLOGGER(10599): Get auto start mode: 0
E/MDLOGGER(10599): mSockListenId ok
D/MDLOGGER(10599): start Mdlogger mode 0
D/MDLOGGER(10599): Normal boot 1
I/MDLOGGER(10599): Need create thread start Logging
D/MDLOGGER(10599): Normal boot 1
D/MDLOGGER(10599): Open servFifoFd FIFO -1
I/MDLOGGER(10599): startLoggingThreadFun start Mdlogging
I/MDLOGGER(10599): g_pLogWriterRegister is 0
I/MDLOGGER(10599): Start MDLogging: Enter idle mode.
I/MDLOGGER(10599): g_pLogWriterRegister is 1
D/MDLOGGER(10599): runListener
D/MDLOGGER(10599): mdlogger socket select start
E/MDLOGGER(10599): select timeout
D/MDLOGGER(10599): mdlogger socket select start
W/ADB_SERVICES(  184): create_local_service_socket() name=shell:wm size
W/ADB_SERVICES(  184): service_to_fd() name=shell:wm size
W/ADB_SERVICES(  184): read_meminfo() mem_free=282384
W/ADB_SERVICES(  184): create_subprocess() ret_fd=15 pid=10602
W/ADB_SERVICES(  184): LS(18818): bound to 'shell:wm size' via 15
D/ADB_SERVICES(  184): adb local_socket_ready list (15) 
D/WifiStateMachine(  719): ConnectedState{ when=-2ms what=131155 arg1=28 target=com.android.internal.util.StateMachine$SmHandler target=Handler (com.android.internal.util.StateMachine$SmHandler) {421bb670} }
D/WifiStateMachine(  719): L2ConnectedState{ when=-2ms what=131155 arg1=28 target=com.android.internal.util.StateMachine$SmHandler target=Handler (com.android.internal.util.StateMachine$SmHandler) {421bb670} }
D/WifiHW  (  719): enter -->wifi_send_command cmd=IFNAME=wlan0 SIGNAL_POLL
D/wpa_supplicant(  971): RX ctrl_iface - hexdump(len=11): 53 49 47 4e 41 4c 5f 50 4f 4c 4c
D/wpa_supplicant(  971): wlan0: Control interface command 'SIGNAL_POLL'
D/wpa_supplicant(  971): nl80211: survey data missing!
D/WifiHW  (  719): leave --> reply=RSSI=-71
D/WifiHW  (  719): LINKSPEED=58
D/WifiHW  (  719): NOISE=9999
D/WifiHW  (  719): FREQUENCY=2412
D/WifiHW  (  719): 
D/wifi    (  719): doStringCommand, buf IFNAME=wlan0 SIGNAL_POLL
I/WifiStateMachine(  719): fetchRssiAndLinkSpeedNative, newRssi:-71, newLinkSpeed:58, SSID:"60_office"
W/ADB_SERVICES(10602): adb: unable to open /proc/10602/oom_adj
W/ADB_SERVICES(  184): create_local_service_socket() name=shell:
W/ADB_SERVICES(  184): service_to_fd() name=shell:
W/ADB_SERVICES(  184): read_meminfo() mem_free=282344
W/ADB_SERVICES(  184): create_subprocess() ret_fd=16 pid=10603
W/ADB_SERVICES(  184): LS(18819): bound to 'shell:' via 16
W/ADB_SERVICES(10603): adb: unable to open /proc/10603/oom_adj
D/ccci_mdinit(1)(  141): buff.data[0] = 0xFFFFFFFF, data[1] = 0xFAF5000F, channel = F0000000, reserved = 0x00000000
D/ccci_mdinit(1)(  141): Get notify case: 0
D/ccci_mdinit(1)(  141): buff.data[0] = 0xFFFFFFFF, data[1] = 0xFAF50004, channel = F0000000, reserved = 0x00000000
D/ccci_mdinit(1)(  141): reset modem at boot up state
D/ccci_mdinit(1)(  141): stop mdlogger at boot_up_state
I/ccci_mdinit(1)(  141): wait_property_ready() count:2, waitmsec:2000, loop:20
I/ccci_mdinit(1)(  141): wait_property_ready() watiflag:0x0
I/ccci_mdinit(1)(  141): wait_for_property() name:init.svc.ccci_fsd, desired_value:stopped, waitmsec:0, loop:1
I/ccci_mdinit(1)(  141): wait_for_property() ready for name:init.svc.ccci_fsd, loop:0
I/ccci_mdinit(1)(  141): wait_for_property() name:init.svc.mdlogger, desired_value:stopped, waitmsec:0, loop:1
I/ccci_mdinit(1)(  141): wait_for_property() ready for name:init.svc.mdlogger, loop:0
I/ccci_mdinit(1)(  141): wait_property_ready() Succeeded! count:2, waitmsec:2000, loop:18
I/ccci_mdinit(1)(  141): boot_up_state_handler stop service Succeeded!
D/ccci_mdinit(1)(  141): buff.data[0] = 0xFFFFFFFF, data[1] = 0xFAF50006, channel = F0000000, reserved = 0x00000000
D/ccci_mdinit(1)(  141): All up layer ready, begin to reset
I/ccci_mdinit(1)(  141): start_service init.svc.ccci_fsd, current state:stopped, returned:7
I/ccci_mdinit(1)(  141): wait_for_property() name:init.svc.ccci_fsd, desired_value:running, waitmsec:2000, loop:20
I/ccci_mdinit(1)(  141): wait_for_property() ready for name:init.svc.ccci_fsd, loop:19
D/ccci_mdinit(1)(  141): BC queue free space 4
W/ProcessCpuTracker(  719): Skipping unknown process pid 10605
W/ProcessCpuTracker(  719): Skipping unknown process pid 10606
W/BatteryStatsImpl(  719): Couldn't get kernel wake lock stats
D/ADB_SERVICES(  184): adb socket read list (15) (16) 
D/ADB_SERVICES(  184): read_data=34
D/ADB_SERVICES(  184): max_read_time=0.000068 max_send_time=0.000062 
E/ccci_fsd(0)(10607): md_fsd Ver:v2.01, CCCI Ver:2
D/ccci_fsd(1)(10607): /dev/ccci_fs is opend(600).
D/ccci_fsd(1)(10607): Check OTP...
D/ccci_fsd(1)(10607): register signal hadler
E/ccci_fsd(1)(10607): can't catch SIGKILL
D/ccci_mdinit(1)(  141): buff.data[0] = 0xFFFFFFFF, data[1] = 0xFAF50002, channel = F0000000, reserved = 0x00000000
D/ccci_mdinit(1)(  141): modem boot up, set runtime data
D/ccci_mdinit(1)(  141): buff.data[0] = 0xFFFFFFFF, data[1] = 0xFAF50003, channel = F0000000, reserved = 0x00000000
D/ccci_mdinit(1)(  141): CCCI_MD_MSG_EXCEPTION
D/ccci_mdinit(1)(  141): start mdlogger when MD exception early happens at boot_up_state
I/ccci_mdinit(1)(  141): start_service init.svc.mdlogger, current state:stopped, returned:7
I/ccci_mdinit(1)(  141): wait_for_property() name:init.svc.mdlogger, desired_value:running, waitmsec:2000, loop:20
I/ccci_mdinit(1)(  141): wait_for_property() ready for name:init.svc.mdlogger, loop:19
D/dalvikvm(  719): create interp thread : stack size=128KB
I/MDLOGGER(10609): previous mask value is 077
I/MDLOGGER(10609): Starting MDLogger. Version=W1415.p1 (Aug  5 2014 16:41:09)
I/MDLOGGER(10609): signal ignore
D/dalvikvm(  719): create new thread
D/dalvikvm(  719): new thread created
D/dalvikvm(  719): update thread list
D/dalvikvm(  719): threadid=76: interp stack at 0x7b444000
D/dalvikvm(  719): threadid=76: created from interp
D/dalvikvm(  719): threadid=76: adding to list
D/dalvikvm(  719): start new thread
D/dalvikvm(  719): threadid=76: notify debugger
D/dalvikvm(  719): threadid=76 (BatteryStats-Write): calling run()
D/MDLOGGER(10609): Normal Mode 0
D/MDLOGGER(10609): Get auto start mode: 600
D/MDLOGGER(10609): Get auto start mode: 0
E/MDLOGGER(10609): mSockListenId ok
D/MDLOGGER(10609): start Mdlogger mode 0
D/MDLOGGER(10609): Normal boot 1
I/MDLOGGER(10609): Need create thread start Logging
D/MDLOGGER(10609): Normal boot 1
D/MDLOGGER(10609): Open servFifoFd FIFO -1
I/MDLOGGER(10609): startLoggingThreadFun start Mdlogging
I/MDLOGGER(10609): g_pLogWriterRegister is 0
I/MDLOGGER(10609): Start MDLogging: Enter idle mode.
I/MDLOGGER(10609): g_pLogWriterRegister is 1
D/MDLOGGER(10609): runListener
D/MDLOGGER(10609): mdlogger socket select start
E/MDLOGGER(10609): select timeout
D/MDLOGGER(10609): mdlogger socket select start
D/dalvikvm(  719): threadid=76: exiting
D/dalvikvm(  719): threadid=76: detach (group=0x41863ce0)
D/dalvikvm(  719): threadid=76: removing from list
D/dalvikvm(  719): threadid=76: bye!
D/ccci_mdinit(1)(  141): buff.data[0] = 0xFFFFFFFF, data[1] = 0xFAF5000F, channel = F0000000, reserved = 0x00000000
D/ccci_mdinit(1)(  141): Get notify case: 0
D/ccci_mdinit(1)(  141): buff.data[0] = 0xFFFFFFFF, data[1] = 0xFAF50004, channel = F0000000, reserved = 0x00000000
D/ccci_mdinit(1)(  141): reset modem at boot up state
D/ccci_mdinit(1)(  141): stop mdlogger at boot_up_state
I/ccci_mdinit(1)(  141): wait_property_ready() count:2, waitmsec:2000, loop:20
I/ccci_mdinit(1)(  141): wait_property_ready() watiflag:0x0
I/ccci_mdinit(1)(  141): wait_for_property() name:init.svc.ccci_fsd, desired_value:stopped, waitmsec:0, loop:1
I/ccci_mdinit(1)(  141): wait_for_property() ready for name:init.svc.ccci_fsd, loop:0
I/ccci_mdinit(1)(  141): wait_for_property() name:init.svc.mdlogger, desired_value:stopped, waitmsec:0, loop:1
I/ccci_mdinit(1)(  141): wait_for_property() ready for name:init.svc.mdlogger, loop:0
I/ccci_mdinit(1)(  141): wait_property_ready() Succeeded! count:2, waitmsec:2000, loop:18
I/ccci_mdinit(1)(  141): boot_up_state_handler stop service Succeeded!
D/ccci_mdinit(1)(  141): buff.data[0] = 0xFFFFFFFF, data[1] = 0xFAF50006, channel = F0000000, reserved = 0x00000000
D/ccci_mdinit(1)(  141): All up layer ready, begin to reset
I/ccci_mdinit(1)(  141): start_service init.svc.ccci_fsd, current state:stopped, returned:7
I/ccci_mdinit(1)(  141): wait_for_property() name:init.svc.ccci_fsd, desired_value:running, waitmsec:2000, loop:20
I/ccci_mdinit(1)(  141): wait_for_property() ready for name:init.svc.ccci_fsd, loop:19
D/ccci_mdinit(1)(  141): BC queue free space 3
E/ccci_fsd(0)(10613): md_fsd Ver:v2.01, CCCI Ver:2
D/ccci_fsd(1)(10613): /dev/ccci_fs is opend(600).
D/ccci_fsd(1)(10613): Check OTP...
D/ccci_fsd(1)(10613): register signal hadler
E/ccci_fsd(1)(10613): can't catch SIGKILL
D/ccci_mdinit(1)(  141): buff.data[0] = 0xFFFFFFFF, data[1] = 0xFAF50002, channel = F0000000, reserved = 0x00000000
D/ccci_mdinit(1)(  141): modem boot up, set runtime data
D/ccci_mdinit(1)(  141): buff.data[0] = 0xFFFFFFFF, data[1] = 0xFAF50003, channel = F0000000, reserved = 0x00000000
D/ccci_mdinit(1)(  141): CCCI_MD_MSG_EXCEPTION
D/ccci_mdinit(1)(  141): start mdlogger when MD exception early happens at boot_up_state
I/ccci_mdinit(1)(  141): start_service init.svc.mdlogger, current state:stopped, returned:7
I/ccci_mdinit(1)(  141): wait_for_property() name:init.svc.mdlogger, desired_value:running, waitmsec:2000, loop:20
I/ccci_mdinit(1)(  141): wait_for_property() ready for name:init.svc.mdlogger, loop:19
D/wpa_supplicant(  971): p2p0: Starting AP scan for wildcard SSID
D/wpa_supplicant(  971): WPS: Building WPS IE for Probe Request
D/wpa_supplicant(  971): WPS:  * Version (hardcoded 0x10)
D/wpa_supplicant(  971): WPS:  * Request Type
D/wpa_supplicant(  971): WPS:  * Config Methods (4388)
D/wpa_supplicant(  971): WPS:  * UUID-E
D/wpa_supplicant(  971): WPS:  * Primary Device Type
D/wpa_supplicant(  971): WPS:  * RF Bands (1)
D/wpa_supplicant(  971): WPS:  * Association State
D/wpa_supplicant(  971): WPS:  * Configuration Error (0)
D/wpa_supplicant(  971): WPS:  * Device Password ID (0)
D/wpa_supplicant(  971): WPS:  * Manufacturer
D/wpa_supplicant(  971): WPS:  * Model Name
D/wpa_supplicant(  971): WPS:  * Model Number
D/wpa_supplicant(  971): WPS:  * Device Name
D/wpa_supplicant(  971): WPS:  * Version2 (0x20)
D/wpa_supplicant(  971): P2P: * P2P IE header
D/wpa_supplicant(  971): P2P: * Capability dev=25 group=00
D/wpa_supplicant(  971): P2P: * Listen Channel: Regulatory Class 81 Channel 1
D/wpa_supplicant(  971): p2p0: nl80211: scan request
D/wpa_supplicant(  971): nl80211: Scan SSID - hexdump(len=0): [NULL]
D/wpa_supplicant(  971): nl80211: Scan extra IEs - hexdump(len=168): dd 93 00 50 f2 04 10 4a 00 01 10 10 3a 00 01 00 10 08 00 02 43 88 10 47 00 10 ff f5 ef c9 8b bb ...
D/wpa_supplicant(  971): Scan requested (ret=0) - scan timeout 30 seconds
D/wpa_supplicant(  971): nl80211: Event message available
D/wpa_supplicant(  971): nl80211: Drv Event 33 (NL80211_CMD_TRIGGER_SCAN) received for p2p0
D/wpa_supplicant(  971): p2p0: nl80211: Scan trigger
D/[BT3.0+HS]PAL(  172): == chip_reset_fd is set ==
D/[BT3.0+HS]PAL(  172): 
D/[BT3.0+HS]PAL(  172): invalid reply message
D/[BT3.0+HS]PAL(  172): 
I/MDLOGGER(10614): previous mask value is 077
I/MDLOGGER(10614): Starting MDLogger. Version=W1415.p1 (Aug  5 2014 16:41:09)
I/MDLOGGER(10614): signal ignore
D/MDLOGGER(10614): Normal Mode 0
D/MDLOGGER(10614): Get auto start mode: 600
D/MDLOGGER(10614): Get auto start mode: 0
E/MDLOGGER(10614): mSockListenId ok
D/MDLOGGER(10614): start Mdlogger mode 0
D/MDLOGGER(10614): Normal boot 1
I/MDLOGGER(10614): Need create thread start Logging
D/MDLOGGER(10614): Normal boot 1
D/MDLOGGER(10614): Open servFifoFd FIFO -1
I/MDLOGGER(10614): startLoggingThreadFun start Mdlogging
I/MDLOGGER(10614): g_pLogWriterRegister is 0
I/MDLOGGER(10614): Start MDLogging: Enter idle mode.
I/MDLOGGER(10614): g_pLogWriterRegister is 1
D/MDLOGGER(10614): runListener
D/MDLOGGER(10614): mdlogger socket select start
E/MDLOGGER(10614): select timeout
D/MDLOGGER(10614): mdlogger socket select start
D/ccci_mdinit(1)(  141): buff.data[0] = 0xFFFFFFFF, data[1] = 0xFAF5000F, channel = F0000000, reserved = 0x00000000
D/ccci_mdinit(1)(  141): Get notify case: 0
D/AndroidRuntime(10602): 
D/AndroidRuntime(10602): >>>>>> AndroidRuntime START com.android.internal.os.RuntimeInit <<<<<<
D/AndroidRuntime(10602): CheckJNI is OFF
D/AndroidRuntime(10602): language=-Duser.language=zh region=-Duser.region=CN
D/dalvikvm(10602): boot class : 
D/dalvikvm(10602):   (0) core.jar
D/dalvikvm(10602):   (1) conscrypt.jar
D/dalvikvm(10602):   (2) okhttp.jar
D/dalvikvm(10602):   (3) core-junit.jar
D/dalvikvm(10602):   (4) bouncycastle.jar
D/dalvikvm(10602):   (5) ext.jar
D/dalvikvm(10602):   (6) framework.jar
D/dalvikvm(10602):   (7) framework2.jar
D/dalvikvm(10602):   (8) telephony-common.jar
D/dalvikvm(10602):   (9) voip-common.jar
D/dalvikvm(10602):   (10) mms-common.jar
D/dalvikvm(10602):   (11) android.policy.jar
D/dalvikvm(10602):   (12) services.jar
D/dalvikvm(10602):   (13) apache-xml.jar
D/dalvikvm(10602):   (14) webviewchromium.jar
D/dalvikvm(10602):   (15) mediatek-common.jar
D/dalvikvm(10602):   (16) mediatek-framework.jar
D/dalvikvm(10602):   (17) CustomProperties.jar
D/dalvikvm(10602):   (18) mediatek-telephony-common.jar
D/dalvikvm(10602):   (19) mediatek-tablet.jar
D/dalvikvm(10602):   (20) am.jar
D/dalvikvm(10602): threadid=1: interp stack at 0x6d7a3000
D/ccci_mdinit(1)(  141): buff.data[0] = 0xFFFFFFFF, data[1] = 0xFAF50004, channel = F0000000, reserved = 0x00000000
D/ccci_mdinit(1)(  141): reset modem at boot up state
D/ccci_mdinit(1)(  141): stop mdlogger at boot_up_state
I/ccci_mdinit(1)(  141): wait_property_ready() count:2, waitmsec:2000, loop:20
I/ccci_mdinit(1)(  141): wait_property_ready() watiflag:0x0
I/ccci_mdinit(1)(  141): wait_for_property() name:init.svc.ccci_fsd, desired_value:stopped, waitmsec:0, loop:1
I/ccci_mdinit(1)(  141): wait_for_property() ready for name:init.svc.ccci_fsd, loop:0
I/ccci_mdinit(1)(  141): wait_for_property() name:init.svc.mdlogger, desired_value:stopped, waitmsec:0, loop:1
E/ccci_mdinit(1)(  141): wait_for_property() failed!name:init.svc.mdlogger, desired_value:stopped, waitmsec:0, value:stopping
D/wpa_supplicant(  971): nl80211: Event message available
D/wpa_supplicant(  971): nl80211: Drv Event 34 (NL80211_CMD_NEW_SCAN_RESULTS) received for wlan0
D/wpa_supplicant(  971): wlan0: nl80211: New scan results available
D/wpa_supplicant(  971): wlan0: Event SCAN_RESULTS (3) received
D/wpa_supplicant(  971): nl80211: Associated on 2412 MHz
D/wpa_supplicant(  971): nl80211: Associated with ec:6c:9f:4e:d1:08
D/wpa_supplicant(  971): nl80211: Received scan results (13 BSSes)
D/wpa_supplicant(  971): nl80211: Survey data missing
D/wpa_supplicant(  971): nl80211: Scan results indicate BSS status with ec:6c:9f:4e:d1:08 as associated
D/wpa_supplicant(  971): Sorted scan results
D/wpa_supplicant(  971): ec:6c:9f:4c:df:d9 freq=2412 qual=0 noise=0 level=-41 flags=0xb age=0
D/wpa_supplicant(  971): IEs - hexdump(len=243): 00 09 36 30 5f 64 65 76 5f 30 31 01 08 82 84 8b 96 0c 12 18 24 03 01 01 2a 01 00 32 04 30 48 60 ...
D/wpa_supplicant(  971): Beacon IEs - hexdump(len=253): 00 09 36 30 5f 64 65 76 5f 30 31 01 08 82 84 8b 96 0c 12 18 24 03 01 01 05 08 00 01 01 40 00 00 ...
D/wpa_supplicant(  971): 8c:a6:df:b1:29:c7 freq=2462 qual=0 noise=0 level=-41 flags=0xb age=0
D/wpa_supplicant(  971): IEs - hexdump(len=203): 00 0a 36 30 5f 74 65 73 74 5f 30 31 01 08 82 84 8b 96 0c 12 18 24 03 01 0b 2a 01 00 32 04 30 48 ...
D/wpa_supplicant(  971): Beacon IEs - hexdump(len=209): 00 0a 36 30 5f 74 65 73 74 5f 30 31 01 08 82 84 8b 96 0c 12 18 24 03 01 0b 05 04 00 01 00 00 2a ...
D/wpa_supplicant(  971): 0a:94:23:0f:97:64 freq=2462 qual=0 noise=0 level=-56 flags=0xb age=0
D/wpa_supplicant(  971): IEs - hexdump(len=237): 00 0f 41 50 43 32 30 31 37 30 31 32 33 31 37 30 37 01 08 82 84 8b 96 0c 12 18 24 03 01 0b 07 06 ...
D/wpa_supplicant(  971): Beacon IEs - hexdump(len=243): 00 0f 41 50 43 32 30 31 37 30 31 32 33 31 37 30 37 01 08 82 84 8b 96 0c 12 18 24 03 01 0b 05 04 ...
D/wpa_supplicant(  971): b0:48:7a:56:b3:e2 freq=2437 qual=0 noise=0 level=-57 flags=0xb age=0
D/wpa_supplicant(  971): IEs - hexdump(len=363): 00 0d 54 50 2d 4c 49 4e 4b 5f 41 72 69 65 73 01 08 82 84 8b 96 0c 12 18 24 03 01 06 07 06 55 53 ...
D/wpa_supplicant(  971): Beacon IEs - hexdump(len=202): 00 0d 54 50 2d 4c 49 4e 4b 5f 41 72 69 65 73 01 08 82 84 8b 96 0c 12 18 24 03 01 06 05 04 00 01 ...
D/wpa_supplicant(  971): 70:3a:d8:1e:6d:58 freq=2462 qual=0 noise=0 level=-57 flags=0xb age=0
D/wpa_supplicant(  971): IEs - hexdump(len=165): 00 0c 6a 69 6e 67 73 69 66 61 6e 67 30 31 01 08 82 84 8b 96 12 24 48 6c 03 01 0b 2a 01 00 32 04 ...
D/wpa_supplicant(  971): Beacon IEs - hexdump(len=190): 00 0c 6a 69 6e 67 73 69 66 61 6e 67 30 31 01 08 82 84 8b 96 12 24 48 6c 03 01 0b 32 04 0c 18 30 ...
D/wpa_supplicant(  971): 46:1c:a8:22:93:af freq=2437 qual=0 noise=0 level=-61 flags=0xb age=0
D/wpa_supplicant(  971): IEs - hexdump(len=542): 00 1a 44 49 52 45 43 54 2d 61 66 2d 48 50 20 4d 32 37 37 20 4c 61 73 65 72 4a 65 74 01 08 8c 12 ...
D/wpa_supplicant(  971): Beacon IEs - hexdump(len=384): 00 1a 44 49 52 45 43 54 2d 61 66 2d 48 50 20 4d 32 37 37 20 4c 61 73 65 72 4a 65 74 01 08 8c 12 ...
D/wpa_supplicant(  971): 60:83:34:ac:60:9c freq=2462 qual=0 noise=0 level=-66 flags=0xb age=0
D/wpa_supplicant(  971): IEs - hexdump(len=308): 00 0d 48 55 41 57 45 49 2d 56 47 48 35 4a 44 01 08 82 84 8b 96 0c 12 18 24 03 01 0b 2a 01 00 32 ...
D/wpa_supplicant(  971): Beacon IEs - hexdump(len=292): 00 0d 48 55 41 57 45 49 2d 56 47 48 35 4a 44 01 08 82 84 8b 96 0c 12 18 24 03 01 0b 05 04 00 01 ...
D/wpa_supplicant(  971): 02:1a:11:f2:c7:b9 freq=2437 qual=0 noise=0 level=-67 flags=0xb age=0
D/wpa_supplicant(  971): IEs - hexdump(len=169): 00 09 41 6e 64 72 6f 69 64 41 50 01 08 82 84 8b 96 24 30 48 6c 03 01 06 07 06 43 4e 20 01 0d 14 ...
D/wpa_supplicant(  971): Beacon IEs - hexdump(len=175): 00 09 41 6e 64 72 6f 69 64 41 50 01 08 82 84 8b 96 24 30 48 6c 03 01 06 05 04 01 02 00 00 07 06 ...
D/wpa_supplicant(  971): 5a:6b:ad:58:30:b3 freq=2462 qual=0 noise=0 level=-69 flags=0xb age=0
D/wpa_supplicant(  971): IEs - hexdump(len=248): 00 13 57 69 46 69 e5 85 b1 e4 ba ab e5 a4 a7 e5 b8 88 2d 35 35 01 08 82 84 8b 96 0c 12 18 24 03 ...
D/wpa_supplicant(  971): Beacon IEs - hexdump(len=254): 00 13 57 69 46 69 e5 85 b1 e4 ba ab e5 a4 a7 e5 b8 88 2d 35 35 01 08 82 84 8b 96 0c 12 18 24 03 ...
D/wpa_supplicant(  971): ec:6c:9f:4e:d1:08 freq=2412 qual=0 noise=0 level=-72 flags=0x2b age=0
D/wpa_supplicant(  971): IEs - hexdump(len=243): 00 09 36 30 5f 6f 66 66 69 63 65 01 08 82 84 8b 96 0c 12 18 24 03 01 01 2a 01 00 32 04 30 48 60 ...
D/wpa_supplicant(  971): Beacon IEs - hexdump(len=249): 00 09 36 30 5f 6f 66 66 69 63 65 01 08 82 84 8b 96 0c 12 18 24 03 01 01 05 04 00 01 00 00 2a 01 ...
D/wpa_supplicant(  971): 64:3a:b1:2d:ff:ca freq=2422 qual=0 noise=0 level=-78 flags=0xb age=0
D/wpa_supplicant(  971): IEs - hexdump(len=200): 00 0d 43 68 69 6e 61 4e 65 74 2d 6b 42 75 72 01 08 82 84 8b 96 24 30 48 6c 03 01 03 2a 01 00 2f ...
D/wpa_supplicant(  971): Beacon IEs - hexdump(len=206): 00 0d 43 68 69 6e 61 4e 65 74 2d 6b 42 75 72 01 08 82 84 8b 96 24 30 48 6c 03 01 03 05 04 00 01 ...
D/wpa_supplicant(  971): f4:83:cd:b6:f9:7e freq=2437 qual=0 noise=0 level=-81 flags=0xb age=0
D/wpa_supplicant(  971): IEs - hexdump(len=185): 00 0a 68 75 69 6a 69 61 6e 2d 53 4a 01 08 82 84 8b 96 0c 12 18 24 03 01 06 05 04 00 01 00 00 2a ...
D/wpa_supplicant(  971): 8c:21:0a:6f:0f:c6 freq=2412 qual=0 noise=0 level=-86 flags=0xb age=0
D/wpa_supplicant(  971): IEs - hexdump(len=361): 00 04 68 72 78 79 01 08 82 84 8b 96 0c 12 18 24 03 01 01 07 06 55 53 20 01 0d 14 2a 01 00 30 18 ...
D/wpa_supplicant(  971): Beacon IEs - hexdump(len=204): 00 04 68 72 78 79 01 08 82 84 8b 96 0c 12 18 24 03 01 01 05 04 00 01 00 00 07 06 55 53 20 01 0d ...
D/wpa_supplicant(  971): wlan0: BSS: Start scan result update 393
D/wpa_supplicant(  971): BSS: last_scan_res_used=13/32 last_scan_full=0
D/wpa_supplicant(  971): Add randomness: count=5245 entropy=512
D/wpa_supplicant(  971): random pool - hexdump(len=128): [REMOVED]
D/wpa_supplicant(  971): random_mix_pool - hexdump(len=8): [REMOVED]
D/wpa_supplicant(  971): random_mix_pool - hexdump(len=5): [REMOVED]
D/wpa_supplicant(  971): random pool - hexdump(len=128): [REMOVED]
D/wpa_supplicant(  971): Add randomness: count=5246 entropy=513
D/wpa_supplicant(  971): random pool - hexdump(len=128): [REMOVED]
D/wpa_supplicant(  971): random_mix_pool - hexdump(len=8): [REMOVED]
D/wpa_supplicant(  971): random_mix_pool - hexdump(len=5): [REMOVED]
D/wpa_supplicant(  971): random pool - hexdump(len=128): [REMOVED]
D/wpa_supplicant(  971): Add randomness: count=5247 entropy=514
D/wpa_supplicant(  971): random pool - hexdump(len=128): [REMOVED]
D/wpa_supplicant(  971): random_mix_pool - hexdump(len=8): [REMOVED]
D/wpa_supplicant(  971): random_mix_pool - hexdump(len=5): [REMOVED]
D/wpa_supplicant(  971): random pool - hexdump(len=128): [REMOVED]
D/wpa_supplicant(  971): Add randomness: count=5248 entropy=515
D/wpa_supplicant(  971): random pool - hexdump(len=128): [REMOVED]
D/wpa_supplicant(  971): random_mix_pool - hexdump(len=8): [REMOVED]
D/wpa_supplicant(  971): random_mix_pool - hexdump(len=5): [REMOVED]
D/wpa_supplicant(  971): random pool - hexdump(len=128): [REMOVED]
D/wpa_supplicant(  971): Add randomness: count=5249 entropy=516
D/wpa_supplicant(  971): random pool - hexdump(len=128): [REMOVED]
D/wpa_supplicant(  971): random_mix_pool - hexdump(len=8): [REMOVED]
D/wpa_supplicant(  971): random_mix_pool - hexdump(len=5): [REMOVED]
D/wpa_supplicant(  971): random pool - hexdump(len=128): [REMOVED]
D/wpa_supplicant(  971): Add randomness: count=5250 entropy=517
D/wpa_supplicant(  971): random pool - hexdump(len=128): [REMOVED]
D/wpa_supplicant(  971): random_mix_pool - hexdump(len=8): [REMOVED]
D/wpa_supplicant(  971): random_mix_pool - hexdump(len=5): [REMOVED]
D/wpa_supplicant(  971): random pool - hexdump(len=128): [REMOVED]
D/wpa_supplicant(  971): Add randomness: count=5251 entropy=518
D/wpa_supplicant(  971): random pool - hexdump(len=128): [REMOVED]
D/wpa_supplicant(  971): random_mix_pool - hexdump(len=8): [REMOVED]
D/wpa_supplicant(  971): random_mix_pool - hexdump(len=5): [REMOVED]
D/wpa_supplicant(  971): random pool - hexdump(len=128): [REMOVED]
D/wpa_supplicant(  971): Add randomness: count=5252 entropy=519
D/wpa_supplicant(  971): random pool - hexdump(len=128): [REMOVED]
D/wpa_supplicant(  971): random_mix_pool - hexdump(len=8): [REMOVED]
D/wpa_supplicant(  971): random_mix_pool - hexdump(len=5): [REMOVED]
D/wpa_supplicant(  971): random pool - hexdump(len=128): [REMOVED]
D/wpa_supplicant(  971): Add randomness: count=5253 entropy=520
D/wpa_supplicant(  971): random pool - hexdump(len=128): [REMOVED]
D/wpa_supplicant(  971): random_mix_pool - hexdump(len=8): [REMOVED]
D/wpa_supplicant(  971): random_mix_pool - hexdump(len=5): [REMOVED]
D/wpa_supplicant(  971): random pool - hexdump(len=128): [REMOVED]
D/wpa_supplicant(  971): Add randomness: count=5254 entropy=521
D/wpa_supplicant(  971): random pool - hexdump(len=128): [REMOVED]
D/wpa_supplicant(  971): random_mix_pool - hexdump(len=8): [REMOVED]
D/wpa_supplicant(  971): random_mix_pool - hexdump(len=5): [REMOVED]
D/wpa_supplicant(  971): random pool - hexdump(len=128): [REMOVED]
D/wpa_supplicant(  971): wlan0: Scan-only results received
D/wpa_supplicant(  971): CTRL_IFACE monitor send - hexdump(len=39): 2f 64 61 74 61 2f 6d 69 73 63 2f 77 69 66 69 2f 73 6f 63 6b 65 74 73 2f 77 70 61 5f 63 74 72 6c ...
D/wpa_supplicant(  971): wlan0: P2P: Station mode scan operation not pending anymore (sta_scan_pending=0 p2p_cb_on_scan_complete=0)
D/WifiHW  (  719): [1] get event: IFNAME=wlan0 <3>CTRL-EVENT-SCAN-RESULTS 
D/WifiHW  (  719): [2] get event: IFNAME=wlan0 CTRL-EVENT-SCAN-RESULTS 
D/[BT3.0+HS]PAL(  172): == chip_reset_fd is set ==
D/[BT3.0+HS]PAL(  172): 
D/[BT3.0+HS]PAL(  172): invalid reply message
D/[BT3.0+HS]PAL(  172): 
I/Netd    (  146): Get netlink event, ifname: wlan0 action: 4
D/WifiMonitor(  719): iface wlan0
D/SocketClient(  146): SocketClient msg = Iface linkstate wlan0 up
D/SocketClient(  146): SocketClient sendDatalocked done: 600 Iface linkstate wlan0 up
D/WifiHW  (  719): enter -->wifi_wait_on_socket buflen=2048
D/WifiHW  (  719): enter -->wifi_ctrl_recv
I/Netd    (  146): Get netlink event, ifname: wlan0 action: 4
D/SocketClient(  146): SocketClient msg = Iface linkstate wlan0 up
D/SocketClient(  146): SocketClient sendDatalocked done: 600 Iface linkstate wlan0 up
D/NetdConnector(  719): RCV <- {600 Iface linkstate wlan0 up}
D/WifiStateMachine(  719): ConnectedState{ when=0 what=147461 target=com.android.internal.util.StateMachine$SmHandler target=Handler (com.android.internal.util.StateMachine$SmHandler) {421bb670} }
D/WifiStateMachine(  719): L2ConnectedState{ when=0 what=147461 target=com.android.internal.util.StateMachine$SmHandler target=Handler (com.android.internal.util.StateMachine$SmHandler) {421bb670} }
D/WifiStateMachine(  719): ConnectModeState{ when=0 what=147461 target=com.android.internal.util.StateMachine$SmHandler target=Handler (com.android.internal.util.StateMachine$SmHandler) {421bb670} }
D/WifiStateMachine(  719): DriverStartedState{ when=0 what=147461 target=com.android.internal.util.StateMachine$SmHandler target=Handler (com.android.internal.util.StateMachine$SmHandler) {421bb670} }
D/WifiStateMachine(  719): SupplicantStartedState{ when=0 what=147461 target=com.android.internal.util.StateMachine$SmHandler target=Handler (com.android.internal.util.StateMachine$SmHandler) {421bb670} }
D/WifiHW  (  719): enter -->wifi_send_command cmd=IFNAME=wlan0 BSS RANGE=0- MASK=0x21987
D/wpa_supplicant(  971): RX ctrl_iface - hexdump(len=25): 42 53 53 20 52 41 4e 47 45 3d 30 2d 20 4d 41 53 4b 3d 30 78 32 31 39 38 37
D/wpa_supplicant(  971): wlan0: Control interface command 'BSS RANGE=0- MASK=0x21987'
D/wpa_supplicant(  971): WPS: attr type=0x104a len=1
D/wpa_supplicant(  971): WPS: attr type=0x1044 len=1
D/wpa_supplicant(  971): WPS: attr type=0x103b len=1
D/wpa_supplicant(  971): WPS: attr type=0x1047 len=16
D/wpa_supplicant(  971): WPS: attr type=0x1021 len=7
D/wpa_supplicant(  971): WPS: attr type=0x1023 len=9
D/wpa_supplicant(  971): WPS: attr type=0x1024 len=3
D/wpa_supplicant(  971): WPS: attr type=0x1042 len=3
D/wpa_supplicant(  971): WPS: attr type=0x1054 len=8
D/wpa_supplicant(  971): WPS: attr type=0x1011 len=25
D/wpa_supplicant(  971): WPS: attr type=0x1008 len=2
D/wpa_supplicant(  971): WPS: attr type=0x103c len=1
D/wpa_supplicant(  971): WPS: attr type=0x104a len=1
D/wpa_supplicant(  971): WPS: attr type=0x1044 len=1
D/wpa_supplicant(  971): WPS: attr type=0x103b len=1
D/wpa_supplicant(  971): WPS: attr type=0x1047 len=16
D/wpa_supplicant(  971): WPS: attr type=0x1021 len=7
D/wpa_supplicant(  971): WPS: attr type=0x1023 len=9
D/wpa_supplicant(  971): WPS: attr type=0x1024 len=3
D/wpa_supplicant(  971): WPS: attr type=0x1042 len=3
D/wpa_supplicant(  971): WPS: attr type=0x1054 len=8
D/wpa_supplicant(  971): WPS: attr type=0x1011 len=25
D/wpa_supplicant(  971): WPS: attr type=0x1008 len=2
D/wpa_supplicant(  971): WPS: attr type=0x103c len=1
D/wpa_supplicant(  971): WPS: attr type=0x104a len=1
D/wpa_supplicant(  971): WPS: attr type=0x1044 len=1
D/wpa_supplicant(  971): WPS: attr type=0x103b len=1
D/wpa_supplicant(  971): WPS: attr type=0x1047 len=16
D/wpa_supplicant(  971): WPS: attr type=0x1021 len=7
D/wpa_supplicant(  971): WPS: attr type=0x1023 len=9
D/wpa_supplicant(  971): WPS: attr type=0x1024 len=3
D/wpa_supplicant(  971): WPS: attr type=0x1042 len=3
D/wpa_supplicant(  971): WPS: attr type=0x1054 len=8
D/NetdConnector(  719): RCV <- {600 Iface linkstate wlan0 up}
D/wpa_supplicant(  971): WPS: attr type=0x1011 len=25
D/wpa_supplicant(  971): WPS: attr type=0x1008 len=2
D/wpa_supplicant(  971): WPS: attr type=0x103c len=1
D/wpa_supplicant(  971): WPS: attr type=0x104a len=1
D/wpa_supplicant(  971): WPS: attr type=0x1044 len=1
D/wpa_supplicant(  971): WPS: attr type=0x103b len=1
D/wpa_supplicant(  971): WPS: attr type=0x1047 len=16
D/wpa_supplicant(  971): WPS: attr type=0x1021 len=6
D/wpa_supplicant(  971): WPS: attr type=0x1023 len=4
D/wpa_supplicant(  971): WPS: attr type=0x1024 len=7
D/wpa_supplicant(  971): WPS: attr type=0x1042 len=15
D/wpa_supplicant(  971): WPS: attr type=0x1054 len=8
D/wpa_supplicant(  971): WPS: attr type=0x1011 len=17
D/wpa_supplicant(  971): WPS: attr type=0x1008 len=2
D/wpa_supplicant(  971): WPS: attr type=0x1049 len=6
D/wpa_supplicant(  971): WPS: WFA subelement id=0 len=1
D/wpa_supplicant(  971): WPS: attr type=0x104a len=1
D/wpa_supplicant(  971): WPS: attr type=0x1044 len=1
D/wpa_supplicant(  971): WPS: attr type=0x103b len=1
D/wpa_supplicant(  971): WPS: attr type=0x1047 len=16
D/wpa_supplicant(  971): WPS: attr type=0x1021 len=6
D/wpa_supplicant(  971): WPS: attr type=0x1023 len=4
D/wpa_supplicant(  971): WPS: attr type=0x1024 len=7
D/wpa_supplicant(  971): WPS: attr type=0x1042 len=15
D/wpa_supplicant(  971): WPS: attr type=0x1054 len=8
D/wpa_supplicant(  971): WPS: attr type=0x1011 len=17
D/wpa_supplicant(  971): WPS: attr type=0x1008 len=2
D/wpa_supplicant(  971): WPS: attr type=0x1049 len=6
D/wpa_supplicant(  971): WPS: WFA subelement id=0 len=1
D/wpa_supplicant(  971): WPS: attr type=0x104a len=1
D/wpa_supplicant(  971): WPS: attr type=0x1044 len=1
D/wpa_supplicant(  971): WPS: attr type=0x103b len=1
D/wpa_supplicant(  971): WPS: attr type=0x1047 len=16
D/wpa_supplicant(  971): WPS: attr type=0x1021 len=6
D/wpa_supplicant(  971): WPS: attr type=0x1023 len=4
D/wpa_supplicant(  971): WPS: attr type=0x1024 len=7
D/wpa_supplicant(  971): WPS: attr type=0x1042 len=15
D/wpa_supplicant(  971): WPS: attr type=0x1054 len=8
D/wpa_supplicant(  971): WPS: attr type=0x1011 len=17
D/wpa_supplicant(  971): WPS: attr type=0x1008 len=2
D/wpa_supplicant(  971): WPS: attr type=0x1049 len=6
D/wpa_supplicant(  971): WPS: WFA subelement id=0 len=1
D/wpa_supplicant(  971): WPS: attr type=0x104a len=1
D/wpa_supplicant(  971): WPS: attr type=0x1044 len=1
D/wpa_supplicant(  971): WPS: attr type=0x1057 len=1
D/wpa_supplicant(  971): WPS: attr type=0x1041 len=1
D/wpa_supplicant(  971): WPS: attr type=0x103b len=1
D/wpa_supplicant(  971): WPS: attr type=0x1047 len=16
D/wpa_supplicant(  971): WPS: attr type=0x1021 len=2
D/wpa_supplicant(  971): WPS: attr type=0x1023 len=29
D/wpa_supplicant(  971): WPS: attr type=0x1024 len=7
D/wpa_supplicant(  971): WPS: attr type=0x1042 len=11
D/wpa_supplicant(  971): WPS: attr type=0x1054 len=8
D/wpa_supplicant(  971): WPS: attr type=0x1011 len=26
D/wpa_supplicant(  971): WPS: attr type=0x1008 len=2
D/wpa_supplicant(  971): WPS: attr type=0x1049 len=6
D/wpa_supplicant(  971): WPS: WFA subelement id=0 len=1
D/wpa_supplicant(  971): WPS: attr type=0x1049 len=23
D/wpa_supplicant(  971): WPS: Unknown Vendor Extension (Vendor ID 311)
D/wpa_supplicant(  971): WPS: attr type=0x104a len=1
D/wpa_supplicant(  971): WPS: attr type=0x1044 len=1
D/wpa_supplicant(  971): WPS: attr type=0x1057 len=1
D/wpa_supplicant(  971): WPS: attr type=0x1041 len=1
D/wpa_supplicant(  971): WPS: attr type=0x103b len=1
D/wpa_supplicant(  971): WPS: attr type=0x1047 len=16
D/wpa_supplicant(  971): WPS: attr type=0x1021 len=2
D/wpa_supplicant(  971): WPS: attr type=0x1023 len=29
D/wpa_supplicant(  971): WPS: attr type=0x1024 len=7
D/wpa_supplicant(  971): WPS: attr type=0x1042 len=11
D/wpa_supplicant(  971): WPS: attr type=0x1054 len=8
D/wpa_supplicant(  971): WPS: attr type=0x1011 len=26
D/wpa_supplicant(  971): WPS: attr type=0x1008 len=2
D/wpa_supplicant(  971): WPS: attr type=0x1049 len=6
D/wpa_supplicant(  971): WPS: WFA subelement id=0 len=1
D/wpa_supplicant(  971): WPS: attr type=0x1049 len=23
D/wpa_supplicant(  971): WPS: Unknown Vendor Extension (Vendor ID 311)
D/wpa_supplicant(  971): WPS: attr type=0x104a len=1
D/wpa_supplicant(  971): WPS: attr type=0x1044 len=1
D/wpa_supplicant(  971): WPS: attr type=0x1057 len=1
D/wpa_supplicant(  971): WPS: attr type=0x1041 len=1
D/wpa_supplicant(  971): WPS: attr type=0x103b len=1
D/wpa_supplicant(  971): WPS: attr type=0x1047 len=16
D/wpa_supplicant(  971): WPS: attr type=0x1021 len=2
D/wpa_supplicant(  971): WPS: attr type=0x1023 len=29
D/wpa_supplicant(  971): WPS: attr type=0x1024 len=7
D/wpa_supplicant(  971): WPS: attr type=0x1042 len=11
D/wpa_supplicant(  971): WPS: attr type=0x1054 len=8
D/wpa_supplicant(  971): WPS: attr type=0x1011 len=26
D/wpa_supplicant(  971): WPS: attr type=0x1008 len=2
D/wpa_supplicant(  971): WPS: attr type=0x1049 len=6
D/wpa_supplicant(  971): WPS: WFA subelement id=0 len=1
D/wpa_supplicant(  971): WPS: attr type=0x1049 len=23
D/wpa_supplicant(  971): WPS: Unknown Vendor Extension (Vendor ID 311)
D/wpa_supplicant(  971): WPS: attr type=0x104a len=1
D/wpa_supplicant(  971): WPS: attr type=0x1044 len=1
D/wpa_supplicant(  971): WPS: attr type=0x103b len=1
D/wpa_supplicant(  971): WPS: attr type=0x1047 len=16
D/wpa_supplicant(  971): WPS: attr type=0x1021 len=7
D/wpa_supplicant(  971): WPS: attr type=0x1023 len=9
D/wpa_supplicant(  971): WPS: attr type=0x1024 len=3
D/wpa_supplicant(  971): WPS: attr type=0x1042 len=3
D/wpa_supplicant(  971): WPS: attr type=0x1054 len=8
D/wpa_supplicant(  971): WPS: attr type=0x1011 len=24
D/wpa_supplicant(  971): WPS: attr type=0x1008 len=2
D/wpa_supplicant(  971): WPS: attr type=0x103c len=1
D/wpa_supplicant(  971): WPS: attr type=0x104a len=1
D/wpa_supplicant(  971): WPS: attr type=0x1044 len=1
D/wpa_supplicant(  971): WPS: attr type=0x103b len=1
D/wpa_supplicant(  971): WPS: attr type=0x1047 len=16
D/wpa_supplicant(  971): WPS: attr type=0x1021 len=7
D/wpa_supplicant(  971): WPS: attr type=0x1023 len=9
D/wpa_supplicant(  971): WPS: attr type=0x1024 len=3
D/wpa_supplicant(  971): WPS: attr type=0x1042 len=3
D/wpa_supplicant(  971): WPS: attr type=0x1054 len=8
D/wpa_supplicant(  971): WPS: attr type=0x1011 len=24
D/wpa_supplicant(  971): WPS: attr type=0x1008 len=2
D/wpa_supplicant(  971): WPS: attr type=0x103c len=1
D/wpa_supplicant(  971): WPS: attr type=0x104a len=1
D/wpa_supplicant(  971): WPS: attr type=0x1044 len=1
D/wpa_supplicant(  971): WPS: attr type=0x103b len=1
D/wpa_supplicant(  971): WPS: attr type=0x1047 len=16
D/wpa_supplicant(  971): WPS: attr type=0x1021 len=7
D/wpa_supplicant(  971): WPS: attr type=0x1023 len=9
D/wpa_supplicant(  971): WPS: attr type=0x1024 len=3
D/wpa_supplicant(  971): WPS: attr type=0x1042 len=3
D/wpa_supplicant(  971): WPS: attr type=0x1054 len=8
D/wpa_supplicant(  971): WPS: attr type=0x1011 len=24
D/wpa_supplicant(  971): WPS: attr type=0x1008 len=2
D/wpa_supplicant(  971): WPS: attr type=0x103c len=1
D/wpa_supplicant(  971): WPS: attr type=0x104a len=1
D/wpa_supplicant(  971): WPS: attr type=0x1044 len=1
D/wpa_supplicant(  971): WPS: attr type=0x1011 len=17
D/wpa_supplicant(  971): WPS: attr type=0x1008 len=2
D/wpa_supplicant(  971): WPS: attr type=0x1047 len=16
D/wpa_supplicant(  971): WPS: attr type=0x1049 len=6
D/wpa_supplicant(  971): WPS: WFA subelement id=0 len=1
D/wpa_supplicant(  971): WPS: attr type=0x104a len=1
D/wpa_supplicant(  971): WPS: attr type=0x1044 len=1
D/wpa_supplicant(  971): WPS: attr type=0x1011 len=17
D/wpa_supplicant(  971): WPS: attr type=0x1008 len=2
D/wpa_supplicant(  971): WPS: attr type=0x1047 len=16
D/wpa_supplicant(  971): WPS: attr type=0x1049 len=6
D/wpa_supplicant(  971): WPS: WFA subelement id=0 len=1
D/wpa_supplicant(  971): WPS: attr type=0x104a len=1
D/wpa_supplicant(  971): WPS: attr type=0x1044 len=1
D/wpa_supplicant(  971): WPS: attr type=0x1011 len=17
D/wpa_supplicant(  971): WPS: attr type=0x1008 len=2
D/wpa_supplicant(  971): WPS: attr type=0x1047 len=16
D/wpa_supplicant(  971): WPS: attr type=0x1049 len=6
D/wpa_supplicant(  971): WPS: WFA subelement id=0 len=1
D/wpa_supplicant(  971): WPS: attr type=0x104a len=1
D/wpa_supplicant(  971): WPS: attr type=0x1044 len=1
D/wpa_supplicant(  971): WPS: attr type=0x103b len=1
D/wpa_supplicant(  971): WPS: attr type=0x1047 len=16
D/wpa_supplicant(  971): WPS: attr type=0x1021 len=4
D/wpa_supplicant(  971): WPS: attr type=0x1023 len=4
D/wpa_supplicant(  971): WPS: attr type=0x1024 len=6
D/wpa_supplicant(  971): WPS: attr type=0x1042 len=2
D/wpa_supplicant(  971): WPS: attr type=0x1054 len=8
D/wpa_supplicant(  971): WPS: attr type=0x1011 len=7
D/wpa_supplicant(  971): WPS: attr type=0x1008 len=2
D/wpa_supplicant(  971): WPS: attr type=0x103c len=1
D/wpa_supplicant(  971): WPS: attr type=0x1049 len=6
D/wpa_supplicant(  971): WPS: WFA subelement id=0 len=1
D/wpa_supplicant(  971): WPS: attr type=0x104a len=1
D/wpa_supplicant(  971): WPS: attr type=0x1044 len=1
D/wpa_supplicant(  971): WPS: attr type=0x103b len=1
D/wpa_supplicant(  971): WPS: attr type=0x1047 len=16
D/wpa_supplicant(  971): WPS: attr type=0x1021 len=4
D/wpa_supplicant(  971): WPS: attr type=0x1023 len=4
D/wpa_supplicant(  971): WPS: attr type=0x1024 len=6
D/wpa_supplicant(  971): WPS: attr type=0x1042 len=2
D/wpa_supplicant(  971): WPS: attr type=0x1054 len=8
D/wpa_supplicant(  971): WPS: attr type=0x1011 len=7
D/wpa_supplicant(  971): WPS: attr type=0x1008 len=2
D/wpa_supplicant(  971): WPS: attr type=0x103c len=1
D/wpa_supplicant(  971): WPS: attr type=0x1049 len=6
D/wpa_supplicant(  971): WPS: WFA subelement id=0 len=1
D/wpa_supplicant(  971): WPS: attr type=0x104a len=1
D/wpa_supplicant(  971): WPS: attr type=0x1044 len=1
D/wpa_supplicant(  971): WPS: attr type=0x103b len=1
D/wpa_supplicant(  971): WPS: attr type=0x1047 len=16
D/wpa_supplicant(  971): WPS: attr type=0x1021 len=4
D/wpa_supplicant(  971): WPS: attr type=0x1023 len=4
D/wpa_supplicant(  971): WPS: attr type=0x1024 len=6
D/wpa_supplicant(  971): WPS: attr type=0x1042 len=2
D/wpa_supplicant(  971): WPS: attr type=0x1054 len=8
D/wpa_supplicant(  971): WPS: attr type=0x1011 len=7
D/wpa_supplicant(  971): WPS: attr type=0x1008 len=2
D/wpa_supplicant(  971): WPS: attr type=0x103c len=1
D/wpa_supplicant(  971): WPS: attr type=0x1049 len=6
D/wpa_supplicant(  971): WPS: WFA subelement id=0 len=1
D/wpa_supplicant(  971): WPS: attr type=0x104a len=1
D/wpa_supplicant(  971): WPS: attr type=0x1044 len=1
D/wpa_supplicant(  971): WPS: attr type=0x104a len=1
D/wpa_supplicant(  971): WPS: attr type=0x1044 len=1
D/wpa_supplicant(  971): WPS: attr type=0x104a len=1
D/wpa_supplicant(  971): WPS: attr type=0x1044 len=1
D/wpa_supplicant(  971): RTM_NEWLINK: operstate=1 ifi_flags=0x11043 ([UP][RUNNING][LOWER_UP])
D/wpa_supplicant(  971): RTM_NEWLINK, IFLA_IFNAME: Interface 'wlan0' added
D/WifiHW  (  719): leave --> reply=id=478
D/WifiHW  (  719): bssid=8c:a6:df:b1:29:c7
D/WifiHW  (  719): freq=2462
D/WifiHW  (  719): level=-41
D/WifiHW  (  719): tsf=0002445086006196
D/WifiHW  (  719): flags=[WPA-PSK-CCMP+TKIP][WPA2-PSK-CCMP+TKIP][ESS]
D/WifiHW  (  719): ssid=60_test_01
D/WifiHW  (  719): ====
D/WifiHW  (  719): id=479
D/WifiHW  (  719): bssid=ec:6c:9f:4c:df:d9
D/WifiHW  (  719): freq=2412
D/WifiHW  (  719): level=-41
D/WifiHW  (  719): tsf=0000367088948408
D/WifiHW  (  719): flags=[WPA-PSK-CCMP+TKIP][WPA2-PSK-CCMP+TKIP][ESS]
D/WifiHW  (  719): ssid=60_dev_01
D/WifiHW  (  719): ====
D/WifiHW  (  719): id=480
D/WifiHW  (  719): bssid=0a:94:23:0f:97:64
D/WifiHW  (  719): freq=2462
D/WifiHW  (  719): level=-56
D/WifiHW  (  719): tsf=0000009911820923
D/WifiHW  (  719): flags=[WPA2-PSK-CCMP][ESS]
D/WifiHW  (  719): ssid=APC201701231707
D/WifiHW  (  719): ====
D/WifiHW  (  719): id=481
D/WifiHW  (  719): bssid=70:3a:d8:1e:6d:58
D/WifiHW  (  719): freq=2462
D/WifiHW  (  719): level=-57
D/WifiHW  (  719): tsf=0009340283086448
D/WifiHW  (  719): flags=[WPA-PSK-CCMP][ESS]
D/WifiHW  (  719): ssid=jingsifang01
D/WifiHW  (  719): ====
D/WifiHW  (  719): id=482
D/WifiHW  (  719): bssid=b0:48:7a:56:b3:e2
D/WifiHW  (  719): freq=2437
D/WifiHW  (  719): level=-57
D/WifiHW  (  719): tsf=0000002837504384
D/WifiHW  (  719): flags=[WPA-PSK-CCMP][WPA2-PSK-CCMP][WPS][ESS]
D/WifiHW  (  719): ssid=TP-LINK_Aries
D/WifiHW  (  719): ====
D/WifiHW  (  719): id=483
D/WifiHW  (  719): bssid=02:1a:11:f2:c7:b9
D/WifiHW  (  719): freq=2437
D/WifiHW  (  719): level=-67
D/WifiHW  (  719): tsf=0000442468003896
D/WifiHW  (  719): flags=[WPA2-PSK-CCMP][ESS]
D/WifiHW  (  719): ssid=AndroidAP
D/WifiHW  (  719): ====
D/WifiHW  (  719): id=484
D/WifiHW  (  719): bssid=60:83:34:ac:60:9c
D/WifiHW  (  719): freq=2462
D/WifiHW  (  719): level=-66
D/WifiHW  (  719): tsf=0000226024550993
D/WifiHW  (  719): flags=[WPA2-PSK-CCMP][WPS][ESS]
D/WifiHW  (  719): ssid=HUAWEI-VGH5JD
D/WifiHW  (  719): ====
D/WifiHW  (  719): id=485
D/WifiHW  (  719): bssid=ec:6c:9f:4e:d1:08
D/WifiHW  (  719): freq=2412
D/WifiHW  (  719): level=-72
D/WifiHW  (  719): tsf=0006504155028748
D/WifiHW  (  719): flags=[WPA-PS
D/wifi    (  719): doStringCommand, buf IFNAME=wlan0 BSS RANGE=0- MASK=0x21987
I/wifi    (  719): id=478
D/wpa_supplicant(  971): nl80211: if_removed already cleared - ignore event
I/wifi    (  719): bssid=8c:a6:df:b1:29:c7
I/wifi    (  719): freq=2462
I/wifi    (  719): level=-41
I/wifi    (  719): tsf=0002445086006196
D/wpa_supplicant(  971): RTM_NEWLINK: operstate=1 ifi_flags=0x11043 ([UP][RUNNING][LOWER_UP])
I/wifi    (  719): flags=[WPA-PSK-CCMP+TKIP][WPA2-PSK-CCMP+TKIP][ESS]
D/wpa_supplicant(  971): RTM_NEWLINK, IFLA_IFNAME: Interface 'wlan0' added
I/wifi    (  719): ssid=60_test_01
I/wifi    (  719): ====
I/wifi    (  719): id=479
I/wifi    (  719): bssid=ec:6c:9f:4c:df:d9
I/wifi    (  719): freq=2412
I/wifi    (  719): level=-41
