D/OppoAlarmManagerHelper( 1909): Pkg in mPkgWhiteList =  com.oppo.music
D/OppoAlarmManagerHelper( 1909): Pkg in mPkgWhiteList =  com.codoon.gps
D/OppoAlarmManagerHelper( 1909): Pkg in mPkgWhiteList =  com.nearme.note
D/OppoAlarmManagerHelper( 1909): Pkg in mPkgWhiteList =  com.oppo.backuprestore
D/OppoAlarmManagerHelper( 1909): Pkg in mPkgWhiteList =  com.oppo.weather
D/OppoAlarmManagerHelper( 1909): Pkg in mPkgWhiteList =  com.android.providers.downloads
D/OppoAlarmManagerHelper( 1909): Pkg in mPkgWhiteList =  com.mobiletools.systemhelper
D/OppoAlarmManagerHelper( 1909): Pkg in mPkgWhiteList =  com.oppo.community
D/OppoAlarmManagerHelper( 1909): Pkg in mPkgWhiteList =  com.nearme.themespace
D/OppoAlarmManagerHelper( 1909): key in mKeyList == clock
D/OppoAlarmManagerHelper( 1909): key in mKeyList == alarm
D/OppoAlarmManagerHelper( 1909): key in mKeyList == calendar
D/OppoAlarmManagerHelper( 1909): This package use inexact alarm !!!  pkg1 == com.sohu.inputmethod.sogouoem
D/OppoAlarmManagerHelper( 1909): Using  inexact alarm!!!!!!!!
V/AlarmManager( 1909): isAlarmNeedAlign : charging
V/AlarmManager( 1909): set(PendingIntent{42fe2b28: PendingIntentRecord{43441db0 com.sohu.inputmethod.sogouoem broadcastIntent}}) : type=1 triggerAtTime=1513921373433 win=-1 tElapsed=161783068 maxElapsed=291383068 interval=172800000 standalone=false
V/AlarmManager( 1909): Adding Alarm{435a92d0 type 1 com.sohu.inputmethod.sogouoem} to Batch{435d05d8 num=3 start=259271581 end=272262560}
V/AlarmManager( 1909):     => now Batch{435d05d8 num=3 start=259271581 end=272262560}
D/AudioFlinger_Thread(  249): threadLoop_sleepTime write muted data to hw
D/dalvikvm( 4280): create interp thread : stack size=128KB
D/dalvikvm( 4280): create new thread
D/dalvikvm( 4280): new thread created
D/dalvikvm( 4280): update thread list
D/dalvikvm( 4280): threadid=13: interp stack at 0x78bab000
D/dalvikvm( 4280): threadid=13: created from interp
D/dalvikvm( 4280): start new thread
D/dalvikvm( 4280): threadid=13: notify debugger
D/dalvikvm( 4280): threadid=13 (Thread-32): calling run()
D/dalvikvm( 4280): create interp thread : stack size=128KB
D/dalvikvm( 4280): create new thread
D/dalvikvm( 4280): new thread created
D/dalvikvm( 4280): update thread list
D/dalvikvm( 4280): threadid=14: interp stack at 0x78cc9000
D/dalvikvm( 4280): threadid=14: created from interp
D/dalvikvm( 4280): start new thread
D/dalvikvm( 4280): threadid=14: notify debugger
D/dalvikvm( 4280): threadid=14 (java.lang.ProcessManager): calling run()
D/dalvikvm( 4280): threadid=15: interp stack at 0x78ee5000
D/dalvikvm( 4280): threadid=13: exiting
D/dalvikvm( 4280): threadid=13: bye!
D/dalvikvm( 4536): GC_CONCURRENT freed 8350K (3674), 80% free 7162K/34112K, paused 4ms+10ms, total 53ms
D/AudioFlinger_Thread(  249): threadLoop_sleepTime write muted data to hw
D/dalvikvm( 1909): create interp thread : stack size=128KB
D/dalvikvm( 1909): create new thread
D/dalvikvm( 1909): new thread created
D/dalvikvm( 1909): update thread list
D/dalvikvm( 1909): threadid=81: interp stack at 0x7fd6b000
D/dalvikvm( 1909): threadid=81: created from interp
D/dalvikvm( 1909): start new thread
D/dalvikvm( 1909): threadid=81: notify debugger
D/dalvikvm( 1909): threadid=81 (TransferPipe): calling run()
D/dalvikvm( 1909): threadid=81: exiting
D/dalvikvm( 1909): threadid=81: bye!
D/dalvikvm( 8599): threadid=11: exiting
D/dalvikvm( 8599): threadid=21: exiting
D/dalvikvm( 8599): threadid=11: bye!
D/dalvikvm( 8599): threadid=20: exiting
D/dalvikvm( 8599): threadid=22: exiting
D/dalvikvm( 8599): threadid=20: bye!
V/ActivityManager( 1909): Broadcast: Intent { act=com.kingroot.master.action.NOTIFY_STATISTIC flg=0x10 pkg=com.kingroot.kinguser (has extras) } ordered=false userid=0 callerApp=ProcessRecord{42ac5190 8599:com.kingroot.kinguser:task/u0a97}
D/dalvikvm( 8599): threadid=21: bye!
D/dalvikvm( 8599): threadid=22: bye!
D/AudioFlinger_Thread(  249): threadLoop_sleepTime write muted data to hw
V/ActivityManager( 1909): Broadcast: Intent { act=com.kingroot.master.action.NOTIFY_STATISTIC flg=0x10 pkg=com.kingroot.kinguser (has extras) } ordered=false userid=0 callerApp=ProcessRecord{42ac5190 8599:com.kingroot.kinguser:task/u0a97}
D/dalvikvm( 8599): create interp thread : stack size=128KB
D/dalvikvm( 8599): create new thread
D/dalvikvm( 8599): new thread created
D/dalvikvm( 8599): update thread list
D/dalvikvm( 8599): threadid=11: interp stack at 0x78988000
D/dalvikvm( 8599): threadid=11: created from interp
D/dalvikvm( 8599): start new thread
D/dalvikvm( 8599): threadid=11: notify debugger
D/dalvikvm( 8599): threadid=11 (Thread-5): calling run()
D/dalvikvm( 8599): threadid=11: exiting
D/dalvikvm( 8599): threadid=11: bye!
I/AndroidRuntime( 8599): VM exiting with result code 0, cleanup skipped.
D/ActivityThread( 4536): BDC-Calling onReceive: intent=Intent { act=com.kingroot.master.action.NOTIFY_STATISTIC flg=0x10 pkg=com.kingroot.kinguser cmp=com.kingroot.kinguser/com.kingroot.common.framework.broadcast.KSysBroadcastReceiver (has extras) }, ordered=true, receiver=com.kingroot.common.framework.broadcast.KSysBroadcastReceiver@42730960
D/ActivityThread( 4536): BDC-RECEIVER handled : 0 / ReceiverData{intent=Intent { act=com.kingroot.master.action.NOTIFY_STATISTIC flg=0x10 pkg=com.kingroot.kinguser cmp=com.kingroot.kinguser/com.kingroot.common.framework.broadcast.KSysBroadcastReceiver (has extras) } packageName=com.kingroot.kinguser resultCode=-1 resultData=null resultExtras=null}
D/ActivityThread( 4536): BDC-Calling onReceive: intent=Intent { act=com.kingroot.master.action.NOTIFY_STATISTIC flg=0x10 pkg=com.kingroot.kinguser cmp=com.kingroot.kinguser/com.kingroot.common.framework.broadcast.KSysBroadcastReceiver (has extras) }, ordered=true, receiver=com.kingroot.common.framework.broadcast.KSysBroadcastReceiver@42ece758
D/ActivityThread( 4536): BDC-RECEIVER handled : 0 / ReceiverData{intent=Intent { act=com.kingroot.master.action.NOTIFY_STATISTIC flg=0x10 pkg=com.kingroot.kinguser cmp=com.kingroot.kinguser/com.kingroot.common.framework.broadcast.KSysBroadcastReceiver (has extras) } packageName=com.kingroot.kinguser resultCode=-1 resultData=null resultExtras=null}
D/AudioFlinger_Thread(  249): threadLoop_sleepTime write muted data to hw
I/BTIF_CORE( 6839): [btif_task]:Polling returned!
I/BTIF_CORE( 6839): [btif_task]:Start retrieve data pollMemberCount=10!
I/BTIF_CORE( 6839): [btif_task]:fd 7 data ready!
I/BTIF_CORE( 6839): [btif_task]:pollData[i].fd data ready : revents = 0x1!
I/BTIF_CORE( 6839): in profile[0] handler!
I/BTIF_CORE( 6839): out profile[0] handler!
I/BTIF_CORE( 6839): in profile[3] handler!
I/BTIF_CORE( 6839): out profile[3] handler!
I/BTIF_CORE( 6839): in profile[5] handler!
I/BTIF_CORE( 6839): out profile[5] handler!
I/BTIF_CORE( 6839): in profile[1] handler!
I/BTIF_CORE( 6839): out profile[1] handler!
I/BTIF_CORE( 6839): in profile[11] handler!
I/BTIF_CORE( 6839): out profile[11] handler!
I/BTIF_CORE( 6839): in profile[18] handler!
I/BTIF_CORE( 6839): out profile[18] handler!
I/BTIF_CORE( 6839): in profile[12] handler!
I/BTIF_CORE( 6839): out profile[12] handler!
I/BTIF_CORE( 6839): in profile[21] handler!
D/BTIF_GATT_CLIENT( 6839): [GATT] gattc_handle_message
D/BTIF_GATT_CLIENT( 6839): [GATT] gattc_handle_message : msg_id=4005
D/BTIF_GATT_CLIENT( 6839): [GATT] findContextByContext
D/BTIF_GATT_CLIENT( 6839): [GATT] context[0] = 0xb7065afc found
D/BTIF_GATT_CLIENT( 6839): [GATT] gattc_handle_scan_result_ind
I/BT_UTILS( 6839): btmtk_util_reverse_array: dest addr=0x2E:06:9E:15:9A:82
D/BtGatt.GattService( 6839): onScanResult() - address=2E:06:9E:15:9A:82, rssi=-59
D/BluetoothAdapter( 6876): onScanResult() - Device=2E:06:9E:15:9A:82 RSSI=-59
I/BTIF_CORE( 6839): out profile[21] handler!
I/BTIF_CORE( 6839): [btif_task]:Start polling!
D/dalvikvm( 4536): create interp thread : stack size=128KB
D/dalvikvm( 4536): create new thread
D/dalvikvm( 4536): new thread created
D/dalvikvm( 4536): update thread list
D/dalvikvm( 4536): threadid=67: interp stack at 0x7bdc1000
D/dalvikvm( 4536): threadid=67: created from interp
D/dalvikvm( 4536): start new thread
D/dalvikvm( 4536): create interp thread : stack size=128KB
D/dalvikvm( 4536): threadid=67: notify debugger
D/dalvikvm( 4536): create new thread
D/dalvikvm( 4536): threadid=67 (SingleThread): calling run()
D/dalvikvm( 4536): new thread created
D/dalvikvm( 4536): update thread list
D/dalvikvm( 4536): threadid=68: interp stack at 0x7c430000
D/dalvikvm( 4536): threadid=68: created from interp
D/dalvikvm( 4536): start new thread
D/dalvikvm( 4536): create interp thread : stack size=128KB
D/dalvikvm( 4536): threadid=68: notify debugger
D/dalvikvm( 4536): create new thread
D/dalvikvm( 4536): threadid=68 (StrReader): calling run()
D/dalvikvm( 4536): new thread created
D/dalvikvm( 4536): update thread list
D/dalvikvm( 4536): threadid=71: interp stack at 0x7c450000
D/dalvikvm( 4536): threadid=71: created from interp
D/dalvikvm( 4536): start new thread
D/dalvikvm( 4536): threadid=71: notify debugger
D/dalvikvm( 4536): threadid=71 (ErrReader): calling run()
D/AudioFlinger_Thread(  249): threadLoop_sleepTime write muted data to hw
D/dalvikvm( 4536): threadid=68: exiting
D/dalvikvm( 4536): threadid=71: exiting
D/dalvikvm( 4536): threadid=67: exiting
D/dalvikvm( 4536): threadid=68: bye!
D/dalvikvm( 4536): threadid=71: bye!
D/dalvikvm( 4536): threadid=67: bye!
D/AudioFlinger_Thread(  249): threadLoop_sleepTime write muted data to hw
E/JavaBinder( 4536): !!! FAILED BINDER TRANSACTION !!!
I/ActivityManager( 1909): Process com.kingroot.kinguser:task (pid 8599) has died.
D/DisplayManagerService( 1909): Display listener for pid 8599 died.
W/ContextImpl( 1909): Calling a method in the system process without a qualified user: android.app.ContextImpl.sendBroadcast:1345 com.android.server.am.OppoExtraActivityManagerService.setKeyLockModeNormal:47 com.android.server.am.ActivityManagerService.appDiedLocked:4489 com.android.server.am.ActivityManagerService$AppDeathRecipient.binderDied:1118 android.os.BinderProxy.sendDeathNotice:496 
V/ActivityManager( 1909): Broadcast: Intent { act=com.oppo.intent.action.KEY_LOCK_MODE flg=0x10 (has extras) } ordered=false userid=0 callerApp=ProcessRecord{4272b1e0 1909:system/1000}
D/ActivityManager( 1909): cleanUpApplicationRecordLocked app:ProcessRecord{42ac5190 8599:com.kingroot.kinguser:task/u0a97}, restarting:false, allowRestart:true, index:-1
D/ActivityManager( 1909): cleanUpApplicationRecordLocked from:com.android.server.am.ActivityManagerService.handleAppDiedLocked:4277 com.android.server.am.ActivityManagerService.appDiedLocked:4501 com.android.server.am.ActivityManagerService$AppDeathRecipient.binderDied:1118 android.os.BinderProxy.sendDeathNotice:496 
D/AudioFlinger_Thread(  249): threadLoop_sleepTime write muted data to hw
D/OppoProcessManager( 1909): ProcessRecord{42ac5190 8599:com.kingroot.kinguser:task/u0a97} died but not restart......
D/dalvikvm( 4536): create interp thread : stack size=128KB
D/dalvikvm( 4536): create new thread
D/dalvikvm( 4536): new thread created
D/dalvikvm( 4536): update thread list
D/dalvikvm( 4536): threadid=67: interp stack at 0x7bdc1000
D/dalvikvm( 4536): threadid=67: created from interp
D/dalvikvm( 4536): start new thread
D/dalvikvm( 4536): create interp thread : stack size=128KB
D/dalvikvm( 4536): threadid=67: notify debugger
D/dalvikvm( 4536): create new thread
D/dalvikvm( 4536): threadid=67 (SingleThread): calling run()
D/dalvikvm( 4536): new thread created
D/dalvikvm( 4536): update thread list
D/dalvikvm( 4536): threadid=68: interp stack at 0x7c430000
D/dalvikvm( 4536): threadid=68: created from interp
D/dalvikvm( 4536): start new thread
D/dalvikvm( 4536): create interp thread : stack size=128KB
D/dalvikvm( 4536): threadid=68: notify debugger
D/dalvikvm( 4536): create new thread
D/dalvikvm( 4536): threadid=68 (StrReader): calling run()
D/dalvikvm( 4536): new thread created
D/dalvikvm( 4536): update thread list
D/dalvikvm( 4536): threadid=71: interp stack at 0x7c450000
D/dalvikvm( 4536): threadid=71: created from interp
D/dalvikvm( 4536): start new thread
D/dalvikvm( 4536): threadid=71: notify debugger
D/dalvikvm( 4536): threadid=71 (ErrReader): calling run()
D/AudioFlinger_Thread(  249): threadLoop_sleepTime write muted data to hw
D/dalvikvm( 4536): threadid=71: exiting
D/dalvikvm( 4536): threadid=67: exiting
D/dalvikvm( 4536): threadid=71: bye!
D/dalvikvm( 4536): threadid=67: bye!
D/dalvikvm( 4536): threadid=68: exiting
D/dalvikvm( 4536): threadid=68: bye!
D/AudioFlinger_Thread(  249): threadLoop_sleepTime write muted data to hw
D/AudioFlinger_Thread(  249): threadLoop_sleepTime write muted data to hw
D/dalvikvm( 4536): create interp thread : stack size=128KB
D/dalvikvm( 4536): create new thread
D/dalvikvm( 4536): new thread created
D/dalvikvm( 4536): update thread list
D/dalvikvm( 4536): threadid=67: interp stack at 0x7bdc1000
D/dalvikvm( 4536): threadid=67: created from interp
D/dalvikvm( 4536): start new thread
D/dalvikvm( 4536): create interp thread : stack size=128KB
D/dalvikvm( 4536): threadid=67: notify debugger
D/dalvikvm( 4536): create new thread
D/dalvikvm( 4536): threadid=67 (SingleThread): calling run()
D/dalvikvm( 4536): new thread created
D/dalvikvm( 4536): update thread list
D/dalvikvm( 4536): threadid=68: interp stack at 0x7c430000
D/dalvikvm( 4536): threadid=68: created from interp
D/dalvikvm( 4536): start new thread
D/dalvikvm( 4536): create interp thread : stack size=128KB
D/dalvikvm( 4536): threadid=68: notify debugger
D/dalvikvm( 4536): create new thread
D/dalvikvm( 4536): threadid=68 (StrReader): calling run()
D/dalvikvm( 4536): new thread created
D/dalvikvm( 4536): update thread list
D/dalvikvm( 4536): threadid=71: interp stack at 0x7c450000
D/dalvikvm( 4536): threadid=71: created from interp
D/dalvikvm( 4536): start new thread
D/dalvikvm( 4536): threadid=71: notify debugger
D/dalvikvm( 4536): threadid=71 (ErrReader): calling run()
D/AudioFlinger_Thread(  249): threadLoop_sleepTime write muted data to hw
D/dalvikvm( 4536): threadid=67: exiting
D/dalvikvm( 4536): threadid=67: bye!
D/dalvikvm( 4536): threadid=68: exiting
D/dalvikvm( 4536): threadid=68: bye!
D/dalvikvm( 4536): threadid=71: exiting
D/dalvikvm( 4536): threadid=71: bye!
D/AudioFlinger_Thread(  249): threadLoop_sleepTime write muted data to hw
D/AudioFlinger_Thread(  249): threadLoop_sleepTime write muted data to hw
D/AudioFlinger_Thread(  249): threadLoop_sleepTime write muted data to hw
D/dalvikvm( 4536): create interp thread : stack size=128KB
D/dalvikvm( 4536): create new thread
D/dalvikvm( 4536): new thread created
D/dalvikvm( 4536): update thread list
D/dalvikvm( 4536): threadid=67: interp stack at 0x7bdc1000
D/dalvikvm( 4536): threadid=67: created from interp
D/dalvikvm( 4536): start new thread
D/dalvikvm( 4536): create interp thread : stack size=128KB
D/dalvikvm( 4536): threadid=67: notify debugger
D/dalvikvm( 4536): create new thread
D/dalvikvm( 4536): threadid=67 (SingleThread): calling run()
D/dalvikvm( 4536): new thread created
D/dalvikvm( 4536): update thread list
D/dalvikvm( 4536): threadid=68: interp stack at 0x7c430000
D/dalvikvm( 4536): threadid=68: created from interp
D/dalvikvm( 4536): start new thread
D/dalvikvm( 4536): create interp thread : stack size=128KB
D/dalvikvm( 4536): threadid=68: notify debugger
D/dalvikvm( 4536): create new thread
D/dalvikvm( 4536): threadid=68 (StrReader): calling run()
D/dalvikvm( 4536): new thread created
D/dalvikvm( 4536): update thread list
D/dalvikvm( 4536): threadid=71: interp stack at 0x7c450000
D/dalvikvm( 4536): threadid=71: created from interp
D/dalvikvm( 4536): start new thread
D/dalvikvm( 4536): threadid=71: notify debugger
D/dalvikvm( 4536): threadid=71 (ErrReader): calling run()
D/dalvikvm( 4536): threadid=67: exiting
D/dalvikvm( 4536): threadid=67: bye!
D/dalvikvm( 4536): threadid=68: exiting
D/dalvikvm( 4536): threadid=68: bye!
D/dalvikvm( 4536): threadid=71: exiting
D/dalvikvm( 4536): threadid=71: bye!
D/AudioFlinger_Thread(  249): threadLoop_sleepTime write muted data to hw
D/AudioFlinger_Thread(  249): threadLoop_sleepTime write muted data to hw
D/AudioFlinger_Thread(  249): threadLoop_sleepTime write muted data to hw
D/ActivityManager( 1909): getContentProviderImpl: from caller=android.app.ApplicationThreadProxy@439b9dc0 (pid=5704, userId=0) to get content provider com.kingroot.common.mpstorage cpr=ContentProviderRecord{43279dd8 u0 com.kingroot.master/com.kingroot.common.filesystem.storage.MpStorageProvider}
D/ActivityThread( 5704): hoder:android.app.IActivityManager$ContentProviderHolder@42a3a130,provider,holder.Provider:android.content.ContentProviderProxy@42a3a810
D/dalvikvm( 4536): create interp thread : stack size=128KB
D/dalvikvm( 4536): create new thread
D/dalvikvm( 4536): new thread created
D/dalvikvm( 4536): update thread list
D/dalvikvm( 4536): threadid=67: interp stack at 0x7bdc1000
D/dalvikvm( 4536): threadid=67: created from interp
D/dalvikvm( 4536): start new thread
D/dalvikvm( 4536): create interp thread : stack size=128KB
D/dalvikvm( 4536): threadid=67: notify debugger
D/dalvikvm( 4536): create new thread
D/dalvikvm( 4536): threadid=67 (SingleThread): calling run()
D/dalvikvm( 4536): new thread created
D/dalvikvm( 4536): update thread list
D/dalvikvm( 4536): threadid=68: interp stack at 0x7c430000
D/dalvikvm( 4536): threadid=68: created from interp
D/dalvikvm( 4536): start new thread
D/dalvikvm( 4536): create interp thread : stack size=128KB
D/dalvikvm( 4536): threadid=68: notify debugger
D/dalvikvm( 4536): create new thread
D/dalvikvm( 4536): threadid=68 (StrReader): calling run()
D/dalvikvm( 4536): new thread created
D/dalvikvm( 4536): update thread list
D/dalvikvm( 4536): threadid=71: interp stack at 0x7c450000
D/dalvikvm( 4536): threadid=71: created from interp
D/dalvikvm( 4536): start new thread
D/dalvikvm( 4536): threadid=71: notify debugger
D/dalvikvm( 4536): threadid=71 (ErrReader): calling run()
V/ActivityManager( 1909): Broadcast: Intent { act=com.kingroot.master.action.NOTIFY_STATISTIC flg=0x10 pkg=com.kingroot.master (has extras) } ordered=false userid=0 callerApp=ProcessRecord{4299cd98 5704:com.kingroot.master:task/u0a98}
V/ActivityManager( 1909): Broadcast: Intent { act=com.kingroot.master.action.NOTIFY_STATISTIC flg=0x10 pkg=com.kingroot.master (has extras) } ordered=false userid=0 callerApp=ProcessRecord{4299cd98 5704:com.kingroot.master:task/u0a98}
D/ActivityThread( 5580): BDC-Calling onReceive: intent=Intent { act=com.kingroot.master.action.NOTIFY_STATISTIC flg=0x10 pkg=com.kingroot.master cmp=com.kingroot.master/com.kingroot.common.framework.broadcast.KSysBroadcastReceiver (has extras) }, ordered=true, receiver=com.kingroot.common.framework.broadcast.KSysBroadcastReceiver@42bed228
D/ActivityThread( 5580): BDC-RECEIVER handled : 0 / ReceiverData{intent=Intent { act=com.kingroot.master.action.NOTIFY_STATISTIC flg=0x10 pkg=com.kingroot.master cmp=com.kingroot.master/com.kingroot.common.framework.broadcast.KSysBroadcastReceiver (has extras) } packageName=com.kingroot.master resultCode=-1 resultData=null resultExtras=null}
D/ActivityThread( 5580): BDC-Calling onReceive: intent=Intent { act=com.kingroot.master.action.NOTIFY_STATISTIC flg=0x10 pkg=com.kingroot.master cmp=com.kingroot.master/com.kingroot.common.framework.broadcast.KSysBroadcastReceiver (has extras) }, ordered=true, receiver=com.kingroot.common.framework.broadcast.KSysBroadcastReceiver@42bef998
D/ActivityThread( 5580): BDC-RECEIVER handled : 0 / ReceiverData{intent=Intent { act=com.kingroot.master.action.NOTIFY_STATISTIC flg=0x10 pkg=com.kingroot.master cmp=com.kingroot.master/com.kingroot.common.framework.broadcast.KSysBroadcastReceiver (has extras) } packageName=com.kingroot.master resultCode=-1 resultData=null resultExtras=null}
D/dalvikvm( 4536): threadid=67: exiting
D/dalvikvm( 4536): threadid=67: bye!
D/dalvikvm( 4536): threadid=68: exiting
D/dalvikvm( 4536): threadid=68: bye!
D/dalvikvm( 4536): threadid=71: exiting
D/dalvikvm( 4536): threadid=71: bye!
D/AudioFlinger_Thread(  249): threadLoop_sleepTime write muted data to hw
D/AudioFlinger_Thread(  249): threadLoop_sleepTime write muted data to hw
D/AudioFlinger_Thread(  249): threadLoop_sleepTime write muted data to hw
D/AudioFlinger_Thread(  249): threadLoop_sleepTime write muted data to hw
D/AudioFlinger_Thread(  249): threadLoop_sleepTime write muted data to hw
D/AudioFlinger_Thread(  249): threadLoop_sleepTime write muted data to hw
D/AudioFlinger_Thread(  249): threadLoop_sleepTime write muted data to hw
D/AudioFlinger_Thread(  249): threadLoop_sleepTime write muted data to hw
D/AudioFlinger_Thread(  249): threadLoop_sleepTime write muted data to hw
D/AudioFlinger_Thread(  249): threadLoop_sleepTime write muted data to hw
V/Provider/Settings( 5192): get setting for user 0 by user 0 so skipping cache
V/Provider/Settings( 5192): invalidate [system]: current 12 != cached 4
V/Provider/Settings( 5192): from db cache, name = time_12_24 , value = 24
D/AudioFlinger_Thread(  249): threadLoop_sleepTime write muted data to hw
D/AudioFlinger_Thread(  249): threadLoop_sleepTime write muted data to hw
D/AudioFlinger_Thread(  249): threadLoop_sleepTime write muted data to hw
D/AudioFlinger_Thread(  249): threadLoop_sleepTime write muted data to hw
D/AudioFlinger_Thread(  249): threadLoop_sleepTime write muted data to hw
D/AudioFlinger_Thread(  249): threadLoop_sleepTime write muted data to hw
D/AudioFlinger_Thread(  249): threadLoop_sleepTime write muted data to hw
D/AudioFlinger_Thread(  249): threadLoop_sleepTime write muted data to hw
D/AudioFlinger_Thread(  249): threadLoop_sleepTime write muted data to hw
D/dalvikvm( 4536): threadid=16: exiting
D/dalvikvm( 4536): threadid=16: bye!
D/dalvikvm( 4536): threadid=24: exiting
D/dalvikvm( 4536): threadid=24: bye!
D/AudioFlinger_Thread(  249): threadLoop_sleepTime write muted data to hw
D/AudioFlinger_Thread(  249): threadLoop_sleepTime write muted data to hw
D/AudioFlinger_Thread(  249): threadLoop_sleepTime write muted data to hw
D/AudioFlinger_Thread(  249): threadLoop_sleepTime write muted data to hw
D/AudioFlinger_Thread(  249): threadLoop_sleepTime write muted data to hw
D/AudioFlinger_Thread(  249): threadLoop_sleepTime write muted data to hw
I/sn      (  281): Retry 7
I/sn      (  281): Fail to access err=No such file or directory
I/sn      (  281): Fail to access err=No such file or directory
I/sn      (  281): Fail to access err=Permission denied
I/sn      (  281): Check all possible paths
D/AudioFlinger_Thread(  249): threadLoop_sleepTime write muted data to hw
D/AudioFlinger_Thread(  249): threadLoop_sleepTime write muted data to hw
D/AudioFlinger_Thread(  249): threadLoop_sleepTime write muted data to hw
D/AudioFlinger_Thread(  249): threadLoop_sleepTime write muted data to hw
D/AudioFlinger_Thread(  249): threadLoop_sleepTime write muted data to hw
D/AudioFlinger_Thread(  249): threadLoop_sleepTime write muted data to hw
D/AudioFlinger_Thread(  249): threadLoop_sleepTime write muted data to hw
D/AudioFlinger_Thread(  249): threadLoop_sleepTime write muted data to hw
D/AudioFlinger_Thread(  249): threadLoop_sleepTime write muted data to hw
D/AudioFlinger_Thread(  249): threadLoop_sleepTime write muted data to hw
D/AudioFlinger_Thread(  249): threadLoop_sleepTime write muted data to hw
D/AudioFlinger_Thread(  249): threadLoop_sleepTime write muted data to hw
D/AudioFlinger_Thread(  249): threadLoop_sleepTime write muted data to hw
D/AudioFlinger_Thread(  249): threadLoop_sleepTime write muted data to hw
D/AudioFlinger_Thread(  249): threadLoop_sleepTime write muted data to hw
D/AudioFlinger_Thread(  249): threadLoop_sleepTime write muted data to hw
D/AudioFlinger_Thread(  249): threadLoop_sleepTime write muted data to hw
D/AudioFlinger_Thread(  249): Audio hardware entering standby, mixer 0xb49f0008, suspend count 0
D/AudioALSAStreamOut(  249): close()
D/AudioALSAPlaybackHandlerNormal(  249): +close()
D/AudioVoiceUIDL(  249): [SetInputStandBy] val 1
D/AudioVoiceUIDL(  249): [SetInputStandBy] ReadRefFromRing to exit? (0) 
D/AudioALSAHardwareResourceManager(  249): winsn:+stopOutputDevice(), mOutputDevices = 0x2, mStartOutputDevicesCount = 1
D/AudioALSAHardwareResourceManager(  249): stopOutputDevice(), AUDIO_DEVICE_OUT_SPEAKER
D/AudioALSACodecDeviceOutSpeakerNXP(  249): +close(), mClientCount = 1
I/TFA9890_OPPO(  249): tfa9890_SpeakerOff bTfaStatus = 1 iMode = 0
D/TFA9890_OPPO(  249): tfa9890_SpeakerOff: 2261:err = 0x00000000 status = 0xc05f tries = 27
D/TFA9890_OPPO(  249): tfa9890_SpeakerOff is close
D/TFA9890_OPPO(  249): tfa9890_SpeakerOff, 2279 g_bInFactoryMode = 0, g_bFactoryModeClosed = 0
D/AudioALSACodecDeviceOutSpeakerNXP(  249): close(), Audio_ExtCodec_EchoRef_Switch off
D/AudioALSACodecDeviceOutSpeakerNXP(  249): -close(), mClientCount = 0
D/AudioALSADriverUtility(  249): GetPropertyValue key = af.resouce.extdac_support value = 0
D/AudioALSAHardwareResourceManager(  249): winsn:-stopOutputDevice(), mOutputDevices = 0x0, mStartOutputDevicesCount = 0
D/AudioALSAPlaybackHandlerBase(  249): +closePcmDriver(), mPcm = 0xb7a4bfb8
D/AudioALSAPlaybackHandlerBase(  249): -closePcmDriver(), mPcm = 0x0
D/AudioALSAPlaybackHandlerNormal(  249): SetLowJitterMode() bEanble = 0 SampleRate = 44100
D/AudioALSAPlaybackHandlerBase(  249): DeinitDataPending
D/AudioALSAPlaybackHandlerBase(  249): delete mdataPendingTempBuffer
D/MtkAudioBitConverter(  249): +Close()
D/MtkAudioBitConverter(  249): -Close()
D/MtkAudioBitConverter(  249): +~MtkAudioBitConverter()
D/MtkAudioBitConverter(  249): -~MtkAudioBitConverter()
D/AudioMTKFilter(  249): AudioMTKFilter::stop() type 0 mode 4
D/MtkAudioLoud(  249): +ResetBuffer()
D/MtkAudioLoud(  249): -ResetBuffer()
D/AudioALSAHardwareResourceManager(  249): EnableAudBufClk(), bEanble = 0
D/AudioALSAPlaybackHandlerNormal(  249): +SetMHLChipEnable()
D/AudioALSAPlaybackHandlerNormal(  249): -close()
D/AudioALSAStreamManager(  249): +destroyPlaybackHandler(), mode = 0, pPlaybackHandler = 0xb7a3efc8
D/AudioALSAPlaybackHandlerNormal(  249): ~AudioALSAPlaybackHandlerNormal()
D/AudioALSAPlaybackHandlerBase(  249): ~AudioALSAPlaybackHandlerBase()
D/AudioALSAStreamManager(  249): -destroyPlaybackHandler(), mPlaybackHandlerVector.size() = 0
D/AudioFlinger_Thread(  249): releaseWakeLock_l() AudioOut_2
D/AudioFlinger_Thread(  249): thread 0xb49f0008 type 0 TID 1278 going to sleep
D/ADB_SERVICES( 8271): recv: CNXN 01000000 00001000 0007 host::
D/ADB_SERVICES( 8271): adb: offline
D/ADB_SERVICES( 8271): (null): run_transport_disconnects fd: 16
D/ADB_SERVICES( 8271): adb: online
D/ADB_SERVICES( 8271): Calling send_connect 
I/ATCIJ   ( 7118): Couldn't find 'atci-serv-fw' socket; retrying after timeout
E/Parcel  ( 5704): Reading a NULL string not supported here.
E/Parcel  ( 5704): Reading a NULL string not supported here.
D/dalvikvm( 1909): create interp thread : stack size=128KB
D/dalvikvm( 1909): create new thread
D/dalvikvm( 1909): new thread created
D/dalvikvm( 1909): update thread list
D/dalvikvm( 1909): threadid=81: interp stack at 0x7fd6b000
D/dalvikvm( 1909): threadid=81: created from interp
D/dalvikvm( 1909): start new thread
D/dalvikvm( 1909): threadid=81: notify debugger
D/dalvikvm( 1909): threadid=81 (TransferPipe): calling run()
D/dalvikvm( 1909): threadid=81: exiting
D/dalvikvm( 1909): threadid=81: bye!
V/AlarmManager( 1909): Checking for alarms... rtc=1513759665119, elapsed=74755
V/AlarmManager( 1909): sending alarm Alarm{43803130 type 0 com.moji.airnut}
V/AlarmManager( 1909): wakeup alarm = Alarm{43803130 type 0 com.moji.airnut}
V/ActivityManager( 1909): Broadcast: Intent { act=AlarmTaskSchedule.com.moji.airnut flg=0x94 (has extras) } ordered=true userid=0 callerApp=null
D/ActivityThread( 7921): BDC-Calling onReceive: intent=Intent { act=AlarmTaskSchedule.com.moji.airnut flg=0x94 (has extras) }, ordered=true, receiver=com.igexin.b.a.b.c@42956030, IIntentReceiver=42958a08
D/ActivityThread( 7921): BDC-Calling finishReceiver: IIntentReceiver=42958a08
D/SQLiteDatabase( 7921): beginTransaction()
D/SQLiteDatabase( 7921): endTransaction()
D/SQLiteDatabase( 7921): beginTransaction()
D/SQLiteDatabase( 7921): endTransaction()
W/ADB_SERVICES( 8271): create_local_service_socket() name=shell:wm size
W/ADB_SERVICES( 8271): service_to_fd() name=shell:wm size
W/ADB_SERVICES( 8271): read_meminfo() mem_free=1004008
W/ADB_SERVICES( 8271): create_subprocess() ret_fd=24 pid=9102
W/ADB_SERVICES( 8271): LS(1): bound to 'shell:wm size' via 24
D/ADB_SERVICES( 8271): adb local_socket_ready list (24) 
W/ADB_SERVICES( 9102): adb: unable to open /proc/9102/oom_adj
W/ADB_SERVICES( 8271): create_local_service_socket() name=shell:
W/ADB_SERVICES( 8271): service_to_fd() name=shell:
W/ADB_SERVICES( 8271): read_meminfo() mem_free=1004008
W/ADB_SERVICES( 8271): create_subprocess() ret_fd=25 pid=9104
W/ADB_SERVICES( 8271): LS(2): bound to 'shell:' via 25
W/ADB_SERVICES( 9104): adb: unable to open /proc/9104/oom_adj
D/ADB_SERVICES( 8271): adb socket read list (25) 
D/ADB_SERVICES( 8271): read_data=13
D/ADB_SERVICES( 8271): max_read_time=0.000037 max_send_time=0.000025 
D/WifiStateMachine( 1909): ConnectedState{ when=-3ms what=131155 arg1=4 target=com.android.internal.util.StateMachine$SmHandler target=Handler (com.android.internal.util.StateMachine$SmHandler) {43155f58} }
D/WifiStateMachine( 1909): L2ConnectedState{ when=-4ms what=131155 arg1=4 target=com.android.internal.util.StateMachine$SmHandler target=Handler (com.android.internal.util.StateMachine$SmHandler) {43155f58} }
D/WifiHW  ( 1909): enter -->wifi_send_command cmd=IFNAME=wlan0 SIGNAL_POLL
D/wpa_supplicant( 4185): RX ctrl_iface - hexdump(len=11): 53 49 47 4e 41 4c 5f 50 4f 4c 4c
D/wpa_supplicant( 4185): wlan0: Control interface command 'SIGNAL_POLL'
D/wpa_supplicant( 4185): nl80211: survey data missing!
D/wpa_supplicant( 4185): signal poll, reply_len=48
D/wpa_ctrl( 1909): reply_len=4095
D/WifiHW  ( 1909): leave --> reply=RSSI=-45
D/WifiHW  ( 1909): LINKSPEED=65
D/WifiHW  ( 1909): NOISE=9999
D/WifiHW  ( 1909): FREQUENCY=2412
D/WifiHW  ( 1909): 
D/wifi    ( 1909): doStringCommand, buf IFNAME=wlan0 SIGNAL_POLL
I/WifiStateMachine( 1909): fetchRssiAndLinkSpeedNative, newRssi:-45, newLinkSpeed:65, SSID:"60_dev_01"
D/WifiStateMachine( 1909): mRssiArray[0] = -38
D/WifiStateMachine( 1909): mRssiArray[1] = -38
D/WifiStateMachine( 1909): mRssiArray[2] = -41
D/WifiStateMachine( 1909): mRssiArray[3] = -41
D/WifiStateMachine( 1909): mRssiArray[4] = -36
D/WifiStateMachine( 1909): GetFilterRssi is : -39
D/WifiStateMachine( 1909): mLastSignalLevel:4, newSignalLevel:4
D/WifiStateMachine( 1909): fetchRssiAndLinkSpeedNative, ipAddr:1996597440
D/AndroidRuntime( 9102): 
D/AndroidRuntime( 9102): >>>>>> AndroidRuntime START com.android.internal.os.RuntimeInit <<<<<<
D/AndroidRuntime( 9102): CheckJNI is OFF
D/AndroidRuntime( 9102): language=-Duser.language=zh region=-Duser.region=CN
D/dalvikvm( 9102): boot class : 
D/dalvikvm( 9102):   (0) core.jar
D/dalvikvm( 9102):   (1) conscrypt.jar
D/dalvikvm( 9102):   (2) okhttp.jar
D/dalvikvm( 9102):   (3) core-junit.jar
D/dalvikvm( 9102):   (4) bouncycastle.jar
D/dalvikvm( 9102):   (5) ext.jar
D/dalvikvm( 9102):   (6) framework.jar
D/dalvikvm( 9102):   (7) framework2.jar
D/dalvikvm( 9102):   (8) telephony-common.jar
D/dalvikvm( 9102):   (9) voip-common.jar
D/dalvikvm( 9102):   (10) mms-common.jar
D/dalvikvm( 9102):   (11) android.policy.jar
D/dalvikvm( 9102):   (12) services.jar
D/dalvikvm( 9102):   (13) apache-xml.jar
D/dalvikvm( 9102):   (14) webviewchromium.jar
D/dalvikvm( 9102):   (15) mediatek-common.jar
D/dalvikvm( 9102):   (16) mediatek-framework.jar
D/dalvikvm( 9102):   (17) CustomProperties.jar
D/dalvikvm( 9102):   (18) mediatek-telephony-common.jar
D/dalvikvm( 9102):   (19) mediatek-tablet.jar
D/dalvikvm( 9102):   (20) oppo-framework.jar
D/dalvikvm( 9102):   (21) am.jar
D/dalvikvm( 9102): threadid=1: interp stack at 0x6d944000
D/dalvikvm( 9102): dvmJarFileOpen: /system/framework/core.jar
D/dalvikvm( 9102): dvmJarFileOpen: /system/framework/conscrypt.jar
D/dalvikvm( 9102): dvmJarFileOpen: /system/framework/okhttp.jar
D/ReserveFileInData( 9109): Total_size = 12702646272 B = 12404928 KB = 12114 MB = 11 GB
D/ReserveFileInData( 9109): Disk_free = 8948 MB = 8 GB
D/ReserveFileInData( 9109): Disk_available = 8932 MB = 8 GB
D/ReserveFileInData( 9109): availDataSize is 8932
D/dalvikvm( 9102): dvmJarFileOpen: /system/framework/core-junit.jar
D/dalvikvm( 9102): dvmJarFileOpen: /system/framework/bouncycastle.jar
D/dalvikvm( 9102): dvmJarFileOpen: /system/framework/ext.jar
D/dalvikvm( 9102): dvmJarFileOpen: /system/framework/framework.jar
D/dalvikvm( 9102): dvmJarFileOpen: /system/framework/framework2.jar
D/dalvikvm( 9102): dvmJarFileOpen: /system/framework/telephony-common.jar
D/dalvikvm( 9102): dvmJarFileOpen: /system/framework/voip-common.jar
D/dalvikvm( 9102): dvmJarFileOpen: /system/framework/mms-common.jar
D/dalvikvm( 9102): dvmJarFileOpen: /system/framework/android.policy.jar
D/dalvikvm( 9102): dvmJarFileOpen: /system/framework/services.jar
D/dalvikvm( 9102): dvmJarFileOpen: /system/framework/apache-xml.jar
D/dalvikvm( 9102): dvmJarFileOpen: /system/framework/webviewchromium.jar
D/dalvikvm( 9102): dvmJarFileOpen: /system/framework/mediatek-common.jar
D/dalvikvm( 9102): dvmJarFileOpen: /system/framework/mediatek-framework.jar
D/dalvikvm( 9102): dvmJarFileOpen: /system/framework/CustomProperties.jar
D/dalvikvm( 9102): dvmJarFileOpen: /system/framework/mediatek-telephony-common.jar
D/dalvikvm( 9102): dvmJarFileOpen: /system/framework/mediatek-tablet.jar
D/dalvikvm( 9102): dvmJarFileOpen: /system/framework/oppo-framework.jar
D/dalvikvm( 9102): open_cached_dex_file : /system/framework/oppo-framework.jar /data/dalvik-cache/system@framework@oppo-framework.jar@classes.dex
D/dalvikvm( 9102): process bootclasspath ex!!
D/dalvikvm( 9102): dvmJarFileOpen: /system/framework/mediatek-op.jar
D/dalvikvm( 9102): open_cached_dex_file : /system/framework/mediatek-op.jar /data/dalvik-cache/system@framework@mediatek-op.jar@classes.dex
D/dalvikvm( 9102): Trying to load lib libjavacore.so 0x0
D/dalvikvm( 9102): Added shared lib libjavacore.so 0x0
D/dalvikvm( 9102): Trying to load lib libnativehelper.so 0x0
D/dalvikvm( 9102): Added shared lib libnativehelper.so 0x0
D/dalvikvm( 9102): No JNI_OnLoad found in libnativehelper.so 0x0, skipping init
D/dalvikvm( 9102): +++ finishing prep on main VM thread
D/dalvikvm( 9102): dvmJarFileOpen: /system/framework/wm.jar
I/dalvikvm( 9102): DexOpt: mismatch dep name: '/data/dalvik-cache/system@framework@oppo-framework.jar@classes.dex' vs. '/system/framework/oppo-framework.odex'
D/dalvikvm( 9102): == DexOpt: numDeps = 21
D/dalvikvm( 9102): 0 : /system/framework/core.odex /system/framework/core.odex
D/dalvikvm( 9102): 1 : /system/framework/conscrypt.odex /system/framework/conscrypt.odex
D/dalvikvm( 9102): 2 : /system/framework/okhttp.odex /system/framework/okhttp.odex
D/dalvikvm( 9102): 3 : /system/framework/core-junit.odex /system/framework/core-junit.odex
D/dalvikvm( 9102): 4 : /system/framework/bouncycastle.odex /system/framework/bouncycastle.odex
D/dalvikvm( 9102): 5 : /system/framework/ext.odex /system/framework/ext.odex
D/dalvikvm( 9102): 6 : /system/framework/framework.odex /system/framework/framework.odex
D/dalvikvm( 9102): 7 : /system/framework/framework2.odex /system/framework/framework2.odex
D/dalvikvm( 9102): 8 : /system/framework/telephony-common.odex /system/framework/telephony-common.odex
D/dalvikvm( 9102): 9 : /system/framework/voip-common.odex /system/framework/voip-common.odex
D/dalvikvm( 9102): 10 : /system/framework/mms-common.odex /system/framework/mms-common.odex
D/dalvikvm( 9102): 11 : /system/framework/android.policy.odex /system/framework/android.policy.odex
D/dalvikvm( 9102): 12 : /system/framework/services.odex /system/framework/services.odex
D/dalvikvm( 9102): 13 : /system/framework/apache-xml.odex /system/framework/apache-xml.odex
D/dalvikvm( 9102): 14 : /system/framework/webviewchromium.odex /system/framework/webviewchromium.odex
D/dalvikvm( 9102): 15 : /system/framework/mediatek-common.odex /system/framework/mediatek-common.odex
D/dalvikvm( 9102): 16 : /system/framework/mediatek-framework.odex /system/framework/mediatek-framework.odex
D/dalvikvm( 9102): 17 : /system/framework/CustomProperties.odex /system/framework/CustomProperties.odex
D/dalvikvm( 9102): 18 : /system/framework/mediatek-telephony-common.odex /system/framework/mediatek-telephony-common.odex
D/dalvikvm( 9102): 19 : /system/framework/mediatek-tablet.odex /system/framework/mediatek-tablet.odex
D/dalvikvm( 9102): 20 : /system/framework/oppo-framework.odex /system/framework/oppo-framework.odex
D/dalvikvm( 9102): 21 : NULL NULL
E/dalvikvm( 9102): /system/framework/wm.jar odex has stale dependencies
D/dalvikvm( 9102): open_cached_dex_file : /system/framework/wm.jar /data/dalvik-cache/system@framework@wm.jar@classes.dex
D/dalvikvm( 9102): create interp thread : stack size=128KB
D/dalvikvm( 9102): create new thread
D/dalvikvm( 9102): new thread created
D/dalvikvm( 9102): update thread list
D/dalvikvm( 9102): threadid=2: interp stack at 0x72e8d000
D/dalvikvm( 9102): threadid=2: created from interp
D/dalvikvm( 9102): start new thread
D/dalvikvm( 9102): threadid=2: notify debugger
D/dalvikvm( 9102): threadid=2 (ReferenceQueueDaemon): calling run()
D/dalvikvm( 9102): create interp thread : stack size=128KB
D/dalvikvm( 9102): create new thread
D/dalvikvm( 9102): new thread created
D/dalvikvm( 9102): update thread list
D/dalvikvm( 9102): threadid=3: interp stack at 0x72fad000
D/dalvikvm( 9102): threadid=3: created from interp
D/dalvikvm( 9102): start new thread
D/dalvikvm( 9102): threadid=3: notify debugger
D/dalvikvm( 9102): threadid=3 (FinalizerDaemon): calling run()
D/dalvikvm( 9102): create interp thread : stack size=128KB
D/dalvikvm( 9102): create new thread
D/dalvikvm( 9102): new thread created
D/dalvikvm( 9102): update thread list
D/dalvikvm( 9102): threadid=4: interp stack at 0x730cd000
D/dalvikvm( 9102): threadid=4: created from interp
D/dalvikvm( 9102): start new thread
D/dalvikvm( 9102): threadid=4: notify debugger
D/dalvikvm( 9102): threadid=4 (FinalizerWatchdogDaemon): calling run()
D/dalvikvm( 9102): threadid=5: interp stack at 0x732ef000
D/dalvikvm( 9102): threadid=6: interp stack at 0x73410000
D/dalvikvm( 9102): Elevating priority from 0 to -8
D/jdwp    ( 9102): prepping for JDWP over ADB
D/dalvikvm( 9102): threadid=7: interp stack at 0x73533000
D/jdwp    ( 9102): JDWP: thread running
D/dalvikvm( 9102): threadid=8: interp stack at 0x73654000
D/jdwp    ( 9102): trying to receive file descriptor from ADB
D/ADB_SERVICES( 8271): Adding socket 26 pid 9102 to jdwp process list
D/dalvikvm( 9102): Note: class Landroid/app/ActivityManagerNative; has 194 unimplemented (abstract) methods
E/memtrack( 9102): Couldn't load memtrack module (No such file or directory)
E/android.os.Debug( 9102): failed to load memtrack module: -2
D/AndroidRuntime( 9102): Calling main entry com.android.commands.wm.Wm
D/dalvikvm( 9102): threadid=9: interp stack at 0x73b37000
D/dalvikvm( 9102): threadid=10: interp stack at 0x73c57000
D/ADB_SERVICES( 8271): adb fdevent_process list (23) (12) (24) (15) (25) (26) 
D/AndroidRuntime( 9102): Shutting down VM
D/dalvikvm( 9102): threadid=1: bye!
D/dalvikvm( 9102): threadid=9: bye!
D/dalvikvm( 9102): DestroyJavaVM waiting for non-daemon threads to exit
D/dalvikvm( 9102): threadid=1: interp stack at 0x73b37000
D/dalvikvm( 9102): threadid=10: last non-daemon thread
D/dalvikvm( 9102): threadid=10: bye!
D/dalvikvm( 9102): DestroyJavaVM shutting VM down
D/dalvikvm( 9102): VM shutting down
D/dalvikvm( 9102): between the previous GC alloc  702K
D/dalvikvm( 9102): GC_CONCURRENT freed 95K (978), 14% free 607K/704K, paused 0ms+1ms, total 3ms
D/dalvikvm( 9102): threadid=5: bye!
D/jdwp    ( 9102): JDWP shutting down net...
D/jdwp    ( 9102): +++ writing to wakePipe
E/jdwp    ( 9102): jdwp::setsockopt(SO_SNDTIMEO)
E/jdwp    ( 9102): jdwp::setsockopt(SO_RCVTIMEO)
D/jdwp    ( 9102): JDWP: thread exiting
D/dalvikvm( 9102): threadid=7: bye!
D/jdwp    ( 9102): JDWP freeing netstate...
W/ADB_SERVICES( 8271): terminating JDWP 9102 connection: Try again
D/ADB_SERVICES( 8271): remove pid 9102 to jdwp process list
I/dalvikvm( 9102): threadid=6: ignore signal 3
D/dalvikvm( 9102): threadid=6: bye!
D/dalvikvm( 9102): 119 compilations using 4096 + 13364 bytes
D/dalvikvm( 9102): Compiler arena uses 6 blocks (8100 bytes each)
D/dalvikvm( 9102): Compiler work queue length is 0/10
D/dalvikvm( 9102): JIT: table size is 4096, entries used is 127
D/dalvikvm( 9102): JIT: 127 traces, 4096 slots, 2 chains, 40 thresh, Non-blocking
D/dalvikvm( 9102): JIT: 70 Translation chains, 7 interp stubs
D/dalvikvm( 9102): dalvik.vm.jit.op = 0-2,7,a,c,e-f,11-14,1c-1e,20-21,23,28,2c,32-39,44,46,48-49,4b,4d,50,52,54-55,59,62,70-71,8e,90,95-96,b0-b1,b5,b7,d5,d8,da,dd,e0-e2,ee,f0-f2,f4-f6,f8,
D/dalvikvm( 9102): Code size stats: 0/546 (compiled/total Dalvik), 0 (native)
D/dalvikvm( 9102): Compiler thread shutting down
D/dalvikvm( 9102): threadid=8: bye!
D/dalvikvm( 9102): Compiler thread has shut down
D/dalvikvm( 9102): threadid=1: suspending daemon id=4 name='FinalizerWatchdogDaemon'
D/dalvikvm( 9102): threadid=1: suspending daemon id=3 name='FinalizerDaemon'
D/dalvikvm( 9102): threadid=1: suspending daemon id=2 name='ReferenceQueueDaemon'
D/dalvikvm( 9102): threadid=1: all daemons have suspended
D/dalvikvm( 9102): VM cleaning up
I/Process ( 1909): Sending signal. PID: 8631 SIG: 19
D/dalvikvm( 9102): LinearAlloc 0x0 used 1393748 of 33554432 (4%)
I/Process ( 1909): Sending signal. PID: 8665 SIG: 19
D/ADB_SERVICES( 8271):  closing because is_eof=1 r=-1 s->fde.force_eof=0
W/ADB_SERVICES( 8271): entered. LS(1) fd=24
W/ADB_SERVICES( 8271): create_local_service_socket() name=shell:cat /proc/meminfo
W/ADB_SERVICES( 8271): service_to_fd() name=shell:cat /proc/meminfo
W/ADB_SERVICES( 8271): read_meminfo() mem_free=1006748
W/ADB_SERVICES( 8271): create_subprocess() ret_fd=24 pid=9119
W/ADB_SERVICES( 8271): LS(3): bound to 'shell:cat /proc/meminfo' via 24
W/ADB_SERVICES( 9119): adb: unable to open /proc/9119/oom_adj
D/ADB_SERVICES( 8271):  closing because is_eof=1 r=-1 s->fde.force_eof=0
W/ADB_SERVICES( 8271): entered. LS(3) fd=24
W/ADB_SERVICES( 8271): create_local_service_socket() name=shell:cat /system/build.prop
W/ADB_SERVICES( 8271): service_to_fd() name=shell:cat /system/build.prop
W/ADB_SERVICES( 8271): read_meminfo() mem_free=1006748
W/ADB_SERVICES( 8271): create_subprocess() ret_fd=24 pid=9120
W/ADB_SERVICES( 8271): LS(4): bound to 'shell:cat /system/build.prop' via 24
W/ADB_SERVICES( 9120): adb: unable to open /proc/9120/oom_adj
D/ADB_SERVICES( 8271):  closing because is_eof=1 r=1 s->fde.force_eof=0
W/ADB_SERVICES( 8271): entered. LS(4) fd=24
D/dalvikvm( 8695): create interp thread : stack size=128KB
D/dalvikvm( 8695): create new thread
D/dalvikvm( 8695): new thread created
D/dalvikvm( 8695): update thread list
D/dalvikvm( 8695): threadid=16: interp stack at 0x79735000
D/dalvikvm( 8695): threadid=16: created from interp
D/dalvikvm( 8695): start new thread
D/dalvikvm( 8695): threadid=16: notify debugger
D/dalvikvm( 8695): threadid=16 (SharedPreferencesImpl-load): calling run()
D/dalvikvm( 8695): threadid=16: exiting
D/dalvikvm( 8695): threadid=16: bye!
I/Process ( 1909): Sending signal. PID: 8831 SIG: 19
W/ADB_SERVICES( 8271): create_local_service_socket() name=shell:cat /proc/cpuinfo
W/ADB_SERVICES( 8271): service_to_fd() name=shell:cat /proc/cpuinfo
W/ADB_SERVICES( 8271): read_meminfo() mem_free=1006748
W/ADB_SERVICES( 8271): create_subprocess() ret_fd=24 pid=9122
W/ADB_SERVICES( 8271): LS(5): bound to 'shell:cat /proc/cpuinfo' via 24
W/ADB_SERVICES( 9122): adb: unable to open /proc/9122/oom_adj
D/ADB_SERVICES( 8271):  closing because is_eof=1 r=-1 s->fde.force_eof=0
W/ADB_SERVICES( 8271): entered. LS(5) fd=24
W/ADB_SERVICES( 8271): create_local_service_socket() name=shell:monkey -p com.sixty.nidoneClient --throttle 5 --ignore-timeouts --ignore-crashes --monitor-native-crashes -v -v -v 10000
W/ADB_SERVICES( 8271): service_to_fd() name=shell:monkey -p com.sixty.nidoneClient --throttle 5 --ignore-timeouts --ignore-crashes --monitor-native-crashes -v -v -v 10000
W/ADB_SERVICES( 8271): read_meminfo() mem_free=1006748
W/ADB_SERVICES( 8271): create_subprocess() ret_fd=24 pid=9123
W/ADB_SERVICES( 8271): LS(6): bound to 'shell:monkey -p com.sixty.nidoneClient --throttle 5 --ignore-timeouts --ignore-crashes --monitor-native-crashes -v -v -v 10000' via 24
W/ADB_SERVICES( 9123): adb: unable to open /proc/9123/oom_adj
W/ADB_SERVICES( 8271): create_local_service_socket() name=shell:export ANDROID_LOG_TAGS="" ; exec logcat -d
W/ADB_SERVICES( 8271): service_to_fd() name=shell:export ANDROID_LOG_TAGS="" ; exec logcat -d
W/ADB_SERVICES( 8271): read_meminfo() mem_free=1006748
W/ADB_SERVICES( 8271): create_subprocess() ret_fd=26 pid=9124
W/ADB_SERVICES( 8271): LS(7): bound to 'shell:export ANDROID_LOG_TAGS="" ; exec logcat -d' via 26
W/ADB_SERVICES( 8271): create_local_service_socket() name=shell:cat /data/anr/traces.txt
W/ADB_SERVICES( 8271): service_to_fd() name=shell:cat /data/anr/traces.txt
W/ADB_SERVICES( 8271): read_meminfo() mem_free=1006708
W/ADB_SERVICES( 8271): create_subprocess() ret_fd=27 pid=9125
W/ADB_SERVICES( 8271): LS(8): bound to 'shell:cat /data/anr/traces.txt' via 27
W/ADB_SERVICES( 9124): adb: unable to open /proc/9124/oom_adj
W/ADB_SERVICES( 9125): adb: unable to open /proc/9125/oom_adj
D/ADB_SERVICES( 8271):  closing because is_eof=1 r=-1 s->fde.force_eof=0
W/ADB_SERVICES( 8271): entered. LS(8) fd=27
D/AndroidRuntime( 9123): 
D/AndroidRuntime( 9123): >>>>>> AndroidRuntime START com.android.internal.os.RuntimeInit <<<<<<
D/AndroidRuntime( 9123): CheckJNI is OFF
D/AndroidRuntime( 9123): language=-Duser.language=zh region=-Duser.region=CN
D/dalvikvm( 9123): boot class : 
D/dalvikvm( 9123):   (0) core.jar
D/dalvikvm( 9123):   (1) conscrypt.jar
D/dalvikvm( 9123):   (2) okhttp.jar
D/dalvikvm( 9123):   (3) core-junit.jar
D/dalvikvm( 9123):   (4) bouncycastle.jar
D/dalvikvm( 9123):   (5) ext.jar
D/dalvikvm( 9123):   (6) framework.jar
D/dalvikvm( 9123):   (7) framework2.jar
D/dalvikvm( 9123):   (8) telephony-common.jar
D/dalvikvm( 9123):   (9) voip-common.jar
D/dalvikvm( 9123):   (10) mms-common.jar
D/dalvikvm( 9123):   (11) android.policy.jar
D/dalvikvm( 9123):   (12) services.jar
D/dalvikvm( 9123):   (13) apache-xml.jar
D/dalvikvm( 9123):   (14) webviewchromium.jar
D/dalvikvm( 9123):   (15) mediatek-common.jar
D/dalvikvm( 9123):   (16) mediatek-framework.jar
D/dalvikvm( 9123):   (17) CustomProperties.jar
D/dalvikvm( 9123):   (18) mediatek-telephony-common.jar
D/dalvikvm( 9123):   (19) mediatek-tablet.jar
D/dalvikvm( 9123):   (20) oppo-framework.jar
D/dalvikvm( 9123):   (21) am.jar
D/dalvikvm( 9123): threadid=1: interp stack at 0x41a96000
D/dalvikvm( 9123): dvmJarFileOpen: /system/framework/core.jar
D/dalvikvm( 9123): dvmJarFileOpen: /system/framework/conscrypt.jar
D/dalvikvm( 9123): dvmJarFileOpen: /system/framework/okhttp.jar
D/dalvikvm( 9123): dvmJarFileOpen: /system/framework/core-junit.jar
D/ReserveFileInData( 9126): Total_size = 12702646272 B = 12404928 KB = 12114 MB = 11 GB
D/ReserveFileInData( 9126): Disk_free = 8948 MB = 8 GB
D/ReserveFileInData( 9126): Disk_available = 8932 MB = 8 GB
D/dalvikvm( 9123): dvmJarFileOpen: /system/framework/bouncycastle.jar
D/ReserveFileInData( 9126): availDataSize is 8932
D/dalvikvm( 9123): dvmJarFileOpen: /system/framework/ext.jar
D/dalvikvm( 9123): dvmJarFileOpen: /system/framework/framework.jar
D/dalvikvm( 9123): dvmJarFileOpen: /system/framework/framework2.jar
D/dalvikvm( 9123): dvmJarFileOpen: /system/framework/telephony-common.jar
D/dalvikvm( 9123): dvmJarFileOpen: /system/framework/voip-common.jar
D/dalvikvm( 9123): dvmJarFileOpen: /system/framework/mms-common.jar
D/dalvikvm( 9123): dvmJarFileOpen: /system/framework/android.policy.jar
D/dalvikvm( 9123): dvmJarFileOpen: /system/framework/services.jar
D/dalvikvm( 9123): dvmJarFileOpen: /system/framework/apache-xml.jar
D/dalvikvm( 9123): dvmJarFileOpen: /system/framework/webviewchromium.jar
D/dalvikvm( 9123): dvmJarFileOpen: /system/framework/mediatek-common.jar
D/dalvikvm( 9123): dvmJarFileOpen: /system/framework/mediatek-framework.jar
D/dalvikvm( 9123): dvmJarFileOpen: /system/framework/CustomProperties.jar
D/dalvikvm( 9123): dvmJarFileOpen: /system/framework/mediatek-telephony-common.jar
D/dalvikvm( 9123): dvmJarFileOpen: /system/framework/mediatek-tablet.jar
D/dalvikvm( 9123): dvmJarFileOpen: /system/framework/oppo-framework.jar
D/dalvikvm( 9123): open_cached_dex_file : /system/framework/oppo-framework.jar /data/dalvik-cache/system@framework@oppo-framework.jar@classes.dex
D/dalvikvm( 9123): process bootclasspath ex!!
D/dalvikvm( 9123): dvmJarFileOpen: /system/framework/mediatek-op.jar
D/dalvikvm( 9123): open_cached_dex_file : /system/framework/mediatek-op.jar /data/dalvik-cache/system@framework@mediatek-op.jar@classes.dex
D/dalvikvm( 9123): Trying to load lib libjavacore.so 0x0
D/dalvikvm( 9123): Added shared lib libjavacore.so 0x0
D/dalvikvm( 9123): Trying to load lib libnativehelper.so 0x0
D/dalvikvm( 9123): Added shared lib libnativehelper.so 0x0
D/dalvikvm( 9123): No JNI_OnLoad found in libnativehelper.so 0x0, skipping init
