--------- beginning of /dev/log/system
D/TelephonyRegistry( 1909): validateEventsAndUserLocked: valid=false r.callerUid=0 foregroundUser=0 r.events=256 events=16
D/TelephonyRegistry( 1909): validateEventsAndUserLocked: valid=false r.callerUid=0 foregroundUser=0 r.events=32 events=16
D/TelephonyRegistry( 1909): validateEventsAndUserLocked: valid=false r.callerUid=0 foregroundUser=0 r.events=256 events=16
D/TelephonyRegistry( 1909): validateEventsAndUserLocked: valid=false r.callerUid=0 foregroundUser=0 r.events=256 events=16
D/TelephonyRegistry( 1909): validateEventsAndUserLocked: valid=false r.callerUid=0 foregroundUser=0 r.events=256 events=16
V/ActivityManager( 1909): Broadcast sticky: Intent { act=android.provider.Telephony.SPN_STRINGS_UPDATED flg=0x10 (has extras) } ordered=false userid=0 callerApp=ProcessRecord{43187770 4362:com.android.phone/1001}
V/ActivityManager( 1909): Broadcast: Intent { act=com.oppo.weatherwidget.WEATHER_UPDATE flg=0x10 (has extras) } ordered=false userid=0 callerApp=ProcessRecord{430ca610 5192:com.oppo.weather/u0a67}
D/ActivityThread( 4675): BDC-Calling onReceive: intent=Intent { act=android.provider.Telephony.SPN_STRINGS_UPDATED flg=0x10 cmp=com.color.safecenter/com.color.datamonitor.trafficmonitor.receiver.UpdateEventReceiver (has extras) }, ordered=true, receiver=com.color.datamonitor.trafficmonitor.receiver.UpdateEventReceiver@42e59238
D/TelephonyRegistry( 1909): validateEventsAndUserLocked: valid=false r.callerUid=0 foregroundUser=0 r.events=32 events=16
D/TelephonyRegistry( 1909): validateEventsAndUserLocked: valid=false r.callerUid=0 foregroundUser=0 r.events=32 events=16
D/TelephonyRegistry( 1909): validateEventsAndUserLocked: valid=false r.callerUid=0 foregroundUser=0 r.events=32 events=16
D/TelephonyRegistry( 1909): validateEventsAndUserLocked: valid=false r.callerUid=0 foregroundUser=0 r.events=256 events=16
D/TelephonyRegistry( 1909): validateEventsAndUserLocked: valid=false r.callerUid=0 foregroundUser=0 r.events=256 events=16
D/TelephonyRegistry( 1909): validateEventsAndUserLocked: valid=false r.callerUid=0 foregroundUser=0 r.events=256 events=16
D/TelephonyRegistry( 1909): validateEventsAndUserLocked: valid=false r.callerUid=0 foregroundUser=0 r.events=256 events=16
D/TelephonyRegistry( 1909): validateEventsAndUserLocked: valid=false r.callerUid=0 foregroundUser=0 r.events=256 events=16
D/TelephonyRegistry( 1909): validateEventsAndUserLocked: valid=false r.callerUid=0 foregroundUser=0 r.events=256 events=16
D/TelephonyRegistry( 1909): validateEventsAndUserLocked: valid=false r.callerUid=0 foregroundUser=0 r.events=256 events=16
D/TelephonyRegistry( 1909): validateEventsAndUserLocked: valid=false r.callerUid=0 foregroundUser=0 r.events=256 events=16
D/ActivityThread( 4675): BDC-RECEIVER handled : 0 / ReceiverData{intent=Intent { act=android.provider.Telephony.SPN_STRINGS_UPDATED flg=0x10 cmp=com.color.safecenter/com.color.datamonitor.trafficmonitor.receiver.UpdateEventReceiver (has extras) } packageName=com.color.safecenter resultCode=-1 resultData=null resultExtras=null}
D/TelephonyRegistry( 1909): validateEventsAndUserLocked: valid=false r.callerUid=0 foregroundUser=0 r.events=256 events=16
D/TelephonyRegistry( 1909): validateEventsAndUserLocked: valid=false r.callerUid=0 foregroundUser=0 r.events=256 events=16
D/TelephonyRegistry( 1909): validateEventsAndUserLocked: valid=false r.callerUid=0 foregroundUser=0 r.events=256 events=16
D/TelephonyRegistry( 1909): validateEventsAndUserLocked: valid=false r.callerUid=0 foregroundUser=0 r.events=256 events=16
D/TelephonyRegistry( 1909): validateEventsAndUserLocked: valid=false r.callerUid=0 foregroundUser=0 r.events=256 events=16
D/TelephonyRegistry( 1909): validateEventsAndUserLocked: valid=false r.callerUid=0 foregroundUser=0 r.events=256 events=16
D/ActivityThread( 5192): BDC-Calling onReceive: intent=Intent { act=com.oppo.weatherwidget.WEATHER_UPDATE flg=0x10 cmp=com.oppo.weather/.receiver.AutoUpdateWeatherReceiver (has extras) }, ordered=true, receiver=com.oppo.weather.receiver.AutoUpdateWeatherReceiver@427d57d8
D/TelephonyRegistry( 1909): validateEventsAndUserLocked: valid=false r.callerUid=0 foregroundUser=0 r.events=256 events=16
D/TelephonyRegistry( 1909): validateEventsAndUserLocked: valid=false r.callerUid=0 foregroundUser=0 r.events=449 events=16
D/TelephonyRegistry( 1909): validateEventsAndUserLocked: valid=false r.callerUid=0 foregroundUser=0 r.events=32 events=16
D/TelephonyRegistry( 1909): validateEventsAndUserLocked: valid=false r.callerUid=0 foregroundUser=0 r.events=64 events=16
D/TelephonyRegistry( 1909): validateEventsAndUserLocked: valid=false r.callerUid=0 foregroundUser=0 r.events=64 events=16
D/TelephonyRegistry( 1909): validateEventsAndUserLocked: valid=false r.callerUid=0 foregroundUser=0 r.events=257 events=16
D/TelephonyRegistry( 1909): validateEventsAndUserLocked: valid=false r.callerUid=0 foregroundUser=0 r.events=64 events=16
D/TelephonyRegistry( 1909): validateEventsAndUserLocked: valid=false r.callerUid=0 foregroundUser=0 r.events=13 events=16
D/TelephonyRegistry( 1909): validateEventsAndUserLocked: valid=false r.callerUid=0 foregroundUser=0 r.events=1 events=16
D/TelephonyRegistry( 1909): validateEventsAndUserLocked: valid=true r.callerUid=0 foregroundUser=0 r.events=16 events=16
D/TelephonyRegistry( 1909): validateEventsAndUserLocked: valid=false r.callerUid=0 foregroundUser=0 r.events=33 events=16
D/TelephonyRegistry( 1909): validateEventsAndUserLocked: valid=false r.callerUid=0 foregroundUser=0 r.events=1 events=16
D/TelephonyRegistry( 1909): validateEventsAndUserLocked: valid=false r.callerUid=0 foregroundUser=0 r.events=257 events=16
D/TelephonyRegistry( 1909): validateEventsAndUserLocked: valid=false r.callerUid=0 foregroundUser=0 r.events=64 events=16
D/ConnectivityService( 1909): getActiveNetworkInfo:NetworkInfo: type: WIFI[], state: CONNECTED/CONNECTED, reason: (unspecified), extra: "60_test_01", roaming: false, failover: false, isAvailable: true, isConnectedToProvisioningNetwork: false, simId: 0/10067
D/TelephonyRegistry( 1909): validateEventsAndUserLocked: valid=false r.callerUid=0 foregroundUser=0 r.events=257 events=16
D/TelephonyRegistry( 1909): validateEventsAndUserLocked: valid=false r.callerUid=0 foregroundUser=0 r.events=64 events=16
D/TelephonyRegistry( 1909): validateEventsAndUserLocked: valid=false r.callerUid=0 foregroundUser=0 r.events=256 events=16
D/TelephonyRegistry( 1909): validateEventsAndUserLocked: valid=false r.callerUid=0 foregroundUser=0 r.events=256 events=16
D/TelephonyRegistry( 1909): validateEventsAndUserLocked: valid=false r.callerUid=0 foregroundUser=0 r.events=256 events=16
D/TelephonyRegistry( 1909): validateEventsAndUserLocked: valid=false r.callerUid=0 foregroundUser=0 r.events=256 events=16
D/TelephonyRegistry( 1909): validateEventsAndUserLocked: valid=false r.callerUid=0 foregroundUser=0 r.events=32 events=16
D/TelephonyRegistry( 1909): validateEventsAndUserLocked: valid=false r.callerUid=0 foregroundUser=0 r.events=256 events=16
D/TelephonyRegistry( 1909): validateEventsAndUserLocked: valid=false r.callerUid=0 foregroundUser=0 r.events=256 events=16
D/TelephonyRegistry( 1909): validateEventsAndUserLocked: valid=false r.callerUid=0 foregroundUser=0 r.events=256 events=16
D/TelephonyRegistry( 1909): validateEventsAndUserLocked: valid=false r.callerUid=0 foregroundUser=0 r.events=32 events=16
D/TelephonyRegistry( 1909): validateEventsAndUserLocked: valid=false r.callerUid=0 foregroundUser=0 r.events=64 events=16
D/TelephonyRegistry( 1909): validateEventsAndUserLocked: valid=false r.callerUid=0 foregroundUser=0 r.events=64 events=16
D/TelephonyRegistry( 1909): validateEventsAndUserLocked: valid=false r.callerUid=0 foregroundUser=0 r.events=13 events=16
D/TelephonyRegistry( 1909): validateEventsAndUserLocked: valid=false r.callerUid=0 foregroundUser=0 r.events=1 events=16
D/ActivityThread( 5192): BDC-RECEIVER handled : 0 / ReceiverData{intent=Intent { act=com.oppo.weatherwidget.WEATHER_UPDATE flg=0x10 cmp=com.oppo.weather/.receiver.AutoUpdateWeatherReceiver (has extras) } packageName=com.oppo.weather resultCode=-1 resultData=null resultExtras=null}
V/ActivityManager( 1909): Broadcast: Intent { act=com.oppo.weatherwidget.WEATHER_UPDATE flg=0x10 (has extras) } ordered=false userid=0 callerApp=ProcessRecord{430ca610 5192:com.oppo.weather/u0a67}
V/ActivityManager( 1909): Broadcast sticky: Intent { act=android.provider.Telephony.SPN_STRINGS_UPDATED flg=0x10 (has extras) } ordered=false userid=0 callerApp=ProcessRecord{43187770 4362:com.android.phone/1001}
D/TelephonyRegistry( 1909): validateEventsAndUserLocked: valid=false r.callerUid=0 foregroundUser=0 r.events=32 events=16
D/TelephonyRegistry( 1909): validateEventsAndUserLocked: valid=false r.callerUid=0 foregroundUser=0 r.events=64 events=16
D/TelephonyRegistry( 1909): validateEventsAndUserLocked: valid=false r.callerUid=0 foregroundUser=0 r.events=64 events=16
D/TelephonyRegistry( 1909): validateEventsAndUserLocked: valid=false r.callerUid=0 foregroundUser=0 r.events=13 events=16
D/TelephonyRegistry( 1909): validateEventsAndUserLocked: valid=false r.callerUid=0 foregroundUser=0 r.events=1 events=16
D/ActivityThread( 5192): SVC-SERVICE_ARGS handled : 0 / ServiceArgsData{token=android.os.BinderProxy@4271f058 startId=9 args=Intent { act=com.oppo.weather.auto_getlocalcity }}
D/ActivityThread( 5192): BDC-Calling onReceive: intent=Intent { act=com.oppo.weatherwidget.WEATHER_UPDATE flg=0x10 cmp=com.oppo.weather/.receiver.AutoUpdateWeatherReceiver (has extras) }, ordered=true, receiver=com.oppo.weather.receiver.AutoUpdateWeatherReceiver@427dd920
D/ActivityThread( 4362): BDC-Calling onReceive: intent=Intent { act=android.intent.action.SCREEN_ON flg=0x50000010 }, ordered=true, receiver=com.android.internal.telephony.dataconnection.DcTrackerBase$1@427704e8, IIntentReceiver=42770f48
D/ConnectivityService( 1909): getActiveNetworkInfo:NetworkInfo: type: WIFI[], state: CONNECTED/CONNECTED, reason: (unspecified), extra: "60_test_01", roaming: false, failover: false, isAvailable: true, isConnectedToProvisioningNetwork: false, simId: 0/10067
D/ActivityThread( 4362): BDC-Calling finishReceiver: IIntentReceiver=42770f48
I/ActivityManager( 1909): Start proc com.oppo.weather.locationservice for service com.oppo.weather.locationservice/.GetLocationService: pid=8770 uid=10068 gids={50068, 3003, 1028, 1015, 1023}
D/ActivityManager( 1909):  (1) delay start com.oppo.weather.locationservice startResult.usingWrapper false
D/ActivityThread( 4709): BDC-Calling onReceive: intent=Intent { act=android.intent.action.SCREEN_ON flg=0x50000010 }, ordered=true, receiver=com.coloros.oppoguardelf.OppoGuardElfMonitor$1@42749d50, IIntentReceiver=4274a628
D/ActivityThread( 4709): BDC-Calling finishReceiver: IIntentReceiver=4274a628
D/ActivityThread( 4362): BDC-Calling onReceive: intent=Intent { act=android.intent.action.SCREEN_ON flg=0x50000010 }, ordered=true, receiver=com.android.internal.telephony.gsm.GsmServiceStateTracker$1@427baed0, IIntentReceiver=427bcfb0
D/ActivityThread( 4362): BDC-Calling finishReceiver: IIntentReceiver=427bcfb0
D/ActivityThread( 5192): BDC-RECEIVER handled : 0 / ReceiverData{intent=Intent { act=com.oppo.weatherwidget.WEATHER_UPDATE flg=0x10 cmp=com.oppo.weather/.receiver.AutoUpdateWeatherReceiver (has extras) } packageName=com.oppo.weather resultCode=-1 resultData=null resultExtras=null}
D/ActivityThread( 4675): BDC-Calling onReceive: intent=Intent { act=android.provider.Telephony.SPN_STRINGS_UPDATED flg=0x10 cmp=com.color.safecenter/com.color.datamonitor.trafficmonitor.receiver.UpdateEventReceiver (has extras) }, ordered=true, receiver=com.color.datamonitor.trafficmonitor.receiver.UpdateEventReceiver@42e5be98
D/ActivityThread( 4675): BDC-RECEIVER handled : 0 / ReceiverData{intent=Intent { act=android.provider.Telephony.SPN_STRINGS_UPDATED flg=0x10 cmp=com.color.safecenter/com.color.datamonitor.trafficmonitor.receiver.UpdateEventReceiver (has extras) } packageName=com.color.safecenter resultCode=-1 resultData=null resultExtras=null}
V/AlarmManager( 1909): isAlarmNeedAlign : charging
V/AlarmManager( 1909): isAlarmNeedAlign : charging
D/ActivityThread( 4362): BDC-Calling onReceive: intent=Intent { act=android.intent.action.SCREEN_ON flg=0x50000010 }, ordered=true, receiver=com.android.internal.telephony.dataconnection.DcTrackerBase$1@427be248, IIntentReceiver=427be820
V/AlarmManager( 1909): isAlarmNeedAlign : charging
V/AlarmManager( 1909): isAlarmNeedAlign : charging
V/AlarmManager( 1909): isAlarmNeedAlign : charging
V/AlarmManager( 1909): isAlarmNeedAlign : charging
V/AlarmManager( 1909): isAlarmNeedAlign : charging
D/ActivityThread( 5192): SVC-SERVICE_ARGS handled : 0 / ServiceArgsData{token=android.os.BinderProxy@4271f058 startId=10 args=Intent { act=com.oppo.weather.auto_getlocalcity }}
D/ActivityThread( 4362): BDC-Calling finishReceiver: IIntentReceiver=427be820
V/AlarmManager( 1909): isAlarmNeedAlign : charging
V/AlarmManager( 1909): isAlarmNeedAlign : charging
V/AlarmManager( 1909): isAlarmNeedAlign : charging
V/AlarmManager( 1909): isAlarmNeedAlign : charging
V/AlarmManager( 1909): isAlarmNeedAlign : charging
V/AlarmManager( 1909): isAlarmNeedAlign : charging
V/AlarmManager( 1909): isAlarmNeedAlign : charging
V/AlarmManager( 1909): isAlarmNeedAlign : charging
V/AlarmManager( 1909): isAlarmNeedAlign : charging
V/AlarmManager( 1909): isAlarmNeedAlign : charging
V/AlarmManager( 1909): isAlarmNeedAlign : charging
V/AlarmManager( 1909): isAlarmNeedAlign : charging
V/AlarmManager( 1909): isAlarmNeedAlign : charging
D/ActivityThread( 4619): BDC-Calling onReceive: intent=Intent { act=android.intent.action.SCREEN_ON flg=0x50000010 }, ordered=true, receiver=com.kingsoft.email.EmailApplication$7@426de7f8, IIntentReceiver=42746fe8
V/AlarmManager( 1909): isAlarmNeedAlign : charging
V/AlarmManager( 1909): isAlarmNeedAlign : charging
V/AlarmManager( 1909): isAlarmNeedAlign : charging
V/AlarmManager( 1909): isAlarmNeedAlign : charging
V/AlarmManager( 1909): isAlarmNeedAlign : charging
V/AlarmManager( 1909): isAlarmNeedAlign : charging
V/AlarmManager( 1909): isAlarmNeedAlign : charging
V/AlarmManager( 1909): isAlarmNeedAlign : charging
V/AlarmManager( 1909): isAlarmNeedAlign : charging
V/AlarmManager( 1909): isAlarmNeedAlign : charging
V/AlarmManager( 1909): isAlarmNeedAlign : charging
V/AlarmManager( 1909): isAlarmNeedAlign : charging
V/ActivityManager( 1909): ensureActivitiesVisibleLocked: consider front
V/ActivityManager( 1909): ensureActivitiesVisibleLocked: consider back
V/AlarmManager( 1909): isAlarmNeedAlign : charging
D/ActivityThread( 4619): BDC-Calling finishReceiver: IIntentReceiver=42746fe8
V/AlarmManager( 1909): isAlarmNeedAlign : charging
V/AlarmManager( 1909): isAlarmNeedAlign : charging
V/AlarmManager( 1909): isAlarmNeedAlign : charging
V/AlarmManager( 1909): isAlarmNeedAlign : charging
V/AlarmManager( 1909): isAlarmNeedAlign : charging
V/AlarmManager( 1909): isAlarmNeedAlign : charging
V/AlarmManager( 1909): isAlarmNeedAlign : charging
V/AlarmManager( 1909): isAlarmNeedAlign : charging
V/AlarmManager( 1909): isAlarmNeedAlign : charging
V/AlarmManager( 1909): isAlarmNeedAlign : charging
V/AlarmManager( 1909): isAlarmNeedAlign : charging
V/AlarmManager( 1909): isAlarmNeedAlign : charging
D/ActivityThread( 4469): BDC-Calling onReceive: intent=Intent { act=android.intent.action.SCREEN_ON flg=0x50000010 }, ordered=true, receiver=com.oppo.realweather.AutoLocationUtils$2@429ca3e0, IIntentReceiver=42a09e38
V/ActivityManager( 1909): Broadcast: Intent { act=com.oppo.weatherwidget.WEATHER_UPDATE flg=0x10 (has extras) } ordered=false userid=0 callerApp=ProcessRecord{430ca610 5192:com.oppo.weather/u0a67}
D/ActivityThread( 4469): BDC-Calling finishReceiver: IIntentReceiver=42a09e38
D/ActivityThread( 5192): BDC-Calling onReceive: intent=Intent { act=com.oppo.weatherwidget.WEATHER_UPDATE flg=0x10 cmp=com.oppo.weather/.receiver.AutoUpdateWeatherReceiver (has extras) }, ordered=true, receiver=com.oppo.weather.receiver.AutoUpdateWeatherReceiver@427e5b48
D/ConnectivityService( 1909): getActiveNetworkInfo:NetworkInfo: type: WIFI[], state: CONNECTED/CONNECTED, reason: (unspecified), extra: "60_test_01", roaming: false, failover: false, isAvailable: true, isConnectedToProvisioningNetwork: false, simId: 0/10067
D/ActivityThread( 4675): BDC-Calling onReceive: intent=Intent { act=android.intent.action.SCREEN_ON flg=0x50000010 }, ordered=true, receiver=com.color.safecenterservices.PowerSaveService$PowerSaveReceiver@4271c100, IIntentReceiver=428e2268
D/ActivityManager( 1909): getContentProviderImpl: from caller=android.app.ApplicationThreadProxy@431a9e40 (pid=8770, userId=0) to get content provider settings cpr=ContentProviderRecord{42dd08e0 u0 com.android.providers.settings/.SettingsProvider}
D/ActivityManager( 1909): getContentProviderImpl: updateLruProcessLocked cpr.proc=ProcessRecord{4272b1e0 1909:system/1000}
D/ActivityThread( 8770): hoder:android.app.IActivityManager$ContentProviderHolder@426d8f30,provider,holder.Provider:android.content.ContentProviderProxy@426d96b0
D/ActivityThread( 5192): BDC-RECEIVER handled : 0 / ReceiverData{intent=Intent { act=com.oppo.weatherwidget.WEATHER_UPDATE flg=0x10 cmp=com.oppo.weather/.receiver.AutoUpdateWeatherReceiver (has extras) } packageName=com.oppo.weather resultCode=-1 resultData=null resultExtras=null}
D/ActivityThread( 5192): SVC-SERVICE_ARGS handled : 0 / ServiceArgsData{token=android.os.BinderProxy@4271f058 startId=11 args=Intent { act=com.oppo.weather.auto_getlocalcity }}
D/ActivityThread( 8770): BIND_APPLICATION handled : 0 / AppBindData{appInfo=ApplicationInfo{426d5f10 com.oppo.weather.locationservice}}
D/ActivityThread( 8770): SVC-Creating service: CreateServiceData{token=android.os.BinderProxy@426d6af0 className=com.oppo.weather.locationservice.GetLocationService packageName=com.oppo.weather.locationservice intent=null}
D/ActivityThread( 8770): SVC-CREATE_SERVICE handled : 0 / CreateServiceData{token=android.os.BinderProxy@426d6af0 className=com.oppo.weather.locationservice.GetLocationService packageName=com.oppo.weather.locationservice intent=null}
D/ActivityThread( 4675): BDC-Calling finishReceiver: IIntentReceiver=428e2268
D/ActivityThread( 8770): SVC-SERVICE_ARGS handled : 0 / ServiceArgsData{token=android.os.BinderProxy@426d6af0 startId=1 args=Intent { cmp=com.oppo.weather.locationservice/.GetLocationService (has extras) }}
D/ActivityThread( 8770): SVC-SERVICE_ARGS handled : 0 / ServiceArgsData{token=android.os.BinderProxy@426d6af0 startId=2 args=Intent { cmp=com.oppo.weather.locationservice/.GetLocationService (has extras) }}
D/ActivityThread( 8770): SVC-SERVICE_ARGS handled : 0 / ServiceArgsData{token=android.os.BinderProxy@426d6af0 startId=3 args=Intent { cmp=com.oppo.weather.locationservice/.GetLocationService (has extras) }}
D/ActivityThread( 5381): BDC-Calling onReceive: intent=Intent { act=android.intent.action.SCREEN_ON flg=0x50000010 }, ordered=true, receiver=com.tencent.mobileqq.msf.sdk.utils.MonitorSocketStat$a@4279d570, IIntentReceiver=4279d740
D/ActivityThread( 5381): BDC-Calling finishReceiver: IIntentReceiver=4279d740
D/ActivityThread( 5580): BDC-Calling onReceive: intent=Intent { act=android.intent.action.SCREEN_ON flg=0x50000010 }, ordered=true, receiver=com.kingroot.common.framework.broadcast.KSysBroadcastReceiver@42921a58, IIntentReceiver=42921aa0
D/ActivityThread( 5580): BDC-Calling finishReceiver: IIntentReceiver=42921aa0
D/ConnectivityService( 1909): getActiveNetworkInfo:NetworkInfo: type: WIFI[], state: CONNECTED/CONNECTED, reason: (unspecified), extra: "60_test_01", roaming: false, failover: false, isAvailable: true, isConnectedToProvisioningNetwork: false, simId: 0/10098
D/ConnectivityService( 1909): getActiveNetworkInfo:NetworkInfo: type: WIFI[], state: CONNECTED/CONNECTED, reason: (unspecified), extra: "60_test_01", roaming: false, failover: false, isAvailable: true, isConnectedToProvisioningNetwork: false, simId: 0/10098
D/ConnectivityService( 1909): getActiveNetworkInfo:NetworkInfo: type: WIFI[], state: CONNECTED/CONNECTED, reason: (unspecified), extra: "60_test_01", roaming: false, failover: false, isAvailable: true, isConnectedToProvisioningNetwork: false, simId: 0/10098
D/PowerManagerService( 1909): unblankAllDisplays 1
D/DisplayManagerService( 1909): updateDisplayBlankingLocked for 内置屏幕, flag=15
D/DisplayManagerService( 1909): mAllDisplayBlankStateFromPowerManager: 2
I/ActivityManager( 1909): Start proc com.oppo.weather.locationservice:remote for service com.oppo.weather.locationservice/com.baidu.location.f: pid=8799 uid=10068 gids={50068, 3003, 1028, 1015, 1023}
D/ActivityManager( 1909):  (1) delay start com.oppo.weather.locationservice:remote startResult.usingWrapper false
I/ActivityManager( 1909): [Background Service Priority Adjustment] Process.setProcessGroup to Process.THREAD_GROUP_BG_NONINTERACTIVE, app.pid: 8799
D/PowerManagerService( 1909): unblankAllDisplays 2
I/PowerManagerDisplayController( 1909): useProximityForceSuspend = false
D/PowerManagerDisplayController( 1909): Unblocked screen on after 69203 ms
D/PowerManagerDisplayController( 1909): dismissElectronBeam
D/ElectronBeam( 1909): dismiss
D/ConnectivityService( 1909): getActiveNetworkInfo:NetworkInfo: type: WIFI[], state: CONNECTED/CONNECTED, reason: (unspecified), extra: "60_test_01", roaming: false, failover: false, isAvailable: true, isConnectedToProvisioningNetwork: false, simId: 0/10068
D/ActivityThread( 5381): BDC-Calling onReceive: intent=Intent { act=android.intent.action.SCREEN_ON flg=0x50000010 }, ordered=true, receiver=com.tencent.mobileqq.msf.core.e.a@428463a0, IIntentReceiver=4279f2e8
I/PowerManagerDisplayController( 1909): useProximityForceSuspend = false
D/ActivityThread( 5381): BDC-Calling finishReceiver: IIntentReceiver=4279f2e8
D/PowerManagerDisplayController( 1909): dismissElectronBeam
D/ElectronBeam( 1909): dismiss
D/ActivityThread( 5381): BDC-Calling onReceive: intent=Intent { act=android.intent.action.SCREEN_ON flg=0x50000010 }, ordered=true, receiver=com.tencent.mobileqq.msf.core.y@427d5a10, IIntentReceiver=42c6a560
D/ActivityThread( 5381): BDC-Calling finishReceiver: IIntentReceiver=42c6a560
V/ActivityManager( 1909): Broadcast: Intent { act=com.kingroot.master.action.NOTIFY_STATISTIC flg=0x10 pkg=com.kingroot.master (has extras) } ordered=false userid=0 callerApp=ProcessRecord{4299cd98 5704:com.kingroot.master:task/u0a98}
D/ActivityThread( 5704): SVC-SERVICE_ARGS handled : 0 / ServiceArgsData{token=android.os.BinderProxy@426ca508 startId=9 args=Intent { cmp=com.kingroot.master/com.kingroot.common.framework.task.KTaskSysService (has extras) }}
D/ActivityThread( 5580): BDC-Calling onReceive: intent=Intent { act=com.kingroot.master.action.NOTIFY_STATISTIC flg=0x10 pkg=com.kingroot.master cmp=com.kingroot.master/com.kingroot.common.framework.broadcast.KSysBroadcastReceiver (has extras) }, ordered=true, receiver=com.kingroot.common.framework.broadcast.KSysBroadcastReceiver@428afd18
D/ActivityThread( 5580): BDC-RECEIVER handled : 0 / ReceiverData{intent=Intent { act=com.kingroot.master.action.NOTIFY_STATISTIC flg=0x10 pkg=com.kingroot.master cmp=com.kingroot.master/com.kingroot.common.framework.broadcast.KSysBroadcastReceiver (has extras) } packageName=com.kingroot.master resultCode=-1 resultData=null resultExtras=null}
D/ActivityThread( 6219): BDC-Calling onReceive: intent=Intent { act=android.intent.action.SCREEN_ON flg=0x50000010 }, ordered=true, receiver=com.tencent.mm.modelmulti.p$12@42a7d328, IIntentReceiver=42a7d3c8
D/ActivityThread( 6219): BDC-Calling finishReceiver: IIntentReceiver=42a7d3c8
D/ActivityManager( 1909): getContentProviderImpl: from caller=android.app.ApplicationThreadProxy@42c95bd8 (pid=5704, userId=0) to get content provider com.kingroot.common.mpstorage cpr=ContentProviderRecord{43279dd8 u0 com.kingroot.master/com.kingroot.common.filesystem.storage.MpStorageProvider}
D/ActivityManager( 1909): getContentProviderImpl: updateLruProcessLocked cpr.proc=ProcessRecord{432a3280 5580:com.kingroot.master:service/u0a98}
D/ActivityThread( 5704): hoder:android.app.IActivityManager$ContentProviderHolder@42a21bb0,provider,holder.Provider:android.content.ContentProviderProxy@42a221f0
D/ActivityThread( 5192): SVC-SERVICE_ARGS handled : 0 / ServiceArgsData{token=android.os.BinderProxy@4273b410 startId=9 args=Intent { act=com.oppo.weather.download_weatherinfo (has extras) }}
D/ActivityThread( 5192): SVC-SERVICE_ARGS handled : 0 / ServiceArgsData{token=android.os.BinderProxy@4273b410 startId=10 args=Intent { act=com.oppo.weather.download_weatherinfo (has extras) }}
V/ActivityManager( 1909): ensureActivitiesVisibleLocked: consider front
V/ActivityManager( 1909): ensureActivitiesVisibleLocked: consider back
V/ActivityManager( 1909): Broadcast: Intent { act=com.kingroot.master.action.NOTIFY_STATISTIC flg=0x10 pkg=com.kingroot.master (has extras) } ordered=false userid=0 callerApp=ProcessRecord{4299cd98 5704:com.kingroot.master:task/u0a98}
D/ActivityThread( 6219): BDC-Calling onReceive: intent=Intent { act=android.intent.action.SCREEN_ON flg=0x50000010 }, ordered=true, receiver=com.tencent.mm.plugin.i.b$2@429a5870, IIntentReceiver=4299c698
D/ActivityThread( 6219): BDC-Calling finishReceiver: IIntentReceiver=4299c698
V/ActivityManager( 1909): Broadcast: Intent { act=com.kingroot.master.action.NOTIFY_STATISTIC flg=0x10 pkg=com.kingroot.master (has extras) } ordered=false userid=0 callerApp=ProcessRecord{4299cd98 5704:com.kingroot.master:task/u0a98}
D/ActivityManager( 1909): getContentProviderImpl: from caller=android.app.ApplicationThreadProxy@42db9bf0 (pid=8799, userId=0) to get content provider settings cpr=ContentProviderRecord{42dd08e0 u0 com.android.providers.settings/.SettingsProvider}
D/ActivityManager( 1909): getContentProviderImpl: updateLruProcessLocked cpr.proc=ProcessRecord{4272b1e0 1909:system/1000}
D/ActivityThread( 8799): hoder:android.app.IActivityManager$ContentProviderHolder@426d9df0,provider,holder.Provider:android.content.ContentProviderProxy@426da570
D/ActivityThread( 5580): BDC-Calling onReceive: intent=Intent { act=com.kingroot.master.action.NOTIFY_STATISTIC flg=0x10 pkg=com.kingroot.master cmp=com.kingroot.master/com.kingroot.common.framework.broadcast.KSysBroadcastReceiver (has extras) }, ordered=true, receiver=com.kingroot.common.framework.broadcast.KSysBroadcastReceiver@42dad600
D/ActivityThread( 5580): BDC-RECEIVER handled : 0 / ReceiverData{intent=Intent { act=com.kingroot.master.action.NOTIFY_STATISTIC flg=0x10 pkg=com.kingroot.master cmp=com.kingroot.master/com.kingroot.common.framework.broadcast.KSysBroadcastReceiver (has extras) } packageName=com.kingroot.master resultCode=-1 resultData=null resultExtras=null}
D/ActivityThread( 6219): BDC-Calling onReceive: intent=Intent { act=android.intent.action.SCREEN_ON flg=0x50000010 }, ordered=true, receiver=com.tencent.mm.plugin.dbbackup.d$9@42c67368, IIntentReceiver=42c6f170
D/ActivityThread( 6219): BDC-Calling finishReceiver: IIntentReceiver=42c6f170
D/ActivityThread( 8799): BIND_APPLICATION handled : 0 / AppBindData{appInfo=ApplicationInfo{426d7088 com.oppo.weather.locationservice}}
D/ActivityThread( 5580): BDC-Calling onReceive: intent=Intent { act=com.kingroot.master.action.NOTIFY_STATISTIC flg=0x10 pkg=com.kingroot.master cmp=com.kingroot.master/com.kingroot.common.framework.broadcast.KSysBroadcastReceiver (has extras) }, ordered=true, receiver=com.kingroot.common.framework.broadcast.KSysBroadcastReceiver@427ff5a8
D/ActivityThread( 8799): SVC-Creating service: CreateServiceData{token=android.os.BinderProxy@426d7c68 className=com.baidu.location.f packageName=com.oppo.weather.locationservice intent=null}
D/ActivityThread( 5580): BDC-RECEIVER handled : 0 / ReceiverData{intent=Intent { act=com.kingroot.master.action.NOTIFY_STATISTIC flg=0x10 pkg=com.kingroot.master cmp=com.kingroot.master/com.kingroot.common.framework.broadcast.KSysBroadcastReceiver (has extras) } packageName=com.kingroot.master resultCode=-1 resultData=null resultExtras=null}
D/ActivityThread( 5192): SVC-SERVICE_ARGS handled : 0 / ServiceArgsData{token=android.os.BinderProxy@4273b410 startId=11 args=Intent { act=com.oppo.weather.download_weatherinfo (has extras) }}
D/ActivityThread( 7434): BDC-Calling onReceive: intent=Intent { act=android.intent.action.SCREEN_ON flg=0x50000010 }, ordered=true, receiver=com.oppo.activation.ActivationService$ServiceBroadcastReceiver@42700d20, IIntentReceiver=42700d68
D/ActivityThread( 8799): SVC-CREATE_SERVICE handled : 0 / CreateServiceData{token=android.os.BinderProxy@426d7c68 className=com.baidu.location.f packageName=com.oppo.weather.locationservice intent=null}
D/ActivityThread( 7434): BDC-Calling finishReceiver: IIntentReceiver=42700d68
D/ActivityThread( 8799): SVC-BIND_SERVICE handled : 0 / BindServiceData{token=android.os.BinderProxy@426d7c68 intent=Intent { cmp=com.oppo.weather.locationservice/com.baidu.location.f (has extras) }}
D/TelephonyRegistry( 1909): listen: E pkg=com.oppo.weather.locationservice events=0x110 myUid=0 callerUid=0
I/TelephonyRegistry( 1909): listen: add new record={pkgForDebug=com.oppo.weather.locationservice callerUid=0 events=0}
D/TelephonyRegistry( 1909): validateEventsAndUserLocked: valid=true r.callerUid=0 foregroundUser=0 r.events=272 events=16
D/ActivityThread( 7467): BDC-Calling onReceive: intent=Intent { act=android.intent.action.SCREEN_ON flg=0x50000010 }, ordered=true, receiver=com.tencent.tbs.common.baseinfo.TBSBroadcastReceiver$c@42aab7a8, IIntentReceiver=427150e8
D/ActivityThread( 7467): BDC-Calling finishReceiver: IIntentReceiver=427150e8
D/TelephonyRegistry( 1909): isValidCellLocation : cellLocation= Bundle[{cid=-1, lac=-1, psc=-1, type=1}], isValid=false
D/ActivityThread( 7921): BDC-Calling onReceive: intent=Intent { act=android.intent.action.SCREEN_ON flg=0x50000010 }, ordered=true, receiver=com.igexin.push.core.n@42838b18, IIntentReceiver=42838b60
D/ActivityThread( 7921): BDC-Calling finishReceiver: IIntentReceiver=42838b60
D/TelephonyRegistry( 1909): validateEventsAndUserLocked: valid=false r.callerUid=0 foregroundUser=0 r.events=272 events=1024
D/ActivityThread( 7921): BDC-Calling onReceive: intent=Intent { act=android.intent.action.SCREEN_ON flg=0x50000010 }, ordered=true, receiver=com.igexin.b.a.b.c@42956030, IIntentReceiver=42958a08
D/ActivityThread( 7921): BDC-Calling finishReceiver: IIntentReceiver=42958a08
D/WifiService( 1909): getWifiServiceMessenger, pid:8799, uid:10068
D/WifiService( 1909): New client listening to asynchronous messages
D/ActivityThread( 8631): BDC-Calling onReceive: intent=Intent { act=android.intent.action.SCREEN_ON flg=0x50000010 }, ordered=true, receiver=com.igexin.push.core.n@427623b0, IIntentReceiver=427623f8
D/ActivityThread( 8631): BDC-Calling finishReceiver: IIntentReceiver=427623f8
D/ConnectivityService( 1909): getActiveNetworkInfo:NetworkInfo: type: WIFI[], state: CONNECTED/CONNECTED, reason: (unspecified), extra: "60_test_01", roaming: false, failover: false, isAvailable: true, isConnectedToProvisioningNetwork: false, simId: 0/0
D/ActivityThread( 8631): BDC-Calling onReceive: intent=Intent { act=android.intent.action.SCREEN_ON flg=0x50000010 }, ordered=true, receiver=com.igexin.b.a.b.c@427632e8, IIntentReceiver=42765068
D/ActivityThread( 8631): BDC-Calling finishReceiver: IIntentReceiver=42765068
D/ConnectivityService( 1909): getActiveNetworkInfo:NetworkInfo: type: WIFI[], state: CONNECTED/CONNECTED, reason: (unspecified), extra: "60_test_01", roaming: false, failover: false, isAvailable: true, isConnectedToProvisioningNetwork: false, simId: 0/0
D/ConnectivityService( 1909): getActiveNetworkInfo:NetworkInfo: type: WIFI[], state: CONNECTED/CONNECTED, reason: (unspecified), extra: "60_test_01", roaming: false, failover: false, isAvailable: true, isConnectedToProvisioningNetwork: false, simId: 0/0
D/ConnectivityService( 1909): getActiveNetworkInfo:NetworkInfo: type: WIFI[], state: CONNECTED/CONNECTED, reason: (unspecified), extra: "60_test_01", roaming: false, failover: false, isAvailable: true, isConnectedToProvisioningNetwork: false, simId: 0/0
D/ConnectivityService( 1909): getActiveNetworkInfo:NetworkInfo: type: WIFI[], state: CONNECTED/CONNECTED, reason: (unspecified), extra: "60_test_01", roaming: false, failover: false, isAvailable: true, isConnectedToProvisioningNetwork: false, simId: 0/10068
D/ActivityManager( 1909): getContentProviderImpl: from caller=android.app.ApplicationThreadProxy@43492c78 (pid=5580, userId=0) to get content provider com.nearme.romupdate.provider.db cpr=ContentProviderRecord{428a7250 u0 com.nearme.romupdate/.provider.db.RomUpdateContentProvider}
D/ActivityManager( 1909): getContentProviderImpl: updateLruProcessLocked cpr.proc=ProcessRecord{42b66560 4070:com.nearme.romupdate/u0a80}
D/ActivityThread( 5580): hoder:android.app.IActivityManager$ContentProviderHolder@42f9cb10,provider,holder.Provider:android.content.ContentProviderProxy@42ab7aa8
D/ConnectivityService( 1909): getActiveNetworkInfo:NetworkInfo: type: WIFI[], state: CONNECTED/CONNECTED, reason: (unspecified), extra: "60_test_01", roaming: false, failover: false, isAvailable: true, isConnectedToProvisioningNetwork: false, simId: 0/10068
I/FrameworkListener(  243): onDataAvailable get 45 bytes 
D/ConnectivityService( 1909): getActiveNetworkInfo:NetworkInfo: type: WIFI[], state: CONNECTED/CONNECTED, reason: (unspecified), extra: "60_test_01", roaming: false, failover: false, isAvailable: true, isConnectedToProvisioningNetwork: false, simId: 0/10068
I/FrameworkListener(  243): onDataAvailable get 45 bytes 
D/ActivityManager( 1909): getContentProviderImpl: from caller=android.app.ApplicationThreadProxy@428fe4f0 (pid=5580, userId=0) to get content provider com.nearme.romupdate.provider.db cpr=ContentProviderRecord{428a7250 u0 com.nearme.romupdate/.provider.db.RomUpdateContentProvider}
D/ActivityManager( 1909): getContentProviderImpl: updateLruProcessLocked cpr.proc=ProcessRecord{42b66560 4070:com.nearme.romupdate/u0a80}
D/ActivityThread( 5580): hoder:android.app.IActivityManager$ContentProviderHolder@42db2058,provider,holder.Provider:android.content.ContentProviderProxy@427db7f0
D/ActivityThread( 4788): SVC-SERVICE_ARGS handled : 0 / ServiceArgsData{token=android.os.BinderProxy@426d9db0 startId=9 args=Intent { cmp=com.nearme.statistics.rom/.service.ReceiverService (has extras) }}
D/ActivityManager( 1909): setLockScreenShown: shown=false
D/ActivityManager( 1909): comeOutOfSleepIfNeededLocked: mWentToSleep=false, mLockScreenShown=false, mSleeping=true
W/ContextImpl( 1909): Calling a method in the system process without a qualified user: android.app.ContextImpl.sendBroadcast:1345 com.android.server.am.OppoProtectEyeManagerService.sendProtectEyeBroadcast:167 com.android.server.am.OppoProtectEyeManagerService.handleProtectEyeMode:152 com.android.server.am.ActivityStack.resumeTopActivityLocked:2177 com.android.server.am.ActivityStackSupervisor.resumeTopActivitiesLocked:3644 
V/ActivityManager( 1909): Broadcast: Intent { act=android.intent.action.OPPO_ROM_APP_CHANGE flg=0x10 (has extras) } ordered=false userid=0 callerApp=ProcessRecord{4272b1e0 1909:system/1000}
V/ActivityManager( 1909): ensureActivitiesVisibleLocked: consider front
V/ActivityManager( 1909): ensureActivitiesVisibleLocked: consider back
V/ActivityManager( 1909): ensureActivitiesVisibleLocked: consider front
V/ActivityManager( 1909): ensureActivitiesVisibleLocked: consider back
D/ActivityThread( 4469): SVC-UNBIND_SERVICE handled : 0 / BindServiceData{token=android.os.BinderProxy@427c3c20 intent=Intent { cmp=com.oppo.launcher/com.oppo.keyguardservice.KeyGuardDismissedService }}
D/ActivityThread( 4469): SVC-Destroying service: com.oppo.keyguardservice.KeyGuardDismissedService@4299b7b0
D/ActivityThread( 4469): SVC-STOP_SERVICE handled : 0 / android.os.BinderProxy@427c3c20
D/ActivityThread( 4675): BDC-Calling onReceive: intent=Intent { act=android.intent.action.OPPO_ROM_APP_CHANGE flg=0x10 cmp=com.color.safecenter/com.color.datamonitor.networkcontrol.PackageReceiver (has extras) }, ordered=true, receiver=com.color.datamonitor.networkcontrol.PackageReceiver@42e671f0
D/ConnectivityService( 1909): getActiveNetworkInfo:NetworkInfo: type: WIFI[], state: CONNECTED/CONNECTED, reason: (unspecified), extra: "60_test_01", roaming: false, failover: false, isAvailable: true, isConnectedToProvisioningNetwork: false, simId: 0/1000
V/ActivityManager( 1909): Broadcast: Intent { act=android.intent.action.USER_PRESENT flg=0x24000010 } ordered=false userid=0 callerApp=ProcessRecord{4291fea0 4024:com.android.keyguard/u0a7}
D/ActivityThread( 4788): SVC-SERVICE_ARGS handled : 0 / ServiceArgsData{token=android.os.BinderProxy@426d9db0 startId=10 args=Intent { cmp=com.nearme.statistics.rom/.service.ReceiverService (has extras) }}
D/ActivityThread( 4675): BDC-RECEIVER handled : 0 / ReceiverData{intent=Intent { act=android.intent.action.OPPO_ROM_APP_CHANGE flg=0x10 cmp=com.color.safecenter/com.color.datamonitor.networkcontrol.PackageReceiver (has extras) } packageName=com.color.safecenter resultCode=-1 resultData=null resultExtras=null}
V/ActivityThread( 4469): Performing resume of ActivityRecord{426d1578 token=android.os.BinderProxy@426d0d20 {com.oppo.launcher/com.oppo.launcher.Launcher}} finished=false
D/WifiService( 1909): onReceive, action:android.intent.action.USER_PRESENT
D/WifiController( 1909): DeviceActiveState{ when=0 what=155660 target=com.android.internal.util.StateMachine$SmHandler target=Handler (com.android.internal.util.StateMachine$SmHandler) {43167268} }
D/ConnectivityService( 1909): getActiveNetworkInfo:NetworkInfo: type: WIFI[], state: CONNECTED/CONNECTED, reason: (unspecified), extra: "60_test_01", roaming: false, failover: false, isAvailable: true, isConnectedToProvisioningNetwork: false, simId: 0/10098
D/ConnectivityService( 1909): getActiveNetworkInfo:NetworkInfo: type: WIFI[], state: CONNECTED/CONNECTED, reason: (unspecified), extra: "60_test_01", roaming: false, failover: false, isAvailable: true, isConnectedToProvisioningNetwork: false, simId: 0/10098
V/ActivityManager( 1909): Broadcast: Intent { act=com.oppo.weatherwidget.WEATHER_UPDATE flg=0x10 (has extras) } ordered=false userid=0 callerApp=ProcessRecord{430ca610 5192:com.oppo.weather/u0a67}
D/ActivityThread( 8695): BDC-Calling onReceive: intent=Intent { act=android.intent.action.USER_PRESENT flg=0x24000010 cmp=cn.wps.moffice_eng/cn.wps.moffice.service.receivers.MonitorServiceReceiver }, ordered=true, receiver=cn.wps.moffice.service.receivers.MonitorServiceReceiver@427ca740
D/ActivityThread( 4469): ACT-AM_ON_RESUME_CALLED ActivityRecord{426d1578 token=android.os.BinderProxy@426d0d20 {com.oppo.launcher/com.oppo.launcher.Launcher}}
V/ActivityThread( 4469): Resume ActivityRecord{426d1578 token=android.os.BinderProxy@426d0d20 {com.oppo.launcher/com.oppo.launcher.Launcher}} started activity: false, hideForNow: false, finished: false
V/ActivityThread( 4469): Resuming ActivityRecord{426d1578 token=android.os.BinderProxy@426d0d20 {com.oppo.launcher/com.oppo.launcher.Launcher}} with isForward=true
V/ActivityThread( 4469): Scheduling idle handler for ActivityRecord{426d1578 token=android.os.BinderProxy@426d0d20 {com.oppo.launcher/com.oppo.launcher.Launcher}}
V/WindowManager( 1909): Changing focus from Window{4322f188 u0 Keyguard EXITING} to Window{43479410 u0 com.oppo.launcher/com.oppo.launcher.Launcher} Callers=com.android.server.wm.WindowManagerService.relayoutWindow:3728 com.android.server.wm.Session.relayout:191 android.view.IWindowSession$Stub.onTransact:235 com.android.server.wm.Session.onTransact:126 
I/ActivityManager( 1909): Start proc cn.wps.moffice_eng:pushservice for service cn.wps.moffice_eng/cn.wps.moffice.service.MOfficeSyncService: pid=8831 uid=10086 gids={50086, 3003, 1028, 1015, 1023}
D/ActivityManager( 1909):  (1) delay start cn.wps.moffice_eng:pushservice startResult.usingWrapper false
I/ActivityManager( 1909): [Background Service Priority Adjustment] Process.setProcessGroup to Process.THREAD_GROUP_BG_NONINTERACTIVE, app.pid: 8831
I/WindowManager( 1909): Gaining focus: Window{43479410 u0 com.oppo.launcher/com.oppo.launcher.Launcher}
I/WindowManager( 1909): Losing focus: Window{4322f188 u0 Keyguard EXITING}
D/ActivityThread( 4469): ACT-RESUME_ACTIVITY handled : 1 / android.os.BinderProxy@426d0d20
V/ActivityManager( 1909): Broadcast: Intent { act=com.kingroot.master.action.NOTIFY_STATISTIC flg=0x10 pkg=com.kingroot.master (has extras) } ordered=false userid=0 callerApp=ProcessRecord{4299cd98 5704:com.kingroot.master:task/u0a98}
D/ActivityThread( 8695): BDC-RECEIVER handled : 0 / ReceiverData{intent=Intent { act=android.intent.action.USER_PRESENT flg=0x24000010 cmp=cn.wps.moffice_eng/cn.wps.moffice.service.receivers.MonitorServiceReceiver } packageName=cn.wps.moffice_eng resultCode=-1 resultData=null resultExtras=null}
D/ActivityThread( 5704): SVC-SERVICE_ARGS handled : 0 / ServiceArgsData{token=android.os.BinderProxy@426ca508 startId=10 args=Intent { cmp=com.kingroot.master/com.kingroot.common.framework.task.KTaskSysService (has extras) }}
D/ActivityThread( 4536): BDC-Calling onReceive: intent=Intent { act=android.intent.action.USER_PRESENT flg=0x24000010 cmp=com.kingroot.kinguser/com.kingroot.common.framework.broadcast.KSysBroadcastReceiver }, ordered=true, receiver=com.kingroot.common.framework.broadcast.KSysBroadcastReceiver@42ea42d0
D/ActivityManager( 1909): getContentProviderImpl: from caller=android.app.ApplicationThreadProxy@42a07958 (pid=5704, userId=0) to get content provider com.kingroot.common.mpstorage cpr=ContentProviderRecord{43279dd8 u0 com.kingroot.master/com.kingroot.common.filesystem.storage.MpStorageProvider}
D/PowerManagerService( 1909): release partial wake lock with ON_AFTER_RELEASE, do nothing
D/ActivityThread( 4536): BDC-RECEIVER handled : 0 / ReceiverData{intent=Intent { act=android.intent.action.USER_PRESENT flg=0x24000010 cmp=com.kingroot.kinguser/com.kingroot.common.framework.broadcast.KSysBroadcastReceiver } packageName=com.kingroot.kinguser resultCode=0 resultData=null resultExtras=null}
D/ActivityThread( 5704): hoder:android.app.IActivityManager$ContentProviderHolder@42a240c0,provider,holder.Provider:android.content.ContentProviderProxy@427a1fe0
D/ConnectivityService( 1909): getActiveNetworkInfo:NetworkInfo: type: WIFI[], state: CONNECTED/CONNECTED, reason: (unspecified), extra: "60_test_01", roaming: false, failover: false, isAvailable: true, isConnectedToProvisioningNetwork: false, simId: 0/10097
V/InputMethodManagerService( 1909): windowGainedFocus: android.os.BinderProxy@43476e48 controlFlags=#104 softInputMode=#130 windowFlags=#5900100
D/ActivityThread( 8648): SVC-Creating service: CreateServiceData{token=android.os.BinderProxy@427bf8a8 className=com.igexin.sdk.PushService packageName=cn.wps.moffice_eng intent=null}
D/ActivityThread( 8648): SVC-CREATE_SERVICE handled : 0 / CreateServiceData{token=android.os.BinderProxy@427bf8a8 className=com.igexin.sdk.PushService packageName=cn.wps.moffice_eng intent=null}
D/ActivityThread( 8648): SVC-SERVICE_ARGS handled : 0 / ServiceArgsData{token=android.os.BinderProxy@427bf8a8 startId=1 args=Intent { cmp=cn.wps.moffice_eng/com.igexin.sdk.PushService }}
D/ConnectivityService( 1909): getActiveNetworkInfo:NetworkInfo: type: WIFI[], state: CONNECTED/CONNECTED, reason: (unspecified), extra: "60_test_01", roaming: false, failover: false, isAvailable: true, isConnectedToProvisioningNetwork: false, simId: 0/10097
D/ActivityThread( 5580): BDC-Calling onReceive: intent=Intent { act=android.intent.action.USER_PRESENT flg=0x24000010 cmp=com.kingroot.master/com.kingroot.common.framework.broadcast.KSysBroadcastReceiver }, ordered=true, receiver=com.kingroot.common.framework.broadcast.KSysBroadcastReceiver@42ca1ca8
D/ActivityThread( 5580): BDC-RECEIVER handled : 0 / ReceiverData{intent=Intent { act=android.intent.action.USER_PRESENT flg=0x24000010 cmp=com.kingroot.master/com.kingroot.common.framework.broadcast.KSysBroadcastReceiver } packageName=com.kingroot.master resultCode=0 resultData=null resultExtras=null}
V/ActivityManager( 1909): Broadcast: Intent { act=com.kingroot.common.ACTION_TOP_ACTIVITY_CHANGED flg=0x10 (has extras) } ordered=false userid=0 callerApp=ProcessRecord{431a6e60 4536:com.kingroot.kinguser:service/u0a97}
D/ConnectivityService( 1909): getActiveNetworkInfo:NetworkInfo: type: WIFI[], state: CONNECTED/CONNECTED, reason: (unspecified), extra: "60_test_01", roaming: false, failover: false, isAvailable: true, isConnectedToProvisioningNetwork: false, simId: 0/10098
V/ActivityManager( 1909): Broadcast: Intent { act=com.kingroot.master.action.NOTIFY_STATISTIC flg=0x10 pkg=com.kingroot.master (has extras) } ordered=false userid=0 callerApp=ProcessRecord{4299cd98 5704:com.kingroot.master:task/u0a98}
V/ActivityManager( 1909): Broadcast: Intent { act=com.kingroot.common.ACTION_SWITCH_IN_DESKTOP flg=0x10 } ordered=false userid=0 callerApp=ProcessRecord{431a6e60 4536:com.kingroot.kinguser:service/u0a97}
D/ConnectivityService( 1909): getActiveNetworkInfo:NetworkInfo: type: WIFI[], state: CONNECTED/CONNECTED, reason: (unspecified), extra: "60_test_01", roaming: false, failover: false, isAvailable: true, isConnectedToProvisioningNetwork: false, simId: 0/10098
D/ActivityThread( 8648): SVC-SERVICE_ARGS handled : 0 / ServiceArgsData{token=android.os.BinderProxy@427bf8a8 startId=2 args=Intent { act=com.igexin.sdk.action.service.message pkg=cn.wps.moffice_eng }}
V/ActivityManager( 1909): ensureActivitiesVisibleLocked: consider front
V/ActivityManager( 1909): ensureActivitiesVisibleLocked: consider back
V/ActivityManager( 1909): Broadcast: Intent { act=com.kingroot.master.action.NOTIFY_STATISTIC flg=0x10 pkg=com.kingroot.master (has extras) } ordered=false userid=0 callerApp=ProcessRecord{4299cd98 5704:com.kingroot.master:task/u0a98}
V/ActivityManager( 1909): Broadcast: Intent { act=com.kingroot.common.ACTION_TOP_APP_CHANGED flg=0x10 (has extras) } ordered=false userid=0 callerApp=ProcessRecord{431a6e60 4536:com.kingroot.kinguser:service/u0a97}
D/ActivityManager( 1909): getContentProviderImpl: from caller=android.app.ApplicationThreadProxy@4279a0b0 (pid=8831, userId=0) to get content provider settings cpr=ContentProviderRecord{42dd08e0 u0 com.android.providers.settings/.SettingsProvider}
D/ActivityManager( 1909): getContentProviderImpl: updateLruProcessLocked cpr.proc=ProcessRecord{4272b1e0 1909:system/1000}
V/ActivityManager( 1909): Broadcast: Intent { act=com.kingroot.master.action.NOTIFY_STATISTIC flg=0x10 pkg=com.kingroot.master (has extras) } ordered=false userid=0 callerApp=ProcessRecord{4299cd98 5704:com.kingroot.master:task/u0a98}
D/ActivityThread( 8665): BDC-Calling onReceive: intent=Intent { act=android.intent.action.USER_PRESENT flg=0x24000010 cmp=io.dcloud.HBuilder/io.dcloud.appstream.receiver.DaemonReceiver }, ordered=true, receiver=io.dcloud.appstream.receiver.DaemonReceiver@4270b9e8
D/ActivityThread( 5704): SVC-SERVICE_ARGS handled : 0 / ServiceArgsData{token=android.os.BinderProxy@426ca508 startId=11 args=Intent { cmp=com.kingroot.master/com.kingroot.common.framework.task.KTaskSysService (has extras) }}
D/ActivityThread( 8831): hoder:android.app.IActivityManager$ContentProviderHolder@426dae08,provider,holder.Provider:android.content.ContentProviderProxy@426db588
D/ActivityManager( 1909): getContentProviderImpl: from caller=android.app.ApplicationThreadProxy@430c88c8 (pid=5704, userId=0) to get content provider com.kingroot.common.mpstorage cpr=ContentProviderRecord{43279dd8 u0 com.kingroot.master/com.kingroot.common.filesystem.storage.MpStorageProvider}
D/ActivityThread( 5704): hoder:android.app.IActivityManager$ContentProviderHolder@42a26640,provider,holder.Provider:android.content.ContentProviderProxy@42a26c60
V/ActivityManager( 1909): Broadcast: Intent { act=com.kingroot.master.action.NOTIFY_STATISTIC flg=0x10 pkg=com.kingroot.master (has extras) } ordered=false userid=0 callerApp=ProcessRecord{4299cd98 5704:com.kingroot.master:task/u0a98}
V/ActivityManager( 1909): Broadcast: Intent { act=com.kingroot.master.action.NOTIFY_STATISTIC flg=0x10 pkg=com.kingroot.master (has extras) } ordered=false userid=0 callerApp=ProcessRecord{4299cd98 5704:com.kingroot.master:task/u0a98}
I/ActivityManager( 1909): Start proc io.dcloud.HBuilder:daemon for service io.dcloud.HBuilder/io.dcloud.appstream.service.DaemonService: pid=8855 uid=10244 gids={50244, 1028, 1015, 1023, 3003, 3002, 3001}
D/ActivityManager( 1909):  (1) delay start io.dcloud.HBuilder:daemon startResult.usingWrapper false
I/ActivityManager( 1909): [Background Service Priority Adjustment] Process.setProcessGroup to Process.THREAD_GROUP_BG_NONINTERACTIVE, app.pid: 8855
D/ActivityThread( 8665): BDC-RECEIVER handled : 0 / ReceiverData{intent=Intent { act=android.intent.action.USER_PRESENT flg=0x24000010 cmp=io.dcloud.HBuilder/io.dcloud.appstream.receiver.DaemonReceiver } packageName=io.dcloud.HBuilder resultCode=0 resultData=null resultExtras=null}
D/ActivityManager( 1909): getContentProviderImpl: from caller=android.app.ApplicationThreadProxy@431d0298 (pid=4536, userId=0) to get content provider com.nearme.romupdate.provider.db cpr=ContentProviderRecord{428a7250 u0 com.nearme.romupdate/.provider.db.RomUpdateContentProvider}
D/ActivityManager( 1909): getContentProviderImpl: updateLruProcessLocked cpr.proc=ProcessRecord{42b66560 4070:com.nearme.romupdate/u0a80}
D/ActivityThread( 4536): hoder:android.app.IActivityManager$ContentProviderHolder@429d1ff8,provider,holder.Provider:android.content.ContentProviderProxy@42ecb380
