V/AlarmManager( 1909): isAlarmNeedAlign : charging
I/BTIF_CORE( 6839): in profile[0] handler!
I/BTIF_CORE( 6839): out profile[0] handler!
I/BTIF_CORE( 6839): in profile[3] handler!
I/BTIF_CORE( 6839): out profile[3] handler!
I/BTIF_CORE( 6839): in profile[5] handler!
I/BTIF_CORE( 6839): out profile[5] handler!
I/BTIF_CORE( 6839): in profile[1] handler!
I/BTIF_CORE( 6839): out profile[1] handler!
I/BTIF_CORE( 6839): in profile[11] handler!
I/BTIF_CORE( 6839): out profile[11] handler!
I/BTIF_CORE( 6839): in profile[18] handler!
I/BTIF_CORE( 6839): out profile[18] handler!
I/BTIF_CORE( 6839): in profile[12] handler!
I/BTIF_CORE( 6839): out profile[12] handler!
I/BTIF_CORE( 6839): in profile[21] handler!
D/BTIF_GATT_CLIENT( 6839): [GATT] gattc_handle_message
D/BTIF_GATT_CLIENT( 6839): [GATT] gattc_handle_message : msg_id=4005
D/BTIF_GATT_CLIENT( 6839): [GATT] findContextByContext
D/BTIF_GATT_CLIENT( 6839): [GATT] context[0] = 0xb7065afc found
D/BTIF_GATT_CLIENT( 6839): [GATT] gattc_handle_scan_result_ind
I/BT_UTILS( 6839): btmtk_util_reverse_array: dest addr=0x47:F4:CC:62:40:8C
V/AlarmManager( 1909): set(PendingIntent{4312f000: PendingIntentRecord{4352d338 com.kingroot.kinguser broadcastIntent}}) : type=0 triggerAtTime=1513759962332 win=-1 tElapsed=371968 maxElapsed=596968 interval=0 standalone=false
D/BtGatt.GattService( 6839): onScanResult() - address=47:F4:CC:62:40:8C, rssi=-90
V/AlarmManager( 1909): remove(operation) changed bounds; rebatching
V/AlarmManager( 1909): isAlarmNeedAlign : charging
V/AlarmManager( 1909): isAlarmNeedAlign : charging
D/BluetoothAdapter( 6876): onScanResult() - Device=47:F4:CC:62:40:8C RSSI=-90
V/AlarmManager( 1909): Adding Alarm{42f0f200 type 2 com.nearme.statistics.rom} to Batch{42f0f178 num=2 start=95974 end=5495974}
V/AlarmManager( 1909):     => now Batch{42f0f178 num=2 start=95977 end=5495974}
V/AlarmManager( 1909): isAlarmNeedAlign : charging
V/AlarmManager( 1909): Adding Alarm{42f7f210 type 2 com.tencent.mm} to Batch{42f0f178 num=3 start=95977 end=5495974}
V/AlarmManager( 1909):     => now Batch{42f0f178 num=3 start=284203 end=443379}
V/AlarmManager( 1909): Adding Alarm{43017e90 type 0 android} to Batch{42f0f178 num=4 start=284203 end=443379}
V/AlarmManager( 1909):     => now Batch{42f0f178 num=4 start=302585 end=302585}
V/AlarmManager( 1909): isAlarmNeedAlign : charging
V/AlarmManager( 1909): Adding Alarm{431b1bd8 type 0 android} to Batch{431b1b50 num=2 start=313124 end=493990}
V/AlarmManager( 1909):     => now Batch{431b1b50 num=2 start=332589 end=332589}
V/AlarmManager( 1909): isAlarmNeedAlign : charging
V/AlarmManager( 1909): isAlarmNeedAlign : charging
V/AlarmManager( 1909): Adding Alarm{437e9990 type 2 com.tencent.mm} to Batch{437e9908 num=2 start=335691 end=560691}
V/AlarmManager( 1909):     => now Batch{437e9908 num=2 start=344233 end=548431}
V/AlarmManager( 1909): isAlarmNeedAlign : charging
V/AlarmManager( 1909): Adding Alarm{437e9b48 type 0 com.kingroot.kinguser} to Batch{437e9908 num=3 start=344233 end=548431}
V/AlarmManager( 1909):     => now Batch{437e9908 num=3 start=344233 end=544460}
V/AlarmManager( 1909): isAlarmNeedAlign : charging
I/BTIF_CORE( 6839): out profile[21] handler!
I/BTIF_CORE( 6839): [btif_task]:Start polling!
V/AlarmManager( 1909): Adding Alarm{4399d6c0 type 0 com.kingroot.master} to Batch{437e9908 num=4 start=344233 end=544460}
V/AlarmManager( 1909):     => now Batch{437e9908 num=4 start=344233 end=544460}
V/AlarmManager( 1909): isAlarmNeedAlign : charging
V/AlarmManager( 1909): isAlarmNeedAlign : charging
V/AlarmManager( 1909): Adding Alarm{42e4cb38 type 0 com.kingroot.kinguser} to Batch{42e4cab0 num=2 start=630376 end=1049181}
V/AlarmManager( 1909):     => now Batch{42e4cab0 num=2 start=630376 end=1037550}
V/AlarmManager( 1909): isAlarmNeedAlign : charging
V/AlarmManager( 1909): Adding Alarm{430e9f08 type 0 com.kingroot.master} to Batch{42e4cab0 num=3 start=630376 end=1037550}
V/AlarmManager( 1909):     => now Batch{42e4cab0 num=3 start=630376 end=1037550}
D/OpenSSLLib( 4536): OpensslErr:Module:13(114:155); file:external/openssl/crypto/asn1/asn1_lib.c ;Line:142;Function:ASN1_get_object
V/AlarmManager( 1909): Adding Alarm{435e1d28 type 0 android} to Batch{42e4cab0 num=4 start=630376 end=1037550}
V/AlarmManager( 1909):     => now Batch{42e4cab0 num=4 start=632574 end=632574}
V/AlarmManager( 1909): isAlarmNeedAlign : charging
V/AlarmManager( 1909): isAlarmNeedAlign : charging
V/AlarmManager( 1909): Adding Alarm{42ffa2d8 type 0 com.kingroot.kinguser} to Batch{42ffa250 num=2 start=635377 end=1057932}
V/AlarmManager( 1909):     => now Batch{42ffa250 num=2 start=920577 end=1057932}
V/AlarmManager( 1909): isAlarmNeedAlign : charging
V/AlarmManager( 1909): Adding Alarm{431835b8 type 0 com.tencent.mm} to Batch{42ffa250 num=3 start=920577 end=1057932}
V/AlarmManager( 1909):     => now Batch{42ffa250 num=3 start=935678 end=1057932}
V/AlarmManager( 1909): isAlarmNeedAlign : charging
V/AlarmManager( 1909): isAlarmNeedAlign : charging
V/AlarmManager( 1909): Adding Alarm{4343b7b8 type 3 com.kingroot.kinguser} to Batch{4343b730 num=2 start=1819697 end=3169697}
V/AlarmManager( 1909):     => now Batch{4343b730 num=2 start=1820706 end=3169697}
V/AlarmManager( 1909): isAlarmNeedAlign : charging
V/AlarmManager( 1909): Adding Alarm{43494c20 type 3 com.kingroot.master} to Batch{4343b730 num=3 start=1820706 end=3169697}
V/AlarmManager( 1909):     => now Batch{4343b730 num=3 start=1824917 end=3169697}
V/AlarmManager( 1909): isAlarmNeedAlign : charging
V/AlarmManager( 1909): Adding Alarm{4357ebd8 type 0 com.kingroot.kinguser} to Batch{4343b730 num=4 start=1824917 end=3169697}
V/AlarmManager( 1909):     => now Batch{4343b730 num=4 start=1824917 end=3137560}
V/AlarmManager( 1909): isAlarmNeedAlign : charging
V/AlarmManager( 1909): Adding Alarm{4360a7e0 type 0 com.kingroot.master} to Batch{4343b730 num=5 start=1824917 end=3137560}
V/AlarmManager( 1909):     => now Batch{4343b730 num=5 start=1827393 end=3137560}
V/AlarmManager( 1909): Adding Alarm{4299d340 type 0 android} to Batch{4343b730 num=6 start=1827393 end=3137560}
V/AlarmManager( 1909):     => now Batch{4343b730 num=6 start=1832576 end=1832576}
V/AlarmManager( 1909): isAlarmNeedAlign : charging
V/AlarmManager( 1909): isAlarmNeedAlign : charging
D/ActivityManager( 1909): getContentProviderImpl: from caller=android.app.ApplicationThreadProxy@42fb3910 (pid=4536, userId=0) to get content provider com.kingroot.kingusesr.taskprovider cpr=ContentProviderRecord{43816958 u0 com.kingroot.kinguser/.filesystem.storage.KuTaskProvider}
V/AlarmManager( 1909): Adding Alarm{42fcd710 type 1 com.nearme.statistics.rom} to Batch{42fcd580 num=2 start=5499835 end=9570733}
D/ActivityManager( 1909): getContentProviderImpl: updateLruProcessLocked cpr.proc=ProcessRecord{42ac5190 8599:com.kingroot.kinguser:task/u0a97}
V/AlarmManager( 1909):     => now Batch{42fcd580 num=2 start=7243002 end=9570733}
V/AlarmManager( 1909): isAlarmNeedAlign : charging
V/AlarmManager( 1909): Adding Alarm{430fe0f0 type 1 com.oppo.yellowpage} to Batch{42fcd580 num=3 start=7243002 end=9570733}
V/AlarmManager( 1909):     => now Batch{42fcd580 num=3 start=7244076 end=9570733}
V/AlarmManager( 1909): isAlarmNeedAlign : charging
V/AlarmManager( 1909): Adding Alarm{4394b600 type 0 com.nearme.gamecenter} to Batch{42fcd580 num=4 start=7244076 end=9570733}
V/AlarmManager( 1909):     => now Batch{42fcd580 num=4 start=9470049 end=9570733}
V/AlarmManager( 1909): isAlarmNeedAlign : charging
V/AlarmManager( 1909): isAlarmNeedAlign : charging
V/AlarmManager( 1909): Adding Alarm{42f59b88 type 0 com.oppo.market} to Batch{42f59b00 num=2 start=10835658 end=18908423}
V/AlarmManager( 1909):     => now Batch{42f59b00 num=2 start=14395868 end=18908423}
V/AlarmManager( 1909): isAlarmNeedAlign : charging
V/AlarmManager( 1909): Adding Alarm{430c3578 type 1 com.nearme.feedback} to Batch{430c34d0 num=2 start=19418856 end=33929019}
V/AlarmManager( 1909):     => now Batch{430c34d0 num=2 start=21641771 end=21641771}
V/AlarmManager( 1909): isAlarmNeedAlign : charging
V/AlarmManager( 1909): isAlarmNeedAlign : charging
V/AlarmManager( 1909): Adding Alarm{43184f18 type 0 com.color.safecenter} to Batch{43184e90 num=2 start=22409635 end=39162883}
V/AlarmManager( 1909):     => now Batch{43184e90 num=2 start=22797253 end=39162883}
V/AlarmManager( 1909): Adding Alarm{43188030 type 0 com.oppo.wallpaper} to Batch{43184e90 num=3 start=22797253 end=39162883}
V/AlarmManager( 1909):     => now Batch{43184e90 num=3 start=26009636 end=26009636}
V/AlarmManager( 1909): isAlarmNeedAlign : charging
V/AlarmManager( 1909): Adding Alarm{4318e2a8 type 1 com.oppo.launcher} to Batch{43184e90 num=4 start=26009636 end=26009636}
V/AlarmManager( 1909):     => now Batch{43184e90 num=4 start=26009636 end=26009636}
V/AlarmManager( 1909): isAlarmNeedAlign : charging
V/AlarmManager( 1909): Adding Alarm{4350e440 type 0 com.oupeng.max.sdk} to Batch{43184e90 num=5 start=26009636 end=26009636}
V/AlarmManager( 1909):     => now Batch{43184e90 num=5 start=26009636 end=26009636}
V/AlarmManager( 1909): isAlarmNeedAlign : charging
V/AlarmManager( 1909): isAlarmNeedAlign : charging
V/AlarmManager( 1909): Adding Alarm{42d25018 type 1 com.sohu.inputmethod.sogouoem} to Batch{43184e90 num=6 start=26009636 end=26009636}
V/AlarmManager( 1909):     => now Batch{43184e90 num=6 start=26009636 end=26009636}
V/AlarmManager( 1909): isAlarmNeedAlign : charging
V/AlarmManager( 1909): Adding Alarm{43095198 type 0 com.coloros.oppomorningsystem} to Batch{42d24fa8 num=2 start=28822563 end=50422563}
V/AlarmManager( 1909):     => now Batch{42d24fa8 num=2 start=36809635 end=50422563}
V/AlarmManager( 1909): isAlarmNeedAlign : charging
D/ActivityThread( 4536): hoder:android.app.IActivityManager$ContentProviderHolder@42bd2348,provider,holder.Provider:android.content.ContentProviderProxy@42bd2a98
V/AlarmManager( 1909): Adding Alarm{4319eeb0 type 0 com.oupeng.max.sdk} to Batch{42d24fa8 num=3 start=36809635 end=50422563}
V/AlarmManager( 1909):     => now Batch{42d24fa8 num=3 start=40410175 end=50422563}
V/AlarmManager( 1909): isAlarmNeedAlign : charging
V/AlarmManager( 1909): isAlarmNeedAlign : charging
V/AlarmManager( 1909): Adding Alarm{42ee8728 type 0 com.android.email} to Batch{42ee86a0 num=2 start=59441885 end=103969319}
V/AlarmManager( 1909):     => now Batch{42ee86a0 num=2 start=74536019 end=103969319}
V/AlarmManager( 1909): Adding Alarm{434a8c30 type 0 com.android.providers.calendar} to Batch{42ee86a0 num=3 start=74536019 end=103969319}
V/AlarmManager( 1909):     => now Batch{42ee86a0 num=3 start=79304780 end=79304780}
V/AlarmManager( 1909): isAlarmNeedAlign : charging
V/AlarmManager( 1909): isAlarmNeedAlign : charging
V/AlarmManager( 1909): Adding Alarm{42862168 type 3 com.oppo.ota} to Batch{428620e0 num=2 start=86434610 end=151234610}
V/AlarmManager( 1909):     => now Batch{428620e0 num=2 start=120538930 end=151234610}
V/AlarmManager( 1909): isAlarmNeedAlign : charging
V/AlarmManager( 1909): Adding Alarm{42accb48 type 0 com.android.email} to Batch{428620e0 num=3 start=120538930 end=151234610}
V/AlarmManager( 1909):     => now Batch{428620e0 num=3 start=120538930 end=151221975}
V/AlarmManager( 1909): isAlarmNeedAlign : charging
V/AlarmManager( 1909): Adding Alarm{42e8c130 type 1 com.sohu.inputmethod.sogouoem} to Batch{428620e0 num=4 start=120538930 end=151221975}
V/AlarmManager( 1909):     => now Batch{428620e0 num=4 start=120538930 end=151221975}
V/AlarmManager( 1909): isAlarmNeedAlign : charging
V/AlarmManager( 1909): isAlarmNeedAlign : charging
V/AlarmManager( 1909): Adding Alarm{4306e570 type 1 com.sohu.inputmethod.sogouoem} to Batch{4306e4e8 num=2 start=155609635 end=272262881}
V/AlarmManager( 1909):     => now Batch{4306e4e8 num=2 start=259271581 end=272262881}
V/AlarmManager( 1909): isAlarmNeedAlign : charging
V/AlarmManager( 1909): isAlarmNeedAlign : charging
V/AlarmManager( 1909): isAlarmNeedAlign : charging
V/AlarmManager( 1909): isAlarmNeedAlign : charging
V/AlarmManager( 1909): Adding Alarm{43a508a0 type 0 com.kingroot.kinguser} to Batch{437e9908 num=5 start=344233 end=544460}
V/AlarmManager( 1909):     => now Batch{437e9908 num=5 start=371968 end=544460}
D/ConnectivityService( 1909): getActiveNetworkInfo:NetworkInfo: type: WIFI[], state: CONNECTED/CONNECTED, reason: (unspecified), extra: "60_test_01", roaming: false, failover: false, isAvailable: true, isConnectedToProvisioningNetwork: false, simId: 0/10097
D/ConnectivityService( 1909): getActiveNetworkInfo:NetworkInfo: type: WIFI[], state: CONNECTED/CONNECTED, reason: (unspecified), extra: "60_test_01", roaming: false, failover: false, isAvailable: true, isConnectedToProvisioningNetwork: false, simId: 0/10097
D/OpenSSLLib( 4536): OpensslErr:Module:13(114:155); file:external/openssl/crypto/asn1/asn1_lib.c ;Line:142;Function:ASN1_get_object
D/AudioFlinger_Thread(  249): threadLoop_sleepTime write muted data to hw
D/ActivityManager( 1909): getContentProviderImpl: from caller=android.app.ApplicationThreadProxy@430c3288 (pid=4536, userId=0) to get content provider com.kingroot.kingusesr.taskprovider cpr=ContentProviderRecord{43816958 u0 com.kingroot.kinguser/.filesystem.storage.KuTaskProvider}
D/ActivityManager( 1909): getContentProviderImpl: updateLruProcessLocked cpr.proc=ProcessRecord{42ac5190 8599:com.kingroot.kinguser:task/u0a97}
D/ActivityThread( 4536): hoder:android.app.IActivityManager$ContentProviderHolder@42c0e598,provider,holder.Provider:android.content.ContentProviderProxy@42c0ef70
I/BTIF_CORE( 6839): [btif_task]:Polling returned!
I/BTIF_CORE( 6839): [btif_task]:Start retrieve data pollMemberCount=10!
I/BTIF_CORE( 6839): [btif_task]:fd 7 data ready!
I/BTIF_CORE( 6839): [btif_task]:pollData[i].fd data ready : revents = 0x1!
I/BTIF_CORE( 6839): in profile[0] handler!
I/BTIF_CORE( 6839): out profile[0] handler!
I/BTIF_CORE( 6839): in profile[3] handler!
I/BTIF_CORE( 6839): out profile[3] handler!
I/BTIF_CORE( 6839): in profile[5] handler!
I/BTIF_CORE( 6839): out profile[5] handler!
I/BTIF_CORE( 6839): in profile[1] handler!
I/BTIF_CORE( 6839): out profile[1] handler!
I/BTIF_CORE( 6839): in profile[11] handler!
I/BTIF_CORE( 6839): out profile[11] handler!
I/BTIF_CORE( 6839): in profile[18] handler!
I/BTIF_CORE( 6839): out profile[18] handler!
I/BTIF_CORE( 6839): in profile[12] handler!
I/BTIF_CORE( 6839): out profile[12] handler!
I/BTIF_CORE( 6839): in profile[21] handler!
D/BTIF_GATT_CLIENT( 6839): [GATT] gattc_handle_message
D/BTIF_GATT_CLIENT( 6839): [GATT] gattc_handle_message : msg_id=4005
D/BTIF_GATT_CLIENT( 6839): [GATT] findContextByContext
D/BTIF_GATT_CLIENT( 6839): [GATT] context[0] = 0xb7065afc found
D/BTIF_GATT_CLIENT( 6839): [GATT] gattc_handle_scan_result_ind
I/BT_UTILS( 6839): btmtk_util_reverse_array: dest addr=0x06:5A:65:25:5A:CF
D/BtGatt.GattService( 6839): onScanResult() - address=06:5A:65:25:5A:CF, rssi=-91
D/BluetoothAdapter( 6876): onScanResult() - Device=06:5A:65:25:5A:CF RSSI=-91
D/OpenSSLLib( 4536): OpensslErr:Module:13(114:155); file:external/openssl/crypto/asn1/asn1_lib.c ;Line:142;Function:ASN1_get_object
D/ActivityManager( 1909): getContentProviderImpl: from caller=android.app.ApplicationThreadProxy@435de138 (pid=4536, userId=0) to get content provider com.kingroot.kingusesr.taskprovider cpr=ContentProviderRecord{43816958 u0 com.kingroot.kinguser/.filesystem.storage.KuTaskProvider}
D/ActivityManager( 1909): getContentProviderImpl: updateLruProcessLocked cpr.proc=ProcessRecord{42ac5190 8599:com.kingroot.kinguser:task/u0a97}
I/BTIF_CORE( 6839): out profile[21] handler!
I/BTIF_CORE( 6839): [btif_task]:Start polling!
D/ActivityThread( 4536): hoder:android.app.IActivityManager$ContentProviderHolder@42e08e68,provider,holder.Provider:android.content.ContentProviderProxy@42e09850
D/OpenSSLLib( 4536): OpensslErr:Module:13(114:155); file:external/openssl/crypto/asn1/asn1_lib.c ;Line:142;Function:ASN1_get_object
D/ActivityManager( 1909): getContentProviderImpl: from caller=android.app.ApplicationThreadProxy@4352ac30 (pid=4536, userId=0) to get content provider com.kingroot.kingusesr.taskprovider cpr=ContentProviderRecord{43816958 u0 com.kingroot.kinguser/.filesystem.storage.KuTaskProvider}
D/ActivityManager( 1909): getContentProviderImpl: updateLruProcessLocked cpr.proc=ProcessRecord{42ac5190 8599:com.kingroot.kinguser:task/u0a97}
D/ActivityThread( 4536): hoder:android.app.IActivityManager$ContentProviderHolder@4295e818,provider,holder.Provider:android.content.ContentProviderProxy@42c53ab0
D/OpenSSLLib( 4536): OpensslErr:Module:13(114:155); file:external/openssl/crypto/asn1/asn1_lib.c ;Line:142;Function:ASN1_get_object
D/ConnectivityService( 1909): getActiveNetworkInfo:NetworkInfo: type: WIFI[], state: CONNECTED/CONNECTED, reason: (unspecified), extra: "60_test_01", roaming: false, failover: false, isAvailable: true, isConnectedToProvisioningNetwork: false, simId: 0/10097
D/AudioFlinger_Thread(  249): threadLoop_sleepTime write muted data to hw
D/OpenSSLLib( 4536): OpensslErr:Module:13(114:155); file:external/openssl/crypto/asn1/asn1_lib.c ;Line:142;Function:ASN1_get_object
D/WifiStateMachine( 1909): ConnectedState{ when=-1ms what=131155 arg1=4 target=com.android.internal.util.StateMachine$SmHandler target=Handler (com.android.internal.util.StateMachine$SmHandler) {43155f58} }
D/WifiStateMachine( 1909): L2ConnectedState{ when=-1ms what=131155 arg1=4 target=com.android.internal.util.StateMachine$SmHandler target=Handler (com.android.internal.util.StateMachine$SmHandler) {43155f58} }
D/WifiHW  ( 1909): enter -->wifi_send_command cmd=IFNAME=wlan0 SIGNAL_POLL
D/wpa_supplicant( 4185): RX ctrl_iface - hexdump(len=11): 53 49 47 4e 41 4c 5f 50 4f 4c 4c
D/wpa_supplicant( 4185): wlan0: Control interface command 'SIGNAL_POLL'
D/wpa_supplicant( 4185): nl80211: survey data missing!
D/wpa_supplicant( 4185): signal poll, reply_len=48
D/wpa_ctrl( 1909): reply_len=4095
D/WifiHW  ( 1909): leave --> reply=RSSI=-41
D/WifiHW  ( 1909): LINKSPEED=65
D/WifiHW  ( 1909): NOISE=9999
D/WifiHW  ( 1909): FREQUENCY=2412
D/WifiHW  ( 1909): 
D/wifi    ( 1909): doStringCommand, buf IFNAME=wlan0 SIGNAL_POLL
I/WifiStateMachine( 1909): fetchRssiAndLinkSpeedNative, newRssi:-41, newLinkSpeed:65, SSID:"60_dev_01"
D/WifiStateMachine( 1909): mRssiArray[0] = -38
D/WifiStateMachine( 1909): mRssiArray[1] = -38
D/WifiStateMachine( 1909): mRssiArray[2] = -41
D/WifiStateMachine( 1909): mRssiArray[3] = -36
D/WifiStateMachine( 1909): mRssiArray[4] = -36
D/WifiStateMachine( 1909): GetFilterRssi is : -38
D/WifiStateMachine( 1909): mLastSignalLevel:4, newSignalLevel:4
D/WifiStateMachine( 1909): fetchRssiAndLinkSpeedNative, ipAddr:1996597440
D/ActivityManager( 1909): getContentProviderImpl: from caller=android.app.ApplicationThreadProxy@4384d268 (pid=4536, userId=0) to get content provider com.kingroot.kingusesr.taskprovider cpr=ContentProviderRecord{43816958 u0 com.kingroot.kinguser/.filesystem.storage.KuTaskProvider}
D/ActivityManager( 1909): getContentProviderImpl: updateLruProcessLocked cpr.proc=ProcessRecord{42ac5190 8599:com.kingroot.kinguser:task/u0a97}
D/AudioFlinger_Thread(  249): threadLoop_sleepTime write muted data to hw
D/dalvikvm( 4536): GC_CONCURRENT freed 9895K (99430), 71% free 8493K/28960K, paused 3ms+10ms, total 72ms
D/ActivityThread( 4536): hoder:android.app.IActivityManager$ContentProviderHolder@42d95800,provider,holder.Provider:android.content.ContentProviderProxy@4307b8d0
D/ConnectivityService( 1909): getActiveNetworkInfo:NetworkInfo: type: WIFI[], state: CONNECTED/CONNECTED, reason: (unspecified), extra: "60_test_01", roaming: false, failover: false, isAvailable: true, isConnectedToProvisioningNetwork: false, simId: 0/10097
D/OpenSSLLib( 4536): OpensslErr:Module:13(114:155); file:external/openssl/crypto/asn1/asn1_lib.c ;Line:142;Function:ASN1_get_object
D/ConnectivityService( 1909): getActiveNetworkInfo:NetworkInfo: type: WIFI[], state: CONNECTED/CONNECTED, reason: (unspecified), extra: "60_test_01", roaming: false, failover: false, isAvailable: true, isConnectedToProvisioningNetwork: false, simId: 0/10097
V/AlarmManager( 1909): remove(operation) changed bounds; rebatching
D/ActivityManager( 1909): getContentProviderImpl: from caller=android.app.ApplicationThreadProxy@430d1eb8 (pid=4536, userId=0) to get content provider com.kingroot.kingusesr.taskprovider cpr=ContentProviderRecord{43816958 u0 com.kingroot.kinguser/.filesystem.storage.KuTaskProvider}
V/AlarmManager( 1909): isAlarmNeedAlign : charging
V/AlarmManager( 1909): isAlarmNeedAlign : charging
D/ActivityManager( 1909): getContentProviderImpl: updateLruProcessLocked cpr.proc=ProcessRecord{42ac5190 8599:com.kingroot.kinguser:task/u0a97}
V/AlarmManager( 1909): Adding Alarm{431db620 type 2 com.nearme.statistics.rom} to Batch{431db5b0 num=2 start=95974 end=5495974}
V/AlarmManager( 1909):     => now Batch{431db5b0 num=2 start=95977 end=5495974}
V/AlarmManager( 1909): isAlarmNeedAlign : charging
V/AlarmManager( 1909): Adding Alarm{434f3d38 type 2 com.tencent.mm} to Batch{431db5b0 num=3 start=95977 end=5495974}
V/AlarmManager( 1909):     => now Batch{431db5b0 num=3 start=284203 end=443328}
V/AlarmManager( 1909): Adding Alarm{434f3da0 type 0 android} to Batch{431db5b0 num=4 start=284203 end=443328}
V/AlarmManager( 1909):     => now Batch{431db5b0 num=4 start=302585 end=302585}
V/AlarmManager( 1909): isAlarmNeedAlign : charging
V/AlarmManager( 1909): Adding Alarm{42c521b0 type 0 android} to Batch{42c52128 num=2 start=313123 end=493938}
V/AlarmManager( 1909):     => now Batch{42c52128 num=2 start=332588 end=332588}
V/AlarmManager( 1909): isAlarmNeedAlign : charging
V/AlarmManager( 1909): isAlarmNeedAlign : charging
V/AlarmManager( 1909): Adding Alarm{43459858 type 2 com.tencent.mm} to Batch{434597d0 num=2 start=335691 end=560691}
V/AlarmManager( 1909):     => now Batch{434597d0 num=2 start=344233 end=548380}
V/AlarmManager( 1909): isAlarmNeedAlign : charging
V/AlarmManager( 1909): Adding Alarm{4399ae30 type 0 com.kingroot.master} to Batch{434597d0 num=3 start=344233 end=548380}
V/AlarmManager( 1909):     => now Batch{434597d0 num=3 start=344233 end=546452}
V/AlarmManager( 1909): isAlarmNeedAlign : charging
V/AlarmManager( 1909): Adding Alarm{42f01bf8 type 0 com.kingroot.kinguser} to Batch{434597d0 num=4 start=344233 end=546452}
V/AlarmManager( 1909):     => now Batch{434597d0 num=4 start=371968 end=546452}
V/AlarmManager( 1909): isAlarmNeedAlign : charging
V/AlarmManager( 1909): isAlarmNeedAlign : charging
V/AlarmManager( 1909): Adding Alarm{43055a78 type 0 com.kingroot.kinguser} to Batch{430559f0 num=2 start=630376 end=1049130}
V/AlarmManager( 1909):     => now Batch{430559f0 num=2 start=630376 end=1037501}
V/AlarmManager( 1909): isAlarmNeedAlign : charging
V/AlarmManager( 1909): Adding Alarm{43264f98 type 0 com.kingroot.master} to Batch{430559f0 num=3 start=630376 end=1037501}
V/AlarmManager( 1909):     => now Batch{430559f0 num=3 start=630376 end=1037501}
V/AlarmManager( 1909): Adding Alarm{43488170 type 0 android} to Batch{430559f0 num=4 start=630376 end=1037501}
V/AlarmManager( 1909):     => now Batch{430559f0 num=4 start=632574 end=632574}
V/AlarmManager( 1909): isAlarmNeedAlign : charging
V/AlarmManager( 1909): isAlarmNeedAlign : charging
V/AlarmManager( 1909): Adding Alarm{43890050 type 0 com.kingroot.kinguser} to Batch{4388ffc8 num=2 start=635377 end=1057882}
V/AlarmManager( 1909):     => now Batch{4388ffc8 num=2 start=920576 end=1057882}
V/AlarmManager( 1909): isAlarmNeedAlign : charging
V/AlarmManager( 1909): Adding Alarm{42e94480 type 0 com.tencent.mm} to Batch{4388ffc8 num=3 start=920576 end=1057882}
V/AlarmManager( 1909):     => now Batch{4388ffc8 num=3 start=935678 end=1057882}
V/AlarmManager( 1909): isAlarmNeedAlign : charging
D/ActivityThread( 4536): hoder:android.app.IActivityManager$ContentProviderHolder@42fa33f8,provider,holder.Provider:android.content.ContentProviderProxy@4322eec8
V/AlarmManager( 1909): isAlarmNeedAlign : charging
V/AlarmManager( 1909): Adding Alarm{430e0d00 type 3 com.kingroot.kinguser} to Batch{430c4c68 num=2 start=1819697 end=3169697}
V/AlarmManager( 1909):     => now Batch{430c4c68 num=2 start=1820706 end=3169697}
V/AlarmManager( 1909): isAlarmNeedAlign : charging
V/AlarmManager( 1909): Adding Alarm{43182498 type 3 com.kingroot.master} to Batch{430c4c68 num=3 start=1820706 end=3169697}
V/AlarmManager( 1909):     => now Batch{430c4c68 num=3 start=1824917 end=3169697}
V/AlarmManager( 1909): isAlarmNeedAlign : charging
V/AlarmManager( 1909): Adding Alarm{43402388 type 0 com.kingroot.kinguser} to Batch{430c4c68 num=4 start=1824917 end=3169697}
V/AlarmManager( 1909):     => now Batch{430c4c68 num=4 start=1824917 end=3137511}
V/AlarmManager( 1909): isAlarmNeedAlign : charging
V/AlarmManager( 1909): Adding Alarm{42c749d8 type 0 com.kingroot.master} to Batch{430c4c68 num=5 start=1824917 end=3137511}
V/AlarmManager( 1909):     => now Batch{430c4c68 num=5 start=1827394 end=3137511}
V/AlarmManager( 1909): Adding Alarm{431c6108 type 0 android} to Batch{430c4c68 num=6 start=1827394 end=3137511}
V/AlarmManager( 1909):     => now Batch{430c4c68 num=6 start=1832576 end=1832576}
V/AlarmManager( 1909): isAlarmNeedAlign : charging
V/AlarmManager( 1909): isAlarmNeedAlign : charging
V/AlarmManager( 1909): Adding Alarm{4349fd50 type 1 com.nearme.statistics.rom} to Batch{43064800 num=2 start=5499834 end=9570681}
V/AlarmManager( 1909):     => now Batch{43064800 num=2 start=7243001 end=9570681}
V/AlarmManager( 1909): isAlarmNeedAlign : charging
V/AlarmManager( 1909): Adding Alarm{438f9200 type 1 com.oppo.yellowpage} to Batch{43064800 num=3 start=7243001 end=9570681}
V/AlarmManager( 1909):     => now Batch{43064800 num=3 start=7244076 end=9570681}
V/AlarmManager( 1909): isAlarmNeedAlign : charging
V/AlarmManager( 1909): Adding Alarm{43048810 type 0 com.nearme.gamecenter} to Batch{43064800 num=4 start=7244076 end=9570681}
V/AlarmManager( 1909):     => now Batch{43064800 num=4 start=9470049 end=9570681}
V/AlarmManager( 1909): isAlarmNeedAlign : charging
V/AlarmManager( 1909): isAlarmNeedAlign : charging
V/AlarmManager( 1909): Adding Alarm{4309bba0 type 0 com.oppo.market} to Batch{4309bb18 num=2 start=10835658 end=18908373}
V/AlarmManager( 1909):     => now Batch{4309bb18 num=2 start=14395869 end=18908373}
V/AlarmManager( 1909): isAlarmNeedAlign : charging
V/AlarmManager( 1909): Adding Alarm{4318d388 type 1 com.nearme.feedback} to Batch{4318d300 num=2 start=19418857 end=33928970}
V/AlarmManager( 1909):     => now Batch{4318d300 num=2 start=21641772 end=21641772}
V/AlarmManager( 1909): isAlarmNeedAlign : charging
V/AlarmManager( 1909): isAlarmNeedAlign : charging
V/AlarmManager( 1909): Adding Alarm{433d4340 type 0 com.color.safecenter} to Batch{433d42b8 num=2 start=22409635 end=39162832}
V/AlarmManager( 1909):     => now Batch{433d42b8 num=2 start=22797253 end=39162832}
V/AlarmManager( 1909): isAlarmNeedAlign : charging
V/AlarmManager( 1909): Adding Alarm{4397d2c0 type 1 com.sohu.inputmethod.sogouoem} to Batch{433d42b8 num=3 start=22797253 end=39162832}
V/AlarmManager( 1909):     => now Batch{433d42b8 num=3 start=26009635 end=39162832}
V/AlarmManager( 1909): isAlarmNeedAlign : charging
V/AlarmManager( 1909): Adding Alarm{42f314c0 type 0 com.oupeng.max.sdk} to Batch{433d42b8 num=4 start=26009635 end=39162832}
V/AlarmManager( 1909):     => now Batch{433d42b8 num=4 start=26009635 end=39162832}
V/AlarmManager( 1909): isAlarmNeedAlign : charging
V/AlarmManager( 1909): Adding Alarm{42f317e0 type 1 com.oppo.launcher} to Batch{433d42b8 num=5 start=26009635 end=39162832}
V/AlarmManager( 1909):     => now Batch{433d42b8 num=5 start=26009635 end=39162832}
V/AlarmManager( 1909): Adding Alarm{42fac950 type 0 com.oppo.wallpaper} to Batch{433d42b8 num=6 start=26009635 end=39162832}
V/AlarmManager( 1909):     => now Batch{433d42b8 num=6 start=26009635 end=26009635}
V/AlarmManager( 1909): isAlarmNeedAlign : charging
V/AlarmManager( 1909): isAlarmNeedAlign : charging
V/AlarmManager( 1909): Adding Alarm{43102108 type 0 com.coloros.oppomorningsystem} to Batch{43102080 num=2 start=28822563 end=50422563}
V/AlarmManager( 1909):     => now Batch{43102080 num=2 start=36809636 end=50422563}
V/AlarmManager( 1909): isAlarmNeedAlign : charging
V/AlarmManager( 1909): Adding Alarm{434d8cb8 type 0 com.oupeng.max.sdk} to Batch{43102080 num=3 start=36809636 end=50422563}
V/AlarmManager( 1909):     => now Batch{43102080 num=3 start=40410175 end=50422563}
V/AlarmManager( 1909): isAlarmNeedAlign : charging
V/AlarmManager( 1909): isAlarmNeedAlign : charging
V/AlarmManager( 1909): Adding Alarm{439d26a0 type 0 com.android.email} to Batch{439d2618 num=2 start=59441885 end=103969268}
V/AlarmManager( 1909):     => now Batch{439d2618 num=2 start=74536018 end=103969268}
V/AlarmManager( 1909): Adding Alarm{431aa308 type 0 com.android.providers.calendar} to Batch{439d2618 num=3 start=74536018 end=103969268}
V/AlarmManager( 1909):     => now Batch{439d2618 num=3 start=79304779 end=79304779}
V/AlarmManager( 1909): isAlarmNeedAlign : charging
V/AlarmManager( 1909): isAlarmNeedAlign : charging
V/AlarmManager( 1909): Adding Alarm{43987710 type 3 com.oppo.ota} to Batch{43987688 num=2 start=86434610 end=151234610}
V/AlarmManager( 1909):     => now Batch{43987688 num=2 start=120538930 end=151234610}
V/AlarmManager( 1909): isAlarmNeedAlign : charging
V/AlarmManager( 1909): Adding Alarm{42b3b060 type 0 com.android.email} to Batch{43987688 num=3 start=120538930 end=151234610}
V/AlarmManager( 1909):     => now Batch{43987688 num=3 start=120538930 end=151221976}
V/AlarmManager( 1909): isAlarmNeedAlign : charging
V/AlarmManager( 1909): Adding Alarm{42f00710 type 1 com.sohu.inputmethod.sogouoem} to Batch{43987688 num=4 start=120538930 end=151221976}
V/AlarmManager( 1909):     => now Batch{43987688 num=4 start=120538930 end=151221976}
D/OpenSSLLib( 4536): OpensslErr:Module:13(114:155); file:external/openssl/crypto/asn1/asn1_lib.c ;Line:142;Function:ASN1_get_object
V/AlarmManager( 1909): isAlarmNeedAlign : charging
V/AlarmManager( 1909): isAlarmNeedAlign : charging
V/AlarmManager( 1909): Adding Alarm{430ead80 type 1 com.sohu.inputmethod.sogouoem} to Batch{430eacf8 num=2 start=155609635 end=272262830}
V/AlarmManager( 1909):     => now Batch{430eacf8 num=2 start=259271581 end=272262830}
V/AlarmManager( 1909): isAlarmNeedAlign : charging
V/AlarmManager( 1909): isAlarmNeedAlign : charging
V/AlarmManager( 1909): isAlarmNeedAlign : charging
V/AlarmManager( 1909): isAlarmNeedAlign : charging
V/AlarmManager( 1909): isAlarmNeedAlign : charging
V/AlarmManager( 1909): set(PendingIntent{42d34740: PendingIntentRecord{4358f760 com.kingroot.kinguser broadcastIntent}}) : type=0 triggerAtTime=1513759932407 win=-1 tElapsed=342042 maxElapsed=544542 interval=0 standalone=false
V/AlarmManager( 1909): Adding Alarm{43a374d0 type 0 com.kingroot.kinguser} to Batch{434597d0 num=5 start=371968 end=546452}
V/AlarmManager( 1909):     => now Batch{434597d0 num=5 start=371968 end=544542}
D/ActivityManager( 1909): getContentProviderImpl: from caller=android.app.ApplicationThreadProxy@43a379c8 (pid=4536, userId=0) to get content provider com.kingroot.kingusesr.taskprovider cpr=ContentProviderRecord{43816958 u0 com.kingroot.kinguser/.filesystem.storage.KuTaskProvider}
D/ActivityManager( 1909): getContentProviderImpl: updateLruProcessLocked cpr.proc=ProcessRecord{42ac5190 8599:com.kingroot.kinguser:task/u0a97}
D/ActivityThread( 4536): hoder:android.app.IActivityManager$ContentProviderHolder@42eaefc8,provider,holder.Provider:android.content.ContentProviderProxy@431e1ac8
V/AlarmManager( 1909): isAlarmNeedAlign : charging
V/AlarmManager( 1909): set(PendingIntent{42facda8: PendingIntentRecord{4352d338 com.kingroot.kinguser broadcastIntent}}) : type=0 triggerAtTime=1513759962411 win=-1 tElapsed=372046 maxElapsed=597046 interval=0 standalone=false
V/AlarmManager( 1909): remove(operation) changed bounds; rebatching
V/AlarmManager( 1909): isAlarmNeedAlign : charging
V/AlarmManager( 1909): isAlarmNeedAlign : charging
V/AlarmManager( 1909): Adding Alarm{4309eac8 type 2 com.nearme.statistics.rom} to Batch{4309ea40 num=2 start=95974 end=5495974}
V/AlarmManager( 1909):     => now Batch{4309ea40 num=2 start=95977 end=5495974}
V/AlarmManager( 1909): isAlarmNeedAlign : charging
V/AlarmManager( 1909): Adding Alarm{43210c10 type 2 com.tencent.mm} to Batch{4309ea40 num=3 start=95977 end=5495974}
V/AlarmManager( 1909):     => now Batch{4309ea40 num=3 start=284203 end=443320}
V/AlarmManager( 1909): Adding Alarm{4347c408 type 0 android} to Batch{4309ea40 num=4 start=284203 end=443320}
V/AlarmManager( 1909):     => now Batch{4309ea40 num=4 start=302585 end=302585}
V/AlarmManager( 1909): isAlarmNeedAlign : charging
V/AlarmManager( 1909): Adding Alarm{43857fa8 type 0 android} to Batch{43857f20 num=2 start=313123 end=493930}
V/AlarmManager( 1909):     => now Batch{43857f20 num=2 start=332588 end=332588}
V/AlarmManager( 1909): isAlarmNeedAlign : charging
V/AlarmManager( 1909): isAlarmNeedAlign : charging
V/AlarmManager( 1909): Adding Alarm{42fa5890 type 2 com.tencent.mm} to Batch{42fa5808 num=2 start=335691 end=560691}
V/AlarmManager( 1909):     => now Batch{42fa5808 num=2 start=344233 end=548372}
V/AlarmManager( 1909): isAlarmNeedAlign : charging
V/AlarmManager( 1909): Adding Alarm{4309d218 type 0 com.kingroot.kinguser} to Batch{42fa5808 num=3 start=344233 end=548372}
V/AlarmManager( 1909):     => now Batch{42fa5808 num=3 start=344233 end=544538}
V/AlarmManager( 1909): isAlarmNeedAlign : charging
V/AlarmManager( 1909): Adding Alarm{42fcd340 type 0 com.kingroot.master} to Batch{42fa5808 num=4 start=344233 end=544538}
V/AlarmManager( 1909):     => now Batch{42fa5808 num=4 start=344233 end=544538}
V/AlarmManager( 1909): isAlarmNeedAlign : charging
V/AlarmManager( 1909): isAlarmNeedAlign : charging
V/AlarmManager( 1909): Adding Alarm{4348bcd8 type 0 com.kingroot.kinguser} to Batch{4349ab18 num=2 start=630376 end=1049122}
V/AlarmManager( 1909):     => now Batch{4349ab18 num=2 start=630376 end=1037492}
V/AlarmManager( 1909): isAlarmNeedAlign : charging
V/AlarmManager( 1909): Adding Alarm{435b8708 type 0 com.kingroot.master} to Batch{4349ab18 num=3 start=630376 end=1037492}
V/AlarmManager( 1909):     => now Batch{4349ab18 num=3 start=630376 end=1037492}
V/AlarmManager( 1909): Adding Alarm{42c02a18 type 0 android} to Batch{4349ab18 num=4 start=630376 end=1037492}
V/AlarmManager( 1909):     => now Batch{4349ab18 num=4 start=632575 end=632575}
V/AlarmManager( 1909): isAlarmNeedAlign : charging
V/AlarmManager( 1909): isAlarmNeedAlign : charging
V/AlarmManager( 1909): Adding Alarm{43044128 type 0 com.kingroot.kinguser} to Batch{430440a0 num=2 start=635377 end=1057873}
V/AlarmManager( 1909):     => now Batch{430440a0 num=2 start=920576 end=1057873}
V/AlarmManager( 1909): isAlarmNeedAlign : charging
V/AlarmManager( 1909): Adding Alarm{433e6bd0 type 0 com.tencent.mm} to Batch{430440a0 num=3 start=920576 end=1057873}
V/AlarmManager( 1909):     => now Batch{430440a0 num=3 start=935678 end=1057873}
V/AlarmManager( 1909): isAlarmNeedAlign : charging
V/AlarmManager( 1909): isAlarmNeedAlign : charging
V/AlarmManager( 1909): Adding Alarm{43431578 type 3 com.kingroot.kinguser} to Batch{434314f0 num=2 start=1819697 end=3169697}
V/AlarmManager( 1909):     => now Batch{434314f0 num=2 start=1820706 end=3169697}
V/AlarmManager( 1909): isAlarmNeedAlign : charging
V/AlarmManager( 1909): Adding Alarm{42e84948 type 3 com.kingroot.master} to Batch{434314f0 num=3 start=1820706 end=3169697}
V/AlarmManager( 1909):     => now Batch{434314f0 num=3 start=1824917 end=3169697}
V/AlarmManager( 1909): isAlarmNeedAlign : charging
V/AlarmManager( 1909): Adding Alarm{433e1088 type 0 com.kingroot.kinguser} to Batch{434314f0 num=4 start=1824917 end=3169697}
V/AlarmManager( 1909):     => now Batch{434314f0 num=4 start=1824917 end=3137502}
V/AlarmManager( 1909): isAlarmNeedAlign : charging
V/AlarmManager( 1909): Adding Alarm{429b8548 type 0 com.kingroot.master} to Batch{434314f0 num=5 start=1824917 end=3137502}
V/AlarmManager( 1909):     => now Batch{434314f0 num=5 start=1827393 end=3137502}
V/AlarmManager( 1909): Adding Alarm{429b8988 type 0 android} to Batch{434314f0 num=6 start=1827393 end=3137502}
V/AlarmManager( 1909):     => now Batch{434314f0 num=6 start=1832577 end=1832577}
V/AlarmManager( 1909): isAlarmNeedAlign : charging
D/OpenSSLLib( 4536): OpensslErr:Module:13(114:155); file:external/openssl/crypto/asn1/asn1_lib.c ;Line:142;Function:ASN1_get_object
V/AlarmManager( 1909): isAlarmNeedAlign : charging
D/AudioFlinger_Thread(  249): threadLoop_sleepTime write muted data to hw
V/AlarmManager( 1909): Adding Alarm{42eb4060 type 1 com.nearme.statistics.rom} to Batch{42eb3fd8 num=2 start=5499835 end=9570674}
V/AlarmManager( 1909):     => now Batch{42eb3fd8 num=2 start=7243001 end=9570674}
V/AlarmManager( 1909): isAlarmNeedAlign : charging
V/AlarmManager( 1909): Adding Alarm{42f1a9a0 type 1 com.oppo.yellowpage} to Batch{42eb3fd8 num=3 start=7243001 end=9570674}
V/AlarmManager( 1909):     => now Batch{42eb3fd8 num=3 start=7244076 end=9570674}
V/AlarmManager( 1909): isAlarmNeedAlign : charging
V/AlarmManager( 1909): Adding Alarm{42f1e5a0 type 0 com.nearme.gamecenter} to Batch{42eb3fd8 num=4 start=7244076 end=9570674}
V/AlarmManager( 1909):     => now Batch{42eb3fd8 num=4 start=9470049 end=9570674}
V/AlarmManager( 1909): isAlarmNeedAlign : charging
V/AlarmManager( 1909): isAlarmNeedAlign : charging
V/AlarmManager( 1909): Adding Alarm{4308f8d0 type 0 com.oppo.market} to Batch{43093d58 num=2 start=10835658 end=18908364}
V/AlarmManager( 1909):     => now Batch{43093d58 num=2 start=14395868 end=18908364}
V/AlarmManager( 1909): isAlarmNeedAlign : charging
V/AlarmManager( 1909): Adding Alarm{433dc8a8 type 1 com.nearme.feedback} to Batch{433dc820 num=2 start=19418856 end=33928961}
V/AlarmManager( 1909):     => now Batch{433dc820 num=2 start=21641771 end=21641771}
V/AlarmManager( 1909): isAlarmNeedAlign : charging
V/AlarmManager( 1909): isAlarmNeedAlign : charging
V/AlarmManager( 1909): Adding Alarm{43499888 type 0 com.color.safecenter} to Batch{43499800 num=2 start=22409636 end=39162825}
V/AlarmManager( 1909):     => now Batch{43499800 num=2 start=22797254 end=39162825}
V/AlarmManager( 1909): Adding Alarm{4358dbc8 type 0 com.oppo.wallpaper} to Batch{43499800 num=3 start=22797254 end=39162825}
V/AlarmManager( 1909):     => now Batch{43499800 num=3 start=26009635 end=26009635}
V/AlarmManager( 1909): isAlarmNeedAlign : charging
V/AlarmManager( 1909): Adding Alarm{435cfc38 type 1 com.oppo.launcher} to Batch{43499800 num=4 start=26009635 end=26009635}
V/AlarmManager( 1909):     => now Batch{43499800 num=4 start=26009635 end=26009635}
V/AlarmManager( 1909): isAlarmNeedAlign : charging
D/ActivityManager( 1909): getContentProviderImpl: from caller=android.app.ApplicationThreadProxy@439755e8 (pid=4536, userId=0) to get content provider com.kingroot.kingusesr.taskprovider cpr=ContentProviderRecord{43816958 u0 com.kingroot.kinguser/.filesystem.storage.KuTaskProvider}
D/ActivityManager( 1909): getContentProviderImpl: updateLruProcessLocked cpr.proc=ProcessRecord{42ac5190 8599:com.kingroot.kinguser:task/u0a97}
V/AlarmManager( 1909): Adding Alarm{42f06c68 type 0 com.oupeng.max.sdk} to Batch{43499800 num=5 start=26009635 end=26009635}
V/AlarmManager( 1909):     => now Batch{43499800 num=5 start=26009635 end=26009635}
V/AlarmManager( 1909): isAlarmNeedAlign : charging
V/AlarmManager( 1909): Adding Alarm{42fdbc18 type 1 com.sohu.inputmethod.sogouoem} to Batch{43499800 num=6 start=26009635 end=26009635}
V/AlarmManager( 1909):     => now Batch{43499800 num=6 start=26009635 end=26009635}
V/AlarmManager( 1909): isAlarmNeedAlign : charging
V/AlarmManager( 1909): isAlarmNeedAlign : charging
V/AlarmManager( 1909): Adding Alarm{432b4948 type 0 com.coloros.oppomorningsystem} to Batch{432b48c0 num=2 start=28822563 end=50422563}
V/AlarmManager( 1909):     => now Batch{432b48c0 num=2 start=36809635 end=50422563}
V/AlarmManager( 1909): isAlarmNeedAlign : charging
V/AlarmManager( 1909): Adding Alarm{435be898 type 0 com.oupeng.max.sdk} to Batch{432b48c0 num=3 start=36809635 end=50422563}
V/AlarmManager( 1909):     => now Batch{432b48c0 num=3 start=40410176 end=50422563}
V/AlarmManager( 1909): isAlarmNeedAlign : charging
V/AlarmManager( 1909): isAlarmNeedAlign : charging
V/AlarmManager( 1909): Adding Alarm{42f75638 type 0 com.android.email} to Batch{42f755b0 num=2 start=59441885 end=103969260}
V/AlarmManager( 1909):     => now Batch{42f755b0 num=2 start=74536018 end=103969260}
V/AlarmManager( 1909): Adding Alarm{433ebe48 type 0 com.android.providers.calendar} to Batch{42f755b0 num=3 start=74536018 end=103969260}
V/AlarmManager( 1909):     => now Batch{42f755b0 num=3 start=79304779 end=79304779}
V/AlarmManager( 1909): isAlarmNeedAlign : charging
V/AlarmManager( 1909): isAlarmNeedAlign : charging
V/AlarmManager( 1909): Adding Alarm{4395fc28 type 3 com.oppo.ota} to Batch{4395fba0 num=2 start=86434610 end=151234610}
V/AlarmManager( 1909):     => now Batch{4395fba0 num=2 start=120538930 end=151234610}
V/AlarmManager( 1909): isAlarmNeedAlign : charging
V/AlarmManager( 1909): Adding Alarm{42e93878 type 0 com.android.email} to Batch{4395fba0 num=3 start=120538930 end=151234610}
V/AlarmManager( 1909):     => now Batch{4395fba0 num=3 start=120538930 end=151221975}
V/AlarmManager( 1909): isAlarmNeedAlign : charging
V/AlarmManager( 1909): Adding Alarm{43180190 type 1 com.sohu.inputmethod.sogouoem} to Batch{4395fba0 num=4 start=120538930 end=151221975}
V/AlarmManager( 1909):     => now Batch{4395fba0 num=4 start=120538930 end=151221975}
V/AlarmManager( 1909): isAlarmNeedAlign : charging
V/AlarmManager( 1909): isAlarmNeedAlign : charging
D/ActivityThread( 4536): hoder:android.app.IActivityManager$ContentProviderHolder@428f8418,provider,holder.Provider:android.content.ContentProviderProxy@431b1d68
V/AlarmManager( 1909): Adding Alarm{43184b40 type 1 com.sohu.inputmethod.sogouoem} to Batch{43184ab8 num=2 start=155609636 end=272262824}
V/AlarmManager( 1909):     => now Batch{43184ab8 num=2 start=259271582 end=272262824}
V/AlarmManager( 1909): isAlarmNeedAlign : charging
V/AlarmManager( 1909): isAlarmNeedAlign : charging
V/AlarmManager( 1909): isAlarmNeedAlign : charging
V/AlarmManager( 1909): isAlarmNeedAlign : charging
V/AlarmManager( 1909): Adding Alarm{4308c558 type 0 com.kingroot.kinguser} to Batch{42fa5808 num=5 start=344233 end=544538}
V/AlarmManager( 1909):     => now Batch{42fa5808 num=5 start=372046 end=544538}
D/ConnectivityService( 1909): getActiveNetworkInfo:NetworkInfo: type: WIFI[], state: CONNECTED/CONNECTED, reason: (unspecified), extra: "60_test_01", roaming: false, failover: false, isAvailable: true, isConnectedToProvisioningNetwork: false, simId: 0/10097
D/ConnectivityService( 1909): getActiveNetworkInfo:NetworkInfo: type: WIFI[], state: CONNECTED/CONNECTED, reason: (unspecified), extra: "60_test_01", roaming: false, failover: false, isAvailable: true, isConnectedToProvisioningNetwork: false, simId: 0/10097
D/OpenSSLLib( 4536): OpensslErr:Module:13(114:155); file:external/openssl/crypto/asn1/asn1_lib.c ;Line:142;Function:ASN1_get_object
D/ActivityManager( 1909): getContentProviderImpl: from caller=android.app.ApplicationThreadProxy@4348bd20 (pid=4536, userId=0) to get content provider com.kingroot.kingusesr.taskprovider cpr=ContentProviderRecord{43816958 u0 com.kingroot.kinguser/.filesystem.storage.KuTaskProvider}
D/ActivityManager( 1909): getContentProviderImpl: updateLruProcessLocked cpr.proc=ProcessRecord{42ac5190 8599:com.kingroot.kinguser:task/u0a97}
D/ActivityThread( 4536): hoder:android.app.IActivityManager$ContentProviderHolder@427f0480,provider,holder.Provider:android.content.ContentProviderProxy@42f5e588
D/OpenSSLLib( 4536): OpensslErr:Module:13(114:155); file:external/openssl/crypto/asn1/asn1_lib.c ;Line:142;Function:ASN1_get_object
D/ActivityManager( 1909): getContentProviderImpl: from caller=android.app.ApplicationThreadProxy@4349aba0 (pid=4536, userId=0) to get content provider com.kingroot.kingusesr.taskprovider cpr=ContentProviderRecord{43816958 u0 com.kingroot.kinguser/.filesystem.storage.KuTaskProvider}
D/ActivityManager( 1909): getContentProviderImpl: updateLruProcessLocked cpr.proc=ProcessRecord{42ac5190 8599:com.kingroot.kinguser:task/u0a97}
D/dalvikvm( 4536): currentAlloc=11906624 - lastAllocatedSize=8697568 < 10485760, don't trigger GC
D/dalvikvm( 4536): currentAlloc=11972192 - lastAllocatedSize=8697568 < 10485760, don't trigger GC
D/ActivityThread( 4536): hoder:android.app.IActivityManager$ContentProviderHolder@427a9f18,provider,holder.Provider:android.content.ContentProviderProxy@42f489d0
D/dalvikvm( 4536): currentAlloc=12106944 - lastAllocatedSize=8697568 < 10485760, don't trigger GC
D/dalvikvm( 4536): currentAlloc=12172560 - lastAllocatedSize=8697568 < 10485760, don't trigger GC
D/OpenSSLLib( 4536): OpensslErr:Module:13(114:155); file:external/openssl/crypto/asn1/asn1_lib.c ;Line:142;Function:ASN1_get_object
D/dalvikvm( 4536): currentAlloc=12312400 - lastAllocatedSize=8697568 < 10485760, don't trigger GC
D/dalvikvm( 4536): currentAlloc=12378576 - lastAllocatedSize=8697568 < 10485760, don't trigger GC
D/ActivityManager( 1909): getContentProviderImpl: from caller=android.app.ApplicationThreadProxy@434a5a68 (pid=4536, userId=0) to get content provider com.kingroot.kingusesr.taskprovider cpr=ContentProviderRecord{43816958 u0 com.kingroot.kinguser/.filesystem.storage.KuTaskProvider}
D/ActivityManager( 1909): getContentProviderImpl: updateLruProcessLocked cpr.proc=ProcessRecord{42ac5190 8599:com.kingroot.kinguser:task/u0a97}
D/dalvikvm( 4536): currentAlloc=12511056 - lastAllocatedSize=8697568 < 10485760, don't trigger GC
D/ActivityThread( 4536): hoder:android.app.IActivityManager$ContentProviderHolder@4277e7f0,provider,holder.Provider:android.content.ContentProviderProxy@42f0da50
D/AudioFlinger_Thread(  249): threadLoop_sleepTime write muted data to hw
D/OpenSSLLib( 4536): OpensslErr:Module:13(114:155); file:external/openssl/crypto/asn1/asn1_lib.c ;Line:142;Function:ASN1_get_object
D/ActivityManager( 1909): getContentProviderImpl: from caller=android.app.ApplicationThreadProxy@433ee408 (pid=4536, userId=0) to get content provider com.kingroot.kingusesr.taskprovider cpr=ContentProviderRecord{43816958 u0 com.kingroot.kinguser/.filesystem.storage.KuTaskProvider}
D/ActivityManager( 1909): getContentProviderImpl: updateLruProcessLocked cpr.proc=ProcessRecord{42ac5190 8599:com.kingroot.kinguser:task/u0a97}
D/ActivityThread( 4536): hoder:android.app.IActivityManager$ContentProviderHolder@42f4d628,provider,holder.Provider:android.content.ContentProviderProxy@426ccc08
D/PhoneInterfaceManagerEx( 4362): [PhoneIntfMgrEx] hasIccCard  simId=0
D/PhoneInterfaceManagerEx( 4362): [PhoneIntfMgrEx] hasIccCard  simId=1
D/PhoneInterfaceManagerEx( 4362): getSubscriberId
D/ConnectivityService( 1909): getActiveNetworkInfo:NetworkInfo: type: WIFI[], state: CONNECTED/CONNECTED, reason: (unspecified), extra: "60_test_01", roaming: false, failover: false, isAvailable: true, isConnectedToProvisioningNetwork: false, simId: 0/10097
D/AudioFlinger_Thread(  249): threadLoop_sleepTime write muted data to hw
D/dalvikvm( 4536): currentAlloc=13021504 - lastAllocatedSize=8697568 < 10485760, don't trigger GC
D/dalvikvm( 4536): currentAlloc=13107744 - lastAllocatedSize=8697568 < 10485760, don't trigger GC
D/ConnectivityService( 1909): getActiveNetworkInfo:NetworkInfo: type: WIFI[], state: CONNECTED/CONNECTED, reason: (unspecified), extra: "60_test_01", roaming: false, failover: false, isAvailable: true, isConnectedToProvisioningNetwork: false, simId: 0/10097
I/FrameworkListener(  243): onDataAvailable get 42 bytes 
D/libc-netbsd(  243): default dns: query_ipv6=0, query_ipv4=1
D/libc-netbsd(  243): res_queryN name = pmir.3g.qq.com, class = 1, type = 1
D/AudioFlinger_Thread(  249): threadLoop_sleepTime write muted data to hw
D/dalvikvm( 4709): threadid=12: exiting
D/dalvikvm( 4709): threadid=12: bye!
D/AudioFlinger_Thread(  249): threadLoop_sleepTime write muted data to hw
D/PhoneInterfaceManager( 4362): getSimState simId = 0prop = ABSENT
D/KeyguardViewMediator( 4024): isPinPukRequest simstate = SIM_STATE_ABSENT
D/PhoneInterfaceManager( 4362): getSimState simId = 1prop = ABSENT
D/KeyguardViewMediator( 4024): isPinPukRequest simstate = SIM_STATE_ABSENT
I/KeyguardViewMediator( 4024): killKeyguard, kill Keyguard now!
V/KeyguardServiceDelegate( 1909): onKeyguardDoneForColorOS keyguardDone = true
V/KeyguardServiceDelegate( 1909): onKeyguardDoneForColorOS mKeyguardState.screenIsOn = true
I/Process ( 1909): Sending signal. PID: 4024 SIG: 9
D/AudioFlinger_Thread(  249): threadLoop_sleepTime write muted data to hw
D/AudioFlinger_Thread(  249): threadLoop_sleepTime write muted data to hw
D/AudioFlinger_Thread(  249): threadLoop_sleepTime write muted data to hw
D/AudioFlinger_Thread(  249): threadLoop_sleepTime write muted data to hw
D/AudioFlinger_Thread(  249): threadLoop_sleepTime write muted data to hw
D/dalvikvm( 8631): create interp thread : stack size=128KB
D/dalvikvm( 8631): create new thread
D/dalvikvm( 8631): new thread created
D/dalvikvm( 8631): update thread list
D/dalvikvm( 8631): threadid=23: interp stack at 0x79314000
D/dalvikvm( 8631): threadid=23: created from interp
D/dalvikvm( 8631): start new thread
D/dalvikvm( 8631): threadid=23: notify debugger
D/dalvikvm( 8631): threadid=23 (TaskService-pool-2): calling run()
D/AudioFlinger_Thread(  249): threadLoop_sleepTime write muted data to hw
