I/OMXCodec(  249): drainInputBuffer read buffer done
I/OMXCodec(  249): drainInputBuffer read buffer done
E/OMXCodec(  249): [OMX.MTK.AUDIO.DECODER.VORBIS] -waitForBufferFilled_l
E/OMXCodec(  249): [OMX.MTK.AUDIO.DECODER.VORBIS] +waitForBufferFilled_l: 1/0
E/OMXCodec(  249): [OMX.MTK.AUDIO.DECODER.VORBIS] -waitForBufferFilled_l
E/OMXCodec(  249): [OMX.MTK.AUDIO.DECODER.VORBIS] +waitForBufferFilled_l: 2/0
E/OMXCodec(  249): [OMX.MTK.AUDIO.DECODER.VORBIS] -waitForBufferFilled_l
D/MtkOmxVorbisDec(  249): discarding 833 frames at end of page
E/OMXCodec(  249): [OMX.MTK.AUDIO.DECODER.VORBIS] +waitForBufferFilled_l: 3/0
D/MtkOmxVorbisDec(  249): Vorbis EOS received, TS=0
D/MtkOmxVorbisDec(  249): FlushAudioDecoder(Vorbis)
V/Provider/Settings( 1909): get setting for user 0 by user 0 so skipping cache
V/Provider/Settings( 1909): invalidate [secure]: current 3 != cached 2
V/Provider/Settings( 1909): from db cache, name = enabled_notification_listeners , value = com.color.keyguard.notification/com.color.keyguard.notification.KeyguardNotificationListener:com.kingroot.master/com.kingroot.kingmaster.toolbox.accessibility.extras.KmAccessNotification
V/Provider/Settings( 1909): get setting for user 0 by user 0 so skipping cache
D/OMXCodec(  249): OMXCodec::on_message EOS received!!!!
V/Provider/Settings( 1909):  from settings cache , name = enabled_notification_listeners , value = com.color.keyguard.notification/com.color.keyguard.notification.KeyguardNotificationListener:com.kingroot.master/com.kingroot.kingmaster.toolbox.accessibility.extras.KmAccessNotification
E/OMXCodec(  249): [OMX.MTK.AUDIO.DECODER.VORBIS] -waitForBufferFilled_l
E/OMXCodec(  249): [OMX.MTK.AUDIO.DECODER.VORBIS] No more output data in fillOutputBuffer, mFilledBuffers size=0
E/OMXCodec(  249): [OMX.MTK.AUDIO.DECODER.VORBIS] read() final return
D/AudioMTKPolicyManager(  249): mHasA2dp:1, getA2dpOutput:0, bA2DPForeceIgnore:0, mA2dpSuspended:0,force =0 ,device2:0,
D/AudioMTKPolicyManager(  249): getDeviceForStrategy() strategy 0, device 2
V/NotificationService( 1909): disabling notification listener for user 0: ComponentInfo{com.kingroot.master/com.kingroot.kingmaster.toolbox.accessibility.extras.KmAccessNotification}
D/AudioMTKPolicyManager(  249): getOutput() device 2, stream 3, samplingRate 0, format 0, channelMask 3, flags 0
D/AudioMTKPolicyManager(  249): getOutputsForDevice() device 0002
D/AudioMTKPolicyManager(  249): output 0 isDuplicated=0 device=11c7f
D/AudioMTKPolicyManager(  249): getOutputsForDevice() found output 2
D/AudioMTKPolicyManager(  249): getOutput() returns output 2
D/AudioMTKPolicyManager(  249): mHasA2dp:1, getA2dpOutput:0, bA2DPForeceIgnore:0, mA2dpSuspended:0,force =0 ,device2:0,
D/AudioMTKPolicyManager(  249): getDeviceForStrategy() strategy 0, device 2
D/AudioMTKPolicyManager(  249): getOutput() device 2, stream 3, samplingRate 0, format 0, channelMask 3, flags 0
D/AudioMTKPolicyManager(  249): getOutputsForDevice() device 0002
D/AudioMTKPolicyManager(  249): output 0 isDuplicated=0 device=11c7f
D/AudioMTKPolicyManager(  249): getOutputsForDevice() found output 2
D/AudioMTKPolicyManager(  249): getOutput() returns output 2
D/AudioPlayer(  249): postEOSDelayUs =51 ms
I/AwesomePlayer(  249): AudioCache needn't delay post EOS!!!
D/AwesomePlayer(  249): onStreamDone:mStreamDoneStatus =-1011,video EOS=0,audio EOS=256
I/AudioCache(  249): [notify] notify(0xb7a4e860, 2, 0, 0)
D/AwesomePlayer(  249): pause_l :at_eos=1
I/AudioCache(  249): [notify] notify(0xb7a4e860, 7, 0, 0)
I/AwesomePlayer(  249): stop extractor in reset
D/AwesomePlayer(  249): reset_l
I/AudioCache(  249): [notify] notify(0xb7a4e860, 8, 0, 0)
I/AwesomePlayer(  249): reset cancelPlayEvents
V/WindowManager( 1909): Changing focus from Window{43479410 u0 com.oppo.launcher/com.oppo.launcher.Launcher} to Window{43065060 u0 Keyguard} Callers=com.android.server.wm.WindowManagerService.addWindow:2968 com.android.server.wm.Session.addToDisplay:163 android.view.IWindowSession$Stub.onTransact:111 com.android.server.wm.Session.onTransact:126 
I/WindowManager( 1909): Gaining focus: Window{43065060 u0 Keyguard}
V/NotificationService( 1909): enabling notification listener for user 0: ComponentInfo{com.color.keyguard.notification/com.color.keyguard.notification.KeyguardNotificationListener}
V/NotificationService( 1909): registerListenerService: ComponentInfo{com.color.keyguard.notification/com.color.keyguard.notification.KeyguardNotificationListener} u=0
D/ActivityThread( 5580): SVC-UNBIND_SERVICE handled : 0 / BindServiceData{token=android.os.BinderProxy@428c0db0 intent=Intent { act=android.service.notification.NotificationListenerService cmp=com.kingroot.master/com.kingroot.kingmaster.toolbox.accessibility.extras.KmAccessNotification }}
D/ActivityThread( 5580): SVC-Destroying service: com.kingroot.kingmaster.toolbox.accessibility.extras.KmAccessNotification@428c1c20
V/NotificationService( 1909): binding: Intent { act=android.service.notification.NotificationListenerService cmp=com.color.keyguard.notification/.KeyguardNotificationListener (has extras) }
I/KeyguardViewManager( 8990): onScreenTurnedOn mKeyguardView = null, callback.onShown
V/KeyguardServiceDelegate( 1909): **** SHOWN CALLED ****
I/WindowManager( 1909): Lock screen displayed!
V/NotificationService( 1909): enabling notification listener for user 0: ComponentInfo{com.kingroot.master/com.kingroot.kingmaster.toolbox.accessibility.extras.KmAccessNotification}
V/NotificationService( 1909): registerListenerService: ComponentInfo{com.kingroot.master/com.kingroot.kingmaster.toolbox.accessibility.extras.KmAccessNotification} u=0
I/KeyguardServiceDelegate( 1909): onShown Real invoke too
V/KeyguardServiceDelegate( 1909): hideScrim
D/dalvikvm( 4729): threadid=15: interp stack at 0x7a143000
V/NotificationService( 1909): binding: Intent { act=android.service.notification.NotificationListenerService cmp=com.kingroot.master/com.kingroot.kingmaster.toolbox.accessibility.extras.KmAccessNotification (has extras) }
D/ActivityThread( 5580): SVC-STOP_SERVICE handled : 0 / android.os.BinderProxy@428c0db0
D/ActivityThread( 5704): SVC-Calling onStartCommand: com.kingroot.common.framework.task.KTaskSysService@4277de80, flags=0, startId=12
V/WindowManager( 1909): Changing focus from Window{43065060 u0 Keyguard} to Window{43479410 u0 com.oppo.launcher/com.oppo.launcher.Launcher} Callers=com.android.server.wm.WindowManagerService.relayoutWindow:3728 com.android.server.wm.Session.relayout:191 android.view.IWindowSession$Stub.onTransact:235 com.android.server.wm.Session.onTransact:126 
V/ActivityManager( 1909): Broadcast: Intent { act=com.kingroot.master.action.NOTIFY_STATISTIC flg=0x10 pkg=com.kingroot.master (has extras) } ordered=false userid=0 callerApp=ProcessRecord{4299cd98 5704:com.kingroot.master:task/u0a98}
D/ActivityThread( 5580): SVC-Creating service: CreateServiceData{token=android.os.BinderProxy@42f9f368 className=com.kingroot.kingmaster.toolbox.accessibility.extras.KmAccessNotification packageName=com.kingroot.master intent=null}
D/ActivityThread( 5580): SVC-CREATE_SERVICE handled : 0 / CreateServiceData{token=android.os.BinderProxy@42f9f368 className=com.kingroot.kingmaster.toolbox.accessibility.extras.KmAccessNotification packageName=com.kingroot.master intent=null}
D/ActivityThread( 5704): SVC-SERVICE_ARGS handled : 0 / ServiceArgsData{token=android.os.BinderProxy@426ca508 startId=12 args=Intent { cmp=com.kingroot.master/com.kingroot.common.framework.task.KTaskSysService (has extras) }}
I/WindowManager( 1909): Gaining focus: Window{43479410 u0 com.oppo.launcher/com.oppo.launcher.Launcher}
I/WindowManager( 1909): Losing focus: Window{43065060 u0 Keyguard}
D/dalvikvm( 8990): dvmJarFileOpen: /system/app/KeyguardNotification.apk
D/AbsListView( 4469): onWindowFocusChanged: hasWindowFocus=true, this=android.widget.OppoGridView{429e45a8 VFED..C. ......ID 0,164-1080,1319 #7f0f02d7 app:id/mood_grid_view}
I/dalvikvm( 8990): DexOpt: mismatch dep name: '/data/dalvik-cache/system@framework@oppo-framework.jar@classes.dex' vs. '/system/framework/oppo-framework.odex'
D/dalvikvm( 8990): == DexOpt: numDeps = 21
D/dalvikvm( 8990): 0 : /system/framework/core.odex /system/framework/core.odex
D/dalvikvm( 8990): 1 : /system/framework/conscrypt.odex /system/framework/conscrypt.odex
D/dalvikvm( 8990): 2 : /system/framework/okhttp.odex /system/framework/okhttp.odex
D/dalvikvm( 8990): 3 : /system/framework/core-junit.odex /system/framework/core-junit.odex
D/dalvikvm( 8990): 4 : /system/framework/bouncycastle.odex /system/framework/bouncycastle.odex
D/dalvikvm( 8990): 5 : /system/framework/ext.odex /system/framework/ext.odex
D/dalvikvm( 8990): 6 : /system/framework/framework.odex /system/framework/framework.odex
D/dalvikvm( 8990): 7 : /system/framework/framework2.odex /system/framework/framework2.odex
D/dalvikvm( 8990): 8 : /system/framework/telephony-common.odex /system/framework/telephony-common.odex
D/dalvikvm( 8990): 9 : /system/framework/voip-common.odex /system/framework/voip-common.odex
D/dalvikvm( 8990): 10 : /system/framework/mms-common.odex /system/framework/mms-common.odex
D/ActivityThread( 5580): SVC-BIND_SERVICE handled : 0 / BindServiceData{token=android.os.BinderProxy@42f9f368 intent=Intent { act=android.service.notification.NotificationListenerService cmp=com.kingroot.master/com.kingroot.kingmaster.toolbox.accessibility.extras.KmAccessNotification }}
D/dalvikvm( 8990): 11 : /system/framework/android.policy.odex /system/framework/android.policy.odex
D/dalvikvm( 8990): 12 : /system/framework/services.odex /system/framework/services.odex
D/dalvikvm( 8990): 13 : /system/framework/apache-xml.odex /system/framework/apache-xml.odex
D/dalvikvm( 8990): 14 : /system/framework/webviewchromium.odex /system/framework/webviewchromium.odex
D/dalvikvm( 8990): 15 : /system/framework/mediatek-common.odex /system/framework/mediatek-common.odex
D/dalvikvm( 8990): 16 : /system/framework/mediatek-framework.odex /system/framework/mediatek-framework.odex
D/dalvikvm( 8990): 17 : /system/framework/CustomProperties.odex /system/framework/CustomProperties.odex
D/dalvikvm( 8990): 18 : /system/framework/mediatek-telephony-common.odex /system/framework/mediatek-telephony-common.odex
D/dalvikvm( 8990): 19 : /system/framework/mediatek-tablet.odex /system/framework/mediatek-tablet.odex
D/dalvikvm( 8990): 20 : /system/framework/oppo-framework.odex /system/framework/oppo-framework.odex
D/dalvikvm( 8990): 21 : NULL NULL
E/dalvikvm( 8990): /system/app/KeyguardNotification.apk odex has stale dependencies
D/dalvikvm( 8990): open_cached_dex_file : /system/app/KeyguardNotification.apk /data/dalvik-cache/system@app@KeyguardNotification.apk@classes.dex
D/ActivityThread( 5580): BDC-Calling onReceive: intent=Intent { act=com.kingroot.master.action.NOTIFY_STATISTIC flg=0x10 pkg=com.kingroot.master cmp=com.kingroot.master/com.kingroot.common.framework.broadcast.KSysBroadcastReceiver (has extras) }, ordered=true, receiver=com.kingroot.common.framework.broadcast.KSysBroadcastReceiver@42fa2ed0
D/ActivityThread( 5580): BDC-RECEIVER handled : 0 / ReceiverData{intent=Intent { act=com.kingroot.master.action.NOTIFY_STATISTIC flg=0x10 pkg=com.kingroot.master cmp=com.kingroot.master/com.kingroot.common.framework.broadcast.KSysBroadcastReceiver (has extras) } packageName=com.kingroot.master resultCode=-1 resultData=null resultExtras=null}
D/ActivityManager( 1909): getContentProviderImpl: from caller=android.app.ApplicationThreadProxy@439c2d08 (pid=5704, userId=0) to get content provider com.kingroot.common.mpstorage cpr=ContentProviderRecord{43279dd8 u0 com.kingroot.master/com.kingroot.common.filesystem.storage.MpStorageProvider}
V/InputMethodManager( 4469): onWindowFocus: null softInputMode=48 first=false flags=#5900100
D/dalvikvm( 8990): create interp thread : stack size=128KB
D/dalvikvm( 8990): create new thread
D/dalvikvm( 8990): new thread created
D/dalvikvm( 8990): update thread list
D/dalvikvm( 8990): threadid=16: interp stack at 0x78981000
V/InputMethodManagerService( 1909): windowGainedFocus: android.os.BinderProxy@43476e48 controlFlags=#0 softInputMode=#30 windowFlags=#5900100
D/dalvikvm( 8990): threadid=16: created from interp
D/dalvikvm( 8990): start new thread
D/dalvikvm( 8990): threadid=16: notify debugger
D/dalvikvm( 8990): threadid=16 (notification-loader): calling run()
W/InputMethodManagerService( 1909): Window already focused, ignoring focus gain of: com.android.internal.view.IInputMethodClient$Stub$Proxy@43530aa0 attribute=null, token = android.os.BinderProxy@43479150
D/ActivityThread( 5704): hoder:android.app.IActivityManager$ContentProviderHolder@42a30bc0,provider,holder.Provider:android.content.ContentProviderProxy@42a311e0
V/ActivityManager( 1909): Broadcast: Intent { act=com.kingroot.master.action.NOTIFY_STATISTIC flg=0x10 pkg=com.kingroot.master (has extras) } ordered=false userid=0 callerApp=ProcessRecord{4299cd98 5704:com.kingroot.master:task/u0a98}
D/ActivityThread( 8990): SVC-Creating service: CreateServiceData{token=android.os.BinderProxy@42702b90 className=com.color.keyguard.notification.KeyguardNotificationListener packageName=com.color.keyguard.notification intent=null}
V/ActivityManager( 1909): Broadcast: Intent { act=com.kingroot.master.action.NOTIFY_STATISTIC flg=0x10 pkg=com.kingroot.master (has extras) } ordered=false userid=0 callerApp=ProcessRecord{4299cd98 5704:com.kingroot.master:task/u0a98}
D/ActivityThread( 5580): BDC-Calling onReceive: intent=Intent { act=com.kingroot.master.action.NOTIFY_STATISTIC flg=0x10 pkg=com.kingroot.master cmp=com.kingroot.master/com.kingroot.common.framework.broadcast.KSysBroadcastReceiver (has extras) }, ordered=true, receiver=com.kingroot.common.framework.broadcast.KSysBroadcastReceiver@42fa5cc8
D/ActivityThread( 5580): BDC-RECEIVER handled : 0 / ReceiverData{intent=Intent { act=com.kingroot.master.action.NOTIFY_STATISTIC flg=0x10 pkg=com.kingroot.master cmp=com.kingroot.master/com.kingroot.common.framework.broadcast.KSysBroadcastReceiver (has extras) } packageName=com.kingroot.master resultCode=-1 resultData=null resultExtras=null}
D/AudioFlinger_Thread(  249): threadLoop_sleepTime write muted data to hw
D/ActivityThread( 5580): BDC-Calling onReceive: intent=Intent { act=com.kingroot.master.action.NOTIFY_STATISTIC flg=0x10 pkg=com.kingroot.master cmp=com.kingroot.master/com.kingroot.common.framework.broadcast.KSysBroadcastReceiver (has extras) }, ordered=true, receiver=com.kingroot.common.framework.broadcast.KSysBroadcastReceiver@42c02ee8
D/ActivityThread( 5580): BDC-RECEIVER handled : 0 / ReceiverData{intent=Intent { act=com.kingroot.master.action.NOTIFY_STATISTIC flg=0x10 pkg=com.kingroot.master cmp=com.kingroot.master/com.kingroot.common.framework.broadcast.KSysBroadcastReceiver (has extras) } packageName=com.kingroot.master resultCode=-1 resultData=null resultExtras=null}
D/MtkOmxAudioDecBase(  249): SendCommand cmd=OMX_CommandStateSet
D/MtkOmxAudioDecBase(  249): set MTK_OMX_IDLE_PENDING
D/MtkOmxAudioDecBase(  249): # Got general command (OMX_CommandStateSet)
D/MtkOmxAudioDecBase(  249): Request [OMX_StateExecuting]-> [OMX_StateIdle]
D/MtkOmxAudioDecBase(  249): FlushInputPort -> mNumPendingInput(0)
D/MtkOmxAudioDecBase(  249): -FlushInputPort
D/MtkOmxAudioDecBase(  249): mFillThisBufQ[0]=1
D/MtkOmxAudioDecBase(  249): pBuffHead(0xB7A47650)
D/MtkOmxAudioDecBase(  249): mFillThisBufQ[1]=2
D/MtkOmxAudioDecBase(  249): pBuffHead(0xB7A477C0)
D/MtkOmxAudioDecBase(  249): FlushOutputPort -> mNumPendingOutput(0)
D/MtkOmxVorbisDec(  249): FlushAudioDecoder(Vorbis)
D/MtkOmxAudioDecBase(  249): -FlushOutputPort -> mNumPendingOutput(0)
D/MtkOmxVorbisDec(  249): DeinitAudioDecoder(Vorbis)
D/MtkOmxAudioDecBase(  249): SendCommand cmd=OMX_CommandStateSet
D/MtkOmxAudioDecBase(  249): set MTK_OMX_LOADED_PENDING
D/MtkOmxAudioDecBase(  249): # Got general command (OMX_CommandStateSet)
D/MtkOmxAudioDecBase(  249): Request [OMX_StateIdle]-> [OMX_StateLoaded]
D/MtkOmxAudioDecBase(  249): wait on mInPortFreeDoneSem(0), mOutPortFreeDoneSem(0)
D/OMXCodec(  249): freeing buffer 0xb7a47198 on port 0, buffers->size() 5, i 4
D/MtkOmxAudioDecBase(  249): FreeBuffer input (0xB7A47198)
D/OMXCodec(  249): freeing buffer 0xb7a4b7b0 on port 0, buffers->size() 4, i 3
D/MtkOmxAudioDecBase(  249): FreeBuffer input (0xB7A4B7B0)
D/OMXCodec(  249): freeing buffer 0xb7a48c50 on port 0, buffers->size() 3, i 2
D/MtkOmxAudioDecBase(  249): FreeBuffer input (0xB7A48C50)
D/OMXCodec(  249): freeing buffer 0xb7a48b60 on port 0, buffers->size() 2, i 1
D/MtkOmxAudioDecBase(  249): FreeBuffer input (0xB7A48B60)
D/OMXCodec(  249): freeing buffer 0xb7a4c710 on port 0, buffers->size() 1, i 0
D/MtkOmxAudioDecBase(  249): FreeBuffer input (0xB7A4C710)
D/ActivityThread( 8990): SVC-CREATE_SERVICE handled : 0 / CreateServiceData{token=android.os.BinderProxy@42702b90 className=com.color.keyguard.notification.KeyguardNotificationListener packageName=com.color.keyguard.notification intent=null}
D/MtkOmxAudioDecBase(  249): FreeBuffer all input buffers have been freed!!! signal mInPortFreeDoneSem(1)
D/OMXCodec(  249): freeing buffer 0xb7a47930 on port 1, buffers->size() 4, i 3
D/MtkOmxAudioDecBase(  249): FreeBuffer output (0xB7A47930)
D/OMXCodec(  249): freeing buffer 0xb7a477c0 on port 1, buffers->size() 3, i 2
D/MtkOmxAudioDecBase(  249): FreeBuffer output (0xB7A477C0)
D/OMXCodec(  249): freeing buffer 0xb7a47650 on port 1, buffers->size() 2, i 1
D/MtkOmxAudioDecBase(  249): FreeBuffer output (0xB7A47650)
D/OMXCodec(  249): freeing buffer 0xb7a47468 on port 1, buffers->size() 1, i 0
D/MtkOmxAudioDecBase(  249): FreeBuffer output (0xB7A47468)
D/MtkOmxAudioDecBase(  249): FreeBuffer all output buffers have been freed!!! signal mOutPortFreeDoneSem(1)
D/MtkOmxAudioDecBase(  249): GetState (mState=OMX_StateLoaded)
D/MtkOmxCore(  249): Mtk_OMX_FreeHandle
D/MtkOmxAudioDecBase(  249): +ComponentDeInit
D/MtkOmxAudioDecBase(  249): MtkOmxAudioDecodeThread terminated pOmxAudioDec=0xB7A44E70
D/MtkOmxAudioDecBase(  249): MtkOmxAudioCommandThread terminated
D/MtkOmxAudioDecBase(  249): -ComponentDeInit
D/MtkOmxVorbisDec(  249): ~MtkOmxVorbisDec this= 0xB7A44E70
D/MtkOmxAudioDecBase(  249): ~MtkOmxAudioDecBase this= 0xB7A44E70
D/MtkOmxCore(  249): free_inst_handle dlclose(0xB45B05B8), free(0xB7A44E74)
D/OMXCodec(  249): !@@!>> destroy tid (249) OMXCodec mOMXLivesLocally=1, mIsVideoDecoder(0), mIsVideoEncoder(0), mime(audio/vorbis)
D/FileSourceProxy(  249): Fd: 30 unregister!
D/FileSourceProxy(  249): Fd: 30, File Cache hit rate: 0.00
D/ActivityThread( 8990): SVC-BIND_SERVICE handled : 0 / BindServiceData{token=android.os.BinderProxy@42702b90 intent=Intent { act=android.service.notification.NotificationListenerService cmp=com.color.keyguard.notification/.KeyguardNotificationListener }}
I/AwesomePlayer(  249): reset_l done
I/AwesomePlayer(  249): set flag for stopped
D/AwesomePlayer(  249): reset_l
I/AwesomePlayer(  249): reset cancelPlayEvents
I/AwesomePlayer(  249): reset_l done
I/AwesomePlayer(  249): set flag for stopped
D/AwesomePlayer(  249): reset_l
I/AwesomePlayer(  249): reset cancelPlayEvents
I/AwesomePlayer(  249): reset_l done
V/SoundPool( 8990): close(54)
V/SoundPool( 8990): pointer = 0x78487000, size = 10750, sampleRate = 44100, numChannels = 1
V/SoundPool-JNI( 8990): callback: (1, 1, 0, 0x7823dbe8, 0x1d200446)
V/SoundPoolThread( 8990): Got message m=2, mData=2
V/SoundPool( 8990): Start decode
I/MediaPlayerService(  249): [decode] decode(24, 32620, 7493)
D/Sonivox (  249): EAS_HWOpenFile ----> use file descriptor [25]
D/DrmMtkUtil/DrmUtil(  249): checkDcf ----> fd [25]
V/DrmMtkUtil/DrmUtil(  249): checkDcf: first 3 bytes [50][4b][3]
E/DrmMtkUtil/DrmUtil(  249): checkDcf: not dcf type, dcf version value [80]
D/DrmMtkUtil(  249): isDcf: result [-1]
D/Sonivox (  249): EAS_HWOpenFile ----> checked, not a DRM file.
D/MediaPlayerFactory(  249): getPlayerType(): using fd, check for DRM protected midi.
D/DrmMtkUtil/DrmUtil(  249): checkDcf ----> fd [24]
V/DrmMtkUtil/DrmUtil(  249): checkDcf: first 3 bytes [50][4b][3]
E/DrmMtkUtil/DrmUtil(  249): checkDcf: not dcf type, dcf version value [80]
I/AwesomePlayer(  249): mThrottleVideoBufRel:6000 us
D/AwesomePlayer(  249): @@[SF_PROPERTY]sf.video.jump.key.ms =-1
D/AwesomePlayer(  249): @@[SF_PROPERTY]sf.video.force.display.cnt=0
D/AwesomePlayer(  249): @@[SF_PROPERTY]sf.video.late.margin.ms = 250
I/AwesomePlayer(  249): set flag for stopped
D/AwesomePlayer(  249): reset_l
I/AwesomePlayer(  249): reset cancelPlayEvents
I/AwesomePlayer(  249): reset_l done
D/AwesomePlayer(  249): reset_l
I/AudioCache(  249): [notify] notify(0xb7a49e48, 8, 0, 0)
I/AwesomePlayer(  249): reset cancelPlayEvents
I/AwesomePlayer(  249): reset_l done
D/FileSourceProxy(  249): Fd: 30 register!
D/FileSourceProxy(  249): Open file /system/priv-app/Keyguard.apk for File Cache!
I/AwesomePlayer(  249): fd=30,path=/system/priv-app/Keyguard.apk
D/AsfParser(  249): JB +MediaExtractor::Create
V/IDrmManagerService(Native)(  249): add uniqueid
V/IDrmManagerService(Native)(  248): Entering BnDrmManagerService::onTransact with code 1
V/IDrmManagerService(Native)(  248): BnDrmManagerService::onTransact :ADD_UNIQUEID
D/DrmManager(Native)(  248): DrmManager::addUniqueId()
D/DrmManager(Native)(  248): DrmManager::addUniqueId() : server side generate unique id [4338]
V/IDrmManagerService(Native)(  248): Entering BnDrmManagerService::onTransact with code 3
V/IDrmManagerService(Native)(  248): BnDrmManagerService::onTransact :ADD_CLIENT
D/WVMDrmPlugIn(  248): WVMDrmPlugin::onInitialize : 4338
D/WVMDrmPlugIn(  248): WVMDrmPlugin::onSetOnInfoListener : add 4338
D/DrmMtkPlugIn(  248): DrmMtkPlugIn::onInitialize : 4338
D/DrmMtkPlugIn(  248): DrmMtkPlugIn::onSetOnInfoListener : 4338
V/IDrmManagerService(Native)(  249): Entering BpDrmManagerService::openDecryptSession
V/IDrmManagerService(Native)(  248): Entering BnDrmManagerService::onTransact with code 25
V/IDrmManagerService(Native)(  248): BnDrmManagerService::onTransact :OPEN_DECRYPT_SESSION
V/DrmManagerService(Native)(  248): Entering DrmManagerService::openDecryptSession
D/DrmMtkPlugIn(  248): onOpenDecryptSession() [4338], Start with file descryptor
D/DrmMtkUtil/DrmUtil(  248): parseDcf ----> fd [16]
V/DrmMtkUtil/DrmUtil(  248): parseDcf: first 3 bytes [50][4b][3]
E/DrmMtkUtil/DrmUtil(  248): parseDcf: not dcf type, dcf version value [80]
E/DrmMtkPlugIn(  248): onOpenDecryptSession() : failed to parse dcf file.
V/IDrmManagerService(Native)(  249): remove uniqueid
V/IDrmManagerService(Native)(  248): Entering BnDrmManagerService::onTransact with code 2
V/IDrmManagerService(Native)(  248): BnDrmManagerService::onTransact :REMOVE_UNIQUEID
D/DrmManager(Native)(  248): DrmManager::removeUniqueId() : uniqueId [4338]----------------->
D/DrmManager(Native)(  248): DrmManager::removeUniqueId() : uniqueId [242]<------------------
V/IDrmManagerService(Native)(  248): Entering BnDrmManagerService::onTransact with code 4
V/IDrmManagerService(Native)(  248): BnDrmManagerService::onTransact :REMOVE_CLIENT
D/WVMDrmPlugIn(  248): WVMDrmPlugin::onTerminate : 4338
D/DrmMtkPlugIn(  248): DrmMtkPlugIn::onTerminate : 4338
V/IDrmManagerService(Native)(  249): setDrmServiceListener
V/IDrmManagerService(Native)(  248): Entering BnDrmManagerService::onTransact with code 5
V/IDrmManagerService(Native)(  248): BnDrmManagerService::onTransact :SET_DRM_SERVICE_LISTENER
V/DrmManagerService(Native)(  248): Entering setDrmServiceListener
E/APEExtractor(  249): getAPEInfo not ape 5002
I/AsfParser(  249): ASFExtractor: mFileSize=7493
I/AsfParser(  249): +ASFExtractor 0xb7a42590, tid=1312
E/AsfParser(  249): unknown object: 5367674f-200-0-0000000000002600, 0 bytes
I/AsfParser(  249): obj->type=0,size=-1734730281467772928,datalen=0
E/AsfParser(  249): error parsing header: -6
I/AsfParser(  249): [ASF_ERROR]Not an ASF file!!!
I/AsfParser(  249): -ASFExtractor 0xb7a42590, tid=1312
I/AsfParser(  249): ~ASFExtractor 0xb7a42590, tid=1312
D/MPEG2PSExtractor(  249): *******************SniffMPEGPS in *************
D/MPEG2PSExtractor(  249): sniff length: 0x400
D/MPEG2PSExtractor(  249): *********************readbuff:4f 67 67 53 00 ;02 00 00 00 00 *********************
D/MPEG2PSExtractor(  249): ********************* parsePackHeader can't find pack header start code *********************
D/WVMExtractorImpl(  249): IsWidevineMedia() return 0
D/AsfParser(  249): Autodetected media content as 'application/ogg' with confidence 0.20
D/AsfParser(  249): JB -MediaExtractor::Create
D/AwesomePlayer(  249): mMetaData->findInt32(kKeyIsDRM, &isDrm) fail, then set is 0
D/AudioMTKPolicyManager(  249): isOffloadSupported: SR=44100, CM=0x1, Format=0x7000000, StreamType=-1, BitRate=4294967295, duration=127437 us, has_video=0
D/AwesomePlayer(  249): audio OMXCodec::Create begin
D/MtkOmxCore(  249): Mtk_OMX_GetHandle (OMX.MTK.AUDIO.DECODER.VORBIS)
D/MtkOmxCore(  249): comp_index(28), path(libMtkOmxVorbisDec.so)
D/MtkOmxAudioDecBase(  249): MtkOmxAudioDecBase::MtkOmxAudioDecBase this= 0xB7A49250
D/MtkOmxVorbisDec(  249): MtkOmxVorbisDec::MtkOmxVorbisDec this= 0xB7A49250
D/MtkOmxVorbisDec(  249): MtkOmxComponentCreate mCompHandle(0xB7A49250)
D/MtkOmxAudioDecBase(  249): ComponentInit (OMX.MTK.AUDIO.DECODER.VORBIS)
D/MtkOmxVorbisDec(  249): MtkOmxVorbisDec::InitAudioParams(VORBIS)
D/MtkOmxVorbisDec(  249): MTK_OMX_OUTPUT_BUFFER_SIZE_VORBIS:32768,pcm_mem_size=98304
D/MtkOmxAudioDecBase(  249): 0xb7a49250_Ctrl 0, total path is in ,out 
D/MtkOmxAudioDecBase(  249): Audio Command Thread priority is -16
D/MtkOmxAudioDecBase(  249): MtkOmxAudioCommandThread created pOmxAudioDec=0xB7A49250
D/MtkOmxAudioDecBase(  249): fdmax = 32
D/MtkOmxCore(  249): MtkOmxSetCoreGlobal is NOT supported on this component
D/MtkOmxCore(  249): +++++ dump_inst_handle_pool +++++
D/MtkOmxCore(  249): gCoreCompInstance[0].comp_module=0xB45B05B8, comp_handle=0xB7A49254
D/MtkOmxCore(  249): ----- dump_inst_handle_pool -----
D/MtkOmxAudioDecBase(  249): Audio Decode Thread priority is -16
D/MtkOmxAudioDecBase(  249): MtkOmxAudioDecodeThread created pOmxAudioDec=0xB7A49250, tid=9027
D/MtkOmxAudioDecBase(  249): SetParameter index(0x01000017)
D/OMXCodec(  249): !@@!>> create tid (9024) OMXCodec mOMXLivesLocally=1, mIsVideoDecoder(0), mIsVideoEncoder(0), mime(audio/vorbis)
D/MtkOmxAudioDecBase(  249): GetParameter (0x02000001)
D/MtkOmxAudioDecBase(  249): GetParameter (0x02000001)
D/MtkOmxAudioDecBase(  249): GetParameter (0x02000001)
D/MtkOmxAudioDecBase(  249): GetParameter (0x04000002)
D/AwesomePlayer(  249): audio OMXCodec::Create done
D/AudioFlinger_Thread(  249): threadLoop_sleepTime write muted data to hw
D/MtkOmxAudioDecBase(  249): GetParameter (0x7F000009)
I/OMXCodec(  249): mSupportsPartialFrames 0 err 0 
D/MtkOmxAudioDecBase(  249): SetParameter index(0x7F00001F)
E/MtkOmxAudioDecBase(  249): MtkOmxAudioDecBase:SetParameter unsupported nParamIndex(0x7F00001F)
D/MtkOmxAudioDecBase(  249): SendCommand cmd=OMX_CommandStateSet
D/MtkOmxAudioDecBase(  249): set MTK_OMX_IDLE_PENDING
D/MtkOmxAudioDecBase(  249): GetParameter (0x02000001)
D/OMXCodec(  249): @@ [IN] def.nBufferSize = 32768
D/OMXCodec(  249): allocating 5 buffers of size 32768 on input port
D/OMXCodec(  249): @@ Input totalSize = 166400
D/MtkOmxAudioDecBase(  249): UseBuffer port_idx(0x0), idx[0], pBuffHead(0xB7A4AC88), pBuffer(0xB4317000)
D/OMXCodec(  249): @@ Input[0], info.mData(0xB4317000)
D/MtkOmxAudioDecBase(  249): UseBuffer port_idx(0x0), idx[1], pBuffHead(0xB7A47038), pBuffer(0xB431F000)
D/MtkOmxAudioDecBase(  249): # Got general command (OMX_CommandStateSet)
D/OMXCodec(  249): @@ Input[1], info.mData(0xB431F000)
D/MtkOmxAudioDecBase(  249): Request [OMX_StateLoaded]-> [OMX_StateIdle]
D/MtkOmxAudioDecBase(  249): wait on mInPortAllocDoneSem(0), mOutPortAllocDoneSem(0)!!
D/MtkOmxAudioDecBase(  249): UseBuffer port_idx(0x0), idx[2], pBuffHead(0xB7A47180), pBuffer(0xB4327000)
D/OMXCodec(  249): @@ Input[2], info.mData(0xB4327000)
D/MtkOmxAudioDecBase(  249): UseBuffer port_idx(0x0), idx[3], pBuffHead(0xB7A47258), pBuffer(0xB432F000)
D/OMXCodec(  249): @@ Input[3], info.mData(0xB432F000)
D/MtkOmxAudioDecBase(  249): UseBuffer port_idx(0x0), idx[4], pBuffHead(0xB7A47348), pBuffer(0xB4337000)
D/MtkOmxAudioDecBase(  249): signal mInPortAllocDoneSem (1)
D/MtkOmxAudioDecBase(  249): input port populated
D/OMXCodec(  249): @@ Input[4], info.mData(0xB4337000)
D/MtkOmxAudioDecBase(  249): GetParameter (0x02000001)
E/OMXCodec(  249): @@ [OUT] def.nBufferSize = 98304
E/OMXCodec(  249): @@ [OUT] totalSize = 393728
D/OMXCodec(  249): OMXCodec::allocateBuffersOnOutputPort:totalSize=393728
D/MtkOmxAudioDecBase(  249): UseBuffer port_idx(0x1), idx[0], pBuffHead(0xB7A47640), pBuffer(0xB42B6000)
D/OMXCodec(  249): @@ Output[0] info.mData(0xB42B6000)
D/MtkOmxAudioDecBase(  249): UseBuffer port_idx(0x1), idx[1], pBuffHead(0xB7A47828), pBuffer(0xB42CE000)
D/OMXCodec(  249): @@ Output[1] info.mData(0xB42CE000)
D/MtkOmxAudioDecBase(  249): UseBuffer port_idx(0x1), idx[2], pBuffHead(0xB7A47998), pBuffer(0xB42E6000)
D/OMXCodec(  249): @@ Output[2] info.mData(0xB42E6000)
D/MtkOmxAudioDecBase(  249): UseBuffer port_idx(0x1), idx[3], pBuffHead(0xB7A47B08), pBuffer(0xB42FE000)
D/MtkOmxAudioDecBase(  249): signal mOutPortAllocDoneSem (1)
D/MtkOmxAudioDecBase(  249): output port populated
D/OMXCodec(  249): @@ Output[3] info.mData(0xB42FE000)
D/MtkOmxAudioDecBase(  249): SendCommand cmd=OMX_CommandStateSet
D/MtkOmxAudioDecBase(  249): # Got general command (OMX_CommandStateSet)
D/MtkOmxAudioDecBase(  249): Request [OMX_StateIdle]-> [OMX_StateExecuting]
D/MtkOmxAudioDecBase(  249): state changes to OMX_StateExecuting
I/AudioCache(  249): [notify] notify(0xb7a49e48, 5, 0, 0)
I/AudioCache(  249): [notify] notify(0xb7a49e48, 1, 0, 0)
I/AwesomePlayer(  249): play 
I/AwesomePlayer(  249): play_l:mFlags=0x10
I/AwesomePlayer(  249): play_l:startAudioPlayer_l
I/OMXCodec(  249): drainInputBuffer read buffer done
I/OMXCodec(  249): drainInputBuffer read buffer done
I/OMXCodec(  249): drainInputBuffer read buffer done
E/OMXCodec(  249): [OMX.MTK.AUDIO.DECODER.VORBIS] +waitForBufferFilled_l: 0/0
D/MtkOmxVorbisDec(  249): DecodeAudio OMX_BUFFERFLAG_CODECCONFIG HEADERTYPE = 1
D/MtkOmxVorbisDec(  249): Vorbis SWIP : nCh : 1, nSample : 44100, ret: 0
D/MtkOmxVorbisDec(  249): out put pcm mode:channel count:1,sample rate:44100
D/MtkOmxVorbisDec(  249): DecodeAudio OMX_BUFFERFLAG_CODECCONFIG HEADERTYPE = 5
I/OMXCodec(  249): drainInputBuffer read buffer done
D/MtkOmxVorbisDec(  249): Vorbis SWIP get pcm output may fail!
I/OMXCodec(  249): drainInputBuffer read buffer done
I/OMXCodec(  249): drainInputBuffer read buffer done
I/OMXCodec(  249): drainInputBuffer read buffer done
E/OMXCodec(  249): [OMX.MTK.AUDIO.DECODER.VORBIS] -waitForBufferFilled_l
I/AudioCache(  249): [open] open(44100, 1, 0x0, 1, 4)
I/AwesomePlayer(  249): AudioPlayer mLatencyUs 0
I/AudioCache(  249): [notify] notify(0xb7a49e48, 6, 0, 0)
E/OMXCodec(  249): [OMX.MTK.AUDIO.DECODER.VORBIS] +waitForBufferFilled_l: 0/0
I/OMXCodec(  249): drainInputBuffer read buffer done
I/OMXCodec(  249): drainInputBuffer read buffer done
I/OMXCodec(  249): drainInputBuffer read buffer done
I/OMXCodec(  249): drainInputBuffer read buffer done
I/OMXCodec(  249): drainInputBuffer read buffer done
E/OMXCodec(  249): [OMX.MTK.AUDIO.DECODER.VORBIS] -waitForBufferFilled_l
E/OMXCodec(  249): [OMX.MTK.AUDIO.DECODER.VORBIS] +waitForBufferFilled_l: 0/0
I/OMXCodec(  249): drainInputBuffer read buffer done
I/OMXCodec(  249): drainInputBuffer read buffer done
I/OMXCodec(  249): drainInputBuffer read buffer done
I/OMXCodec(  249): drainInputBuffer read buffer done
E/OMXCodec(  249): [OMX.MTK.AUDIO.DECODER.VORBIS] -waitForBufferFilled_l
E/OMXCodec(  249): [OMX.MTK.AUDIO.DECODER.VORBIS] +waitForBufferFilled_l: 0/0
I/OMXCodec(  249): drainInputBuffer read buffer done
I/OMXCodec(  249): drainInputBuffer read buffer done
I/OMXCodec(  249): drainInputBuffer read buffer done
I/OMXCodec(  249): drainInputBuffer read buffer done
E/OMXCodec(  249): [OMX.MTK.AUDIO.DECODER.VORBIS] -waitForBufferFilled_l
E/OMXCodec(  249): [OMX.MTK.AUDIO.DECODER.VORBIS] +waitForBufferFilled_l: 0/0
I/OMXCodec(  249): drainInputBuffer read buffer done
I/OMXCodec(  249): drainInputBuffer read buffer done
I/OMXCodec(  249): drainInputBuffer read buffer done
I/OMXCodec(  249): drainInputBuffer read buffer done
E/OMXCodec(  249): [OMX.MTK.AUDIO.DECODER.VORBIS] -waitForBufferFilled_l
E/OMXCodec(  249): [OMX.MTK.AUDIO.DECODER.VORBIS] +waitForBufferFilled_l: 0/0
I/OMXCodec(  249): drainInputBuffer read buffer done
E/OMXCodec(  249): [OMX.MTK.AUDIO.DECODER.VORBIS] -waitForBufferFilled_l
E/OMXCodec(  249): [OMX.MTK.AUDIO.DECODER.VORBIS] +waitForBufferFilled_l: 0/0
I/OMXCodec(  249): drainInputBuffer read buffer done
I/OMXCodec(  249): drainInputBuffer read buffer done
I/OMXCodec(  249): drainInputBuffer read buffer done
I/OMXCodec(  249): drainInputBuffer read buffer done
E/OMXCodec(  249): [OMX.MTK.AUDIO.DECODER.VORBIS] -waitForBufferFilled_l
E/OMXCodec(  249): [OMX.MTK.AUDIO.DECODER.VORBIS] +waitForBufferFilled_l: 0/0
D/MtkOmxVorbisDec(  249): discarding 972 frames at end of page
E/OMXCodec(  249): [OMX.MTK.AUDIO.DECODER.VORBIS] -waitForBufferFilled_l
D/MtkOmxVorbisDec(  249): Vorbis EOS received, TS=0
D/MtkOmxVorbisDec(  249): FlushAudioDecoder(Vorbis)
E/OMXCodec(  249): [OMX.MTK.AUDIO.DECODER.VORBIS] +waitForBufferFilled_l: 4/0
D/OMXCodec(  249): OMXCodec::on_message EOS received!!!!
E/OMXCodec(  249): [OMX.MTK.AUDIO.DECODER.VORBIS] -waitForBufferFilled_l
E/OMXCodec(  249): [OMX.MTK.AUDIO.DECODER.VORBIS] read() final return
D/AudioMTKPolicyManager(  249): mHasA2dp:1, getA2dpOutput:0, bA2DPForeceIgnore:0, mA2dpSuspended:0,force =0 ,device2:0,
D/AudioMTKPolicyManager(  249): getDeviceForStrategy() strategy 0, device 2
D/AudioMTKPolicyManager(  249): getOutput() device 2, stream 3, samplingRate 0, format 0, channelMask 3, flags 0
D/AudioMTKPolicyManager(  249): getOutputsForDevice() device 0002
D/AudioMTKPolicyManager(  249): output 0 isDuplicated=0 device=11c7f
D/AudioMTKPolicyManager(  249): getOutputsForDevice() found output 2
D/AudioMTKPolicyManager(  249): getOutput() returns output 2
D/AudioMTKPolicyManager(  249): mHasA2dp:1, getA2dpOutput:0, bA2DPForeceIgnore:0, mA2dpSuspended:0,force =0 ,device2:0,
D/AudioMTKPolicyManager(  249): getDeviceForStrategy() strategy 0, device 2
D/AudioMTKPolicyManager(  249): getOutput() device 2, stream 3, samplingRate 0, format 0, channelMask 3, flags 0
D/AudioMTKPolicyManager(  249): getOutputsForDevice() device 0002
D/AudioMTKPolicyManager(  249): output 0 isDuplicated=0 device=11c7f
D/AudioMTKPolicyManager(  249): getOutputsForDevice() found output 2
D/AudioMTKPolicyManager(  249): getOutput() returns output 2
D/AudioPlayer(  249): postEOSDelayUs =57 ms
I/AwesomePlayer(  249): AudioCache needn't delay post EOS!!!
D/AwesomePlayer(  249): onStreamDone:mStreamDoneStatus =-1011,video EOS=0,audio EOS=256
I/AudioCache(  249): [notify] notify(0xb7a49e48, 2, 0, 0)
D/AwesomePlayer(  249): pause_l :at_eos=1
I/AudioCache(  249): [notify] notify(0xb7a49e48, 7, 0, 0)
I/AwesomePlayer(  249): stop extractor in reset
D/AwesomePlayer(  249): reset_l
I/AudioCache(  249): [notify] notify(0xb7a49e48, 8, 0, 0)
I/AwesomePlayer(  249): reset cancelPlayEvents
D/AudioFlinger_Thread(  249): threadLoop_sleepTime write muted data to hw
D/MtkOmxAudioDecBase(  249): SendCommand cmd=OMX_CommandStateSet
D/MtkOmxAudioDecBase(  249): set MTK_OMX_IDLE_PENDING
D/MtkOmxAudioDecBase(  249): # Got general command (OMX_CommandStateSet)
D/MtkOmxAudioDecBase(  249): Request [OMX_StateExecuting]-> [OMX_StateIdle]
D/MtkOmxAudioDecBase(  249): FlushInputPort -> mNumPendingInput(0)
D/MtkOmxAudioDecBase(  249): -FlushInputPort
D/MtkOmxAudioDecBase(  249): mFillThisBufQ[0]=1
D/MtkOmxAudioDecBase(  249): pBuffHead(0xB7A47828)
D/MtkOmxAudioDecBase(  249): mFillThisBufQ[1]=2
D/MtkOmxAudioDecBase(  249): pBuffHead(0xB7A47998)
D/MtkOmxAudioDecBase(  249): mFillThisBufQ[2]=3
D/MtkOmxAudioDecBase(  249): pBuffHead(0xB7A47B08)
D/MtkOmxAudioDecBase(  249): FlushOutputPort -> mNumPendingOutput(0)
D/MtkOmxVorbisDec(  249): FlushAudioDecoder(Vorbis)
D/MtkOmxAudioDecBase(  249): -FlushOutputPort -> mNumPendingOutput(0)
D/MtkOmxVorbisDec(  249): DeinitAudioDecoder(Vorbis)
D/MtkOmxAudioDecBase(  249): SendCommand cmd=OMX_CommandStateSet
D/MtkOmxAudioDecBase(  249): set MTK_OMX_LOADED_PENDING
D/MtkOmxAudioDecBase(  249): # Got general command (OMX_CommandStateSet)
D/MtkOmxAudioDecBase(  249): Request [OMX_StateIdle]-> [OMX_StateLoaded]
D/MtkOmxAudioDecBase(  249): wait on mInPortFreeDoneSem(0), mOutPortFreeDoneSem(0)
D/OMXCodec(  249): freeing buffer 0xb7a47348 on port 0, buffers->size() 5, i 4
D/MtkOmxAudioDecBase(  249): FreeBuffer input (0xB7A47348)
D/OMXCodec(  249): freeing buffer 0xb7a47258 on port 0, buffers->size() 4, i 3
D/MtkOmxAudioDecBase(  249): FreeBuffer input (0xB7A47258)
D/OMXCodec(  249): freeing buffer 0xb7a47180 on port 0, buffers->size() 3, i 2
D/MtkOmxAudioDecBase(  249): FreeBuffer input (0xB7A47180)
D/OMXCodec(  249): freeing buffer 0xb7a47038 on port 0, buffers->size() 2, i 1
D/MtkOmxAudioDecBase(  249): FreeBuffer input (0xB7A47038)
D/OMXCodec(  249): freeing buffer 0xb7a4ac88 on port 0, buffers->size() 1, i 0
D/MtkOmxAudioDecBase(  249): FreeBuffer input (0xB7A4AC88)
D/MtkOmxAudioDecBase(  249): FreeBuffer all input buffers have been freed!!! signal mInPortFreeDoneSem(1)
D/OMXCodec(  249): freeing buffer 0xb7a47b08 on port 1, buffers->size() 4, i 3
D/MtkOmxAudioDecBase(  249): FreeBuffer output (0xB7A47B08)
D/OMXCodec(  249): freeing buffer 0xb7a47998 on port 1, buffers->size() 3, i 2
D/MtkOmxAudioDecBase(  249): FreeBuffer output (0xB7A47998)
D/OMXCodec(  249): freeing buffer 0xb7a47828 on port 1, buffers->size() 2, i 1
D/MtkOmxAudioDecBase(  249): FreeBuffer output (0xB7A47828)
D/OMXCodec(  249): freeing buffer 0xb7a47640 on port 1, buffers->size() 1, i 0
D/MtkOmxAudioDecBase(  249): FreeBuffer output (0xB7A47640)
D/MtkOmxAudioDecBase(  249): FreeBuffer all output buffers have been freed!!! signal mOutPortFreeDoneSem(1)
D/MtkOmxAudioDecBase(  249): GetState (mState=OMX_StateLoaded)
D/MtkOmxCore(  249): Mtk_OMX_FreeHandle
D/MtkOmxAudioDecBase(  249): +ComponentDeInit
D/MtkOmxAudioDecBase(  249): MtkOmxAudioDecodeThread terminated pOmxAudioDec=0xB7A49250
D/MtkOmxAudioDecBase(  249): MtkOmxAudioCommandThread terminated
D/MtkOmxAudioDecBase(  249): -ComponentDeInit
D/MtkOmxVorbisDec(  249): ~MtkOmxVorbisDec this= 0xB7A49250
D/MtkOmxAudioDecBase(  249): ~MtkOmxAudioDecBase this= 0xB7A49250
D/MtkOmxCore(  249): free_inst_handle dlclose(0xB45B05B8), free(0xB7A49254)
D/OMXCodec(  249): !@@!>> destroy tid (1312) OMXCodec mOMXLivesLocally=1, mIsVideoDecoder(0), mIsVideoEncoder(0), mime(audio/vorbis)
D/FileSourceProxy(  249): Fd: 30 unregister!
D/FileSourceProxy(  249): Fd: 30, File Cache hit rate: 0.00
I/AwesomePlayer(  249): reset_l done
I/AwesomePlayer(  249): set flag for stopped
D/AwesomePlayer(  249): reset_l
I/AwesomePlayer(  249): reset cancelPlayEvents
I/AwesomePlayer(  249): reset_l done
I/AwesomePlayer(  249): set flag for stopped
D/AwesomePlayer(  249): reset_l
I/AwesomePlayer(  249): reset cancelPlayEvents
I/AwesomePlayer(  249): reset_l done
V/SoundPool( 8990): close(56)
V/SoundPool( 8990): pointer = 0x78aab000, size = 11240, sampleRate = 44100, numChannels = 1
V/SoundPool-JNI( 8990): callback: (1, 2, 0, 0x7823dbe8, 0x1d200446)
D/AudioFlinger_Thread(  249): threadLoop_sleepTime write muted data to hw
D/dalvikvm( 4536): currentAlloc=14476696 - lastAllocatedSize=8697568 < 10485760, don't trigger GC
D/dalvikvm( 4536): currentAlloc=14544272 - lastAllocatedSize=8697568 < 10485760, don't trigger GC
D/dalvikvm( 4536): currentAlloc=14612840 - lastAllocatedSize=8697568 < 10485760, don't trigger GC
D/dalvikvm( 4536): currentAlloc=14683480 - lastAllocatedSize=8697568 < 10485760, don't trigger GC
D/dalvikvm( 4536): currentAlloc=14757160 - lastAllocatedSize=8697568 < 10485760, don't trigger GC
D/dalvikvm( 4536): currentAlloc=14837016 - lastAllocatedSize=8697568 < 10485760, don't trigger GC
D/dalvikvm( 4536): currentAlloc=14917864 - lastAllocatedSize=8697568 < 10485760, don't trigger GC
D/dalvikvm( 4536): currentAlloc=15000792 - lastAllocatedSize=8697568 < 10485760, don't trigger GC
D/dalvikvm( 4536): currentAlloc=15084712 - lastAllocatedSize=8697568 < 10485760, don't trigger GC
D/dalvikvm( 4536): currentAlloc=15170712 - lastAllocatedSize=8697568 < 10485760, don't trigger GC
D/dalvikvm( 4536): currentAlloc=15257920 - lastAllocatedSize=8697568 < 10485760, don't trigger GC
D/dalvikvm( 4536): currentAlloc=15349352 - lastAllocatedSize=8697568 < 10485760, don't trigger GC
D/dalvikvm( 4536): currentAlloc=15439416 - lastAllocatedSize=8697568 < 10485760, don't trigger GC
D/AudioFlinger_Thread(  249): threadLoop_sleepTime write muted data to hw
D/dalvikvm( 4536): currentAlloc=15532592 - lastAllocatedSize=8697568 < 10485760, don't trigger GC
D/dalvikvm( 4536): currentAlloc=15596000 - lastAllocatedSize=8697568 < 10485760, don't trigger GC
D/dalvikvm( 4536): currentAlloc=15627776 - lastAllocatedSize=8697568 < 10485760, don't trigger GC
D/dalvikvm( 4536): currentAlloc=15691240 - lastAllocatedSize=8697568 < 10485760, don't trigger GC
D/dalvikvm( 4536): currentAlloc=15724016 - lastAllocatedSize=8697568 < 10485760, don't trigger GC
D/dalvikvm( 4536): currentAlloc=15789472 - lastAllocatedSize=8697568 < 10485760, don't trigger GC
D/dalvikvm( 4536): currentAlloc=15822272 - lastAllocatedSize=8697568 < 10485760, don't trigger GC
D/dalvikvm( 4536): currentAlloc=15887784 - lastAllocatedSize=8697568 < 10485760, don't trigger GC
D/dalvikvm( 4536): currentAlloc=15920568 - lastAllocatedSize=8697568 < 10485760, don't trigger GC
D/dalvikvm( 4536): currentAlloc=15986024 - lastAllocatedSize=8697568 < 10485760, don't trigger GC
D/dalvikvm( 4536): currentAlloc=16019848 - lastAllocatedSize=8697568 < 10485760, don't trigger GC
D/dalvikvm( 4536): currentAlloc=16121208 - lastAllocatedSize=8697568 < 10485760, don't trigger GC
D/dalvikvm( 4536): currentAlloc=16188712 - lastAllocatedSize=8697568 < 10485760, don't trigger GC
D/dalvikvm( 4536): currentAlloc=16223560 - lastAllocatedSize=8697568 < 10485760, don't trigger GC
D/dalvikvm( 4536): currentAlloc=16293176 - lastAllocatedSize=8697568 < 10485760, don't trigger GC
D/dalvikvm( 4536): currentAlloc=16328000 - lastAllocatedSize=8697568 < 10485760, don't trigger GC
D/dalvikvm( 4536): currentAlloc=16397552 - lastAllocatedSize=8697568 < 10485760, don't trigger GC
D/dalvikvm( 4536): currentAlloc=16433424 - lastAllocatedSize=8697568 < 10485760, don't trigger GC
D/dalvikvm( 4536): currentAlloc=16505080 - lastAllocatedSize=8697568 < 10485760, don't trigger GC
D/dalvikvm( 4536): currentAlloc=16540928 - lastAllocatedSize=8697568 < 10485760, don't trigger GC
D/dalvikvm( 4536): currentAlloc=16612528 - lastAllocatedSize=8697568 < 10485760, don't trigger GC
D/dalvikvm( 4536): currentAlloc=16649424 - lastAllocatedSize=8697568 < 10485760, don't trigger GC
D/dalvikvm( 4536): currentAlloc=16723128 - lastAllocatedSize=8697568 < 10485760, don't trigger GC
D/dalvikvm( 4536): currentAlloc=16760008 - lastAllocatedSize=8697568 < 10485760, don't trigger GC
D/dalvikvm( 4536): currentAlloc=16833656 - lastAllocatedSize=8697568 < 10485760, don't trigger GC
D/dalvikvm( 4536): currentAlloc=16871576 - lastAllocatedSize=8697568 < 10485760, don't trigger GC
D/dalvikvm( 4536): currentAlloc=16947328 - lastAllocatedSize=8697568 < 10485760, don't trigger GC
D/dalvikvm( 4536): currentAlloc=16985224 - lastAllocatedSize=8697568 < 10485760, don't trigger GC
D/dalvikvm( 4536): currentAlloc=17060920 - lastAllocatedSize=8697568 < 10485760, don't trigger GC
D/dalvikvm( 4536): currentAlloc=17099864 - lastAllocatedSize=8697568 < 10485760, don't trigger GC
D/dalvikvm( 4536): currentAlloc=17177672 - lastAllocatedSize=8697568 < 10485760, don't trigger GC
D/dalvikvm( 4536): currentAlloc=17216592 - lastAllocatedSize=8697568 < 10485760, don't trigger GC
D/dalvikvm( 4536): currentAlloc=17294336 - lastAllocatedSize=8697568 < 10485760, don't trigger GC
D/dalvikvm( 4536): currentAlloc=17334304 - lastAllocatedSize=8697568 < 10485760, don't trigger GC
D/dalvikvm( 4536): currentAlloc=17454096 - lastAllocatedSize=8697568 < 10485760, don't trigger GC
D/dalvikvm( 4536): currentAlloc=17533888 - lastAllocatedSize=8697568 < 10485760, don't trigger GC
D/dalvikvm( 4536): currentAlloc=17574880 - lastAllocatedSize=8697568 < 10485760, don't trigger GC
D/AudioFlinger_Thread(  249): threadLoop_sleepTime write muted data to hw
D/dalvikvm( 4536): currentAlloc=17656776 - lastAllocatedSize=8697568 < 10485760, don't trigger GC
D/dalvikvm( 4536): currentAlloc=17697752 - lastAllocatedSize=8697568 < 10485760, don't trigger GC
D/dalvikvm( 4536): currentAlloc=17779592 - lastAllocatedSize=8697568 < 10485760, don't trigger GC
D/dalvikvm( 4536): currentAlloc=17821608 - lastAllocatedSize=8697568 < 10485760, don't trigger GC
D/dalvikvm( 4536): currentAlloc=17905552 - lastAllocatedSize=8697568 < 10485760, don't trigger GC
D/dalvikvm( 4536): currentAlloc=17948568 - lastAllocatedSize=8697568 < 10485760, don't trigger GC
D/dalvikvm( 4536): currentAlloc=18034504 - lastAllocatedSize=8697568 < 10485760, don't trigger GC
D/dalvikvm( 4536): currentAlloc=18077544 - lastAllocatedSize=8697568 < 10485760, don't trigger GC
D/dalvikvm( 4536): currentAlloc=18163544 - lastAllocatedSize=8697568 < 10485760, don't trigger GC
D/dalvikvm( 4536): currentAlloc=18207584 - lastAllocatedSize=8697568 < 10485760, don't trigger GC
D/dalvikvm( 4536): currentAlloc=18295568 - lastAllocatedSize=8697568 < 10485760, don't trigger GC
D/dalvikvm( 4536): currentAlloc=18339632 - lastAllocatedSize=8697568 < 10485760, don't trigger GC
D/dalvikvm( 4536): currentAlloc=18427672 - lastAllocatedSize=8697568 < 10485760, don't trigger GC
D/dalvikvm( 4536): currentAlloc=18471712 - lastAllocatedSize=8697568 < 10485760, don't trigger GC
D/dalvikvm( 4536): currentAlloc=18559696 - lastAllocatedSize=8697568 < 10485760, don't trigger GC
D/dalvikvm( 4536): currentAlloc=18604784 - lastAllocatedSize=8697568 < 10485760, don't trigger GC
D/dalvikvm( 4536): currentAlloc=18694872 - lastAllocatedSize=8697568 < 10485760, don't trigger GC
D/dalvikvm( 4536): currentAlloc=18739944 - lastAllocatedSize=8697568 < 10485760, don't trigger GC
D/dalvikvm( 4536): currentAlloc=18829976 - lastAllocatedSize=8697568 < 10485760, don't trigger GC
D/dalvikvm( 4536): currentAlloc=18876088 - lastAllocatedSize=8697568 < 10485760, don't trigger GC
D/dalvikvm( 4536): currentAlloc=18968224 - lastAllocatedSize=8697568 < 10485760, don't trigger GC
D/dalvikvm( 4536): currentAlloc=19014312 - lastAllocatedSize=8697568 < 10485760, don't trigger GC
D/dalvikvm( 4536): currentAlloc=19153528 - lastAllocatedSize=8697568 < 10485760, don't trigger GC
D/dalvikvm( 4536): between the previous GC alloc  10302K
D/AudioFlinger_Thread(  249): threadLoop_sleepTime write muted data to hw
D/AudioFlinger_Thread(  249): threadLoop_sleepTime write muted data to hw
E/Parcel  ( 5704): Reading a NULL string not supported here.
E/Parcel  ( 5704): Reading a NULL string not supported here.
D/dalvikvm( 4536): GC_FOR_ALLOC freed 11824K (11395), 80% free 6972K/34112K, paused 45ms, total 45ms
D/dalvikvm( 1909): create interp thread : stack size=128KB
D/dalvikvm( 1909): create new thread
D/dalvikvm( 1909): new thread created
D/dalvikvm( 1909): update thread list
D/dalvikvm( 1909): threadid=81: interp stack at 0x7fd6b000
D/dalvikvm( 1909): threadid=81: created from interp
D/dalvikvm( 1909): start new thread
D/dalvikvm( 1909): threadid=81: notify debugger
D/dalvikvm( 1909): threadid=81 (TransferPipe): calling run()
D/dalvikvm( 1909): threadid=81: exiting
D/dalvikvm( 1909): threadid=81: bye!
D/AudioFlinger_Thread(  249): threadLoop_sleepTime write muted data to hw
D/AudioFlinger_Thread(  249): threadLoop_sleepTime write muted data to hw
D/AudioFlinger_Thread(  249): threadLoop_sleepTime write muted data to hw
D/dalvikvm( 4536): between the previous GC alloc  6279K
D/dalvikvm( 4536): currentAlloc=13570048 - lastAllocatedSize=7139408 < 10485760, don't trigger GC
D/AudioFlinger_Thread(  249): threadLoop_sleepTime write muted data to hw
D/dalvikvm( 4280): create interp thread : stack size=128KB
D/dalvikvm( 4280): create new thread
D/dalvikvm( 4280): new thread created
D/dalvikvm( 4280): update thread list
D/dalvikvm( 4280): threadid=12: interp stack at 0x78a8d000
D/dalvikvm( 4280): threadid=12: created from interp
D/dalvikvm( 4280): start new thread
D/dalvikvm( 4280): threadid=12: notify debugger
D/dalvikvm( 4280): threadid=12 (AsyncQueryWorker): calling run()
D/OppoAlarmManagerHelper( 1909): windowLength == AlarmManager.WINDOW_EXACT
D/OppoAlarmManagerHelper( 1909): uid in mUidWhiteList =  1000
D/OppoAlarmManagerHelper( 1909): uid in mUidWhiteList =  1001
D/OppoAlarmManagerHelper( 1909): This uid use inexact alarm !!!  uid == 10082
D/OppoAlarmManagerHelper( 1909): Pkg in mPkgWhiteList =  com.android.cts.app
D/OppoAlarmManagerHelper( 1909): Pkg in mPkgWhiteList =  com.android.cts.stub
D/OppoAlarmManagerHelper( 1909): Pkg in mPkgWhiteList =  com.android.deskclock
D/OppoAlarmManagerHelper( 1909): Pkg in mPkgWhiteList =  com.android.mms
D/OppoAlarmManagerHelper( 1909): Pkg in mPkgWhiteList =  oppo.multimedia.soundrecorder
D/OppoAlarmManagerHelper( 1909): Pkg in mPkgWhiteList =  com.android.providers.calendar
