--------- beginning of /dev/log/system
V/ActivityManager( 1797): Broadcast: Intent { act=android.media.VOLUME_CHANGED_ACTION flg=0x10 (has extras) } ordered=false userid=-1 callerApp=ProcessRecord{42767e10 1797:system/1000}
D/ActivityThread( 7594): BDC-Calling onReceive: intent=Intent { act=android.media.VOLUME_CHANGED_ACTION flg=0x10 cmp=com.android.settings/com.oppo.settings.MediaStreamVolumeDealReciever (has extras) }, ordered=true, receiver=com.oppo.settings.MediaStreamVolumeDealReciever@42f857d8
D/ActivityThread( 7594): BDC-RECEIVER handled : 0 / ReceiverData{intent=Intent { act=android.media.VOLUME_CHANGED_ACTION flg=0x10 cmp=com.android.settings/com.oppo.settings.MediaStreamVolumeDealReciever (has extras) } packageName=com.android.settings resultCode=-1 resultData=null resultExtras=null}
V/ActivityManager( 1797): Broadcast: Intent { act=android.media.VOLUME_CHANGED_ACTION flg=0x10 (has extras) } ordered=false userid=-1 callerApp=ProcessRecord{42767e10 1797:system/1000}
D/ActivityThread( 7594): BDC-Calling onReceive: intent=Intent { act=android.media.VOLUME_CHANGED_ACTION flg=0x10 cmp=com.android.settings/com.oppo.settings.MediaStreamVolumeDealReciever (has extras) }, ordered=true, receiver=com.oppo.settings.MediaStreamVolumeDealReciever@42833988
D/ActivityThread( 7594): BDC-RECEIVER handled : 0 / ReceiverData{intent=Intent { act=android.media.VOLUME_CHANGED_ACTION flg=0x10 cmp=com.android.settings/com.oppo.settings.MediaStreamVolumeDealReciever (has extras) } packageName=com.android.settings resultCode=-1 resultData=null resultExtras=null}
V/ActivityManager( 1797): Broadcast: Intent { act=android.media.VOLUME_CHANGED_ACTION flg=0x10 (has extras) } ordered=false userid=-1 callerApp=ProcessRecord{42767e10 1797:system/1000}
D/ActivityThread( 7594): BDC-Calling onReceive: intent=Intent { act=android.media.VOLUME_CHANGED_ACTION flg=0x10 cmp=com.android.settings/com.oppo.settings.MediaStreamVolumeDealReciever (has extras) }, ordered=true, receiver=com.oppo.settings.MediaStreamVolumeDealReciever@43060b38
V/ActivityManager( 1797): Broadcast: Intent { act=android.media.VOLUME_CHANGED_ACTION flg=0x10 (has extras) } ordered=false userid=-1 callerApp=ProcessRecord{42767e10 1797:system/1000}
D/ActivityThread( 7594): BDC-RECEIVER handled : 0 / ReceiverData{intent=Intent { act=android.media.VOLUME_CHANGED_ACTION flg=0x10 cmp=com.android.settings/com.oppo.settings.MediaStreamVolumeDealReciever (has extras) } packageName=com.android.settings resultCode=-1 resultData=null resultExtras=null}
D/ActivityThread( 7594): BDC-Calling onReceive: intent=Intent { act=android.media.VOLUME_CHANGED_ACTION flg=0x10 cmp=com.android.settings/com.oppo.settings.MediaStreamVolumeDealReciever (has extras) }, ordered=true, receiver=com.oppo.settings.MediaStreamVolumeDealReciever@431eb848
V/ActivityManager( 1797): Broadcast: Intent { act=android.media.VOLUME_CHANGED_ACTION flg=0x10 (has extras) } ordered=false userid=-1 callerApp=ProcessRecord{42767e10 1797:system/1000}
D/ActivityThread( 7594): BDC-RECEIVER handled : 0 / ReceiverData{intent=Intent { act=android.media.VOLUME_CHANGED_ACTION flg=0x10 cmp=com.android.settings/com.oppo.settings.MediaStreamVolumeDealReciever (has extras) } packageName=com.android.settings resultCode=-1 resultData=null resultExtras=null}
D/ActivityThread( 7594): BDC-Calling onReceive: intent=Intent { act=android.media.VOLUME_CHANGED_ACTION flg=0x10 cmp=com.android.settings/com.oppo.settings.MediaStreamVolumeDealReciever (has extras) }, ordered=true, receiver=com.oppo.settings.MediaStreamVolumeDealReciever@42f77168
V/ActivityManager( 1797): Broadcast: Intent { act=android.media.VOLUME_CHANGED_ACTION flg=0x10 (has extras) } ordered=false userid=-1 callerApp=ProcessRecord{42767e10 1797:system/1000}
D/ActivityThread( 7594): BDC-RECEIVER handled : 0 / ReceiverData{intent=Intent { act=android.media.VOLUME_CHANGED_ACTION flg=0x10 cmp=com.android.settings/com.oppo.settings.MediaStreamVolumeDealReciever (has extras) } packageName=com.android.settings resultCode=-1 resultData=null resultExtras=null}
D/ActivityThread( 7594): BDC-Calling onReceive: intent=Intent { act=android.media.VOLUME_CHANGED_ACTION flg=0x10 cmp=com.android.settings/com.oppo.settings.MediaStreamVolumeDealReciever (has extras) }, ordered=true, receiver=com.oppo.settings.MediaStreamVolumeDealReciever@431e84f8
D/ActivityThread( 7594): BDC-RECEIVER handled : 0 / ReceiverData{intent=Intent { act=android.media.VOLUME_CHANGED_ACTION flg=0x10 cmp=com.android.settings/com.oppo.settings.MediaStreamVolumeDealReciever (has extras) } packageName=com.android.settings resultCode=-1 resultData=null resultExtras=null}
V/ActivityManager( 1797): Broadcast: Intent { act=android.media.VOLUME_CHANGED_ACTION flg=0x10 (has extras) } ordered=false userid=-1 callerApp=ProcessRecord{42767e10 1797:system/1000}
V/ActivityManager( 1797): Broadcast: Intent { act=android.media.VOLUME_CHANGED_ACTION flg=0x10 (has extras) } ordered=false userid=-1 callerApp=ProcessRecord{42767e10 1797:system/1000}
D/ActivityThread( 7594): BDC-Calling onReceive: intent=Intent { act=android.media.VOLUME_CHANGED_ACTION flg=0x10 cmp=com.android.settings/com.oppo.settings.MediaStreamVolumeDealReciever (has extras) }, ordered=true, receiver=com.oppo.settings.MediaStreamVolumeDealReciever@431abe10
D/ActivityThread( 7594): BDC-RECEIVER handled : 0 / ReceiverData{intent=Intent { act=android.media.VOLUME_CHANGED_ACTION flg=0x10 cmp=com.android.settings/com.oppo.settings.MediaStreamVolumeDealReciever (has extras) } packageName=com.android.settings resultCode=-1 resultData=null resultExtras=null}
D/ActivityThread( 7594): BDC-Calling onReceive: intent=Intent { act=android.media.VOLUME_CHANGED_ACTION flg=0x10 cmp=com.android.settings/com.oppo.settings.MediaStreamVolumeDealReciever (has extras) }, ordered=true, receiver=com.oppo.settings.MediaStreamVolumeDealReciever@43318e38
D/ActivityThread( 7594): BDC-RECEIVER handled : 0 / ReceiverData{intent=Intent { act=android.media.VOLUME_CHANGED_ACTION flg=0x10 cmp=com.android.settings/com.oppo.settings.MediaStreamVolumeDealReciever (has extras) } packageName=com.android.settings resultCode=-1 resultData=null resultExtras=null}
V/ActivityManager( 1797): Broadcast: Intent { act=android.media.VOLUME_CHANGED_ACTION flg=0x10 (has extras) } ordered=false userid=-1 callerApp=ProcessRecord{42767e10 1797:system/1000}
D/ActivityThread( 7594): BDC-Calling onReceive: intent=Intent { act=android.media.VOLUME_CHANGED_ACTION flg=0x10 cmp=com.android.settings/com.oppo.settings.MediaStreamVolumeDealReciever (has extras) }, ordered=true, receiver=com.oppo.settings.MediaStreamVolumeDealReciever@42f6d540
D/ActivityThread( 7594): BDC-RECEIVER handled : 0 / ReceiverData{intent=Intent { act=android.media.VOLUME_CHANGED_ACTION flg=0x10 cmp=com.android.settings/com.oppo.settings.MediaStreamVolumeDealReciever (has extras) } packageName=com.android.settings resultCode=-1 resultData=null resultExtras=null}
V/ActivityManager( 1797): Broadcast: Intent { act=android.media.VOLUME_CHANGED_ACTION flg=0x10 (has extras) } ordered=false userid=-1 callerApp=ProcessRecord{42767e10 1797:system/1000}
V/ActivityManager( 1797): Broadcast: Intent { act=android.media.VOLUME_CHANGED_ACTION flg=0x10 (has extras) } ordered=false userid=-1 callerApp=ProcessRecord{42767e10 1797:system/1000}
D/ActivityThread( 7594): BDC-Calling onReceive: intent=Intent { act=android.media.VOLUME_CHANGED_ACTION flg=0x10 cmp=com.android.settings/com.oppo.settings.MediaStreamVolumeDealReciever (has extras) }, ordered=true, receiver=com.oppo.settings.MediaStreamVolumeDealReciever@4272eaf0
D/ActivityThread( 7594): BDC-RECEIVER handled : 0 / ReceiverData{intent=Intent { act=android.media.VOLUME_CHANGED_ACTION flg=0x10 cmp=com.android.settings/com.oppo.settings.MediaStreamVolumeDealReciever (has extras) } packageName=com.android.settings resultCode=-1 resultData=null resultExtras=null}
D/ActivityThread( 7594): BDC-Calling onReceive: intent=Intent { act=android.media.VOLUME_CHANGED_ACTION flg=0x10 cmp=com.android.settings/com.oppo.settings.MediaStreamVolumeDealReciever (has extras) }, ordered=true, receiver=com.oppo.settings.MediaStreamVolumeDealReciever@42c8f768
V/ActivityManager( 1797): Broadcast: Intent { act=android.media.VOLUME_CHANGED_ACTION flg=0x10 (has extras) } ordered=false userid=-1 callerApp=ProcessRecord{42767e10 1797:system/1000}
D/ActivityThread( 7594): BDC-RECEIVER handled : 0 / ReceiverData{intent=Intent { act=android.media.VOLUME_CHANGED_ACTION flg=0x10 cmp=com.android.settings/com.oppo.settings.MediaStreamVolumeDealReciever (has extras) } packageName=com.android.settings resultCode=-1 resultData=null resultExtras=null}
D/ActivityThread( 7594): BDC-Calling onReceive: intent=Intent { act=android.media.VOLUME_CHANGED_ACTION flg=0x10 cmp=com.android.settings/com.oppo.settings.MediaStreamVolumeDealReciever (has extras) }, ordered=true, receiver=com.oppo.settings.MediaStreamVolumeDealReciever@42c919e0
V/ActivityManager( 1797): Broadcast: Intent { act=android.media.VOLUME_CHANGED_ACTION flg=0x10 (has extras) } ordered=false userid=-1 callerApp=ProcessRecord{42767e10 1797:system/1000}
D/ActivityThread( 7594): BDC-RECEIVER handled : 0 / ReceiverData{intent=Intent { act=android.media.VOLUME_CHANGED_ACTION flg=0x10 cmp=com.android.settings/com.oppo.settings.MediaStreamVolumeDealReciever (has extras) } packageName=com.android.settings resultCode=-1 resultData=null resultExtras=null}
D/ActivityThread( 7594): BDC-Calling onReceive: intent=Intent { act=android.media.VOLUME_CHANGED_ACTION flg=0x10 cmp=com.android.settings/com.oppo.settings.MediaStreamVolumeDealReciever (has extras) }, ordered=true, receiver=com.oppo.settings.MediaStreamVolumeDealReciever@42c41298
D/ActivityThread( 7594): BDC-RECEIVER handled : 0 / ReceiverData{intent=Intent { act=android.media.VOLUME_CHANGED_ACTION flg=0x10 cmp=com.android.settings/com.oppo.settings.MediaStreamVolumeDealReciever (has extras) } packageName=com.android.settings resultCode=-1 resultData=null resultExtras=null}
V/ActivityManager( 1797): Broadcast: Intent { act=android.media.VOLUME_CHANGED_ACTION flg=0x10 (has extras) } ordered=false userid=-1 callerApp=ProcessRecord{42767e10 1797:system/1000}
V/ActivityManager( 1797): Broadcast: Intent { act=android.media.VOLUME_CHANGED_ACTION flg=0x10 (has extras) } ordered=false userid=-1 callerApp=ProcessRecord{42767e10 1797:system/1000}
D/ActivityThread( 7594): BDC-Calling onReceive: intent=Intent { act=android.media.VOLUME_CHANGED_ACTION flg=0x10 cmp=com.android.settings/com.oppo.settings.MediaStreamVolumeDealReciever (has extras) }, ordered=true, receiver=com.oppo.settings.MediaStreamVolumeDealReciever@42c44910
D/ActivityThread( 7594): BDC-RECEIVER handled : 0 / ReceiverData{intent=Intent { act=android.media.VOLUME_CHANGED_ACTION flg=0x10 cmp=com.android.settings/com.oppo.settings.MediaStreamVolumeDealReciever (has extras) } packageName=com.android.settings resultCode=-1 resultData=null resultExtras=null}
D/ActivityThread( 7594): BDC-Calling onReceive: intent=Intent { act=android.media.VOLUME_CHANGED_ACTION flg=0x10 cmp=com.android.settings/com.oppo.settings.MediaStreamVolumeDealReciever (has extras) }, ordered=true, receiver=com.oppo.settings.MediaStreamVolumeDealReciever@428d5600
D/ActivityThread( 7594): BDC-RECEIVER handled : 0 / ReceiverData{intent=Intent { act=android.media.VOLUME_CHANGED_ACTION flg=0x10 cmp=com.android.settings/com.oppo.settings.MediaStreamVolumeDealReciever (has extras) } packageName=com.android.settings resultCode=-1 resultData=null resultExtras=null}
V/ActivityManager( 1797): Broadcast: Intent { act=android.media.VOLUME_CHANGED_ACTION flg=0x10 (has extras) } ordered=false userid=-1 callerApp=ProcessRecord{42767e10 1797:system/1000}
D/ActivityThread( 7594): BDC-Calling onReceive: intent=Intent { act=android.media.VOLUME_CHANGED_ACTION flg=0x10 cmp=com.android.settings/com.oppo.settings.MediaStreamVolumeDealReciever (has extras) }, ordered=true, receiver=com.oppo.settings.MediaStreamVolumeDealReciever@427bbda8
D/ActivityThread( 7594): BDC-RECEIVER handled : 0 / ReceiverData{intent=Intent { act=android.media.VOLUME_CHANGED_ACTION flg=0x10 cmp=com.android.settings/com.oppo.settings.MediaStreamVolumeDealReciever (has extras) } packageName=com.android.settings resultCode=-1 resultData=null resultExtras=null}
V/ActivityManager( 1797): Broadcast: Intent { act=android.media.VOLUME_CHANGED_ACTION flg=0x10 (has extras) } ordered=false userid=-1 callerApp=ProcessRecord{42767e10 1797:system/1000}
D/ActivityThread( 7594): BDC-Calling onReceive: intent=Intent { act=android.media.VOLUME_CHANGED_ACTION flg=0x10 cmp=com.android.settings/com.oppo.settings.MediaStreamVolumeDealReciever (has extras) }, ordered=true, receiver=com.oppo.settings.MediaStreamVolumeDealReciever@429e0390
D/ActivityThread( 7594): BDC-RECEIVER handled : 0 / ReceiverData{intent=Intent { act=android.media.VOLUME_CHANGED_ACTION flg=0x10 cmp=com.android.settings/com.oppo.settings.MediaStreamVolumeDealReciever (has extras) } packageName=com.android.settings resultCode=-1 resultData=null resultExtras=null}
V/ActivityManager( 1797): Broadcast: Intent { act=android.media.VOLUME_CHANGED_ACTION flg=0x10 (has extras) } ordered=false userid=-1 callerApp=ProcessRecord{42767e10 1797:system/1000}
D/ActivityThread( 7594): BDC-Calling onReceive: intent=Intent { act=android.media.VOLUME_CHANGED_ACTION flg=0x10 cmp=com.android.settings/com.oppo.settings.MediaStreamVolumeDealReciever (has extras) }, ordered=true, receiver=com.oppo.settings.MediaStreamVolumeDealReciever@42c3b5f0
D/ActivityThread( 7594): BDC-RECEIVER handled : 0 / ReceiverData{intent=Intent { act=android.media.VOLUME_CHANGED_ACTION flg=0x10 cmp=com.android.settings/com.oppo.settings.MediaStreamVolumeDealReciever (has extras) } packageName=com.android.settings resultCode=-1 resultData=null resultExtras=null}
V/ActivityManager( 1797): Broadcast: Intent { act=android.media.VOLUME_CHANGED_ACTION flg=0x10 (has extras) } ordered=false userid=-1 callerApp=ProcessRecord{42767e10 1797:system/1000}
D/ActivityThread( 7594): BDC-Calling onReceive: intent=Intent { act=android.media.VOLUME_CHANGED_ACTION flg=0x10 cmp=com.android.settings/com.oppo.settings.MediaStreamVolumeDealReciever (has extras) }, ordered=true, receiver=com.oppo.settings.MediaStreamVolumeDealReciever@427b6738
D/ActivityThread( 7594): BDC-RECEIVER handled : 0 / ReceiverData{intent=Intent { act=android.media.VOLUME_CHANGED_ACTION flg=0x10 cmp=com.android.settings/com.oppo.settings.MediaStreamVolumeDealReciever (has extras) } packageName=com.android.settings resultCode=-1 resultData=null resultExtras=null}
V/ActivityManager( 1797): Broadcast: Intent { act=android.media.VOLUME_CHANGED_ACTION flg=0x10 (has extras) } ordered=false userid=-1 callerApp=ProcessRecord{42767e10 1797:system/1000}
D/ActivityThread( 7594): BDC-Calling onReceive: intent=Intent { act=android.media.VOLUME_CHANGED_ACTION flg=0x10 cmp=com.android.settings/com.oppo.settings.MediaStreamVolumeDealReciever (has extras) }, ordered=true, receiver=com.oppo.settings.MediaStreamVolumeDealReciever@429e3410
D/ActivityThread( 7594): BDC-RECEIVER handled : 0 / ReceiverData{intent=Intent { act=android.media.VOLUME_CHANGED_ACTION flg=0x10 cmp=com.android.settings/com.oppo.settings.MediaStreamVolumeDealReciever (has extras) } packageName=com.android.settings resultCode=-1 resultData=null resultExtras=null}
V/ActivityManager( 1797): Broadcast: Intent { act=android.media.VOLUME_CHANGED_ACTION flg=0x10 (has extras) } ordered=false userid=-1 callerApp=ProcessRecord{42767e10 1797:system/1000}
D/ActivityThread( 7594): BDC-Calling onReceive: intent=Intent { act=android.media.VOLUME_CHANGED_ACTION flg=0x10 cmp=com.android.settings/com.oppo.settings.MediaStreamVolumeDealReciever (has extras) }, ordered=true, receiver=com.oppo.settings.MediaStreamVolumeDealReciever@42c38528
D/ActivityThread( 7594): BDC-RECEIVER handled : 0 / ReceiverData{intent=Intent { act=android.media.VOLUME_CHANGED_ACTION flg=0x10 cmp=com.android.settings/com.oppo.settings.MediaStreamVolumeDealReciever (has extras) } packageName=com.android.settings resultCode=-1 resultData=null resultExtras=null}
V/ActivityManager( 1797): Broadcast: Intent { act=android.intent.action.MEDIA_BUTTON flg=0x10 cmp=com.oppo.music/.service.MediaButtonIntentReceiver (has extras) } ordered=true userid=0 callerApp=null
V/ActivityManager( 1797): Broadcast: Intent { act=android.intent.action.MEDIA_BUTTON flg=0x10 cmp=com.oppo.music/.service.MediaButtonIntentReceiver (has extras) } ordered=true userid=0 callerApp=null
D/ActivityThread( 8554): BDC-Calling onReceive: intent=Intent { act=android.intent.action.MEDIA_BUTTON flg=0x10 cmp=com.oppo.music/.service.MediaButtonIntentReceiver (has extras) }, ordered=true, receiver=com.oppo.music.service.MediaButtonIntentReceiver@42d946a0
D/ActivityThread( 8554): BDC-RECEIVER handled : 0 / ReceiverData{intent=Intent { act=android.intent.action.MEDIA_BUTTON flg=0x10 cmp=com.oppo.music/.service.MediaButtonIntentReceiver (has extras) } packageName=com.oppo.music resultCode=0 resultData=null resultExtras=null}
D/ActivityThread( 8554): SVC-SERVICE_ARGS handled : 0 / ServiceArgsData{token=android.os.BinderProxy@42793350 startId=91 args=Intent { act=com.oppo.music.service.command cmp=com.oppo.music/.service.MediaPlaybackService (has extras) }}
D/ActivityThread( 8554): BDC-Calling onReceive: intent=Intent { act=android.intent.action.MEDIA_BUTTON flg=0x10 cmp=com.oppo.music/.service.MediaButtonIntentReceiver (has extras) }, ordered=true, receiver=com.oppo.music.service.MediaButtonIntentReceiver@42da8b90
D/ActivityThread( 8554): BDC-RECEIVER handled : 0 / ReceiverData{intent=Intent { act=android.intent.action.MEDIA_BUTTON flg=0x10 cmp=com.oppo.music/.service.MediaButtonIntentReceiver (has extras) } packageName=com.oppo.music resultCode=0 resultData=null resultExtras=null}
I/ActivityManager( 1797): START u0 {act=android.intent.action.MAIN cat=[android.intent.category.LAUNCHER] flg=0x10200000 cmp=com.sixty.nidoneClient/.view.activity.SDK_WebApp} from pid 24346
E/ActivityManager( 1797): START {act=android.intent.action.MAIN cat=[android.intent.category.LAUNCHER] flg=0x10200000 cmp=com.sixty.nidoneClient/.view.activity.SDK_WebApp u=0} from pid 24346
D/ActivityManager( 1797): ACT-moveHomeTask toFront : false homeInFront = false
D/ActivityManager( 1797): launchFlags = 10200000, launchMode = 2, realActivity = ComponentInfo{com.sixty.nidoneClient/com.sixty.nidoneClient.view.activity.SDK_WebApp}, task.realActivity = ComponentInfo{com.sixty.nidoneClient/com.sixty.nidoneClient.view.activity.SDK_WebApp}
I/ActivityManager( 1797): topActivity.packageName = com.sixty.nidoneClient
D/ActivityThread( 8420): ACT-NEW_INTENT handled : 0 / NewIntentData{intents=[Intent { act=android.intent.action.MAIN cat=[android.intent.category.LAUNCHER] flg=0x10200000 cmp=com.sixty.nidoneClient/.view.activity.SDK_WebApp }] token=android.os.BinderProxy@439ee040}
V/ActivityManager( 1797): Broadcast: Intent { act=com.oppo.music.service.queue_changed flg=0x10 (has extras) } ordered=false userid=0 callerApp=ProcessRecord{43a2a900 8554:com.oppo.music/u0a59}
D/ConnectivityService( 1797): getActiveNetworkInfo:NetworkInfo: type: WIFI[], state: CONNECTED/CONNECTED, reason: (unspecified), extra: "60_dev_01", roaming: false, failover: false, isAvailable: true, isConnectedToProvisioningNetwork: false, simId: 0/10188
D/ActivityThread(12358): SVC-SERVICE_ARGS handled : 0 / ServiceArgsData{token=android.os.BinderProxy@42739ad8 startId=252 args=Intent { cmp=com.moji.airnut/.bleconn.bluetooth.BleDiscoveryGattService (has extras) }}
I/ActivityManager( 1797): START u0 {act=android.intent.action.MAIN cat=[android.intent.category.LAUNCHER] flg=0x10200000 cmp=com.sixty.nidoneClient/.view.activity.SDK_WebApp} from pid 24346
E/ActivityManager( 1797): START {act=android.intent.action.MAIN cat=[android.intent.category.LAUNCHER] flg=0x10200000 cmp=com.sixty.nidoneClient/.view.activity.SDK_WebApp u=0} from pid 24346
D/ActivityManager( 1797): ACT-moveHomeTask toFront : false homeInFront = false
D/ActivityManager( 1797): launchFlags = 10200000, launchMode = 2, realActivity = ComponentInfo{com.sixty.nidoneClient/com.sixty.nidoneClient.view.activity.SDK_WebApp}, task.realActivity = ComponentInfo{com.sixty.nidoneClient/com.sixty.nidoneClient.view.activity.SDK_WebApp}
I/ActivityManager( 1797): topActivity.packageName = com.sixty.nidoneClient
D/ActivityThread( 8420): ACT-NEW_INTENT handled : 0 / NewIntentData{intents=[Intent { act=android.intent.action.MAIN cat=[android.intent.category.LAUNCHER] flg=0x10200000 cmp=com.sixty.nidoneClient/.view.activity.SDK_WebApp }] token=android.os.BinderProxy@439ee040}
V/ActivityManager( 1797): Broadcast: Intent { act=android.intent.action.MEDIA_BUTTON flg=0x10 cmp=com.oppo.music/.service.MediaButtonIntentReceiver (has extras) } ordered=true userid=0 callerApp=null
D/ActivityThread( 8554): BDC-Calling onReceive: intent=Intent { act=android.intent.action.MEDIA_BUTTON flg=0x10 cmp=com.oppo.music/.service.MediaButtonIntentReceiver (has extras) }, ordered=true, receiver=com.oppo.music.service.MediaButtonIntentReceiver@42d2eec0
D/ActivityThread( 8554): BDC-RECEIVER handled : 0 / ReceiverData{intent=Intent { act=android.intent.action.MEDIA_BUTTON flg=0x10 cmp=com.oppo.music/.service.MediaButtonIntentReceiver (has extras) } packageName=com.oppo.music resultCode=0 resultData=null resultExtras=null}
I/ActivityManager( 1797): START u0 {act=android.intent.action.MAIN cat=[android.intent.category.LAUNCHER] flg=0x10200000 cmp=com.sixty.nidoneClient/.view.activity.SDK_WebApp} from pid 24346
E/ActivityManager( 1797): START {act=android.intent.action.MAIN cat=[android.intent.category.LAUNCHER] flg=0x10200000 cmp=com.sixty.nidoneClient/.view.activity.SDK_WebApp u=0} from pid 24346
D/ActivityManager( 1797): ACT-moveHomeTask toFront : false homeInFront = false
D/ActivityManager( 1797): launchFlags = 10200000, launchMode = 2, realActivity = ComponentInfo{com.sixty.nidoneClient/com.sixty.nidoneClient.view.activity.SDK_WebApp}, task.realActivity = ComponentInfo{com.sixty.nidoneClient/com.sixty.nidoneClient.view.activity.SDK_WebApp}
I/ActivityManager( 1797): topActivity.packageName = com.sixty.nidoneClient
D/ActivityThread( 8420): ACT-NEW_INTENT handled : 0 / NewIntentData{intents=[Intent { act=android.intent.action.MAIN cat=[android.intent.category.LAUNCHER] flg=0x10200000 cmp=com.sixty.nidoneClient/.view.activity.SDK_WebApp }] token=android.os.BinderProxy@439ee040}
D/ActivityThread( 8554): SVC-SERVICE_ARGS handled : 0 / ServiceArgsData{token=android.os.BinderProxy@42793350 startId=92 args=Intent { act=com.oppo.music.service.command cmp=com.oppo.music/.service.MediaPlaybackService (has extras) }}
V/ActivityManager( 1797): Broadcast: Intent { act=com.oppo.music.service.queue_changed flg=0x10 (has extras) } ordered=false userid=0 callerApp=ProcessRecord{43a2a900 8554:com.oppo.music/u0a59}
I/ActivityManager( 1797): START u0 {act=android.intent.action.MAIN cat=[android.intent.category.LAUNCHER] flg=0x10200000 cmp=com.sixty.nidoneClient/.view.activity.SDK_WebApp} from pid 24346
E/ActivityManager( 1797): START {act=android.intent.action.MAIN cat=[android.intent.category.LAUNCHER] flg=0x10200000 cmp=com.sixty.nidoneClient/.view.activity.SDK_WebApp u=0} from pid 24346
D/ActivityManager( 1797): ACT-moveHomeTask toFront : false homeInFront = false
D/ActivityManager( 1797): launchFlags = 10200000, launchMode = 2, realActivity = ComponentInfo{com.sixty.nidoneClient/com.sixty.nidoneClient.view.activity.SDK_WebApp}, task.realActivity = ComponentInfo{com.sixty.nidoneClient/com.sixty.nidoneClient.view.activity.SDK_WebApp}
I/ActivityManager( 1797): topActivity.packageName = com.sixty.nidoneClient
D/ActivityThread( 8420): ACT-NEW_INTENT handled : 0 / NewIntentData{intents=[Intent { act=android.intent.action.MAIN cat=[android.intent.category.LAUNCHER] flg=0x10200000 cmp=com.sixty.nidoneClient/.view.activity.SDK_WebApp }] token=android.os.BinderProxy@439ee040}
I/ActivityManager( 1797): START u0 {act=android.intent.action.MAIN cat=[android.intent.category.LAUNCHER] flg=0x10200000 cmp=com.sixty.nidoneClient/.view.activity.SDK_WebApp} from pid 24346
E/ActivityManager( 1797): START {act=android.intent.action.MAIN cat=[android.intent.category.LAUNCHER] flg=0x10200000 cmp=com.sixty.nidoneClient/.view.activity.SDK_WebApp u=0} from pid 24346
D/ActivityManager( 1797): ACT-moveHomeTask toFront : false homeInFront = false
D/ActivityManager( 1797): launchFlags = 10200000, launchMode = 2, realActivity = ComponentInfo{com.sixty.nidoneClient/com.sixty.nidoneClient.view.activity.SDK_WebApp}, task.realActivity = ComponentInfo{com.sixty.nidoneClient/com.sixty.nidoneClient.view.activity.SDK_WebApp}
I/ActivityManager( 1797): topActivity.packageName = com.sixty.nidoneClient
D/ActivityThread( 8420): ACT-NEW_INTENT handled : 0 / NewIntentData{intents=[Intent { act=android.intent.action.MAIN cat=[android.intent.category.LAUNCHER] flg=0x10200000 cmp=com.sixty.nidoneClient/.view.activity.SDK_WebApp }] token=android.os.BinderProxy@439ee040}
V/ActivityManager( 1797): Broadcast: Intent { act=android.intent.action.MEDIA_BUTTON flg=0x10 cmp=com.oppo.music/.service.MediaButtonIntentReceiver (has extras) } ordered=true userid=0 callerApp=null
D/ActivityThread( 8554): BDC-Calling onReceive: intent=Intent { act=android.intent.action.MEDIA_BUTTON flg=0x10 cmp=com.oppo.music/.service.MediaButtonIntentReceiver (has extras) }, ordered=true, receiver=com.oppo.music.service.MediaButtonIntentReceiver@42784470
D/ActivityThread( 8554): BDC-RECEIVER handled : 0 / ReceiverData{intent=Intent { act=android.intent.action.MEDIA_BUTTON flg=0x10 cmp=com.oppo.music/.service.MediaButtonIntentReceiver (has extras) } packageName=com.oppo.music resultCode=0 resultData=null resultExtras=null}
D/ActivityThread( 8554): SVC-SERVICE_ARGS handled : 0 / ServiceArgsData{token=android.os.BinderProxy@42793350 startId=93 args=Intent { act=com.oppo.music.service.command cmp=com.oppo.music/.service.MediaPlaybackService (has extras) }}
V/ActivityManager( 1797): Broadcast: Intent { act=com.oppo.music.service.queue_changed flg=0x10 (has extras) } ordered=false userid=0 callerApp=ProcessRecord{43a2a900 8554:com.oppo.music/u0a59}
W/ContextImpl( 1797): Calling a method in the system process without a qualified user: android.app.ContextImpl.sendBroadcast:1345 com.android.internal.policy.impl.OppoPhoneWindowManager.interceptKeyBeforeQueueing:592 com.android.server.wm.InputMonitor.interceptKeyBeforeQueueing:625 com.android.server.input.InputManagerService.interceptKeyBeforeQueueing:1506 com.android.server.input.InputManagerService.nativeInjectInputEvent:-2 
V/ActivityManager( 1797): Broadcast: Intent { act=SILENCE_ACTION_FOR_OPPO_SPEECH flg=0x10 } ordered=false userid=0 callerApp=ProcessRecord{42767e10 1797:system/1000}
D/ActivityThread(19738): BDC-Calling onReceive: intent=Intent { act=SILENCE_ACTION_FOR_OPPO_SPEECH flg=0x10 cmp=com.oppo.speechassist/.IncomingCallReceiver }, ordered=true, receiver=com.oppo.speechassist.IncomingCallReceiver@42815350
D/ActivityThread(19738): BDC-RECEIVER handled : 0 / ReceiverData{intent=Intent { act=SILENCE_ACTION_FOR_OPPO_SPEECH flg=0x10 cmp=com.oppo.speechassist/.IncomingCallReceiver } packageName=com.oppo.speechassist resultCode=-1 resultData=null resultExtras=null}
V/ActivityManager( 1797): Broadcast: Intent { act=android.media.VOLUME_CHANGED_ACTION flg=0x10 (has extras) } ordered=false userid=-1 callerApp=ProcessRecord{42767e10 1797:system/1000}
D/ActivityThread( 7594): BDC-Calling onReceive: intent=Intent { act=android.media.VOLUME_CHANGED_ACTION flg=0x10 cmp=com.android.settings/com.oppo.settings.MediaStreamVolumeDealReciever (has extras) }, ordered=true, receiver=com.oppo.settings.MediaStreamVolumeDealReciever@42c30c28
D/ActivityThread( 7594): BDC-RECEIVER handled : 0 / ReceiverData{intent=Intent { act=android.media.VOLUME_CHANGED_ACTION flg=0x10 cmp=com.android.settings/com.oppo.settings.MediaStreamVolumeDealReciever (has extras) } packageName=com.android.settings resultCode=-1 resultData=null resultExtras=null}
V/ActivityManager( 1797): Broadcast: Intent { act=android.media.VOLUME_CHANGED_ACTION flg=0x10 (has extras) } ordered=false userid=-1 callerApp=ProcessRecord{42767e10 1797:system/1000}
D/ActivityThread( 7594): BDC-Calling onReceive: intent=Intent { act=android.media.VOLUME_CHANGED_ACTION flg=0x10 cmp=com.android.settings/com.oppo.settings.MediaStreamVolumeDealReciever (has extras) }, ordered=true, receiver=com.oppo.settings.MediaStreamVolumeDealReciever@43124f88
D/ActivityThread( 7594): BDC-RECEIVER handled : 0 / ReceiverData{intent=Intent { act=android.media.VOLUME_CHANGED_ACTION flg=0x10 cmp=com.android.settings/com.oppo.settings.MediaStreamVolumeDealReciever (has extras) } packageName=com.android.settings resultCode=-1 resultData=null resultExtras=null}
V/ActivityManager( 1797): Broadcast: Intent { act=android.media.VOLUME_CHANGED_ACTION flg=0x10 (has extras) } ordered=false userid=-1 callerApp=ProcessRecord{42767e10 1797:system/1000}
V/ActivityManager( 1797): Broadcast: Intent { act=android.media.VOLUME_CHANGED_ACTION flg=0x10 (has extras) } ordered=false userid=-1 callerApp=ProcessRecord{42767e10 1797:system/1000}
D/ActivityThread( 7594): BDC-Calling onReceive: intent=Intent { act=android.media.VOLUME_CHANGED_ACTION flg=0x10 cmp=com.android.settings/com.oppo.settings.MediaStreamVolumeDealReciever (has extras) }, ordered=true, receiver=com.oppo.settings.MediaStreamVolumeDealReciever@42ef93d0
D/ActivityThread( 7594): BDC-RECEIVER handled : 0 / ReceiverData{intent=Intent { act=android.media.VOLUME_CHANGED_ACTION flg=0x10 cmp=com.android.settings/com.oppo.settings.MediaStreamVolumeDealReciever (has extras) } packageName=com.android.settings resultCode=-1 resultData=null resultExtras=null}
D/ActivityThread( 7594): BDC-Calling onReceive: intent=Intent { act=android.media.VOLUME_CHANGED_ACTION flg=0x10 cmp=com.android.settings/com.oppo.settings.MediaStreamVolumeDealReciever (has extras) }, ordered=true, receiver=com.oppo.settings.MediaStreamVolumeDealReciever@42bc23d8
D/ActivityThread( 7594): BDC-RECEIVER handled : 0 / ReceiverData{intent=Intent { act=android.media.VOLUME_CHANGED_ACTION flg=0x10 cmp=com.android.settings/com.oppo.settings.MediaStreamVolumeDealReciever (has extras) } packageName=com.android.settings resultCode=-1 resultData=null resultExtras=null}
V/ActivityManager( 1797): Broadcast: Intent { act=android.media.VOLUME_CHANGED_ACTION flg=0x10 (has extras) } ordered=false userid=-1 callerApp=ProcessRecord{42767e10 1797:system/1000}
D/ActivityThread( 7594): BDC-Calling onReceive: intent=Intent { act=android.media.VOLUME_CHANGED_ACTION flg=0x10 cmp=com.android.settings/com.oppo.settings.MediaStreamVolumeDealReciever (has extras) }, ordered=true, receiver=com.oppo.settings.MediaStreamVolumeDealReciever@42bc3bd0
D/ActivityThread( 7594): BDC-RECEIVER handled : 0 / ReceiverData{intent=Intent { act=android.media.VOLUME_CHANGED_ACTION flg=0x10 cmp=com.android.settings/com.oppo.settings.MediaStreamVolumeDealReciever (has extras) } packageName=com.android.settings resultCode=-1 resultData=null resultExtras=null}
V/ActivityManager( 1797): Broadcast: Intent { act=android.media.VOLUME_CHANGED_ACTION flg=0x10 (has extras) } ordered=false userid=-1 callerApp=ProcessRecord{42767e10 1797:system/1000}
D/ActivityThread( 7594): BDC-Calling onReceive: intent=Intent { act=android.media.VOLUME_CHANGED_ACTION flg=0x10 cmp=com.android.settings/com.oppo.settings.MediaStreamVolumeDealReciever (has extras) }, ordered=true, receiver=com.oppo.settings.MediaStreamVolumeDealReciever@434e4d68
D/ActivityThread( 7594): BDC-RECEIVER handled : 0 / ReceiverData{intent=Intent { act=android.media.VOLUME_CHANGED_ACTION flg=0x10 cmp=com.android.settings/com.oppo.settings.MediaStreamVolumeDealReciever (has extras) } packageName=com.android.settings resultCode=-1 resultData=null resultExtras=null}
V/ActivityManager( 1797): Broadcast: Intent { act=android.media.VOLUME_CHANGED_ACTION flg=0x10 (has extras) } ordered=false userid=-1 callerApp=ProcessRecord{42767e10 1797:system/1000}
D/ActivityThread( 7594): BDC-Calling onReceive: intent=Intent { act=android.media.VOLUME_CHANGED_ACTION flg=0x10 cmp=com.android.settings/com.oppo.settings.MediaStreamVolumeDealReciever (has extras) }, ordered=true, receiver=com.oppo.settings.MediaStreamVolumeDealReciever@428d5ee0
D/ActivityThread( 7594): BDC-RECEIVER handled : 0 / ReceiverData{intent=Intent { act=android.media.VOLUME_CHANGED_ACTION flg=0x10 cmp=com.android.settings/com.oppo.settings.MediaStreamVolumeDealReciever (has extras) } packageName=com.android.settings resultCode=-1 resultData=null resultExtras=null}
V/ActivityManager( 1797): Broadcast: Intent { act=android.media.VOLUME_CHANGED_ACTION flg=0x10 (has extras) } ordered=false userid=-1 callerApp=ProcessRecord{42767e10 1797:system/1000}
D/ActivityThread( 7594): BDC-Calling onReceive: intent=Intent { act=android.media.VOLUME_CHANGED_ACTION flg=0x10 cmp=com.android.settings/com.oppo.settings.MediaStreamVolumeDealReciever (has extras) }, ordered=true, receiver=com.oppo.settings.MediaStreamVolumeDealReciever@428d81b8
D/ActivityThread( 7594): BDC-RECEIVER handled : 0 / ReceiverData{intent=Intent { act=android.media.VOLUME_CHANGED_ACTION flg=0x10 cmp=com.android.settings/com.oppo.settings.MediaStreamVolumeDealReciever (has extras) } packageName=com.android.settings resultCode=-1 resultData=null resultExtras=null}
V/ActivityManager( 1797): Broadcast: Intent { act=android.media.VOLUME_CHANGED_ACTION flg=0x10 (has extras) } ordered=false userid=-1 callerApp=ProcessRecord{42767e10 1797:system/1000}
V/ActivityManager( 1797): Broadcast: Intent { act=android.media.VOLUME_CHANGED_ACTION flg=0x10 (has extras) } ordered=false userid=-1 callerApp=ProcessRecord{42767e10 1797:system/1000}
D/ActivityThread( 7594): BDC-Calling onReceive: intent=Intent { act=android.media.VOLUME_CHANGED_ACTION flg=0x10 cmp=com.android.settings/com.oppo.settings.MediaStreamVolumeDealReciever (has extras) }, ordered=true, receiver=com.oppo.settings.MediaStreamVolumeDealReciever@42cafea0
D/ActivityThread( 7594): BDC-RECEIVER handled : 0 / ReceiverData{intent=Intent { act=android.media.VOLUME_CHANGED_ACTION flg=0x10 cmp=com.android.settings/com.oppo.settings.MediaStreamVolumeDealReciever (has extras) } packageName=com.android.settings resultCode=-1 resultData=null resultExtras=null}
D/ActivityThread( 7594): BDC-Calling onReceive: intent=Intent { act=android.media.VOLUME_CHANGED_ACTION flg=0x10 cmp=com.android.settings/com.oppo.settings.MediaStreamVolumeDealReciever (has extras) }, ordered=true, receiver=com.oppo.settings.MediaStreamVolumeDealReciever@42fa0340
V/ActivityManager( 1797): Broadcast: Intent { act=android.media.VOLUME_CHANGED_ACTION flg=0x10 (has extras) } ordered=false userid=-1 callerApp=ProcessRecord{42767e10 1797:system/1000}
D/ActivityThread( 7594): BDC-RECEIVER handled : 0 / ReceiverData{intent=Intent { act=android.media.VOLUME_CHANGED_ACTION flg=0x10 cmp=com.android.settings/com.oppo.settings.MediaStreamVolumeDealReciever (has extras) } packageName=com.android.settings resultCode=-1 resultData=null resultExtras=null}
D/ActivityThread( 7594): BDC-Calling onReceive: intent=Intent { act=android.media.VOLUME_CHANGED_ACTION flg=0x10 cmp=com.android.settings/com.oppo.settings.MediaStreamVolumeDealReciever (has extras) }, ordered=true, receiver=com.oppo.settings.MediaStreamVolumeDealReciever@42fc4950
V/ActivityManager( 1797): Broadcast: Intent { act=android.media.VOLUME_CHANGED_ACTION flg=0x10 (has extras) } ordered=false userid=-1 callerApp=ProcessRecord{42767e10 1797:system/1000}
D/ActivityThread( 7594): BDC-RECEIVER handled : 0 / ReceiverData{intent=Intent { act=android.media.VOLUME_CHANGED_ACTION flg=0x10 cmp=com.android.settings/com.oppo.settings.MediaStreamVolumeDealReciever (has extras) } packageName=com.android.settings resultCode=-1 resultData=null resultExtras=null}
D/ActivityThread( 7594): BDC-Calling onReceive: intent=Intent { act=android.media.VOLUME_CHANGED_ACTION flg=0x10 cmp=com.android.settings/com.oppo.settings.MediaStreamVolumeDealReciever (has extras) }, ordered=true, receiver=com.oppo.settings.MediaStreamVolumeDealReciever@42777508
V/ActivityManager( 1797): Broadcast: Intent { act=android.media.VOLUME_CHANGED_ACTION flg=0x10 (has extras) } ordered=false userid=-1 callerApp=ProcessRecord{42767e10 1797:system/1000}
D/ActivityThread( 7594): BDC-RECEIVER handled : 0 / ReceiverData{intent=Intent { act=android.media.VOLUME_CHANGED_ACTION flg=0x10 cmp=com.android.settings/com.oppo.settings.MediaStreamVolumeDealReciever (has extras) } packageName=com.android.settings resultCode=-1 resultData=null resultExtras=null}
D/ActivityThread( 7594): BDC-Calling onReceive: intent=Intent { act=android.media.VOLUME_CHANGED_ACTION flg=0x10 cmp=com.android.settings/com.oppo.settings.MediaStreamVolumeDealReciever (has extras) }, ordered=true, receiver=com.oppo.settings.MediaStreamVolumeDealReciever@433218e0
V/ActivityManager( 1797): Broadcast: Intent { act=android.media.VOLUME_CHANGED_ACTION flg=0x10 (has extras) } ordered=false userid=-1 callerApp=ProcessRecord{42767e10 1797:system/1000}
D/ActivityThread( 7594): BDC-RECEIVER handled : 0 / ReceiverData{intent=Intent { act=android.media.VOLUME_CHANGED_ACTION flg=0x10 cmp=com.android.settings/com.oppo.settings.MediaStreamVolumeDealReciever (has extras) } packageName=com.android.settings resultCode=-1 resultData=null resultExtras=null}
D/ActivityThread( 7594): BDC-Calling onReceive: intent=Intent { act=android.media.VOLUME_CHANGED_ACTION flg=0x10 cmp=com.android.settings/com.oppo.settings.MediaStreamVolumeDealReciever (has extras) }, ordered=true, receiver=com.oppo.settings.MediaStreamVolumeDealReciever@42d44a28
D/ActivityThread( 7594): BDC-RECEIVER handled : 0 / ReceiverData{intent=Intent { act=android.media.VOLUME_CHANGED_ACTION flg=0x10 cmp=com.android.settings/com.oppo.settings.MediaStreamVolumeDealReciever (has extras) } packageName=com.android.settings resultCode=-1 resultData=null resultExtras=null}
I/ActivityManager( 1797): START u0 {act=android.intent.action.MAIN cat=[android.intent.category.LAUNCHER] flg=0x10200000 cmp=com.sixty.nidoneClient/.view.activity.SDK_WebApp} from pid 24346
E/ActivityManager( 1797): START {act=android.intent.action.MAIN cat=[android.intent.category.LAUNCHER] flg=0x10200000 cmp=com.sixty.nidoneClient/.view.activity.SDK_WebApp u=0} from pid 24346
D/ActivityManager( 1797): ACT-moveHomeTask toFront : false homeInFront = false
D/ActivityManager( 1797): launchFlags = 10200000, launchMode = 2, realActivity = ComponentInfo{com.sixty.nidoneClient/com.sixty.nidoneClient.view.activity.SDK_WebApp}, task.realActivity = ComponentInfo{com.sixty.nidoneClient/com.sixty.nidoneClient.view.activity.SDK_WebApp}
I/ActivityManager( 1797): topActivity.packageName = com.sixty.nidoneClient
D/ActivityThread( 8420): ACT-NEW_INTENT handled : 0 / NewIntentData{intents=[Intent { act=android.intent.action.MAIN cat=[android.intent.category.LAUNCHER] flg=0x10200000 cmp=com.sixty.nidoneClient/.view.activity.SDK_WebApp }] token=android.os.BinderProxy@439ee040}
V/ActivityManager( 1797): Broadcast: Intent { act=android.media.VOLUME_CHANGED_ACTION flg=0x10 (has extras) } ordered=false userid=-1 callerApp=ProcessRecord{42767e10 1797:system/1000}
V/ActivityManager( 1797): Broadcast: Intent { act=android.media.VOLUME_CHANGED_ACTION flg=0x10 (has extras) } ordered=false userid=-1 callerApp=ProcessRecord{42767e10 1797:system/1000}
D/ActivityThread( 7594): BDC-Calling onReceive: intent=Intent { act=android.media.VOLUME_CHANGED_ACTION flg=0x10 cmp=com.android.settings/com.oppo.settings.MediaStreamVolumeDealReciever (has extras) }, ordered=true, receiver=com.oppo.settings.MediaStreamVolumeDealReciever@431ca320
D/ActivityThread( 7594): BDC-RECEIVER handled : 0 / ReceiverData{intent=Intent { act=android.media.VOLUME_CHANGED_ACTION flg=0x10 cmp=com.android.settings/com.oppo.settings.MediaStreamVolumeDealReciever (has extras) } packageName=com.android.settings resultCode=-1 resultData=null resultExtras=null}
D/ActivityThread( 7594): BDC-Calling onReceive: intent=Intent { act=android.media.VOLUME_CHANGED_ACTION flg=0x10 cmp=com.android.settings/com.oppo.settings.MediaStreamVolumeDealReciever (has extras) }, ordered=true, receiver=com.oppo.settings.MediaStreamVolumeDealReciever@431cc5f8
D/ActivityThread( 7594): BDC-RECEIVER handled : 0 / ReceiverData{intent=Intent { act=android.media.VOLUME_CHANGED_ACTION flg=0x10 cmp=com.android.settings/com.oppo.settings.MediaStreamVolumeDealReciever (has extras) } packageName=com.android.settings resultCode=-1 resultData=null resultExtras=null}
V/ActivityManager( 1797): Broadcast: Intent { act=android.media.VOLUME_CHANGED_ACTION flg=0x10 (has extras) } ordered=false userid=-1 callerApp=ProcessRecord{42767e10 1797:system/1000}
D/ActivityThread( 7594): BDC-Calling onReceive: intent=Intent { act=android.media.VOLUME_CHANGED_ACTION flg=0x10 cmp=com.android.settings/com.oppo.settings.MediaStreamVolumeDealReciever (has extras) }, ordered=true, receiver=com.oppo.settings.MediaStreamVolumeDealReciever@430aec78
D/ActivityThread( 7594): BDC-RECEIVER handled : 0 / ReceiverData{intent=Intent { act=android.media.VOLUME_CHANGED_ACTION flg=0x10 cmp=com.android.settings/com.oppo.settings.MediaStreamVolumeDealReciever (has extras) } packageName=com.android.settings resultCode=-1 resultData=null resultExtras=null}
V/ActivityManager( 1797): Broadcast: Intent { act=android.media.VOLUME_CHANGED_ACTION flg=0x10 (has extras) } ordered=false userid=-1 callerApp=ProcessRecord{42767e10 1797:system/1000}
D/ActivityThread( 7594): BDC-Calling onReceive: intent=Intent { act=android.media.VOLUME_CHANGED_ACTION flg=0x10 cmp=com.android.settings/com.oppo.settings.MediaStreamVolumeDealReciever (has extras) }, ordered=true, receiver=com.oppo.settings.MediaStreamVolumeDealReciever@42cf9170
D/ActivityThread( 7594): BDC-RECEIVER handled : 0 / ReceiverData{intent=Intent { act=android.media.VOLUME_CHANGED_ACTION flg=0x10 cmp=com.android.settings/com.oppo.settings.MediaStreamVolumeDealReciever (has extras) } packageName=com.android.settings resultCode=-1 resultData=null resultExtras=null}
V/ActivityManager( 1797): Broadcast: Intent { act=android.media.VOLUME_CHANGED_ACTION flg=0x10 (has extras) } ordered=false userid=-1 callerApp=ProcessRecord{42767e10 1797:system/1000}
V/ActivityManager( 1797): Broadcast: Intent { act=android.media.VOLUME_CHANGED_ACTION flg=0x10 (has extras) } ordered=false userid=-1 callerApp=ProcessRecord{42767e10 1797:system/1000}
D/ActivityThread( 7594): BDC-Calling onReceive: intent=Intent { act=android.media.VOLUME_CHANGED_ACTION flg=0x10 cmp=com.android.settings/com.oppo.settings.MediaStreamVolumeDealReciever (has extras) }, ordered=true, receiver=com.oppo.settings.MediaStreamVolumeDealReciever@42ca24f0
D/ActivityThread( 7594): BDC-RECEIVER handled : 0 / ReceiverData{intent=Intent { act=android.media.VOLUME_CHANGED_ACTION flg=0x10 cmp=com.android.settings/com.oppo.settings.MediaStreamVolumeDealReciever (has extras) } packageName=com.android.settings resultCode=-1 resultData=null resultExtras=null}
D/ActivityThread( 7594): BDC-Calling onReceive: intent=Intent { act=android.media.VOLUME_CHANGED_ACTION flg=0x10 cmp=com.android.settings/com.oppo.settings.MediaStreamVolumeDealReciever (has extras) }, ordered=true, receiver=com.oppo.settings.MediaStreamVolumeDealReciever@42e12b98
D/ActivityThread( 7594): BDC-RECEIVER handled : 0 / ReceiverData{intent=Intent { act=android.media.VOLUME_CHANGED_ACTION flg=0x10 cmp=com.android.settings/com.oppo.settings.MediaStreamVolumeDealReciever (has extras) } packageName=com.android.settings resultCode=-1 resultData=null resultExtras=null}
V/ActivityManager( 1797): Broadcast: Intent { act=android.media.VOLUME_CHANGED_ACTION flg=0x10 (has extras) } ordered=false userid=-1 callerApp=ProcessRecord{42767e10 1797:system/1000}
D/ActivityThread( 7594): BDC-Calling onReceive: intent=Intent { act=android.media.VOLUME_CHANGED_ACTION flg=0x10 cmp=com.android.settings/com.oppo.settings.MediaStreamVolumeDealReciever (has extras) }, ordered=true, receiver=com.oppo.settings.MediaStreamVolumeDealReciever@431ceb00
D/ActivityThread( 7594): BDC-RECEIVER handled : 0 / ReceiverData{intent=Intent { act=android.media.VOLUME_CHANGED_ACTION flg=0x10 cmp=com.android.settings/com.oppo.settings.MediaStreamVolumeDealReciever (has extras) } packageName=com.android.settings resultCode=-1 resultData=null resultExtras=null}
V/ActivityManager( 1797): Broadcast: Intent { act=android.media.VOLUME_CHANGED_ACTION flg=0x10 (has extras) } ordered=false userid=-1 callerApp=ProcessRecord{42767e10 1797:system/1000}
D/ActivityThread( 7594): BDC-Calling onReceive: intent=Intent { act=android.media.VOLUME_CHANGED_ACTION flg=0x10 cmp=com.android.settings/com.oppo.settings.MediaStreamVolumeDealReciever (has extras) }, ordered=true, receiver=com.oppo.settings.MediaStreamVolumeDealReciever@42d5b530
D/ActivityThread( 7594): BDC-RECEIVER handled : 0 / ReceiverData{intent=Intent { act=android.media.VOLUME_CHANGED_ACTION flg=0x10 cmp=com.android.settings/com.oppo.settings.MediaStreamVolumeDealReciever (has extras) } packageName=com.android.settings resultCode=-1 resultData=null resultExtras=null}
V/ActivityManager( 1797): Broadcast: Intent { act=android.media.VOLUME_CHANGED_ACTION flg=0x10 (has extras) } ordered=false userid=-1 callerApp=ProcessRecord{42767e10 1797:system/1000}
D/ActivityThread( 7594): BDC-Calling onReceive: intent=Intent { act=android.media.VOLUME_CHANGED_ACTION flg=0x10 cmp=com.android.settings/com.oppo.settings.MediaStreamVolumeDealReciever (has extras) }, ordered=true, receiver=com.oppo.settings.MediaStreamVolumeDealReciever@42d5d7d0
D/ActivityThread( 7594): BDC-RECEIVER handled : 0 / ReceiverData{intent=Intent { act=android.media.VOLUME_CHANGED_ACTION flg=0x10 cmp=com.android.settings/com.oppo.settings.MediaStreamVolumeDealReciever (has extras) } packageName=com.android.settings resultCode=-1 resultData=null resultExtras=null}
V/ActivityManager( 1797): Broadcast: Intent { act=android.media.VOLUME_CHANGED_ACTION flg=0x10 (has extras) } ordered=false userid=-1 callerApp=ProcessRecord{42767e10 1797:system/1000}
D/ActivityThread( 7594): BDC-Calling onReceive: intent=Intent { act=android.media.VOLUME_CHANGED_ACTION flg=0x10 cmp=com.android.settings/com.oppo.settings.MediaStreamVolumeDealReciever (has extras) }, ordered=true, receiver=com.oppo.settings.MediaStreamVolumeDealReciever@430fdf20
D/ActivityThread( 7594): BDC-RECEIVER handled : 0 / ReceiverData{intent=Intent { act=android.media.VOLUME_CHANGED_ACTION flg=0x10 cmp=com.android.settings/com.oppo.settings.MediaStreamVolumeDealReciever (has extras) } packageName=com.android.settings resultCode=-1 resultData=null resultExtras=null}
W/ContextImpl( 1797): Calling a method in the system process without a qualified user: android.app.ContextImpl.sendBroadcast:1345 com.android.internal.policy.impl.OppoPhoneWindowManager.interceptKeyBeforeQueueing:592 com.android.server.wm.InputMonitor.interceptKeyBeforeQueueing:625 com.android.server.input.InputManagerService.interceptKeyBeforeQueueing:1506 com.android.server.input.InputManagerService.nativeInjectInputEvent:-2 
V/ActivityManager( 1797): Broadcast: Intent { act=SILENCE_ACTION_FOR_OPPO_SPEECH flg=0x10 } ordered=false userid=0 callerApp=ProcessRecord{42767e10 1797:system/1000}
D/ActivityThread(19738): BDC-Calling onReceive: intent=Intent { act=SILENCE_ACTION_FOR_OPPO_SPEECH flg=0x10 cmp=com.oppo.speechassist/.IncomingCallReceiver }, ordered=true, receiver=com.oppo.speechassist.IncomingCallReceiver@42817388
D/ActivityThread(19738): BDC-RECEIVER handled : 0 / ReceiverData{intent=Intent { act=SILENCE_ACTION_FOR_OPPO_SPEECH flg=0x10 cmp=com.oppo.speechassist/.IncomingCallReceiver } packageName=com.oppo.speechassist resultCode=-1 resultData=null resultExtras=null}
V/ActivityManager( 1797): Broadcast: Intent { act=android.media.VOLUME_CHANGED_ACTION flg=0x10 (has extras) } ordered=false userid=-1 callerApp=ProcessRecord{42767e10 1797:system/1000}
D/ActivityThread( 7594): BDC-Calling onReceive: intent=Intent { act=android.media.VOLUME_CHANGED_ACTION flg=0x10 cmp=com.android.settings/com.oppo.settings.MediaStreamVolumeDealReciever (has extras) }, ordered=true, receiver=com.oppo.settings.MediaStreamVolumeDealReciever@42d90748
D/ActivityThread( 7594): BDC-RECEIVER handled : 0 / ReceiverData{intent=Intent { act=android.media.VOLUME_CHANGED_ACTION flg=0x10 cmp=com.android.settings/com.oppo.settings.MediaStreamVolumeDealReciever (has extras) } packageName=com.android.settings resultCode=-1 resultData=null resultExtras=null}
W/ContextImpl( 1797): Calling a method in the system process without a qualified user: android.app.ContextImpl.sendBroadcast:1345 com.android.internal.policy.impl.OppoPhoneWindowManager.interceptKeyBeforeQueueing:592 com.android.server.wm.InputMonitor.interceptKeyBeforeQueueing:625 com.android.server.input.InputManagerService.interceptKeyBeforeQueueing:1506 com.android.server.input.InputManagerService.nativeInjectInputEvent:-2 
V/ActivityManager( 1797): Broadcast: Intent { act=SILENCE_ACTION_FOR_OPPO_SPEECH flg=0x10 } ordered=false userid=0 callerApp=ProcessRecord{42767e10 1797:system/1000}
D/ActivityThread(19738): BDC-Calling onReceive: intent=Intent { act=SILENCE_ACTION_FOR_OPPO_SPEECH flg=0x10 cmp=com.oppo.speechassist/.IncomingCallReceiver }, ordered=true, receiver=com.oppo.speechassist.IncomingCallReceiver@428193c0
D/ActivityThread(19738): BDC-RECEIVER handled : 0 / ReceiverData{intent=Intent { act=SILENCE_ACTION_FOR_OPPO_SPEECH flg=0x10 cmp=com.oppo.speechassist/.IncomingCallReceiver } packageName=com.oppo.speechassist resultCode=-1 resultData=null resultExtras=null}
