D/AudioMTKPolicyManager(  251): SampleRateArray[2] = 0 
D/AudioMTKPolicyManager(  251): SampleRateArray[3] = 0 
D/AudioMTKPolicyManager(  251): SampleRateArray[4] = 0 
D/AudioMTKPolicyManager(  251): SampleRateArray[5] = 0 
D/AudioMTKPolicyManager(  251): stopOutput() output 2, stream 1, session 226
I/ActivityManager( 1797): START u0 {act=android.intent.action.MAIN cat=[android.intent.category.LAUNCHER] flg=0x10200000 cmp=com.sixty.nidoneClient/.view.activity.SDK_WebApp} from pid 24346
E/ActivityManager( 1797): START {act=android.intent.action.MAIN cat=[android.intent.category.LAUNCHER] flg=0x10200000 cmp=com.sixty.nidoneClient/.view.activity.SDK_WebApp u=0} from pid 24346
D/ActivityManager( 1797): ACT-moveHomeTask toFront : false homeInFront = false
D/ActivityManager( 1797): launchFlags = 10200000, launchMode = 2, realActivity = ComponentInfo{com.sixty.nidoneClient/com.sixty.nidoneClient.view.activity.SDK_WebApp}, task.realActivity = ComponentInfo{com.sixty.nidoneClient/com.sixty.nidoneClient.view.activity.SDK_WebApp}
D/AudioMTKPolicyManager(  251): StopOutputSampletateoutput = 2 stream = 1 session = 227 samplerate=44100 
D/AudioMTKPolicyManager(  251): DumpSampleRateArray
D/AudioMTKPolicyManager(  251): SampleRateArray[0] = 1 
D/AudioMTKPolicyManager(  251): SampleRateArray[1] = 0 
D/AudioMTKPolicyManager(  251): SampleRateArray[2] = 0 
D/AudioMTKPolicyManager(  251): SampleRateArray[3] = 0 
E/AudioFlinger(  251): getNextBuffer, get null buffer
D/AudioMTKPolicyManager(  251): SampleRateArray[4] = 0 
D/AudioMTKPolicyManager(  251): SampleRateArray[5] = 0 
D/AudioResamplerMTK32(  251): reset
D/AudioMTKPolicyManager(  251): stopOutput() output 2, stream 1, session 227
I/ActivityManager( 1797): topActivity.packageName = com.sixty.nidoneClient
I/ouyang100( 8420):     Activity onPause^^^^^^^^^^^^^^com.sixty.nidoneClient
I/System.out( 8420): [CDS]close[13131]
I/System.out( 8420): close [socket][/0.0.0.0:-1]
D/WebView ( 8420): evaluateJavascript=javascript:(function(){if(!((window.__html5plus__&&__html5plus__.isReady)?__html5plus__:(navigator.plus&&navigator.plus.isReady)?navigator.plus:window.plus)){window.__load__plus__&&window.__load__plus__();}var e = document.createEvent('HTMLEvents');var evt = 'pause';e.initEvent(evt, false, true);/*console.log('dispatch ' + evt + ' event');*/document.dispatchEvent(e);})();
W/System.err( 8420): java.net.SocketException: Socket closed
V/websync ( 8420): *** WebSyncManager stopSync ***, Ref count:1
W/System.err( 8420): 	at libcore.io.Posix.accept(Native Method)
W/System.err( 8420): 	at libcore.io.BlockGuardOs.accept(BlockGuardOs.java:55)
W/System.err( 8420): 	at java.net.PlainSocketImpl.accept(PlainSocketImpl.java:98)
D/WebView ( 8420): evaluateJavascript=javascript:try{if(((window.__html5plus__&&__html5plus__.isReady)?__html5plus__:(navigator.plus&&navigator.plus.isReady)?navigator.plus:window.plus).runtime){((window.__html5plus__&&__html5plus__.isReady)?__html5plus__:(navigator.plus&&navigator.plus.isReady)?navigator.plus:window.plus).runtime.arguments = "";}}catch(e){};if(((window.__html5plus__&&__html5plus__.isReady)?__html5plus__:(navigator.plus&&navigator.plus.isReady)?navigator.plus:window.plus).runtime){((window.__html5plus__&&__html5plus__.isReady)?__html5plus__:(navigator.plus&&navigator.plus.isReady)?navigator.plus:window.plus).runtime.launcher = 'default';}if(((window.__html5plus__&&__html5plus__.isReady)?__html5plus__:(navigator.plus&&navigator.plus.isReady)?navigator.plus:window.plus).runtime){((window.__html5plus__&&__html5plus__.isReady)?__html5plus__:(navigator.plus&&navigator.plus.isReady)?navigator.plus:window.plus).runtime.origin = 'default';}javascript:(function(){if(!((window.__html5plus__&&__html5plus__.isReady)?__html5plus__:(navigator.plus&&navigator.plus.isReady)?navigator.plus:window.plus)){window.__load__plus__&&window.__load__plus__();}var e = document.createEvent('HTMLEvents');var evt = 'newintent';e.initEvent(evt, false, true);/*console.log('dispatch ' + evt + ' event');*/document.dispatchEvent(e);})();
W/System.err( 8420): 	at java.net.ServerSocket.implAccept(ServerSocket.java:203)
W/System.err( 8420): 	at java.net.ServerSocket.accept(ServerSocket.java:128)
W/System.err( 8420): 	at io.dcloud.common.util.net.http.LocalServer.run(LocalServer.java:62)
W/System.err( 8420): 	at java.lang.Thread.run(Thread.java:848)
D/dalvikvm( 8420): threadid=20: exiting
I/ouyang100( 8420):     Activity onResume^^^^^^^^^^^^^^com.sixty.nidoneClient
D/dalvikvm( 8420): threadid=20: bye!
I/System.out( 8420): tcp port:13131
I/System.out( 8420): io.dcloud.common.util.net.http.LocalServer.<init>(LocalServer.java:26)
D/dalvikvm( 8420): create interp thread : stack size=128KB
D/dalvikvm( 8420): create new thread
D/dalvikvm( 8420): new thread created
D/dalvikvm( 8420): update thread list
D/dalvikvm( 8420): threadid=20: interp stack at 0x81bd0000
D/dalvikvm( 8420): threadid=20: created from interp
D/dalvikvm( 8420): start new thread
D/dalvikvm( 8420): threadid=20: notify debugger
D/dalvikvm( 8420): threadid=20 (Thread-954): calling run()
D/WebView ( 8420): evaluateJavascript=javascript:(function(){if(!((window.__html5plus__&&__html5plus__.isReady)?__html5plus__:(navigator.plus&&navigator.plus.isReady)?navigator.plus:window.plus)){window.__load__plus__&&window.__load__plus__();}var e = document.createEvent('HTMLEvents');var evt = 'resume';e.initEvent(evt, false, true);/*console.log('dispatch ' + evt + ' event');*/document.dispatchEvent(e);})();
V/websync ( 8420): ***  WebSyncManager startSync ***, Ref count:0
D/ActivityThread( 8420): ACT-NEW_INTENT handled : 0 / NewIntentData{intents=[Intent { act=android.intent.action.MAIN cat=[android.intent.category.LAUNCHER] flg=0x10200000 cmp=com.sixty.nidoneClient/.view.activity.SDK_WebApp }] token=android.os.BinderProxy@439ee040}
W/UnimplementedWebViewApi( 8420): Unimplemented WebView method onKeyMultiple called from: android.webkit.WebView.onKeyMultiple(WebView.java:2273)
W/UnimplementedWebViewApi( 8420): Unimplemented WebView method onKeyDown called from: android.webkit.WebView.onKeyDown(WebView.java:2263)
D/WindowManager( 1797): interceptKeyTq: result=1 keycode=23 screenIsOn=true keyguardActive=false policyFlags = #b000000 down =true canceled = false isWakeKey=false mVolumeDownKeyTriggered =false mVolumeUpKeyTriggered =false
D/WindowManager( 1797): interceptKeyTi keyCode=23 down=true repeatCount=0 keyguardOn=false mHomePressed=false canceled=false metaState:0
D/WindowManager( 1797): interceptKeyTq: result=1 keycode=23 screenIsOn=true keyguardActive=false policyFlags = #b000000 down =false canceled = false isWakeKey=false mVolumeDownKeyTriggered =false mVolumeUpKeyTriggered =false
D/WindowManager( 1797): interceptKeyTi keyCode=23 down=false repeatCount=0 keyguardOn=false mHomePressed=false canceled=false metaState:0
W/UnimplementedWebViewApi( 8420): Unimplemented WebView method onKeyMultiple called from: android.webkit.WebView.onKeyMultiple(WebView.java:2273)
W/UnimplementedWebViewApi( 8420): Unimplemented WebView method onKeyDown called from: android.webkit.WebView.onKeyDown(WebView.java:2263)
E/AudioFlinger(  251): getNextBuffer, get null buffer
D/AudioResamplerMTK32(  251): reset
D/WindowManager( 1797): interceptKeyTq: result=1 keycode=190 screenIsOn=true keyguardActive=false policyFlags = #b000000 down =true canceled = false isWakeKey=false mVolumeDownKeyTriggered =false mVolumeUpKeyTriggered =false
D/WindowManager( 1797): interceptKeyTi keyCode=190 down=true repeatCount=0 keyguardOn=false mHomePressed=false canceled=false metaState:0
D/WindowManager( 1797): interceptKeyTq: result=1 keycode=190 screenIsOn=true keyguardActive=false policyFlags = #b000000 down =false canceled = false isWakeKey=false mVolumeDownKeyTriggered =false mVolumeUpKeyTriggered =false
D/WindowManager( 1797): interceptKeyTi keyCode=190 down=false repeatCount=0 keyguardOn=false mHomePressed=false canceled=false metaState:0
V/SoundPool( 1797): process 0x7d83a838 channel 194 event BUFFER_END
D/AudioTrack( 1797): mPausedNs is 1000000000
V/SoundPool( 1797): awake
V/SoundPool( 1797): Getting channel from stop list
V/SoundPool( 1797): stop
D/AudioTrack( 1797): audiotrack 0x7d6c73d0 stop done
V/SoundPool( 1797): done_l(194)
V/SoundPool( 1797): move to front
D/AudioFlinger_Thread(  251): track 4096 s=00000845 [NOT READY] on thread 0xb4a27008, track 0xb73143a0
D/AudioFlinger_Thread(  251): track 0 s=b4a27008 [NOT READY] track presentation NOT Complete.
I/SnapScrollController( 8420): setSnapScrollingMode case-default no-op
W/UnimplementedWebViewApi( 8420): Unimplemented WebView method onKeyMultiple called from: android.webkit.WebView.onKeyMultiple(WebView.java:2273)
W/UnimplementedWebViewApi( 8420): Unimplemented WebView method onKeyDown called from: android.webkit.WebView.onKeyDown(WebView.java:2263)
D/AudioFlinger_Thread(  251): track 4096 s=00000845 [NOT READY] on thread 0xb4a27008, track 0xb73143a0
D/AudioFlinger_Thread(  251): removeTracks_l removing track on session 228, track 0xb73143a0
D/AudioFlinger_Thread(  251): acquireWakeLock_l() AudioOut_2 status 0
D/AudioFlinger_Thread(  251): threadLoop_sleepTime write muted data to hw
I/SnapScrollController( 8420): setSnapScrollingMode case-default no-op
D/WindowManager( 1797): interceptKeyTq: result=1 keycode=20 screenIsOn=true keyguardActive=false policyFlags = #b000000 down =true canceled = false isWakeKey=false mVolumeDownKeyTriggered =false mVolumeUpKeyTriggered =false
D/WindowManager( 1797): interceptKeyTi keyCode=20 down=true repeatCount=0 keyguardOn=false mHomePressed=false canceled=false metaState:0
D/WindowManager( 1797): interceptKeyTq: result=1 keycode=20 screenIsOn=true keyguardActive=false policyFlags = #b000000 down =false canceled = false isWakeKey=false mVolumeDownKeyTriggered =false mVolumeUpKeyTriggered =false
D/WindowManager( 1797): interceptKeyTi keyCode=20 down=false repeatCount=0 keyguardOn=false mHomePressed=false canceled=false metaState:0
D/AudioMTKPolicyManager(  251): StopOutputSampletateoutput = 2 stream = 1 session = 228 samplerate=44100 
D/AudioMTKPolicyManager(  251): DumpSampleRateArray
D/AudioMTKPolicyManager(  251): SampleRateArray[0] = 0 
D/AudioMTKPolicyManager(  251): SampleRateArray[1] = 0 
D/AudioMTKPolicyManager(  251): SampleRateArray[2] = 0 
D/AudioMTKPolicyManager(  251): SampleRateArray[3] = 0 
D/AudioMTKPolicyManager(  251): SampleRateArray[4] = 0 
D/AudioMTKPolicyManager(  251): SampleRateArray[5] = 0 
D/AudioMTKPolicyManager(  251): ReleaseFMIndirectMode 
D/AudioMTKPolicyManager(  251): PolicyRestore
D/AudioMTKPolicyManager(  251): stopOutput() output 2, stream 1, session 228
D/AudioMTKPolicyManager(  251): getNewDevice() selected device 0
D/AudioMTKPolicyManager(  251): setOutputDevice() output 2 device 0000 delayMs 46
D/AudioMTKPolicyManager(  251): checkDeviceMuteStrategies outputDesc = 0xb71d8030 prevDevice = 2 delayMs = 46
D/AudioMTKPolicyManager(  251): getDeviceForStrategy() strategy 7, device 2
D/AudioMTKPolicyManager(  251): getDeviceForStrategy() strategy 6, device 2
D/AudioMTKPolicyManager(  251): mHasA2dp:1, getA2dpOutput:0, bA2DPForeceIgnore:0, mA2dpSuspended:0,force =0 ,device2:0,
D/AudioMTKPolicyManager(  251): getDeviceForStrategy() strategy 5, device 2
D/AudioMTKPolicyManager(  251): mHasA2dp:1, getA2dpOutput:0, bA2DPForeceIgnore:0, mA2dpSuspended:0,force =0 ,device2:0,
D/AudioMTKPolicyManager(  251): getDeviceForStrategy() strategy 0, device 2
D/AudioMTKPolicyManager(  251): getDeviceForStrategy() strategy 4, device 2
D/AudioMTKPolicyManager(  251): mHasA2dp:1, getA2dpOutput:0, bA2DPForeceIgnore:0, mA2dpSuspended:0,force =0 ,device2:0,
D/AudioMTKPolicyManager(  251): getDeviceForStrategy() strategy 2, device 2
D/AudioMTKPolicyManager(  251): getDeviceForStrategy() strategy 3, device 2
D/AudioMTKPolicyManager(  251): mHasA2dp:1, getA2dpOutput:0, bA2DPForeceIgnore:0, mA2dpSuspended:0,force =0 ,device2:0,
D/AudioMTKPolicyManager(  251): getDeviceForStrategy() strategy 2, device 2
D/AudioMTKPolicyManager(  251): getDeviceForStrategy() strategy 1, device 1
D/AudioMTKPolicyManager(  251): mHasA2dp:1, getA2dpOutput:0, bA2DPForeceIgnore:0, mA2dpSuspended:0,force =0 ,device2:0,
D/AudioMTKPolicyManager(  251): getDeviceForStrategy() strategy 0, device 2
D/AudioMTKPolicyManager(  251): setOutputDevice() setting same device 0000 or null device for output 2
D/WindowManager( 1797): interceptKeyTq: result=1 keycode=20 screenIsOn=true keyguardActive=false policyFlags = #b000000 down =true canceled = false isWakeKey=false mVolumeDownKeyTriggered =false mVolumeUpKeyTriggered =false
D/WindowManager( 1797): interceptKeyTi keyCode=20 down=true repeatCount=0 keyguardOn=false mHomePressed=false canceled=false metaState:0
D/AudioFlinger_Thread(  251): threadLoop_sleepTime write muted data to hw
D/WindowManager( 1797): interceptKeyTq: result=1 keycode=20 screenIsOn=true keyguardActive=false policyFlags = #b000000 down =false canceled = false isWakeKey=false mVolumeDownKeyTriggered =false mVolumeUpKeyTriggered =false
D/WindowManager( 1797): interceptKeyTi keyCode=20 down=false repeatCount=0 keyguardOn=false mHomePressed=false canceled=false metaState:0
V/Provider/Settings( 1797): get setting for user 0 by user 0 so skipping cache
V/Provider/Settings( 1797):  from settings cache , name = haptic_feedback_enabled , value = 1
V/Provider/Settings( 1797): get setting for user -2 by user 0 so skipping cache
V/Provider/Settings( 1797): get setting for user -2 by user 0 so skipping cache
V/Provider/Settings( 1797): from db cache, name = haptic_feedback_enabled , value = 1
I/Provider/Settings( 1797): call-query of user -2 by 0 so not updating cache
D/AppOps  ( 1797): startOperation: allowing code 3 uid 1000 package android
D/dalvikvm( 1797): create interp thread : stack size=128KB
D/dalvikvm( 1797): create new thread
D/dalvikvm( 1797): new thread created
D/dalvikvm( 1797): update thread list
D/dalvikvm( 1797): threadid=90: interp stack at 0x83d61000
D/dalvikvm( 1797): threadid=90: created from interp
D/dalvikvm( 1797): start new thread
D/dalvikvm( 1797): threadid=90: notify debugger
D/dalvikvm( 1797): threadid=90 (Thread-2479): calling run()
D/WindowManager( 1797): interceptKeyTq: result=1 keycode=82 screenIsOn=true keyguardActive=false policyFlags = #b000000 down =true canceled = false isWakeKey=false mVolumeDownKeyTriggered =false mVolumeUpKeyTriggered =false
D/WindowManager( 1797): interceptKeyTi keyCode=82 down=true repeatCount=0 keyguardOn=false mHomePressed=false canceled=false metaState:0
D/WindowManager( 1797): interceptKeyTq: result=1 keycode=82 screenIsOn=true keyguardActive=false policyFlags = #b000000 down =false canceled = false isWakeKey=false mVolumeDownKeyTriggered =false mVolumeUpKeyTriggered =false
W/UnimplementedWebViewApi( 8420): Unimplemented WebView method onKeyMultiple called from: android.webkit.WebView.onKeyMultiple(WebView.java:2273)
D/WindowManager( 1797): interceptKeyTi keyCode=82 down=false repeatCount=0 keyguardOn=false mHomePressed=false canceled=false metaState:0
D/AudioFlinger_Thread(  251): threadLoop_sleepTime write muted data to hw
W/UnimplementedWebViewApi( 8420): Unimplemented WebView method onKeyDown called from: android.webkit.WebView.onKeyDown(WebView.java:2263)
I/View    ( 8420): Key down dispatch to <url=dist/index.html>;<hashcode=1121862040>, event = KeyEvent { action=ACTION_DOWN, hashcode=android.view.KeyEvent@446fb570, keyCode=KEYCODE_MENU, scanCode=0, metaState=0, flags=0x8, repeatCount=0, eventTime=9440624, downTime=9440624, deviceId=-1, source=0x101 }
W/UnimplementedWebViewApi( 8420): Unimplemented WebView method onKeyDown called from: android.webkit.WebView.onKeyDown(WebView.java:2263)
D/WindowManager( 1797): interceptKeyTq: result=1 keycode=19 screenIsOn=true keyguardActive=false policyFlags = #b000000 down =true canceled = false isWakeKey=false mVolumeDownKeyTriggered =false mVolumeUpKeyTriggered =false
D/WindowManager( 1797): interceptKeyTi keyCode=19 down=true repeatCount=0 keyguardOn=false mHomePressed=false canceled=false metaState:0
D/WindowManager( 1797): interceptKeyTq: result=1 keycode=19 screenIsOn=true keyguardActive=false policyFlags = #b000000 down =false canceled = false isWakeKey=false mVolumeDownKeyTriggered =false mVolumeUpKeyTriggered =false
D/WindowManager( 1797): interceptKeyTi keyCode=19 down=false repeatCount=0 keyguardOn=false mHomePressed=false canceled=false metaState:0
D/WindowManager( 1797): interceptKeyTq: result=1 keycode=23 screenIsOn=true keyguardActive=false policyFlags = #b000000 down =true canceled = false isWakeKey=false mVolumeDownKeyTriggered =false mVolumeUpKeyTriggered =false
D/WindowManager( 1797): interceptKeyTi keyCode=23 down=true repeatCount=0 keyguardOn=false mHomePressed=false canceled=false metaState:0
D/WindowManager( 1797): interceptKeyTq: result=1 keycode=23 screenIsOn=true keyguardActive=false policyFlags = #b000000 down =false canceled = false isWakeKey=false mVolumeDownKeyTriggered =false mVolumeUpKeyTriggered =false
D/WindowManager( 1797): interceptKeyTi keyCode=23 down=false repeatCount=0 keyguardOn=false mHomePressed=false canceled=false metaState:0
D/AudioFlinger_Thread(  251): threadLoop_sleepTime write muted data to hw
D/WindowManager( 1797): interceptKeyTq: result=1 keycode=5 screenIsOn=true keyguardActive=false policyFlags = #b000000 down =true canceled = false isWakeKey=false mVolumeDownKeyTriggered =false mVolumeUpKeyTriggered =false
D/WindowManager( 1797): interceptKeyTi keyCode=5 down=true repeatCount=0 keyguardOn=false mHomePressed=false canceled=false metaState:0
I/View    ( 8420): Key down dispatch to <url=dist/index.html>;<hashcode=1121862040>, event = KeyEvent { action=ACTION_DOWN, hashcode=android.view.KeyEvent@44a333c0, keyCode=KEYCODE_CALL, scanCode=0, metaState=0, flags=0x8, repeatCount=0, eventTime=9440660, downTime=9440660, deviceId=-1, source=0x101 }
D/WindowManager( 1797): interceptKeyTq: result=1 keycode=5 screenIsOn=true keyguardActive=false policyFlags = #b000000 down =false canceled = false isWakeKey=false mVolumeDownKeyTriggered =false mVolumeUpKeyTriggered =false
W/UnimplementedWebViewApi( 8420): Unimplemented WebView method onKeyDown called from: android.webkit.WebView.onKeyDown(WebView.java:2263)
D/WindowManager( 1797): interceptKeyTi keyCode=5 down=false repeatCount=0 keyguardOn=false mHomePressed=false canceled=false metaState:0
D/WindowManager( 1797): interceptKeyTq: result=1 keycode=20 screenIsOn=true keyguardActive=false policyFlags = #b000000 down =true canceled = false isWakeKey=false mVolumeDownKeyTriggered =false mVolumeUpKeyTriggered =false
D/WindowManager( 1797): interceptKeyTi keyCode=20 down=true repeatCount=0 keyguardOn=false mHomePressed=false canceled=false metaState:0
D/WindowManager( 1797): interceptKeyTq: result=1 keycode=20 screenIsOn=true keyguardActive=false policyFlags = #b000000 down =false canceled = false isWakeKey=false mVolumeDownKeyTriggered =false mVolumeUpKeyTriggered =false
D/WindowManager( 1797): interceptKeyTi keyCode=20 down=false repeatCount=0 keyguardOn=false mHomePressed=false canceled=false metaState:0
D/AudioFlinger_Thread(  251): threadLoop_sleepTime write muted data to hw
D/dalvikvm( 1797): threadid=90: exiting
D/dalvikvm( 1797): threadid=90: bye!
D/AudioFlinger_Thread(  251): threadLoop_sleepTime write muted data to hw
D/WindowManager( 1797): interceptKeyTq: result=1 keycode=20 screenIsOn=true keyguardActive=false policyFlags = #b000000 down =true canceled = false isWakeKey=false mVolumeDownKeyTriggered =false mVolumeUpKeyTriggered =false
D/WindowManager( 1797): interceptKeyTi keyCode=20 down=true repeatCount=0 keyguardOn=false mHomePressed=false canceled=false metaState:0
D/WindowManager( 1797): interceptKeyTq: result=1 keycode=20 screenIsOn=true keyguardActive=false policyFlags = #b000000 down =false canceled = false isWakeKey=false mVolumeDownKeyTriggered =false mVolumeUpKeyTriggered =false
D/WindowManager( 1797): interceptKeyTi keyCode=20 down=false repeatCount=0 keyguardOn=false mHomePressed=false canceled=false metaState:0
D/WindowManager( 1797): interceptKeyTq: result=1 keycode=217 screenIsOn=true keyguardActive=false policyFlags = #b000000 down =true canceled = false isWakeKey=false mVolumeDownKeyTriggered =false mVolumeUpKeyTriggered =false
D/WindowManager( 1797): interceptKeyTi keyCode=217 down=true repeatCount=0 keyguardOn=false mHomePressed=false canceled=false metaState:0
D/WindowManager( 1797): interceptKeyTq: result=1 keycode=217 screenIsOn=true keyguardActive=false policyFlags = #b000000 down =false canceled = false isWakeKey=false mVolumeDownKeyTriggered =false mVolumeUpKeyTriggered =false
D/WindowManager( 1797): interceptKeyTi keyCode=217 down=false repeatCount=0 keyguardOn=false mHomePressed=false canceled=false metaState:0
D/AudioFlinger_Thread(  251): threadLoop_sleepTime write muted data to hw
D/WindowManager( 1797): interceptKeyTq: result=1 keycode=20 screenIsOn=true keyguardActive=false policyFlags = #b000000 down =true canceled = false isWakeKey=false mVolumeDownKeyTriggered =false mVolumeUpKeyTriggered =false
D/WindowManager( 1797): interceptKeyTi keyCode=20 down=true repeatCount=0 keyguardOn=false mHomePressed=false canceled=false metaState:0
D/WindowManager( 1797): interceptKeyTq: result=1 keycode=20 screenIsOn=true keyguardActive=false policyFlags = #b000000 down =false canceled = false isWakeKey=false mVolumeDownKeyTriggered =false mVolumeUpKeyTriggered =false
D/WindowManager( 1797): interceptKeyTi keyCode=20 down=false repeatCount=0 keyguardOn=false mHomePressed=false canceled=false metaState:0
D/WindowManager( 1797): interceptKeyTq: result=1 keycode=19 screenIsOn=true keyguardActive=false policyFlags = #b000000 down =true canceled = false isWakeKey=false mVolumeDownKeyTriggered =false mVolumeUpKeyTriggered =false
D/WindowManager( 1797): interceptKeyTi keyCode=19 down=true repeatCount=0 keyguardOn=false mHomePressed=false canceled=false metaState:0
D/WindowManager( 1797): interceptKeyTq: result=1 keycode=19 screenIsOn=true keyguardActive=false policyFlags = #b000000 down =false canceled = false isWakeKey=false mVolumeDownKeyTriggered =false mVolumeUpKeyTriggered =false
D/WindowManager( 1797): interceptKeyTi keyCode=19 down=false repeatCount=0 keyguardOn=false mHomePressed=false canceled=false metaState:0
D/AudioFlinger_Thread(  251): threadLoop_sleepTime write muted data to hw
D/WindowManager( 1797): interceptKeyTq: result=1 keycode=19 screenIsOn=true keyguardActive=false policyFlags = #b000000 down =true canceled = false isWakeKey=false mVolumeDownKeyTriggered =false mVolumeUpKeyTriggered =false
D/WindowManager( 1797): interceptKeyTi keyCode=19 down=true repeatCount=0 keyguardOn=false mHomePressed=false canceled=false metaState:0
D/WindowManager( 1797): interceptKeyTq: result=1 keycode=19 screenIsOn=true keyguardActive=false policyFlags = #b000000 down =false canceled = false isWakeKey=false mVolumeDownKeyTriggered =false mVolumeUpKeyTriggered =false
D/WindowManager( 1797): interceptKeyTi keyCode=19 down=false repeatCount=0 keyguardOn=false mHomePressed=false canceled=false metaState:0
D/AudioFlinger_Thread(  251): threadLoop_sleepTime write muted data to hw
D/WindowManager( 1797): interceptKeyTq: result=1 keycode=22 screenIsOn=true keyguardActive=false policyFlags = #b000000 down =true canceled = false isWakeKey=false mVolumeDownKeyTriggered =false mVolumeUpKeyTriggered =false
D/WindowManager( 1797): interceptKeyTi keyCode=22 down=true repeatCount=0 keyguardOn=false mHomePressed=false canceled=false metaState:0
D/WindowManager( 1797): interceptKeyTq: result=1 keycode=22 screenIsOn=true keyguardActive=false policyFlags = #b000000 down =false canceled = false isWakeKey=false mVolumeDownKeyTriggered =false mVolumeUpKeyTriggered =false
D/WindowManager( 1797): interceptKeyTi keyCode=22 down=false repeatCount=0 keyguardOn=false mHomePressed=false canceled=false metaState:0
D/WindowManager( 1797): interceptKeyTq: result=1 keycode=21 screenIsOn=true keyguardActive=false policyFlags = #b000000 down =true canceled = false isWakeKey=false mVolumeDownKeyTriggered =false mVolumeUpKeyTriggered =false
D/WindowManager( 1797): interceptKeyTi keyCode=21 down=true repeatCount=0 keyguardOn=false mHomePressed=false canceled=false metaState:0
D/WindowManager( 1797): interceptKeyTq: result=1 keycode=21 screenIsOn=true keyguardActive=false policyFlags = #b000000 down =false canceled = false isWakeKey=false mVolumeDownKeyTriggered =false mVolumeUpKeyTriggered =false
D/WindowManager( 1797): interceptKeyTi keyCode=21 down=false repeatCount=0 keyguardOn=false mHomePressed=false canceled=false metaState:0
D/AudioFlinger_Thread(  251): threadLoop_sleepTime write muted data to hw
D/WindowManager( 1797): interceptKeyTq: result=1 keycode=20 screenIsOn=true keyguardActive=false policyFlags = #b000000 down =true canceled = false isWakeKey=false mVolumeDownKeyTriggered =false mVolumeUpKeyTriggered =false
D/WindowManager( 1797): interceptKeyTi keyCode=20 down=true repeatCount=0 keyguardOn=false mHomePressed=false canceled=false metaState:0
D/WindowManager( 1797): interceptKeyTq: result=1 keycode=20 screenIsOn=true keyguardActive=false policyFlags = #b000000 down =false canceled = false isWakeKey=false mVolumeDownKeyTriggered =false mVolumeUpKeyTriggered =false
D/WindowManager( 1797): interceptKeyTi keyCode=20 down=false repeatCount=0 keyguardOn=false mHomePressed=false canceled=false metaState:0
D/WindowManager( 1797): interceptKeyTq: result=1 keycode=20 screenIsOn=true keyguardActive=false policyFlags = #b000000 down =true canceled = false isWakeKey=false mVolumeDownKeyTriggered =false mVolumeUpKeyTriggered =false
D/WindowManager( 1797): interceptKeyTi keyCode=20 down=true repeatCount=0 keyguardOn=false mHomePressed=false canceled=false metaState:0
D/WindowManager( 1797): interceptKeyTq: result=1 keycode=20 screenIsOn=true keyguardActive=false policyFlags = #b000000 down =false canceled = false isWakeKey=false mVolumeDownKeyTriggered =false mVolumeUpKeyTriggered =false
D/WindowManager( 1797): interceptKeyTi keyCode=20 down=false repeatCount=0 keyguardOn=false mHomePressed=false canceled=false metaState:0
D/AudioFlinger_Thread(  251): threadLoop_sleepTime write muted data to hw
D/WindowManager( 1797): interceptKeyTq: result=1 keycode=20 screenIsOn=true keyguardActive=false policyFlags = #b000000 down =true canceled = false isWakeKey=false mVolumeDownKeyTriggered =false mVolumeUpKeyTriggered =false
D/WindowManager( 1797): interceptKeyTi keyCode=20 down=true repeatCount=0 keyguardOn=false mHomePressed=false canceled=false metaState:0
D/WindowManager( 1797): interceptKeyTq: result=1 keycode=20 screenIsOn=true keyguardActive=false policyFlags = #b000000 down =false canceled = false isWakeKey=false mVolumeDownKeyTriggered =false mVolumeUpKeyTriggered =false
D/WindowManager( 1797): interceptKeyTi keyCode=20 down=false repeatCount=0 keyguardOn=false mHomePressed=false canceled=false metaState:0
W/UnimplementedWebViewApi( 8420): Unimplemented WebView method onKeyMultiple called from: android.webkit.WebView.onKeyMultiple(WebView.java:2273)
W/UnimplementedWebViewApi( 8420): Unimplemented WebView method onKeyDown called from: android.webkit.WebView.onKeyDown(WebView.java:2263)
D/AudioFlinger_Thread(  251): threadLoop_sleepTime write muted data to hw
D/WindowManager( 1797): interceptKeyTq: result=1 keycode=20 screenIsOn=true keyguardActive=false policyFlags = #b000000 down =true canceled = false isWakeKey=false mVolumeDownKeyTriggered =false mVolumeUpKeyTriggered =false
D/WindowManager( 1797): interceptKeyTi keyCode=20 down=true repeatCount=0 keyguardOn=false mHomePressed=false canceled=false metaState:0
D/WindowManager( 1797): interceptKeyTq: result=1 keycode=20 screenIsOn=true keyguardActive=false policyFlags = #b000000 down =false canceled = false isWakeKey=false mVolumeDownKeyTriggered =false mVolumeUpKeyTriggered =false
D/WindowManager( 1797): interceptKeyTi keyCode=20 down=false repeatCount=0 keyguardOn=false mHomePressed=false canceled=false metaState:0
D/AudioFlinger_Thread(  251): threadLoop_sleepTime write muted data to hw
W/chromium( 8420): MotionEvent.ACTION_MOVE ignore!
D/WindowManager( 1797): interceptKeyTq: result=1 keycode=21 screenIsOn=true keyguardActive=false policyFlags = #b000000 down =true canceled = false isWakeKey=false mVolumeDownKeyTriggered =false mVolumeUpKeyTriggered =false
D/WindowManager( 1797): interceptKeyTi keyCode=21 down=true repeatCount=0 keyguardOn=false mHomePressed=false canceled=false metaState:0
D/WindowManager( 1797): interceptKeyTq: result=1 keycode=21 screenIsOn=true keyguardActive=false policyFlags = #b000000 down =false canceled = false isWakeKey=false mVolumeDownKeyTriggered =false mVolumeUpKeyTriggered =false
D/WindowManager( 1797): interceptKeyTi keyCode=21 down=false repeatCount=0 keyguardOn=false mHomePressed=false canceled=false metaState:0
V/Provider/Settings( 1797): get setting for user 0 by user 0 so skipping cache
V/Provider/Settings( 1797):  from settings cache , name = haptic_feedback_enabled , value = 1
V/Provider/Settings( 1797): get setting for user -2 by user 0 so skipping cache
V/Provider/Settings( 1797): get setting for user -2 by user 0 so skipping cache
V/Provider/Settings( 1797): from db cache, name = haptic_feedback_enabled , value = 1
I/Provider/Settings( 1797): call-query of user -2 by 0 so not updating cache
D/AppOps  ( 1797): startOperation: allowing code 3 uid 1000 package android
D/dalvikvm( 1797): create interp thread : stack size=128KB
D/dalvikvm( 1797): create new thread
D/dalvikvm( 1797): new thread created
D/dalvikvm( 1797): update thread list
D/dalvikvm( 1797): threadid=90: interp stack at 0x83d61000
D/dalvikvm( 1797): threadid=90: created from interp
D/dalvikvm( 1797): start new thread
D/dalvikvm( 1797): threadid=90: notify debugger
D/dalvikvm( 1797): threadid=90 (Thread-2480): calling run()
D/WindowManager( 1797): interceptKeyTq: result=1 keycode=82 screenIsOn=true keyguardActive=false policyFlags = #b000000 down =true canceled = false isWakeKey=false mVolumeDownKeyTriggered =false mVolumeUpKeyTriggered =false
D/WindowManager( 1797): interceptKeyTi keyCode=82 down=true repeatCount=0 keyguardOn=false mHomePressed=false canceled=false metaState:0
I/View    ( 8420): Key down dispatch to <url=dist/index.html>;<hashcode=1121862040>, event = KeyEvent { action=ACTION_DOWN, hashcode=android.view.KeyEvent@439535c0, keyCode=KEYCODE_MENU, scanCode=0, metaState=0, flags=0x8, repeatCount=0, eventTime=9440883, downTime=9440883, deviceId=-1, source=0x101 }
D/AudioFlinger_Thread(  251): threadLoop_sleepTime write muted data to hw
D/WindowManager( 1797): interceptKeyTq: result=1 keycode=82 screenIsOn=true keyguardActive=false policyFlags = #b000000 down =false canceled = false isWakeKey=false mVolumeDownKeyTriggered =false mVolumeUpKeyTriggered =false
W/UnimplementedWebViewApi( 8420): Unimplemented WebView method onKeyDown called from: android.webkit.WebView.onKeyDown(WebView.java:2263)
D/WindowManager( 1797): interceptKeyTi keyCode=82 down=false repeatCount=0 keyguardOn=false mHomePressed=false canceled=false metaState:0
D/WindowManager( 1797): interceptKeyTq: result=1 keycode=20 screenIsOn=true keyguardActive=false policyFlags = #b000000 down =true canceled = false isWakeKey=false mVolumeDownKeyTriggered =false mVolumeUpKeyTriggered =false
D/WindowManager( 1797): interceptKeyTi keyCode=20 down=true repeatCount=0 keyguardOn=false mHomePressed=false canceled=false metaState:0
D/AudioFlinger_Thread(  251): threadLoop_sleepTime write muted data to hw
D/WindowManager( 1797): interceptKeyTq: result=1 keycode=20 screenIsOn=true keyguardActive=false policyFlags = #b000000 down =false canceled = false isWakeKey=false mVolumeDownKeyTriggered =false mVolumeUpKeyTriggered =false
D/WindowManager( 1797): interceptKeyTi keyCode=20 down=false repeatCount=0 keyguardOn=false mHomePressed=false canceled=false metaState:0
D/WindowManager( 1797): interceptKeyTq: result=1 keycode=20 screenIsOn=true keyguardActive=false policyFlags = #b000000 down =true canceled = false isWakeKey=false mVolumeDownKeyTriggered =false mVolumeUpKeyTriggered =false
D/WindowManager( 1797): interceptKeyTi keyCode=20 down=true repeatCount=0 keyguardOn=false mHomePressed=false canceled=false metaState:0
D/WindowManager( 1797): interceptKeyTq: result=1 keycode=20 screenIsOn=true keyguardActive=false policyFlags = #b000000 down =false canceled = false isWakeKey=false mVolumeDownKeyTriggered =false mVolumeUpKeyTriggered =false
D/WindowManager( 1797): interceptKeyTi keyCode=20 down=false repeatCount=0 keyguardOn=false mHomePressed=false canceled=false metaState:0
D/AudioFlinger_Thread(  251): threadLoop_sleepTime write muted data to hw
D/dalvikvm( 1797): threadid=90: exiting
D/dalvikvm( 1797): threadid=90: bye!
I/ActivityManager( 1797): START u0 {act=android.intent.action.MAIN cat=[android.intent.category.LAUNCHER] flg=0x10200000 cmp=com.sixty.nidoneClient/.view.activity.SDK_WebApp} from pid 24346
E/ActivityManager( 1797): START {act=android.intent.action.MAIN cat=[android.intent.category.LAUNCHER] flg=0x10200000 cmp=com.sixty.nidoneClient/.view.activity.SDK_WebApp u=0} from pid 24346
D/ActivityManager( 1797): ACT-moveHomeTask toFront : false homeInFront = false
D/ActivityManager( 1797): launchFlags = 10200000, launchMode = 2, realActivity = ComponentInfo{com.sixty.nidoneClient/com.sixty.nidoneClient.view.activity.SDK_WebApp}, task.realActivity = ComponentInfo{com.sixty.nidoneClient/com.sixty.nidoneClient.view.activity.SDK_WebApp}
D/AudioFlinger_Thread(  251): threadLoop_sleepTime write muted data to hw
I/ActivityManager( 1797): topActivity.packageName = com.sixty.nidoneClient
I/ouyang100( 8420):     Activity onPause^^^^^^^^^^^^^^com.sixty.nidoneClient
I/System.out( 8420): [CDS]close[13131]
D/WebView ( 8420): evaluateJavascript=javascript:(function(){if(!((window.__html5plus__&&__html5plus__.isReady)?__html5plus__:(navigator.plus&&navigator.plus.isReady)?navigator.plus:window.plus)){window.__load__plus__&&window.__load__plus__();}var e = document.createEvent('HTMLEvents');var evt = 'pause';e.initEvent(evt, false, true);/*console.log('dispatch ' + evt + ' event');*/document.dispatchEvent(e);})();
V/websync ( 8420): *** WebSyncManager stopSync ***, Ref count:1
I/System.out( 8420): close [socket][/0.0.0.0:-1]
W/System.err( 8420): java.net.SocketException: Socket closed
D/WebView ( 8420): evaluateJavascript=javascript:try{if(((window.__html5plus__&&__html5plus__.isReady)?__html5plus__:(navigator.plus&&navigator.plus.isReady)?navigator.plus:window.plus).runtime){((window.__html5plus__&&__html5plus__.isReady)?__html5plus__:(navigator.plus&&navigator.plus.isReady)?navigator.plus:window.plus).runtime.arguments = "";}}catch(e){};if(((window.__html5plus__&&__html5plus__.isReady)?__html5plus__:(navigator.plus&&navigator.plus.isReady)?navigator.plus:window.plus).runtime){((window.__html5plus__&&__html5plus__.isReady)?__html5plus__:(navigator.plus&&navigator.plus.isReady)?navigator.plus:window.plus).runtime.launcher = 'default';}if(((window.__html5plus__&&__html5plus__.isReady)?__html5plus__:(navigator.plus&&navigator.plus.isReady)?navigator.plus:window.plus).runtime){((window.__html5plus__&&__html5plus__.isReady)?__html5plus__:(navigator.plus&&navigator.plus.isReady)?navigator.plus:window.plus).runtime.origin = 'default';}javascript:(function(){if(!((window.__html5plus__&&__html5plus__.isReady)?__html5plus__:(navigator.plus&&navigator.plus.isReady)?navigator.plus:window.plus)){window.__load__plus__&&window.__load__plus__();}var e = document.createEvent('HTMLEvents');var evt = 'newintent';e.initEvent(evt, false, true);/*console.log('dispatch ' + evt + ' event');*/document.dispatchEvent(e);})();
W/System.err( 8420): 	at libcore.io.Posix.accept(Native Method)
W/System.err( 8420): 	at libcore.io.BlockGuardOs.accept(BlockGuardOs.java:55)
W/System.err( 8420): 	at java.net.PlainSocketImpl.accept(PlainSocketImpl.java:98)
W/System.err( 8420): 	at java.net.ServerSocket.implAccept(ServerSocket.java:203)
W/System.err( 8420): 	at java.net.ServerSocket.accept(ServerSocket.java:128)
I/ouyang100( 8420):     Activity onResume^^^^^^^^^^^^^^com.sixty.nidoneClient
W/System.err( 8420): 	at io.dcloud.common.util.net.http.LocalServer.run(LocalServer.java:62)
W/System.err( 8420): 	at java.lang.Thread.run(Thread.java:848)
D/dalvikvm( 8420): threadid=20: exiting
D/dalvikvm( 8420): threadid=20: bye!
I/System.out( 8420): tcp port:13131
I/System.out( 8420): io.dcloud.common.util.net.http.LocalServer.<init>(LocalServer.java:26)
D/dalvikvm( 8420): create interp thread : stack size=128KB
D/dalvikvm( 8420): create new thread
D/dalvikvm( 8420): new thread created
D/dalvikvm( 8420): update thread list
D/dalvikvm( 8420): threadid=20: interp stack at 0x81bd0000
D/dalvikvm( 8420): threadid=20: created from interp
D/dalvikvm( 8420): start new thread
D/dalvikvm( 8420): threadid=20: notify debugger
D/dalvikvm( 8420): threadid=20 (Thread-955): calling run()
D/WebView ( 8420): evaluateJavascript=javascript:(function(){if(!((window.__html5plus__&&__html5plus__.isReady)?__html5plus__:(navigator.plus&&navigator.plus.isReady)?navigator.plus:window.plus)){window.__load__plus__&&window.__load__plus__();}var e = document.createEvent('HTMLEvents');var evt = 'resume';e.initEvent(evt, false, true);/*console.log('dispatch ' + evt + ' event');*/document.dispatchEvent(e);})();
V/websync ( 8420): ***  WebSyncManager startSync ***, Ref count:0
D/ActivityThread( 8420): ACT-NEW_INTENT handled : 0 / NewIntentData{intents=[Intent { act=android.intent.action.MAIN cat=[android.intent.category.LAUNCHER] flg=0x10200000 cmp=com.sixty.nidoneClient/.view.activity.SDK_WebApp }] token=android.os.BinderProxy@439ee040}
W/chromium( 8420): MotionEvent.ACTION_MOVE ignore!
D/WindowManager( 1797): interceptKeyTq: result=1 keycode=19 screenIsOn=true keyguardActive=false policyFlags = #b000000 down =true canceled = false isWakeKey=false mVolumeDownKeyTriggered =false mVolumeUpKeyTriggered =false
D/WindowManager( 1797): interceptKeyTi keyCode=19 down=true repeatCount=0 keyguardOn=false mHomePressed=false canceled=false metaState:0
D/WindowManager( 1797): interceptKeyTq: result=1 keycode=19 screenIsOn=true keyguardActive=false policyFlags = #b000000 down =false canceled = false isWakeKey=false mVolumeDownKeyTriggered =false mVolumeUpKeyTriggered =false
D/WindowManager( 1797): interceptKeyTi keyCode=19 down=false repeatCount=0 keyguardOn=false mHomePressed=false canceled=false metaState:0
D/AudioFlinger_Thread(  251): threadLoop_sleepTime write muted data to hw
D/WindowManager( 1797): interceptKeyTq: result=1 keycode=23 screenIsOn=true keyguardActive=false policyFlags = #b000000 down =true canceled = false isWakeKey=false mVolumeDownKeyTriggered =false mVolumeUpKeyTriggered =false
D/WindowManager( 1797): interceptKeyTi keyCode=23 down=true repeatCount=0 keyguardOn=false mHomePressed=false canceled=false metaState:0
D/WindowManager( 1797): interceptKeyTq: result=1 keycode=23 screenIsOn=true keyguardActive=false policyFlags = #b000000 down =false canceled = false isWakeKey=false mVolumeDownKeyTriggered =false mVolumeUpKeyTriggered =false
D/WindowManager( 1797): interceptKeyTi keyCode=23 down=false repeatCount=0 keyguardOn=false mHomePressed=false canceled=false metaState:0
D/AudioFlinger_Thread(  251): threadLoop_sleepTime write muted data to hw
D/AudioFlinger_Thread(  251): threadLoop_sleepTime write muted data to hw
D/WindowManager( 1797): interceptKeyTq: result=1 keycode=20 screenIsOn=true keyguardActive=false policyFlags = #b000000 down =true canceled = false isWakeKey=false mVolumeDownKeyTriggered =false mVolumeUpKeyTriggered =false
D/WindowManager( 1797): interceptKeyTi keyCode=20 down=true repeatCount=0 keyguardOn=false mHomePressed=false canceled=false metaState:0
W/UnimplementedWebViewApi( 8420): Unimplemented WebView method onKeyMultiple called from: android.webkit.WebView.onKeyMultiple(WebView.java:2273)
W/UnimplementedWebViewApi( 8420): Unimplemented WebView method onKeyDown called from: android.webkit.WebView.onKeyDown(WebView.java:2263)
D/AudioFlinger_Thread(  251): threadLoop_sleepTime write muted data to hw
D/WindowManager( 1797): interceptKeyTq: result=1 keycode=20 screenIsOn=true keyguardActive=false policyFlags = #b000000 down =false canceled = false isWakeKey=false mVolumeDownKeyTriggered =false mVolumeUpKeyTriggered =false
D/WindowManager( 1797): interceptKeyTi keyCode=20 down=false repeatCount=0 keyguardOn=false mHomePressed=false canceled=false metaState:0
D/WindowManager( 1797): interceptKeyTq: result=1 keycode=114 screenIsOn=true keyguardActive=false policyFlags = #b000000 down =true canceled = false isWakeKey=false mVolumeDownKeyTriggered =false mVolumeUpKeyTriggered =false
D/WindowManager( 1797): interceptKeyTi keyCode=114 down=true repeatCount=0 keyguardOn=false mHomePressed=false canceled=false metaState:0
D/WindowManager( 1797): interceptKeyTq: result=1 keycode=114 screenIsOn=true keyguardActive=false policyFlags = #b000000 down =false canceled = false isWakeKey=false mVolumeDownKeyTriggered =false mVolumeUpKeyTriggered =false
D/WindowManager( 1797): interceptKeyTi keyCode=114 down=false repeatCount=0 keyguardOn=false mHomePressed=false canceled=false metaState:0
D/AudioFlinger_Thread(  251): threadLoop_sleepTime write muted data to hw
W/UnimplementedWebViewApi( 8420): Unimplemented WebView method onKeyMultiple called from: android.webkit.WebView.onKeyMultiple(WebView.java:2273)
W/UnimplementedWebViewApi( 8420): Unimplemented WebView method onKeyDown called from: android.webkit.WebView.onKeyDown(WebView.java:2263)
D/AudioFlinger_Thread(  251): threadLoop_sleepTime write muted data to hw
D/WindowManager( 1797): interceptKeyTq: result=1 keycode=20 screenIsOn=true keyguardActive=false policyFlags = #b000000 down =true canceled = false isWakeKey=false mVolumeDownKeyTriggered =false mVolumeUpKeyTriggered =false
D/WindowManager( 1797): interceptKeyTi keyCode=20 down=true repeatCount=0 keyguardOn=false mHomePressed=false canceled=false metaState:0
D/AudioFlinger_Thread(  251): threadLoop_sleepTime write muted data to hw
D/WindowManager( 1797): interceptKeyTq: result=1 keycode=20 screenIsOn=true keyguardActive=false policyFlags = #b000000 down =false canceled = false isWakeKey=false mVolumeDownKeyTriggered =false mVolumeUpKeyTriggered =false
D/PhoneInterfaceManagerEx( 4362): [PhoneIntfMgrEx] hasIccCard  simId=0
W/UnimplementedWebViewApi( 8420): Unimplemented WebView method onKeyMultiple called from: android.webkit.WebView.onKeyMultiple(WebView.java:2273)
D/WindowManager( 1797): interceptKeyTi keyCode=20 down=false repeatCount=0 keyguardOn=false mHomePressed=false canceled=false metaState:0
W/UnimplementedWebViewApi( 8420): Unimplemented WebView method onKeyDown called from: android.webkit.WebView.onKeyDown(WebView.java:2263)
D/PhoneInterfaceManagerEx( 4362): [PhoneIntfMgrEx] hasIccCard  simId=1
D/WindowManager( 1797): interceptKeyTq: result=1 keycode=209 screenIsOn=true keyguardActive=false policyFlags = #b000000 down =true canceled = false isWakeKey=false mVolumeDownKeyTriggered =false mVolumeUpKeyTriggered =false
D/WindowManager( 1797): interceptKeyTi keyCode=209 down=true repeatCount=0 keyguardOn=false mHomePressed=false canceled=false metaState:0
I/ActivityManager( 1797): START u0 {act=android.intent.action.MAIN cat=[android.intent.category.LAUNCHER] flg=0x10000000 sel={act=android.intent.action.MAIN cat=[android.intent.category.APP_MUSIC]}} from pid 1797
E/ActivityManager( 1797): START {act=android.intent.action.MAIN cat=[android.intent.category.LAUNCHER] flg=0x10000000 sel={act=android.intent.action.MAIN cat=[android.intent.category.APP_MUSIC]} u=0} from pid 1797
D/WindowManager( 1797): interceptKeyTq: result=1 keycode=209 screenIsOn=true keyguardActive=false policyFlags = #b000000 down =false canceled = false isWakeKey=false mVolumeDownKeyTriggered =false mVolumeUpKeyTriggered =false
D/WindowManager( 1797): interceptKeyTi keyCode=209 down=false repeatCount=0 keyguardOn=false mHomePressed=false canceled=false metaState:0
D/AudioFlinger_Thread(  251): threadLoop_sleepTime write muted data to hw
D/Provider/Settings( 1797): put string name = user_rotation , value = 0 userHandle = -2
D/AppOps  ( 1797): noteOperation: allowing code 23 uid 1000 package android
D/Provider/Settings( 1797): put string name = accelerometer_rotation , value = 0 userHandle = -2
D/AppOps  ( 1797): noteOperation: allowing code 23 uid 1000 package android
W/UnimplementedWebViewApi( 8420): Unimplemented WebView method onKeyMultiple called from: android.webkit.WebView.onKeyMultiple(WebView.java:2273)
W/UnimplementedWebViewApi( 8420): Unimplemented WebView method onKeyDown called from: android.webkit.WebView.onKeyDown(WebView.java:2263)
V/Provider/Settings( 1797): get setting for user -2 by user 0 so skipping cache
V/Provider/Settings(16584): get setting for user 0 by user 0 so skipping cache
V/Provider/Settings(16584): invalidate [system]: current 208 != cached 207
V/Provider/Settings( 1797): get setting for user -2 by user 0 so skipping cache
V/Provider/Settings(16329): get setting for user 0 by user 0 so skipping cache
V/Provider/Settings( 1797): from db cache, name = end_button_behavior , value = null
I/Provider/Settings( 1797): call-query of user -2 by 0 so not updating cache
V/Provider/Settings(16329): invalidate [system]: current 208 != cached 207
V/Provider/Settings( 1797): get setting for user -2 by user 0 so skipping cache
V/Provider/Settings( 1797): get setting for user -2 by user 0 so skipping cache
V/Provider/Settings( 1797): from db cache, name = incall_power_button_behavior , value = null
I/Provider/Settings( 1797): call-query of user -2 by 0 so not updating cache
V/Provider/Settings( 1797): get setting for user -2 by user 0 so skipping cache
V/Provider/Settings( 1797): get setting for user -2 by user 0 so skipping cache
V/Provider/Settings( 1797): from db cache, name = user_rotation , value = 0
I/Provider/Settings( 1797): call-query of user -2 by 0 so not updating cache
V/Provider/Settings(16584): from db cache, name = auto_caps , value = null
V/Provider/Settings( 1797): get setting for user -2 by user 0 so skipping cache
V/Provider/Settings( 1797): get setting for user -2 by user 0 so skipping cache
V/Provider/Settings(16584): get setting for user 0 by user 0 so skipping cache
V/Provider/Settings( 1797): from db cache, name = accelerometer_rotation , value = 0
I/Provider/Settings( 1797): call-query of user -2 by 0 so not updating cache
V/Provider/Settings( 1797): get setting for user -2 by user 0 so skipping cache
V/Provider/Settings( 1797): get setting for user -2 by user 0 so skipping cache
V/Provider/Settings(16329): from db cache, name = auto_caps , value = null
V/Provider/Settings( 1797): from db cache, name = pointer_location , value = null
V/Provider/Settings(16329): get setting for user 0 by user 0 so skipping cache
I/Provider/Settings( 1797): call-query of user -2 by 0 so not updating cache
V/Provider/Settings( 1797): get setting for user -2 by user 0 so skipping cache
V/Provider/Settings( 1797): get setting for user -2 by user 0 so skipping cache
V/Provider/Settings( 1797): from db cache, name = screen_off_timeout , value = 1800000
I/Provider/Settings( 1797): call-query of user -2 by 0 so not updating cache
V/Provider/Settings( 4701): get setting for user 0 by user 0 so skipping cache
V/Provider/Settings( 1797): get setting for user -2 by user 0 so skipping cache
V/Provider/Settings( 1797): get setting for user -2 by user 0 so skipping cache
V/Provider/Settings( 1797): from db cache, name = default_input_method , value = com.sohu.inputmethod.sogouoem/.SogouIME
V/Provider/Settings(16329): from db cache, name = auto_replace , value = null
I/Provider/Settings( 1797): call-query of user -2 by 0 so not updating cache
V/Provider/Settings(16584): from db cache, name = auto_replace , value = null
V/Provider/Settings( 1797): get setting for user -2 by user 0 so skipping cache
V/Provider/Settings(16329): get setting for user 0 by user 0 so skipping cache
V/Provider/Settings( 1797): get setting for user -2 by user 0 so skipping cache
V/Provider/Settings(16584): get setting for user 0 by user 0 so skipping cache
V/Provider/Settings( 1797): from db cache, name = immersive_mode_confirmations , value = null
I/Provider/Settings( 1797): call-query of user -2 by 0 so not updating cache
V/Provider/Settings(16329): from db cache, name = auto_punctuate , value = null
V/Provider/Settings(16329): get setting for user 0 by user 0 so skipping cache
V/Provider/Settings( 4701): invalidate [system]: current 208 != cached 207
V/Provider/Settings(16584): from db cache, name = auto_punctuate , value = null
V/Provider/Settings(16584): get setting for user 0 by user 0 so skipping cache
V/Provider/Settings(16329): from db cache, name = show_password , value = null
V/Provider/Settings( 4701): from db cache, name = auto_caps , value = null
V/Provider/Settings(16584): from db cache, name = show_password , value = null
V/Provider/Settings( 4701): get setting for user 0 by user 0 so skipping cache
V/Provider/Settings( 4701): from db cache, name = auto_replace , value = null
V/Provider/Settings( 4701): get setting for user 0 by user 0 so skipping cache
V/Provider/Settings( 4701): from db cache, name = auto_punctuate , value = null
V/Provider/Settings( 4701): get setting for user 0 by user 0 so skipping cache
D/AudioFlinger_Thread(  251): threadLoop_sleepTime write muted data to hw
V/Provider/Settings( 4701): from db cache, name = show_password , value = null
