D/wpa_supplicant( 4131): nl80211: survey data missing!
D/wpa_supplicant( 4131): signal poll, reply_len=48
D/wpa_ctrl( 1797): reply_len=4095
D/WifiHW  ( 1797): leave --> reply=RSSI=-40
D/WifiHW  ( 1797): LINKSPEED=65
D/WifiHW  ( 1797): NOISE=9999
D/WifiHW  ( 1797): FREQUENCY=2412
D/WifiHW  ( 1797): 
D/wifi    ( 1797): doStringCommand, buf IFNAME=wlan0 SIGNAL_POLL
I/WifiStateMachine( 1797): fetchRssiAndLinkSpeedNative, newRssi:-40, newLinkSpeed:65, SSID:"60_dev_01"
D/WifiStateMachine( 1797): mRssiArray[0] = -42
D/WifiStateMachine( 1797): mRssiArray[1] = -42
D/WifiStateMachine( 1797): mRssiArray[2] = -38
D/WifiStateMachine( 1797): mRssiArray[3] = -42
D/WifiStateMachine( 1797): mRssiArray[4] = -42
D/WifiStateMachine( 1797): GetFilterRssi is : -40
D/WifiStateMachine( 1797): mLastSignalLevel:4, newSignalLevel:4
D/WifiStateMachine( 1797): fetchRssiAndLinkSpeedNative, ipAddr:2013270188
D/dalvikvm( 4701): create interp thread : stack size=128KB
D/dalvikvm( 4701): create new thread
D/dalvikvm( 4701): new thread created
D/dalvikvm( 4701): update thread list
D/dalvikvm( 4701): threadid=28: interp stack at 0x7c3fb000
D/dalvikvm( 4701): threadid=28: created from interp
D/dalvikvm( 4701): start new thread
D/dalvikvm( 4701): threadid=28: notify debugger
D/dalvikvm( 4701): threadid=28 (Thread-2048): calling run()
I/KSO_STAT( 4701): App is in background, stop update end time, ready to start a new session.
D/SQLiteDatabase( 4701): beginTransaction()
D/SQLiteDatabase( 4701): endTransaction()
D/dalvikvm( 4701): threadid=28: exiting
D/dalvikvm( 4701): threadid=28: bye!
D/PhoneInterfaceManagerEx( 4362): [PhoneIntfMgrEx] hasIccCard  simId=0
D/PhoneInterfaceManagerEx( 4362): [PhoneIntfMgrEx] hasIccCard  simId=1
D/BatteryService( 1797): mBatteryVoltage=3941, batteryLevel=50
V/ActivityManager( 1797): Broadcast sticky: Intent { act=android.intent.action.ADDITIONAL_BATTERY_CHANGED flg=0x60000010 (has extras) } ordered=false userid=-1 callerApp=null
V/ActivityManager( 1797): Broadcast sticky: Intent { act=android.intent.action.BATTERY_CHANGED flg=0x60000010 (has extras) } ordered=false userid=-1 callerApp=null
D/HeadsetStateMachine( 6191): Disconnected process message: 10
D/PowerSaveService( 4528): Power Statistic --- 61, true, 119429, 4, 1514368027113
D/WifiService( 1797): onReceive, action:android.intent.action.BATTERY_CHANGED
D/UsbDeviceManager( 1797): onReceive - BATTERY_CHANGED - mPlugType: 2, mSettingUsbCharging: false, mConnected: true, mSettingUsbBicr: false
D/WifiController( 1797): DeviceActiveState{ when=0 what=155652 arg1=2 target=com.android.internal.util.StateMachine$SmHandler target=Handler (com.android.internal.util.StateMachine$SmHandler) {432227a8} }
D/WifiController( 1797): StaEnabledState{ when=0 what=155652 arg1=2 target=com.android.internal.util.StateMachine$SmHandler target=Handler (com.android.internal.util.StateMachine$SmHandler) {432227a8} }
D/WifiController( 1797): DefaultState{ when=0 what=155652 arg1=2 target=com.android.internal.util.StateMachine$SmHandler target=Handler (com.android.internal.util.StateMachine$SmHandler) {432227a8} }
D/WifiController( 1797): battery changed pluggedType: 2
V/ActivityManager( 1797): Broadcast sticky: Intent { act=android.intent.action.ADDITIONAL_BATTERY_CHANGED flg=0x60000010 (has extras) } ordered=false userid=-1 callerApp=null
V/ActivityManager( 1797): Broadcast sticky: Intent { act=android.intent.action.ADDITIONAL_BATTERY_CHANGED flg=0x60000010 (has extras) } ordered=false userid=-1 callerApp=null
D/PowerSaveService( 4528): PowerSaveService send: ACTION_BATTERY_LEVEL_CHANGE.
W/ContextImpl( 4528): Calling a method in the system process without a qualified user: android.app.ContextImpl.sendBroadcast:1345 android.content.ContextWrapper.sendBroadcast:365 com.color.safecenterservices.PowerSaveService.sendLevelChange:158 com.color.safecenterservices.PowerSaveService.access$2400:27 com.color.safecenterservices.PowerSaveService$PowerSaveReceiver.onReceive:252 
V/ActivityManager( 1797): Broadcast: Intent { act=com.color.powermanager.battery_level_change flg=0x10 (has extras) } ordered=false userid=0 callerApp=ProcessRecord{4314b7f8 4528:com.color.safecenter/1000}
D/PowerSaveService( 4528): PowerSaveReceiver EXTRA_STATUS: status = 2, lastCharging = true
D/ActivityThread( 4528): BDC-Calling onReceive: intent=Intent { act=com.color.powermanager.battery_level_change flg=0x10 cmp=com.color.safecenter/.status.SafeStatusReceiver (has extras) }, ordered=true, receiver=com.color.safecenter.status.SafeStatusReceiver@42d5fac0
E/SafeCenter.SafeStatusManager( 4528): cancel original bit status already canceled!!!
E/SafeCenter.SafeStatusManager( 4528): cancel original bit status already canceled!!!
D/ActivityThread( 4528): BDC-RECEIVER handled : 0 / ReceiverData{intent=Intent { act=com.color.powermanager.battery_level_change flg=0x10 cmp=com.color.safecenter/.status.SafeStatusReceiver (has extras) } packageName=com.color.safecenter resultCode=-1 resultData=null resultExtras=null}
V/ActivityManager( 1797): Broadcast sticky: Intent { act=android.intent.action.SIG_STR flg=0x10 (has extras) } ordered=false userid=-1 callerApp=ProcessRecord{42767e10 1797:system/1000}
D/cell strength( 4291): ===== cell singal strength changed : 18
I/uSDK    ( 8420): [CAE][D][2017-12-27 17:47:08.623887][cae_softap_user_task:730][buffer fd or timeout ]
I/uSDK    ( 8420): [CAE][D][2017-12-27 17:47:08.623927][cae_su_read_buffer_to_send:630][count[0]***]
I/uSDK    ( 8420): [CAE][D][2017-12-27 17:47:08.623942][su_ctx_fd_set:692][MAX fd[-1]]
D/WifiStateMachine( 1797): ConnectedState{ when=-3ms what=131155 arg1=6 target=com.android.internal.util.StateMachine$SmHandler target=Handler (com.android.internal.util.StateMachine$SmHandler) {4317edc0} }
D/WifiStateMachine( 1797): L2ConnectedState{ when=-3ms what=131155 arg1=6 target=com.android.internal.util.StateMachine$SmHandler target=Handler (com.android.internal.util.StateMachine$SmHandler) {4317edc0} }
D/WifiHW  ( 1797): enter -->wifi_send_command cmd=IFNAME=wlan0 SIGNAL_POLL
D/wpa_supplicant( 4131): RX ctrl_iface - hexdump(len=11): 53 49 47 4e 41 4c 5f 50 4f 4c 4c
D/wpa_supplicant( 4131): wlan0: Control interface command 'SIGNAL_POLL'
D/wpa_supplicant( 4131): nl80211: survey data missing!
D/wpa_supplicant( 4131): signal poll, reply_len=48
D/wpa_ctrl( 1797): reply_len=4095
D/WifiHW  ( 1797): leave --> reply=RSSI=-40
D/WifiHW  ( 1797): LINKSPEED=65
D/WifiHW  ( 1797): NOISE=9999
D/WifiHW  ( 1797): FREQUENCY=2412
D/WifiHW  ( 1797): 
D/wifi    ( 1797): doStringCommand, buf IFNAME=wlan0 SIGNAL_POLL
I/WifiStateMachine( 1797): fetchRssiAndLinkSpeedNative, newRssi:-40, newLinkSpeed:65, SSID:"60_dev_01"
D/WifiStateMachine( 1797): mRssiArray[0] = -42
D/WifiStateMachine( 1797): mRssiArray[1] = -42
D/WifiStateMachine( 1797): mRssiArray[2] = -40
D/WifiStateMachine( 1797): mRssiArray[3] = -42
D/WifiStateMachine( 1797): mRssiArray[4] = -42
D/WifiStateMachine( 1797): GetFilterRssi is : -40
D/WifiStateMachine( 1797): mLastSignalLevel:4, newSignalLevel:4
D/WifiStateMachine( 1797): fetchRssiAndLinkSpeedNative, ipAddr:2013270188
D/dalvikvm( 4701): create interp thread : stack size=128KB
D/dalvikvm( 4701): create new thread
D/dalvikvm( 4701): new thread created
D/dalvikvm( 4701): update thread list
D/dalvikvm( 4701): threadid=28: interp stack at 0x7c3fb000
D/dalvikvm( 4701): threadid=28: created from interp
D/dalvikvm( 4701): start new thread
D/dalvikvm( 4701): threadid=28: notify debugger
D/dalvikvm( 4701): threadid=28 (Thread-2049): calling run()
I/KSO_STAT( 4701): App is in background, stop update end time, ready to start a new session.
D/SQLiteDatabase( 4701): beginTransaction()
D/SQLiteDatabase( 4701): endTransaction()
D/dalvikvm( 4701): threadid=28: exiting
D/dalvikvm( 4701): threadid=28: bye!
D/BatteryService( 1797): mBatteryVoltage=3943, batteryLevel=50
V/ActivityManager( 1797): Broadcast sticky: Intent { act=android.intent.action.ADDITIONAL_BATTERY_CHANGED flg=0x60000010 (has extras) } ordered=false userid=-1 callerApp=null
V/ActivityManager( 1797): Broadcast sticky: Intent { act=android.intent.action.BATTERY_CHANGED flg=0x60000010 (has extras) } ordered=false userid=-1 callerApp=null
D/WifiService( 1797): onReceive, action:android.intent.action.BATTERY_CHANGED
D/UsbDeviceManager( 1797): onReceive - BATTERY_CHANGED - mPlugType: 2, mSettingUsbCharging: false, mConnected: true, mSettingUsbBicr: false
V/ActivityManager( 1797): Broadcast sticky: Intent { act=android.intent.action.ADDITIONAL_BATTERY_CHANGED flg=0x60000010 (has extras) } ordered=false userid=-1 callerApp=null
D/WifiController( 1797): DeviceActiveState{ when=-1ms what=155652 arg1=2 target=com.android.internal.util.StateMachine$SmHandler target=Handler (com.android.internal.util.StateMachine$SmHandler) {432227a8} }
D/WifiController( 1797): StaEnabledState{ when=-2ms what=155652 arg1=2 target=com.android.internal.util.StateMachine$SmHandler target=Handler (com.android.internal.util.StateMachine$SmHandler) {432227a8} }
D/WifiController( 1797): DefaultState{ when=-2ms what=155652 arg1=2 target=com.android.internal.util.StateMachine$SmHandler target=Handler (com.android.internal.util.StateMachine$SmHandler) {432227a8} }
D/WifiController( 1797): battery changed pluggedType: 2
V/ActivityManager( 1797): Broadcast sticky: Intent { act=android.intent.action.ADDITIONAL_BATTERY_CHANGED flg=0x60000010 (has extras) } ordered=false userid=-1 callerApp=null
D/HeadsetStateMachine( 6191): Disconnected process message: 10
D/PowerSaveService( 4528): PowerSaveReceiver EXTRA_STATUS: status = 2, lastCharging = true
D/WifiStateMachine( 1797): ConnectedState{ when=-3ms what=131155 arg1=6 target=com.android.internal.util.StateMachine$SmHandler target=Handler (com.android.internal.util.StateMachine$SmHandler) {4317edc0} }
D/WifiStateMachine( 1797): L2ConnectedState{ when=-3ms what=131155 arg1=6 target=com.android.internal.util.StateMachine$SmHandler target=Handler (com.android.internal.util.StateMachine$SmHandler) {4317edc0} }
D/WifiHW  ( 1797): enter -->wifi_send_command cmd=IFNAME=wlan0 SIGNAL_POLL
D/wpa_supplicant( 4131): RX ctrl_iface - hexdump(len=11): 53 49 47 4e 41 4c 5f 50 4f 4c 4c
D/wpa_supplicant( 4131): wlan0: Control interface command 'SIGNAL_POLL'
D/wpa_supplicant( 4131): nl80211: survey data missing!
D/wpa_supplicant( 4131): signal poll, reply_len=48
D/wpa_ctrl( 1797): reply_len=4095
D/WifiHW  ( 1797): leave --> reply=RSSI=-42
D/WifiHW  ( 1797): LINKSPEED=65
D/WifiHW  ( 1797): NOISE=9999
D/WifiHW  ( 1797): FREQUENCY=2412
D/WifiHW  ( 1797): 
D/wifi    ( 1797): doStringCommand, buf IFNAME=wlan0 SIGNAL_POLL
I/WifiStateMachine( 1797): fetchRssiAndLinkSpeedNative, newRssi:-42, newLinkSpeed:65, SSID:"60_dev_01"
D/WifiStateMachine( 1797): mRssiArray[0] = -42
D/WifiStateMachine( 1797): mRssiArray[1] = -42
D/WifiStateMachine( 1797): mRssiArray[2] = -40
D/WifiStateMachine( 1797): mRssiArray[3] = -40
D/WifiStateMachine( 1797): mRssiArray[4] = -42
D/WifiStateMachine( 1797): GetFilterRssi is : -41
D/WifiStateMachine( 1797): mLastSignalLevel:4, newSignalLevel:4
D/WifiStateMachine( 1797): fetchRssiAndLinkSpeedNative, ipAddr:2013270188
I/uSDK    ( 8420): [CAE][D][2017-12-27 17:47:13.647338][cae_softap_user_task:730][buffer fd or timeout ]
I/uSDK    ( 8420): [CAE][D][2017-12-27 17:47:13.647378][cae_su_read_buffer_to_send:630][count[0]***]
I/uSDK    ( 8420): [CAE][D][2017-12-27 17:47:13.647394][su_ctx_fd_set:692][MAX fd[-1]]
I/ANRManager( 1797): updateProcessStats
D/BluetoothAdapter(12358): isEnabled
E/Gl      (12358): [main]: .Gl$a.handleMessage:441
E/Gl      (12358): RE_CONNECTION list 1
E/BleController(12358): [main]: .bleconn.bluetooth.BleController.b:198
E/BleController(12358): start scanning
D/ConnectivityService( 1797): getActiveNetworkInfo:NetworkInfo: type: WIFI[], state: CONNECTED/CONNECTED, reason: (unspecified), extra: "60_dev_01", roaming: false, failover: false, isAvailable: true, isConnectedToProvisioningNetwork: false, simId: 0/10188
D/ActivityThread(12358): SVC-Calling onStartCommand: com.moji.airnut.bleconn.bluetooth.BleDiscoveryGattService@42acddb8, flags=0, startId=253
D/BluetoothAdapter(12358): stopLeScan()
E/CheckPermission(12358): _bluetooth code = 9 
D/BtGatt.GattService( 6191): stopScan() - queue=1
D/BtGatt.GattService( 6191): stopScan() - queue empty; stopping scan
D/BTIF_GATT_CLIENT( 6191): [GATT] btif_gattc_scan
D/BTIF_GATT_CLIENT( 6191): btif_gattc_scan
I/bt_ext_apis.c( 6191): btmtk_util_find_profile_msg_handler search profile_id:[21]
I/bt_ext_apis.c( 6191): [JNI] btmtk_sendmsg(cmd=4007, ptr=0x78908138, len=36)
I/BTIF_CORE( 6191): [btif_task]:Polling returned!
I/BTIF_CORE( 6191): [btif_task]:Start retrieve data pollMemberCount=10!
I/BTIF_CORE( 6191): [btif_task]:fd 7 data ready!
I/BTIF_CORE( 6191): [btif_task]:pollData[i].fd data ready : revents = 0x1!
I/BTIF_CORE( 6191): in profile[0] handler!
I/BTIF_CORE( 6191): out profile[0] handler!
I/BTIF_CORE( 6191): in profile[3] handler!
I/BTIF_CORE( 6191): out profile[3] handler!
I/BTIF_CORE( 6191): in profile[5] handler!
I/BTIF_CORE( 6191): out profile[5] handler!
I/BTIF_CORE( 6191): in profile[1] handler!
I/BTIF_CORE( 6191): out profile[1] handler!
I/BTIF_CORE( 6191): in profile[11] handler!
I/BTIF_CORE( 6191): out profile[11] handler!
I/BTIF_CORE( 6191): in profile[18] handler!
I/BTIF_CORE( 6191): out profile[18] handler!
I/BTIF_CORE( 6191): in profile[12] handler!
I/BTIF_CORE( 6191): out profile[12] handler!
I/BTIF_CORE( 6191): in profile[21] handler!
D/BTIF_GATT_CLIENT( 6191): [GATT] gattc_handle_message
D/BTIF_GATT_CLIENT( 6191): [GATT] gattc_handle_message : msg_id=4008
D/BTIF_GATT_CLIENT( 6191): [GATT] findContextByContext
D/BTIF_GATT_CLIENT( 6191): [GATT] context[0] = 0xb70c0aa4 found
D/BTIF_GATT_CLIENT( 6191): [GATT] gattc_handle_scan_cancel_cnf
I/BTIF_CORE( 6191): out profile[21] handler!
I/BTIF_CORE( 6191): [btif_task]:Start polling!
I/bt_ext_apis.c( 6191): [JNI] send msg success : 36
D/BtGatt.GattService( 6191): unregisterClient() - clientIf=1
D/BTIF_GATT_CLIENT( 6191): [GATT] btif_gattc_unregister_app
D/BTIF_GATT_CLIENT( 6191): btif_gattc_unregister_app
I/bt_ext_apis.c( 6191): btmtk_util_find_profile_msg_handler search profile_id:[21]
I/bt_ext_apis.c( 6191): [JNI] btmtk_sendmsg(cmd=4002, ptr=0x77f26140, len=36)
I/BTIF_CORE( 6191): [btif_task]:Polling returned!
I/BTIF_CORE( 6191): [btif_task]:Start retrieve data pollMemberCount=10!
I/BTIF_CORE( 6191): [btif_task]:fd 7 data ready!
I/BTIF_CORE( 6191): [btif_task]:pollData[i].fd data ready : revents = 0x1!
I/BTIF_CORE( 6191): in profile[0] handler!
I/BTIF_CORE( 6191): out profile[0] handler!
I/BTIF_CORE( 6191): in profile[3] handler!
I/BTIF_CORE( 6191): out profile[3] handler!
I/BTIF_CORE( 6191): in profile[5] handler!
I/BTIF_CORE( 6191): out profile[5] handler!
I/BTIF_CORE( 6191): in profile[1] handler!
I/BTIF_CORE( 6191): out profile[1] handler!
I/BTIF_CORE( 6191): in profile[11] handler!
I/BTIF_CORE( 6191): out profile[11] handler!
I/BTIF_CORE( 6191): in profile[18] handler!
I/BTIF_CORE( 6191): out profile[18] handler!
I/BTIF_CORE( 6191): in profile[12] handler!
I/BTIF_CORE( 6191): out profile[12] handler!
I/BTIF_CORE( 6191): in profile[21] handler!
D/BTIF_GATT_CLIENT( 6191): [GATT] gattc_handle_message
D/BTIF_GATT_CLIENT( 6191): [GATT] gattc_handle_message : msg_id=4003
D/BTIF_GATT_CLIENT( 6191): [GATT] findContextByContext
D/BTIF_GATT_CLIENT( 6191): [GATT] context[0] = 0xb70c0aa4 found
D/BTIF_GATT_CLIENT( 6191): [GATT] gattc_handle_deregister_cnf
I/BTIF_CORE( 6191): out profile[21] handler!
I/BTIF_CORE( 6191): [btif_task]:Start polling!
I/bt_ext_apis.c( 6191): [JNI] send msg success : 36
D/BluetoothAdapter(12358): isEnabled
D/BluetoothAdapter(12358): startLeScan(): null
E/CheckPermission(12358): _bluetooth code = 9 
D/BtGatt.GattService( 6191): registerClient() - UUID=b69bd0d0-2ecd-4d3a-bfed-2db4a2330139
D/BTIF_GATT_CLIENT( 6191): [GATT] allocFreeContext
D/BTIF_GATT( 6191): [GATT] client appuuid : uuid : len(16) : 39:01:33:A2:B4:2D:ED:BF:3A:4D:CD:2E:D0:D0:9B:B6
D/BTIF_GATT_CLIENT( 6191): [GATT] alloc client slot 0
D/BTIF_GATT_CLIENT( 6191): [GATT] btif_gattc_register_app
D/BTIF_GATT_CLIENT( 6191): btif_gattc_register_app
I/bt_ext_apis.c( 6191): btmtk_util_find_profile_msg_handler search profile_id:[21]
I/bt_ext_apis.c( 6191): [JNI] btmtk_sendmsg(cmd=4000, ptr=0x78908100, len=48)
I/BTIF_CORE( 6191): [btif_task]:Polling returned!
I/BTIF_CORE( 6191): [btif_task]:Start retrieve data pollMemberCount=10!
I/BTIF_CORE( 6191): [btif_task]:fd 7 data ready!
I/BTIF_CORE( 6191): [btif_task]:pollData[i].fd data ready : revents = 0x1!
I/BTIF_CORE( 6191): in profile[0] handler!
I/BTIF_CORE( 6191): out profile[0] handler!
I/BTIF_CORE( 6191): in profile[3] handler!
I/BTIF_CORE( 6191): out profile[3] handler!
I/BTIF_CORE( 6191): in profile[5] handler!
I/BTIF_CORE( 6191): out profile[5] handler!
I/BTIF_CORE( 6191): in profile[1] handler!
I/BTIF_CORE( 6191): out profile[1] handler!
I/BTIF_CORE( 6191): in profile[11] handler!
I/BTIF_CORE( 6191): out profile[11] handler!
I/BTIF_CORE( 6191): in profile[18] handler!
I/BTIF_CORE( 6191): out profile[18] handler!
I/BTIF_CORE( 6191): in profile[12] handler!
I/BTIF_CORE( 6191): out profile[12] handler!
I/BTIF_CORE( 6191): in profile[21] handler!
D/BTIF_GATT_CLIENT( 6191): [GATT] gattc_handle_message
D/BTIF_GATT_CLIENT( 6191): [GATT] gattc_handle_message : msg_id=4001
D/BTIF_GATT_CLIENT( 6191): [GATT] findContextByAppUUID
D/BTIF_GATT_CLIENT( 6191): [GATT] context[0] = 0x0 found
D/BTIF_GATT_CLIENT( 6191): [GATT] gattc_handle_register_cnf
D/BtGatt.GattService( 6191): onClientRegistered() - UUID=b69bd0d0-2ecd-4d3a-bfed-2db4a2330139, clientIf=1
I/bt_ext_apis.c( 6191): [JNI] send msg success : 48
D/BluetoothAdapter(12358): onClientRegistered() - status=0 clientIf=1
E/CheckPermission(12358): _bluetooth code = 9 
D/BtGatt.GattService( 6191): startScan() - queue=0
D/BtGatt.GattService( 6191): startScan() - adding client=1
D/BTIF_GATT_CLIENT( 6191): [GATT] btif_gattc_scan
D/BTIF_GATT_CLIENT( 6191): btif_gattc_scan
I/bt_ext_apis.c( 6191): btmtk_util_find_profile_msg_handler search profile_id:[21]
I/bt_ext_apis.c( 6191): [JNI] btmtk_sendmsg(cmd=4004, ptr=0x785434e0, len=36)
I/bt_ext_apis.c( 6191): [JNI] send msg success : 36
I/BTIF_CORE( 6191): out profile[21] handler!
I/BTIF_CORE( 6191): [btif_task]:Start polling!
D/ActivityThread(12358): SVC-SERVICE_ARGS handled : 0 / ServiceArgsData{token=android.os.BinderProxy@42739ad8 startId=253 args=Intent { cmp=com.moji.airnut/.bleconn.bluetooth.BleDiscoveryGattService (has extras) }}
I/BTIF_CORE( 6191): [btif_task]:Polling returned!
I/BTIF_CORE( 6191): [btif_task]:Start retrieve data pollMemberCount=10!
I/BTIF_CORE( 6191): [btif_task]:fd 7 data ready!
I/BTIF_CORE( 6191): [btif_task]:pollData[i].fd data ready : revents = 0x1!
I/BTIF_CORE( 6191): in profile[0] handler!
I/BTIF_CORE( 6191): out profile[0] handler!
I/BTIF_CORE( 6191): in profile[3] handler!
I/BTIF_CORE( 6191): out profile[3] handler!
I/BTIF_CORE( 6191): in profile[5] handler!
I/BTIF_CORE( 6191): out profile[5] handler!
I/BTIF_CORE( 6191): in profile[1] handler!
I/BTIF_CORE( 6191): out profile[1] handler!
I/BTIF_CORE( 6191): in profile[11] handler!
I/BTIF_CORE( 6191): out profile[11] handler!
I/BTIF_CORE( 6191): in profile[18] handler!
I/BTIF_CORE( 6191): out profile[18] handler!
I/BTIF_CORE( 6191): in profile[12] handler!
I/BTIF_CORE( 6191): out profile[12] handler!
I/BTIF_CORE( 6191): in profile[21] handler!
D/BTIF_GATT_CLIENT( 6191): [GATT] gattc_handle_message
D/BTIF_GATT_CLIENT( 6191): [GATT] gattc_handle_message : msg_id=4005
D/BTIF_GATT_CLIENT( 6191): [GATT] findContextByContext
D/BTIF_GATT_CLIENT( 6191): [GATT] context[0] = 0xb70c09f4 found
D/BTIF_GATT_CLIENT( 6191): [GATT] gattc_handle_scan_result_ind
I/BT_UTILS( 6191): btmtk_util_reverse_array: dest addr=0x18:A0:C6:79:13:9E
D/BtGatt.GattService( 6191): onScanResult() - address=18:A0:C6:79:13:9E, rssi=-80
D/BluetoothAdapter(12358): onScanResult() - Device=18:A0:C6:79:13:9E RSSI=-80
I/BTIF_CORE( 6191): out profile[21] handler!
I/BTIF_CORE( 6191): [btif_task]:Start polling!
D/WifiStateMachine( 1797): ConnectedState{ when=-3ms what=131155 arg1=6 target=com.android.internal.util.StateMachine$SmHandler target=Handler (com.android.internal.util.StateMachine$SmHandler) {4317edc0} }
D/WifiStateMachine( 1797): L2ConnectedState{ when=-3ms what=131155 arg1=6 target=com.android.internal.util.StateMachine$SmHandler target=Handler (com.android.internal.util.StateMachine$SmHandler) {4317edc0} }
D/WifiHW  ( 1797): enter -->wifi_send_command cmd=IFNAME=wlan0 SIGNAL_POLL
D/wpa_supplicant( 4131): RX ctrl_iface - hexdump(len=11): 53 49 47 4e 41 4c 5f 50 4f 4c 4c
D/wpa_supplicant( 4131): wlan0: Control interface command 'SIGNAL_POLL'
D/wpa_supplicant( 4131): nl80211: survey data missing!
D/wpa_supplicant( 4131): signal poll, reply_len=48
D/wpa_ctrl( 1797): reply_len=4095
D/WifiHW  ( 1797): leave --> reply=RSSI=-42
D/WifiHW  ( 1797): LINKSPEED=65
D/WifiHW  ( 1797): NOISE=9999
D/WifiHW  ( 1797): FREQUENCY=2412
D/WifiHW  ( 1797): 
D/wifi    ( 1797): doStringCommand, buf IFNAME=wlan0 SIGNAL_POLL
I/WifiStateMachine( 1797): fetchRssiAndLinkSpeedNative, newRssi:-42, newLinkSpeed:65, SSID:"60_dev_01"
D/WifiStateMachine( 1797): mRssiArray[0] = -42
D/WifiStateMachine( 1797): mRssiArray[1] = -42
D/WifiStateMachine( 1797): mRssiArray[2] = -40
D/WifiStateMachine( 1797): mRssiArray[3] = -40
D/WifiStateMachine( 1797): mRssiArray[4] = -42
D/WifiStateMachine( 1797): GetFilterRssi is : -41
D/WifiStateMachine( 1797): mLastSignalLevel:4, newSignalLevel:4
D/WifiStateMachine( 1797): fetchRssiAndLinkSpeedNative, ipAddr:2013270188
I/BTIF_CORE( 6191): [btif_task]:Polling returned!
I/BTIF_CORE( 6191): [btif_task]:Start retrieve data pollMemberCount=10!
I/BTIF_CORE( 6191): [btif_task]:fd 7 data ready!
I/BTIF_CORE( 6191): [btif_task]:pollData[i].fd data ready : revents = 0x1!
I/BTIF_CORE( 6191): in profile[0] handler!
I/BTIF_CORE( 6191): out profile[0] handler!
I/BTIF_CORE( 6191): in profile[3] handler!
I/BTIF_CORE( 6191): out profile[3] handler!
I/BTIF_CORE( 6191): in profile[5] handler!
I/BTIF_CORE( 6191): out profile[5] handler!
I/BTIF_CORE( 6191): in profile[1] handler!
I/BTIF_CORE( 6191): out profile[1] handler!
I/BTIF_CORE( 6191): in profile[11] handler!
I/BTIF_CORE( 6191): out profile[11] handler!
I/BTIF_CORE( 6191): in profile[18] handler!
I/BTIF_CORE( 6191): out profile[18] handler!
I/BTIF_CORE( 6191): in profile[12] handler!
I/BTIF_CORE( 6191): out profile[12] handler!
I/BTIF_CORE( 6191): in profile[21] handler!
D/BTIF_GATT_CLIENT( 6191): [GATT] gattc_handle_message
D/BTIF_GATT_CLIENT( 6191): [GATT] gattc_handle_message : msg_id=4005
D/BTIF_GATT_CLIENT( 6191): [GATT] findContextByContext
D/BTIF_GATT_CLIENT( 6191): [GATT] context[0] = 0xb70c09f4 found
D/BTIF_GATT_CLIENT( 6191): [GATT] gattc_handle_scan_result_ind
I/BT_UTILS( 6191): btmtk_util_reverse_array: dest addr=0x3A:37:51:03:5F:DF
D/BtGatt.GattService( 6191): onScanResult() - address=3A:37:51:03:5F:DF, rssi=-66
D/BluetoothAdapter(12358): onScanResult() - Device=3A:37:51:03:5F:DF RSSI=-66
I/BTIF_CORE( 6191): out profile[21] handler!
I/BTIF_CORE( 6191): [btif_task]:Start polling!
I/BTIF_CORE( 6191): [btif_task]:Polling returned!
I/BTIF_CORE( 6191): [btif_task]:Start retrieve data pollMemberCount=10!
I/BTIF_CORE( 6191): [btif_task]:fd 7 data ready!
I/BTIF_CORE( 6191): [btif_task]:pollData[i].fd data ready : revents = 0x1!
I/BTIF_CORE( 6191): in profile[0] handler!
I/BTIF_CORE( 6191): out profile[0] handler!
I/BTIF_CORE( 6191): in profile[3] handler!
I/BTIF_CORE( 6191): out profile[3] handler!
I/BTIF_CORE( 6191): in profile[5] handler!
I/BTIF_CORE( 6191): out profile[5] handler!
I/BTIF_CORE( 6191): in profile[1] handler!
I/BTIF_CORE( 6191): out profile[1] handler!
I/BTIF_CORE( 6191): in profile[11] handler!
I/BTIF_CORE( 6191): out profile[11] handler!
I/BTIF_CORE( 6191): in profile[18] handler!
I/BTIF_CORE( 6191): out profile[18] handler!
I/BTIF_CORE( 6191): in profile[12] handler!
I/BTIF_CORE( 6191): out profile[12] handler!
I/BTIF_CORE( 6191): in profile[21] handler!
D/BTIF_GATT_CLIENT( 6191): [GATT] gattc_handle_message
D/BTIF_GATT_CLIENT( 6191): [GATT] gattc_handle_message : msg_id=4005
D/BTIF_GATT_CLIENT( 6191): [GATT] findContextByContext
D/BTIF_GATT_CLIENT( 6191): [GATT] context[0] = 0xb70c09f4 found
D/BTIF_GATT_CLIENT( 6191): [GATT] gattc_handle_scan_result_ind
I/BT_UTILS( 6191): btmtk_util_reverse_array: dest addr=0x51:96:DE:D1:EF:82
D/BtGatt.GattService( 6191): onScanResult() - address=51:96:DE:D1:EF:82, rssi=-65
D/BluetoothAdapter(12358): onScanResult() - Device=51:96:DE:D1:EF:82 RSSI=-65
I/BTIF_CORE( 6191): out profile[21] handler!
I/BTIF_CORE( 6191): [btif_task]:Start polling!
I/BTIF_CORE( 6191): [btif_task]:Polling returned!
I/BTIF_CORE( 6191): [btif_task]:Start retrieve data pollMemberCount=10!
I/BTIF_CORE( 6191): [btif_task]:fd 7 data ready!
I/BTIF_CORE( 6191): [btif_task]:pollData[i].fd data ready : revents = 0x1!
I/BTIF_CORE( 6191): in profile[0] handler!
I/BTIF_CORE( 6191): out profile[0] handler!
I/BTIF_CORE( 6191): in profile[3] handler!
I/BTIF_CORE( 6191): out profile[3] handler!
I/BTIF_CORE( 6191): in profile[5] handler!
I/BTIF_CORE( 6191): out profile[5] handler!
I/BTIF_CORE( 6191): in profile[1] handler!
I/BTIF_CORE( 6191): out profile[1] handler!
I/BTIF_CORE( 6191): in profile[11] handler!
I/BTIF_CORE( 6191): out profile[11] handler!
I/BTIF_CORE( 6191): in profile[18] handler!
I/BTIF_CORE( 6191): out profile[18] handler!
I/BTIF_CORE( 6191): in profile[12] handler!
I/BTIF_CORE( 6191): out profile[12] handler!
I/BTIF_CORE( 6191): in profile[21] handler!
D/BTIF_GATT_CLIENT( 6191): [GATT] gattc_handle_message
D/BTIF_GATT_CLIENT( 6191): [GATT] gattc_handle_message : msg_id=4005
D/BTIF_GATT_CLIENT( 6191): [GATT] findContextByContext
D/BTIF_GATT_CLIENT( 6191): [GATT] context[0] = 0xb70c09f4 found
D/BTIF_GATT_CLIENT( 6191): [GATT] gattc_handle_scan_result_ind
I/BT_UTILS( 6191): btmtk_util_reverse_array: dest addr=0x03:08:BC:5F:69:5B
D/BtGatt.GattService( 6191): onScanResult() - address=03:08:BC:5F:69:5B, rssi=-70
D/BluetoothAdapter(12358): onScanResult() - Device=03:08:BC:5F:69:5B RSSI=-70
I/BTIF_CORE( 6191): out profile[21] handler!
I/BTIF_CORE( 6191): [btif_task]:Start polling!
D/dalvikvm( 4701): create interp thread : stack size=128KB
D/dalvikvm( 4701): create new thread
D/dalvikvm( 4701): new thread created
D/dalvikvm( 4701): update thread list
D/dalvikvm( 4701): threadid=28: interp stack at 0x7c3fb000
D/dalvikvm( 4701): threadid=28: created from interp
D/dalvikvm( 4701): start new thread
D/dalvikvm( 4701): threadid=28: notify debugger
D/dalvikvm( 4701): threadid=28 (Thread-2050): calling run()
I/KSO_STAT( 4701): App is in background, stop update end time, ready to start a new session.
D/SQLiteDatabase( 4701): beginTransaction()
D/SQLiteDatabase( 4701): endTransaction()
D/dalvikvm( 4701): threadid=28: exiting
D/dalvikvm( 4701): threadid=28: bye!
D/BatteryService( 1797): mBatteryVoltage=3949, batteryLevel=50
V/ActivityManager( 1797): Broadcast sticky: Intent { act=android.intent.action.ADDITIONAL_BATTERY_CHANGED flg=0x60000010 (has extras) } ordered=false userid=-1 callerApp=null
V/ActivityManager( 1797): Broadcast sticky: Intent { act=android.intent.action.BATTERY_CHANGED flg=0x60000010 (has extras) } ordered=false userid=-1 callerApp=null
D/PowerSaveService( 4528): PowerSaveReceiver EXTRA_STATUS: status = 2, lastCharging = true
D/WifiService( 1797): onReceive, action:android.intent.action.BATTERY_CHANGED
D/UsbDeviceManager( 1797): onReceive - BATTERY_CHANGED - mPlugType: 2, mSettingUsbCharging: false, mConnected: true, mSettingUsbBicr: false
D/WifiController( 1797): DeviceActiveState{ when=0 what=155652 arg1=2 target=com.android.internal.util.StateMachine$SmHandler target=Handler (com.android.internal.util.StateMachine$SmHandler) {432227a8} }
D/WifiController( 1797): StaEnabledState{ when=0 what=155652 arg1=2 target=com.android.internal.util.StateMachine$SmHandler target=Handler (com.android.internal.util.StateMachine$SmHandler) {432227a8} }
D/WifiController( 1797): DefaultState{ when=0 what=155652 arg1=2 target=com.android.internal.util.StateMachine$SmHandler target=Handler (com.android.internal.util.StateMachine$SmHandler) {432227a8} }
D/WifiController( 1797): battery changed pluggedType: 2
V/ActivityManager( 1797): Broadcast sticky: Intent { act=android.intent.action.ADDITIONAL_BATTERY_CHANGED flg=0x60000010 (has extras) } ordered=false userid=-1 callerApp=null
V/ActivityManager( 1797): Broadcast sticky: Intent { act=android.intent.action.ADDITIONAL_BATTERY_CHANGED flg=0x60000010 (has extras) } ordered=false userid=-1 callerApp=null
D/HeadsetStateMachine( 6191): Disconnected process message: 10
D/WifiStateMachine( 1797): ConnectedState{ when=-2ms what=131155 arg1=6 target=com.android.internal.util.StateMachine$SmHandler target=Handler (com.android.internal.util.StateMachine$SmHandler) {4317edc0} }
D/WifiStateMachine( 1797): L2ConnectedState{ when=-2ms what=131155 arg1=6 target=com.android.internal.util.StateMachine$SmHandler target=Handler (com.android.internal.util.StateMachine$SmHandler) {4317edc0} }
D/WifiHW  ( 1797): enter -->wifi_send_command cmd=IFNAME=wlan0 SIGNAL_POLL
D/wpa_supplicant( 4131): RX ctrl_iface - hexdump(len=11): 53 49 47 4e 41 4c 5f 50 4f 4c 4c
D/wpa_supplicant( 4131): wlan0: Control interface command 'SIGNAL_POLL'
D/wpa_supplicant( 4131): nl80211: survey data missing!
D/wpa_supplicant( 4131): signal poll, reply_len=48
D/wpa_ctrl( 1797): reply_len=4095
D/WifiHW  ( 1797): leave --> reply=RSSI=-41
D/WifiHW  ( 1797): LINKSPEED=65
D/WifiHW  ( 1797): NOISE=9999
D/WifiHW  ( 1797): FREQUENCY=2412
D/WifiHW  ( 1797): 
D/wifi    ( 1797): doStringCommand, buf IFNAME=wlan0 SIGNAL_POLL
I/WifiStateMachine( 1797): fetchRssiAndLinkSpeedNative, newRssi:-41, newLinkSpeed:65, SSID:"60_dev_01"
D/WifiStateMachine( 1797): mRssiArray[0] = -42
D/WifiStateMachine( 1797): mRssiArray[1] = -42
D/WifiStateMachine( 1797): mRssiArray[2] = -40
D/WifiStateMachine( 1797): mRssiArray[3] = -40
D/WifiStateMachine( 1797): mRssiArray[4] = -42
D/WifiStateMachine( 1797): GetFilterRssi is : -41
D/WifiStateMachine( 1797): mLastSignalLevel:4, newSignalLevel:4
D/WifiStateMachine( 1797): fetchRssiAndLinkSpeedNative, ipAddr:2013270188
I/uSDK    ( 8420): [CAE][D][2017-12-27 17:47:18.671520][cae_softap_user_task:730][buffer fd or timeout ]
I/uSDK    ( 8420): [CAE][D][2017-12-27 17:47:18.671564][cae_su_read_buffer_to_send:630][count[0]***]
I/uSDK    ( 8420): [CAE][D][2017-12-27 17:47:18.671580][su_ctx_fd_set:692][MAX fd[-1]]
D/PhoneInterfaceManagerEx( 4362): [PhoneIntfMgrEx] hasIccCard  simId=0
D/PhoneInterfaceManagerEx( 4362): [PhoneIntfMgrEx] hasIccCard  simId=1
I/uSDK    ( 8420): [CAE][D][2017-12-27 17:47:19.493796][cae_sr_k_loop:965][mdns resolver loop timeout event happen, interval time:20s]
D/AndroidRuntime(24577): 
D/AndroidRuntime(24577): >>>>>> AndroidRuntime START com.android.internal.os.RuntimeInit <<<<<<
D/AndroidRuntime(24577): CheckJNI is OFF
D/AndroidRuntime(24577): language=-Duser.language=zh region=-Duser.region=CN
D/dalvikvm(24577): boot class : 
D/dalvikvm(24577):   (0) core.jar
D/dalvikvm(24577):   (1) conscrypt.jar
D/dalvikvm(24577):   (2) okhttp.jar
D/dalvikvm(24577):   (3) core-junit.jar
D/dalvikvm(24577):   (4) bouncycastle.jar
D/dalvikvm(24577):   (5) ext.jar
D/dalvikvm(24577):   (6) framework.jar
D/dalvikvm(24577):   (7) framework2.jar
D/dalvikvm(24577):   (8) telephony-common.jar
D/dalvikvm(24577):   (9) voip-common.jar
D/dalvikvm(24577):   (10) mms-common.jar
D/dalvikvm(24577):   (11) android.policy.jar
D/dalvikvm(24577):   (12) services.jar
D/dalvikvm(24577):   (13) apache-xml.jar
D/dalvikvm(24577):   (14) webviewchromium.jar
D/dalvikvm(24577):   (15) mediatek-common.jar
D/dalvikvm(24577):   (16) mediatek-framework.jar
D/dalvikvm(24577):   (17) CustomProperties.jar
D/dalvikvm(24577):   (18) mediatek-telephony-common.jar
D/dalvikvm(24577):   (19) mediatek-tablet.jar
D/dalvikvm(24577):   (20) oppo-framework.jar
D/dalvikvm(24577):   (21) am.jar
D/ReserveFileInData(24578): Total_size = 12702646272 B = 12404928 KB = 12114 MB = 11 GB
D/ReserveFileInData(24578): Disk_free = 8975 MB = 8 GB
D/ReserveFileInData(24578): Disk_available = 8959 MB = 8 GB
D/ReserveFileInData(24578): availDataSize is 8959
D/dalvikvm(24577): threadid=1: interp stack at 0x41e95000
D/dalvikvm(24577): dvmJarFileOpen: /system/framework/core.jar
D/dalvikvm(24577): dvmJarFileOpen: /system/framework/conscrypt.jar
D/dalvikvm(24577): dvmJarFileOpen: /system/framework/okhttp.jar
D/dalvikvm(24577): dvmJarFileOpen: /system/framework/core-junit.jar
D/dalvikvm(24577): dvmJarFileOpen: /system/framework/bouncycastle.jar
D/dalvikvm(24577): dvmJarFileOpen: /system/framework/ext.jar
D/dalvikvm(24577): dvmJarFileOpen: /system/framework/framework.jar
D/dalvikvm(24577): dvmJarFileOpen: /system/framework/framework2.jar
D/dalvikvm(24577): dvmJarFileOpen: /system/framework/telephony-common.jar
D/dalvikvm(24577): dvmJarFileOpen: /system/framework/voip-common.jar
D/dalvikvm(24577): dvmJarFileOpen: /system/framework/mms-common.jar
D/dalvikvm(24577): dvmJarFileOpen: /system/framework/android.policy.jar
D/dalvikvm(24577): dvmJarFileOpen: /system/framework/services.jar
D/dalvikvm(24577): dvmJarFileOpen: /system/framework/apache-xml.jar
D/dalvikvm(24577): dvmJarFileOpen: /system/framework/webviewchromium.jar
D/dalvikvm(24577): dvmJarFileOpen: /system/framework/mediatek-common.jar
D/dalvikvm(24577): dvmJarFileOpen: /system/framework/mediatek-framework.jar
D/dalvikvm(24577): dvmJarFileOpen: /system/framework/CustomProperties.jar
D/dalvikvm(24577): dvmJarFileOpen: /system/framework/mediatek-telephony-common.jar
D/dalvikvm(24577): dvmJarFileOpen: /system/framework/mediatek-tablet.jar
D/dalvikvm(24577): dvmJarFileOpen: /system/framework/oppo-framework.jar
D/dalvikvm(24577): open_cached_dex_file : /system/framework/oppo-framework.jar /data/dalvik-cache/system@framework@oppo-framework.jar@classes.dex
D/dalvikvm(24577): process bootclasspath ex!!
D/dalvikvm(24577): dvmJarFileOpen: /system/framework/mediatek-op.jar
D/dalvikvm(24577): open_cached_dex_file : /system/framework/mediatek-op.jar /data/dalvik-cache/system@framework@mediatek-op.jar@classes.dex
D/dalvikvm(24577): Trying to load lib libjavacore.so 0x0
D/dalvikvm(24577): Added shared lib libjavacore.so 0x0
D/dalvikvm(24577): Trying to load lib libnativehelper.so 0x0
D/dalvikvm(24577): Added shared lib libnativehelper.so 0x0
D/dalvikvm(24577): No JNI_OnLoad found in libnativehelper.so 0x0, skipping init
D/dalvikvm(24577): +++ finishing prep on main VM thread
D/dalvikvm(24577): dvmJarFileOpen: /system/framework/am.jar
I/dalvikvm(24577): DexOpt: mismatch dep name: '/data/dalvik-cache/system@framework@oppo-framework.jar@classes.dex' vs. '/system/framework/oppo-framework.odex'
D/dalvikvm(24577): == DexOpt: numDeps = 21
D/dalvikvm(24577): 0 : /system/framework/core.odex /system/framework/core.odex
D/dalvikvm(24577): 1 : /system/framework/conscrypt.odex /system/framework/conscrypt.odex
D/dalvikvm(24577): 2 : /system/framework/okhttp.odex /system/framework/okhttp.odex
D/dalvikvm(24577): 3 : /system/framework/core-junit.odex /system/framework/core-junit.odex
D/dalvikvm(24577): 4 : /system/framework/bouncycastle.odex /system/framework/bouncycastle.odex
D/dalvikvm(24577): 5 : /system/framework/ext.odex /system/framework/ext.odex
D/dalvikvm(24577): 6 : /system/framework/framework.odex /system/framework/framework.odex
D/dalvikvm(24577): 7 : /system/framework/framework2.odex /system/framework/framework2.odex
D/dalvikvm(24577): 8 : /system/framework/telephony-common.odex /system/framework/telephony-common.odex
D/dalvikvm(24577): 9 : /system/framework/voip-common.odex /system/framework/voip-common.odex
D/dalvikvm(24577): 10 : /system/framework/mms-common.odex /system/framework/mms-common.odex
D/dalvikvm(24577): 11 : /system/framework/android.policy.odex /system/framework/android.policy.odex
D/dalvikvm(24577): 12 : /system/framework/services.odex /system/framework/services.odex
D/dalvikvm(24577): 13 : /system/framework/apache-xml.odex /system/framework/apache-xml.odex
D/dalvikvm(24577): 14 : /system/framework/webviewchromium.odex /system/framework/webviewchromium.odex
D/dalvikvm(24577): 15 : /system/framework/mediatek-common.odex /system/framework/mediatek-common.odex
D/dalvikvm(24577): 16 : /system/framework/mediatek-framework.odex /system/framework/mediatek-framework.odex
D/dalvikvm(24577): 17 : /system/framework/CustomProperties.odex /system/framework/CustomProperties.odex
D/dalvikvm(24577): 18 : /system/framework/mediatek-telephony-common.odex /system/framework/mediatek-telephony-common.odex
D/dalvikvm(24577): 19 : /system/framework/mediatek-tablet.odex /system/framework/mediatek-tablet.odex
D/dalvikvm(24577): 20 : /system/framework/oppo-framework.odex /system/framework/oppo-framework.odex
D/dalvikvm(24577): 21 : NULL NULL
E/dalvikvm(24577): /system/framework/am.jar odex has stale dependencies
D/dalvikvm(24577): open_cached_dex_file : /system/framework/am.jar /data/dalvik-cache/system@framework@am.jar@classes.dex
D/dalvikvm(24577): create interp thread : stack size=128KB
D/dalvikvm(24577): create new thread
D/dalvikvm(24577): new thread created
D/dalvikvm(24577): update thread list
D/dalvikvm(24577): threadid=2: interp stack at 0x72e9f000
D/dalvikvm(24577): threadid=2: created from interp
D/dalvikvm(24577): start new thread
D/dalvikvm(24577): threadid=2: notify debugger
D/dalvikvm(24577): threadid=2 (ReferenceQueueDaemon): calling run()
D/dalvikvm(24577): create interp thread : stack size=128KB
D/dalvikvm(24577): create new thread
D/dalvikvm(24577): new thread created
D/dalvikvm(24577): update thread list
D/dalvikvm(24577): threadid=3: interp stack at 0x72fbf000
D/dalvikvm(24577): threadid=3: created from interp
D/dalvikvm(24577): start new thread
D/dalvikvm(24577): threadid=3: notify debugger
D/dalvikvm(24577): threadid=3 (FinalizerDaemon): calling run()
D/dalvikvm(24577): create interp thread : stack size=128KB
D/dalvikvm(24577): create new thread
D/dalvikvm(24577): new thread created
D/dalvikvm(24577): update thread list
D/dalvikvm(24577): threadid=4: interp stack at 0x730df000
D/dalvikvm(24577): threadid=4: created from interp
D/dalvikvm(24577): start new thread
D/dalvikvm(24577): threadid=4: notify debugger
D/dalvikvm(24577): threadid=4 (FinalizerWatchdogDaemon): calling run()
D/dalvikvm(24577): threadid=5: interp stack at 0x732ff000
D/dalvikvm(24577): threadid=6: interp stack at 0x73421000
D/dalvikvm(24577): Elevating priority from 0 to -8
D/jdwp    (24577): prepping for JDWP over ADB
D/dalvikvm(24577): threadid=7: interp stack at 0x73544000
D/jdwp    (24577): JDWP: thread running
D/dalvikvm(24577): threadid=8: interp stack at 0x73665000
D/jdwp    (24577): trying to receive file descriptor from ADB
D/ADB_SERVICES(19585): adb fdevent_process list (28) (11) 
D/ADB_SERVICES(19585): Adding socket 28 pid 24577 to jdwp process list
D/dalvikvm(24577): Note: class Landroid/app/ActivityManagerNative; has 194 unimplemented (abstract) methods
E/memtrack(24577): Couldn't load memtrack module (No such file or directory)
E/android.os.Debug(24577): failed to load memtrack module: -2
D/AndroidRuntime(24577): Calling main entry com.android.commands.am.Am
D/dalvikvm(24577): threadid=9: interp stack at 0x73b4a000
D/dalvikvm(24577): threadid=10: interp stack at 0x73c6a000
D/AndroidRuntime(24577): Shutting down VM
D/dalvikvm(24577): threadid=9: bye!
D/ActivityThread(12064): SVC-Calling onStartCommand: io.dcloud.feature.apsGt.GTNormalPushService@4278fab8, flags=0, startId=45
D/dalvikvm(24577): threadid=10: bye!
D/ActivityThread(12064): SVC-SERVICE_ARGS handled : 0 / ServiceArgsData{token=android.os.BinderProxy@4278a748 startId=45 args=Intent { cmp=io.dcloud.HBuilder/io.dcloud.feature.apsGt.GTNormalPushService }}
D/dalvikvm(24577): threadid=1: last non-daemon thread
D/dalvikvm(24577): threadid=1: bye!
D/dalvikvm(24577): DestroyJavaVM waiting for non-daemon threads to exit
D/dalvikvm(24577): DestroyJavaVM shutting VM down
D/dalvikvm(24577): VM shutting down
D/dalvikvm(24577): between the previous GC alloc  738K
D/dalvikvm(24577): GC_CONCURRENT freed 98K (1030), 14% free 639K/740K, paused 0ms+0ms, total 3ms
D/dalvikvm(24577): threadid=5: bye!
D/jdwp    (24577): JDWP shutting down net...
D/jdwp    (24577): +++ writing to wakePipe
E/jdwp    (24577): jdwp::setsockopt(SO_SNDTIMEO)
E/jdwp    (24577): jdwp::setsockopt(SO_RCVTIMEO)
W/ADB_SERVICES(19585): terminating JDWP 24577 connection: I/O error
D/jdwp    (24577): JDWP: thread exiting
D/ADB_SERVICES(19585): remove pid 24577 to jdwp process list
D/dalvikvm(24577): threadid=7: bye!
D/jdwp    (24577): JDWP freeing netstate...
I/dalvikvm(24577): threadid=6: ignore signal 3
D/dalvikvm(24577): threadid=6: bye!
D/dalvikvm(24577): 126 compilations using 4096 + 14272 bytes
D/dalvikvm(24577): Compiler arena uses 6 blocks (8100 bytes each)
D/dalvikvm(24577): Compiler work queue length is 0/9
D/dalvikvm(24577): JIT: table size is 4096, entries used is 134
D/dalvikvm(24577): JIT: 134 traces, 4096 slots, 6 chains, 40 thresh, Non-blocking
D/dalvikvm(24577): JIT: 73 Translation chains, 7 interp stubs
D/dalvikvm(24577): dalvik.vm.jit.op = 0-2,7,a,c,e-f,11-14,1c-1e,21-23,28,2c,32-39,44,46,48-49,4b,4d,50,52,54-55,59,62,70-71,8e,90,95-96,b0-b1,b5,b7,d5,d8,da,dd,e0-e2,ee,f0-f2,f4-f6,f8,
D/dalvikvm(24577): Code size stats: 0/588 (compiled/total Dalvik), 0 (native)
D/dalvikvm(24577): Compiler thread shutting down
D/dalvikvm(24577): threadid=8: bye!
D/dalvikvm(24577): Compiler thread has shut down
D/dalvikvm(24577): threadid=0: suspending daemon id=4 name='FinalizerWatchdogDaemon'
D/dalvikvm(24577): threadid=0: suspending daemon id=3 name='FinalizerDaemon'
D/dalvikvm(24577): threadid=0: suspending daemon id=2 name='ReferenceQueueDaemon'
D/dalvikvm(24577): threadid=0: all daemons have suspended
D/dalvikvm(24577): VM cleaning up
D/dalvikvm(24577): LinearAlloc 0x0 used 1387780 of 33554432 (4%)
D/WifiStateMachine( 1797): ConnectedState{ when=-3ms what=131155 arg1=6 target=com.android.internal.util.StateMachine$SmHandler target=Handler (com.android.internal.util.StateMachine$SmHandler) {4317edc0} }
D/WifiStateMachine( 1797): L2ConnectedState{ when=-3ms what=131155 arg1=6 target=com.android.internal.util.StateMachine$SmHandler target=Handler (com.android.internal.util.StateMachine$SmHandler) {4317edc0} }
D/WifiHW  ( 1797): enter -->wifi_send_command cmd=IFNAME=wlan0 SIGNAL_POLL
D/wpa_supplicant( 4131): RX ctrl_iface - hexdump(len=11): 53 49 47 4e 41 4c 5f 50 4f 4c 4c
D/wpa_supplicant( 4131): wlan0: Control interface command 'SIGNAL_POLL'
D/wpa_supplicant( 4131): nl80211: survey data missing!
D/wpa_supplicant( 4131): signal poll, reply_len=48
D/wpa_ctrl( 1797): reply_len=4095
D/WifiHW  ( 1797): leave --> reply=RSSI=-41
D/WifiHW  ( 1797): LINKSPEED=65
D/WifiHW  ( 1797): NOISE=9999
D/WifiHW  ( 1797): FREQUENCY=2412
D/WifiHW  ( 1797): 
D/wifi    ( 1797): doStringCommand, buf IFNAME=wlan0 SIGNAL_POLL
I/WifiStateMachine( 1797): fetchRssiAndLinkSpeedNative, newRssi:-41, newLinkSpeed:65, SSID:"60_dev_01"
D/WifiStateMachine( 1797): mRssiArray[0] = -42
D/WifiStateMachine( 1797): mRssiArray[1] = -41
D/WifiStateMachine( 1797): mRssiArray[2] = -40
D/WifiStateMachine( 1797): mRssiArray[3] = -40
D/WifiStateMachine( 1797): mRssiArray[4] = -42
D/WifiStateMachine( 1797): GetFilterRssi is : -41
D/WifiStateMachine( 1797): mLastSignalLevel:4, newSignalLevel:4
D/WifiStateMachine( 1797): fetchRssiAndLinkSpeedNative, ipAddr:2013270188
V/ActivityManager( 1797): Broadcast sticky: Intent { act=android.intent.action.SIG_STR flg=0x10 (has extras) } ordered=false userid=-1 callerApp=ProcessRecord{42767e10 1797:system/1000}
D/cell strength( 4291): ===== cell singal strength changed : 20
D/dalvikvm( 4701): create interp thread : stack size=128KB
D/dalvikvm( 4701): create new thread
D/dalvikvm( 4701): new thread created
D/dalvikvm( 4701): update thread list
D/dalvikvm( 4701): threadid=28: interp stack at 0x7c3fb000
D/dalvikvm( 4701): threadid=28: created from interp
D/dalvikvm( 4701): start new thread
D/dalvikvm( 4701): threadid=28: notify debugger
D/dalvikvm( 4701): threadid=28 (Thread-2051): calling run()
I/KSO_STAT( 4701): App is in background, stop update end time, ready to start a new session.
D/SQLiteDatabase( 4701): beginTransaction()
D/SQLiteDatabase( 4701): endTransaction()
D/dalvikvm( 4701): threadid=28: exiting
D/dalvikvm( 4701): threadid=28: bye!
D/BatteryService( 1797): mBatteryVoltage=3948, batteryLevel=50
V/ActivityManager( 1797): Broadcast sticky: Intent { act=android.intent.action.ADDITIONAL_BATTERY_CHANGED flg=0x60000010 (has extras) } ordered=false userid=-1 callerApp=null
V/ActivityManager( 1797): Broadcast sticky: Intent { act=android.intent.action.BATTERY_CHANGED flg=0x60000010 (has extras) } ordered=false userid=-1 callerApp=null
D/WifiService( 1797): onReceive, action:android.intent.action.BATTERY_CHANGED
D/UsbDeviceManager( 1797): onReceive - BATTERY_CHANGED - mPlugType: 2, mSettingUsbCharging: false, mConnected: true, mSettingUsbBicr: false
D/WifiController( 1797): DeviceActiveState{ when=-1ms what=155652 arg1=2 target=com.android.internal.util.StateMachine$SmHandler target=Handler (com.android.internal.util.StateMachine$SmHandler) {432227a8} }
D/WifiController( 1797): StaEnabledState{ when=-1ms what=155652 arg1=2 target=com.android.internal.util.StateMachine$SmHandler target=Handler (com.android.internal.util.StateMachine$SmHandler) {432227a8} }
D/WifiController( 1797): DefaultState{ when=-1ms what=155652 arg1=2 target=com.android.internal.util.StateMachine$SmHandler target=Handler (com.android.internal.util.StateMachine$SmHandler) {432227a8} }
D/WifiController( 1797): battery changed pluggedType: 2
V/ActivityManager( 1797): Broadcast sticky: Intent { act=android.intent.action.ADDITIONAL_BATTERY_CHANGED flg=0x60000010 (has extras) } ordered=false userid=-1 callerApp=null
V/ActivityManager( 1797): Broadcast sticky: Intent { act=android.intent.action.ADDITIONAL_BATTERY_CHANGED flg=0x60000010 (has extras) } ordered=false userid=-1 callerApp=null
D/HeadsetStateMachine( 6191): Disconnected process message: 10
D/PowerSaveService( 4528): PowerSaveReceiver EXTRA_STATUS: status = 2, lastCharging = true
V/Provider/Settings( 1797): get setting for user 0 by user 0 so skipping cache
V/Provider/Settings( 1797):  from settings cache , name = sys_free_storage_log_interval , value = null
V/Provider/Settings( 1797): get setting for user 0 by user 0 so skipping cache
V/Provider/Settings( 1797):  from settings cache , name = disk_free_change_reporting_threshold , value = null
I/thermal_repeater(  288): oh, queryMdThermalInfo (0)Bad file number
I/thermal_repeater(  288): [recvMdThermalInfo] ret=25, strLen=127,  1, 32767,,, -1, 32767, 2
I/uSDK    ( 8420): [CAE][D][2017-12-27 17:47:23.693844][cae_softap_user_task:730][buffer fd or timeout ]
I/uSDK    ( 8420): [CAE][D][2017-12-27 17:47:23.693887][cae_su_read_buffer_to_send:630][count[0]***]
I/uSDK    ( 8420): [CAE][D][2017-12-27 17:47:23.693903][su_ctx_fd_set:692][MAX fd[-1]]
D/AES     ( 1797): AEEIOCTL_RT_MON_Kick IOCTL,lParam=0. 
D/WifiStateMachine( 1797): ConnectedState{ when=-3ms what=131155 arg1=6 target=com.android.internal.util.StateMachine$SmHandler target=Handler (com.android.internal.util.StateMachine$SmHandler) {4317edc0} }
D/WifiStateMachine( 1797): L2ConnectedState{ when=-3ms what=131155 arg1=6 target=com.android.internal.util.StateMachine$SmHandler target=Handler (com.android.internal.util.StateMachine$SmHandler) {4317edc0} }
D/WifiHW  ( 1797): enter -->wifi_send_command cmd=IFNAME=wlan0 SIGNAL_POLL
D/wpa_supplicant( 4131): RX ctrl_iface - hexdump(len=11): 53 49 47 4e 41 4c 5f 50 4f 4c 4c
D/wpa_supplicant( 4131): wlan0: Control interface command 'SIGNAL_POLL'
D/wpa_supplicant( 4131): nl80211: survey data missing!
D/wpa_supplicant( 4131): signal poll, reply_len=48
D/wpa_ctrl( 1797): reply_len=4095
D/WifiHW  ( 1797): leave --> reply=RSSI=-43
D/WifiHW  ( 1797): LINKSPEED=65
D/WifiHW  ( 1797): NOISE=9999
D/WifiHW  ( 1797): FREQUENCY=2412
D/WifiHW  ( 1797): 
D/wifi    ( 1797): doStringCommand, buf IFNAME=wlan0 SIGNAL_POLL
I/WifiStateMachine( 1797): fetchRssiAndLinkSpeedNative, newRssi:-43, newLinkSpeed:65, SSID:"60_dev_01"
D/WifiStateMachine( 1797): mRssiArray[0] = -42
D/WifiStateMachine( 1797): mRssiArray[1] = -41
D/WifiStateMachine( 1797): mRssiArray[2] = -41
D/WifiStateMachine( 1797): mRssiArray[3] = -40
D/WifiStateMachine( 1797): mRssiArray[4] = -42
D/WifiStateMachine( 1797): GetFilterRssi is : -41
D/WifiStateMachine( 1797): mLastSignalLevel:4, newSignalLevel:4
D/WifiStateMachine( 1797): fetchRssiAndLinkSpeedNative, ipAddr:2013270188
I/System.out(12358): [CDS]EAGAIN in Recvfrom
D/dalvikvm( 4701): create interp thread : stack size=128KB
D/dalvikvm( 4701): create new thread
D/dalvikvm( 4701): new thread created
D/dalvikvm( 4701): update thread list
D/dalvikvm( 4701): threadid=28: interp stack at 0x7c3fb000
D/dalvikvm( 4701): threadid=28: created from interp
D/dalvikvm( 4701): start new thread
D/dalvikvm( 4701): threadid=28: notify debugger
D/dalvikvm( 4701): threadid=28 (Thread-2052): calling run()
I/KSO_STAT( 4701): App is in background, stop update end time, ready to start a new session.
D/SQLiteDatabase( 4701): beginTransaction()
D/SQLiteDatabase( 4701): endTransaction()
D/dalvikvm( 4701): threadid=28: exiting
