D/WifiStateMachine(  719): ConnectedState{ when=-3ms what=131155 arg1=33 target=com.android.internal.util.StateMachine$SmHandler target=Handler (com.android.internal.util.StateMachine$SmHandler) {421bb670} }
D/WifiStateMachine(  719): L2ConnectedState{ when=-3ms what=131155 arg1=33 target=com.android.internal.util.StateMachine$SmHandler target=Handler (com.android.internal.util.StateMachine$SmHandler) {421bb670} }
D/WifiHW  (  719): enter -->wifi_send_command cmd=IFNAME=wlan0 SIGNAL_POLL
D/wpa_supplicant(  971): RX ctrl_iface - hexdump(len=11): 53 49 47 4e 41 4c 5f 50 4f 4c 4c
D/wpa_supplicant(  971): wlan0: Control interface command 'SIGNAL_POLL'
D/wpa_supplicant(  971): nl80211: survey data missing!
D/WifiHW  (  719): leave --> reply=RSSI=-72
D/WifiHW  (  719): LINKSPEED=58
D/WifiHW  (  719): NOISE=9999
D/WifiHW  (  719): FREQUENCY=2412
D/WifiHW  (  719): 
D/wifi    (  719): doStringCommand, buf IFNAME=wlan0 SIGNAL_POLL
I/WifiStateMachine(  719): fetchRssiAndLinkSpeedNative, newRssi:-72, newLinkSpeed:58, SSID:"60_office"
D/wpa_supplicant(  971): nl80211: Event message available
D/wpa_supplicant(  971): nl80211: Drv Event 34 (NL80211_CMD_NEW_SCAN_RESULTS) received for p2p0
D/wpa_supplicant(  971): p2p0: nl80211: New scan results available
D/wpa_supplicant(  971): p2p0: Event SCAN_RESULTS (3) received
D/wpa_supplicant(  971): nl80211: Received scan results (0 BSSes)
D/wpa_supplicant(  971): nl80211: Survey data missing
D/wpa_supplicant(  971): p2p0: BSS: Start scan result update 4147
D/wpa_supplicant(  971): BSS: last_scan_res_used=0/32 last_scan_full=0
D/wpa_supplicant(  971): p2p0: New scan results available
D/wpa_supplicant(  971): CTRL_IFACE monitor send - hexdump(len=39): 2f 64 61 74 61 2f 6d 69 73 63 2f 77 69 66 69 2f 73 6f 63 6b 65 74 73 2f 77 70 61 5f 63 74 72 6c ...
D/wpa_supplicant(  971): WPS: attr type=0x104a len=1
D/wpa_supplicant(  971): WPS: attr type=0x1044 len=1
D/wpa_supplicant(  971): WPS: attr type=0x1057 len=1
D/wpa_supplicant(  971): WPS: attr type=0x1041 len=1
D/wpa_supplicant(  971): WPS: attr type=0x103b len=1
D/wpa_supplicant(  971): WPS: attr type=0x1047 len=16
D/wpa_supplicant(  971): WPS: attr type=0x1021 len=2
D/wpa_supplicant(  971): WPS: attr type=0x1023 len=29
D/wpa_supplicant(  971): WPS: attr type=0x1024 len=7
D/wpa_supplicant(  971): WPS: attr type=0x1042 len=11
D/wpa_supplicant(  971): WPS: attr type=0x1054 len=8
D/wpa_supplicant(  971): WPS: attr type=0x1011 len=26
D/wpa_supplicant(  971): WPS: attr type=0x1008 len=2
D/wpa_supplicant(  971): WPS: attr type=0x1049 len=6
D/wpa_supplicant(  971): WPS: WFA subelement id=0 len=1
D/wpa_supplicant(  971): WPS: attr type=0x1049 len=23
D/wpa_supplicant(  971): WPS: Unknown Vendor Extension (Vendor ID 311)
D/wpa_supplicant(  971): WPS: attr type=0x104a len=1
D/wpa_supplicant(  971): WPS: attr type=0x1044 len=1
D/wpa_supplicant(  971): WPS: attr type=0x1057 len=1
D/wpa_supplicant(  971): WPS: attr type=0x1041 len=1
D/wpa_supplicant(  971): WPS: attr type=0x103b len=1
D/wpa_supplicant(  971): WPS: attr type=0x1047 len=16
D/wpa_supplicant(  971): WPS: attr type=0x1021 len=2
D/wpa_supplicant(  971): WPS: attr type=0x1023 len=29
D/wpa_supplicant(  971): WPS: attr type=0x1024 len=7
D/wpa_supplicant(  971): WPS: attr type=0x1042 len=11
D/wpa_supplicant(  971): WPS: attr type=0x1054 len=8
D/wpa_supplicant(  971): WPS: attr type=0x1011 len=26
D/wpa_supplicant(  971): WPS: attr type=0x1008 len=2
D/wpa_supplicant(  971): WPS: attr type=0x1049 len=6
D/wpa_supplicant(  971): WPS: WFA subelement id=0 len=1
D/wpa_supplicant(  971): WPS: attr type=0x1049 len=23
D/wpa_supplicant(  971): WPS: Unknown Vendor Extension (Vendor ID 311)
D/wpa_supplicant(  971): WPS: attr type=0x104a len=1
D/wpa_supplicant(  971): WPS: attr type=0x1044 len=1
D/wpa_supplicant(  971): WPS: attr type=0x1057 len=1
D/wpa_supplicant(  971): WPS: attr type=0x1041 len=1
D/wpa_supplicant(  971): WPS: attr type=0x103b len=1
D/wpa_supplicant(  971): WPS: attr type=0x1047 len=16
D/wpa_supplicant(  971): WPS: attr type=0x1021 len=2
D/wpa_supplicant(  971): WPS: attr type=0x1023 len=29
D/wpa_supplicant(  971): WPS: attr type=0x1024 len=7
D/wpa_supplicant(  971): WPS: attr type=0x1042 len=11
D/wpa_supplicant(  971): WPS: attr type=0x1054 len=8
D/wpa_supplicant(  971): WPS: attr type=0x1011 len=26
D/wpa_supplicant(  971): WPS: attr type=0x1008 len=2
D/wpa_supplicant(  971): WPS: attr type=0x1049 len=6
D/wpa_supplicant(  971): WPS: WFA subelement id=0 len=1
D/wpa_supplicant(  971): WPS: attr type=0x1049 len=23
D/wpa_supplicant(  971): WPS: Unknown Vendor Extension (Vendor ID 311)
D/wpa_supplicant(  971): CTRL_IFACE monitor send - hexdump(len=39): 2f 64 61 74 61 2f 6d 69 73 63 2f 77 69 66 69 2f 73 6f 63 6b 65 74 73 2f 77 70 61 5f 63 74 72 6c ...
D/wpa_supplicant(  971): WPS: AP[0] 46:1c:a8:22:93:af type=0 tries=0 last_attempt=-1 sec ago blacklist=0
D/wpa_supplicant(  971): WPS: AP[1] 3c:46:d8:7b:ea:0c type=0 tries=0 last_attempt=-1 sec ago blacklist=0
D/wpa_supplicant(  971): p2p0: No suitable network found
D/wpa_supplicant(  971): p2p0: Setting scan request: 5 sec 0 usec
D/wpa_supplicant(  971): p2p0: Checking for other virtual interfaces sharing same radio (phy1) in event_scan_results
D/wpa_supplicant(  971): p2p0: P2P: Station mode scan operation not pending anymore (sta_scan_pending=0 p2p_cb_on_scan_complete=0)
D/[BT3.0+HS]PAL(  172): == chip_reset_fd is set ==
D/[BT3.0+HS]PAL(  172): 
D/[BT3.0+HS]PAL(  172): invalid reply message
D/[BT3.0+HS]PAL(  172): 
I/Netd    (  146): Get netlink event, ifname: p2p0 action: 4
D/SocketClient(  146): SocketClient msg = Iface linkstate p2p0 up
D/SocketClient(  146): SocketClient sendDatalocked done: 600 Iface linkstate p2p0 up
D/wpa_supplicant(  971): RTM_NEWLINK: operstate=0 ifi_flags=0x11003 ([UP][LOWER_UP])
D/wpa_supplicant(  971): RTM_NEWLINK, IFLA_IFNAME: Interface 'p2p0' added
D/wpa_supplicant(  971): nl80211: if_removed already cleared - ignore event
D/WifiHW  (  719): [1] get event: IFNAME=p2p0 <3>CTRL-EVENT-SCAN-RESULTS 
D/WifiHW  (  719): [2] get event: IFNAME=p2p0 CTRL-EVENT-SCAN-RESULTS 
D/WifiMonitor(  719): iface p2p0
D/WifiHW  (  719): enter -->wifi_wait_on_socket buflen=2048
D/WifiHW  (  719): enter -->wifi_ctrl_recv
D/WifiHW  (  719): [1] get event: IFNAME=p2p0 <3>WPS-AP-AVAILABLE 
D/WifiHW  (  719): [2] get event: IFNAME=p2p0 WPS-AP-AVAILABLE 
D/WifiMonitor(  719): Event [IFNAME=p2p0 WPS-AP-AVAILABLE ]
D/WifiMonitor(  719): iface p2p0
W/WifiMonitor(  719): couldn't identify event type - WPS-AP-AVAILABLE 
D/WifiHW  (  719): enter -->wifi_wait_on_socket buflen=2048
D/WifiHW  (  719): enter -->wifi_ctrl_recv
D/NetdConnector(  719): RCV <- {600 Iface linkstate p2p0 up}
D/WifiP2pService(  719): InactiveState{ when=-2ms what=147461 target=com.android.internal.util.StateMachine$SmHandler target=Handler (com.android.internal.util.StateMachine$SmHandler) {421b0e30} }
D/WifiP2pService(  719): P2pEnabledState{ when=-2ms what=147461 target=com.android.internal.util.StateMachine$SmHandler target=Handler (com.android.internal.util.StateMachine$SmHandler) {421b0e30} }
D/WifiP2pService(  719): DefaultState{ when=-2ms what=147461 target=com.android.internal.util.StateMachine$SmHandler target=Handler (com.android.internal.util.StateMachine$SmHandler) {421b0e30} }
D/NetworkManagementService(  719): onEvent:600 Iface linkstate p2p0 up:5
I/Tethering(  719): interfaceLinkStateChanged p2p0, true
I/Tethering(  719): interfaceStatusChanged p2p0, true
D/ADB_SERVICES(  184): adb fdevent_process list (21) (15) 
D/ADB_SERVICES(  184): recv: CNXN 01000000 00001000 0007 host::
D/ADB_SERVICES(  184): adb: offline
D/ADB_SERVICES(  184): (null): run_transport_disconnects fd: 31
W/ADB_SERVICES(  184): entered. LS(25293) fd=16
D/ADB_SERVICES(  184): adb: online
D/ADB_SERVICES(  184): Calling send_connect 
D/WifiStateMachine(  719): ConnectedState{ when=-3ms what=131155 arg1=33 target=com.android.internal.util.StateMachine$SmHandler target=Handler (com.android.internal.util.StateMachine$SmHandler) {421bb670} }
D/WifiStateMachine(  719): L2ConnectedState{ when=-4ms what=131155 arg1=33 target=com.android.internal.util.StateMachine$SmHandler target=Handler (com.android.internal.util.StateMachine$SmHandler) {421bb670} }
D/WifiHW  (  719): enter -->wifi_send_command cmd=IFNAME=wlan0 SIGNAL_POLL
D/wpa_supplicant(  971): RX ctrl_iface - hexdump(len=11): 53 49 47 4e 41 4c 5f 50 4f 4c 4c
D/wpa_supplicant(  971): wlan0: Control interface command 'SIGNAL_POLL'
D/wpa_supplicant(  971): nl80211: survey data missing!
D/WifiHW  (  719): leave --> reply=RSSI=-70
D/WifiHW  (  719): LINKSPEED=52
D/WifiHW  (  719): NOISE=9999
D/WifiHW  (  719): FREQUENCY=2412
D/WifiHW  (  719): 
D/wifi    (  719): doStringCommand, buf IFNAME=wlan0 SIGNAL_POLL
I/WifiStateMachine(  719): fetchRssiAndLinkSpeedNative, newRssi:-70, newLinkSpeed:52, SSID:"60_office"
V/ActivityManager(  719): Broadcast sticky: Intent { act=android.net.wifi.RSSI_CHANGED flg=0x4000010 (has extras) } ordered=false userid=-1 callerApp=ProcessRecord{41fff248 719:system/1000}
D/WifiWatchdogStateMachine(  719): RSSI current: 2 new: -70, 3
D/StatusBar.NetworkController(  838): onReceive, intent action = android.net.wifi.RSSI_CHANGED
D/StatusBar.NetworkController(  838): updateWifiState: mWifiLevel = 3  mWifiRssi=-70 mWifiConnected is true
D/SIMHelper(  838): isSimInserted(0), SimInserted=false
D/StatusBar.NetworkController(  838): refreshViews(0), DataConnected=false simColorId = -1
D/StatusBar.NetworkController(  838): refreshViews(0), set parameters to signal cluster view.
D/SignalClusterView(  838): setWifiIndicators, visible=true, strengthIcon=com.mediatek.systemui.ext.IconIdWrapper@41da64f0, activityIcon=com.mediatek.systemui.ext.IconIdWrapper@41da6508, contentDescription=WLAN 
D/StatusBar.NetworkController(  838): refreshViews(0), tempPhoneSignalIconId.0 = 0  tempPhoneSignalIconId.1 = 0  tempMobileActivityIconId= 0  tempDataTypeIconId= 0
D/SignalClusterView(  838): setMobileDataIndicators(0), visible=true, strengthIcon[0] ~ [1] 0 ~ 0
D/SignalClusterView(  838): setIsAirplaneMode=false
D/SignalClusterView(  838): setRoamingFlagandResource(0), roaming=false, roamingId=0
D/SignalClusterView(  838): setShowSimIndicator(0), showSimIndicator=false simIndicatorResource = 0
D/SignalClusterView(  838): setDataNetType3G(0), NetworkType=null
D/SignalClusterView(  838): apply(), mWifiVisible is true
D/SIMHelper(  838): isSimInserted(0), SimInserted=false
D/SignalClusterView(  838): apply(), slotId=0, mMobileVisible=true, mShouldMobileGroupVisible=true
D/SignalClusterView(  838): apply(), slotId=0, mRoaming=false mMobileActivityId=0 mMobileTypeId=0 mMobileStrengthId[0] = 0 mMobileStrengthId[1] = 0
D/SIMHelper(  838): isSimInserted(0), SimInserted=false
D/SignalClusterView(  838): apply(). mIsAirplaneMode is false, NWType slot(0) is 8
D/wpa_supplicant(  971): p2p0: Starting AP scan for wildcard SSID
D/wpa_supplicant(  971): WPS: Building WPS IE for Probe Request
D/wpa_supplicant(  971): WPS:  * Version (hardcoded 0x10)
D/wpa_supplicant(  971): WPS:  * Request Type
D/wpa_supplicant(  971): WPS:  * Config Methods (4388)
D/wpa_supplicant(  971): WPS:  * UUID-E
D/wpa_supplicant(  971): WPS:  * Primary Device Type
D/wpa_supplicant(  971): WPS:  * RF Bands (1)
D/wpa_supplicant(  971): WPS:  * Association State
D/wpa_supplicant(  971): WPS:  * Configuration Error (0)
D/wpa_supplicant(  971): WPS:  * Device Password ID (0)
D/wpa_supplicant(  971): WPS:  * Manufacturer
D/wpa_supplicant(  971): WPS:  * Model Name
D/wpa_supplicant(  971): WPS:  * Model Number
D/wpa_supplicant(  971): WPS:  * Device Name
D/wpa_supplicant(  971): WPS:  * Version2 (0x20)
D/wpa_supplicant(  971): P2P: * P2P IE header
D/wpa_supplicant(  971): P2P: * Capability dev=25 group=00
D/wpa_supplicant(  971): P2P: * Listen Channel: Regulatory Class 81 Channel 1
D/wpa_supplicant(  971): p2p0: nl80211: scan request
D/wpa_supplicant(  971): nl80211: Scan SSID - hexdump(len=0): [NULL]
D/wpa_supplicant(  971): nl80211: Scan extra IEs - hexdump(len=168): dd 93 00 50 f2 04 10 4a 00 01 10 10 3a 00 01 00 10 08 00 02 43 88 10 47 00 10 ff f5 ef c9 8b bb ...
D/wpa_supplicant(  971): Scan requested (ret=0) - scan timeout 30 seconds
D/wpa_supplicant(  971): nl80211: Event message available
D/wpa_supplicant(  971): nl80211: Drv Event 33 (NL80211_CMD_TRIGGER_SCAN) received for p2p0
D/wpa_supplicant(  971): p2p0: nl80211: Scan trigger
D/[BT3.0+HS]PAL(  172): == chip_reset_fd is set ==
D/[BT3.0+HS]PAL(  172): 
D/[BT3.0+HS]PAL(  172): invalid reply message
D/[BT3.0+HS]PAL(  172): 
D/dalvikvm(  719): threadid=75: exiting
D/dalvikvm(  719): threadid=75: detach (group=0x41863ce0)
D/dalvikvm(  719): threadid=75: removing from list
D/dalvikvm(  719): threadid=75: bye!
W/ADB_SERVICES(  184): create_local_service_socket() name=shell:wm size
W/ADB_SERVICES(  184): service_to_fd() name=shell:wm size
W/ADB_SERVICES(  184): read_meminfo() mem_free=37816
W/ADB_SERVICES(  184): create_subprocess() ret_fd=15 pid=28403
W/ADB_SERVICES(  184): LS(25483): bound to 'shell:wm size' via 15
D/ADB_SERVICES(  184): adb local_socket_ready list (15) 
W/ADB_SERVICES(28403): adb: unable to open /proc/28403/oom_adj
W/ADB_SERVICES(  184): create_local_service_socket() name=shell:
W/ADB_SERVICES(  184): service_to_fd() name=shell:
W/ADB_SERVICES(  184): read_meminfo() mem_free=37784
W/ADB_SERVICES(  184): create_subprocess() ret_fd=16 pid=28404
W/ADB_SERVICES(  184): LS(25484): bound to 'shell:' via 16
W/ADB_SERVICES(28404): adb: unable to open /proc/28404/oom_adj
D/wpa_supplicant(  971): nl80211: Event message available
D/wpa_supplicant(  971): nl80211: Drv Event 34 (NL80211_CMD_NEW_SCAN_RESULTS) received for p2p0
D/wpa_supplicant(  971): p2p0: nl80211: New scan results available
D/wpa_supplicant(  971): p2p0: Event SCAN_RESULTS (3) received
D/wpa_supplicant(  971): nl80211: Received scan results (1 BSSes)
D/wpa_supplicant(  971): nl80211: Survey data missing
D/wpa_supplicant(  971): Sorted scan results
D/wpa_supplicant(  971): 46:1c:a8:22:93:af freq=2437 qual=0 noise=0 level=0 flags=0xb age=0
D/wpa_supplicant(  971): IEs - hexdump(len=542): 00 1a 44 49 52 45 43 54 2d 61 66 2d 48 50 20 4d 32 37 37 20 4c 61 73 65 72 4a 65 74 01 08 8c 12 ...
D/wpa_supplicant(  971): Beacon IEs - hexdump(len=384): 00 1a 44 49 52 45 43 54 2d 61 66 2d 48 50 20 4d 32 37 37 20 4c 61 73 65 72 4a 65 74 01 08 8c 12 ...
D/wpa_supplicant(  971): p2p0: BSS: Start scan result update 4148
D/wpa_supplicant(  971): BSS: last_scan_res_used=1/32 last_scan_full=0
D/wpa_supplicant(  971): Add randomness: count=6702 entropy=913
D/wpa_supplicant(  971): random pool - hexdump(len=128): [REMOVED]
D/wpa_supplicant(  971): random_mix_pool - hexdump(len=8): [REMOVED]
D/wpa_supplicant(  971): random_mix_pool - hexdump(len=5): [REMOVED]
D/wpa_supplicant(  971): random pool - hexdump(len=128): [REMOVED]
D/wpa_supplicant(  971): p2p0: New scan results available
D/wpa_supplicant(  971): CTRL_IFACE monitor send - hexdump(len=39): 2f 64 61 74 61 2f 6d 69 73 63 2f 77 69 66 69 2f 73 6f 63 6b 65 74 73 2f 77 70 61 5f 63 74 72 6c ...
D/wpa_supplicant(  971): WPS: attr type=0x104a len=1
D/wpa_supplicant(  971): WPS: attr type=0x1044 len=1
D/wpa_supplicant(  971): WPS: attr type=0x1057 len=1
D/wpa_supplicant(  971): WPS: attr type=0x1041 len=1
D/wpa_supplicant(  971): WPS: attr type=0x103b len=1
D/wpa_supplicant(  971): WPS: attr type=0x1047 len=16
D/wpa_supplicant(  971): WPS: attr type=0x1021 len=2
D/wpa_supplicant(  971): WPS: attr type=0x1023 len=29
D/wpa_supplicant(  971): WPS: attr type=0x1024 len=7
D/wpa_supplicant(  971): WPS: attr type=0x1042 len=11
D/wpa_supplicant(  971): WPS: attr type=0x1054 len=8
D/wpa_supplicant(  971): WPS: attr type=0x1011 len=26
D/wpa_supplicant(  971): WPS: attr type=0x1008 len=2
D/wpa_supplicant(  971): WPS: attr type=0x1049 len=6
D/wpa_supplicant(  971): WPS: WFA subelement id=0 len=1
D/wpa_supplicant(  971): WPS: attr type=0x1049 len=23
D/wpa_supplicant(  971): WPS: Unknown Vendor Extension (Vendor ID 311)
D/wpa_supplicant(  971): WPS: attr type=0x104a len=1
D/wpa_supplicant(  971): WPS: attr type=0x1044 len=1
D/wpa_supplicant(  971): WPS: attr type=0x1057 len=1
D/wpa_supplicant(  971): WPS: attr type=0x1041 len=1
D/wpa_supplicant(  971): WPS: attr type=0x103b len=1
D/wpa_supplicant(  971): WPS: attr type=0x1047 len=16
D/wpa_supplicant(  971): WPS: attr type=0x1021 len=2
D/wpa_supplicant(  971): WPS: attr type=0x1023 len=29
D/wpa_supplicant(  971): WPS: attr type=0x1024 len=7
D/wpa_supplicant(  971): WPS: attr type=0x1042 len=11
D/wpa_supplicant(  971): WPS: attr type=0x1054 len=8
D/wpa_supplicant(  971): WPS: attr type=0x1011 len=26
D/wpa_supplicant(  971): WPS: attr type=0x1008 len=2
D/wpa_supplicant(  971): WPS: attr type=0x1049 len=6
D/wpa_supplicant(  971): WPS: WFA subelement id=0 len=1
D/wpa_supplicant(  971): WPS: attr type=0x1049 len=23
D/wpa_supplicant(  971): WPS: Unknown Vendor Extension (Vendor ID 311)
D/wpa_supplicant(  971): WPS: attr type=0x104a len=1
D/wpa_supplicant(  971): WPS: attr type=0x1044 len=1
D/wpa_supplicant(  971): WPS: attr type=0x1057 len=1
D/wpa_supplicant(  971): WPS: attr type=0x1041 len=1
D/wpa_supplicant(  971): WPS: attr type=0x103b len=1
D/wpa_supplicant(  971): WPS: attr type=0x1047 len=16
D/wpa_supplicant(  971): WPS: attr type=0x1021 len=2
D/wpa_supplicant(  971): WPS: attr type=0x1023 len=29
D/wpa_supplicant(  971): WPS: attr type=0x1024 len=7
D/wpa_supplicant(  971): WPS: attr type=0x1042 len=11
D/wpa_supplicant(  971): WPS: attr type=0x1054 len=8
D/wpa_supplicant(  971): WPS: attr type=0x1011 len=26
D/wpa_supplicant(  971): WPS: attr type=0x1008 len=2
D/wpa_supplicant(  971): WPS: attr type=0x1049 len=6
D/wpa_supplicant(  971): WPS: WFA subelement id=0 len=1
D/wpa_supplicant(  971): WPS: attr type=0x1049 len=23
D/wpa_supplicant(  971): WPS: Unknown Vendor Extension (Vendor ID 311)
D/wpa_supplicant(  971): CTRL_IFACE monitor send - hexdump(len=39): 2f 64 61 74 61 2f 6d 69 73 63 2f 77 69 66 69 2f 73 6f 63 6b 65 74 73 2f 77 70 61 5f 63 74 72 6c ...
D/wpa_supplicant(  971): WPS: attr type=0x104a len=1
D/wpa_supplicant(  971): WPS: attr type=0x1044 len=1
D/wpa_supplicant(  971): WPS: attr type=0x1057 len=1
D/wpa_supplicant(  971): WPS: attr type=0x1041 len=1
D/wpa_supplicant(  971): WPS: attr type=0x103b len=1
D/wpa_supplicant(  971): WPS: attr type=0x1047 len=16
D/wpa_supplicant(  971): WPS: attr type=0x1021 len=2
D/wpa_supplicant(  971): WPS: attr type=0x1023 len=29
D/wpa_supplicant(  971): WPS: attr type=0x1024 len=7
D/wpa_supplicant(  971): WPS: attr type=0x1042 len=11
D/wpa_supplicant(  971): WPS: attr type=0x1054 len=8
D/wpa_supplicant(  971): WPS: attr type=0x1011 len=26
D/wpa_supplicant(  971): WPS: attr type=0x1008 len=2
D/wpa_supplicant(  971): WPS: attr type=0x1049 len=6
D/wpa_supplicant(  971): WPS: WFA subelement id=0 len=1
D/wpa_supplicant(  971): WPS: attr type=0x1049 len=23
D/wpa_supplicant(  971): WPS: Unknown Vendor Extension (Vendor ID 311)
D/wpa_supplicant(  971): WPS: AP[0] 46:1c:a8:22:93:af type=0 tries=0 last_attempt=-1 sec ago blacklist=0
D/wpa_supplicant(  971): WPS: AP[1] 3c:46:d8:7b:ea:0c type=0 tries=0 last_attempt=-1 sec ago blacklist=0
D/wpa_supplicant(  971): p2p0: Selecting BSS from priority group 0
D/wpa_supplicant(  971): p2p0: 0: 46:1c:a8:22:93:af ssid='DIRECT-af-HP M277 LaserJet' wpa_ie_len=0 rsn_ie_len=20 caps=0x511 level=0 wps
D/wpa_supplicant(  971): p2p0:    skip - SSID mismatch
D/wpa_supplicant(  971): p2p0: No suitable network found
D/wpa_supplicant(  971): p2p0: Setting scan request: 5 sec 0 usec
D/wpa_supplicant(  971): p2p0: Checking for other virtual interfaces sharing same radio (phy1) in event_scan_results
D/wpa_supplicant(  971): p2p0: P2P: Station mode scan operation not pending anymore (sta_scan_pending=0 p2p_cb_on_scan_complete=0)
D/[BT3.0+HS]PAL(  172): == chip_reset_fd is set ==
D/[BT3.0+HS]PAL(  172): 
D/[BT3.0+HS]PAL(  172): invalid reply message
D/[BT3.0+HS]PAL(  172): 
D/WifiHW  (  719): [1] get event: IFNAME=p2p0 <3>CTRL-EVENT-SCAN-RESULTS 
D/WifiHW  (  719): [2] get event: IFNAME=p2p0 CTRL-EVENT-SCAN-RESULTS 
D/WifiMonitor(  719): iface p2p0
D/WifiHW  (  719): enter -->wifi_wait_on_socket buflen=2048
D/WifiHW  (  719): enter -->wifi_ctrl_recv
D/WifiHW  (  719): [1] get event: IFNAME=p2p0 <3>WPS-AP-AVAILABLE 
D/WifiHW  (  719): [2] get event: IFNAME=p2p0 WPS-AP-AVAILABLE 
D/WifiMonitor(  719): Event [IFNAME=p2p0 WPS-AP-AVAILABLE ]
D/WifiMonitor(  719): iface p2p0
W/WifiMonitor(  719): couldn't identify event type - WPS-AP-AVAILABLE 
D/WifiHW  (  719): enter -->wifi_wait_on_socket buflen=2048
D/WifiHW  (  719): enter -->wifi_ctrl_recv
D/WifiP2pService(  719): InactiveState{ when=-1ms what=147461 target=com.android.internal.util.StateMachine$SmHandler target=Handler (com.android.internal.util.StateMachine$SmHandler) {421b0e30} }
D/WifiP2pService(  719): P2pEnabledState{ when=-1ms what=147461 target=com.android.internal.util.StateMachine$SmHandler target=Handler (com.android.internal.util.StateMachine$SmHandler) {421b0e30} }
D/WifiP2pService(  719): DefaultState{ when=-1ms what=147461 target=com.android.internal.util.StateMachine$SmHandler target=Handler (com.android.internal.util.StateMachine$SmHandler) {421b0e30} }
I/Netd    (  146): Get netlink event, ifname: p2p0 action: 4
D/SocketClient(  146): SocketClient msg = Iface linkstate p2p0 up
D/SocketClient(  146): SocketClient sendDatalocked done: 600 Iface linkstate p2p0 up
D/wpa_supplicant(  971): RTM_NEWLINK: operstate=0 ifi_flags=0x11003 ([UP][LOWER_UP])
D/wpa_supplicant(  971): RTM_NEWLINK, IFLA_IFNAME: Interface 'p2p0' added
D/wpa_supplicant(  971): nl80211: if_removed already cleared - ignore event
D/NetdConnector(  719): RCV <- {600 Iface linkstate p2p0 up}
D/NetworkManagementService(  719): onEvent:600 Iface linkstate p2p0 up:5
I/Tethering(  719): interfaceLinkStateChanged p2p0, true
I/Tethering(  719): interfaceStatusChanged p2p0, true
D/ADB_SERVICES(  184): adb socket read list (15) (16) 
D/ADB_SERVICES(  184): read_data=9920
D/ADB_SERVICES(  184): max_read_time=0.000155 max_send_time=0.000058 
D/WifiStateMachine(  719): ConnectedState{ when=-3ms what=131155 arg1=33 target=com.android.internal.util.StateMachine$SmHandler target=Handler (com.android.internal.util.StateMachine$SmHandler) {421bb670} }
D/WifiStateMachine(  719): L2ConnectedState{ when=-3ms what=131155 arg1=33 target=com.android.internal.util.StateMachine$SmHandler target=Handler (com.android.internal.util.StateMachine$SmHandler) {421bb670} }
D/WifiHW  (  719): enter -->wifi_send_command cmd=IFNAME=wlan0 SIGNAL_POLL
D/wpa_supplicant(  971): RX ctrl_iface - hexdump(len=11): 53 49 47 4e 41 4c 5f 50 4f 4c 4c
D/wpa_supplicant(  971): wlan0: Control interface command 'SIGNAL_POLL'
D/wpa_supplicant(  971): nl80211: survey data missing!
D/WifiHW  (  719): leave --> reply=RSSI=-70
D/WifiHW  (  719): LINKSPEED=52
D/WifiHW  (  719): NOISE=9999
D/WifiHW  (  719): FREQUENCY=2412
D/WifiHW  (  719): 
D/wifi    (  719): doStringCommand, buf IFNAME=wlan0 SIGNAL_POLL
I/WifiStateMachine(  719): fetchRssiAndLinkSpeedNative, newRssi:-70, newLinkSpeed:52, SSID:"60_office"
D/AndroidRuntime(28403): 
D/AndroidRuntime(28403): >>>>>> AndroidRuntime START com.android.internal.os.RuntimeInit <<<<<<
D/AndroidRuntime(28403): CheckJNI is OFF
D/AndroidRuntime(28403): language=-Duser.language=zh region=-Duser.region=CN
D/dalvikvm(28403): boot class : 
D/dalvikvm(28403):   (0) core.jar
D/dalvikvm(28403):   (1) conscrypt.jar
D/dalvikvm(28403):   (2) okhttp.jar
D/dalvikvm(28403):   (3) core-junit.jar
D/dalvikvm(28403):   (4) bouncycastle.jar
D/dalvikvm(28403):   (5) ext.jar
D/dalvikvm(28403):   (6) framework.jar
D/dalvikvm(28403):   (7) framework2.jar
D/dalvikvm(28403):   (8) telephony-common.jar
D/dalvikvm(28403):   (9) voip-common.jar
D/dalvikvm(28403):   (10) mms-common.jar
D/dalvikvm(28403):   (11) android.policy.jar
D/dalvikvm(28403):   (12) services.jar
D/dalvikvm(28403):   (13) apache-xml.jar
D/dalvikvm(28403):   (14) webviewchromium.jar
D/dalvikvm(28403):   (15) mediatek-common.jar
D/dalvikvm(28403):   (16) mediatek-framework.jar
D/dalvikvm(28403):   (17) CustomProperties.jar
D/dalvikvm(28403):   (18) mediatek-telephony-common.jar
D/dalvikvm(28403):   (19) mediatek-tablet.jar
D/dalvikvm(28403):   (20) am.jar
D/dalvikvm(28403): threadid=1: interp stack at 0x6d6db000
D/dalvikvm(28403): Trying to load lib libjavacore.so 0x0
D/dalvikvm(28403): Added shared lib libjavacore.so 0x0
D/dalvikvm(28403): Trying to load lib libnativehelper.so 0x0
D/dalvikvm(28403): Added shared lib libnativehelper.so 0x0
D/dalvikvm(28403): No JNI_OnLoad found in libnativehelper.so 0x0, skipping init
D/dalvikvm(28403): +++ finishing prep on main VM thread
D/dalvikvm(28403): create interp thread : stack size=128KB
D/dalvikvm(28403): create new thread
D/dalvikvm(28403): new thread created
D/dalvikvm(28403): update thread list
D/dalvikvm(28403): threadid=2: interp stack at 0x717fd000
D/dalvikvm(28403): threadid=2: created from interp
D/dalvikvm(28403): threadid=2: adding to list
D/dalvikvm(28403): start new thread
D/dalvikvm(28403): create interp thread : stack size=128KB
D/dalvikvm(28403): create new thread
D/dalvikvm(28403): new thread created
D/dalvikvm(28403): update thread list
D/dalvikvm(28403): threadid=2: notify debugger
D/dalvikvm(28403): threadid=2 (ReferenceQueueDaemon): calling run()
D/dalvikvm(28403): threadid=3: interp stack at 0x7191e000
D/dalvikvm(28403): threadid=3: created from interp
D/dalvikvm(28403): threadid=3: adding to list
D/dalvikvm(28403): start new thread
D/dalvikvm(28403): create interp thread : stack size=128KB
D/dalvikvm(28403): create new thread
D/dalvikvm(28403): new thread created
D/dalvikvm(28403): update thread list
D/dalvikvm(28403): threadid=3: notify debugger
D/dalvikvm(28403): threadid=3 (FinalizerDaemon): calling run()
D/dalvikvm(28403): threadid=4: interp stack at 0x71a3f000
D/dalvikvm(28403): threadid=4: created from interp
D/dalvikvm(28403): threadid=4: adding to list
D/dalvikvm(28403): start new thread
D/dalvikvm(28403): threadid=4: notify debugger
D/dalvikvm(28403): threadid=4 (FinalizerWatchdogDaemon): calling run()
D/dalvikvm(28403): threadid=5: interp stack at 0x71c60000
D/dalvikvm(28403): threadid=5: adding to list (attached)
D/dalvikvm(28403): threadid=5: attached from native, name=GC
D/dalvikvm(28403): threadid=5: internal 'GC'
D/dalvikvm(28403): threadid=6: interp stack at 0x71d81000
D/dalvikvm(28403): threadid=6: adding to list (attached)
D/dalvikvm(28403): threadid=6: attached from native, name=Signal Catcher
D/jdwp    (28403): prepping for JDWP over ADB
D/dalvikvm(28403): threadid=6: internal 'Signal Catcher'
D/dalvikvm(28403): Elevating priority from 0 to -8
D/dalvikvm(28403): threadid=7: interp stack at 0x71ea5000
D/dalvikvm(28403): threadid=7: adding to list (attached)
D/dalvikvm(28403): threadid=7: attached from native, name=JDWP
D/dalvikvm(28403): threadid=7: internal 'JDWP'
D/jdwp    (28403): JDWP: thread running
D/ADB_SERVICES(  184): Adding socket 33 pid 28403 to jdwp process list
D/jdwp    (28403): trying to receive file descriptor from ADB
D/dalvikvm(28403): threadid=8: interp stack at 0x71fc5000
D/dalvikvm(28403): threadid=8: adding to list (attached)
D/dalvikvm(28403): threadid=8: attached from native, name=Compiler
D/dalvikvm(28403): threadid=8: internal 'Compiler'
D/dalvikvm(28403): threadid=8: SuspendAll starting
D/dalvikvm(28403): threadid=1: self-suspending
E/cutils-trace(28403): Error opening trace file: No such file or directory (2)
D/dalvikvm(28403): threadid=8:   threadid=1 status=9 sc=1 dc=0
D/dalvikvm(28403): threadid=8:   threadid=7 status=8 sc=1 dc=0
D/dalvikvm(28403): threadid=8:   threadid=6 status=8 sc=1 dc=0
D/dalvikvm(28403): threadid=8:   threadid=5 status=8 sc=1 dc=0
D/dalvikvm(28403): threadid=8:   threadid=4 status=4 sc=1 dc=0
D/dalvikvm(28403): threadid=8:   threadid=3 status=4 sc=1 dc=0
D/dalvikvm(28403): threadid=8:   threadid=2 status=4 sc=1 dc=0
D/dalvikvm(28403): threadid=8: SuspendAll complete : 1
D/dalvikvm(28403): threadid=8: ResumeAll starting
D/dalvikvm(28403): threadid=8: ResumeAll waking others
D/dalvikvm(28403): threadid=8: ResumeAll complete
D/dalvikvm(28403): threadid=1: self-reviving, status=1
D/dalvikvm(28403): Note: class Landroid/app/ActivityManagerNative; has 188 unimplemented (abstract) methods
E/memtrack(28403): Couldn't load memtrack module (No such file or directory)
E/android.os.Debug(28403): failed to load memtrack module: -2
D/AndroidRuntime(28403): Calling main entry com.android.commands.wm.Wm
D/dalvikvm(28403): threadid=9: interp stack at 0x724a5000
D/dalvikvm(28403): threadid=9: adding to list (attached)
D/dalvikvm(28403): threadid=9: attached from native, name=Binder_1
D/dalvikvm(28403): threadid=10: interp stack at 0x725c5000
D/dalvikvm(28403): threadid=10: adding to list (attached)
D/dalvikvm(28403): threadid=10: attached from native, name=Binder_2
D/dalvikvm(28403): threadid=9: detach (group=0x4183bce0)
D/AndroidRuntime(28403): Shutting down VM
D/dalvikvm(28403): threadid=10: detach (group=0x4183bce0)
D/dalvikvm(28403): threadid=1: detach (group=0x4183bce0)
D/dalvikvm(28403): threadid=9: removing from list
D/dalvikvm(28403): threadid=9: bye!
D/dalvikvm(28403): threadid=10: removing from list
D/dalvikvm(28403): threadid=10: bye!
D/dalvikvm(28403): threadid=1: removing from list
D/dalvikvm(28403): threadid=1: last non-daemon thread
D/dalvikvm(28403): threadid=1: bye!
D/dalvikvm(28403): DestroyJavaVM waiting for non-daemon threads to exit
D/dalvikvm(28403): DestroyJavaVM shutting VM down
D/dalvikvm(28403): VM shutting down
D/dalvikvm(28403): threadid=5: SuspendAll starting
D/dalvikvm(28403): threadid=5:   threadid=8 status=8 sc=1 dc=0
D/dalvikvm(28403): threadid=5:   threadid=7 status=8 sc=1 dc=0
D/dalvikvm(28403): threadid=5:   threadid=6 status=8 sc=1 dc=0
D/dalvikvm(28403): threadid=5:   threadid=4 status=4 sc=1 dc=0
D/dalvikvm(28403): threadid=5:   threadid=3 status=4 sc=1 dc=0
D/dalvikvm(28403): threadid=5:   threadid=2 status=4 sc=1 dc=0
D/dalvikvm(28403): threadid=5: SuspendAll complete : 1
D/dalvikvm(28403): threadid=5: ResumeAll starting
D/dalvikvm(28403): threadid=5: ResumeAll waking others
D/dalvikvm(28403): threadid=5: ResumeAll complete
D/dalvikvm(28403): threadid=5: SuspendAll starting
D/dalvikvm(28403): threadid=5:   threadid=8 status=8 sc=1 dc=0
D/dalvikvm(28403): threadid=5:   threadid=7 status=8 sc=1 dc=0
D/dalvikvm(28403): threadid=5:   threadid=6 status=8 sc=1 dc=0
D/dalvikvm(28403): threadid=5:   threadid=4 status=4 sc=1 dc=0
D/dalvikvm(28403): threadid=5:   threadid=3 status=4 sc=1 dc=0
D/dalvikvm(28403): threadid=5:   threadid=2 status=4 sc=1 dc=0
D/dalvikvm(28403): threadid=5: SuspendAll complete : 1
D/dalvikvm(28403): threadid=5: ResumeAll starting
D/dalvikvm(28403): threadid=5: ResumeAll waking others
D/dalvikvm(28403): threadid=5: ResumeAll complete
D/dalvikvm(28403): GC_CONCURRENT freed 95K (975), 15% free 586K/684K, paused 1ms+1ms, total 6ms
D/dalvikvm(28403): threadid=5: detach (group=0x4183b9b8)
D/dalvikvm(28403): threadid=5: removing from list
D/dalvikvm(28403): threadid=5: bye!
D/jdwp    (28403): JDWP shutting down net...
D/jdwp    (28403): +++ writing to wakePipe
E/jdwp    (28403): jdwp::setsockopt(SO_SNDTIMEO)
E/jdwp    (28403): jdwp::setsockopt(SO_RCVTIMEO)
D/jdwp    (28403): JDWP: thread exiting
D/dalvikvm(28403): threadid=7: detach (group=0x4183b9b8)
W/ADB_SERVICES(  184): terminating JDWP 28403 connection: Try again
D/ADB_SERVICES(  184): remove pid 28403 to jdwp process list
D/dalvikvm(28403): threadid=7: removing from list
D/dalvikvm(28403): threadid=7: bye!
D/jdwp    (28403): JDWP freeing netstate...
I/dalvikvm(28403): threadid=6: ignore signal 3
D/dalvikvm(28403): threadid=6: detach (group=0x4183b9b8)
D/dalvikvm(28403): threadid=6: removing from list
D/dalvikvm(28403): threadid=6: bye!
D/dalvikvm(28403): 112 compilations using 4096 + 13308 bytes
D/dalvikvm(28403): Compiler arena uses 7 blocks (8100 bytes each)
D/dalvikvm(28403): Compiler work queue length is 0/9
D/dalvikvm(28403): JIT: table size is 4096, entries used is 119
D/dalvikvm(28403): JIT: 119 traces, 4096 slots, 4 chains, 40 thresh, Non-blocking
D/dalvikvm(28403): JIT: 64 Translation chains, 6 interp stubs
D/dalvikvm(28403): dalvik.vm.jit.op = 0-2,7,a,c,e-f,11-14,1c-1e,21-23,28,2c,32-39,44,46,48-49,4b,4d,50,52,54-55,59,62,65,70-71,8e,90,95-96,b0-b1,b5,b7,d5,d8,da,dd,e0-e2,ee,f0,f2,f4-f5,f8,
D/dalvikvm(28403): Code size stats: 0/704 (compiled/total Dalvik), 0 (native)
D/dalvikvm(28403): Compiler thread shutting down
D/dalvikvm(28403): threadid=8: detach (group=0x4183b9b8)
D/dalvikvm(28403): threadid=8: removing from list
D/dalvikvm(28403): threadid=8: bye!
D/dalvikvm(28403): Compiler thread has shut down
D/dalvikvm(28403): threadid=0: suspending daemon id=4 name='FinalizerWatchdogDaemon'
D/dalvikvm(28403): threadid=0: suspending daemon id=3 name='FinalizerDaemon'
D/dalvikvm(28403): threadid=0: suspending daemon id=2 name='ReferenceQueueDaemon'
D/dalvikvm(28403): threadid=0: all daemons have suspended
D/dalvikvm(28403): VM cleaning up
D/dalvikvm(28403): LinearAlloc 0x0 used 1341756 of 16777216 (7%)
D/dalvikvm(28403): -class
D/dalvikvm(28403): -RegisterMap
D/dalvikvm(28403): -Instanceof
D/dalvikvm(28403): -InlineNative
D/dalvikvm(28403): -GC
D/dalvikvm(28403): -AllocTracker
D/dalvikvm(28403): -Native
D/dalvikvm(28403): -InternalNative
D/dalvikvm(28403): -InlineSubsTable
D/dalvikvm(28403): -AssertionCtrl
D/dalvikvm(28403): -QuasiAtomics
D/ADB_SERVICES(  184):  closing because is_eof=1 r=-1 s->fde.force_eof=0
W/ADB_SERVICES(  184): entered. LS(25483) fd=15
W/ADB_SERVICES(  184): create_local_service_socket() name=shell:cat /proc/meminfo
W/ADB_SERVICES(  184): service_to_fd() name=shell:cat /proc/meminfo
W/ADB_SERVICES(  184): read_meminfo() mem_free=36472
W/ADB_SERVICES(  184): create_subprocess() ret_fd=15 pid=28422
W/ADB_SERVICES(  184): LS(25485): bound to 'shell:cat /proc/meminfo' via 15
W/ADB_SERVICES(28422): adb: unable to open /proc/28422/oom_adj
D/ADB_SERVICES(  184):  closing because is_eof=1 r=1 s->fde.force_eof=0
W/ADB_SERVICES(  184): entered. LS(25485) fd=15
W/ADB_SERVICES(  184): create_local_service_socket() name=shell:cat /system/build.prop
W/ADB_SERVICES(  184): service_to_fd() name=shell:cat /system/build.prop
W/ADB_SERVICES(  184): read_meminfo() mem_free=36528
W/ADB_SERVICES(  184): create_subprocess() ret_fd=15 pid=28423
W/ADB_SERVICES(  184): LS(25486): bound to 'shell:cat /system/build.prop' via 15
W/ADB_SERVICES(28423): adb: unable to open /proc/28423/oom_adj
D/ADB_SERVICES(  184):  closing because is_eof=1 r=1 s->fde.force_eof=0
W/ADB_SERVICES(  184): entered. LS(25486) fd=15
W/ADB_SERVICES(  184): create_local_service_socket() name=shell:cat /proc/cpuinfo
W/ADB_SERVICES(  184): service_to_fd() name=shell:cat /proc/cpuinfo
W/ADB_SERVICES(  184): read_meminfo() mem_free=36472
W/ADB_SERVICES(  184): create_subprocess() ret_fd=15 pid=28424
W/ADB_SERVICES(  184): LS(25487): bound to 'shell:cat /proc/cpuinfo' via 15
W/ADB_SERVICES(28424): adb: unable to open /proc/28424/oom_adj
D/ADB_SERVICES(  184):  closing because is_eof=1 r=1 s->fde.force_eof=0
W/ADB_SERVICES(  184): entered. LS(25487) fd=15
W/ADB_SERVICES(  184): create_local_service_socket() name=shell:monkey -p com.sixtyplus.nidfit.treadmill.app --throttle 50 --ignore-crashes --ignore-timeouts --monitor-native-crashes -v -v -v 500000
W/ADB_SERVICES(  184): service_to_fd() name=shell:monkey -p com.sixtyplus.nidfit.treadmill.app --throttle 50 --ignore-crashes --ignore-timeouts --monitor-native-crashes -v -v -v 500000
W/ADB_SERVICES(  184): read_meminfo() mem_free=36528
W/ADB_SERVICES(  184): create_subprocess() ret_fd=15 pid=28425
W/ADB_SERVICES(  184): LS(25488): bound to 'shell:monkey -p com.sixtyplus.nidfit.treadmill.app --throttle 50 --ignore-crashes --ignore-timeouts --monitor-native-crashes -v -v -v 500000' via 15
W/ADB_SERVICES(28425): adb: unable to open /proc/28425/oom_adj
W/ADB_SERVICES(  184): create_local_service_socket() name=shell:export ANDROID_LOG_TAGS="" ; exec logcat -d
W/ADB_SERVICES(  184): service_to_fd() name=shell:export ANDROID_LOG_TAGS="" ; exec logcat -d
W/ADB_SERVICES(  184): read_meminfo() mem_free=36464
W/ADB_SERVICES(  184): create_subprocess() ret_fd=33 pid=28426
W/ADB_SERVICES(  184): LS(25489): bound to 'shell:export ANDROID_LOG_TAGS="" ; exec logcat -d' via 33
W/ADB_SERVICES(28426): adb: unable to open /proc/28426/oom_adj
W/ADB_SERVICES(  184): create_local_service_socket() name=shell:cat /data/anr/traces.txt
W/ADB_SERVICES(  184): service_to_fd() name=shell:cat /data/anr/traces.txt
W/ADB_SERVICES(  184): read_meminfo() mem_free=36440
W/ADB_SERVICES(  184): create_subprocess() ret_fd=36 pid=28427
W/ADB_SERVICES(  184): LS(25490): bound to 'shell:cat /data/anr/traces.txt' via 36
W/ADB_SERVICES(28427): adb: unable to open /proc/28427/oom_adj
D/ADB_SERVICES(  184):  closing because is_eof=1 r=-1 s->fde.force_eof=0
W/ADB_SERVICES(  184): entered. LS(25490) fd=36
D/AndroidRuntime(28425): 
D/AndroidRuntime(28425): >>>>>> AndroidRuntime START com.android.internal.os.RuntimeInit <<<<<<
D/AndroidRuntime(28425): CheckJNI is OFF
D/AndroidRuntime(28425): language=-Duser.language=zh region=-Duser.region=CN
D/dalvikvm(28425): boot class : 
D/dalvikvm(28425):   (0) core.jar
D/dalvikvm(28425):   (1) conscrypt.jar
D/dalvikvm(28425):   (2) okhttp.jar
D/dalvikvm(28425):   (3) core-junit.jar
D/dalvikvm(28425):   (4) bouncycastle.jar
D/dalvikvm(28425):   (5) ext.jar
D/dalvikvm(28425):   (6) framework.jar
D/dalvikvm(28425):   (7) framework2.jar
D/dalvikvm(28425):   (8) telephony-common.jar
D/dalvikvm(28425):   (9) voip-common.jar
D/dalvikvm(28425):   (10) mms-common.jar
D/dalvikvm(28425):   (11) android.policy.jar
D/dalvikvm(28425):   (12) services.jar
D/dalvikvm(28425):   (13) apache-xml.jar
D/dalvikvm(28425):   (14) webviewchromium.jar
D/dalvikvm(28425):   (15) mediatek-common.jar
D/dalvikvm(28425):   (16) mediatek-framework.jar
D/dalvikvm(28425):   (17) CustomProperties.jar
D/dalvikvm(28425):   (18) mediatek-telephony-common.jar
D/dalvikvm(28425):   (19) mediatek-tablet.jar
D/dalvikvm(28425):   (20) am.jar
D/dalvikvm(28425): threadid=1: interp stack at 0x6d774000
D/dalvikvm(28425): Trying to load lib libjavacore.so 0x0
D/dalvikvm(28425): Added shared lib libjavacore.so 0x0
D/dalvikvm(28425): Trying to load lib libnativehelper.so 0x0
D/dalvikvm(28425): Added shared lib libnativehelper.so 0x0
D/dalvikvm(28425): No JNI_OnLoad found in libnativehelper.so 0x0, skipping init
D/dalvikvm(28425): +++ finishing prep on main VM thread
D/dalvikvm(28425): create interp thread : stack size=128KB
D/dalvikvm(28425): create new thread
D/dalvikvm(28425): new thread created
D/dalvikvm(28425): update thread list
D/dalvikvm(28425): threadid=2: interp stack at 0x718c0000
D/dalvikvm(28425): threadid=2: created from interp
D/dalvikvm(28425): threadid=2: adding to list
D/dalvikvm(28425): start new thread
D/dalvikvm(28425): create interp thread : stack size=128KB
D/dalvikvm(28425): create new thread
D/dalvikvm(28425): new thread created
D/dalvikvm(28425): update thread list
D/dalvikvm(28425): threadid=2: notify debugger
D/dalvikvm(28425): threadid=2 (ReferenceQueueDaemon): calling run()
D/dalvikvm(28425): threadid=3: interp stack at 0x719e0000
D/dalvikvm(28425): threadid=3: created from interp
D/dalvikvm(28425): threadid=3: adding to list
D/dalvikvm(28425): start new thread
D/dalvikvm(28425): create interp thread : stack size=128KB
D/dalvikvm(28425): create new thread
D/dalvikvm(28425): new thread created
D/dalvikvm(28425): update thread list
D/dalvikvm(28425): threadid=3: notify debugger
D/dalvikvm(28425): threadid=3 (FinalizerDaemon): calling run()
D/dalvikvm(28425): threadid=4: interp stack at 0x71b00000
D/dalvikvm(28425): threadid=4: created from interp
D/dalvikvm(28425): threadid=4: adding to list
D/dalvikvm(28425): start new thread
D/dalvikvm(28425): threadid=4: notify debugger
D/dalvikvm(28425): threadid=4 (FinalizerWatchdogDaemon): calling run()
D/dalvikvm(28425): threadid=5: interp stack at 0x71d20000
D/dalvikvm(28425): threadid=5: adding to list (attached)
D/dalvikvm(28425): threadid=5: attached from native, name=GC
D/dalvikvm(28425): threadid=5: internal 'GC'
D/dalvikvm(28425): threadid=6: interp stack at 0x71e40000
D/dalvikvm(28425): threadid=6: adding to list (attached)
D/dalvikvm(28425): threadid=6: attached from native, name=Signal Catcher
D/jdwp    (28425): prepping for JDWP over ADB
D/dalvikvm(28425): threadid=6: internal 'Signal Catcher'
D/dalvikvm(28425): Elevating priority from 0 to -8
D/dalvikvm(28425): threadid=7: interp stack at 0x71f60000
D/dalvikvm(28425): threadid=7: adding to list (attached)
D/dalvikvm(28425): threadid=7: attached from native, name=JDWP
D/dalvikvm(28425): threadid=7: internal 'JDWP'
D/jdwp    (28425): JDWP: thread running
D/jdwp    (28425): trying to receive file descriptor from ADB
D/dalvikvm(28425): threadid=8: interp stack at 0x72080000
D/ADB_SERVICES(  184): Adding socket 36 pid 28425 to jdwp process list
D/dalvikvm(28425): threadid=8: adding to list (attached)
D/dalvikvm(28425): threadid=8: attached from native, name=Compiler
D/dalvikvm(28425): threadid=8: internal 'Compiler'
D/dalvikvm(28425): threadid=8: SuspendAll starting
D/dalvikvm(28425): threadid=1: self-suspending
E/cutils-trace(28425): Error opening trace file: No such file or directory (2)
D/dalvikvm(28425): threadid=8:   threadid=1 status=9 sc=1 dc=0
D/dalvikvm(28425): threadid=8:   threadid=7 status=8 sc=1 dc=0
D/dalvikvm(28425): threadid=8:   threadid=6 status=8 sc=1 dc=0
D/dalvikvm(28425): threadid=8:   threadid=5 status=8 sc=1 dc=0
D/dalvikvm(28425): threadid=8:   threadid=4 status=4 sc=1 dc=0
D/dalvikvm(28425): threadid=8:   threadid=3 status=4 sc=1 dc=0
D/dalvikvm(28425): threadid=8:   threadid=2 status=4 sc=1 dc=0
D/dalvikvm(28425): threadid=8: SuspendAll complete : 1
D/dalvikvm(28425): threadid=8: ResumeAll starting
D/dalvikvm(28425): threadid=8: ResumeAll waking others
D/dalvikvm(28425): threadid=8: ResumeAll complete
D/dalvikvm(28425): threadid=1: self-reviving, status=1
D/dalvikvm(28425): Note: class Landroid/app/ActivityManagerNative; has 188 unimplemented (abstract) methods
D/ADB_SERVICES(  184): adb fdevent_process list (21) (16) (5) (33) (15) (36) 
W/ADB_SERVICES(  184): create_local_service_socket() name=shell:ps
W/ADB_SERVICES(  184): service_to_fd() name=shell:ps
W/ADB_SERVICES(  184): read_meminfo() mem_free=32332
W/ADB_SERVICES(  184): create_subprocess() ret_fd=37 pid=28435
W/ADB_SERVICES(  184): LS(25491): bound to 'shell:ps' via 37
W/ADB_SERVICES(28435): adb: unable to open /proc/28435/oom_adj
E/memtrack(28425): Couldn't load memtrack module (No such file or directory)
E/android.os.Debug(28425): failed to load memtrack module: -2
D/ADB_SERVICES(  184):  closing because is_eof=1 r=1 s->fde.force_eof=0
W/ADB_SERVICES(  184): entered. LS(25491) fd=37
W/ADB_SERVICES(  184): create_local_service_socket() name=shell:cat /proc/cpuinfo
W/ADB_SERVICES(  184): service_to_fd() name=shell:cat /proc/cpuinfo
W/ADB_SERVICES(  184): read_meminfo() mem_free=33192
W/ADB_SERVICES(  184): create_subprocess() ret_fd=37 pid=28436
W/ADB_SERVICES(  184): LS(25492): bound to 'shell:cat /proc/cpuinfo' via 37
W/ADB_SERVICES(28436): adb: unable to open /proc/28436/oom_adj
V/Provider/Settings(  719): get setting for user 0 by user 0 so skipping cache
V/Provider/Settings(  719):  from settings cache , name = sys_free_storage_log_interval , value = null
V/Provider/Settings(  719): get setting for user 0 by user 0 so skipping cache
V/Provider/Settings(  719):  from settings cache , name = disk_free_change_reporting_threshold , value = null
D/ADB_SERVICES(  184):  closing because is_eof=1 r=1 s->fde.force_eof=0
W/ADB_SERVICES(  184): entered. LS(25492) fd=37
W/ADB_SERVICES(  184): create_local_service_socket() name=shell:dumpsys battery
W/ADB_SERVICES(  184): service_to_fd() name=shell:dumpsys battery
W/ADB_SERVICES(  184): read_meminfo() mem_free=32920
W/ADB_SERVICES(  184): create_subprocess() ret_fd=37 pid=28437
W/ADB_SERVICES(  184): LS(25493): bound to 'shell:dumpsys battery' via 37
W/ADB_SERVICES(28437): adb: unable to open /proc/28437/oom_adj
D/ADB_SERVICES(  184):  closing because is_eof=1 r=-1 s->fde.force_eof=0
W/ADB_SERVICES(  184): entered. LS(25493) fd=37
D/AndroidRuntime(28425): Calling main entry com.android.commands.monkey.Monkey
D/dalvikvm(28425): threadid=9: interp stack at 0x7255e000
D/dalvikvm(28425): threadid=9: adding to list (attached)
D/dalvikvm(28425): threadid=9: attached from native, name=Binder_1
D/dalvikvm(28425): threadid=10: interp stack at 0x7267e000
D/dalvikvm(28425): threadid=10: adding to list (attached)
D/dalvikvm(28425): threadid=10: attached from native, name=Binder_2
W/BroadcastQueue(  719): Skipping deliver [background] BroadcastRecord{42323768 u-1 android.net.conn.CONNECTIVITY_CHANGE} to ReceiverList{4233ab78 28425 (unknown name)/2000/u-1 remote:41ea30c8}: process crashing
D/InputReader(  719): K_lock
D/InputReader(  719): SK_Lock_r
D/InputReader(  719): K_lock
D/InputReader(  719): SK_Lock_r
D/InputReader(  719): K_lock
D/InputReader(  719): SK_Lock_r
D/InputReader(  719): K_lock
D/InputReader(  719): SK_Lock_r
D/InputReader(  719): K_lock
D/InputReader(  719): SK_Lock_r
D/InputReader(  719): K_lock
D/InputReader(  719): SK_Lock_r
D/InputReader(  719): K_lock
D/InputReader(  719): SK_Lock_r
D/InputReader(  719): K_lock
D/InputReader(  719): SK_Lock_r
I/ActivityManager(  719): START u0 {act=android.intent.action.MAIN cat=[android.intent.category.LAUNCHER] flg=0x10200000 cmp=com.sixtyplus.nidfit.treadmill.app/.LoginActivity} from pid 28425
