D/PowerManagerNotifier(  719): onUserActivity: event=2, uid=1000
D/PowerManagerService(  719): handleSandman: canDream=false, mWakefulness=Awake
D/ActivityThread( 1735): BDC-Calling onReceive: intent=Intent { act=android.net.conn.CONNECTIVITY_CHANGE flg=0x4000010 cmp=com.mediatek.systemupdate/.SystemUpdateReceiver (has extras) }, ordered=true, receiver=com.mediatek.systemupdate.SystemUpdateReceiver@41ebe7e8
D/ActivityThread( 1735): BDC-RECEIVER handled : 0 / ReceiverData{intent=Intent { act=android.net.conn.CONNECTIVITY_CHANGE flg=0x4000010 cmp=com.mediatek.systemupdate/.SystemUpdateReceiver (has extras) } packageName=com.mediatek.systemupdate resultCode=0 resultData=null resultExtras=null}
D/ActivityManager(  719): ACT-IDLE_NOW_MSG from windowsVisible() for idle: ActivityRecord{41e9adb0 u0 com.sixtyplus.nidfit.treadmill.app/.LoginActivity t4}
D/ActivityThread(24604): ACT-DESTROY_ACTIVITY handled : 1 / android.os.BinderProxy@42748bb0
D/SocketClient(  146): SocketClient msg = Iface linkstate p2p0 up
D/SocketClient(  146): SocketClient sendDatalocked done: 600 Iface linkstate p2p0 up
D/NetdConnector(  719): RCV <- {600 Iface linkstate p2p0 up}
D/NetworkManagementService(  719): onEvent:600 Iface linkstate p2p0 up:5
D/ConnectivityService(  719): getActiveNetworkInfo:NetworkInfo: type: WIFI[], state: CONNECTED/CONNECTED, reason: (unspecified), extra: "60_office", roaming: false, failover: false, isAvailable: true, isConnectedToProvisioningNetwork: false, simId: 0/10048
I/FrameworkListener(  146): onDataAvailable get 44 bytes 
D/FrameworkListener(  146): dispatchCommand data = (getaddrinfo mp.weixin.qq.com ^ 1024 0 1 0 ^)
D/ConnectivityService(  719): getActiveNetworkInfo:NetworkInfo: type: WIFI[], state: CONNECTED/CONNECTED, reason: (unspecified), extra: "60_office", roaming: false, failover: false, isAvailable: true, isConnectedToProvisioningNetwork: false, simId: 0/10048
D/SocketClient(  146): SocketClient sendDatalocked done: 222
D/SocketClient(  146): SocketClient sendDatalocked done: 
D/SocketClient(  146): SocketClient sendDatalocked done: 
D/SocketClient(  146): SocketClient sendDatalocked done: 
D/SocketClient(  146): SocketClient sendDatalocked done: 
D/SocketClient(  146): SocketClient sendDatalocked done: 
D/SocketClient(  146): SocketClient sendDatalocked done: 
D/SocketClient(  146): SocketClient sendDatalocked done: 
D/SocketClient(  146): SocketClient sendDatalocked done: 
D/SocketClient(  146): SocketClient sendDatalocked done: 
D/SocketClient(  146): SocketClient sendDatalocked done: 
D/SocketClient(  146): SocketClient sendDatalocked done: 
D/SocketClient(  146): SocketClient msg = Iface linkstate p2p0 up
D/SocketClient(  146): SocketClient sendDatalocked done: 600 Iface linkstate p2p0 up
D/NetdConnector(  719): RCV <- {600 Iface linkstate p2p0 up}
D/NetworkManagementService(  719): onEvent:600 Iface linkstate p2p0 up:5
V/ActivityManager(  719): Broadcast sticky: Intent { act=android.net.wifi.RSSI_CHANGED flg=0x4000010 (has extras) } ordered=false userid=-1 callerApp=ProcessRecord{41fff248 719:system/1000}
D/ConnectivityService(  719): setProvNotificationVisible: E visible=false networkType=1 extraInfo=null url=null
I/FrameworkListener(  146): onDataAvailable get 47 bytes 
D/FrameworkListener(  146): dispatchCommand data = (getaddrinfo clients3.google.com ^ 1024 0 1 0 ^)
I/ActivityManager(  719): Process com.mediatek.mtklogger (pid 28197) has died.
D/DisplayManagerService(  719): Display listener for pid 28197 died.
D/SocketClient(  146): SocketClient msg = Iface linkstate p2p0 up
D/SocketClient(  146): SocketClient sendDatalocked done: 600 Iface linkstate p2p0 up
D/NetdConnector(  719): RCV <- {600 Iface linkstate p2p0 up}
D/NetworkManagementService(  719): onEvent:600 Iface linkstate p2p0 up:5
V/WindowManager(  719): Changing focus from Window{41e55810 u0 com.sixtyplus.nidfit.treadmill.app/com.sixtyplus.nidfit.treadmill.app.LoginActivity} to Window{41ed7698 u0 com.sixtyplus.nidfit.treadmill.app/com.sixtyplus.nidfit.treadmill.app.LoginActivity} Callers=com.android.server.wm.WindowManagerService.addWindow:2671 com.android.server.wm.Session.addToDisplay:163 android.view.IWindowSession$Stub.onTransact:111 com.android.server.wm.Session.onTransact:126 
I/WindowManager(  719): Gaining focus: Window{41ed7698 u0 com.sixtyplus.nidfit.treadmill.app/com.sixtyplus.nidfit.treadmill.app.LoginActivity}
I/FrameworkListener(  146): onDataAvailable get 54 bytes 
D/FrameworkListener(  146): dispatchCommand data = (getaddrinfo api.nidfit.60community.com ^ 1024 0 1 0 ^)
D/SocketClient(  146): SocketClient sendDatalocked done: 222
D/SocketClient(  146): SocketClient sendDatalocked done: 
D/SocketClient(  146): SocketClient sendDatalocked done: 
D/SocketClient(  146): SocketClient sendDatalocked done: 
D/SocketClient(  146): SocketClient sendDatalocked done: 
D/SocketClient(  146): SocketClient sendDatalocked done: 
D/SocketClient(  146): SocketClient sendDatalocked done: 
I/FrameworkListener(  146): onDataAvailable get 47 bytes 
D/FrameworkListener(  146): dispatchCommand data = (getaddrinfo img.60community.com ^ 1024 0 1 0 ^)
D/SocketClient(  146): SocketClient sendDatalocked done: 222
D/SocketClient(  146): SocketClient sendDatalocked done: 
D/SocketClient(  146): SocketClient sendDatalocked done: 
D/SocketClient(  146): SocketClient sendDatalocked done: 
D/SocketClient(  146): SocketClient sendDatalocked done: 
D/SocketClient(  146): SocketClient sendDatalocked done: 
D/SocketClient(  146): SocketClient sendDatalocked done: 
V/WindowManager(  719): Changing focus from Window{41ed7698 u0 com.sixtyplus.nidfit.treadmill.app/com.sixtyplus.nidfit.treadmill.app.LoginActivity EXITING} to Window{41e55810 u0 com.sixtyplus.nidfit.treadmill.app/com.sixtyplus.nidfit.treadmill.app.LoginActivity} Callers=com.android.server.wm.WindowManagerService.removeWindowLocked:2776 com.android.server.wm.WindowManagerService.removeWindow:2715 com.android.server.wm.Session.remove:182 android.view.IWindowSession$Stub.onTransact:197 
I/WindowManager(  719): Gaining focus: Window{41e55810 u0 com.sixtyplus.nidfit.treadmill.app/com.sixtyplus.nidfit.treadmill.app.LoginActivity}
I/WindowManager(  719): Losing focus: Window{41ed7698 u0 com.sixtyplus.nidfit.treadmill.app/com.sixtyplus.nidfit.treadmill.app.LoginActivity EXITING}
I/ActivityManager(  719): START u0 {cmp=com.sixtyplus.nidfit.treadmill.app/.MainActivity} from pid 24604
D/PowerManagerService(  719): acquireWakeLockInternal: lock=1104924816, flags=0x1, tag="ActivityManager-Launch", ws=null, uid=1000, pid=719
D/PowerManagerNotifier(  719): onWakeLockAcquired: flags=1, tag="ActivityManager-Launch", packageName=android, ownerUid=1000, ownerPid=719, workSource=null
D/PowerManagerService(  719): updateWakeLockSummaryLocked: mWakefulness=Awake, mWakeLockSummary=0x1
D/PowerManagerService(  719): newScreenState = 2
D/PowerManagerDisplayController(  719): requestPowerState: screenState=2, useProximitySensor=false, forceProximitySensorEnable=false, forceWakeUpEnable=false, screenBrightness=84, screenAutoBrightnessAdjustment=0.0, useAutoBrightness=false, useEcoBrightness=false, blockScreenOn=false, waitForNegativeProximity=false
I/PowerManagerService(  719): setBrightness mButtonLight 0.
D/PowerManagerService(  719): updateScreenStateLocked: mDisplayReady=true, newScreenState=2, mWakefulness=1, mWakeLockSummary=0x1, mUserActivitySummary=0x1, mBootCompleted=true
D/PowerManagerService(  719): Acquiring suspend blocker "PowerManagerService.WakeLocks".
D/PowerManagerService(  719): handleSandman: canDream=false, mWakefulness=Awake
V/WindowManager(  719): Changing focus from Window{41e55810 u0 com.sixtyplus.nidfit.treadmill.app/com.sixtyplus.nidfit.treadmill.app.LoginActivity} to null Callers=com.android.server.wm.WindowManagerService.setFocusedApp:4279 com.android.server.am.ActivityManagerService.setFocusedActivityLocked:2433 com.android.server.am.ActivityStackSupervisor.startActivityUncheckedLocked:1958 com.android.server.am.ActivityStackSupervisor.startActivityLocked:1333 
I/WindowManager(  719): Losing focus: Window{41e55810 u0 com.sixtyplus.nidfit.treadmill.app/com.sixtyplus.nidfit.treadmill.app.LoginActivity}
V/InputMethodManagerService(  719): windowGainedFocus: android.os.BinderProxy@41fd0b70 controlFlags=#0 softInputMode=#20 windowFlags=#1810500
W/InputMethodManagerService(  719): Window already focused, ignoring focus gain of: com.android.internal.view.IInputMethodClient$Stub$Proxy@422e72b0 attribute=null, token = android.os.BinderProxy@42186fd0
D/ActivityThread(24604): ACT-AM_ON_PAUSE_CALLED ActivityRecord{42bf96f8 token=android.os.BinderProxy@42bf8d38 {com.sixtyplus.nidfit.treadmill.app/com.sixtyplus.nidfit.treadmill.app.LoginActivity}}
D/ActivityThread(24604): ACT-PAUSE_ACTIVITY handled : 1 / android.os.BinderProxy@42bf8d38
V/ActivityThread(24604): ActivityRecord{455d4a98 token=android.os.BinderProxy@455d40d8 {com.sixtyplus.nidfit.treadmill.app/com.sixtyplus.nidfit.treadmill.app.MainActivity}}: app=com.sixtyplus.nidfit.treadmill.app.MyApp@41d06848, appName=com.sixtyplus.nidfit.treadmill.app, pkg=com.sixtyplus.nidfit.treadmill.app, comp={com.sixtyplus.nidfit.treadmill.app/com.sixtyplus.nidfit.treadmill.app.MainActivity}, dir=/data/app/com.sixtyplus.nidfit.treadmill.app-2.apk
V/WindowManager(  719): Changing focus from null to Window{41fb5ab8 u0 com.sixtyplus.nidfit.treadmill.app/com.sixtyplus.nidfit.treadmill.app.MainActivity} Callers=com.android.server.wm.WindowManagerService.addWindow:2671 com.android.server.wm.Session.addToDisplay:163 android.view.IWindowSession$Stub.onTransact:111 com.android.server.wm.Session.onTransact:126 
I/WindowManager(  719): Gaining focus: Window{41fb5ab8 u0 com.sixtyplus.nidfit.treadmill.app/com.sixtyplus.nidfit.treadmill.app.MainActivity}
V/WindowManager(  719): Changing focus from Window{41fb5ab8 u0 com.sixtyplus.nidfit.treadmill.app/com.sixtyplus.nidfit.treadmill.app.MainActivity} to null Callers=com.android.server.wm.WindowManagerService.removeWindowLocked:2794 com.android.server.wm.WindowManagerService.removeWindow:2715 com.android.server.wm.Session.remove:182 android.view.IWindowSession$Stub.onTransact:197 
I/WindowManager(  719): Losing focus: Window{41fb5ab8 u0 com.sixtyplus.nidfit.treadmill.app/com.sixtyplus.nidfit.treadmill.app.MainActivity}
V/ActivityThread(24604): Performing resume of ActivityRecord{455d4a98 token=android.os.BinderProxy@455d40d8 {com.sixtyplus.nidfit.treadmill.app/com.sixtyplus.nidfit.treadmill.app.MainActivity}} finished=false
D/ActivityThread(24604): ACT-AM_ON_RESUME_CALLED ActivityRecord{455d4a98 token=android.os.BinderProxy@455d40d8 {com.sixtyplus.nidfit.treadmill.app/com.sixtyplus.nidfit.treadmill.app.MainActivity}}
V/ActivityThread(24604): Resume ActivityRecord{455d4a98 token=android.os.BinderProxy@455d40d8 {com.sixtyplus.nidfit.treadmill.app/com.sixtyplus.nidfit.treadmill.app.MainActivity}} started activity: false, hideForNow: false, finished: false
V/ActivityThread(24604): Resuming ActivityRecord{455d4a98 token=android.os.BinderProxy@455d40d8 {com.sixtyplus.nidfit.treadmill.app/com.sixtyplus.nidfit.treadmill.app.MainActivity}} with isForward=true
V/ActivityThread(24604): Scheduling idle handler for ActivityRecord{455d4a98 token=android.os.BinderProxy@455d40d8 {com.sixtyplus.nidfit.treadmill.app/com.sixtyplus.nidfit.treadmill.app.MainActivity}}
D/ActivityThread(24604): ACT-LAUNCH_ACTIVITY handled : 0 / ActivityRecord{455d4a98 token=android.os.BinderProxy@455d40d8 {com.sixtyplus.nidfit.treadmill.app/com.sixtyplus.nidfit.treadmill.app.MainActivity}}
D/ConnectivityService(  719): getActiveNetworkInfo:NetworkInfo: type: WIFI[], state: CONNECTED/CONNECTED, reason: (unspecified), extra: "60_office", roaming: false, failover: false, isAvailable: true, isConnectedToProvisioningNetwork: false, simId: 0/10048
D/ConnectivityService(  719): getActiveNetworkInfo:NetworkInfo: type: WIFI[], state: CONNECTED/CONNECTED, reason: (unspecified), extra: "60_office", roaming: false, failover: false, isAvailable: true, isConnectedToProvisioningNetwork: false, simId: 0/10048
V/WindowManager(  719): Changing focus from null to Window{41ff1328 u0 com.sixtyplus.nidfit.treadmill.app/com.sixtyplus.nidfit.treadmill.app.MainActivity} Callers=com.android.server.wm.WindowManagerService.relayoutWindow:3383 com.android.server.wm.Session.relayout:191 android.view.IWindowSession$Stub.onTransact:235 com.android.server.wm.Session.onTransact:126 
I/WindowManager(  719): Gaining focus: Window{41ff1328 u0 com.sixtyplus.nidfit.treadmill.app/com.sixtyplus.nidfit.treadmill.app.MainActivity}
D/ActivityThread(24604): SVC-SERVICE_ARGS handled : 0 / ServiceArgsData{token=android.os.BinderProxy@420243e8 startId=11 args=Intent { cmp=com.sixtyplus.nidfit.treadmill.app/com.sixtyplus.nidfit.treadmill.service.runningctrl.RunningCtrlService }}
D/ConnectivityService(  719): getActiveNetworkInfo:NetworkInfo: type: WIFI[], state: CONNECTED/CONNECTED, reason: (unspecified), extra: "60_office", roaming: false, failover: false, isAvailable: true, isConnectedToProvisioningNetwork: false, simId: 0/10048
D/ConnectivityService(  719): getActiveNetworkInfo:NetworkInfo: type: WIFI[], state: CONNECTED/CONNECTED, reason: (unspecified), extra: "60_office", roaming: false, failover: false, isAvailable: true, isConnectedToProvisioningNetwork: false, simId: 0/10048
V/InputMethodManagerService(  719): windowGainedFocus: android.os.BinderProxy@41fd0b70 controlFlags=#104 softInputMode=#110 windowFlags=#1810100
D/PowerManagerService(  719): releaseWakeLockInternal: lock=1104924816 [ActivityManager-Launch], flags=0x0, total_time=1232ms
D/PowerManagerNotifier(  719): onWakeLockReleased: flags=1, tag="ActivityManager-Launch", packageName=android, ownerUid=1000, ownerPid=719, workSource=null
D/PowerManagerService(  719): updateWakeLockSummaryLocked: mWakefulness=Awake, mWakeLockSummary=0x0
D/PowerManagerService(  719): newScreenState = 2
D/PowerManagerDisplayController(  719): requestPowerState: screenState=2, useProximitySensor=false, forceProximitySensorEnable=false, forceWakeUpEnable=false, screenBrightness=84, screenAutoBrightnessAdjustment=0.0, useAutoBrightness=false, useEcoBrightness=false, blockScreenOn=false, waitForNegativeProximity=false
I/PowerManagerService(  719): setBrightness mButtonLight 0.
D/PowerManagerService(  719): updateScreenStateLocked: mDisplayReady=true, newScreenState=2, mWakefulness=1, mWakeLockSummary=0x0, mUserActivitySummary=0x1, mBootCompleted=true
D/PowerManagerService(  719): Releasing suspend blocker "PowerManagerService.WakeLocks".
D/PowerManagerService(  719): handleSandman: canDream=false, mWakefulness=Awake
D/ActivityManager(  719): ACT-IDLE_NOW_MSG from windowsVisible() for idle: ActivityRecord{41e13f90 u0 com.sixtyplus.nidfit.treadmill.app/.MainActivity t4}
D/ActivityThread(24604): ACT-DESTROY_ACTIVITY handled : 1 / android.os.BinderProxy@42bf8d38
D/SocketClient(  146): SocketClient msg = Iface linkstate p2p0 up
D/SocketClient(  146): SocketClient sendDatalocked done: 600 Iface linkstate p2p0 up
D/NetdConnector(  719): RCV <- {600 Iface linkstate p2p0 up}
D/NetworkManagementService(  719): onEvent:600 Iface linkstate p2p0 up:5
D/SocketClient(  146): SocketClient sendDatalocked done: 222
D/SocketClient(  146): SocketClient sendDatalocked done: 
D/SocketClient(  146): SocketClient sendDatalocked done: 
D/SocketClient(  146): SocketClient sendDatalocked done: 
D/SocketClient(  146): SocketClient sendDatalocked done: 
D/SocketClient(  146): SocketClient sendDatalocked done: 
D/SocketClient(  146): SocketClient sendDatalocked done: 
D/SocketClient(  146): SocketClient sendDatalocked done: 
D/SocketClient(  146): SocketClient sendDatalocked done: 
D/SocketClient(  146): SocketClient sendDatalocked done: 
D/SocketClient(  146): SocketClient sendDatalocked done: 
D/SocketClient(  146): SocketClient sendDatalocked done: 
D/SocketClient(  146): SocketClient sendDatalocked done: 
D/SocketClient(  146): SocketClient sendDatalocked done: 
D/SocketClient(  146): SocketClient sendDatalocked done: 
D/SocketClient(  146): SocketClient sendDatalocked done: 
D/SocketClient(  146): SocketClient sendDatalocked done: 
D/SocketClient(  146): SocketClient sendDatalocked done: 
D/SocketClient(  146): SocketClient sendDatalocked done: 
D/SocketClient(  146): SocketClient sendDatalocked done: 
D/SocketClient(  146): SocketClient sendDatalocked done: 
D/SocketClient(  146): SocketClient sendDatalocked done: 
D/SocketClient(  146): SocketClient sendDatalocked done: 
D/SocketClient(  146): SocketClient sendDatalocked done: 
D/SocketClient(  146): SocketClient sendDatalocked done: 
D/SocketClient(  146): SocketClient sendDatalocked done: 
D/SocketClient(  146): SocketClient sendDatalocked done: 
D/SocketClient(  146): SocketClient sendDatalocked done: 
D/SocketClient(  146): SocketClient sendDatalocked done: 
D/SocketClient(  146): SocketClient sendDatalocked done: 
D/SocketClient(  146): SocketClient sendDatalocked done: 
D/SocketClient(  146): SocketClient sendDatalocked done: 
V/ActivityManager(  719): Broadcast sticky: Intent { act=android.net.wifi.RSSI_CHANGED flg=0x4000010 (has extras) } ordered=false userid=-1 callerApp=ProcessRecord{41fff248 719:system/1000}
--------- beginning of /dev/log/main
W/ADB_SERVICES(  184): LS(25410): bound to 'shell:dumpsys battery' via 15
W/ADB_SERVICES(28302): adb: unable to open /proc/28302/oom_adj
D/ADB_SERVICES(  184):  closing because is_eof=1 r=-1 s->fde.force_eof=0
W/ADB_SERVICES(  184): entered. LS(25410) fd=15
D/AES     (  719): RT Monitor ERROR: open /dev/RT_Monitor failed.
D/InputReader(  719): InputReader::monitor: lock
D/InputReader(  719): InputReader::monitor: wait 
D/InputReader(  719): InputReader::monitor: unlock
D/InputReader(  719): InputReader::monitor: done
D/SIMHelper(  838): isSimInserted(0), SimInserted=false
D/StatusBar.NetworkController(  838): refreshViews(0), DataConnected=false simColorId = -1
D/StatusBar.NetworkController(  838): refreshViews(0), set parameters to signal cluster view.
D/SignalClusterView(  838): setWifiIndicators, visible=true, strengthIcon=com.mediatek.systemui.ext.IconIdWrapper@41da64f0, activityIcon=com.mediatek.systemui.ext.IconIdWrapper@41da6508, contentDescription=WLAN 
D/StatusBar.NetworkController(  838): refreshViews(0), tempPhoneSignalIconId.0 = 0  tempPhoneSignalIconId.1 = 0  tempMobileActivityIconId= 0  tempDataTypeIconId= 0
D/SignalClusterView(  838): setMobileDataIndicators(0), visible=true, strengthIcon[0] ~ [1] 0 ~ 0
D/SignalClusterView(  838): setIsAirplaneMode=false
D/SignalClusterView(  838): setRoamingFlagandResource(0), roaming=false, roamingId=0
D/SignalClusterView(  838): setShowSimIndicator(0), showSimIndicator=false simIndicatorResource = 0
D/SignalClusterView(  838): setDataNetType3G(0), NetworkType=null
D/SignalClusterView(  838): apply(), mWifiVisible is true
D/SIMHelper(  838): isSimInserted(0), SimInserted=false
D/SignalClusterView(  838): apply(), slotId=0, mMobileVisible=true, mShouldMobileGroupVisible=true
D/SignalClusterView(  838): apply(), slotId=0, mRoaming=false mMobileActivityId=0 mMobileTypeId=0 mMobileStrengthId[0] = 0 mMobileStrengthId[1] = 0
D/SIMHelper(  838): isSimInserted(0), SimInserted=false
D/SignalClusterView(  838): apply(). mIsAirplaneMode is false, NWType slot(0) is 8
W/ADB_SERVICES(  184): create_local_service_socket() name=shell:cat /proc/24604/stat
W/ADB_SERVICES(  184): service_to_fd() name=shell:cat /proc/24604/stat
W/ADB_SERVICES(  184): read_meminfo() mem_free=38088
W/ADB_SERVICES(  184): create_subprocess() ret_fd=15 pid=28303
W/ADB_SERVICES(  184): LS(25411): bound to 'shell:cat /proc/24604/stat' via 15
W/ADB_SERVICES(28303): adb: unable to open /proc/28303/oom_adj
D/ADB_SERVICES(  184):  closing because is_eof=1 r=-1 s->fde.force_eof=0
W/ADB_SERVICES(  184): entered. LS(25411) fd=15
D/SIMHelper(  838): isSimInserted(0), SimInserted=false
D/StatusBar.NetworkController(  838): refreshViews(0), DataConnected=false simColorId = -1
D/StatusBar.NetworkController(  838): refreshViews(0), set parameters to signal cluster view.
D/SignalClusterView(  838): setWifiIndicators, visible=true, strengthIcon=com.mediatek.systemui.ext.IconIdWrapper@41da64f0, activityIcon=com.mediatek.systemui.ext.IconIdWrapper@41da6508, contentDescription=WLAN 
D/StatusBar.NetworkController(  838): refreshViews(0), tempPhoneSignalIconId.0 = 0  tempPhoneSignalIconId.1 = 0  tempMobileActivityIconId= 0  tempDataTypeIconId= 0
D/SignalClusterView(  838): setMobileDataIndicators(0), visible=true, strengthIcon[0] ~ [1] 0 ~ 0
D/SignalClusterView(  838): setIsAirplaneMode=false
D/SignalClusterView(  838): setRoamingFlagandResource(0), roaming=false, roamingId=0
D/SignalClusterView(  838): setShowSimIndicator(0), showSimIndicator=false simIndicatorResource = 0
D/SignalClusterView(  838): setDataNetType3G(0), NetworkType=null
D/SignalClusterView(  838): apply(), mWifiVisible is true
D/SIMHelper(  838): isSimInserted(0), SimInserted=false
D/SignalClusterView(  838): apply(), slotId=0, mMobileVisible=true, mShouldMobileGroupVisible=true
D/SignalClusterView(  838): apply(), slotId=0, mRoaming=false mMobileActivityId=0 mMobileTypeId=0 mMobileStrengthId[0] = 0 mMobileStrengthId[1] = 0
D/SIMHelper(  838): isSimInserted(0), SimInserted=false
D/SignalClusterView(  838): apply(). mIsAirplaneMode is false, NWType slot(0) is 8
D/wpa_supplicant(  971): p2p0: Starting AP scan for wildcard SSID
D/wpa_supplicant(  971): WPS: Building WPS IE for Probe Request
D/wpa_supplicant(  971): WPS:  * Version (hardcoded 0x10)
D/wpa_supplicant(  971): WPS:  * Request Type
D/wpa_supplicant(  971): WPS:  * Config Methods (4388)
D/wpa_supplicant(  971): WPS:  * UUID-E
D/wpa_supplicant(  971): WPS:  * Primary Device Type
D/wpa_supplicant(  971): WPS:  * RF Bands (1)
D/wpa_supplicant(  971): WPS:  * Association State
D/wpa_supplicant(  971): WPS:  * Configuration Error (0)
D/wpa_supplicant(  971): WPS:  * Device Password ID (0)
D/wpa_supplicant(  971): WPS:  * Manufacturer
D/wpa_supplicant(  971): WPS:  * Model Name
D/wpa_supplicant(  971): WPS:  * Model Number
D/wpa_supplicant(  971): WPS:  * Device Name
D/wpa_supplicant(  971): WPS:  * Version2 (0x20)
D/wpa_supplicant(  971): P2P: * P2P IE header
D/wpa_supplicant(  971): P2P: * Capability dev=25 group=00
D/wpa_supplicant(  971): P2P: * Listen Channel: Regulatory Class 81 Channel 1
D/wpa_supplicant(  971): p2p0: nl80211: scan request
D/wpa_supplicant(  971): nl80211: Scan SSID - hexdump(len=0): [NULL]
D/wpa_supplicant(  971): nl80211: Scan extra IEs - hexdump(len=168): dd 93 00 50 f2 04 10 4a 00 01 10 10 3a 00 01 00 10 08 00 02 43 88 10 47 00 10 ff f5 ef c9 8b bb ...
D/wpa_supplicant(  971): Scan requested (ret=0) - scan timeout 30 seconds
D/wpa_supplicant(  971): nl80211: Event message available
D/wpa_supplicant(  971): nl80211: Drv Event 33 (NL80211_CMD_TRIGGER_SCAN) received for p2p0
D/wpa_supplicant(  971): p2p0: nl80211: Scan trigger
D/[BT3.0+HS]PAL(  172): == chip_reset_fd is set ==
D/[BT3.0+HS]PAL(  172): 
D/[BT3.0+HS]PAL(  172): invalid reply message
D/[BT3.0+HS]PAL(  172): 
D/wpa_supplicant(  971): nl80211: Event message available
D/wpa_supplicant(  971): nl80211: Drv Event 34 (NL80211_CMD_NEW_SCAN_RESULTS) received for p2p0
D/wpa_supplicant(  971): p2p0: nl80211: New scan results available
D/wpa_supplicant(  971): p2p0: Event SCAN_RESULTS (3) received
D/wpa_supplicant(  971): nl80211: Received scan results (0 BSSes)
D/wpa_supplicant(  971): nl80211: Survey data missing
D/wpa_supplicant(  971): p2p0: BSS: Start scan result update 4138
D/wpa_supplicant(  971): BSS: last_scan_res_used=0/32 last_scan_full=0
D/wpa_supplicant(  971): p2p0: New scan results available
D/wpa_supplicant(  971): CTRL_IFACE monitor send - hexdump(len=39): 2f 64 61 74 61 2f 6d 69 73 63 2f 77 69 66 69 2f 73 6f 63 6b 65 74 73 2f 77 70 61 5f 63 74 72 6c ...
D/[BT3.0+HS]PAL(  172): == chip_reset_fd is set ==
D/[BT3.0+HS]PAL(  172): 
D/[BT3.0+HS]PAL(  172): invalid reply message
D/[BT3.0+HS]PAL(  172): 
I/Netd    (  146): Get netlink event, ifname: p2p0 action: 4
D/SocketClient(  146): SocketClient msg = Iface linkstate p2p0 up
D/SocketClient(  146): SocketClient sendDatalocked done: 600 Iface linkstate p2p0 up
D/wpa_supplicant(  971): WPS: attr type=0x104a len=1
D/wpa_supplicant(  971): WPS: attr type=0x1044 len=1
D/wpa_supplicant(  971): WPS: attr type=0x1057 len=1
D/wpa_supplicant(  971): WPS: attr type=0x1041 len=1
D/wpa_supplicant(  971): WPS: attr type=0x103b len=1
D/wpa_supplicant(  971): WPS: attr type=0x1047 len=16
D/wpa_supplicant(  971): WPS: attr type=0x1021 len=2
D/wpa_supplicant(  971): WPS: attr type=0x1023 len=29
D/wpa_supplicant(  971): WPS: attr type=0x1024 len=7
D/wpa_supplicant(  971): WPS: attr type=0x1042 len=11
D/wpa_supplicant(  971): WPS: attr type=0x1054 len=8
D/wpa_supplicant(  971): WPS: attr type=0x1011 len=26
D/wpa_supplicant(  971): WPS: attr type=0x1008 len=2
D/wpa_supplicant(  971): WPS: attr type=0x1049 len=6
D/wpa_supplicant(  971): WPS: WFA subelement id=0 len=1
D/wpa_supplicant(  971): WPS: attr type=0x1049 len=23
D/wpa_supplicant(  971): WPS: Unknown Vendor Extension (Vendor ID 311)
D/wpa_supplicant(  971): WPS: attr type=0x104a len=1
D/wpa_supplicant(  971): WPS: attr type=0x1044 len=1
D/wpa_supplicant(  971): WPS: attr type=0x1057 len=1
D/wpa_supplicant(  971): WPS: attr type=0x1041 len=1
D/wpa_supplicant(  971): WPS: attr type=0x103b len=1
D/wpa_supplicant(  971): WPS: attr type=0x1047 len=16
D/wpa_supplicant(  971): WPS: attr type=0x1021 len=2
D/wpa_supplicant(  971): WPS: attr type=0x1023 len=29
D/wpa_supplicant(  971): WPS: attr type=0x1024 len=7
D/wpa_supplicant(  971): WPS: attr type=0x1042 len=11
D/wpa_supplicant(  971): WPS: attr type=0x1054 len=8
D/wpa_supplicant(  971): WPS: attr type=0x1011 len=26
D/wpa_supplicant(  971): WPS: attr type=0x1008 len=2
D/wpa_supplicant(  971): WPS: attr type=0x1049 len=6
D/wpa_supplicant(  971): WPS: WFA subelement id=0 len=1
D/wpa_supplicant(  971): WPS: attr type=0x1049 len=23
D/wpa_supplicant(  971): WPS: Unknown Vendor Extension (Vendor ID 311)
D/wpa_supplicant(  971): WPS: attr type=0x104a len=1
D/wpa_supplicant(  971): WPS: attr type=0x1044 len=1
D/wpa_supplicant(  971): WPS: attr type=0x1057 len=1
D/wpa_supplicant(  971): WPS: attr type=0x1041 len=1
D/wpa_supplicant(  971): WPS: attr type=0x103b len=1
D/wpa_supplicant(  971): WPS: attr type=0x1047 len=16
D/wpa_supplicant(  971): WPS: attr type=0x1021 len=2
D/wpa_supplicant(  971): WPS: attr type=0x1023 len=29
D/wpa_supplicant(  971): WPS: attr type=0x1024 len=7
D/wpa_supplicant(  971): WPS: attr type=0x1042 len=11
D/wpa_supplicant(  971): WPS: attr type=0x1054 len=8
D/wpa_supplicant(  971): WPS: attr type=0x1011 len=26
D/wpa_supplicant(  971): WPS: attr type=0x1008 len=2
D/wpa_supplicant(  971): WPS: attr type=0x1049 len=6
D/wpa_supplicant(  971): WPS: WFA subelement id=0 len=1
D/wpa_supplicant(  971): WPS: attr type=0x1049 len=23
D/wpa_supplicant(  971): WPS: Unknown Vendor Extension (Vendor ID 311)
D/wpa_supplicant(  971): CTRL_IFACE monitor send - hexdump(len=39): 2f 64 61 74 61 2f 6d 69 73 63 2f 77 69 66 69 2f 73 6f 63 6b 65 74 73 2f 77 70 61 5f 63 74 72 6c ...
D/wpa_supplicant(  971): WPS: AP[0] 46:1c:a8:22:93:af type=0 tries=0 last_attempt=-1 sec ago blacklist=0
D/wpa_supplicant(  971): WPS: AP[1] 3c:46:d8:7b:ea:0c type=0 tries=0 last_attempt=-1 sec ago blacklist=0
D/wpa_supplicant(  971): p2p0: No suitable network found
D/wpa_supplicant(  971): p2p0: Setting scan request: 5 sec 0 usec
D/wpa_supplicant(  971): p2p0: Checking for other virtual interfaces sharing same radio (phy1) in event_scan_results
D/wpa_supplicant(  971): p2p0: P2P: Station mode scan operation not pending anymore (sta_scan_pending=0 p2p_cb_on_scan_complete=0)
D/wpa_supplicant(  971): RTM_NEWLINK: operstate=0 ifi_flags=0x11003 ([UP][LOWER_UP])
D/wpa_supplicant(  971): RTM_NEWLINK, IFLA_IFNAME: Interface 'p2p0' added
D/wpa_supplicant(  971): nl80211: if_removed already cleared - ignore event
D/NetdConnector(  719): RCV <- {600 Iface linkstate p2p0 up}
D/WifiHW  (  719): [1] get event: IFNAME=p2p0 <3>CTRL-EVENT-SCAN-RESULTS 
D/WifiHW  (  719): [2] get event: IFNAME=p2p0 CTRL-EVENT-SCAN-RESULTS 
D/WifiMonitor(  719): iface p2p0
D/WifiHW  (  719): enter -->wifi_wait_on_socket buflen=2048
D/WifiHW  (  719): enter -->wifi_ctrl_recv
D/WifiHW  (  719): [1] get event: IFNAME=p2p0 <3>WPS-AP-AVAILABLE 
D/WifiHW  (  719): [2] get event: IFNAME=p2p0 WPS-AP-AVAILABLE 
D/WifiMonitor(  719): Event [IFNAME=p2p0 WPS-AP-AVAILABLE ]
D/WifiMonitor(  719): iface p2p0
W/WifiMonitor(  719): couldn't identify event type - WPS-AP-AVAILABLE 
D/WifiHW  (  719): enter -->wifi_wait_on_socket buflen=2048
D/WifiHW  (  719): enter -->wifi_ctrl_recv
D/WifiP2pService(  719): InactiveState{ when=-1ms what=147461 target=com.android.internal.util.StateMachine$SmHandler target=Handler (com.android.internal.util.StateMachine$SmHandler) {421b0e30} }
D/WifiP2pService(  719): P2pEnabledState{ when=-1ms what=147461 target=com.android.internal.util.StateMachine$SmHandler target=Handler (com.android.internal.util.StateMachine$SmHandler) {421b0e30} }
D/WifiP2pService(  719): DefaultState{ when=-1ms what=147461 target=com.android.internal.util.StateMachine$SmHandler target=Handler (com.android.internal.util.StateMachine$SmHandler) {421b0e30} }
D/NetworkManagementService(  719): onEvent:600 Iface linkstate p2p0 up:5
I/Tethering(  719): interfaceLinkStateChanged p2p0, true
I/Tethering(  719): interfaceStatusChanged p2p0, true
W/ADB_SERVICES(  184): create_local_service_socket() name=shell:cat /proc/24604/stat
W/ADB_SERVICES(  184): service_to_fd() name=shell:cat /proc/24604/stat
W/ADB_SERVICES(  184): read_meminfo() mem_free=38088
W/ADB_SERVICES(  184): create_subprocess() ret_fd=15 pid=28304
W/ADB_SERVICES(  184): LS(25412): bound to 'shell:cat /proc/24604/stat' via 15
W/ADB_SERVICES(28304): adb: unable to open /proc/28304/oom_adj
D/ADB_SERVICES(  184):  closing because is_eof=1 r=1 s->fde.force_eof=0
W/ADB_SERVICES(  184): entered. LS(25412) fd=15
W/ADB_SERVICES(  184): create_local_service_socket() name=shell:cat /proc/stat
W/ADB_SERVICES(  184): service_to_fd() name=shell:cat /proc/stat
W/ADB_SERVICES(  184): read_meminfo() mem_free=38080
W/ADB_SERVICES(  184): create_subprocess() ret_fd=15 pid=28305
W/ADB_SERVICES(  184): LS(25413): bound to 'shell:cat /proc/stat' via 15
W/ADB_SERVICES(28305): adb: unable to open /proc/28305/oom_adj
D/ADB_SERVICES(  184):  closing because is_eof=1 r=-1 s->fde.force_eof=0
W/ADB_SERVICES(  184): entered. LS(25413) fd=15
D/WifiStateMachine(  719): ConnectedState{ when=-3ms what=131155 arg1=33 target=com.android.internal.util.StateMachine$SmHandler target=Handler (com.android.internal.util.StateMachine$SmHandler) {421bb670} }
D/WifiStateMachine(  719): L2ConnectedState{ when=-4ms what=131155 arg1=33 target=com.android.internal.util.StateMachine$SmHandler target=Handler (com.android.internal.util.StateMachine$SmHandler) {421bb670} }
D/WifiHW  (  719): enter -->wifi_send_command cmd=IFNAME=wlan0 SIGNAL_POLL
D/wpa_supplicant(  971): RX ctrl_iface - hexdump(len=11): 53 49 47 4e 41 4c 5f 50 4f 4c 4c
D/wpa_supplicant(  971): wlan0: Control interface command 'SIGNAL_POLL'
D/wpa_supplicant(  971): nl80211: survey data missing!
D/WifiHW  (  719): leave --> reply=RSSI=-69
D/WifiHW  (  719): LINKSPEED=26
D/WifiHW  (  719): NOISE=9999
D/WifiHW  (  719): FREQUENCY=2412
D/WifiHW  (  719): 
D/wifi    (  719): doStringCommand, buf IFNAME=wlan0 SIGNAL_POLL
I/WifiStateMachine(  719): fetchRssiAndLinkSpeedNative, newRssi:-69, newLinkSpeed:26, SSID:"60_office"
W/ADB_SERVICES(  184): create_local_service_socket() name=shell:cat /proc/stat
W/ADB_SERVICES(  184): service_to_fd() name=shell:cat /proc/stat
W/ADB_SERVICES(  184): read_meminfo() mem_free=38088
W/ADB_SERVICES(  184): create_subprocess() ret_fd=15 pid=28306
W/ADB_SERVICES(  184): LS(25414): bound to 'shell:cat /proc/stat' via 15
D/ADB_SERVICES(  184): adb local_socket_ready list (15) 
W/ADB_SERVICES(28306): adb: unable to open /proc/28306/oom_adj
D/ADB_SERVICES(  184): adb socket read list (15) 
D/ADB_SERVICES(  184): read_data=11044
D/ADB_SERVICES(  184): max_read_time=0.000071 max_send_time=0.000058 
D/ADB_SERVICES(  184):  closing because is_eof=1 r=-1 s->fde.force_eof=0
W/ADB_SERVICES(  184): entered. LS(25414) fd=15
W/ADB_SERVICES(  184): create_local_service_socket() name=shell:dumpsys meminfo com.sixtyplus.nidfit.treadmill.app
W/ADB_SERVICES(  184): service_to_fd() name=shell:dumpsys meminfo com.sixtyplus.nidfit.treadmill.app
W/ADB_SERVICES(  184): read_meminfo() mem_free=38080
W/ADB_SERVICES(  184): create_subprocess() ret_fd=15 pid=28307
W/ADB_SERVICES(  184): LS(25415): bound to 'shell:dumpsys meminfo com.sixtyplus.nidfit.treadmill.app' via 15
W/ADB_SERVICES(28307): adb: unable to open /proc/28307/oom_adj
D/ADB_SERVICES(  184):  closing because is_eof=1 r=-1 s->fde.force_eof=0
W/ADB_SERVICES(  184): entered. LS(25415) fd=15
W/ADB_SERVICES(  184): create_local_service_socket() name=shell:dumpsys gfxinfo com.sixtyplus.nidfit.treadmill.app
W/ADB_SERVICES(  184): service_to_fd() name=shell:dumpsys gfxinfo com.sixtyplus.nidfit.treadmill.app
W/ADB_SERVICES(  184): read_meminfo() mem_free=38080
W/ADB_SERVICES(  184): create_subprocess() ret_fd=15 pid=28309
W/ADB_SERVICES(  184): LS(25416): bound to 'shell:dumpsys gfxinfo com.sixtyplus.nidfit.treadmill.app' via 15
W/ADB_SERVICES(28309): adb: unable to open /proc/28309/oom_adj
D/dalvikvm(  719): create interp thread : stack size=128KB
D/dalvikvm(  719): create new thread
D/dalvikvm(  719): new thread created
D/dalvikvm(  719): update thread list
D/dalvikvm(  719): threadid=76: interp stack at 0x7b443000
D/dalvikvm(  719): threadid=76: created from interp
D/dalvikvm(  719): threadid=76: adding to list
D/dalvikvm(  719): start new thread
D/dalvikvm(  719): threadid=76: notify debugger
D/dalvikvm(  719): threadid=76 (TransferPipe): calling run()
D/dalvikvm(  719): threadid=76: exiting
D/dalvikvm(  719): threadid=76: detach (group=0x41863ce0)
D/dalvikvm(  719): threadid=76: removing from list
D/dalvikvm(  719): threadid=76: bye!
D/ADB_SERVICES(  184):  closing because is_eof=1 r=1 s->fde.force_eof=0
W/ADB_SERVICES(  184): entered. LS(25416) fd=15
W/ADB_SERVICES(  184): create_local_service_socket() name=shell:cat /proc/24604/net/dev
W/ADB_SERVICES(  184): service_to_fd() name=shell:cat /proc/24604/net/dev
W/ADB_SERVICES(  184): read_meminfo() mem_free=37924
W/ADB_SERVICES(  184): create_subprocess() ret_fd=15 pid=28314
W/ADB_SERVICES(  184): LS(25417): bound to 'shell:cat /proc/24604/net/dev' via 15
W/ADB_SERVICES(28314): adb: unable to open /proc/28314/oom_adj
D/ADB_SERVICES(  184):  closing because is_eof=1 r=1 s->fde.force_eof=0
W/ADB_SERVICES(  184): entered. LS(25417) fd=15
W/ADB_SERVICES(  184): create_local_service_socket() name=shell:dumpsys battery
W/ADB_SERVICES(  184): service_to_fd() name=shell:dumpsys battery
W/ADB_SERVICES(  184): read_meminfo() mem_free=37800
W/ADB_SERVICES(  184): create_subprocess() ret_fd=15 pid=28315
W/ADB_SERVICES(  184): LS(25418): bound to 'shell:dumpsys battery' via 15
W/ADB_SERVICES(28315): adb: unable to open /proc/28315/oom_adj
D/ADB_SERVICES(  184):  closing because is_eof=1 r=1 s->fde.force_eof=0
W/ADB_SERVICES(  184): entered. LS(25418) fd=15
D/SIMHelper(  838): isSimInserted(0), SimInserted=false
D/StatusBar.NetworkController(  838): refreshViews(0), DataConnected=false simColorId = -1
D/StatusBar.NetworkController(  838): refreshViews(0), set parameters to signal cluster view.
D/SignalClusterView(  838): setWifiIndicators, visible=true, strengthIcon=com.mediatek.systemui.ext.IconIdWrapper@41da64f0, activityIcon=com.mediatek.systemui.ext.IconIdWrapper@41da6508, contentDescription=WLAN 
D/StatusBar.NetworkController(  838): refreshViews(0), tempPhoneSignalIconId.0 = 0  tempPhoneSignalIconId.1 = 0  tempMobileActivityIconId= 0  tempDataTypeIconId= 0
D/SignalClusterView(  838): setMobileDataIndicators(0), visible=true, strengthIcon[0] ~ [1] 0 ~ 0
D/SignalClusterView(  838): setIsAirplaneMode=false
D/SignalClusterView(  838): setRoamingFlagandResource(0), roaming=false, roamingId=0
D/SignalClusterView(  838): setShowSimIndicator(0), showSimIndicator=false simIndicatorResource = 0
D/SignalClusterView(  838): setDataNetType3G(0), NetworkType=null
D/SignalClusterView(  838): apply(), mWifiVisible is true
D/SIMHelper(  838): isSimInserted(0), SimInserted=false
D/SignalClusterView(  838): apply(), slotId=0, mMobileVisible=true, mShouldMobileGroupVisible=true
D/SignalClusterView(  838): apply(), slotId=0, mRoaming=false mMobileActivityId=0 mMobileTypeId=0 mMobileStrengthId[0] = 0 mMobileStrengthId[1] = 0
D/SIMHelper(  838): isSimInserted(0), SimInserted=false
D/SignalClusterView(  838): apply(). mIsAirplaneMode is false, NWType slot(0) is 8
W/ADB_SERVICES(  184): create_local_service_socket() name=shell:cat /proc/24604/stat
W/ADB_SERVICES(  184): service_to_fd() name=shell:cat /proc/24604/stat
W/ADB_SERVICES(  184): read_meminfo() mem_free=37684
W/ADB_SERVICES(  184): create_subprocess() ret_fd=15 pid=28316
W/ADB_SERVICES(  184): LS(25419): bound to 'shell:cat /proc/24604/stat' via 15
W/ADB_SERVICES(28316): adb: unable to open /proc/28316/oom_adj
D/ADB_SERVICES(  184):  closing because is_eof=1 r=-1 s->fde.force_eof=0
W/ADB_SERVICES(  184): entered. LS(25419) fd=15
D/SIMHelper(  838): isSimInserted(0), SimInserted=false
D/StatusBar.NetworkController(  838): refreshViews(0), DataConnected=false simColorId = -1
D/StatusBar.NetworkController(  838): refreshViews(0), set parameters to signal cluster view.
D/SignalClusterView(  838): setWifiIndicators, visible=true, strengthIcon=com.mediatek.systemui.ext.IconIdWrapper@41da64f0, activityIcon=com.mediatek.systemui.ext.IconIdWrapper@41da6508, contentDescription=WLAN 
D/StatusBar.NetworkController(  838): refreshViews(0), tempPhoneSignalIconId.0 = 0  tempPhoneSignalIconId.1 = 0  tempMobileActivityIconId= 0  tempDataTypeIconId= 0
D/SignalClusterView(  838): setMobileDataIndicators(0), visible=true, strengthIcon[0] ~ [1] 0 ~ 0
D/SignalClusterView(  838): setIsAirplaneMode=false
D/SignalClusterView(  838): setRoamingFlagandResource(0), roaming=false, roamingId=0
D/SignalClusterView(  838): setShowSimIndicator(0), showSimIndicator=false simIndicatorResource = 0
D/SignalClusterView(  838): setDataNetType3G(0), NetworkType=null
D/SignalClusterView(  838): apply(), mWifiVisible is true
D/SIMHelper(  838): isSimInserted(0), SimInserted=false
D/SignalClusterView(  838): apply(), slotId=0, mMobileVisible=true, mShouldMobileGroupVisible=true
D/SignalClusterView(  838): apply(), slotId=0, mRoaming=false mMobileActivityId=0 mMobileTypeId=0 mMobileStrengthId[0] = 0 mMobileStrengthId[1] = 0
D/SIMHelper(  838): isSimInserted(0), SimInserted=false
D/SignalClusterView(  838): apply(). mIsAirplaneMode is false, NWType slot(0) is 8
D/WifiStateMachine(  719): ConnectedState{ when=-3ms what=131155 arg1=33 target=com.android.internal.util.StateMachine$SmHandler target=Handler (com.android.internal.util.StateMachine$SmHandler) {421bb670} }
D/WifiStateMachine(  719): L2ConnectedState{ when=-3ms what=131155 arg1=33 target=com.android.internal.util.StateMachine$SmHandler target=Handler (com.android.internal.util.StateMachine$SmHandler) {421bb670} }
D/WifiHW  (  719): enter -->wifi_send_command cmd=IFNAME=wlan0 SIGNAL_POLL
D/wpa_supplicant(  971): RX ctrl_iface - hexdump(len=11): 53 49 47 4e 41 4c 5f 50 4f 4c 4c
D/wpa_supplicant(  971): wlan0: Control interface command 'SIGNAL_POLL'
D/wpa_supplicant(  971): nl80211: survey data missing!
D/WifiHW  (  719): leave --> reply=RSSI=-71
D/WifiHW  (  719): LINKSPEED=26
D/WifiHW  (  719): NOISE=9999
D/WifiHW  (  719): FREQUENCY=2412
D/WifiHW  (  719): 
D/wifi    (  719): doStringCommand, buf IFNAME=wlan0 SIGNAL_POLL
I/WifiStateMachine(  719): fetchRssiAndLinkSpeedNative, newRssi:-71, newLinkSpeed:26, SSID:"60_office"
V/ActivityManager(  719): Broadcast sticky: Intent { act=android.net.wifi.RSSI_CHANGED flg=0x4000010 (has extras) } ordered=false userid=-1 callerApp=ProcessRecord{41fff248 719:system/1000}
D/StatusBar.NetworkController(  838): onReceive, intent action = android.net.wifi.RSSI_CHANGED
D/StatusBar.NetworkController(  838): updateWifiState: mWifiLevel = 2  mWifiRssi=-71 mWifiConnected is true
D/SIMHelper(  838): isSimInserted(0), SimInserted=false
D/StatusBar.NetworkController(  838): refreshViews(0), DataConnected=false simColorId = -1
D/WifiWatchdogStateMachine(  719): RSSI current: 3 new: -71, 2
D/StatusBar.NetworkController(  838): refreshViews(0), set parameters to signal cluster view.
D/SignalClusterView(  838): setWifiIndicators, visible=true, strengthIcon=com.mediatek.systemui.ext.IconIdWrapper@41da64f0, activityIcon=com.mediatek.systemui.ext.IconIdWrapper@41da6508, contentDescription=WLAN 
D/StatusBar.NetworkController(  838): refreshViews(0), tempPhoneSignalIconId.0 = 0  tempPhoneSignalIconId.1 = 0  tempMobileActivityIconId= 0  tempDataTypeIconId= 0
D/SignalClusterView(  838): setMobileDataIndicators(0), visible=true, strengthIcon[0] ~ [1] 0 ~ 0
D/SignalClusterView(  838): setIsAirplaneMode=false
D/SignalClusterView(  838): setRoamingFlagandResource(0), roaming=false, roamingId=0
D/SignalClusterView(  838): setShowSimIndicator(0), showSimIndicator=false simIndicatorResource = 0
D/SignalClusterView(  838): setDataNetType3G(0), NetworkType=null
D/SignalClusterView(  838): apply(), mWifiVisible is true
D/SIMHelper(  838): isSimInserted(0), SimInserted=false
D/SignalClusterView(  838): apply(), slotId=0, mMobileVisible=true, mShouldMobileGroupVisible=true
D/SignalClusterView(  838): apply(), slotId=0, mRoaming=false mMobileActivityId=0 mMobileTypeId=0 mMobileStrengthId[0] = 0 mMobileStrengthId[1] = 0
D/SIMHelper(  838): isSimInserted(0), SimInserted=false
D/SignalClusterView(  838): apply(). mIsAirplaneMode is false, NWType slot(0) is 8
D/ADB_SERVICES(  184): adb fdevent_process list (21) (15) 
W/ADB_SERVICES(  184): create_local_service_socket() name=shell:cat /proc/24604/stat
W/ADB_SERVICES(  184): service_to_fd() name=shell:cat /proc/24604/stat
W/ADB_SERVICES(  184): read_meminfo() mem_free=37560
W/ADB_SERVICES(  184): create_subprocess() ret_fd=15 pid=28317
W/ADB_SERVICES(  184): LS(25420): bound to 'shell:cat /proc/24604/stat' via 15
W/ADB_SERVICES(28317): adb: unable to open /proc/28317/oom_adj
D/ADB_SERVICES(  184):  closing because is_eof=1 r=-1 s->fde.force_eof=0
W/ADB_SERVICES(  184): entered. LS(25420) fd=15
W/ADB_SERVICES(  184): create_local_service_socket() name=shell:cat /proc/stat
W/ADB_SERVICES(  184): service_to_fd() name=shell:cat /proc/stat
W/ADB_SERVICES(  184): read_meminfo() mem_free=37560
W/ADB_SERVICES(  184): create_subprocess() ret_fd=15 pid=28318
W/ADB_SERVICES(28318): adb: unable to open /proc/28318/oom_adj
W/ADB_SERVICES(  184): LS(25421): bound to 'shell:cat /proc/stat' via 15
D/ADB_SERVICES(  184):  closing because is_eof=1 r=1 s->fde.force_eof=0
W/ADB_SERVICES(  184): entered. LS(25421) fd=15
I/System.out(  719): [socket][26:53245] exception
I/System.out(  719): [CDS]close[53245]
D/CaptivePortalTracker(  719): Probably not a portal: exception java.net.SocketTimeoutException: failed to connect to /74.125.204.100 (port 80) after 10000ms
V/Provider/Settings(  719): get setting for user 0 by user 0 so skipping cache
V/SettingsProvider(  719): call(global:wifi_scan_always_enabled) for 0
D/SettingsProvider(  719): lookupValue table global cache contains Key wifi_scan_always_enabled , value = null
D/SettingsProvider(  719): lookupValue table global cache.fullyMatchesDisk() wifi_scan_always_enabled
V/Provider/Settings(  719): from db cache, name = wifi_scan_always_enabled , value = null
D/CaptivePortalTracker(  719): Don't send network conditions - lacking user consent.
I/System.out(  719): close [socket][/0.0.0.0:53245]
D/CaptivePortalTracker(  719): Not captive network NetworkInfo: type: WIFI[], state: CONNECTED/CONNECTED, reason: (unspecified), extra: "60_office", roaming: false, failover: false, isAvailable: true, isConnectedToProvisioningNetwork: false, simId: 0
D/CaptivePortalTracker(  719): notifyPortalCheckCompleted: captive=false ni=NetworkInfo: type: WIFI[], state: CONNECTED/CONNECTED, reason: (unspecified), extra: "60_office", roaming: false, failover: false, isAvailable: true, isConnectedToProvisioningNetwork: false, simId: 0
D/ConnectivityService(  719): captivePortalCheckCompleted: ni=NetworkInfo: type: WIFI[], state: CONNECTED/CONNECTED, reason: (unspecified), extra: "60_office", roaming: false, failover: false, isAvailable: true, isConnectedToProvisioningNetwork: false, simId: 0 captive=false
I/ANRManager(  719): updateProcessStats
W/ADB_SERVICES(  184): create_local_service_socket() name=shell:cat /proc/stat
W/ADB_SERVICES(  184): service_to_fd() name=shell:cat /proc/stat
W/ADB_SERVICES(  184): read_meminfo() mem_free=37436
W/ADB_SERVICES(  184): create_subprocess() ret_fd=15 pid=28319
W/ADB_SERVICES(  184): LS(25422): bound to 'shell:cat /proc/stat' via 15
W/ADB_SERVICES(28319): adb: unable to open /proc/28319/oom_adj
D/ADB_SERVICES(  184):  closing because is_eof=1 r=1 s->fde.force_eof=0
W/ADB_SERVICES(  184): entered. LS(25422) fd=15
W/ADB_SERVICES(  184): create_local_service_socket() name=shell:dumpsys meminfo com.sixtyplus.nidfit.treadmill.app
W/ADB_SERVICES(  184): service_to_fd() name=shell:dumpsys meminfo com.sixtyplus.nidfit.treadmill.app
W/ADB_SERVICES(  184): read_meminfo() mem_free=37436
W/ADB_SERVICES(  184): create_subprocess() ret_fd=15 pid=28320
W/ADB_SERVICES(  184): LS(25423): bound to 'shell:dumpsys meminfo com.sixtyplus.nidfit.treadmill.app' via 15
W/ADB_SERVICES(28320): adb: unable to open /proc/28320/oom_adj
D/wpa_supplicant(  971): Scan SSID - hexdump(len=5): 31 31 33 31 35
D/wpa_supplicant(  971): p2p0: Starting AP scan for specific SSID: 11315
D/wpa_supplicant(  971): WPS: Building WPS IE for Probe Request
D/wpa_supplicant(  971): WPS:  * Version (hardcoded 0x10)
D/wpa_supplicant(  971): WPS:  * Request Type
D/wpa_supplicant(  971): WPS:  * Config Methods (4388)
D/wpa_supplicant(  971): WPS:  * UUID-E
D/wpa_supplicant(  971): WPS:  * Primary Device Type
D/wpa_supplicant(  971): WPS:  * RF Bands (1)
D/wpa_supplicant(  971): WPS:  * Association State
D/wpa_supplicant(  971): WPS:  * Configuration Error (0)
D/wpa_supplicant(  971): WPS:  * Device Password ID (0)
D/wpa_supplicant(  971): WPS:  * Manufacturer
D/wpa_supplicant(  971): WPS:  * Model Name
D/wpa_supplicant(  971): WPS:  * Model Number
D/wpa_supplicant(  971): WPS:  * Device Name
D/wpa_supplicant(  971): WPS:  * Version2 (0x20)
D/wpa_supplicant(  971): P2P: * P2P IE header
D/wpa_supplicant(  971): P2P: * Capability dev=25 group=00
D/wpa_supplicant(  971): P2P: * Listen Channel: Regulatory Class 81 Channel 1
D/wpa_supplicant(  971): p2p0: nl80211: scan request
D/wpa_supplicant(  971): nl80211: Scan SSID - hexdump(len=5): 31 31 33 31 35
D/wpa_supplicant(  971): nl80211: Scan extra IEs - hexdump(len=168): dd 93 00 50 f2 04 10 4a 00 01 10 10 3a 00 01 00 10 08 00 02 43 88 10 47 00 10 ff f5 ef c9 8b bb ...
D/wpa_supplicant(  971): Scan requested (ret=0) - scan timeout 30 seconds
D/wpa_supplicant(  971): nl80211: Event message available
D/wpa_supplicant(  971): nl80211: Drv Event 33 (NL80211_CMD_TRIGGER_SCAN) received for p2p0
D/wpa_supplicant(  971): p2p0: nl80211: Scan trigger
D/[BT3.0+HS]PAL(  172): == chip_reset_fd is set ==
D/[BT3.0+HS]PAL(  172): 
D/[BT3.0+HS]PAL(  172): invalid reply message
D/[BT3.0+HS]PAL(  172): 
D/ADB_SERVICES(  184):  closing because is_eof=1 r=-1 s->fde.force_eof=0
W/ADB_SERVICES(  184): entered. LS(25423) fd=15
W/ADB_SERVICES(  184): create_local_service_socket() name=shell:dumpsys gfxinfo com.sixtyplus.nidfit.treadmill.app
W/ADB_SERVICES(  184): service_to_fd() name=shell:dumpsys gfxinfo com.sixtyplus.nidfit.treadmill.app
W/ADB_SERVICES(  184): read_meminfo() mem_free=38228
W/ADB_SERVICES(  184): create_subprocess() ret_fd=15 pid=28323
W/ADB_SERVICES(  184): LS(25424): bound to 'shell:dumpsys gfxinfo com.sixtyplus.nidfit.treadmill.app' via 15
W/ADB_SERVICES(28323): adb: unable to open /proc/28323/oom_adj
D/dalvikvm(  719): create interp thread : stack size=128KB
D/dalvikvm(  719): create new thread
D/dalvikvm(  719): new thread created
D/dalvikvm(  719): update thread list
D/dalvikvm(  719): threadid=76: interp stack at 0x7b443000
D/dalvikvm(  719): threadid=76: created from interp
D/dalvikvm(  719): threadid=76: adding to list
D/dalvikvm(  719): start new thread
D/dalvikvm(  719): threadid=76: notify debugger
D/dalvikvm(  719): threadid=76 (TransferPipe): calling run()
D/ADB_SERVICES(  184):  closing because is_eof=1 r=-1 s->fde.force_eof=0
W/ADB_SERVICES(  184): entered. LS(25424) fd=15
D/dalvikvm(  719): threadid=76: exiting
D/dalvikvm(  719): threadid=76: detach (group=0x41863ce0)
D/dalvikvm(  719): threadid=76: removing from list
D/dalvikvm(  719): threadid=76: bye!
W/ADB_SERVICES(  184): create_local_service_socket() name=shell:cat /proc/24604/net/dev
W/ADB_SERVICES(  184): service_to_fd() name=shell:cat /proc/24604/net/dev
W/ADB_SERVICES(  184): read_meminfo() mem_free=37972
W/ADB_SERVICES(  184): create_subprocess() ret_fd=15 pid=28325
W/ADB_SERVICES(  184): LS(25425): bound to 'shell:cat /proc/24604/net/dev' via 15
W/ADB_SERVICES(28325): adb: unable to open /proc/28325/oom_adj
D/ADB_SERVICES(  184):  closing because is_eof=1 r=1 s->fde.force_eof=0
