D/WifiStateMachine(  719): ConnectedState{ when=-3ms what=131155 arg1=33 target=com.android.internal.util.StateMachine$SmHandler target=Handler (com.android.internal.util.StateMachine$SmHandler) {421bb670} }
D/WifiStateMachine(  719): L2ConnectedState{ when=-3ms what=131155 arg1=33 target=com.android.internal.util.StateMachine$SmHandler target=Handler (com.android.internal.util.StateMachine$SmHandler) {421bb670} }
D/WifiHW  (  719): enter -->wifi_send_command cmd=IFNAME=wlan0 SIGNAL_POLL
D/wpa_supplicant(  971): RX ctrl_iface - hexdump(len=11): 53 49 47 4e 41 4c 5f 50 4f 4c 4c
D/wpa_supplicant(  971): wlan0: Control interface command 'SIGNAL_POLL'
D/wpa_supplicant(  971): nl80211: survey data missing!
D/WifiHW  (  719): leave --> reply=RSSI=-71
D/WifiHW  (  719): LINKSPEED=58
D/WifiHW  (  719): NOISE=9999
D/WifiHW  (  719): FREQUENCY=2412
D/WifiHW  (  719): 
D/wifi    (  719): doStringCommand, buf IFNAME=wlan0 SIGNAL_POLL
I/WifiStateMachine(  719): fetchRssiAndLinkSpeedNative, newRssi:-71, newLinkSpeed:58, SSID:"60_office"
D/AES     (  719): RT Monitor ERROR: open /dev/RT_Monitor failed.
D/InputReader(  719): InputReader::monitor: lock
D/InputReader(  719): InputReader::monitor: wait 
D/InputReader(  719): InputReader::monitor: unlock
D/InputReader(  719): InputReader::monitor: done
W/ADB_SERVICES(  184): create_local_service_socket() name=shell:cat /proc/24604/stat
W/ADB_SERVICES(  184): service_to_fd() name=shell:cat /proc/24604/stat
W/ADB_SERVICES(  184): read_meminfo() mem_free=37884
W/ADB_SERVICES(  184): create_subprocess() ret_fd=15 pid=28394
W/ADB_SERVICES(  184): LS(25475): bound to 'shell:cat /proc/24604/stat' via 15
D/ADB_SERVICES(  184): adb local_socket_ready list (15) 
W/ADB_SERVICES(28394): adb: unable to open /proc/28394/oom_adj
D/ADB_SERVICES(  184): adb socket read list (15) 
D/ADB_SERVICES(  184): read_data=19239
D/ADB_SERVICES(  184): max_read_time=0.000074 max_send_time=0.000061 
D/ADB_SERVICES(  184):  closing because is_eof=1 r=-1 s->fde.force_eof=0
W/ADB_SERVICES(  184): entered. LS(25475) fd=15
W/ADB_SERVICES(  184): create_local_service_socket() name=shell:cat /proc/24604/stat
W/ADB_SERVICES(  184): service_to_fd() name=shell:cat /proc/24604/stat
W/ADB_SERVICES(  184): read_meminfo() mem_free=37884
W/ADB_SERVICES(  184): create_subprocess() ret_fd=15 pid=28395
W/ADB_SERVICES(  184): LS(25476): bound to 'shell:cat /proc/24604/stat' via 15
W/ADB_SERVICES(28395): adb: unable to open /proc/28395/oom_adj
D/ADB_SERVICES(  184):  closing because is_eof=1 r=1 s->fde.force_eof=0
W/ADB_SERVICES(  184): entered. LS(25476) fd=15
W/ADB_SERVICES(  184): create_local_service_socket() name=shell:cat /proc/stat
W/ADB_SERVICES(  184): service_to_fd() name=shell:cat /proc/stat
W/ADB_SERVICES(  184): read_meminfo() mem_free=37876
W/ADB_SERVICES(  184): create_subprocess() ret_fd=15 pid=28396
W/ADB_SERVICES(  184): LS(25477): bound to 'shell:cat /proc/stat' via 15
W/ADB_SERVICES(28396): adb: unable to open /proc/28396/oom_adj
D/ADB_SERVICES(  184):  closing because is_eof=1 r=-1 s->fde.force_eof=0
W/ADB_SERVICES(  184): entered. LS(25477) fd=15
W/ADB_SERVICES(  184): create_local_service_socket() name=shell:cat /proc/stat
W/ADB_SERVICES(  184): service_to_fd() name=shell:cat /proc/stat
W/ADB_SERVICES(  184): read_meminfo() mem_free=37884
W/ADB_SERVICES(  184): create_subprocess() ret_fd=15 pid=28397
W/ADB_SERVICES(  184): LS(25478): bound to 'shell:cat /proc/stat' via 15
D/WifiStateMachine(  719): ConnectedState{ when=-1ms what=131155 arg1=33 target=com.android.internal.util.StateMachine$SmHandler target=Handler (com.android.internal.util.StateMachine$SmHandler) {421bb670} }
D/WifiStateMachine(  719): L2ConnectedState{ when=-1ms what=131155 arg1=33 target=com.android.internal.util.StateMachine$SmHandler target=Handler (com.android.internal.util.StateMachine$SmHandler) {421bb670} }
D/WifiHW  (  719): enter -->wifi_send_command cmd=IFNAME=wlan0 SIGNAL_POLL
D/wpa_supplicant(  971): RX ctrl_iface - hexdump(len=11): 53 49 47 4e 41 4c 5f 50 4f 4c 4c
D/wpa_supplicant(  971): wlan0: Control interface command 'SIGNAL_POLL'
D/wpa_supplicant(  971): nl80211: survey data missing!
D/WifiHW  (  719): leave --> reply=RSSI=-71
D/WifiHW  (  719): LINKSPEED=58
D/WifiHW  (  719): NOISE=9999
D/WifiHW  (  719): FREQUENCY=2412
D/WifiHW  (  719): 
D/wifi    (  719): doStringCommand, buf IFNAME=wlan0 SIGNAL_POLL
I/WifiStateMachine(  719): fetchRssiAndLinkSpeedNative, newRssi:-71, newLinkSpeed:58, SSID:"60_office"
W/ADB_SERVICES(28397): adb: unable to open /proc/28397/oom_adj
D/ADB_SERVICES(  184):  closing because is_eof=1 r=-1 s->fde.force_eof=0
W/ADB_SERVICES(  184): entered. LS(25478) fd=15
W/ADB_SERVICES(  184): create_local_service_socket() name=shell:dumpsys meminfo com.sixtyplus.nidfit.treadmill.app
W/ADB_SERVICES(  184): service_to_fd() name=shell:dumpsys meminfo com.sixtyplus.nidfit.treadmill.app
W/ADB_SERVICES(  184): read_meminfo() mem_free=37876
W/ADB_SERVICES(  184): create_subprocess() ret_fd=15 pid=28398
W/ADB_SERVICES(  184): LS(25479): bound to 'shell:dumpsys meminfo com.sixtyplus.nidfit.treadmill.app' via 15
W/ADB_SERVICES(28398): adb: unable to open /proc/28398/oom_adj
D/ADB_SERVICES(  184): adb fdevent_process list (15) (21) 
D/ADB_SERVICES(  184):  closing because is_eof=1 r=-1 s->fde.force_eof=0
W/ADB_SERVICES(  184): entered. LS(25479) fd=15
W/ADB_SERVICES(  184): create_local_service_socket() name=shell:dumpsys gfxinfo com.sixtyplus.nidfit.treadmill.app
W/ADB_SERVICES(  184): service_to_fd() name=shell:dumpsys gfxinfo com.sixtyplus.nidfit.treadmill.app
W/ADB_SERVICES(  184): read_meminfo() mem_free=37752
W/ADB_SERVICES(  184): create_subprocess() ret_fd=15 pid=28399
W/ADB_SERVICES(  184): LS(25480): bound to 'shell:dumpsys gfxinfo com.sixtyplus.nidfit.treadmill.app' via 15
W/ADB_SERVICES(28399): adb: unable to open /proc/28399/oom_adj
D/dalvikvm(  719): create interp thread : stack size=128KB
D/dalvikvm(  719): create new thread
D/dalvikvm(  719): new thread created
D/dalvikvm(  719): update thread list
D/dalvikvm(  719): threadid=76: interp stack at 0x7b443000
D/dalvikvm(  719): threadid=76: created from interp
D/dalvikvm(  719): threadid=76: adding to list
D/dalvikvm(  719): start new thread
D/dalvikvm(  719): threadid=76: notify debugger
D/dalvikvm(  719): threadid=76 (TransferPipe): calling run()
D/ADB_SERVICES(  184):  closing because is_eof=1 r=-1 s->fde.force_eof=0
W/ADB_SERVICES(  184): entered. LS(25480) fd=15
D/dalvikvm(  719): threadid=76: exiting
D/dalvikvm(  719): threadid=76: detach (group=0x41863ce0)
D/dalvikvm(  719): threadid=76: removing from list
D/dalvikvm(  719): threadid=76: bye!
W/ADB_SERVICES(  184): create_local_service_socket() name=shell:cat /proc/24604/net/dev
W/ADB_SERVICES(  184): service_to_fd() name=shell:cat /proc/24604/net/dev
W/ADB_SERVICES(  184): read_meminfo() mem_free=37744
W/ADB_SERVICES(  184): create_subprocess() ret_fd=15 pid=28401
W/ADB_SERVICES(  184): LS(25481): bound to 'shell:cat /proc/24604/net/dev' via 15
W/ADB_SERVICES(28401): adb: unable to open /proc/28401/oom_adj
D/ADB_SERVICES(  184):  closing because is_eof=1 r=1 s->fde.force_eof=0
W/ADB_SERVICES(  184): entered. LS(25481) fd=15
W/ADB_SERVICES(  184): create_local_service_socket() name=shell:dumpsys battery
W/ADB_SERVICES(  184): service_to_fd() name=shell:dumpsys battery
W/ADB_SERVICES(  184): read_meminfo() mem_free=37744
W/ADB_SERVICES(  184): create_subprocess() ret_fd=15 pid=28402
W/ADB_SERVICES(  184): LS(25482): bound to 'shell:dumpsys battery' via 15
W/ADB_SERVICES(28402): adb: unable to open /proc/28402/oom_adj
D/ADB_SERVICES(  184):  closing because is_eof=1 r=-1 s->fde.force_eof=0
W/ADB_SERVICES(  184): entered. LS(25482) fd=15
D/wpa_supplicant(  971): p2p0: Starting AP scan for wildcard SSID
D/wpa_supplicant(  971): WPS: Building WPS IE for Probe Request
D/wpa_supplicant(  971): WPS:  * Version (hardcoded 0x10)
D/wpa_supplicant(  971): WPS:  * Request Type
D/wpa_supplicant(  971): WPS:  * Config Methods (4388)
D/wpa_supplicant(  971): WPS:  * UUID-E
D/wpa_supplicant(  971): WPS:  * Primary Device Type
D/wpa_supplicant(  971): WPS:  * RF Bands (1)
D/wpa_supplicant(  971): WPS:  * Association State
D/wpa_supplicant(  971): WPS:  * Configuration Error (0)
D/wpa_supplicant(  971): WPS:  * Device Password ID (0)
D/wpa_supplicant(  971): WPS:  * Manufacturer
D/wpa_supplicant(  971): WPS:  * Model Name
D/wpa_supplicant(  971): WPS:  * Model Number
D/wpa_supplicant(  971): WPS:  * Device Name
D/wpa_supplicant(  971): WPS:  * Version2 (0x20)
D/wpa_supplicant(  971): P2P: * P2P IE header
D/wpa_supplicant(  971): P2P: * Capability dev=25 group=00
D/wpa_supplicant(  971): P2P: * Listen Channel: Regulatory Class 81 Channel 1
D/wpa_supplicant(  971): p2p0: nl80211: scan request
D/wpa_supplicant(  971): nl80211: Scan SSID - hexdump(len=0): [NULL]
D/wpa_supplicant(  971): nl80211: Scan extra IEs - hexdump(len=168): dd 93 00 50 f2 04 10 4a 00 01 10 10 3a 00 01 00 10 08 00 02 43 88 10 47 00 10 ff f5 ef c9 8b bb ...
D/wpa_supplicant(  971): Scan requested (ret=0) - scan timeout 30 seconds
D/wpa_supplicant(  971): nl80211: Event message available
D/wpa_supplicant(  971): nl80211: Drv Event 33 (NL80211_CMD_TRIGGER_SCAN) received for p2p0
D/wpa_supplicant(  971): p2p0: nl80211: Scan trigger
D/[BT3.0+HS]PAL(  172): == chip_reset_fd is set ==
D/[BT3.0+HS]PAL(  172): 
D/[BT3.0+HS]PAL(  172): invalid reply message
D/[BT3.0+HS]PAL(  172): 
D/ADB_SERVICES(  184): recv: CLSE 00000009 00005430 
W/ADB_SERVICES(  184): entered. LS(21552) fd=33
D/wpa_supplicant(  971): nl80211: Event message available
D/wpa_supplicant(  971): nl80211: Drv Event 34 (NL80211_CMD_NEW_SCAN_RESULTS) received for p2p0
D/wpa_supplicant(  971): p2p0: nl80211: New scan results available
D/wpa_supplicant(  971): p2p0: Event SCAN_RESULTS (3) received
D/wpa_supplicant(  971): nl80211: Received scan results (1 BSSes)
D/wpa_supplicant(  971): nl80211: Survey data missing
D/wpa_supplicant(  971): Sorted scan results
D/wpa_supplicant(  971): 46:1c:a8:22:93:af freq=2437 qual=0 noise=0 level=0 flags=0xb age=0
D/wpa_supplicant(  971): IEs - hexdump(len=542): 00 1a 44 49 52 45 43 54 2d 61 66 2d 48 50 20 4d 32 37 37 20 4c 61 73 65 72 4a 65 74 01 08 8c 12 ...
D/wpa_supplicant(  971): p2p0: BSS: Start scan result update 4144
D/wpa_supplicant(  971): BSS: last_scan_res_used=1/32 last_scan_full=0
D/wpa_supplicant(  971): Add randomness: count=6700 entropy=911
D/wpa_supplicant(  971): random pool - hexdump(len=128): [REMOVED]
D/wpa_supplicant(  971): random_mix_pool - hexdump(len=8): [REMOVED]
D/wpa_supplicant(  971): random_mix_pool - hexdump(len=5): [REMOVED]
D/wpa_supplicant(  971): random pool - hexdump(len=128): [REMOVED]
D/wpa_supplicant(  971): p2p0: New scan results available
D/wpa_supplicant(  971): CTRL_IFACE monitor send - hexdump(len=39): 2f 64 61 74 61 2f 6d 69 73 63 2f 77 69 66 69 2f 73 6f 63 6b 65 74 73 2f 77 70 61 5f 63 74 72 6c ...
D/wpa_supplicant(  971): WPS: attr type=0x104a len=1
D/wpa_supplicant(  971): WPS: attr type=0x1044 len=1
D/wpa_supplicant(  971): WPS: attr type=0x1057 len=1
D/wpa_supplicant(  971): WPS: attr type=0x1041 len=1
D/wpa_supplicant(  971): WPS: attr type=0x103b len=1
D/wpa_supplicant(  971): WPS: attr type=0x1047 len=16
D/wpa_supplicant(  971): WPS: attr type=0x1021 len=2
D/wpa_supplicant(  971): WPS: attr type=0x1023 len=29
D/wpa_supplicant(  971): WPS: attr type=0x1024 len=7
D/wpa_supplicant(  971): WPS: attr type=0x1042 len=11
D/wpa_supplicant(  971): WPS: attr type=0x1054 len=8
D/wpa_supplicant(  971): WPS: attr type=0x1011 len=26
D/wpa_supplicant(  971): WPS: attr type=0x1008 len=2
D/wpa_supplicant(  971): WPS: attr type=0x1049 len=6
D/wpa_supplicant(  971): WPS: WFA subelement id=0 len=1
D/wpa_supplicant(  971): WPS: attr type=0x1049 len=23
D/wpa_supplicant(  971): WPS: Unknown Vendor Extension (Vendor ID 311)
D/wpa_supplicant(  971): WPS: attr type=0x104a len=1
D/wpa_supplicant(  971): WPS: attr type=0x1044 len=1
D/wpa_supplicant(  971): WPS: attr type=0x1057 len=1
D/wpa_supplicant(  971): WPS: attr type=0x1041 len=1
D/wpa_supplicant(  971): WPS: attr type=0x103b len=1
D/wpa_supplicant(  971): WPS: attr type=0x1047 len=16
D/wpa_supplicant(  971): WPS: attr type=0x1021 len=2
D/wpa_supplicant(  971): WPS: attr type=0x1023 len=29
D/wpa_supplicant(  971): WPS: attr type=0x1024 len=7
D/wpa_supplicant(  971): WPS: attr type=0x1042 len=11
D/wpa_supplicant(  971): WPS: attr type=0x1054 len=8
D/wpa_supplicant(  971): WPS: attr type=0x1011 len=26
D/wpa_supplicant(  971): WPS: attr type=0x1008 len=2
D/wpa_supplicant(  971): WPS: attr type=0x1049 len=6
D/wpa_supplicant(  971): WPS: WFA subelement id=0 len=1
D/wpa_supplicant(  971): WPS: attr type=0x1049 len=23
D/wpa_supplicant(  971): WPS: Unknown Vendor Extension (Vendor ID 311)
D/wpa_supplicant(  971): WPS: attr type=0x104a len=1
D/wpa_supplicant(  971): WPS: attr type=0x1044 len=1
D/wpa_supplicant(  971): WPS: attr type=0x1057 len=1
D/wpa_supplicant(  971): WPS: attr type=0x1041 len=1
D/wpa_supplicant(  971): WPS: attr type=0x103b len=1
D/wpa_supplicant(  971): WPS: attr type=0x1047 len=16
D/wpa_supplicant(  971): WPS: attr type=0x1021 len=2
D/wpa_supplicant(  971): WPS: attr type=0x1023 len=29
D/wpa_supplicant(  971): WPS: attr type=0x1024 len=7
D/wpa_supplicant(  971): WPS: attr type=0x1042 len=11
D/wpa_supplicant(  971): WPS: attr type=0x1054 len=8
D/wpa_supplicant(  971): WPS: attr type=0x1011 len=26
D/wpa_supplicant(  971): WPS: attr type=0x1008 len=2
D/wpa_supplicant(  971): WPS: attr type=0x1049 len=6
D/wpa_supplicant(  971): WPS: WFA subelement id=0 len=1
D/wpa_supplicant(  971): WPS: attr type=0x1049 len=23
D/wpa_supplicant(  971): WPS: Unknown Vendor Extension (Vendor ID 311)
D/wpa_supplicant(  971): CTRL_IFACE monitor send - hexdump(len=39): 2f 64 61 74 61 2f 6d 69 73 63 2f 77 69 66 69 2f 73 6f 63 6b 65 74 73 2f 77 70 61 5f 63 74 72 6c ...
D/wpa_supplicant(  971): WPS: attr type=0x104a len=1
D/wpa_supplicant(  971): WPS: attr type=0x1044 len=1
D/wpa_supplicant(  971): WPS: attr type=0x1057 len=1
D/wpa_supplicant(  971): WPS: attr type=0x1041 len=1
D/wpa_supplicant(  971): WPS: attr type=0x103b len=1
D/wpa_supplicant(  971): WPS: attr type=0x1047 len=16
D/wpa_supplicant(  971): WPS: attr type=0x1021 len=2
D/wpa_supplicant(  971): WPS: attr type=0x1023 len=29
D/wpa_supplicant(  971): WPS: attr type=0x1024 len=7
D/wpa_supplicant(  971): WPS: attr type=0x1042 len=11
D/wpa_supplicant(  971): WPS: attr type=0x1054 len=8
D/wpa_supplicant(  971): WPS: attr type=0x1011 len=26
D/wpa_supplicant(  971): WPS: attr type=0x1008 len=2
D/wpa_supplicant(  971): WPS: attr type=0x1049 len=6
D/wpa_supplicant(  971): WPS: WFA subelement id=0 len=1
D/wpa_supplicant(  971): WPS: attr type=0x1049 len=23
D/wpa_supplicant(  971): WPS: Unknown Vendor Extension (Vendor ID 311)
D/wpa_supplicant(  971): WPS: AP[0] 46:1c:a8:22:93:af type=0 tries=0 last_attempt=-1 sec ago blacklist=0
D/wpa_supplicant(  971): WPS: AP[1] 3c:46:d8:7b:ea:0c type=0 tries=0 last_attempt=-1 sec ago blacklist=0
D/wpa_supplicant(  971): p2p0: Selecting BSS from priority group 0
D/wpa_supplicant(  971): p2p0: 0: 46:1c:a8:22:93:af ssid='DIRECT-af-HP M277 LaserJet' wpa_ie_len=0 rsn_ie_len=20 caps=0x511 level=0 wps
D/wpa_supplicant(  971): p2p0:    skip - SSID mismatch
D/wpa_supplicant(  971): p2p0: No suitable network found
D/wpa_supplicant(  971): p2p0: Setting scan request: 5 sec 0 usec
D/wpa_supplicant(  971): p2p0: Checking for other virtual interfaces sharing same radio (phy1) in event_scan_results
D/wpa_supplicant(  971): p2p0: P2P: Station mode scan operation not pending anymore (sta_scan_pending=0 p2p_cb_on_scan_complete=0)
D/[BT3.0+HS]PAL(  172): == chip_reset_fd is set ==
D/[BT3.0+HS]PAL(  172): 
D/[BT3.0+HS]PAL(  172): invalid reply message
D/[BT3.0+HS]PAL(  172): 
I/Netd    (  146): Get netlink event, ifname: p2p0 action: 4
D/SocketClient(  146): SocketClient msg = Iface linkstate p2p0 up
D/SocketClient(  146): SocketClient sendDatalocked done: 600 Iface linkstate p2p0 up
D/wpa_supplicant(  971): RTM_NEWLINK: operstate=0 ifi_flags=0x11003 ([UP][LOWER_UP])
D/wpa_supplicant(  971): RTM_NEWLINK, IFLA_IFNAME: Interface 'p2p0' added
D/wpa_supplicant(  971): nl80211: if_removed already cleared - ignore event
D/WifiHW  (  719): [1] get event: IFNAME=p2p0 <3>CTRL-EVENT-SCAN-RESULTS 
D/WifiHW  (  719): [2] get event: IFNAME=p2p0 CTRL-EVENT-SCAN-RESULTS 
D/WifiMonitor(  719): iface p2p0
D/WifiHW  (  719): enter -->wifi_wait_on_socket buflen=2048
D/WifiHW  (  719): enter -->wifi_ctrl_recv
D/WifiHW  (  719): [1] get event: IFNAME=p2p0 <3>WPS-AP-AVAILABLE 
D/WifiHW  (  719): [2] get event: IFNAME=p2p0 WPS-AP-AVAILABLE 
D/WifiMonitor(  719): Event [IFNAME=p2p0 WPS-AP-AVAILABLE ]
D/WifiMonitor(  719): iface p2p0
W/WifiMonitor(  719): couldn't identify event type - WPS-AP-AVAILABLE 
D/WifiHW  (  719): enter -->wifi_wait_on_socket buflen=2048
D/WifiHW  (  719): enter -->wifi_ctrl_recv
D/NetdConnector(  719): RCV <- {600 Iface linkstate p2p0 up}
D/WifiP2pService(  719): InactiveState{ when=-2ms what=147461 target=com.android.internal.util.StateMachine$SmHandler target=Handler (com.android.internal.util.StateMachine$SmHandler) {421b0e30} }
D/WifiP2pService(  719): P2pEnabledState{ when=-2ms what=147461 target=com.android.internal.util.StateMachine$SmHandler target=Handler (com.android.internal.util.StateMachine$SmHandler) {421b0e30} }
D/WifiP2pService(  719): DefaultState{ when=-2ms what=147461 target=com.android.internal.util.StateMachine$SmHandler target=Handler (com.android.internal.util.StateMachine$SmHandler) {421b0e30} }
D/NetworkManagementService(  719): onEvent:600 Iface linkstate p2p0 up:5
I/Tethering(  719): interfaceLinkStateChanged p2p0, true
I/Tethering(  719): interfaceStatusChanged p2p0, true
D/WifiStateMachine(  719): ConnectedState{ when=-3ms what=131155 arg1=33 target=com.android.internal.util.StateMachine$SmHandler target=Handler (com.android.internal.util.StateMachine$SmHandler) {421bb670} }
D/WifiStateMachine(  719): L2ConnectedState{ when=-3ms what=131155 arg1=33 target=com.android.internal.util.StateMachine$SmHandler target=Handler (com.android.internal.util.StateMachine$SmHandler) {421bb670} }
D/WifiHW  (  719): enter -->wifi_send_command cmd=IFNAME=wlan0 SIGNAL_POLL
D/wpa_supplicant(  971): RX ctrl_iface - hexdump(len=11): 53 49 47 4e 41 4c 5f 50 4f 4c 4c
D/wpa_supplicant(  971): wlan0: Control interface command 'SIGNAL_POLL'
D/wpa_supplicant(  971): nl80211: survey data missing!
D/WifiHW  (  719): leave --> reply=RSSI=-71
D/WifiHW  (  719): LINKSPEED=58
D/WifiHW  (  719): NOISE=9999
D/WifiHW  (  719): FREQUENCY=2412
D/WifiHW  (  719): 
D/wifi    (  719): doStringCommand, buf IFNAME=wlan0 SIGNAL_POLL
I/WifiStateMachine(  719): fetchRssiAndLinkSpeedNative, newRssi:-71, newLinkSpeed:58, SSID:"60_office"
D/WifiStateMachine(  719): ConnectedState{ when=-3ms what=131155 arg1=33 target=com.android.internal.util.StateMachine$SmHandler target=Handler (com.android.internal.util.StateMachine$SmHandler) {421bb670} }
D/WifiStateMachine(  719): L2ConnectedState{ when=-3ms what=131155 arg1=33 target=com.android.internal.util.StateMachine$SmHandler target=Handler (com.android.internal.util.StateMachine$SmHandler) {421bb670} }
D/WifiHW  (  719): enter -->wifi_send_command cmd=IFNAME=wlan0 SIGNAL_POLL
D/wpa_supplicant(  971): RX ctrl_iface - hexdump(len=11): 53 49 47 4e 41 4c 5f 50 4f 4c 4c
D/wpa_supplicant(  971): wlan0: Control interface command 'SIGNAL_POLL'
D/wpa_supplicant(  971): nl80211: survey data missing!
D/WifiHW  (  719): leave --> reply=RSSI=-71
D/WifiHW  (  719): LINKSPEED=58
D/WifiHW  (  719): NOISE=9999
D/WifiHW  (  719): FREQUENCY=2412
D/WifiHW  (  719): 
D/wifi    (  719): doStringCommand, buf IFNAME=wlan0 SIGNAL_POLL
I/WifiStateMachine(  719): fetchRssiAndLinkSpeedNative, newRssi:-71, newLinkSpeed:58, SSID:"60_office"
D/wpa_supplicant(  971): Scan SSID - hexdump(len=5): 31 31 33 31 35
D/wpa_supplicant(  971): p2p0: Starting AP scan for specific SSID: 11315
D/wpa_supplicant(  971): WPS: Building WPS IE for Probe Request
D/wpa_supplicant(  971): WPS:  * Version (hardcoded 0x10)
D/wpa_supplicant(  971): WPS:  * Request Type
D/wpa_supplicant(  971): WPS:  * Config Methods (4388)
D/wpa_supplicant(  971): WPS:  * UUID-E
D/wpa_supplicant(  971): WPS:  * Primary Device Type
D/wpa_supplicant(  971): WPS:  * RF Bands (1)
D/wpa_supplicant(  971): WPS:  * Association State
D/wpa_supplicant(  971): WPS:  * Configuration Error (0)
D/wpa_supplicant(  971): WPS:  * Device Password ID (0)
D/wpa_supplicant(  971): WPS:  * Manufacturer
D/wpa_supplicant(  971): WPS:  * Model Name
D/wpa_supplicant(  971): WPS:  * Model Number
D/wpa_supplicant(  971): WPS:  * Device Name
D/wpa_supplicant(  971): WPS:  * Version2 (0x20)
D/wpa_supplicant(  971): P2P: * P2P IE header
D/wpa_supplicant(  971): P2P: * Capability dev=25 group=00
D/wpa_supplicant(  971): P2P: * Listen Channel: Regulatory Class 81 Channel 1
D/wpa_supplicant(  971): p2p0: nl80211: scan request
D/wpa_supplicant(  971): nl80211: Scan SSID - hexdump(len=5): 31 31 33 31 35
D/wpa_supplicant(  971): nl80211: Scan extra IEs - hexdump(len=168): dd 93 00 50 f2 04 10 4a 00 01 10 10 3a 00 01 00 10 08 00 02 43 88 10 47 00 10 ff f5 ef c9 8b bb ...
D/wpa_supplicant(  971): Scan requested (ret=0) - scan timeout 30 seconds
D/wpa_supplicant(  971): nl80211: Event message available
D/wpa_supplicant(  971): nl80211: Drv Event 33 (NL80211_CMD_TRIGGER_SCAN) received for p2p0
D/wpa_supplicant(  971): p2p0: nl80211: Scan trigger
D/[BT3.0+HS]PAL(  172): == chip_reset_fd is set ==
D/[BT3.0+HS]PAL(  172): 
D/[BT3.0+HS]PAL(  172): invalid reply message
D/[BT3.0+HS]PAL(  172): 
D/wpa_supplicant(  971): nl80211: Event message available
D/wpa_supplicant(  971): nl80211: Drv Event 34 (NL80211_CMD_NEW_SCAN_RESULTS) received for p2p0
D/wpa_supplicant(  971): p2p0: nl80211: New scan results available
D/wpa_supplicant(  971): p2p0: Event SCAN_RESULTS (3) received
D/wpa_supplicant(  971): nl80211: Received scan results (0 BSSes)
D/wpa_supplicant(  971): nl80211: Survey data missing
D/wpa_supplicant(  971): p2p0: BSS: Start scan result update 4145
D/wpa_supplicant(  971): BSS: last_scan_res_used=0/32 last_scan_full=0
D/wpa_supplicant(  971): p2p0: New scan results available
D/wpa_supplicant(  971): CTRL_IFACE monitor send - hexdump(len=39): 2f 64 61 74 61 2f 6d 69 73 63 2f 77 69 66 69 2f 73 6f 63 6b 65 74 73 2f 77 70 61 5f 63 74 72 6c ...
D/wpa_supplicant(  971): WPS: attr type=0x104a len=1
D/wpa_supplicant(  971): WPS: attr type=0x1044 len=1
D/wpa_supplicant(  971): WPS: attr type=0x1057 len=1
D/wpa_supplicant(  971): WPS: attr type=0x1041 len=1
D/wpa_supplicant(  971): WPS: attr type=0x103b len=1
D/wpa_supplicant(  971): WPS: attr type=0x1047 len=16
D/wpa_supplicant(  971): WPS: attr type=0x1021 len=2
D/wpa_supplicant(  971): WPS: attr type=0x1023 len=29
D/wpa_supplicant(  971): WPS: attr type=0x1024 len=7
D/wpa_supplicant(  971): WPS: attr type=0x1042 len=11
D/wpa_supplicant(  971): WPS: attr type=0x1054 len=8
D/wpa_supplicant(  971): WPS: attr type=0x1011 len=26
D/wpa_supplicant(  971): WPS: attr type=0x1008 len=2
D/wpa_supplicant(  971): WPS: attr type=0x1049 len=6
D/wpa_supplicant(  971): WPS: WFA subelement id=0 len=1
D/wpa_supplicant(  971): WPS: attr type=0x1049 len=23
D/wpa_supplicant(  971): WPS: Unknown Vendor Extension (Vendor ID 311)
D/wpa_supplicant(  971): WPS: attr type=0x104a len=1
D/wpa_supplicant(  971): WPS: attr type=0x1044 len=1
D/wpa_supplicant(  971): WPS: attr type=0x1057 len=1
D/wpa_supplicant(  971): WPS: attr type=0x1041 len=1
D/wpa_supplicant(  971): WPS: attr type=0x103b len=1
D/wpa_supplicant(  971): WPS: attr type=0x1047 len=16
D/wpa_supplicant(  971): WPS: attr type=0x1021 len=2
D/wpa_supplicant(  971): WPS: attr type=0x1023 len=29
D/wpa_supplicant(  971): WPS: attr type=0x1024 len=7
D/wpa_supplicant(  971): WPS: attr type=0x1042 len=11
D/wpa_supplicant(  971): WPS: attr type=0x1054 len=8
D/wpa_supplicant(  971): WPS: attr type=0x1011 len=26
D/wpa_supplicant(  971): WPS: attr type=0x1008 len=2
D/wpa_supplicant(  971): WPS: attr type=0x1049 len=6
D/wpa_supplicant(  971): WPS: WFA subelement id=0 len=1
D/wpa_supplicant(  971): WPS: attr type=0x1049 len=23
D/wpa_supplicant(  971): WPS: Unknown Vendor Extension (Vendor ID 311)
D/wpa_supplicant(  971): WPS: attr type=0x104a len=1
D/wpa_supplicant(  971): WPS: attr type=0x1044 len=1
D/wpa_supplicant(  971): WPS: attr type=0x1057 len=1
D/wpa_supplicant(  971): WPS: attr type=0x1041 len=1
D/wpa_supplicant(  971): WPS: attr type=0x103b len=1
D/wpa_supplicant(  971): WPS: attr type=0x1047 len=16
D/wpa_supplicant(  971): WPS: attr type=0x1021 len=2
D/wpa_supplicant(  971): WPS: attr type=0x1023 len=29
D/wpa_supplicant(  971): WPS: attr type=0x1024 len=7
D/wpa_supplicant(  971): WPS: attr type=0x1042 len=11
D/wpa_supplicant(  971): WPS: attr type=0x1054 len=8
D/wpa_supplicant(  971): WPS: attr type=0x1011 len=26
D/wpa_supplicant(  971): WPS: attr type=0x1008 len=2
D/wpa_supplicant(  971): WPS: attr type=0x1049 len=6
D/wpa_supplicant(  971): WPS: WFA subelement id=0 len=1
D/wpa_supplicant(  971): WPS: attr type=0x1049 len=23
D/wpa_supplicant(  971): WPS: Unknown Vendor Extension (Vendor ID 311)
D/wpa_supplicant(  971): CTRL_IFACE monitor send - hexdump(len=39): 2f 64 61 74 61 2f 6d 69 73 63 2f 77 69 66 69 2f 73 6f 63 6b 65 74 73 2f 77 70 61 5f 63 74 72 6c ...
D/wpa_supplicant(  971): WPS: AP[0] 46:1c:a8:22:93:af type=0 tries=0 last_attempt=-1 sec ago blacklist=0
D/wpa_supplicant(  971): WPS: AP[1] 3c:46:d8:7b:ea:0c type=0 tries=0 last_attempt=-1 sec ago blacklist=0
D/wpa_supplicant(  971): p2p0: No suitable network found
D/wpa_supplicant(  971): p2p0: Setting scan request: 5 sec 0 usec
D/wpa_supplicant(  971): p2p0: Checking for other virtual interfaces sharing same radio (phy1) in event_scan_results
D/wpa_supplicant(  971): p2p0: P2P: Station mode scan operation not pending anymore (sta_scan_pending=0 p2p_cb_on_scan_complete=0)
D/[BT3.0+HS]PAL(  172): == chip_reset_fd is set ==
D/[BT3.0+HS]PAL(  172): 
D/[BT3.0+HS]PAL(  172): invalid reply message
D/[BT3.0+HS]PAL(  172): 
I/Netd    (  146): Get netlink event, ifname: p2p0 action: 4
D/SocketClient(  146): SocketClient msg = Iface linkstate p2p0 up
D/SocketClient(  146): SocketClient sendDatalocked done: 600 Iface linkstate p2p0 up
D/wpa_supplicant(  971): RTM_NEWLINK: operstate=0 ifi_flags=0x11003 ([UP][LOWER_UP])
D/wpa_supplicant(  971): RTM_NEWLINK, IFLA_IFNAME: Interface 'p2p0' added
D/wpa_supplicant(  971): nl80211: if_removed already cleared - ignore event
D/WifiHW  (  719): [1] get event: IFNAME=p2p0 <3>CTRL-EVENT-SCAN-RESULTS 
D/WifiHW  (  719): [2] get event: IFNAME=p2p0 CTRL-EVENT-SCAN-RESULTS 
D/WifiMonitor(  719): iface p2p0
D/WifiHW  (  719): enter -->wifi_wait_on_socket buflen=2048
D/WifiHW  (  719): enter -->wifi_ctrl_recv
D/WifiHW  (  719): [1] get event: IFNAME=p2p0 <3>WPS-AP-AVAILABLE 
D/WifiHW  (  719): [2] get event: IFNAME=p2p0 WPS-AP-AVAILABLE 
D/WifiMonitor(  719): Event [IFNAME=p2p0 WPS-AP-AVAILABLE ]
D/WifiMonitor(  719): iface p2p0
W/WifiMonitor(  719): couldn't identify event type - WPS-AP-AVAILABLE 
D/WifiHW  (  719): enter -->wifi_wait_on_socket buflen=2048
D/WifiHW  (  719): enter -->wifi_ctrl_recv
D/NetdConnector(  719): RCV <- {600 Iface linkstate p2p0 up}
D/WifiP2pService(  719): InactiveState{ when=-1ms what=147461 target=com.android.internal.util.StateMachine$SmHandler target=Handler (com.android.internal.util.StateMachine$SmHandler) {421b0e30} }
D/WifiP2pService(  719): P2pEnabledState{ when=-1ms what=147461 target=com.android.internal.util.StateMachine$SmHandler target=Handler (com.android.internal.util.StateMachine$SmHandler) {421b0e30} }
D/WifiP2pService(  719): DefaultState{ when=-2ms what=147461 target=com.android.internal.util.StateMachine$SmHandler target=Handler (com.android.internal.util.StateMachine$SmHandler) {421b0e30} }
D/NetworkManagementService(  719): onEvent:600 Iface linkstate p2p0 up:5
I/Tethering(  719): interfaceLinkStateChanged p2p0, true
I/Tethering(  719): interfaceStatusChanged p2p0, true
D/SIMHelper(  838): isSimInserted(0), SimInserted=false
D/StatusBar.NetworkController(  838): refreshViews(0), DataConnected=false simColorId = -1
D/StatusBar.NetworkController(  838): refreshViews(0), set parameters to signal cluster view.
D/SignalClusterView(  838): setWifiIndicators, visible=true, strengthIcon=com.mediatek.systemui.ext.IconIdWrapper@41da64f0, activityIcon=com.mediatek.systemui.ext.IconIdWrapper@41da6508, contentDescription=WLAN 
D/StatusBar.NetworkController(  838): refreshViews(0), tempPhoneSignalIconId.0 = 0  tempPhoneSignalIconId.1 = 0  tempMobileActivityIconId= 0  tempDataTypeIconId= 0
D/SignalClusterView(  838): setMobileDataIndicators(0), visible=true, strengthIcon[0] ~ [1] 0 ~ 0
D/SignalClusterView(  838): setIsAirplaneMode=false
D/SignalClusterView(  838): setRoamingFlagandResource(0), roaming=false, roamingId=0
D/SignalClusterView(  838): setShowSimIndicator(0), showSimIndicator=false simIndicatorResource = 0
D/SignalClusterView(  838): setDataNetType3G(0), NetworkType=null
D/SignalClusterView(  838): apply(), mWifiVisible is true
D/SIMHelper(  838): isSimInserted(0), SimInserted=false
D/SignalClusterView(  838): apply(), slotId=0, mMobileVisible=true, mShouldMobileGroupVisible=true
D/SignalClusterView(  838): apply(), slotId=0, mRoaming=false mMobileActivityId=0 mMobileTypeId=0 mMobileStrengthId[0] = 0 mMobileStrengthId[1] = 0
D/SIMHelper(  838): isSimInserted(0), SimInserted=false
D/SignalClusterView(  838): apply(). mIsAirplaneMode is false, NWType slot(0) is 8
I/ANRManager(  719): updateProcessStats
D/SIMHelper(  838): isSimInserted(0), SimInserted=false
D/StatusBar.NetworkController(  838): refreshViews(0), DataConnected=false simColorId = -1
D/StatusBar.NetworkController(  838): refreshViews(0), set parameters to signal cluster view.
D/SignalClusterView(  838): setWifiIndicators, visible=true, strengthIcon=com.mediatek.systemui.ext.IconIdWrapper@41da64f0, activityIcon=com.mediatek.systemui.ext.IconIdWrapper@41da6508, contentDescription=WLAN 
D/StatusBar.NetworkController(  838): refreshViews(0), tempPhoneSignalIconId.0 = 0  tempPhoneSignalIconId.1 = 0  tempMobileActivityIconId= 0  tempDataTypeIconId= 0
D/SignalClusterView(  838): setMobileDataIndicators(0), visible=true, strengthIcon[0] ~ [1] 0 ~ 0
D/SignalClusterView(  838): setIsAirplaneMode=false
D/SignalClusterView(  838): setRoamingFlagandResource(0), roaming=false, roamingId=0
D/SignalClusterView(  838): setShowSimIndicator(0), showSimIndicator=false simIndicatorResource = 0
D/SignalClusterView(  838): setDataNetType3G(0), NetworkType=null
D/SignalClusterView(  838): apply(), mWifiVisible is true
D/SIMHelper(  838): isSimInserted(0), SimInserted=false
D/SignalClusterView(  838): apply(), slotId=0, mMobileVisible=true, mShouldMobileGroupVisible=true
D/SignalClusterView(  838): apply(), slotId=0, mRoaming=false mMobileActivityId=0 mMobileTypeId=0 mMobileStrengthId[0] = 0 mMobileStrengthId[1] = 0
D/SIMHelper(  838): isSimInserted(0), SimInserted=false
D/SignalClusterView(  838): apply(). mIsAirplaneMode is false, NWType slot(0) is 8
D/WifiStateMachine(  719): ConnectedState{ when=-3ms what=131155 arg1=33 target=com.android.internal.util.StateMachine$SmHandler target=Handler (com.android.internal.util.StateMachine$SmHandler) {421bb670} }
D/WifiStateMachine(  719): L2ConnectedState{ when=-3ms what=131155 arg1=33 target=com.android.internal.util.StateMachine$SmHandler target=Handler (com.android.internal.util.StateMachine$SmHandler) {421bb670} }
D/WifiHW  (  719): enter -->wifi_send_command cmd=IFNAME=wlan0 SIGNAL_POLL
D/wpa_supplicant(  971): RX ctrl_iface - hexdump(len=11): 53 49 47 4e 41 4c 5f 50 4f 4c 4c
D/wpa_supplicant(  971): wlan0: Control interface command 'SIGNAL_POLL'
D/wpa_supplicant(  971): nl80211: survey data missing!
D/WifiHW  (  719): leave --> reply=RSSI=-71
D/WifiHW  (  719): LINKSPEED=58
D/WifiHW  (  719): NOISE=9999
D/WifiHW  (  719): FREQUENCY=2412
D/WifiHW  (  719): 
D/wifi    (  719): doStringCommand, buf IFNAME=wlan0 SIGNAL_POLL
I/WifiStateMachine(  719): fetchRssiAndLinkSpeedNative, newRssi:-71, newLinkSpeed:58, SSID:"60_office"
D/dalvikvm(24604): threadid=58: exiting
D/dalvikvm(24604): threadid=58: detach (group=0x41863ce0)
D/dalvikvm(24604): threadid=58: removing from list
D/dalvikvm(24604): threadid=58: bye!
D/WifiStateMachine(  719): ConnectedState{ when=-4ms what=131155 arg1=33 target=com.android.internal.util.StateMachine$SmHandler target=Handler (com.android.internal.util.StateMachine$SmHandler) {421bb670} }
D/WifiStateMachine(  719): L2ConnectedState{ when=-4ms what=131155 arg1=33 target=com.android.internal.util.StateMachine$SmHandler target=Handler (com.android.internal.util.StateMachine$SmHandler) {421bb670} }
D/WifiHW  (  719): enter -->wifi_send_command cmd=IFNAME=wlan0 SIGNAL_POLL
D/wpa_supplicant(  971): RX ctrl_iface - hexdump(len=11): 53 49 47 4e 41 4c 5f 50 4f 4c 4c
D/wpa_supplicant(  971): wlan0: Control interface command 'SIGNAL_POLL'
D/wpa_supplicant(  971): nl80211: survey data missing!
D/WifiHW  (  719): leave --> reply=RSSI=-71
D/WifiHW  (  719): LINKSPEED=58
D/WifiHW  (  719): NOISE=9999
D/WifiHW  (  719): FREQUENCY=2412
D/WifiHW  (  719): 
D/wifi    (  719): doStringCommand, buf IFNAME=wlan0 SIGNAL_POLL
I/WifiStateMachine(  719): fetchRssiAndLinkSpeedNative, newRssi:-71, newLinkSpeed:58, SSID:"60_office"
D/wpa_supplicant(  971): p2p0: Starting AP scan for wildcard SSID
D/wpa_supplicant(  971): WPS: Building WPS IE for Probe Request
D/wpa_supplicant(  971): WPS:  * Version (hardcoded 0x10)
D/wpa_supplicant(  971): WPS:  * Request Type
D/wpa_supplicant(  971): WPS:  * Config Methods (4388)
D/wpa_supplicant(  971): WPS:  * UUID-E
D/wpa_supplicant(  971): WPS:  * Primary Device Type
D/wpa_supplicant(  971): WPS:  * RF Bands (1)
D/wpa_supplicant(  971): WPS:  * Association State
D/wpa_supplicant(  971): WPS:  * Configuration Error (0)
D/wpa_supplicant(  971): WPS:  * Device Password ID (0)
D/wpa_supplicant(  971): WPS:  * Manufacturer
D/wpa_supplicant(  971): WPS:  * Model Name
D/wpa_supplicant(  971): WPS:  * Model Number
D/wpa_supplicant(  971): WPS:  * Device Name
D/wpa_supplicant(  971): WPS:  * Version2 (0x20)
D/wpa_supplicant(  971): P2P: * P2P IE header
D/wpa_supplicant(  971): P2P: * Capability dev=25 group=00
D/wpa_supplicant(  971): P2P: * Listen Channel: Regulatory Class 81 Channel 1
D/wpa_supplicant(  971): p2p0: nl80211: scan request
D/wpa_supplicant(  971): nl80211: Scan SSID - hexdump(len=0): [NULL]
D/wpa_supplicant(  971): nl80211: Scan extra IEs - hexdump(len=168): dd 93 00 50 f2 04 10 4a 00 01 10 10 3a 00 01 00 10 08 00 02 43 88 10 47 00 10 ff f5 ef c9 8b bb ...
D/wpa_supplicant(  971): Scan requested (ret=0) - scan timeout 30 seconds
D/wpa_supplicant(  971): nl80211: Event message available
D/wpa_supplicant(  971): nl80211: Drv Event 33 (NL80211_CMD_TRIGGER_SCAN) received for p2p0
D/wpa_supplicant(  971): p2p0: nl80211: Scan trigger
D/[BT3.0+HS]PAL(  172): == chip_reset_fd is set ==
D/[BT3.0+HS]PAL(  172): 
D/[BT3.0+HS]PAL(  172): invalid reply message
D/[BT3.0+HS]PAL(  172): 
D/wpa_supplicant(  971): nl80211: Event message available
D/wpa_supplicant(  971): nl80211: Drv Event 34 (NL80211_CMD_NEW_SCAN_RESULTS) received for p2p0
D/wpa_supplicant(  971): p2p0: nl80211: New scan results available
D/wpa_supplicant(  971): p2p0: Event SCAN_RESULTS (3) received
D/wpa_supplicant(  971): nl80211: Received scan results (1 BSSes)
D/wpa_supplicant(  971): nl80211: Survey data missing
D/wpa_supplicant(  971): Sorted scan results
D/wpa_supplicant(  971): 46:1c:a8:22:93:af freq=2437 qual=0 noise=0 level=0 flags=0xb age=0
D/wpa_supplicant(  971): IEs - hexdump(len=542): 00 1a 44 49 52 45 43 54 2d 61 66 2d 48 50 20 4d 32 37 37 20 4c 61 73 65 72 4a 65 74 01 08 8c 12 ...
D/wpa_supplicant(  971): p2p0: BSS: Start scan result update 4146
D/wpa_supplicant(  971): BSS: last_scan_res_used=1/32 last_scan_full=0
D/wpa_supplicant(  971): Add randomness: count=6701 entropy=912
D/wpa_supplicant(  971): random pool - hexdump(len=128): [REMOVED]
D/wpa_supplicant(  971): random_mix_pool - hexdump(len=8): [REMOVED]
D/wpa_supplicant(  971): random_mix_pool - hexdump(len=5): [REMOVED]
D/wpa_supplicant(  971): random pool - hexdump(len=128): [REMOVED]
D/wpa_supplicant(  971): p2p0: New scan results available
D/wpa_supplicant(  971): CTRL_IFACE monitor send - hexdump(len=39): 2f 64 61 74 61 2f 6d 69 73 63 2f 77 69 66 69 2f 73 6f 63 6b 65 74 73 2f 77 70 61 5f 63 74 72 6c ...
D/wpa_supplicant(  971): WPS: attr type=0x104a len=1
D/wpa_supplicant(  971): WPS: attr type=0x1044 len=1
D/wpa_supplicant(  971): WPS: attr type=0x1057 len=1
D/wpa_supplicant(  971): WPS: attr type=0x1041 len=1
D/wpa_supplicant(  971): WPS: attr type=0x103b len=1
D/wpa_supplicant(  971): WPS: attr type=0x1047 len=16
D/wpa_supplicant(  971): WPS: attr type=0x1021 len=2
D/wpa_supplicant(  971): WPS: attr type=0x1023 len=29
D/wpa_supplicant(  971): WPS: attr type=0x1024 len=7
D/wpa_supplicant(  971): WPS: attr type=0x1042 len=11
D/wpa_supplicant(  971): WPS: attr type=0x1054 len=8
D/wpa_supplicant(  971): WPS: attr type=0x1011 len=26
D/wpa_supplicant(  971): WPS: attr type=0x1008 len=2
D/wpa_supplicant(  971): WPS: attr type=0x1049 len=6
D/wpa_supplicant(  971): WPS: WFA subelement id=0 len=1
D/wpa_supplicant(  971): WPS: attr type=0x1049 len=23
D/wpa_supplicant(  971): WPS: Unknown Vendor Extension (Vendor ID 311)
D/wpa_supplicant(  971): WPS: attr type=0x104a len=1
D/wpa_supplicant(  971): WPS: attr type=0x1044 len=1
D/wpa_supplicant(  971): WPS: attr type=0x1057 len=1
D/wpa_supplicant(  971): WPS: attr type=0x1041 len=1
D/wpa_supplicant(  971): WPS: attr type=0x103b len=1
D/wpa_supplicant(  971): WPS: attr type=0x1047 len=16
D/wpa_supplicant(  971): WPS: attr type=0x1021 len=2
D/wpa_supplicant(  971): WPS: attr type=0x1023 len=29
D/wpa_supplicant(  971): WPS: attr type=0x1024 len=7
D/wpa_supplicant(  971): WPS: attr type=0x1042 len=11
D/wpa_supplicant(  971): WPS: attr type=0x1054 len=8
D/wpa_supplicant(  971): WPS: attr type=0x1011 len=26
D/wpa_supplicant(  971): WPS: attr type=0x1008 len=2
D/wpa_supplicant(  971): WPS: attr type=0x1049 len=6
D/wpa_supplicant(  971): WPS: WFA subelement id=0 len=1
D/wpa_supplicant(  971): WPS: attr type=0x1049 len=23
D/wpa_supplicant(  971): WPS: Unknown Vendor Extension (Vendor ID 311)
D/wpa_supplicant(  971): WPS: attr type=0x104a len=1
D/wpa_supplicant(  971): WPS: attr type=0x1044 len=1
D/wpa_supplicant(  971): WPS: attr type=0x1057 len=1
D/wpa_supplicant(  971): WPS: attr type=0x1041 len=1
D/wpa_supplicant(  971): WPS: attr type=0x103b len=1
D/wpa_supplicant(  971): WPS: attr type=0x1047 len=16
D/wpa_supplicant(  971): WPS: attr type=0x1021 len=2
D/wpa_supplicant(  971): WPS: attr type=0x1023 len=29
D/wpa_supplicant(  971): WPS: attr type=0x1024 len=7
D/wpa_supplicant(  971): WPS: attr type=0x1042 len=11
D/wpa_supplicant(  971): WPS: attr type=0x1054 len=8
D/wpa_supplicant(  971): WPS: attr type=0x1011 len=26
D/wpa_supplicant(  971): WPS: attr type=0x1008 len=2
D/wpa_supplicant(  971): WPS: attr type=0x1049 len=6
D/wpa_supplicant(  971): WPS: WFA subelement id=0 len=1
D/wpa_supplicant(  971): WPS: attr type=0x1049 len=23
D/wpa_supplicant(  971): WPS: Unknown Vendor Extension (Vendor ID 311)
D/wpa_supplicant(  971): CTRL_IFACE monitor send - hexdump(len=39): 2f 64 61 74 61 2f 6d 69 73 63 2f 77 69 66 69 2f 73 6f 63 6b 65 74 73 2f 77 70 61 5f 63 74 72 6c ...
D/wpa_supplicant(  971): WPS: attr type=0x104a len=1
D/wpa_supplicant(  971): WPS: attr type=0x1044 len=1
D/wpa_supplicant(  971): WPS: attr type=0x1057 len=1
D/wpa_supplicant(  971): WPS: attr type=0x1041 len=1
D/wpa_supplicant(  971): WPS: attr type=0x103b len=1
D/wpa_supplicant(  971): WPS: attr type=0x1047 len=16
D/wpa_supplicant(  971): WPS: attr type=0x1021 len=2
D/wpa_supplicant(  971): WPS: attr type=0x1023 len=29
D/wpa_supplicant(  971): WPS: attr type=0x1024 len=7
D/wpa_supplicant(  971): WPS: attr type=0x1042 len=11
D/wpa_supplicant(  971): WPS: attr type=0x1054 len=8
D/wpa_supplicant(  971): WPS: attr type=0x1011 len=26
D/wpa_supplicant(  971): WPS: attr type=0x1008 len=2
D/wpa_supplicant(  971): WPS: attr type=0x1049 len=6
D/wpa_supplicant(  971): WPS: WFA subelement id=0 len=1
D/wpa_supplicant(  971): WPS: attr type=0x1049 len=23
D/wpa_supplicant(  971): WPS: Unknown Vendor Extension (Vendor ID 311)
D/wpa_supplicant(  971): WPS: AP[0] 46:1c:a8:22:93:af type=0 tries=0 last_attempt=-1 sec ago blacklist=0
D/wpa_supplicant(  971): WPS: AP[1] 3c:46:d8:7b:ea:0c type=0 tries=0 last_attempt=-1 sec ago blacklist=0
D/wpa_supplicant(  971): p2p0: Selecting BSS from priority group 0
D/wpa_supplicant(  971): p2p0: 0: 46:1c:a8:22:93:af ssid='DIRECT-af-HP M277 LaserJet' wpa_ie_len=0 rsn_ie_len=20 caps=0x511 level=0 wps
D/wpa_supplicant(  971): p2p0:    skip - SSID mismatch
D/wpa_supplicant(  971): p2p0: No suitable network found
D/wpa_supplicant(  971): p2p0: Setting scan request: 5 sec 0 usec
D/wpa_supplicant(  971): p2p0: Checking for other virtual interfaces sharing same radio (phy1) in event_scan_results
D/wpa_supplicant(  971): p2p0: P2P: Station mode scan operation not pending anymore (sta_scan_pending=0 p2p_cb_on_scan_complete=0)
D/[BT3.0+HS]PAL(  172): == chip_reset_fd is set ==
D/[BT3.0+HS]PAL(  172): 
D/[BT3.0+HS]PAL(  172): invalid reply message
D/[BT3.0+HS]PAL(  172): 
I/Netd    (  146): Get netlink event, ifname: p2p0 action: 4
D/SocketClient(  146): SocketClient msg = Iface linkstate p2p0 up
D/SocketClient(  146): SocketClient sendDatalocked done: 600 Iface linkstate p2p0 up
D/wpa_supplicant(  971): RTM_NEWLINK: operstate=0 ifi_flags=0x11003 ([UP][LOWER_UP])
D/wpa_supplicant(  971): RTM_NEWLINK, IFLA_IFNAME: Interface 'p2p0' added
D/wpa_supplicant(  971): nl80211: if_removed already cleared - ignore event
D/WifiHW  (  719): [1] get event: IFNAME=p2p0 <3>CTRL-EVENT-SCAN-RESULTS 
D/WifiHW  (  719): [2] get event: IFNAME=p2p0 CTRL-EVENT-SCAN-RESULTS 
D/WifiMonitor(  719): iface p2p0
D/WifiHW  (  719): enter -->wifi_wait_on_socket buflen=2048
D/WifiHW  (  719): enter -->wifi_ctrl_recv
D/WifiHW  (  719): [1] get event: IFNAME=p2p0 <3>WPS-AP-AVAILABLE 
D/WifiHW  (  719): [2] get event: IFNAME=p2p0 WPS-AP-AVAILABLE 
D/WifiMonitor(  719): Event [IFNAME=p2p0 WPS-AP-AVAILABLE ]
D/WifiMonitor(  719): iface p2p0
W/WifiMonitor(  719): couldn't identify event type - WPS-AP-AVAILABLE 
D/WifiHW  (  719): enter -->wifi_wait_on_socket buflen=2048
D/WifiHW  (  719): enter -->wifi_ctrl_recv
D/NetdConnector(  719): RCV <- {600 Iface linkstate p2p0 up}
D/WifiP2pService(  719): InactiveState{ when=-2ms what=147461 target=com.android.internal.util.StateMachine$SmHandler target=Handler (com.android.internal.util.StateMachine$SmHandler) {421b0e30} }
D/WifiP2pService(  719): P2pEnabledState{ when=-2ms what=147461 target=com.android.internal.util.StateMachine$SmHandler target=Handler (com.android.internal.util.StateMachine$SmHandler) {421b0e30} }
D/WifiP2pService(  719): DefaultState{ when=-2ms what=147461 target=com.android.internal.util.StateMachine$SmHandler target=Handler (com.android.internal.util.StateMachine$SmHandler) {421b0e30} }
D/NetworkManagementService(  719): onEvent:600 Iface linkstate p2p0 up:5
I/Tethering(  719): interfaceLinkStateChanged p2p0, true
I/Tethering(  719): interfaceStatusChanged p2p0, true
D/WifiStateMachine(  719): ConnectedState{ when=-3ms what=131155 arg1=33 target=com.android.internal.util.StateMachine$SmHandler target=Handler (com.android.internal.util.StateMachine$SmHandler) {421bb670} }
D/WifiStateMachine(  719): L2ConnectedState{ when=-3ms what=131155 arg1=33 target=com.android.internal.util.StateMachine$SmHandler target=Handler (com.android.internal.util.StateMachine$SmHandler) {421bb670} }
D/WifiHW  (  719): enter -->wifi_send_command cmd=IFNAME=wlan0 SIGNAL_POLL
D/wpa_supplicant(  971): RX ctrl_iface - hexdump(len=11): 53 49 47 4e 41 4c 5f 50 4f 4c 4c
D/wpa_supplicant(  971): wlan0: Control interface command 'SIGNAL_POLL'
D/wpa_supplicant(  971): nl80211: survey data missing!
D/WifiHW  (  719): leave --> reply=RSSI=-72
D/WifiHW  (  719): LINKSPEED=58
D/WifiHW  (  719): NOISE=9999
D/WifiHW  (  719): FREQUENCY=2412
D/WifiHW  (  719): 
D/wifi    (  719): doStringCommand, buf IFNAME=wlan0 SIGNAL_POLL
I/WifiStateMachine(  719): fetchRssiAndLinkSpeedNative, newRssi:-72, newLinkSpeed:58, SSID:"60_office"
E/CloudServerImpl(24604): run: ------ ping
D/SIMHelper(  838): isSimInserted(0), SimInserted=false
D/StatusBar.NetworkController(  838): refreshViews(0), DataConnected=false simColorId = -1
D/StatusBar.NetworkController(  838): refreshViews(0), set parameters to signal cluster view.
D/SignalClusterView(  838): setWifiIndicators, visible=true, strengthIcon=com.mediatek.systemui.ext.IconIdWrapper@41da64f0, activityIcon=com.mediatek.systemui.ext.IconIdWrapper@41da6508, contentDescription=WLAN 
D/StatusBar.NetworkController(  838): refreshViews(0), tempPhoneSignalIconId.0 = 0  tempPhoneSignalIconId.1 = 0  tempMobileActivityIconId= 0  tempDataTypeIconId= 0
D/SignalClusterView(  838): setMobileDataIndicators(0), visible=true, strengthIcon[0] ~ [1] 0 ~ 0
D/SignalClusterView(  838): setIsAirplaneMode=false
D/SignalClusterView(  838): setRoamingFlagandResource(0), roaming=false, roamingId=0
D/SignalClusterView(  838): setShowSimIndicator(0), showSimIndicator=false simIndicatorResource = 0
D/SignalClusterView(  838): setDataNetType3G(0), NetworkType=null
D/SignalClusterView(  838): apply(), mWifiVisible is true
D/SIMHelper(  838): isSimInserted(0), SimInserted=false
D/SignalClusterView(  838): apply(), slotId=0, mMobileVisible=true, mShouldMobileGroupVisible=true
D/SignalClusterView(  838): apply(), slotId=0, mRoaming=false mMobileActivityId=0 mMobileTypeId=0 mMobileStrengthId[0] = 0 mMobileStrengthId[1] = 0
D/SIMHelper(  838): isSimInserted(0), SimInserted=false
D/SignalClusterView(  838): apply(). mIsAirplaneMode is false, NWType slot(0) is 8
D/SIMHelper(  838): isSimInserted(0), SimInserted=false
D/StatusBar.NetworkController(  838): refreshViews(0), DataConnected=false simColorId = -1
D/StatusBar.NetworkController(  838): refreshViews(0), set parameters to signal cluster view.
D/SignalClusterView(  838): setWifiIndicators, visible=true, strengthIcon=com.mediatek.systemui.ext.IconIdWrapper@41da64f0, activityIcon=com.mediatek.systemui.ext.IconIdWrapper@41da6508, contentDescription=WLAN 
D/StatusBar.NetworkController(  838): refreshViews(0), tempPhoneSignalIconId.0 = 0  tempPhoneSignalIconId.1 = 0  tempMobileActivityIconId= 0  tempDataTypeIconId= 0
D/SignalClusterView(  838): setMobileDataIndicators(0), visible=true, strengthIcon[0] ~ [1] 0 ~ 0
D/SignalClusterView(  838): setIsAirplaneMode=false
D/SignalClusterView(  838): setRoamingFlagandResource(0), roaming=false, roamingId=0
D/SignalClusterView(  838): setShowSimIndicator(0), showSimIndicator=false simIndicatorResource = 0
D/SignalClusterView(  838): setDataNetType3G(0), NetworkType=null
D/SignalClusterView(  838): apply(), mWifiVisible is true
D/SIMHelper(  838): isSimInserted(0), SimInserted=false
D/SignalClusterView(  838): apply(), slotId=0, mMobileVisible=true, mShouldMobileGroupVisible=true
D/SignalClusterView(  838): apply(), slotId=0, mRoaming=false mMobileActivityId=0 mMobileTypeId=0 mMobileStrengthId[0] = 0 mMobileStrengthId[1] = 0
D/SIMHelper(  838): isSimInserted(0), SimInserted=false
D/SignalClusterView(  838): apply(). mIsAirplaneMode is false, NWType slot(0) is 8
D/wpa_supplicant(  971): Scan SSID - hexdump(len=5): 31 31 33 31 35
D/wpa_supplicant(  971): p2p0: Starting AP scan for specific SSID: 11315
D/wpa_supplicant(  971): WPS: Building WPS IE for Probe Request
D/wpa_supplicant(  971): WPS:  * Version (hardcoded 0x10)
D/wpa_supplicant(  971): WPS:  * Request Type
D/wpa_supplicant(  971): WPS:  * Config Methods (4388)
D/wpa_supplicant(  971): WPS:  * UUID-E
D/wpa_supplicant(  971): WPS:  * Primary Device Type
D/wpa_supplicant(  971): WPS:  * RF Bands (1)
D/wpa_supplicant(  971): WPS:  * Association State
D/wpa_supplicant(  971): WPS:  * Configuration Error (0)
D/wpa_supplicant(  971): WPS:  * Device Password ID (0)
D/wpa_supplicant(  971): WPS:  * Manufacturer
D/wpa_supplicant(  971): WPS:  * Model Name
D/wpa_supplicant(  971): WPS:  * Model Number
D/wpa_supplicant(  971): WPS:  * Device Name
D/wpa_supplicant(  971): WPS:  * Version2 (0x20)
D/wpa_supplicant(  971): P2P: * P2P IE header
D/wpa_supplicant(  971): P2P: * Capability dev=25 group=00
D/wpa_supplicant(  971): P2P: * Listen Channel: Regulatory Class 81 Channel 1
D/wpa_supplicant(  971): p2p0: nl80211: scan request
D/wpa_supplicant(  971): nl80211: Scan SSID - hexdump(len=5): 31 31 33 31 35
D/wpa_supplicant(  971): nl80211: Scan extra IEs - hexdump(len=168): dd 93 00 50 f2 04 10 4a 00 01 10 10 3a 00 01 00 10 08 00 02 43 88 10 47 00 10 ff f5 ef c9 8b bb ...
D/wpa_supplicant(  971): Scan requested (ret=0) - scan timeout 30 seconds
D/wpa_supplicant(  971): nl80211: Event message available
D/wpa_supplicant(  971): nl80211: Drv Event 33 (NL80211_CMD_TRIGGER_SCAN) received for p2p0
D/wpa_supplicant(  971): p2p0: nl80211: Scan trigger
D/[BT3.0+HS]PAL(  172): == chip_reset_fd is set ==
D/[BT3.0+HS]PAL(  172): 
D/[BT3.0+HS]PAL(  172): invalid reply message
D/[BT3.0+HS]PAL(  172): 
