I/chromium(13777): [INFO:image_raster_worker_pool.cc(75)] [RunOnWorkerThread] --------------
I/chromium(13777): [INFO:resource_provider.cc(1770)] [StartRaster] allocated=[1] image_id=[669] buffer=[0x853f8000] stride=[1536]
I/chromium(13777): [INFO:image_raster_worker_pool.cc(75)] [RunOnWorkerThread] --------------
I/chromium(13777): [INFO:resource_provider.cc(1770)] [StartRaster] allocated=[1] image_id=[668] buffer=[0x84ac0000] stride=[1536]
I/chromium(13777): [INFO:image_raster_worker_pool.cc(75)] [RunOnWorkerThread] --------------
I/chromium(13777): [INFO:resource_provider.cc(1770)] [StartRaster] allocated=[1] image_id=[675] buffer=[0x86549000] stride=[1536]
I/chromium(13777): [INFO:image_raster_worker_pool.cc(75)] [RunOnWorkerThread] --------------
I/chromium(13777): [INFO:resource_provider.cc(1770)] [StartRaster] allocated=[1] image_id=[664] buffer=[0x83f09000] stride=[1536]
I/chromium(13777): [INFO:image_raster_worker_pool.cc(75)] [RunOnWorkerThread] --------------
I/chromium(13777): [INFO:resource_provider.cc(1770)] [StartRaster] allocated=[1] image_id=[659] buffer=[0x7cbc3000] stride=[1536]
I/chromium(13777): [INFO:image_raster_worker_pool.cc(75)] [RunOnWorkerThread] --------------
I/chromium(13777): [INFO:resource_provider.cc(1770)] [StartRaster] allocated=[1] image_id=[673] buffer=[0x860f2000] stride=[1536]
I/chromium(13777): [INFO:image_raster_worker_pool.cc(75)] [RunOnWorkerThread] --------------
I/chromium(13777): [INFO:resource_provider.cc(1770)] [StartRaster] allocated=[1] image_id=[662] buffer=[0x83bfc000] stride=[1536]
I/chromium(13777): [INFO:image_raster_worker_pool.cc(75)] [RunOnWorkerThread] --------------
I/chromium(13777): [INFO:resource_provider.cc(1770)] [StartRaster] allocated=[1] image_id=[667] buffer=[0x847ae000] stride=[1536]
I/chromium(13777): [INFO:image_raster_worker_pool.cc(75)] [RunOnWorkerThread] --------------
I/chromium(13777): [INFO:resource_provider.cc(1770)] [StartRaster] allocated=[1] image_id=[666] buffer=[0x846fe000] stride=[1536]
I/chromium(13777): [INFO:image_raster_worker_pool.cc(75)] [RunOnWorkerThread] --------------
I/chromium(13777): [INFO:resource_provider.cc(1770)] [StartRaster] allocated=[1] image_id=[597] buffer=[0x96b9c000] stride=[1280]
I/chromium(13777): [INFO:image_raster_worker_pool.cc(75)] [RunOnWorkerThread] --------------
I/chromium(13777): [INFO:resource_provider.cc(1770)] [StartRaster] allocated=[1] image_id=[640] buffer=[0x86359000] stride=[1280]
I/BufferQueue(  245): [com.sixty.nidoneClient/com.sixty.nidoneClient.view.activity.SDK_WebApp](this:0xb70fd438,id:1800,api:1,p:13777,c:245) queueBuffer: fps=2.55 dur=1567.04 max=1045.79 min=16.41
I/chromium(13777): [INFO:image_raster_worker_pool.cc(75)] [RunOnWorkerThread] --------------
I/chromium(13777): [INFO:resource_provider.cc(1770)] [StartRaster] allocated=[1] image_id=[691] buffer=[0x79f4a000] stride=[1280]
I/chromium(13777): [INFO:image_raster_worker_pool.cc(75)] [RunOnWorkerThread] --------------
D/AudioFlinger_Thread(  248): threadLoop_sleepTime write muted data to hw
I/        (  245): [BWC INFO](245): get_bwc_mm_property success
I/SurfaceFlinger(  245): [Built-in Screen (type:0)] fps:17.086430,dur:1638.73,max:1046.09,min:14.89
D/AudioFlinger_Thread(  248): threadLoop_sleepTime write muted data to hw
D/AudioFlinger_Thread(  248): threadLoop_sleepTime write muted data to hw
D/AudioFlinger_Thread(  248): threadLoop_sleepTime write muted data to hw
D/AudioFlinger_Thread(  248): threadLoop_sleepTime write muted data to hw
D/AudioFlinger_Thread(  248): threadLoop_sleepTime write muted data to hw
D/AudioFlinger_Thread(  248): threadLoop_sleepTime write muted data to hw
D/AudioFlinger_Thread(  248): threadLoop_sleepTime write muted data to hw
D/AudioFlinger_Thread(  248): threadLoop_sleepTime write muted data to hw
D/AudioFlinger_Thread(  248): threadLoop_sleepTime write muted data to hw
D/AudioFlinger_Thread(  248): threadLoop_sleepTime write muted data to hw
D/AudioFlinger_Thread(  248): threadLoop_sleepTime write muted data to hw
D/AudioFlinger_Thread(  248): threadLoop_sleepTime write muted data to hw
D/AudioFlinger_Thread(  248): threadLoop_sleepTime write muted data to hw
D/WifiStateMachine( 1655): ConnectedState{ when=-3ms what=131155 arg1=14 target=com.android.internal.util.StateMachine$SmHandler target=Handler (com.android.internal.util.StateMachine$SmHandler) {43142030} }
D/WifiStateMachine( 1655): L2ConnectedState{ when=-3ms what=131155 arg1=14 target=com.android.internal.util.StateMachine$SmHandler target=Handler (com.android.internal.util.StateMachine$SmHandler) {43142030} }
D/AudioFlinger_Thread(  248): threadLoop_sleepTime write muted data to hw
D/WifiHW  ( 1655): enter -->wifi_send_command cmd=IFNAME=wlan0 SIGNAL_POLL
D/wpa_supplicant( 3981): RX ctrl_iface - hexdump(len=11): 53 49 47 4e 41 4c 5f 50 4f 4c 4c
D/wpa_supplicant( 3981): wlan0: Control interface command 'SIGNAL_POLL'
D/wpa_supplicant( 3981): nl80211: survey data missing!
D/wpa_supplicant( 3981): signal poll, reply_len=48
D/wpa_ctrl( 1655): reply_len=4095
D/WifiHW  ( 1655): leave --> reply=RSSI=-45
D/WifiHW  ( 1655): LINKSPEED=65
D/WifiHW  ( 1655): NOISE=9999
D/WifiHW  ( 1655): FREQUENCY=2412
D/WifiHW  ( 1655): 
D/wifi    ( 1655): doStringCommand, buf IFNAME=wlan0 SIGNAL_POLL
I/WifiStateMachine( 1655): fetchRssiAndLinkSpeedNative, newRssi:-45, newLinkSpeed:65, SSID:"60_dev_01"
D/WifiStateMachine( 1655): mRssiArray[0] = -49
D/WifiStateMachine( 1655): mRssiArray[1] = -48
D/WifiStateMachine( 1655): mRssiArray[2] = -48
D/WifiStateMachine( 1655): mRssiArray[3] = -45
D/WifiStateMachine( 1655): mRssiArray[4] = -49
D/WifiStateMachine( 1655): GetFilterRssi is : -45
D/WifiStateMachine( 1655): mLastSignalLevel:4, newSignalLevel:4
D/WifiStateMachine( 1655): fetchRssiAndLinkSpeedNative, ipAddr:1795166380
D/AudioFlinger_Thread(  248): threadLoop_sleepTime write muted data to hw
D/AudioFlinger_Thread(  248): threadLoop_sleepTime write muted data to hw
D/AudioFlinger_Thread(  248): threadLoop_sleepTime write muted data to hw
D/AudioFlinger_Thread(  248): threadLoop_sleepTime write muted data to hw
D/DCloud_LOG(13777): AdaFrameView.dispatchFrameViewEvents type=touchstart;args=640
D/yl      (13777): NWindow.onCallBack pEventType=touchstart;640;
D/AudioFlinger_Thread(  248): threadLoop_sleepTime write muted data to hw
D/AudioFlinger_Thread(  248): threadLoop_sleepTime write muted data to hw
D/AudioFlinger_Thread(  248): threadLoop_sleepTime write muted data to hw
I/chromium(13777): [INFO:resource_provider.cc(1770)] [StartRaster] allocated=[1] image_id=[671] buffer=[0x85c3a000] stride=[1536]
I/chromium(13777): [INFO:image_raster_worker_pool.cc(75)] [RunOnWorkerThread] --------------
I/chromium(13777): [INFO:resource_provider.cc(1770)] [StartRaster] allocated=[1] image_id=[688] buffer=[0x87aaa000] stride=[1536]
I/chromium(13777): [INFO:image_raster_worker_pool.cc(75)] [RunOnWorkerThread] --------------
I/chromium(13777): [INFO:resource_provider.cc(1770)] [StartRaster] allocated=[1] image_id=[480] buffer=[0x88aa9000] stride=[2048]
I/chromium(13777): [INFO:image_raster_worker_pool.cc(75)] [RunOnWorkerThread] --------------
I/chromium(13777): [INFO:resource_provider.cc(1770)] [StartRaster] allocated=[1] image_id=[680] buffer=[0x86c7d000] stride=[1536]
I/chromium(13777): [INFO:image_raster_worker_pool.cc(75)] [RunOnWorkerThread] --------------
I/chromium(13777): [INFO:resource_provider.cc(1770)] [StartRaster] allocated=[1] image_id=[646] buffer=[0x7c419000] stride=[1536]
I/chromium(13777): [INFO:image_raster_worker_pool.cc(75)] [RunOnWorkerThread] --------------
I/chromium(13777): [INFO:resource_provider.cc(1770)] [StartRaster] allocated=[1] image_id=[477] buffer=[0x87bdc000] stride=[2048]
I/chromium(13777): [INFO:image_raster_worker_pool.cc(75)] [RunOnWorkerThread] --------------
I/chromium(13777): [INFO:resource_provider.cc(1770)] [StartRaster] allocated=[1] image_id=[689] buffer=[0x87b3a000] stride=[1536]
I/chromium(13777): [INFO:image_raster_worker_pool.cc(75)] [RunOnWorkerThread] --------------
I/chromium(13777): [INFO:resource_provider.cc(1770)] [StartRaster] allocated=[1] image_id=[690] buffer=[0x87c3c000] stride=[1536]
I/chromium(13777): [INFO:image_raster_worker_pool.cc(75)] [RunOnWorkerThread] --------------
I/chromium(13777): [INFO:resource_provider.cc(1770)] [StartRaster] allocated=[1] image_id=[492] buffer=[0x89c61000] stride=[2048]
I/chromium(13777): [INFO:image_raster_worker_pool.cc(75)] [RunOnWorkerThread] --------------
I/chromium(13777): [INFO:resource_provider.cc(1770)] [StartRaster] allocated=[1] image_id=[538] buffer=[0x85d82000] stride=[1536]
I/chromium(13777): [INFO:image_raster_worker_pool.cc(75)] [RunOnWorkerThread] --------------
I/chromium(13777): [INFO:resource_provider.cc(1770)] [StartRaster] allocated=[1] image_id=[684] buffer=[0x87150000] stride=[1536]
I/chromium(13777): [INFO:image_raster_worker_pool.cc(75)] [RunOnWorkerThread] --------------
I/chromium(13777): [INFO:resource_provider.cc(1770)] [StartRaster] allocated=[1] image_id=[686] buffer=[0x8798a000] stride=[1536]
I/chromium(13777): [INFO:image_raster_worker_pool.cc(75)] [RunOnWorkerThread] --------------
I/chromium(13777): [INFO:resource_provider.cc(1770)] [StartRaster] allocated=[1] image_id=[685] buffer=[0x878fa000] stride=[1536]
I/chromium(13777): [INFO:image_raster_worker_pool.cc(75)] [RunOnWorkerThread] --------------
I/chromium(13777): [INFO:resource_provider.cc(1770)] [StartRaster] allocated=[1] image_id=[566] buffer=[0x96050000] stride=[1536]
I/chromium(13777): [INFO:image_raster_worker_pool.cc(75)] [RunOnWorkerThread] --------------
I/chromium(13777): [INFO:resource_provider.cc(1770)] [StartRaster] allocated=[1] image_id=[687] buffer=[0x87a1a000] stride=[1536]
I/chromium(13777): [INFO:image_raster_worker_pool.cc(75)] [RunOnWorkerThread] --------------
I/chromium(13777): [INFO:resource_provider.cc(1770)] [StartRaster] allocated=[1] image_id=[656] buffer=[0x7c269000] stride=[1536]
I/chromium(13777): [INFO:image_raster_worker_pool.cc(75)] [RunOnWorkerThread] --------------
I/chromium(13777): [INFO:resource_provider.cc(1770)] [StartRaster] allocated=[1] image_id=[495] buffer=[0x89f03000] stride=[1536]
I/chromium(13777): [INFO:image_raster_worker_pool.cc(75)] [RunOnWorkerThread] --------------
I/chromium(13777): [INFO:resource_provider.cc(1770)] [StartRaster] allocated=[1] image_id=[570] buffer=[0x96290000] stride=[1536]
I/chromium(13777): [INFO:image_raster_worker_pool.cc(75)] [RunOnWorkerThread] --------------
I/chromium(13777): [INFO:resource_provider.cc(1770)] [StartRaster] allocated=[1] image_id=[661] buffer=[0x83afe000] stride=[1536]
I/chromium(13777): [INFO:image_raster_worker_pool.cc(75)] [RunOnWorkerThread] --------------
I/chromium(13777): [INFO:resource_provider.cc(1770)] [StartRaster] allocated=[1] image_id=[619] buffer=[0x97595000] stride=[1536]
I/chromium(13777): [INFO:image_raster_worker_pool.cc(75)] [RunOnWorkerThread] --------------
I/chromium(13777): [INFO:resource_provider.cc(1770)] [StartRaster] allocated=[1] image_id=[658] buffer=[0x7c660000] stride=[1536]
I/chromium(13777): [INFO:image_raster_worker_pool.cc(75)] [RunOnWorkerThread] --------------
I/chromium(13777): [INFO:resource_provider.cc(1770)] [StartRaster] allocated=[1] image_id=[669] buffer=[0x853f8000] stride=[1536]
I/chromium(13777): [INFO:image_raster_worker_pool.cc(75)] [RunOnWorkerThread] --------------
I/chromium(13777): [INFO:resource_provider.cc(1770)] [StartRaster] allocated=[1] image_id=[668] buffer=[0x84ac0000] stride=[1536]
I/chromium(13777): [INFO:image_raster_worker_pool.cc(75)] [RunOnWorkerThread] --------------
I/chromium(13777): [INFO:resource_provider.cc(1770)] [StartRaster] allocated=[1] image_id=[675] buffer=[0x86549000] stride=[1536]
I/chromium(13777): [INFO:image_raster_worker_pool.cc(75)] [RunOnWorkerThread] --------------
I/chromium(13777): [INFO:resource_provider.cc(1770)] [StartRaster] allocated=[1] image_id=[664] buffer=[0x83f09000] stride=[1536]
I/chromium(13777): [INFO:image_raster_worker_pool.cc(75)] [RunOnWorkerThread] --------------
I/chromium(13777): [INFO:resource_provider.cc(1770)] [StartRaster] allocated=[1] image_id=[659] buffer=[0x7cbc3000] stride=[1536]
I/chromium(13777): [INFO:image_raster_worker_pool.cc(75)] [RunOnWorkerThread] --------------
I/chromium(13777): [INFO:resource_provider.cc(1770)] [StartRaster] allocated=[1] image_id=[673] buffer=[0x860f2000] stride=[1536]
I/chromium(13777): [INFO:image_raster_worker_pool.cc(75)] [RunOnWorkerThread] --------------
I/chromium(13777): [INFO:resource_provider.cc(1770)] [StartRaster] allocated=[1] image_id=[662] buffer=[0x83bfc000] stride=[1536]
D/AudioFlinger_Thread(  248): threadLoop_sleepTime write muted data to hw
I/chromium(13777): [INFO:image_raster_worker_pool.cc(75)] [RunOnWorkerThread] --------------
I/chromium(13777): [INFO:resource_provider.cc(1770)] [StartRaster] allocated=[1] image_id=[667] buffer=[0x847ae000] stride=[1536]
I/chromium(13777): [INFO:image_raster_worker_pool.cc(75)] [RunOnWorkerThread] --------------
I/[MALI][Gralloc](13777): [MTK]GRALLOC enter alloc_device_alloc()! pHandle=0x0x82320b54
I/[MALI][Gralloc](13777): usage: 0x133, format: 0x1 stride: 320 vertical_stride: 512 size: 655360
I/[MALI][Gralloc](13777): [MTK]GRALLOC ready to go ion alloc arrrrrrrrr!!!! pHandle=0x0x82320b54
D/GraphicBuffer(13777): alloc, handle(0x82e078f0) (w:320 h:512 s:320 f:0x1 u:0x000133) err(0)
I/chromium(13777): [INFO:gpu_control_service.cc(81)] [GpuControlService::RegisterGpuBuffer] [13777] id=[697]
I/chromium(13777): [INFO:resource_provider.cc(1770)] [StartRaster] allocated=[1] image_id=[697] buffer=[0x8886e000] stride=[1280]
I/chromium(13777): [INFO:image_raster_worker_pool.cc(75)] [RunOnWorkerThread] --------------
I/[MALI][Gralloc](13777): [MTK]GRALLOC enter alloc_device_alloc()! pHandle=0x0x87d37f0c
I/[MALI][Gralloc](13777): usage: 0x133, format: 0x1 stride: 320 vertical_stride: 512 size: 655360
I/[MALI][Gralloc](13777): [MTK]GRALLOC ready to go ion alloc arrrrrrrrr!!!! pHandle=0x0x87d37f0c
D/GraphicBuffer(13777): alloc, handle(0x88b70a78) (w:320 h:512 s:320 f:0x1 u:0x000133) err(0)
I/chromium(13777): [INFO:gpu_control_service.cc(81)] [GpuControlService::RegisterGpuBuffer] [13777] id=[698]
I/chromium(13777): [INFO:resource_provider.cc(1770)] [StartRaster] allocated=[1] image_id=[698] buffer=[0x8890e000] stride=[1280]
I/chromium(13777): [INFO:image_raster_worker_pool.cc(75)] [RunOnWorkerThread] --------------
I/chromium(13777): [INFO:resource_provider.cc(1770)] [StartRaster] allocated=[1] image_id=[479] buffer=[0x82dd2000] stride=[1280]
I/chromium(13777): [INFO:image_raster_worker_pool.cc(75)] [RunOnWorkerThread] --------------
I/chromium(13777): [INFO:resource_provider.cc(1770)] [StartRaster] allocated=[1] image_id=[665] buffer=[0x843fa000] stride=[1536]
I/chromium(13777): [INFO:image_raster_worker_pool.cc(75)] [RunOnWorkerThread] --------------
I/chromium(13777): [INFO:resource_provider.cc(1770)] [StartRaster] allocated=[1] image_id=[666] buffer=[0x846fe000] stride=[1536]
I/chromium(13777): [INFO:image_raster_worker_pool.cc(75)] [RunOnWorkerThread] --------------
I/chromium(13777): [INFO:resource_provider.cc(1770)] [StartRaster] allocated=[1] image_id=[681] buffer=[0x86d0d000] stride=[1536]
I/chromium(13777): [INFO:image_raster_worker_pool.cc(75)] [RunOnWorkerThread] --------------
I/chromium(13777): [INFO:resource_provider.cc(1770)] [StartRaster] allocated=[1] image_id=[678] buffer=[0x86b5d000] stride=[1536]
I/chromium(13777): [INFO:image_raster_worker_pool.cc(75)] [RunOnWorkerThread] --------------
I/chromium(13777): [INFO:resource_provider.cc(1770)] [StartRaster] allocated=[1] image_id=[670] buffer=[0x8585a000] stride=[1536]
I/chromium(13777): [INFO:image_raster_worker_pool.cc(75)] [RunOnWorkerThread] --------------
I/chromium(13777): [INFO:resource_provider.cc(1770)] [StartRaster] allocated=[1] image_id=[674] buffer=[0x8641e000] stride=[1536]
I/chromium(13777): [INFO:image_raster_worker_pool.cc(75)] [RunOnWorkerThread] --------------
I/chromium(13777): [INFO:resource_provider.cc(1770)] [StartRaster] allocated=[1] image_id=[676] buffer=[0x865d9000] stride=[1536]
I/chromium(13777): [INFO:image_raster_worker_pool.cc(75)] [RunOnWorkerThread] --------------
D/AudioFlinger_Thread(  248): threadLoop_sleepTime write muted data to hw
I/        (  245): [BWC INFO](245): get_bwc_mm_property success
I/chromium(13777): [INFO:resource_provider.cc(1770)] [StartRaster] allocated=[1] image_id=[692] buffer=[0x79fb5000] stride=[256]
I/chromium(13777): [INFO:image_raster_worker_pool.cc(75)] [RunOnWorkerThread] --------------
I/chromium(13777): [INFO:resource_provider.cc(1770)] [StartRaster] allocated=[1] image_id=[693] buffer=[0x79fdd000] stride=[256]
I/chromium(13777): [INFO:image_raster_worker_pool.cc(75)] [RunOnWorkerThread] --------------
I/chromium(13777): [INFO:resource_provider.cc(1770)] [StartRaster] allocated=[1] image_id=[694] buffer=[0x7c0cc000] stride=[256]
I/chromium(13777): [INFO:image_raster_worker_pool.cc(75)] [RunOnWorkerThread] --------------
I/chromium(13777): [INFO:resource_provider.cc(1770)] [StartRaster] allocated=[1] image_id=[695] buffer=[0x7c0ec000] stride=[256]
I/chromium(13777): [INFO:image_raster_worker_pool.cc(75)] [RunOnWorkerThread] --------------
I/chromium(13777): [INFO:resource_provider.cc(1770)] [StartRaster] allocated=[1] image_id=[597] buffer=[0x96b9c000] stride=[1280]
I/chromium(13777): [INFO:image_raster_worker_pool.cc(75)] [RunOnWorkerThread] --------------
I/chromium(13777): [INFO:resource_provider.cc(1770)] [StartRaster] allocated=[1] image_id=[691] buffer=[0x79f4a000] stride=[1280]
I/chromium(13777): [INFO:image_raster_worker_pool.cc(75)] [RunOnWorkerThread] --------------
I/chromium(13777): [INFO:resource_provider.cc(1770)] [StartRaster] allocated=[1] image_id=[640] buffer=[0x86359000] stride=[1280]
D/AudioFlinger_Thread(  248): threadLoop_sleepTime write muted data to hw
I/chromium(13777): [INFO:image_raster_worker_pool.cc(75)] [RunOnWorkerThread] --------------
I/chromium(13777): [INFO:resource_provider.cc(1770)] [StartRaster] allocated=[1] image_id=[696] buffer=[0x7bb46000] stride=[256]
I/chromium(13777): [INFO:image_raster_worker_pool.cc(75)] [RunOnWorkerThread] --------------
I/        (  245): [BWC INFO](245): get_bwc_mm_property success
D/AudioFlinger_Thread(  248): threadLoop_sleepTime write muted data to hw
D/AudioFlinger_Thread(  248): threadLoop_sleepTime write muted data to hw
D/AudioFlinger_Thread(  248): threadLoop_sleepTime write muted data to hw
I/        (  245): [BWC INFO](245): get_bwc_mm_property success
I/console (13777): [LOG] ws=heartTest.success at dist/js/source/push.js:1
D/AudioFlinger_Thread(  248): threadLoop_sleepTime write muted data to hw
D/AudioFlinger_Thread(  248): threadLoop_sleepTime write muted data to hw
D/AudioFlinger_Thread(  248): threadLoop_sleepTime write muted data to hw
I/uSDK    (13777): [CAE][D][2017-12-26 17:10:24.803473][cae_softap_user_task:730][buffer fd or timeout ]
I/uSDK    (13777): [CAE][D][2017-12-26 17:10:24.803636][cae_su_read_buffer_to_send:630][count[0]***]
I/uSDK    (13777): [CAE][D][2017-12-26 17:10:24.803690][su_ctx_fd_set:692][MAX fd[-1]]
D/AudioFlinger_Thread(  248): threadLoop_sleepTime write muted data to hw
D/AudioFlinger_Thread(  248): threadLoop_sleepTime write muted data to hw
D/AudioFlinger_Thread(  248): Audio hardware entering standby, mixer 0xb49af008, suspend count 0
D/AudioALSAStreamOut(  248): close()
D/AudioALSAPlaybackHandlerNormal(  248): +close()
D/AudioVoiceUIDL(  248): [SetInputStandBy] val 1
D/AudioVoiceUIDL(  248): [SetInputStandBy] ReadRefFromRing to exit? (0) 
D/AudioALSAHardwareResourceManager(  248): winsn:+stopOutputDevice(), mOutputDevices = 0x2, mStartOutputDevicesCount = 1
D/AudioALSAHardwareResourceManager(  248): stopOutputDevice(), AUDIO_DEVICE_OUT_SPEAKER
D/AudioALSACodecDeviceOutSpeakerNXP(  248): +close(), mClientCount = 1
I/TFA9890_OPPO(  248): tfa9890_SpeakerOff bTfaStatus = 1 iMode = 0
D/TFA9890_OPPO(  248): tfa9890_SpeakerOff: 2261:err = 0x00000000 status = 0xc05f tries = 24
D/TFA9890_OPPO(  248): tfa9890_SpeakerOff is close
D/TFA9890_OPPO(  248): tfa9890_SpeakerOff, 2279 g_bInFactoryMode = 0, g_bFactoryModeClosed = 0
D/AudioALSACodecDeviceOutSpeakerNXP(  248): close(), Audio_ExtCodec_EchoRef_Switch off
D/AudioALSACodecDeviceOutSpeakerNXP(  248): -close(), mClientCount = 0
D/AudioALSADriverUtility(  248): GetPropertyValue key = af.resouce.extdac_support value = 0
D/AudioALSAHardwareResourceManager(  248): winsn:-stopOutputDevice(), mOutputDevices = 0x0, mStartOutputDevicesCount = 0
D/AudioALSAPlaybackHandlerBase(  248): +closePcmDriver(), mPcm = 0xb7f4ac50
D/AudioALSAPlaybackHandlerBase(  248): -closePcmDriver(), mPcm = 0x0
D/AudioALSAPlaybackHandlerNormal(  248): SetLowJitterMode() bEanble = 0 SampleRate = 44100
D/AudioALSAPlaybackHandlerBase(  248): DeinitDataPending
D/AudioALSAPlaybackHandlerBase(  248): delete mdataPendingTempBuffer
D/MtkAudioBitConverter(  248): +Close()
D/MtkAudioBitConverter(  248): -Close()
D/MtkAudioBitConverter(  248): +~MtkAudioBitConverter()
D/MtkAudioBitConverter(  248): -~MtkAudioBitConverter()
D/AudioMTKFilter(  248): AudioMTKFilter::stop() type 0 mode 4
D/MtkAudioLoud(  248): +ResetBuffer()
D/MtkAudioLoud(  248): -ResetBuffer()
D/AudioALSAHardwareResourceManager(  248): EnableAudBufClk(), bEanble = 0
D/AudioALSAPlaybackHandlerNormal(  248): +SetMHLChipEnable()
D/AudioALSAPlaybackHandlerNormal(  248): -close()
D/AudioALSAStreamManager(  248): +destroyPlaybackHandler(), mode = 0, pPlaybackHandler = 0xb7fcf938
D/AudioALSAPlaybackHandlerNormal(  248): ~AudioALSAPlaybackHandlerNormal()
D/AudioALSAPlaybackHandlerBase(  248): ~AudioALSAPlaybackHandlerBase()
D/AudioALSAStreamManager(  248): -destroyPlaybackHandler(), mPlaybackHandlerVector.size() = 0
D/AudioFlinger_Thread(  248): releaseWakeLock_l() AudioOut_2
D/AudioFlinger_Thread(  248): thread 0xb49af008 type 0 TID 1077 going to sleep
V/Provider/Settings( 1655): get setting for user 0 by user 0 so skipping cache
V/Provider/Settings( 1655): invalidate [system]: current 1060 != cached 1059
V/Provider/Settings( 1655): from db cache, name = haptic_feedback_enabled , value = 1
V/Provider/Settings( 1655): get setting for user -2 by user 0 so skipping cache
V/Provider/Settings( 1655): get setting for user -2 by user 0 so skipping cache
V/Provider/Settings( 1655): from db cache, name = haptic_feedback_enabled , value = 1
I/Provider/Settings( 1655): call-query of user -2 by 0 so not updating cache
D/AppOps  ( 1655): startOperation: allowing code 3 uid 1000 package android
D/dalvikvm( 1655): create interp thread : stack size=128KB
D/dalvikvm( 1655): create new thread
D/dalvikvm( 1655): new thread created
D/dalvikvm( 1655): update thread list
D/dalvikvm( 1655): threadid=100: interp stack at 0x845b7000
D/dalvikvm( 1655): threadid=100: created from interp
D/dalvikvm( 1655): start new thread
D/dalvikvm( 1655): threadid=100: notify debugger
D/dalvikvm( 1655): threadid=100 (Thread-13905): calling run()
D/WindowManager( 1655): interceptKeyTq: result=1 keycode=82 screenIsOn=true keyguardActive=false policyFlags = #b000000 down =true canceled = false isWakeKey=false mVolumeDownKeyTriggered =false mVolumeUpKeyTriggered =false
D/WindowManager( 1655): interceptKeyTi keyCode=82 down=true repeatCount=0 keyguardOn=false mHomePressed=false canceled=false metaState:0
D/WindowManager( 1655): interceptKeyTq: result=1 keycode=82 screenIsOn=true keyguardActive=false policyFlags = #b000000 down =false canceled = false isWakeKey=false mVolumeDownKeyTriggered =false mVolumeUpKeyTriggered =false
I/View    (13777): Key down dispatch to <url=dist/index.html>;<hashcode=1143197216>, event = KeyEvent { action=ACTION_DOWN, hashcode=android.view.KeyEvent@44955f50, keyCode=KEYCODE_MENU, scanCode=0, metaState=0, flags=0x8, repeatCount=0, eventTime=23256530, downTime=23256530, deviceId=-1, source=0x101 }
D/WindowManager( 1655): interceptKeyTi keyCode=82 down=false repeatCount=0 keyguardOn=false mHomePressed=false canceled=false metaState:0
W/UnimplementedWebViewApi(13777): Unimplemented WebView method onKeyDown called from: android.webkit.WebView.onKeyDown(WebView.java:2263)
D/AppWidgetMgr(13777): syncExecBaseEvent windowCount = 1
D/AppWidgetMgr(13777): syncExecBaseEvent windowCount = 1
D/AppWidgetMgr(13777): syncExecBaseEvent windowCount = 1
D/dalvikvm( 1655): threadid=100: exiting
D/dalvikvm( 1655): threadid=100: bye!
V/Provider/Settings( 1655): get setting for user 0 by user 0 so skipping cache
V/Provider/Settings( 1655):  from settings cache , name = haptic_feedback_enabled , value = 1
V/Provider/Settings( 1655): get setting for user -2 by user 0 so skipping cache
V/Provider/Settings( 1655): get setting for user -2 by user 0 so skipping cache
V/Provider/Settings( 1655): from db cache, name = haptic_feedback_enabled , value = 1
I/Provider/Settings( 1655): call-query of user -2 by 0 so not updating cache
D/AppOps  ( 1655): startOperation: allowing code 3 uid 1000 package android
D/dalvikvm( 1655): create interp thread : stack size=128KB
D/dalvikvm( 1655): create new thread
D/dalvikvm( 1655): new thread created
D/dalvikvm( 1655): update thread list
D/dalvikvm( 1655): threadid=100: interp stack at 0x845b7000
D/dalvikvm( 1655): threadid=100: created from interp
D/dalvikvm( 1655): start new thread
D/dalvikvm( 1655): threadid=100: notify debugger
D/dalvikvm( 1655): threadid=100 (Thread-13906): calling run()
D/WindowManager( 1655): interceptKeyTq: result=1 keycode=82 screenIsOn=true keyguardActive=false policyFlags = #b000000 down =true canceled = false isWakeKey=false mVolumeDownKeyTriggered =false mVolumeUpKeyTriggered =false
D/WindowManager( 1655): interceptKeyTi keyCode=82 down=true repeatCount=0 keyguardOn=false mHomePressed=false canceled=false metaState:0
I/View    (13777): Key down dispatch to <url=dist/index.html>;<hashcode=1143197216>, event = KeyEvent { action=ACTION_DOWN, hashcode=android.view.KeyEvent@438de2d0, keyCode=KEYCODE_MENU, scanCode=0, metaState=0, flags=0x8, repeatCount=0, eventTime=23257048, downTime=23257048, deviceId=-1, source=0x101 }
D/WindowManager( 1655): interceptKeyTq: result=1 keycode=82 screenIsOn=true keyguardActive=false policyFlags = #b000000 down =false canceled = false isWakeKey=false mVolumeDownKeyTriggered =false mVolumeUpKeyTriggered =false
W/UnimplementedWebViewApi(13777): Unimplemented WebView method onKeyDown called from: android.webkit.WebView.onKeyDown(WebView.java:2263)
D/AppWidgetMgr(13777): syncExecBaseEvent windowCount = 1
D/WindowManager( 1655): interceptKeyTi keyCode=82 down=false repeatCount=0 keyguardOn=false mHomePressed=false canceled=false metaState:0
D/AppWidgetMgr(13777): syncExecBaseEvent windowCount = 1
D/AppWidgetMgr(13777): syncExecBaseEvent windowCount = 1
D/dalvikvm( 1655): threadid=100: exiting
D/dalvikvm( 1655): threadid=100: bye!
D/WindowManager( 1655): interceptKeyTq: result=1 keycode=20 screenIsOn=true keyguardActive=false policyFlags = #b000000 down =true canceled = false isWakeKey=false mVolumeDownKeyTriggered =false mVolumeUpKeyTriggered =false
D/WindowManager( 1655): interceptKeyTi keyCode=20 down=true repeatCount=0 keyguardOn=false mHomePressed=false canceled=false metaState:0
D/WindowManager( 1655): interceptKeyTq: result=1 keycode=20 screenIsOn=true keyguardActive=false policyFlags = #b000000 down =false canceled = false isWakeKey=false mVolumeDownKeyTriggered =false mVolumeUpKeyTriggered =false
D/WindowManager( 1655): interceptKeyTi keyCode=20 down=false repeatCount=0 keyguardOn=false mHomePressed=false canceled=false metaState:0
I/chromium(13777): [INFO:resource_provider.cc(1770)] [StartRaster] allocated=[1] image_id=[660] buffer=[0x82d0e000] stride=[2048]
I/chromium(13777): [INFO:image_raster_worker_pool.cc(75)] [RunOnWorkerThread] --------------
I/chromium(13777): [INFO:resource_provider.cc(1770)] [StartRaster] allocated=[1] image_id=[538] buffer=[0x85d82000] stride=[1536]
I/chromium(13777): [INFO:image_raster_worker_pool.cc(75)] [RunOnWorkerThread] --------------
I/chromium(13777): [INFO:resource_provider.cc(1770)] [StartRaster] allocated=[1] image_id=[684] buffer=[0x87150000] stride=[1536]
I/chromium(13777): [INFO:image_raster_worker_pool.cc(75)] [RunOnWorkerThread] --------------
I/chromium(13777): [INFO:resource_provider.cc(1770)] [StartRaster] allocated=[1] image_id=[686] buffer=[0x8798a000] stride=[1536]
I/chromium(13777): [INFO:image_raster_worker_pool.cc(75)] [RunOnWorkerThread] --------------
I/chromium(13777): [INFO:resource_provider.cc(1770)] [StartRaster] allocated=[1] image_id=[685] buffer=[0x878fa000] stride=[1536]
I/chromium(13777): [INFO:image_raster_worker_pool.cc(75)] [RunOnWorkerThread] --------------
I/chromium(13777): [INFO:resource_provider.cc(1770)] [StartRaster] allocated=[1] image_id=[663] buffer=[0x83b8e000] stride=[2048]
I/chromium(13777): [INFO:image_raster_worker_pool.cc(75)] [RunOnWorkerThread] --------------
I/chromium(13777): [INFO:resource_provider.cc(1770)] [StartRaster] allocated=[1] image_id=[566] buffer=[0x96050000] stride=[1536]
I/chromium(13777): [INFO:image_raster_worker_pool.cc(75)] [RunOnWorkerThread] --------------
I/chromium(13777): [INFO:resource_provider.cc(1770)] [StartRaster] allocated=[1] image_id=[687] buffer=[0x87a1a000] stride=[1536]
I/chromium(13777): [INFO:image_raster_worker_pool.cc(75)] [RunOnWorkerThread] --------------
I/chromium(13777): [INFO:resource_provider.cc(1770)] [StartRaster] allocated=[1] image_id=[655] buffer=[0x7c06c000] stride=[2048]
I/chromium(13777): [INFO:image_raster_worker_pool.cc(75)] [RunOnWorkerThread] --------------
I/chromium(13777): [INFO:resource_provider.cc(1770)] [StartRaster] allocated=[1] image_id=[656] buffer=[0x7c269000] stride=[1536]
I/chromium(13777): [INFO:image_raster_worker_pool.cc(75)] [RunOnWorkerThread] --------------
I/chromium(13777): [INFO:resource_provider.cc(1770)] [StartRaster] allocated=[1] image_id=[495] buffer=[0x89f03000] stride=[1536]
I/chromium(13777): [INFO:image_raster_worker_pool.cc(75)] [RunOnWorkerThread] --------------
I/chromium(13777): [INFO:resource_provider.cc(1770)] [StartRaster] allocated=[1] image_id=[570] buffer=[0x96290000] stride=[1536]
I/chromium(13777): [INFO:image_raster_worker_pool.cc(75)] [RunOnWorkerThread] --------------
I/chromium(13777): [INFO:resource_provider.cc(1770)] [StartRaster] allocated=[1] image_id=[661] buffer=[0x83afe000] stride=[1536]
I/chromium(13777): [INFO:image_raster_worker_pool.cc(75)] [RunOnWorkerThread] --------------
I/chromium(13777): [INFO:resource_provider.cc(1770)] [StartRaster] allocated=[1] image_id=[619] buffer=[0x97595000] stride=[1536]
I/chromium(13777): [INFO:image_raster_worker_pool.cc(75)] [RunOnWorkerThread] --------------
I/chromium(13777): [INFO:resource_provider.cc(1770)] [StartRaster] allocated=[1] image_id=[658] buffer=[0x7c660000] stride=[1536]
I/chromium(13777): [INFO:image_raster_worker_pool.cc(75)] [RunOnWorkerThread] --------------
I/chromium(13777): [INFO:resource_provider.cc(1770)] [StartRaster] allocated=[1] image_id=[669] buffer=[0x853f8000] stride=[1536]
I/chromium(13777): [INFO:image_raster_worker_pool.cc(75)] [RunOnWorkerThread] --------------
I/chromium(13777): [INFO:resource_provider.cc(1770)] [StartRaster] allocated=[1] image_id=[668] buffer=[0x84ac0000] stride=[1536]
I/chromium(13777): [INFO:image_raster_worker_pool.cc(75)] [RunOnWorkerThread] --------------
I/chromium(13777): [INFO:resource_provider.cc(1770)] [StartRaster] allocated=[1] image_id=[675] buffer=[0x86549000] stride=[1536]
I/chromium(13777): [INFO:image_raster_worker_pool.cc(75)] [RunOnWorkerThread] --------------
I/chromium(13777): [INFO:resource_provider.cc(1770)] [StartRaster] allocated=[1] image_id=[664] buffer=[0x83f09000] stride=[1536]
I/chromium(13777): [INFO:image_raster_worker_pool.cc(75)] [RunOnWorkerThread] --------------
I/chromium(13777): [INFO:resource_provider.cc(1770)] [StartRaster] allocated=[1] image_id=[659] buffer=[0x7cbc3000] stride=[1536]
I/chromium(13777): [INFO:image_raster_worker_pool.cc(75)] [RunOnWorkerThread] --------------
I/chromium(13777): [INFO:resource_provider.cc(1770)] [StartRaster] allocated=[1] image_id=[673] buffer=[0x860f2000] stride=[1536]
I/chromium(13777): [INFO:image_raster_worker_pool.cc(75)] [RunOnWorkerThread] --------------
I/chromium(13777): [INFO:resource_provider.cc(1770)] [StartRaster] allocated=[1] image_id=[662] buffer=[0x83bfc000] stride=[1536]
I/chromium(13777): [INFO:image_raster_worker_pool.cc(75)] [RunOnWorkerThread] --------------
I/chromium(13777): [INFO:resource_provider.cc(1770)] [StartRaster] allocated=[1] image_id=[667] buffer=[0x847ae000] stride=[1536]
I/chromium(13777): [INFO:image_raster_worker_pool.cc(75)] [RunOnWorkerThread] --------------
I/chromium(13777): [INFO:resource_provider.cc(1770)] [StartRaster] allocated=[1] image_id=[665] buffer=[0x843fa000] stride=[1536]
I/chromium(13777): [INFO:image_raster_worker_pool.cc(75)] [RunOnWorkerThread] --------------
I/chromium(13777): [INFO:resource_provider.cc(1770)] [StartRaster] allocated=[1] image_id=[666] buffer=[0x846fe000] stride=[1536]
I/chromium(13777): [INFO:image_raster_worker_pool.cc(75)] [RunOnWorkerThread] --------------
I/chromium(13777): [INFO:resource_provider.cc(1770)] [StartRaster] allocated=[1] image_id=[681] buffer=[0x86d0d000] stride=[1536]
I/chromium(13777): [INFO:image_raster_worker_pool.cc(75)] [RunOnWorkerThread] --------------
I/chromium(13777): [INFO:resource_provider.cc(1770)] [StartRaster] allocated=[1] image_id=[678] buffer=[0x86b5d000] stride=[1536]
I/chromium(13777): [INFO:image_raster_worker_pool.cc(75)] [RunOnWorkerThread] --------------
I/chromium(13777): [INFO:resource_provider.cc(1770)] [StartRaster] allocated=[1] image_id=[670] buffer=[0x8585a000] stride=[1536]
I/chromium(13777): [INFO:image_raster_worker_pool.cc(75)] [RunOnWorkerThread] --------------
I/chromium(13777): [INFO:resource_provider.cc(1770)] [StartRaster] allocated=[1] image_id=[674] buffer=[0x8641e000] stride=[1536]
I/chromium(13777): [INFO:image_raster_worker_pool.cc(75)] [RunOnWorkerThread] --------------
I/chromium(13777): [INFO:resource_provider.cc(1770)] [StartRaster] allocated=[1] image_id=[676] buffer=[0x865d9000] stride=[1536]
I/chromium(13777): [INFO:image_raster_worker_pool.cc(75)] [RunOnWorkerThread] --------------
I/chromium(13777): [INFO:resource_provider.cc(1770)] [StartRaster] allocated=[1] image_id=[672] buffer=[0x85f12000] stride=[1536]
I/chromium(13777): [INFO:image_raster_worker_pool.cc(75)] [RunOnWorkerThread] --------------
I/chromium(13777): [INFO:resource_provider.cc(1770)] [StartRaster] allocated=[1] image_id=[682] buffer=[0x86d9d000] stride=[1536]
I/chromium(13777): [INFO:image_raster_worker_pool.cc(75)] [RunOnWorkerThread] --------------
I/chromium(13777): [INFO:resource_provider.cc(1770)] [StartRaster] allocated=[1] image_id=[679] buffer=[0x86bed000] stride=[1536]
I/chromium(13777): [INFO:image_raster_worker_pool.cc(75)] [RunOnWorkerThread] --------------
I/chromium(13777): [INFO:resource_provider.cc(1770)] [StartRaster] allocated=[1] image_id=[657] buffer=[0x7c2f9000] stride=[1536]
I/chromium(13777): [INFO:image_raster_worker_pool.cc(75)] [RunOnWorkerThread] --------------
I/chromium(13777): [INFO:resource_provider.cc(1770)] [StartRaster] allocated=[1] image_id=[683] buffer=[0x86e2d000] stride=[1536]
I/chromium(13777): [INFO:image_raster_worker_pool.cc(75)] [RunOnWorkerThread] --------------
I/chromium(13777): [INFO:resource_provider.cc(1770)] [StartRaster] allocated=[1] image_id=[677] buffer=[0x868fe000] stride=[1536]
I/chromium(13777): [INFO:image_raster_worker_pool.cc(75)] [RunOnWorkerThread] --------------
I/chromium(13777): [INFO:resource_provider.cc(1770)] [StartRaster] allocated=[1] image_id=[697] buffer=[0x8886e000] stride=[1280]
I/chromium(13777): [INFO:image_raster_worker_pool.cc(75)] [RunOnWorkerThread] --------------
I/chromium(13777): [INFO:resource_provider.cc(1770)] [StartRaster] allocated=[1] image_id=[698] buffer=[0x8890e000] stride=[1280]
I/BufferQueue(  245): [com.sixty.nidoneClient/com.sixty.nidoneClient.view.activity.SDK_WebApp](this:0xb70fd438,id:1800,api:1,p:13777,c:245) queueBuffer: fps=1.90 dur=2106.99 max=1483.22 min=33.79
I/chromium(13777): [INFO:image_raster_worker_pool.cc(75)] [RunOnWorkerThread] --------------
I/chromium(13777): [INFO:resource_provider.cc(1770)] [StartRaster] allocated=[1] image_id=[479] buffer=[0x82dd2000] stride=[1280]
I/chromium(13777): [INFO:image_raster_worker_pool.cc(75)] [RunOnWorkerThread] --------------
I/        (  245): [BWC INFO](245): get_bwc_mm_property success
I/SurfaceFlinger(  245): [Built-in Screen (type:0)] fps:1.898539,dur:2106.88,max:1482.51,min:33.50
D/BatteryService( 1655): mBatteryVoltage=4062, batteryLevel=50
V/ActivityManager( 1655): Broadcast sticky: Intent { act=android.intent.action.ADDITIONAL_BATTERY_CHANGED flg=0x60000010 (has extras) } ordered=false userid=-1 callerApp=null
V/ActivityManager( 1655): Broadcast sticky: Intent { act=android.intent.action.BATTERY_CHANGED flg=0x60000010 (has extras) } ordered=false userid=-1 callerApp=null
D/WifiService( 1655): onReceive, action:android.intent.action.BATTERY_CHANGED
D/WifiController( 1655): DeviceActiveState{ when=-1ms what=155652 arg1=2 target=com.android.internal.util.StateMachine$SmHandler target=Handler (com.android.internal.util.StateMachine$SmHandler) {431e59b8} }
D/WifiController( 1655): StaEnabledState{ when=-1ms what=155652 arg1=2 target=com.android.internal.util.StateMachine$SmHandler target=Handler (com.android.internal.util.StateMachine$SmHandler) {431e59b8} }
D/WifiController( 1655): DefaultState{ when=-1ms what=155652 arg1=2 target=com.android.internal.util.StateMachine$SmHandler target=Handler (com.android.internal.util.StateMachine$SmHandler) {431e59b8} }
D/WifiController( 1655): battery changed pluggedType: 2
D/dalvikvm( 1655): between the previous GC alloc  8295K
D/PowerSaveService( 4327): PowerSaveReceiver EXTRA_STATUS: status = 2, lastCharging = true
D/UsbDeviceManager( 1655): onReceive - BATTERY_CHANGED - mPlugType: 2, mSettingUsbCharging: false, mConnected: true, mSettingUsbBicr: false
V/ActivityManager( 1655): Broadcast sticky: Intent { act=android.intent.action.ADDITIONAL_BATTERY_CHANGED flg=0x60000010 (has extras) } ordered=false userid=-1 callerApp=null
V/ActivityManager( 1655): Broadcast sticky: Intent { act=android.intent.action.ADDITIONAL_BATTERY_CHANGED flg=0x60000010 (has extras) } ordered=false userid=-1 callerApp=null
D/WindowManager( 1655): interceptKeyTq: result=1 keycode=21 screenIsOn=true keyguardActive=false policyFlags = #b000000 down =true canceled = false isWakeKey=false mVolumeDownKeyTriggered =false mVolumeUpKeyTriggered =false
D/WindowManager( 1655): interceptKeyTi keyCode=21 down=true repeatCount=0 keyguardOn=false mHomePressed=false canceled=false metaState:0
D/WindowManager( 1655): interceptKeyTq: result=1 keycode=21 screenIsOn=true keyguardActive=false policyFlags = #b000000 down =false canceled = false isWakeKey=false mVolumeDownKeyTriggered =false mVolumeUpKeyTriggered =false
D/WindowManager( 1655): interceptKeyTi keyCode=21 down=false repeatCount=0 keyguardOn=false mHomePressed=false canceled=false metaState:0
D/dalvikvm( 1655): GC_CONCURRENT freed 12953K (297535), 55% free 32899K/72264K, paused 16ms+14ms, total 299ms
D/PhoneInterfaceManagerEx( 4184): [PhoneIntfMgrEx] hasIccCard  simId=0
D/PhoneInterfaceManagerEx( 4184): [PhoneIntfMgrEx] hasIccCard  simId=1
E/overtime(13777): RecvListener
D/WebView (13777): evaluateJavascript=javascript:(function(w,n){try{var plus=((w.__html5plus__&&w.__html5plus__.isReady)?w.__html5plus__:(n.plus&&n.plus.isReady)?n.plus:window.plus);var result= {};result.status = 1;result.message = {"data":"fn5+fgAAAX97ImNtZCI6InJvb20iLCJjbWRUeXBlIjoiYWRkTW9kaWZ5Iiwicm9vbSI6eyJkZXZpY2UiOlt7ImlkIjoxMjl9LHsiaWQiOjE0Mn0seyJpZCI6MTUzfSx7ImlkIjoxNTR9LHsiaWQiOjE1NX0seyJpZCI6MTU3fSx7ImlkIjoxNTl9LHsiaWQiOjE2MH0seyJpZCI6MTY0fSx7ImlkIjoxNjd9XSwiZW52Ijp7ImNvMiI6eyJzcmNJZCI6MTY3LCJ2YWwiOi0zMjc2OH0sImh1bWlkaXR5Ijp7InNyY0lkIjoxNjcsInZhbCI6LTEyOH0sInBtMjUiOnsic3JjSWQiOjE2NywidmFsIjotMzI3Njh9LCJ0ZW1wIjp7InNyY0lkIjoxNjcsInZhbCI6LTEyOH19LCJpY29uIjoxLCJpZCI6MSwibmFtZSI6IuacquW9kuexu+iuvuWkhyJ9LCJzZXF1ZW5jZSI6NTI1MSwidWlkIjoiR0FURVdBWSJ9Cg==","uid":"1000001079224195"};result.keepCallback = true;plus && plus.bridge.callbackFromNative('plus2221514271864413', result);}catch(e){console.error(e)};})(window,navigator);
E/overtime(13777): RecvListener
D/WebView (13777): evaluateJavascript=javascript:(function(w,n){try{var plus=((w.__html5plus__&&w.__html5plus__.isReady)?w.__html5plus__:(n.plus&&n.plus.isReady)?n.plus:window.plus);var result= {};result.status = 1;result.message = {"data":"fn5+fgAAARN7ImNtZCI6ImRldmljZSIsImNtZFR5cGUiOiJkZXRlY3RvclN0YXR1c05vdGlmeSIsImNvbm5lY3QiOiJvZmZsaW5lIiwiZW52Ijp7ImNvMiI6LTMyNzY4LCJodW1pZGl0eSI6LTEyOCwicG0yNSI6LTMyNzY4LCJ0ZW1wIjotMTI4fSwiaWNvbiI6MCwiaWQiOjE2NywibmFtZSI6IuepuuawlOaenCIsIm5vZGVJZCI6MCwib25PZmYiOiJvZmYiLCJyYW5nZSI6W10sInNlcXVlbmNlIjo1MjUxLCJzdWJUeXBlIjoiMSIsInR5cGUiOiIxMTgiLCJ1aWQiOiJHQVRFV0FZIiwidm9pY2UiOjB9Cg==","uid":"1000001079224195"};result.keepCallback = true;plus && plus.bridge.callbackFromNative('plus2221514271864413', result);}catch(e){console.error(e)};})(window,navigator);
I/console (13777): [LOG]  handleMessage strJoson======{"cmd":"room","cmdType":"addModify","room":{"device":[{"id":129},{"id":142},{"id":153},{"id":154},{"id":155},{"id":157},{"id":159},{"id":160},{"id":164},{"id":167}],"env":{"co2":{"srcId":167,"val":-32768},"humidity":{"srcId":167,"val":-128},"pm25":{"srcId":167,"val":-32768},"temp":{"srcId":167,"val":-128}},"icon":1,"id":1,"name":""},"sequence":5251,"uid":"GATEWAY"}
I/console (13777):  at dist/js/source/house.js:1
I/console (13777): [LOG] do not support this comdType11:detectorStatusNotify at dist/js/source/house.js:1
I/console (13777): [LOG]  handleMessage strJoson======{"cmd":"device","cmdType":"detectorStatusNotify","connect":"offline","env":{"co2":-32768,"humidity":-128,"pm25":-32768,"temp":-128},"icon":0,"id":167,"name":"","nodeId":0,"onOff":"off","range":[],"sequence":5251,"subType":"1","type":"118","uid":"GATEWAY","voice":0}
I/console (13777):  at dist/js/source/house.js:1
D/DCloud_LOG(13777): AdaFrameView.dispatchFrameViewEvents type=touchstart;args=640
D/yl      (13777): NWindow.onCallBack pEventType=touchstart;640;
D/dalvikvm( 4533): create interp thread : stack size=128KB
D/dalvikvm( 4533): create new thread
D/dalvikvm( 4533): new thread created
D/dalvikvm( 4533): update thread list
D/dalvikvm( 4533): threadid=17: interp stack at 0x79172000
D/dalvikvm( 4533): threadid=17: created from interp
D/dalvikvm( 4533): start new thread
D/dalvikvm( 4533): threadid=17: notify debugger
D/dalvikvm( 4533): threadid=17 (Thread-4791): calling run()
I/KSO_STAT( 4533): App is in background, stop update end time, ready to start a new session.
D/SQLiteDatabase( 4533): beginTransaction()
D/SQLiteDatabase( 4533): endTransaction()
D/dalvikvm( 4533): threadid=17: exiting
D/dalvikvm( 4533): threadid=17: bye!
I/chromium(13777): [INFO:resource_provider.cc(1770)] [StartRaster] allocated=[1] image_id=[480] buffer=[0x88aa9000] stride=[2048]
I/chromium(13777): [INFO:image_raster_worker_pool.cc(75)] [RunOnWorkerThread] --------------
I/chromium(13777): [INFO:resource_provider.cc(1770)] [StartRaster] allocated=[1] image_id=[656] buffer=[0x7c269000] stride=[1536]
I/chromium(13777): [INFO:image_raster_worker_pool.cc(75)] [RunOnWorkerThread] --------------
I/chromium(13777): [INFO:resource_provider.cc(1770)] [StartRaster] allocated=[1] image_id=[495] buffer=[0x89f03000] stride=[1536]
I/chromium(13777): [INFO:image_raster_worker_pool.cc(75)] [RunOnWorkerThread] --------------
I/chromium(13777): [INFO:resource_provider.cc(1770)] [StartRaster] allocated=[1] image_id=[570] buffer=[0x96290000] stride=[1536]
I/chromium(13777): [INFO:image_raster_worker_pool.cc(75)] [RunOnWorkerThread] --------------
I/chromium(13777): [INFO:resource_provider.cc(1770)] [StartRaster] allocated=[1] image_id=[661] buffer=[0x83afe000] stride=[1536]
I/chromium(13777): [INFO:image_raster_worker_pool.cc(75)] [RunOnWorkerThread] --------------
I/chromium(13777): [INFO:resource_provider.cc(1770)] [StartRaster] allocated=[1] image_id=[477] buffer=[0x87bdc000] stride=[2048]
I/chromium(13777): [INFO:image_raster_worker_pool.cc(75)] [RunOnWorkerThread] --------------
I/chromium(13777): [INFO:resource_provider.cc(1770)] [StartRaster] allocated=[1] image_id=[619] buffer=[0x97595000] stride=[1536]
I/chromium(13777): [INFO:image_raster_worker_pool.cc(75)] [RunOnWorkerThread] --------------
I/chromium(13777): [INFO:resource_provider.cc(1770)] [StartRaster] allocated=[1] image_id=[658] buffer=[0x7c660000] stride=[1536]
I/chromium(13777): [INFO:image_raster_worker_pool.cc(75)] [RunOnWorkerThread] --------------
I/chromium(13777): [INFO:resource_provider.cc(1770)] [StartRaster] allocated=[1] image_id=[492] buffer=[0x89c61000] stride=[2048]
I/chromium(13777): [INFO:image_raster_worker_pool.cc(75)] [RunOnWorkerThread] --------------
I/chromium(13777): [INFO:resource_provider.cc(1770)] [StartRaster] allocated=[1] image_id=[669] buffer=[0x853f8000] stride=[1536]
I/chromium(13777): [INFO:image_raster_worker_pool.cc(75)] [RunOnWorkerThread] --------------
I/chromium(13777): [INFO:resource_provider.cc(1770)] [StartRaster] allocated=[1] image_id=[668] buffer=[0x84ac0000] stride=[1536]
I/chromium(13777): [INFO:image_raster_worker_pool.cc(75)] [RunOnWorkerThread] --------------
I/chromium(13777): [INFO:resource_provider.cc(1770)] [StartRaster] allocated=[1] image_id=[675] buffer=[0x86549000] stride=[1536]
I/chromium(13777): [INFO:image_raster_worker_pool.cc(75)] [RunOnWorkerThread] --------------
I/chromium(13777): [INFO:resource_provider.cc(1770)] [StartRaster] allocated=[1] image_id=[664] buffer=[0x83f09000] stride=[1536]
I/chromium(13777): [INFO:image_raster_worker_pool.cc(75)] [RunOnWorkerThread] --------------
I/chromium(13777): [INFO:resource_provider.cc(1770)] [StartRaster] allocated=[1] image_id=[659] buffer=[0x7cbc3000] stride=[1536]
I/chromium(13777): [INFO:image_raster_worker_pool.cc(75)] [RunOnWorkerThread] --------------
I/chromium(13777): [INFO:resource_provider.cc(1770)] [StartRaster] allocated=[1] image_id=[673] buffer=[0x860f2000] stride=[1536]
I/chromium(13777): [INFO:image_raster_worker_pool.cc(75)] [RunOnWorkerThread] --------------
I/chromium(13777): [INFO:resource_provider.cc(1770)] [StartRaster] allocated=[1] image_id=[662] buffer=[0x83bfc000] stride=[1536]
I/chromium(13777): [INFO:image_raster_worker_pool.cc(75)] [RunOnWorkerThread] --------------
I/chromium(13777): [INFO:resource_provider.cc(1770)] [StartRaster] allocated=[1] image_id=[667] buffer=[0x847ae000] stride=[1536]
I/chromium(13777): [INFO:image_raster_worker_pool.cc(75)] [RunOnWorkerThread] --------------
I/chromium(13777): [INFO:resource_provider.cc(1770)] [StartRaster] allocated=[1] image_id=[665] buffer=[0x843fa000] stride=[1536]
I/chromium(13777): [INFO:image_raster_worker_pool.cc(75)] [RunOnWorkerThread] --------------
I/chromium(13777): [INFO:resource_provider.cc(1770)] [StartRaster] allocated=[1] image_id=[666] buffer=[0x846fe000] stride=[1536]
I/chromium(13777): [INFO:image_raster_worker_pool.cc(75)] [RunOnWorkerThread] --------------
I/chromium(13777): [INFO:resource_provider.cc(1770)] [StartRaster] allocated=[1] image_id=[681] buffer=[0x86d0d000] stride=[1536]
I/chromium(13777): [INFO:image_raster_worker_pool.cc(75)] [RunOnWorkerThread] --------------
I/chromium(13777): [INFO:resource_provider.cc(1770)] [StartRaster] allocated=[1] image_id=[678] buffer=[0x86b5d000] stride=[1536]
I/chromium(13777): [INFO:image_raster_worker_pool.cc(75)] [RunOnWorkerThread] --------------
I/chromium(13777): [INFO:resource_provider.cc(1770)] [StartRaster] allocated=[1] image_id=[670] buffer=[0x8585a000] stride=[1536]
I/chromium(13777): [INFO:image_raster_worker_pool.cc(75)] [RunOnWorkerThread] --------------
I/chromium(13777): [INFO:resource_provider.cc(1770)] [StartRaster] allocated=[1] image_id=[674] buffer=[0x8641e000] stride=[1536]
I/chromium(13777): [INFO:image_raster_worker_pool.cc(75)] [RunOnWorkerThread] --------------
I/chromium(13777): [INFO:resource_provider.cc(1770)] [StartRaster] allocated=[1] image_id=[676] buffer=[0x865d9000] stride=[1536]
I/chromium(13777): [INFO:image_raster_worker_pool.cc(75)] [RunOnWorkerThread] --------------
I/chromium(13777): [INFO:resource_provider.cc(1770)] [StartRaster] allocated=[1] image_id=[672] buffer=[0x85f12000] stride=[1536]
I/chromium(13777): [INFO:image_raster_worker_pool.cc(75)] [RunOnWorkerThread] --------------
I/chromium(13777): [INFO:resource_provider.cc(1770)] [StartRaster] allocated=[1] image_id=[682] buffer=[0x86d9d000] stride=[1536]
I/chromium(13777): [INFO:image_raster_worker_pool.cc(75)] [RunOnWorkerThread] --------------
I/chromium(13777): [INFO:resource_provider.cc(1770)] [StartRaster] allocated=[1] image_id=[679] buffer=[0x86bed000] stride=[1536]
I/chromium(13777): [INFO:image_raster_worker_pool.cc(75)] [RunOnWorkerThread] --------------
I/chromium(13777): [INFO:resource_provider.cc(1770)] [StartRaster] allocated=[1] image_id=[657] buffer=[0x7c2f9000] stride=[1536]
I/chromium(13777): [INFO:image_raster_worker_pool.cc(75)] [RunOnWorkerThread] --------------
I/chromium(13777): [INFO:resource_provider.cc(1770)] [StartRaster] allocated=[1] image_id=[683] buffer=[0x86e2d000] stride=[1536]
I/chromium(13777): [INFO:image_raster_worker_pool.cc(75)] [RunOnWorkerThread] --------------
