D/ActivityManager( 1655): getContentProviderImpl: from caller=android.app.ApplicationThreadProxy@43291750 (pid=27486, userId=0) to get content provider com.tencent.android.qqdownloader.localapk.provider cpr=ContentProviderRecord{4384f7f0 u0 com.tencent.android.qqdownloader/com.tencent.assistant.localres.localapk.LocalApkProvider}
D/ActivityThread(27486): hoder:android.app.IActivityManager$ContentProviderHolder@445c8dc8,provider,holder.Provider:android.content.ContentProviderProxy@44412f78
D/ActivityManager( 1655): getContentProviderImpl: from caller=android.app.ApplicationThreadProxy@432f2720 (pid=27486, userId=0) to get content provider com.tencent.android.qqdownloader.localapk.provider cpr=ContentProviderRecord{4384f7f0 u0 com.tencent.android.qqdownloader/com.tencent.assistant.localres.localapk.LocalApkProvider}
D/ActivityThread(27486): hoder:android.app.IActivityManager$ContentProviderHolder@45be46b8,provider,holder.Provider:android.content.ContentProviderProxy@46088610
D/ActivityManager( 1655): ACT-IDLE_NOW_MSG from windowsVisible() for idle: ActivityRecord{42990bb0 u0 com.sixty.nidoneClient/.view.activity.SDK_WebApp t52}
V/ActivityManager( 1655): ACT-Activity idle: null
V/ActivityManager( 1655): ensureActivitiesVisibleLocked: consider front
V/ActivityManager( 1655): ensureActivitiesVisibleLocked: consider back
V/ActivityThread( 4580): Finishing stop of ActivityRecord{42730e38 token=android.os.BinderProxy@427305d8 {com.android.dialer/com.android.dialer.DialtactsActivity}}: show=false win=com.android.internal.policy.impl.OppoPhoneWindow@42738fe0
D/ActivityThread( 4580): ACT-STOP_ACTIVITY_HIDE handled : 0 / android.os.BinderProxy@427305d8
V/NetworkStats( 1655): setKernelCounterSet uid=10004 set=0
D/ConnectivityService( 1655): onUidRulesChanged(uid=10004, uidRules=0)
I/thermal_repeater(  274): oh, queryMdThermalInfo (0)Bad file number
I/thermal_repeater(  274): [recvMdThermalInfo] ret=25, strLen=127,  1, 32767,,, -1, 32767, 2
V/ActivityManager( 1655): Broadcast sticky: Intent { act=android.intent.action.ADDITIONAL_BATTERY_CHANGED flg=0x60000010 (has extras) } ordered=false userid=-1 callerApp=null
V/ActivityManager( 1655): Broadcast sticky: Intent { act=android.intent.action.BATTERY_CHANGED flg=0x60000010 (has extras) } ordered=false userid=-1 callerApp=null
V/ActivityManager( 1655): Broadcast sticky: Intent { act=android.intent.action.ADDITIONAL_BATTERY_CHANGED flg=0x60000010 (has extras) } ordered=false userid=-1 callerApp=null
D/WifiService( 1655): onReceive, action:android.intent.action.BATTERY_CHANGED
D/UsbDeviceManager( 1655): onReceive - BATTERY_CHANGED - mPlugType: 2, mSettingUsbCharging: false, mConnected: true, mSettingUsbBicr: false
D/WifiController( 1655): DeviceActiveState{ when=0 what=155652 arg1=2 target=com.android.internal.util.StateMachine$SmHandler target=Handler (com.android.internal.util.StateMachine$SmHandler) {431e59b8} }
D/WifiController( 1655): StaEnabledState{ when=-1ms what=155652 arg1=2 target=com.android.internal.util.StateMachine$SmHandler target=Handler (com.android.internal.util.StateMachine$SmHandler) {431e59b8} }
V/ActivityManager( 1655): Broadcast sticky: Intent { act=android.intent.action.ADDITIONAL_BATTERY_CHANGED flg=0x60000010 (has extras) } ordered=false userid=-1 callerApp=null
D/WifiController( 1655): DefaultState{ when=-1ms what=155652 arg1=2 target=com.android.internal.util.StateMachine$SmHandler target=Handler (com.android.internal.util.StateMachine$SmHandler) {431e59b8} }
D/WifiController( 1655): battery changed pluggedType: 2
V/NotificationService( 1655): enqueueNotificationInternal: pkg=com.tencent.android.qqdownloader id=127 notification=Notification(pri=1 contentView=com.tencent.android.qqdownloader/0x7f0401f0 vibrate=null sound=null defaults=0x0 flags=0xa2 kind=[null])
V/NotificationService( 1655): Initial score is 20.
V/NotificationService( 1655): Final score is 20.
V/MoMS.NotificationController( 1655): notifications are enabled for com.tencent.android.qqdownloader
V/NotificationService( 1655): Assigned score=20 to Notification(pri=2 contentView=com.tencent.android.qqdownloader/0x7f0401f0 vibrate=null sound=null defaults=0x0 flags=0xa2 kind=[null])
D/ConnectivityService( 1655): getActiveNetworkInfo:NetworkInfo: type: WIFI[], state: CONNECTED/CONNECTED, reason: (unspecified), extra: "60_dev_01", roaming: false, failover: false, isAvailable: true, isConnectedToProvisioningNetwork: false, simId: 0/10188
V/ActivityManager( 1655): Broadcast sticky: Intent { act=android.intent.action.ADDITIONAL_BATTERY_CHANGED flg=0x60000010 (has extras) } ordered=false userid=-1 callerApp=null
V/ActivityManager( 1655): Broadcast sticky: Intent { act=android.intent.action.BATTERY_CHANGED flg=0x60000010 (has extras) } ordered=false userid=-1 callerApp=null
V/ActivityManager( 1655): Broadcast sticky: Intent { act=android.intent.action.ADDITIONAL_BATTERY_CHANGED flg=0x60000010 (has extras) } ordered=false userid=-1 callerApp=null
D/WifiService( 1655): onReceive, action:android.intent.action.BATTERY_CHANGED
D/UsbDeviceManager( 1655): onReceive - BATTERY_CHANGED - mPlugType: 2, mSettingUsbCharging: false, mConnected: true, mSettingUsbBicr: false
D/WifiController( 1655): DeviceActiveState{ when=0 what=155652 arg1=2 target=com.android.internal.util.StateMachine$SmHandler target=Handler (com.android.internal.util.StateMachine$SmHandler) {431e59b8} }
D/WifiController( 1655): StaEnabledState{ when=0 what=155652 arg1=2 target=com.android.internal.util.StateMachine$SmHandler target=Handler (com.android.internal.util.StateMachine$SmHandler) {431e59b8} }
D/WifiController( 1655): DefaultState{ when=0 what=155652 arg1=2 target=com.android.internal.util.StateMachine$SmHandler target=Handler (com.android.internal.util.StateMachine$SmHandler) {431e59b8} }
D/WifiController( 1655): battery changed pluggedType: 2
V/ActivityManager( 1655): Broadcast sticky: Intent { act=android.intent.action.ADDITIONAL_BATTERY_CHANGED flg=0x60000010 (has extras) } ordered=false userid=-1 callerApp=null
V/ActivityManager( 1655): Broadcast: Intent { act=android.intent.action.MEDIA_BUTTON flg=0x10 cmp=com.oppo.music/.service.MediaButtonIntentReceiver (has extras) } ordered=true userid=0 callerApp=null
V/ActivityManager( 1655): Broadcast: Intent { act=android.intent.action.MEDIA_BUTTON flg=0x10 cmp=com.oppo.music/.service.MediaButtonIntentReceiver (has extras) } ordered=true userid=0 callerApp=null
D/ActivityThread( 8073): BDC-Calling onReceive: intent=Intent { act=android.intent.action.MEDIA_BUTTON flg=0x10 cmp=com.oppo.music/.service.MediaButtonIntentReceiver (has extras) }, ordered=true, receiver=com.oppo.music.service.MediaButtonIntentReceiver@42b9fea8
D/ActivityThread( 8073): BDC-RECEIVER handled : 0 / ReceiverData{intent=Intent { act=android.intent.action.MEDIA_BUTTON flg=0x10 cmp=com.oppo.music/.service.MediaButtonIntentReceiver (has extras) } packageName=com.oppo.music resultCode=0 resultData=null resultExtras=null}
D/ActivityThread( 8073): SVC-SERVICE_ARGS handled : 0 / ServiceArgsData{token=android.os.BinderProxy@4276e4d0 startId=533 args=Intent { act=com.oppo.music.service.command cmp=com.oppo.music/.service.MediaPlaybackService (has extras) }}
D/ActivityThread( 8073): BDC-Calling onReceive: intent=Intent { act=android.intent.action.MEDIA_BUTTON flg=0x10 cmp=com.oppo.music/.service.MediaButtonIntentReceiver (has extras) }, ordered=true, receiver=com.oppo.music.service.MediaButtonIntentReceiver@4280d988
D/ActivityThread( 8073): BDC-RECEIVER handled : 0 / ReceiverData{intent=Intent { act=android.intent.action.MEDIA_BUTTON flg=0x10 cmp=com.oppo.music/.service.MediaButtonIntentReceiver (has extras) } packageName=com.oppo.music resultCode=0 resultData=null resultExtras=null}
V/ActivityManager( 1655): Broadcast: Intent { act=android.intent.action.CLOSE_SYSTEM_DIALOGS flg=0x50000010 (has extras) } ordered=false userid=-1 callerApp=null
V/ActivityManager( 1655): Broadcast sticky: Intent { act=android.intent.action.SIG_STR flg=0x10 (has extras) } ordered=false userid=-1 callerApp=ProcessRecord{4276e330 1655:system/1000}
V/ActivityManager( 1655): Broadcast sticky: Intent { act=android.intent.action.ADDITIONAL_BATTERY_CHANGED flg=0x60000010 (has extras) } ordered=false userid=-1 callerApp=null
V/ActivityManager( 1655): Broadcast sticky: Intent { act=android.intent.action.BATTERY_CHANGED flg=0x60000010 (has extras) } ordered=false userid=-1 callerApp=null
D/WifiService( 1655): onReceive, action:android.intent.action.BATTERY_CHANGED
D/UsbDeviceManager( 1655): onReceive - BATTERY_CHANGED - mPlugType: 2, mSettingUsbCharging: false, mConnected: true, mSettingUsbBicr: false
D/WifiController( 1655): DeviceActiveState{ when=-1ms what=155652 arg1=2 target=com.android.internal.util.StateMachine$SmHandler target=Handler (com.android.internal.util.StateMachine$SmHandler) {431e59b8} }
D/WifiController( 1655): StaEnabledState{ when=-1ms what=155652 arg1=2 target=com.android.internal.util.StateMachine$SmHandler target=Handler (com.android.internal.util.StateMachine$SmHandler) {431e59b8} }
D/WifiController( 1655): DefaultState{ when=-1ms what=155652 arg1=2 target=com.android.internal.util.StateMachine$SmHandler target=Handler (com.android.internal.util.StateMachine$SmHandler) {431e59b8} }
D/WifiController( 1655): battery changed pluggedType: 2
V/ActivityManager( 1655): Broadcast sticky: Intent { act=android.intent.action.ADDITIONAL_BATTERY_CHANGED flg=0x60000010 (has extras) } ordered=false userid=-1 callerApp=null
V/ActivityManager( 1655): Broadcast sticky: Intent { act=android.intent.action.ADDITIONAL_BATTERY_CHANGED flg=0x60000010 (has extras) } ordered=false userid=-1 callerApp=null
V/ActivityManager( 1655): Broadcast sticky: Intent { act=android.intent.action.ADDITIONAL_BATTERY_CHANGED flg=0x60000010 (has extras) } ordered=false userid=-1 callerApp=null
V/ActivityManager( 1655): Broadcast sticky: Intent { act=android.intent.action.BATTERY_CHANGED flg=0x60000010 (has extras) } ordered=false userid=-1 callerApp=null
D/WifiService( 1655): onReceive, action:android.intent.action.BATTERY_CHANGED
D/UsbDeviceManager( 1655): onReceive - BATTERY_CHANGED - mPlugType: 2, mSettingUsbCharging: false, mConnected: true, mSettingUsbBicr: false
D/WifiController( 1655): DeviceActiveState{ when=0 what=155652 arg1=2 target=com.android.internal.util.StateMachine$SmHandler target=Handler (com.android.internal.util.StateMachine$SmHandler) {431e59b8} }
D/WifiController( 1655): StaEnabledState{ when=0 what=155652 arg1=2 target=com.android.internal.util.StateMachine$SmHandler target=Handler (com.android.internal.util.StateMachine$SmHandler) {431e59b8} }
D/WifiController( 1655): DefaultState{ when=0 what=155652 arg1=2 target=com.android.internal.util.StateMachine$SmHandler target=Handler (com.android.internal.util.StateMachine$SmHandler) {431e59b8} }
D/WifiController( 1655): battery changed pluggedType: 2
V/ActivityManager( 1655): Broadcast sticky: Intent { act=android.intent.action.ADDITIONAL_BATTERY_CHANGED flg=0x60000010 (has extras) } ordered=false userid=-1 callerApp=null
V/ActivityManager( 1655): Broadcast sticky: Intent { act=android.intent.action.ADDITIONAL_BATTERY_CHANGED flg=0x60000010 (has extras) } ordered=false userid=-1 callerApp=null
I/ActivityManager( 1655): START u0 {act=android.intent.action.MAIN cat=[android.intent.category.LAUNCHER] flg=0x10200000 cmp=com.sixty.nidoneClient/.view.activity.SDK_WebApp} from pid 24454
E/ActivityManager( 1655): START {act=android.intent.action.MAIN cat=[android.intent.category.LAUNCHER] flg=0x10200000 cmp=com.sixty.nidoneClient/.view.activity.SDK_WebApp u=0} from pid 24454
D/ActivityManager( 1655): ACT-moveHomeTask toFront : false homeInFront = false
D/ActivityManager( 1655): launchFlags = 10200000, launchMode = 2, realActivity = ComponentInfo{com.sixty.nidoneClient/com.sixty.nidoneClient.view.activity.SDK_WebApp}, task.realActivity = ComponentInfo{com.sixty.nidoneClient/com.sixty.nidoneClient.view.activity.SDK_WebApp}
I/ActivityManager( 1655): topActivity.packageName = com.sixty.nidoneClient
D/ActivityThread(13777): ACT-NEW_INTENT handled : 0 / NewIntentData{intents=[Intent { act=android.intent.action.MAIN cat=[android.intent.category.LAUNCHER] flg=0x10200000 cmp=com.sixty.nidoneClient/.view.activity.SDK_WebApp }] token=android.os.BinderProxy@444e4cf8}
V/ActivityManager( 1655): Broadcast sticky: Intent { act=android.intent.action.ADDITIONAL_BATTERY_CHANGED flg=0x60000010 (has extras) } ordered=false userid=-1 callerApp=null
V/ActivityManager( 1655): Broadcast sticky: Intent { act=android.intent.action.BATTERY_CHANGED flg=0x60000010 (has extras) } ordered=false userid=-1 callerApp=null
D/WifiService( 1655): onReceive, action:android.intent.action.BATTERY_CHANGED
D/WifiController( 1655): DeviceActiveState{ when=0 what=155652 arg1=2 target=com.android.internal.util.StateMachine$SmHandler target=Handler (com.android.internal.util.StateMachine$SmHandler) {431e59b8} }
D/WifiController( 1655): StaEnabledState{ when=0 what=155652 arg1=2 target=com.android.internal.util.StateMachine$SmHandler target=Handler (com.android.internal.util.StateMachine$SmHandler) {431e59b8} }
D/WifiController( 1655): DefaultState{ when=-1ms what=155652 arg1=2 target=com.android.internal.util.StateMachine$SmHandler target=Handler (com.android.internal.util.StateMachine$SmHandler) {431e59b8} }
D/WifiController( 1655): battery changed pluggedType: 2
D/UsbDeviceManager( 1655): onReceive - BATTERY_CHANGED - mPlugType: 2, mSettingUsbCharging: false, mConnected: true, mSettingUsbBicr: false
V/ActivityManager( 1655): Broadcast sticky: Intent { act=android.intent.action.ADDITIONAL_BATTERY_CHANGED flg=0x60000010 (has extras) } ordered=false userid=-1 callerApp=null
V/ActivityManager( 1655): Broadcast sticky: Intent { act=android.intent.action.ADDITIONAL_BATTERY_CHANGED flg=0x60000010 (has extras) } ordered=false userid=-1 callerApp=null
V/NotificationService( 1655): enqueueNotificationInternal: pkg=com.tencent.android.qqdownloader id=127 notification=Notification(pri=1 contentView=com.tencent.android.qqdownloader/0x7f0401f0 vibrate=null sound=null defaults=0x0 flags=0xa2 kind=[null])
V/NotificationService( 1655): Initial score is 20.
V/NotificationService( 1655): Final score is 20.
V/MoMS.NotificationController( 1655): notifications are enabled for com.tencent.android.qqdownloader
V/NotificationService( 1655): Assigned score=20 to Notification(pri=2 contentView=com.tencent.android.qqdownloader/0x7f0401f0 vibrate=null sound=null defaults=0x0 flags=0xa2 kind=[null])
I/ActivityManager( 1655): START u0 {act=android.intent.action.MAIN cat=[android.intent.category.LAUNCHER] flg=0x10200000 cmp=com.sixty.nidoneClient/.view.activity.SDK_WebApp} from pid 24454
E/ActivityManager( 1655): START {act=android.intent.action.MAIN cat=[android.intent.category.LAUNCHER] flg=0x10200000 cmp=com.sixty.nidoneClient/.view.activity.SDK_WebApp u=0} from pid 24454
D/ActivityManager( 1655): ACT-moveHomeTask toFront : false homeInFront = false
D/ActivityManager( 1655): launchFlags = 10200000, launchMode = 2, realActivity = ComponentInfo{com.sixty.nidoneClient/com.sixty.nidoneClient.view.activity.SDK_WebApp}, task.realActivity = ComponentInfo{com.sixty.nidoneClient/com.sixty.nidoneClient.view.activity.SDK_WebApp}
I/ActivityManager( 1655): topActivity.packageName = com.sixty.nidoneClient
D/ActivityThread(13777): ACT-NEW_INTENT handled : 0 / NewIntentData{intents=[Intent { act=android.intent.action.MAIN cat=[android.intent.category.LAUNCHER] flg=0x10200000 cmp=com.sixty.nidoneClient/.view.activity.SDK_WebApp }] token=android.os.BinderProxy@444e4cf8}
V/ActivityManager( 1655): Broadcast sticky: Intent { act=android.intent.action.SIG_STR flg=0x10 (has extras) } ordered=false userid=-1 callerApp=ProcessRecord{4276e330 1655:system/1000}
V/ActivityManager( 1655): Broadcast sticky: Intent { act=android.intent.action.ADDITIONAL_BATTERY_CHANGED flg=0x60000010 (has extras) } ordered=false userid=-1 callerApp=null
V/ActivityManager( 1655): Broadcast sticky: Intent { act=android.intent.action.BATTERY_CHANGED flg=0x60000010 (has extras) } ordered=false userid=-1 callerApp=null
D/WifiService( 1655): onReceive, action:android.intent.action.BATTERY_CHANGED
D/UsbDeviceManager( 1655): onReceive - BATTERY_CHANGED - mPlugType: 2, mSettingUsbCharging: false, mConnected: true, mSettingUsbBicr: false
D/WifiController( 1655): DeviceActiveState{ when=0 what=155652 arg1=2 target=com.android.internal.util.StateMachine$SmHandler target=Handler (com.android.internal.util.StateMachine$SmHandler) {431e59b8} }
D/WifiController( 1655): StaEnabledState{ when=0 what=155652 arg1=2 target=com.android.internal.util.StateMachine$SmHandler target=Handler (com.android.internal.util.StateMachine$SmHandler) {431e59b8} }
V/ActivityManager( 1655): Broadcast sticky: Intent { act=android.intent.action.ADDITIONAL_BATTERY_CHANGED flg=0x60000010 (has extras) } ordered=false userid=-1 callerApp=null
D/WifiController( 1655): DefaultState{ when=0 what=155652 arg1=2 target=com.android.internal.util.StateMachine$SmHandler target=Handler (com.android.internal.util.StateMachine$SmHandler) {431e59b8} }
D/WifiController( 1655): battery changed pluggedType: 2
V/ActivityManager( 1655): Broadcast sticky: Intent { act=android.intent.action.ADDITIONAL_BATTERY_CHANGED flg=0x60000010 (has extras) } ordered=false userid=-1 callerApp=null
V/ActivityManager( 1655): Broadcast: Intent { act=android.intent.action.TIME_TICK flg=0x50000094 (has extras) } ordered=true userid=-1 callerApp=null
D/ActivityThread( 1655): BDC-Calling onReceive: intent=Intent { act=android.intent.action.TIME_TICK flg=0x50000094 (has extras) }, ordered=true, receiver=com.android.server.AlarmManagerService$ClockReceiver@42aab3b0, IIntentReceiver=42d00d80
V/AlarmManager( 1655): isAlarmNeedAlign : charging
D/ActivityThread( 1655): BDC-Calling finishReceiver: IIntentReceiver=42d00d80
D/ActivityThread( 4288): BDC-Calling onReceive: intent=Intent { act=android.intent.action.TIME_TICK flg=0x50000094 (has extras) }, ordered=true, receiver=com.oppo.widget.smallweather.NormalWidgetUtil$1@427e4c18, IIntentReceiver=4293b6e8
D/ActivityThread( 4288): BDC-Calling finishReceiver: IIntentReceiver=4293b6e8
D/ActivityThread( 6921): BDC-Calling onReceive: intent=Intent { act=android.intent.action.TIME_TICK flg=0x50000094 (has extras) }, ordered=true, receiver=com.oppo.activation.ActivationService$ServiceBroadcastReceiver@4273ee28, IIntentReceiver=4273ee70
D/ActivityThread( 6921): BDC-Calling finishReceiver: IIntentReceiver=4273ee70
D/ActivityThread(27486): BDC-Calling onReceive: intent=Intent { act=android.intent.action.TIME_TICK flg=0x50000094 (has extras) }, ordered=true, receiver=com.tencent.tbs.common.baseinfo.TBSBroadcastReceiver$c@428b7000, IIntentReceiver=43117b08
D/ActivityThread(27486): BDC-Calling finishReceiver: IIntentReceiver=43117b08
D/ActivityThread(20656): BDC-Calling onReceive: intent=Intent { act=android.intent.action.TIME_TICK flg=0x50000094 (has extras) }, ordered=true, receiver=ded$1@427ca290, IIntentReceiver=427ca820
D/ActivityManager( 1655): getContentProviderImpl: from caller=android.app.ApplicationThreadProxy@42f379d8 (pid=20656, userId=0) to get content provider cn.wps.moffice_eng.preferences cpr=ContentProviderRecord{444ac528 u0 cn.wps.moffice_eng/cn.wps.moffice.persistence.AppDataProvider}
D/ActivityManager( 1655): getContentProviderImpl: updateLruProcessLocked cpr.proc=ProcessRecord{4483fa30 20100:cn.wps.moffice_eng/u0a86}
D/ActivityThread(20656): hoder:android.app.IActivityManager$ContentProviderHolder@42963d58,provider,holder.Provider:android.content.ContentProviderProxy@429643b8
D/ActivityThread(20656): BDC-Calling finishReceiver: IIntentReceiver=427ca820
D/ActivityThread(20739): BDC-Calling onReceive: intent=Intent { act=android.intent.action.TIME_TICK flg=0x50000094 (has extras) }, ordered=true, receiver=com.oppo.lockutils.OppoLockUtils$1@42710318, IIntentReceiver=42711c88
D/ActivityThread(20739): BDC-Calling finishReceiver: IIntentReceiver=42711c88
D/ActivityThread(20739): BDC-Calling onReceive: intent=Intent { act=android.intent.action.TIME_TICK flg=0x50000094 (has extras) }, ordered=true, receiver=com.android.keyguard.base.KeyguardUpdateMonitor$3@42723a00, IIntentReceiver=42725120
D/ActivityThread(20739): BDC-Calling finishReceiver: IIntentReceiver=42725120
I/thermal_repeater(  274): oh, queryMdThermalInfo (0)Bad file number
I/thermal_repeater(  274): [recvMdThermalInfo] ret=25, strLen=127,  1, 32767,,, -1, 32767, 2
V/ActivityManager( 1655): Broadcast sticky: Intent { act=android.intent.action.ADDITIONAL_BATTERY_CHANGED flg=0x60000010 (has extras) } ordered=false userid=-1 callerApp=null
V/ActivityManager( 1655): Broadcast sticky: Intent { act=android.intent.action.BATTERY_CHANGED flg=0x60000010 (has extras) } ordered=false userid=-1 callerApp=null
V/ActivityManager( 1655): Broadcast sticky: Intent { act=android.intent.action.ADDITIONAL_BATTERY_CHANGED flg=0x60000010 (has extras) } ordered=false userid=-1 callerApp=null
D/WifiService( 1655): onReceive, action:android.intent.action.BATTERY_CHANGED
D/UsbDeviceManager( 1655): onReceive - BATTERY_CHANGED - mPlugType: 2, mSettingUsbCharging: false, mConnected: true, mSettingUsbBicr: false
D/WifiController( 1655): DeviceActiveState{ when=-1ms what=155652 arg1=2 target=com.android.internal.util.StateMachine$SmHandler target=Handler (com.android.internal.util.StateMachine$SmHandler) {431e59b8} }
D/WifiController( 1655): StaEnabledState{ when=-1ms what=155652 arg1=2 target=com.android.internal.util.StateMachine$SmHandler target=Handler (com.android.internal.util.StateMachine$SmHandler) {431e59b8} }
V/ActivityManager( 1655): Broadcast sticky: Intent { act=android.intent.action.ADDITIONAL_BATTERY_CHANGED flg=0x60000010 (has extras) } ordered=false userid=-1 callerApp=null
D/WifiController( 1655): DefaultState{ when=-1ms what=155652 arg1=2 target=com.android.internal.util.StateMachine$SmHandler target=Handler (com.android.internal.util.StateMachine$SmHandler) {431e59b8} }
D/WifiController( 1655): battery changed pluggedType: 2
D/ConnectivityService( 1655): getActiveNetworkInfo:NetworkInfo: type: WIFI[], state: CONNECTED/CONNECTED, reason: (unspecified), extra: "60_dev_01", roaming: false, failover: false, isAvailable: true, isConnectedToProvisioningNetwork: false, simId: 0/10188
V/ActivityManager( 1655): Broadcast sticky: Intent { act=android.intent.action.ADDITIONAL_BATTERY_CHANGED flg=0x60000010 (has extras) } ordered=false userid=-1 callerApp=null
V/ActivityManager( 1655): Broadcast sticky: Intent { act=android.intent.action.BATTERY_CHANGED flg=0x60000010 (has extras) } ordered=false userid=-1 callerApp=null
D/WifiService( 1655): onReceive, action:android.intent.action.BATTERY_CHANGED
D/UsbDeviceManager( 1655): onReceive - BATTERY_CHANGED - mPlugType: 2, mSettingUsbCharging: false, mConnected: true, mSettingUsbBicr: false
D/WifiController( 1655): DeviceActiveState{ when=0 what=155652 arg1=2 target=com.android.internal.util.StateMachine$SmHandler target=Handler (com.android.internal.util.StateMachine$SmHandler) {431e59b8} }
D/WifiController( 1655): StaEnabledState{ when=0 what=155652 arg1=2 target=com.android.internal.util.StateMachine$SmHandler target=Handler (com.android.internal.util.StateMachine$SmHandler) {431e59b8} }
D/WifiController( 1655): DefaultState{ when=0 what=155652 arg1=2 target=com.android.internal.util.StateMachine$SmHandler target=Handler (com.android.internal.util.StateMachine$SmHandler) {431e59b8} }
D/WifiController( 1655): battery changed pluggedType: 2
V/ActivityManager( 1655): Broadcast sticky: Intent { act=android.intent.action.ADDITIONAL_BATTERY_CHANGED flg=0x60000010 (has extras) } ordered=false userid=-1 callerApp=null
V/ActivityManager( 1655): Broadcast sticky: Intent { act=android.intent.action.ADDITIONAL_BATTERY_CHANGED flg=0x60000010 (has extras) } ordered=false userid=-1 callerApp=null
V/ActivityManager( 1655): Broadcast sticky: Intent { act=android.intent.action.ADDITIONAL_BATTERY_CHANGED flg=0x60000010 (has extras) } ordered=false userid=-1 callerApp=null
V/ActivityManager( 1655): Broadcast sticky: Intent { act=android.intent.action.BATTERY_CHANGED flg=0x60000010 (has extras) } ordered=false userid=-1 callerApp=null
V/ActivityManager( 1655): Broadcast sticky: Intent { act=android.intent.action.ADDITIONAL_BATTERY_CHANGED flg=0x60000010 (has extras) } ordered=false userid=-1 callerApp=null
D/WifiService( 1655): onReceive, action:android.intent.action.BATTERY_CHANGED
D/UsbDeviceManager( 1655): onReceive - BATTERY_CHANGED - mPlugType: 2, mSettingUsbCharging: false, mConnected: true, mSettingUsbBicr: false
D/WifiController( 1655): DeviceActiveState{ when=0 what=155652 arg1=2 target=com.android.internal.util.StateMachine$SmHandler target=Handler (com.android.internal.util.StateMachine$SmHandler) {431e59b8} }
D/WifiController( 1655): StaEnabledState{ when=0 what=155652 arg1=2 target=com.android.internal.util.StateMachine$SmHandler target=Handler (com.android.internal.util.StateMachine$SmHandler) {431e59b8} }
V/ActivityManager( 1655): Broadcast sticky: Intent { act=android.intent.action.ADDITIONAL_BATTERY_CHANGED flg=0x60000010 (has extras) } ordered=false userid=-1 callerApp=null
D/WifiController( 1655): DefaultState{ when=0 what=155652 arg1=2 target=com.android.internal.util.StateMachine$SmHandler target=Handler (com.android.internal.util.StateMachine$SmHandler) {431e59b8} }
D/WifiController( 1655): battery changed pluggedType: 2
V/ActivityManager( 1655): Broadcast sticky: Intent { act=android.intent.action.SIG_STR flg=0x10 (has extras) } ordered=false userid=-1 callerApp=ProcessRecord{4276e330 1655:system/1000}
V/NotificationService( 1655): enqueueNotificationInternal: pkg=com.tencent.android.qqdownloader id=127 notification=Notification(pri=1 contentView=com.tencent.android.qqdownloader/0x7f0401f0 vibrate=null sound=null defaults=0x0 flags=0xa2 kind=[null])
V/NotificationService( 1655): Initial score is 20.
V/NotificationService( 1655): Final score is 20.
V/MoMS.NotificationController( 1655): notifications are enabled for com.tencent.android.qqdownloader
V/NotificationService( 1655): Assigned score=20 to Notification(pri=2 contentView=com.tencent.android.qqdownloader/0x7f0401f0 vibrate=null sound=null defaults=0x0 flags=0xa2 kind=[null])
V/ActivityManager( 1655): Broadcast sticky: Intent { act=android.intent.action.ADDITIONAL_BATTERY_CHANGED flg=0x60000010 (has extras) } ordered=false userid=-1 callerApp=null
V/ActivityManager( 1655): Broadcast sticky: Intent { act=android.intent.action.BATTERY_CHANGED flg=0x60000010 (has extras) } ordered=false userid=-1 callerApp=null
D/WifiService( 1655): onReceive, action:android.intent.action.BATTERY_CHANGED
D/UsbDeviceManager( 1655): onReceive - BATTERY_CHANGED - mPlugType: 2, mSettingUsbCharging: false, mConnected: true, mSettingUsbBicr: false
D/WifiController( 1655): DeviceActiveState{ when=0 what=155652 arg1=2 target=com.android.internal.util.StateMachine$SmHandler target=Handler (com.android.internal.util.StateMachine$SmHandler) {431e59b8} }
D/WifiController( 1655): StaEnabledState{ when=0 what=155652 arg1=2 target=com.android.internal.util.StateMachine$SmHandler target=Handler (com.android.internal.util.StateMachine$SmHandler) {431e59b8} }
D/WifiController( 1655): DefaultState{ when=0 what=155652 arg1=2 target=com.android.internal.util.StateMachine$SmHandler target=Handler (com.android.internal.util.StateMachine$SmHandler) {431e59b8} }
D/WifiController( 1655): battery changed pluggedType: 2
V/ActivityManager( 1655): Broadcast sticky: Intent { act=android.intent.action.ADDITIONAL_BATTERY_CHANGED flg=0x60000010 (has extras) } ordered=false userid=-1 callerApp=null
V/ActivityManager( 1655): Broadcast sticky: Intent { act=android.intent.action.ADDITIONAL_BATTERY_CHANGED flg=0x60000010 (has extras) } ordered=false userid=-1 callerApp=null
W/ContextImpl( 1655): Calling a method in the system process without a qualified user: android.app.ContextImpl.sendBroadcast:1345 com.android.internal.policy.impl.OppoPhoneWindowManager.interceptKeyBeforeQueueing:592 com.android.server.wm.InputMonitor.interceptKeyBeforeQueueing:625 com.android.server.input.InputManagerService.interceptKeyBeforeQueueing:1506 com.android.server.input.InputManagerService.nativeInjectInputEvent:-2 
V/ActivityManager( 1655): Broadcast: Intent { act=SILENCE_ACTION_FOR_OPPO_SPEECH flg=0x10 } ordered=false userid=0 callerApp=ProcessRecord{4276e330 1655:system/1000}
D/ActivityThread(15790): BDC-Calling onReceive: intent=Intent { act=SILENCE_ACTION_FOR_OPPO_SPEECH flg=0x10 cmp=com.oppo.speechassist/.IncomingCallReceiver }, ordered=true, receiver=com.oppo.speechassist.IncomingCallReceiver@4280c0e0
D/ActivityThread(15790): BDC-RECEIVER handled : 0 / ReceiverData{intent=Intent { act=SILENCE_ACTION_FOR_OPPO_SPEECH flg=0x10 cmp=com.oppo.speechassist/.IncomingCallReceiver } packageName=com.oppo.speechassist resultCode=-1 resultData=null resultExtras=null}
V/ActivityManager( 1655): Broadcast: Intent { act=android.media.VOLUME_CHANGED_ACTION flg=0x10 (has extras) } ordered=false userid=-1 callerApp=ProcessRecord{4276e330 1655:system/1000}
D/ActivityThread(24497): BDC-Calling onReceive: intent=Intent { act=android.media.VOLUME_CHANGED_ACTION flg=0x10 cmp=com.android.settings/com.oppo.settings.MediaStreamVolumeDealReciever (has extras) }, ordered=true, receiver=com.oppo.settings.MediaStreamVolumeDealReciever@4272e6a0
D/ActivityThread(24497): BDC-RECEIVER handled : 0 / ReceiverData{intent=Intent { act=android.media.VOLUME_CHANGED_ACTION flg=0x10 cmp=com.android.settings/com.oppo.settings.MediaStreamVolumeDealReciever (has extras) } packageName=com.android.settings resultCode=-1 resultData=null resultExtras=null}
V/ActivityManager( 1655): Broadcast: Intent { act=android.media.VOLUME_CHANGED_ACTION flg=0x10 (has extras) } ordered=false userid=-1 callerApp=ProcessRecord{4276e330 1655:system/1000}
D/ActivityThread(24497): BDC-Calling onReceive: intent=Intent { act=android.media.VOLUME_CHANGED_ACTION flg=0x10 cmp=com.android.settings/com.oppo.settings.MediaStreamVolumeDealReciever (has extras) }, ordered=true, receiver=com.oppo.settings.MediaStreamVolumeDealReciever@42730a18
D/ActivityThread(24497): BDC-RECEIVER handled : 0 / ReceiverData{intent=Intent { act=android.media.VOLUME_CHANGED_ACTION flg=0x10 cmp=com.android.settings/com.oppo.settings.MediaStreamVolumeDealReciever (has extras) } packageName=com.android.settings resultCode=-1 resultData=null resultExtras=null}
--------- beginning of /dev/log/main
I/BufferQueue(  245): [Volume control](this:0xb71b7008,id:1801,api:2,p:1655,c:245) connect: api=2 producer=(1655:system_server) producerControlledByApp=false
I/BufferQueue(  245): [Volume control](this:0xb71b7008,id:1801,api:2,p:1655,c:245) new GraphicBuffer needed
I/[MALI][Gralloc](  245): [MTK]GRALLOC enter alloc_device_alloc()! pHandle=0x0xb71a5a6c
I/[MALI][Gralloc](  245): usage: 0x933, format: 0x1 stride: 464 vertical_stride: 631 size: 1171136
I/[MALI][Gralloc](  245): [MTK]GRALLOC ready to go ion alloc arrrrrrrrr!!!! pHandle=0x0xb71a5a6c
D/GraphicBuffer(  245): alloc, handle(0xb70c25b0) (w:460 h:631 s:464 f:0x1 u:0x000933) err(0)
W/GraphicBufferExtra_hal(  245): gralloc extra device setBufInfo(...) is not supported
D/GraphicBuffer( 1655): register, handle(0x79b1a050) (w:460 h:631 s:464 f:0x1 u:0x000933)
I/        (  245): [BWC INFO](245): get_bwc_mm_property success
I/        (  245): [BWC INFO](245): get_bwc_mm_property success
D/WifiStateMachine( 1655): ConnectedState{ when=-3ms what=131155 arg1=14 target=com.android.internal.util.StateMachine$SmHandler target=Handler (com.android.internal.util.StateMachine$SmHandler) {43142030} }
D/WifiStateMachine( 1655): L2ConnectedState{ when=-3ms what=131155 arg1=14 target=com.android.internal.util.StateMachine$SmHandler target=Handler (com.android.internal.util.StateMachine$SmHandler) {43142030} }
D/WifiHW  ( 1655): enter -->wifi_send_command cmd=IFNAME=wlan0 SIGNAL_POLL
D/wpa_supplicant( 3981): RX ctrl_iface - hexdump(len=11): 53 49 47 4e 41 4c 5f 50 4f 4c 4c
D/wpa_supplicant( 3981): wlan0: Control interface command 'SIGNAL_POLL'
D/wpa_supplicant( 3981): nl80211: survey data missing!
D/wpa_supplicant( 3981): signal poll, reply_len=48
D/wpa_ctrl( 1655): reply_len=4095
D/WifiHW  ( 1655): leave --> reply=RSSI=-45
D/WifiHW  ( 1655): LINKSPEED=65
D/WifiHW  ( 1655): NOISE=9999
D/WifiHW  ( 1655): FREQUENCY=2412
D/WifiHW  ( 1655): 
D/wifi    ( 1655): doStringCommand, buf IFNAME=wlan0 SIGNAL_POLL
I/WifiStateMachine( 1655): fetchRssiAndLinkSpeedNative, newRssi:-45, newLinkSpeed:65, SSID:"60_dev_01"
D/WifiStateMachine( 1655): mRssiArray[0] = -49
D/WifiStateMachine( 1655): mRssiArray[1] = -48
D/WifiStateMachine( 1655): mRssiArray[2] = -48
D/WifiStateMachine( 1655): mRssiArray[3] = -49
D/WifiStateMachine( 1655): mRssiArray[4] = -49
D/WifiStateMachine( 1655): GetFilterRssi is : -45
D/WifiStateMachine( 1655): mLastSignalLevel:4, newSignalLevel:4
D/WifiStateMachine( 1655): fetchRssiAndLinkSpeedNative, ipAddr:1795166380
I/        (  245): [BWC INFO](245): get_bwc_mm_property success
D/BatteryService( 1655): mBatteryVoltage=4054, batteryLevel=50
V/ActivityManager( 1655): Broadcast sticky: Intent { act=android.intent.action.ADDITIONAL_BATTERY_CHANGED flg=0x60000010 (has extras) } ordered=false userid=-1 callerApp=null
V/ActivityManager( 1655): Broadcast sticky: Intent { act=android.intent.action.BATTERY_CHANGED flg=0x60000010 (has extras) } ordered=false userid=-1 callerApp=null
D/PowerSaveService( 4327): PowerSaveReceiver EXTRA_STATUS: status = 2, lastCharging = true
V/ActivityManager( 1655): Broadcast sticky: Intent { act=android.intent.action.ADDITIONAL_BATTERY_CHANGED flg=0x60000010 (has extras) } ordered=false userid=-1 callerApp=null
D/WifiService( 1655): onReceive, action:android.intent.action.BATTERY_CHANGED
D/UsbDeviceManager( 1655): onReceive - BATTERY_CHANGED - mPlugType: 2, mSettingUsbCharging: false, mConnected: true, mSettingUsbBicr: false
D/WifiController( 1655): DeviceActiveState{ when=0 what=155652 arg1=2 target=com.android.internal.util.StateMachine$SmHandler target=Handler (com.android.internal.util.StateMachine$SmHandler) {431e59b8} }
V/ActivityManager( 1655): Broadcast sticky: Intent { act=android.intent.action.ADDITIONAL_BATTERY_CHANGED flg=0x60000010 (has extras) } ordered=false userid=-1 callerApp=null
D/WifiController( 1655): StaEnabledState{ when=0 what=155652 arg1=2 target=com.android.internal.util.StateMachine$SmHandler target=Handler (com.android.internal.util.StateMachine$SmHandler) {431e59b8} }
D/WifiController( 1655): DefaultState{ when=-1ms what=155652 arg1=2 target=com.android.internal.util.StateMachine$SmHandler target=Handler (com.android.internal.util.StateMachine$SmHandler) {431e59b8} }
D/WifiController( 1655): battery changed pluggedType: 2
V/ToneGenerator( 1655): ToneGenerator constructor: streamType=2, volume=1.000000
D/ToneGenerator( 1655): ToneGenerator constructor: streamType=2, volume=1.000000
D/AudioMTKPolicyManager(  248): mHasA2dp:1, getA2dpOutput:0, bA2DPForeceIgnore:0, mA2dpSuspended:0,force =0 ,device2:0,
D/AudioMTKPolicyManager(  248): getDeviceForStrategy() strategy 2, device 2
D/AudioMTKPolicyManager(  248): getOutput() device 2, stream 2, samplingRate 0, format 0, channelMask 3, flags 0
D/AudioMTKPolicyManager(  248): getOutputsForDevice() device 0002
D/AudioMTKPolicyManager(  248): output 0 isDuplicated=0 device=11c7f
D/AudioMTKPolicyManager(  248): getOutputsForDevice() found output 2
D/AudioMTKPolicyManager(  248): getOutput() returns output 2
V/ToneGenerator( 1655): Create Track: 0x7d882620
V/AudioTrack( 1655): set() streamType 2 frameCount 0 flags 0004
D/AudioTrack( 1655): audiotrack 0x7d882620 set Type 2, rate 0, fmt 1, chn 1, fcnt 0, flags 0004
D/AudioMTKPolicyManager(  248): mHasA2dp:1, getA2dpOutput:0, bA2DPForeceIgnore:0, mA2dpSuspended:0,force =0 ,device2:0,
D/AudioMTKPolicyManager(  248): getDeviceForStrategy() strategy 2, device 2
D/AudioMTKPolicyManager(  248): getOutput() device 2, stream 2, samplingRate 0, format 0, channelMask 3, flags 0
D/AudioMTKPolicyManager(  248): getOutputsForDevice() device 0002
D/AudioMTKPolicyManager(  248): output 0 isDuplicated=0 device=11c7f
D/AudioMTKPolicyManager(  248): getOutputsForDevice() found output 2
D/AudioMTKPolicyManager(  248): getOutput() returns output 2
D/AudioMTKPolicyManager(  248): mHasA2dp:1, getA2dpOutput:0, bA2DPForeceIgnore:0, mA2dpSuspended:0,force =0 ,device2:0,
D/AudioMTKPolicyManager(  248): getDeviceForStrategy() strategy 2, device 2
D/AudioMTKPolicyManager(  248): getOutput() device 2, stream 2, samplingRate 44100, format 1, channelMask 1, flags 4
D/AudioMTKPolicyManager(  248): getOutputsForDevice() device 0002
D/AudioMTKPolicyManager(  248): output 0 isDuplicated=0 device=11c7f
D/AudioMTKPolicyManager(  248): getOutputsForDevice() found output 2
D/AudioMTKPolicyManager(  248): getOutput() returns output 2
D/AudioFlinger_Thread(  248): frameCount, flag 4, streamType 2, framecount 1024, is primary thead 1
V/AudioTrack( 1655): createTrack_l() output 2 afLatency 23
D/AudioFlinger(  248): createTrack() sessionId: 0
D/AudioFlinger(  248): createTrack() lSessionId: 403
D/AudioFlinger_Thread(  248): AUDIO_OUTPUT_FLAG_FAST denied: isTimed=0 sharedBuffer=0x0 frameCount=0 mFrameCount=1024 format=1 isLinear=1 channelMask=0x1 sampleRate=44100 mSampleRate=44100 hasFastMixer=0 tid=24784 fastTrackAvailMask=0xfe
D/AudioFlinger(  248): Track constructor name 4098, calling pid 1655, this 0xb7f43470
D/AudioFlinger_Thread(  248): createTrack_l, mTracks.add(), track 0xb7f43470, this 0xb49af008
D/AudioFlinger(  248): createTrack, trackHandle add, trackHand 0xb7f43d08, this 0xb7ebd398
D/AudioTrack( 1655): createTrack_l, mAudioTrack add, mAudioTrack 0x79acf5e8, this 0x7d882620
V/AudioTrack( 1655): AUDIO_OUTPUT_FLAG_FAST denied by server; frameCount 2048
D/AudioFlinger_Thread(  248): PlayckThread::attachAuxEffect_l:effectid:0
D/AudioTrackCenter( 1655): addTrack, trackId:0x80ee7140, frameCount:2048, sampleRate:44100, trackPtr:0x7d882620
D/AudioTrackCenter( 1655): mAfSampleRate 44100, sampleRate 44100, AfFrameCount 1024 , mAfSampleRate 44100, frameCount 2048
D/AudioFlinger(  248): acquiring 403 from 1655
D/AudioFlinger(  248):  added new entry for 403
V/ToneGenerator( 1655): ToneGenerator INIT OK, time: 23253143
V/ToneGenerator( 1655): getToneForRegion, tone 33, region 2, regionTone 33
V/ToneGenerator( 1655): startTone
D/ToneGenerator( 1655): startTone
V/ToneGenerator( 1655): Clearing mWaveGens:
V/ToneGenerator( 1655): prepareWave, duration limited to 150 ms
V/ToneGenerator( 1655): WaveGenerator init, mA1_Q14: 32691, mS2_0: -2186, mAmplitude_Q15: 15098
V/ToneGenerator( 1655): Immediate start, time 23253143
D/AudioTrack( 1655): start
D/AudioMTKPolicyManager(  248): StartOutputSamplerate output = 2 stream = 2 session = 403 samplerate=44100 
D/AudioMTKPolicyManager(  248): AddSampleRateArray index = 0 sampleRate = 44100
D/AudioMTKPolicyManager(  248): DumpSampleRateArray
D/AudioMTKPolicyManager(  248): SampleRateArray[0] = 1 
D/AudioMTKPolicyManager(  248): SampleRateArray[1] = 0 
D/AudioMTKPolicyManager(  248): SampleRateArray[2] = 0 
D/AudioMTKPolicyManager(  248): SampleRateArray[3] = 0 
D/AudioMTKPolicyManager(  248): SampleRateArray[4] = 0 
D/AudioMTKPolicyManager(  248): SampleRateArray[5] = 0 
D/AudioMTKPolicyManager(  248): startOutput() output 2, stream 2, session 403
D/AudioMTKPolicyManager(  248): mHasA2dp:1, getA2dpOutput:0, bA2DPForeceIgnore:0, mA2dpSuspended:0,force =0 ,device2:0,
D/AudioMTKPolicyManager(  248): getDeviceForStrategy() strategy 2, device 2
D/AudioMTKPolicyManager(  248): getNewDevice() selected device 2
D/AudioMTKPolicyManager(  248): setOutputDevice() output 2 device 0002 delayMs 0
D/AudioMTKPolicyManager(  248): checkDeviceMuteStrategies outputDesc = 0xb7ede030 prevDevice = 2 delayMs = 0
D/AudioMTKPolicyManager(  248): getDeviceForStrategy() strategy 7, device 2
D/AudioMTKPolicyManager(  248): getDeviceForStrategy() strategy 6, device 2
D/AudioMTKPolicyManager(  248): mHasA2dp:1, getA2dpOutput:0, bA2DPForeceIgnore:0, mA2dpSuspended:0,force =0 ,device2:0,
D/AudioMTKPolicyManager(  248): getDeviceForStrategy() strategy 5, device 2
D/AudioMTKPolicyManager(  248): mHasA2dp:1, getA2dpOutput:0, bA2DPForeceIgnore:0, mA2dpSuspended:0,force =0 ,device2:0,
D/AudioMTKPolicyManager(  248): getDeviceForStrategy() strategy 0, device 2
D/AudioMTKPolicyManager(  248): getDeviceForStrategy() strategy 4, device 2
D/AudioMTKPolicyManager(  248): mHasA2dp:1, getA2dpOutput:0, bA2DPForeceIgnore:0, mA2dpSuspended:0,force =0 ,device2:0,
D/AudioMTKPolicyManager(  248): getDeviceForStrategy() strategy 2, device 2
D/AudioMTKPolicyManager(  248): getDeviceForStrategy() strategy 3, device 2
D/AudioMTKPolicyManager(  248): mHasA2dp:1, getA2dpOutput:0, bA2DPForeceIgnore:0, mA2dpSuspended:0,force =0 ,device2:0,
D/AudioMTKPolicyManager(  248): getDeviceForStrategy() strategy 2, device 2
D/AudioMTKPolicyManager(  248): getDeviceForStrategy() strategy 1, device 1
D/AudioMTKPolicyManager(  248): mHasA2dp:1, getA2dpOutput:0, bA2DPForeceIgnore:0, mA2dpSuspended:0,force =0 ,device2:0,
D/AudioMTKPolicyManager(  248): getDeviceForStrategy() strategy 0, device 2
D/AudioMTKPolicyManager(  248): setOutputDevice() setting same device 0002 or null device for output 2
D/AudioMTKPolicyManager(  248):  checkAndSetVolume stream = 2 index = 7 output = 2 device = 0x2 delayMs = 0 force = 0
D/AudioMTKPolicyManager(  248): mHasA2dp:1, getA2dpOutput:0, bA2DPForeceIgnore:0, mA2dpSuspended:0,force =0 ,device2:0,
D/AudioMTKPolicyManager(  248): getDeviceForStrategy() strategy 2, device 2
D/AudioMTKPolicyManager(  248): getNewDevice() selected device 2
D/AudioMTKPolicyManager(  248): computeCustomVolume OutputDevice = 2
D/AudioMTKPolicyManager(  248): +MapVoltoCustomVol vol = 112.000000 stream = 2 volmin = 128 volmax = 255
D/AudioMTKPolicyManager(  248): mapping_vol vol = 9.599991 unitstep = 17.066668 vol/unitstep  = 0.562499 index = -857122336324517298682610598709082551596960590563628299677945270523967391044469576736599788337400672091743063001683119964115849046144629507480992916307807917479155597880384795561106652856962735144960.000000
D/AudioMTKPolicyManager(  248): -MapVoltoCustomVol volume = 173.000000 vol = 173.000000
D/AudioMTKPolicyManager(  248): PolicyFirstStart stream = 2 sampleRate = 44100 
D/AudioMTKPolicyManager(  248): PrimarySupportSampleRate SampleRate = 44100
D/AudioMTKPolicyManager(  248): PrimarySupportSampleRate mSamplingRates[0] = 44100
D/AudioMTKPolicyManager(  248): SetFMIndirectMode SampleRate = 44100 
D/AudioFlinger_Thread(  248): signal playback thread
V/ToneGenerator( 1655): Wait for start callback
D/dalvikvm( 1655): threadid=99: interp stack at 0x8318b000
V/AudioTrack( 1655): obtainBuffer(1024) returned 2048 = 1024 + 1024 err 0
V/ToneGenerator( 1655): Starting Cbk
V/ToneGenerator( 1655): Cbk starting track
V/ToneGenerator( 1655): Tone started, time 23253145
D/ToneGenerator( 1655): startTone done
V/AudioTrack( 1655): obtainBuffer(1024) returned 1024 = 1024 + 0 err 0
D/AudioFlinger(  248): isReady, framesReady() 2048, mFrameCount 2048, flags 0 2
D/AudioMTKMixer(  248): resetDRC
D/AudioResampler(  248): Create MTK Resampler
D/AudioResamplerMTK32(  248): init outsampleRate 44100, insampleRate 44100
D/AudioResamplerMTK32(  248): init inChannelCount 1, OutChannelCount
D/MtkAudioLoud(  248): MtkAudioLoud Constructor
D/MtkAudioLoud(  248): +SetParameter(), paramID 0, param 0x6
D/MtkAudioLoud(  248): -SetParameter()
D/MtkAudioLoud(  248): +SetParameter(), paramID 3, param 0xac44
D/MtkAudioLoud(  248): -SetParameter()
D/MtkAudioLoud(  248): +SetParameter(), paramID 2, param 0x2
D/MtkAudioLoud(  248): -SetParameter()
D/MtkAudioLoud(  248): +SetParameter(), paramID 4, param 0x1
D/MtkAudioLoud(  248): -SetParameter()
D/MtkAudioLoud(  248): +SetParameter(), paramID 5, param 0x0
D/AudioCustParam(  248): audioReadNVRamFile(), file_lid = 70, pBuf = 0xb7f45f00, gUseBinderToAccessNVRam = 1
D/NVRAM   (  248): NvRAMAgentClient::create()
D/NVRAM   (  248): NvRAMAgentClient::NvRAMAgentClient()
V/NVRAM   (  248): NvRAMAgentClient::readFile():70, size = 0
V/NVRAM   (  248): get_boot_mode: the mode=0
V/NVRAM   (  248): getNvRAMAgentService success
D/NVRAM   (  272): readFile
D/NVRAM   (  272): NVM_GetFileDesc ++
D/NVRAM   (  272): NVM_GetCfgFileTable : file_lid = 70
D/NVRAM   (  272): NVM_GetCfgFileTable done
D/NVRAM   (  272): Open /data/nvram/APCFG/APRDCL/RingToneDRC_CompFlt,LID:70
D/NVRAM   (  272): NVM_CmpFileVerNo 70  
D/NVRAM   (  272): NVM_GetCfgFileTable : file_lid = 70
D/NVRAM   (  272): Check if FILE_VER exists before openning it!
D/NVRAM   (  272): NVM_CheckVerFile: 1
D/NVRAM   (  272): New version info file
D/NVRAM   (  272): Load File Version: 000, NvRam File Version: 000
D/NVRAM   (  272): no need to enc/dnc
D/NVRAM   (  272): NVM_CheckFileSize : 70 ++
D/NVRAM   (  272): iCustomBeginLID = 50
D/NVRAM   (  272): NVM_CheckVerFile: 1
D/NVRAM   (  272): NVM_GetCfgFileTable : file_lid = 70
D/NVRAM   (  272): NVM_CheckFileSize:stat_size:1262,size in table:1260
D/NVRAM   (  272): NVM_ProtectUserData
D/NVRAM   (  272): NVM_ProtectUserData:Check File
D/NVRAM   (  272): NVM_CheckFile: File is correct!
D/NVRAM   (  272): NVM_ProtectUserData:Check Success
D/NVRAM   (  272): NVM_GetFileDesc ProtectDataFile Check Success!!
D/NVRAM   (  272): NVM_GetFileDesc --
D/NVRAM   (  272): RecNum is :1
D/NVRAM   (  272): no need to enc/dnc
D/NVRAM   (  272): NVM_CloseFileDesc: Open by Readonly, no need to check when close
D/NVRAM   (  272): Read Done!Size is 1260
D/NVRAM   (  272): readFile done!
D/NVRAM   (  248): readFile:buf = b7f48160, size = 1260
D/AudioCustParam(  248): audioReadNVRamFile(), data = 0xb7f48160, read_size = 1260
D/NVRAM   (  248): NvRAMAgentClient::~NvRAMAgentClient()
D/MtkAudioLoud(  248): Channel 2
D/MtkAudioLoud(  248): Sampling_Rate 44100
D/MtkAudioLoud(  248): PCM_Format 1
D/MtkAudioLoud(  248): copyParam mIsSepLR_Filter [0]
D/MtkAudioLoud(  248): LHSF_Coeff [0][0]=0x0, addr = 0xb7f43030,
D/MtkAudioLoud(  248): LHSF_Coeff [0][1]=0x0, addr = 0xb7f43034,
D/MtkAudioLoud(  248): LBPF_Coeff [0][0]=0x0, addr = 0xb7f43058,
D/MtkAudioLoud(  248): LBPF_Coeff [0][1]=0x0, addr = 0xb7f4305c,
D/MtkAudioLoud(  248): RHSF_Coeff [0][0]=0x0, addr = 0xb7f46858,
D/MtkAudioLoud(  248): RHSF_Coeff [0][1]=0x0, addr = 0xb7f4685c,
D/MtkAudioLoud(  248): RBPF_Coeff [0][0]=0x0, addr = 0xb7f46880,
D/MtkAudioLoud(  248): RBPF_Coeff [0][1]=0x0, addr = 0xb7f46884,
D/MtkAudioLoud(  248): WS_Gain_Max 0
D/MtkAudioLoud(  248): WS_Gain_Min 0
D/MtkAudioLoud(  248): Filter_First 0
D/MtkAudioLoud(  248): Num_Bands 8
D/MtkAudioLoud(  248): Flt_Bank_Order 0
D/MtkAudioLoud(  248): DRC_Delay 0
D/MtkAudioLoud(  248): Lim_Th 32767
D/MtkAudioLoud(  248): Lim_Gn 32767
D/MtkAudioLoud(  248): Lim_Const 4
D/MtkAudioLoud(  248): Lim_Delay 0
D/MtkAudioLoud(  248): Sep_LR_Filter 0
D/MtkAudioLoud(  248): Att_Time[0][0] = 1640
D/MtkAudioLoud(  248): Rel_Time[0][0] = 16400
D/MtkAudioLoud(  248): Att_Time[0][1] = 1640
D/MtkAudioLoud(  248): Rel_Time[0][1] = 16400
D/MtkAudioLoud(  248): Att_Time[0][2] = 1640
D/MtkAudioLoud(  248): Rel_Time[0][2] = 16400
D/MtkAudioLoud(  248): Att_Time[0][3] = 1640
D/MtkAudioLoud(  248): Rel_Time[0][3] = 16400
D/MtkAudioLoud(  248): Att_Time[0][4] = 1640
D/MtkAudioLoud(  248): Rel_Time[0][4] = 16400
D/MtkAudioLoud(  248): Att_Time[0][5] = 1640
D/MtkAudioLoud(  248): Rel_Time[0][5] = 16400
D/MtkAudioLoud(  248): DRC_Th[0][0] = -15360
D/MtkAudioLoud(  248): DRC_Gn[0][0] = 0
D/MtkAudioLoud(  248): DRC_Th[0][1] = -12800
D/MtkAudioLoud(  248): DRC_Gn[0][1] = 0
D/MtkAudioLoud(  248): DRC_Th[0][2] = -10240
D/MtkAudioLoud(  248): DRC_Gn[0][2] = 0
D/MtkAudioLoud(  248): DRC_Th[0][3] = -7680
D/MtkAudioLoud(  248): DRC_Gn[0][3] = 0
D/MtkAudioLoud(  248): DRC_Th[0][4] = 0
D/MtkAudioLoud(  248): DRC_Gn[0][4] = 0
D/MtkAudioLoud(  248): -SetParameter()
D/MtkAudioLoud(  248): +SetParameter(), paramID 1, param 0x3
D/MtkAudioLoud(  248): -SetParameter()
D/MtkAudioLoud(  248): +SetParameter(), paramID 11, param 0x1
D/MtkAudioLoud(  248): +Open()
D/MtkAudioLoud(  248): -Open() result 0
D/AudioFlinger_Thread(  248): acquireWakeLock_l() AudioOut_2 status 0
V/AudioTrackShared(  248): mAvailToClient=0 stepCount=1024 minimum=1024
D/AudioMTKMixer(  248): volumeRampStereo
D/AudioALSAStreamOut(  248): open()
D/AudioALSAStreamManager(  248): +createPlaybackHandler(), mAudioMode = 0, output_devices = 0x2
D/AudioCustParam(  248): QueryFeatureSupportInfo(),feature support 92457 
D/AudioSpeechEnhanceInfo(  248): IsAPDMNRTuningEnable()+
D/AudioSpeechEnhanceInfo(  248): IsAPDMNRTuningEnable(), 0
D/AudioALSAPlaybackHandlerBase(  248): AudioALSAPlaybackHandlerBase()
D/AudioALSAPlaybackHandlerNormal(  248): AudioALSAPlaybackHandlerNormal()
D/AudioALSAStreamManager(  248): createPlaybackHandler() ApplyFilter [0]/[1] Device [0x2]
D/AudioALSAPlaybackHandlerNormal(  248): +setFilterMng() mAudioFilterManagerHandler [0xb7ede380]
D/AudioALSAPlaybackHandlerNormal(  248): -setFilterMng()
D/AudioALSAStreamManager(  248): -createPlaybackHandler(), mPlaybackHandlerVector.size() = 1
D/AudioALSAPlaybackHandlerNormal(  248): +open(), mDevice = 0x2
D/AudioALSAHardwareResourceManager(  248): EnableAudBufClk(), bEanble = 1
D/AudioALSAPlaybackHandlerNormal(  248): +HpImpeDanceDetect outputdevice = 2
D/AudioALSADeviceParser(  248): GetPcmIndexByString() stringpair = I2S0DL1_PLayback 
D/AudioALSADeviceParser(  248): compare success = 8
D/AudioALSADeviceParser(  248): GetCardIndexByString() stringpair = I2S0DL1_PLayback 
