V/AlarmManager( 1909): Adding Alarm{43463958 type 0 com.kingroot.master} to Batch{43223c28 num=4 start=935691 end=1034905}
V/AlarmManager( 1909):     => now Batch{43223c28 num=4 start=935691 end=1034905}
V/AlarmManager( 1909): isAlarmNeedAlign : screen on, Skip
V/AlarmManager( 1909): Adding Alarm{4353e9c8 type 0 com.kingroot.kinguser} to Batch{43223c28 num=5 start=935691 end=1034905}
V/AlarmManager( 1909):     => now Batch{43223c28 num=5 start=935691 end=1034905}
V/AlarmManager( 1909): isAlarmNeedAlign : screen on, Skip
V/AlarmManager( 1909): Adding Alarm{437eaf90 type 0 com.tencent.mm} to Batch{43223c28 num=6 start=935691 end=1034905}
V/AlarmManager( 1909):     => now Batch{43223c28 num=6 start=935691 end=1034905}
V/AlarmManager( 1909): isAlarmNeedAlign : screen on, Skip
V/AlarmManager( 1909): Adding Alarm{43440380 type 3 com.kingroot.kinguser} to Batch{4399d320 num=2 start=1819697 end=3169697}
V/AlarmManager( 1909):     => now Batch{4399d320 num=2 start=1820706 end=3169697}
V/AlarmManager( 1909): isAlarmNeedAlign : screen on, Skip
V/AlarmManager( 1909): Adding Alarm{4304b8c0 type 0 com.kingroot.kinguser} to Batch{4399d320 num=3 start=1820706 end=3169697}
V/AlarmManager( 1909):     => now Batch{4399d320 num=3 start=1822489 end=2673476}
V/AlarmManager( 1909): isAlarmNeedAlign : screen on, Skip
V/AlarmManager( 1909): Adding Alarm{430f86c0 type 0 com.kingroot.master} to Batch{4399d320 num=4 start=1822489 end=2673476}
V/AlarmManager( 1909):     => now Batch{4399d320 num=4 start=1826146 end=2673476}
V/AlarmManager( 1909): Adding Alarm{43268cd0 type 0 android} to Batch{4399d320 num=5 start=1826146 end=2673476}
V/AlarmManager( 1909):     => now Batch{4399d320 num=5 start=1831328 end=1831328}
V/AlarmManager( 1909): Adding Alarm{4341d628 type 2 android} to Batch{43406830 num=2 start=2220386 end=3570386}
V/AlarmManager( 1909):     => now Batch{43406830 num=2 start=2351853 end=2351853}
V/AlarmManager( 1909): isAlarmNeedAlign : screen on, Skip
V/AlarmManager( 1909): isAlarmNeedAlign : screen on, Skip
V/AlarmManager( 1909): Adding Alarm{434d4898 type 0 com.oppo.market} to Batch{434ce0d8 num=2 start=7295974 end=12695974}
V/AlarmManager( 1909):     => now Batch{434ce0d8 num=2 start=7295974 end=9106646}
V/AlarmManager( 1909): Adding Alarm{43606cc0 type 1 com.nearme.statistics.rom} to Batch{434ce0d8 num=3 start=7295974 end=9106646}
V/AlarmManager( 1909):     => now Batch{434ce0d8 num=3 start=7295974 end=9106646}
V/AlarmManager( 1909): Adding Alarm{43a3b0d8 type 1 com.oppo.yellowpage} to Batch{434ce0d8 num=4 start=7295974 end=9106646}
V/AlarmManager( 1909):     => now Batch{434ce0d8 num=4 start=7295974 end=9106646}
V/AlarmManager( 1909): Adding Alarm{43821b50 type 1 com.nearme.statistics.rom} to Batch{434ce0d8 num=5 start=7295974 end=9106646}
V/AlarmManager( 1909):     => now Batch{434ce0d8 num=5 start=7835057 end=9106646}
V/AlarmManager( 1909): Adding Alarm{4394fb18 type 1 com.oppo.yellowpage} to Batch{434ce0d8 num=6 start=7835057 end=9106646}
V/AlarmManager( 1909):     => now Batch{434ce0d8 num=6 start=7835070 end=9106646}
V/AlarmManager( 1909): isAlarmNeedAlign : screen on, Skip
V/AlarmManager( 1909): isAlarmNeedAlign : screen on, Skip
V/AlarmManager( 1909): Adding Alarm{43183cf8 type 0 com.fw.upgrade} to Batch{43183c88 num=2 start=9468802 end=16054523}
V/AlarmManager( 1909):     => now Batch{43183c88 num=2 start=10834411 end=16054523}
V/AlarmManager( 1909): Adding Alarm{431f30a0 type 1 com.oppo.weather} to Batch{43183c88 num=3 start=10834411 end=16054523}
V/AlarmManager( 1909):     => now Batch{43183c88 num=3 start=11656729 end=11656729}
V/AlarmManager( 1909): isAlarmNeedAlign : screen on, Skip
V/AlarmManager( 1909): isAlarmNeedAlign : screen on, Skip
V/AlarmManager( 1909): Adding Alarm{4325dcd0 type 0 com.nearme.gamecenter} to Batch{4327a3b8 num=2 start=14394620 end=24674705}
V/AlarmManager( 1909):     => now Batch{4327a3b8 num=2 start=19417608 end=24674705}
V/AlarmManager( 1909): Adding Alarm{43415790 type 1 com.nearme.feedback} to Batch{4327a3b8 num=3 start=19417608 end=24674705}
V/AlarmManager( 1909):     => now Batch{4327a3b8 num=3 start=21640523 end=21640523}
V/AlarmManager( 1909): Adding Alarm{434751a8 type 0 com.oppo.wallpaper} to Batch{4347e3f0 num=2 start=26008388 end=44998798}
V/AlarmManager( 1909):     => now Batch{4347e3f0 num=2 start=26008388 end=26008388}
V/AlarmManager( 1909): Adding Alarm{434df608 type 1 com.oppo.holidaymode} to Batch{4347e3f0 num=3 start=26008388 end=26008388}
V/AlarmManager( 1909):     => now Batch{4347e3f0 num=3 start=26008388 end=26008388}
V/AlarmManager( 1909): isAlarmNeedAlign : screen on, Skip
V/AlarmManager( 1909): Adding Alarm{437bbe90 type 0 com.color.safecenter} to Batch{4347e3f0 num=4 start=26008388 end=26008388}
V/AlarmManager( 1909):     => now Batch{4347e3f0 num=4 start=26008388 end=26008388}
V/AlarmManager( 1909): isAlarmNeedAlign : screen on, Skip
V/AlarmManager( 1909): Adding Alarm{439439d0 type 0 com.oupeng.max.sdk} to Batch{4347e3f0 num=5 start=26008388 end=26008388}
V/AlarmManager( 1909):     => now Batch{4347e3f0 num=5 start=26008388 end=26008388}
V/AlarmManager( 1909): Adding Alarm{43a67328 type 1 com.sohu.inputmethod.sogouoem} to Batch{4347e3f0 num=6 start=26008388 end=26008388}
V/AlarmManager( 1909):     => now Batch{4347e3f0 num=6 start=26008388 end=26008388}
V/AlarmManager( 1909): isAlarmNeedAlign : screen on, Skip
V/AlarmManager( 1909): Adding Alarm{42e6ce90 type 0 com.coloros.oppomorningsystem} to Batch{43516078 num=2 start=28822563 end=50422563}
V/AlarmManager( 1909):     => now Batch{43516078 num=2 start=36808387 end=50422563}
V/AlarmManager( 1909): isAlarmNeedAlign : screen on, Skip
V/AlarmManager( 1909): Adding Alarm{43019060 type 0 com.oupeng.max.sdk} to Batch{43516078 num=3 start=36808387 end=50422563}
V/AlarmManager( 1909):     => now Batch{43516078 num=3 start=40408927 end=50422563}
V/AlarmManager( 1909): isAlarmNeedAlign : screen on, Skip
V/AlarmManager( 1909): Adding Alarm{43229a70 type 0 com.android.email} to Batch{42fe3100 num=2 start=59441885 end=103507418}
V/AlarmManager( 1909):     => now Batch{42fe3100 num=2 start=74534771 end=103507418}
V/AlarmManager( 1909): Adding Alarm{433ddef8 type 0 com.android.providers.calendar} to Batch{42fe3100 num=3 start=74534771 end=103507418}
V/AlarmManager( 1909):     => now Batch{42fe3100 num=3 start=79888265 end=79888265}
V/AlarmManager( 1909): isAlarmNeedAlign : screen on, Skip
V/AlarmManager( 1909): isAlarmNeedAlign : screen on, Skip
V/AlarmManager( 1909): Adding Alarm{43548e40 type 2 com.nearme.statistics.rom} to Batch{43519800 num=2 start=86434610 end=151234610}
V/AlarmManager( 1909):     => now Batch{43519800 num=2 start=86495977 end=151234610}
V/AlarmManager( 1909): Adding Alarm{43994130 type 3 com.oppo.ota} to Batch{43519800 num=3 start=86495977 end=151234610}
V/AlarmManager( 1909):     => now Batch{43519800 num=3 start=120538930 end=151234610}
V/AlarmManager( 1909): isAlarmNeedAlign : screen on, Skip
V/AlarmManager( 1909): Adding Alarm{42acd7e8 type 0 com.android.email} to Batch{43519800 num=4 start=120538930 end=151234610}
V/AlarmManager( 1909):     => now Batch{43519800 num=4 start=120538930 end=151220728}
V/AlarmManager( 1909): Adding Alarm{42f86d80 type 1 com.sohu.inputmethod.sogouoem} to Batch{43519800 num=5 start=120538930 end=151220728}
V/AlarmManager( 1909):     => now Batch{43519800 num=5 start=120538930 end=151220728}
V/AlarmManager( 1909): isAlarmNeedAlign : screen on, Skip
V/AlarmManager( 1909): Adding Alarm{4314d330 type 1 com.sohu.inputmethod.sogouoem} to Batch{430c2860 num=2 start=155608387 end=271798795}
V/AlarmManager( 1909):     => now Batch{430c2860 num=2 start=161781820 end=271798795}
V/AlarmManager( 1909): Adding Alarm{433dcc30 type 1 com.sohu.inputmethod.sogouoem} to Batch{430c2860 num=3 start=161781820 end=271798795}
V/AlarmManager( 1909):     => now Batch{430c2860 num=3 start=259270333 end=271798795}
V/AlarmManager( 1909): isAlarmNeedAlign : screen on, Skip
V/AlarmManager( 1909): isAlarmNeedAlign : screen on, Skip
V/AlarmManager( 1909): Adding Alarm{434b5110 type 0 com.oppo.market} to Batch{434a5648 num=2 start=864627242 end=1512581791}
V/AlarmManager( 1909):     => now Batch{434a5648 num=2 start=1268803688 end=1512581791}
V/AlarmManager( 1909): isAlarmNeedAlign : screen on, Skip
V/AlarmManager( 1909): isAlarmNeedAlign : screen on, Skip
V/AlarmManager( 1909): isAlarmNeedAlign : screen on, Skip
V/AlarmManager( 1909): set(PendingIntent{43836860: PendingIntentRecord{433e8520 com.color.safecenter broadcastIntent}}) : type=0 triggerAtTime=1513760579457 win=-1 tElapsed=987844 maxElapsed=1212843 interval=0 standalone=false
V/AlarmManager( 1909): Adding Alarm{43993000 type 0 com.color.safecenter} to Batch{43223c28 num=7 start=935691 end=1034905}
V/AlarmManager( 1909):     => now Batch{43223c28 num=7 start=987844 end=1034905}
V/AlarmManager( 1909): remove(operation) changed bounds; rebatching
V/AlarmManager( 1909): isAlarmNeedAlign : screen on, Skip
V/AlarmManager( 1909): Adding Alarm{431ca160 type 3 com.tencent.mm} to Batch{43163090 num=2 start=900888 end=1060669}
V/AlarmManager( 1909):     => now Batch{43163090 num=2 start=935691 end=1060669}
V/AlarmManager( 1909): isAlarmNeedAlign : screen on, Skip
V/AlarmManager( 1909): Adding Alarm{432953f0 type 0 com.kingroot.kinguser} to Batch{43163090 num=3 start=935691 end=1060669}
V/AlarmManager( 1909):     => now Batch{43163090 num=3 start=935691 end=1034899}
V/AlarmManager( 1909): isAlarmNeedAlign : screen on, Skip
V/AlarmManager( 1909): Adding Alarm{435c7060 type 0 com.kingroot.master} to Batch{43163090 num=4 start=935691 end=1034899}
V/AlarmManager( 1909):     => now Batch{43163090 num=4 start=935691 end=1034899}
V/AlarmManager( 1909): isAlarmNeedAlign : screen on, Skip
V/AlarmManager( 1909): Adding Alarm{438ce338 type 0 com.kingroot.kinguser} to Batch{43163090 num=5 start=935691 end=1034899}
V/AlarmManager( 1909):     => now Batch{43163090 num=5 start=935691 end=1034899}
V/AlarmManager( 1909): isAlarmNeedAlign : screen on, Skip
V/AlarmManager( 1909): Adding Alarm{42c39a88 type 0 com.tencent.mm} to Batch{43163090 num=6 start=935691 end=1034899}
V/AlarmManager( 1909):     => now Batch{43163090 num=6 start=935691 end=1034899}
V/AlarmManager( 1909): isAlarmNeedAlign : screen on, Skip
V/AlarmManager( 1909): Adding Alarm{42e95860 type 3 com.kingroot.kinguser} to Batch{42e6b918 num=2 start=1819697 end=3169697}
V/AlarmManager( 1909):     => now Batch{42e6b918 num=2 start=1820706 end=3169697}
V/AlarmManager( 1909): isAlarmNeedAlign : screen on, Skip
V/AlarmManager( 1909): Adding Alarm{42f15ce0 type 0 com.kingroot.kinguser} to Batch{42e6b918 num=3 start=1820706 end=3169697}
V/AlarmManager( 1909):     => now Batch{42e6b918 num=3 start=1822489 end=2673470}
V/AlarmManager( 1909): isAlarmNeedAlign : screen on, Skip
V/AlarmManager( 1909): Adding Alarm{42f15d48 type 0 com.kingroot.master} to Batch{42e6b918 num=4 start=1822489 end=2673470}
V/AlarmManager( 1909):     => now Batch{42e6b918 num=4 start=1826146 end=2673470}
V/AlarmManager( 1909): Adding Alarm{43127580 type 0 android} to Batch{42e6b918 num=5 start=1826146 end=2673470}
V/AlarmManager( 1909):     => now Batch{42e6b918 num=5 start=1831329 end=1831329}
V/AlarmManager( 1909): Adding Alarm{431eab58 type 2 android} to Batch{431eaae8 num=2 start=2220386 end=3570386}
V/AlarmManager( 1909):     => now Batch{431eaae8 num=2 start=2351853 end=2351853}
V/AlarmManager( 1909): isAlarmNeedAlign : screen on, Skip
V/AlarmManager( 1909): isAlarmNeedAlign : screen on, Skip
V/AlarmManager( 1909): Adding Alarm{43284a30 type 0 com.oppo.market} to Batch{43277628 num=2 start=7295974 end=12695974}
V/AlarmManager( 1909):     => now Batch{43277628 num=2 start=7295974 end=9106640}
V/AlarmManager( 1909): Adding Alarm{434a33c8 type 1 com.nearme.statistics.rom} to Batch{43277628 num=3 start=7295974 end=9106640}
V/AlarmManager( 1909):     => now Batch{43277628 num=3 start=7295974 end=9106640}
V/AlarmManager( 1909): Adding Alarm{435490b8 type 1 com.oppo.yellowpage} to Batch{43277628 num=4 start=7295974 end=9106640}
V/AlarmManager( 1909):     => now Batch{43277628 num=4 start=7295974 end=9106640}
V/AlarmManager( 1909): Adding Alarm{437ea558 type 1 com.nearme.statistics.rom} to Batch{43277628 num=5 start=7295974 end=9106640}
V/AlarmManager( 1909):     => now Batch{43277628 num=5 start=7835057 end=9106640}
V/AlarmManager( 1909): Adding Alarm{4396f6a0 type 1 com.oppo.yellowpage} to Batch{43277628 num=6 start=7835057 end=9106640}
V/AlarmManager( 1909):     => now Batch{43277628 num=6 start=7835070 end=9106640}
V/AlarmManager( 1909): isAlarmNeedAlign : screen on, Skip
V/AlarmManager( 1909): isAlarmNeedAlign : screen on, Skip
V/AlarmManager( 1909): Adding Alarm{42e6e0d0 type 0 com.fw.upgrade} to Batch{42d08698 num=2 start=9468802 end=16054517}
V/AlarmManager( 1909):     => now Batch{42d08698 num=2 start=10834411 end=16054517}
V/AlarmManager( 1909): Adding Alarm{42f6c1c0 type 1 com.oppo.weather} to Batch{42d08698 num=3 start=10834411 end=16054517}
V/AlarmManager( 1909):     => now Batch{42d08698 num=3 start=11656730 end=11656730}
V/AlarmManager( 1909): isAlarmNeedAlign : screen on, Skip
V/AlarmManager( 1909): isAlarmNeedAlign : screen on, Skip
V/AlarmManager( 1909): Adding Alarm{4312fd70 type 0 com.nearme.gamecenter} to Batch{4312fce8 num=2 start=14394620 end=24674699}
V/AlarmManager( 1909):     => now Batch{4312fce8 num=2 start=19417608 end=24674699}
V/AlarmManager( 1909): Adding Alarm{432692a8 type 1 com.nearme.feedback} to Batch{4312fce8 num=3 start=19417608 end=24674699}
V/AlarmManager( 1909):     => now Batch{4312fce8 num=3 start=21640523 end=21640523}
V/AlarmManager( 1909): isAlarmNeedAlign : screen on, Skip
V/AlarmManager( 1909): Adding Alarm{435b6dd0 type 0 com.color.safecenter} to Batch{435954e0 num=2 start=22408387 end=38698791}
V/AlarmManager( 1909):     => now Batch{435954e0 num=2 start=22796005 end=38698791}
V/AlarmManager( 1909): Adding Alarm{43a795a8 type 1 com.sohu.inputmethod.sogouoem} to Batch{435954e0 num=3 start=22796005 end=38698791}
V/AlarmManager( 1909):     => now Batch{435954e0 num=3 start=26008388 end=38698791}
V/AlarmManager( 1909): isAlarmNeedAlign : screen on, Skip
V/AlarmManager( 1909): Adding Alarm{42c78300 type 0 com.oupeng.max.sdk} to Batch{435954e0 num=4 start=26008388 end=38698791}
V/AlarmManager( 1909):     => now Batch{435954e0 num=4 start=26008388 end=38698791}
V/AlarmManager( 1909): Adding Alarm{42f13e70 type 0 com.oppo.wallpaper} to Batch{435954e0 num=5 start=26008388 end=38698791}
V/AlarmManager( 1909):     => now Batch{435954e0 num=5 start=26008388 end=26008388}
V/AlarmManager( 1909): Adding Alarm{4306cde8 type 1 com.oppo.launcher} to Batch{435954e0 num=6 start=26008388 end=26008388}
V/AlarmManager( 1909):     => now Batch{435954e0 num=6 start=26008388 end=26008388}
V/AlarmManager( 1909): isAlarmNeedAlign : screen on, Skip
V/AlarmManager( 1909): Adding Alarm{4322edf0 type 0 com.coloros.oppomorningsystem} to Batch{43109880 num=2 start=28822563 end=50422563}
V/AlarmManager( 1909):     => now Batch{43109880 num=2 start=36808388 end=50422563}
V/AlarmManager( 1909): isAlarmNeedAlign : screen on, Skip
V/AlarmManager( 1909): Adding Alarm{4344aa20 type 0 com.oupeng.max.sdk} to Batch{43109880 num=3 start=36808388 end=50422563}
V/AlarmManager( 1909):     => now Batch{43109880 num=3 start=40408927 end=50422563}
V/AlarmManager( 1909): isAlarmNeedAlign : screen on, Skip
V/AlarmManager( 1909): Adding Alarm{435ad478 type 0 com.android.email} to Batch{435ad408 num=2 start=59441885 end=103507412}
V/AlarmManager( 1909):     => now Batch{435ad408 num=2 start=74534770 end=103507412}
V/AlarmManager( 1909): Adding Alarm{439c8dc0 type 0 com.android.providers.calendar} to Batch{435ad408 num=3 start=74534770 end=103507412}
V/AlarmManager( 1909):     => now Batch{435ad408 num=3 start=79888264 end=79888264}
V/AlarmManager( 1909): isAlarmNeedAlign : screen on, Skip
V/AlarmManager( 1909): isAlarmNeedAlign : screen on, Skip
V/AlarmManager( 1909): Adding Alarm{42f32558 type 2 com.nearme.statistics.rom} to Batch{42f03b80 num=2 start=86434610 end=151234610}
V/AlarmManager( 1909):     => now Batch{42f03b80 num=2 start=86495977 end=151234610}
V/AlarmManager( 1909): Adding Alarm{43014848 type 3 com.oppo.ota} to Batch{42f03b80 num=3 start=86495977 end=151234610}
V/AlarmManager( 1909):     => now Batch{42f03b80 num=3 start=120538930 end=151234610}
V/AlarmManager( 1909): isAlarmNeedAlign : screen on, Skip
V/AlarmManager( 1909): Adding Alarm{4313ba80 type 0 com.android.email} to Batch{42f03b80 num=4 start=120538930 end=151234610}
V/AlarmManager( 1909):     => now Batch{42f03b80 num=4 start=120538930 end=151220728}
V/AlarmManager( 1909): Adding Alarm{432305e8 type 1 com.sohu.inputmethod.sogouoem} to Batch{42f03b80 num=5 start=120538930 end=151220728}
V/AlarmManager( 1909):     => now Batch{42f03b80 num=5 start=120538930 end=151220728}
V/AlarmManager( 1909): isAlarmNeedAlign : screen on, Skip
V/AlarmManager( 1909): Adding Alarm{433fd080 type 1 com.sohu.inputmethod.sogouoem} to Batch{433fc408 num=2 start=155608388 end=271798790}
V/AlarmManager( 1909):     => now Batch{433fc408 num=2 start=161781821 end=271798790}
V/AlarmManager( 1909): Adding Alarm{43463770 type 1 com.sohu.inputmethod.sogouoem} to Batch{433fc408 num=3 start=161781821 end=271798790}
V/AlarmManager( 1909):     => now Batch{433fc408 num=3 start=259270334 end=271798790}
V/AlarmManager( 1909): isAlarmNeedAlign : screen on, Skip
V/AlarmManager( 1909): isAlarmNeedAlign : screen on, Skip
V/AlarmManager( 1909): Adding Alarm{43a00968 type 0 com.oppo.market} to Batch{43a008e0 num=2 start=864627242 end=1512581785}
V/AlarmManager( 1909):     => now Batch{43a008e0 num=2 start=1268803687 end=1512581785}
V/AlarmManager( 1909): isAlarmNeedAlign : screen on, Skip
V/AlarmManager( 1909): isAlarmNeedAlign : screen on, Skip
V/AlarmManager( 1909): isAlarmNeedAlign : screen on, Skip
V/AlarmManager( 1909): set(PendingIntent{43230df0: PendingIntentRecord{433e8520 com.color.safecenter broadcastIntent}}) : type=0 triggerAtTime=1513760579465 win=-1 tElapsed=987853 maxElapsed=1212853 interval=0 standalone=false
V/AlarmManager( 1909): Adding Alarm{437e4108 type 0 com.color.safecenter} to Batch{43163090 num=7 start=935691 end=1034899}
V/AlarmManager( 1909):     => now Batch{43163090 num=7 start=987853 end=1034899}
D/OpenSSLLib( 4675): OpensslErr:Module:13(114:155); file:external/openssl/crypto/asn1/asn1_lib.c ;Line:142;Function:ASN1_get_object
D/dalvikvm( 4675): create interp thread : stack size=128KB
D/dalvikvm( 4675): create new thread
D/dalvikvm( 4675): new thread created
D/dalvikvm( 4675): update thread list
D/dalvikvm( 4675): threadid=26: interp stack at 0x799cf000
D/dalvikvm( 4675): threadid=26: created from interp
D/dalvikvm( 4675): start new thread
D/dalvikvm( 4675): threadid=26: notify debugger
D/dalvikvm( 4675): threadid=26 (Common Thread Pool-1-Thread-10): calling run()
D/UpdateVirusDataReceiver( 4675): UpdateCheckBackgroundListener finish, mIsTmsLicenseOutdated = false
I/WeatherPushLogics( 5192): delayedMillis = 510064
V/Provider/Settings( 5192): get setting for user 0 by user 0 so skipping cache
V/Provider/Settings( 5192): from db cache, name = date_format , value = 
V/Provider/Settings( 5192): get setting for user 0 by user 0 so skipping cache
V/Provider/Settings( 5192):  from settings cache , name = time_12_24 , value = 24
W/WeatherPushLogics( 5192): AlarmManager Time = 2017-12-20 19:38
D/OppoAlarmManagerHelper( 1909): windowLength == AlarmManager.WINDOW_EXACT
D/OppoAlarmManagerHelper( 1909): uid in mUidWhiteList =  1000
D/OppoAlarmManagerHelper( 1909): uid in mUidWhiteList =  1001
D/OppoAlarmManagerHelper( 1909): This uid use inexact alarm !!!  uid == 10067
D/OppoAlarmManagerHelper( 1909): Pkg in mPkgWhiteList =  com.android.cts.app
D/OppoAlarmManagerHelper( 1909): Pkg in mPkgWhiteList =  com.android.cts.stub
D/OppoAlarmManagerHelper( 1909): Pkg in mPkgWhiteList =  com.android.deskclock
D/OppoAlarmManagerHelper( 1909): Pkg in mPkgWhiteList =  com.android.mms
D/OppoAlarmManagerHelper( 1909): Pkg in mPkgWhiteList =  oppo.multimedia.soundrecorder
D/OppoAlarmManagerHelper( 1909): Pkg in mPkgWhiteList =  com.android.providers.calendar
D/OppoAlarmManagerHelper( 1909): Pkg in mPkgWhiteList =  com.oppo.music
D/OppoAlarmManagerHelper( 1909): Pkg in mPkgWhiteList =  com.codoon.gps
D/OppoAlarmManagerHelper( 1909): Pkg in mPkgWhiteList =  com.nearme.note
D/OppoAlarmManagerHelper( 1909): Pkg in mPkgWhiteList =  com.oppo.backuprestore
D/OppoAlarmManagerHelper( 1909): Pkg in mPkgWhiteList =  com.oppo.weather
D/OppoAlarmManagerHelper( 1909): Pkg in mPkgWhiteList =  com.android.providers.downloads
D/OppoAlarmManagerHelper( 1909): Pkg in mPkgWhiteList =  com.mobiletools.systemhelper
D/OppoAlarmManagerHelper( 1909): Pkg in mPkgWhiteList =  com.oppo.community
D/OppoAlarmManagerHelper( 1909): Pkg in mPkgWhiteList =  com.nearme.themespace
D/OppoAlarmManagerHelper( 1909): key in mKeyList == clock
D/OppoAlarmManagerHelper( 1909): key in mKeyList == alarm
D/OppoAlarmManagerHelper( 1909): key in mKeyList == calendar
D/OppoAlarmManagerHelper( 1909): Pkg is inPackageNameWhiteList! using exact alarm!!!   pkg == com.oppo.weather
D/OppoAlarmManagerHelper( 1909): Using exact alarm!!!!!!!!
V/AlarmManager( 1909): set(PendingIntent{42910a08: PendingIntentRecord{42ff3c48 com.oppo.weather startService}}) : type=1 triggerAtTime=1513769910750 win=0 tElapsed=10319138 maxElapsed=10319138 interval=0 standalone=false
V/AlarmManager( 1909): remove(operation) changed bounds; rebatching
V/AlarmManager( 1909): isAlarmNeedAlign : screen on, Skip
V/AlarmManager( 1909): Adding Alarm{433d45f0 type 3 com.tencent.mm} to Batch{433d4568 num=2 start=900888 end=1060497}
V/AlarmManager( 1909):     => now Batch{433d4568 num=2 start=935691 end=1060497}
V/AlarmManager( 1909): isAlarmNeedAlign : screen on, Skip
V/AlarmManager( 1909): Adding Alarm{433d4638 type 0 com.kingroot.kinguser} to Batch{433d4568 num=3 start=935691 end=1060497}
V/AlarmManager( 1909):     => now Batch{433d4568 num=3 start=935691 end=1034727}
V/AlarmManager( 1909): isAlarmNeedAlign : screen on, Skip
V/AlarmManager( 1909): Adding Alarm{4398d6f0 type 0 com.kingroot.master} to Batch{433d4568 num=4 start=935691 end=1034727}
V/AlarmManager( 1909):     => now Batch{433d4568 num=4 start=935691 end=1034727}
V/AlarmManager( 1909): isAlarmNeedAlign : screen on, Skip
V/AlarmManager( 1909): Adding Alarm{42e86ce0 type 0 com.kingroot.kinguser} to Batch{433d4568 num=5 start=935691 end=1034727}
V/AlarmManager( 1909):     => now Batch{433d4568 num=5 start=935691 end=1034727}
V/AlarmManager( 1909): isAlarmNeedAlign : screen on, Skip
V/AlarmManager( 1909): Adding Alarm{43101ee0 type 0 com.tencent.mm} to Batch{433d4568 num=6 start=935691 end=1034727}
V/AlarmManager( 1909):     => now Batch{433d4568 num=6 start=935691 end=1034727}
V/AlarmManager( 1909): isAlarmNeedAlign : screen on, Skip
V/AlarmManager( 1909): Adding Alarm{43289a18 type 0 com.color.safecenter} to Batch{433d4568 num=7 start=935691 end=1034727}
V/AlarmManager( 1909):     => now Batch{433d4568 num=7 start=987853 end=1034727}
V/AlarmManager( 1909): isAlarmNeedAlign : screen on, Skip
V/AlarmManager( 1909): Adding Alarm{43066920 type 3 com.kingroot.kinguser} to Batch{430668b0 num=2 start=1819697 end=3169697}
V/AlarmManager( 1909):     => now Batch{430668b0 num=2 start=1820706 end=3169697}
V/AlarmManager( 1909): isAlarmNeedAlign : screen on, Skip
V/AlarmManager( 1909): Adding Alarm{431aa648 type 0 com.kingroot.kinguser} to Batch{430668b0 num=3 start=1820706 end=3169697}
V/AlarmManager( 1909):     => now Batch{430668b0 num=3 start=1822489 end=2673296}
V/AlarmManager( 1909): isAlarmNeedAlign : screen on, Skip
V/AlarmManager( 1909): Adding Alarm{432aaa90 type 0 com.kingroot.master} to Batch{430668b0 num=4 start=1822489 end=2673296}
V/AlarmManager( 1909):     => now Batch{430668b0 num=4 start=1826145 end=2673296}
V/AlarmManager( 1909): Adding Alarm{434bf040 type 0 android} to Batch{430668b0 num=5 start=1826145 end=2673296}
V/AlarmManager( 1909):     => now Batch{430668b0 num=5 start=1831329 end=1831329}
V/AlarmManager( 1909): Adding Alarm{435bee08 type 2 android} to Batch{435a8990 num=2 start=2220386 end=3570386}
V/AlarmManager( 1909):     => now Batch{435a8990 num=2 start=2351853 end=2351853}
V/AlarmManager( 1909): isAlarmNeedAlign : screen on, Skip
V/AlarmManager( 1909): isAlarmNeedAlign : screen on, Skip
V/AlarmManager( 1909): Adding Alarm{43971c68 type 0 com.oppo.market} to Batch{438175d0 num=2 start=7295974 end=12695974}
V/AlarmManager( 1909):     => now Batch{438175d0 num=2 start=7295974 end=9106466}
V/AlarmManager( 1909): Adding Alarm{434c9290 type 1 com.nearme.statistics.rom} to Batch{438175d0 num=3 start=7295974 end=9106466}
V/AlarmManager( 1909):     => now Batch{438175d0 num=3 start=7295974 end=9106466}
V/AlarmManager( 1909): Adding Alarm{43593b50 type 1 com.oppo.yellowpage} to Batch{438175d0 num=4 start=7295974 end=9106466}
V/AlarmManager( 1909):     => now Batch{438175d0 num=4 start=7295974 end=9106466}
V/AlarmManager( 1909): Adding Alarm{438089a0 type 1 com.nearme.statistics.rom} to Batch{438175d0 num=5 start=7295974 end=9106466}
V/AlarmManager( 1909):     => now Batch{438175d0 num=5 start=7835057 end=9106466}
V/AlarmManager( 1909): Adding Alarm{43982b78 type 1 com.oppo.yellowpage} to Batch{438175d0 num=6 start=7835057 end=9106466}
V/AlarmManager( 1909):     => now Batch{438175d0 num=6 start=7835069 end=9106466}
V/AlarmManager( 1909): isAlarmNeedAlign : screen on, Skip
V/AlarmManager( 1909): isAlarmNeedAlign : screen on, Skip
V/AlarmManager( 1909): Adding Alarm{42ea98e0 type 0 com.fw.upgrade} to Batch{429e4cd0 num=2 start=9468802 end=16054341}
V/AlarmManager( 1909):     => now Batch{429e4cd0 num=2 start=10834411 end=16054341}
V/AlarmManager( 1909): isAlarmNeedAlign : screen on, Skip
V/AlarmManager( 1909): Adding Alarm{43007200 type 0 com.oppo.market} to Batch{429e4cd0 num=3 start=10834411 end=16054341}
V/AlarmManager( 1909):     => now Batch{429e4cd0 num=3 start=14394621 end=16054341}
V/AlarmManager( 1909): isAlarmNeedAlign : screen on, Skip
V/AlarmManager( 1909): Adding Alarm{430f5278 type 1 com.nearme.feedback} to Batch{43119680 num=2 start=19417608 end=33464751}
V/AlarmManager( 1909):     => now Batch{43119680 num=2 start=21640524 end=21640524}
V/AlarmManager( 1909): isAlarmNeedAlign : screen on, Skip
V/AlarmManager( 1909): Adding Alarm{4324d0c0 type 0 com.color.safecenter} to Batch{4324d080 num=2 start=22408388 end=38698616}
V/AlarmManager( 1909):     => now Batch{4324d080 num=2 start=22796006 end=38698616}
V/AlarmManager( 1909): Adding Alarm{43243418 type 1 com.oppo.launcher} to Batch{4324d080 num=3 start=22796006 end=38698616}
V/AlarmManager( 1909):     => now Batch{4324d080 num=3 start=26008387 end=38698616}
V/AlarmManager( 1909): Adding Alarm{4383bcd0 type 0 com.oppo.wallpaper} to Batch{4324d080 num=4 start=26008387 end=38698616}
V/AlarmManager( 1909):     => now Batch{4324d080 num=4 start=26008388 end=26008388}
V/AlarmManager( 1909): isAlarmNeedAlign : screen on, Skip
V/AlarmManager( 1909): Adding Alarm{438f16f8 type 0 com.oupeng.max.sdk} to Batch{4324d080 num=5 start=26008388 end=26008388}
V/AlarmManager( 1909):     => now Batch{4324d080 num=5 start=26008388 end=26008388}
V/AlarmManager( 1909): Adding Alarm{430622d0 type 1 com.sohu.inputmethod.sogouoem} to Batch{4324d080 num=6 start=26008388 end=26008388}
V/AlarmManager( 1909):     => now Batch{4324d080 num=6 start=26008388 end=26008388}
V/AlarmManager( 1909): isAlarmNeedAlign : screen on, Skip
V/AlarmManager( 1909): Adding Alarm{43164e80 type 0 com.coloros.oppomorningsystem} to Batch{431dce48 num=2 start=28822563 end=50422563}
V/AlarmManager( 1909):     => now Batch{431dce48 num=2 start=36808388 end=50422563}
V/AlarmManager( 1909): isAlarmNeedAlign : screen on, Skip
V/AlarmManager( 1909): Adding Alarm{43226a78 type 0 com.oupeng.max.sdk} to Batch{431dce48 num=3 start=36808388 end=50422563}
V/AlarmManager( 1909):     => now Batch{431dce48 num=3 start=40408927 end=50422563}
V/AlarmManager( 1909): isAlarmNeedAlign : screen on, Skip
V/AlarmManager( 1909): Adding Alarm{437ea420 type 0 com.android.email} to Batch{437ea3b0 num=2 start=59441885 end=103507233}
V/AlarmManager( 1909):     => now Batch{437ea3b0 num=2 start=74534771 end=103507233}
V/AlarmManager( 1909): Adding Alarm{43a7b7c0 type 0 com.android.providers.calendar} to Batch{437ea3b0 num=3 start=74534771 end=103507233}
V/AlarmManager( 1909):     => now Batch{437ea3b0 num=3 start=79888264 end=79888264}
V/AlarmManager( 1909): isAlarmNeedAlign : screen on, Skip
V/AlarmManager( 1909): isAlarmNeedAlign : screen on, Skip
V/AlarmManager( 1909): Adding Alarm{42fb7298 type 2 com.nearme.statistics.rom} to Batch{42fb7210 num=2 start=86434610 end=151234610}
V/AlarmManager( 1909):     => now Batch{42fb7210 num=2 start=86495977 end=151234610}
V/AlarmManager( 1909): Adding Alarm{4308ca28 type 3 com.oppo.ota} to Batch{42fb7210 num=3 start=86495977 end=151234610}
V/AlarmManager( 1909):     => now Batch{42fb7210 num=3 start=120538930 end=151234610}
V/AlarmManager( 1909): isAlarmNeedAlign : screen on, Skip
V/AlarmManager( 1909): Adding Alarm{43169588 type 0 com.android.email} to Batch{42fb7210 num=4 start=120538930 end=151234610}
V/AlarmManager( 1909):     => now Batch{42fb7210 num=4 start=120538930 end=151220728}
V/AlarmManager( 1909): Adding Alarm{431b1c68 type 1 com.sohu.inputmethod.sogouoem} to Batch{42fb7210 num=5 start=120538930 end=151220728}
V/AlarmManager( 1909):     => now Batch{42fb7210 num=5 start=120538930 end=151220728}
V/AlarmManager( 1909): isAlarmNeedAlign : screen on, Skip
V/AlarmManager( 1909): Adding Alarm{433fe0d0 type 1 com.sohu.inputmethod.sogouoem} to Batch{433e7e80 num=2 start=155608388 end=271798611}
V/AlarmManager( 1909):     => now Batch{433e7e80 num=2 start=161781821 end=271798611}
V/AlarmManager( 1909): Adding Alarm{434618e8 type 1 com.sohu.inputmethod.sogouoem} to Batch{433e7e80 num=3 start=161781821 end=271798611}
V/AlarmManager( 1909):     => now Batch{433e7e80 num=3 start=259270333 end=271798611}
V/AlarmManager( 1909): isAlarmNeedAlign : screen on, Skip
V/AlarmManager( 1909): isAlarmNeedAlign : screen on, Skip
V/AlarmManager( 1909): Adding Alarm{435857e8 type 0 com.oppo.market} to Batch{43585760 num=2 start=864627242 end=1512581605}
V/AlarmManager( 1909):     => now Batch{43585760 num=2 start=1268803688 end=1512581605}
V/AlarmManager( 1909): isAlarmNeedAlign : screen on, Skip
V/AlarmManager( 1909): isAlarmNeedAlign : screen on, Skip
D/dalvikvm( 5381): threadid=26: exiting
D/dalvikvm( 5381): threadid=26: bye!
V/AlarmManager( 1909): Checking for alarms... rtc=1513760279999, elapsed=688387
V/AlarmManager( 1909): sending alarm Alarm{43228ff8 type 3 android}
V/ActivityManager( 1909): Broadcast: Intent { act=android.intent.action.TIME_TICK flg=0x50000094 (has extras) } ordered=true userid=-1 callerApp=null
D/ActivityThread( 1909): BDC-Calling onReceive: intent=Intent { act=android.intent.action.TIME_TICK flg=0x50000094 (has extras) }, ordered=true, receiver=com.android.server.AlarmManagerService$ClockReceiver@429d07e0, IIntentReceiver=429a62f8
V/AlarmManager( 1909): Received TIME_TICK alarm; rescheduling
V/AlarmManager( 1909): set(PendingIntent{428134f0: PendingIntentRecord{429e3e40 android broadcastIntent}}) : type=3 triggerAtTime=748388 win=0 tElapsed=748388 maxElapsed=748388 interval=0 standalone=true
D/ActivityThread( 1909): BDC-Calling finishReceiver: IIntentReceiver=429a62f8
D/ActivityThread( 4469): BDC-Calling onReceive: intent=Intent { act=android.intent.action.TIME_TICK flg=0x50000094 (has extras) }, ordered=true, receiver=com.oppo.widget.smallweather.NormalWidgetUtil$1@429159c0, IIntentReceiver=428c7f98
V/Provider/Settings( 4469): get setting for user 0 by user 0 so skipping cache
V/Provider/Settings( 4469):  from settings cache , name = time_12_24 , value = 24
V/Provider/Settings( 4469): get setting for user 0 by user 0 so skipping cache
V/Provider/Settings( 4469):  from settings cache , name = date_format , value = 
D/ActivityThread( 4469): BDC-Calling finishReceiver: IIntentReceiver=428c7f98
D/ActivityThread( 7434): BDC-Calling onReceive: intent=Intent { act=android.intent.action.TIME_TICK flg=0x50000094 (has extras) }, ordered=true, receiver=com.oppo.activation.ActivationService$ServiceBroadcastReceiver@42700d20, IIntentReceiver=42700d68
D/PhoneInterfaceManager( 4362): getSimState simId = 0prop = ABSENT
D/PhoneInterfaceManager( 4362): getSimState simId = 1prop = ABSENT
D/ActivityThread( 7434): BDC-Calling finishReceiver: IIntentReceiver=42700d68
D/ActivityThread( 7467): BDC-Calling onReceive: intent=Intent { act=android.intent.action.TIME_TICK flg=0x50000094 (has extras) }, ordered=true, receiver=com.tencent.tbs.common.baseinfo.TBSBroadcastReceiver$c@42aab7a8, IIntentReceiver=427150e8
D/ActivityThread( 7467): BDC-Calling finishReceiver: IIntentReceiver=427150e8
D/ActivityThread(10494): BDC-Calling onReceive: intent=Intent { act=android.intent.action.TIME_TICK flg=0x50000094 (has extras) }, ordered=true, receiver=com.oppo.lockutils.OppoLockUtils$1@426d9340, IIntentReceiver=426dacb0
D/ActivityThread(10494): BDC-Calling finishReceiver: IIntentReceiver=426dacb0
D/ActivityThread(10494): BDC-Calling onReceive: intent=Intent { act=android.intent.action.TIME_TICK flg=0x50000094 (has extras) }, ordered=true, receiver=com.android.keyguard.base.KeyguardUpdateMonitor$3@426eca90, IIntentReceiver=426ee318
D/ActivityThread(10494): BDC-Calling finishReceiver: IIntentReceiver=426ee318
D/WifiStateMachine( 1909): ConnectedState{ when=-3ms what=131155 arg1=9 target=com.android.internal.util.StateMachine$SmHandler target=Handler (com.android.internal.util.StateMachine$SmHandler) {43155f58} }
D/WifiStateMachine( 1909): L2ConnectedState{ when=-3ms what=131155 arg1=9 target=com.android.internal.util.StateMachine$SmHandler target=Handler (com.android.internal.util.StateMachine$SmHandler) {43155f58} }
D/WifiHW  ( 1909): enter -->wifi_send_command cmd=IFNAME=wlan0 SIGNAL_POLL
D/wpa_supplicant( 4185): RX ctrl_iface - hexdump(len=11): 53 49 47 4e 41 4c 5f 50 4f 4c 4c
D/wpa_supplicant( 4185): wlan0: Control interface command 'SIGNAL_POLL'
D/wpa_supplicant( 4185): nl80211: survey data missing!
D/wpa_supplicant( 4185): signal poll, reply_len=48
D/wpa_ctrl( 1909): reply_len=4095
D/WifiHW  ( 1909): leave --> reply=RSSI=-46
D/WifiHW  ( 1909): LINKSPEED=65
D/WifiHW  ( 1909): NOISE=9999
D/WifiHW  ( 1909): FREQUENCY=2412
D/WifiHW  ( 1909): 
D/wifi    ( 1909): doStringCommand, buf IFNAME=wlan0 SIGNAL_POLL
I/WifiStateMachine( 1909): fetchRssiAndLinkSpeedNative, newRssi:-46, newLinkSpeed:65, SSID:"60_dev_01"
D/WifiStateMachine( 1909): mRssiArray[0] = -43
D/WifiStateMachine( 1909): mRssiArray[1] = -43
D/WifiStateMachine( 1909): mRssiArray[2] = -48
D/WifiStateMachine( 1909): mRssiArray[3] = -48
D/WifiStateMachine( 1909): mRssiArray[4] = -41
D/WifiStateMachine( 1909): GetFilterRssi is : -44
D/WifiStateMachine( 1909): mLastSignalLevel:4, newSignalLevel:4
D/WifiStateMachine( 1909): fetchRssiAndLinkSpeedNative, ipAddr:-1711271764
I/System.out( 5381): [CDS]EAGAIN in Recvfrom
I/System.out( 5381): [CDS]read byte is 0
I/System.out( 5381): [CDS]rx timeout:10000
I/System.out( 5381): [CDS]rx timeout:30000
D/ConnectivityService( 1909): getActiveNetworkInfo:NetworkInfo: type: WIFI[], state: CONNECTED/CONNECTED, reason: (unspecified), extra: "60_dev_01", roaming: false, failover: false, isAvailable: true, isConnectedToProvisioningNetwork: false, simId: 0/10096
I/FrameworkListener(  243): onDataAvailable get 49 bytes 
D/libc-netbsd(  243): res_queryN name = minorshort.weixin.qq.com, class = 1, type = 1
D/libc-netbsd(  243): iface=wlan0, dns0:192.168.89.54
D/libc-netbsd(  243): iface=wlan0, dns1:192.168.89.54
D/libc-netbsd(  243): iface=wlan0, dns2:8.8.8.8
D/libc-netbsd(  243): res_queryN name = minorshort.weixin.qq.com succeed
D/SocketClient(  243): SocketClient sendDatalocked done: 222
D/SocketClient(  243): SocketClient sendDatalocked done: 
D/SocketClient(  243): SocketClient sendDatalocked done: 
D/SocketClient(  243): SocketClient sendDatalocked done: 
D/SocketClient(  243): SocketClient sendDatalocked done: 
D/SocketClient(  243): SocketClient sendDatalocked done: 
D/SocketClient(  243): SocketClient sendDatalocked done: 
D/SocketClient(  243): SocketClient sendDatalocked done: 
D/SocketClient(  243): SocketClient sendDatalocked done: 
D/SocketClient(  243): SocketClient sendDatalocked done: 
D/SocketClient(  243): SocketClient sendDatalocked done: 
D/SocketClient(  243): SocketClient sendDatalocked done: 
D/SocketClient(  243): SocketClient sendDatalocked done: 
D/SocketClient(  243): SocketClient sendDatalocked done: 
D/SocketClient(  243): SocketClient sendDatalocked done: 
D/SocketClient(  243): SocketClient sendDatalocked done: 
D/libc-netbsd( 6851): getaddrinfo: minorshort.weixin.qq.com get result from proxy >>
D/SocketClient(  243): SocketClient sendDatalocked done: 
D/dalvikvm( 6851): threadid=30: interp stack at 0x7c526000
D/dalvikvm( 6851): threadid=30: threadExitCheck(0x7c3d1090) count=0
D/dalvikvm( 6851): threadid=30: thread exiting, not yet detached (count=0)
D/dalvikvm( 6851): threadid=30: bye!
D/PhoneInterfaceManagerEx( 4362): [PhoneIntfMgrEx] hasIccCard  simId=0
D/PhoneInterfaceManagerEx( 4362): [PhoneIntfMgrEx] hasIccCard  simId=1
D/PhoneInterfaceManagerEx( 4362): [PhoneIntfMgrEx] hasIccCard  simId=0
D/PhoneInterfaceManagerEx( 4362): [PhoneIntfMgrEx] hasIccCard  simId=1
D/PhoneInterfaceManager( 4362): getSimOperator simId = 0getSimOperator = 
D/ConnectivityService( 1909): getActiveNetworkInfo:NetworkInfo: type: WIFI[], state: CONNECTED/CONNECTED, reason: (unspecified), extra: "60_dev_01", roaming: false, failover: false, isAvailable: true, isConnectedToProvisioningNetwork: false, simId: 0/10096
D/ConnectivityService( 1909): getActiveNetworkInfo:NetworkInfo: type: WIFI[], state: CONNECTED/CONNECTED, reason: (unspecified), extra: "60_dev_01", roaming: false, failover: false, isAvailable: true, isConnectedToProvisioningNetwork: false, simId: 0/10096
D/ConnectivityService( 1909): getActiveNetworkInfo:NetworkInfo: type: WIFI[], state: CONNECTED/CONNECTED, reason: (unspecified), extra: "60_dev_01", roaming: false, failover: false, isAvailable: true, isConnectedToProvisioningNetwork: false, simId: 0/10096
D/dalvikvm( 4675): threadid=26: exiting
D/dalvikvm( 4675): threadid=26: bye!
D/dalvikvm( 4675): threadid=23: exiting
D/dalvikvm( 4675): threadid=23: bye!
D/dalvikvm( 4675): threadid=24: exiting
D/dalvikvm( 4675): threadid=24: bye!
D/dalvikvm( 4619): create interp thread : stack size=128KB
D/dalvikvm( 4619): create new thread
D/dalvikvm( 4619): new thread created
D/dalvikvm( 4619): threadid=17: interp stack at 0x78e62000
D/dalvikvm( 4619): update thread list
D/dalvikvm( 4619): threadid=17: created from interp
D/dalvikvm( 4619): start new thread
D/dalvikvm( 4619): threadid=17: notify debugger
D/dalvikvm( 4619): threadid=17 (Thread-221): calling run()
D/BatteryService( 1909): mBatteryVoltage=4230, batteryLevel=50
V/ActivityManager( 1909): Broadcast sticky: Intent { act=android.intent.action.ADDITIONAL_BATTERY_CHANGED flg=0x60000010 (has extras) } ordered=false userid=-1 callerApp=null
V/ActivityManager( 1909): Broadcast sticky: Intent { act=android.intent.action.BATTERY_CHANGED flg=0x60000010 (has extras) } ordered=false userid=-1 callerApp=null
I/KSO_STAT( 4619): App is in background, stop update end time, ready to start a new session.
D/SQLiteDatabase( 4619): beginTransaction()
D/SQLiteDatabase( 4619): endTransaction()
D/dalvikvm( 4619): threadid=17: exiting
D/dalvikvm( 4619): threadid=17: bye!
D/PowerSaveService( 4675): PowerSaveReceiver EXTRA_STATUS: status = 5, lastCharging = true
D/HeadsetStateMachine( 6839): Disconnected process message: 10
V/ActivityManager( 1909): Broadcast sticky: Intent { act=android.intent.action.ADDITIONAL_BATTERY_CHANGED flg=0x60000010 (has extras) } ordered=false userid=-1 callerApp=null
V/ActivityManager( 1909): Broadcast sticky: Intent { act=android.intent.action.ADDITIONAL_BATTERY_CHANGED flg=0x60000010 (has extras) } ordered=false userid=-1 callerApp=null
D/WifiService( 1909): onReceive, action:android.intent.action.BATTERY_CHANGED
D/UsbDeviceManager( 1909): onReceive - BATTERY_CHANGED - mPlugType: 2, mSettingUsbCharging: false, mConnected: true, mSettingUsbBicr: false
D/WifiController( 1909): DeviceActiveState{ when=-1ms what=155652 arg1=2 target=com.android.internal.util.StateMachine$SmHandler target=Handler (com.android.internal.util.StateMachine$SmHandler) {43167268} }
D/WifiController( 1909): StaEnabledState{ when=-1ms what=155652 arg1=2 target=com.android.internal.util.StateMachine$SmHandler target=Handler (com.android.internal.util.StateMachine$SmHandler) {43167268} }
D/WifiController( 1909): DefaultState{ when=-1ms what=155652 arg1=2 target=com.android.internal.util.StateMachine$SmHandler target=Handler (com.android.internal.util.StateMachine$SmHandler) {43167268} }
D/WifiController( 1909): battery changed pluggedType: 2
D/WifiStateMachine( 1909): ConnectedState{ when=-4ms what=131155 arg1=9 target=com.android.internal.util.StateMachine$SmHandler target=Handler (com.android.internal.util.StateMachine$SmHandler) {43155f58} }
D/WifiStateMachine( 1909): L2ConnectedState{ when=-4ms what=131155 arg1=9 target=com.android.internal.util.StateMachine$SmHandler target=Handler (com.android.internal.util.StateMachine$SmHandler) {43155f58} }
D/WifiHW  ( 1909): enter -->wifi_send_command cmd=IFNAME=wlan0 SIGNAL_POLL
D/wpa_supplicant( 4185): RX ctrl_iface - hexdump(len=11): 53 49 47 4e 41 4c 5f 50 4f 4c 4c
D/wpa_supplicant( 4185): wlan0: Control interface command 'SIGNAL_POLL'
D/wpa_supplicant( 4185): nl80211: survey data missing!
D/wpa_supplicant( 4185): signal poll, reply_len=48
D/wpa_ctrl( 1909): reply_len=4095
D/WifiHW  ( 1909): leave --> reply=RSSI=-46
D/WifiHW  ( 1909): LINKSPEED=65
D/WifiHW  ( 1909): NOISE=9999
D/WifiHW  ( 1909): FREQUENCY=2412
D/WifiHW  ( 1909): 
D/wifi    ( 1909): doStringCommand, buf IFNAME=wlan0 SIGNAL_POLL
I/WifiStateMachine( 1909): fetchRssiAndLinkSpeedNative, newRssi:-46, newLinkSpeed:65, SSID:"60_dev_01"
D/WifiStateMachine( 1909): mRssiArray[0] = -43
D/WifiStateMachine( 1909): mRssiArray[1] = -43
D/WifiStateMachine( 1909): mRssiArray[2] = -48
D/WifiStateMachine( 1909): mRssiArray[3] = -48
D/WifiStateMachine( 1909): mRssiArray[4] = -46
D/WifiStateMachine( 1909): GetFilterRssi is : -45
D/WifiStateMachine( 1909): mLastSignalLevel:4, newSignalLevel:4
D/WifiStateMachine( 1909): fetchRssiAndLinkSpeedNative, ipAddr:-1711271764
I/Process ( 1909): Sending signal. PID: 8648 SIG: 19
I/ANRManager( 1909): updateProcessStats
I/thermal_repeater(  279): oh, queryMdThermalInfo (0)Bad file number
I/thermal_repeater(  279): [recvMdThermalInfo] ret=35, strLen=127,  0, 32767, -127, 28676, 32767, 1680
D/PhoneInterfaceManagerEx( 4362): [PhoneIntfMgrEx] hasIccCard  simId=0
D/PhoneInterfaceManagerEx( 4362): [PhoneIntfMgrEx] hasIccCard  simId=1
D/WifiStateMachine( 1909): ConnectedState{ when=-12ms what=131155 arg1=9 target=com.android.internal.util.StateMachine$SmHandler target=Handler (com.android.internal.util.StateMachine$SmHandler) {43155f58} }
D/WifiStateMachine( 1909): L2ConnectedState{ when=-12ms what=131155 arg1=9 target=com.android.internal.util.StateMachine$SmHandler target=Handler (com.android.internal.util.StateMachine$SmHandler) {43155f58} }
D/WifiHW  ( 1909): enter -->wifi_send_command cmd=IFNAME=wlan0 SIGNAL_POLL
D/wpa_supplicant( 4185): RX ctrl_iface - hexdump(len=11): 53 49 47 4e 41 4c 5f 50 4f 4c 4c
D/wpa_supplicant( 4185): wlan0: Control interface command 'SIGNAL_POLL'
D/wpa_supplicant( 4185): nl80211: survey data missing!
D/wpa_supplicant( 4185): signal poll, reply_len=48
D/wpa_ctrl( 1909): reply_len=4095
D/WifiHW  ( 1909): leave --> reply=RSSI=-47
D/WifiHW  ( 1909): LINKSPEED=65
D/WifiHW  ( 1909): NOISE=9999
D/WifiHW  ( 1909): FREQUENCY=2412
D/WifiHW  ( 1909): 
D/wifi    ( 1909): doStringCommand, buf IFNAME=wlan0 SIGNAL_POLL
I/WifiStateMachine( 1909): fetchRssiAndLinkSpeedNative, newRssi:-47, newLinkSpeed:65, SSID:"60_dev_01"
D/WifiStateMachine( 1909): mRssiArray[0] = -46
D/WifiStateMachine( 1909): mRssiArray[1] = -43
D/WifiStateMachine( 1909): mRssiArray[2] = -48
D/WifiStateMachine( 1909): mRssiArray[3] = -48
D/WifiStateMachine( 1909): mRssiArray[4] = -46
D/WifiStateMachine( 1909): GetFilterRssi is : -46
D/WifiStateMachine( 1909): mLastSignalLevel:4, newSignalLevel:4
D/WifiStateMachine( 1909): fetchRssiAndLinkSpeedNative, ipAddr:-1711271764
D/dalvikvm( 4619): create interp thread : stack size=128KB
D/dalvikvm( 4619): create new thread
D/dalvikvm( 4619): new thread created
D/dalvikvm( 4619): update thread list
D/dalvikvm( 4619): threadid=17: interp stack at 0x78e62000
D/dalvikvm( 4619): threadid=17: created from interp
D/dalvikvm( 4619): start new thread
D/dalvikvm( 4619): threadid=17: notify debugger
D/dalvikvm( 4619): threadid=17 (Thread-222): calling run()
D/BatteryService( 1909): mBatteryVoltage=4236, batteryLevel=50
V/ActivityManager( 1909): Broadcast sticky: Intent { act=android.intent.action.ADDITIONAL_BATTERY_CHANGED flg=0x60000010 (has extras) } ordered=false userid=-1 callerApp=null
V/ActivityManager( 1909): Broadcast sticky: Intent { act=android.intent.action.BATTERY_CHANGED flg=0x60000010 (has extras) } ordered=false userid=-1 callerApp=null
D/PowerSaveService( 4675): PowerSaveReceiver EXTRA_STATUS: status = 5, lastCharging = true
D/HeadsetStateMachine( 6839): Disconnected process message: 10
V/ActivityManager( 1909): Broadcast sticky: Intent { act=android.intent.action.ADDITIONAL_BATTERY_CHANGED flg=0x60000010 (has extras) } ordered=false userid=-1 callerApp=null
D/WifiService( 1909): onReceive, action:android.intent.action.BATTERY_CHANGED
D/UsbDeviceManager( 1909): onReceive - BATTERY_CHANGED - mPlugType: 2, mSettingUsbCharging: false, mConnected: true, mSettingUsbBicr: false
V/ActivityManager( 1909): Broadcast sticky: Intent { act=android.intent.action.ADDITIONAL_BATTERY_CHANGED flg=0x60000010 (has extras) } ordered=false userid=-1 callerApp=null
D/WifiController( 1909): DeviceActiveState{ when=-1ms what=155652 arg1=2 target=com.android.internal.util.StateMachine$SmHandler target=Handler (com.android.internal.util.StateMachine$SmHandler) {43167268} }
D/WifiController( 1909): StaEnabledState{ when=-1ms what=155652 arg1=2 target=com.android.internal.util.StateMachine$SmHandler target=Handler (com.android.internal.util.StateMachine$SmHandler) {43167268} }
D/WifiController( 1909): DefaultState{ when=-1ms what=155652 arg1=2 target=com.android.internal.util.StateMachine$SmHandler target=Handler (com.android.internal.util.StateMachine$SmHandler) {43167268} }
D/WifiController( 1909): battery changed pluggedType: 2
I/KSO_STAT( 4619): App is in background, stop update end time, ready to start a new session.
D/SQLiteDatabase( 4619): beginTransaction()
D/SQLiteDatabase( 4619): endTransaction()
D/dalvikvm( 4619): threadid=17: exiting
D/dalvikvm( 4619): threadid=17: bye!
D/WifiStateMachine( 1909): ConnectedState{ when=-3ms what=131155 arg1=9 target=com.android.internal.util.StateMachine$SmHandler target=Handler (com.android.internal.util.StateMachine$SmHandler) {43155f58} }
D/WifiStateMachine( 1909): L2ConnectedState{ when=-3ms what=131155 arg1=9 target=com.android.internal.util.StateMachine$SmHandler target=Handler (com.android.internal.util.StateMachine$SmHandler) {43155f58} }
D/WifiHW  ( 1909): enter -->wifi_send_command cmd=IFNAME=wlan0 SIGNAL_POLL
D/wpa_supplicant( 4185): RX ctrl_iface - hexdump(len=11): 53 49 47 4e 41 4c 5f 50 4f 4c 4c
D/wpa_supplicant( 4185): wlan0: Control interface command 'SIGNAL_POLL'
D/wpa_supplicant( 4185): nl80211: survey data missing!
D/wpa_supplicant( 4185): signal poll, reply_len=48
D/wpa_ctrl( 1909): reply_len=4095
D/WifiHW  ( 1909): leave --> reply=RSSI=-47
D/WifiHW  ( 1909): LINKSPEED=65
D/WifiHW  ( 1909): NOISE=9999
D/WifiHW  ( 1909): FREQUENCY=2412
D/WifiHW  ( 1909): 
D/wifi    ( 1909): doStringCommand, buf IFNAME=wlan0 SIGNAL_POLL
I/WifiStateMachine( 1909): fetchRssiAndLinkSpeedNative, newRssi:-47, newLinkSpeed:65, SSID:"60_dev_01"
D/WifiStateMachine( 1909): mRssiArray[0] = -46
D/WifiStateMachine( 1909): mRssiArray[1] = -47
D/WifiStateMachine( 1909): mRssiArray[2] = -48
D/WifiStateMachine( 1909): mRssiArray[3] = -48
D/WifiStateMachine( 1909): mRssiArray[4] = -46
D/WifiStateMachine( 1909): GetFilterRssi is : -47
D/WifiStateMachine( 1909): mLastSignalLevel:4, newSignalLevel:4
D/WifiStateMachine( 1909): fetchRssiAndLinkSpeedNative, ipAddr:-1711271764
V/ActivityManager( 1909): Broadcast: Intent { act=com.tencent.mm.plugin.report.service.KVCommCrossProcessReceiver flg=0x10 cmp=com.tencent.mm/.plugin.report.service.KVCommCrossProcessReceiver (has extras) } ordered=false userid=0 callerApp=ProcessRecord{4354edc8 6851:com.tencent.mm:push/u0a96}
D/ActivityThread( 6219): BDC-Calling onReceive: intent=Intent { act=com.tencent.mm.plugin.report.service.KVCommCrossProcessReceiver flg=0x10 cmp=com.tencent.mm/.plugin.report.service.KVCommCrossProcessReceiver (has extras) }, ordered=true, receiver=com.tencent.mm.plugin.report.service.KVCommCrossProcessReceiver@43f7cda0
D/ActivityThread( 6219): BDC-RECEIVER handled : 0 / ReceiverData{intent=Intent { act=com.tencent.mm.plugin.report.service.KVCommCrossProcessReceiver flg=0x10 cmp=com.tencent.mm/.plugin.report.service.KVCommCrossProcessReceiver (has extras) } packageName=com.tencent.mm resultCode=-1 resultData=null resultExtras=null}
