D/WifiStateMachine( 1909): mRssiArray[0] = -43
D/WifiStateMachine( 1909): mRssiArray[1] = -43
D/WifiStateMachine( 1909): mRssiArray[2] = -43
D/WifiStateMachine( 1909): mRssiArray[3] = -43
D/WifiStateMachine( 1909): mRssiArray[4] = -43
D/WifiStateMachine( 1909): GetFilterRssi is : -43
D/WifiStateMachine( 1909): mLastSignalLevel:4, newSignalLevel:4
D/WifiStateMachine( 1909): fetchRssiAndLinkSpeedNative, ipAddr:-1711271764
D/dalvikvm( 4619): create interp thread : stack size=128KB
D/dalvikvm( 4619): create new thread
D/dalvikvm( 4619): new thread created
D/dalvikvm( 4619): update thread list
D/dalvikvm( 4619): threadid=17: interp stack at 0x78e62000
D/dalvikvm( 4619): threadid=17: created from interp
D/dalvikvm( 4619): start new thread
D/dalvikvm( 4619): threadid=17: notify debugger
D/dalvikvm( 4619): threadid=17 (Thread-216): calling run()
D/BatteryService( 1909): mBatteryVoltage=4220, batteryLevel=50
V/ActivityManager( 1909): Broadcast sticky: Intent { act=android.intent.action.ADDITIONAL_BATTERY_CHANGED flg=0x60000010 (has extras) } ordered=false userid=-1 callerApp=null
V/ActivityManager( 1909): Broadcast sticky: Intent { act=android.intent.action.BATTERY_CHANGED flg=0x60000010 (has extras) } ordered=false userid=-1 callerApp=null
I/KSO_STAT( 4619): App is in background, stop update end time, ready to start a new session.
D/SQLiteDatabase( 4619): beginTransaction()
D/SQLiteDatabase( 4619): endTransaction()
D/dalvikvm( 4619): threadid=17: exiting
D/dalvikvm( 4619): threadid=17: bye!
D/PowerSaveService( 4675): PowerSaveReceiver EXTRA_STATUS: status = 5, lastCharging = true
D/HeadsetStateMachine( 6839): Disconnected process message: 10
V/ActivityManager( 1909): Broadcast sticky: Intent { act=android.intent.action.ADDITIONAL_BATTERY_CHANGED flg=0x60000010 (has extras) } ordered=false userid=-1 callerApp=null
V/ActivityManager( 1909): Broadcast sticky: Intent { act=android.intent.action.ADDITIONAL_BATTERY_CHANGED flg=0x60000010 (has extras) } ordered=false userid=-1 callerApp=null
D/WifiService( 1909): onReceive, action:android.intent.action.BATTERY_CHANGED
D/UsbDeviceManager( 1909): onReceive - BATTERY_CHANGED - mPlugType: 2, mSettingUsbCharging: false, mConnected: true, mSettingUsbBicr: false
D/WifiController( 1909): DeviceActiveState{ when=0 what=155652 arg1=2 target=com.android.internal.util.StateMachine$SmHandler target=Handler (com.android.internal.util.StateMachine$SmHandler) {43167268} }
D/WifiController( 1909): StaEnabledState{ when=0 what=155652 arg1=2 target=com.android.internal.util.StateMachine$SmHandler target=Handler (com.android.internal.util.StateMachine$SmHandler) {43167268} }
D/WifiController( 1909): DefaultState{ when=-1ms what=155652 arg1=2 target=com.android.internal.util.StateMachine$SmHandler target=Handler (com.android.internal.util.StateMachine$SmHandler) {43167268} }
D/WifiController( 1909): battery changed pluggedType: 2
D/WifiStateMachine( 1909): ConnectedState{ when=-4ms what=131155 arg1=9 target=com.android.internal.util.StateMachine$SmHandler target=Handler (com.android.internal.util.StateMachine$SmHandler) {43155f58} }
D/WifiStateMachine( 1909): L2ConnectedState{ when=-4ms what=131155 arg1=9 target=com.android.internal.util.StateMachine$SmHandler target=Handler (com.android.internal.util.StateMachine$SmHandler) {43155f58} }
D/WifiHW  ( 1909): enter -->wifi_send_command cmd=IFNAME=wlan0 SIGNAL_POLL
D/wpa_supplicant( 4185): RX ctrl_iface - hexdump(len=11): 53 49 47 4e 41 4c 5f 50 4f 4c 4c
D/wpa_supplicant( 4185): wlan0: Control interface command 'SIGNAL_POLL'
D/wpa_supplicant( 4185): nl80211: survey data missing!
D/wpa_supplicant( 4185): signal poll, reply_len=48
D/wpa_ctrl( 1909): reply_len=4095
D/WifiHW  ( 1909): leave --> reply=RSSI=-43
D/WifiHW  ( 1909): LINKSPEED=65
D/WifiHW  ( 1909): NOISE=9999
D/WifiHW  ( 1909): FREQUENCY=2412
D/WifiHW  ( 1909): 
D/wifi    ( 1909): doStringCommand, buf IFNAME=wlan0 SIGNAL_POLL
I/WifiStateMachine( 1909): fetchRssiAndLinkSpeedNative, newRssi:-43, newLinkSpeed:65, SSID:"60_dev_01"
D/WifiStateMachine( 1909): mRssiArray[0] = -43
D/WifiStateMachine( 1909): mRssiArray[1] = -43
D/WifiStateMachine( 1909): mRssiArray[2] = -43
D/WifiStateMachine( 1909): mRssiArray[3] = -43
D/WifiStateMachine( 1909): mRssiArray[4] = -43
D/WifiStateMachine( 1909): GetFilterRssi is : -43
D/WifiStateMachine( 1909): mLastSignalLevel:4, newSignalLevel:4
D/WifiStateMachine( 1909): fetchRssiAndLinkSpeedNative, ipAddr:-1711271764
D/PhoneInterfaceManagerEx( 4362): [PhoneIntfMgrEx] hasIccCard  simId=0
D/PhoneInterfaceManagerEx( 4362): [PhoneIntfMgrEx] hasIccCard  simId=1
D/dalvikvm( 4619): create interp thread : stack size=128KB
D/dalvikvm( 4619): create new thread
D/dalvikvm( 4619): new thread created
D/dalvikvm( 4619): update thread list
D/dalvikvm( 4619): threadid=17: interp stack at 0x78e62000
D/dalvikvm( 4619): threadid=17: created from interp
D/dalvikvm( 4619): start new thread
D/dalvikvm( 4619): threadid=17: notify debugger
D/dalvikvm( 4619): threadid=17 (Thread-217): calling run()
D/BatteryService( 1909): mBatteryVoltage=4237, batteryLevel=50
V/ActivityManager( 1909): Broadcast sticky: Intent { act=android.intent.action.ADDITIONAL_BATTERY_CHANGED flg=0x60000010 (has extras) } ordered=false userid=-1 callerApp=null
V/ActivityManager( 1909): Broadcast sticky: Intent { act=android.intent.action.BATTERY_CHANGED flg=0x60000010 (has extras) } ordered=false userid=-1 callerApp=null
D/PowerSaveService( 4675): PowerSaveReceiver EXTRA_STATUS: status = 5, lastCharging = true
D/HeadsetStateMachine( 6839): Disconnected process message: 10
V/ActivityManager( 1909): Broadcast sticky: Intent { act=android.intent.action.ADDITIONAL_BATTERY_CHANGED flg=0x60000010 (has extras) } ordered=false userid=-1 callerApp=null
V/ActivityManager( 1909): Broadcast sticky: Intent { act=android.intent.action.ADDITIONAL_BATTERY_CHANGED flg=0x60000010 (has extras) } ordered=false userid=-1 callerApp=null
D/WifiService( 1909): onReceive, action:android.intent.action.BATTERY_CHANGED
D/UsbDeviceManager( 1909): onReceive - BATTERY_CHANGED - mPlugType: 2, mSettingUsbCharging: false, mConnected: true, mSettingUsbBicr: false
D/WifiController( 1909): DeviceActiveState{ when=0 what=155652 arg1=2 target=com.android.internal.util.StateMachine$SmHandler target=Handler (com.android.internal.util.StateMachine$SmHandler) {43167268} }
D/WifiController( 1909): StaEnabledState{ when=0 what=155652 arg1=2 target=com.android.internal.util.StateMachine$SmHandler target=Handler (com.android.internal.util.StateMachine$SmHandler) {43167268} }
D/WifiController( 1909): DefaultState{ when=0 what=155652 arg1=2 target=com.android.internal.util.StateMachine$SmHandler target=Handler (com.android.internal.util.StateMachine$SmHandler) {43167268} }
D/WifiController( 1909): battery changed pluggedType: 2
I/KSO_STAT( 4619): App is in background, stop update end time, ready to start a new session.
D/SQLiteDatabase( 4619): beginTransaction()
D/SQLiteDatabase( 4619): endTransaction()
D/dalvikvm( 4619): threadid=17: exiting
D/dalvikvm( 4619): threadid=17: bye!
D/WifiStateMachine( 1909): ConnectedState{ when=-3ms what=131155 arg1=9 target=com.android.internal.util.StateMachine$SmHandler target=Handler (com.android.internal.util.StateMachine$SmHandler) {43155f58} }
D/WifiStateMachine( 1909): L2ConnectedState{ when=-4ms what=131155 arg1=9 target=com.android.internal.util.StateMachine$SmHandler target=Handler (com.android.internal.util.StateMachine$SmHandler) {43155f58} }
D/WifiHW  ( 1909): enter -->wifi_send_command cmd=IFNAME=wlan0 SIGNAL_POLL
D/wpa_supplicant( 4185): RX ctrl_iface - hexdump(len=11): 53 49 47 4e 41 4c 5f 50 4f 4c 4c
D/wpa_supplicant( 4185): wlan0: Control interface command 'SIGNAL_POLL'
D/wpa_supplicant( 4185): nl80211: survey data missing!
D/wpa_supplicant( 4185): signal poll, reply_len=48
D/wpa_ctrl( 1909): reply_len=4095
D/WifiHW  ( 1909): leave --> reply=RSSI=-41
D/WifiHW  ( 1909): LINKSPEED=65
D/WifiHW  ( 1909): NOISE=9999
D/WifiHW  ( 1909): FREQUENCY=2412
D/WifiHW  ( 1909): 
D/wifi    ( 1909): doStringCommand, buf IFNAME=wlan0 SIGNAL_POLL
I/WifiStateMachine( 1909): fetchRssiAndLinkSpeedNative, newRssi:-41, newLinkSpeed:65, SSID:"60_dev_01"
D/WifiStateMachine( 1909): mRssiArray[0] = -43
D/WifiStateMachine( 1909): mRssiArray[1] = -43
D/WifiStateMachine( 1909): mRssiArray[2] = -43
D/WifiStateMachine( 1909): mRssiArray[3] = -43
D/WifiStateMachine( 1909): mRssiArray[4] = -43
D/WifiStateMachine( 1909): GetFilterRssi is : -41
D/WifiStateMachine( 1909): mLastSignalLevel:4, newSignalLevel:4
D/WifiStateMachine( 1909): fetchRssiAndLinkSpeedNative, ipAddr:-1711271764
I/ANRManager( 1909): updateProcessStats
D/WifiStateMachine( 1909): ConnectedState{ when=-3ms what=131155 arg1=9 target=com.android.internal.util.StateMachine$SmHandler target=Handler (com.android.internal.util.StateMachine$SmHandler) {43155f58} }
D/WifiStateMachine( 1909): L2ConnectedState{ when=-4ms what=131155 arg1=9 target=com.android.internal.util.StateMachine$SmHandler target=Handler (com.android.internal.util.StateMachine$SmHandler) {43155f58} }
D/WifiHW  ( 1909): enter -->wifi_send_command cmd=IFNAME=wlan0 SIGNAL_POLL
D/wpa_supplicant( 4185): RX ctrl_iface - hexdump(len=11): 53 49 47 4e 41 4c 5f 50 4f 4c 4c
D/wpa_supplicant( 4185): wlan0: Control interface command 'SIGNAL_POLL'
D/wpa_supplicant( 4185): nl80211: survey data missing!
D/wpa_supplicant( 4185): signal poll, reply_len=48
D/wpa_ctrl( 1909): reply_len=4095
D/WifiHW  ( 1909): leave --> reply=RSSI=-41
D/WifiHW  ( 1909): LINKSPEED=65
D/WifiHW  ( 1909): NOISE=9999
D/WifiHW  ( 1909): FREQUENCY=2412
D/WifiHW  ( 1909): 
D/wifi    ( 1909): doStringCommand, buf IFNAME=wlan0 SIGNAL_POLL
I/WifiStateMachine( 1909): fetchRssiAndLinkSpeedNative, newRssi:-41, newLinkSpeed:65, SSID:"60_dev_01"
D/WifiStateMachine( 1909): mRssiArray[0] = -43
D/WifiStateMachine( 1909): mRssiArray[1] = -43
D/WifiStateMachine( 1909): mRssiArray[2] = -43
D/WifiStateMachine( 1909): mRssiArray[3] = -41
D/WifiStateMachine( 1909): mRssiArray[4] = -43
D/WifiStateMachine( 1909): GetFilterRssi is : -41
D/WifiStateMachine( 1909): mLastSignalLevel:4, newSignalLevel:4
D/WifiStateMachine( 1909): fetchRssiAndLinkSpeedNative, ipAddr:-1711271764
D/dalvikvm( 4619): create interp thread : stack size=128KB
D/dalvikvm( 4619): create new thread
D/dalvikvm( 4619): new thread created
D/dalvikvm( 4619): update thread list
D/dalvikvm( 4619): threadid=17: interp stack at 0x78e62000
D/dalvikvm( 4619): threadid=17: created from interp
D/dalvikvm( 4619): start new thread
D/dalvikvm( 4619): threadid=17: notify debugger
D/dalvikvm( 4619): threadid=17 (Thread-218): calling run()
D/BatteryService( 1909): mBatteryVoltage=4236, batteryLevel=50
V/ActivityManager( 1909): Broadcast sticky: Intent { act=android.intent.action.ADDITIONAL_BATTERY_CHANGED flg=0x60000010 (has extras) } ordered=false userid=-1 callerApp=null
V/ActivityManager( 1909): Broadcast sticky: Intent { act=android.intent.action.BATTERY_CHANGED flg=0x60000010 (has extras) } ordered=false userid=-1 callerApp=null
D/PowerSaveService( 4675): PowerSaveReceiver EXTRA_STATUS: status = 5, lastCharging = true
D/HeadsetStateMachine( 6839): Disconnected process message: 10
V/ActivityManager( 1909): Broadcast sticky: Intent { act=android.intent.action.ADDITIONAL_BATTERY_CHANGED flg=0x60000010 (has extras) } ordered=false userid=-1 callerApp=null
D/WifiService( 1909): onReceive, action:android.intent.action.BATTERY_CHANGED
D/UsbDeviceManager( 1909): onReceive - BATTERY_CHANGED - mPlugType: 2, mSettingUsbCharging: false, mConnected: true, mSettingUsbBicr: false
V/ActivityManager( 1909): Broadcast sticky: Intent { act=android.intent.action.ADDITIONAL_BATTERY_CHANGED flg=0x60000010 (has extras) } ordered=false userid=-1 callerApp=null
D/WifiController( 1909): DeviceActiveState{ when=-1ms what=155652 arg1=2 target=com.android.internal.util.StateMachine$SmHandler target=Handler (com.android.internal.util.StateMachine$SmHandler) {43167268} }
D/WifiController( 1909): StaEnabledState{ when=-1ms what=155652 arg1=2 target=com.android.internal.util.StateMachine$SmHandler target=Handler (com.android.internal.util.StateMachine$SmHandler) {43167268} }
D/WifiController( 1909): DefaultState{ when=-1ms what=155652 arg1=2 target=com.android.internal.util.StateMachine$SmHandler target=Handler (com.android.internal.util.StateMachine$SmHandler) {43167268} }
D/WifiController( 1909): battery changed pluggedType: 2
I/KSO_STAT( 4619): App is in background, stop update end time, ready to start a new session.
D/SQLiteDatabase( 4619): beginTransaction()
D/SQLiteDatabase( 4619): endTransaction()
D/dalvikvm( 4619): threadid=17: exiting
D/dalvikvm( 4619): threadid=17: bye!
D/WifiStateMachine( 1909): ConnectedState{ when=-3ms what=131155 arg1=9 target=com.android.internal.util.StateMachine$SmHandler target=Handler (com.android.internal.util.StateMachine$SmHandler) {43155f58} }
D/WifiStateMachine( 1909): L2ConnectedState{ when=-3ms what=131155 arg1=9 target=com.android.internal.util.StateMachine$SmHandler target=Handler (com.android.internal.util.StateMachine$SmHandler) {43155f58} }
D/WifiHW  ( 1909): enter -->wifi_send_command cmd=IFNAME=wlan0 SIGNAL_POLL
D/wpa_supplicant( 4185): RX ctrl_iface - hexdump(len=11): 53 49 47 4e 41 4c 5f 50 4f 4c 4c
D/wpa_supplicant( 4185): wlan0: Control interface command 'SIGNAL_POLL'
D/wpa_supplicant( 4185): nl80211: survey data missing!
D/wpa_supplicant( 4185): signal poll, reply_len=48
D/wpa_ctrl( 1909): reply_len=4095
D/WifiHW  ( 1909): leave --> reply=RSSI=-43
D/WifiHW  ( 1909): LINKSPEED=65
D/WifiHW  ( 1909): NOISE=9999
D/WifiHW  ( 1909): FREQUENCY=2412
D/WifiHW  ( 1909): 
D/wifi    ( 1909): doStringCommand, buf IFNAME=wlan0 SIGNAL_POLL
I/WifiStateMachine( 1909): fetchRssiAndLinkSpeedNative, newRssi:-43, newLinkSpeed:65, SSID:"60_dev_01"
D/WifiStateMachine( 1909): mRssiArray[0] = -43
D/WifiStateMachine( 1909): mRssiArray[1] = -43
D/WifiStateMachine( 1909): mRssiArray[2] = -43
D/WifiStateMachine( 1909): mRssiArray[3] = -41
D/WifiStateMachine( 1909): mRssiArray[4] = -41
D/WifiStateMachine( 1909): GetFilterRssi is : -42
D/WifiStateMachine( 1909): mLastSignalLevel:4, newSignalLevel:4
D/WifiStateMachine( 1909): fetchRssiAndLinkSpeedNative, ipAddr:-1711271764
V/Provider/Settings( 1909): get setting for user 0 by user 0 so skipping cache
V/Provider/Settings( 1909):  from settings cache , name = sys_free_storage_log_interval , value = null
V/Provider/Settings( 1909): get setting for user 0 by user 0 so skipping cache
V/Provider/Settings( 1909):  from settings cache , name = disk_free_change_reporting_threshold , value = null
I/ANRManager( 1909): updateProcessStats
D/AES     ( 1909): AEEIOCTL_RT_MON_Kick IOCTL,lParam=0. 
D/WifiStateMachine( 1909): ConnectedState{ when=-3ms what=131155 arg1=9 target=com.android.internal.util.StateMachine$SmHandler target=Handler (com.android.internal.util.StateMachine$SmHandler) {43155f58} }
D/WifiStateMachine( 1909): L2ConnectedState{ when=-4ms what=131155 arg1=9 target=com.android.internal.util.StateMachine$SmHandler target=Handler (com.android.internal.util.StateMachine$SmHandler) {43155f58} }
D/WifiHW  ( 1909): enter -->wifi_send_command cmd=IFNAME=wlan0 SIGNAL_POLL
D/wpa_supplicant( 4185): RX ctrl_iface - hexdump(len=11): 53 49 47 4e 41 4c 5f 50 4f 4c 4c
D/wpa_supplicant( 4185): wlan0: Control interface command 'SIGNAL_POLL'
D/wpa_supplicant( 4185): nl80211: survey data missing!
D/wpa_supplicant( 4185): signal poll, reply_len=48
D/wpa_ctrl( 1909): reply_len=4095
D/WifiHW  ( 1909): leave --> reply=RSSI=-43
D/WifiHW  ( 1909): LINKSPEED=65
D/WifiHW  ( 1909): NOISE=9999
D/WifiHW  ( 1909): FREQUENCY=2412
D/WifiHW  ( 1909): 
D/wifi    ( 1909): doStringCommand, buf IFNAME=wlan0 SIGNAL_POLL
I/WifiStateMachine( 1909): fetchRssiAndLinkSpeedNative, newRssi:-43, newLinkSpeed:65, SSID:"60_dev_01"
D/WifiStateMachine( 1909): mRssiArray[0] = -43
D/WifiStateMachine( 1909): mRssiArray[1] = -43
D/WifiStateMachine( 1909): mRssiArray[2] = -43
D/WifiStateMachine( 1909): mRssiArray[3] = -41
D/WifiStateMachine( 1909): mRssiArray[4] = -41
D/WifiStateMachine( 1909): GetFilterRssi is : -42
D/WifiStateMachine( 1909): mLastSignalLevel:4, newSignalLevel:4
D/WifiStateMachine( 1909): fetchRssiAndLinkSpeedNative, ipAddr:-1711271764
D/dalvikvm( 4619): create interp thread : stack size=128KB
D/dalvikvm( 4619): create new thread
D/dalvikvm( 4619): new thread created
D/dalvikvm( 4619): update thread list
D/dalvikvm( 4619): threadid=17: interp stack at 0x78e62000
D/dalvikvm( 4619): threadid=17: created from interp
D/dalvikvm( 4619): start new thread
D/dalvikvm( 4619): threadid=17: notify debugger
D/dalvikvm( 4619): threadid=17 (Thread-219): calling run()
D/BatteryService( 1909): mBatteryVoltage=4229, batteryLevel=50
V/ActivityManager( 1909): Broadcast sticky: Intent { act=android.intent.action.ADDITIONAL_BATTERY_CHANGED flg=0x60000010 (has extras) } ordered=false userid=-1 callerApp=null
V/ActivityManager( 1909): Broadcast sticky: Intent { act=android.intent.action.BATTERY_CHANGED flg=0x60000010 (has extras) } ordered=false userid=-1 callerApp=null
I/KSO_STAT( 4619): Try to upload data
I/KSO_STAT( 4619): Do not upload data. The latest upload time is less than 8 hours.
D/PowerSaveService( 4675): PowerSaveReceiver EXTRA_STATUS: status = 5, lastCharging = true
D/HeadsetStateMachine( 6839): Disconnected process message: 10
V/ActivityManager( 1909): Broadcast sticky: Intent { act=android.intent.action.ADDITIONAL_BATTERY_CHANGED flg=0x60000010 (has extras) } ordered=false userid=-1 callerApp=null
V/ActivityManager( 1909): Broadcast sticky: Intent { act=android.intent.action.ADDITIONAL_BATTERY_CHANGED flg=0x60000010 (has extras) } ordered=false userid=-1 callerApp=null
D/WifiService( 1909): onReceive, action:android.intent.action.BATTERY_CHANGED
D/UsbDeviceManager( 1909): onReceive - BATTERY_CHANGED - mPlugType: 2, mSettingUsbCharging: false, mConnected: true, mSettingUsbBicr: false
D/WifiController( 1909): DeviceActiveState{ when=0 what=155652 arg1=2 target=com.android.internal.util.StateMachine$SmHandler target=Handler (com.android.internal.util.StateMachine$SmHandler) {43167268} }
D/WifiController( 1909): StaEnabledState{ when=0 what=155652 arg1=2 target=com.android.internal.util.StateMachine$SmHandler target=Handler (com.android.internal.util.StateMachine$SmHandler) {43167268} }
D/WifiController( 1909): DefaultState{ when=0 what=155652 arg1=2 target=com.android.internal.util.StateMachine$SmHandler target=Handler (com.android.internal.util.StateMachine$SmHandler) {43167268} }
D/WifiController( 1909): battery changed pluggedType: 2
I/KSO_STAT( 4619): App is in background, stop update end time, ready to start a new session.
D/SQLiteDatabase( 4619): beginTransaction()
D/SQLiteDatabase( 4619): endTransaction()
D/dalvikvm( 4619): threadid=17: exiting
D/dalvikvm( 4619): threadid=17: bye!
D/PhoneInterfaceManagerEx( 4362): [PhoneIntfMgrEx] hasIccCard  simId=0
D/PhoneInterfaceManagerEx( 4362): [PhoneIntfMgrEx] hasIccCard  simId=1
D/dalvikvm( 4536): threadid=24: exiting
D/dalvikvm( 4536): threadid=24: bye!
D/WifiStateMachine( 1909): ConnectedState{ when=-3ms what=131155 arg1=9 target=com.android.internal.util.StateMachine$SmHandler target=Handler (com.android.internal.util.StateMachine$SmHandler) {43155f58} }
D/WifiStateMachine( 1909): L2ConnectedState{ when=-3ms what=131155 arg1=9 target=com.android.internal.util.StateMachine$SmHandler target=Handler (com.android.internal.util.StateMachine$SmHandler) {43155f58} }
D/WifiHW  ( 1909): enter -->wifi_send_command cmd=IFNAME=wlan0 SIGNAL_POLL
D/wpa_supplicant( 4185): RX ctrl_iface - hexdump(len=11): 53 49 47 4e 41 4c 5f 50 4f 4c 4c
D/wpa_supplicant( 4185): wlan0: Control interface command 'SIGNAL_POLL'
D/wpa_supplicant( 4185): nl80211: survey data missing!
D/wpa_supplicant( 4185): signal poll, reply_len=48
D/wpa_ctrl( 1909): reply_len=4095
D/WifiHW  ( 1909): leave --> reply=RSSI=-48
D/WifiHW  ( 1909): LINKSPEED=65
D/WifiHW  ( 1909): NOISE=9999
D/WifiHW  ( 1909): FREQUENCY=2412
D/WifiHW  ( 1909): 
D/wifi    ( 1909): doStringCommand, buf IFNAME=wlan0 SIGNAL_POLL
I/WifiStateMachine( 1909): fetchRssiAndLinkSpeedNative, newRssi:-48, newLinkSpeed:65, SSID:"60_dev_01"
D/WifiStateMachine( 1909): mRssiArray[0] = -43
D/WifiStateMachine( 1909): mRssiArray[1] = -43
D/WifiStateMachine( 1909): mRssiArray[2] = -43
D/WifiStateMachine( 1909): mRssiArray[3] = -41
D/WifiStateMachine( 1909): mRssiArray[4] = -41
D/WifiStateMachine( 1909): GetFilterRssi is : -43
D/WifiStateMachine( 1909): mLastSignalLevel:4, newSignalLevel:4
D/WifiStateMachine( 1909): fetchRssiAndLinkSpeedNative, ipAddr:-1711271764
D/dalvikvm( 5580): threadid=24: exiting
D/dalvikvm( 5580): threadid=24: bye!
D/PermissionHistoryHelper( 1909): getInteractionTime() userId: 0 timeBound(ns): 20000
D/PermissionHistoryHelper( 1909): getInteractionTime() currentTime: 685507 searchTime: 665507
D/MobileManagerService( 1909): getUserConfirmTime() at User(0) timeBound: 20000 totalTime: 0
D/ANRManager( 1909): getUserConfirmTime() userId: 0 anrTime: 20000 extendTime: 0
W/ActivityManager( 1909): Timeout executing service: ServiceRecord{42d5ae90 u0 io.dcloud.HBuilder/io.dcloud.feature.apsGt.GTNormalPushService}
D/OppoProcessManager( 1909): service is suspend, kill it in background!
D/ActivityManager( 1909): cleanUpApplicationRecordLocked app:ProcessRecord{430325a8 8631:io.dcloud.HBuilder:pushservice/u0a244}, restarting:false, allowRestart:true, index:-1
D/DisplayManagerService( 1909): Display listener for pid 8631 died.
D/GpsLocationProvider( 1909): GPS status listener died
D/BtGatt.GattService( 6839): Binder is dead - unregistering client (2)!
E/BtGatt.GattService( 6839): Exception: android.os.DeadObjectException
I/BTIF_CORE( 6839): out profile[21] handler!
I/BTIF_CORE( 6839): [btif_task]:Start polling!
I/BTIF_CORE( 6839): [btif_task]:Polling returned!
I/BTIF_CORE( 6839): [btif_task]:Start retrieve data pollMemberCount=10!
I/BTIF_CORE( 6839): [btif_task]:fd 0 data ready!
I/BTIF_CORE( 6839): [btif_task]:pollData[i].fd data ready : revents = 0x1!
I/BTIF_CORE( 6839): in profile[0] handler!
I/bt_gap_hdl.c( 6839): +++[GAP] btmtk_handle_gap_message msg:[MSG_ID_BT_BM_DISCOVERY_UPDATE_IND]+++!
I/bt_gap_api.c( 6839): [GAP] btmtk_inquired_dev_cache_find: addr=0xDBAAC2:0xF5:0x844B
I/bt_gap_api.c( 6839): [GAP] btmtk_inquired_dev_cache_find found
I/bt_gap_hdl.c( 6839): [GAP] MSG_ID_BT_BM_DISCOVERY_UPDATE_IND addr: [0xDBAAC2:0xF5:0x844B]
I/bt_gap_hdl.c( 6839): [GAP] btmtk_util_update_device_property_name: name = Bluetooth USB Host Controller
I/bt_gap_api.c( 6839): [GAP] btmtk_inquired_dev_cache_find: addr=0xDBAAC2:0xF5:0x844B
I/bt_gap_api.c( 6839): [GAP] btmtk_inquired_dev_cache_find found
I/bt_gap_api.c( 6839): [GAP] btmtk_paired_dev_cache_find: addr=0xDBAAC2:0xF5:0x844B
W/bt_gap_api.c( 6839): [GAP] btmtk_paired_dev_cache_find not found
I/BT_UTILS( 6839): btmtk_util_convert_bdaddr2array: addr=0xDBAAC2:0xF5:0x844B
I/BT_UTILS( 6839): btmtk_util_convert_bdaddr2array: addr=0x84:0x4B:0xF5:0xDB:0xAA:0xC2
D/bt_gap_hdl.c( 6839): HAL bt_hal_cbacks->remote_device_properties_cb
D/BluetoothRemoteDevices( 6839): devicePropertyChangedCallback: bdDevice = 84:4B:F5:DB:AA:C2
D/BluetoothRemoteDevices( 6839): devicePropertyChangedCallback: Acquire Lock - RemoteDevices.mObject
D/BluetoothRemoteDevices( 6839): Send Broadcast: Device Name
D/WifiService( 1909): Client connection lost with reason: 4
D/BtGatt.GattService( 6839): stopScan() - queue=1
D/BtGatt.GattService( 6839): unregisterClient() - clientIf=2
D/BTIF_GATT_CLIENT( 6839): [GATT] btif_gattc_unregister_app
D/BTIF_GATT_CLIENT( 6839): btif_gattc_unregister_app
I/bt_ext_apis.c( 6839): btmtk_util_find_profile_msg_handler search profile_id:[21]
I/bt_ext_apis.c( 6839): [JNI] btmtk_sendmsg(cmd=4002, ptr=0x77d9e158, len=36)
I/bt_ext_apis.c( 6839): [JNI] send msg success : 36
D/ActivityManager( 1909): cleanUpApplicationRecordLocked from:com.android.server.am.ActivityManagerService.handleAppDiedLocked:4277 com.android.server.am.ActivityManagerService.appDiedLocked:4501 com.android.server.am.ActivityManagerService$AppDeathRecipient.binderDied:1118 android.os.BinderProxy.sendDeathNotice:496 
D/OppoProcessManager( 1909): ProcessRecord{430325a8 8631:io.dcloud.HBuilder:pushservice/u0a244} died but not restart......
V/ActivityManager( 1909): Broadcast: Intent { act=android.bluetooth.device.action.NAME_CHANGED flg=0x4000010 (has extras) } ordered=false userid=0 callerApp=ProcessRecord{434d0b70 6839:com.android.bluetooth/1002}
D/BluetoothRemoteDevices( 6839): Remote Device name is: Bluetooth USB Host Controller
D/BluetoothRemoteDevices( 6839): devicePropertyChangedCallback: Release Lock - RemoteDevices.mObject
I/bt_gap_hdl.c( 6839): ---[GAP] btmtk_handle_gap_message---!
I/BTIF_CORE( 6839): out profile[0] handler!
I/BTIF_CORE( 6839): [btif_task]:fd 7 data ready!
I/BTIF_CORE( 6839): [btif_task]:pollData[i].fd data ready : revents = 0x1!
W/[BT]    (  302): mtk_bt_disable #182
D/[BT]    (  302): bt_restore: mediatek/external/bluetooth/driver/combo/mtk.c 278
D/[BT]    (  302): BT_DeinitDevice: BT_DeinitDevice
I/BTIF_CORE( 6839): in profile[0] handler!
I/BTIF_CORE( 6839): out profile[0] handler!
I/BTIF_CORE( 6839): in profile[3] handler!
I/BTIF_CORE( 6839): out profile[3] handler!
I/BTIF_CORE( 6839): in profile[5] handler!
I/BTIF_CORE( 6839): out profile[5] handler!
I/BTIF_CORE( 6839): in profile[1] handler!
I/BTIF_CORE( 6839): out profile[1] handler!
I/BTIF_CORE( 6839): in profile[11] handler!
I/BTIF_CORE( 6839): out profile[11] handler!
I/BTIF_CORE( 6839): in profile[18] handler!
I/BTIF_CORE( 6839): out profile[18] handler!
I/BTIF_CORE( 6839): in profile[12] handler!
I/BTIF_CORE( 6839): out profile[12] handler!
I/BTIF_CORE( 6839): in profile[21] handler!
D/BTIF_GATT_CLIENT( 6839): [GATT] gattc_handle_message
D/BTIF_GATT_CLIENT( 6839): [GATT] gattc_handle_message : msg_id=4005
D/BTIF_GATT_CLIENT( 6839): [GATT] findContextByContext
D/BTIF_GATT_CLIENT( 6839): [GATT] context[2] = 0xb7065a4c found
D/BTIF_GATT_CLIENT( 6839): [GATT] gattc_handle_scan_result_ind
I/BT_UTILS( 6839): btmtk_util_reverse_array: dest addr=0x75:C3:8C:1C:23:39
D/BtGatt.GattService( 6839): onScanResult() - address=75:C3:8C:1C:23:39, rssi=-101
D/ADB_SERVICES( 8271): adb fdevent_process list (24) (21) 
W/ADB_SERVICES( 8271): terminating JDWP 8631 connection: I/O error
D/ADB_SERVICES( 8271): remove pid 8631 to jdwp process list
E/FrameworkListener(  243): read() failed (Connection reset by peer)
E/FrameworkListener(  243): read() failed (Connection reset by peer)
E/FrameworkListener(  243): read() failed (Connection reset by peer)
E/FrameworkListener(  243): read() failed (Connection reset by peer)
D/[BT3.0+HS]PAL(  302): == chip_reset_fd is set ==
D/[BT3.0+HS]PAL(  302): 
D/[BT3.0+HS]PAL(  302): Recv Netlink Packet [48:00000011:00:0:0] [45:]
D/[BT3.0+HS]PAL(  302): 
D/[BT3.0+HS]PAL(  302): Unknown command from wifi driver
D/[BT3.0+HS]PAL(  302): 
D/dalvikvm( 4619): create interp thread : stack size=128KB
D/dalvikvm( 4619): create new thread
D/dalvikvm( 4619): new thread created
D/dalvikvm( 4619): update thread list
D/dalvikvm( 4619): threadid=17: interp stack at 0x78e62000
D/dalvikvm( 4619): threadid=17: created from interp
D/dalvikvm( 4619): start new thread
D/dalvikvm( 4619): threadid=17: notify debugger
D/dalvikvm( 4619): threadid=17 (Thread-220): calling run()
D/BatteryService( 1909): mBatteryVoltage=4237, batteryLevel=50
V/ActivityManager( 1909): Broadcast sticky: Intent { act=android.intent.action.ADDITIONAL_BATTERY_CHANGED flg=0x60000010 (has extras) } ordered=false userid=-1 callerApp=null
V/ActivityManager( 1909): Broadcast sticky: Intent { act=android.intent.action.BATTERY_CHANGED flg=0x60000010 (has extras) } ordered=false userid=-1 callerApp=null
D/PowerSaveService( 4675): PowerSaveReceiver EXTRA_STATUS: status = 5, lastCharging = true
D/HeadsetStateMachine( 6839): Disconnected process message: 10
V/ActivityManager( 1909): Broadcast sticky: Intent { act=android.intent.action.ADDITIONAL_BATTERY_CHANGED flg=0x60000010 (has extras) } ordered=false userid=-1 callerApp=null
V/ActivityManager( 1909): Broadcast sticky: Intent { act=android.intent.action.ADDITIONAL_BATTERY_CHANGED flg=0x60000010 (has extras) } ordered=false userid=-1 callerApp=null
D/WifiService( 1909): onReceive, action:android.intent.action.BATTERY_CHANGED
D/UsbDeviceManager( 1909): onReceive - BATTERY_CHANGED - mPlugType: 2, mSettingUsbCharging: false, mConnected: true, mSettingUsbBicr: false
D/WifiController( 1909): DeviceActiveState{ when=0 what=155652 arg1=2 target=com.android.internal.util.StateMachine$SmHandler target=Handler (com.android.internal.util.StateMachine$SmHandler) {43167268} }
D/WifiController( 1909): StaEnabledState{ when=-1ms what=155652 arg1=2 target=com.android.internal.util.StateMachine$SmHandler target=Handler (com.android.internal.util.StateMachine$SmHandler) {43167268} }
D/WifiController( 1909): DefaultState{ when=-1ms what=155652 arg1=2 target=com.android.internal.util.StateMachine$SmHandler target=Handler (com.android.internal.util.StateMachine$SmHandler) {43167268} }
D/WifiController( 1909): battery changed pluggedType: 2
I/KSO_STAT( 4619): App is in background, stop update end time, ready to start a new session.
D/SQLiteDatabase( 4619): beginTransaction()
D/SQLiteDatabase( 4619): endTransaction()
D/dalvikvm( 4619): threadid=17: exiting
D/dalvikvm( 4619): threadid=17: bye!
D/WifiStateMachine( 1909): ConnectedState{ when=-3ms what=131155 arg1=9 target=com.android.internal.util.StateMachine$SmHandler target=Handler (com.android.internal.util.StateMachine$SmHandler) {43155f58} }
D/WifiStateMachine( 1909): L2ConnectedState{ when=-3ms what=131155 arg1=9 target=com.android.internal.util.StateMachine$SmHandler target=Handler (com.android.internal.util.StateMachine$SmHandler) {43155f58} }
D/WifiHW  ( 1909): enter -->wifi_send_command cmd=IFNAME=wlan0 SIGNAL_POLL
D/wpa_supplicant( 4185): RX ctrl_iface - hexdump(len=11): 53 49 47 4e 41 4c 5f 50 4f 4c 4c
D/wpa_supplicant( 4185): wlan0: Control interface command 'SIGNAL_POLL'
D/wpa_supplicant( 4185): nl80211: survey data missing!
D/wpa_supplicant( 4185): signal poll, reply_len=48
D/wpa_ctrl( 1909): reply_len=4095
D/WifiHW  ( 1909): leave --> reply=RSSI=-48
D/WifiHW  ( 1909): LINKSPEED=65
D/WifiHW  ( 1909): NOISE=9999
D/WifiHW  ( 1909): FREQUENCY=2412
D/WifiHW  ( 1909): 
D/wifi    ( 1909): doStringCommand, buf IFNAME=wlan0 SIGNAL_POLL
I/WifiStateMachine( 1909): fetchRssiAndLinkSpeedNative, newRssi:-48, newLinkSpeed:65, SSID:"60_dev_01"
D/WifiStateMachine( 1909): mRssiArray[0] = -43
D/WifiStateMachine( 1909): mRssiArray[1] = -43
D/WifiStateMachine( 1909): mRssiArray[2] = -48
D/WifiStateMachine( 1909): mRssiArray[3] = -41
D/WifiStateMachine( 1909): mRssiArray[4] = -41
D/WifiStateMachine( 1909): GetFilterRssi is : -44
D/WifiStateMachine( 1909): mLastSignalLevel:4, newSignalLevel:4
D/WifiStateMachine( 1909): fetchRssiAndLinkSpeedNative, ipAddr:-1711271764
D/UpdateVirusDataReceiver( 4675): CheckUpdateBackgroundRunnable run!
D/UpdateVirusDataReceiver( 4675): checkUpdateBackground!, mIsChecking = false
D/dalvikvm( 4675): create interp thread : stack size=128KB
D/dalvikvm( 4675): create new thread
D/dalvikvm( 4675): new thread created
D/dalvikvm( 4675): update thread list
D/dalvikvm( 4675): threadid=21: interp stack at 0x78ce9000
D/dalvikvm( 4675): threadid=21: created from interp
D/dalvikvm( 4675): start new thread
D/dalvikvm( 4675): threadid=21: notify debugger
D/dalvikvm( 4675): threadid=21 (virus_check_update_bg): calling run()
D/OpenSSLLib( 4675): OpensslErr:Module:13(114:155); file:external/openssl/crypto/asn1/asn1_lib.c ;Line:142;Function:ASN1_get_object
D/ConnectivityService( 1909): getActiveNetworkInfo:NetworkInfo: type: WIFI[], state: CONNECTED/CONNECTED, reason: (unspecified), extra: "60_dev_01", roaming: false, failover: false, isAvailable: true, isConnectedToProvisioningNetwork: false, simId: 0/1000
D/PhoneInterfaceManagerEx( 4362): [PhoneIntfMgrEx] hasIccCard  simId=0
D/PhoneInterfaceManagerEx( 4362): [PhoneIntfMgrEx] hasIccCard  simId=1
D/OpenSSLLib( 4675): OpensslErr:Module:13(114:155); file:external/openssl/crypto/asn1/asn1_lib.c ;Line:142;Function:ASN1_get_object
D/ConnectivityService( 1909): getActiveNetworkInfo:NetworkInfo: type: WIFI[], state: CONNECTED/CONNECTED, reason: (unspecified), extra: "60_dev_01", roaming: false, failover: false, isAvailable: true, isConnectedToProvisioningNetwork: false, simId: 0/1000
I/FrameworkListener(  243): onDataAvailable get 42 bytes 
D/libc-netbsd(  243): default dns: query_ipv6=0, query_ipv4=1
D/libc-netbsd(  243): res_queryN name = pmir.3g.qq.com, class = 1, type = 1
D/libc-netbsd(  243): iface=wlan0, dns0:192.168.89.54
D/libc-netbsd(  243): iface=wlan0, dns1:192.168.89.54
D/libc-netbsd(  243): iface=wlan0, dns2:8.8.8.8
D/libc-netbsd(  243): res_queryN name = pmir.3g.qq.com succeed
D/SocketClient(  243): SocketClient sendDatalocked done: 222
D/SocketClient(  243): SocketClient sendDatalocked done: 
D/SocketClient(  243): SocketClient sendDatalocked done: 
D/SocketClient(  243): SocketClient sendDatalocked done: 
D/SocketClient(  243): SocketClient sendDatalocked done: 
D/SocketClient(  243): SocketClient sendDatalocked done: 
D/SocketClient(  243): SocketClient sendDatalocked done: 
D/SocketClient(  243): SocketClient sendDatalocked done: 
D/SocketClient(  243): SocketClient sendDatalocked done: 
D/SocketClient(  243): SocketClient sendDatalocked done: 
D/SocketClient(  243): SocketClient sendDatalocked done: 
D/libc-netbsd( 4675): getaddrinfo: pmir.3g.qq.com get result from proxy >>
I/System.out( 4675): propertyValue:true
D/dalvikvm( 4675): create interp thread : stack size=128KB
D/dalvikvm( 4675): create new thread
D/dalvikvm( 4675): new thread created
D/dalvikvm( 4675): update thread list
D/dalvikvm( 4675): threadid=25: interp stack at 0x7989d000
D/dalvikvm( 4675): threadid=25: created from interp
D/dalvikvm( 4675): start new thread
I/System.out( 4675): [socket][15] connection pmir.3g.qq.com/61.151.186.16:80;LocalPort=51949(30000)
I/System.out( 4675): [CDS]connect[pmir.3g.qq.com/61.151.186.16:80] tm:30
D/Posix   ( 4675): [Posix_connect Debug]Process com.color.safecenter :80 
D/dalvikvm( 4675): threadid=25: notify debugger
D/dalvikvm( 4675): threadid=25 (OkHttp ConnectionPool): calling run()
D/SocketClient(  243): SocketClient sendDatalocked done: 
I/System.out( 4675): [socket][/172.16.0.154:51949] connected
I/System.out( 4675): [CDS]rx timeout:30000
I/System.out( 4675): [CDS]SO_SND_TIMEOUT:0
I/System.out( 4675): [CDS]rx timeout:100
I/System.out( 4675): [CDS]rx timeout:30000
D/OpenSSLLib( 4675): OpensslErr:Module:13(114:155); file:external/openssl/crypto/asn1/asn1_lib.c ;Line:142;Function:ASN1_get_object
D/OpenSSLLib( 4675): OpensslErr:Module:13(114:155); file:external/openssl/crypto/asn1/asn1_lib.c ;Line:142;Function:ASN1_get_object
D/OpenSSLLib( 4675): OpensslErr:Module:13(114:155); file:external/openssl/crypto/asn1/asn1_lib.c ;Line:142;Function:ASN1_get_object
D/ConnectivityService( 1909): getActiveNetworkInfo:NetworkInfo: type: WIFI[], state: CONNECTED/CONNECTED, reason: (unspecified), extra: "60_dev_01", roaming: false, failover: false, isAvailable: true, isConnectedToProvisioningNetwork: false, simId: 0/1000
D/ConnectivityService( 1909): getActiveNetworkInfo:NetworkInfo: type: WIFI[], state: CONNECTED/CONNECTED, reason: (unspecified), extra: "60_dev_01", roaming: false, failover: false, isAvailable: true, isConnectedToProvisioningNetwork: false, simId: 0/1000
D/ConnectivityService( 1909): getActiveNetworkInfo:NetworkInfo: type: WIFI[], state: CONNECTED/CONNECTED, reason: (unspecified), extra: "60_dev_01", roaming: false, failover: false, isAvailable: true, isConnectedToProvisioningNetwork: false, simId: 0/1000
I/System.out( 4675): [CDS]SO_LINGER:false/0
I/System.out( 4675): [CDS]IoBridge->SO_LINGER: l_onoff: 0 ; l_linger: 0
I/System.out( 4675): [socket][16] connection /14.215.138.67:443;LocalPort=48578(60000)
I/System.out( 4675): [CDS]connect[/14.215.138.67:443] tm:60
D/Posix   ( 4675): [Posix_connect Debug]Process com.color.safecenter :443 
D/dalvikvm( 4675): threadid=21: exiting
D/dalvikvm( 4675): threadid=21: bye!
I/System.out( 4675): [socket][/172.16.0.154:48578] connected
D/dalvikvm( 4675): create interp thread : stack size=128KB
D/dalvikvm( 4675): create new thread
D/dalvikvm( 4675): new thread created
D/dalvikvm( 4675): update thread list
D/dalvikvm( 4675): threadid=21: interp stack at 0x78ce9000
D/dalvikvm( 4675): threadid=21: created from interp
D/dalvikvm( 4675): start new thread
D/dalvikvm( 4675): threadid=21: notify debugger
D/dalvikvm( 4675): threadid=21 (RcvThread): calling run()
D/ConnectivityService( 1909): getActiveNetworkInfo:NetworkInfo: type: WIFI[], state: CONNECTED/CONNECTED, reason: (unspecified), extra: "60_dev_01", roaming: false, failover: false, isAvailable: true, isConnectedToProvisioningNetwork: false, simId: 0/1000
D/OpenSSLLib( 4675): OpensslErr:Module:13(114:155); file:external/openssl/crypto/asn1/asn1_lib.c ;Line:142;Function:ASN1_get_object
D/OpenSSLLib( 4675): OpensslErr:Module:13(114:155); file:external/openssl/crypto/asn1/asn1_lib.c ;Line:142;Function:ASN1_get_object
D/OpenSSLLib( 4675): OpensslErr:Module:13(114:155); file:external/openssl/crypto/asn1/asn1_lib.c ;Line:142;Function:ASN1_get_object
D/OpenSSLLib( 4675): OpensslErr:Module:13(114:155); file:external/openssl/crypto/asn1/asn1_lib.c ;Line:142;Function:ASN1_get_object
D/OpenSSLLib( 4675): OpensslErr:Module:13(114:155); file:external/openssl/crypto/asn1/asn1_lib.c ;Line:142;Function:ASN1_get_object
D/OpenSSLLib( 4675): OpensslErr:Module:13(114:155); file:external/openssl/crypto/asn1/asn1_lib.c ;Line:142;Function:ASN1_get_object
D/OpenSSLLib( 4675): OpensslErr:Module:13(114:155); file:external/openssl/crypto/asn1/asn1_lib.c ;Line:142;Function:ASN1_get_object
D/OpenSSLLib( 4675): OpensslErr:Module:13(114:155); file:external/openssl/crypto/asn1/asn1_lib.c ;Line:142;Function:ASN1_get_object
D/OpenSSLLib( 4675): OpensslErr:Module:13(114:155); file:external/openssl/crypto/asn1/asn1_lib.c ;Line:142;Function:ASN1_get_object
D/OpenSSLLib( 4675): OpensslErr:Module:13(114:155); file:external/openssl/crypto/asn1/asn1_lib.c ;Line:142;Function:ASN1_get_object
D/ConnectivityService( 1909): getActiveNetworkInfo:NetworkInfo: type: WIFI[], state: CONNECTED/CONNECTED, reason: (unspecified), extra: "60_dev_01", roaming: false, failover: false, isAvailable: true, isConnectedToProvisioningNetwork: false, simId: 0/1000
D/ConnectivityService( 1909): getActiveNetworkInfo:NetworkInfo: type: WIFI[], state: CONNECTED/CONNECTED, reason: (unspecified), extra: "60_dev_01", roaming: false, failover: false, isAvailable: true, isConnectedToProvisioningNetwork: false, simId: 0/1000
V/AlarmManager( 1909): isAlarmNeedAlign : screen on, Skip
V/AlarmManager( 1909): set(PendingIntent{43403c88: PendingIntentRecord{433e8520 com.color.safecenter broadcastIntent}}) : type=0 triggerAtTime=1513760579441 win=-1 tElapsed=987829 maxElapsed=1212829 interval=0 standalone=false
V/AlarmManager( 1909): Adding Alarm{432af168 type 0 com.color.safecenter} to Batch{42ca0588 num=8 start=1059833 end=1077072}
V/AlarmManager( 1909):     => now Batch{42ca0588 num=8 start=1059833 end=1077072}
V/AlarmManager( 1909): remove(operation) changed bounds; rebatching
V/AlarmManager( 1909): isAlarmNeedAlign : screen on, Skip
V/AlarmManager( 1909): Adding Alarm{43170c38 type 3 com.tencent.mm} to Batch{431779f0 num=2 start=900888 end=1060681}
V/AlarmManager( 1909):     => now Batch{431779f0 num=2 start=935691 end=1060681}
V/AlarmManager( 1909): isAlarmNeedAlign : screen on, Skip
V/AlarmManager( 1909): Adding Alarm{4303dfa8 type 0 com.kingroot.kinguser} to Batch{431779f0 num=3 start=935691 end=1060681}
V/AlarmManager( 1909):     => now Batch{431779f0 num=3 start=935691 end=1034912}
V/AlarmManager( 1909): isAlarmNeedAlign : screen on, Skip
V/AlarmManager( 1909): Adding Alarm{42ecaeb8 type 0 com.kingroot.master} to Batch{431779f0 num=4 start=935691 end=1034912}
V/AlarmManager( 1909):     => now Batch{431779f0 num=4 start=935691 end=1034912}
V/AlarmManager( 1909): isAlarmNeedAlign : screen on, Skip
V/AlarmManager( 1909): Adding Alarm{42dc51e0 type 0 com.kingroot.kinguser} to Batch{431779f0 num=5 start=935691 end=1034912}
V/AlarmManager( 1909):     => now Batch{431779f0 num=5 start=935691 end=1034912}
V/AlarmManager( 1909): isAlarmNeedAlign : screen on, Skip
V/AlarmManager( 1909): Adding Alarm{42aeba20 type 0 com.tencent.mm} to Batch{431779f0 num=6 start=935691 end=1034912}
V/AlarmManager( 1909):     => now Batch{431779f0 num=6 start=935691 end=1034912}
V/AlarmManager( 1909): isAlarmNeedAlign : screen on, Skip
V/AlarmManager( 1909): Adding Alarm{4354de08 type 3 com.kingroot.kinguser} to Batch{4355fe08 num=2 start=1819697 end=3169697}
V/AlarmManager( 1909):     => now Batch{4355fe08 num=2 start=1820706 end=3169697}
V/AlarmManager( 1909): isAlarmNeedAlign : screen on, Skip
V/AlarmManager( 1909): Adding Alarm{434b0d00 type 0 com.kingroot.kinguser} to Batch{4355fe08 num=3 start=1820706 end=3169697}
V/AlarmManager( 1909):     => now Batch{4355fe08 num=3 start=1822488 end=2673480}
V/AlarmManager( 1909): isAlarmNeedAlign : screen on, Skip
V/AlarmManager( 1909): Adding Alarm{43457f60 type 0 com.kingroot.master} to Batch{4355fe08 num=4 start=1822488 end=2673480}
V/AlarmManager( 1909):     => now Batch{4355fe08 num=4 start=1826145 end=2673480}
V/AlarmManager( 1909): Adding Alarm{4326f460 type 0 android} to Batch{4355fe08 num=5 start=1826145 end=2673480}
V/AlarmManager( 1909):     => now Batch{4355fe08 num=5 start=1831328 end=1831328}
V/AlarmManager( 1909): Adding Alarm{431f03d8 type 2 android} to Batch{43229df8 num=2 start=2220386 end=3570386}
V/AlarmManager( 1909):     => now Batch{43229df8 num=2 start=2351853 end=2351853}
V/AlarmManager( 1909): isAlarmNeedAlign : screen on, Skip
V/AlarmManager( 1909): isAlarmNeedAlign : screen on, Skip
V/AlarmManager( 1909): Adding Alarm{430fa818 type 0 com.oppo.market} to Batch{431035c0 num=2 start=7295974 end=12695974}
V/AlarmManager( 1909):     => now Batch{431035c0 num=2 start=7295974 end=9106653}
V/AlarmManager( 1909): Adding Alarm{42fe2640 type 1 com.nearme.statistics.rom} to Batch{431035c0 num=3 start=7295974 end=9106653}
V/AlarmManager( 1909):     => now Batch{431035c0 num=3 start=7295974 end=9106653}
V/AlarmManager( 1909): Adding Alarm{42f2d178 type 1 com.oppo.yellowpage} to Batch{431035c0 num=4 start=7295974 end=9106653}
V/AlarmManager( 1909):     => now Batch{431035c0 num=4 start=7295974 end=9106653}
V/AlarmManager( 1909): Adding Alarm{42bb0d38 type 1 com.nearme.statistics.rom} to Batch{431035c0 num=5 start=7295974 end=9106653}
V/AlarmManager( 1909):     => now Batch{431035c0 num=5 start=7835057 end=9106653}
V/AlarmManager( 1909): Adding Alarm{42956058 type 1 com.oppo.yellowpage} to Batch{431035c0 num=6 start=7835057 end=9106653}
V/AlarmManager( 1909):     => now Batch{431035c0 num=6 start=7835069 end=9106653}
V/AlarmManager( 1909): isAlarmNeedAlign : screen on, Skip
V/AlarmManager( 1909): isAlarmNeedAlign : screen on, Skip
V/AlarmManager( 1909): Adding Alarm{438f1460 type 0 com.fw.upgrade} to Batch{4391c520 num=2 start=9468801 end=16054527}
V/AlarmManager( 1909):     => now Batch{4391c520 num=2 start=10834410 end=16054527}
V/AlarmManager( 1909): Adding Alarm{437b8468 type 1 com.oppo.weather} to Batch{4391c520 num=3 start=10834410 end=16054527}
V/AlarmManager( 1909):     => now Batch{4391c520 num=3 start=11656729 end=11656729}
V/AlarmManager( 1909): isAlarmNeedAlign : screen on, Skip
V/AlarmManager( 1909): isAlarmNeedAlign : screen on, Skip
V/AlarmManager( 1909): Adding Alarm{438355c8 type 0 com.nearme.gamecenter} to Batch{4355ddd8 num=2 start=14394621 end=24674712}
V/AlarmManager( 1909):     => now Batch{4355ddd8 num=2 start=19417609 end=24674712}
V/AlarmManager( 1909): Adding Alarm{434a4398 type 1 com.nearme.feedback} to Batch{4355ddd8 num=3 start=19417609 end=24674712}
V/AlarmManager( 1909):     => now Batch{4355ddd8 num=3 start=21640524 end=21640524}
V/AlarmManager( 1909): isAlarmNeedAlign : screen on, Skip
V/AlarmManager( 1909): Adding Alarm{4341c3b8 type 0 com.color.safecenter} to Batch{4341d830 num=2 start=22408388 end=38698804}
V/AlarmManager( 1909):     => now Batch{4341d830 num=2 start=22796006 end=38698804}
V/AlarmManager( 1909): Adding Alarm{4327f058 type 1 com.sohu.inputmethod.sogouoem} to Batch{4341d830 num=3 start=22796006 end=38698804}
V/AlarmManager( 1909):     => now Batch{4341d830 num=3 start=26008388 end=38698804}
V/AlarmManager( 1909): isAlarmNeedAlign : screen on, Skip
V/AlarmManager( 1909): Adding Alarm{4325fce0 type 0 com.oupeng.max.sdk} to Batch{4341d830 num=4 start=26008388 end=38698804}
V/AlarmManager( 1909):     => now Batch{4341d830 num=4 start=26008388 end=38698804}
V/AlarmManager( 1909): Adding Alarm{431f9830 type 1 com.oppo.launcher} to Batch{4313d200 num=2 start=26008387 end=26008387}
V/AlarmManager( 1909):     => now Batch{4313d200 num=2 start=26008387 end=26008387}
V/AlarmManager( 1909): Adding Alarm{430b13f8 type 3 com.android.phone} to Batch{4341d830 num=5 start=26008388 end=38698804}
V/AlarmManager( 1909):     => now Batch{4341d830 num=5 start=28822563 end=38698804}
V/AlarmManager( 1909): isAlarmNeedAlign : screen on, Skip
V/AlarmManager( 1909): Adding Alarm{42ea7d08 type 0 com.coloros.oppomorningsystem} to Batch{4341d830 num=6 start=28822563 end=38698804}
V/AlarmManager( 1909):     => now Batch{4341d830 num=6 start=36808387 end=38698804}
V/AlarmManager( 1909): isAlarmNeedAlign : screen on, Skip
V/AlarmManager( 1909): Adding Alarm{4295b428 type 3 com.oppo.scratch} to Batch{4295cb98 num=2 start=40408928 end=105208928}
V/AlarmManager( 1909):     => now Batch{4295cb98 num=2 start=59441885 end=103507423}
V/AlarmManager( 1909): isAlarmNeedAlign : screen on, Skip
V/AlarmManager( 1909): Adding Alarm{42fdcec0 type 0 com.android.email} to Batch{4295cb98 num=3 start=59441885 end=103507423}
V/AlarmManager( 1909):     => now Batch{4295cb98 num=3 start=74534771 end=103507423}
V/AlarmManager( 1909): Adding Alarm{430f06c8 type 0 com.android.providers.calendar} to Batch{4295cb98 num=4 start=74534771 end=103507423}
V/AlarmManager( 1909):     => now Batch{4295cb98 num=4 start=79888265 end=79888265}
V/AlarmManager( 1909): isAlarmNeedAlign : screen on, Skip
V/AlarmManager( 1909): isAlarmNeedAlign : screen on, Skip
V/AlarmManager( 1909): Adding Alarm{43230180 type 2 com.nearme.statistics.rom} to Batch{431f6060 num=2 start=86434610 end=151234610}
V/AlarmManager( 1909):     => now Batch{431f6060 num=2 start=86495977 end=151234610}
V/AlarmManager( 1909): Adding Alarm{43277110 type 3 com.oppo.ota} to Batch{431f6060 num=3 start=86495977 end=151234610}
V/AlarmManager( 1909):     => now Batch{431f6060 num=3 start=120538930 end=151234610}
V/AlarmManager( 1909): isAlarmNeedAlign : screen on, Skip
V/AlarmManager( 1909): Adding Alarm{43478c08 type 0 com.android.email} to Batch{431f6060 num=4 start=120538930 end=151234610}
V/AlarmManager( 1909):     => now Batch{431f6060 num=4 start=120538930 end=151220727}
V/AlarmManager( 1909): Adding Alarm{43520e78 type 1 com.sohu.inputmethod.sogouoem} to Batch{431f6060 num=5 start=120538930 end=151220727}
V/AlarmManager( 1909):     => now Batch{431f6060 num=5 start=120538930 end=151220727}
V/AlarmManager( 1909): isAlarmNeedAlign : screen on, Skip
V/AlarmManager( 1909): Adding Alarm{435c5990 type 1 com.sohu.inputmethod.sogouoem} to Batch{435c5248 num=2 start=155608387 end=271798801}
V/AlarmManager( 1909):     => now Batch{435c5248 num=2 start=161781821 end=271798801}
V/AlarmManager( 1909): Adding Alarm{435f4d18 type 1 com.sohu.inputmethod.sogouoem} to Batch{435c5248 num=3 start=161781821 end=271798801}
V/AlarmManager( 1909):     => now Batch{435c5248 num=3 start=259270334 end=271798801}
V/AlarmManager( 1909): isAlarmNeedAlign : screen on, Skip
V/AlarmManager( 1909): isAlarmNeedAlign : screen on, Skip
V/AlarmManager( 1909): Adding Alarm{439c08a8 type 0 com.oppo.market} to Batch{4399c800 num=2 start=864627242 end=1512581797}
V/AlarmManager( 1909):     => now Batch{4399c800 num=2 start=1268803688 end=1512581797}
V/AlarmManager( 1909): isAlarmNeedAlign : screen on, Skip
V/AlarmManager( 1909): isAlarmNeedAlign : screen on, Skip
V/AlarmManager( 1909): isAlarmNeedAlign : screen on, Skip
V/AlarmManager( 1909): set(PendingIntent{439c08f0: PendingIntentRecord{433e8520 com.color.safecenter broadcastIntent}}) : type=0 triggerAtTime=1513760579449 win=-1 tElapsed=987837 maxElapsed=1212837 interval=0 standalone=false
V/AlarmManager( 1909): Adding Alarm{430f2018 type 0 com.color.safecenter} to Batch{431779f0 num=7 start=935691 end=1034912}
V/AlarmManager( 1909):     => now Batch{431779f0 num=7 start=987837 end=1034912}
V/AlarmManager( 1909): remove(operation) changed bounds; rebatching
V/AlarmManager( 1909): isAlarmNeedAlign : screen on, Skip
V/AlarmManager( 1909): Adding Alarm{43254fc0 type 3 com.tencent.mm} to Batch{43223c28 num=2 start=900888 end=1060675}
V/AlarmManager( 1909):     => now Batch{43223c28 num=2 start=935691 end=1060675}
V/AlarmManager( 1909): isAlarmNeedAlign : screen on, Skip
V/AlarmManager( 1909): Adding Alarm{432764b8 type 0 com.kingroot.kinguser} to Batch{43223c28 num=3 start=935691 end=1060675}
V/AlarmManager( 1909):     => now Batch{43223c28 num=3 start=935691 end=1034905}
V/AlarmManager( 1909): isAlarmNeedAlign : screen on, Skip
