D/ActivityThread( 6851): SVC-SERVICE_ARGS handled : 0 / ServiceArgsData{token=android.os.BinderProxy@426d8280 startId=5 args=Intent { flg=0x10000000 cmp=com.tencent.mm/.booter.CoreService (has extras) }}
D/ConnectivityService( 1909): getActiveNetworkInfo:NetworkInfo: type: WIFI[], state: CONNECTED/CONNECTED, reason: (unspecified), extra: "60_dev_01", roaming: false, failover: false, isAvailable: true, isConnectedToProvisioningNetwork: false, simId: 0/10096
D/ActivityThread( 5381): BDC-Calling onReceive: intent=Intent { act=android.net.conn.CONNECTIVITY_CHANGE flg=0x4000010 cmp=com.tencent.mobileqq/.msf.core.NetConnInfoCenter (has extras) }, ordered=true, receiver=com.tencent.mobileqq.msf.core.NetConnInfoCenter@42b28e40
V/ActivityManager( 1909): Broadcast: Intent { act=com.tencent.mobileqq.msf.bd.netchange flg=0x10 pkg=com.tencent.mobileqq (has extras) } ordered=false userid=0 callerApp=ProcessRecord{42f17c20 5381:com.tencent.mobileqq:MSF/u0a95}
D/ConnectivityService( 1909): getActiveNetworkInfo:NetworkInfo: type: WIFI[], state: CONNECTED/CONNECTED, reason: (unspecified), extra: "60_dev_01", roaming: false, failover: false, isAvailable: true, isConnectedToProvisioningNetwork: false, simId: 0/10095
D/ConnectivityService( 1909): getActiveNetworkInfo:NetworkInfo: type: WIFI[], state: CONNECTED/CONNECTED, reason: (unspecified), extra: "60_dev_01", roaming: false, failover: false, isAvailable: true, isConnectedToProvisioningNetwork: false, simId: 0/10095
V/AlarmManager( 1909): isAlarmNeedAlign : screen on, Skip
V/AlarmManager( 1909): isAlarmNeedAlign : screen on, Skip
V/AlarmManager( 1909): isAlarmNeedAlign : screen on, Skip
V/AlarmManager( 1909): isAlarmNeedAlign : screen on, Skip
V/AlarmManager( 1909): isAlarmNeedAlign : screen on, Skip
V/AlarmManager( 1909): isAlarmNeedAlign : screen on, Skip
D/ActivityThread( 5381): BDC-RECEIVER handled : 0 / ReceiverData{intent=Intent { act=android.net.conn.CONNECTIVITY_CHANGE flg=0x4000010 cmp=com.tencent.mobileqq/.msf.core.NetConnInfoCenter (has extras) } packageName=com.tencent.mobileqq resultCode=0 resultData=null resultExtras=null}
V/AlarmManager( 1909): isAlarmNeedAlign : screen on, Skip
V/AlarmManager( 1909): isAlarmNeedAlign : screen on, Skip
V/AlarmManager( 1909): isAlarmNeedAlign : screen on, Skip
V/AlarmManager( 1909): isAlarmNeedAlign : screen on, Skip
V/AlarmManager( 1909): isAlarmNeedAlign : screen on, Skip
V/AlarmManager( 1909): isAlarmNeedAlign : screen on, Skip
V/AlarmManager( 1909): isAlarmNeedAlign : screen on, Skip
V/AlarmManager( 1909): isAlarmNeedAlign : screen on, Skip
V/AlarmManager( 1909): isAlarmNeedAlign : screen on, Skip
V/AlarmManager( 1909): isAlarmNeedAlign : screen on, Skip
V/AlarmManager( 1909): isAlarmNeedAlign : screen on, Skip
V/AlarmManager( 1909): isAlarmNeedAlign : screen on, Skip
V/AlarmManager( 1909): isAlarmNeedAlign : screen on, Skip
V/AlarmManager( 1909): isAlarmNeedAlign : screen on, Skip
V/AlarmManager( 1909): isAlarmNeedAlign : screen on, Skip
V/AlarmManager( 1909): isAlarmNeedAlign : screen on, Skip
V/AlarmManager( 1909): isAlarmNeedAlign : screen on, Skip
V/AlarmManager( 1909): isAlarmNeedAlign : screen on, Skip
V/AlarmManager( 1909): isAlarmNeedAlign : screen on, Skip
V/AlarmManager( 1909): isAlarmNeedAlign : screen on, Skip
V/AlarmManager( 1909): isAlarmNeedAlign : screen on, Skip
V/AlarmManager( 1909): isAlarmNeedAlign : screen on, Skip
D/DisplayManagerService( 1909): Display listener for pid 11146 died.
I/FrameworkListener(  243): onDataAvailable get 40 bytes 
I/FrameworkListener(  243): onDataAvailable get 40 bytes 
I/ActivityManager( 1909): Start proc com.android.mms for broadcast com.android.mms/com.oppo.mms.wappush.transaction.WapPushTimeChangedReceiver: pid=11161 uid=10008 gids={50008, 3003, 1028, 1015, 1023, 2001}
D/ActivityManager( 1909):  (1) delay start com.android.mms startResult.usingWrapper false
I/ActivityManager( 1909): Process com.oppo.usercenter:mcs (pid 11146) has died.
W/ContextImpl( 1909): Calling a method in the system process without a qualified user: android.app.ContextImpl.sendBroadcast:1345 com.android.server.am.OppoExtraActivityManagerService.setKeyLockModeNormal:47 com.android.server.am.ActivityManagerService.appDiedLocked:4489 com.android.server.am.ActivityManagerService$AppDeathRecipient.binderDied:1118 android.os.BinderProxy.sendDeathNotice:496 
V/ActivityManager( 1909): Broadcast: Intent { act=com.oppo.intent.action.KEY_LOCK_MODE flg=0x10 (has extras) } ordered=false userid=0 callerApp=ProcessRecord{4272b1e0 1909:system/1000}
D/ActivityManager( 1909): cleanUpApplicationRecordLocked app:ProcessRecord{439104d8 11146:com.oppo.usercenter:mcs/u0a43}, restarting:false, allowRestart:true, index:-1
D/ActivityManager( 1909): cleanUpApplicationRecordLocked from:com.android.server.am.ActivityManagerService.handleAppDiedLocked:4277 com.android.server.am.ActivityManagerService.appDiedLocked:4501 com.android.server.am.ActivityManagerService$AppDeathRecipient.binderDied:1118 android.os.BinderProxy.sendDeathNotice:496 
D/OppoUsageService( 1909): writeHistoryRecord[AppUsage], saveRes = 1
V/AlarmManager( 1909): isAlarmNeedAlign : screen on, Skip
I/ActivityManager( 1909): Process com.oppo.reader:mcs (pid 11127) has died.
D/DisplayManagerService( 1909): Display listener for pid 11127 died.
D/DisplayManagerService( 1909): Display listener for pid 7668 died.
W/ContextImpl( 1909): Calling a method in the system process without a qualified user: android.app.ContextImpl.sendBroadcast:1345 com.android.server.am.OppoExtraActivityManagerService.setKeyLockModeNormal:47 com.android.server.am.ActivityManagerService.appDiedLocked:4489 com.android.server.am.ActivityManagerService$AppDeathRecipient.binderDied:1118 android.os.BinderProxy.sendDeathNotice:496 
V/ActivityManager( 1909): Broadcast: Intent { act=com.oppo.intent.action.KEY_LOCK_MODE flg=0x10 (has extras) } ordered=false userid=0 callerApp=ProcessRecord{4272b1e0 1909:system/1000}
D/ActivityManager( 1909): cleanUpApplicationRecordLocked app:ProcessRecord{431fd360 11127:com.oppo.reader:mcs/u0a40}, restarting:false, allowRestart:true, index:-1
D/ActivityManager( 1909): cleanUpApplicationRecordLocked from:com.android.server.am.ActivityManagerService.handleAppDiedLocked:4277 com.android.server.am.ActivityManagerService.appDiedLocked:4501 com.android.server.am.ActivityManagerService$AppDeathRecipient.binderDied:1118 android.os.BinderProxy.sendDeathNotice:496 
D/ActivityManager( 1909): cleanUpApplicationRecordLocked app:ProcessRecord{42eed990 7668:com.nearme.gamecenter/u0a40}, restarting:false, allowRestart:true, index:-1
D/ActivityManager( 1909): cleanUpApplicationRecordLocked from:com.android.server.am.ActivityManagerService.handleAppDiedLocked:4277 com.android.server.am.ActivityManagerService.appDiedLocked:4501 com.android.server.am.ActivityManagerService$AppDeathRecipient.binderDied:1118 android.os.BinderProxy.sendDeathNotice:496 
V/AlarmManager( 1909): isAlarmNeedAlign : screen on, Skip
V/ActivityManager( 1909): ensureActivitiesVisibleLocked: consider front
V/ActivityManager( 1909): ensureActivitiesVisibleLocked: consider back
D/ConnectivityService( 1909): getActiveNetworkInfo:NetworkInfo: type: WIFI[], state: CONNECTED/CONNECTED, reason: (unspecified), extra: "60_dev_01", roaming: false, failover: false, isAvailable: true, isConnectedToProvisioningNetwork: false, simId: 0/10096
D/ConnectivityService( 1909): getActiveNetworkInfo:NetworkInfo: type: WIFI[], state: CONNECTED/CONNECTED, reason: (unspecified), extra: "60_dev_01", roaming: false, failover: false, isAvailable: true, isConnectedToProvisioningNetwork: false, simId: 0/10096
D/ConnectivityService( 1909): getActiveNetworkInfo:NetworkInfo: type: WIFI[], state: CONNECTED/CONNECTED, reason: (unspecified), extra: "60_dev_01", roaming: false, failover: false, isAvailable: true, isConnectedToProvisioningNetwork: false, simId: 0/10096
V/AlarmManager( 1909): isAlarmNeedAlign : screen on, Skip
V/AlarmManager( 1909): isAlarmNeedAlign : screen on, Skip
V/AlarmManager( 1909): isAlarmNeedAlign : screen on, Skip
V/AlarmManager( 1909): isAlarmNeedAlign : screen on, Skip
V/AlarmManager( 1909): isAlarmNeedAlign : screen on, Skip
V/AlarmManager( 1909): isAlarmNeedAlign : screen on, Skip
V/AlarmManager( 1909): isAlarmNeedAlign : screen on, Skip
V/AlarmManager( 1909): isAlarmNeedAlign : screen on, Skip
V/AlarmManager( 1909): isAlarmNeedAlign : screen on, Skip
V/AlarmManager( 1909): isAlarmNeedAlign : screen on, Skip
D/ActivityManager( 1909): getContentProviderImpl: from caller=android.app.ApplicationThreadProxy@4344e9f0 (pid=11161, userId=0) to get content provider settings cpr=ContentProviderRecord{42dd08e0 u0 com.android.providers.settings/.SettingsProvider}
D/ActivityManager( 1909): getContentProviderImpl: updateLruProcessLocked cpr.proc=ProcessRecord{4272b1e0 1909:system/1000}
V/AlarmManager( 1909): isAlarmNeedAlign : screen on, Skip
V/AlarmManager( 1909): isAlarmNeedAlign : screen on, Skip
V/AlarmManager( 1909): isAlarmNeedAlign : screen on, Skip
D/ActivityThread(11161): hoder:android.app.IActivityManager$ContentProviderHolder@426d6968,provider,holder.Provider:android.content.ContentProviderProxy@426d70e8
V/AlarmManager( 1909): isAlarmNeedAlign : screen on, Skip
V/AlarmManager( 1909): isAlarmNeedAlign : screen on, Skip
V/AlarmManager( 1909): isAlarmNeedAlign : screen on, Skip
V/AlarmManager( 1909): isAlarmNeedAlign : screen on, Skip
V/AlarmManager( 1909): isAlarmNeedAlign : screen on, Skip
V/AlarmManager( 1909): isAlarmNeedAlign : screen on, Skip
V/AlarmManager( 1909): isAlarmNeedAlign : screen on, Skip
V/AlarmManager( 1909): isAlarmNeedAlign : screen on, Skip
V/AlarmManager( 1909): isAlarmNeedAlign : screen on, Skip
V/AlarmManager( 1909): isAlarmNeedAlign : screen on, Skip
V/AlarmManager( 1909): isAlarmNeedAlign : screen on, Skip
V/AlarmManager( 1909): isAlarmNeedAlign : screen on, Skip
V/AlarmManager( 1909): isAlarmNeedAlign : screen on, Skip
V/AlarmManager( 1909): isAlarmNeedAlign : screen on, Skip
V/AlarmManager( 1909): isAlarmNeedAlign : screen on, Skip
V/AlarmManager( 1909): isAlarmNeedAlign : screen on, Skip
D/ActivityThread(11161): installProvider: context.getPackageName()=com.android.mms
D/ActivityThread(11161): installProvider: context.getPackageName()=com.android.mms
D/ActivityThread(11161): installProvider: context.getPackageName()=com.android.mms
D/ActivityManager( 1909): publishContentProviders: from caller=android.app.ApplicationThreadProxy@43971010 (pid=11161)
D/ActivityManager( 1909): getContentProviderImpl: from caller=android.app.ApplicationThreadProxy@431ec798 (pid=11161, userId=0) to get content provider mms-sms cpr=ContentProviderRecord{42fefdb8 u0 com.android.providers.telephony/.MmsSmsProvider}
D/ActivityManager( 1909): getContentProviderImpl: updateLruProcessLocked cpr.proc=ProcessRecord{43187770 4362:com.android.phone/1001}
D/ActivityManager( 1909): getContentProviderImpl: from caller=android.app.ApplicationThreadProxy@434fe8f8 (pid=11161, userId=0) to get content provider mms-sms cpr=ContentProviderRecord{42fefdb8 u0 com.android.providers.telephony/.MmsSmsProvider}
D/ActivityThread(11161): hoder:android.app.IActivityManager$ContentProviderHolder@426f6e90,provider,holder.Provider:android.content.ContentProviderProxy@426f7618
D/ActivityThread(11161): hoder:android.app.IActivityManager$ContentProviderHolder@426f8490,provider,holder.Provider:android.content.ContentProviderProxy@426f8ff8
D/TelephonyRegistry( 1909): listen: E pkg=com.android.mms events=0x20 myUid=0 callerUid=0
I/TelephonyRegistry( 1909): listen: add new record={pkgForDebug=com.android.mms callerUid=0 events=0}
D/TelephonyRegistry( 1909): validateEventsAndUserLocked: valid=false r.callerUid=0 foregroundUser=0 r.events=32 events=16
D/TelephonyRegistry( 1909): validateEventsAndUserLocked: valid=false r.callerUid=0 foregroundUser=0 r.events=32 events=1024
D/ActivityThread(11161): BIND_APPLICATION handled : 0 / AppBindData{appInfo=ApplicationInfo{426d2600 com.android.mms}}
D/ActivityThread(11161): BDC-Calling onReceive: intent=Intent { act=android.intent.action.TIME_SET flg=0x24000010 cmp=com.android.mms/com.oppo.mms.wappush.transaction.WapPushTimeChangedReceiver }, ordered=true, receiver=com.oppo.mms.wappush.transaction.WapPushTimeChangedReceiver@4271ae30
D/ActivityThread(11161): BDC-RECEIVER handled : 0 / ReceiverData{intent=Intent { act=android.intent.action.TIME_SET flg=0x24000010 cmp=com.android.mms/com.oppo.mms.wappush.transaction.WapPushTimeChangedReceiver } packageName=com.android.mms resultCode=-1 resultData=null resultExtras=null}
D/ActivityManager( 1909): getContentProviderImpl: from caller=android.app.ApplicationThreadProxy@42c4b100 (pid=11161, userId=0) to get content provider telephony cpr=ContentProviderRecord{4324a470 u0 com.android.providers.telephony/.TelephonyProvider}
D/ActivityThread( 8037): BDC-Calling onReceive: intent=Intent { act=android.intent.action.TIME_SET flg=0x24000010 cmp=com.android.settings/com.oppo.settings.timepower.ReceiverAfterBoot }, ordered=true, receiver=com.oppo.settings.timepower.ReceiverAfterBoot@42b4fd98
D/ActivityManager( 1909): getContentProviderImpl: from caller=android.app.ApplicationThreadProxy@42b9a7f8 (pid=11161, userId=0) to get content provider wappush cpr=ContentProviderRecord{42ad1e30 u0 com.android.providers.telephony/.WapPushProvider}
D/ActivityThread(11161): hoder:android.app.IActivityManager$ContentProviderHolder@42724368,provider,holder.Provider:android.content.ContentProviderProxy@42724ce0
W/ContextImpl( 8037): Calling a method in the system process without a qualified user: android.app.ContextImpl.startService:1701 android.content.ContextWrapper.startService:494 android.content.ContextWrapper.startService:494 com.oppo.settings.timepower.ReceiverAfterBoot.onReceive:34 android.app.ActivityThread.handleReceiver:2709 
D/ActivityThread(11161): hoder:android.app.IActivityManager$ContentProviderHolder@42725620,provider,holder.Provider:android.content.ContentProviderProxy@42725cd0
D/ActivityThread( 8037): BDC-RECEIVER handled : 0 / ReceiverData{intent=Intent { act=android.intent.action.TIME_SET flg=0x24000010 cmp=com.android.settings/com.oppo.settings.timepower.ReceiverAfterBoot } packageName=com.android.settings resultCode=0 resultData=null resultExtras=null}
D/ActivityThread( 8037): SVC-Creating service: CreateServiceData{token=android.os.BinderProxy@42b534f0 className=com.oppo.settings.timepower.TimepowerService packageName=com.android.settings intent=null}
D/ActivityThread( 8037): SVC-CREATE_SERVICE handled : 0 / CreateServiceData{token=android.os.BinderProxy@42b534f0 className=com.oppo.settings.timepower.TimepowerService packageName=com.android.settings intent=null}
I/AlarmManager( 1909): remove power off alarm pacakge name com.android.settings
D/ActivityThread( 7051): BDC-Calling onReceive: intent=Intent { act=android.intent.action.TIME_SET flg=0x24000010 cmp=com.mediatek.providers.drm/.TimeChangedReceiver }, ordered=true, receiver=com.mediatek.providers.drm.TimeChangedReceiver@432f6728
D/ActivityThread( 7051): BDC-RECEIVER handled : 0 / ReceiverData{intent=Intent { act=android.intent.action.TIME_SET flg=0x24000010 cmp=com.mediatek.providers.drm/.TimeChangedReceiver } packageName=com.mediatek.providers.drm resultCode=0 resultData=null resultExtras=null}
I/ActivityManager( 1909): Start proc com.oppo.wallpaper for broadcast com.oppo.wallpaper/.FestivalWallpaperReceiver: pid=11193 uid=1000 gids={41000, 3003, 1028, 1015, 1023, 3001, 3002, 3006, 3005, 2001, 1007, 1004, 2002, 1035}
D/ActivityManager( 1909):  (1) delay start com.oppo.wallpaper startResult.usingWrapper false
D/OppoUsageService( 1909): writeHistoryRecord[AppUsage], saveRes = 1
V/AlarmManager( 1909): isAlarmNeedAlign : screen on, Skip
V/AlarmManager( 1909): isAlarmNeedAlign : screen on, Skip
V/AlarmManager( 1909): isAlarmNeedAlign : screen on, Skip
V/AlarmManager( 1909): isAlarmNeedAlign : screen on, Skip
V/AlarmManager( 1909): isAlarmNeedAlign : screen on, Skip
V/AlarmManager( 1909): isAlarmNeedAlign : screen on, Skip
V/AlarmManager( 1909): isAlarmNeedAlign : screen on, Skip
V/AlarmManager( 1909): isAlarmNeedAlign : screen on, Skip
V/AlarmManager( 1909): isAlarmNeedAlign : screen on, Skip
V/AlarmManager( 1909): isAlarmNeedAlign : screen on, Skip
V/AlarmManager( 1909): isAlarmNeedAlign : screen on, Skip
V/ActivityManager( 1909): Broadcast: Intent { flg=0x10 cmp=com.tencent.mm/.booter.NotifyReceiver (has extras) } ordered=false userid=0 callerApp=ProcessRecord{4354edc8 6851:com.tencent.mm:push/u0a96}
V/AlarmManager( 1909): isAlarmNeedAlign : screen on, Skip
V/AlarmManager( 1909): isAlarmNeedAlign : screen on, Skip
V/AlarmManager( 1909): isAlarmNeedAlign : screen on, Skip
V/AlarmManager( 1909): isAlarmNeedAlign : screen on, Skip
V/AlarmManager( 1909): isAlarmNeedAlign : screen on, Skip
V/AlarmManager( 1909): isAlarmNeedAlign : screen on, Skip
V/AlarmManager( 1909): isAlarmNeedAlign : screen on, Skip
V/AlarmManager( 1909): isAlarmNeedAlign : screen on, Skip
V/AlarmManager( 1909): isAlarmNeedAlign : screen on, Skip
V/AlarmManager( 1909): isAlarmNeedAlign : screen on, Skip
V/AlarmManager( 1909): isAlarmNeedAlign : screen on, Skip
V/AlarmManager( 1909): isAlarmNeedAlign : screen on, Skip
V/AlarmManager( 1909): isAlarmNeedAlign : screen on, Skip
V/AlarmManager( 1909): isAlarmNeedAlign : screen on, Skip
V/AlarmManager( 1909): isAlarmNeedAlign : screen on, Skip
V/AlarmManager( 1909): isAlarmNeedAlign : screen on, Skip
V/AlarmManager( 1909): isAlarmNeedAlign : screen on, Skip
V/ActivityManager( 1909): ensureActivitiesVisibleLocked: consider front
V/ActivityManager( 1909): ensureActivitiesVisibleLocked: consider back
V/AlarmManager( 1909): isAlarmNeedAlign : screen on, Skip
D/DisplayManagerService( 1909): Display listener for pid 8037 died.
I/ActivityManager( 1909): Process com.android.settings (pid 8037) has died.
W/ContextImpl( 1909): Calling a method in the system process without a qualified user: android.app.ContextImpl.sendBroadcast:1345 com.android.server.am.OppoExtraActivityManagerService.setKeyLockModeNormal:47 com.android.server.am.ActivityManagerService.appDiedLocked:4489 com.android.server.am.ActivityManagerService$AppDeathRecipient.binderDied:1118 android.os.BinderProxy.sendDeathNotice:496 
V/ActivityManager( 1909): Broadcast: Intent { act=com.oppo.intent.action.KEY_LOCK_MODE flg=0x10 (has extras) } ordered=false userid=0 callerApp=ProcessRecord{4272b1e0 1909:system/1000}
D/ActivityManager( 1909): cleanUpApplicationRecordLocked app:ProcessRecord{4306b7a0 8037:com.android.settings/1000}, restarting:false, allowRestart:true, index:-1
D/ActivityManager( 1909): cleanUpApplicationRecordLocked from:com.android.server.am.ActivityManagerService.handleAppDiedLocked:4277 com.android.server.am.ActivityManagerService.appDiedLocked:4501 com.android.server.am.ActivityManagerService$AppDeathRecipient.binderDied:1118 android.os.BinderProxy.sendDeathNotice:496 
D/ActivityThread( 6839): SVC-UNBIND_SERVICE handled : 0 / BindServiceData{token=android.os.BinderProxy@426fb5a8 intent=Intent { act=android.bluetooth.IBluetoothInputDevice cmp=com.android.bluetooth/.hid.HidService }}
W/ActivityManager( 1909): Scheduling restart of crashed service com.android.settings/com.oppo.settings.timepower.TimepowerService in 1000ms
D/ActivityThread( 6839): SVC-UNBIND_SERVICE handled : 0 / BindServiceData{token=android.os.BinderProxy@427053d8 intent=Intent { act=android.bluetooth.IBluetoothMap cmp=com.android.bluetooth/.map.BluetoothMapService }}
D/ActivityThread( 6839): SVC-UNBIND_SERVICE handled : 0 / BindServiceData{token=android.os.BinderProxy@42752c88 intent=Intent { act=android.bluetooth.IBluetoothPbap cmp=com.android.bluetooth/.pbap.BluetoothPbapService }}
D/ActivityManager( 1909): getContentProviderImpl: from caller=android.app.ApplicationThreadProxy@42cfbea0 (pid=11193, userId=0) to get content provider settings cpr=ContentProviderRecord{42dd08e0 u0 com.android.providers.settings/.SettingsProvider}
D/ActivityManager( 1909): getContentProviderImpl: updateLruProcessLocked cpr.proc=ProcessRecord{4272b1e0 1909:system/1000}
V/AlarmManager( 1909): isAlarmNeedAlign : screen on, Skip
D/ActivityThread(11193): hoder:android.app.IActivityManager$ContentProviderHolder@426d65e0,provider,holder.Provider:android.content.ContentProviderProxy@426d6d60
V/AlarmManager( 1909): isAlarmNeedAlign : screen on, Skip
V/AlarmManager( 1909): isAlarmNeedAlign : screen on, Skip
V/AlarmManager( 1909): isAlarmNeedAlign : screen on, Skip
V/AlarmManager( 1909): isAlarmNeedAlign : screen on, Skip
V/AlarmManager( 1909): isAlarmNeedAlign : screen on, Skip
V/AlarmManager( 1909): isAlarmNeedAlign : screen on, Skip
V/AlarmManager( 1909): isAlarmNeedAlign : screen on, Skip
V/AlarmManager( 1909): isAlarmNeedAlign : screen on, Skip
V/AlarmManager( 1909): isAlarmNeedAlign : screen on, Skip
V/AlarmManager( 1909): isAlarmNeedAlign : screen on, Skip
V/AlarmManager( 1909): isAlarmNeedAlign : screen on, Skip
V/AlarmManager( 1909): isAlarmNeedAlign : screen on, Skip
V/AlarmManager( 1909): isAlarmNeedAlign : screen on, Skip
V/AlarmManager( 1909): isAlarmNeedAlign : screen on, Skip
V/AlarmManager( 1909): isAlarmNeedAlign : screen on, Skip
V/AlarmManager( 1909): isAlarmNeedAlign : screen on, Skip
V/AlarmManager( 1909): isAlarmNeedAlign : screen on, Skip
V/AlarmManager( 1909): isAlarmNeedAlign : screen on, Skip
V/AlarmManager( 1909): isAlarmNeedAlign : screen on, Skip
V/AlarmManager( 1909): isAlarmNeedAlign : screen on, Skip
V/AlarmManager( 1909): isAlarmNeedAlign : screen on, Skip
V/AlarmManager( 1909): isAlarmNeedAlign : screen on, Skip
V/AlarmManager( 1909): isAlarmNeedAlign : screen on, Skip
V/AlarmManager( 1909): isAlarmNeedAlign : screen on, Skip
V/AlarmManager( 1909): isAlarmNeedAlign : screen on, Skip
V/AlarmManager( 1909): isAlarmNeedAlign : screen on, Skip
D/ActivityThread(11193): BIND_APPLICATION handled : 0 / AppBindData{appInfo=ApplicationInfo{426d39d0 com.oppo.wallpaper}}
V/AlarmManager( 1909): isAlarmNeedAlign : screen on, Skip
V/AlarmManager( 1909): isAlarmNeedAlign : screen on, Skip
D/ActivityThread(11193): BDC-Calling onReceive: intent=Intent { act=android.intent.action.TIME_SET flg=0x24000010 cmp=com.oppo.wallpaper/.FestivalWallpaperReceiver }, ordered=true, receiver=com.oppo.wallpaper.FestivalWallpaperReceiver@426dd478
D/ActivityThread(11193): BDC-RECEIVER handled : 0 / ReceiverData{intent=Intent { act=android.intent.action.TIME_SET flg=0x24000010 cmp=com.oppo.wallpaper/.FestivalWallpaperReceiver } packageName=com.oppo.wallpaper resultCode=0 resultData=null resultExtras=null}
I/ActivityManager( 1909): Start proc com.oppo.filemanager for broadcast com.oppo.filemanager/.akeytomove.AKeyToMoveReceiver: pid=11207 uid=10032 gids={50032, 1028, 1015, 1023, 3003, 2001}
D/ActivityManager( 1909):  (1) delay start com.oppo.filemanager startResult.usingWrapper false
D/OppoUsageService( 1909): writeHistoryRecord[AppUsage], saveRes = 1
V/AlarmManager( 1909): isAlarmNeedAlign : screen on, Skip
V/AlarmManager( 1909): isAlarmNeedAlign : screen on, Skip
V/AlarmManager( 1909): isAlarmNeedAlign : screen on, Skip
V/AlarmManager( 1909): isAlarmNeedAlign : screen on, Skip
V/AlarmManager( 1909): isAlarmNeedAlign : screen on, Skip
V/AlarmManager( 1909): isAlarmNeedAlign : screen on, Skip
V/AlarmManager( 1909): isAlarmNeedAlign : screen on, Skip
V/AlarmManager( 1909): isAlarmNeedAlign : screen on, Skip
V/AlarmManager( 1909): isAlarmNeedAlign : screen on, Skip
V/AlarmManager( 1909): isAlarmNeedAlign : screen on, Skip
V/AlarmManager( 1909): isAlarmNeedAlign : screen on, Skip
V/AlarmManager( 1909): isAlarmNeedAlign : screen on, Skip
V/AlarmManager( 1909): isAlarmNeedAlign : screen on, Skip
V/AlarmManager( 1909): isAlarmNeedAlign : screen on, Skip
V/AlarmManager( 1909): isAlarmNeedAlign : screen on, Skip
V/AlarmManager( 1909): isAlarmNeedAlign : screen on, Skip
V/AlarmManager( 1909): isAlarmNeedAlign : screen on, Skip
V/AlarmManager( 1909): isAlarmNeedAlign : screen on, Skip
V/AlarmManager( 1909): isAlarmNeedAlign : screen on, Skip
V/AlarmManager( 1909): isAlarmNeedAlign : screen on, Skip
V/AlarmManager( 1909): isAlarmNeedAlign : screen on, Skip
V/AlarmManager( 1909): isAlarmNeedAlign : screen on, Skip
V/AlarmManager( 1909): isAlarmNeedAlign : screen on, Skip
V/AlarmManager( 1909): isAlarmNeedAlign : screen on, Skip
V/AlarmManager( 1909): isAlarmNeedAlign : screen on, Skip
V/AlarmManager( 1909): isAlarmNeedAlign : screen on, Skip
V/AlarmManager( 1909): isAlarmNeedAlign : screen on, Skip
V/AlarmManager( 1909): isAlarmNeedAlign : screen on, Skip
V/AlarmManager( 1909): isAlarmNeedAlign : screen on, Skip
V/AlarmManager( 1909): isAlarmNeedAlign : screen on, Skip
V/ActivityManager( 1909): ensureActivitiesVisibleLocked: consider front
V/ActivityManager( 1909): ensureActivitiesVisibleLocked: consider back
D/DisplayManagerService( 1909): Display listener for pid 11193 died.
I/ActivityManager( 1909): Process com.oppo.wallpaper (pid 11193) has died.
W/ContextImpl( 1909): Calling a method in the system process without a qualified user: android.app.ContextImpl.sendBroadcast:1345 com.android.server.am.OppoExtraActivityManagerService.setKeyLockModeNormal:47 com.android.server.am.ActivityManagerService.appDiedLocked:4489 com.android.server.am.ActivityManagerService$AppDeathRecipient.binderDied:1118 android.os.BinderProxy.sendDeathNotice:496 
V/ActivityManager( 1909): Broadcast: Intent { act=com.oppo.intent.action.KEY_LOCK_MODE flg=0x10 (has extras) } ordered=false userid=0 callerApp=ProcessRecord{4272b1e0 1909:system/1000}
D/ActivityManager( 1909): cleanUpApplicationRecordLocked app:ProcessRecord{42f06298 11193:com.oppo.wallpaper/1000}, restarting:false, allowRestart:true, index:-1
D/ActivityManager( 1909): cleanUpApplicationRecordLocked from:com.android.server.am.ActivityManagerService.handleAppDiedLocked:4277 com.android.server.am.ActivityManagerService.appDiedLocked:4501 com.android.server.am.ActivityManagerService$AppDeathRecipient.binderDied:1118 android.os.BinderProxy.sendDeathNotice:496 
D/ActivityManager( 1909): getContentProviderImpl: from caller=android.app.ApplicationThreadProxy@4397d680 (pid=11207, userId=0) to get content provider settings cpr=ContentProviderRecord{42dd08e0 u0 com.android.providers.settings/.SettingsProvider}
D/ActivityManager( 1909): getContentProviderImpl: updateLruProcessLocked cpr.proc=ProcessRecord{4272b1e0 1909:system/1000}
D/ActivityThread(11207): hoder:android.app.IActivityManager$ContentProviderHolder@426d8b88,provider,holder.Provider:android.content.ContentProviderProxy@426d9308
D/ActivityThread(11207): installProvider: context.getPackageName()=com.oppo.filemanager
D/ActivityThread(11207): installProvider: context.getPackageName()=com.oppo.filemanager
D/ActivityThread(11207): installProvider: context.getPackageName()=com.oppo.filemanager
D/ActivityManager( 1909): publishContentProviders: from caller=android.app.ApplicationThreadProxy@42f9cba0 (pid=11207)
D/ActivityThread(11207): BIND_APPLICATION handled : 0 / AppBindData{appInfo=ApplicationInfo{426d4b10 com.oppo.filemanager}}
D/ActivityThread(11207): BDC-Calling onReceive: intent=Intent { act=android.intent.action.TIME_SET flg=0x24000010 cmp=com.oppo.filemanager/.akeytomove.AKeyToMoveReceiver }, ordered=true, receiver=com.oppo.filemanager.akeytomove.AKeyToMoveReceiver@426eacb0
D/ActivityThread(11207): BDC-RECEIVER handled : 0 / ReceiverData{intent=Intent { act=android.intent.action.TIME_SET flg=0x24000010 cmp=com.oppo.filemanager/.akeytomove.AKeyToMoveReceiver } packageName=com.oppo.filemanager resultCode=0 resultData=null resultExtras=null}
D/ActivityThread(11207): SVC-Creating service: CreateServiceData{token=android.os.BinderProxy@426ecc30 className=com.oppo.filemanager.akeytomove.BootCompletedService packageName=com.oppo.filemanager intent=null}
D/ActivityThread(11207): SVC-CREATE_SERVICE handled : 0 / CreateServiceData{token=android.os.BinderProxy@426ecc30 className=com.oppo.filemanager.akeytomove.BootCompletedService packageName=com.oppo.filemanager intent=null}
D/ActivityThread(11207): SVC-SERVICE_ARGS handled : 0 / ServiceArgsData{token=android.os.BinderProxy@426ecc30 startId=1 args=Intent { cmp=com.oppo.filemanager/.akeytomove.BootCompletedService (has extras) }}
V/AlarmManager( 1909): isAlarmNeedAlign : screen on, Skip
V/AlarmManager( 1909): isAlarmNeedAlign : screen on, Skip
V/AlarmManager( 1909): isAlarmNeedAlign : screen on, Skip
V/AlarmManager( 1909): isAlarmNeedAlign : screen on, Skip
V/AlarmManager( 1909): isAlarmNeedAlign : screen on, Skip
V/AlarmManager( 1909): isAlarmNeedAlign : screen on, Skip
V/AlarmManager( 1909): isAlarmNeedAlign : screen on, Skip
V/AlarmManager( 1909): isAlarmNeedAlign : screen on, Skip
V/AlarmManager( 1909): isAlarmNeedAlign : screen on, Skip
V/AlarmManager( 1909): isAlarmNeedAlign : screen on, Skip
V/AlarmManager( 1909): isAlarmNeedAlign : screen on, Skip
V/AlarmManager( 1909): isAlarmNeedAlign : screen on, Skip
V/AlarmManager( 1909): isAlarmNeedAlign : screen on, Skip
V/AlarmManager( 1909): isAlarmNeedAlign : screen on, Skip
V/AlarmManager( 1909): isAlarmNeedAlign : screen on, Skip
V/AlarmManager( 1909): isAlarmNeedAlign : screen on, Skip
V/AlarmManager( 1909): isAlarmNeedAlign : screen on, Skip
V/AlarmManager( 1909): isAlarmNeedAlign : screen on, Skip
V/AlarmManager( 1909): isAlarmNeedAlign : screen on, Skip
V/AlarmManager( 1909): isAlarmNeedAlign : screen on, Skip
V/AlarmManager( 1909): isAlarmNeedAlign : screen on, Skip
V/AlarmManager( 1909): isAlarmNeedAlign : screen on, Skip
V/AlarmManager( 1909): isAlarmNeedAlign : screen on, Skip
V/AlarmManager( 1909): isAlarmNeedAlign : screen on, Skip
V/AlarmManager( 1909): isAlarmNeedAlign : screen on, Skip
V/AlarmManager( 1909): isAlarmNeedAlign : screen on, Skip
V/AlarmManager( 1909): isAlarmNeedAlign : screen on, Skip
V/AlarmManager( 1909): isAlarmNeedAlign : screen on, Skip
V/AlarmManager( 1909): isAlarmNeedAlign : screen on, Skip
I/ActivityManager( 1909): Start proc com.oppo.holidaymode for broadcast com.oppo.holidaymode/.receiver.HolidayReceiver: pid=11224 uid=10036 gids={50036}
D/ActivityManager( 1909):  (1) delay start com.oppo.holidaymode startResult.usingWrapper false
D/OppoUsageService( 1909): writeHistoryRecord[AppUsage], saveRes = 1
V/ActivityManager( 1909): ensureActivitiesVisibleLocked: consider front
V/ActivityManager( 1909): ensureActivitiesVisibleLocked: consider back
D/ActivityManager( 1909): getContentProviderImpl: from caller=android.app.ApplicationThreadProxy@42d5c350 (pid=11224, userId=0) to get content provider settings cpr=ContentProviderRecord{42dd08e0 u0 com.android.providers.settings/.SettingsProvider}
D/ActivityManager( 1909): getContentProviderImpl: updateLruProcessLocked cpr.proc=ProcessRecord{4272b1e0 1909:system/1000}
D/ActivityThread(11224): hoder:android.app.IActivityManager$ContentProviderHolder@426d8d88,provider,holder.Provider:android.content.ContentProviderProxy@426d9508
D/SocketClient(  243): SocketClient sendDatalocked done: 222
D/SocketClient(  243): SocketClient sendDatalocked done: 222
D/SocketClient(  243): SocketClient sendDatalocked done: 
D/SocketClient(  243): SocketClient sendDatalocked done: 
D/SocketClient(  243): SocketClient sendDatalocked done: 
D/SocketClient(  243): SocketClient sendDatalocked done: 
D/SocketClient(  243): SocketClient sendDatalocked done: 
D/SocketClient(  243): SocketClient sendDatalocked done: 
D/SocketClient(  243): SocketClient sendDatalocked done: 
D/SocketClient(  243): SocketClient sendDatalocked done: 
D/SocketClient(  243): SocketClient sendDatalocked done: 
D/SocketClient(  243): SocketClient sendDatalocked done: 
D/SocketClient(  243): SocketClient sendDatalocked done: 
D/SocketClient(  243): SocketClient sendDatalocked done: 
D/SocketClient(  243): SocketClient sendDatalocked done: 
D/SocketClient(  243): SocketClient sendDatalocked done: 
D/SocketClient(  243): SocketClient sendDatalocked done: 
D/SocketClient(  243): SocketClient sendDatalocked done: 
D/SocketClient(  243): SocketClient sendDatalocked done: 
D/SocketClient(  243): SocketClient sendDatalocked done: 
D/SocketClient(  243): SocketClient sendDatalocked done: 
D/SocketClient(  243): SocketClient sendDatalocked done: 
D/SocketClient(  243): SocketClient sendDatalocked done: 
D/SocketClient(  243): SocketClient sendDatalocked done: 
D/SocketClient(  243): SocketClient sendDatalocked done: 
D/SocketClient(  243): SocketClient sendDatalocked done: 
D/SocketClient(  243): SocketClient sendDatalocked done: 
D/SocketClient(  243): SocketClient sendDatalocked done: 
D/SocketClient(  243): SocketClient sendDatalocked done: 
D/SocketClient(  243): SocketClient sendDatalocked done: 
D/SocketClient(  243): SocketClient sendDatalocked done: 
D/SocketClient(  243): SocketClient sendDatalocked done: 
D/SocketClient(  243): SocketClient sendDatalocked done: 
D/SocketClient(  243): SocketClient sendDatalocked done: 
D/SocketClient(  243): SocketClient sendDatalocked done: 
D/SocketClient(  243): SocketClient sendDatalocked done: 
D/SocketClient(  243): SocketClient sendDatalocked done: 
D/SocketClient(  243): SocketClient sendDatalocked done: 
D/SocketClient(  243): SocketClient sendDatalocked done: 
D/SocketClient(  243): SocketClient sendDatalocked done: 
D/SocketClient(  243): SocketClient sendDatalocked done: 
D/SocketClient(  243): SocketClient sendDatalocked done: 
D/SocketClient(  243): SocketClient sendDatalocked done: 
D/SocketClient(  243): SocketClient sendDatalocked done: 
D/SocketClient(  243): SocketClient sendDatalocked done: 
D/SocketClient(  243): SocketClient sendDatalocked done: 
D/SocketClient(  243): SocketClient sendDatalocked done: 
D/SocketClient(  243): SocketClient sendDatalocked done: 
D/SocketClient(  243): SocketClient sendDatalocked done: 
D/SocketClient(  243): SocketClient sendDatalocked done: 
D/SocketClient(  243): SocketClient sendDatalocked done: 
D/SocketClient(  243): SocketClient sendDatalocked done: 
D/SocketClient(  243): SocketClient sendDatalocked done: 
D/SocketClient(  243): SocketClient sendDatalocked done: 
D/SocketClient(  243): SocketClient sendDatalocked done: 
D/SocketClient(  243): SocketClient sendDatalocked done: 
D/SocketClient(  243): SocketClient sendDatalocked done: 
D/SocketClient(  243): SocketClient sendDatalocked done: 
D/SocketClient(  243): SocketClient sendDatalocked done: 
D/SocketClient(  243): SocketClient sendDatalocked done: 
D/SocketClient(  243): SocketClient sendDatalocked done: 
D/SocketClient(  243): SocketClient sendDatalocked done: 
D/SocketClient(  243): SocketClient sendDatalocked done: 
D/SocketClient(  243): SocketClient sendDatalocked done: 
D/SocketClient(  243): SocketClient sendDatalocked done: 
D/SocketClient(  243): SocketClient sendDatalocked done: 
D/SocketClient(  243): SocketClient sendDatalocked done: 
D/SocketClient(  243): SocketClient sendDatalocked done: 
D/SocketClient(  243): SocketClient sendDatalocked done: 
D/SocketClient(  243): SocketClient sendDatalocked done: 
D/SocketClient(  243): SocketClient sendDatalocked done: 
D/SocketClient(  243): SocketClient sendDatalocked done: 
D/SocketClient(  243): SocketClient sendDatalocked done: 
D/SocketClient(  243): SocketClient sendDatalocked done: 
D/SocketClient(  243): SocketClient sendDatalocked done: 
D/SocketClient(  243): SocketClient sendDatalocked done: 
D/SocketClient(  243): SocketClient sendDatalocked done: 
D/SocketClient(  243): SocketClient sendDatalocked done: 
D/SocketClient(  243): SocketClient sendDatalocked done: 
D/SocketClient(  243): SocketClient sendDatalocked done: 
D/SocketClient(  243): SocketClient sendDatalocked done: 
D/SocketClient(  243): SocketClient sendDatalocked done: 
D/SocketClient(  243): SocketClient sendDatalocked done: 
D/SocketClient(  243): SocketClient sendDatalocked done: 
D/SocketClient(  243): SocketClient sendDatalocked done: 
D/SocketClient(  243): SocketClient sendDatalocked done: 
D/SocketClient(  243): SocketClient sendDatalocked done: 
D/SocketClient(  243): SocketClient sendDatalocked done: 
D/SocketClient(  243): SocketClient sendDatalocked done: 
D/SocketClient(  243): SocketClient sendDatalocked done: 
D/SocketClient(  243): SocketClient sendDatalocked done: 
D/SocketClient(  243): SocketClient sendDatalocked done: 
D/SocketClient(  243): SocketClient sendDatalocked done: 
D/SocketClient(  243): SocketClient sendDatalocked done: 
D/SocketClient(  243): SocketClient sendDatalocked done: 
D/SocketClient(  243): SocketClient sendDatalocked done: 
D/SocketClient(  243): SocketClient sendDatalocked done: 
D/SocketClient(  243): SocketClient sendDatalocked done: 
D/SocketClient(  243): SocketClient sendDatalocked done: 
D/SocketClient(  243): SocketClient sendDatalocked done: 
D/SocketClient(  243): SocketClient sendDatalocked done: 
D/SocketClient(  243): SocketClient sendDatalocked done: 
D/SocketClient(  243): SocketClient sendDatalocked done: 
D/SocketClient(  243): SocketClient sendDatalocked done: 
D/SocketClient(  243): SocketClient sendDatalocked done: 
D/SocketClient(  243): SocketClient sendDatalocked done: 
D/SocketClient(  243): SocketClient sendDatalocked done: 
D/SocketClient(  243): SocketClient sendDatalocked done: 
D/SocketClient(  243): SocketClient sendDatalocked done: 
D/SocketClient(  243): SocketClient sendDatalocked done: 
D/SocketClient(  243): SocketClient sendDatalocked done: 
D/SocketClient(  243): SocketClient sendDatalocked done: 
D/SocketClient(  243): SocketClient sendDatalocked done: 
D/SocketClient(  243): SocketClient sendDatalocked done: 
D/ActivityThread(11224): installProvider: context.getPackageName()=com.oppo.holidaymode
D/ActivityManager( 1909): publishContentProviders: from caller=android.app.ApplicationThreadProxy@435b57e0 (pid=11224)
D/ActivityThread(11224): BIND_APPLICATION handled : 0 / AppBindData{appInfo=ApplicationInfo{426d5b20 com.oppo.holidaymode}}
D/ActivityThread(11224): BDC-Calling onReceive: intent=Intent { act=android.intent.action.TIME_SET flg=0x24000010 cmp=com.oppo.holidaymode/.receiver.HolidayReceiver }, ordered=true, receiver=com.oppo.holidaymode.receiver.HolidayReceiver@426e3880
V/ActivityManager( 1909): Broadcast: Intent { act=com.oppo.intent.action.ACTION_HIDE_NO_DISTURB_ICON flg=0x10 } ordered=false userid=0 callerApp=ProcessRecord{434551d0 11224:com.oppo.holidaymode/u0a36}
V/AlarmManager( 1909): isAlarmNeedAlign : screen on, Skip
V/AlarmManager( 1909): isAlarmNeedAlign : screen on, Skip
V/AlarmManager( 1909): isAlarmNeedAlign : screen on, Skip
V/AlarmManager( 1909): isAlarmNeedAlign : screen on, Skip
V/AlarmManager( 1909): isAlarmNeedAlign : screen on, Skip
V/AlarmManager( 1909): isAlarmNeedAlign : screen on, Skip
V/AlarmManager( 1909): isAlarmNeedAlign : screen on, Skip
V/AlarmManager( 1909): isAlarmNeedAlign : screen on, Skip
V/AlarmManager( 1909): isAlarmNeedAlign : screen on, Skip
V/AlarmManager( 1909): isAlarmNeedAlign : screen on, Skip
V/AlarmManager( 1909): isAlarmNeedAlign : screen on, Skip
V/AlarmManager( 1909): isAlarmNeedAlign : screen on, Skip
V/AlarmManager( 1909): isAlarmNeedAlign : screen on, Skip
V/AlarmManager( 1909): isAlarmNeedAlign : screen on, Skip
V/AlarmManager( 1909): isAlarmNeedAlign : screen on, Skip
V/AlarmManager( 1909): isAlarmNeedAlign : screen on, Skip
V/AlarmManager( 1909): isAlarmNeedAlign : screen on, Skip
V/AlarmManager( 1909): isAlarmNeedAlign : screen on, Skip
V/AlarmManager( 1909): isAlarmNeedAlign : screen on, Skip
V/AlarmManager( 1909): isAlarmNeedAlign : screen on, Skip
V/AlarmManager( 1909): isAlarmNeedAlign : screen on, Skip
V/AlarmManager( 1909): isAlarmNeedAlign : screen on, Skip
V/AlarmManager( 1909): isAlarmNeedAlign : screen on, Skip
V/AlarmManager( 1909): isAlarmNeedAlign : screen on, Skip
V/AlarmManager( 1909): isAlarmNeedAlign : screen on, Skip
V/AlarmManager( 1909): isAlarmNeedAlign : screen on, Skip
V/AlarmManager( 1909): isAlarmNeedAlign : screen on, Skip
V/AlarmManager( 1909): isAlarmNeedAlign : screen on, Skip
V/AlarmManager( 1909): isAlarmNeedAlign : screen on, Skip
D/DisplayManagerService( 1909): Display listener for pid 11224 died.
I/ActivityManager( 1909): Process com.oppo.holidaymode (pid 11224) has died.
W/ContextImpl( 1909): Calling a method in the system process without a qualified user: android.app.ContextImpl.sendBroadcast:1345 com.android.server.am.OppoExtraActivityManagerService.setKeyLockModeNormal:47 com.android.server.am.ActivityManagerService.appDiedLocked:4489 com.android.server.am.ActivityManagerService$AppDeathRecipient.binderDied:1118 android.os.BinderProxy.sendDeathNotice:496 
V/ActivityManager( 1909): Broadcast: Intent { act=com.oppo.intent.action.KEY_LOCK_MODE flg=0x10 (has extras) } ordered=false userid=0 callerApp=ProcessRecord{4272b1e0 1909:system/1000}
D/ActivityManager( 1909): cleanUpApplicationRecordLocked app:ProcessRecord{434551d0 11224:com.oppo.holidaymode/u0a36}, restarting:false, allowRestart:true, index:-1
D/ActivityManager( 1909): cleanUpApplicationRecordLocked from:com.android.server.am.ActivityManagerService.handleAppDiedLocked:4277 com.android.server.am.ActivityManagerService.appDiedLocked:4501 com.android.server.am.ActivityManagerService$AppDeathRecipient.binderDied:1118 android.os.BinderProxy.sendDeathNotice:496 
D/ActivityThread( 4788): BDC-Calling onReceive: intent=Intent { act=android.intent.action.TIME_SET flg=0x24000010 cmp=com.nearme.statistics.rom/.upgrade.service.BootCompleteReceiver }, ordered=true, receiver=com.nearme.statistics.rom.upgrade.service.BootCompleteReceiver@4291b1f0
D/ActivityThread( 4788): BDC-RECEIVER handled : 0 / ReceiverData{intent=Intent { act=android.intent.action.TIME_SET flg=0x24000010 cmp=com.nearme.statistics.rom/.upgrade.service.BootCompleteReceiver } packageName=com.nearme.statistics.rom resultCode=0 resultData=null resultExtras=null}
D/ActivityThread( 5192): BDC-Calling onReceive: intent=Intent { act=android.intent.action.TIME_SET flg=0x24000010 cmp=com.oppo.weather/.receiver.WeatherPushReceiver }, ordered=true, receiver=com.oppo.weather.receiver.WeatherPushReceiver@428c72e0
D/ActivityThread( 5192): BDC-RECEIVER handled : 0 / ReceiverData{intent=Intent { act=android.intent.action.TIME_SET flg=0x24000010 cmp=com.oppo.weather/.receiver.WeatherPushReceiver } packageName=com.oppo.weather resultCode=0 resultData=null resultExtras=null}
D/ActivityThread( 5192): BDC-Calling onReceive: intent=Intent { act=android.intent.action.TIME_SET flg=0x24000010 cmp=com.oppo.weather/.receiver.AutoUpdateWeatherReceiver }, ordered=true, receiver=com.oppo.weather.receiver.AutoUpdateWeatherReceiver@428c9148
D/ActivityThread( 5192): BDC-RECEIVER handled : 0 / ReceiverData{intent=Intent { act=android.intent.action.TIME_SET flg=0x24000010 cmp=com.oppo.weather/.receiver.AutoUpdateWeatherReceiver } packageName=com.oppo.weather resultCode=0 resultData=null resultExtras=null}
D/ActivityThread( 5192): BDC-Calling onReceive: intent=Intent { act=android.intent.action.TIME_SET flg=0x24000010 cmp=com.oppo.weather/.external.ExternalPhoneAutoUpdateRecevier }, ordered=true, receiver=com.oppo.weather.external.ExternalPhoneAutoUpdateRecevier@428cb468
D/ActivityThread( 5192): BDC-RECEIVER handled : 0 / ReceiverData{intent=Intent { act=android.intent.action.TIME_SET flg=0x24000010 cmp=com.oppo.weather/.external.ExternalPhoneAutoUpdateRecevier } packageName=com.oppo.weather resultCode=0 resultData=null resultExtras=null}
D/ActivityThread( 7497): BDC-Calling onReceive: intent=Intent { act=android.intent.action.TIME_SET flg=0x24000010 cmp=com.oppo.yellowpage/com.oppo.upgrade.autoservice.BootCompleteReceiver }, ordered=true, receiver=com.oppo.upgrade.autoservice.BootCompleteReceiver@427fd0b8
D/ActivityThread( 7497): BDC-RECEIVER handled : 0 / ReceiverData{intent=Intent { act=android.intent.action.TIME_SET flg=0x24000010 cmp=com.oppo.yellowpage/com.oppo.upgrade.autoservice.BootCompleteReceiver } packageName=com.oppo.yellowpage resultCode=0 resultData=null resultExtras=null}
D/ActivityThread( 4675): BDC-Calling onReceive: intent=Intent { act=android.intent.action.TIME_SET flg=0x24000010 cmp=com.color.safecenter/com.color.cleandroid.ui.TimeSetReceiver }, ordered=true, receiver=com.color.cleandroid.ui.TimeSetReceiver@4290c308
D/ActivityThread( 4675): BDC-RECEIVER handled : 0 / ReceiverData{intent=Intent { act=android.intent.action.TIME_SET flg=0x24000010 cmp=com.color.safecenter/com.color.cleandroid.ui.TimeSetReceiver } packageName=com.color.safecenter resultCode=0 resultData=null resultExtras=null}
I/ActivityManager( 1909): Start proc com.mediatek.schpwronoff for broadcast com.mediatek.schpwronoff/.AlarmInitReceiver: pid=11240 uid=1000 gids={41000, 3003, 1028, 1015, 1023, 3001, 3002, 3006, 3005, 2001, 1007, 1004, 2002, 1035}
D/ActivityManager( 1909):  (1) delay start com.mediatek.schpwronoff startResult.usingWrapper false
D/OppoUsageService( 1909): writeHistoryRecord[AppUsage], saveRes = 1
V/ActivityManager( 1909): ensureActivitiesVisibleLocked: consider front
V/ActivityManager( 1909): ensureActivitiesVisibleLocked: consider back
D/ActivityManager( 1909): getContentProviderImpl: from caller=android.app.ApplicationThreadProxy@428caa90 (pid=11240, userId=0) to get content provider settings cpr=ContentProviderRecord{42dd08e0 u0 com.android.providers.settings/.SettingsProvider}
D/ActivityManager( 1909): getContentProviderImpl: updateLruProcessLocked cpr.proc=ProcessRecord{4272b1e0 1909:system/1000}
D/ActivityThread(11240): hoder:android.app.IActivityManager$ContentProviderHolder@426da080,provider,holder.Provider:android.content.ContentProviderProxy@426da800
D/ActivityThread(11240): installProvider: context.getPackageName()=com.mediatek.schpwronoff
D/ActivityManager( 1909): publishContentProviders: from caller=android.app.ApplicationThreadProxy@431226c0 (pid=11240)
D/ActivityThread(11240): BIND_APPLICATION handled : 0 / AppBindData{appInfo=ApplicationInfo{426d6f18 com.mediatek.schpwronoff}}
D/ActivityThread(11240): BDC-Calling onReceive: intent=Intent { act=android.intent.action.TIME_SET flg=0x24000010 cmp=com.mediatek.schpwronoff/.AlarmInitReceiver }, ordered=true, receiver=com.mediatek.schpwronoff.AlarmInitReceiver@426e4570
W/ContextImpl(11240): Calling a method in the system process without a qualified user: android.app.ContextImpl.startService:1701 android.content.ContextWrapper.startService:494 android.content.ContextWrapper.startService:494 com.mediatek.schpwronoff.AlarmReceiverService.processBroadcastIntent:32 com.mediatek.schpwronoff.AlarmInitReceiver.onReceive:61 
D/ActivityThread(11240): BDC-RECEIVER handled : 0 / ReceiverData{intent=Intent { act=android.intent.action.TIME_SET flg=0x24000010 cmp=com.mediatek.schpwronoff/.AlarmInitReceiver } packageName=com.mediatek.schpwronoff resultCode=0 resultData=null resultExtras=null}
D/ActivityThread(11240): SVC-Creating service: CreateServiceData{token=android.os.BinderProxy@426e89e8 className=com.mediatek.schpwronoff.AlarmReceiverService packageName=com.mediatek.schpwronoff intent=null}
D/ActivityThread( 5381): BDC-Calling onReceive: intent=Intent { act=android.intent.action.TIME_SET flg=0x24000010 cmp=com.tencent.mobileqq/.msf.core.NetConnInfoCenter }, ordered=true, receiver=com.tencent.mobileqq.msf.core.NetConnInfoCenter@4281cf68
D/ActivityThread(11240): SVC-CREATE_SERVICE handled : 0 / CreateServiceData{token=android.os.BinderProxy@426e89e8 className=com.mediatek.schpwronoff.AlarmReceiverService packageName=com.mediatek.schpwronoff intent=null}
D/ActivityThread(11240): SVC-SERVICE_ARGS handled : 0 / ServiceArgsData{token=android.os.BinderProxy@426e89e8 startId=1 args=Intent { act=broadcast_receiver cmp=com.mediatek.schpwronoff/.AlarmReceiverService (has extras) }}
D/ConnectivityService( 1909): getActiveNetworkInfo:NetworkInfo: type: WIFI[], state: CONNECTED/CONNECTED, reason: (unspecified), extra: "60_dev_01", roaming: false, failover: false, isAvailable: true, isConnectedToProvisioningNetwork: false, simId: 0/10095
D/ConnectivityService( 1909): getActiveNetworkInfo:NetworkInfo: type: WIFI[], state: CONNECTED/CONNECTED, reason: (unspecified), extra: "60_dev_01", roaming: false, failover: false, isAvailable: true, isConnectedToProvisioningNetwork: false, simId: 0/10095
D/ActivityThread( 5381): BDC-RECEIVER handled : 0 / ReceiverData{intent=Intent { act=android.intent.action.TIME_SET flg=0x24000010 cmp=com.tencent.mobileqq/.msf.core.NetConnInfoCenter } packageName=com.tencent.mobileqq resultCode=0 resultData=null resultExtras=null}
D/ActivityThread( 6817): BDC-Calling onReceive: intent=Intent { act=android.intent.action.TIME_SET flg=0x24000010 cmp=com.oppo.alarmclock/.alarmclock.AlarmInitReceiver }, ordered=true, receiver=com.oppo.alarmclock.alarmclock.AlarmInitReceiver@427237a0
D/ActivityThread( 6817): BDC-RECEIVER handled : 0 / ReceiverData{intent=Intent { act=android.intent.action.TIME_SET flg=0x24000010 cmp=com.oppo.alarmclock/.alarmclock.AlarmInitReceiver } packageName=com.oppo.alarmclock resultCode=0 resultData=null resultExtras=null}
D/AlarmManager( 1909): alarm set type 7 8, package name com.mediatek.schpwronoff
W/AlarmManager( 1909): power off alarm set time is wrong!
I/AlarmManager( 1909): remove power off alarm pacakge name com.mediatek.schpwronoff
D/ActivityThread( 5580): BDC-Calling onReceive: intent=Intent { act=action_keep_alive_close flg=0x94 pkg=com.kingroot.master (has extras) }, ordered=true, receiver=tmsdk.common.module.sdknetpool.sharknetwork.cj@42d74de8, IIntentReceiver=42d74ff8
D/ActivityThread( 5580): BDC-Calling finishReceiver: IIntentReceiver=42d74ff8
