V/AlarmManager( 1909): Adding Alarm{4316f880 type 3 com.kingroot.kinguser} to Batch{4316f7f8 num=2 start=1819697 end=3169697}
V/AlarmManager( 1909):     => now Batch{4316f7f8 num=2 start=1820706 end=3169697}
V/AlarmManager( 1909): isAlarmNeedAlign : screen on, Skip
V/AlarmManager( 1909): Adding Alarm{430ed320 type 0 com.kingroot.kinguser} to Batch{4316f7f8 num=3 start=1820706 end=3169697}
V/AlarmManager( 1909):     => now Batch{4316f7f8 num=3 start=1822489 end=2481178}
V/AlarmManager( 1909): isAlarmNeedAlign : screen on, Skip
V/AlarmManager( 1909): Adding Alarm{4303db50 type 0 com.kingroot.master} to Batch{4316f7f8 num=4 start=1822489 end=2481178}
V/AlarmManager( 1909):     => now Batch{4316f7f8 num=4 start=1826146 end=2481178}
V/AlarmManager( 1909): Adding Alarm{42f5deb0 type 0 android} to Batch{4316f7f8 num=5 start=1826146 end=2481178}
V/AlarmManager( 1909):     => now Batch{4316f7f8 num=5 start=1831329 end=1831329}
V/AlarmManager( 1909): Adding Alarm{42f01028 type 2 android} to Batch{42f03258 num=2 start=2220386 end=3570386}
V/AlarmManager( 1909):     => now Batch{42f03258 num=2 start=2351853 end=2351853}
V/AlarmManager( 1909): isAlarmNeedAlign : screen on, Skip
V/AlarmManager( 1909): isAlarmNeedAlign : screen on, Skip
V/AlarmManager( 1909): Adding Alarm{42d1a3c0 type 0 com.oppo.market} to Batch{42d1b7f8 num=2 start=7295974 end=12695974}
V/AlarmManager( 1909):     => now Batch{42d1b7f8 num=2 start=7295974 end=8914350}
V/AlarmManager( 1909): Adding Alarm{42c40ac0 type 1 com.nearme.statistics.rom} to Batch{42d1b7f8 num=3 start=7295974 end=8914350}
V/AlarmManager( 1909):     => now Batch{42d1b7f8 num=3 start=7295974 end=8914350}
V/AlarmManager( 1909): Adding Alarm{42aba950 type 1 com.oppo.yellowpage} to Batch{42d1b7f8 num=4 start=7295974 end=8914350}
V/AlarmManager( 1909):     => now Batch{42d1b7f8 num=4 start=7295974 end=8914350}
V/AlarmManager( 1909): Adding Alarm{43445320 type 1 com.nearme.statistics.rom} to Batch{42d1b7f8 num=5 start=7295974 end=8914350}
V/AlarmManager( 1909):     => now Batch{42d1b7f8 num=5 start=7835056 end=8914350}
V/AlarmManager( 1909): Adding Alarm{434084b8 type 1 com.oppo.yellowpage} to Batch{42d1b7f8 num=6 start=7835056 end=8914350}
V/AlarmManager( 1909):     => now Batch{42d1b7f8 num=6 start=7835070 end=8914350}
V/AlarmManager( 1909): Adding Alarm{4311b728 type 1 com.oppo.weather} to Batch{42d1b7f8 num=7 start=7835070 end=8914350}
V/AlarmManager( 1909):     => now Batch{42d1b7f8 num=7 start=7959983 end=7959983}
V/AlarmManager( 1909): isAlarmNeedAlign : screen on, Skip
V/AlarmManager( 1909): Adding Alarm{42fe82f8 type 1 com.oppo.weather} to Batch{43000370 num=2 start=9468802 end=15862225}
V/AlarmManager( 1909):     => now Batch{43000370 num=2 start=10319138 end=10319138}
V/AlarmManager( 1909): isAlarmNeedAlign : screen on, Skip
V/AlarmManager( 1909): isAlarmNeedAlign : screen on, Skip
V/AlarmManager( 1909): Adding Alarm{42f5cae0 type 0 com.oppo.market} to Batch{42f5ef70 num=2 start=10834411 end=18252041}
V/AlarmManager( 1909):     => now Batch{42f5ef70 num=2 start=14394621 end=18252041}
V/AlarmManager( 1909): isAlarmNeedAlign : screen on, Skip
V/AlarmManager( 1909): Adding Alarm{42dbb7c8 type 1 com.nearme.feedback} to Batch{42eb7e80 num=2 start=19417609 end=33272638}
V/AlarmManager( 1909):     => now Batch{42eb7e80 num=2 start=21640523 end=21640523}
V/AlarmManager( 1909): Adding Alarm{42c2f110 type 0 com.oppo.wallpaper} to Batch{42c36b20 num=2 start=26008387 end=44806499}
V/AlarmManager( 1909):     => now Batch{42c36b20 num=2 start=26008387 end=26008387}
V/AlarmManager( 1909): Adding Alarm{42a295e8 type 1 com.oppo.holidaymode} to Batch{42c36b20 num=3 start=26008387 end=26008387}
V/AlarmManager( 1909):     => now Batch{42c36b20 num=3 start=26008387 end=26008387}
V/AlarmManager( 1909): isAlarmNeedAlign : screen on, Skip
V/AlarmManager( 1909): Adding Alarm{42976d80 type 0 com.color.safecenter} to Batch{42c36b20 num=4 start=26008387 end=26008387}
V/AlarmManager( 1909):     => now Batch{42c36b20 num=4 start=26008387 end=26008387}
V/AlarmManager( 1909): isAlarmNeedAlign : screen on, Skip
V/AlarmManager( 1909): Adding Alarm{4340d168 type 0 com.oupeng.max.sdk} to Batch{42a8d040 num=2 start=28822563 end=50422563}
V/AlarmManager( 1909):     => now Batch{42a8d040 num=2 start=28822563 end=50422563}
V/AlarmManager( 1909): Adding Alarm{432b8808 type 1 com.sohu.inputmethod.sogouoem} to Batch{42a8d040 num=3 start=28822563 end=50422563}
V/AlarmManager( 1909):     => now Batch{42a8d040 num=3 start=28822563 end=50422563}
V/AlarmManager( 1909): isAlarmNeedAlign : screen on, Skip
V/AlarmManager( 1909): Adding Alarm{431a8d60 type 0 com.coloros.oppomorningsystem} to Batch{42a8d040 num=4 start=28822563 end=50422563}
V/AlarmManager( 1909):     => now Batch{42a8d040 num=4 start=36808387 end=50422563}
V/AlarmManager( 1909): isAlarmNeedAlign : screen on, Skip
V/AlarmManager( 1909): Adding Alarm{43099130 type 0 com.oupeng.max.sdk} to Batch{42a8d040 num=5 start=36808387 end=50422563}
V/AlarmManager( 1909):     => now Batch{42a8d040 num=5 start=40408927 end=50422563}
V/AlarmManager( 1909): isAlarmNeedAlign : screen on, Skip
V/AlarmManager( 1909): Adding Alarm{42f36a88 type 0 com.android.email} to Batch{430ccf20 num=2 start=59441885 end=103315120}
V/AlarmManager( 1909):     => now Batch{430ccf20 num=2 start=74534771 end=103315120}
V/AlarmManager( 1909): Adding Alarm{42dc5158 type 0 com.android.providers.calendar} to Batch{430ccf20 num=3 start=74534771 end=103315120}
V/AlarmManager( 1909):     => now Batch{430ccf20 num=3 start=79888265 end=79888265}
V/AlarmManager( 1909): isAlarmNeedAlign : screen on, Skip
V/AlarmManager( 1909): isAlarmNeedAlign : screen on, Skip
V/AlarmManager( 1909): Adding Alarm{42c3d0a8 type 2 com.nearme.statistics.rom} to Batch{42c5ffa0 num=2 start=86434610 end=151234610}
V/AlarmManager( 1909):     => now Batch{42c5ffa0 num=2 start=86495977 end=151234610}
V/AlarmManager( 1909): Adding Alarm{42c03458 type 3 com.oppo.ota} to Batch{42c5ffa0 num=3 start=86495977 end=151234610}
V/AlarmManager( 1909):     => now Batch{42c5ffa0 num=3 start=120538930 end=151234610}
V/AlarmManager( 1909): isAlarmNeedAlign : screen on, Skip
V/AlarmManager( 1909): Adding Alarm{42822e50 type 0 com.android.email} to Batch{42c5ffa0 num=4 start=120538930 end=151234610}
V/AlarmManager( 1909):     => now Batch{42c5ffa0 num=4 start=120538930 end=151220728}
V/AlarmManager( 1909): Adding Alarm{433fba60 type 1 com.sohu.inputmethod.sogouoem} to Batch{42c5ffa0 num=5 start=120538930 end=151220728}
V/AlarmManager( 1909):     => now Batch{42c5ffa0 num=5 start=120538930 end=151220728}
V/AlarmManager( 1909): isAlarmNeedAlign : screen on, Skip
V/AlarmManager( 1909): Adding Alarm{43262c20 type 1 com.sohu.inputmethod.sogouoem} to Batch{432ab850 num=2 start=155608387 end=271606498}
V/AlarmManager( 1909):     => now Batch{432ab850 num=2 start=161781820 end=271606498}
V/AlarmManager( 1909): Adding Alarm{43262c68 type 1 com.sohu.inputmethod.sogouoem} to Batch{432ab850 num=3 start=161781820 end=271606498}
V/AlarmManager( 1909):     => now Batch{432ab850 num=3 start=259270333 end=271606498}
V/AlarmManager( 1909): isAlarmNeedAlign : screen on, Skip
V/AlarmManager( 1909): isAlarmNeedAlign : screen on, Skip
V/AlarmManager( 1909): Adding Alarm{430e09e0 type 0 com.oppo.market} to Batch{430e5ef8 num=2 start=864627242 end=1512389493}
V/AlarmManager( 1909):     => now Batch{430e5ef8 num=2 start=1268803688 end=1512389493}
V/AlarmManager( 1909): isAlarmNeedAlign : screen on, Skip
V/AlarmManager( 1909): isAlarmNeedAlign : screen on, Skip
V/AlarmManager( 1909): Checking for alarms... rtc=1513760535852, elapsed=944240
D/ConnectivityService( 1909): getActiveNetworkInfo:NetworkInfo: type: WIFI[], state: CONNECTED/CONNECTED, reason: (unspecified), extra: "60_dev_01", roaming: false, failover: false, isAvailable: true, isConnectedToProvisioningNetwork: false, simId: 0/10188
D/ConnectivityService( 1909): getActiveNetworkInfo:NetworkInfo: type: WIFI[], state: CONNECTED/CONNECTED, reason: (unspecified), extra: "60_dev_01", roaming: false, failover: false, isAvailable: true, isConnectedToProvisioningNetwork: false, simId: 0/10188
D/ConnectivityService( 1909): getActiveNetworkInfo:NetworkInfo: type: WIFI[], state: CONNECTED/CONNECTED, reason: (unspecified), extra: "60_dev_01", roaming: false, failover: false, isAvailable: true, isConnectedToProvisioningNetwork: false, simId: 0/10188
D/PushService( 7921): clientid is f2df9b5dbf267a53a6a65afc1158482a
D/SQLiteDatabase( 7921): beginTransaction()
D/SQLiteDatabase( 7921): endTransaction()
D/ConnectivityService( 1909): getActiveNetworkInfo:NetworkInfo: type: WIFI[], state: CONNECTED/CONNECTED, reason: (unspecified), extra: "60_dev_01", roaming: false, failover: false, isAvailable: true, isConnectedToProvisioningNetwork: false, simId: 0/10188
D/dalvikvm( 7921): create interp thread : stack size=128KB
D/dalvikvm( 7921): create new thread
D/dalvikvm( 7921): new thread created
D/dalvikvm( 7921): update thread list
D/dalvikvm( 7921): threadid=36: interp stack at 0x7a199000
D/dalvikvm( 7921): threadid=36: created from interp
D/dalvikvm( 7921): start new thread
D/dalvikvm( 7921): create interp thread : stack size=128KB
D/dalvikvm( 7921): create new thread
D/dalvikvm( 7921): new thread created
D/dalvikvm( 7921): update thread list
D/dalvikvm( 7921): threadid=36: notify debugger
D/dalvikvm( 7921): threadid=36 (TaskService-pool-12): calling run()
D/dalvikvm( 7921): threadid=37: interp stack at 0x7a1b9000
D/dalvikvm( 7921): threadid=37: created from interp
D/dalvikvm( 7921): start new thread
D/dalvikvm( 7921): create interp thread : stack size=128KB
D/dalvikvm( 7921): create new thread
D/dalvikvm( 7921): new thread created
D/dalvikvm( 7921): update thread list
D/dalvikvm( 7921): threadid=37: notify debugger
D/dalvikvm( 7921): threadid=37 (TaskService-pool-13): calling run()
D/dalvikvm( 7921): threadid=38: interp stack at 0x7a1e9000
D/dalvikvm( 7921): threadid=38: created from interp
D/dalvikvm( 7921): start new thread
D/dalvikvm( 7921): threadid=38: notify debugger
D/dalvikvm( 7921): threadid=38 (TaskService-pool-14): calling run()
E/Parcel  ( 7921): Reading a NULL string not supported here.
D/ActivityManager( 1909): getContentProviderImpl: from caller=android.app.ApplicationThreadProxy@42c52808 (pid=7921, userId=0) to get content provider com.nearme.romupdate.provider.db cpr=ContentProviderRecord{428a7250 u0 com.nearme.romupdate/.provider.db.RomUpdateContentProvider}
D/ActivityThread( 7921): hoder:android.app.IActivityManager$ContentProviderHolder@42d79130,provider,holder.Provider:android.content.ContentProviderProxy@426d2d30
W/OppoApplicationPackageManagerHelper( 7921): mFiltrateAppNameList or mFiltrateMarketNameList is empty !!!!
D/dalvikvm( 7921): DexOpt: couldn't find static field Landroid/os/Build;.SUPPORTED_ABIS
W/dalvikvm( 7921): VFY: unable to resolve static field 205 (SUPPORTED_ABIS) in Landroid/os/Build;
D/dalvikvm( 7921): VFY: replacing opcode 0x62 at 0x000b
D/dalvikvm( 7921): create interp thread : stack size=128KB
D/dalvikvm( 7921): create new thread
D/dalvikvm( 7921): new thread created
D/dalvikvm( 7921): update thread list
V/Provider/Settings( 7921): get setting for user 0 by user 0 so skipping cache
V/Provider/Settings( 7921): invalidate [secure]: current 5 != cached 0
V/Provider/Settings( 7921): from db cache, name = android_id , value = c86e88139b4eaec8
D/dalvikvm( 7921): threadid=39: interp stack at 0x7a209000
D/dalvikvm( 7921): threadid=39: created from interp
D/dalvikvm( 7921): start new thread
D/dalvikvm( 7921): threadid=39: notify debugger
I/FrameworkListener(  243): onDataAvailable get 45 bytes 
D/dalvikvm( 7921): threadid=39 (OkHttp ConnectionPool): calling run()
D/libc-netbsd(  243): default dns: query_ipv6=0, query_ipv4=1
D/libc-netbsd(  243): res_queryN name = c-hzgt2.getui.com, class = 1, type = 1
D/libc-netbsd(  243): iface=wlan0, dns0:192.168.89.54
D/libc-netbsd(  243): iface=wlan0, dns1:192.168.89.54
D/libc-netbsd(  243): iface=wlan0, dns2:8.8.8.8
D/ConnectivityService( 1909): getActiveNetworkInfo:NetworkInfo: type: WIFI[], state: CONNECTED/CONNECTED, reason: (unspecified), extra: "60_dev_01", roaming: false, failover: false, isAvailable: true, isConnectedToProvisioningNetwork: false, simId: 0/10188
D/ConnectivityService( 1909): getActiveNetworkInfo:NetworkInfo: type: WIFI[], state: CONNECTED/CONNECTED, reason: (unspecified), extra: "60_dev_01", roaming: false, failover: false, isAvailable: true, isConnectedToProvisioningNetwork: false, simId: 0/10188
D/libc-netbsd(  243): res_queryN name = c-hzgt2.getui.com succeed
D/SocketClient(  243): SocketClient sendDatalocked done: 222
D/SocketClient(  243): SocketClient sendDatalocked done: 
D/SocketClient(  243): SocketClient sendDatalocked done: 
D/SocketClient(  243): SocketClient sendDatalocked done: 
D/SocketClient(  243): SocketClient sendDatalocked done: 
D/SocketClient(  243): SocketClient sendDatalocked done: 
D/SocketClient(  243): SocketClient sendDatalocked done: 
D/libc-netbsd( 7921): getaddrinfo: c-hzgt2.getui.com get result from proxy >>
I/System.out( 7921): propertyValue:true
I/System.out( 7921): [socket][6] connection c-hzgt2.getui.com/115.231.99.203:80;LocalPort=43859(20000)
I/System.out( 7921): [CDS]connect[c-hzgt2.getui.com/115.231.99.203:80] tm:20
D/Posix   ( 7921): [Posix_connect Debug]Process com.moji.airnut:pushservice :80 
I/ErrorSaveService(11329): stopErrorSaveService().
I/ErrorSaveService(11329): ErrorSaveService stopSelf.
I/ErrorSaveTask(11329): SavingTask Thread exit!!
D/dalvikvm(11329): threadid=11: exiting
D/dalvikvm(11329): threadid=11: bye!
D/ActivityThread(11329): SVC-Destroying service: com.nearme.feedback.task.ErrorSaveService@426e2da8
D/ActivityThread(11329): SVC-STOP_SERVICE handled : 0 / android.os.BinderProxy@426e1290
I/Process (11329): Sending signal. PID: 11329 SIG: 9
I/System.out( 7921): [socket][/172.16.0.154:43859] connected
I/System.out( 7921): [CDS]rx timeout:20000
I/System.out( 7921): [CDS]SO_SND_TIMEOUT:0
D/DisplayManagerService( 1909): Display listener for pid 11329 died.
I/ActivityManager( 1909): Process com.nearme.feedback (pid 11329) has died.
W/ContextImpl( 1909): Calling a method in the system process without a qualified user: android.app.ContextImpl.sendBroadcast:1345 com.android.server.am.OppoExtraActivityManagerService.setKeyLockModeNormal:47 com.android.server.am.ActivityManagerService.appDiedLocked:4489 com.android.server.am.ActivityManagerService$AppDeathRecipient.binderDied:1118 android.os.BinderProxy.sendDeathNotice:496 
V/ActivityManager( 1909): Broadcast: Intent { act=com.oppo.intent.action.KEY_LOCK_MODE flg=0x10 (has extras) } ordered=false userid=0 callerApp=ProcessRecord{4272b1e0 1909:system/1000}
D/ActivityManager( 1909): cleanUpApplicationRecordLocked app:ProcessRecord{4295d3f0 11329:com.nearme.feedback/1000}, restarting:false, allowRestart:true, index:-1
D/ActivityManager( 1909): cleanUpApplicationRecordLocked from:com.android.server.am.ActivityManagerService.handleAppDiedLocked:4277 com.android.server.am.ActivityManagerService.appDiedLocked:4501 com.android.server.am.ActivityManagerService$AppDeathRecipient.binderDied:1118 android.os.BinderProxy.sendDeathNotice:496 
I/System.out( 7921): [CDS]rx timeout:100
I/System.out( 7921): [CDS]rx timeout:20000
D/BatteryService( 1909): mBatteryVoltage=4251, batteryLevel=50
V/ActivityManager( 1909): Broadcast sticky: Intent { act=android.intent.action.ADDITIONAL_BATTERY_CHANGED flg=0x60000010 (has extras) } ordered=false userid=-1 callerApp=null
V/ActivityManager( 1909): Broadcast sticky: Intent { act=android.intent.action.BATTERY_CHANGED flg=0x60000010 (has extras) } ordered=false userid=-1 callerApp=null
D/PowerSaveService( 4675): PowerSaveReceiver EXTRA_STATUS: status = 5, lastCharging = true
D/dalvikvm( 4619): create interp thread : stack size=128KB
D/dalvikvm( 4619): create new thread
D/dalvikvm( 4619): new thread created
D/dalvikvm( 4619): update thread list
D/HeadsetStateMachine( 6839): Disconnected process message: 10
V/ActivityManager( 1909): Broadcast sticky: Intent { act=android.intent.action.ADDITIONAL_BATTERY_CHANGED flg=0x60000010 (has extras) } ordered=false userid=-1 callerApp=null
D/WifiService( 1909): onReceive, action:android.intent.action.BATTERY_CHANGED
D/UsbDeviceManager( 1909): onReceive - BATTERY_CHANGED - mPlugType: 2, mSettingUsbCharging: false, mConnected: true, mSettingUsbBicr: false
V/ActivityManager( 1909): Broadcast sticky: Intent { act=android.intent.action.ADDITIONAL_BATTERY_CHANGED flg=0x60000010 (has extras) } ordered=false userid=-1 callerApp=null
D/WifiController( 1909): DeviceActiveState{ when=-1ms what=155652 arg1=2 target=com.android.internal.util.StateMachine$SmHandler target=Handler (com.android.internal.util.StateMachine$SmHandler) {43167268} }
D/WifiController( 1909): StaEnabledState{ when=-1ms what=155652 arg1=2 target=com.android.internal.util.StateMachine$SmHandler target=Handler (com.android.internal.util.StateMachine$SmHandler) {43167268} }
D/WifiController( 1909): DefaultState{ when=-1ms what=155652 arg1=2 target=com.android.internal.util.StateMachine$SmHandler target=Handler (com.android.internal.util.StateMachine$SmHandler) {43167268} }
D/WifiController( 1909): battery changed pluggedType: 2
D/WifiStateMachine( 1909): ConnectedState{ when=-3ms what=131155 arg1=9 target=com.android.internal.util.StateMachine$SmHandler target=Handler (com.android.internal.util.StateMachine$SmHandler) {43155f58} }
D/WifiStateMachine( 1909): L2ConnectedState{ when=-3ms what=131155 arg1=9 target=com.android.internal.util.StateMachine$SmHandler target=Handler (com.android.internal.util.StateMachine$SmHandler) {43155f58} }
D/WifiHW  ( 1909): enter -->wifi_send_command cmd=IFNAME=wlan0 SIGNAL_POLL
D/wpa_supplicant( 4185): RX ctrl_iface - hexdump(len=11): 53 49 47 4e 41 4c 5f 50 4f 4c 4c
D/wpa_supplicant( 4185): wlan0: Control interface command 'SIGNAL_POLL'
D/wpa_supplicant( 4185): nl80211: survey data missing!
D/wpa_supplicant( 4185): signal poll, reply_len=48
D/wpa_ctrl( 1909): reply_len=4095
D/WifiHW  ( 1909): leave --> reply=RSSI=-45
D/WifiHW  ( 1909): LINKSPEED=65
D/WifiHW  ( 1909): NOISE=9999
D/WifiHW  ( 1909): FREQUENCY=2412
D/WifiHW  ( 1909): 
D/wifi    ( 1909): doStringCommand, buf IFNAME=wlan0 SIGNAL_POLL
I/WifiStateMachine( 1909): fetchRssiAndLinkSpeedNative, newRssi:-45, newLinkSpeed:65, SSID:"60_dev_01"
D/WifiStateMachine( 1909): mRssiArray[0] = -45
D/WifiStateMachine( 1909): mRssiArray[1] = -45
D/WifiStateMachine( 1909): mRssiArray[2] = -45
D/WifiStateMachine( 1909): mRssiArray[3] = -45
D/WifiStateMachine( 1909): mRssiArray[4] = -45
D/WifiStateMachine( 1909): GetFilterRssi is : -45
D/WifiStateMachine( 1909): mLastSignalLevel:4, newSignalLevel:4
D/WifiStateMachine( 1909): fetchRssiAndLinkSpeedNative, ipAddr:-1711271764
D/dalvikvm( 4619): threadid=17: interp stack at 0x78e62000
D/dalvikvm( 4619): threadid=17: created from interp
D/dalvikvm( 4619): start new thread
D/dalvikvm( 4619): threadid=17: notify debugger
D/dalvikvm( 4619): threadid=17 (Thread-272): calling run()
I/KSO_STAT( 4619): App is in background, stop update end time, ready to start a new session.
D/SQLiteDatabase( 4619): beginTransaction()
D/SQLiteDatabase( 4619): endTransaction()
D/dalvikvm( 4619): threadid=17: exiting
D/dalvikvm( 4619): threadid=17: bye!
D/PhoneInterfaceManagerEx( 4362): [PhoneIntfMgrEx] hasIccCard  simId=0
D/PhoneInterfaceManagerEx( 4362): [PhoneIntfMgrEx] hasIccCard  simId=1
V/Provider/Settings( 1909): get setting for user 0 by user 0 so skipping cache
V/Provider/Settings( 1909):  from settings cache , name = sys_free_storage_log_interval , value = null
V/Provider/Settings( 1909): get setting for user 0 by user 0 so skipping cache
V/Provider/Settings( 1909):  from settings cache , name = disk_free_change_reporting_threshold , value = null
I/Process ( 1909): Sending signal. PID: 7921 SIG: 19
D/WifiStateMachine( 1909): ConnectedState{ when=-2ms what=131155 arg1=9 target=com.android.internal.util.StateMachine$SmHandler target=Handler (com.android.internal.util.StateMachine$SmHandler) {43155f58} }
D/WifiStateMachine( 1909): L2ConnectedState{ when=-2ms what=131155 arg1=9 target=com.android.internal.util.StateMachine$SmHandler target=Handler (com.android.internal.util.StateMachine$SmHandler) {43155f58} }
D/WifiHW  ( 1909): enter -->wifi_send_command cmd=IFNAME=wlan0 SIGNAL_POLL
D/wpa_supplicant( 4185): RX ctrl_iface - hexdump(len=11): 53 49 47 4e 41 4c 5f 50 4f 4c 4c
D/wpa_supplicant( 4185): wlan0: Control interface command 'SIGNAL_POLL'
D/wpa_supplicant( 4185): nl80211: survey data missing!
D/wpa_supplicant( 4185): signal poll, reply_len=48
D/wpa_ctrl( 1909): reply_len=4095
D/WifiHW  ( 1909): leave --> reply=RSSI=-43
D/WifiHW  ( 1909): LINKSPEED=65
D/WifiHW  ( 1909): NOISE=9999
D/WifiHW  ( 1909): FREQUENCY=2412
D/WifiHW  ( 1909): 
D/wifi    ( 1909): doStringCommand, buf IFNAME=wlan0 SIGNAL_POLL
I/WifiStateMachine( 1909): fetchRssiAndLinkSpeedNative, newRssi:-43, newLinkSpeed:65, SSID:"60_dev_01"
D/WifiStateMachine( 1909): mRssiArray[0] = -45
D/WifiStateMachine( 1909): mRssiArray[1] = -45
D/WifiStateMachine( 1909): mRssiArray[2] = -45
D/WifiStateMachine( 1909): mRssiArray[3] = -45
D/WifiStateMachine( 1909): mRssiArray[4] = -45
D/WifiStateMachine( 1909): GetFilterRssi is : -43
D/WifiStateMachine( 1909): mLastSignalLevel:4, newSignalLevel:4
D/WifiStateMachine( 1909): fetchRssiAndLinkSpeedNative, ipAddr:-1711271764
D/AES     ( 1909): AEEIOCTL_RT_MON_Kick IOCTL,lParam=0. 
D/ActivityThread( 6876): SVC-SERVICE_ARGS handled : 0 / ServiceArgsData{token=android.os.BinderProxy@4284c0d0 startId=8 args=Intent { cmp=com.moji.airnut/.bleconn.bluetooth.BleDiscoveryGattService (has extras) }}
E/ANR_LOG ( 6876): >>> msg's executing time is too long
E/ANR_LOG ( 6876): Blocked msg = { when=-10s7ms what=115 target=android.app.ActivityThread$H obj=ServiceArgsData{token=android.os.BinderProxy@4284c0d0 startId=8 args=Intent { cmp=com.moji.airnut/.bleconn.bluetooth.BleDiscoveryGattService (has extras) }} } , cost  = 10002 ms
E/ANR_LOG ( 6876): >>>Current msg List is:
E/ANR_LOG ( 6876): Current msg <1>  = { when=-7s185ms what=114 target=android.app.ActivityThread$H obj=CreateServiceData{token=android.os.BinderProxy@4274b0b0 className=com.moji.airnut.push.NutIntentService packageName=com.moji.airnut intent=null} }
E/ANR_LOG ( 6876): Current msg <2>  = { when=-7s184ms what=115 target=android.app.ActivityThread$H obj=ServiceArgsData{token=android.os.BinderProxy@4274b0b0 startId=1 args=Intent { cmp=com.moji.airnut/.push.NutIntentService (has extras) }} }
E/ANR_LOG ( 6876): Current msg <3>  = { when=-7s183ms what=115 target=android.app.ActivityThread$H obj=ServiceArgsData{token=android.os.BinderProxy@4274b0b0 startId=2 args=Intent { cmp=com.moji.airnut/.push.NutIntentService (has extras) }} }
E/ANR_LOG ( 6876): Current msg <4>  = { when=+21s998ms what=26 target=com.moji.airnut.Gl$a }
E/ANR_LOG ( 6876): >>>CURRENT MSG DUMP OVER<<<
D/ActivityThread( 6876): SVC-Creating service: CreateServiceData{token=android.os.BinderProxy@4274b0b0 className=com.moji.airnut.push.NutIntentService packageName=com.moji.airnut intent=null}
D/dalvikvm( 6876): create interp thread : stack size=128KB
D/dalvikvm( 6876): create new thread
D/dalvikvm( 6876): new thread created
D/dalvikvm( 6876): update thread list
D/dalvikvm( 6876): threadid=34: interp stack at 0x7a811000
D/dalvikvm( 6876): threadid=34: created from interp
D/dalvikvm( 6876): start new thread
D/dalvikvm( 6876): threadid=34: notify debugger
D/dalvikvm( 6876): threadid=34 (IntentService[GTIntentService]): calling run()
D/ActivityThread( 6876): SVC-CREATE_SERVICE handled : 0 / CreateServiceData{token=android.os.BinderProxy@4274b0b0 className=com.moji.airnut.push.NutIntentService packageName=com.moji.airnut intent=null}
D/ActivityThread( 6876): SVC-Calling onStartCommand: com.moji.airnut.push.NutIntentService@427a6218, flags=0, startId=1
D/ActivityThread( 6876): SVC-SERVICE_ARGS handled : 0 / ServiceArgsData{token=android.os.BinderProxy@4274b0b0 startId=1 args=Intent { cmp=com.moji.airnut/.push.NutIntentService (has extras) }}
D/ActivityThread( 6876): SVC-Calling onStartCommand: com.moji.airnut.push.NutIntentService@427a6218, flags=0, startId=2
D/ActivityThread( 6876): SVC-SERVICE_ARGS handled : 0 / ServiceArgsData{token=android.os.BinderProxy@4274b0b0 startId=2 args=Intent { cmp=com.moji.airnut/.push.NutIntentService (has extras) }}
E/GTIntentService( 6876): [IntentService[GTIntentService]]: .push.NutIntentService.onReceiveClientId:68
E/GTIntentService( 6876): onReceiveClientId ->  clientid = f2df9b5dbf267a53a6a65afc1158482a
I/Process ( 1909): Sending signal. PID: 7921 SIG: 18
D/dalvikvm( 7921): threadid=40: interp stack at 0x7a24f000
D/ActivityThread( 6876): SVC-Destroying service: com.moji.airnut.push.NutIntentService@427a6218
D/ActivityThread( 6876): SVC-STOP_SERVICE handled : 0 / android.os.BinderProxy@4274b0b0
D/dalvikvm( 6876): threadid=34: exiting
D/dalvikvm( 6876): threadid=34: bye!
D/BatteryService( 1909): mBatteryVoltage=4258, batteryLevel=50
V/ActivityManager( 1909): Broadcast sticky: Intent { act=android.intent.action.ADDITIONAL_BATTERY_CHANGED flg=0x60000010 (has extras) } ordered=false userid=-1 callerApp=null
V/ActivityManager( 1909): Broadcast sticky: Intent { act=android.intent.action.BATTERY_CHANGED flg=0x60000010 (has extras) } ordered=false userid=-1 callerApp=null
D/PowerSaveService( 4675): PowerSaveReceiver EXTRA_STATUS: status = 5, lastCharging = true
D/HeadsetStateMachine( 6839): Disconnected process message: 10
V/ActivityManager( 1909): Broadcast sticky: Intent { act=android.intent.action.ADDITIONAL_BATTERY_CHANGED flg=0x60000010 (has extras) } ordered=false userid=-1 callerApp=null
D/WifiService( 1909): onReceive, action:android.intent.action.BATTERY_CHANGED
D/UsbDeviceManager( 1909): onReceive - BATTERY_CHANGED - mPlugType: 2, mSettingUsbCharging: false, mConnected: true, mSettingUsbBicr: false
V/ActivityManager( 1909): Broadcast sticky: Intent { act=android.intent.action.ADDITIONAL_BATTERY_CHANGED flg=0x60000010 (has extras) } ordered=false userid=-1 callerApp=null
D/WifiController( 1909): DeviceActiveState{ when=0 what=155652 arg1=2 target=com.android.internal.util.StateMachine$SmHandler target=Handler (com.android.internal.util.StateMachine$SmHandler) {43167268} }
D/WifiController( 1909): StaEnabledState{ when=0 what=155652 arg1=2 target=com.android.internal.util.StateMachine$SmHandler target=Handler (com.android.internal.util.StateMachine$SmHandler) {43167268} }
D/WifiController( 1909): DefaultState{ when=0 what=155652 arg1=2 target=com.android.internal.util.StateMachine$SmHandler target=Handler (com.android.internal.util.StateMachine$SmHandler) {43167268} }
D/WifiController( 1909): battery changed pluggedType: 2
D/dalvikvm( 4619): create interp thread : stack size=128KB
D/dalvikvm( 4619): create new thread
D/dalvikvm( 4619): new thread created
D/dalvikvm( 4619): update thread list
D/dalvikvm( 4619): threadid=17: interp stack at 0x78e62000
D/dalvikvm( 4619): threadid=17: created from interp
D/dalvikvm( 4619): start new thread
D/dalvikvm( 4619): threadid=17: notify debugger
D/dalvikvm( 4619): threadid=17 (Thread-273): calling run()
I/KSO_STAT( 4619): App is in background, stop update end time, ready to start a new session.
D/SQLiteDatabase( 4619): beginTransaction()
D/SQLiteDatabase( 4619): endTransaction()
D/dalvikvm( 4619): threadid=17: exiting
D/dalvikvm( 4619): threadid=17: bye!
D/WifiStateMachine( 1909): ConnectedState{ when=-3ms what=131155 arg1=9 target=com.android.internal.util.StateMachine$SmHandler target=Handler (com.android.internal.util.StateMachine$SmHandler) {43155f58} }
D/WifiStateMachine( 1909): L2ConnectedState{ when=-3ms what=131155 arg1=9 target=com.android.internal.util.StateMachine$SmHandler target=Handler (com.android.internal.util.StateMachine$SmHandler) {43155f58} }
D/WifiHW  ( 1909): enter -->wifi_send_command cmd=IFNAME=wlan0 SIGNAL_POLL
D/wpa_supplicant( 4185): RX ctrl_iface - hexdump(len=11): 53 49 47 4e 41 4c 5f 50 4f 4c 4c
D/wpa_supplicant( 4185): wlan0: Control interface command 'SIGNAL_POLL'
D/wpa_supplicant( 4185): nl80211: survey data missing!
D/wpa_supplicant( 4185): signal poll, reply_len=48
D/wpa_ctrl( 1909): reply_len=4095
D/WifiHW  ( 1909): leave --> reply=RSSI=-43
D/WifiHW  ( 1909): LINKSPEED=65
D/WifiHW  ( 1909): NOISE=9999
D/WifiHW  ( 1909): FREQUENCY=2412
D/WifiHW  ( 1909): 
D/wifi    ( 1909): doStringCommand, buf IFNAME=wlan0 SIGNAL_POLL
I/WifiStateMachine( 1909): fetchRssiAndLinkSpeedNative, newRssi:-43, newLinkSpeed:65, SSID:"60_dev_01"
D/WifiStateMachine( 1909): mRssiArray[0] = -43
D/WifiStateMachine( 1909): mRssiArray[1] = -45
D/WifiStateMachine( 1909): mRssiArray[2] = -45
D/WifiStateMachine( 1909): mRssiArray[3] = -45
D/WifiStateMachine( 1909): mRssiArray[4] = -45
D/WifiStateMachine( 1909): GetFilterRssi is : -43
D/WifiStateMachine( 1909): mLastSignalLevel:4, newSignalLevel:4
D/WifiStateMachine( 1909): fetchRssiAndLinkSpeedNative, ipAddr:-1711271764
D/ADB_SERVICES( 8271): adb fdevent_process list (21) (15) 
D/ADB_SERVICES( 8271): recv: CNXN 01000000 00001000 0007 host::
D/ADB_SERVICES( 8271): adb: offline
D/ADB_SERVICES( 8271): (null): run_transport_disconnects fd: 16
W/ADB_SERVICES( 8271): entered. LS(298) fd=24
D/ADB_SERVICES( 8271): adb: online
D/ADB_SERVICES( 8271): Calling send_connect 
I/ANRManager( 1909): updateProcessStats
I/ANRManager( 1909): CPU update time < 2.5sec
I/ANRManager( 1909): CPU update time < 2.5sec
I/ANRManager( 1909): CPU update time < 2.5sec
I/ANRManager( 1909): CPU update time < 2.5sec
I/ANRManager( 1909): CPU update time < 2.5sec
I/ANRManager( 1909): CPU update time < 2.5sec
I/ANRManager( 1909): CPU update time < 2.5sec
I/ANRManager( 1909): CPU update time < 2.5sec
I/ANRManager( 1909): CPU update time < 2.5sec
I/ANRManager( 1909): CPU update time < 2.5sec
I/ANRManager( 1909): CPU update time < 2.5sec
I/ANRManager( 1909): CPU update time < 2.5sec
D/WifiStateMachine( 1909): ConnectedState{ when=-3ms what=131155 arg1=9 target=com.android.internal.util.StateMachine$SmHandler target=Handler (com.android.internal.util.StateMachine$SmHandler) {43155f58} }
D/WifiStateMachine( 1909): L2ConnectedState{ when=-3ms what=131155 arg1=9 target=com.android.internal.util.StateMachine$SmHandler target=Handler (com.android.internal.util.StateMachine$SmHandler) {43155f58} }
D/WifiHW  ( 1909): enter -->wifi_send_command cmd=IFNAME=wlan0 SIGNAL_POLL
D/wpa_supplicant( 4185): RX ctrl_iface - hexdump(len=11): 53 49 47 4e 41 4c 5f 50 4f 4c 4c
D/wpa_supplicant( 4185): wlan0: Control interface command 'SIGNAL_POLL'
D/wpa_supplicant( 4185): nl80211: survey data missing!
D/wpa_supplicant( 4185): signal poll, reply_len=48
D/wpa_ctrl( 1909): reply_len=4095
D/WifiHW  ( 1909): leave --> reply=RSSI=-42
D/WifiHW  ( 1909): LINKSPEED=65
D/WifiHW  ( 1909): NOISE=9999
D/WifiHW  ( 1909): FREQUENCY=2412
D/WifiHW  ( 1909): 
D/wifi    ( 1909): doStringCommand, buf IFNAME=wlan0 SIGNAL_POLL
I/WifiStateMachine( 1909): fetchRssiAndLinkSpeedNative, newRssi:-42, newLinkSpeed:65, SSID:"60_dev_01"
D/WifiStateMachine( 1909): mRssiArray[0] = -43
D/WifiStateMachine( 1909): mRssiArray[1] = -43
D/WifiStateMachine( 1909): mRssiArray[2] = -45
D/WifiStateMachine( 1909): mRssiArray[3] = -45
D/WifiStateMachine( 1909): mRssiArray[4] = -45
D/WifiStateMachine( 1909): GetFilterRssi is : -42
D/WifiStateMachine( 1909): mLastSignalLevel:4, newSignalLevel:4
D/WifiStateMachine( 1909): fetchRssiAndLinkSpeedNative, ipAddr:-1711271764
I/Process ( 1909): Sending signal. PID: 6876 SIG: 19
D/BatteryService( 1909): mBatteryVoltage=4256, batteryLevel=50
V/ActivityManager( 1909): Broadcast sticky: Intent { act=android.intent.action.ADDITIONAL_BATTERY_CHANGED flg=0x60000010 (has extras) } ordered=false userid=-1 callerApp=null
V/ActivityManager( 1909): Broadcast sticky: Intent { act=android.intent.action.BATTERY_CHANGED flg=0x60000010 (has extras) } ordered=false userid=-1 callerApp=null
D/PowerSaveService( 4675): PowerSaveReceiver EXTRA_STATUS: status = 5, lastCharging = true
D/HeadsetStateMachine( 6839): Disconnected process message: 10
V/ActivityManager( 1909): Broadcast sticky: Intent { act=android.intent.action.ADDITIONAL_BATTERY_CHANGED flg=0x60000010 (has extras) } ordered=false userid=-1 callerApp=null
D/WifiService( 1909): onReceive, action:android.intent.action.BATTERY_CHANGED
V/ActivityManager( 1909): Broadcast sticky: Intent { act=android.intent.action.ADDITIONAL_BATTERY_CHANGED flg=0x60000010 (has extras) } ordered=false userid=-1 callerApp=null
D/UsbDeviceManager( 1909): onReceive - BATTERY_CHANGED - mPlugType: 2, mSettingUsbCharging: false, mConnected: true, mSettingUsbBicr: false
D/WifiController( 1909): DeviceActiveState{ when=0 what=155652 arg1=2 target=com.android.internal.util.StateMachine$SmHandler target=Handler (com.android.internal.util.StateMachine$SmHandler) {43167268} }
D/WifiController( 1909): StaEnabledState{ when=-1ms what=155652 arg1=2 target=com.android.internal.util.StateMachine$SmHandler target=Handler (com.android.internal.util.StateMachine$SmHandler) {43167268} }
D/WifiController( 1909): DefaultState{ when=-1ms what=155652 arg1=2 target=com.android.internal.util.StateMachine$SmHandler target=Handler (com.android.internal.util.StateMachine$SmHandler) {43167268} }
D/WifiController( 1909): battery changed pluggedType: 2
D/dalvikvm( 4619): create interp thread : stack size=128KB
D/dalvikvm( 4619): create new thread
D/dalvikvm( 4619): new thread created
D/dalvikvm( 4619): update thread list
D/dalvikvm( 4619): threadid=17: interp stack at 0x78e62000
D/dalvikvm( 4619): threadid=17: created from interp
D/dalvikvm( 4619): start new thread
D/dalvikvm( 4619): threadid=17: notify debugger
D/dalvikvm( 4619): threadid=17 (Thread-274): calling run()
I/KSO_STAT( 4619): App is in background, stop update end time, ready to start a new session.
D/SQLiteDatabase( 4619): beginTransaction()
D/SQLiteDatabase( 4619): endTransaction()
D/dalvikvm( 4619): threadid=17: exiting
D/dalvikvm( 4619): threadid=17: bye!
D/ADB_SERVICES( 8271): recv: CNXN 01000000 00001000 0007 host::
D/ADB_SERVICES( 8271): adb: offline
D/ADB_SERVICES( 8271): (null): run_transport_disconnects fd: 16
D/ADB_SERVICES( 8271): adb: online
D/ADB_SERVICES( 8271): Calling send_connect 
W/ADB_SERVICES( 8271): create_local_service_socket() name=shell:wm size
W/ADB_SERVICES( 8271): service_to_fd() name=shell:wm size
W/ADB_SERVICES( 8271): read_meminfo() mem_free=691260
W/ADB_SERVICES( 8271): create_subprocess() ret_fd=21 pid=11831
W/ADB_SERVICES( 8271): LS(429): bound to 'shell:wm size' via 21
D/ADB_SERVICES( 8271): adb local_socket_ready list (21) (25) 
W/ADB_SERVICES(11831): adb: unable to open /proc/11831/oom_adj
W/ADB_SERVICES( 8271): create_local_service_socket() name=shell:
W/ADB_SERVICES( 8271): service_to_fd() name=shell:
W/ADB_SERVICES( 8271): read_meminfo() mem_free=691220
W/ADB_SERVICES( 8271): create_subprocess() ret_fd=24 pid=11832
W/ADB_SERVICES( 8271): LS(430): bound to 'shell:' via 24
W/ADB_SERVICES(11832): adb: unable to open /proc/11832/oom_adj
D/ADB_SERVICES( 8271): adb socket read list (21) (25) (24) 
D/ADB_SERVICES( 8271): read_data=58684
D/ADB_SERVICES( 8271): max_read_time=0.001123 max_send_time=0.000203 
D/AndroidRuntime(11831): 
D/AndroidRuntime(11831): >>>>>> AndroidRuntime START com.android.internal.os.RuntimeInit <<<<<<
D/AndroidRuntime(11831): CheckJNI is OFF
D/AndroidRuntime(11831): language=-Duser.language=zh region=-Duser.region=CN
D/dalvikvm(11831): boot class : 
D/dalvikvm(11831):   (0) core.jar
D/dalvikvm(11831):   (1) conscrypt.jar
D/dalvikvm(11831):   (2) okhttp.jar
D/dalvikvm(11831):   (3) core-junit.jar
D/dalvikvm(11831):   (4) bouncycastle.jar
D/dalvikvm(11831):   (5) ext.jar
D/dalvikvm(11831):   (6) framework.jar
D/dalvikvm(11831):   (7) framework2.jar
D/dalvikvm(11831):   (8) telephony-common.jar
D/dalvikvm(11831):   (9) voip-common.jar
D/dalvikvm(11831):   (10) mms-common.jar
D/dalvikvm(11831):   (11) android.policy.jar
D/dalvikvm(11831):   (12) services.jar
D/dalvikvm(11831):   (13) apache-xml.jar
D/dalvikvm(11831):   (14) webviewchromium.jar
D/dalvikvm(11831):   (15) mediatek-common.jar
D/dalvikvm(11831):   (16) mediatek-framework.jar
D/dalvikvm(11831):   (17) CustomProperties.jar
D/dalvikvm(11831):   (18) mediatek-telephony-common.jar
D/dalvikvm(11831):   (19) mediatek-tablet.jar
D/dalvikvm(11831):   (20) oppo-framework.jar
D/dalvikvm(11831):   (21) am.jar
D/dalvikvm(11831): threadid=1: interp stack at 0x41af1000
D/dalvikvm(11831): dvmJarFileOpen: /system/framework/core.jar
D/dalvikvm(11831): dvmJarFileOpen: /system/framework/conscrypt.jar
D/dalvikvm(11831): dvmJarFileOpen: /system/framework/okhttp.jar
D/dalvikvm(11831): dvmJarFileOpen: /system/framework/core-junit.jar
D/ReserveFileInData(11837): Total_size = 12702646272 B = 12404928 KB = 12114 MB = 11 GB
D/ReserveFileInData(11837): Disk_free = 8948 MB = 8 GB
D/ReserveFileInData(11837): Disk_available = 8932 MB = 8 GB
D/ReserveFileInData(11837): availDataSize is 8932
D/dalvikvm(11831): dvmJarFileOpen: /system/framework/bouncycastle.jar
D/dalvikvm(11831): dvmJarFileOpen: /system/framework/ext.jar
D/dalvikvm(11831): dvmJarFileOpen: /system/framework/framework.jar
D/dalvikvm(11831): dvmJarFileOpen: /system/framework/framework2.jar
D/dalvikvm(11831): dvmJarFileOpen: /system/framework/telephony-common.jar
D/dalvikvm(11831): dvmJarFileOpen: /system/framework/voip-common.jar
D/dalvikvm(11831): dvmJarFileOpen: /system/framework/mms-common.jar
D/dalvikvm(11831): dvmJarFileOpen: /system/framework/android.policy.jar
D/dalvikvm(11831): dvmJarFileOpen: /system/framework/services.jar
D/dalvikvm(11831): dvmJarFileOpen: /system/framework/apache-xml.jar
D/dalvikvm(11831): dvmJarFileOpen: /system/framework/webviewchromium.jar
D/dalvikvm(11831): dvmJarFileOpen: /system/framework/mediatek-common.jar
D/dalvikvm(11831): dvmJarFileOpen: /system/framework/mediatek-framework.jar
D/dalvikvm(11831): dvmJarFileOpen: /system/framework/CustomProperties.jar
D/dalvikvm(11831): dvmJarFileOpen: /system/framework/mediatek-telephony-common.jar
D/dalvikvm(11831): dvmJarFileOpen: /system/framework/mediatek-tablet.jar
D/dalvikvm(11831): dvmJarFileOpen: /system/framework/oppo-framework.jar
D/dalvikvm(11831): open_cached_dex_file : /system/framework/oppo-framework.jar /data/dalvik-cache/system@framework@oppo-framework.jar@classes.dex
D/dalvikvm(11831): process bootclasspath ex!!
D/dalvikvm(11831): dvmJarFileOpen: /system/framework/mediatek-op.jar
D/dalvikvm(11831): open_cached_dex_file : /system/framework/mediatek-op.jar /data/dalvik-cache/system@framework@mediatek-op.jar@classes.dex
D/dalvikvm(11831): Trying to load lib libjavacore.so 0x0
D/dalvikvm(11831): Added shared lib libjavacore.so 0x0
D/dalvikvm(11831): Trying to load lib libnativehelper.so 0x0
D/dalvikvm(11831): Added shared lib libnativehelper.so 0x0
D/dalvikvm(11831): No JNI_OnLoad found in libnativehelper.so 0x0, skipping init
D/dalvikvm(11831): +++ finishing prep on main VM thread
D/dalvikvm(11831): dvmJarFileOpen: /system/framework/wm.jar
I/dalvikvm(11831): DexOpt: mismatch dep name: '/data/dalvik-cache/system@framework@oppo-framework.jar@classes.dex' vs. '/system/framework/oppo-framework.odex'
D/dalvikvm(11831): == DexOpt: numDeps = 21
D/dalvikvm(11831): 0 : /system/framework/core.odex /system/framework/core.odex
D/dalvikvm(11831): 1 : /system/framework/conscrypt.odex /system/framework/conscrypt.odex
D/dalvikvm(11831): 2 : /system/framework/okhttp.odex /system/framework/okhttp.odex
D/dalvikvm(11831): 3 : /system/framework/core-junit.odex /system/framework/core-junit.odex
D/dalvikvm(11831): 4 : /system/framework/bouncycastle.odex /system/framework/bouncycastle.odex
D/dalvikvm(11831): 5 : /system/framework/ext.odex /system/framework/ext.odex
D/dalvikvm(11831): 6 : /system/framework/framework.odex /system/framework/framework.odex
D/dalvikvm(11831): 7 : /system/framework/framework2.odex /system/framework/framework2.odex
D/dalvikvm(11831): 8 : /system/framework/telephony-common.odex /system/framework/telephony-common.odex
D/dalvikvm(11831): 9 : /system/framework/voip-common.odex /system/framework/voip-common.odex
D/dalvikvm(11831): 10 : /system/framework/mms-common.odex /system/framework/mms-common.odex
D/dalvikvm(11831): 11 : /system/framework/android.policy.odex /system/framework/android.policy.odex
D/dalvikvm(11831): 12 : /system/framework/services.odex /system/framework/services.odex
D/dalvikvm(11831): 13 : /system/framework/apache-xml.odex /system/framework/apache-xml.odex
D/dalvikvm(11831): 14 : /system/framework/webviewchromium.odex /system/framework/webviewchromium.odex
D/dalvikvm(11831): 15 : /system/framework/mediatek-common.odex /system/framework/mediatek-common.odex
D/dalvikvm(11831): 16 : /system/framework/mediatek-framework.odex /system/framework/mediatek-framework.odex
D/dalvikvm(11831): 17 : /system/framework/CustomProperties.odex /system/framework/CustomProperties.odex
D/dalvikvm(11831): 18 : /system/framework/mediatek-telephony-common.odex /system/framework/mediatek-telephony-common.odex
D/dalvikvm(11831): 19 : /system/framework/mediatek-tablet.odex /system/framework/mediatek-tablet.odex
D/dalvikvm(11831): 20 : /system/framework/oppo-framework.odex /system/framework/oppo-framework.odex
D/dalvikvm(11831): 21 : NULL NULL
E/dalvikvm(11831): /system/framework/wm.jar odex has stale dependencies
D/dalvikvm(11831): open_cached_dex_file : /system/framework/wm.jar /data/dalvik-cache/system@framework@wm.jar@classes.dex
D/dalvikvm(11831): create interp thread : stack size=128KB
D/dalvikvm(11831): create new thread
D/dalvikvm(11831): new thread created
D/dalvikvm(11831): update thread list
D/dalvikvm(11831): threadid=2: interp stack at 0x72eef000
D/dalvikvm(11831): threadid=2: created from interp
D/dalvikvm(11831): start new thread
D/dalvikvm(11831): threadid=2: notify debugger
D/dalvikvm(11831): threadid=2 (ReferenceQueueDaemon): calling run()
D/dalvikvm(11831): create interp thread : stack size=128KB
D/dalvikvm(11831): create new thread
D/dalvikvm(11831): new thread created
D/dalvikvm(11831): update thread list
D/dalvikvm(11831): threadid=3: interp stack at 0x7300f000
D/dalvikvm(11831): threadid=3: created from interp
D/dalvikvm(11831): start new thread
D/dalvikvm(11831): threadid=3: notify debugger
D/dalvikvm(11831): threadid=3 (FinalizerDaemon): calling run()
D/dalvikvm(11831): create interp thread : stack size=128KB
D/dalvikvm(11831): create new thread
D/dalvikvm(11831): new thread created
D/dalvikvm(11831): update thread list
D/dalvikvm(11831): threadid=4: interp stack at 0x73130000
D/dalvikvm(11831): threadid=4: created from interp
D/dalvikvm(11831): start new thread
D/dalvikvm(11831): threadid=4: notify debugger
D/dalvikvm(11831): threadid=4 (FinalizerWatchdogDaemon): calling run()
D/dalvikvm(11831): threadid=5: interp stack at 0x73352000
D/dalvikvm(11831): threadid=6: interp stack at 0x73473000
D/dalvikvm(11831): Elevating priority from 0 to -8
D/jdwp    (11831): prepping for JDWP over ADB
D/dalvikvm(11831): threadid=7: interp stack at 0x73596000
D/jdwp    (11831): JDWP: thread running
D/jdwp    (11831): trying to receive file descriptor from ADB
D/dalvikvm(11831): threadid=8: interp stack at 0x736b7000
D/ADB_SERVICES( 8271): Adding socket 25 pid 11831 to jdwp process list
D/dalvikvm(11831): Note: class Landroid/app/ActivityManagerNative; has 194 unimplemented (abstract) methods
I/ANRManager( 1909): updateProcessStats
E/memtrack(11831): Couldn't load memtrack module (No such file or directory)
E/android.os.Debug(11831): failed to load memtrack module: -2
D/AndroidRuntime(11831): Calling main entry com.android.commands.wm.Wm
D/dalvikvm(11831): threadid=9: interp stack at 0x73b9a000
D/dalvikvm(11831): threadid=10: interp stack at 0x73cba000
D/ADB_SERVICES( 8271): adb fdevent_process list (15) (24) (12) (25) (21) 
D/AndroidRuntime(11831): Shutting down VM
D/dalvikvm(11831): threadid=1: bye!
D/dalvikvm(11831): DestroyJavaVM waiting for non-daemon threads to exit
D/dalvikvm(11831): threadid=1: interp stack at 0x73cf7000
D/dalvikvm(11831): threadid=9: bye!
D/dalvikvm(11831): threadid=10: bye!
D/dalvikvm(11831): DestroyJavaVM shutting VM down
D/dalvikvm(11831): VM shutting down
D/dalvikvm(11831): between the previous GC alloc  702K
D/dalvikvm(11831): GC_CONCURRENT freed 95K (978), 14% free 607K/704K, paused 0ms+0ms, total 3ms
D/dalvikvm(11831): threadid=5: bye!
D/jdwp    (11831): JDWP shutting down net...
D/jdwp    (11831): +++ writing to wakePipe
E/jdwp    (11831): jdwp::setsockopt(SO_SNDTIMEO)
E/jdwp    (11831): jdwp::setsockopt(SO_RCVTIMEO)
D/jdwp    (11831): JDWP: thread exiting
D/dalvikvm(11831): threadid=7: bye!
W/ADB_SERVICES( 8271): terminating JDWP 11831 connection: Try again
D/ADB_SERVICES( 8271): remove pid 11831 to jdwp process list
D/jdwp    (11831): JDWP freeing netstate...
I/dalvikvm(11831): threadid=6: ignore signal 3
D/dalvikvm(11831): threadid=6: bye!
D/dalvikvm(11831): 127 compilations using 4096 + 14404 bytes
D/dalvikvm(11831): Compiler arena uses 6 blocks (8100 bytes each)
D/dalvikvm(11831): Compiler work queue length is 0/9
D/dalvikvm(11831): JIT: table size is 4096, entries used is 134
D/dalvikvm(11831): JIT: 134 traces, 4096 slots, 10 chains, 40 thresh, Non-blocking
D/dalvikvm(11831): JIT: 74 Translation chains, 7 interp stubs
D/dalvikvm(11831): dalvik.vm.jit.op = 0-2,7,a,c,e-f,11-14,1c-1e,21,23,28,2c,32-39,44,46,48-49,4b,4d,50,52,54-55,59,62,70-71,8e,90,95-96,b0-b1,b5,b7,d5,d8,da,dd,e0-e2,ee,f0-f2,f4-f6,f8,
D/dalvikvm(11831): Code size stats: 0/558 (compiled/total Dalvik), 0 (native)
D/dalvikvm(11831): Compiler thread shutting down
D/dalvikvm(11831): threadid=8: bye!
D/dalvikvm(11831): Compiler thread has shut down
D/dalvikvm(11831): threadid=1: suspending daemon id=4 name='FinalizerWatchdogDaemon'
D/dalvikvm(11831): threadid=1: suspending daemon id=3 name='FinalizerDaemon'
D/dalvikvm(11831): threadid=1: suspending daemon id=2 name='ReferenceQueueDaemon'
D/dalvikvm(11831): threadid=1: all daemons have suspended
D/dalvikvm(11831): VM cleaning up
D/dalvikvm(11831): LinearAlloc 0x0 used 1393748 of 33554432 (4%)
D/ADB_SERVICES( 8271):  closing because is_eof=1 r=-1 s->fde.force_eof=0
W/ADB_SERVICES( 8271): entered. LS(429) fd=21
W/ADB_SERVICES( 8271): create_local_service_socket() name=shell:cat /proc/meminfo
W/ADB_SERVICES( 8271): service_to_fd() name=shell:cat /proc/meminfo
W/ADB_SERVICES( 8271): read_meminfo() mem_free=689796
W/ADB_SERVICES( 8271): create_subprocess() ret_fd=21 pid=11847
W/ADB_SERVICES( 8271): LS(431): bound to 'shell:cat /proc/meminfo' via 21
W/ADB_SERVICES(11847): adb: unable to open /proc/11847/oom_adj
D/ADB_SERVICES( 8271):  closing because is_eof=1 r=-1 s->fde.force_eof=0
W/ADB_SERVICES( 8271): entered. LS(431) fd=21
W/ADB_SERVICES( 8271): create_local_service_socket() name=shell:cat /system/build.prop
W/ADB_SERVICES( 8271): service_to_fd() name=shell:cat /system/build.prop
W/ADB_SERVICES( 8271): read_meminfo() mem_free=689852
W/ADB_SERVICES( 8271): create_subprocess() ret_fd=21 pid=11848
W/ADB_SERVICES( 8271): LS(432): bound to 'shell:cat /system/build.prop' via 21
W/ADB_SERVICES(11848): adb: unable to open /proc/11848/oom_adj
D/ADB_SERVICES( 8271):  closing because is_eof=1 r=-1 s->fde.force_eof=0
W/ADB_SERVICES( 8271): entered. LS(432) fd=21
W/ADB_SERVICES( 8271): create_local_service_socket() name=shell:cat /proc/cpuinfo
W/ADB_SERVICES( 8271): service_to_fd() name=shell:cat /proc/cpuinfo
W/ADB_SERVICES( 8271): read_meminfo() mem_free=689852
W/ADB_SERVICES( 8271): create_subprocess() ret_fd=21 pid=11849
W/ADB_SERVICES( 8271): LS(433): bound to 'shell:cat /proc/cpuinfo' via 21
W/ADB_SERVICES(11849): adb: unable to open /proc/11849/oom_adj
D/ADB_SERVICES( 8271):  closing because is_eof=1 r=-1 s->fde.force_eof=0
W/ADB_SERVICES( 8271): entered. LS(433) fd=21
W/ADB_SERVICES( 8271): create_local_service_socket() name=shell:monkey -p com.sixty.nidoneClient --throttle 5 --ignore-timeouts --ignore-crashes --monitor-native-crashes -v -v -v 10000
W/ADB_SERVICES( 8271): service_to_fd() name=shell:monkey -p com.sixty.nidoneClient --throttle 5 --ignore-timeouts --ignore-crashes --monitor-native-crashes -v -v -v 10000
W/ADB_SERVICES( 8271): read_meminfo() mem_free=689800
W/ADB_SERVICES( 8271): create_subprocess() ret_fd=21 pid=11850
W/ADB_SERVICES( 8271): LS(434): bound to 'shell:monkey -p com.sixty.nidoneClient --throttle 5 --ignore-timeouts --ignore-crashes --monitor-native-crashes -v -v -v 10000' via 21
W/ADB_SERVICES(11850): adb: unable to open /proc/11850/oom_adj
W/ADB_SERVICES( 8271): create_local_service_socket() name=shell:export ANDROID_LOG_TAGS="" ; exec logcat -d
W/ADB_SERVICES( 8271): service_to_fd() name=shell:export ANDROID_LOG_TAGS="" ; exec logcat -d
W/ADB_SERVICES( 8271): read_meminfo() mem_free=689800
W/ADB_SERVICES( 8271): create_subprocess() ret_fd=25 pid=11851
W/ADB_SERVICES( 8271): LS(435): bound to 'shell:export ANDROID_LOG_TAGS="" ; exec logcat -d' via 25
W/ADB_SERVICES(11851): adb: unable to open /proc/11851/oom_adj
W/ADB_SERVICES( 8271): create_local_service_socket() name=shell:cat /data/anr/traces.txt
W/ADB_SERVICES( 8271): service_to_fd() name=shell:cat /data/anr/traces.txt
W/ADB_SERVICES( 8271): read_meminfo() mem_free=690000
W/ADB_SERVICES( 8271): create_subprocess() ret_fd=26 pid=11852
W/ADB_SERVICES( 8271): LS(436): bound to 'shell:cat /data/anr/traces.txt' via 26
W/ADB_SERVICES(11852): adb: unable to open /proc/11852/oom_adj
