D/BluetoothAdapterService(1114545808)( 6839): getState(): mAdapterProperties: com.android.bluetooth.btservice.AdapterProperties@426ec588
D/BluetoothAdapter( 6219): 1136045464: getState(). Returning 11
D/ActivityThread( 6219): BDC-RECEIVER handled : 0 / ReceiverData{intent=Intent { act=android.bluetooth.adapter.action.STATE_CHANGED flg=0x4000010 cmp=com.tencent.mm/.booter.BluetoothStateReceiver (has extras) } packageName=com.tencent.mm resultCode=0 resultData=null resultExtras=null}
D/ActivityThread(11450): BDC-Calling onReceive: intent=Intent { act=android.bluetooth.adapter.action.DISCOVERY_FINISHED flg=0x10 cmp=com.android.settings/.bluetooth.BluetoothDiscoveryReceiver }, ordered=true, receiver=com.android.settings.bluetooth.BluetoothDiscoveryReceiver@427b5278
V/BluetoothDiscoveryReceiver(11450): Received: android.bluetooth.adapter.action.DISCOVERY_FINISHED
D/ActivityThread(11450): BDC-RECEIVER handled : 0 / ReceiverData{intent=Intent { act=android.bluetooth.adapter.action.DISCOVERY_FINISHED flg=0x10 cmp=com.android.settings/.bluetooth.BluetoothDiscoveryReceiver } packageName=com.android.settings resultCode=-1 resultData=null resultExtras=null}
D/ActivityThread(11450): BDC-Calling onReceive: intent=Intent { act=android.bluetooth.adapter.action.STATE_CHANGED flg=0x4000010 cmp=com.android.settings/.bluetooth.DockEventReceiver (has extras) }, ordered=true, receiver=com.android.settings.bluetooth.DockEventReceiver@427be100
D/AppOps  ( 1909): startOperation: allowing code 40 uid 1000 package com.android.settings
W/ContextImpl(11450): Calling a method in the system process without a qualified user: android.app.ContextImpl.startService:1701 android.content.ContextWrapper.startService:494 android.content.ContextWrapper.startService:494 com.android.settings.bluetooth.DockEventReceiver.beginStartingService:134 com.android.settings.bluetooth.DockEventReceiver.onReceive:115 
D/ActivityThread(11450): BDC-RECEIVER handled : 0 / ReceiverData{intent=Intent { act=android.bluetooth.adapter.action.STATE_CHANGED flg=0x4000010 cmp=com.android.settings/.bluetooth.DockEventReceiver (has extras) } packageName=com.android.settings resultCode=-1 resultData=null resultExtras=null}
D/ActivityThread(11450): SVC-Creating service: CreateServiceData{token=android.os.BinderProxy@427c1968 className=com.android.settings.bluetooth.DockService packageName=com.android.settings intent=null}
D/dalvikvm(11450): create interp thread : stack size=128KB
D/dalvikvm(11450): create new thread
D/dalvikvm(11450): new thread created
D/dalvikvm(11450): update thread list
D/dalvikvm(11450): threadid=12: interp stack at 0x78865000
D/dalvikvm(11450): threadid=12: created from interp
D/dalvikvm(11450): start new thread
D/dalvikvm(11450): threadid=12: notify debugger
D/dalvikvm(11450): threadid=12 (DockService): calling run()
D/ActivityThread( 6839): BDC-Calling onReceive: intent=Intent { act=android.bluetooth.adapter.action.STATE_CHANGED flg=0x4000010 cmp=com.android.bluetooth/.pbap.BluetoothPbapReceiver (has extras) }, ordered=true, receiver=com.android.bluetooth.pbap.BluetoothPbapReceiver@42a28a00
V/BluetoothPbapReceiver( 6839): PbapReceiver onReceive 
V/BluetoothPbapReceiver( 6839): ***********action = android.bluetooth.adapter.action.STATE_CHANGED
V/BluetoothPbapReceiver( 6839): ***********state = 10
D/ActivityThread( 6839): BDC-RECEIVER handled : 0 / ReceiverData{intent=Intent { act=android.bluetooth.adapter.action.STATE_CHANGED flg=0x4000010 cmp=com.android.bluetooth/.pbap.BluetoothPbapReceiver (has extras) } packageName=com.android.bluetooth resultCode=0 resultData=null resultExtras=null}
D/ActivityThread(11450): SVC-CREATE_SERVICE handled : 0 / CreateServiceData{token=android.os.BinderProxy@427c1968 className=com.android.settings.bluetooth.DockService packageName=com.android.settings intent=null}
D/ActivityThread(11450): SVC-Calling onStartCommand: com.android.settings.bluetooth.DockService@427c2e20, flags=0, startId=1
D/DockEventReceiver(11450): finishStartingService: stopping service
D/ActivityThread(11450): SVC-SERVICE_ARGS handled : 0 / ServiceArgsData{token=android.os.BinderProxy@427c1968 startId=1 args=Intent { act=android.bluetooth.adapter.action.STATE_CHANGED flg=0x4000010 cmp=com.android.settings/.bluetooth.DockService (has extras) }}
D/ActivityThread(11450): BDC-Calling onReceive: intent=Intent { act=android.bluetooth.adapter.action.STATE_CHANGED flg=0x4000010 cmp=com.android.settings/.bluetooth.DisableBluetoothReceiver (has extras) }, ordered=true, receiver=com.android.settings.bluetooth.DisableBluetoothReceiver@427c6150
V/Provider/Settings(11450): get setting for user 0 by user 0 so skipping cache
V/Provider/Settings(11450): invalidate [secure]: current 5 != cached 0
V/Provider/Settings(11450): from db cache, name = auto_turn_off , value = null
D/ActivityThread(11450): BDC-RECEIVER handled : 0 / ReceiverData{intent=Intent { act=android.bluetooth.adapter.action.STATE_CHANGED flg=0x4000010 cmp=com.android.settings/.bluetooth.DisableBluetoothReceiver (has extras) } packageName=com.android.settings resultCode=0 resultData=null resultExtras=null}
D/ActivityThread(11450): SVC-Destroying service: com.android.settings.bluetooth.DockService@427c2e20
D/dalvikvm(11450): threadid=12: exiting
D/ActivityThread(11450): SVC-STOP_SERVICE handled : 0 / android.os.BinderProxy@427c1968
D/dalvikvm(11450): threadid=12: bye!
D/ActivityThread( 6839): BDC-Calling onReceive: intent=Intent { act=android.bluetooth.adapter.action.STATE_CHANGED flg=0x4000010 cmp=com.android.bluetooth/.opp.BluetoothOppReceiver (has extras) }, ordered=true, receiver=com.android.bluetooth.opp.BluetoothOppReceiver@42a2ae70
I/[Bluetooth.OPP]BluetoothOppReceiver( 6839): onReceive::action = android.bluetooth.adapter.action.STATE_CHANGED
D/ActivityThread( 6839): BDC-RECEIVER handled : 0 / ReceiverData{intent=Intent { act=android.bluetooth.adapter.action.STATE_CHANGED flg=0x4000010 cmp=com.android.bluetooth/.opp.BluetoothOppReceiver (has extras) } packageName=com.android.bluetooth resultCode=0 resultData=null resultExtras=null}
D/ActivityThread( 6219): BDC-Calling onReceive: intent=Intent { act=android.bluetooth.adapter.action.STATE_CHANGED flg=0x4000010 cmp=com.tencent.mm/.booter.BluetoothStateReceiver (has extras) }, ordered=true, receiver=com.tencent.mm.booter.BluetoothStateReceiver@43ca4d08
D/BluetoothAdapterService(1114545808)( 6839): getState(): mAdapterProperties: com.android.bluetooth.btservice.AdapterProperties@426ec588
D/BluetoothAdapter( 6219): 1136045464: getState(). Returning 11
D/BluetoothAdapterService(1114545808)( 6839): getState(): mAdapterProperties: com.android.bluetooth.btservice.AdapterProperties@426ec588
D/BluetoothAdapter( 6219): 1136045464: getState(). Returning 11
D/BluetoothAdapterService(1114545808)( 6839): getState(): mAdapterProperties: com.android.bluetooth.btservice.AdapterProperties@426ec588
D/BluetoothAdapter( 6219): 1136045464: getState(). Returning 11
D/ActivityThread( 6219): BDC-RECEIVER handled : 0 / ReceiverData{intent=Intent { act=android.bluetooth.adapter.action.STATE_CHANGED flg=0x4000010 cmp=com.tencent.mm/.booter.BluetoothStateReceiver (has extras) } packageName=com.tencent.mm resultCode=0 resultData=null resultExtras=null}
D/ActivityThread(11450): BDC-Calling onReceive: intent=Intent { act=android.bluetooth.adapter.action.STATE_CHANGED flg=0x4000010 cmp=com.android.settings/.bluetooth.DockEventReceiver (has extras) }, ordered=true, receiver=com.android.settings.bluetooth.DockEventReceiver@427c90e8
D/ActivityThread(11450): BDC-RECEIVER handled : 0 / ReceiverData{intent=Intent { act=android.bluetooth.adapter.action.STATE_CHANGED flg=0x4000010 cmp=com.android.settings/.bluetooth.DockEventReceiver (has extras) } packageName=com.android.settings resultCode=-1 resultData=null resultExtras=null}
D/ActivityThread( 6839): BDC-Calling onReceive: intent=Intent { act=android.bluetooth.adapter.action.STATE_CHANGED flg=0x4000010 cmp=com.android.bluetooth/.pbap.BluetoothPbapReceiver (has extras) }, ordered=true, receiver=com.android.bluetooth.pbap.BluetoothPbapReceiver@42a2de68
V/BluetoothPbapReceiver( 6839): PbapReceiver onReceive 
V/BluetoothPbapReceiver( 6839): ***********action = android.bluetooth.adapter.action.STATE_CHANGED
V/BluetoothPbapReceiver( 6839): ***********state = 11
D/ActivityThread( 6839): BDC-RECEIVER handled : 0 / ReceiverData{intent=Intent { act=android.bluetooth.adapter.action.STATE_CHANGED flg=0x4000010 cmp=com.android.bluetooth/.pbap.BluetoothPbapReceiver (has extras) } packageName=com.android.bluetooth resultCode=0 resultData=null resultExtras=null}
D/ActivityThread(11450): BDC-Calling onReceive: intent=Intent { act=android.bluetooth.adapter.action.STATE_CHANGED flg=0x4000010 cmp=com.android.settings/.bluetooth.DisableBluetoothReceiver (has extras) }, ordered=true, receiver=com.android.settings.bluetooth.DisableBluetoothReceiver@427cb040
D/ActivityThread(11450): BDC-RECEIVER handled : 0 / ReceiverData{intent=Intent { act=android.bluetooth.adapter.action.STATE_CHANGED flg=0x4000010 cmp=com.android.settings/.bluetooth.DisableBluetoothReceiver (has extras) } packageName=com.android.settings resultCode=0 resultData=null resultExtras=null}
D/ActivityThread( 6839): BDC-Calling onReceive: intent=Intent { act=android.bluetooth.adapter.action.STATE_CHANGED flg=0x4000010 cmp=com.android.bluetooth/.opp.BluetoothOppReceiver (has extras) }, ordered=true, receiver=com.android.bluetooth.opp.BluetoothOppReceiver@42a30338
I/[Bluetooth.OPP]BluetoothOppReceiver( 6839): onReceive::action = android.bluetooth.adapter.action.STATE_CHANGED
D/ActivityThread( 6839): BDC-RECEIVER handled : 0 / ReceiverData{intent=Intent { act=android.bluetooth.adapter.action.STATE_CHANGED flg=0x4000010 cmp=com.android.bluetooth/.opp.BluetoothOppReceiver (has extras) } packageName=com.android.bluetooth resultCode=0 resultData=null resultExtras=null}
D/ActivityThread( 6219): BDC-Calling onReceive: intent=Intent { act=android.bluetooth.adapter.action.STATE_CHANGED flg=0x4000010 cmp=com.tencent.mm/.booter.BluetoothStateReceiver (has extras) }, ordered=true, receiver=com.tencent.mm.booter.BluetoothStateReceiver@43fee2b8
D/BluetoothAdapterService(1114545808)( 6839): getState(): mAdapterProperties: com.android.bluetooth.btservice.AdapterProperties@426ec588
D/BluetoothAdapter( 6219): 1136045464: getState(). Returning 11
D/BluetoothAdapterService(1114545808)( 6839): getState(): mAdapterProperties: com.android.bluetooth.btservice.AdapterProperties@426ec588
D/BluetoothAdapter( 6219): 1136045464: getState(). Returning 11
D/BluetoothAdapterService(1114545808)( 6839): getState(): mAdapterProperties: com.android.bluetooth.btservice.AdapterProperties@426ec588
D/BluetoothAdapter( 6219): 1136045464: getState(). Returning 11
D/ActivityThread( 6219): BDC-RECEIVER handled : 0 / ReceiverData{intent=Intent { act=android.bluetooth.adapter.action.STATE_CHANGED flg=0x4000010 cmp=com.tencent.mm/.booter.BluetoothStateReceiver (has extras) } packageName=com.tencent.mm resultCode=0 resultData=null resultExtras=null}
W/[BT]    (  302): bt_read_nvram #111
D/[BT]    (  302): bt_read_nvram: Get NVRAM ready retry 0
D/NVRAM   (  302): NVM_GetFileDesc ++
D/NVRAM   (  302): NVM_GetCfgFileTable : file_lid = 1
D/NVRAM   (  302): NVM_GetCfgFileTable done
D/NVRAM   (  302): Open /data/nvram/APCFG/APRDEB/BT_Addr,LID:1
D/NVRAM   (  302): NVM_CmpFileVerNo 1  
D/NVRAM   (  302): NVM_GetCfgFileTable : file_lid = 1
D/NVRAM   (  302): Check if FILE_VER exists before openning it!
D/NVRAM   (  302): NVM_CheckVerFile: 1
D/NVRAM   (  302): New version info file
D/NVRAM   (  302): Load File Version: 001, NvRam File Version: 001
D/NVRAM   (  302): no need to enc/dnc
D/NVRAM   (  302): NVM_CheckFileSize : 1 ++
D/NVRAM   (  302): iCustomBeginLID = 50
D/NVRAM   (  302): NVM_CheckVerFile: 1
D/NVRAM   (  302): NVM_GetCfgFileTable : file_lid = 1
D/NVRAM   (  302): NVM_CheckFileSize:stat_size:66,size in table:64
D/NVRAM   (  302): NVM_ProtectUserData
D/NVRAM   (  302): NVM_ProtectUserData:Check File
D/NVRAM   (  302): NVM_CheckFile: File is correct!
D/NVRAM   (  302): NVM_ProtectUserData:Check Success
D/NVRAM   (  302): NVM_GetFileDesc ProtectDataFile Check Success!!
D/NVRAM   (  302): NVM_GetFileDesc --
D/NVRAM   (  302): NVM_CheckFileSize : 1 ++
D/NVRAM   (  302): iCustomBeginLID = 50
D/NVRAM   (  302): NVM_CheckVerFile: 1
D/NVRAM   (  302): NVM_GetCfgFileTable : file_lid = 1
D/NVRAM   (  302): NVM_CheckFileSize:stat_size:66,size in table:64
D/NVRAM   (  302): NVM_ProtectUserData
D/NVRAM   (  302): NVM_ProtectUserData:Set Check Num
D/NVRAM   (  302): NVM_SetCheckNo: CheckNo:71
D/NVRAM   (  302): NVM_SetCheckNo: CheckFlag:0
D/NVRAM   (  302): NVM_SetCheckNo: CheckNo generate successfully!
D/NVRAM   (  302): NVM_ProtectUserData:Set Check Num Success
D/NVRAM   (  302): NVM_CloseFileDesc ProtectDataFile Success!!
D/NVRAM   (  302): no need to enc/dnc
W/[BT]    (  302): mtk: [BDAddr bc-3a-ea-52-26-4f][Voice 60 00][Codec 23 10 00 00]             [Radio 07 80 00 06 05 07][Sleep 03 40 1f 40 1f 00 04][BtFTR 80 00]             [TxPWOffset ff ff ff][CoexAdjust 00 00 00 00 00 00]
D/[BT]    (  302): bt_get_combo_id: Get combo chip id retry 0
D/[BT]    (  302): bt_get_combo_id: Combo chip id 6752
D/[BT]    (  302): BT_InitDevice: BT_InitDevice
D/[BT]    (  302): GORM_Init: GORM_Init
D/[BT]    (  302): GORMcmd_HCC_Set_Local_BD_Addr: GORMcmd_HCC_Set_Local_BD_Addr
W/[BT]    (  302): GORMcmd_HCC_Set_Local_BD_Addr: Nvram BD address has valid value
W/[BT]    (  302): GORMcmd_HCC_Set_Local_BD_Addr: Write BD address: bc-3a-ea-52-26-4f
D/[BT]    (  302): BT_SendHciCommand: OpCode 0xfc1a len 6
D/[BT]    (  302): GORMcmd_HCC_Set_Radio: GORMcmd_HCC_Set_Radio
D/[BT]    (  302): BT_SendHciCommand: OpCode 0xfc79 len 6
D/[BT]    (  302): GORMcmd_HCC_Set_TX_Power_Offset: GORMcmd_HCC_Set_TX_Power_Offset
D/[BT]    (  302): BT_SendHciCommand: OpCode 0xfc93 len 3
D/[BT]    (  302): GORMcmd_HCC_Set_Sleep_Timeout: GORMcmd_HCC_Set_Sleep_Timeout
D/[BT]    (  302): BT_SendHciCommand: OpCode 0xfc7a len 7
D/[BT]    (  302): GORMcmd_HCC_RESET: GORMcmd_HCC_RESET
D/[BT]    (  302): BT_SendHciCommand: OpCode 0x0c03 len 0
W/[BT]    (  302): mtk: mtk() success
D/[BT]    (  302): mtk_bt_enable: BT is enabled success
D/MTKBT   (  302): UART_Init : [BT] - mtk_bt_enable: ret=24
I/        (  302): [bt_ashm] ashm service[] already exists.
D/        (  302): [bt_ashm] get default ServiceManager and Binder
D/        (  302): [bt_ashm] btmtk_ashm_malloc_memory mtk.bt.profile.spp.get.ashm
D/        (  302): [bt_ashm] Has malloc mtk.bt.profile.spp.get.ashm buffer!
D/        (  302): .
D/        (  302): [bt_ashm] get default ServiceManager and Binder
D/        (  302): [bt_ashm] btmtk_ashm_malloc_memory mtk.bt.profile.spp.put.ashm
D/        (  302): [bt_ashm] Has malloc mtk.bt.profile.spp.put.ashm buffer!
D/        (  302): .
D/        (  302): [bt_ashm] get default ServiceManager and Binder
D/        (  302): [bt_ashm] btmtk_ashm_get_memory mtk.bt.profile.spp.get.ashm
D/        (  302): [bt_ashm] get default ServiceManager and Binder
D/        (  302): [bt_ashm] btmtk_ashm_get_memory mtk.bt.profile.spp.put.ashm
D/        (  302): [bt_ashm] get default ServiceManager and Binder
D/        (  302): [bt_ashm] btmtk_ashm_malloc_memory mtk.bt.profile.opps.ashm
D/        (  302): [bt_ashm] Has malloc mtk.bt.profile.opps.ashm buffer!
D/        (  302): .
D/        (  302): [bt_ashm] get default ServiceManager and Binder
D/        (  302): [bt_ashm] btmtk_ashm_get_memory mtk.bt.profile.opps.ashm
D/        (  302): [bt_ashm] get default ServiceManager and Binder
D/        (  302): [bt_ashm] btmtk_ashm_malloc_memory mtk.bt.profile.oppc.ashm
D/        (  302): [bt_ashm] Has malloc mtk.bt.profile.oppc.ashm buffer!
D/        (  302): .
D/        (  302): [bt_ashm] get default ServiceManager and Binder
D/        (  302): [bt_ashm] btmtk_ashm_get_memory mtk.bt.profile.oppc.ashm
D/        (  302): [bt_ashm] get default ServiceManager and Binder
D/        (  302): [bt_ashm] btmtk_ashm_malloc_memory mtk.bt.profile.ftps.ashm
D/        (  302): [bt_ashm] Has malloc mtk.bt.profile.ftps.ashm buffer!
D/        (  302): .
D/        (  302): [bt_ashm] get default ServiceManager and Binder
D/        (  302): [bt_ashm] btmtk_ashm_get_memory mtk.bt.profile.ftps.ashm
D/        (  302): [bt_ashm] get default ServiceManager and Binder
D/        (  302): [bt_ashm] btmtk_ashm_malloc_memory mtk.bt.profile.ftpc.ashm
D/        (  302): [bt_ashm] Has malloc mtk.bt.profile.ftpc.ashm buffer!
D/        (  302): .
D/        (  302): [bt_ashm] get default ServiceManager and Binder
D/        (  302): [bt_ashm] btmtk_ashm_get_memory mtk.bt.profile.ftpc.ashm
I/MTKBT   (  302): [Session]session_setup
I/MTKBT   (  302): [Session]session_register_handler: name [bt.session.default], startid[26], endid[126]
I/MTKBT   (  302): [Session]session_register_handler: name [bt.session.default], startid[127], endid[227]
I/BTIF_CORE( 6839): [btif_task]:Polling returned!
I/BTIF_CORE( 6839): [btif_task]:Start retrieve data pollMemberCount=9!
I/BTIF_CORE( 6839): [btif_task]:fd 0 data ready!
I/BTIF_CORE( 6839): [btif_task]:pollData[i].fd data ready : revents = 0x1!
I/BTIF_CORE( 6839): in profile[0] handler!
I/bt_gap_hdl.c( 6839): +++[GAP] btmtk_handle_gap_message msg:[MSG_ID_BT_POWERON_CNF]+++!
I/bt_gap_hdl.c( 6839): [GAP] MSG_ID_BT_POWERON_CNF result:[1]!
I/bt_gap_hdl.c( 6839): [GAP] btmtk_gap_get_local_addr
I/bt_gap_api.c( 6839): [GAP] btmtk_get_local_addr
I/bt_ext_apis.c( 6839): btmtk_util_find_profile_msg_handler search profile_id:[0]
I/bt_ext_apis.c( 6839): [JNI] btmtk_sendmsg(cmd=111, ptr=0x784dbcb8, len=28)
I/bt_ext_apis.c( 6839): [JNI] send msg success : 28
I/bt_gap_api.c( 6839): [GAP] btmtk_get_local_addr return:1!
I/bt_gap_hdl.c( 6839): ---[GAP] btmtk_handle_gap_message---!
I/BTIF_CORE( 6839): out profile[0] handler!
I/BTIF_CORE( 6839): [btif_task]:Start polling!
I/BTIF_CORE( 6839): [btif_task]:Polling returned!
I/BTIF_CORE( 6839): [btif_task]:Start retrieve data pollMemberCount=9!
I/BTIF_CORE( 6839): [btif_task]:fd 0 data ready!
I/BTIF_CORE( 6839): [btif_task]:pollData[i].fd data ready : revents = 0x1!
I/BTIF_CORE( 6839): in profile[0] handler!
I/bt_gap_hdl.c( 6839): +++[GAP] btmtk_handle_gap_message msg:[MSG_ID_BT_BM_READ_LOCAL_ADDR_CNF]+++!
I/bt_gap_hdl.c( 6839): [GAP] MSG_ID_BT_BM_READ_LOCAL_ADDR_CNF status:[2], result:[0], addr:[0x52264F:0xEA:0xBC3A]!
I/bt_gap_api.c( 6839): [GAP] btmtk_gap_set_local_name name:[OPPO R7]!
I/bt_gap_api.c( 6839): [GAP] btmtk_gap_set_local_name new name:[OPPO R7]!
I/bt_ext_apis.c( 6839): btmtk_util_find_profile_msg_handler search profile_id:[0]
I/bt_ext_apis.c( 6839): [JNI] btmtk_sendmsg(cmd=105, ptr=0x784dbbe8, len=282)
I/bt_ext_apis.c( 6839): [JNI] send msg success : 282
I/bt_gap_api.c( 6839): [GAP] btmtk_gap_set_local_name return:1!
I/bt_gap_api.c( 6839): [GAP] btmtk_gap_set_local_cod cod:[5a020c]!
I/bt_ext_apis.c( 6839): btmtk_util_find_profile_msg_handler search profile_id:[0]
I/bt_ext_apis.c( 6839): [JNI] btmtk_sendmsg(cmd=113, ptr=0x784dbbf0, len=40)
I/bt_ext_apis.c( 6839): [JNI] send msg success : 40
I/bt_gap_api.c( 6839): [GAP] btmtk_gap_set_local_cod return:1!
I/bt_gap_api.c( 6839): [GAP] btmtk_host_cache_write
I/bt_gap_hdl.c( 6839): [GAP] btmtk_ev_execute_service_cv service_id:[6], bEnable:[1]!
I/BTIF_HF ( 6839): btif_hf_execute_service: enable
I/BTEXTADP_HF( 6839): btmtk_hfg_register(0x78D45960, 0x0, 65, 1)
I/BTEXTADP_HF( 6839): hfg_common_req(msg_id=1800,resp_id=1801, ilm=0x784DBBA8, size=16)
I/BTEXTADP_HF( 6839): msg=1800, ptr=0x784DBBA8, size=16
I/BTEXTADP_HF( 6839): send msg success : 44
I/BTEXTADP_HF( 6839): [JNI] recv resp=1801, bytes=44
I/BTEXTADP_HF( 6839): BT stack returns result=0
I/BTEXTADP_HF( 6839): btmtk_hfg_register(0x78682810, 0x0, 65, 0)
I/BTEXTADP_HF( 6839): hfg_common_req(msg_id=1800,resp_id=1801, ilm=0x784DBBA8, size=16)
I/BTEXTADP_HF( 6839): msg=1800, ptr=0x784DBBA8, size=16
I/BTEXTADP_HF( 6839): send msg success : 44
I/BTEXTADP_HF( 6839): [JNI] recv resp=1801, bytes=44
I/BTEXTADP_HF( 6839): BT stack returns result=0
I/bt_gap_hdl.c( 6839): [GAP] btmtk_ev_execute_service_cv service_id:[14], bEnable:[1]!
I/[BT][PAN][JNI]( 6839): [BT][PAN][EXT]btif_pan_execute_service:b_enable: 1
I/[BT][PAN][JNI]( 6839): [BT][PAN][EXT]btpan_enable:btpan_enable, local_role: 3
I/[BT][PAN][JNI]( 6839): [BT][PAN][EXT]btpan_role_to_btadp:btpan_role:0x3
I/[BT][PAN][JNI]( 6839): [PAN EXT ADP] handle command opcode: 00
I/[BT][PAN][JNI]( 6839): [SPP][ADP] BTCMD_SendMessage: 3300
I/[BT][PAN][JNI]( 6839): [SPP][ADP] send done: 36
I/bt_gap_hdl.c( 6839): [GAP] btmtk_ev_execute_service_cv service_id:[16], bEnable:[1]!
I/BTIF_AV ( 6839): [A2DP_EXT] [btif_av_execute_service@181] [BTIF_AV] bt interface enable run, b_enable: 1
D/[BT][CUST]( 6839): getCustID failed : AVRCPSupportMask
D/[BT][CUST]( 6839): dumpCust
D/[BT][CUST]( 6839): g_cust_table=0x782bdd00, g_cust_table_size=64
D/[BT][CUST]( 6839): 0 : pageTimeout=0x1c00
D/[BT][CUST]( 6839): 1 : connectionTimeout=0x1f40
D/[BT][CUST]( 6839): 2 : InquiryScanWindow=0x12
D/[BT][CUST]( 6839): 3 : inquiryScanInterval=0x1000
D/[BT][CUST]( 6839): 4 : pageScanWindow=0x12
D/[BT][CUST]( 6839): 5 : pageScanInterval=0x800
D/[BT][CUST]( 6839): 6 : setupSyncCmdRawData=0x6400
D/[BT][CUST]( 6839): 7 : createConnRoleSwitchReq=0x1
D/[BT][CUST]( 6839): 8 : acceptConnRoleSwitchReq=0x1
D/[BT][CUST]( 6839): 9 : inquiryLengthArray=0x6400
D/[BT][CUST]( 6839): 10 : pinPairingReqTimeoutActive=0x4500
D/[BT][CUST]( 6839): 11 : pinPairingReqTimeoutPassive=0x4500
D/[BT][CUST]( 6839): 12 : SSPPairingReqTimeoutActive=0x4500
D/[BT][CUST]( 6839): 13 : SSPPairingReqTimeoutPassive=0x4500
D/[BT][CUST]( 6839): 14 : SCOPktType=0x3c7
D/[BT][CUST]( 6839): 15 : eSCOPktType=0x388
D/[BT][CUST]( 6839): 16 : ForceSCO=0x0
D/[BT][CUST]( 6839): 17 : RoleSwitchRetryCount=0x1
D/[BT][CUST]( 6839): 18 : GapInquiryShowAddress=0x1
D/[BT][CUST]( 6839): 19 : AutoAcceptReqFromPairedDevice=0x1
D/[BT][CUST]( 6839): 20 : DelayAuthentication=0x0
D/[BT][CUST]( 6839): 21 : CreateConnectionRetryNoEventReported=0x0
D/[BT][CUST]( 6839): 22 : SSPSupport=0x1
D/[BT][CUST]( 6839): 23 : LocalIOCapability=0x1
D/[BT][CUST]( 6839): 24 : HFPSDPCache=0x1
D/[BT][CUST]( 6839): 25 : HFPSupportMask=0x3
D/[BT][CUST]( 6839): 26 : HFPVoiceRecognition=0x1
D/[BT][CUST]( 6839): 27 : HFPmSBCCodec=0x1
D/[BT][CUST]( 6839): 28 : HFPInBandRingtone=0x0
D/[BT][CUST]( 6839): 29 : HFPSCODelayTimeout=0x0
D/[BT][CUST]( 6839): 30 : HFPSCODiscDelayTimeout=0x0
D/[BT][CUST]( 6839): 31 : 30HSSupported=0x0
D/[BT][CUST]( 6839): 32 : LESupport=0x1
D/[BT][CUST]( 6839): 33 : DevSupportServices=0x782be120
D/[BT][CUST]( 6839): 34 : SDPDelayTimeout=0x1f4
D/[BT][CUST]( 6839): 35 : InquiryTxPwr=0x782be0d6
D/[BT][CUST]( 6839): 36 : InquiryLength=0x782be0d4
D/[BT][CUST]( 6839): 37 : NoRoleSwitch=0x0
D/[BT][CUST]( 6839): 38 : KeepAwakeTime=0x1388
D/[BT][CUST]( 6839): 39 : LEInitiateInterval=0x50
D/[BT][CUST]( 6839): 40 : LEInitiateWindow=0x12
D/[BT][CUST]( 6839): 41 : LEScanInterval=0x50
D/[BT][CUST]( 6839): 42 : LEScanWindow=0x12
D/[BT][CUST]( 6839): 43 : LEConnIntervalMin=0xa
D/[BT][CUST]( 6839): 44 : LEConnIntervalMax=0xf
D/[BT][CUST]( 6839): 45 : LEConnLatency=0x0
D/[BT][CUST]( 6839): 46 : LESupervisionTO=0x500
D/[BT][CUST]( 6839): 47 : LocalNameCustPermission=0x0
D/[BT][CUST]( 6839): 48 : InquiryTimeout=0x30
D/[BT][CUST]( 6839): 49 : ClassOfDevice=0x4a020c
D/[BT][CUST]( 6839): 50 : L2capLowPriorityMaxAcceptTimeoutMs=0x1f4
D/[BT][CUST]( 6839): 51 : ManufactureID=0x46
D/[BT][CUST]( 6839): 52 : ProductID=0x802
D/[BT][CUST]( 6839): 53 : AvrcpTgVersion=0x13
D/[BT][CUST]( 6839): 54 : AvrcpAbsVolume=0x1
D/[BT][CUST]( 6839): 55 : sniffmode=0x782be0c8
D/[BT][CUST]( 6839): 56 : hfsdp=0x782be0a8
D/[BT][CUST]( 6839): 57 : hssdp=0x782be0b0
D/[BT][CUST]( 6839): 58 : pcesdp=0x782be0b8
D/[BT][CUST]( 6839): 59 : sppsdp=0x782be0bc
D/[BT][CUST]( 6839): 60 : psesdp=0x782be0c2
D/[BT][CUST]( 6839): 61 : msesdp=0x782be09c
D/[BT][CUST]( 6839): 62 : BtSnoopPath=0x782bcb51
D/[BT][CUST]( 6839): 63 : EnableLEScanDupFilter=0x1
D/[BT][CUST]( 6839): g_dev_config=0x782be034, g_dev_config_size=7
D/[BT][CUST]( 6839): 0 : dev=BMW 56900, config=0x782be0f0
D/[BT][CUST]( 6839):   0 : HFPSCODelayTimeout=0xc8 cid=30
D/[BT][CUST]( 6839): 1 : dev=i.Tech Clip R35, config=0x782be004
D/[BT][CUST]( 6839):   0 : DevSupportServices=0x782be0a2 cid=34
D/[BT][CUST]( 6839): 2 : dev=PCM, config=0x782be01c
D/[BT][CUST]( 6839):   0 : SDPDelayTimeout=0x0 cid=35
D/[BT][CUST]( 6839): 3 : dev=CarKit10BF, config=0x782be0d8
D/[BT][CUST]( 6839):   0 : ForceSCO=0x1 cid=17
D/[BT][CUST]( 6839): 4 : dev=Honda HFT, config=0x782be108
D/[BT][CUST]( 6839):   0 : SDPDelayTimeout=0x0 cid=35
D/[BT][CUST]( 6839): 5 : dev=Motorola S10-HD, config=0x782be06c
D/[BT][CUST]( 6839):   0 : NoRoleSwitch=0x1 cid=38
D/[BT][CUST]( 6839): 6 : dev=Bose AE2w 01.02.00, config=0x782be084
D/[BT][CUST]( 6839):   0 : NoRoleSwitch=0x1 cid=38
D/[BT][CUST]( 6839): getCustValue failed : cid=0, value=0x784dc3f4
D/[BT][CUST]( 6839): dumpCust
D/[BT][CUST]( 6839): g_cust_table=0x782bdd00, g_cust_table_size=64
D/[BT][CUST]( 6839): 0 : pageTimeout=0x1c00
D/[BT][CUST]( 6839): 1 : connectionTimeout=0x1f40
D/[BT][CUST]( 6839): 2 : InquiryScanWindow=0x12
D/[BT][CUST]( 6839): 3 : inquiryScanInterval=0x1000
D/[BT][CUST]( 6839): 4 : pageScanWindow=0x12
D/[BT][CUST]( 6839): 5 : pageScanInterval=0x800
D/[BT][CUST]( 6839): 6 : setupSyncCmdRawData=0x6400
D/[BT][CUST]( 6839): 7 : createConnRoleSwitchReq=0x1
D/[BT][CUST]( 6839): 8 : acceptConnRoleSwitchReq=0x1
D/[BT][CUST]( 6839): 9 : inquiryLengthArray=0x6400
D/[BT][CUST]( 6839): 10 : pinPairingReqTimeoutActive=0x4500
D/[BT][CUST]( 6839): 11 : pinPairingReqTimeoutPassive=0x4500
D/[BT][CUST]( 6839): 12 : SSPPairingReqTimeoutActive=0x4500
D/[BT][CUST]( 6839): 13 : SSPPairingReqTimeoutPassive=0x4500
D/[BT][CUST]( 6839): 14 : SCOPktType=0x3c7
D/[BT][CUST]( 6839): 15 : eSCOPktType=0x388
D/[BT][CUST]( 6839): 16 : ForceSCO=0x0
D/[BT][CUST]( 6839): 17 : RoleSwitchRetryCount=0x1
D/[BT][CUST]( 6839): 18 : GapInquiryShowAddress=0x1
D/[BT][CUST]( 6839): 19 : AutoAcceptReqFromPairedDevice=0x1
D/[BT][CUST]( 6839): 20 : DelayAuthentication=0x0
D/[BT][CUST]( 6839): 21 : CreateConnectionRetryNoEventReported=0x0
D/[BT][CUST]( 6839): 22 : SSPSupport=0x1
D/[BT][CUST]( 6839): 23 : LocalIOCapability=0x1
D/[BT][CUST]( 6839): 24 : HFPSDPCache=0x1
D/[BT][CUST]( 6839): 25 : HFPSupportMask=0x3
D/[BT][CUST]( 6839): 26 : HFPVoiceRecognition=0x1
D/[BT][CUST]( 6839): 27 : HFPmSBCCodec=0x1
D/[BT][CUST]( 6839): 28 : HFPInBandRingtone=0x0
D/[BT][CUST]( 6839): 29 : HFPSCODelayTimeout=0x0
D/[BT][CUST]( 6839): 30 : HFPSCODiscDelayTimeout=0x0
D/[BT][CUST]( 6839): 31 : 30HSSupported=0x0
D/[BT][CUST]( 6839): 32 : LESupport=0x1
D/[BT][CUST]( 6839): 33 : DevSupportServices=0x782be120
D/[BT][CUST]( 6839): 34 : SDPDelayTimeout=0x1f4
D/[BT][CUST]( 6839): 35 : InquiryTxPwr=0x782be0d6
D/[BT][CUST]( 6839): 36 : InquiryLength=0x782be0d4
D/[BT][CUST]( 6839): 37 : NoRoleSwitch=0x0
D/[BT][CUST]( 6839): 38 : KeepAwakeTime=0x1388
D/[BT][CUST]( 6839): 39 : LEInitiateInterval=0x50
D/[BT][CUST]( 6839): 40 : LEInitiateWindow=0x12
D/[BT][CUST]( 6839): 41 : LEScanInterval=0x50
D/[BT][CUST]( 6839): 42 : LEScanWindow=0x12
D/[BT][CUST]( 6839): 43 : LEConnIntervalMin=0xa
D/[BT][CUST]( 6839): 44 : LEConnIntervalMax=0xf
D/[BT][CUST]( 6839): 45 : LEConnLatency=0x0
D/[BT][CUST]( 6839): 46 : LESupervisionTO=0x500
D/[BT][CUST]( 6839): 47 : LocalNameCustPermission=0x0
D/[BT][CUST]( 6839): 48 : InquiryTimeout=0x30
D/[BT][CUST]( 6839): 49 : ClassOfDevice=0x4a020c
D/[BT][CUST]( 6839): 50 : L2capLowPriorityMaxAcceptTimeoutMs=0x1f4
D/[BT][CUST]( 6839): 51 : ManufactureID=0x46
D/[BT][CUST]( 6839): 52 : ProductID=0x802
D/[BT][CUST]( 6839): 53 : AvrcpTgVersion=0x13
D/[BT][CUST]( 6839): 54 : AvrcpAbsVolume=0x1
D/[BT][CUST]( 6839): 55 : sniffmode=0x782be0c8
D/[BT][CUST]( 6839): 56 : hfsdp=0x782be0a8
D/[BT][CUST]( 6839): 57 : hssdp=0x782be0b0
D/[BT][CUST]( 6839): 58 : pcesdp=0x782be0b8
D/[BT][CUST]( 6839): 59 : sppsdp=0x782be0bc
D/[BT][CUST]( 6839): 60 : psesdp=0x782be0c2
D/[BT][CUST]( 6839): 61 : msesdp=0x782be09c
D/[BT][CUST]( 6839): 62 : BtSnoopPath=0x782bcb51
D/[BT][CUST]( 6839): 63 : EnableLEScanDupFilter=0x1
D/[BT][CUST]( 6839): g_dev_config=0x782be034, g_dev_config_size=7
D/[BT][CUST]( 6839): 0 : dev=BMW 56900, config=0x782be0f0
D/[BT][CUST]( 6839):   0 : HFPSCODelayTimeout=0xc8 cid=30
D/[BT][CUST]( 6839): 1 : dev=i.Tech Clip R35, config=0x782be004
D/[BT][CUST]( 6839):   0 : DevSupportServices=0x782be0a2 cid=34
D/[BT][CUST]( 6839): 2 : dev=PCM, config=0x782be01c
D/[BT][CUST]( 6839):   0 : SDPDelayTimeout=0x0 cid=35
D/[BT][CUST]( 6839): 3 : dev=CarKit10BF, config=0x782be0d8
D/[BT][CUST]( 6839):   0 : ForceSCO=0x1 cid=17
D/[BT][CUST]( 6839): 4 : dev=Honda HFT, config=0x782be108
D/[BT][CUST]( 6839):   0 : SDPDelayTimeout=0x0 cid=35
D/[BT][CUST]( 6839): 5 : dev=Motorola S10-HD, config=0x782be06c
D/[BT][CUST]( 6839):   0 : NoRoleSwitch=0x1 cid=38
D/[BT][CUST]( 6839): 6 : dev=Bose AE2w 01.02.00, config=0x782be084
D/[BT][CUST]( 6839):   0 : NoRoleSwitch=0x1 cid=38
I/BTIF_AV ( 6839): [AVRCP] cust role value 0, ret:0.
I/BTIF_AV ( 6839): [A2DP_EXT] [a2dp_registerSocket@161] [BTIF_AV]
I/BTIF_AV ( 6839): [A2DP_EXT] [a2dp_registerSocket@165] [BTIF_AV] initNative a2dpsock = 86
I/BTIF_AV ( 6839): [AVRCP] := bt interface try to active avrcp.
I/BTIF_RC ( 6839): btmtk_avrcp_send_activate_req 1
I/BTIF_RC ( 6839): AVRCP chnl_num 0 version 19 sdpfeature 0
I/BTIF_RC ( 6839): AVRCP_SendMessage len=8
I/BTIF_RC ( 6839): [AVRCP] := msg=700, ptr=0x784DBB80, size=8
I/bt_ext_apis.c( 6839): btmtk_util_find_profile_msg_handler search profile_id:[5]
I/bt_ext_apis.c( 6839): [JNI] btmtk_sendmsg(cmd=700, ptr=0x784dbb80, len=64)
I/bt_ext_apis.c( 6839): [JNI] send msg success : 64
I/BTIF_RC ( 6839): avrcp MSG range(700~812)
I/BTIF_RC ( 6839): avrcp MSG_ID_BT_AVRCP_ACTIVATE_REQ=700
I/BTIF_RC ( 6839): avrcp MSG_ID_BT_AVRCP_SET_ADDRESSEDPLAYER_RSP=750
I/BTIF_AV ( 6839): [A2DP_EXT] [btif_av_execute_service@207] [BTIF_AV] btmtk_a2dp_send_activate_req
I/        ( 6839): [A2DP_EXT] [btmtk_a2dp_send_activate_req@377]  
I/        ( 6839): [A2DP_EXT] [btmtk_a2dp_send_activate_req@381] activate source
I/        ( 6839): [A2DP_EXT] [A2DP_SendMessage@276] msg=500, ptr=0x784DBBA8, size=56
I/bt_ext_apis.c( 6839): btmtk_util_find_profile_msg_handler search profile_id:[1]
I/bt_ext_apis.c( 6839): [JNI] btmtk_sendmsg(cmd=500, ptr=0x784dbba8, len=112)
I/bt_ext_apis.c( 6839): [JNI] send msg success : 112
I/bt_gap_hdl.c( 6839): [GAP] btmtk_ev_execute_service_cv service_id:[17], bEnable:[1]!
I/bt_gap_hdl.c( 6839): [GAP] btmtk_ev_execute_service_cb Unknown!
I/bt_gap_hdl.c( 6839): [GAP] btmtk_ev_execute_service_cv service_id:[18], bEnable:[1]!
I/[BT][HID][JNI]( 6839): serverActivateReq
I/[BT][HID][JNI]( 6839): [BT][HID][EXT]btmtk_hidh_handle_req_ext:btmtk_hidh_handle_req_ext
I/[BT][HID][JNI]( 6839): Sending msg succeeded: 28
I/bt_gap_hdl.c( 6839): [GAP] btmtk_ev_execute_service_cv service_id:[27], bEnable:[1]!
I/bt_gap_hdl.c( 6839): [GAP] btmtk_ev_execute_service_cb Unknown!
I/bt_gap_api.c( 6839): [GAP] btmtk_enable_advance_service!
I/bt_gap_api.c( 6839): [JNI] btmtk_sendmsg2adv(ptr=0x0x784dbbf8, len=28)
I/bt_gap_api.c( 6839): [JNI] btmtk_sendmsg2adv = 4134
E/bt_gap_api.c( 6839): [JNI] send ind fail : Connection refused, 111
I/bt_gap_api.c( 6839): [GAP] btmtk_enable_advance_service return:0!
I/bt_gap_hdl.c( 6839): [GAP] btmtk_get_adapter_property type:[2]!
I/BT_UTILS( 6839): btmtk_util_convert_bdaddr2array: addr=0x52264F:0xEA:0xBC3A
I/BT_UTILS( 6839): btmtk_util_convert_bdaddr2array: addr=0xBC:0x3A:0xEA:0x52:0x26:0x4F
I/bt_gap_hdl.c( 6839): [GAP] btmtk_get_adapter_property addr:[0xBC:0x3A:0xEA:0x52:0x26:0x4F]!
I/bt_gap_hdl.c( 6839): [GAP] btmtk_get_adapter_property type:[1]!
I/bt_gap_hdl.c( 6839): [GAP] btmtk_get_adapter_property name:[OPPO R7]!
I/bt_gap_hdl.c( 6839): [GAP] btmtk_get_adapter_property type:[7]!
I/bt_gap_hdl.c( 6839): [GAP] btmtk_get_adapter_property scan_mode:[0]!
I/bt_gap_hdl.c( 6839): [GAP] btmtk_get_adapter_property type:[9]!
I/bt_gap_hdl.c( 6839): [GAP] btmtk_get_adapter_property scan_mode_timeout:[0]!
I/bt_gap_hdl.c( 6839): [GAP] btmtk_get_adapter_property type:[3]!
D/[BT][CUST]( 6839): initCust : cust table size=64(0x782bdd00), dev num=7(0x782be034)
D/bt_gap_hdl.c( 6839): HAL bt_hal_cbacks->adapter_properties_cb
I/BluetoothAdapterProperties( 6839): adapterPropertyChangedCallback with type:2 len:6
I/BluetoothAdapterProperties( 6839): adapterPropertyChangedCallback: Acquire Lock - AdapterProperties.mObject
D/BluetoothAdapterProperties( 6839): Address is:BC:3A:EA:52:26:4F
I/BluetoothAdapterProperties( 6839): adapterPropertyChangedCallback: Release Lock - AdapterProperties.mObject
I/BluetoothAdapterProperties( 6839): adapterPropertyChangedCallback with type:1 len:7
I/BluetoothAdapterProperties( 6839): adapterPropertyChangedCallback: Acquire Lock - AdapterProperties.mObject
D/BluetoothAdapterProperties( 6839): Send Broadcast: Adapter Name
V/ActivityManager( 1909): Broadcast: Intent { act=android.bluetooth.adapter.action.LOCAL_NAME_CHANGED flg=0x4000010 (has extras) } ordered=false userid=-1 callerApp=ProcessRecord{434d0b70 6839:com.android.bluetooth/1002}
D/BluetoothAdapterProperties( 6839): Name is: OPPO R7
I/BluetoothAdapterProperties( 6839): adapterPropertyChangedCallback: Release Lock - AdapterProperties.mObject
I/BluetoothAdapterProperties( 6839): adapterPropertyChangedCallback with type:7 len:4
I/BluetoothAdapterProperties( 6839): adapterPropertyChangedCallback: Acquire Lock - AdapterProperties.mObject
D/BluetoothAdapterProperties( 6839): Send Broadcast: Scan Mode
D/BluetoothManagerService( 1909): Bluetooth Adapter name changed to OPPO R7
V/ActivityManager( 1909): Broadcast: Intent { act=android.bluetooth.adapter.action.SCAN_MODE_CHANGED flg=0x4000010 (has extras) } ordered=false userid=0 callerApp=ProcessRecord{434d0b70 6839:com.android.bluetooth/1002}
D/Provider/Settings( 1909): put string name = bluetooth_name , value = OPPO R7 userHandle = 0
D/AppOps  ( 1909): noteOperation: allowing code 23 uid 1000 package android
D/BluetoothAdapterProperties( 6839): Scan Mode:20
I/BluetoothAdapterProperties( 6839): adapterPropertyChangedCallback: Release Lock - AdapterProperties.mObject
I/BluetoothAdapterProperties( 6839): adapterPropertyChangedCallback with type:9 len:4
I/BluetoothAdapterProperties( 6839): adapterPropertyChangedCallback: Acquire Lock - AdapterProperties.mObject
V/Provider/Settings( 1909): get setting for user 0 by user 0 so skipping cache
D/BluetoothAdapterProperties( 6839): Discoverable Timeout:0
I/BluetoothAdapterProperties( 6839): adapterPropertyChangedCallback: Release Lock - AdapterProperties.mObject
I/BluetoothAdapterProperties( 6839): adapterPropertyChangedCallback with type:3 len:48
V/Provider/Settings( 1909): from db cache, name = bluetooth_name , value = OPPO R7
I/BluetoothAdapterProperties( 6839): adapterPropertyChangedCallback: Acquire Lock - AdapterProperties.mObject
D/BluetoothManagerService( 1909): Stored Bluetooth name: OPPO R7
D/BluetoothAdapterProperties( 6839): Adapter UUID:[Landroid.os.ParcelUuid;@42a340f8
I/BluetoothAdapterProperties( 6839): adapterPropertyChangedCallback: Release Lock - AdapterProperties.mObject
I/bt_gap_api.c( 6839): malloc g_autopair_blacklist_addr size:[288], [00:02:C7,00:16:FE,00:19:C1,00:1B:FB,00:1E:3D,00:21:4F,00:23:06,00:24:33,00:A0:79,00:0E:6D,00:13:E0,00:21:E8,00:60:57,00:0E:9F,00:12:1C,00:18:91,00:18:96,00:13:04,00:16:FD,00:22:A0,00:0B:4C,00:60:6F,00:23:3D,00:C0:59,00:0A:30,00:1E:AE,00:1C:D7,00:80:F0,00:12:8A,00:09:93,00:80:37,00:26:7E
I/bt_gap_api.c( 6839): ]!
I/bt_gap_api.c( 6839): malloc g_autopair_blacklist_exactname size:[108], [Motorola IHF1000,i.TechBlueBAND,X5 Stereo v1.3,KML_CAN,SGM,i.Tech Clip R35,,BenQ_BHM-100,
I/bt_gap_api.c( 6839): ]!
I/bt_gap_api.c( 6839): malloc g_autopair_blacklist_partialname size:[20], [BMW,Audi,Parrot,Car
I/bt_gap_api.c( 6839): ]!
I/bt_gap_api.c( 6839): malloc g_autopair_fixpin_kblist size:[9], [00:0F:F6
I/bt_gap_api.c( 6839): ]!
I/bt_gap_api.c( 6839): [GAP] btmtk_util_load_dynamic_blacklist
E/bt_gap_api.c( 6839): [GAP]read error(0 bytes read) 111: Connection refused
I/BTIF_CORE( 6839): +++[btif_enable_bluetooth_evt]+++!
I/bt_ext_apis.c( 6839): create bt.ext.adp.jsr82 external socket 89!
I/        ( 6839): [JSR82][JBT] JBT l2cap init
I/        ( 6839): [JSR82][JBT] JBT Spp init
I/        ( 6839): [JSR82][JBT] JBT Spp init
I/MTKBT   ( 6839): [Session]session_register_handler: name [bt.session.default], startid[61440], endid[61540]
I/        ( 6839): [JSR82] msg=2849, ptr=0x784DBBFC, size=4
I/bt_ext_apis.c( 6839): btmtk_util_find_profile_msg_handler search profile_id:[14]
I/bt_ext_apis.c( 6839): [JNI] btmtk_sendmsg(cmd=2849, ptr=0x784db3a0, len=60)
I/bt_ext_apis.c( 6839): [JNI] send msg success : 60
D/BTIF_CORE( 6839): HAL bt_hal_cbacks->adapter_state_changed_cb
I/BTIF_CORE( 6839): ---[btif_enable_bluetooth_evt]---!
I/bt_gap_hdl.c( 6839): ---[GAP] btmtk_handle_gap_message---!
I/BTIF_CORE( 6839): out profile[0] handler!
I/BTIF_CORE( 6839): [btif_task]:Start polling!
I/BTIF_CORE( 6839): [btif_task]:Polling returned!
I/BTIF_CORE( 6839): [btif_task]:Start retrieve data pollMemberCount=10!
I/BTIF_CORE( 6839): [btif_task]:fd 0 data ready!
I/BTIF_CORE( 6839): [btif_task]:pollData[i].fd data ready : revents = 0x1!
I/BTIF_CORE( 6839): in profile[0] handler!
D/BluetoothAdapterState( 6839): CURRENT_STATE=PENDING, MESSAGE = ENABLE_READY, isTurningOn=true, isTurningOff=false
I/bt_gap_hdl.c( 6839): +++[GAP] btmtk_handle_gap_message msg:[MSG_ID_BT_BM_WRITE_LOCAL_COD_CNF]+++!
I/bt_gap_hdl.c( 6839): ---[GAP] btmtk_handle_gap_message---!
I/BTIF_CORE( 6839): out profile[0] handler!
I/BTIF_CORE( 6839): [btif_task]:fd 4 data ready!
I/BTIF_CORE( 6839): [btif_task]:pollData[i].fd data ready : revents = 0x1!
I/BTIF_CORE( 6839): in profile[0] handler!
I/BTIF_CORE( 6839): out profile[0] handler!
I/BTIF_CORE( 6839): in profile[21] handler!
I/BTIF_CORE( 6839): out profile[21] handler!
I/BTIF_CORE( 6839): in profile[22] handler!
D/BluetoothAdapterProperties( 6839): ScanMode =  20
I/BTIF_CORE( 6839): out profile[22] handler!
I/BTIF_CORE( 6839): in profile[3] handler!
I/BTIF_CORE( 6839): out profile[3] handler!
I/BTIF_CORE( 6839): in profile[5] handler!
D/BluetoothAdapterProperties( 6839): State =  11
I/BTIF_RC ( 6839): btrc_event_handler event:701
D/BluetoothAdapterProperties( 6839): setScanMode: 2
I/BTIF_AV ( 6839): avrcp:= ext hdl msg_id:701
I/BTIF_CORE( 6839): out profile[5] handler!
I/BTIF_CORE( 6839): [btif_task]:fd 5 data ready!
I/BTIF_CORE( 6839): [btif_task]:pollData[i].fd data ready : revents = 0x1!
I/BTIF_CORE( 6839): +++[btif_set_adapter_property] type:[7], len:[4], val:[0x42a347e8]+++!
I/BTIF_CORE( 6839): in profile[0] handler!
I/bt_gap_api.c( 6839): [GAP] btif_set_adapter_property] type:[7], len:[4]+++!
I/BTIF_CORE( 6839): out profile[0] handler!
I/bt_gap_api.c( 6839): [GAP] btmtk_gap_set_scan_mode [3]!
I/BTIF_CORE( 6839): in profile[21] handler!
I/bt_ext_apis.c( 6839): btmtk_util_find_profile_msg_handler search profile_id:[0]
I/BTIF_CORE( 6839): out profile[21] handler!
I/BTIF_CORE( 6839): in profile[22] handler!
I/bt_ext_apis.c( 6839): [JNI] btmtk_sendmsg(cmd=109, ptr=0x783dc158, len=36)
I/BTIF_CORE( 6839): out profile[22] handler!
I/BTIF_CORE( 6839): in profile[3] handler!
I/BTIF_CORE( 6839): out profile[3] handler!
I/BTIF_CORE( 6839): in profile[5] handler!
I/BTIF_CORE( 6839): out profile[5] handler!
I/bt_ext_apis.c( 6839): [JNI] send msg success : 36
I/BTIF_CORE( 6839): in profile[1] handler!
I/bt_gap_api.c( 6839): [GAP] btmtk_gap_set_scan_mode return:1!
I/        ( 6839): [A2DP_EXT] [btmtk_a2dp_handle_message@402] msg id = 501
I/bt_gap_api.c( 6839): [GAP] btmtk_gap_set_adapter_property return:1!
I/BTIF_CORE( 6839): ---[btif_set_adapter_property]---!
I/        ( 6839): [A2DP_EXT] [btmtk_a2dp_handle_activate_cnf@929] A2DP Activate CNF result = 256
I/        ( 6839): [A2DP_EXT] [btmtk_a2dp_handle_activate_cnf@935] g_bActivate = 1
I/BTIF_AV ( 6839): [A2DP_EXT] [btmtk_a2dp_ext_msg_handler@275] [BTIF_AV] a2dp ext hdl result = 0
D/BluetoothAdapterProperties( 6839): setDiscoverableTimeout: 0
I/        ( 6839): [A2DP_EXT] [btmtk_a2dp_get_bdaddr@2402] jni get bd address: 0,0,0
I/BT_UTILS( 6839): btmtk_util_convert_bdaddr2array: addr=0x0:0x0:0x0
I/BT_UTILS( 6839): btmtk_util_convert_bdaddr2array: addr=0x0:0x0:0x0:0x0:0x0:0x0
I/BTIF_CORE( 6839): +++[btif_set_adapter_property] type:[9], len:[4], val:[0x42a348f0]+++!
I/BTIF_CORE( 6839): out profile[1] handler!
I/bt_gap_api.c( 6839): [GAP] btif_set_adapter_property] type:[9], len:[4]+++!
I/BTIF_CORE( 6839): [btif_task]:fd 6 data ready!
I/bt_gap_api.c( 6839): [GAP] btmtk_gap_set_scan_mode_timeout [0]!
I/BTIF_CORE( 6839): [btif_task]:pollData[i].fd data ready : revents = 0x1!
I/bt_ext_apis.c( 6839): [JNI] btmtk_sendevt(ptr=0x0x783dc158, len=36)
I/BTIF_CORE( 6839): in profile[0] handler!
I/bt_ext_apis.c( 6839): [JNI] send ind=4142
I/BTIF_CORE( 6839): out profile[0] handler!
I/BTIF_CORE( 6839): in profile[21] handler!
I/BTIF_CORE( 6839): out profile[21] handler!
I/bt_ext_apis.c( 6839): [JNI] send ind success : 36
I/BTIF_CORE( 6839): in profile[22] handler!
I/bt_gap_api.c( 6839): [GAP] btmtk_gap_set_scan_mode_timeout return:1!
I/BTIF_CORE( 6839): out profile[22] handler!
I/bt_gap_api.c( 6839): [GAP] btmtk_gap_set_adapter_property return:1!
I/BTIF_CORE( 6839): in profile[3] handler!
I/BTIF_CORE( 6839): ---[btif_set_adapter_property]---!
I/BTIF_CORE( 6839): out profile[3] handler!
I/BTIF_CORE( 6839): in profile[5] handler!
I/BTIF_CORE( 6839): out profile[5] handler!
I/BTIF_CORE( 6839): in profile[1] handler!
I/BTIF_CORE( 6839): out profile[1] handler!
I/BTIF_CORE( 6839): in profile[11] handler!
D/BluetoothAdapterProperties( 6839): Setting state to 12
I/[BT][HID][JNI]( 6839): [BT][HID][EXT]btmtk_hid_handle_message:[BT-HID]btmtk_hid_handle_message start.
I/[BT][HID][JNI]( 6839): [BT][HID][EXT]btmtk_hidh_handle_activate_cnf:btmtk_hidh_handle_activate_cnf
I/[BT][HID][JNI]( 6839): mbt post event:0
I/[BT][HID][JNI]( 6839): MBTEVT_HID_HOST_ENABLE_SUCCESS
I/BluetoothAdapterState( 6839): Bluetooth adapter state changed: 11-> 12
I/BTIF_CORE( 6839): out profile[11] handler!
I/BTIF_CORE( 6839): [btif_task]:fd 8 data ready!
I/BTIF_CORE( 6839): [btif_task]:pollData[i].fd data ready : revents = 0x1!
I/BTIF_CORE( 6839): in profile[0] handler!
I/BTIF_CORE( 6839): out profile[0] handler!
D/BluetoothAdapterService( 6839): Broadcasting updateAdapterState() to 1 receivers.
I/BTIF_CORE( 6839): in profile[21] handler!
I/BTIF_CORE( 6839): out profile[21] handler!
I/BTIF_CORE( 6839): in profile[22] handler!
I/BTIF_CORE( 6839): out profile[22] handler!
I/BTIF_CORE( 6839): in profile[3] handler!
I/BTIF_CORE( 6839): out profile[3] handler!
I/BTIF_CORE( 6839): in profile[5] handler!
I/BTIF_CORE( 6839): out profile[5] handler!
I/BTIF_CORE( 6839): in profile[1] handler!
I/BTIF_CORE( 6839): out profile[1] handler!
I/BTIF_CORE( 6839): in profile[11] handler!
I/BTIF_CORE( 6839): out profile[11] handler!
I/BTIF_CORE( 6839): in profile[18] handler!
I/BTIF_CORE( 6839): out profile[18] handler!
I/BTIF_CORE( 6839): in profile[12] handler!
I/[BT][PAN][JNI]( 6839): [BT][PAN][EXT]pan_handle_message:handle msg_id: 3311
I/[BT][PAN][JNI]( 6839): [BT][PAN][EXT]pan_jni_cb:EVENT_PAN_MMI_ACTIVATE_CNF, result: 1
I/BTIF_CORE( 6839): out profile[12] handler!
I/BTIF_CORE( 6839): [btif_task]:fd 9 data ready!
I/BTIF_CORE( 6839): [btif_task]:pollData[i].fd data ready : revents = 0x1!
I/BTIF_CORE( 6839): in profile[0] handler!
I/BTIF_CORE( 6839): out profile[0] handler!
I/BTIF_CORE( 6839): in profile[21] handler!
I/BTIF_CORE( 6839): out profile[21] handler!
I/BTIF_CORE( 6839): in profile[22] handler!
I/BTIF_CORE( 6839): out profile[22] handler!
I/BTIF_CORE( 6839): in profile[3] handler!
I/BTIF_CORE( 6839): out profile[3] handler!
I/BTIF_CORE( 6839): in profile[5] handler!
I/BTIF_CORE( 6839): out profile[5] handler!
I/BTIF_CORE( 6839): in profile[1] handler!
I/BTIF_CORE( 6839): out profile[1] handler!
I/BTIF_CORE( 6839): in profile[11] handler!
I/BTIF_CORE( 6839): out profile[11] handler!
I/BTIF_CORE( 6839): in profile[18] handler!
I/BTIF_CORE( 6839): out profile[18] handler!
I/BTIF_CORE( 6839): in profile[12] handler!
I/BTIF_CORE( 6839): out profile[12] handler!
I/BTIF_CORE( 6839): in profile[14] handler!
I/        ( 6839): [GAP] btmtk_jsr82_reset_cnf: 1
I/BTIF_CORE( 6839): out profile[14] handler!
I/BTIF_CORE( 6839): [btif_task]:Start polling!
I/BTIF_CORE( 6839): [btif_task]:Polling returned!
I/BTIF_CORE( 6839): [btif_task]:Start retrieve data pollMemberCount=10!
D/BluetoothManagerService( 1909): Message: 60
I/BTIF_CORE( 6839): [btif_task]:fd 0 data ready!
I/BTIF_CORE( 6839): [btif_task]:pollData[i].fd data ready : revents = 0x1!
I/BTIF_CORE( 6839): in profile[0] handler!
I/bt_gap_hdl.c( 6839): +++[GAP] btmtk_handle_gap_message msg:[MSG_ID_BT_BM_WRITE_LOCAL_NAME_CNF]+++!
I/bt_gap_hdl.c( 6839): [GAP] MSG_ID_BT_BM_WRITE_LOCAL_NAME_CNF result=0
I/bt_gap_api.c( 6839): [GAP] btmtk_host_cache_write
D/BluetoothManagerService( 1909): MESSAGE_BLUETOOTH_STATE_CHANGE: prevState = 11, newState=12
I/BluetoothAdapterState( 6839): Entering On State
D/BluetoothManagerService( 1909): Broadcasting onBluetoothStateChange(true) to 11 receivers.
D/bt_gap_hdl.c( 6839): HAL bt_hal_cbacks->adapter_properties_cb
I/Process ( 1909): Sending signal. PID: 4362 SIG: 18
I/BluetoothAdapterProperties( 6839): adapterPropertyChangedCallback with type:1 len:7
I/BluetoothAdapterProperties( 6839): adapterPropertyChangedCallback: Acquire Lock - AdapterProperties.mObject
D/BluetoothAdapterProperties( 6839): Send Broadcast: Adapter Name
I/Process ( 1909): Sending signal. PID: 11450 SIG: 18
D/BluetoothAdapterService(1114545808)( 6839): getState(): mAdapterProperties: com.android.bluetooth.btservice.AdapterProperties@426ec588
D/BluetoothAdapterService(1114545808)( 6839): Quiet mode Enabled = false
D/BluetoothHeadset( 4362): onBluetoothStateChange: up=true
D/BluetoothAdapterService(1114545808)( 6839): Initiate auto connection on BT on...
D/BluetoothHeadset( 4362): Binding service...
I/Process ( 1909): Sending signal. PID: 11450 SIG: 18
D/HeadsetService( 6839): getHeadsetService(): returning com.android.bluetooth.hfp.HeadsetService@429ef0d8
I/Process ( 1909): Sending signal. PID: 11450 SIG: 18
D/BluetoothPbap(11450): onBluetoothStateChange: up=true
D/BluetoothPbap(11450): Binding service...
D/UserManagerService( 1909): getSwitchedUserId0
D/BluetoothMap(11450): onBluetoothStateChange: up=true
V/ActivityManager( 1909): Broadcast: Intent { act=android.bluetooth.adapter.action.LOCAL_NAME_CHANGED flg=0x4000010 (has extras) } ordered=false userid=-1 callerApp=ProcessRecord{434d0b70 6839:com.android.bluetooth/1002}
D/BluetoothAdapterService(1114545808)( 6839): Get Bonded Devices being called
I/Process ( 1909): Sending signal. PID: 1909 SIG: 18
D/BluetoothPan(11450): onBluetoothStateChange(on) call bindService
D/BluetoothPan( 1909): onBluetoothStateChange(on) call bindService
D/BluetoothHeadset( 4362): Binding service..., foregroundUser:0, callingUser:0
D/BluetoothAdapterProperties( 6839): Name is: OPPO R7
I/BluetoothAdapterProperties( 6839): adapterPropertyChangedCallback: Release Lock - AdapterProperties.mObject
I/bt_gap_hdl.c( 6839): ---[GAP] btmtk_handle_gap_message---!
I/BTIF_CORE( 6839): out profile[0] handler!
I/BTIF_CORE( 6839): [btif_task]:Start polling!
I/BTIF_CORE( 6839): [btif_task]:Polling returned!
I/BTIF_CORE( 6839): [btif_task]:Start retrieve data pollMemberCount=10!
I/BTIF_CORE( 6839): [btif_task]:fd 0 data ready!
I/BTIF_CORE( 6839): [btif_task]:pollData[i].fd data ready : revents = 0x1!
I/BTIF_CORE( 6839): in profile[0] handler!
I/bt_gap_hdl.c( 6839): +++[GAP] btmtk_handle_gap_message msg:[MSG_ID_BT_BM_WRITE_SCANENABLE_MODE_CNF]+++!
I/bt_gap_hdl.c( 6839): [GAP] MSG_ID_BT_BM_WRITE_SCANENABLE_MODE_CNF result=0
I/bt_gap_api.c( 6839): [GAP] btmtk_host_cache_write
D/A2dpService( 6839): getA2DPService(): returning com.android.bluetooth.a2dp.A2dpService@42a023b0
W/ContextImpl( 1909): Calling a method in the system process without a qualified user: android.app.ContextImpl.bindService:1765 android.bluetooth.BluetoothPan.doBind:150 android.bluetooth.BluetoothPan$1.onBluetoothStateChange:194 com.android.server.BluetoothManagerService.sendBluetoothStateCallback:605 com.android.server.BluetoothManagerService.bluetoothStateChangeHandler:1366 
D/bt_gap_hdl.c( 6839): HAL bt_hal_cbacks->adapter_properties_cb
I/BluetoothAdapterProperties( 6839): adapterPropertyChangedCallback with type:7 len:4
I/BluetoothAdapterProperties( 6839): adapterPropertyChangedCallback: Acquire Lock - AdapterProperties.mObject
D/BluetoothAdapterProperties( 6839): Send Broadcast: Scan Mode
D/BluetoothAdapterService(1114545808)( 6839): Get Bonded Devices being called
W/ContextImpl(11450): Calling a method in the system process without a qualified user: android.app.ContextImpl.bindService:1765 android.content.ContextWrapper.bindService:517 android.bluetooth.BluetoothPbap.doBind:165 android.bluetooth.BluetoothPbap$1.onBluetoothStateChange:132 android.bluetooth.IBluetoothStateChangeCallback$Stub.onTransact:63 
