I/BTIF_CORE( 6839): [btif_task]:Start retrieve data pollMemberCount=3!
I/BTIF_CORE( 6839): [btif_task]:fd 1 data ready!
I/BTIF_CORE( 6839): [btif_task]:pollData[i].fd data ready : revents = 0x1!
I/BTIF_CORE( 6839): in profile[0] handler!
I/BTIF_CORE( 6839): out profile[0] handler!
I/BTIF_CORE( 6839): in profile[21] handler!
D/BTIF_GATT_CLIENT( 6839): [GATT] gattc_handle_message
D/BTIF_GATT_CLIENT( 6839): [GATT] gattc_handle_message : msg_id=4003
D/BTIF_GATT_CLIENT( 6839): [GATT] findContextByContext
D/BTIF_GATT_CLIENT( 6839): [GATT] context[1] = 0xb7065a20 found
D/BTIF_GATT_CLIENT( 6839): [GATT] gattc_handle_deregister_cnf
I/BTIF_CORE( 6839): out profile[21] handler!
I/BTIF_CORE( 6839): [btif_task]:Start polling!
I/BTIF_CORE( 6839): [btif_task]:Polling returned!
I/BTIF_CORE( 6839): [btif_task]:Start retrieve data pollMemberCount=3!
I/BTIF_CORE( 6839): [btif_task]:fd 1 data ready!
I/BTIF_CORE( 6839): [btif_task]:pollData[i].fd data ready : revents = 0x1!
I/BTIF_CORE( 6839): in profile[0] handler!
I/BTIF_CORE( 6839): out profile[0] handler!
I/BTIF_CORE( 6839): in profile[21] handler!
D/BTIF_GATT_CLIENT( 6839): [GATT] gattc_handle_message
D/BTIF_GATT_CLIENT( 6839): [GATT] gattc_handle_message : msg_id=4001
D/BTIF_GATT_CLIENT( 6839): [GATT] findContextByAppUUID
D/BTIF_GATT_CLIENT( 6839): [GATT] context[5] = 0x0 found
D/BTIF_GATT_CLIENT( 6839): [GATT] gattc_handle_register_cnf
D/BtGatt.GattService( 6839): onClientRegistered() - UUID=716300cc-74e3-4779-9a57-83c194f991e1, clientIf=6
E/BtGatt.ContextMap( 6839): Context not found for UUID 716300cc-74e3-4779-9a57-83c194f991e1
I/BTIF_CORE( 6839): out profile[21] handler!
I/BTIF_CORE( 6839): [btif_task]:Start polling!
D/dalvikvm( 6839): threadid=15: interp stack at 0x788c3000
D/dalvikvm( 6839): threadid=15: created from interp
D/dalvikvm( 6839): start new thread
D/dalvikvm( 6839): threadid=15: notify debugger
D/dalvikvm( 6839): threadid=15 (BondStateMachine:): calling run()
D/BluetoothAdapterService( 6839): setAdapterService(): set to: com.android.bluetooth.btservice.AdapterService@426e9e90
W/BluetoothAdapterService( 6839): Starting service com.android.bluetooth.hfp.HeadsetService
D/HeadsetService( 6839): REFCOUNT: CREATED. INSTANCE_COUNT=2
D/ActivityThread( 6839): SVC-Creating service: CreateServiceData{token=android.os.BinderProxy@429ee9e0 className=com.android.bluetooth.hfp.HeadsetService packageName=com.android.bluetooth intent=null}
D/HeadsetService( 6839): onCreate
D/ActivityThread( 6839): SVC-CREATE_SERVICE handled : 0 / CreateServiceData{token=android.os.BinderProxy@429ee9e0 className=com.android.bluetooth.hfp.HeadsetService packageName=com.android.bluetooth intent=null}
D/ActivityThread( 6839): SVC-Calling onStartCommand: com.android.bluetooth.hfp.HeadsetService@429ef0d8, flags=0, startId=1
D/HeadsetService( 6839): onStartCommand()
D/HeadsetService( 6839): Received start request. Starting profile...
D/HeadsetService( 6839): start()
D/HeadsetStateMachine( 6839): make
D/dalvikvm( 6839): create interp thread : stack size=128KB
D/dalvikvm( 6839): create new thread
D/dalvikvm( 6839): new thread created
D/dalvikvm( 6839): update thread list
W/BluetoothAdapterService( 6839): Starting service com.android.bluetooth.a2dp.A2dpService
W/BluetoothAdapterService( 6839): Starting service com.android.bluetooth.hid.HidService
W/BluetoothAdapterService( 6839): Starting service com.android.bluetooth.hdp.HealthService
W/BluetoothAdapterService( 6839): Starting service com.android.bluetooth.pan.PanService
W/BluetoothAdapterService( 6839): Starting service com.android.bluetooth.gatt.GattService
W/BluetoothAdapterService( 6839): Starting service com.android.bluetooth.map.BluetoothMapService
D/dalvikvm( 6839): threadid=16: interp stack at 0x789e3000
D/dalvikvm( 6839): threadid=16: created from interp
D/dalvikvm( 6839): start new thread
D/dalvikvm( 6839): threadid=16: notify debugger
D/dalvikvm( 6839): threadid=16 (HeadsetStateMachine): calling run()
D/dalvikvm( 4619): create interp thread : stack size=128KB
D/dalvikvm( 4619): create new thread
D/dalvikvm( 4619): new thread created
D/dalvikvm( 4619): update thread list
D/BluetoothA2dp( 9264): onBluetoothStateChange: up=false
D/BluetoothA2dp( 9264): Unbinding service...
V/[Bluetooth.OPP]BluetoothOppNotification( 6839): updateActiveNotification ++
I/BluetoothBondStateMachine( 6839): StableState(): Entering Off State
V/BluetoothDiscoveryReceiver(11450): Received: android.bluetooth.adapter.action.DISCOVERY_FINISHED
I/System.out( 7921): [CDS]close[55766]
D/dalvikvm(11450): create interp thread : stack size=128KB
D/dalvikvm(11450): create new thread
D/dalvikvm(11450): new thread created
I/System.out( 7921): close [socket][/0.0.0.0:55766]
D/dalvikvm(11450): update thread list
V/AlarmManager( 1909): remove(operation) changed bounds; rebatching
V/AlarmManager( 1909): isAlarmNeedAlign : screen on, Skip
V/AlarmManager( 1909): Adding Alarm{42768988 type 0 com.kingroot.kinguser} to Batch{42772110 num=2 start=935691 end=1160691}
V/AlarmManager( 1909):     => now Batch{42772110 num=2 start=935691 end=1160691}
V/AlarmManager( 1909): isAlarmNeedAlign : screen on, Skip
V/AlarmManager( 1909): Adding Alarm{427242d8 type 0 com.tencent.mm} to Batch{42772110 num=3 start=935691 end=1160691}
V/AlarmManager( 1909):     => now Batch{42772110 num=3 start=935691 end=1160691}
V/AlarmManager( 1909): isAlarmNeedAlign : screen on, Skip
V/AlarmManager( 1909): Adding Alarm{434776d8 type 0 com.color.safecenter} to Batch{42772110 num=4 start=935691 end=1160691}
D/dalvikvm(11450): threadid=11: interp stack at 0x78745000
D/dalvikvm(11450): threadid=11: created from interp
V/AlarmManager( 1909):     => now Batch{42772110 num=4 start=987852 end=1022538}
D/dalvikvm(11450): start new thread
D/dalvikvm(11450): threadid=11: notify debugger
D/dalvikvm(11450): threadid=11 (pool-1-thread-1): calling run()
D/ActivityThread(11450): BDC-RECEIVER handled : 0 / ReceiverData{intent=Intent { act=android.bluetooth.adapter.action.DISCOVERY_FINISHED flg=0x10 cmp=com.android.settings/.bluetooth.BluetoothDiscoveryReceiver } packageName=com.android.settings resultCode=-1 resultData=null resultExtras=null}
D/dalvikvm(11450): create interp thread : stack size=128KB
D/dalvikvm(11450): create new thread
V/AlarmManager( 1909): isAlarmNeedAlign : screen on, Skip
D/dalvikvm(11450): new thread created
D/dalvikvm(11450): update thread list
V/AlarmManager( 1909): isAlarmNeedAlign : screen on, Skip
D/dalvikvm( 4619): threadid=17: interp stack at 0x78e62000
V/[Bluetooth.OPP]BluetoothOppProvider( 6839): starting query, database is not null; projection is null; selection is (status == '192') AND (visibility IS NULL OR visibility == '0') AND (confirm == '1' OR confirm == '2' OR confirm == '5') AND (direction == 1); selectionArgs is null; sort is _id.
D/dalvikvm( 4619): threadid=17: created from interp
D/dalvikvm( 4619): start new thread
D/dalvikvm( 4619): threadid=17: notify debugger
D/dalvikvm( 4619): threadid=17 (Thread-271): calling run()
V/AlarmManager( 1909): Adding Alarm{432c0ff8 type 3 com.kingroot.kinguser} to Batch{433f4518 num=2 start=1819697 end=3169697}
V/AlarmManager( 1909):     => now Batch{433f4518 num=2 start=1820706 end=3169697}
V/AlarmManager( 1909): isAlarmNeedAlign : screen on, Skip
D/MediatekClassFactory( 6839): createInstance(): Begin = 941606
I/BluetoothAdapterState( 6839): Entering PendingCommandState State: isTurningOn()=true, isTurningOff()=false
D/MediatekClassFactory( 6839): create Instance with :  interface com.mediatek.common.telephony.IOnlyOwnerSimSupport
V/AlarmManager( 1909): Adding Alarm{4327c488 type 0 com.kingroot.kinguser} to Batch{433f4518 num=3 start=1820706 end=3169697}
V/AlarmManager( 1909):     => now Batch{433f4518 num=3 start=1822489 end=2483151}
V/AlarmManager( 1909): isAlarmNeedAlign : screen on, Skip
D/dalvikvm(11450): threadid=12: interp stack at 0x78865000
V/AlarmManager( 1909): Adding Alarm{431bb478 type 0 com.kingroot.master} to Batch{433f4518 num=4 start=1822489 end=2483151}
D/dalvikvm(11450): threadid=12: created from interp
W/MediatekClassFactory( 6839): Tablet not exist!, Get obj from default class
D/MediatekClassFactory( 6839): create Instance from tablet library :  com.mediatek.tb.telephony.OnlyOwnerSimSupport
D/dalvikvm(11450): start new thread
V/AlarmManager( 1909):     => now Batch{433f4518 num=4 start=1826146 end=2483151}
D/MediatekClassFactory( 6839): createInstance(): End = 941606
D/dalvikvm(11450): threadid=12: notify debugger
D/dalvikvm(11450): threadid=12 (SharedPreferencesImpl-load): calling run()
V/AlarmManager( 1909): Adding Alarm{42f6c438 type 0 android} to Batch{433f4518 num=5 start=1826146 end=2483151}
V/AlarmManager( 1909):     => now Batch{433f4518 num=5 start=1831328 end=1831328}
V/AlarmManager( 1909): Adding Alarm{42dc6cd0 type 2 android} to Batch{42f8f418 num=2 start=2220386 end=3570386}
V/AlarmManager( 1909):     => now Batch{42f8f418 num=2 start=2351853 end=2351853}
V/AlarmManager( 1909): isAlarmNeedAlign : screen on, Skip
V/AlarmManager( 1909): isAlarmNeedAlign : screen on, Skip
V/[Bluetooth.OPP]BluetoothOppProvider( 6839): created cursor android.database.sqlite.SQLiteCursor@429f84f8 on behalf of 
V/AlarmManager( 1909): Adding Alarm{42c7e1f8 type 0 com.oppo.market} to Batch{42d11ae8 num=2 start=7295974 end=12695974}
V/AlarmManager( 1909):     => now Batch{42d11ae8 num=2 start=7295974 end=8916322}
V/AlarmManager( 1909): Adding Alarm{42b0cc40 type 1 com.nearme.statistics.rom} to Batch{42d11ae8 num=3 start=7295974 end=8916322}
V/AlarmManager( 1909):     => now Batch{42d11ae8 num=3 start=7295974 end=8916322}
V/AlarmManager( 1909): Adding Alarm{42acc6e8 type 1 com.oppo.yellowpage} to Batch{42d11ae8 num=4 start=7295974 end=8916322}
V/AlarmManager( 1909):     => now Batch{42d11ae8 num=4 start=7295974 end=8916322}
V/AlarmManager( 1909): Adding Alarm{42a55440 type 1 com.nearme.statistics.rom} to Batch{42d11ae8 num=5 start=7295974 end=8916322}
V/AlarmManager( 1909):     => now Batch{42d11ae8 num=5 start=7835057 end=8916322}
D/dalvikvm(11450): threadid=12: exiting
V/AlarmManager( 1909): Adding Alarm{429a4fa0 type 1 com.oppo.yellowpage} to Batch{42d11ae8 num=6 start=7835057 end=8916322}
V/AlarmManager( 1909):     => now Batch{42d11ae8 num=6 start=7835070 end=8916322}
D/dalvikvm(11450): threadid=12: bye!
V/AlarmManager( 1909): Adding Alarm{428e2768 type 1 com.oppo.weather} to Batch{42d11ae8 num=7 start=7835070 end=8916322}
V/AlarmManager( 1909):     => now Batch{42d11ae8 num=7 start=7959983 end=7959983}
V/AlarmManager( 1909): isAlarmNeedAlign : screen on, Skip
V/AlarmManager( 1909): Adding Alarm{4280cb38 type 1 com.oppo.weather} to Batch{42831628 num=2 start=9468801 end=15864195}
V/AlarmManager( 1909):     => now Batch{42831628 num=2 start=10319137 end=10319137}
V/AlarmManager( 1909): isAlarmNeedAlign : screen on, Skip
V/AlarmManager( 1909): isAlarmNeedAlign : screen on, Skip
V/AlarmManager( 1909): Adding Alarm{432ae650 type 0 com.oppo.market} to Batch{426fb428 num=2 start=10834410 end=18254011}
V/AlarmManager( 1909):     => now Batch{426fb428 num=2 start=14394621 end=18254011}
V/AlarmManager( 1909): isAlarmNeedAlign : screen on, Skip
V/[Bluetooth.OPP]BluetoothOppProvider( 6839): starting query, database is not null; projection is null; selection is (status == '192') AND (visibility IS NULL OR visibility == '0') AND (confirm == '1' OR confirm == '2' OR confirm == '5') AND (direction == 0); selectionArgs is null; sort is _id.
V/AlarmManager( 1909): Adding Alarm{4322ea48 type 1 com.nearme.feedback} to Batch{43265838 num=2 start=19417609 end=33274609}
I/KSO_STAT( 4619): App is in background, stop update end time, ready to start a new session.
D/SQLiteDatabase( 4619): beginTransaction()
V/AlarmManager( 1909):     => now Batch{43265838 num=2 start=21640524 end=21640524}
V/AlarmManager( 1909): isAlarmNeedAlign : screen on, Skip
V/AlarmManager( 1909): Adding Alarm{430c0358 type 0 com.color.safecenter} to Batch{4311bf18 num=2 start=22408387 end=38508470}
V/AlarmManager( 1909):     => now Batch{4311bf18 num=2 start=22796005 end=38508470}
V/AlarmManager( 1909): Adding Alarm{42fdf3b8 type 1 com.sohu.inputmethod.sogouoem} to Batch{4311bf18 num=3 start=22796005 end=38508470}
V/AlarmManager( 1909):     => now Batch{4311bf18 num=3 start=26008388 end=38508470}
D/SQLiteDatabase( 4619): endTransaction()
V/AlarmManager( 1909): isAlarmNeedAlign : screen on, Skip
D/dalvikvm( 4619): threadid=17: exiting
V/AlarmManager( 1909): Adding Alarm{42f57870 type 0 com.oupeng.max.sdk} to Batch{4311bf18 num=4 start=26008388 end=38508470}
V/AlarmManager( 1909):     => now Batch{4311bf18 num=4 start=26008388 end=38508470}
D/dalvikvm( 4619): threadid=17: bye!
V/AlarmManager( 1909): Adding Alarm{42e54c98 type 0 com.oppo.wallpaper} to Batch{4311bf18 num=5 start=26008388 end=38508470}
V/AlarmManager( 1909):     => now Batch{4311bf18 num=5 start=26008388 end=26008388}
V/[Bluetooth.OPP]BluetoothOppProvider( 6839): created cursor android.database.sqlite.SQLiteCursor@429fac60 on behalf of 
V/AlarmManager( 1909): Adding Alarm{42dd9fd0 type 1 com.oppo.launcher} to Batch{4311bf18 num=6 start=26008388 end=26008388}
V/AlarmManager( 1909):     => now Batch{4311bf18 num=6 start=26008388 end=26008388}
V/AlarmManager( 1909): isAlarmNeedAlign : screen on, Skip
V/AlarmManager( 1909): Adding Alarm{42d7a020 type 0 com.coloros.oppomorningsystem} to Batch{42d7c450 num=2 start=28822563 end=50422563}
V/AlarmManager( 1909):     => now Batch{42d7c450 num=2 start=36808387 end=50422563}
V/AlarmManager( 1909): isAlarmNeedAlign : screen on, Skip
V/AlarmManager( 1909): Adding Alarm{42ba6d48 type 0 com.oupeng.max.sdk} to Batch{42d7c450 num=3 start=36808387 end=50422563}
V/AlarmManager( 1909):     => now Batch{42d7c450 num=3 start=40408927 end=50422563}
V/[Bluetooth.OPP]BluetoothOppProvider( 6839): starting query, database is not null; projection is null; selection is (status == '192') AND (visibility IS NULL OR visibility == '0') AND (confirm == '1' OR confirm == '2' OR confirm == '5'); selectionArgs is null; sort is _id.
V/AlarmManager( 1909): isAlarmNeedAlign : screen on, Skip
V/AlarmManager( 1909): Adding Alarm{42ae1f48 type 0 com.android.email} to Batch{42b06298 num=2 start=59441885 end=103317089}
V/AlarmManager( 1909):     => now Batch{42b06298 num=2 start=74534771 end=103317089}
V/AlarmManager( 1909): Adding Alarm{42a33420 type 0 com.android.providers.calendar} to Batch{42b06298 num=3 start=74534771 end=103317089}
V/AlarmManager( 1909):     => now Batch{42b06298 num=3 start=79888265 end=79888265}
V/AlarmManager( 1909): isAlarmNeedAlign : screen on, Skip
V/AlarmManager( 1909): isAlarmNeedAlign : screen on, Skip
V/AlarmManager( 1909): Adding Alarm{42983f30 type 2 com.nearme.statistics.rom} to Batch{429ac3a8 num=2 start=86434610 end=151234610}
V/AlarmManager( 1909):     => now Batch{429ac3a8 num=2 start=86495977 end=151234610}
V/[Bluetooth.OPP]BluetoothOppProvider( 6839): created cursor android.database.sqlite.SQLiteCursor@429fc658 on behalf of 
V/AlarmManager( 1909): Adding Alarm{4291c748 type 3 com.oppo.ota} to Batch{429ac3a8 num=3 start=86495977 end=151234610}
V/AlarmManager( 1909):     => now Batch{429ac3a8 num=3 start=120538930 end=151234610}
V/AlarmManager( 1909): isAlarmNeedAlign : screen on, Skip
V/AlarmManager( 1909): Adding Alarm{42818000 type 0 com.android.email} to Batch{429ac3a8 num=4 start=120538930 end=151234610}
V/AlarmManager( 1909):     => now Batch{429ac3a8 num=4 start=120538930 end=151220727}
V/AlarmManager( 1909): Adding Alarm{42803c38 type 1 com.sohu.inputmethod.sogouoem} to Batch{429ac3a8 num=5 start=120538930 end=151220727}
V/AlarmManager( 1909):     => now Batch{429ac3a8 num=5 start=120538930 end=151220727}
V/AlarmManager( 1909): isAlarmNeedAlign : screen on, Skip
V/AlarmManager( 1909): Adding Alarm{427aae98 type 1 com.sohu.inputmethod.sogouoem} to Batch{427bbf18 num=2 start=155608388 end=271608469}
V/AlarmManager( 1909):     => now Batch{427bbf18 num=2 start=161781821 end=271608469}
V/[Bluetooth.OPP]BluetoothOppNotification( 6839): Running: inbound = 0 outbound = 0
V/AlarmManager( 1909): Adding Alarm{434b7ac0 type 1 com.sohu.inputmethod.sogouoem} to Batch{427bbf18 num=3 start=161781821 end=271608469}
V/[Bluetooth.OPP]BluetoothOppNotification( 6839): mInboundUpdateCompleteNotification = true
V/[Bluetooth.OPP]BluetoothOppNotification( 6839): mOutboundUpdateCompleteNotification = true
V/AlarmManager( 1909):     => now Batch{427bbf18 num=3 start=259270334 end=271608469}
V/AlarmManager( 1909): isAlarmNeedAlign : screen on, Skip
V/AlarmManager( 1909): isAlarmNeedAlign : screen on, Skip
V/AlarmManager( 1909): Adding Alarm{4346ed90 type 0 com.oppo.market} to Batch{434841a8 num=2 start=864627242 end=1512391463}
V/AlarmManager( 1909):     => now Batch{434841a8 num=2 start=1268803688 end=1512391463}
V/AlarmManager( 1909): isAlarmNeedAlign : screen on, Skip
V/AlarmManager( 1909): isAlarmNeedAlign : screen on, Skip
V/AlarmManager( 1909): Checking for alarms... rtc=1513760533226, elapsed=941613
I/System.out( 7921): [CDS]close[32952]
V/[Bluetooth.OPP]BluetoothOppProvider( 6839): starting query, database is not null; projection is null; selection is status >= '200' AND (visibility IS NULL OR visibility == '0') AND (confirm != '5') AND (direction == 0); selectionArgs is null; sort is timestamp DESC.
I/System.out( 7921): close [socket][/0.0.0.0:32952]
V/[Bluetooth.OPP]BluetoothOppProvider( 6839): created cursor android.database.sqlite.SQLiteCursor@429fe668 on behalf of 
D/ConnectivityService( 1909): getActiveNetworkInfo:NetworkInfo: type: WIFI[], state: CONNECTED/CONNECTED, reason: (unspecified), extra: "60_dev_01", roaming: false, failover: false, isAvailable: true, isConnectedToProvisioningNetwork: false, simId: 0/10188
V/[Bluetooth.OPP]BluetoothOppNotification( 6839): outbound: succ-0  fail-0
I/blueangel( 6839): get_profile_interface handsfree
I/BTIF_HF ( 6839): btif_hf_get_interface
V/[Bluetooth.OPP]BluetoothOppNotification( 6839): outbound notification was removed.
I/BTIF_HF ( 6839): init g_hfgsock=65
I/BTIF_HF ( 6839): init auto bind hfg api: len=8, addr=00002
D/[BT][CUST]( 6839): initCust : cust table size=64(0x782bdd00), dev num=7(0x782be034)
V/[Bluetooth.OPP]BluetoothOppProvider( 6839): starting query, database is not null; projection is null; selection is status >= '200' AND (visibility IS NULL OR visibility == '0') AND (confirm != '5') AND (direction == 1); selectionArgs is null; sort is timestamp DESC.
I/bt_ext_apis.c( 6839): create bt.ext.adp.hfp external socket 66!
I/BTIF_CORE( 6839): +++[btif_enable_service]+++!
I/BTIF_CORE( 6839): ---[btif_enable_service]---!
D/ActivityThread(11450): BDC-Calling onReceive: intent=Intent { act=android.bluetooth.adapter.action.STATE_CHANGED flg=0x4000010 cmp=com.android.settings/.bluetooth.DockEventReceiver (has extras) }, ordered=true, receiver=com.android.settings.bluetooth.DockEventReceiver@4277e330
D/HeadsetStateMachine( 6839): Enter Disconnected: -2
D/ConnectivityService( 1909): getActiveNetworkInfo:NetworkInfo: type: WIFI[], state: CONNECTED/CONNECTED, reason: (unspecified), extra: "60_dev_01", roaming: false, failover: false, isAvailable: true, isConnectedToProvisioningNetwork: false, simId: 0/10188
D/ConnectivityService( 1909): getActiveNetworkInfo:NetworkInfo: type: WIFI[], state: CONNECTED/CONNECTED, reason: (unspecified), extra: "60_dev_01", roaming: false, failover: false, isAvailable: true, isConnectedToProvisioningNetwork: false, simId: 0/10188
D/AppOps  ( 1909): startOperation: allowing code 40 uid 1000 package com.android.settings
V/[Bluetooth.OPP]BluetoothOppProvider( 6839): created cursor android.database.sqlite.SQLiteCursor@42a009a8 on behalf of 
D/HeadsetService( 6839): setHeadsetService(): set to: null
D/BluetoothAdapterService( 6839): getAdapterService(): returning com.android.bluetooth.btservice.AdapterService@426e9e90
D/ConnectivityService( 1909): getActiveNetworkInfo:NetworkInfo: type: WIFI[], state: CONNECTED/CONNECTED, reason: (unspecified), extra: "60_dev_01", roaming: false, failover: false, isAvailable: true, isConnectedToProvisioningNetwork: false, simId: 0/10188
D/ActivityThread( 6839): SVC-SERVICE_ARGS handled : 0 / ServiceArgsData{token=android.os.BinderProxy@429ee9e0 startId=1 args=Intent { cmp=com.android.bluetooth/.hfp.HeadsetService (has extras) }}
D/A2dpService( 6839): REFCOUNT: CREATED. INSTANCE_COUNT=2
W/ContextImpl(11450): Calling a method in the system process without a qualified user: android.app.ContextImpl.startService:1701 android.content.ContextWrapper.startService:494 android.content.ContextWrapper.startService:494 com.android.settings.bluetooth.DockEventReceiver.beginStartingService:134 com.android.settings.bluetooth.DockEventReceiver.onReceive:115 
D/ActivityThread( 6839): SVC-Creating service: CreateServiceData{token=android.os.BinderProxy@429f10e0 className=com.android.bluetooth.a2dp.A2dpService packageName=com.android.bluetooth intent=null}
D/A2dpService( 6839): onCreate
V/[Bluetooth.OPP]BluetoothOppNotification( 6839): inbound: succ-0  fail-0
D/ActivityThread( 6839): SVC-CREATE_SERVICE handled : 0 / CreateServiceData{token=android.os.BinderProxy@429f10e0 className=com.android.bluetooth.a2dp.A2dpService packageName=com.android.bluetooth intent=null}
D/ActivityThread( 6839): SVC-Calling onStartCommand: com.android.bluetooth.a2dp.A2dpService@42a023b0, flags=0, startId=1
D/A2dpService( 6839): onStartCommand()
D/A2dpService( 6839): Received start request. Starting profile...
D/A2dpService( 6839): start()
V/Avrcp   ( 6839): make
I/blueangel( 6839): get_profile_interface avrcp
I/BTIF_RC ( 6839): rc: btif_rc_get_interface btif_rc_get_interface
I/BTIF_RC ( 6839): rc: init
D/dalvikvm( 6839): create interp thread : stack size=128KB
D/dalvikvm( 6839): create new thread
V/[Bluetooth.OPP]BluetoothOppNotification( 6839): inbound notification was removed.
D/dalvikvm( 6839): new thread created
D/dalvikvm( 6839): update thread list
D/dalvikvm( 6839): threadid=17: interp stack at 0x78b03000
D/dalvikvm( 6839): threadid=17: created from interp
D/dalvikvm( 6839): start new thread
D/dalvikvm( 6839): threadid=17: notify debugger
V/[Bluetooth.OPP]BluetoothOppProvider( 6839): starting query, database is not null; projection is null; selection is confirm == '0' AND (visibility IS NULL OR visibility == '0'); selectionArgs is null; sort is _id.
D/dalvikvm( 6839): threadid=17 (BluetoothAvrcpHandler): calling run()
D/ActivityThread(11450): BDC-RECEIVER handled : 0 / ReceiverData{intent=Intent { act=android.bluetooth.adapter.action.STATE_CHANGED flg=0x4000010 cmp=com.android.settings/.bluetooth.DockEventReceiver (has extras) } packageName=com.android.settings resultCode=-1 resultData=null resultExtras=null}
D/ActivityThread(11450): SVC-Creating service: CreateServiceData{token=android.os.BinderProxy@42782da8 className=com.android.settings.bluetooth.DockService packageName=com.android.settings intent=null}
D/BluetoothManagerService( 1909): Message: 20
D/BluetoothManagerService( 1909): Added callback: android.bluetooth.IBluetoothManagerCallback$Stub$Proxy@431a6e20:true
D/A2dpStateMachine( 6839): make
V/[Bluetooth.OPP]BluetoothOppProvider( 6839): created cursor android.database.sqlite.SQLiteCursor@42a05740 on behalf of 
D/dalvikvm( 6839): create interp thread : stack size=128KB
D/dalvikvm( 6839): create new thread
D/dalvikvm( 6839): new thread created
D/dalvikvm( 6839): update thread list
D/dalvikvm( 6839): threadid=18: interp stack at 0x78c24000
D/dalvikvm( 6839): threadid=18: created from interp
D/dalvikvm( 6839): start new thread
D/dalvikvm( 6839): threadid=18: notify debugger
D/dalvikvm( 6839): threadid=18 (A2dpStateMachine): calling run()
D/BluetoothAdapter(11450): getUuids
I/blueangel( 6839): get_profile_interface a2dp
I/BTIF_AV ( 6839): btif_av_get_interface
I/BTIF_AV ( 6839): init
I/BTIF_CORE( 6839): +++[btif_enable_service]+++!
D/BluetoothAdapterService(1114545808)( 6839): getState(): mAdapterProperties: com.android.bluetooth.btservice.AdapterProperties@426ec588
I/BTIF_CORE( 6839): ---[btif_enable_service]---!
I/bt_ext_apis.c( 6839): create bt.ext.adp.avrcp external socket 74!
I/BTIF_AV ( 6839): [A2DP_EXT] [btif_av_init@359] [BTIF_AV] call btif_enable_service
I/BTIF_CORE( 6839): +++[btif_enable_service]+++!
I/BTIF_CORE( 6839): ---[btif_enable_service]---!
I/bt_ext_apis.c( 6839): create bt.ext.adp.a2dp external socket 75!
D/BluetoothAdapter(11450): 1115192272: getState(). Returning 11
D/A2dpStateMachine( 6839): addStateInternal: E state=Disconnected,parent=
D/A2dpStateMachine( 6839): addStateInternal: X stateInfo: state=Disconnected,active=false,parent=null
D/A2dpStateMachine( 6839): addStateInternal: E state=Pending,parent=
D/A2dpStateMachine( 6839): addStateInternal: X stateInfo: state=Pending,active=false,parent=null
D/A2dpStateMachine( 6839): addStateInternal: E state=Connected,parent=
D/A2dpStateMachine( 6839): addStateInternal: X stateInfo: state=Connected,active=false,parent=null
D/A2dpStateMachine( 6839): setInitialState: initialState=Disconnected
D/A2dpStateMachine( 6839): completeConstruction: E
D/A2dpStateMachine( 6839): completeConstruction: maxDepth=1
D/A2dpStateMachine( 6839): setupInitialStateStack: E mInitialState=Disconnected
D/dalvikvm( 6839): threadid=19: exiting
D/A2dpStateMachine( 6839): moveTempStackToStateStack: i=0,j=0
D/A2dpStateMachine( 6839): moveTempStackToStateStack: X mStateStackTop=0,startingIndex=0,Top=Disconnected
D/dalvikvm( 6839): threadid=19: bye!
D/A2dpStateMachine( 6839): completeConstruction: X
D/A2dpService( 6839): setA2dpService(): set to: null
D/A2dpStateMachine( 6839): handleMessage: E msg.what=-2
D/A2dpStateMachine( 6839): invokeEnterMethods: Disconnected
D/BluetoothAdapterService( 6839): getAdapterService(): returning com.android.bluetooth.btservice.AdapterService@426e9e90
D/A2dpStateMachine( 6839): Enter Disconnected: -2
D/A2dpStateMachine( 6839): handleMessage: X
D/ActivityThread( 6839): SVC-SERVICE_ARGS handled : 0 / ServiceArgsData{token=android.os.BinderProxy@429f10e0 startId=1 args=Intent { cmp=com.android.bluetooth/.a2dp.A2dpService (has extras) }}
D/BluetoothInputDevice(11450): Register mBluetoothStateChangeCallback = android.bluetooth.BluetoothInputDevice$1@4278e160
D/HidService( 6839): REFCOUNT: CREATED. INSTANCE_COUNT=2
D/ActivityThread( 6839): SVC-Creating service: CreateServiceData{token=android.os.BinderProxy@429f1c20 className=com.android.bluetooth.hid.HidService packageName=com.android.bluetooth intent=null}
D/HidService( 6839): onCreate
D/BluetoothManagerService( 1909): registerStateChangeCallback: callback = android.bluetooth.IBluetoothStateChangeCallback$Stub$Proxy@42f0add0
D/ActivityThread( 6839): SVC-CREATE_SERVICE handled : 0 / CreateServiceData{token=android.os.BinderProxy@429f1c20 className=com.android.bluetooth.hid.HidService packageName=com.android.bluetooth intent=null}
D/ActivityThread( 6839): SVC-Calling onStartCommand: com.android.bluetooth.hid.HidService@42a09e10, flags=0, startId=1
D/HidService( 6839): onStartCommand()
D/BluetoothManagerService( 1909): Message: 30
D/BluetoothManagerService( 1909): Register callback = android.bluetooth.IBluetoothStateChangeCallback$Stub$Proxy@42f0add0
D/HidService( 6839): Received start request. Starting profile...
D/HidService( 6839): start()
I/blueangel( 6839): get_profile_interface hidhost
I/[BT][HID][JNI]( 6839): btif_hh_get_interface
I/[BT][HID][JNI]( 6839): init
I/bt_ext_apis.c( 6839): create bt.ext.adp.hid external socket 70!
I/[BT][HID][JNI]( 6839): [BT_HID]Socket clear.
I/[BT][HID][JNI]( 6839): btmtk_hidh_set_callback
I/BTIF_CORE( 6839): +++[btif_enable_service]+++!
I/BTIF_CORE( 6839): ---[btif_enable_service]---!
D/HidService( 6839): setHidService(): set to: null
D/BluetoothAdapterService( 6839): getAdapterService(): returning com.android.bluetooth.btservice.AdapterService@426e9e90
D/ActivityThread( 6839): SVC-SERVICE_ARGS handled : 0 / ServiceArgsData{token=android.os.BinderProxy@429f1c20 startId=1 args=Intent { cmp=com.android.bluetooth/.hid.HidService (has extras) }}
D/HealthService( 6839): REFCOUNT: CREATED. INSTANCE_COUNT=2
D/ActivityThread( 6839): SVC-Creating service: CreateServiceData{token=android.os.BinderProxy@429f2768 className=com.android.bluetooth.hdp.HealthService packageName=com.android.bluetooth intent=null}
D/HealthService( 6839): onCreate
D/ActivityThread( 6839): SVC-CREATE_SERVICE handled : 0 / CreateServiceData{token=android.os.BinderProxy@429f2768 className=com.android.bluetooth.hdp.HealthService packageName=com.android.bluetooth intent=null}
W/ContextImpl(11450): Calling a method in the system process without a qualified user: android.app.ContextImpl.bindService:1765 android.content.ContextWrapper.bindService:517 android.bluetooth.BluetoothInputDevice.doBind:246 android.bluetooth.BluetoothInputDevice.<init>:239 android.bluetooth.BluetoothAdapter.getProfileProxy:1381 
D/ActivityThread( 6839): SVC-Calling onStartCommand: com.android.bluetooth.hdp.HealthService@42a0ca10, flags=0, startId=1
D/HealthService( 6839): onStartCommand()
D/HealthService( 6839): Received start request. Starting profile...
D/HealthService( 6839): start()
D/dalvikvm( 6839): create interp thread : stack size=128KB
D/dalvikvm( 6839): create new thread
D/dalvikvm( 6839): new thread created
D/dalvikvm( 6839): update thread list
D/dalvikvm( 6839): threadid=19: interp stack at 0x78d4d000
D/dalvikvm( 6839): threadid=19: created from interp
D/dalvikvm( 6839): start new thread
D/dalvikvm( 6839): threadid=19: notify debugger
D/dalvikvm( 6839): threadid=19 (BluetoothHdpHandler): calling run()
D/BluetoothPan(11450): Register mBluetoothStateChangeCallback = android.bluetooth.BluetoothPan$1@427935f8
D/BluetoothManagerService( 1909): registerStateChangeCallback: callback = android.bluetooth.IBluetoothStateChangeCallback$Stub$Proxy@42e50ab8
D/BluetoothManagerService( 1909): Message: 30
D/BluetoothPan(11450): BluetoothPan() call bindService
D/BluetoothManagerService( 1909): Register callback = android.bluetooth.IBluetoothStateChangeCallback$Stub$Proxy@42e50ab8
W/ContextImpl(11450): Calling a method in the system process without a qualified user: android.app.ContextImpl.bindService:1765 android.content.ContextWrapper.bindService:517 android.bluetooth.BluetoothPan.doBind:150 android.bluetooth.BluetoothPan.<init>:142 android.bluetooth.BluetoothAdapter.getProfileProxy:1384 
D/BluetoothPan(11450): BluetoothPan(), bindService called
D/dalvikvm(11777): threadid=0: all daemons have suspended
D/dalvikvm(11777): VM cleaning up
D/LocalBluetoothProfileManager(11450): Adding local MAP profile
D/BluetoothMap(11450): Create BluetoothMap proxy object
I/blueangel( 6839): get_profile_interface health
I/        ( 6839): [HDP] btmtk_hdp_init
D/BluetoothManagerService( 1909): registerStateChangeCallback: callback = android.bluetooth.IBluetoothStateChangeCallback$Stub$Proxy@42f659d0
I/bt_ext_apis.c( 6839): create bt.ext.adp.hdp external socket 82!
D/BluetoothAdapterService( 6839): getAdapterService(): returning com.android.bluetooth.btservice.AdapterService@426e9e90
D/BluetoothManagerService( 1909): Message: 30
D/BluetoothManagerService( 1909): Register callback = android.bluetooth.IBluetoothStateChangeCallback$Stub$Proxy@42f659d0
D/ActivityThread( 6839): SVC-SERVICE_ARGS handled : 0 / ServiceArgsData{token=android.os.BinderProxy@429f2768 startId=1 args=Intent { cmp=com.android.bluetooth/.hdp.HealthService (has extras) }}
D/[BT][PAN][PanService]( 6839): REFCOUNT: CREATED. INSTANCE_COUNT=2
D/ActivityThread( 6839): SVC-Creating service: CreateServiceData{token=android.os.BinderProxy@429f3598 className=com.android.bluetooth.pan.PanService packageName=com.android.bluetooth intent=null}
D/[BT][PAN][PanService]( 6839): onCreate
D/ActivityThread( 6839): SVC-CREATE_SERVICE handled : 0 / CreateServiceData{token=android.os.BinderProxy@429f3598 className=com.android.bluetooth.pan.PanService packageName=com.android.bluetooth intent=null}
D/ActivityThread( 6839): SVC-Calling onStartCommand: com.android.bluetooth.pan.PanService@42a0fb70, flags=0, startId=1
D/[BT][PAN][PanService]( 6839): onStartCommand()
D/[BT][PAN][PanService]( 6839): Received start request. Starting profile...
D/[BT][PAN][PanService]( 6839): start()
D/[BT][PAN][PanService]( 6839): [start] enter!!!
D/[BT][PAN][PanService]( 6839): [start] mMaxPanDevices : 5
D/BluetoothPanServiceJni( 6839): initializeNative(L110): pan
I/blueangel( 6839): get_profile_interface pan
W/ContextImpl(11450): Calling a method in the system process without a qualified user: android.app.ContextImpl.bindService:1765 android.content.ContextWrapper.bindService:517 android.bluetooth.BluetoothMap.doBind:109 android.bluetooth.BluetoothMap.<init>:102 android.bluetooth.BluetoothAdapter.getProfileProxy:1390 
I/[BT][PAN][JNI]( 6839): [BT][PAN][EXT]pan_init_socket:[BT_PAN]Socket clear.
I/BTIF_CORE( 6839): +++[btif_enable_service]+++!
I/BTIF_CORE( 6839): ---[btif_enable_service]---!
I/bt_ext_apis.c( 6839): create bt.ext.adp.pan external socket 85!
D/BluetoothTethering( 1909): got CMD_CHANNEL_HALF_CONNECTED
D/BluetoothAdapterService( 6839): getAdapterService(): returning com.android.bluetooth.btservice.AdapterService@426e9e90
D/BluetoothPbap(11450): Register mBluetoothStateChangeCallback = android.bluetooth.BluetoothPbap$1@4279d538
D/ActivityThread( 6839): SVC-SERVICE_ARGS handled : 0 / ServiceArgsData{token=android.os.BinderProxy@429f3598 startId=1 args=Intent { cmp=com.android.bluetooth/.pan.PanService (has extras) }}
D/BluetoothManagerService( 1909): registerStateChangeCallback: callback = android.bluetooth.IBluetoothStateChangeCallback$Stub$Proxy@42c987b0
D/ActivityThread( 6839): SVC-Calling onStartCommand: com.android.bluetooth.gatt.GattService@427213e0, flags=0, startId=3
D/BluetoothManagerService( 1909): Message: 30
D/BtGatt.DebugUtils( 6839): handleDebugAction() action=null
D/BtGatt.GattService( 6839): onStartCommand()
D/BluetoothManagerService( 1909): Register callback = android.bluetooth.IBluetoothStateChangeCallback$Stub$Proxy@42c987b0
D/BtGatt.GattService( 6839): Received start request. Starting profile...
D/BtGatt.GattService( 6839): start()
D/BtGatt.GattService( 6839): start()
D/BluetoothAdapterService( 6839): getAdapterService(): returning com.android.bluetooth.btservice.AdapterService@426e9e90
D/dalvikvm(11777): LinearAlloc 0x0 used 1387780 of 33554432 (4%)
D/ActivityThread( 6839): SVC-SERVICE_ARGS handled : 0 / ServiceArgsData{token=android.os.BinderProxy@426ffe98 startId=3 args=Intent { cmp=com.android.bluetooth/.gatt.GattService (has extras) }}
D/BluetoothMapService( 6839): REFCOUNT: CREATED. INSTANCE_COUNT=2
D/ActivityThread( 6839): SVC-Creating service: CreateServiceData{token=android.os.BinderProxy@429f5988 className=com.android.bluetooth.map.BluetoothMapService packageName=com.android.bluetooth intent=null}
D/BluetoothMapService( 6839): onCreate
V/[MAP]BluetoothMapService( 6839): BluetoothMapBinder()
D/ActivityThread( 6839): SVC-CREATE_SERVICE handled : 0 / CreateServiceData{token=android.os.BinderProxy@429f5988 className=com.android.bluetooth.map.BluetoothMapService packageName=com.android.bluetooth intent=null}
D/ActivityThread( 6839): SVC-Calling onStartCommand: com.android.bluetooth.map.BluetoothMapService@42a14970, flags=0, startId=1
D/BluetoothMapService( 6839): onStartCommand()
D/BluetoothMapService( 6839): Received start request. Starting profile...
D/BluetoothMapService( 6839): start()
D/[MAP]BluetoothMapService( 6839): start()
D/BluetoothAdapterService( 6839): getAdapterService(): returning com.android.bluetooth.btservice.AdapterService@426e9e90
D/ActivityThread( 6839): SVC-SERVICE_ARGS handled : 0 / ServiceArgsData{token=android.os.BinderProxy@429f5988 startId=1 args=Intent { cmp=com.android.bluetooth/.map.BluetoothMapService (has extras) }}
D/HeadsetStateMachine( 6839): Proxy object connected
D/HeadsetStateMachine( 6839): Disconnected process message: 10
D/BluetoothAdapterService(1114545808)( 6839): Message: 1
D/HeadsetPhoneState( 6839): sendDeviceStateChanged. mService=0 mSignal=0 mRoam=0 mBatteryCharge=5
D/HeadsetStateMachine( 6839): Disconnected process message: 11
D/BluetoothAdapterService(1114545808)( 6839): MESSAGE_PROFILE_SERVICE_STATE_CHANGED
D/BluetoothAdapterService( 6839): onProfileServiceStateChange: serviceName=com.android.bluetooth.hfp.HeadsetService, state = 12, doUpdate = true
D/BluetoothAdapterState( 6839): isTurningOff()=false
D/BluetoothAdapterState( 6839): isTurningOn()=true
D/BluetoothAdapterService( 6839): Profile still not running:com.android.bluetooth.hdp.HealthService
D/ActivityThread( 6839): BDC-Calling onReceive: intent=Intent { act=android.bluetooth.adapter.action.STATE_CHANGED flg=0x4000010 cmp=com.android.bluetooth/.pbap.BluetoothPbapReceiver (has extras) }, ordered=true, receiver=com.android.bluetooth.pbap.BluetoothPbapReceiver@42a18b48
V/BluetoothPbapReceiver( 6839): PbapReceiver onReceive 
V/BluetoothPbapReceiver( 6839): ***********action = android.bluetooth.adapter.action.STATE_CHANGED
V/BluetoothPbapReceiver( 6839): ***********state = 13
V/BluetoothPbapReceiver( 6839): ***********Calling start service!!!! with action = null
W/ContextImpl(11450): Calling a method in the system process without a qualified user: android.app.ContextImpl.bindService:1765 android.content.ContextWrapper.bindService:517 android.bluetooth.BluetoothPbap.doBind:165 android.bluetooth.BluetoothPbap.<init>:158 com.android.settings.bluetooth.PbapServerProfile.<init>:68 
D/ActivityThread( 6839): BDC-RECEIVER handled : 0 / ReceiverData{intent=Intent { act=android.bluetooth.adapter.action.STATE_CHANGED flg=0x4000010 cmp=com.android.bluetooth/.pbap.BluetoothPbapReceiver (has extras) } packageName=com.android.bluetooth resultCode=0 resultData=null resultExtras=null}
D/BluetoothAdapterService(1114545808)( 6839): Message: 1
D/BluetoothAdapterService(1114545808)( 6839): MESSAGE_PROFILE_SERVICE_STATE_CHANGED
D/BluetoothAdapterService( 6839): onProfileServiceStateChange: serviceName=com.android.bluetooth.a2dp.A2dpService, state = 12, doUpdate = true
D/BluetoothAdapterState( 6839): isTurningOff()=false
D/BluetoothAdapterState( 6839): isTurningOn()=true
D/BluetoothAdapterService( 6839): Profile still not running:com.android.bluetooth.hdp.HealthService
D/LocalBluetoothProfileManager(11450): LocalBluetoothProfileManager construction complete
D/BluetoothAdapterService(1114545808)( 6839): Message: 1
D/BluetoothAdapterService(1114545808)( 6839): MESSAGE_PROFILE_SERVICE_STATE_CHANGED
D/BluetoothAdapterService( 6839): onProfileServiceStateChange: serviceName=com.android.bluetooth.hid.HidService, state = 12, doUpdate = true
D/BluetoothAdapterState( 6839): isTurningOff()=false
D/dalvikvm(11450): create interp thread : stack size=128KB
D/BluetoothAdapterState( 6839): isTurningOn()=true
D/BluetoothAdapterService( 6839): Profile still not running:com.android.bluetooth.hdp.HealthService
D/dalvikvm(11450): create new thread
D/HidService( 6839): onBind
D/dalvikvm(11450): new thread created
D/dalvikvm(11450): update thread list
D/dalvikvm(11450): threadid=12: interp stack at 0x78865000
D/dalvikvm(11450): threadid=12: created from interp
D/dalvikvm(11450): start new thread
D/dalvikvm(11450): threadid=12: notify debugger
D/dalvikvm(11450): threadid=12 (DockService): calling run()
D/dalvikvm(11450): threadid=13: interp stack at 0x78a87000
D/ActivityThread( 6839): SVC-BIND_SERVICE handled : 0 / BindServiceData{token=android.os.BinderProxy@429f1c20 intent=Intent { act=android.bluetooth.IBluetoothInputDevice cmp=com.android.bluetooth/.hid.HidService }}
D/[BT][PAN][PanService]( 6839): onBind
D/ActivityThread( 6839): SVC-BIND_SERVICE handled : 0 / BindServiceData{token=android.os.BinderProxy@429f3598 intent=Intent { act=android.bluetooth.IBluetoothPan cmp=com.android.bluetooth/.pan.PanService }}
D/BluetoothAdapterService(1114545808)( 6839): Message: 1
D/BluetoothAdapterService(1114545808)( 6839): MESSAGE_PROFILE_SERVICE_STATE_CHANGED
D/BluetoothAdapterService( 6839): onProfileServiceStateChange: serviceName=com.android.bluetooth.hdp.HealthService, state = 12, doUpdate = true
D/BluetoothAdapterState( 6839): isTurningOff()=false
D/BluetoothAdapterState( 6839): isTurningOn()=true
D/BluetoothAdapterService( 6839): Profile still not running:com.android.bluetooth.map.BluetoothMapService
D/dalvikvm(11450): threadid=14: interp stack at 0x78ba8000
D/BluetoothMapService( 6839): onBind
D/ActivityThread(11450): SVC-CREATE_SERVICE handled : 0 / CreateServiceData{token=android.os.BinderProxy@42782da8 className=com.android.settings.bluetooth.DockService packageName=com.android.settings intent=null}
D/ActivityThread(11450): SVC-Calling onStartCommand: com.android.settings.bluetooth.DockService@42784670, flags=0, startId=1
D/dalvikvm(11450): create interp thread : stack size=128KB
D/dalvikvm(11450): create new thread
D/dalvikvm(11450): new thread created
D/dalvikvm(11450): update thread list
D/ActivityThread( 6839): SVC-BIND_SERVICE handled : 0 / BindServiceData{token=android.os.BinderProxy@429f5988 intent=Intent { act=android.bluetooth.IBluetoothMap cmp=com.android.bluetooth/.map.BluetoothMapService }}
D/dalvikvm(11450): threadid=15: interp stack at 0x78bc9000
D/dalvikvm(11450): threadid=15: created from interp
D/dalvikvm(11450): start new thread
D/dalvikvm(11450): threadid=15: notify debugger
D/BluetoothAdapterService(1114545808)( 6839): Message: 1
D/dalvikvm(11450): threadid=15 (SharedPreferencesImpl-load): calling run()
D/BluetoothAdapterService(1114545808)( 6839): MESSAGE_PROFILE_SERVICE_STATE_CHANGED
D/BluetoothAdapterService( 6839): onProfileServiceStateChange: serviceName=com.android.bluetooth.pan.PanService, state = 12, doUpdate = true
D/BluetoothAdapterState( 6839): isTurningOff()=false
D/BluetoothAdapterState( 6839): isTurningOn()=true
D/BluetoothAdapterService( 6839): Profile still not running:com.android.bluetooth.map.BluetoothMapService
D/[BT][PAN][PanService]( 6839): [isPanUOn] isTetheringOn call getPanLocalRoleNative
D/BluetoothPanServiceJni( 6839): getPanLocalRoleNative(L175): in
I/[BT][PAN][JNI]( 6839): [BT][PAN][EXT]btpan_get_local_role:btpan local role: 3
D/BluetoothPanServiceJni( 6839): getPanLocalRoleNative(L180): out
D/[BT][PAN][PanService]( 6839): mReceiver mLocalPanuConnected : false
D/dalvikvm(11450): threadid=15: exiting
D/[BT][PAN][PanService]( 6839): mReceiver is local panu : true
D/dalvikvm(11450): threadid=15: bye!
D/BluetoothAdapterService(1114545808)( 6839): Message: 1
D/BluetoothAdapterService(1114545808)( 6839): MESSAGE_PROFILE_SERVICE_STATE_CHANGED
D/BluetoothAdapterService( 6839): onProfileServiceStateChange: serviceName=com.android.bluetooth.gatt.GattService, state = 12, doUpdate = true
D/BluetoothAdapterState( 6839): isTurningOff()=false
D/BluetoothAdapterState( 6839): isTurningOn()=true
D/BluetoothAdapterService( 6839): Profile still not running:com.android.bluetooth.map.BluetoothMapService
V/[MAP]BluetoothMapService( 6839): [mSessionStatusHandler]: got msg=1
D/BluetoothAdapter( 6839): isEnabled
D/BluetoothAdapterService(1114545808)( 6839): Message: 1
D/BluetoothAdapterService(1114545808)( 6839): MESSAGE_PROFILE_SERVICE_STATE_CHANGED
D/BluetoothAdapterService( 6839): onProfileServiceStateChange: serviceName=com.android.bluetooth.map.BluetoothMapService, state = 12, doUpdate = true
D/BluetoothAdapterState( 6839): isTurningOff()=false
D/BluetoothAdapterState( 6839): isTurningOn()=true
D/BluetoothAdapterService( 6839): All profile services started.
D/BluetoothAdapterState( 6839): CURRENT_STATE=PENDING, MESSAGE = STARTED, isTurningOn=true, isTurningOff=false
D/DockEventReceiver(11450): finishStartingService: stopping service
D/ActivityThread( 6839): SVC-Calling onStartCommand: com.android.bluetooth.pbap.BluetoothPbapService@42757290, flags=0, startId=2
I/blueangel( 6839): enable
I/BTIF_CORE( 6839): +++[btif_enable_bluetooth] state:[0]+++!
I/bt_gap_api.c( 6839): [GAP] btmtk_gap_power_on
I/bt_ext_apis.c( 6839): btmtk_util_find_profile_msg_handler search profile_id:[0]
I/bt_ext_apis.c( 6839): [JNI] btmtk_sendmsg(cmd=100, ptr=0x783dc2a0, len=40)
V/BluetoothPbapService( 6839): action: android.bluetooth.adapter.action.STATE_CHANGED
I/bt_ext_apis.c( 6839): [JNI] send msg success : 40
I/bt_gap_api.c( 6839): [GAP] btmtk_gap_power_on return:1!
I/BTIF_CORE( 6839): ---[btif_enable_bluetooth]---!
V/BluetoothPbapService( 6839): state: 13
V/BluetoothPbapService( 6839): Pbap Service closeService in
D/BluetoothSocket( 6839): close() in, this: android.bluetooth.BluetoothSocket@4275aba0, channel: 22, state: LISTENING
D/MTKBT   (  302): UART_Init : [BT] + UART_Init(0xb6f0f9fd)
D/MTKBT   (  302): UART_Init : [BT] + mtk_bt_enable
W/[BT]    (  302): mtk_bt_enable #144
D/BluetoothSocket( 6839): close() this: android.bluetooth.BluetoothSocket@4275aba0, channel: 22, mSocketIS: android.net.LocalSocketImpl$SocketInputStream@4275bfe0, mSocketOS: android.net.LocalSocketImpl$SocketOutputStream@4275bff0mSocket: android.net.LocalSocket@4275bf40 impl:android.net.LocalSocketImpl@4275bf68 fd:FileDescriptor[89]
D/BluetoothSocket( 6839): Closing mSocket: android.net.LocalSocket@4275bf40 impl:android.net.LocalSocketImpl@4275bf68 fd:FileDescriptor[89]
D/ActivityThread(11450): SVC-SERVICE_ARGS handled : 0 / ServiceArgsData{token=android.os.BinderProxy@42782da8 startId=1 args=Intent { act=android.bluetooth.adapter.action.STATE_CHANGED flg=0x4000010 cmp=com.android.settings/.bluetooth.DockService (has extras) }}
D/[BT]    (  302): mtk: mediatek/external/bluetooth/driver/combo/mtk.c 215
W/[BT]    (  302): init_uart #89
D/BluetoothPbap(11450): Proxy object connected
D/PbapServerProfile(11450): Bluetooth service connected
D/BluetoothInputDevice(11450): Proxy object connected
V/BluetoothPbapService( 6839): successfully stopped pbap service
V/BluetoothPbapService( 6839): Pbap Service closeService out
D/HidProfile(11450): Bluetooth service connected
D/ActivityThread( 6839): SVC-SERVICE_ARGS handled : 0 / ServiceArgsData{token=android.os.BinderProxy@42752c88 startId=2 args=Intent { cmp=com.android.bluetooth/.pbap.BluetoothPbapService (has extras) }}
D/BluetoothInputDevice(11450): getConnectedDevices()
D/ActivityThread( 6839): SVC-Destroying service: com.android.bluetooth.pbap.BluetoothPbapService@42757290
V/BluetoothPbapService( 6839): Pbap Service onDestroy
V/BluetoothPbapService( 6839): Pbap Service closeService in
V/BluetoothPbapService( 6839): Pbap Service closeService out
D/BluetoothAdapterService(1114545808)( 6839): getState(): mAdapterProperties: com.android.bluetooth.btservice.AdapterProperties@426ec588
D/ActivityThread( 6839): SVC-STOP_SERVICE handled : 0 / android.os.BinderProxy@42752c88
D/BluetoothAdapter(11450): 1115192272: getState(). Returning 11
D/ActivityThread(11450): BDC-Calling onReceive: intent=Intent { act=android.bluetooth.adapter.action.STATE_CHANGED flg=0x4000010 cmp=com.android.settings/.bluetooth.DisableBluetoothReceiver (has extras) }, ordered=true, receiver=com.android.settings.bluetooth.DisableBluetoothReceiver@427b1bc0
D/ActivityThread(11450): BDC-RECEIVER handled : 0 / ReceiverData{intent=Intent { act=android.bluetooth.adapter.action.STATE_CHANGED flg=0x4000010 cmp=com.android.settings/.bluetooth.DisableBluetoothReceiver (has extras) } packageName=com.android.settings resultCode=0 resultData=null resultExtras=null}
D/BluetoothPan(11450): BluetoothPAN Proxy object connected
D/PanProfile(11450): Bluetooth service connected
D/BluetoothMap(11450): Proxy object connected
D/MapProfile(11450): Bluetooth service connected
D/BluetoothMap(11450): getConnectedDevices()
D/BluetoothAdapterService(1114545808)( 6839): getState(): mAdapterProperties: com.android.bluetooth.btservice.AdapterProperties@426ec588
D/BluetoothAdapter(11450): 1115192272: getState(). Returning 11
D/BluetoothMap(11450): Bluetooth is Not enabled
D/ActivityThread(11450): SVC-Destroying service: com.android.settings.bluetooth.DockService@42784670
D/dalvikvm(11450): threadid=12: exiting
D/dalvikvm(11450): threadid=12: bye!
D/ActivityThread(11450): SVC-STOP_SERVICE handled : 0 / android.os.BinderProxy@42782da8
D/BluetoothPbap(11450): Proxy object disconnected
D/PbapServerProfile(11450): Bluetooth service disconnected
D/ActivityThread( 6839): BDC-Calling onReceive: intent=Intent { act=android.bluetooth.adapter.action.STATE_CHANGED flg=0x4000010 cmp=com.android.bluetooth/.opp.BluetoothOppReceiver (has extras) }, ordered=true, receiver=com.android.bluetooth.opp.BluetoothOppReceiver@42a25a08
I/[Bluetooth.OPP]BluetoothOppReceiver( 6839): onReceive::action = android.bluetooth.adapter.action.STATE_CHANGED
D/ActivityThread( 6839): BDC-RECEIVER handled : 0 / ReceiverData{intent=Intent { act=android.bluetooth.adapter.action.STATE_CHANGED flg=0x4000010 cmp=com.android.bluetooth/.opp.BluetoothOppReceiver (has extras) } packageName=com.android.bluetooth resultCode=0 resultData=null resultExtras=null}
D/ActivityThread( 6219): BDC-Calling onReceive: intent=Intent { act=android.bluetooth.adapter.action.STATE_CHANGED flg=0x4000010 cmp=com.tencent.mm/.booter.BluetoothStateReceiver (has extras) }, ordered=true, receiver=com.tencent.mm.booter.BluetoothStateReceiver@43ca2850
D/BluetoothAdapterService(1114545808)( 6839): getState(): mAdapterProperties: com.android.bluetooth.btservice.AdapterProperties@426ec588
D/BluetoothAdapter( 6219): 1136045464: getState(). Returning 11
D/BluetoothAdapterService(1114545808)( 6839): getState(): mAdapterProperties: com.android.bluetooth.btservice.AdapterProperties@426ec588
D/BluetoothAdapter( 6219): 1136045464: getState(). Returning 11
