V/ActivityManager( 1909): Broadcast: Intent { act=android.media.VOLUME_CHANGED_ACTION flg=0x10 (has extras) } ordered=false userid=-1 callerApp=ProcessRecord{4272b1e0 1909:system/1000}
D/ActivityThread(11450): BDC-RECEIVER handled : 0 / ReceiverData{intent=Intent { act=android.media.VOLUME_CHANGED_ACTION flg=0x10 cmp=com.android.settings/com.oppo.settings.MediaStreamVolumeDealReciever (has extras) } packageName=com.android.settings resultCode=-1 resultData=null resultExtras=null}
D/ActivityThread(11450): BDC-Calling onReceive: intent=Intent { act=android.media.VOLUME_CHANGED_ACTION flg=0x10 cmp=com.android.settings/com.oppo.settings.MediaStreamVolumeDealReciever (has extras) }, ordered=true, receiver=com.oppo.settings.MediaStreamVolumeDealReciever@428eb7e0
V/ActivityManager( 1909): Broadcast: Intent { act=android.media.VOLUME_CHANGED_ACTION flg=0x10 (has extras) } ordered=false userid=-1 callerApp=ProcessRecord{4272b1e0 1909:system/1000}
D/ActivityThread(11450): BDC-RECEIVER handled : 0 / ReceiverData{intent=Intent { act=android.media.VOLUME_CHANGED_ACTION flg=0x10 cmp=com.android.settings/com.oppo.settings.MediaStreamVolumeDealReciever (has extras) } packageName=com.android.settings resultCode=-1 resultData=null resultExtras=null}
D/ActivityThread(11450): BDC-Calling onReceive: intent=Intent { act=android.media.VOLUME_CHANGED_ACTION flg=0x10 cmp=com.android.settings/com.oppo.settings.MediaStreamVolumeDealReciever (has extras) }, ordered=true, receiver=com.oppo.settings.MediaStreamVolumeDealReciever@428edab8
V/ActivityManager( 1909): Broadcast: Intent { act=android.media.VOLUME_CHANGED_ACTION flg=0x10 (has extras) } ordered=false userid=-1 callerApp=ProcessRecord{4272b1e0 1909:system/1000}
D/ActivityThread(11450): BDC-RECEIVER handled : 0 / ReceiverData{intent=Intent { act=android.media.VOLUME_CHANGED_ACTION flg=0x10 cmp=com.android.settings/com.oppo.settings.MediaStreamVolumeDealReciever (has extras) } packageName=com.android.settings resultCode=-1 resultData=null resultExtras=null}
D/ActivityThread(11450): BDC-Calling onReceive: intent=Intent { act=android.media.VOLUME_CHANGED_ACTION flg=0x10 cmp=com.android.settings/com.oppo.settings.MediaStreamVolumeDealReciever (has extras) }, ordered=true, receiver=com.oppo.settings.MediaStreamVolumeDealReciever@428efd90
V/ActivityManager( 1909): Broadcast: Intent { act=android.media.VOLUME_CHANGED_ACTION flg=0x10 (has extras) } ordered=false userid=-1 callerApp=ProcessRecord{4272b1e0 1909:system/1000}
D/ActivityThread(11450): BDC-RECEIVER handled : 0 / ReceiverData{intent=Intent { act=android.media.VOLUME_CHANGED_ACTION flg=0x10 cmp=com.android.settings/com.oppo.settings.MediaStreamVolumeDealReciever (has extras) } packageName=com.android.settings resultCode=-1 resultData=null resultExtras=null}
D/ActivityThread(11450): BDC-Calling onReceive: intent=Intent { act=android.media.VOLUME_CHANGED_ACTION flg=0x10 cmp=com.android.settings/com.oppo.settings.MediaStreamVolumeDealReciever (has extras) }, ordered=true, receiver=com.oppo.settings.MediaStreamVolumeDealReciever@428f2068
V/ActivityManager( 1909): Broadcast: Intent { act=android.media.VOLUME_CHANGED_ACTION flg=0x10 (has extras) } ordered=false userid=-1 callerApp=ProcessRecord{4272b1e0 1909:system/1000}
D/ActivityThread(11450): BDC-RECEIVER handled : 0 / ReceiverData{intent=Intent { act=android.media.VOLUME_CHANGED_ACTION flg=0x10 cmp=com.android.settings/com.oppo.settings.MediaStreamVolumeDealReciever (has extras) } packageName=com.android.settings resultCode=-1 resultData=null resultExtras=null}
D/ActivityThread(11450): BDC-Calling onReceive: intent=Intent { act=android.media.VOLUME_CHANGED_ACTION flg=0x10 cmp=com.android.settings/com.oppo.settings.MediaStreamVolumeDealReciever (has extras) }, ordered=true, receiver=com.oppo.settings.MediaStreamVolumeDealReciever@428f4340
V/ActivityManager( 1909): Broadcast: Intent { act=android.media.VOLUME_CHANGED_ACTION flg=0x10 (has extras) } ordered=false userid=-1 callerApp=ProcessRecord{4272b1e0 1909:system/1000}
D/ActivityThread(11450): BDC-RECEIVER handled : 0 / ReceiverData{intent=Intent { act=android.media.VOLUME_CHANGED_ACTION flg=0x10 cmp=com.android.settings/com.oppo.settings.MediaStreamVolumeDealReciever (has extras) } packageName=com.android.settings resultCode=-1 resultData=null resultExtras=null}
D/ActivityThread(11450): BDC-Calling onReceive: intent=Intent { act=android.media.VOLUME_CHANGED_ACTION flg=0x10 cmp=com.android.settings/com.oppo.settings.MediaStreamVolumeDealReciever (has extras) }, ordered=true, receiver=com.oppo.settings.MediaStreamVolumeDealReciever@428f6618
V/ActivityManager( 1909): Broadcast: Intent { act=android.media.VOLUME_CHANGED_ACTION flg=0x10 (has extras) } ordered=false userid=-1 callerApp=ProcessRecord{4272b1e0 1909:system/1000}
D/ActivityThread(11450): BDC-RECEIVER handled : 0 / ReceiverData{intent=Intent { act=android.media.VOLUME_CHANGED_ACTION flg=0x10 cmp=com.android.settings/com.oppo.settings.MediaStreamVolumeDealReciever (has extras) } packageName=com.android.settings resultCode=-1 resultData=null resultExtras=null}
D/ActivityThread(11450): BDC-Calling onReceive: intent=Intent { act=android.media.VOLUME_CHANGED_ACTION flg=0x10 cmp=com.android.settings/com.oppo.settings.MediaStreamVolumeDealReciever (has extras) }, ordered=true, receiver=com.oppo.settings.MediaStreamVolumeDealReciever@428f88f0
D/ActivityThread(11450): BDC-RECEIVER handled : 0 / ReceiverData{intent=Intent { act=android.media.VOLUME_CHANGED_ACTION flg=0x10 cmp=com.android.settings/com.oppo.settings.MediaStreamVolumeDealReciever (has extras) } packageName=com.android.settings resultCode=-1 resultData=null resultExtras=null}
V/ActivityManager( 1909): Broadcast: Intent { act=android.media.VOLUME_CHANGED_ACTION flg=0x10 (has extras) } ordered=false userid=-1 callerApp=ProcessRecord{4272b1e0 1909:system/1000}
V/ActivityManager( 1909): Broadcast: Intent { act=android.media.VOLUME_CHANGED_ACTION flg=0x10 (has extras) } ordered=false userid=-1 callerApp=ProcessRecord{4272b1e0 1909:system/1000}
D/ActivityThread(11450): BDC-Calling onReceive: intent=Intent { act=android.media.VOLUME_CHANGED_ACTION flg=0x10 cmp=com.android.settings/com.oppo.settings.MediaStreamVolumeDealReciever (has extras) }, ordered=true, receiver=com.oppo.settings.MediaStreamVolumeDealReciever@428fabc8
D/ActivityThread(11450): BDC-RECEIVER handled : 0 / ReceiverData{intent=Intent { act=android.media.VOLUME_CHANGED_ACTION flg=0x10 cmp=com.android.settings/com.oppo.settings.MediaStreamVolumeDealReciever (has extras) } packageName=com.android.settings resultCode=-1 resultData=null resultExtras=null}
D/ActivityThread(11450): BDC-Calling onReceive: intent=Intent { act=android.media.VOLUME_CHANGED_ACTION flg=0x10 cmp=com.android.settings/com.oppo.settings.MediaStreamVolumeDealReciever (has extras) }, ordered=true, receiver=com.oppo.settings.MediaStreamVolumeDealReciever@428fcea0
D/ActivityThread(11450): BDC-RECEIVER handled : 0 / ReceiverData{intent=Intent { act=android.media.VOLUME_CHANGED_ACTION flg=0x10 cmp=com.android.settings/com.oppo.settings.MediaStreamVolumeDealReciever (has extras) } packageName=com.android.settings resultCode=-1 resultData=null resultExtras=null}
V/ActivityManager( 1909): Broadcast: Intent { act=android.media.VOLUME_CHANGED_ACTION flg=0x10 (has extras) } ordered=false userid=-1 callerApp=ProcessRecord{4272b1e0 1909:system/1000}
V/ActivityManager( 1909): Broadcast: Intent { act=android.media.VOLUME_CHANGED_ACTION flg=0x10 (has extras) } ordered=false userid=-1 callerApp=ProcessRecord{4272b1e0 1909:system/1000}
D/ActivityThread(11450): BDC-Calling onReceive: intent=Intent { act=android.media.VOLUME_CHANGED_ACTION flg=0x10 cmp=com.android.settings/com.oppo.settings.MediaStreamVolumeDealReciever (has extras) }, ordered=true, receiver=com.oppo.settings.MediaStreamVolumeDealReciever@428ff178
D/ActivityThread(11450): BDC-RECEIVER handled : 0 / ReceiverData{intent=Intent { act=android.media.VOLUME_CHANGED_ACTION flg=0x10 cmp=com.android.settings/com.oppo.settings.MediaStreamVolumeDealReciever (has extras) } packageName=com.android.settings resultCode=-1 resultData=null resultExtras=null}
D/ActivityThread(11450): BDC-Calling onReceive: intent=Intent { act=android.media.VOLUME_CHANGED_ACTION flg=0x10 cmp=com.android.settings/com.oppo.settings.MediaStreamVolumeDealReciever (has extras) }, ordered=true, receiver=com.oppo.settings.MediaStreamVolumeDealReciever@42901450
D/ActivityThread(11450): BDC-RECEIVER handled : 0 / ReceiverData{intent=Intent { act=android.media.VOLUME_CHANGED_ACTION flg=0x10 cmp=com.android.settings/com.oppo.settings.MediaStreamVolumeDealReciever (has extras) } packageName=com.android.settings resultCode=-1 resultData=null resultExtras=null}
V/ActivityManager( 1909): Broadcast: Intent { act=android.media.VOLUME_CHANGED_ACTION flg=0x10 (has extras) } ordered=false userid=-1 callerApp=ProcessRecord{4272b1e0 1909:system/1000}
V/ActivityManager( 1909): Broadcast: Intent { act=android.media.VOLUME_CHANGED_ACTION flg=0x10 (has extras) } ordered=false userid=-1 callerApp=ProcessRecord{4272b1e0 1909:system/1000}
D/ActivityThread(11450): BDC-Calling onReceive: intent=Intent { act=android.media.VOLUME_CHANGED_ACTION flg=0x10 cmp=com.android.settings/com.oppo.settings.MediaStreamVolumeDealReciever (has extras) }, ordered=true, receiver=com.oppo.settings.MediaStreamVolumeDealReciever@42903728
D/ActivityThread(11450): BDC-RECEIVER handled : 0 / ReceiverData{intent=Intent { act=android.media.VOLUME_CHANGED_ACTION flg=0x10 cmp=com.android.settings/com.oppo.settings.MediaStreamVolumeDealReciever (has extras) } packageName=com.android.settings resultCode=-1 resultData=null resultExtras=null}
D/ActivityThread(11450): BDC-Calling onReceive: intent=Intent { act=android.media.VOLUME_CHANGED_ACTION flg=0x10 cmp=com.android.settings/com.oppo.settings.MediaStreamVolumeDealReciever (has extras) }, ordered=true, receiver=com.oppo.settings.MediaStreamVolumeDealReciever@42b64550
D/ActivityThread(11450): BDC-RECEIVER handled : 0 / ReceiverData{intent=Intent { act=android.media.VOLUME_CHANGED_ACTION flg=0x10 cmp=com.android.settings/com.oppo.settings.MediaStreamVolumeDealReciever (has extras) } packageName=com.android.settings resultCode=-1 resultData=null resultExtras=null}
V/ActivityManager( 1909): Broadcast: Intent { act=android.media.VOLUME_CHANGED_ACTION flg=0x10 (has extras) } ordered=false userid=-1 callerApp=ProcessRecord{4272b1e0 1909:system/1000}
V/ActivityManager( 1909): Broadcast: Intent { act=android.media.VOLUME_CHANGED_ACTION flg=0x10 (has extras) } ordered=false userid=-1 callerApp=ProcessRecord{4272b1e0 1909:system/1000}
D/ActivityThread(11450): BDC-Calling onReceive: intent=Intent { act=android.media.VOLUME_CHANGED_ACTION flg=0x10 cmp=com.android.settings/com.oppo.settings.MediaStreamVolumeDealReciever (has extras) }, ordered=true, receiver=com.oppo.settings.MediaStreamVolumeDealReciever@42b66828
D/ActivityThread(11450): BDC-RECEIVER handled : 0 / ReceiverData{intent=Intent { act=android.media.VOLUME_CHANGED_ACTION flg=0x10 cmp=com.android.settings/com.oppo.settings.MediaStreamVolumeDealReciever (has extras) } packageName=com.android.settings resultCode=-1 resultData=null resultExtras=null}
D/ActivityThread(11450): BDC-Calling onReceive: intent=Intent { act=android.media.VOLUME_CHANGED_ACTION flg=0x10 cmp=com.android.settings/com.oppo.settings.MediaStreamVolumeDealReciever (has extras) }, ordered=true, receiver=com.oppo.settings.MediaStreamVolumeDealReciever@42b68b00
I/ActivityManager( 1909): START u0 {act=android.intent.action.MAIN cat=[android.intent.category.LAUNCHER] flg=0x10200000 cmp=com.sixty.nidoneClient/.view.activity.SDK_WebApp} from pid 14124
E/ActivityManager( 1909): START {act=android.intent.action.MAIN cat=[android.intent.category.LAUNCHER] flg=0x10200000 cmp=com.sixty.nidoneClient/.view.activity.SDK_WebApp u=0} from pid 14124
D/ActivityThread(11450): BDC-RECEIVER handled : 0 / ReceiverData{intent=Intent { act=android.media.VOLUME_CHANGED_ACTION flg=0x10 cmp=com.android.settings/com.oppo.settings.MediaStreamVolumeDealReciever (has extras) } packageName=com.android.settings resultCode=-1 resultData=null resultExtras=null}
D/ActivityManager( 1909): ACT-moveHomeTask toFront : false homeInFront = false
D/ActivityManager( 1909): launchFlags = 10200000, launchMode = 2, realActivity = ComponentInfo{com.sixty.nidoneClient/com.sixty.nidoneClient.view.activity.SDK_WebApp}, task.realActivity = ComponentInfo{com.sixty.nidoneClient/com.sixty.nidoneClient.view.activity.SDK_WebApp}
I/ActivityManager( 1909): topActivity.packageName = com.sixty.nidoneClient
D/ActivityThread( 9136): ACT-NEW_INTENT handled : 0 / NewIntentData{intents=[Intent { act=android.intent.action.MAIN cat=[android.intent.category.LAUNCHER] flg=0x10200000 cmp=com.sixty.nidoneClient/.view.activity.SDK_WebApp }] token=android.os.BinderProxy@42b191e0}
V/ActivityManager( 1909): Broadcast: Intent { act=android.media.VOLUME_CHANGED_ACTION flg=0x10 (has extras) } ordered=false userid=-1 callerApp=ProcessRecord{4272b1e0 1909:system/1000}
V/ActivityManager( 1909): Broadcast: Intent { act=android.media.VOLUME_CHANGED_ACTION flg=0x10 (has extras) } ordered=false userid=-1 callerApp=ProcessRecord{4272b1e0 1909:system/1000}
D/ActivityThread(11450): BDC-Calling onReceive: intent=Intent { act=android.media.VOLUME_CHANGED_ACTION flg=0x10 cmp=com.android.settings/com.oppo.settings.MediaStreamVolumeDealReciever (has extras) }, ordered=true, receiver=com.oppo.settings.MediaStreamVolumeDealReciever@42b6add8
D/ActivityThread(11450): BDC-RECEIVER handled : 0 / ReceiverData{intent=Intent { act=android.media.VOLUME_CHANGED_ACTION flg=0x10 cmp=com.android.settings/com.oppo.settings.MediaStreamVolumeDealReciever (has extras) } packageName=com.android.settings resultCode=-1 resultData=null resultExtras=null}
D/ActivityThread(11450): BDC-Calling onReceive: intent=Intent { act=android.media.VOLUME_CHANGED_ACTION flg=0x10 cmp=com.android.settings/com.oppo.settings.MediaStreamVolumeDealReciever (has extras) }, ordered=true, receiver=com.oppo.settings.MediaStreamVolumeDealReciever@42b6d0b0
D/ActivityThread(11450): BDC-RECEIVER handled : 0 / ReceiverData{intent=Intent { act=android.media.VOLUME_CHANGED_ACTION flg=0x10 cmp=com.android.settings/com.oppo.settings.MediaStreamVolumeDealReciever (has extras) } packageName=com.android.settings resultCode=-1 resultData=null resultExtras=null}
V/ActivityManager( 1909): Broadcast: Intent { act=android.media.VOLUME_CHANGED_ACTION flg=0x10 (has extras) } ordered=false userid=-1 callerApp=ProcessRecord{4272b1e0 1909:system/1000}
V/ActivityManager( 1909): Broadcast: Intent { act=android.media.VOLUME_CHANGED_ACTION flg=0x10 (has extras) } ordered=false userid=-1 callerApp=ProcessRecord{4272b1e0 1909:system/1000}
D/ActivityThread(11450): BDC-Calling onReceive: intent=Intent { act=android.media.VOLUME_CHANGED_ACTION flg=0x10 cmp=com.android.settings/com.oppo.settings.MediaStreamVolumeDealReciever (has extras) }, ordered=true, receiver=com.oppo.settings.MediaStreamVolumeDealReciever@42b6f388
D/ActivityThread(11450): BDC-RECEIVER handled : 0 / ReceiverData{intent=Intent { act=android.media.VOLUME_CHANGED_ACTION flg=0x10 cmp=com.android.settings/com.oppo.settings.MediaStreamVolumeDealReciever (has extras) } packageName=com.android.settings resultCode=-1 resultData=null resultExtras=null}
D/ActivityThread(11450): BDC-Calling onReceive: intent=Intent { act=android.media.VOLUME_CHANGED_ACTION flg=0x10 cmp=com.android.settings/com.oppo.settings.MediaStreamVolumeDealReciever (has extras) }, ordered=true, receiver=com.oppo.settings.MediaStreamVolumeDealReciever@42b71660
V/ActivityManager( 1909): Broadcast: Intent { act=android.media.VOLUME_CHANGED_ACTION flg=0x10 (has extras) } ordered=false userid=-1 callerApp=ProcessRecord{4272b1e0 1909:system/1000}
D/ActivityThread(11450): BDC-RECEIVER handled : 0 / ReceiverData{intent=Intent { act=android.media.VOLUME_CHANGED_ACTION flg=0x10 cmp=com.android.settings/com.oppo.settings.MediaStreamVolumeDealReciever (has extras) } packageName=com.android.settings resultCode=-1 resultData=null resultExtras=null}
D/ActivityThread(11450): BDC-Calling onReceive: intent=Intent { act=android.media.VOLUME_CHANGED_ACTION flg=0x10 cmp=com.android.settings/com.oppo.settings.MediaStreamVolumeDealReciever (has extras) }, ordered=true, receiver=com.oppo.settings.MediaStreamVolumeDealReciever@42b73938
V/ActivityManager( 1909): Broadcast: Intent { act=android.media.VOLUME_CHANGED_ACTION flg=0x10 (has extras) } ordered=false userid=-1 callerApp=ProcessRecord{4272b1e0 1909:system/1000}
D/ActivityThread(11450): BDC-RECEIVER handled : 0 / ReceiverData{intent=Intent { act=android.media.VOLUME_CHANGED_ACTION flg=0x10 cmp=com.android.settings/com.oppo.settings.MediaStreamVolumeDealReciever (has extras) } packageName=com.android.settings resultCode=-1 resultData=null resultExtras=null}
D/ActivityThread(11450): BDC-Calling onReceive: intent=Intent { act=android.media.VOLUME_CHANGED_ACTION flg=0x10 cmp=com.android.settings/com.oppo.settings.MediaStreamVolumeDealReciever (has extras) }, ordered=true, receiver=com.oppo.settings.MediaStreamVolumeDealReciever@42b75c10
V/ActivityManager( 1909): Broadcast: Intent { act=android.media.VOLUME_CHANGED_ACTION flg=0x10 (has extras) } ordered=false userid=-1 callerApp=ProcessRecord{4272b1e0 1909:system/1000}
D/ActivityThread(11450): BDC-RECEIVER handled : 0 / ReceiverData{intent=Intent { act=android.media.VOLUME_CHANGED_ACTION flg=0x10 cmp=com.android.settings/com.oppo.settings.MediaStreamVolumeDealReciever (has extras) } packageName=com.android.settings resultCode=-1 resultData=null resultExtras=null}
D/ActivityThread(11450): BDC-Calling onReceive: intent=Intent { act=android.media.VOLUME_CHANGED_ACTION flg=0x10 cmp=com.android.settings/com.oppo.settings.MediaStreamVolumeDealReciever (has extras) }, ordered=true, receiver=com.oppo.settings.MediaStreamVolumeDealReciever@42b77ee8
D/ActivityThread(11450): BDC-RECEIVER handled : 0 / ReceiverData{intent=Intent { act=android.media.VOLUME_CHANGED_ACTION flg=0x10 cmp=com.android.settings/com.oppo.settings.MediaStreamVolumeDealReciever (has extras) } packageName=com.android.settings resultCode=-1 resultData=null resultExtras=null}
V/ActivityManager( 1909): Broadcast: Intent { act=android.media.VOLUME_CHANGED_ACTION flg=0x10 (has extras) } ordered=false userid=-1 callerApp=ProcessRecord{4272b1e0 1909:system/1000}
D/ActivityThread(11450): BDC-Calling onReceive: intent=Intent { act=android.media.VOLUME_CHANGED_ACTION flg=0x10 cmp=com.android.settings/com.oppo.settings.MediaStreamVolumeDealReciever (has extras) }, ordered=true, receiver=com.oppo.settings.MediaStreamVolumeDealReciever@42b7a1c0
V/ActivityManager( 1909): Broadcast: Intent { act=android.media.VOLUME_CHANGED_ACTION flg=0x10 (has extras) } ordered=false userid=-1 callerApp=ProcessRecord{4272b1e0 1909:system/1000}
D/ActivityThread(11450): BDC-RECEIVER handled : 0 / ReceiverData{intent=Intent { act=android.media.VOLUME_CHANGED_ACTION flg=0x10 cmp=com.android.settings/com.oppo.settings.MediaStreamVolumeDealReciever (has extras) } packageName=com.android.settings resultCode=-1 resultData=null resultExtras=null}
D/ActivityThread(11450): BDC-Calling onReceive: intent=Intent { act=android.media.VOLUME_CHANGED_ACTION flg=0x10 cmp=com.android.settings/com.oppo.settings.MediaStreamVolumeDealReciever (has extras) }, ordered=true, receiver=com.oppo.settings.MediaStreamVolumeDealReciever@42b7c498
D/ActivityThread(11450): BDC-RECEIVER handled : 0 / ReceiverData{intent=Intent { act=android.media.VOLUME_CHANGED_ACTION flg=0x10 cmp=com.android.settings/com.oppo.settings.MediaStreamVolumeDealReciever (has extras) } packageName=com.android.settings resultCode=-1 resultData=null resultExtras=null}
V/ActivityManager( 1909): Broadcast: Intent { act=android.media.VOLUME_CHANGED_ACTION flg=0x10 (has extras) } ordered=false userid=-1 callerApp=ProcessRecord{4272b1e0 1909:system/1000}
V/ActivityManager( 1909): Broadcast: Intent { act=android.media.VOLUME_CHANGED_ACTION flg=0x10 (has extras) } ordered=false userid=-1 callerApp=ProcessRecord{4272b1e0 1909:system/1000}
D/ActivityThread(11450): BDC-Calling onReceive: intent=Intent { act=android.media.VOLUME_CHANGED_ACTION flg=0x10 cmp=com.android.settings/com.oppo.settings.MediaStreamVolumeDealReciever (has extras) }, ordered=true, receiver=com.oppo.settings.MediaStreamVolumeDealReciever@42b7e770
D/ActivityThread(11450): BDC-RECEIVER handled : 0 / ReceiverData{intent=Intent { act=android.media.VOLUME_CHANGED_ACTION flg=0x10 cmp=com.android.settings/com.oppo.settings.MediaStreamVolumeDealReciever (has extras) } packageName=com.android.settings resultCode=-1 resultData=null resultExtras=null}
D/ActivityThread(11450): BDC-Calling onReceive: intent=Intent { act=android.media.VOLUME_CHANGED_ACTION flg=0x10 cmp=com.android.settings/com.oppo.settings.MediaStreamVolumeDealReciever (has extras) }, ordered=true, receiver=com.oppo.settings.MediaStreamVolumeDealReciever@42b80a48
V/ActivityManager( 1909): Broadcast: Intent { act=android.media.VOLUME_CHANGED_ACTION flg=0x10 (has extras) } ordered=false userid=-1 callerApp=ProcessRecord{4272b1e0 1909:system/1000}
D/ActivityThread(11450): BDC-RECEIVER handled : 0 / ReceiverData{intent=Intent { act=android.media.VOLUME_CHANGED_ACTION flg=0x10 cmp=com.android.settings/com.oppo.settings.MediaStreamVolumeDealReciever (has extras) } packageName=com.android.settings resultCode=-1 resultData=null resultExtras=null}
D/ActivityThread(11450): BDC-Calling onReceive: intent=Intent { act=android.media.VOLUME_CHANGED_ACTION flg=0x10 cmp=com.android.settings/com.oppo.settings.MediaStreamVolumeDealReciever (has extras) }, ordered=true, receiver=com.oppo.settings.MediaStreamVolumeDealReciever@42b82d20
V/ActivityManager( 1909): Broadcast: Intent { act=android.media.VOLUME_CHANGED_ACTION flg=0x10 (has extras) } ordered=false userid=-1 callerApp=ProcessRecord{4272b1e0 1909:system/1000}
D/ActivityThread(11450): BDC-RECEIVER handled : 0 / ReceiverData{intent=Intent { act=android.media.VOLUME_CHANGED_ACTION flg=0x10 cmp=com.android.settings/com.oppo.settings.MediaStreamVolumeDealReciever (has extras) } packageName=com.android.settings resultCode=-1 resultData=null resultExtras=null}
D/ActivityThread(11450): BDC-Calling onReceive: intent=Intent { act=android.media.VOLUME_CHANGED_ACTION flg=0x10 cmp=com.android.settings/com.oppo.settings.MediaStreamVolumeDealReciever (has extras) }, ordered=true, receiver=com.oppo.settings.MediaStreamVolumeDealReciever@42b84ff8
V/ActivityManager( 1909): Broadcast: Intent { act=android.media.VOLUME_CHANGED_ACTION flg=0x10 (has extras) } ordered=false userid=-1 callerApp=ProcessRecord{4272b1e0 1909:system/1000}
D/ActivityThread(11450): BDC-RECEIVER handled : 0 / ReceiverData{intent=Intent { act=android.media.VOLUME_CHANGED_ACTION flg=0x10 cmp=com.android.settings/com.oppo.settings.MediaStreamVolumeDealReciever (has extras) } packageName=com.android.settings resultCode=-1 resultData=null resultExtras=null}
D/ActivityThread(11450): BDC-Calling onReceive: intent=Intent { act=android.media.VOLUME_CHANGED_ACTION flg=0x10 cmp=com.android.settings/com.oppo.settings.MediaStreamVolumeDealReciever (has extras) }, ordered=true, receiver=com.oppo.settings.MediaStreamVolumeDealReciever@42b872d0
V/ActivityManager( 1909): Broadcast: Intent { act=android.media.VOLUME_CHANGED_ACTION flg=0x10 (has extras) } ordered=false userid=-1 callerApp=ProcessRecord{4272b1e0 1909:system/1000}
D/ActivityThread(11450): BDC-RECEIVER handled : 0 / ReceiverData{intent=Intent { act=android.media.VOLUME_CHANGED_ACTION flg=0x10 cmp=com.android.settings/com.oppo.settings.MediaStreamVolumeDealReciever (has extras) } packageName=com.android.settings resultCode=-1 resultData=null resultExtras=null}
D/ActivityThread(11450): BDC-Calling onReceive: intent=Intent { act=android.media.VOLUME_CHANGED_ACTION flg=0x10 cmp=com.android.settings/com.oppo.settings.MediaStreamVolumeDealReciever (has extras) }, ordered=true, receiver=com.oppo.settings.MediaStreamVolumeDealReciever@42b895a8
V/ActivityManager( 1909): Broadcast: Intent { act=android.media.VOLUME_CHANGED_ACTION flg=0x10 (has extras) } ordered=false userid=-1 callerApp=ProcessRecord{4272b1e0 1909:system/1000}
D/ActivityThread(11450): BDC-RECEIVER handled : 0 / ReceiverData{intent=Intent { act=android.media.VOLUME_CHANGED_ACTION flg=0x10 cmp=com.android.settings/com.oppo.settings.MediaStreamVolumeDealReciever (has extras) } packageName=com.android.settings resultCode=-1 resultData=null resultExtras=null}
D/ActivityThread(11450): BDC-Calling onReceive: intent=Intent { act=android.media.VOLUME_CHANGED_ACTION flg=0x10 cmp=com.android.settings/com.oppo.settings.MediaStreamVolumeDealReciever (has extras) }, ordered=true, receiver=com.oppo.settings.MediaStreamVolumeDealReciever@42b8b880
D/ActivityThread(11450): BDC-RECEIVER handled : 0 / ReceiverData{intent=Intent { act=android.media.VOLUME_CHANGED_ACTION flg=0x10 cmp=com.android.settings/com.oppo.settings.MediaStreamVolumeDealReciever (has extras) } packageName=com.android.settings resultCode=-1 resultData=null resultExtras=null}
V/ActivityManager( 1909): Broadcast: Intent { act=android.media.VOLUME_CHANGED_ACTION flg=0x10 (has extras) } ordered=false userid=-1 callerApp=ProcessRecord{4272b1e0 1909:system/1000}
D/ActivityThread(11450): BDC-Calling onReceive: intent=Intent { act=android.media.VOLUME_CHANGED_ACTION flg=0x10 cmp=com.android.settings/com.oppo.settings.MediaStreamVolumeDealReciever (has extras) }, ordered=true, receiver=com.oppo.settings.MediaStreamVolumeDealReciever@42e72788
D/ActivityThread(11450): BDC-RECEIVER handled : 0 / ReceiverData{intent=Intent { act=android.media.VOLUME_CHANGED_ACTION flg=0x10 cmp=com.android.settings/com.oppo.settings.MediaStreamVolumeDealReciever (has extras) } packageName=com.android.settings resultCode=-1 resultData=null resultExtras=null}
V/ActivityManager( 1909): Broadcast: Intent { act=android.media.VOLUME_CHANGED_ACTION flg=0x10 (has extras) } ordered=false userid=-1 callerApp=ProcessRecord{4272b1e0 1909:system/1000}
D/ActivityThread(11450): BDC-Calling onReceive: intent=Intent { act=android.media.VOLUME_CHANGED_ACTION flg=0x10 cmp=com.android.settings/com.oppo.settings.MediaStreamVolumeDealReciever (has extras) }, ordered=true, receiver=com.oppo.settings.MediaStreamVolumeDealReciever@42e74a60
D/ActivityThread(11450): BDC-RECEIVER handled : 0 / ReceiverData{intent=Intent { act=android.media.VOLUME_CHANGED_ACTION flg=0x10 cmp=com.android.settings/com.oppo.settings.MediaStreamVolumeDealReciever (has extras) } packageName=com.android.settings resultCode=-1 resultData=null resultExtras=null}
V/ActivityManager( 1909): Broadcast: Intent { act=android.intent.action.MEDIA_BUTTON flg=0x10 cmp=com.oppo.music/.service.MediaButtonIntentReceiver (has extras) } ordered=true userid=0 callerApp=null
D/ActivityThread( 9264): BDC-Calling onReceive: intent=Intent { act=android.intent.action.MEDIA_BUTTON flg=0x10 cmp=com.oppo.music/.service.MediaButtonIntentReceiver (has extras) }, ordered=true, receiver=com.oppo.music.service.MediaButtonIntentReceiver@42aec548
D/ActivityThread( 9264): BDC-RECEIVER handled : 0 / ReceiverData{intent=Intent { act=android.intent.action.MEDIA_BUTTON flg=0x10 cmp=com.oppo.music/.service.MediaButtonIntentReceiver (has extras) } packageName=com.oppo.music resultCode=0 resultData=null resultExtras=null}
D/ActivityThread( 9264): SVC-SERVICE_ARGS handled : 0 / ServiceArgsData{token=android.os.BinderProxy@42aaeec8 startId=66 args=Intent { act=com.oppo.music.service.command cmp=com.oppo.music/.service.MediaPlaybackService (has extras) }}
V/ActivityManager( 1909): Broadcast: Intent { act=com.oppo.music.service.queue_changed flg=0x10 (has extras) } ordered=false userid=0 callerApp=ProcessRecord{438206f0 9264:com.oppo.music/u0a59}
D/DisplayManagerService( 1909): Display listener for pid 14124 died.
V/ActivityManager( 1909): Broadcast sticky: Intent { act=android.intent.action.ADDITIONAL_BATTERY_CHANGED flg=0x60000010 (has extras) } ordered=false userid=-1 callerApp=null
V/ActivityManager( 1909): Broadcast sticky: Intent { act=android.intent.action.BATTERY_CHANGED flg=0x60000010 (has extras) } ordered=false userid=-1 callerApp=null
V/ActivityManager( 1909): Broadcast sticky: Intent { act=android.intent.action.ADDITIONAL_BATTERY_CHANGED flg=0x60000010 (has extras) } ordered=false userid=-1 callerApp=null
V/ActivityManager( 1909): Broadcast sticky: Intent { act=android.intent.action.ADDITIONAL_BATTERY_CHANGED flg=0x60000010 (has extras) } ordered=false userid=-1 callerApp=null
D/WifiService( 1909): onReceive, action:android.intent.action.BATTERY_CHANGED
D/UsbDeviceManager( 1909): onReceive - BATTERY_CHANGED - mPlugType: 2, mSettingUsbCharging: false, mConnected: true, mSettingUsbBicr: false
D/WifiController( 1909): DeviceActiveState{ when=0 what=155652 arg1=2 target=com.android.internal.util.StateMachine$SmHandler target=Handler (com.android.internal.util.StateMachine$SmHandler) {43167268} }
D/WifiController( 1909): StaEnabledState{ when=0 what=155652 arg1=2 target=com.android.internal.util.StateMachine$SmHandler target=Handler (com.android.internal.util.StateMachine$SmHandler) {43167268} }
D/WifiController( 1909): DefaultState{ when=0 what=155652 arg1=2 target=com.android.internal.util.StateMachine$SmHandler target=Handler (com.android.internal.util.StateMachine$SmHandler) {43167268} }
D/WifiController( 1909): battery changed pluggedType: 2
D/ActivityThread( 4788): SVC-SERVICE_ARGS handled : 0 / ServiceArgsData{token=android.os.BinderProxy@426d9db0 startId=82 args=Intent { cmp=com.nearme.statistics.rom/.service.ReceiverService (has extras) }}
D/ActivityThread( 4788): SVC-SERVICE_ARGS handled : 0 / ServiceArgsData{token=android.os.BinderProxy@426d9db0 startId=83 args=Intent { cmp=com.nearme.statistics.rom/.service.ReceiverService (has extras) }}
V/ActivityManager( 1909): Broadcast sticky: Intent { act=android.intent.action.ADDITIONAL_BATTERY_CHANGED flg=0x60000010 (has extras) } ordered=false userid=-1 callerApp=null
V/ActivityManager( 1909): Broadcast sticky: Intent { act=android.intent.action.BATTERY_CHANGED flg=0x60000010 (has extras) } ordered=false userid=-1 callerApp=null
V/ActivityManager( 1909): Broadcast sticky: Intent { act=android.intent.action.ADDITIONAL_BATTERY_CHANGED flg=0x60000010 (has extras) } ordered=false userid=-1 callerApp=null
D/WifiService( 1909): onReceive, action:android.intent.action.BATTERY_CHANGED
D/UsbDeviceManager( 1909): onReceive - BATTERY_CHANGED - mPlugType: 2, mSettingUsbCharging: false, mConnected: true, mSettingUsbBicr: false
V/ActivityManager( 1909): Broadcast sticky: Intent { act=android.intent.action.ADDITIONAL_BATTERY_CHANGED flg=0x60000010 (has extras) } ordered=false userid=-1 callerApp=null
D/WifiController( 1909): DeviceActiveState{ when=-1ms what=155652 arg1=2 target=com.android.internal.util.StateMachine$SmHandler target=Handler (com.android.internal.util.StateMachine$SmHandler) {43167268} }
D/WifiController( 1909): StaEnabledState{ when=-1ms what=155652 arg1=2 target=com.android.internal.util.StateMachine$SmHandler target=Handler (com.android.internal.util.StateMachine$SmHandler) {43167268} }
D/WifiController( 1909): DefaultState{ when=-1ms what=155652 arg1=2 target=com.android.internal.util.StateMachine$SmHandler target=Handler (com.android.internal.util.StateMachine$SmHandler) {43167268} }
D/WifiController( 1909): battery changed pluggedType: 2
V/ActivityManager( 1909): Broadcast: Intent { act=android.intent.action.TIME_TICK flg=0x50000094 (has extras) } ordered=true userid=-1 callerApp=null
D/ActivityThread( 1909): BDC-Calling onReceive: intent=Intent { act=android.intent.action.TIME_TICK flg=0x50000094 (has extras) }, ordered=true, receiver=com.android.server.AlarmManagerService$ClockReceiver@429d07e0, IIntentReceiver=429a62f8
D/ActivityThread( 1909): BDC-Calling finishReceiver: IIntentReceiver=429a62f8
D/ActivityThread( 4469): BDC-Calling onReceive: intent=Intent { act=android.intent.action.TIME_TICK flg=0x50000094 (has extras) }, ordered=true, receiver=com.oppo.widget.smallweather.NormalWidgetUtil$1@429159c0, IIntentReceiver=428c7f98
V/ActivityManager( 1909): Broadcast sticky: Intent { act=android.intent.action.ADDITIONAL_BATTERY_CHANGED flg=0x60000010 (has extras) } ordered=false userid=-1 callerApp=null
V/ActivityManager( 1909): Broadcast sticky: Intent { act=android.intent.action.BATTERY_CHANGED flg=0x60000010 (has extras) } ordered=false userid=-1 callerApp=null
D/WifiService( 1909): onReceive, action:android.intent.action.BATTERY_CHANGED
D/UsbDeviceManager( 1909): onReceive - BATTERY_CHANGED - mPlugType: 2, mSettingUsbCharging: false, mConnected: true, mSettingUsbBicr: false
D/WifiController( 1909): DeviceActiveState{ when=-2ms what=155652 arg1=2 target=com.android.internal.util.StateMachine$SmHandler target=Handler (com.android.internal.util.StateMachine$SmHandler) {43167268} }
D/WifiController( 1909): StaEnabledState{ when=-2ms what=155652 arg1=2 target=com.android.internal.util.StateMachine$SmHandler target=Handler (com.android.internal.util.StateMachine$SmHandler) {43167268} }
D/WifiController( 1909): DefaultState{ when=-2ms what=155652 arg1=2 target=com.android.internal.util.StateMachine$SmHandler target=Handler (com.android.internal.util.StateMachine$SmHandler) {43167268} }
D/WifiController( 1909): battery changed pluggedType: 2
D/ActivityThread( 4469): BDC-Calling finishReceiver: IIntentReceiver=428c7f98
V/ActivityManager( 1909): Broadcast sticky: Intent { act=android.intent.action.ADDITIONAL_BATTERY_CHANGED flg=0x60000010 (has extras) } ordered=false userid=-1 callerApp=null
V/ActivityManager( 1909): Broadcast sticky: Intent { act=android.intent.action.ADDITIONAL_BATTERY_CHANGED flg=0x60000010 (has extras) } ordered=false userid=-1 callerApp=null
D/ActivityThread( 7434): BDC-Calling onReceive: intent=Intent { act=android.intent.action.TIME_TICK flg=0x50000094 (has extras) }, ordered=true, receiver=com.oppo.activation.ActivationService$ServiceBroadcastReceiver@42700d20, IIntentReceiver=42700d68
D/ActivityThread( 7434): BDC-Calling finishReceiver: IIntentReceiver=42700d68
D/ActivityThread( 7467): BDC-Calling onReceive: intent=Intent { act=android.intent.action.TIME_TICK flg=0x50000094 (has extras) }, ordered=true, receiver=com.tencent.tbs.common.baseinfo.TBSBroadcastReceiver$c@42aab7a8, IIntentReceiver=427150e8
D/ActivityThread( 7467): BDC-Calling finishReceiver: IIntentReceiver=427150e8
D/ActivityThread(12086): BDC-Calling onReceive: intent=Intent { act=android.intent.action.TIME_TICK flg=0x50000094 (has extras) }, ordered=true, receiver=dei$1@42793f60, IIntentReceiver=427944f0
D/ActivityManager( 1909): getContentProviderImpl: from caller=android.app.ApplicationThreadProxy@42f72188 (pid=12086, userId=0) to get content provider cn.wps.moffice_eng.preferences cpr=ContentProviderRecord{43917df8 u0 cn.wps.moffice_eng/cn.wps.moffice.persistence.AppDataProvider}
D/ActivityManager( 1909): getContentProviderImpl: updateLruProcessLocked cpr.proc=ProcessRecord{433de0b0 8695:cn.wps.moffice_eng/u0a86}
D/ActivityThread(12086): hoder:android.app.IActivityManager$ContentProviderHolder@4285cf40,provider,holder.Provider:android.content.ContentProviderProxy@4285d5a0
D/ActivityThread(12086): BDC-Calling finishReceiver: IIntentReceiver=427944f0
D/ActivityThread(12172): BDC-Calling onReceive: intent=Intent { act=android.intent.action.TIME_TICK flg=0x50000094 (has extras) }, ordered=true, receiver=com.oppo.lockutils.OppoLockUtils$1@426e3698, IIntentReceiver=426e5008
D/ActivityThread(12172): BDC-Calling finishReceiver: IIntentReceiver=426e5008
D/ActivityThread(12172): BDC-Calling onReceive: intent=Intent { act=android.intent.action.TIME_TICK flg=0x50000094 (has extras) }, ordered=true, receiver=com.android.keyguard.base.KeyguardUpdateMonitor$3@426f6de8, IIntentReceiver=426f8508
D/ActivityThread(12172): BDC-Calling finishReceiver: IIntentReceiver=426f8508
I/ANRManager( 1909): updateProcessStats
I/ANRManager( 1909): CPU update time < 2.5sec
V/ActivityManager( 1909): Broadcast sticky: Intent { act=android.intent.action.ADDITIONAL_BATTERY_CHANGED flg=0x60000010 (has extras) } ordered=false userid=-1 callerApp=null
V/ActivityManager( 1909): Broadcast sticky: Intent { act=android.intent.action.BATTERY_CHANGED flg=0x60000010 (has extras) } ordered=false userid=-1 callerApp=null
V/ActivityManager( 1909): Broadcast sticky: Intent { act=android.intent.action.ADDITIONAL_BATTERY_CHANGED flg=0x60000010 (has extras) } ordered=false userid=-1 callerApp=null
V/ActivityManager( 1909): Broadcast sticky: Intent { act=android.intent.action.ADDITIONAL_BATTERY_CHANGED flg=0x60000010 (has extras) } ordered=false userid=-1 callerApp=null
D/WifiService( 1909): onReceive, action:android.intent.action.BATTERY_CHANGED
D/WifiController( 1909): DeviceActiveState{ when=0 what=155652 arg1=2 target=com.android.internal.util.StateMachine$SmHandler target=Handler (com.android.internal.util.StateMachine$SmHandler) {43167268} }
D/WifiController( 1909): StaEnabledState{ when=0 what=155652 arg1=2 target=com.android.internal.util.StateMachine$SmHandler target=Handler (com.android.internal.util.StateMachine$SmHandler) {43167268} }
D/WifiController( 1909): DefaultState{ when=0 what=155652 arg1=2 target=com.android.internal.util.StateMachine$SmHandler target=Handler (com.android.internal.util.StateMachine$SmHandler) {43167268} }
D/WifiController( 1909): battery changed pluggedType: 2
D/UsbDeviceManager( 1909): onReceive - BATTERY_CHANGED - mPlugType: 2, mSettingUsbCharging: false, mConnected: true, mSettingUsbBicr: false
I/ANRManager( 1909): CPU update time < 2.5sec
I/thermal_repeater(  279): oh, queryMdThermalInfo (0)Bad file number
I/thermal_repeater(  279): [recvMdThermalInfo] ret=35, strLen=127,  0, 32767, -127, 28676, 32767, 1680
V/ActivityManager( 1909): Broadcast sticky: Intent { act=android.intent.action.ADDITIONAL_BATTERY_CHANGED flg=0x60000010 (has extras) } ordered=false userid=-1 callerApp=null
V/ActivityManager( 1909): Broadcast sticky: Intent { act=android.intent.action.BATTERY_CHANGED flg=0x60000010 (has extras) } ordered=false userid=-1 callerApp=null
D/WifiService( 1909): onReceive, action:android.intent.action.BATTERY_CHANGED
D/WifiController( 1909): DeviceActiveState{ when=0 what=155652 arg1=2 target=com.android.internal.util.StateMachine$SmHandler target=Handler (com.android.internal.util.StateMachine$SmHandler) {43167268} }
D/WifiController( 1909): StaEnabledState{ when=0 what=155652 arg1=2 target=com.android.internal.util.StateMachine$SmHandler target=Handler (com.android.internal.util.StateMachine$SmHandler) {43167268} }
D/WifiController( 1909): DefaultState{ when=0 what=155652 arg1=2 target=com.android.internal.util.StateMachine$SmHandler target=Handler (com.android.internal.util.StateMachine$SmHandler) {43167268} }
D/WifiController( 1909): battery changed pluggedType: 2
V/ActivityManager( 1909): Broadcast sticky: Intent { act=android.intent.action.ADDITIONAL_BATTERY_CHANGED flg=0x60000010 (has extras) } ordered=false userid=-1 callerApp=null
D/UsbDeviceManager( 1909): onReceive - BATTERY_CHANGED - mPlugType: 2, mSettingUsbCharging: false, mConnected: true, mSettingUsbBicr: false
V/ActivityManager( 1909): Broadcast sticky: Intent { act=android.intent.action.ADDITIONAL_BATTERY_CHANGED flg=0x60000010 (has extras) } ordered=false userid=-1 callerApp=null
D/ConnectivityService( 1909): getActiveNetworkInfo:NetworkInfo: type: WIFI[], state: CONNECTED/CONNECTED, reason: (unspecified), extra: "60_dev_01", roaming: false, failover: false, isAvailable: true, isConnectedToProvisioningNetwork: false, simId: 0/10082
D/ConnectivityService( 1909): getActiveNetworkInfo:NetworkInfo: type: WIFI[], state: CONNECTED/CONNECTED, reason: (unspecified), extra: "60_dev_01", roaming: false, failover: false, isAvailable: true, isConnectedToProvisioningNetwork: false, simId: 0/10082
D/ConnectivityService( 1909): getActiveNetworkInfo:NetworkInfo: type: WIFI[], state: CONNECTED/CONNECTED, reason: (unspecified), extra: "60_dev_01", roaming: false, failover: false, isAvailable: true, isConnectedToProvisioningNetwork: false, simId: 0/10082
I/NotificationService( 1909): enqueueToast pkg=com.sixty.nidoneClient callback=android.app.ITransientNotification$Stub$Proxy@42b76180 duration=0
D/NotificationService( 1909): Show pkg=com.sixty.nidoneClient callback=android.app.ITransientNotification$Stub$Proxy@42b76180
V/ActivityManager( 1909): Broadcast sticky: Intent { act=android.intent.action.ADDITIONAL_BATTERY_CHANGED flg=0x60000010 (has extras) } ordered=false userid=-1 callerApp=null
V/ActivityManager( 1909): Broadcast sticky: Intent { act=android.intent.action.BATTERY_CHANGED flg=0x60000010 (has extras) } ordered=false userid=-1 callerApp=null
V/ActivityManager( 1909): Broadcast sticky: Intent { act=android.intent.action.ADDITIONAL_BATTERY_CHANGED flg=0x60000010 (has extras) } ordered=false userid=-1 callerApp=null
V/ActivityManager( 1909): Broadcast sticky: Intent { act=android.intent.action.ADDITIONAL_BATTERY_CHANGED flg=0x60000010 (has extras) } ordered=false userid=-1 callerApp=null
D/WifiService( 1909): onReceive, action:android.intent.action.BATTERY_CHANGED
D/UsbDeviceManager( 1909): onReceive - BATTERY_CHANGED - mPlugType: 2, mSettingUsbCharging: false, mConnected: true, mSettingUsbBicr: false
D/WifiController( 1909): DeviceActiveState{ when=-1ms what=155652 arg1=2 target=com.android.internal.util.StateMachine$SmHandler target=Handler (com.android.internal.util.StateMachine$SmHandler) {43167268} }
D/WifiController( 1909): StaEnabledState{ when=-1ms what=155652 arg1=2 target=com.android.internal.util.StateMachine$SmHandler target=Handler (com.android.internal.util.StateMachine$SmHandler) {43167268} }
D/WifiController( 1909): DefaultState{ when=-1ms what=155652 arg1=2 target=com.android.internal.util.StateMachine$SmHandler target=Handler (com.android.internal.util.StateMachine$SmHandler) {43167268} }
D/WifiController( 1909): battery changed pluggedType: 2
D/NotificationService( 1909): Timeout pkg=com.sixty.nidoneClient callback=android.app.ITransientNotification$Stub$Proxy@42b76180
D/ConnectivityService( 1909): getActiveNetworkInfo:NetworkInfo: type: WIFI[], state: CONNECTED/CONNECTED, reason: (unspecified), extra: "60_dev_01", roaming: false, failover: false, isAvailable: true, isConnectedToProvisioningNetwork: false, simId: 0/10082
I/NotificationService( 1909): enqueueToast pkg=com.sixty.nidoneClient callback=android.app.ITransientNotification$Stub$Proxy@437fac58 duration=0
D/NotificationService( 1909): Show pkg=com.sixty.nidoneClient callback=android.app.ITransientNotification$Stub$Proxy@437fac58
V/ActivityManager( 1909): Broadcast sticky: Intent { act=android.intent.action.ADDITIONAL_BATTERY_CHANGED flg=0x60000010 (has extras) } ordered=false userid=-1 callerApp=null
V/ActivityManager( 1909): Broadcast sticky: Intent { act=android.intent.action.BATTERY_CHANGED flg=0x60000010 (has extras) } ordered=false userid=-1 callerApp=null
V/ActivityManager( 1909): Broadcast sticky: Intent { act=android.intent.action.ADDITIONAL_BATTERY_CHANGED flg=0x60000010 (has extras) } ordered=false userid=-1 callerApp=null
V/ActivityManager( 1909): Broadcast sticky: Intent { act=android.intent.action.ADDITIONAL_BATTERY_CHANGED flg=0x60000010 (has extras) } ordered=false userid=-1 callerApp=null
D/WifiService( 1909): onReceive, action:android.intent.action.BATTERY_CHANGED
D/UsbDeviceManager( 1909): onReceive - BATTERY_CHANGED - mPlugType: 2, mSettingUsbCharging: false, mConnected: true, mSettingUsbBicr: false
D/WifiController( 1909): DeviceActiveState{ when=0 what=155652 arg1=2 target=com.android.internal.util.StateMachine$SmHandler target=Handler (com.android.internal.util.StateMachine$SmHandler) {43167268} }
D/WifiController( 1909): StaEnabledState{ when=0 what=155652 arg1=2 target=com.android.internal.util.StateMachine$SmHandler target=Handler (com.android.internal.util.StateMachine$SmHandler) {43167268} }
D/WifiController( 1909): DefaultState{ when=0 what=155652 arg1=2 target=com.android.internal.util.StateMachine$SmHandler target=Handler (com.android.internal.util.StateMachine$SmHandler) {43167268} }
D/WifiController( 1909): battery changed pluggedType: 2
D/NotificationService( 1909): Timeout pkg=com.sixty.nidoneClient callback=android.app.ITransientNotification$Stub$Proxy@437fac58
D/ConnectivityService( 1909): getActiveNetworkInfo:NetworkInfo: type: WIFI[], state: CONNECTED/CONNECTED, reason: (unspecified), extra: "60_dev_01", roaming: false, failover: false, isAvailable: true, isConnectedToProvisioningNetwork: false, simId: 0/10082
D/ConnectivityService( 1909): getActiveNetworkInfo:NetworkInfo: type: WIFI[], state: CONNECTED/CONNECTED, reason: (unspecified), extra: "60_dev_01", roaming: false, failover: false, isAvailable: true, isConnectedToProvisioningNetwork: false, simId: 0/10082
I/NotificationService( 1909): enqueueToast pkg=com.sixty.nidoneClient callback=android.app.ITransientNotification$Stub$Proxy@43275b18 duration=0
D/NotificationService( 1909): Show pkg=com.sixty.nidoneClient callback=android.app.ITransientNotification$Stub$Proxy@43275b18
D/NotificationService( 1909): Timeout pkg=com.sixty.nidoneClient callback=android.app.ITransientNotification$Stub$Proxy@43275b18
D/ConnectivityService( 1909): getActiveNetworkInfo:NetworkInfo: type: WIFI[], state: CONNECTED/CONNECTED, reason: (unspecified), extra: "60_dev_01", roaming: false, failover: false, isAvailable: true, isConnectedToProvisioningNetwork: false, simId: 0/10082
D/ConnectivityService( 1909): getActiveNetworkInfo:NetworkInfo: type: WIFI[], state: CONNECTED/CONNECTED, reason: (unspecified), extra: "60_dev_01", roaming: false, failover: false, isAvailable: true, isConnectedToProvisioningNetwork: false, simId: 0/10082
D/ConnectivityService( 1909): getActiveNetworkInfo:NetworkInfo: type: WIFI[], state: CONNECTED/CONNECTED, reason: (unspecified), extra: "60_dev_01", roaming: false, failover: false, isAvailable: true, isConnectedToProvisioningNetwork: false, simId: 0/10082
V/ActivityManager( 1909): Broadcast sticky: Intent { act=android.intent.action.ADDITIONAL_BATTERY_CHANGED flg=0x60000010 (has extras) } ordered=false userid=-1 callerApp=null
V/ActivityManager( 1909): Broadcast sticky: Intent { act=android.intent.action.BATTERY_CHANGED flg=0x60000010 (has extras) } ordered=false userid=-1 callerApp=null
V/ActivityManager( 1909): Broadcast sticky: Intent { act=android.intent.action.ADDITIONAL_BATTERY_CHANGED flg=0x60000010 (has extras) } ordered=false userid=-1 callerApp=null
V/ActivityManager( 1909): Broadcast sticky: Intent { act=android.intent.action.ADDITIONAL_BATTERY_CHANGED flg=0x60000010 (has extras) } ordered=false userid=-1 callerApp=null
D/WifiService( 1909): onReceive, action:android.intent.action.BATTERY_CHANGED
D/UsbDeviceManager( 1909): onReceive - BATTERY_CHANGED - mPlugType: 2, mSettingUsbCharging: false, mConnected: true, mSettingUsbBicr: false
D/WifiController( 1909): DeviceActiveState{ when=0 what=155652 arg1=2 target=com.android.internal.util.StateMachine$SmHandler target=Handler (com.android.internal.util.StateMachine$SmHandler) {43167268} }
D/WifiController( 1909): StaEnabledState{ when=0 what=155652 arg1=2 target=com.android.internal.util.StateMachine$SmHandler target=Handler (com.android.internal.util.StateMachine$SmHandler) {43167268} }
D/WifiController( 1909): DefaultState{ when=0 what=155652 arg1=2 target=com.android.internal.util.StateMachine$SmHandler target=Handler (com.android.internal.util.StateMachine$SmHandler) {43167268} }
D/WifiController( 1909): battery changed pluggedType: 2
I/NotificationService( 1909): enqueueToast pkg=com.sixty.nidoneClient callback=android.app.ITransientNotification$Stub$Proxy@42eef1a8 duration=0
D/NotificationService( 1909): Show pkg=com.sixty.nidoneClient callback=android.app.ITransientNotification$Stub$Proxy@42eef1a8
D/NotificationService( 1909): Timeout pkg=com.sixty.nidoneClient callback=android.app.ITransientNotification$Stub$Proxy@42eef1a8
V/ActivityManager( 1909): Broadcast sticky: Intent { act=android.intent.action.ADDITIONAL_BATTERY_CHANGED flg=0x60000010 (has extras) } ordered=false userid=-1 callerApp=null
V/ActivityManager( 1909): Broadcast sticky: Intent { act=android.intent.action.BATTERY_CHANGED flg=0x60000010 (has extras) } ordered=false userid=-1 callerApp=null
V/ActivityManager( 1909): Broadcast sticky: Intent { act=android.intent.action.ADDITIONAL_BATTERY_CHANGED flg=0x60000010 (has extras) } ordered=false userid=-1 callerApp=null
D/WifiService( 1909): onReceive, action:android.intent.action.BATTERY_CHANGED
D/WifiController( 1909): DeviceActiveState{ when=0 what=155652 arg1=2 target=com.android.internal.util.StateMachine$SmHandler target=Handler (com.android.internal.util.StateMachine$SmHandler) {43167268} }
D/WifiController( 1909): StaEnabledState{ when=0 what=155652 arg1=2 target=com.android.internal.util.StateMachine$SmHandler target=Handler (com.android.internal.util.StateMachine$SmHandler) {43167268} }
D/WifiController( 1909): DefaultState{ when=0 what=155652 arg1=2 target=com.android.internal.util.StateMachine$SmHandler target=Handler (com.android.internal.util.StateMachine$SmHandler) {43167268} }
D/WifiController( 1909): battery changed pluggedType: 2
V/ActivityManager( 1909): Broadcast sticky: Intent { act=android.intent.action.ADDITIONAL_BATTERY_CHANGED flg=0x60000010 (has extras) } ordered=false userid=-1 callerApp=null
D/UsbDeviceManager( 1909): onReceive - BATTERY_CHANGED - mPlugType: 2, mSettingUsbCharging: false, mConnected: true, mSettingUsbBicr: false
