I/bt_gap_api.c( 6839): [GAP] btmtk_paired_dev_cache_find: addr=0xC9D195:0x48:0xF663
W/bt_gap_api.c( 6839): [GAP] btmtk_paired_dev_cache_find not found
I/BT_UTILS( 6839): btmtk_util_convert_bdaddr2array: addr=0xC9D195:0x48:0xF663
I/BT_UTILS( 6839): btmtk_util_convert_bdaddr2array: addr=0xF6:0x63:0x48:0xC9:0xD1:0x95
D/bt_gap_hdl.c( 6839): HAL bt_hal_cbacks->remote_device_properties_cb
D/BluetoothRemoteDevices( 6839): devicePropertyChangedCallback: bdDevice = F6:63:48:C9:D1:95
D/BluetoothRemoteDevices( 6839): devicePropertyChangedCallback: Acquire Lock - RemoteDevices.mObject
D/BluetoothRemoteDevices( 6839): Send Broadcast: Device Name
V/ActivityManager( 1909): Broadcast: Intent { act=android.bluetooth.device.action.NAME_CHANGED flg=0x4000010 (has extras) } ordered=false userid=0 callerApp=ProcessRecord{434d0b70 6839:com.android.bluetooth/1002}
D/BluetoothRemoteDevices( 6839): Remote Device name is: MI Band 2
D/BluetoothRemoteDevices( 6839): devicePropertyChangedCallback: Release Lock - RemoteDevices.mObject
I/bt_gap_hdl.c( 6839): ---[GAP] btmtk_handle_gap_message---!
I/BTIF_CORE( 6839): out profile[0] handler!
I/BTIF_CORE( 6839): [btif_task]:Start polling!
I/BTIF_CORE( 6839): [btif_task]:Polling returned!
I/BTIF_CORE( 6839): [btif_task]:Start retrieve data pollMemberCount=10!
I/BTIF_CORE( 6839): [btif_task]:fd 1 data ready!
I/BTIF_CORE( 6839): [btif_task]:pollData[i].fd data ready : revents = 0x1!
I/BTIF_CORE( 6839): in profile[0] handler!
I/BTIF_CORE( 6839): out profile[0] handler!
I/BTIF_CORE( 6839): in profile[21] handler!
D/BTIF_GATT_CLIENT( 6839): [GATT] gattc_handle_message
D/BTIF_GATT_CLIENT( 6839): [GATT] gattc_handle_message : msg_id=4005
D/BTIF_GATT_CLIENT( 6839): [GATT] findContextByContext
D/BTIF_GATT_CLIENT( 6839): [GATT] context[0] = 0xb7065a78 found
D/BTIF_GATT_CLIENT( 6839): [GATT] gattc_handle_scan_result_ind
I/BT_UTILS( 6839): btmtk_util_reverse_array: dest addr=0xF6:63:48:C9:D1:95
D/BtGatt.GattService( 6839): onScanResult() - address=F6:63:48:C9:D1:95, rssi=-89
D/BluetoothAdapter( 6876): onScanResult() - Device=F6:63:48:C9:D1:95 RSSI=-89
I/BTIF_CORE( 6839): out profile[21] handler!
I/BTIF_CORE( 6839): [btif_task]:Start polling!
I/BTIF_CORE( 6839): [btif_task]:Polling returned!
I/BTIF_CORE( 6839): [btif_task]:Start retrieve data pollMemberCount=10!
I/BTIF_CORE( 6839): [btif_task]:fd 1 data ready!
I/BTIF_CORE( 6839): [btif_task]:pollData[i].fd data ready : revents = 0x1!
I/BTIF_CORE( 6839): in profile[0] handler!
I/BTIF_CORE( 6839): out profile[0] handler!
I/BTIF_CORE( 6839): in profile[21] handler!
D/BTIF_GATT_CLIENT( 6839): [GATT] gattc_handle_message
D/BTIF_GATT_CLIENT( 6839): [GATT] gattc_handle_message : msg_id=4005
D/BTIF_GATT_CLIENT( 6839): [GATT] findContextByContext
D/BTIF_GATT_CLIENT( 6839): [GATT] context[0] = 0xb7065a78 found
D/BTIF_GATT_CLIENT( 6839): [GATT] gattc_handle_scan_result_ind
I/BT_UTILS( 6839): btmtk_util_reverse_array: dest addr=0x25:61:AF:2E:23:4C
D/BtGatt.GattService( 6839): onScanResult() - address=25:61:AF:2E:23:4C, rssi=-66
D/BluetoothAdapter( 6876): onScanResult() - Device=25:61:AF:2E:23:4C RSSI=-66
I/BTIF_CORE( 6839): out profile[21] handler!
I/BTIF_CORE( 6839): [btif_task]:Start polling!
D/WifiStateMachine( 1909): ConnectedState{ when=-3ms what=131155 arg1=11 target=com.android.internal.util.StateMachine$SmHandler target=Handler (com.android.internal.util.StateMachine$SmHandler) {43155f58} }
D/WifiStateMachine( 1909): L2ConnectedState{ when=-3ms what=131155 arg1=11 target=com.android.internal.util.StateMachine$SmHandler target=Handler (com.android.internal.util.StateMachine$SmHandler) {43155f58} }
D/WifiHW  ( 1909): enter -->wifi_send_command cmd=IFNAME=wlan0 SIGNAL_POLL
D/wpa_supplicant( 4185): RX ctrl_iface - hexdump(len=11): 53 49 47 4e 41 4c 5f 50 4f 4c 4c
D/wpa_supplicant( 4185): wlan0: Control interface command 'SIGNAL_POLL'
D/wpa_supplicant( 4185): nl80211: survey data missing!
D/wpa_supplicant( 4185): signal poll, reply_len=48
D/wpa_ctrl( 1909): reply_len=4095
D/WifiHW  ( 1909): leave --> reply=RSSI=-38
D/WifiHW  ( 1909): LINKSPEED=65
D/WifiHW  ( 1909): NOISE=9999
D/WifiHW  ( 1909): FREQUENCY=2412
D/WifiHW  ( 1909): 
D/wifi    ( 1909): doStringCommand, buf IFNAME=wlan0 SIGNAL_POLL
I/WifiStateMachine( 1909): fetchRssiAndLinkSpeedNative, newRssi:-38, newLinkSpeed:65, SSID:"60_dev_01"
D/WifiStateMachine( 1909): mRssiArray[0] = -40
D/WifiStateMachine( 1909): mRssiArray[1] = -40
D/WifiStateMachine( 1909): mRssiArray[2] = -41
D/WifiStateMachine( 1909): mRssiArray[3] = -41
D/WifiStateMachine( 1909): mRssiArray[4] = -40
D/WifiStateMachine( 1909): GetFilterRssi is : -38
D/WifiStateMachine( 1909): mLastSignalLevel:4, newSignalLevel:4
D/WifiStateMachine( 1909): fetchRssiAndLinkSpeedNative, ipAddr:-1711271764
I/BTIF_CORE( 6839): [btif_task]:Polling returned!
I/BTIF_CORE( 6839): [btif_task]:Start retrieve data pollMemberCount=10!
I/BTIF_CORE( 6839): [btif_task]:fd 1 data ready!
I/BTIF_CORE( 6839): [btif_task]:pollData[i].fd data ready : revents = 0x1!
I/BTIF_CORE( 6839): in profile[0] handler!
I/BTIF_CORE( 6839): out profile[0] handler!
I/BTIF_CORE( 6839): in profile[21] handler!
D/BTIF_GATT_CLIENT( 6839): [GATT] gattc_handle_message
D/BTIF_GATT_CLIENT( 6839): [GATT] gattc_handle_message : msg_id=4005
D/BTIF_GATT_CLIENT( 6839): [GATT] findContextByContext
D/BTIF_GATT_CLIENT( 6839): [GATT] context[0] = 0xb7065a78 found
D/BTIF_GATT_CLIENT( 6839): [GATT] gattc_handle_scan_result_ind
I/BT_UTILS( 6839): btmtk_util_reverse_array: dest addr=0x0D:DD:E8:44:BE:10
D/BtGatt.GattService( 6839): onScanResult() - address=0D:DD:E8:44:BE:10, rssi=-86
D/BluetoothAdapter( 6876): onScanResult() - Device=0D:DD:E8:44:BE:10 RSSI=-86
I/BTIF_CORE( 6839): out profile[21] handler!
I/BTIF_CORE( 6839): [btif_task]:Start polling!
D/dalvikvm( 6876): threadid=40: exiting
D/dalvikvm( 6876): threadid=40: bye!
I/BTIF_CORE( 6839): [btif_task]:Polling returned!
I/BTIF_CORE( 6839): [btif_task]:Start retrieve data pollMemberCount=10!
I/BTIF_CORE( 6839): [btif_task]:fd 1 data ready!
I/BTIF_CORE( 6839): [btif_task]:pollData[i].fd data ready : revents = 0x1!
I/BTIF_CORE( 6839): in profile[0] handler!
I/BTIF_CORE( 6839): out profile[0] handler!
I/BTIF_CORE( 6839): in profile[21] handler!
D/BTIF_GATT_CLIENT( 6839): [GATT] gattc_handle_message
D/BTIF_GATT_CLIENT( 6839): [GATT] gattc_handle_message : msg_id=4005
D/BTIF_GATT_CLIENT( 6839): [GATT] findContextByContext
D/BTIF_GATT_CLIENT( 6839): [GATT] context[0] = 0xb7065a78 found
D/BTIF_GATT_CLIENT( 6839): [GATT] gattc_handle_scan_result_ind
I/BT_UTILS( 6839): btmtk_util_reverse_array: dest addr=0x07:47:39:8D:71:38
D/BtGatt.GattService( 6839): onScanResult() - address=07:47:39:8D:71:38, rssi=-74
D/BluetoothAdapter( 6876): onScanResult() - Device=07:47:39:8D:71:38 RSSI=-74
I/BTIF_CORE( 6839): out profile[21] handler!
I/BTIF_CORE( 6839): [btif_task]:Start polling!
I/BTIF_CORE( 6839): [btif_task]:Polling returned!
I/BTIF_CORE( 6839): [btif_task]:Start retrieve data pollMemberCount=10!
I/BTIF_CORE( 6839): [btif_task]:fd 1 data ready!
I/BTIF_CORE( 6839): [btif_task]:pollData[i].fd data ready : revents = 0x1!
I/BTIF_CORE( 6839): in profile[0] handler!
I/BTIF_CORE( 6839): out profile[0] handler!
I/BTIF_CORE( 6839): in profile[21] handler!
D/BTIF_GATT_CLIENT( 6839): [GATT] gattc_handle_message
D/BTIF_GATT_CLIENT( 6839): [GATT] gattc_handle_message : msg_id=4005
D/BTIF_GATT_CLIENT( 6839): [GATT] findContextByContext
D/BTIF_GATT_CLIENT( 6839): [GATT] context[0] = 0xb7065a78 found
D/BTIF_GATT_CLIENT( 6839): [GATT] gattc_handle_scan_result_ind
I/BT_UTILS( 6839): btmtk_util_reverse_array: dest addr=0x00:48:12:7F:4A:D8
D/BtGatt.GattService( 6839): onScanResult() - address=00:48:12:7F:4A:D8, rssi=-84
D/BluetoothAdapter( 6876): onScanResult() - Device=00:48:12:7F:4A:D8 RSSI=-84
I/BTIF_CORE( 6839): out profile[21] handler!
I/BTIF_CORE( 6839): [btif_task]:Start polling!
D/BatteryService( 1909): mBatteryVoltage=4289, batteryLevel=50
V/ActivityManager( 1909): Broadcast sticky: Intent { act=android.intent.action.ADDITIONAL_BATTERY_CHANGED flg=0x60000010 (has extras) } ordered=false userid=-1 callerApp=null
V/ActivityManager( 1909): Broadcast sticky: Intent { act=android.intent.action.BATTERY_CHANGED flg=0x60000010 (has extras) } ordered=false userid=-1 callerApp=null
D/PowerSaveService( 4675): PowerSaveReceiver EXTRA_STATUS: status = 5, lastCharging = true
D/HeadsetStateMachine( 6839): Disconnected process message: 10
V/ActivityManager( 1909): Broadcast sticky: Intent { act=android.intent.action.ADDITIONAL_BATTERY_CHANGED flg=0x60000010 (has extras) } ordered=false userid=-1 callerApp=null
D/WifiService( 1909): onReceive, action:android.intent.action.BATTERY_CHANGED
V/ActivityManager( 1909): Broadcast sticky: Intent { act=android.intent.action.ADDITIONAL_BATTERY_CHANGED flg=0x60000010 (has extras) } ordered=false userid=-1 callerApp=null
D/UsbDeviceManager( 1909): onReceive - BATTERY_CHANGED - mPlugType: 2, mSettingUsbCharging: false, mConnected: true, mSettingUsbBicr: false
D/WifiController( 1909): DeviceActiveState{ when=0 what=155652 arg1=2 target=com.android.internal.util.StateMachine$SmHandler target=Handler (com.android.internal.util.StateMachine$SmHandler) {43167268} }
D/WifiController( 1909): StaEnabledState{ when=0 what=155652 arg1=2 target=com.android.internal.util.StateMachine$SmHandler target=Handler (com.android.internal.util.StateMachine$SmHandler) {43167268} }
D/WifiController( 1909): DefaultState{ when=0 what=155652 arg1=2 target=com.android.internal.util.StateMachine$SmHandler target=Handler (com.android.internal.util.StateMachine$SmHandler) {43167268} }
D/WifiController( 1909): battery changed pluggedType: 2
I/BTIF_CORE( 6839): [btif_task]:Polling returned!
I/BTIF_CORE( 6839): [btif_task]:Start retrieve data pollMemberCount=10!
I/BTIF_CORE( 6839): [btif_task]:fd 1 data ready!
I/BTIF_CORE( 6839): [btif_task]:pollData[i].fd data ready : revents = 0x1!
I/BTIF_CORE( 6839): in profile[0] handler!
I/BTIF_CORE( 6839): out profile[0] handler!
I/BTIF_CORE( 6839): in profile[21] handler!
D/BTIF_GATT_CLIENT( 6839): [GATT] gattc_handle_message
D/BTIF_GATT_CLIENT( 6839): [GATT] gattc_handle_message : msg_id=4005
D/BTIF_GATT_CLIENT( 6839): [GATT] findContextByContext
D/BTIF_GATT_CLIENT( 6839): [GATT] context[0] = 0xb7065a78 found
D/BTIF_GATT_CLIENT( 6839): [GATT] gattc_handle_scan_result_ind
I/BT_UTILS( 6839): btmtk_util_reverse_array: dest addr=0x45:35:E9:05:35:3C
D/BtGatt.GattService( 6839): onScanResult() - address=45:35:E9:05:35:3C, rssi=-93
D/BluetoothAdapter( 6876): onScanResult() - Device=45:35:E9:05:35:3C RSSI=-93
I/BTIF_CORE( 6839): out profile[21] handler!
I/BTIF_CORE( 6839): [btif_task]:Start polling!
D/WifiStateMachine( 1909): ConnectedState{ when=-1ms what=131155 arg1=11 target=com.android.internal.util.StateMachine$SmHandler target=Handler (com.android.internal.util.StateMachine$SmHandler) {43155f58} }
D/WifiStateMachine( 1909): L2ConnectedState{ when=-1ms what=131155 arg1=11 target=com.android.internal.util.StateMachine$SmHandler target=Handler (com.android.internal.util.StateMachine$SmHandler) {43155f58} }
D/WifiHW  ( 1909): enter -->wifi_send_command cmd=IFNAME=wlan0 SIGNAL_POLL
D/wpa_supplicant( 4185): RX ctrl_iface - hexdump(len=11): 53 49 47 4e 41 4c 5f 50 4f 4c 4c
D/wpa_supplicant( 4185): wlan0: Control interface command 'SIGNAL_POLL'
D/wpa_supplicant( 4185): nl80211: survey data missing!
D/wpa_supplicant( 4185): signal poll, reply_len=48
D/wpa_ctrl( 1909): reply_len=4095
D/WifiHW  ( 1909): leave --> reply=RSSI=-38
D/WifiHW  ( 1909): LINKSPEED=65
D/WifiHW  ( 1909): NOISE=9999
D/WifiHW  ( 1909): FREQUENCY=2412
D/WifiHW  ( 1909): 
D/wifi    ( 1909): doStringCommand, buf IFNAME=wlan0 SIGNAL_POLL
I/WifiStateMachine( 1909): fetchRssiAndLinkSpeedNative, newRssi:-38, newLinkSpeed:65, SSID:"60_dev_01"
D/WifiStateMachine( 1909): mRssiArray[0] = -40
D/WifiStateMachine( 1909): mRssiArray[1] = -38
D/WifiStateMachine( 1909): mRssiArray[2] = -41
D/WifiStateMachine( 1909): mRssiArray[3] = -41
D/WifiStateMachine( 1909): mRssiArray[4] = -40
D/WifiStateMachine( 1909): GetFilterRssi is : -38
D/WifiStateMachine( 1909): mLastSignalLevel:4, newSignalLevel:4
D/WifiStateMachine( 1909): fetchRssiAndLinkSpeedNative, ipAddr:-1711271764
I/BTIF_CORE( 6839): [btif_task]:Polling returned!
I/BTIF_CORE( 6839): [btif_task]:Start retrieve data pollMemberCount=10!
I/BTIF_CORE( 6839): [btif_task]:fd 1 data ready!
I/BTIF_CORE( 6839): [btif_task]:pollData[i].fd data ready : revents = 0x1!
I/BTIF_CORE( 6839): in profile[0] handler!
I/BTIF_CORE( 6839): out profile[0] handler!
I/BTIF_CORE( 6839): in profile[21] handler!
D/BTIF_GATT_CLIENT( 6839): [GATT] gattc_handle_message
D/BTIF_GATT_CLIENT( 6839): [GATT] gattc_handle_message : msg_id=4005
D/BTIF_GATT_CLIENT( 6839): [GATT] findContextByContext
D/BTIF_GATT_CLIENT( 6839): [GATT] context[0] = 0xb7065a78 found
D/BTIF_GATT_CLIENT( 6839): [GATT] gattc_handle_scan_result_ind
I/BT_UTILS( 6839): btmtk_util_reverse_array: dest addr=0x50:0D:BF:76:14:24
D/BtGatt.GattService( 6839): onScanResult() - address=50:0D:BF:76:14:24, rssi=-91
D/BluetoothAdapter( 6876): onScanResult() - Device=50:0D:BF:76:14:24 RSSI=-91
I/BTIF_CORE( 6839): out profile[21] handler!
I/BTIF_CORE( 6839): [btif_task]:Start polling!
I/BTIF_CORE( 6839): [btif_task]:Polling returned!
I/BTIF_CORE( 6839): [btif_task]:Start retrieve data pollMemberCount=10!
I/BTIF_CORE( 6839): [btif_task]:fd 1 data ready!
I/BTIF_CORE( 6839): [btif_task]:pollData[i].fd data ready : revents = 0x1!
I/BTIF_CORE( 6839): in profile[0] handler!
I/BTIF_CORE( 6839): out profile[0] handler!
I/BTIF_CORE( 6839): in profile[21] handler!
D/BTIF_GATT_CLIENT( 6839): [GATT] gattc_handle_message
D/BTIF_GATT_CLIENT( 6839): [GATT] gattc_handle_message : msg_id=4005
D/BTIF_GATT_CLIENT( 6839): [GATT] findContextByContext
D/BTIF_GATT_CLIENT( 6839): [GATT] context[0] = 0xb7065a78 found
D/BTIF_GATT_CLIENT( 6839): [GATT] gattc_handle_scan_result_ind
I/BT_UTILS( 6839): btmtk_util_reverse_array: dest addr=0x57:FB:12:14:36:29
D/BtGatt.GattService( 6839): onScanResult() - address=57:FB:12:14:36:29, rssi=-84
D/BluetoothAdapter( 6876): onScanResult() - Device=57:FB:12:14:36:29 RSSI=-84
I/BTIF_CORE( 6839): out profile[21] handler!
I/BTIF_CORE( 6839): [btif_task]:Start polling!
I/Process ( 1909): Sending signal. PID: 6876 SIG: 19
I/Process ( 1909): Sending signal. PID: 7921 SIG: 19
D/dalvikvm( 4619): create interp thread : stack size=128KB
D/dalvikvm( 4619): create new thread
D/dalvikvm( 4619): new thread created
D/dalvikvm( 4619): update thread list
D/dalvikvm( 4619): threadid=21: interp stack at 0x7c10e000
D/dalvikvm( 4619): threadid=21: created from interp
D/dalvikvm( 4619): start new thread
D/dalvikvm( 4619): threadid=21: notify debugger
D/dalvikvm( 4619): threadid=21 (Thread-472): calling run()
I/KSO_STAT( 4619): App is in background, stop update end time, ready to start a new session.
D/SQLiteDatabase( 4619): beginTransaction()
D/SQLiteDatabase( 4619): endTransaction()
D/dalvikvm( 4619): threadid=21: exiting
D/dalvikvm( 4619): threadid=21: bye!
I/BTIF_CORE( 6839): [btif_task]:Polling returned!
I/BTIF_CORE( 6839): [btif_task]:Start retrieve data pollMemberCount=10!
I/BTIF_CORE( 6839): [btif_task]:fd 1 data ready!
I/BTIF_CORE( 6839): [btif_task]:pollData[i].fd data ready : revents = 0x1!
I/BTIF_CORE( 6839): in profile[0] handler!
I/BTIF_CORE( 6839): out profile[0] handler!
I/BTIF_CORE( 6839): in profile[21] handler!
D/BTIF_GATT_CLIENT( 6839): [GATT] gattc_handle_message
D/BTIF_GATT_CLIENT( 6839): [GATT] gattc_handle_message : msg_id=4005
D/BTIF_GATT_CLIENT( 6839): [GATT] findContextByContext
D/BTIF_GATT_CLIENT( 6839): [GATT] context[0] = 0xb7065a78 found
D/BTIF_GATT_CLIENT( 6839): [GATT] gattc_handle_scan_result_ind
I/BT_UTILS( 6839): btmtk_util_reverse_array: dest addr=0x2B:69:1B:C5:11:4C
D/BtGatt.GattService( 6839): onScanResult() - address=2B:69:1B:C5:11:4C, rssi=-85
D/ADB_SERVICES( 8271): adb fdevent_process list (15) (21) 
D/ADB_SERVICES( 8271): recv: CNXN 01000000 00001000 0007 host::
D/ADB_SERVICES( 8271): adb: offline
D/ADB_SERVICES( 8271): (null): run_transport_disconnects fd: 24
W/ADB_SERVICES( 8271): entered. LS(851) fd=16
D/ADB_SERVICES( 8271): adb: online
D/ADB_SERVICES( 8271): Calling send_connect 
D/WifiStateMachine( 1909): ConnectedState{ when=-1ms what=131155 arg1=11 target=com.android.internal.util.StateMachine$SmHandler target=Handler (com.android.internal.util.StateMachine$SmHandler) {43155f58} }
D/WifiStateMachine( 1909): L2ConnectedState{ when=-2ms what=131155 arg1=11 target=com.android.internal.util.StateMachine$SmHandler target=Handler (com.android.internal.util.StateMachine$SmHandler) {43155f58} }
D/WifiHW  ( 1909): enter -->wifi_send_command cmd=IFNAME=wlan0 SIGNAL_POLL
D/wpa_supplicant( 4185): RX ctrl_iface - hexdump(len=11): 53 49 47 4e 41 4c 5f 50 4f 4c 4c
D/wpa_supplicant( 4185): wlan0: Control interface command 'SIGNAL_POLL'
D/wpa_supplicant( 4185): nl80211: survey data missing!
D/wpa_supplicant( 4185): signal poll, reply_len=48
D/wpa_ctrl( 1909): reply_len=4095
D/WifiHW  ( 1909): leave --> reply=RSSI=-39
D/WifiHW  ( 1909): LINKSPEED=65
D/WifiHW  ( 1909): NOISE=9999
D/WifiHW  ( 1909): FREQUENCY=2412
D/WifiHW  ( 1909): 
D/wifi    ( 1909): doStringCommand, buf IFNAME=wlan0 SIGNAL_POLL
I/WifiStateMachine( 1909): fetchRssiAndLinkSpeedNative, newRssi:-39, newLinkSpeed:65, SSID:"60_dev_01"
D/WifiStateMachine( 1909): mRssiArray[0] = -40
D/WifiStateMachine( 1909): mRssiArray[1] = -38
D/WifiStateMachine( 1909): mRssiArray[2] = -38
D/WifiStateMachine( 1909): mRssiArray[3] = -41
D/WifiStateMachine( 1909): mRssiArray[4] = -40
D/WifiStateMachine( 1909): GetFilterRssi is : -39
D/WifiStateMachine( 1909): mLastSignalLevel:4, newSignalLevel:4
D/WifiStateMachine( 1909): fetchRssiAndLinkSpeedNative, ipAddr:-1711271764
D/BatteryService( 1909): mBatteryVoltage=4296, batteryLevel=50
V/ActivityManager( 1909): Broadcast sticky: Intent { act=android.intent.action.ADDITIONAL_BATTERY_CHANGED flg=0x60000010 (has extras) } ordered=false userid=-1 callerApp=null
V/ActivityManager( 1909): Broadcast sticky: Intent { act=android.intent.action.BATTERY_CHANGED flg=0x60000010 (has extras) } ordered=false userid=-1 callerApp=null
D/PowerSaveService( 4675): PowerSaveReceiver EXTRA_STATUS: status = 5, lastCharging = true
D/HeadsetStateMachine( 6839): Disconnected process message: 10
V/ActivityManager( 1909): Broadcast sticky: Intent { act=android.intent.action.ADDITIONAL_BATTERY_CHANGED flg=0x60000010 (has extras) } ordered=false userid=-1 callerApp=null
D/WifiService( 1909): onReceive, action:android.intent.action.BATTERY_CHANGED
D/UsbDeviceManager( 1909): onReceive - BATTERY_CHANGED - mPlugType: 2, mSettingUsbCharging: false, mConnected: true, mSettingUsbBicr: false
V/ActivityManager( 1909): Broadcast sticky: Intent { act=android.intent.action.ADDITIONAL_BATTERY_CHANGED flg=0x60000010 (has extras) } ordered=false userid=-1 callerApp=null
D/WifiController( 1909): DeviceActiveState{ when=0 what=155652 arg1=2 target=com.android.internal.util.StateMachine$SmHandler target=Handler (com.android.internal.util.StateMachine$SmHandler) {43167268} }
D/WifiController( 1909): StaEnabledState{ when=0 what=155652 arg1=2 target=com.android.internal.util.StateMachine$SmHandler target=Handler (com.android.internal.util.StateMachine$SmHandler) {43167268} }
D/WifiController( 1909): DefaultState{ when=0 what=155652 arg1=2 target=com.android.internal.util.StateMachine$SmHandler target=Handler (com.android.internal.util.StateMachine$SmHandler) {43167268} }
D/WifiController( 1909): battery changed pluggedType: 2
V/Provider/Settings( 1909): get setting for user 0 by user 0 so skipping cache
V/Provider/Settings( 1909):  from settings cache , name = sys_free_storage_log_interval , value = null
V/Provider/Settings( 1909): get setting for user 0 by user 0 so skipping cache
V/Provider/Settings( 1909):  from settings cache , name = disk_free_change_reporting_threshold , value = null
D/PhoneInterfaceManagerEx( 4362): [PhoneIntfMgrEx] hasIccCard  simId=0
D/PhoneInterfaceManagerEx( 4362): [PhoneIntfMgrEx] hasIccCard  simId=1
D/AES     ( 1909): AEEIOCTL_RT_MON_Kick IOCTL,lParam=0. 
D/WifiStateMachine( 1909): ConnectedState{ when=-1ms what=131155 arg1=11 target=com.android.internal.util.StateMachine$SmHandler target=Handler (com.android.internal.util.StateMachine$SmHandler) {43155f58} }
D/WifiStateMachine( 1909): L2ConnectedState{ when=-1ms what=131155 arg1=11 target=com.android.internal.util.StateMachine$SmHandler target=Handler (com.android.internal.util.StateMachine$SmHandler) {43155f58} }
D/WifiHW  ( 1909): enter -->wifi_send_command cmd=IFNAME=wlan0 SIGNAL_POLL
D/wpa_supplicant( 4185): RX ctrl_iface - hexdump(len=11): 53 49 47 4e 41 4c 5f 50 4f 4c 4c
D/wpa_supplicant( 4185): wlan0: Control interface command 'SIGNAL_POLL'
D/wpa_supplicant( 4185): nl80211: survey data missing!
D/wpa_supplicant( 4185): signal poll, reply_len=48
D/wpa_ctrl( 1909): reply_len=4095
D/WifiHW  ( 1909): leave --> reply=RSSI=-39
D/WifiHW  ( 1909): LINKSPEED=65
D/WifiHW  ( 1909): NOISE=9999
D/WifiHW  ( 1909): FREQUENCY=2412
D/WifiHW  ( 1909): 
D/wifi    ( 1909): doStringCommand, buf IFNAME=wlan0 SIGNAL_POLL
I/WifiStateMachine( 1909): fetchRssiAndLinkSpeedNative, newRssi:-39, newLinkSpeed:65, SSID:"60_dev_01"
D/WifiStateMachine( 1909): mRssiArray[0] = -40
D/WifiStateMachine( 1909): mRssiArray[1] = -38
D/WifiStateMachine( 1909): mRssiArray[2] = -38
D/WifiStateMachine( 1909): mRssiArray[3] = -39
D/WifiStateMachine( 1909): mRssiArray[4] = -40
D/WifiStateMachine( 1909): GetFilterRssi is : -39
D/WifiStateMachine( 1909): mLastSignalLevel:4, newSignalLevel:4
D/WifiStateMachine( 1909): fetchRssiAndLinkSpeedNative, ipAddr:-1711271764
D/dalvikvm( 4619): create interp thread : stack size=128KB
D/dalvikvm( 4619): create new thread
D/dalvikvm( 4619): new thread created
D/dalvikvm( 4619): update thread list
D/dalvikvm( 4619): threadid=21: interp stack at 0x7c10e000
D/dalvikvm( 4619): threadid=21: created from interp
D/dalvikvm( 4619): start new thread
D/dalvikvm( 4619): threadid=21: notify debugger
D/dalvikvm( 4619): threadid=21 (Thread-473): calling run()
I/KSO_STAT( 4619): App is in background, stop update end time, ready to start a new session.
D/SQLiteDatabase( 4619): beginTransaction()
D/SQLiteDatabase( 4619): endTransaction()
D/dalvikvm( 4619): threadid=21: exiting
D/dalvikvm( 4619): threadid=21: bye!
D/ADB_SERVICES( 8271): recv: CNXN 01000000 00001000 0007 host::
D/ADB_SERVICES( 8271): adb: offline
D/ADB_SERVICES( 8271): (null): run_transport_disconnects fd: 24
D/ADB_SERVICES( 8271): adb: online
D/ADB_SERVICES( 8271): Calling send_connect 
W/ADB_SERVICES( 8271): create_local_service_socket() name=shell:wm size
W/ADB_SERVICES( 8271): service_to_fd() name=shell:wm size
W/ADB_SERVICES( 8271): read_meminfo() mem_free=203504
W/ADB_SERVICES( 8271): create_subprocess() ret_fd=15 pid=14755
W/ADB_SERVICES( 8271): LS(1086): bound to 'shell:wm size' via 15
D/ADB_SERVICES( 8271): adb local_socket_ready list (15) 
W/ADB_SERVICES( 8271): create_local_service_socket() name=shell:
W/ADB_SERVICES( 8271): service_to_fd() name=shell:
W/ADB_SERVICES( 8271): read_meminfo() mem_free=203504
W/ADB_SERVICES( 8271): create_subprocess() ret_fd=16 pid=14756
W/ADB_SERVICES( 8271): LS(1087): bound to 'shell:' via 16
W/ADB_SERVICES(14755): adb: unable to open /proc/14755/oom_adj
W/ADB_SERVICES(14756): adb: unable to open /proc/14756/oom_adj
D/ADB_SERVICES( 8271): adb socket read list (15) (16) 
D/ADB_SERVICES( 8271): read_data=5737
D/ADB_SERVICES( 8271): max_read_time=0.000525 max_send_time=0.000032 
D/AndroidRuntime(14755): 
D/AndroidRuntime(14755): >>>>>> AndroidRuntime START com.android.internal.os.RuntimeInit <<<<<<
D/AndroidRuntime(14755): CheckJNI is OFF
D/AndroidRuntime(14755): language=-Duser.language=zh region=-Duser.region=CN
D/dalvikvm(14755): boot class : 
D/dalvikvm(14755):   (0) core.jar
D/dalvikvm(14755):   (1) conscrypt.jar
D/dalvikvm(14755):   (2) okhttp.jar
D/dalvikvm(14755):   (3) core-junit.jar
D/dalvikvm(14755):   (4) bouncycastle.jar
D/dalvikvm(14755):   (5) ext.jar
D/dalvikvm(14755):   (6) framework.jar
D/dalvikvm(14755):   (7) framework2.jar
D/dalvikvm(14755):   (8) telephony-common.jar
D/dalvikvm(14755):   (9) voip-common.jar
D/dalvikvm(14755):   (10) mms-common.jar
D/dalvikvm(14755):   (11) android.policy.jar
D/dalvikvm(14755):   (12) services.jar
D/dalvikvm(14755):   (13) apache-xml.jar
D/dalvikvm(14755):   (14) webviewchromium.jar
D/dalvikvm(14755):   (15) mediatek-common.jar
D/dalvikvm(14755):   (16) mediatek-framework.jar
D/dalvikvm(14755):   (17) CustomProperties.jar
D/dalvikvm(14755):   (18) mediatek-telephony-common.jar
D/dalvikvm(14755):   (19) mediatek-tablet.jar
D/dalvikvm(14755):   (20) oppo-framework.jar
D/dalvikvm(14755):   (21) am.jar
D/dalvikvm(14755): threadid=1: interp stack at 0x6d9c0000
D/dalvikvm(14755): dvmJarFileOpen: /system/framework/core.jar
D/dalvikvm(14755): dvmJarFileOpen: /system/framework/conscrypt.jar
D/dalvikvm(14755): dvmJarFileOpen: /system/framework/okhttp.jar
D/ReserveFileInData(14761): Total_size = 12702646272 B = 12404928 KB = 12114 MB = 11 GB
D/ReserveFileInData(14761): Disk_free = 8943 MB = 8 GB
D/ReserveFileInData(14761): Disk_available = 8927 MB = 8 GB
D/ReserveFileInData(14761): availDataSize is 8927
D/dalvikvm(14755): dvmJarFileOpen: /system/framework/core-junit.jar
D/dalvikvm(14755): dvmJarFileOpen: /system/framework/bouncycastle.jar
D/dalvikvm(14755): dvmJarFileOpen: /system/framework/ext.jar
D/dalvikvm(14755): dvmJarFileOpen: /system/framework/framework.jar
D/dalvikvm(14755): dvmJarFileOpen: /system/framework/framework2.jar
D/dalvikvm(14755): dvmJarFileOpen: /system/framework/telephony-common.jar
D/dalvikvm(14755): dvmJarFileOpen: /system/framework/voip-common.jar
D/dalvikvm(14755): dvmJarFileOpen: /system/framework/mms-common.jar
D/dalvikvm(14755): dvmJarFileOpen: /system/framework/android.policy.jar
D/dalvikvm(14755): dvmJarFileOpen: /system/framework/services.jar
D/dalvikvm(14755): dvmJarFileOpen: /system/framework/apache-xml.jar
D/dalvikvm(14755): dvmJarFileOpen: /system/framework/webviewchromium.jar
D/dalvikvm(14755): dvmJarFileOpen: /system/framework/mediatek-common.jar
D/dalvikvm(14755): dvmJarFileOpen: /system/framework/mediatek-framework.jar
D/dalvikvm(14755): dvmJarFileOpen: /system/framework/CustomProperties.jar
D/dalvikvm(14755): dvmJarFileOpen: /system/framework/mediatek-telephony-common.jar
D/dalvikvm(14755): dvmJarFileOpen: /system/framework/mediatek-tablet.jar
D/dalvikvm(14755): dvmJarFileOpen: /system/framework/oppo-framework.jar
D/dalvikvm(14755): open_cached_dex_file : /system/framework/oppo-framework.jar /data/dalvik-cache/system@framework@oppo-framework.jar@classes.dex
D/dalvikvm(14755): process bootclasspath ex!!
D/dalvikvm(14755): dvmJarFileOpen: /system/framework/mediatek-op.jar
D/dalvikvm(14755): open_cached_dex_file : /system/framework/mediatek-op.jar /data/dalvik-cache/system@framework@mediatek-op.jar@classes.dex
D/dalvikvm(14755): Trying to load lib libjavacore.so 0x0
D/dalvikvm(14755): Added shared lib libjavacore.so 0x0
D/dalvikvm(14755): Trying to load lib libnativehelper.so 0x0
D/dalvikvm(14755): Added shared lib libnativehelper.so 0x0
D/dalvikvm(14755): No JNI_OnLoad found in libnativehelper.so 0x0, skipping init
D/dalvikvm(14755): +++ finishing prep on main VM thread
D/dalvikvm(14755): dvmJarFileOpen: /system/framework/wm.jar
I/dalvikvm(14755): DexOpt: mismatch dep name: '/data/dalvik-cache/system@framework@oppo-framework.jar@classes.dex' vs. '/system/framework/oppo-framework.odex'
D/dalvikvm(14755): == DexOpt: numDeps = 21
D/dalvikvm(14755): 0 : /system/framework/core.odex /system/framework/core.odex
D/dalvikvm(14755): 1 : /system/framework/conscrypt.odex /system/framework/conscrypt.odex
D/dalvikvm(14755): 2 : /system/framework/okhttp.odex /system/framework/okhttp.odex
D/dalvikvm(14755): 3 : /system/framework/core-junit.odex /system/framework/core-junit.odex
D/dalvikvm(14755): 4 : /system/framework/bouncycastle.odex /system/framework/bouncycastle.odex
D/dalvikvm(14755): 5 : /system/framework/ext.odex /system/framework/ext.odex
D/dalvikvm(14755): 6 : /system/framework/framework.odex /system/framework/framework.odex
D/dalvikvm(14755): 7 : /system/framework/framework2.odex /system/framework/framework2.odex
D/dalvikvm(14755): 8 : /system/framework/telephony-common.odex /system/framework/telephony-common.odex
D/dalvikvm(14755): 9 : /system/framework/voip-common.odex /system/framework/voip-common.odex
D/dalvikvm(14755): 10 : /system/framework/mms-common.odex /system/framework/mms-common.odex
D/dalvikvm(14755): 11 : /system/framework/android.policy.odex /system/framework/android.policy.odex
D/dalvikvm(14755): 12 : /system/framework/services.odex /system/framework/services.odex
D/dalvikvm(14755): 13 : /system/framework/apache-xml.odex /system/framework/apache-xml.odex
D/dalvikvm(14755): 14 : /system/framework/webviewchromium.odex /system/framework/webviewchromium.odex
D/dalvikvm(14755): 15 : /system/framework/mediatek-common.odex /system/framework/mediatek-common.odex
D/dalvikvm(14755): 16 : /system/framework/mediatek-framework.odex /system/framework/mediatek-framework.odex
D/dalvikvm(14755): 17 : /system/framework/CustomProperties.odex /system/framework/CustomProperties.odex
D/dalvikvm(14755): 18 : /system/framework/mediatek-telephony-common.odex /system/framework/mediatek-telephony-common.odex
D/dalvikvm(14755): 19 : /system/framework/mediatek-tablet.odex /system/framework/mediatek-tablet.odex
D/dalvikvm(14755): 20 : /system/framework/oppo-framework.odex /system/framework/oppo-framework.odex
D/dalvikvm(14755): 21 : NULL NULL
E/dalvikvm(14755): /system/framework/wm.jar odex has stale dependencies
D/dalvikvm(14755): open_cached_dex_file : /system/framework/wm.jar /data/dalvik-cache/system@framework@wm.jar@classes.dex
D/dalvikvm(14755): create interp thread : stack size=128KB
D/dalvikvm(14755): create new thread
D/dalvikvm(14755): new thread created
D/dalvikvm(14755): update thread list
D/dalvikvm(14755): threadid=2: interp stack at 0x72f09000
D/dalvikvm(14755): threadid=2: created from interp
D/dalvikvm(14755): start new thread
D/dalvikvm(14755): threadid=2: notify debugger
D/dalvikvm(14755): threadid=2 (ReferenceQueueDaemon): calling run()
D/dalvikvm(14755): create interp thread : stack size=128KB
D/dalvikvm(14755): create new thread
D/dalvikvm(14755): new thread created
D/dalvikvm(14755): update thread list
D/dalvikvm(14755): threadid=3: interp stack at 0x73029000
D/dalvikvm(14755): threadid=3: created from interp
D/dalvikvm(14755): start new thread
D/dalvikvm(14755): threadid=3: notify debugger
D/dalvikvm(14755): threadid=3 (FinalizerDaemon): calling run()
D/dalvikvm(14755): create interp thread : stack size=128KB
D/dalvikvm(14755): create new thread
D/dalvikvm(14755): new thread created
D/dalvikvm(14755): update thread list
D/dalvikvm(14755): threadid=4: interp stack at 0x73149000
D/dalvikvm(14755): threadid=4: created from interp
D/dalvikvm(14755): start new thread
D/dalvikvm(14755): threadid=4: notify debugger
D/dalvikvm(14755): threadid=4 (FinalizerWatchdogDaemon): calling run()
D/dalvikvm(14755): threadid=5: interp stack at 0x7336b000
D/dalvikvm(14755): threadid=6: interp stack at 0x7348c000
D/dalvikvm(14755): Elevating priority from 0 to -8
D/jdwp    (14755): prepping for JDWP over ADB
D/dalvikvm(14755): threadid=7: interp stack at 0x735af000
D/jdwp    (14755): JDWP: thread running
D/jdwp    (14755): trying to receive file descriptor from ADB
D/dalvikvm(14755): threadid=8: interp stack at 0x736d0000
D/ADB_SERVICES( 8271): Adding socket 25 pid 14755 to jdwp process list
D/dalvikvm(14755): Note: class Landroid/app/ActivityManagerNative; has 194 unimplemented (abstract) methods
E/memtrack(14755): Couldn't load memtrack module (No such file or directory)
E/android.os.Debug(14755): failed to load memtrack module: -2
D/AndroidRuntime(14755): Calling main entry com.android.commands.wm.Wm
D/dalvikvm(14755): threadid=9: interp stack at 0x73bb5000
D/dalvikvm(14755): threadid=10: interp stack at 0x73cd5000
D/ADB_SERVICES( 8271): adb fdevent_process list (21) (16) (12) (25) (15) 
D/AndroidRuntime(14755): Shutting down VM
D/dalvikvm(14755): threadid=1: bye!
D/dalvikvm(14755): DestroyJavaVM waiting for non-daemon threads to exit
D/dalvikvm(14755): threadid=1: interp stack at 0x73d12000
D/dalvikvm(14755): threadid=9: bye!
D/dalvikvm(14755): threadid=10: last non-daemon thread
D/dalvikvm(14755): threadid=10: bye!
D/dalvikvm(14755): DestroyJavaVM shutting VM down
D/dalvikvm(14755): VM shutting down
D/dalvikvm(14755): between the previous GC alloc  702K
D/dalvikvm(14755): GC_CONCURRENT freed 95K (978), 14% free 607K/704K, paused 1ms+0ms, total 4ms
D/dalvikvm(14755): threadid=5: bye!
D/jdwp    (14755): JDWP shutting down net...
D/jdwp    (14755): +++ writing to wakePipe
E/jdwp    (14755): jdwp::setsockopt(SO_SNDTIMEO)
E/jdwp    (14755): jdwp::setsockopt(SO_RCVTIMEO)
D/jdwp    (14755): JDWP: thread exiting
D/dalvikvm(14755): threadid=7: bye!
D/jdwp    (14755): JDWP freeing netstate...
W/ADB_SERVICES( 8271): terminating JDWP 14755 connection: Try again
D/ADB_SERVICES( 8271): remove pid 14755 to jdwp process list
I/dalvikvm(14755): threadid=6: ignore signal 3
D/dalvikvm(14755): threadid=6: bye!
D/dalvikvm(14755): 116 compilations using 4096 + 13044 bytes
D/dalvikvm(14755): Compiler arena uses 6 blocks (8100 bytes each)
D/dalvikvm(14755): Compiler work queue length is 0/11
D/dalvikvm(14755): JIT: table size is 4096, entries used is 124
D/dalvikvm(14755): JIT: 124 traces, 4096 slots, 4 chains, 40 thresh, Non-blocking
D/dalvikvm(14755): JIT: 72 Translation chains, 7 interp stubs
D/dalvikvm(14755): dalvik.vm.jit.op = 0-2,7,a,c,e-f,11-14,1c-1e,21,23,28,2c,32-39,44,46,48-49,4b,4d,50,52,54-55,59,62,70-71,8e,90,95-96,b0-b1,b5,d5,d8,da,dd,e0-e2,ee,f0-f2,f4-f6,f8,
D/dalvikvm(14755): Code size stats: 0/498 (compiled/total Dalvik), 0 (native)
D/dalvikvm(14755): Compiler thread shutting down
D/dalvikvm(14755): threadid=8: bye!
D/dalvikvm(14755): Compiler thread has shut down
D/dalvikvm(14755): threadid=1: suspending daemon id=4 name='FinalizerWatchdogDaemon'
D/dalvikvm(14755): threadid=1: suspending daemon id=3 name='FinalizerDaemon'
D/dalvikvm(14755): threadid=1: suspending daemon id=2 name='ReferenceQueueDaemon'
D/dalvikvm(14755): threadid=1: all daemons have suspended
D/dalvikvm(14755): VM cleaning up
D/dalvikvm(14755): LinearAlloc 0x0 used 1393748 of 33554432 (4%)
D/ADB_SERVICES( 8271):  closing because is_eof=1 r=-1 s->fde.force_eof=0
W/ADB_SERVICES( 8271): entered. LS(1086) fd=15
W/ADB_SERVICES( 8271): create_local_service_socket() name=shell:cat /proc/meminfo
W/ADB_SERVICES( 8271): service_to_fd() name=shell:cat /proc/meminfo
W/ADB_SERVICES( 8271): read_meminfo() mem_free=202292
W/ADB_SERVICES( 8271): create_subprocess() ret_fd=15 pid=14771
W/ADB_SERVICES( 8271): LS(1088): bound to 'shell:cat /proc/meminfo' via 15
W/ADB_SERVICES(14771): adb: unable to open /proc/14771/oom_adj
D/ADB_SERVICES( 8271):  closing because is_eof=1 r=-1 s->fde.force_eof=0
W/ADB_SERVICES( 8271): entered. LS(1088) fd=15
W/ADB_SERVICES( 8271): create_local_service_socket() name=shell:cat /system/build.prop
W/ADB_SERVICES( 8271): service_to_fd() name=shell:cat /system/build.prop
W/ADB_SERVICES( 8271): read_meminfo() mem_free=202348
W/ADB_SERVICES( 8271): create_subprocess() ret_fd=15 pid=14772
W/ADB_SERVICES( 8271): LS(1089): bound to 'shell:cat /system/build.prop' via 15
W/ADB_SERVICES(14772): adb: unable to open /proc/14772/oom_adj
D/ADB_SERVICES( 8271):  closing because is_eof=1 r=1 s->fde.force_eof=0
W/ADB_SERVICES( 8271): entered. LS(1089) fd=15
W/ADB_SERVICES( 8271): create_local_service_socket() name=shell:cat /proc/cpuinfo
W/ADB_SERVICES( 8271): service_to_fd() name=shell:cat /proc/cpuinfo
W/ADB_SERVICES( 8271): read_meminfo() mem_free=202292
W/ADB_SERVICES( 8271): create_subprocess() ret_fd=15 pid=14773
W/ADB_SERVICES( 8271): LS(1090): bound to 'shell:cat /proc/cpuinfo' via 15
W/ADB_SERVICES(14773): adb: unable to open /proc/14773/oom_adj
D/ADB_SERVICES( 8271):  closing because is_eof=1 r=-1 s->fde.force_eof=0
W/ADB_SERVICES( 8271): entered. LS(1090) fd=15
W/ADB_SERVICES( 8271): create_local_service_socket() name=shell:monkey -p com.sixty.nidoneClient --throttle 5 --ignore-timeouts --ignore-crashes --monitor-native-crashes -v -v -v 10000
W/ADB_SERVICES( 8271): service_to_fd() name=shell:monkey -p com.sixty.nidoneClient --throttle 5 --ignore-timeouts --ignore-crashes --monitor-native-crashes -v -v -v 10000
W/ADB_SERVICES( 8271): read_meminfo() mem_free=202292
W/ADB_SERVICES( 8271): create_subprocess() ret_fd=15 pid=14774
W/ADB_SERVICES( 8271): LS(1091): bound to 'shell:monkey -p com.sixty.nidoneClient --throttle 5 --ignore-timeouts --ignore-crashes --monitor-native-crashes -v -v -v 10000' via 15
W/ADB_SERVICES(14774): adb: unable to open /proc/14774/oom_adj
W/ADB_SERVICES( 8271): create_local_service_socket() name=shell:export ANDROID_LOG_TAGS="" ; exec logcat -d
W/ADB_SERVICES( 8271): service_to_fd() name=shell:export ANDROID_LOG_TAGS="" ; exec logcat -d
W/ADB_SERVICES( 8271): read_meminfo() mem_free=202356
W/ADB_SERVICES( 8271): create_subprocess() ret_fd=25 pid=14775
W/ADB_SERVICES( 8271): LS(1092): bound to 'shell:export ANDROID_LOG_TAGS="" ; exec logcat -d' via 25
W/ADB_SERVICES(14775): adb: unable to open /proc/14775/oom_adj
W/ADB_SERVICES( 8271): create_local_service_socket() name=shell:cat /data/anr/traces.txt
W/ADB_SERVICES( 8271): service_to_fd() name=shell:cat /data/anr/traces.txt
W/ADB_SERVICES( 8271): read_meminfo() mem_free=202400
W/ADB_SERVICES( 8271): create_subprocess() ret_fd=26 pid=14776
W/ADB_SERVICES( 8271): LS(1093): bound to 'shell:cat /data/anr/traces.txt' via 26
W/ADB_SERVICES(14776): adb: unable to open /proc/14776/oom_adj
D/ADB_SERVICES( 8271):  closing because is_eof=1 r=1 s->fde.force_eof=0
W/ADB_SERVICES( 8271): entered. LS(1093) fd=26
D/BatteryService( 1909): mBatteryVoltage=4300, batteryLevel=50
V/ActivityManager( 1909): Broadcast sticky: Intent { act=android.intent.action.ADDITIONAL_BATTERY_CHANGED flg=0x60000010 (has extras) } ordered=false userid=-1 callerApp=null
V/ActivityManager( 1909): Broadcast sticky: Intent { act=android.intent.action.BATTERY_CHANGED flg=0x60000010 (has extras) } ordered=false userid=-1 callerApp=null
D/PowerSaveService( 4675): PowerSaveReceiver EXTRA_STATUS: status = 5, lastCharging = true
D/HeadsetStateMachine( 6839): Disconnected process message: 10
V/ActivityManager( 1909): Broadcast sticky: Intent { act=android.intent.action.ADDITIONAL_BATTERY_CHANGED flg=0x60000010 (has extras) } ordered=false userid=-1 callerApp=null
D/WifiService( 1909): onReceive, action:android.intent.action.BATTERY_CHANGED
V/ActivityManager( 1909): Broadcast sticky: Intent { act=android.intent.action.ADDITIONAL_BATTERY_CHANGED flg=0x60000010 (has extras) } ordered=false userid=-1 callerApp=null
D/UsbDeviceManager( 1909): onReceive - BATTERY_CHANGED - mPlugType: 2, mSettingUsbCharging: false, mConnected: true, mSettingUsbBicr: false
D/WifiController( 1909): DeviceActiveState{ when=0 what=155652 arg1=2 target=com.android.internal.util.StateMachine$SmHandler target=Handler (com.android.internal.util.StateMachine$SmHandler) {43167268} }
D/WifiController( 1909): StaEnabledState{ when=0 what=155652 arg1=2 target=com.android.internal.util.StateMachine$SmHandler target=Handler (com.android.internal.util.StateMachine$SmHandler) {43167268} }
D/WifiController( 1909): DefaultState{ when=0 what=155652 arg1=2 target=com.android.internal.util.StateMachine$SmHandler target=Handler (com.android.internal.util.StateMachine$SmHandler) {43167268} }
D/WifiController( 1909): battery changed pluggedType: 2
D/AndroidRuntime(14774): 
D/AndroidRuntime(14774): >>>>>> AndroidRuntime START com.android.internal.os.RuntimeInit <<<<<<
D/AndroidRuntime(14774): CheckJNI is OFF
D/AndroidRuntime(14774): language=-Duser.language=zh region=-Duser.region=CN
D/dalvikvm(14774): boot class : 
D/dalvikvm(14774):   (0) core.jar
D/dalvikvm(14774):   (1) conscrypt.jar
D/dalvikvm(14774):   (2) okhttp.jar
D/dalvikvm(14774):   (3) core-junit.jar
D/dalvikvm(14774):   (4) bouncycastle.jar
D/dalvikvm(14774):   (5) ext.jar
D/dalvikvm(14774):   (6) framework.jar
D/dalvikvm(14774):   (7) framework2.jar
D/dalvikvm(14774):   (8) telephony-common.jar
D/dalvikvm(14774):   (9) voip-common.jar
D/dalvikvm(14774):   (10) mms-common.jar
D/dalvikvm(14774):   (11) android.policy.jar
D/dalvikvm(14774):   (12) services.jar
D/dalvikvm(14774):   (13) apache-xml.jar
D/dalvikvm(14774):   (14) webviewchromium.jar
D/dalvikvm(14774):   (15) mediatek-common.jar
D/dalvikvm(14774):   (16) mediatek-framework.jar
D/dalvikvm(14774):   (17) CustomProperties.jar
D/dalvikvm(14774):   (18) mediatek-telephony-common.jar
D/dalvikvm(14774):   (19) mediatek-tablet.jar
D/dalvikvm(14774):   (20) oppo-framework.jar
D/dalvikvm(14774):   (21) am.jar
D/dalvikvm(14774): threadid=1: interp stack at 0x6d98d000
D/dalvikvm(14774): dvmJarFileOpen: /system/framework/core.jar
D/dalvikvm(14774): dvmJarFileOpen: /system/framework/conscrypt.jar
D/dalvikvm(14774): dvmJarFileOpen: /system/framework/okhttp.jar
D/dalvikvm(14774): dvmJarFileOpen: /system/framework/core-junit.jar
D/dalvikvm(14774): dvmJarFileOpen: /system/framework/bouncycastle.jar
D/dalvikvm(14774): dvmJarFileOpen: /system/framework/ext.jar
D/ReserveFileInData(14777): Total_size = 12702646272 B = 12404928 KB = 12114 MB = 11 GB
D/ReserveFileInData(14777): Disk_free = 8943 MB = 8 GB
D/ReserveFileInData(14777): Disk_available = 8927 MB = 8 GB
D/ReserveFileInData(14777): availDataSize is 8927
D/dalvikvm(14774): dvmJarFileOpen: /system/framework/framework.jar
D/dalvikvm(14774): dvmJarFileOpen: /system/framework/framework2.jar
D/dalvikvm(14774): dvmJarFileOpen: /system/framework/telephony-common.jar
D/dalvikvm(14774): dvmJarFileOpen: /system/framework/voip-common.jar
D/dalvikvm(14774): dvmJarFileOpen: /system/framework/mms-common.jar
D/dalvikvm(14774): dvmJarFileOpen: /system/framework/android.policy.jar
D/dalvikvm(14774): dvmJarFileOpen: /system/framework/services.jar
D/dalvikvm(14774): dvmJarFileOpen: /system/framework/apache-xml.jar
D/dalvikvm(14774): dvmJarFileOpen: /system/framework/webviewchromium.jar
D/dalvikvm(14774): dvmJarFileOpen: /system/framework/mediatek-common.jar
D/dalvikvm(14774): dvmJarFileOpen: /system/framework/mediatek-framework.jar
D/dalvikvm(14774): dvmJarFileOpen: /system/framework/CustomProperties.jar
D/dalvikvm(14774): dvmJarFileOpen: /system/framework/mediatek-telephony-common.jar
D/dalvikvm(14774): dvmJarFileOpen: /system/framework/mediatek-tablet.jar
D/dalvikvm(14774): dvmJarFileOpen: /system/framework/oppo-framework.jar
D/dalvikvm(14774): open_cached_dex_file : /system/framework/oppo-framework.jar /data/dalvik-cache/system@framework@oppo-framework.jar@classes.dex
D/dalvikvm(14774): process bootclasspath ex!!
D/dalvikvm(14774): dvmJarFileOpen: /system/framework/mediatek-op.jar
D/dalvikvm(14774): open_cached_dex_file : /system/framework/mediatek-op.jar /data/dalvik-cache/system@framework@mediatek-op.jar@classes.dex
D/dalvikvm(14774): Trying to load lib libjavacore.so 0x0
D/dalvikvm(14774): Added shared lib libjavacore.so 0x0
D/dalvikvm(14774): Trying to load lib libnativehelper.so 0x0
D/dalvikvm(14774): Added shared lib libnativehelper.so 0x0
D/dalvikvm(14774): No JNI_OnLoad found in libnativehelper.so 0x0, skipping init
D/dalvikvm(14774): +++ finishing prep on main VM thread
D/dalvikvm(14774): dvmJarFileOpen: /system/framework/monkey.jar
I/dalvikvm(14774): DexOpt: mismatch dep name: '/data/dalvik-cache/system@framework@oppo-framework.jar@classes.dex' vs. '/system/framework/oppo-framework.odex'
D/dalvikvm(14774): == DexOpt: numDeps = 21
D/dalvikvm(14774): 0 : /system/framework/core.odex /system/framework/core.odex
D/dalvikvm(14774): 1 : /system/framework/conscrypt.odex /system/framework/conscrypt.odex
D/dalvikvm(14774): 2 : /system/framework/okhttp.odex /system/framework/okhttp.odex
D/dalvikvm(14774): 3 : /system/framework/core-junit.odex /system/framework/core-junit.odex
D/dalvikvm(14774): 4 : /system/framework/bouncycastle.odex /system/framework/bouncycastle.odex
D/dalvikvm(14774): 5 : /system/framework/ext.odex /system/framework/ext.odex
D/dalvikvm(14774): 6 : /system/framework/framework.odex /system/framework/framework.odex
D/dalvikvm(14774): 7 : /system/framework/framework2.odex /system/framework/framework2.odex
D/dalvikvm(14774): 8 : /system/framework/telephony-common.odex /system/framework/telephony-common.odex
D/dalvikvm(14774): 9 : /system/framework/voip-common.odex /system/framework/voip-common.odex
D/dalvikvm(14774): 10 : /system/framework/mms-common.odex /system/framework/mms-common.odex
D/dalvikvm(14774): 11 : /system/framework/android.policy.odex /system/framework/android.policy.odex
D/dalvikvm(14774): 12 : /system/framework/services.odex /system/framework/services.odex
D/dalvikvm(14774): 13 : /system/framework/apache-xml.odex /system/framework/apache-xml.odex
D/dalvikvm(14774): 14 : /system/framework/webviewchromium.odex /system/framework/webviewchromium.odex
D/dalvikvm(14774): 15 : /system/framework/mediatek-common.odex /system/framework/mediatek-common.odex
D/dalvikvm(14774): 16 : /system/framework/mediatek-framework.odex /system/framework/mediatek-framework.odex
D/dalvikvm(14774): 17 : /system/framework/CustomProperties.odex /system/framework/CustomProperties.odex
D/dalvikvm(14774): 18 : /system/framework/mediatek-telephony-common.odex /system/framework/mediatek-telephony-common.odex
D/dalvikvm(14774): 19 : /system/framework/mediatek-tablet.odex /system/framework/mediatek-tablet.odex
D/dalvikvm(14774): 20 : /system/framework/oppo-framework.odex /system/framework/oppo-framework.odex
D/dalvikvm(14774): 21 : NULL NULL
E/dalvikvm(14774): /system/framework/monkey.jar odex has stale dependencies
D/dalvikvm(14774): open_cached_dex_file : /system/framework/monkey.jar /data/dalvik-cache/system@framework@monkey.jar@classes.dex
D/dalvikvm(14774): create interp thread : stack size=128KB
D/dalvikvm(14774): create new thread
D/dalvikvm(14774): new thread created
D/dalvikvm(14774): update thread list
D/dalvikvm(14774): threadid=2: interp stack at 0x72efb000
D/dalvikvm(14774): threadid=2: created from interp
D/dalvikvm(14774): start new thread
D/dalvikvm(14774): threadid=2: notify debugger
D/dalvikvm(14774): threadid=2 (ReferenceQueueDaemon): calling run()
D/dalvikvm(14774): create interp thread : stack size=128KB
D/dalvikvm(14774): create new thread
D/dalvikvm(14774): new thread created
D/dalvikvm(14774): update thread list
D/dalvikvm(14774): threadid=3: interp stack at 0x7301b000
D/dalvikvm(14774): threadid=3: created from interp
D/dalvikvm(14774): start new thread
D/dalvikvm(14774): threadid=3: notify debugger
D/dalvikvm(14774): threadid=3 (FinalizerDaemon): calling run()
D/dalvikvm(14774): create interp thread : stack size=128KB
D/dalvikvm(14774): create new thread
D/dalvikvm(14774): new thread created
D/dalvikvm(14774): update thread list
D/dalvikvm(14774): threadid=4: interp stack at 0x7313b000
D/dalvikvm(14774): threadid=4: created from interp
D/dalvikvm(14774): start new thread
D/dalvikvm(14774): threadid=4: notify debugger
D/dalvikvm(14774): threadid=4 (FinalizerWatchdogDaemon): calling run()
D/dalvikvm(14774): threadid=5: interp stack at 0x7335b000
D/dalvikvm(14774): threadid=6: interp stack at 0x7347b000
D/dalvikvm(14774): Elevating priority from 0 to -8
D/jdwp    (14774): prepping for JDWP over ADB
D/dalvikvm(14774): threadid=7: interp stack at 0x7359b000
D/jdwp    (14774): JDWP: thread running
D/jdwp    (14774): trying to receive file descriptor from ADB
D/dalvikvm(14774): threadid=8: interp stack at 0x736bb000
D/ADB_SERVICES( 8271): Adding socket 26 pid 14774 to jdwp process list
D/dalvikvm(14774): Note: class Landroid/app/ActivityManagerNative; has 194 unimplemented (abstract) methods
