I/BTIF_CORE( 6839): [btif_task]:pollData[i].fd data ready : revents = 0x1!
I/BTIF_CORE( 6839): in profile[0] handler!
I/BTIF_CORE( 6839): out profile[0] handler!
I/BTIF_CORE( 6839): in profile[21] handler!
D/BTIF_GATT_CLIENT( 6839): [GATT] gattc_handle_message
D/BTIF_GATT_CLIENT( 6839): [GATT] gattc_handle_message : msg_id=4005
D/BTIF_GATT_CLIENT( 6839): [GATT] findContextByContext
D/BTIF_GATT_CLIENT( 6839): [GATT] context[2] = 0xb7065aa4 found
D/BTIF_GATT_CLIENT( 6839): [GATT] gattc_handle_scan_result_ind
I/BT_UTILS( 6839): btmtk_util_reverse_array: dest addr=0x45:35:E9:05:35:3C
D/BtGatt.GattService( 6839): onScanResult() - address=45:35:E9:05:35:3C, rssi=-89
I/BTIF_CORE( 6839): out profile[21] handler!
I/BTIF_CORE( 6839): [btif_task]:Start polling!
I/BTIF_CORE( 6839): [btif_task]:Polling returned!
I/BTIF_CORE( 6839): [btif_task]:Start retrieve data pollMemberCount=10!
I/BTIF_CORE( 6839): [btif_task]:fd 1 data ready!
I/BTIF_CORE( 6839): [btif_task]:pollData[i].fd data ready : revents = 0x1!
I/BTIF_CORE( 6839): in profile[0] handler!
I/BTIF_CORE( 6839): out profile[0] handler!
I/BTIF_CORE( 6839): in profile[21] handler!
D/BTIF_GATT_CLIENT( 6839): [GATT] gattc_handle_message
D/BTIF_GATT_CLIENT( 6839): [GATT] gattc_handle_message : msg_id=4005
D/BTIF_GATT_CLIENT( 6839): [GATT] findContextByContext
D/BTIF_GATT_CLIENT( 6839): [GATT] context[2] = 0xb7065aa4 found
D/BTIF_GATT_CLIENT( 6839): [GATT] gattc_handle_scan_result_ind
I/BT_UTILS( 6839): btmtk_util_reverse_array: dest addr=0x57:FB:12:14:36:29
D/BtGatt.GattService( 6839): onScanResult() - address=57:FB:12:14:36:29, rssi=-86
I/BTIF_CORE( 6839): out profile[21] handler!
I/BTIF_CORE( 6839): [btif_task]:Start polling!
I/BTIF_CORE( 6839): [btif_task]:Polling returned!
I/BTIF_CORE( 6839): [btif_task]:Start retrieve data pollMemberCount=10!
I/BTIF_CORE( 6839): [btif_task]:fd 1 data ready!
I/BTIF_CORE( 6839): [btif_task]:pollData[i].fd data ready : revents = 0x1!
I/BTIF_CORE( 6839): in profile[0] handler!
I/BTIF_CORE( 6839): out profile[0] handler!
I/BTIF_CORE( 6839): in profile[21] handler!
D/BTIF_GATT_CLIENT( 6839): [GATT] gattc_handle_message
D/BTIF_GATT_CLIENT( 6839): [GATT] gattc_handle_message : msg_id=4005
D/BTIF_GATT_CLIENT( 6839): [GATT] findContextByContext
D/BTIF_GATT_CLIENT( 6839): [GATT] context[2] = 0xb7065aa4 found
D/BTIF_GATT_CLIENT( 6839): [GATT] gattc_handle_scan_result_ind
I/BT_UTILS( 6839): btmtk_util_reverse_array: dest addr=0x33:E7:F0:80:0F:C7
D/BtGatt.GattService( 6839): onScanResult() - address=33:E7:F0:80:0F:C7, rssi=-67
I/BTIF_CORE( 6839): out profile[21] handler!
I/BTIF_CORE( 6839): [btif_task]:Start polling!
I/BTIF_CORE( 6839): [btif_task]:Polling returned!
I/BTIF_CORE( 6839): [btif_task]:Start retrieve data pollMemberCount=10!
I/BTIF_CORE( 6839): [btif_task]:fd 1 data ready!
I/BTIF_CORE( 6839): [btif_task]:pollData[i].fd data ready : revents = 0x1!
I/BTIF_CORE( 6839): in profile[0] handler!
I/BTIF_CORE( 6839): out profile[0] handler!
I/BTIF_CORE( 6839): in profile[21] handler!
D/BTIF_GATT_CLIENT( 6839): [GATT] gattc_handle_message
D/BTIF_GATT_CLIENT( 6839): [GATT] gattc_handle_message : msg_id=4005
D/BTIF_GATT_CLIENT( 6839): [GATT] findContextByContext
D/BTIF_GATT_CLIENT( 6839): [GATT] context[2] = 0xb7065aa4 found
D/BTIF_GATT_CLIENT( 6839): [GATT] gattc_handle_scan_result_ind
I/BT_UTILS( 6839): btmtk_util_reverse_array: dest addr=0x0D:DD:E8:44:BE:10
D/BtGatt.GattService( 6839): onScanResult() - address=0D:DD:E8:44:BE:10, rssi=-91
I/BTIF_CORE( 6839): out profile[21] handler!
I/BTIF_CORE( 6839): [btif_task]:Start polling!
I/BTIF_CORE( 6839): [btif_task]:Polling returned!
I/BTIF_CORE( 6839): [btif_task]:Start retrieve data pollMemberCount=10!
I/BTIF_CORE( 6839): [btif_task]:fd 1 data ready!
I/BTIF_CORE( 6839): [btif_task]:pollData[i].fd data ready : revents = 0x1!
I/BTIF_CORE( 6839): in profile[0] handler!
I/BTIF_CORE( 6839): out profile[0] handler!
I/BTIF_CORE( 6839): in profile[21] handler!
D/BTIF_GATT_CLIENT( 6839): [GATT] gattc_handle_message
D/BTIF_GATT_CLIENT( 6839): [GATT] gattc_handle_message : msg_id=4005
D/BTIF_GATT_CLIENT( 6839): [GATT] findContextByContext
D/BTIF_GATT_CLIENT( 6839): [GATT] context[2] = 0xb7065aa4 found
D/BTIF_GATT_CLIENT( 6839): [GATT] gattc_handle_scan_result_ind
I/BT_UTILS( 6839): btmtk_util_reverse_array: dest addr=0x3F:99:BA:D4:CF:80
D/BtGatt.GattService( 6839): onScanResult() - address=3F:99:BA:D4:CF:80, rssi=-71
I/BTIF_CORE( 6839): out profile[21] handler!
I/BTIF_CORE( 6839): [btif_task]:Start polling!
I/BTIF_CORE( 6839): [btif_task]:Polling returned!
I/BTIF_CORE( 6839): [btif_task]:Start retrieve data pollMemberCount=10!
I/BTIF_CORE( 6839): [btif_task]:fd 1 data ready!
I/BTIF_CORE( 6839): [btif_task]:pollData[i].fd data ready : revents = 0x1!
I/BTIF_CORE( 6839): in profile[0] handler!
I/BTIF_CORE( 6839): out profile[0] handler!
I/BTIF_CORE( 6839): in profile[21] handler!
D/BTIF_GATT_CLIENT( 6839): [GATT] gattc_handle_message
D/BTIF_GATT_CLIENT( 6839): [GATT] gattc_handle_message : msg_id=4005
D/BTIF_GATT_CLIENT( 6839): [GATT] findContextByContext
D/BTIF_GATT_CLIENT( 6839): [GATT] context[2] = 0xb7065aa4 found
D/BTIF_GATT_CLIENT( 6839): [GATT] gattc_handle_scan_result_ind
I/BT_UTILS( 6839): btmtk_util_reverse_array: dest addr=0x07:47:39:8D:71:38
D/BtGatt.GattService( 6839): onScanResult() - address=07:47:39:8D:71:38, rssi=-85
I/BTIF_CORE( 6839): out profile[21] handler!
I/BTIF_CORE( 6839): [btif_task]:Start polling!
I/BTIF_CORE( 6839): [btif_task]:Polling returned!
I/BTIF_CORE( 6839): [btif_task]:Start retrieve data pollMemberCount=10!
I/BTIF_CORE( 6839): [btif_task]:fd 1 data ready!
I/BTIF_CORE( 6839): [btif_task]:pollData[i].fd data ready : revents = 0x1!
I/BTIF_CORE( 6839): in profile[0] handler!
I/BTIF_CORE( 6839): out profile[0] handler!
I/BTIF_CORE( 6839): in profile[21] handler!
D/BTIF_GATT_CLIENT( 6839): [GATT] gattc_handle_message
D/BTIF_GATT_CLIENT( 6839): [GATT] gattc_handle_message : msg_id=4005
D/BTIF_GATT_CLIENT( 6839): [GATT] findContextByContext
D/BTIF_GATT_CLIENT( 6839): [GATT] context[2] = 0xb7065aa4 found
D/BTIF_GATT_CLIENT( 6839): [GATT] gattc_handle_scan_result_ind
I/BT_UTILS( 6839): btmtk_util_reverse_array: dest addr=0x25:61:AF:2E:23:4C
D/BtGatt.GattService( 6839): onScanResult() - address=25:61:AF:2E:23:4C, rssi=-64
I/BTIF_CORE( 6839): out profile[21] handler!
I/BTIF_CORE( 6839): [btif_task]:Start polling!
I/BTIF_CORE( 6839): [btif_task]:Polling returned!
I/BTIF_CORE( 6839): [btif_task]:Start retrieve data pollMemberCount=10!
I/BTIF_CORE( 6839): [btif_task]:fd 1 data ready!
I/BTIF_CORE( 6839): [btif_task]:pollData[i].fd data ready : revents = 0x1!
I/BTIF_CORE( 6839): in profile[0] handler!
I/BTIF_CORE( 6839): out profile[0] handler!
I/BTIF_CORE( 6839): in profile[21] handler!
D/BTIF_GATT_CLIENT( 6839): [GATT] gattc_handle_message
D/BTIF_GATT_CLIENT( 6839): [GATT] gattc_handle_message : msg_id=4005
D/BTIF_GATT_CLIENT( 6839): [GATT] findContextByContext
D/BTIF_GATT_CLIENT( 6839): [GATT] context[2] = 0xb7065aa4 found
D/BTIF_GATT_CLIENT( 6839): [GATT] gattc_handle_scan_result_ind
I/BT_UTILS( 6839): btmtk_util_reverse_array: dest addr=0x0E:A1:FE:0F:CD:1F
D/BtGatt.GattService( 6839): onScanResult() - address=0E:A1:FE:0F:CD:1F, rssi=-91
I/BTIF_CORE( 6839): out profile[21] handler!
I/BTIF_CORE( 6839): [btif_task]:Start polling!
I/BTIF_CORE( 6839): [btif_task]:Polling returned!
I/BTIF_CORE( 6839): [btif_task]:Start retrieve data pollMemberCount=10!
I/BTIF_CORE( 6839): [btif_task]:fd 1 data ready!
I/BTIF_CORE( 6839): [btif_task]:pollData[i].fd data ready : revents = 0x1!
I/BTIF_CORE( 6839): in profile[0] handler!
I/BTIF_CORE( 6839): out profile[0] handler!
I/BTIF_CORE( 6839): in profile[21] handler!
D/BTIF_GATT_CLIENT( 6839): [GATT] gattc_handle_message
D/BTIF_GATT_CLIENT( 6839): [GATT] gattc_handle_message : msg_id=4005
D/BTIF_GATT_CLIENT( 6839): [GATT] findContextByContext
D/BTIF_GATT_CLIENT( 6839): [GATT] context[2] = 0xb7065aa4 found
D/BTIF_GATT_CLIENT( 6839): [GATT] gattc_handle_scan_result_ind
I/BT_UTILS( 6839): btmtk_util_reverse_array: dest addr=0x2B:69:1B:C5:11:4C
D/BtGatt.GattService( 6839): onScanResult() - address=2B:69:1B:C5:11:4C, rssi=-68
I/BTIF_CORE( 6839): out profile[21] handler!
I/BTIF_CORE( 6839): [btif_task]:Start polling!
I/BTIF_CORE( 6839): [btif_task]:Polling returned!
I/BTIF_CORE( 6839): [btif_task]:Start retrieve data pollMemberCount=10!
I/BTIF_CORE( 6839): [btif_task]:fd 1 data ready!
I/BTIF_CORE( 6839): [btif_task]:pollData[i].fd data ready : revents = 0x1!
I/BTIF_CORE( 6839): in profile[0] handler!
I/BTIF_CORE( 6839): out profile[0] handler!
I/BTIF_CORE( 6839): in profile[21] handler!
D/BTIF_GATT_CLIENT( 6839): [GATT] gattc_handle_message
D/BTIF_GATT_CLIENT( 6839): [GATT] gattc_handle_message : msg_id=4005
D/BTIF_GATT_CLIENT( 6839): [GATT] findContextByContext
D/BTIF_GATT_CLIENT( 6839): [GATT] context[2] = 0xb7065aa4 found
D/BTIF_GATT_CLIENT( 6839): [GATT] gattc_handle_scan_result_ind
I/BT_UTILS( 6839): btmtk_util_reverse_array: dest addr=0xF6:63:48:C9:D1:95
D/BtGatt.GattService( 6839): onScanResult() - address=F6:63:48:C9:D1:95, rssi=-95
I/BTIF_CORE( 6839): out profile[21] handler!
I/BTIF_CORE( 6839): [btif_task]:Start polling!
I/BTIF_CORE( 6839): [btif_task]:Polling returned!
I/BTIF_CORE( 6839): [btif_task]:Start retrieve data pollMemberCount=10!
I/BTIF_CORE( 6839): [btif_task]:fd 1 data ready!
I/BTIF_CORE( 6839): [btif_task]:pollData[i].fd data ready : revents = 0x1!
I/BTIF_CORE( 6839): in profile[0] handler!
I/BTIF_CORE( 6839): out profile[0] handler!
I/BTIF_CORE( 6839): in profile[21] handler!
D/BTIF_GATT_CLIENT( 6839): [GATT] gattc_handle_message
D/BTIF_GATT_CLIENT( 6839): [GATT] gattc_handle_message : msg_id=4005
D/BTIF_GATT_CLIENT( 6839): [GATT] findContextByContext
D/BTIF_GATT_CLIENT( 6839): [GATT] context[2] = 0xb7065aa4 found
D/BTIF_GATT_CLIENT( 6839): [GATT] gattc_handle_scan_result_ind
I/BT_UTILS( 6839): btmtk_util_reverse_array: dest addr=0x4F:A6:55:BE:87:01
D/BtGatt.GattService( 6839): onScanResult() - address=4F:A6:55:BE:87:01, rssi=-79
I/BTIF_CORE( 6839): out profile[21] handler!
I/BTIF_CORE( 6839): [btif_task]:Start polling!
I/BTIF_CORE( 6839): [btif_task]:Polling returned!
I/BTIF_CORE( 6839): [btif_task]:Start retrieve data pollMemberCount=10!
I/BTIF_CORE( 6839): [btif_task]:fd 1 data ready!
I/BTIF_CORE( 6839): [btif_task]:pollData[i].fd data ready : revents = 0x1!
I/BTIF_CORE( 6839): in profile[0] handler!
I/BTIF_CORE( 6839): out profile[0] handler!
I/BTIF_CORE( 6839): in profile[21] handler!
D/BTIF_GATT_CLIENT( 6839): [GATT] gattc_handle_message
D/BTIF_GATT_CLIENT( 6839): [GATT] gattc_handle_message : msg_id=4005
D/BTIF_GATT_CLIENT( 6839): [GATT] findContextByContext
D/BTIF_GATT_CLIENT( 6839): [GATT] context[2] = 0xb7065aa4 found
D/BTIF_GATT_CLIENT( 6839): [GATT] gattc_handle_scan_result_ind
I/BT_UTILS( 6839): btmtk_util_reverse_array: dest addr=0x42:D7:9F:83:E7:38
D/BtGatt.GattService( 6839): onScanResult() - address=42:D7:9F:83:E7:38, rssi=-71
I/BTIF_CORE( 6839): out profile[21] handler!
I/BTIF_CORE( 6839): [btif_task]:Start polling!
I/BTIF_CORE( 6839): [btif_task]:Polling returned!
I/BTIF_CORE( 6839): [btif_task]:Start retrieve data pollMemberCount=10!
I/BTIF_CORE( 6839): [btif_task]:fd 1 data ready!
I/BTIF_CORE( 6839): [btif_task]:pollData[i].fd data ready : revents = 0x1!
I/BTIF_CORE( 6839): in profile[0] handler!
I/BTIF_CORE( 6839): out profile[0] handler!
I/BTIF_CORE( 6839): in profile[21] handler!
D/BTIF_GATT_CLIENT( 6839): [GATT] gattc_handle_message
D/BTIF_GATT_CLIENT( 6839): [GATT] gattc_handle_message : msg_id=4005
D/BTIF_GATT_CLIENT( 6839): [GATT] findContextByContext
D/BTIF_GATT_CLIENT( 6839): [GATT] context[2] = 0xb7065aa4 found
D/BTIF_GATT_CLIENT( 6839): [GATT] gattc_handle_scan_result_ind
I/BT_UTILS( 6839): btmtk_util_reverse_array: dest addr=0x45:35:E9:05:35:3C
D/BtGatt.GattService( 6839): onScanResult() - address=45:35:E9:05:35:3C, rssi=-93
I/BTIF_CORE( 6839): out profile[21] handler!
I/BTIF_CORE( 6839): [btif_task]:Start polling!
I/BTIF_CORE( 6839): [btif_task]:Polling returned!
I/BTIF_CORE( 6839): [btif_task]:Start retrieve data pollMemberCount=10!
I/BTIF_CORE( 6839): [btif_task]:fd 1 data ready!
I/BTIF_CORE( 6839): [btif_task]:pollData[i].fd data ready : revents = 0x1!
I/BTIF_CORE( 6839): in profile[0] handler!
I/BTIF_CORE( 6839): out profile[0] handler!
I/BTIF_CORE( 6839): in profile[21] handler!
D/BTIF_GATT_CLIENT( 6839): [GATT] gattc_handle_message
D/BTIF_GATT_CLIENT( 6839): [GATT] gattc_handle_message : msg_id=4005
D/BTIF_GATT_CLIENT( 6839): [GATT] findContextByContext
D/BTIF_GATT_CLIENT( 6839): [GATT] context[2] = 0xb7065aa4 found
D/BTIF_GATT_CLIENT( 6839): [GATT] gattc_handle_scan_result_ind
I/BT_UTILS( 6839): btmtk_util_reverse_array: dest addr=0x00:48:12:7F:4A:D8
D/BtGatt.GattService( 6839): onScanResult() - address=00:48:12:7F:4A:D8, rssi=-67
I/BTIF_CORE( 6839): out profile[21] handler!
I/BTIF_CORE( 6839): [btif_task]:Start polling!
I/BTIF_CORE( 6839): [btif_task]:Polling returned!
I/BTIF_CORE( 6839): [btif_task]:Start retrieve data pollMemberCount=10!
I/BTIF_CORE( 6839): [btif_task]:fd 1 data ready!
I/BTIF_CORE( 6839): [btif_task]:pollData[i].fd data ready : revents = 0x1!
I/BTIF_CORE( 6839): in profile[0] handler!
I/BTIF_CORE( 6839): out profile[0] handler!
I/BTIF_CORE( 6839): in profile[21] handler!
D/BTIF_GATT_CLIENT( 6839): [GATT] gattc_handle_message
D/BTIF_GATT_CLIENT( 6839): [GATT] gattc_handle_message : msg_id=4005
D/BTIF_GATT_CLIENT( 6839): [GATT] findContextByContext
D/BTIF_GATT_CLIENT( 6839): [GATT] context[2] = 0xb7065aa4 found
D/BTIF_GATT_CLIENT( 6839): [GATT] gattc_handle_scan_result_ind
D/dalvikvm( 5381): between the previous GC alloc  6276K
I/BT_UTILS( 6839): btmtk_util_reverse_array: dest addr=0x33:E7:F0:80:0F:C7
D/BtGatt.GattService( 6839): onScanResult() - address=33:E7:F0:80:0F:C7, rssi=-68
I/BTIF_CORE( 6839): out profile[21] handler!
I/BTIF_CORE( 6839): [btif_task]:Start polling!
I/BTIF_CORE( 6839): [btif_task]:Polling returned!
I/BTIF_CORE( 6839): [btif_task]:Start retrieve data pollMemberCount=10!
I/BTIF_CORE( 6839): [btif_task]:fd 1 data ready!
I/BTIF_CORE( 6839): [btif_task]:pollData[i].fd data ready : revents = 0x1!
I/BTIF_CORE( 6839): in profile[0] handler!
I/BTIF_CORE( 6839): out profile[0] handler!
I/BTIF_CORE( 6839): in profile[21] handler!
D/BTIF_GATT_CLIENT( 6839): [GATT] gattc_handle_message
D/BTIF_GATT_CLIENT( 6839): [GATT] gattc_handle_message : msg_id=4005
D/BTIF_GATT_CLIENT( 6839): [GATT] findContextByContext
D/BTIF_GATT_CLIENT( 6839): [GATT] context[2] = 0xb7065aa4 found
D/BTIF_GATT_CLIENT( 6839): [GATT] gattc_handle_scan_result_ind
I/BT_UTILS( 6839): btmtk_util_reverse_array: dest addr=0x0D:DD:E8:44:BE:10
D/BtGatt.GattService( 6839): onScanResult() - address=0D:DD:E8:44:BE:10, rssi=-90
I/BTIF_CORE( 6839): out profile[21] handler!
I/BTIF_CORE( 6839): [btif_task]:Start polling!
I/BTIF_CORE( 6839): [btif_task]:Polling returned!
I/BTIF_CORE( 6839): [btif_task]:Start retrieve data pollMemberCount=10!
I/BTIF_CORE( 6839): [btif_task]:fd 1 data ready!
I/BTIF_CORE( 6839): [btif_task]:pollData[i].fd data ready : revents = 0x1!
I/BTIF_CORE( 6839): in profile[0] handler!
I/BTIF_CORE( 6839): out profile[0] handler!
I/BTIF_CORE( 6839): in profile[21] handler!
D/BTIF_GATT_CLIENT( 6839): [GATT] gattc_handle_message
D/BTIF_GATT_CLIENT( 6839): [GATT] gattc_handle_message : msg_id=4005
D/BTIF_GATT_CLIENT( 6839): [GATT] findContextByContext
D/BTIF_GATT_CLIENT( 6839): [GATT] context[2] = 0xb7065aa4 found
D/BTIF_GATT_CLIENT( 6839): [GATT] gattc_handle_scan_result_ind
I/BT_UTILS( 6839): btmtk_util_reverse_array: dest addr=0x57:FB:12:14:36:29
D/BtGatt.GattService( 6839): onScanResult() - address=57:FB:12:14:36:29, rssi=-89
I/BTIF_CORE( 6839): out profile[21] handler!
I/BTIF_CORE( 6839): [btif_task]:Start polling!
I/BTIF_CORE( 6839): [btif_task]:Polling returned!
I/BTIF_CORE( 6839): [btif_task]:Start retrieve data pollMemberCount=10!
I/BTIF_CORE( 6839): [btif_task]:fd 1 data ready!
I/BTIF_CORE( 6839): [btif_task]:pollData[i].fd data ready : revents = 0x1!
I/BTIF_CORE( 6839): in profile[0] handler!
I/BTIF_CORE( 6839): out profile[0] handler!
I/BTIF_CORE( 6839): in profile[21] handler!
D/BTIF_GATT_CLIENT( 6839): [GATT] gattc_handle_message
D/BTIF_GATT_CLIENT( 6839): [GATT] gattc_handle_message : msg_id=4005
D/BTIF_GATT_CLIENT( 6839): [GATT] findContextByContext
D/BTIF_GATT_CLIENT( 6839): [GATT] context[2] = 0xb7065aa4 found
D/BTIF_GATT_CLIENT( 6839): [GATT] gattc_handle_scan_result_ind
I/BT_UTILS( 6839): btmtk_util_reverse_array: dest addr=0x07:47:39:8D:71:38
D/BtGatt.GattService( 6839): onScanResult() - address=07:47:39:8D:71:38, rssi=-69
I/BTIF_CORE( 6839): out profile[21] handler!
I/BTIF_CORE( 6839): [btif_task]:Start polling!
I/BTIF_CORE( 6839): [btif_task]:Polling returned!
I/BTIF_CORE( 6839): [btif_task]:Start retrieve data pollMemberCount=10!
I/BTIF_CORE( 6839): [btif_task]:fd 1 data ready!
I/BTIF_CORE( 6839): [btif_task]:pollData[i].fd data ready : revents = 0x1!
I/BTIF_CORE( 6839): in profile[0] handler!
I/BTIF_CORE( 6839): out profile[0] handler!
I/BTIF_CORE( 6839): in profile[21] handler!
D/BTIF_GATT_CLIENT( 6839): [GATT] gattc_handle_message
D/BTIF_GATT_CLIENT( 6839): [GATT] gattc_handle_message : msg_id=4005
D/BTIF_GATT_CLIENT( 6839): [GATT] findContextByContext
D/BTIF_GATT_CLIENT( 6839): [GATT] context[2] = 0xb7065aa4 found
D/BTIF_GATT_CLIENT( 6839): [GATT] gattc_handle_scan_result_ind
I/BT_UTILS( 6839): btmtk_util_reverse_array: dest addr=0x25:61:AF:2E:23:4C
D/BtGatt.GattService( 6839): onScanResult() - address=25:61:AF:2E:23:4C, rssi=-59
I/BTIF_CORE( 6839): out profile[21] handler!
I/BTIF_CORE( 6839): [btif_task]:Start polling!
I/BTIF_CORE( 6839): [btif_task]:Polling returned!
I/BTIF_CORE( 6839): [btif_task]:Start retrieve data pollMemberCount=10!
I/BTIF_CORE( 6839): [btif_task]:fd 1 data ready!
I/BTIF_CORE( 6839): [btif_task]:pollData[i].fd data ready : revents = 0x1!
I/BTIF_CORE( 6839): in profile[0] handler!
I/BTIF_CORE( 6839): out profile[0] handler!
I/BTIF_CORE( 6839): in profile[21] handler!
D/BTIF_GATT_CLIENT( 6839): [GATT] gattc_handle_message
D/BTIF_GATT_CLIENT( 6839): [GATT] gattc_handle_message : msg_id=4005
D/BTIF_GATT_CLIENT( 6839): [GATT] findContextByContext
D/BTIF_GATT_CLIENT( 6839): [GATT] context[2] = 0xb7065aa4 found
D/BTIF_GATT_CLIENT( 6839): [GATT] gattc_handle_scan_result_ind
I/BT_UTILS( 6839): btmtk_util_reverse_array: dest addr=0x0E:A1:FE:0F:CD:1F
D/BtGatt.GattService( 6839): onScanResult() - address=0E:A1:FE:0F:CD:1F, rssi=-94
I/BTIF_CORE( 6839): out profile[21] handler!
I/BTIF_CORE( 6839): [btif_task]:Start polling!
I/BTIF_CORE( 6839): [btif_task]:Polling returned!
I/BTIF_CORE( 6839): [btif_task]:Start retrieve data pollMemberCount=10!
I/BTIF_CORE( 6839): [btif_task]:fd 1 data ready!
I/BTIF_CORE( 6839): [btif_task]:pollData[i].fd data ready : revents = 0x1!
I/BTIF_CORE( 6839): in profile[0] handler!
I/BTIF_CORE( 6839): out profile[0] handler!
I/BTIF_CORE( 6839): in profile[21] handler!
D/BTIF_GATT_CLIENT( 6839): [GATT] gattc_handle_message
D/BTIF_GATT_CLIENT( 6839): [GATT] gattc_handle_message : msg_id=4005
D/BTIF_GATT_CLIENT( 6839): [GATT] findContextByContext
D/BTIF_GATT_CLIENT( 6839): [GATT] context[2] = 0xb7065aa4 found
D/BTIF_GATT_CLIENT( 6839): [GATT] gattc_handle_scan_result_ind
I/BT_UTILS( 6839): btmtk_util_reverse_array: dest addr=0x2B:69:1B:C5:11:4C
D/BtGatt.GattService( 6839): onScanResult() - address=2B:69:1B:C5:11:4C, rssi=-64
I/BTIF_CORE( 6839): out profile[21] handler!
I/BTIF_CORE( 6839): [btif_task]:Start polling!
I/BTIF_CORE( 6839): [btif_task]:Polling returned!
I/BTIF_CORE( 6839): [btif_task]:Start retrieve data pollMemberCount=10!
I/BTIF_CORE( 6839): [btif_task]:fd 1 data ready!
I/BTIF_CORE( 6839): [btif_task]:pollData[i].fd data ready : revents = 0x1!
I/BTIF_CORE( 6839): in profile[0] handler!
I/BTIF_CORE( 6839): out profile[0] handler!
I/BTIF_CORE( 6839): in profile[21] handler!
D/BTIF_GATT_CLIENT( 6839): [GATT] gattc_handle_message
D/BTIF_GATT_CLIENT( 6839): [GATT] gattc_handle_message : msg_id=4005
D/BTIF_GATT_CLIENT( 6839): [GATT] findContextByContext
D/BTIF_GATT_CLIENT( 6839): [GATT] context[2] = 0xb7065aa4 found
D/BTIF_GATT_CLIENT( 6839): [GATT] gattc_handle_scan_result_ind
I/BT_UTILS( 6839): btmtk_util_reverse_array: dest addr=0xF6:63:48:C9:D1:95
D/BtGatt.GattService( 6839): onScanResult() - address=F6:63:48:C9:D1:95, rssi=-99
I/BTIF_CORE( 6839): out profile[21] handler!
I/BTIF_CORE( 6839): [btif_task]:Start polling!
I/BTIF_CORE( 6839): [btif_task]:Polling returned!
I/BTIF_CORE( 6839): [btif_task]:Start retrieve data pollMemberCount=10!
I/BTIF_CORE( 6839): [btif_task]:fd 1 data ready!
I/BTIF_CORE( 6839): [btif_task]:pollData[i].fd data ready : revents = 0x1!
I/BTIF_CORE( 6839): in profile[0] handler!
I/BTIF_CORE( 6839): out profile[0] handler!
I/BTIF_CORE( 6839): in profile[21] handler!
D/BTIF_GATT_CLIENT( 6839): [GATT] gattc_handle_message
D/BTIF_GATT_CLIENT( 6839): [GATT] gattc_handle_message : msg_id=4005
D/BTIF_GATT_CLIENT( 6839): [GATT] findContextByContext
D/BTIF_GATT_CLIENT( 6839): [GATT] context[2] = 0xb7065aa4 found
D/BTIF_GATT_CLIENT( 6839): [GATT] gattc_handle_scan_result_ind
I/BT_UTILS( 6839): btmtk_util_reverse_array: dest addr=0x1A:96:5B:78:82:FA
D/BtGatt.GattService( 6839): onScanResult() - address=1A:96:5B:78:82:FA, rssi=-71
I/BTIF_CORE( 6839): out profile[21] handler!
I/BTIF_CORE( 6839): [btif_task]:Start polling!
I/BTIF_CORE( 6839): [btif_task]:Polling returned!
I/BTIF_CORE( 6839): [btif_task]:Start retrieve data pollMemberCount=10!
I/BTIF_CORE( 6839): [btif_task]:fd 1 data ready!
I/BTIF_CORE( 6839): [btif_task]:pollData[i].fd data ready : revents = 0x1!
I/BTIF_CORE( 6839): in profile[0] handler!
I/BTIF_CORE( 6839): out profile[0] handler!
I/BTIF_CORE( 6839): in profile[21] handler!
D/BTIF_GATT_CLIENT( 6839): [GATT] gattc_handle_message
D/BTIF_GATT_CLIENT( 6839): [GATT] gattc_handle_message : msg_id=4005
D/BTIF_GATT_CLIENT( 6839): [GATT] findContextByContext
D/BTIF_GATT_CLIENT( 6839): [GATT] context[2] = 0xb7065aa4 found
D/BTIF_GATT_CLIENT( 6839): [GATT] gattc_handle_scan_result_ind
I/BT_UTILS( 6839): btmtk_util_reverse_array: dest addr=0x4F:A6:55:BE:87:01
D/BtGatt.GattService( 6839): onScanResult() - address=4F:A6:55:BE:87:01, rssi=-91
I/BTIF_CORE( 6839): out profile[21] handler!
I/BTIF_CORE( 6839): [btif_task]:Start polling!
I/BTIF_CORE( 6839): [btif_task]:Polling returned!
I/BTIF_CORE( 6839): [btif_task]:Start retrieve data pollMemberCount=10!
I/BTIF_CORE( 6839): [btif_task]:fd 1 data ready!
I/BTIF_CORE( 6839): [btif_task]:pollData[i].fd data ready : revents = 0x1!
I/BTIF_CORE( 6839): in profile[0] handler!
I/BTIF_CORE( 6839): out profile[0] handler!
I/BTIF_CORE( 6839): in profile[21] handler!
D/BTIF_GATT_CLIENT( 6839): [GATT] gattc_handle_message
D/BTIF_GATT_CLIENT( 6839): [GATT] gattc_handle_message : msg_id=4005
D/BTIF_GATT_CLIENT( 6839): [GATT] findContextByContext
D/BTIF_GATT_CLIENT( 6839): [GATT] context[2] = 0xb7065aa4 found
D/BTIF_GATT_CLIENT( 6839): [GATT] gattc_handle_scan_result_ind
I/BT_UTILS( 6839): btmtk_util_reverse_array: dest addr=0x42:D7:9F:83:E7:38
D/BtGatt.GattService( 6839): onScanResult() - address=42:D7:9F:83:E7:38, rssi=-68
I/BTIF_CORE( 6839): out profile[21] handler!
I/BTIF_CORE( 6839): [btif_task]:Start polling!
I/BTIF_CORE( 6839): [btif_task]:Polling returned!
I/BTIF_CORE( 6839): [btif_task]:Start retrieve data pollMemberCount=10!
I/BTIF_CORE( 6839): [btif_task]:fd 1 data ready!
I/BTIF_CORE( 6839): [btif_task]:pollData[i].fd data ready : revents = 0x1!
I/BTIF_CORE( 6839): in profile[0] handler!
I/BTIF_CORE( 6839): out profile[0] handler!
I/BTIF_CORE( 6839): in profile[21] handler!
D/BTIF_GATT_CLIENT( 6839): [GATT] gattc_handle_message
D/BTIF_GATT_CLIENT( 6839): [GATT] gattc_handle_message : msg_id=4005
D/BTIF_GATT_CLIENT( 6839): [GATT] findContextByContext
D/BTIF_GATT_CLIENT( 6839): [GATT] context[2] = 0xb7065aa4 found
D/BTIF_GATT_CLIENT( 6839): [GATT] gattc_handle_scan_result_ind
I/BT_UTILS( 6839): btmtk_util_reverse_array: dest addr=0x00:48:12:7F:4A:D8
D/BtGatt.GattService( 6839): onScanResult() - address=00:48:12:7F:4A:D8, rssi=-71
I/BTIF_CORE( 6839): out profile[21] handler!
I/BTIF_CORE( 6839): [btif_task]:Start polling!
I/BTIF_CORE( 6839): [btif_task]:Polling returned!
I/BTIF_CORE( 6839): [btif_task]:Start retrieve data pollMemberCount=10!
I/BTIF_CORE( 6839): [btif_task]:fd 1 data ready!
I/BTIF_CORE( 6839): [btif_task]:pollData[i].fd data ready : revents = 0x1!
I/BTIF_CORE( 6839): in profile[0] handler!
I/BTIF_CORE( 6839): out profile[0] handler!
I/BTIF_CORE( 6839): in profile[21] handler!
D/BTIF_GATT_CLIENT( 6839): [GATT] gattc_handle_message
D/BTIF_GATT_CLIENT( 6839): [GATT] gattc_handle_message : msg_id=4005
D/BTIF_GATT_CLIENT( 6839): [GATT] findContextByContext
D/BTIF_GATT_CLIENT( 6839): [GATT] context[2] = 0xb7065aa4 found
D/BTIF_GATT_CLIENT( 6839): [GATT] gattc_handle_scan_result_ind
I/BT_UTILS( 6839): btmtk_util_reverse_array: dest addr=0x50:0D:BF:76:14:24
D/BtGatt.GattService( 6839): onScanResult() - address=50:0D:BF:76:14:24, rssi=-94
I/BTIF_CORE( 6839): out profile[21] handler!
I/BTIF_CORE( 6839): [btif_task]:Start polling!
I/BTIF_CORE( 6839): [btif_task]:Polling returned!
I/BTIF_CORE( 6839): [btif_task]:Start retrieve data pollMemberCount=10!
I/BTIF_CORE( 6839): [btif_task]:fd 1 data ready!
I/BTIF_CORE( 6839): [btif_task]:pollData[i].fd data ready : revents = 0x1!
I/BTIF_CORE( 6839): in profile[0] handler!
I/BTIF_CORE( 6839): out profile[0] handler!
I/BTIF_CORE( 6839): in profile[21] handler!
D/BTIF_GATT_CLIENT( 6839): [GATT] gattc_handle_message
D/BTIF_GATT_CLIENT( 6839): [GATT] gattc_handle_message : msg_id=4005
D/BTIF_GATT_CLIENT( 6839): [GATT] findContextByContext
D/BTIF_GATT_CLIENT( 6839): [GATT] context[2] = 0xb7065aa4 found
D/BTIF_GATT_CLIENT( 6839): [GATT] gattc_handle_scan_result_ind
I/BT_UTILS( 6839): btmtk_util_reverse_array: dest addr=0x0D:DD:E8:44:BE:10
D/BtGatt.GattService( 6839): onScanResult() - address=0D:DD:E8:44:BE:10, rssi=-97
I/BTIF_CORE( 6839): out profile[21] handler!
I/BTIF_CORE( 6839): [btif_task]:Start polling!
I/BTIF_CORE( 6839): [btif_task]:Polling returned!
I/BTIF_CORE( 6839): [btif_task]:Start retrieve data pollMemberCount=10!
I/BTIF_CORE( 6839): [btif_task]:fd 1 data ready!
I/BTIF_CORE( 6839): [btif_task]:pollData[i].fd data ready : revents = 0x1!
I/BTIF_CORE( 6839): in profile[0] handler!
I/BTIF_CORE( 6839): out profile[0] handler!
I/BTIF_CORE( 6839): in profile[21] handler!
D/BTIF_GATT_CLIENT( 6839): [GATT] gattc_handle_message
D/BTIF_GATT_CLIENT( 6839): [GATT] gattc_handle_message : msg_id=4005
D/BTIF_GATT_CLIENT( 6839): [GATT] findContextByContext
D/BTIF_GATT_CLIENT( 6839): [GATT] context[2] = 0xb7065aa4 found
D/BTIF_GATT_CLIENT( 6839): [GATT] gattc_handle_scan_result_ind
I/BT_UTILS( 6839): btmtk_util_reverse_array: dest addr=0x07:47:39:8D:71:38
D/BtGatt.GattService( 6839): onScanResult() - address=07:47:39:8D:71:38, rssi=-67
I/BTIF_CORE( 6839): out profile[21] handler!
I/BTIF_CORE( 6839): [btif_task]:Start polling!
I/BTIF_CORE( 6839): [btif_task]:Polling returned!
I/BTIF_CORE( 6839): [btif_task]:Start retrieve data pollMemberCount=10!
I/BTIF_CORE( 6839): [btif_task]:fd 1 data ready!
I/BTIF_CORE( 6839): [btif_task]:pollData[i].fd data ready : revents = 0x1!
I/BTIF_CORE( 6839): in profile[0] handler!
I/BTIF_CORE( 6839): out profile[0] handler!
I/BTIF_CORE( 6839): in profile[21] handler!
D/BTIF_GATT_CLIENT( 6839): [GATT] gattc_handle_message
D/BTIF_GATT_CLIENT( 6839): [GATT] gattc_handle_message : msg_id=4005
D/BTIF_GATT_CLIENT( 6839): [GATT] findContextByContext
D/BTIF_GATT_CLIENT( 6839): [GATT] context[2] = 0xb7065aa4 found
D/BTIF_GATT_CLIENT( 6839): [GATT] gattc_handle_scan_result_ind
I/BT_UTILS( 6839): btmtk_util_reverse_array: dest addr=0x25:61:AF:2E:23:4C
D/BtGatt.GattService( 6839): onScanResult() - address=25:61:AF:2E:23:4C, rssi=-65
I/BTIF_CORE( 6839): out profile[21] handler!
I/BTIF_CORE( 6839): [btif_task]:Start polling!
I/BTIF_CORE( 6839): [btif_task]:Polling returned!
I/BTIF_CORE( 6839): [btif_task]:Start retrieve data pollMemberCount=10!
I/BTIF_CORE( 6839): [btif_task]:fd 1 data ready!
I/BTIF_CORE( 6839): [btif_task]:pollData[i].fd data ready : revents = 0x1!
I/BTIF_CORE( 6839): in profile[0] handler!
I/BTIF_CORE( 6839): out profile[0] handler!
I/BTIF_CORE( 6839): in profile[21] handler!
D/BTIF_GATT_CLIENT( 6839): [GATT] gattc_handle_message
D/BTIF_GATT_CLIENT( 6839): [GATT] gattc_handle_message : msg_id=4008
D/BTIF_GATT_CLIENT( 6839): [GATT] findContextByContext
D/BTIF_GATT_CLIENT( 6839): [GATT] context[2] = 0xb7065aa4 found
D/BTIF_GATT_CLIENT( 6839): [GATT] gattc_handle_scan_cancel_cnf
I/BTIF_CORE( 6839): out profile[21] handler!
I/BTIF_CORE( 6839): [btif_task]:Start polling!
I/BTIF_CORE( 6839): [btif_task]:Polling returned!
I/BTIF_CORE( 6839): [btif_task]:Start retrieve data pollMemberCount=10!
I/BTIF_CORE( 6839): [btif_task]:fd 1 data ready!
I/BTIF_CORE( 6839): [btif_task]:pollData[i].fd data ready : revents = 0x1!
I/BTIF_CORE( 6839): in profile[0] handler!
I/BTIF_CORE( 6839): out profile[0] handler!
I/BTIF_CORE( 6839): in profile[21] handler!
D/BTIF_GATT_CLIENT( 6839): [GATT] gattc_handle_message
D/BTIF_GATT_CLIENT( 6839): [GATT] gattc_handle_message : msg_id=4003
D/BTIF_GATT_CLIENT( 6839): [GATT] findContextByContext
D/BTIF_GATT_CLIENT( 6839): [GATT] context[2] = 0xb7065aa4 found
D/BTIF_GATT_CLIENT( 6839): [GATT] gattc_handle_deregister_cnf
I/BTIF_CORE( 6839): out profile[21] handler!
I/BTIF_CORE( 6839): [btif_task]:Start polling!
I/BTIF_CORE( 6839): [btif_task]:Polling returned!
I/BTIF_CORE( 6839): [btif_task]:Start retrieve data pollMemberCount=10!
I/BTIF_CORE( 6839): [btif_task]:fd 1 data ready!
I/BTIF_CORE( 6839): [btif_task]:pollData[i].fd data ready : revents = 0x1!
I/BTIF_CORE( 6839): in profile[0] handler!
I/BTIF_CORE( 6839): out profile[0] handler!
I/BTIF_CORE( 6839): in profile[21] handler!
D/BTIF_GATT_CLIENT( 6839): [GATT] gattc_handle_message
D/BTIF_GATT_CLIENT( 6839): [GATT] gattc_handle_message : msg_id=4001
D/BTIF_GATT_CLIENT( 6839): [GATT] findContextByAppUUID
D/BTIF_GATT_CLIENT( 6839): [GATT] context[1] = 0x0 found
D/BTIF_GATT_CLIENT( 6839): [GATT] gattc_handle_register_cnf
D/BtGatt.GattService( 6839): onClientRegistered() - UUID=b6c3f178-2c74-4f25-b571-fe1fe81aafe6, clientIf=2
D/BluetoothAdapter( 6876): onClientRegistered() - status=0 clientIf=2
E/CheckPermission( 6876): _bluetooth code = 9 
D/BtGatt.GattService( 6839): startScan() - queue=0
D/BtGatt.GattService( 6839): startScan() - adding client=2
D/BTIF_GATT_CLIENT( 6839): [GATT] btif_gattc_scan
D/BTIF_GATT_CLIENT( 6839): btif_gattc_scan
I/bt_ext_apis.c( 6839): btmtk_util_find_profile_msg_handler search profile_id:[21]
I/bt_ext_apis.c( 6839): [JNI] btmtk_sendmsg(cmd=4004, ptr=0x784db4e0, len=36)
I/bt_ext_apis.c( 6839): [JNI] send msg success : 36
I/BTIF_CORE( 6839): out profile[21] handler!
I/BTIF_CORE( 6839): [btif_task]:Start polling!
D/ActivityThread( 6876): SVC-SERVICE_ARGS handled : 0 / ServiceArgsData{token=android.os.BinderProxy@4284c0d0 startId=13 args=Intent { cmp=com.moji.airnut/.bleconn.bluetooth.BleDiscoveryGattService (has extras) }}
D/dalvikvm( 5381): threadid=25: exiting
D/dalvikvm( 5381): threadid=25: bye!
W/Provider/Settings( 5381): Setting airplane_mode_on has moved from android.provider.Settings.System to android.provider.Settings.Global, returning read-only value.
V/Provider/Settings( 5381): get setting for user 0 by user 0 so skipping cache
V/Provider/Settings( 5381):  from settings cache , name = airplane_mode_on , value = 1
W/beacon  ( 5381): onUserAction return false, because eventName:[dim.Msf.RenewToken_3] is not allowed in server strategy!
W/Provider/Settings( 5381): Setting airplane_mode_on has moved from android.provider.Settings.System to android.provider.Settings.Global, returning read-only value.
V/Provider/Settings( 5381): get setting for user 0 by user 0 so skipping cache
V/Provider/Settings( 5381):  from settings cache , name = airplane_mode_on , value = 1
W/beacon  ( 5381): onUserAction return false, because eventName:[ReqQualitySendError] is not allowed in server strategy!
I/System.out( 6876): [CDS]EAGAIN in Recvfrom
V/AlarmManager( 1909): remove(operation) changed bounds; rebatching
V/AlarmManager( 1909): isAlarmNeedAlign : screen on, Skip
V/AlarmManager( 1909): Adding Alarm{43980200 type 0 com.tencent.mm} to Batch{43980178 num=2 start=1835691 end=2060691}
V/AlarmManager( 1909):     => now Batch{43980178 num=2 start=1835691 end=2060691}
V/AlarmManager( 1909): isAlarmNeedAlign : screen on, Skip
V/AlarmManager( 1909): Adding Alarm{42e4d398 type 0 io.dcloud.HBuilder} to Batch{43980178 num=3 start=1835691 end=2060691}
V/AlarmManager( 1909):     => now Batch{43980178 num=3 start=1925844 end=1989099}
V/AlarmManager( 1909): isAlarmNeedAlign : screen on, Skip
V/AlarmManager( 1909): Adding Alarm{42f06eb8 type 2 com.tencent.mm} to Batch{42ed7400 num=2 start=2102839 end=2102839}
V/AlarmManager( 1909):     => now Batch{42ed7400 num=2 start=2102839 end=2102839}
V/AlarmManager( 1909): isAlarmNeedAlign : screen on, Skip
V/AlarmManager( 1909): Adding Alarm{42f15008 type 0 com.kingroot.kinguser} to Batch{42ed7400 num=3 start=2102839 end=2102839}
V/AlarmManager( 1909):     => now Batch{42ed7400 num=3 start=2102839 end=2102839}
V/AlarmManager( 1909): isAlarmNeedAlign : screen on, Skip
V/AlarmManager( 1909): Adding Alarm{430d33f0 type 0 com.kingroot.master} to Batch{42ed7400 num=4 start=2102839 end=2102839}
V/AlarmManager( 1909):     => now Batch{42ed7400 num=4 start=2102839 end=2102839}
V/AlarmManager( 1909): isAlarmNeedAlign : screen on, Skip
V/AlarmManager( 1909): isAlarmNeedAlign : screen on, Skip
V/AlarmManager( 1909): Adding Alarm{43427ea8 type 0 com.kingroot.master} to Batch{43268d80 num=2 start=2131629 end=2349222}
V/AlarmManager( 1909):     => now Batch{43268d80 num=2 start=2131705 end=2349222}
V/AlarmManager( 1909): Adding Alarm{434a2fd8 type 0 android} to Batch{43268d80 num=3 start=2131705 end=2349222}
V/AlarmManager( 1909):     => now Batch{43268d80 num=3 start=2132696 end=2132696}
V/AlarmManager( 1909): isAlarmNeedAlign : screen on, Skip
V/AlarmManager( 1909): isAlarmNeedAlign : screen on, Skip
V/AlarmManager( 1909): Adding Alarm{434bed18 type 0 com.kingroot.master} to Batch{434beca8 num=2 start=2431444 end=2873899}
V/AlarmManager( 1909):     => now Batch{434beca8 num=2 start=2431465 end=2873899}
V/AlarmManager( 1909): Adding Alarm{434bff48 type 0 android} to Batch{434beca8 num=3 start=2431465 end=2873899}
V/AlarmManager( 1909):     => now Batch{434beca8 num=3 start=2432684 end=2432684}
V/AlarmManager( 1909): isAlarmNeedAlign : screen on, Skip
V/AlarmManager( 1909): Adding Alarm{43a4cd20 type 0 com.kingroot.kinguser} to Batch{4399f970 num=2 start=2814636 end=2814636}
V/AlarmManager( 1909):     => now Batch{4399f970 num=2 start=2814636 end=2814636}
V/AlarmManager( 1909): Adding Alarm{42b27ab0 type 3 com.kingroot.master} to Batch{42af61e0 num=2 start=2901302 end=4251302}
V/AlarmManager( 1909):     => now Batch{42af61e0 num=2 start=3027806 end=4251302}
V/AlarmManager( 1909): Adding Alarm{42c06758 type 3 android} to Batch{42af61e0 num=3 start=3027806 end=4251302}
V/AlarmManager( 1909):     => now Batch{42af61e0 num=3 start=3619697 end=4251302}
V/AlarmManager( 1909): isAlarmNeedAlign : screen on, Skip
V/AlarmManager( 1909): Adding Alarm{42f21610 type 0 com.kingroot.kinguser} to Batch{42af61e0 num=4 start=3619697 end=4251302}
V/AlarmManager( 1909):     => now Batch{42af61e0 num=4 start=3631445 end=4251302}
V/AlarmManager( 1909): isAlarmNeedAlign : screen on, Skip
V/AlarmManager( 1909): Adding Alarm{4302bac8 type 0 com.kingroot.master} to Batch{42af61e0 num=5 start=3631445 end=4251302}
V/AlarmManager( 1909):     => now Batch{42af61e0 num=5 start=3631466 end=4251302}
V/AlarmManager( 1909): Adding Alarm{43188998 type 0 android} to Batch{42af61e0 num=6 start=3631466 end=4251302}
V/AlarmManager( 1909):     => now Batch{42af61e0 num=6 start=3632685 end=3632685}
V/AlarmManager( 1909): isAlarmNeedAlign : screen on, Skip
V/AlarmManager( 1909): Adding Alarm{43271740 type 0 com.oppo.market} to Batch{432716b8 num=2 start=4597152 end=6663887}
V/AlarmManager( 1909):     => now Batch{432716b8 num=2 start=5498587 end=6663887}
V/AlarmManager( 1909): isAlarmNeedAlign : screen on, Skip
V/AlarmManager( 1909): Adding Alarm{4341d950 type 1 com.nearme.statistics.rom} to Batch{4341bde8 num=2 start=7295974 end=12695974}
V/AlarmManager( 1909):     => now Batch{4341bde8 num=2 start=7295974 end=11291940}
V/AlarmManager( 1909): Adding Alarm{4345a090 type 1 com.oppo.yellowpage} to Batch{4341bde8 num=3 start=7295974 end=11291940}
V/AlarmManager( 1909):     => now Batch{4341bde8 num=3 start=7295974 end=11291940}
V/AlarmManager( 1909): Adding Alarm{434dbb38 type 1 com.nearme.statistics.rom} to Batch{4341bde8 num=4 start=7295974 end=11291940}
V/AlarmManager( 1909):     => now Batch{4341bde8 num=4 start=7835056 end=11291940}
V/AlarmManager( 1909): Adding Alarm{43543a78 type 1 com.oppo.yellowpage} to Batch{4341bde8 num=5 start=7835056 end=11291940}
V/AlarmManager( 1909):     => now Batch{4341bde8 num=5 start=7835069 end=11291940}
V/AlarmManager( 1909): Adding Alarm{4345e098 type 1 com.oppo.weather} to Batch{4341bde8 num=6 start=7835069 end=11291940}
V/AlarmManager( 1909):     => now Batch{4341bde8 num=6 start=7959982 end=7959982}
V/AlarmManager( 1909): isAlarmNeedAlign : screen on, Skip
V/AlarmManager( 1909): Adding Alarm{434a6878 type 1 com.oppo.weather} to Batch{4349ecf0 num=2 start=9468801 end=15189273}
V/AlarmManager( 1909):     => now Batch{4349ecf0 num=2 start=10319138 end=10319138}
V/AlarmManager( 1909): isAlarmNeedAlign : screen on, Skip
V/AlarmManager( 1909): isAlarmNeedAlign : screen on, Skip
V/AlarmManager( 1909): Adding Alarm{43531ec0 type 0 com.oppo.market} to Batch{43536a78 num=2 start=10834411 end=17579089}
V/AlarmManager( 1909):     => now Batch{43536a78 num=2 start=14394621 end=17579089}
V/AlarmManager( 1909): isAlarmNeedAlign : screen on, Skip
V/AlarmManager( 1909): Adding Alarm{438b0110 type 1 com.nearme.feedback} to Batch{43806998 num=2 start=19417609 end=32599686}
V/AlarmManager( 1909):     => now Batch{43806998 num=2 start=21640524 end=21640524}
V/AlarmManager( 1909): Adding Alarm{427365a8 type 0 com.oppo.wallpaper} to Batch{42736520 num=2 start=26008388 end=44133549}
V/AlarmManager( 1909):     => now Batch{42736520 num=2 start=26008388 end=26008388}
V/AlarmManager( 1909): Adding Alarm{42b44440 type 1 com.oppo.holidaymode} to Batch{42736520 num=3 start=26008388 end=26008388}
V/AlarmManager( 1909):     => now Batch{42736520 num=3 start=26008388 end=26008388}
V/AlarmManager( 1909): isAlarmNeedAlign : screen on, Skip
V/AlarmManager( 1909): Adding Alarm{42c7c6d0 type 0 com.color.safecenter} to Batch{42736520 num=4 start=26008388 end=26008388}
V/AlarmManager( 1909):     => now Batch{42736520 num=4 start=26008388 end=26008388}
V/AlarmManager( 1909): isAlarmNeedAlign : screen on, Skip
V/AlarmManager( 1909): Adding Alarm{42ea4d28 type 0 com.android.browser} to Batch{42736520 num=5 start=26008388 end=26008388}
V/AlarmManager( 1909):     => now Batch{42736520 num=5 start=26008388 end=26008388}
V/AlarmManager( 1909): isAlarmNeedAlign : screen on, Skip
V/AlarmManager( 1909): Adding Alarm{430e01e0 type 0 com.oupeng.max.sdk} to Batch{42736520 num=6 start=26008388 end=26008388}
V/AlarmManager( 1909):     => now Batch{42736520 num=6 start=26008388 end=26008388}
V/AlarmManager( 1909): Adding Alarm{43114638 type 1 com.sohu.inputmethod.sogouoem} to Batch{42736520 num=7 start=26008388 end=26008388}
V/AlarmManager( 1909):     => now Batch{42736520 num=7 start=26008388 end=26008388}
V/AlarmManager( 1909): isAlarmNeedAlign : screen on, Skip
V/AlarmManager( 1909): Adding Alarm{4327e010 type 0 com.coloros.oppomorningsystem} to Batch{42b41720 num=2 start=28822563 end=50422563}
V/AlarmManager( 1909):     => now Batch{42b41720 num=2 start=36808388 end=50422563}
V/AlarmManager( 1909): isAlarmNeedAlign : screen on, Skip
V/AlarmManager( 1909): Adding Alarm{4390c110 type 0 com.oupeng.max.sdk} to Batch{42b41720 num=3 start=36808388 end=50422563}
V/AlarmManager( 1909):     => now Batch{42b41720 num=3 start=40408928 end=50422563}
V/AlarmManager( 1909): isAlarmNeedAlign : screen on, Skip
V/AlarmManager( 1909): Adding Alarm{42fe2f90 type 0 com.android.email} to Batch{43879098 num=2 start=59441885 end=102642168}
V/AlarmManager( 1909):     => now Batch{43879098 num=2 start=74534771 end=102642168}
V/AlarmManager( 1909): Adding Alarm{43113358 type 0 com.android.providers.calendar} to Batch{43879098 num=3 start=74534771 end=102642168}
V/AlarmManager( 1909):     => now Batch{43879098 num=3 start=79888264 end=79888264}
V/AlarmManager( 1909): isAlarmNeedAlign : screen on, Skip
V/AlarmManager( 1909): isAlarmNeedAlign : screen on, Skip
V/AlarmManager( 1909): Adding Alarm{43520618 type 2 com.nearme.statistics.rom} to Batch{43520590 num=2 start=86434610 end=151234610}
V/AlarmManager( 1909):     => now Batch{43520590 num=2 start=86495977 end=151234610}
V/AlarmManager( 1909): Adding Alarm{437d8678 type 3 com.oppo.ota} to Batch{43520590 num=3 start=86495977 end=151234610}
V/AlarmManager( 1909):     => now Batch{43520590 num=3 start=120538930 end=151234610}
V/AlarmManager( 1909): isAlarmNeedAlign : screen on, Skip
V/AlarmManager( 1909): Adding Alarm{43976e98 type 0 com.android.email} to Batch{43520590 num=4 start=120538930 end=151234610}
V/AlarmManager( 1909):     => now Batch{43520590 num=4 start=120538930 end=151220728}
V/AlarmManager( 1909): Adding Alarm{42e98fd8 type 1 com.sohu.inputmethod.sogouoem} to Batch{43520590 num=5 start=120538930 end=151220728}
V/AlarmManager( 1909):     => now Batch{43520590 num=5 start=120538930 end=151220728}
V/AlarmManager( 1909): Adding Alarm{430c0688 type 1 com.oppo.yellowpage} to Batch{43520590 num=6 start=120538930 end=151220728}
V/AlarmManager( 1909):     => now Batch{43520590 num=6 start=120538930 end=151220728}
V/AlarmManager( 1909): isAlarmNeedAlign : screen on, Skip
V/AlarmManager( 1909): Adding Alarm{4319f988 type 1 com.sohu.inputmethod.sogouoem} to Batch{43179df0 num=2 start=155608388 end=270933548}
V/AlarmManager( 1909):     => now Batch{43179df0 num=2 start=161781820 end=270933548}
V/AlarmManager( 1909): Adding Alarm{43401950 type 1 com.sohu.inputmethod.sogouoem} to Batch{43179df0 num=3 start=161781820 end=270933548}
V/AlarmManager( 1909):     => now Batch{43179df0 num=3 start=259270333 end=270933548}
V/AlarmManager( 1909): isAlarmNeedAlign : screen on, Skip
V/AlarmManager( 1909): isAlarmNeedAlign : screen on, Skip
V/AlarmManager( 1909): Adding Alarm{43560e08 type 0 com.oppo.market} to Batch{4353e9e8 num=2 start=864627242 end=1511716542}
V/AlarmManager( 1909):     => now Batch{4353e9e8 num=2 start=1268803687 end=1511716542}
V/AlarmManager( 1909): isAlarmNeedAlign : screen on, Skip
V/AlarmManager( 1909): isAlarmNeedAlign : screen on, Skip
V/AlarmManager( 1909): Checking for alarms... rtc=1513761433121, elapsed=1841509
V/AlarmManager( 1909): Checking for alarms... rtc=1513761433121, elapsed=1841509
D/ConnectivityService( 1909): getActiveNetworkInfo:NetworkInfo: type: WIFI[], state: CONNECTED/CONNECTED, reason: (unspecified), extra: "60_dev_01", roaming: false, failover: false, isAvailable: true, isConnectedToProvisioningNetwork: false, simId: 0/10188
D/dalvikvm( 5381): GC_CONCURRENT freed 6325K (129482), 73% free 5708K/20592K, paused 5ms+7ms, total 60ms
I/BTIF_CORE( 6839): [btif_task]:Polling returned!
I/BTIF_CORE( 6839): [btif_task]:Start retrieve data pollMemberCount=10!
I/BTIF_CORE( 6839): [btif_task]:fd 1 data ready!
I/BTIF_CORE( 6839): [btif_task]:pollData[i].fd data ready : revents = 0x1!
I/BTIF_CORE( 6839): in profile[0] handler!
I/BTIF_CORE( 6839): out profile[0] handler!
I/BTIF_CORE( 6839): in profile[21] handler!
D/BTIF_GATT_CLIENT( 6839): [GATT] gattc_handle_message
D/BTIF_GATT_CLIENT( 6839): [GATT] gattc_handle_message : msg_id=4005
D/BTIF_GATT_CLIENT( 6839): [GATT] findContextByContext
D/BTIF_GATT_CLIENT( 6839): [GATT] context[0] = 0xb7065a78 found
D/BTIF_GATT_CLIENT( 6839): [GATT] gattc_handle_scan_result_ind
I/BT_UTILS( 6839): btmtk_util_reverse_array: dest addr=0x2B:69:1B:C5:11:4C
D/BtGatt.GattService( 6839): onScanResult() - address=2B:69:1B:C5:11:4C, rssi=-71
D/BluetoothAdapter( 6876): onScanResult() - Device=2B:69:1B:C5:11:4C RSSI=-71
I/BTIF_CORE( 6839): out profile[21] handler!
I/BTIF_CORE( 6839): [btif_task]:Start polling!
D/dalvikvm( 5381): threadid=24: exiting
D/dalvikvm( 5381): threadid=24: bye!
D/dalvikvm( 5381): threadid=39: exiting
D/dalvikvm( 5381): threadid=39: bye!
I/System.out( 6876): [CDS]EAGAIN in Recvfrom
I/BTIF_CORE( 6839): [btif_task]:Polling returned!
I/BTIF_CORE( 6839): [btif_task]:Start retrieve data pollMemberCount=10!
I/BTIF_CORE( 6839): [btif_task]:fd 1 data ready!
I/BTIF_CORE( 6839): [btif_task]:pollData[i].fd data ready : revents = 0x1!
I/BTIF_CORE( 6839): in profile[0] handler!
I/BTIF_CORE( 6839): out profile[0] handler!
I/BTIF_CORE( 6839): in profile[21] handler!
D/BTIF_GATT_CLIENT( 6839): [GATT] gattc_handle_message
D/BTIF_GATT_CLIENT( 6839): [GATT] gattc_handle_message : msg_id=4005
D/BTIF_GATT_CLIENT( 6839): [GATT] findContextByContext
D/BTIF_GATT_CLIENT( 6839): [GATT] context[0] = 0xb7065a78 found
D/BTIF_GATT_CLIENT( 6839): [GATT] gattc_handle_scan_result_ind
I/BT_UTILS( 6839): btmtk_util_reverse_array: dest addr=0x1A:96:5B:78:82:FA
D/BtGatt.GattService( 6839): onScanResult() - address=1A:96:5B:78:82:FA, rssi=-79
D/BluetoothAdapter( 6876): onScanResult() - Device=1A:96:5B:78:82:FA RSSI=-79
I/BTIF_CORE( 6839): out profile[21] handler!
I/BTIF_CORE( 6839): [btif_task]:Start polling!
D/dalvikvm(14738): threadid=0: all daemons have suspended
D/dalvikvm(14738): VM cleaning up
D/dalvikvm(14738): LinearAlloc 0x0 used 1387780 of 33554432 (4%)
D/dalvikvm( 4619): create interp thread : stack size=128KB
D/dalvikvm( 4619): create new thread
D/dalvikvm( 4619): new thread created
D/dalvikvm( 4619): update thread list
D/dalvikvm( 4619): threadid=21: interp stack at 0x7c10e000
D/dalvikvm( 4619): threadid=21: created from interp
D/dalvikvm( 4619): start new thread
D/dalvikvm( 4619): threadid=21: notify debugger
D/dalvikvm( 4619): threadid=21 (Thread-471): calling run()
I/BTIF_CORE( 6839): [btif_task]:Polling returned!
I/BTIF_CORE( 6839): [btif_task]:Start retrieve data pollMemberCount=10!
I/BTIF_CORE( 6839): [btif_task]:fd 1 data ready!
I/BTIF_CORE( 6839): [btif_task]:pollData[i].fd data ready : revents = 0x1!
I/BTIF_CORE( 6839): in profile[0] handler!
I/BTIF_CORE( 6839): out profile[0] handler!
I/BTIF_CORE( 6839): in profile[21] handler!
D/BTIF_GATT_CLIENT( 6839): [GATT] gattc_handle_message
D/BTIF_GATT_CLIENT( 6839): [GATT] gattc_handle_message : msg_id=4005
D/BTIF_GATT_CLIENT( 6839): [GATT] findContextByContext
D/BTIF_GATT_CLIENT( 6839): [GATT] context[0] = 0xb7065a78 found
D/BTIF_GATT_CLIENT( 6839): [GATT] gattc_handle_scan_result_ind
I/BT_UTILS( 6839): btmtk_util_reverse_array: dest addr=0x0E:A1:FE:0F:CD:1F
D/BtGatt.GattService( 6839): onScanResult() - address=0E:A1:FE:0F:CD:1F, rssi=-94
D/BluetoothAdapter( 6876): onScanResult() - Device=0E:A1:FE:0F:CD:1F RSSI=-94
I/BTIF_CORE( 6839): out profile[21] handler!
I/BTIF_CORE( 6839): [btif_task]:Start polling!
I/KSO_STAT( 4619): App is in background, stop update end time, ready to start a new session.
D/SQLiteDatabase( 4619): beginTransaction()
D/SQLiteDatabase( 4619): endTransaction()
D/dalvikvm( 4619): threadid=21: exiting
D/dalvikvm( 4619): threadid=21: bye!
I/BTIF_CORE( 6839): [btif_task]:Polling returned!
I/BTIF_CORE( 6839): [btif_task]:Start retrieve data pollMemberCount=10!
I/BTIF_CORE( 6839): [btif_task]:fd 1 data ready!
I/BTIF_CORE( 6839): [btif_task]:pollData[i].fd data ready : revents = 0x1!
I/BTIF_CORE( 6839): in profile[0] handler!
I/BTIF_CORE( 6839): out profile[0] handler!
I/BTIF_CORE( 6839): in profile[21] handler!
D/BTIF_GATT_CLIENT( 6839): [GATT] gattc_handle_message
D/BTIF_GATT_CLIENT( 6839): [GATT] gattc_handle_message : msg_id=4005
D/BTIF_GATT_CLIENT( 6839): [GATT] findContextByContext
D/BTIF_GATT_CLIENT( 6839): [GATT] context[0] = 0xb7065a78 found
D/BTIF_GATT_CLIENT( 6839): [GATT] gattc_handle_scan_result_ind
I/BT_UTILS( 6839): btmtk_util_reverse_array: dest addr=0x42:D7:9F:83:E7:38
D/BtGatt.GattService( 6839): onScanResult() - address=42:D7:9F:83:E7:38, rssi=-71
D/BluetoothAdapter( 6876): onScanResult() - Device=42:D7:9F:83:E7:38 RSSI=-71
I/BTIF_CORE( 6839): out profile[21] handler!
I/BTIF_CORE( 6839): [btif_task]:Start polling!
I/BTIF_CORE( 6839): [btif_task]:Polling returned!
I/BTIF_CORE( 6839): [btif_task]:Start retrieve data pollMemberCount=10!
I/BTIF_CORE( 6839): [btif_task]:fd 0 data ready!
I/BTIF_CORE( 6839): [btif_task]:pollData[i].fd data ready : revents = 0x1!
I/BTIF_CORE( 6839): in profile[0] handler!
I/bt_gap_hdl.c( 6839): +++[GAP] btmtk_handle_gap_message msg:[MSG_ID_BT_BM_DISCOVERY_UPDATE_IND]+++!
I/bt_gap_api.c( 6839): [GAP] btmtk_inquired_dev_cache_find: addr=0xC9D195:0x48:0xF663
I/bt_gap_api.c( 6839): [GAP] btmtk_inquired_dev_cache_find found
I/bt_gap_hdl.c( 6839): [GAP] MSG_ID_BT_BM_DISCOVERY_UPDATE_IND addr: [0xC9D195:0x48:0xF663]
I/bt_gap_hdl.c( 6839): [GAP] btmtk_util_update_device_property_name: name = MI Band 2
I/bt_gap_api.c( 6839): [GAP] btmtk_inquired_dev_cache_find: addr=0xC9D195:0x48:0xF663
I/bt_gap_api.c( 6839): [GAP] btmtk_inquired_dev_cache_find found
