I/chromium(13777): [INFO:resource_provider.cc(1770)] [StartRaster] allocated=[1] image_id=[1051] buffer=[0x8585a000] stride=[1536]
I/chromium(13777): [INFO:image_raster_worker_pool.cc(75)] [RunOnWorkerThread] --------------
I/chromium(13777): [INFO:resource_provider.cc(1770)] [StartRaster] allocated=[1] image_id=[1037] buffer=[0x82d0e000] stride=[1536]
I/chromium(13777): [INFO:image_raster_worker_pool.cc(75)] [RunOnWorkerThread] --------------
I/[MALI][Gralloc](13777): [MTK]GRALLOC enter alloc_device_alloc()! pHandle=0x0x8342aab4
I/[MALI][Gralloc](13777): usage: 0x133, format: 0x1 stride: 384 vertical_stride: 384 size: 589824
I/[MALI][Gralloc](13777): [MTK]GRALLOC ready to go ion alloc arrrrrrrrr!!!! pHandle=0x0x8342aab4
D/GraphicBuffer(13777): alloc, handle(0x79cf6668) (w:384 h:384 s:384 f:0x1 u:0x000133) err(0)
I/chromium(13777): [INFO:resource_provider.cc(1770)] [StartRaster] allocated=[1] image_id=[1093] buffer=[0x8978c000] stride=[1536]
I/chromium(13777): [INFO:image_raster_worker_pool.cc(75)] [RunOnWorkerThread] --------------
I/chromium(13777): [INFO:gpu_control_service.cc(81)] [GpuControlService::RegisterGpuBuffer] [13777] id=[1093]
I/[MALI][Gralloc](13777): [MTK]GRALLOC enter alloc_device_alloc()! pHandle=0x0x821c2d8c
I/[MALI][Gralloc](13777): usage: 0x133, format: 0x1 stride: 384 vertical_stride: 384 size: 589824
I/[MALI][Gralloc](13777): [MTK]GRALLOC ready to go ion alloc arrrrrrrrr!!!! pHandle=0x0x821c2d8c
D/GraphicBuffer(13777): alloc, handle(0x8651ca28) (w:384 h:384 s:384 f:0x1 u:0x000133) err(0)
I/chromium(13777): [INFO:resource_provider.cc(1770)] [StartRaster] allocated=[1] image_id=[1094] buffer=[0x89999000] stride=[1536]
I/chromium(13777): [INFO:gpu_control_service.cc(81)] [GpuControlService::RegisterGpuBuffer] [13777] id=[1094]
I/chromium(13777): [INFO:image_raster_worker_pool.cc(75)] [RunOnWorkerThread] --------------
I/[MALI][Gralloc](13777): [MTK]GRALLOC enter alloc_device_alloc()! pHandle=0x0x83f02edc
I/[MALI][Gralloc](13777): usage: 0x133, format: 0x1 stride: 384 vertical_stride: 384 size: 589824
I/[MALI][Gralloc](13777): [MTK]GRALLOC ready to go ion alloc arrrrrrrrr!!!! pHandle=0x0x83f02edc
D/GraphicBuffer(13777): alloc, handle(0x83f02f18) (w:384 h:384 s:384 f:0x1 u:0x000133) err(0)
I/chromium(13777): [INFO:resource_provider.cc(1770)] [StartRaster] allocated=[1] image_id=[1095] buffer=[0x89a29000] stride=[1536]
I/chromium(13777): [INFO:gpu_control_service.cc(81)] [GpuControlService::RegisterGpuBuffer] [13777] id=[1095]
I/chromium(13777): [INFO:image_raster_worker_pool.cc(75)] [RunOnWorkerThread] --------------
I/[MALI][Gralloc](13777): [MTK]GRALLOC enter alloc_device_alloc()! pHandle=0x0x83fd055c
I/[MALI][Gralloc](13777): usage: 0x133, format: 0x1 stride: 384 vertical_stride: 384 size: 589824
I/[MALI][Gralloc](13777): [MTK]GRALLOC ready to go ion alloc arrrrrrrrr!!!! pHandle=0x0x83fd055c
D/GraphicBuffer(13777): alloc, handle(0x83ee9e80) (w:384 h:384 s:384 f:0x1 u:0x000133) err(0)
I/chromium(13777): [INFO:resource_provider.cc(1770)] [StartRaster] allocated=[1] image_id=[1096] buffer=[0x89ab9000] stride=[1536]
I/chromium(13777): [INFO:gpu_control_service.cc(81)] [GpuControlService::RegisterGpuBuffer] [13777] id=[1096]
I/chromium(13777): [INFO:image_raster_worker_pool.cc(75)] [RunOnWorkerThread] --------------
I/chromium(13777): [INFO:resource_provider.cc(1770)] [StartRaster] allocated=[1] image_id=[1073] buffer=[0x87150000] stride=[1280]
I/chromium(13777): [INFO:image_raster_worker_pool.cc(75)] [RunOnWorkerThread] --------------
I/chromium(13777): [INFO:resource_provider.cc(1770)] [StartRaster] allocated=[1] image_id=[1072] buffer=[0x85a4e000] stride=[1280]
I/chromium(13777): [INFO:image_raster_worker_pool.cc(75)] [RunOnWorkerThread] --------------
I/[MALI][Gralloc](13777): [MTK]GRALLOC enter alloc_device_alloc()! pHandle=0x0x85cd0f4c
I/[MALI][Gralloc](13777): usage: 0x133, format: 0x1 stride: 320 vertical_stride: 64 size: 81920
I/[MALI][Gralloc](13777): [MTK]GRALLOC ready to go ion alloc arrrrrrrrr!!!! pHandle=0x0x85cd0f4c
D/GraphicBuffer(13777): alloc, handle(0x82add2b0) (w:320 h:64 s:320 f:0x1 u:0x000133) err(0)
I/chromium(13777): [INFO:resource_provider.cc(1770)] [StartRaster] allocated=[1] image_id=[1097] buffer=[0x7fd6d000] stride=[1280]
I/chromium(13777): [INFO:image_raster_worker_pool.cc(75)] [RunOnWorkerThread] --------------
I/chromium(13777): [INFO:gpu_control_service.cc(81)] [GpuControlService::RegisterGpuBuffer] [13777] id=[1097]
I/[MALI][Gralloc](13777): [MTK]GRALLOC enter alloc_device_alloc()! pHandle=0x0x89415b4c
I/[MALI][Gralloc](13777): usage: 0x133, format: 0x1 stride: 320 vertical_stride: 64 size: 81920
I/[MALI][Gralloc](13777): [MTK]GRALLOC ready to go ion alloc arrrrrrrrr!!!! pHandle=0x0x89415b4c
D/GraphicBuffer(13777): alloc, handle(0x83ee9da0) (w:320 h:64 s:320 f:0x1 u:0x000133) err(0)
I/chromium(13777): [INFO:resource_provider.cc(1770)] [StartRaster] allocated=[1] image_id=[1098] buffer=[0x823a3000] stride=[1280]
I/chromium(13777): [INFO:gpu_control_service.cc(81)] [GpuControlService::RegisterGpuBuffer] [13777] id=[1098]
I/chromium(13777): [INFO:image_raster_worker_pool.cc(75)] [RunOnWorkerThread] --------------
I/        (  245): [BWC INFO](245): get_bwc_mm_property success
I/        (  245): [BWC INFO](245): get_bwc_mm_property success
W/ADB_SERVICES(  297): create_local_service_socket() name=shell:cat /proc/13777/stat
W/ADB_SERVICES(  297): service_to_fd() name=shell:cat /proc/13777/stat
W/ADB_SERVICES(  297): read_meminfo() mem_free=144440
W/ADB_SERVICES(  297): create_subprocess() ret_fd=15 pid=25669
W/ADB_SERVICES(  297): LS(6997): bound to 'shell:cat /proc/13777/stat' via 15
W/ADB_SERVICES(25669): adb: unable to open /proc/25669/oom_adj
D/ADB_SERVICES(  297):  closing because is_eof=1 r=-1 s->fde.force_eof=0
W/ADB_SERVICES(  297): entered. LS(6997) fd=15
W/ADB_SERVICES(  297): create_local_service_socket() name=shell:cat /proc/stat
W/ADB_SERVICES(  297): service_to_fd() name=shell:cat /proc/stat
W/ADB_SERVICES(  297): read_meminfo() mem_free=144188
W/ADB_SERVICES(  297): create_subprocess() ret_fd=15 pid=25670
W/ADB_SERVICES(  297): LS(6998): bound to 'shell:cat /proc/stat' via 15
W/ADB_SERVICES(25670): adb: unable to open /proc/25670/oom_adj
D/ADB_SERVICES(  297):  closing because is_eof=1 r=-1 s->fde.force_eof=0
W/ADB_SERVICES(  297): entered. LS(6998) fd=15
I/BufferQueue(  245): [com.sixty.nidoneClient/com.sixty.nidoneClient.view.activity.SDK_WebApp](this:0xb71b7008,id:1844,api:1,p:13777,c:245) queueBuffer: fps=29.78 dur=1208.92 max=447.04 min=9.62
I/        (  245): [BWC INFO](245): get_bwc_mm_property success
I/        (  245): [BWC INFO](245): get_bwc_mm_property success
I/        (  245): [BWC INFO](245): get_bwc_mm_property success
I/        (  245): [BWC INFO](245): get_bwc_mm_property success
I/        (  245): [BWC INFO](245): get_bwc_mm_property success
I/        (  245): [BWC INFO](245): get_bwc_mm_property success
I/SurfaceFlinger(  245): [Built-in Screen (type:0)] fps:31.587086,dur:1013.07,max:439.17,min:15.64
I/        (  245): [BWC INFO](245): get_bwc_mm_property success
I/        (  245): [BWC INFO](245): get_bwc_mm_property success
I/        (  245): [BWC INFO](245): get_bwc_mm_property success
I/        (  245): [BWC INFO](245): get_bwc_mm_property success
I/        (  245): [BWC INFO](245): get_bwc_mm_property success
I/        (  245): [BWC INFO](245): get_bwc_mm_property success
I/        (  245): [BWC INFO](245): get_bwc_mm_property success
I/        (  245): [BWC INFO](245): get_bwc_mm_property success
I/        (  245): [BWC INFO](245): get_bwc_mm_property success
I/        (  245): [BWC INFO](245): get_bwc_mm_property success
I/        (  245): [BWC INFO](245): get_bwc_mm_property success
D/dalvikvm( 4361): threadid=63: exiting
D/dalvikvm( 4361): threadid=63: bye!
D/dalvikvm( 4361): threadid=36: exiting
D/dalvikvm( 4361): threadid=36: bye!
W/ADB_SERVICES(  297): create_local_service_socket() name=shell:cat /proc/stat
W/ADB_SERVICES(  297): service_to_fd() name=shell:cat /proc/stat
W/ADB_SERVICES(  297): read_meminfo() mem_free=144096
W/ADB_SERVICES(  297): create_subprocess() ret_fd=15 pid=25671
W/ADB_SERVICES(  297): LS(6999): bound to 'shell:cat /proc/stat' via 15
D/ADB_SERVICES(  297): adb local_socket_ready list (16) (15) (17) (27) 
W/ADB_SERVICES(25671): adb: unable to open /proc/25671/oom_adj
D/ADB_SERVICES(  297): adb socket read list (15) (17) (27) 
D/ADB_SERVICES(  297): read_data=501255
D/ADB_SERVICES(  297): max_read_time=0.005012 max_send_time=0.000347 
D/ADB_SERVICES(  297):  closing because is_eof=1 r=1 s->fde.force_eof=0
W/ADB_SERVICES(  297): entered. LS(6999) fd=15
W/ADB_SERVICES(  297): create_local_service_socket() name=shell:dumpsys meminfo com.sixty.nidoneClient
W/ADB_SERVICES(  297): service_to_fd() name=shell:dumpsys meminfo com.sixty.nidoneClient
W/ADB_SERVICES(  297): read_meminfo() mem_free=144096
W/ADB_SERVICES(  297): create_subprocess() ret_fd=15 pid=25672
W/ADB_SERVICES(  297): LS(7000): bound to 'shell:dumpsys meminfo com.sixty.nidoneClient' via 15
W/ADB_SERVICES(25672): adb: unable to open /proc/25672/oom_adj
W/ActivityManager( 1655): Unable to start service Intent { act=com.android.org.chromium.com.googlecode.eyesfree.braille.service.ACTION_SELF_BRAILLE_SERVICE pkg=com.android.org.chromium.com.googlecode.eyesfree.brailleback } U=0: not found
E/SelfBrailleClient(13777): Failed to bind to service
D/ADB_SERVICES(  297):  closing because is_eof=1 r=-1 s->fde.force_eof=0
W/ADB_SERVICES(  297): entered. LS(7000) fd=15
W/ADB_SERVICES(  297): create_local_service_socket() name=shell:dumpsys gfxinfo com.sixty.nidoneClient
W/ADB_SERVICES(  297): service_to_fd() name=shell:dumpsys gfxinfo com.sixty.nidoneClient
W/ADB_SERVICES(  297): read_meminfo() mem_free=144096
W/ADB_SERVICES(  297): create_subprocess() ret_fd=15 pid=25673
W/ADB_SERVICES(  297): LS(7001): bound to 'shell:dumpsys gfxinfo com.sixty.nidoneClient' via 15
W/ADB_SERVICES(25673): adb: unable to open /proc/25673/oom_adj
D/dalvikvm( 1655): create interp thread : stack size=128KB
D/dalvikvm( 1655): create new thread
D/dalvikvm( 1655): new thread created
D/dalvikvm( 1655): update thread list
D/dalvikvm( 1655): threadid=99: interp stack at 0x84716000
D/dalvikvm( 1655): threadid=99: created from interp
D/dalvikvm( 1655): start new thread
D/dalvikvm( 1655): threadid=99: notify debugger
D/dalvikvm( 1655): threadid=99 (TransferPipe): calling run()
D/dalvikvm( 1655): threadid=99: exiting
D/ADB_SERVICES(  297):  closing because is_eof=1 r=1 s->fde.force_eof=0
W/ADB_SERVICES(  297): entered. LS(7001) fd=15
D/dalvikvm( 1655): threadid=99: bye!
W/ADB_SERVICES(  297): create_local_service_socket() name=shell:cat /proc/uid_stat/Uid:/tcp_snd
W/ADB_SERVICES(  297): service_to_fd() name=shell:cat /proc/uid_stat/Uid:/tcp_snd
W/ADB_SERVICES(  297): read_meminfo() mem_free=144096
W/ADB_SERVICES(  297): create_subprocess() ret_fd=15 pid=25675
W/ADB_SERVICES(  297): LS(7002): bound to 'shell:cat /proc/uid_stat/Uid:/tcp_snd' via 15
W/ADB_SERVICES(25675): adb: unable to open /proc/25675/oom_adj
D/ADB_SERVICES(  297):  closing because is_eof=1 r=-1 s->fde.force_eof=0
W/ADB_SERVICES(  297): entered. LS(7002) fd=15
W/ADB_SERVICES(  297): create_local_service_socket() name=shell:cat /proc/uid_stat/Uid:/tcp_rcv
W/ADB_SERVICES(  297): service_to_fd() name=shell:cat /proc/uid_stat/Uid:/tcp_rcv
W/ADB_SERVICES(  297): read_meminfo() mem_free=144016
W/ADB_SERVICES(  297): create_subprocess() ret_fd=15 pid=25676
W/ADB_SERVICES(  297): LS(7003): bound to 'shell:cat /proc/uid_stat/Uid:/tcp_rcv' via 15
W/ADB_SERVICES(25676): adb: unable to open /proc/25676/oom_adj
D/ADB_SERVICES(  297):  closing because is_eof=1 r=-1 s->fde.force_eof=0
W/ADB_SERVICES(  297): entered. LS(7003) fd=15
W/ADB_SERVICES(  297): create_local_service_socket() name=shell:dumpsys battery
W/ADB_SERVICES(  297): service_to_fd() name=shell:dumpsys battery
W/ADB_SERVICES(  297): read_meminfo() mem_free=144104
W/ADB_SERVICES(  297): create_subprocess() ret_fd=15 pid=25677
W/ADB_SERVICES(  297): LS(7004): bound to 'shell:dumpsys battery' via 15
W/ADB_SERVICES(25677): adb: unable to open /proc/25677/oom_adj
D/ADB_SERVICES(  297):  closing because is_eof=1 r=-1 s->fde.force_eof=0
W/ADB_SERVICES(  297): entered. LS(7004) fd=15
W/ADB_SERVICES(  297): create_local_service_socket() name=shell:dumpsys battery
W/ADB_SERVICES(  297): service_to_fd() name=shell:dumpsys battery
W/ADB_SERVICES(  297): read_meminfo() mem_free=143692
W/ADB_SERVICES(  297): create_subprocess() ret_fd=15 pid=25678
W/ADB_SERVICES(  297): LS(7005): bound to 'shell:dumpsys battery' via 15
W/ADB_SERVICES(25678): adb: unable to open /proc/25678/oom_adj
D/ADB_SERVICES(  297):  closing because is_eof=1 r=-1 s->fde.force_eof=0
W/ADB_SERVICES(  297): entered. LS(7005) fd=15
D/BatteryService( 1655): mBatteryVoltage=4070, batteryLevel=50
V/ActivityManager( 1655): Broadcast sticky: Intent { act=android.intent.action.ADDITIONAL_BATTERY_CHANGED flg=0x60000010 (has extras) } ordered=false userid=-1 callerApp=null
V/ActivityManager( 1655): Broadcast sticky: Intent { act=android.intent.action.BATTERY_CHANGED flg=0x60000010 (has extras) } ordered=false userid=-1 callerApp=null
D/PowerSaveService( 4327): PowerSaveReceiver EXTRA_STATUS: status = 2, lastCharging = true
D/WifiService( 1655): onReceive, action:android.intent.action.BATTERY_CHANGED
D/UsbDeviceManager( 1655): onReceive - BATTERY_CHANGED - mPlugType: 2, mSettingUsbCharging: false, mConnected: true, mSettingUsbBicr: false
D/WifiController( 1655): DeviceActiveState{ when=0 what=155652 arg1=2 target=com.android.internal.util.StateMachine$SmHandler target=Handler (com.android.internal.util.StateMachine$SmHandler) {431e59b8} }
D/WifiController( 1655): StaEnabledState{ when=0 what=155652 arg1=2 target=com.android.internal.util.StateMachine$SmHandler target=Handler (com.android.internal.util.StateMachine$SmHandler) {431e59b8} }
D/WifiController( 1655): DefaultState{ when=0 what=155652 arg1=2 target=com.android.internal.util.StateMachine$SmHandler target=Handler (com.android.internal.util.StateMachine$SmHandler) {431e59b8} }
D/WifiController( 1655): battery changed pluggedType: 2
V/ActivityManager( 1655): Broadcast sticky: Intent { act=android.intent.action.ADDITIONAL_BATTERY_CHANGED flg=0x60000010 (has extras) } ordered=false userid=-1 callerApp=null
V/ActivityManager( 1655): Broadcast sticky: Intent { act=android.intent.action.ADDITIONAL_BATTERY_CHANGED flg=0x60000010 (has extras) } ordered=false userid=-1 callerApp=null
D/ConnectivityService( 1655): getActiveNetworkInfo:NetworkInfo: type: WIFI[], state: CONNECTED/CONNECTED, reason: (unspecified), extra: "60_dev_01", roaming: false, failover: false, isAvailable: true, isConnectedToProvisioningNetwork: false, simId: 0/10276
D/ConnectivityService( 1655): getActiveNetworkInfo:NetworkInfo: type: WIFI[], state: CONNECTED/CONNECTED, reason: (unspecified), extra: "60_dev_01", roaming: false, failover: false, isAvailable: true, isConnectedToProvisioningNetwork: false, simId: 0/10276
D/OppoAlarmManagerHelper( 1655): windowLength == AlarmManager.WINDOW_EXACT
D/OppoAlarmManagerHelper( 1655): uid in mUidWhiteList =  1000
D/OppoAlarmManagerHelper( 1655): uid in mUidWhiteList =  1001
D/OppoAlarmManagerHelper( 1655): This uid use inexact alarm !!!  uid == 10276
D/OppoAlarmManagerHelper( 1655): Pkg in mPkgWhiteList =  com.android.cts.app
D/OppoAlarmManagerHelper( 1655): Pkg in mPkgWhiteList =  com.android.cts.stub
D/OppoAlarmManagerHelper( 1655): Pkg in mPkgWhiteList =  com.android.deskclock
D/OppoAlarmManagerHelper( 1655): Pkg in mPkgWhiteList =  com.android.mms
D/OppoAlarmManagerHelper( 1655): Pkg in mPkgWhiteList =  oppo.multimedia.soundrecorder
D/OppoAlarmManagerHelper( 1655): Pkg in mPkgWhiteList =  com.android.providers.calendar
D/OppoAlarmManagerHelper( 1655): Pkg in mPkgWhiteList =  com.oppo.music
D/OppoAlarmManagerHelper( 1655): Pkg in mPkgWhiteList =  com.codoon.gps
D/OppoAlarmManagerHelper( 1655): Pkg in mPkgWhiteList =  com.nearme.note
D/OppoAlarmManagerHelper( 1655): Pkg in mPkgWhiteList =  com.oppo.backuprestore
D/OppoAlarmManagerHelper( 1655): Pkg in mPkgWhiteList =  com.oppo.weather
D/OppoAlarmManagerHelper( 1655): Pkg in mPkgWhiteList =  com.android.providers.downloads
D/OppoAlarmManagerHelper( 1655): Pkg in mPkgWhiteList =  com.mobiletools.systemhelper
D/OppoAlarmManagerHelper( 1655): Pkg in mPkgWhiteList =  com.oppo.community
D/OppoAlarmManagerHelper( 1655): Pkg in mPkgWhiteList =  com.nearme.themespace
D/OppoAlarmManagerHelper( 1655): key in mKeyList == clock
D/OppoAlarmManagerHelper( 1655): key in mKeyList == alarm
D/OppoAlarmManagerHelper( 1655): key in mKeyList == calendar
D/OppoAlarmManagerHelper( 1655): This package use inexact alarm !!!  pkg1 == io.dcloud.HBuilder
D/OppoAlarmManagerHelper( 1655): Using  inexact alarm!!!!!!!!
V/AlarmManager( 1655): isAlarmNeedAlign : charging
V/AlarmManager( 1655): set(PendingIntent{44821478: PendingIntentRecord{42bf6398 io.dcloud.HBuilder broadcastIntent}}) : type=0 triggerAtTime=1514279628528 win=-1 tElapsed=23460006 maxElapsed=23469002 interval=0 standalone=false
V/AlarmManager( 1655): remove(operation) changed bounds; rebatching
V/AlarmManager( 1655): isAlarmNeedAlign : charging
V/AlarmManager( 1655): Adding Alarm{435d4570 type 2 com.tencent.android.qqdownloader} to Batch{43592aa0 num=2 start=23704674 end=23704674}
V/AlarmManager( 1655):     => now Batch{43592aa0 num=2 start=23704674 end=23704674}
V/AlarmManager( 1655): isAlarmNeedAlign : charging
V/AlarmManager( 1655): Adding Alarm{435d48b0 type 3 com.tencent.android.qqdownloader} to Batch{43592aa0 num=3 start=23704674 end=23704674}
V/AlarmManager( 1655):     => now Batch{43592aa0 num=3 start=23704674 end=23704674}
V/AlarmManager( 1655): isAlarmNeedAlign : charging
V/AlarmManager( 1655): Adding Alarm{43a30e08 type 1 com.tencent.android.qqdownloader} to Batch{43592aa0 num=4 start=23704674 end=23704674}
V/AlarmManager( 1655):     => now Batch{43592aa0 num=4 start=23704674 end=23704674}
V/AlarmManager( 1655): isAlarmNeedAlign : charging
V/AlarmManager( 1655): Adding Alarm{448919a0 type 0 com.kingroot.master} to Batch{43592aa0 num=5 start=23704674 end=23704674}
V/AlarmManager( 1655):     => now Batch{43592aa0 num=5 start=23704674 end=23704674}
V/AlarmManager( 1655): isAlarmNeedAlign : charging
V/AlarmManager( 1655): Adding Alarm{44a37768 type 0 com.kingroot.kinguser} to Batch{43592aa0 num=6 start=23704674 end=23704674}
V/AlarmManager( 1655):     => now Batch{43592aa0 num=6 start=23704674 end=23704674}
V/AlarmManager( 1655): isAlarmNeedAlign : charging
V/AlarmManager( 1655): isAlarmNeedAlign : charging
V/AlarmManager( 1655): Adding Alarm{427c9e48 type 0 com.kingroot.kinguser} to Batch{427c9dc0 num=2 start=23734265 end=23948912}
V/AlarmManager( 1655):     => now Batch{427c9dc0 num=2 start=23734420 end=23948912}
V/AlarmManager( 1655): Adding Alarm{42de8e40 type 0 android} to Batch{427c9dc0 num=3 start=23734420 end=23948912}
V/AlarmManager( 1655):     => now Batch{427c9dc0 num=3 start=23734533 end=23734533}
V/AlarmManager( 1655): isAlarmNeedAlign : charging
V/AlarmManager( 1655): isAlarmNeedAlign : charging
V/AlarmManager( 1655): Adding Alarm{42ffeac8 type 0 com.kingroot.kinguser} to Batch{42ffea58 num=2 start=23988318 end=26688318}
V/AlarmManager( 1655):     => now Batch{42ffea58 num=2 start=24034253 end=24473891}
V/AlarmManager( 1655): isAlarmNeedAlign : charging
V/AlarmManager( 1655): Adding Alarm{430d3aa8 type 0 com.kingroot.master} to Batch{42ffea58 num=3 start=24034253 end=24473891}
V/AlarmManager( 1655):     => now Batch{42ffea58 num=3 start=24034254 end=24473891}
V/AlarmManager( 1655): Adding Alarm{430d5c40 type 0 android} to Batch{42ffea58 num=4 start=24034254 end=24473891}
V/AlarmManager( 1655):     => now Batch{42ffea58 num=4 start=24034520 end=24034520}
V/AlarmManager( 1655): isAlarmNeedAlign : charging
V/AlarmManager( 1655): Adding Alarm{43490fc0 type 0 com.kingroot.kinguser} to Batch{43490f38 num=2 start=24512638 end=24512638}
V/AlarmManager( 1655):     => now Batch{43490f38 num=2 start=24512638 end=24512638}
V/AlarmManager( 1655): isAlarmNeedAlign : charging
V/AlarmManager( 1655): Adding Alarm{435ec8d0 type 2 android} to Batch{435ec848 num=2 start=24628066 end=25978066}
V/AlarmManager( 1655):     => now Batch{435ec848 num=2 start=24636479 end=24636479}
V/AlarmManager( 1655): isAlarmNeedAlign : charging
V/AlarmManager( 1655): Adding Alarm{43a10d38 type 2 com.oppo.widget.smallweather} to Batch{43a10cb0 num=2 start=24755882 end=26105882}
V/AlarmManager( 1655):     => now Batch{43a10cb0 num=2 start=24800743 end=24800743}
V/AlarmManager( 1655): isAlarmNeedAlign : charging
V/AlarmManager( 1655): isAlarmNeedAlign : charging
V/AlarmManager( 1655): Adding Alarm{441fd918 type 3 com.kingroot.kinguser} to Batch{441fd890 num=2 start=25219737 end=26569737}
V/AlarmManager( 1655):     => now Batch{441fd890 num=2 start=25220832 end=26569737}
V/AlarmManager( 1655): isAlarmNeedAlign : charging
V/AlarmManager( 1655): Adding Alarm{44b3cdb8 type 0 com.kingroot.kinguser} to Batch{441fd890 num=3 start=25220832 end=26569737}
V/AlarmManager( 1655):     => now Batch{441fd890 num=3 start=25234254 end=26569737}
V/AlarmManager( 1655): isAlarmNeedAlign : charging
V/AlarmManager( 1655): Adding Alarm{42fc9f40 type 0 com.kingroot.master} to Batch{441fd890 num=4 start=25234254 end=26569737}
V/AlarmManager( 1655):     => now Batch{441fd890 num=4 start=25234257 end=26569737}
V/AlarmManager( 1655): Adding Alarm{4304e088 type 0 android} to Batch{441fd890 num=5 start=25234257 end=26569737}
V/AlarmManager( 1655):     => now Batch{441fd890 num=5 start=25234520 end=25234520}
V/AlarmManager( 1655): isAlarmNeedAlign : charging
V/AlarmManager( 1655): isAlarmNeedAlign : charging
V/AlarmManager( 1655): Adding Alarm{432b7fb0 type 3 com.tencent.android.qqdownloader} to Batch{432b4e78 num=2 start=26591553 end=34691553}
V/AlarmManager( 1655):     => now Batch{432b4e78 num=2 start=26591566 end=34691553}
V/AlarmManager( 1655): isAlarmNeedAlign : charging
V/AlarmManager( 1655): Adding Alarm{434803f0 type 0 com.oppo.market} to Batch{432b4e78 num=3 start=26591566 end=34691553}
V/AlarmManager( 1655):     => now Batch{432b4e78 num=3 start=26591566 end=27839850}
V/AlarmManager( 1655): isAlarmNeedAlign : charging
V/AlarmManager( 1655): Adding Alarm{435b0180 type 0 com.oppo.market} to Batch{432b4e78 num=4 start=26591566 end=27839850}
V/AlarmManager( 1655):     => now Batch{432b4e78 num=4 start=26591566 end=27839850}
V/AlarmManager( 1655): isAlarmNeedAlign : charging
V/AlarmManager( 1655): Adding Alarm{43a1f258 type 1 com.tencent.android.qqdownloader} to Batch{432b4e78 num=5 start=26591566 end=27839850}
V/AlarmManager( 1655):     => now Batch{432b4e78 num=5 start=26643668 end=27839850}
V/AlarmManager( 1655): isAlarmNeedAlign : charging
V/AlarmManager( 1655): Adding Alarm{43a3e258 type 1 com.tencent.android.qqdownloader} to Batch{432b4e78 num=6 start=26643668 end=27839850}
V/AlarmManager( 1655):     => now Batch{432b4e78 num=6 start=27243135 end=27839850}
V/AlarmManager( 1655): isAlarmNeedAlign : charging
V/AlarmManager( 1655): Adding Alarm{45677bf0 type 1 com.tencent.android.qqdownloader} to Batch{432b4e78 num=7 start=27243135 end=27839850}
V/AlarmManager( 1655):     => now Batch{432b4e78 num=7 start=27497479 end=27839850}
V/AlarmManager( 1655): isAlarmNeedAlign : charging
V/AlarmManager( 1655): isAlarmNeedAlign : charging
V/AlarmManager( 1655): Adding Alarm{45a71990 type 2 com.nearme.statistics.rom} to Batch{45a71908 num=2 start=28823026 end=50423026}
V/AlarmManager( 1655):     => now Batch{45a71908 num=2 start=28890352 end=34290352}
V/AlarmManager( 1655): Adding Alarm{43245748 type 1 com.oppo.weather} to Batch{45a71908 num=3 start=28890352 end=34290352}
V/AlarmManager( 1655):     => now Batch{45a71908 num=3 start=30200942 end=30200942}
V/AlarmManager( 1655): isAlarmNeedAlign : charging
V/AlarmManager( 1655): isAlarmNeedAlign : charging
V/AlarmManager( 1655): Adding Alarm{432d58e8 type 0 com.tencent.android.qqdownloader} to Batch{432bc700 num=2 start=32400000 end=40500000}
V/AlarmManager( 1655):     => now Batch{432bc700 num=2 start=32437478 end=39179525}
V/AlarmManager( 1655): isAlarmNeedAlign : charging
V/AlarmManager( 1655): Adding Alarm{4383f140 type 0 com.tencent.android.qqdownloader} to Batch{432bc700 num=3 start=32437478 end=39179525}
V/AlarmManager( 1655):     => now Batch{432bc700 num=3 start=32437479 end=39179525}
V/AlarmManager( 1655): isAlarmNeedAlign : charging
V/AlarmManager( 1655): Adding Alarm{43a30270 type 0 com.tencent.android.qqdownloader} to Batch{432bc700 num=4 start=32437479 end=39179525}
V/AlarmManager( 1655):     => now Batch{432bc700 num=4 start=32437479 end=39179524}
V/AlarmManager( 1655): Adding Alarm{44842728 type 1 com.oppo.weather} to Batch{432bc700 num=5 start=32437479 end=39179524}
V/AlarmManager( 1655):     => now Batch{432bc700 num=5 start=33473869 end=33473869}
V/AlarmManager( 1655): isAlarmNeedAlign : charging
V/AlarmManager( 1655): isAlarmNeedAlign : charging
V/AlarmManager( 1655): Adding Alarm{42b00f40 type 0 com.android.browser} to Batch{42b00eb8 num=2 start=35508427 end=44553684}
V/AlarmManager( 1655):     => now Batch{42b00eb8 num=2 start=37576669 end=44553684}
V/AlarmManager( 1655): isAlarmNeedAlign : charging
V/AlarmManager( 1655): Adding Alarm{42fbac28 type 1 com.oppo.holidaymode} to Batch{42b00eb8 num=3 start=37576669 end=44553684}
V/AlarmManager( 1655):     => now Batch{42b00eb8 num=3 start=44231479 end=44553684}
V/AlarmManager( 1655): isAlarmNeedAlign : charging
V/AlarmManager( 1655): Adding Alarm{43116318 type 0 com.color.safecenter} to Batch{42b00eb8 num=4 start=44231479 end=44553684}
V/AlarmManager( 1655):     => now Batch{42b00eb8 num=4 start=44532323 end=44553684}
V/AlarmManager( 1655): isAlarmNeedAlign : charging
V/AlarmManager( 1655): Adding Alarm{435acc70 type 0 com.oupeng.max.sdk} to Batch{435acbe8 num=2 start=47831478 end=47831478}
V/AlarmManager( 1655):     => now Batch{435acbe8 num=2 start=47831478 end=47831478}
V/AlarmManager( 1655): isAlarmNeedAlign : charging
V/AlarmManager( 1655): isAlarmNeedAlign : charging
V/AlarmManager( 1655): Adding Alarm{43872ce8 type 1 com.oppo.launcher} to Batch{43872c60 num=2 start=47831479 end=112631479}
V/AlarmManager( 1655):     => now Batch{43872c60 num=2 start=47831479 end=66119023}
V/AlarmManager( 1655): isAlarmNeedAlign : charging
V/AlarmManager( 1655): Adding Alarm{439b4080 type 3 com.oppo.scratch} to Batch{43872c60 num=3 start=47831479 end=66119023}
V/AlarmManager( 1655):     => now Batch{43872c60 num=3 start=60396235 end=66119023}
V/AlarmManager( 1655): isAlarmNeedAlign : charging
V/AlarmManager( 1655): Adding Alarm{439b4350 type 0 com.coloros.oppomorningsystem} to Batch{43872c60 num=4 start=60396235 end=66119023}
V/AlarmManager( 1655):     => now Batch{43872c60 num=4 start=60396235 end=66119023}
V/AlarmManager( 1655): isAlarmNeedAlign : charging
V/AlarmManager( 1655): Adding Alarm{44950120 type 0 com.oupeng.max.sdk} to Batch{43872c60 num=5 start=60396235 end=66119023}
V/AlarmManager( 1655):     => now Batch{43872c60 num=5 start=62232051 end=66119023}
V/AlarmManager( 1655): isAlarmNeedAlign : charging
V/AlarmManager( 1655): isAlarmNeedAlign : charging
V/AlarmManager( 1655): Adding Alarm{449a9df8 type 2 com.nearme.statistics.rom} to Batch{449a9d70 num=2 start=86429631 end=151229631}
V/AlarmManager( 1655):     => now Batch{449a9d70 num=2 start=86490357 end=151229631}
V/AlarmManager( 1655): isAlarmNeedAlign : charging
V/AlarmManager( 1655): Adding Alarm{449a9fb0 type 0 com.android.email} to Batch{449a9d70 num=3 start=86490357 end=151229631}
V/AlarmManager( 1655):     => now Batch{449a9d70 num=3 start=86490357 end=148993050}
V/AlarmManager( 1655): isAlarmNeedAlign : charging
V/AlarmManager( 1655): Adding Alarm{42f25700 type 0 com.android.email} to Batch{449a9d70 num=4 start=86490357 end=148993050}
V/AlarmManager( 1655):     => now Batch{449a9d70 num=4 start=86490357 end=148993050}
V/AlarmManager( 1655): isAlarmNeedAlign : charging
V/AlarmManager( 1655): Adding Alarm{4309ffe0 type 1 com.sohu.inputmethod.sogouoem} to Batch{449a9d70 num=5 start=86490357 end=148993050}
V/AlarmManager( 1655):     => now Batch{449a9d70 num=5 start=86490357 end=148993050}
V/AlarmManager( 1655): isAlarmNeedAlign : charging
V/AlarmManager( 1655): Adding Alarm{4311c9f0 type 1 com.sohu.inputmethod.sogouoem} to Batch{449a9d70 num=6 start=86490357 end=148993050}
V/AlarmManager( 1655):     => now Batch{449a9d70 num=6 start=90139366 end=148993050}
V/AlarmManager( 1655): isAlarmNeedAlign : charging
V/AlarmManager( 1655): Adding Alarm{432831d8 type 1 com.oppo.yellowpage} to Batch{449a9d70 num=7 start=90139366 end=148993050}
V/AlarmManager( 1655):     => now Batch{449a9d70 num=7 start=93082423 end=145308169}
V/AlarmManager( 1655): isAlarmNeedAlign : charging
V/AlarmManager( 1655): Adding Alarm{4359b508 type 1 com.nearme.statistics.rom} to Batch{449a9d70 num=8 start=93082423 end=145308169}
V/AlarmManager( 1655):     => now Batch{449a9d70 num=8 start=96082420 end=145308169}
V/AlarmManager( 1655): Adding Alarm{43a40ab8 type 1 com.nearme.feedback} to Batch{449a9d70 num=9 start=96082420 end=145308169}
V/AlarmManager( 1655):     => now Batch{449a9d70 num=9 start=96082482 end=96082482}
V/AlarmManager( 1655): isAlarmNeedAlign : charging
V/AlarmManager( 1655): isAlarmNeedAlign : charging
V/AlarmManager( 1655): Adding Alarm{4482f8b8 type 0 com.oppo.filemanager} to Batch{4482f848 num=2 start=180137064 end=297653790}
V/AlarmManager( 1655):     => now Batch{4482f848 num=2 start=180137064 end=292919015}
V/AlarmManager( 1655): isAlarmNeedAlign : charging
V/AlarmManager( 1655): Adding Alarm{45371290 type 1 com.sohu.inputmethod.sogouoem} to Batch{4482f848 num=3 start=180137064 end=292919015}
V/AlarmManager( 1655):     => now Batch{4482f848 num=3 start=259261468 end=292919015}
V/AlarmManager( 1655): isAlarmNeedAlign : charging
V/AlarmManager( 1655): isAlarmNeedAlign : charging
V/AlarmManager( 1655): isAlarmNeedAlign : charging
V/AlarmManager( 1655): isAlarmNeedAlign : charging
V/AlarmManager( 1655): Adding Alarm{4311ad88 type 0 com.oppo.market} to Batch{4311ad00 num=2 start=2592033106 end=4518471863}
V/AlarmManager( 1655):     => now Batch{4311ad00 num=2 start=2596910624 end=4518471863}
V/AlarmManager( 1655): isAlarmNeedAlign : charging
V/AlarmManager( 1655): isAlarmNeedAlign : charging
D/ConnectivityService( 1655): getActiveNetworkInfo:NetworkInfo: type: WIFI[], state: CONNECTED/CONNECTED, reason: (unspecified), extra: "60_dev_01", roaming: false, failover: false, isAvailable: true, isConnectedToProvisioningNetwork: false, simId: 0/10276
D/dalvikvm(31092): between the previous GC alloc  6287K
D/dalvikvm(31092): currentAlloc=11713920 - lastAllocatedSize=5164656 < 10485760, don't trigger GC
D/dalvikvm(31092): GC_CONCURRENT freed 7648K (24774), 82% free 4719K/25264K, paused 7ms+5ms, total 50ms
W/Provider/Settings(31092): Setting auto_time has moved from android.provider.Settings.System to android.provider.Settings.Global, returning read-only value.
V/Provider/Settings(31092): get setting for user 0 by user 0 so skipping cache
V/Provider/Settings(31092):  from settings cache , name = auto_time , value = 1
D/SQLiteDatabase(31092): beginTransaction()
D/SQLiteDatabase(31092): endTransaction()
D/ConnectivityService( 1655): getActiveNetworkInfo:NetworkInfo: type: WIFI[], state: CONNECTED/CONNECTED, reason: (unspecified), extra: "60_dev_01", roaming: false, failover: false, isAvailable: true, isConnectedToProvisioningNetwork: false, simId: 0/10188
D/ConnectivityService( 1655): getActiveNetworkInfo:NetworkInfo: type: WIFI[], state: CONNECTED/CONNECTED, reason: (unspecified), extra: "60_dev_01", roaming: false, failover: false, isAvailable: true, isConnectedToProvisioningNetwork: false, simId: 0/10188
D/OppoAlarmManagerHelper( 1655): windowLength == AlarmManager.WINDOW_EXACT
D/OppoAlarmManagerHelper( 1655): uid in mUidWhiteList =  1000
D/OppoAlarmManagerHelper( 1655): uid in mUidWhiteList =  1001
D/OppoAlarmManagerHelper( 1655): This uid use inexact alarm !!!  uid == 10188
D/OppoAlarmManagerHelper( 1655): Pkg in mPkgWhiteList =  com.android.cts.app
D/OppoAlarmManagerHelper( 1655): Pkg in mPkgWhiteList =  com.android.cts.stub
D/OppoAlarmManagerHelper( 1655): Pkg in mPkgWhiteList =  com.android.deskclock
D/OppoAlarmManagerHelper( 1655): Pkg in mPkgWhiteList =  com.android.mms
D/OppoAlarmManagerHelper( 1655): Pkg in mPkgWhiteList =  oppo.multimedia.soundrecorder
D/OppoAlarmManagerHelper( 1655): Pkg in mPkgWhiteList =  com.android.providers.calendar
D/OppoAlarmManagerHelper( 1655): Pkg in mPkgWhiteList =  com.oppo.music
D/OppoAlarmManagerHelper( 1655): Pkg in mPkgWhiteList =  com.codoon.gps
D/OppoAlarmManagerHelper( 1655): Pkg in mPkgWhiteList =  com.nearme.note
D/OppoAlarmManagerHelper( 1655): Pkg in mPkgWhiteList =  com.oppo.backuprestore
D/OppoAlarmManagerHelper( 1655): Pkg in mPkgWhiteList =  com.oppo.weather
D/OppoAlarmManagerHelper( 1655): Pkg in mPkgWhiteList =  com.android.providers.downloads
D/OppoAlarmManagerHelper( 1655): Pkg in mPkgWhiteList =  com.mobiletools.systemhelper
D/OppoAlarmManagerHelper( 1655): Pkg in mPkgWhiteList =  com.oppo.community
D/OppoAlarmManagerHelper( 1655): Pkg in mPkgWhiteList =  com.nearme.themespace
D/OppoAlarmManagerHelper( 1655): key in mKeyList == clock
D/OppoAlarmManagerHelper( 1655): key in mKeyList == alarm
D/OppoAlarmManagerHelper( 1655): key in mKeyList == calendar
D/OppoAlarmManagerHelper( 1655): This package use inexact alarm !!!  pkg1 == com.moji.airnut
D/OppoAlarmManagerHelper( 1655): Using  inexact alarm!!!!!!!!
V/AlarmManager( 1655): isAlarmNeedAlign : charging
V/AlarmManager( 1655): set(PendingIntent{43913540: PendingIntentRecord{43020bd8 com.moji.airnut broadcastIntent}}) : type=0 triggerAtTime=1514279628800 win=-1 tElapsed=23460279 maxElapsed=23469278 interval=0 standalone=false
D/dalvikvm( 4600): create interp thread : stack size=128KB
D/dalvikvm( 4600): create new thread
D/dalvikvm( 4600): new thread created
D/dalvikvm( 4600): update thread list
D/dalvikvm( 4600): threadid=11: interp stack at 0x781fd000
D/dalvikvm( 4600): threadid=11: created from interp
D/dalvikvm( 4600): start new thread
D/dalvikvm( 4600): threadid=11: notify debugger
D/dalvikvm( 4600): threadid=11 (Thread-261): calling run()
D/dalvikvm( 4600): threadid=11: exiting
D/dalvikvm( 4600): threadid=11: bye!
V/AlarmManager( 1655): remove(operation) changed bounds; rebatching
V/AlarmManager( 1655): isAlarmNeedAlign : charging
V/AlarmManager( 1655): isAlarmNeedAlign : charging
V/AlarmManager( 1655): Adding Alarm{42f21a30 type 3 com.tencent.android.qqdownloader} to Batch{42f219a8 num=2 start=23634144 end=23773500}
V/AlarmManager( 1655):     => now Batch{42f219a8 num=2 start=23643045 end=23773500}
V/AlarmManager( 1655): isAlarmNeedAlign : charging
V/AlarmManager( 1655): Adding Alarm{430ed210 type 1 com.tencent.android.qqdownloader} to Batch{42f219a8 num=3 start=23643045 end=23773500}
V/AlarmManager( 1655):     => now Batch{42f219a8 num=3 start=23643045 end=23747837}
V/AlarmManager( 1655): isAlarmNeedAlign : charging
V/AlarmManager( 1655): Adding Alarm{431990b8 type 0 com.kingroot.master} to Batch{42f219a8 num=4 start=23643045 end=23747837}
V/AlarmManager( 1655):     => now Batch{42f219a8 num=4 start=23704385 end=23747837}
V/AlarmManager( 1655): isAlarmNeedAlign : charging
V/AlarmManager( 1655): Adding Alarm{433268c8 type 0 com.kingroot.kinguser} to Batch{42f219a8 num=5 start=23704385 end=23747837}
V/AlarmManager( 1655):     => now Batch{42f219a8 num=5 start=23704417 end=23747837}
V/AlarmManager( 1655): Adding Alarm{43501cd0 type 0 android} to Batch{42f219a8 num=6 start=23704417 end=23747837}
V/AlarmManager( 1655):     => now Batch{42f219a8 num=6 start=23704674 end=23704674}
V/AlarmManager( 1655): isAlarmNeedAlign : charging
V/AlarmManager( 1655): isAlarmNeedAlign : charging
V/AlarmManager( 1655): Adding Alarm{438276c0 type 0 com.kingroot.kinguser} to Batch{43827638 num=2 start=23734265 end=23948711}
V/AlarmManager( 1655):     => now Batch{43827638 num=2 start=23734420 end=23948711}
V/AlarmManager( 1655): Adding Alarm{43865740 type 0 android} to Batch{43827638 num=3 start=23734420 end=23948711}
V/AlarmManager( 1655):     => now Batch{43827638 num=3 start=23734534 end=23734534}
V/AlarmManager( 1655): isAlarmNeedAlign : charging
V/AlarmManager( 1655): isAlarmNeedAlign : charging
V/AlarmManager( 1655): Adding Alarm{43f3ed40 type 0 com.kingroot.kinguser} to Batch{43f3ecb8 num=2 start=23988318 end=26688318}
V/AlarmManager( 1655):     => now Batch{43f3ecb8 num=2 start=24034253 end=24473690}
V/AlarmManager( 1655): isAlarmNeedAlign : charging
V/AlarmManager( 1655): Adding Alarm{44640238 type 0 com.kingroot.master} to Batch{43f3ecb8 num=3 start=24034253 end=24473690}
V/AlarmManager( 1655):     => now Batch{43f3ecb8 num=3 start=24034255 end=24473690}
V/AlarmManager( 1655): Adding Alarm{45579f38 type 0 android} to Batch{43f3ecb8 num=4 start=24034255 end=24473690}
V/AlarmManager( 1655):     => now Batch{43f3ecb8 num=4 start=24034520 end=24034520}
V/AlarmManager( 1655): isAlarmNeedAlign : charging
V/AlarmManager( 1655): Adding Alarm{4304ed30 type 0 com.kingroot.kinguser} to Batch{4304eca8 num=2 start=24512638 end=24512638}
V/AlarmManager( 1655):     => now Batch{4304eca8 num=2 start=24512638 end=24512638}
V/AlarmManager( 1655): isAlarmNeedAlign : charging
V/AlarmManager( 1655): Adding Alarm{4315b928 type 2 android} to Batch{4315b8b8 num=2 start=24628066 end=25978066}
V/AlarmManager( 1655):     => now Batch{4315b8b8 num=2 start=24636479 end=24636479}
V/AlarmManager( 1655): isAlarmNeedAlign : charging
V/AlarmManager( 1655): Adding Alarm{431cc088 type 2 com.oppo.widget.smallweather} to Batch{431cc000 num=2 start=24755882 end=26105882}
V/AlarmManager( 1655):     => now Batch{431cc000 num=2 start=24800743 end=24800743}
V/AlarmManager( 1655): isAlarmNeedAlign : charging
V/AlarmManager( 1655): isAlarmNeedAlign : charging
V/AlarmManager( 1655): Adding Alarm{432f1250 type 3 com.kingroot.kinguser} to Batch{4327c930 num=2 start=25219737 end=26569737}
V/AlarmManager( 1655):     => now Batch{4327c930 num=2 start=25220832 end=26569737}
V/AlarmManager( 1655): isAlarmNeedAlign : charging
V/AlarmManager( 1655): Adding Alarm{43463c70 type 0 com.kingroot.kinguser} to Batch{4327c930 num=3 start=25220832 end=26569737}
V/AlarmManager( 1655):     => now Batch{4327c930 num=3 start=25234255 end=26569737}
V/AlarmManager( 1655): isAlarmNeedAlign : charging
V/AlarmManager( 1655): Adding Alarm{435beec0 type 0 com.kingroot.master} to Batch{4327c930 num=4 start=25234255 end=26569737}
V/AlarmManager( 1655):     => now Batch{4327c930 num=4 start=25234257 end=26569737}
V/AlarmManager( 1655): Adding Alarm{43a14278 type 0 android} to Batch{4327c930 num=5 start=25234257 end=26569737}
V/AlarmManager( 1655):     => now Batch{4327c930 num=5 start=25234521 end=25234521}
V/AlarmManager( 1655): isAlarmNeedAlign : charging
V/AlarmManager( 1655): isAlarmNeedAlign : charging
V/AlarmManager( 1655): Adding Alarm{43d4ffd8 type 3 com.tencent.android.qqdownloader} to Batch{43a902b8 num=2 start=26591553 end=34691553}
V/AlarmManager( 1655):     => now Batch{43a902b8 num=2 start=26591566 end=34691553}
V/AlarmManager( 1655): isAlarmNeedAlign : charging
V/AlarmManager( 1655): Adding Alarm{43dac360 type 0 com.oppo.market} to Batch{43a902b8 num=3 start=26591566 end=34691553}
V/AlarmManager( 1655):     => now Batch{43a902b8 num=3 start=26591566 end=27839655}
V/AlarmManager( 1655): isAlarmNeedAlign : charging
V/AlarmManager( 1655): Adding Alarm{44b32ff8 type 0 com.oppo.market} to Batch{43a902b8 num=4 start=26591566 end=27839655}
V/AlarmManager( 1655):     => now Batch{43a902b8 num=4 start=26591566 end=27839655}
V/AlarmManager( 1655): isAlarmNeedAlign : charging
V/AlarmManager( 1655): Adding Alarm{42d88ce0 type 1 com.tencent.android.qqdownloader} to Batch{43a902b8 num=5 start=26591566 end=27839655}
V/AlarmManager( 1655):     => now Batch{43a902b8 num=5 start=26643669 end=27839655}
V/AlarmManager( 1655): isAlarmNeedAlign : charging
V/AlarmManager( 1655): Adding Alarm{431007c8 type 1 com.tencent.android.qqdownloader} to Batch{43a902b8 num=6 start=26643669 end=27839655}
V/AlarmManager( 1655):     => now Batch{43a902b8 num=6 start=27243135 end=27839655}
V/AlarmManager( 1655): isAlarmNeedAlign : charging
V/AlarmManager( 1655): Adding Alarm{43237978 type 1 com.tencent.android.qqdownloader} to Batch{43a902b8 num=7 start=27243135 end=27839655}
V/AlarmManager( 1655):     => now Batch{43a902b8 num=7 start=27497479 end=27839655}
V/AlarmManager( 1655): isAlarmNeedAlign : charging
V/AlarmManager( 1655): isAlarmNeedAlign : charging
V/AlarmManager( 1655): Adding Alarm{4357aa08 type 2 com.nearme.statistics.rom} to Batch{4357a980 num=2 start=28823026 end=50423026}
V/AlarmManager( 1655):     => now Batch{4357a980 num=2 start=28890352 end=34290352}
V/AlarmManager( 1655): Adding Alarm{43860210 type 1 com.oppo.weather} to Batch{4357a980 num=3 start=28890352 end=34290352}
V/AlarmManager( 1655):     => now Batch{4357a980 num=3 start=30200941 end=30200941}
V/AlarmManager( 1655): isAlarmNeedAlign : charging
V/AlarmManager( 1655): isAlarmNeedAlign : charging
V/AlarmManager( 1655): Adding Alarm{43d2fca8 type 0 com.tencent.android.qqdownloader} to Batch{43a1cf48 num=2 start=32400000 end=40500000}
V/AlarmManager( 1655):     => now Batch{43a1cf48 num=2 start=32437478 end=39179333}
V/AlarmManager( 1655): isAlarmNeedAlign : charging
V/AlarmManager( 1655): Adding Alarm{447de960 type 0 com.tencent.android.qqdownloader} to Batch{43a1cf48 num=3 start=32437478 end=39179333}
V/AlarmManager( 1655):     => now Batch{43a1cf48 num=3 start=32437479 end=39179333}
V/AlarmManager( 1655): isAlarmNeedAlign : charging
V/AlarmManager( 1655): Adding Alarm{431133d0 type 0 com.tencent.android.qqdownloader} to Batch{43a1cf48 num=4 start=32437479 end=39179333}
V/AlarmManager( 1655):     => now Batch{43a1cf48 num=4 start=32437479 end=39179333}
V/AlarmManager( 1655): Adding Alarm{432d10b0 type 1 com.oppo.weather} to Batch{43a1cf48 num=5 start=32437479 end=39179333}
V/AlarmManager( 1655):     => now Batch{43a1cf48 num=5 start=33473869 end=33473869}
V/AlarmManager( 1655): isAlarmNeedAlign : charging
V/AlarmManager( 1655): isAlarmNeedAlign : charging
V/AlarmManager( 1655): Adding Alarm{43577938 type 0 com.android.browser} to Batch{435778b0 num=2 start=35508428 end=44553494}
V/AlarmManager( 1655):     => now Batch{435778b0 num=2 start=37576670 end=44553494}
V/AlarmManager( 1655): isAlarmNeedAlign : charging
V/AlarmManager( 1655): Adding Alarm{438b5418 type 1 com.oppo.holidaymode} to Batch{435778b0 num=3 start=37576670 end=44553494}
V/AlarmManager( 1655):     => now Batch{435778b0 num=3 start=44231478 end=44553494}
V/AlarmManager( 1655): isAlarmNeedAlign : charging
V/AlarmManager( 1655): Adding Alarm{438b57a8 type 0 com.color.safecenter} to Batch{435778b0 num=4 start=44231478 end=44553494}
V/AlarmManager( 1655):     => now Batch{435778b0 num=4 start=44532322 end=44553494}
V/AlarmManager( 1655): isAlarmNeedAlign : charging
V/AlarmManager( 1655): Adding Alarm{43abf510 type 0 com.oppo.wallpaper} to Batch{43abf488 num=2 start=47831479 end=112631479}
V/AlarmManager( 1655):     => now Batch{43abf488 num=2 start=47831479 end=47831479}
V/AlarmManager( 1655): isAlarmNeedAlign : charging
V/AlarmManager( 1655): isAlarmNeedAlign : charging
V/AlarmManager( 1655): Adding Alarm{4463a580 type 1 com.oppo.launcher} to Batch{43abf488 num=3 start=47831479 end=47831479}
V/AlarmManager( 1655):     => now Batch{43abf488 num=3 start=47831479 end=47831479}
V/AlarmManager( 1655): isAlarmNeedAlign : charging
V/AlarmManager( 1655): Adding Alarm{447c5cd0 type 1 com.sohu.inputmethod.sogouoem} to Batch{43abf488 num=4 start=47831479 end=47831479}
V/AlarmManager( 1655):     => now Batch{43abf488 num=4 start=47831479 end=47831479}
V/AlarmManager( 1655): isAlarmNeedAlign : charging
V/AlarmManager( 1655): Adding Alarm{447f5f08 type 0 com.coloros.oppomorningsystem} to Batch{43d1f878 num=2 start=60396235 end=88107156}
V/AlarmManager( 1655):     => now Batch{43d1f878 num=2 start=60396235 end=88107156}
V/AlarmManager( 1655): isAlarmNeedAlign : charging
V/AlarmManager( 1655): Adding Alarm{44940f98 type 0 com.oupeng.max.sdk} to Batch{43d1f878 num=3 start=60396235 end=88107156}
V/AlarmManager( 1655):     => now Batch{43d1f878 num=3 start=62232050 end=88107156}
V/AlarmManager( 1655): Adding Alarm{44b53d10 type 0 com.android.providers.calendar} to Batch{43d1f878 num=4 start=62232050 end=88107156}
V/AlarmManager( 1655):     => now Batch{43d1f878 num=4 start=79750377 end=79750377}
V/AlarmManager( 1655): isAlarmNeedAlign : charging
V/AlarmManager( 1655): isAlarmNeedAlign : charging
V/AlarmManager( 1655): Adding Alarm{4551ae30 type 2 com.nearme.statistics.rom} to Batch{4551adc0 num=2 start=86429631 end=151229631}
V/AlarmManager( 1655):     => now Batch{4551adc0 num=2 start=86490357 end=151229631}
V/AlarmManager( 1655): isAlarmNeedAlign : charging
V/AlarmManager( 1655): Adding Alarm{42fb1d98 type 0 com.android.email} to Batch{4551adc0 num=3 start=86490357 end=151229631}
V/AlarmManager( 1655):     => now Batch{4551adc0 num=3 start=86490357 end=148993050}
V/AlarmManager( 1655): isAlarmNeedAlign : charging
V/AlarmManager( 1655): Adding Alarm{4551ae78 type 0 com.android.email} to Batch{4551adc0 num=4 start=86490357 end=148993050}
V/AlarmManager( 1655):     => now Batch{4551adc0 num=4 start=86490357 end=148993050}
V/AlarmManager( 1655): isAlarmNeedAlign : charging
V/AlarmManager( 1655): Adding Alarm{431f7740 type 1 com.sohu.inputmethod.sogouoem} to Batch{4551adc0 num=5 start=86490357 end=148993050}
V/AlarmManager( 1655):     => now Batch{4551adc0 num=5 start=86490357 end=148993050}
V/AlarmManager( 1655): isAlarmNeedAlign : charging
V/AlarmManager( 1655): Adding Alarm{4323dc58 type 1 com.sohu.inputmethod.sogouoem} to Batch{4551adc0 num=6 start=86490357 end=148993050}
V/AlarmManager( 1655):     => now Batch{4551adc0 num=6 start=90139365 end=148993050}
V/AlarmManager( 1655): isAlarmNeedAlign : charging
V/AlarmManager( 1655): Adding Alarm{434b57f0 type 1 com.oppo.yellowpage} to Batch{4551adc0 num=7 start=90139365 end=148993050}
V/AlarmManager( 1655):     => now Batch{4551adc0 num=7 start=93082422 end=145307982}
V/AlarmManager( 1655): isAlarmNeedAlign : charging
V/AlarmManager( 1655): Adding Alarm{43538448 type 1 com.nearme.statistics.rom} to Batch{4551adc0 num=8 start=93082422 end=145307982}
V/AlarmManager( 1655):     => now Batch{4551adc0 num=8 start=96082420 end=145307982}
V/AlarmManager( 1655): Adding Alarm{438c31e0 type 1 com.nearme.feedback} to Batch{4551adc0 num=9 start=96082420 end=145307982}
V/AlarmManager( 1655):     => now Batch{4551adc0 num=9 start=96082482 end=96082482}
V/AlarmManager( 1655): isAlarmNeedAlign : charging
V/AlarmManager( 1655): isAlarmNeedAlign : charging
V/AlarmManager( 1655): Adding Alarm{441fb088 type 0 com.oppo.filemanager} to Batch{441fb000 num=2 start=180137064 end=297653605}
V/AlarmManager( 1655):     => now Batch{441fb000 num=2 start=180137064 end=292918831}
V/AlarmManager( 1655): isAlarmNeedAlign : charging
V/AlarmManager( 1655): Adding Alarm{45a6f670 type 1 com.sohu.inputmethod.sogouoem} to Batch{441fb000 num=3 start=180137064 end=292918831}
V/AlarmManager( 1655):     => now Batch{441fb000 num=3 start=259261469 end=292918831}
V/AlarmManager( 1655): isAlarmNeedAlign : charging
V/AlarmManager( 1655): isAlarmNeedAlign : charging
V/AlarmManager( 1655): isAlarmNeedAlign : charging
V/AlarmManager( 1655): isAlarmNeedAlign : charging
V/AlarmManager( 1655): Adding Alarm{42fa8510 type 0 com.oppo.market} to Batch{42fa8488 num=2 start=2592033105 end=4518471677}
V/AlarmManager( 1655):     => now Batch{42fa8488 num=2 start=2596910623 end=4518471677}
V/AlarmManager( 1655): isAlarmNeedAlign : charging
V/AlarmManager( 1655): isAlarmNeedAlign : charging
D/ConnectivityService( 1655): getActiveNetworkInfo:NetworkInfo: type: WIFI[], state: CONNECTED/CONNECTED, reason: (unspecified), extra: "60_dev_01", roaming: false, failover: false, isAvailable: true, isConnectedToProvisioningNetwork: false, simId: 0/10188
D/dalvikvm( 4533): create interp thread : stack size=128KB
D/dalvikvm( 4533): create new thread
D/dalvikvm( 4533): new thread created
D/dalvikvm( 4533): update thread list
D/dalvikvm( 4533): threadid=17: interp stack at 0x79172000
D/dalvikvm( 4533): threadid=17: created from interp
D/dalvikvm( 4533): start new thread
D/dalvikvm( 4533): threadid=17: notify debugger
D/dalvikvm( 4533): threadid=17 (Thread-4829): calling run()
I/KSO_STAT( 4533): App is in background, stop update end time, ready to start a new session.
D/SQLiteDatabase( 4533): beginTransaction()
D/SQLiteDatabase( 4533): endTransaction()
D/dalvikvm( 4533): threadid=17: exiting
D/dalvikvm( 4533): threadid=17: bye!
D/WifiStateMachine( 1655): ConnectedState{ when=-4ms what=131155 arg1=14 target=com.android.internal.util.StateMachine$SmHandler target=Handler (com.android.internal.util.StateMachine$SmHandler) {43142030} }
D/WifiStateMachine( 1655): L2ConnectedState{ when=-4ms what=131155 arg1=14 target=com.android.internal.util.StateMachine$SmHandler target=Handler (com.android.internal.util.StateMachine$SmHandler) {43142030} }
D/WifiHW  ( 1655): enter -->wifi_send_command cmd=IFNAME=wlan0 SIGNAL_POLL
D/wpa_supplicant( 3981): RX ctrl_iface - hexdump(len=11): 53 49 47 4e 41 4c 5f 50 4f 4c 4c
D/wpa_supplicant( 3981): wlan0: Control interface command 'SIGNAL_POLL'
D/wpa_supplicant( 3981): nl80211: survey data missing!
