I/WifiStateMachine( 1655): fetchRssiAndLinkSpeedNative, newRssi:-47, newLinkSpeed:65, SSID:"60_dev_01"
D/WifiStateMachine( 1655): mRssiArray[0] = -47
D/WifiStateMachine( 1655): mRssiArray[1] = -45
D/WifiStateMachine( 1655): mRssiArray[2] = -45
D/WifiStateMachine( 1655): mRssiArray[3] = -46
D/WifiStateMachine( 1655): mRssiArray[4] = -46
D/WifiStateMachine( 1655): GetFilterRssi is : -46
D/WifiStateMachine( 1655): mLastSignalLevel:4, newSignalLevel:4
D/WifiStateMachine( 1655): fetchRssiAndLinkSpeedNative, ipAddr:1795166380
D/BatteryService( 1655): mBatteryVoltage=4072, batteryLevel=50
V/ActivityManager( 1655): Broadcast sticky: Intent { act=android.intent.action.ADDITIONAL_BATTERY_CHANGED flg=0x60000010 (has extras) } ordered=false userid=-1 callerApp=null
V/ActivityManager( 1655): Broadcast sticky: Intent { act=android.intent.action.BATTERY_CHANGED flg=0x60000010 (has extras) } ordered=false userid=-1 callerApp=null
D/WifiService( 1655): onReceive, action:android.intent.action.BATTERY_CHANGED
D/WifiController( 1655): DeviceActiveState{ when=0 what=155652 arg1=2 target=com.android.internal.util.StateMachine$SmHandler target=Handler (com.android.internal.util.StateMachine$SmHandler) {431e59b8} }
D/WifiController( 1655): StaEnabledState{ when=0 what=155652 arg1=2 target=com.android.internal.util.StateMachine$SmHandler target=Handler (com.android.internal.util.StateMachine$SmHandler) {431e59b8} }
D/WifiController( 1655): DefaultState{ when=-1ms what=155652 arg1=2 target=com.android.internal.util.StateMachine$SmHandler target=Handler (com.android.internal.util.StateMachine$SmHandler) {431e59b8} }
D/WifiController( 1655): battery changed pluggedType: 2
D/PowerSaveService( 4327): PowerSaveReceiver EXTRA_STATUS: status = 2, lastCharging = true
V/ActivityManager( 1655): Broadcast sticky: Intent { act=android.intent.action.ADDITIONAL_BATTERY_CHANGED flg=0x60000010 (has extras) } ordered=false userid=-1 callerApp=null
D/UsbDeviceManager( 1655): onReceive - BATTERY_CHANGED - mPlugType: 2, mSettingUsbCharging: false, mConnected: true, mSettingUsbBicr: false
V/ActivityManager( 1655): Broadcast sticky: Intent { act=android.intent.action.ADDITIONAL_BATTERY_CHANGED flg=0x60000010 (has extras) } ordered=false userid=-1 callerApp=null
D/dalvikvm( 4533): create interp thread : stack size=128KB
D/dalvikvm( 4533): create new thread
D/dalvikvm( 4533): new thread created
D/dalvikvm( 4533): update thread list
D/dalvikvm( 4533): threadid=17: interp stack at 0x79172000
D/dalvikvm( 4533): threadid=17: created from interp
D/dalvikvm( 4533): start new thread
D/dalvikvm( 4533): threadid=17: notify debugger
D/dalvikvm( 4533): threadid=17 (Thread-4834): calling run()
I/KSO_STAT( 4533): App is in background, stop update end time, ready to start a new session.
D/SQLiteDatabase( 4533): beginTransaction()
D/SQLiteDatabase( 4533): endTransaction()
D/dalvikvm( 4533): threadid=17: exiting
D/dalvikvm( 4533): threadid=17: bye!
D/PhoneInterfaceManagerEx( 4184): [PhoneIntfMgrEx] hasIccCard  simId=0
D/PhoneInterfaceManagerEx( 4184): [PhoneIntfMgrEx] hasIccCard  simId=1
I/ANRManager( 1655): updateProcessStats
I/uSDK    (13777): [CAE][D][2017-12-26 17:14:04.098364][cae_softap_user_task:730][buffer fd or timeout ]
I/uSDK    (13777): [CAE][D][2017-12-26 17:14:04.098452][cae_su_read_buffer_to_send:630][count[0]***]
I/uSDK    (13777): [CAE][D][2017-12-26 17:14:04.098506][su_ctx_fd_set:692][MAX fd[-1]]
I/console (13777): [LOG] ws=heartTest.success at dist/js/source/push.js:1
D/WifiStateMachine( 1655): ConnectedState{ when=-2ms what=131155 arg1=14 target=com.android.internal.util.StateMachine$SmHandler target=Handler (com.android.internal.util.StateMachine$SmHandler) {43142030} }
D/WifiStateMachine( 1655): L2ConnectedState{ when=-2ms what=131155 arg1=14 target=com.android.internal.util.StateMachine$SmHandler target=Handler (com.android.internal.util.StateMachine$SmHandler) {43142030} }
D/WifiHW  ( 1655): enter -->wifi_send_command cmd=IFNAME=wlan0 SIGNAL_POLL
D/wpa_supplicant( 3981): RX ctrl_iface - hexdump(len=11): 53 49 47 4e 41 4c 5f 50 4f 4c 4c
D/wpa_supplicant( 3981): wlan0: Control interface command 'SIGNAL_POLL'
D/wpa_supplicant( 3981): nl80211: survey data missing!
D/wpa_supplicant( 3981): signal poll, reply_len=48
D/wpa_ctrl( 1655): reply_len=4095
D/WifiHW  ( 1655): leave --> reply=RSSI=-47
D/WifiHW  ( 1655): LINKSPEED=65
D/WifiHW  ( 1655): NOISE=9999
D/WifiHW  ( 1655): FREQUENCY=2412
D/WifiHW  ( 1655): 
D/wifi    ( 1655): doStringCommand, buf IFNAME=wlan0 SIGNAL_POLL
I/WifiStateMachine( 1655): fetchRssiAndLinkSpeedNative, newRssi:-47, newLinkSpeed:65, SSID:"60_dev_01"
D/WifiStateMachine( 1655): mRssiArray[0] = -47
D/WifiStateMachine( 1655): mRssiArray[1] = -47
D/WifiStateMachine( 1655): mRssiArray[2] = -45
D/WifiStateMachine( 1655): mRssiArray[3] = -46
D/WifiStateMachine( 1655): mRssiArray[4] = -46
D/WifiStateMachine( 1655): GetFilterRssi is : -46
D/WifiStateMachine( 1655): mLastSignalLevel:4, newSignalLevel:4
D/WifiStateMachine( 1655): fetchRssiAndLinkSpeedNative, ipAddr:1795166380
I/ANRManager( 1655): CPU update time < 2.5sec
E/RemoteViews(27455): ANR Warning,RemoteViews can only be used once ,if not ,it may cause ANR in hosts such as Laucher,SystemUI. keys for search <ANR Exception MSG   History>
D/RemoteViews( 1655): RemoteViews parcel: android.os.Parcel@43173ce8 bitmapCache: null
V/NotificationService( 1655): enqueueNotificationInternal: pkg=com.tencent.android.qqdownloader id=127 notification=Notification(pri=1 contentView=com.tencent.android.qqdownloader/0x7f0401f0 vibrate=null sound=null defaults=0x0 flags=0xa2 kind=[null])
V/NotificationService( 1655): Initial score is 20.
V/NotificationService( 1655): Final score is 20.
V/MoMS.NotificationController( 1655): notifications are enabled for com.tencent.android.qqdownloader
D/AppOps  ( 1655): noteOperation: allowing code 11 uid 10155 package com.tencent.android.qqdownloader
V/NotificationService( 1655): Assigned score=20 to Notification(pri=2 contentView=com.tencent.android.qqdownloader/0x7f0401f0 vibrate=null sound=null defaults=0x0 flags=0xa2 kind=[null])
D/RemoteViews( 1655): RemoteViews parcel: android.os.Parcel@4397bb18 bitmapCache: null
D/dalvikvm( 1655): between the previous GC alloc  9929K
D/dalvikvm( 1655): currentAlloc=55435680 - lastAllocatedSize=45137432 < 10485760, don't trigger GC
D/BatteryService( 1655): mBatteryVoltage=4071, batteryLevel=50
D/NotificationService( 1655): useDefaultSound=false
D/NotificationService( 1655): notification.sound=null
V/ActivityManager( 1655): Broadcast sticky: Intent { act=android.intent.action.ADDITIONAL_BATTERY_CHANGED flg=0x60000010 (has extras) } ordered=false userid=-1 callerApp=null
V/ActivityManager( 1655): Broadcast sticky: Intent { act=android.intent.action.BATTERY_CHANGED flg=0x60000010 (has extras) } ordered=false userid=-1 callerApp=null
D/PowerSaveService( 4327): PowerSaveReceiver EXTRA_STATUS: status = 2, lastCharging = true
V/ActivityManager( 1655): Broadcast sticky: Intent { act=android.intent.action.ADDITIONAL_BATTERY_CHANGED flg=0x60000010 (has extras) } ordered=false userid=-1 callerApp=null
V/ActivityManager( 1655): Broadcast sticky: Intent { act=android.intent.action.ADDITIONAL_BATTERY_CHANGED flg=0x60000010 (has extras) } ordered=false userid=-1 callerApp=null
D/RemoteViews( 5365): RemoteViews parcel: android.os.Parcel@42b4c0e0 bitmapCache: null
E/RemoteViews( 1655): ANR Warning,RemoteViews can only be used once ,if not ,it may cause ANR in hosts such as Laucher,SystemUI. keys for search <ANR Exception MSG   History>
D/dalvikvm( 1655): GC_CONCURRENT freed 13164K (304496), 45% free 42944K/77304K, paused 6ms+43ms, total 304ms
D/RemoteViews(20739): RemoteViews parcel: android.os.Parcel@4272df20 bitmapCache: null
D/WifiService( 1655): onReceive, action:android.intent.action.BATTERY_CHANGED
D/UsbDeviceManager( 1655): onReceive - BATTERY_CHANGED - mPlugType: 2, mSettingUsbCharging: false, mConnected: true, mSettingUsbBicr: false
D/WifiController( 1655): DeviceActiveState{ when=0 what=155652 arg1=2 target=com.android.internal.util.StateMachine$SmHandler target=Handler (com.android.internal.util.StateMachine$SmHandler) {431e59b8} }
D/WifiController( 1655): StaEnabledState{ when=0 what=155652 arg1=2 target=com.android.internal.util.StateMachine$SmHandler target=Handler (com.android.internal.util.StateMachine$SmHandler) {431e59b8} }
D/WifiController( 1655): DefaultState{ when=0 what=155652 arg1=2 target=com.android.internal.util.StateMachine$SmHandler target=Handler (com.android.internal.util.StateMachine$SmHandler) {431e59b8} }
D/WifiController( 1655): battery changed pluggedType: 2
D/dalvikvm(20739): between the previous GC alloc  6272K
D/dalvikvm(20739): currentAlloc=13091624 - lastAllocatedSize=6538560 < 10485760, don't trigger GC
D/dalvikvm(20739): GC_CONCURRENT freed 7252K (208572), 72% free 6274K/22076K, paused 2ms+17ms, total 87ms
D/SocketClient(  243): SocketClient sendDatalocked done: 401
D/dalvikvm( 4533): create interp thread : stack size=128KB
D/dalvikvm( 4533): create new thread
D/dalvikvm( 4533): new thread created
D/dalvikvm( 4533): update thread list
D/dalvikvm( 4533): threadid=17: interp stack at 0x79172000
D/dalvikvm( 4533): threadid=17: created from interp
D/dalvikvm( 4533): start new thread
D/dalvikvm( 4533): threadid=17: notify debugger
D/dalvikvm( 4533): threadid=17 (Thread-4835): calling run()
I/KSO_STAT( 4533): App is in background, stop update end time, ready to start a new session.
D/SQLiteDatabase( 4533): beginTransaction()
D/SQLiteDatabase( 4533): endTransaction()
D/dalvikvm( 4533): threadid=17: exiting
D/dalvikvm( 4533): threadid=17: bye!
D/AndroidRuntime(25824): 
D/AndroidRuntime(25824): >>>>>> AndroidRuntime START com.android.internal.os.RuntimeInit <<<<<<
D/AndroidRuntime(25824): CheckJNI is OFF
D/AndroidRuntime(25824): language=-Duser.language=zh region=-Duser.region=CN
D/dalvikvm(25824): boot class : 
D/dalvikvm(25824):   (0) core.jar
D/dalvikvm(25824):   (1) conscrypt.jar
D/dalvikvm(25824):   (2) okhttp.jar
D/dalvikvm(25824):   (3) core-junit.jar
D/dalvikvm(25824):   (4) bouncycastle.jar
D/dalvikvm(25824):   (5) ext.jar
D/dalvikvm(25824):   (6) framework.jar
D/dalvikvm(25824):   (7) framework2.jar
D/dalvikvm(25824):   (8) telephony-common.jar
D/dalvikvm(25824):   (9) voip-common.jar
D/dalvikvm(25824):   (10) mms-common.jar
D/dalvikvm(25824):   (11) android.policy.jar
D/dalvikvm(25824):   (12) services.jar
D/dalvikvm(25824):   (13) apache-xml.jar
D/dalvikvm(25824):   (14) webviewchromium.jar
D/dalvikvm(25824):   (15) mediatek-common.jar
D/dalvikvm(25824):   (16) mediatek-framework.jar
D/dalvikvm(25824):   (17) CustomProperties.jar
D/dalvikvm(25824):   (18) mediatek-telephony-common.jar
D/dalvikvm(25824):   (19) mediatek-tablet.jar
D/dalvikvm(25824):   (20) oppo-framework.jar
D/dalvikvm(25824):   (21) am.jar
D/dalvikvm(25824): threadid=1: interp stack at 0x6d955000
D/dalvikvm(25824): dvmJarFileOpen: /system/framework/core.jar
D/ReserveFileInData(25826): Total_size = 12702646272 B = 12404928 KB = 12114 MB = 11 GB
D/ReserveFileInData(25826): Disk_free = 9009 MB = 8 GB
D/ReserveFileInData(25826): Disk_available = 8993 MB = 8 GB
D/ReserveFileInData(25826): availDataSize is 8993
D/dalvikvm(25824): dvmJarFileOpen: /system/framework/conscrypt.jar
D/dalvikvm(25824): dvmJarFileOpen: /system/framework/okhttp.jar
D/dalvikvm(25824): dvmJarFileOpen: /system/framework/core-junit.jar
D/dalvikvm(25824): dvmJarFileOpen: /system/framework/bouncycastle.jar
D/dalvikvm(25824): dvmJarFileOpen: /system/framework/ext.jar
D/dalvikvm(25824): dvmJarFileOpen: /system/framework/framework.jar
D/dalvikvm(25824): dvmJarFileOpen: /system/framework/framework2.jar
D/dalvikvm(25824): dvmJarFileOpen: /system/framework/telephony-common.jar
D/dalvikvm(25824): dvmJarFileOpen: /system/framework/voip-common.jar
D/dalvikvm(25824): dvmJarFileOpen: /system/framework/mms-common.jar
D/dalvikvm(25824): dvmJarFileOpen: /system/framework/android.policy.jar
D/dalvikvm(25824): dvmJarFileOpen: /system/framework/services.jar
D/dalvikvm(25824): dvmJarFileOpen: /system/framework/apache-xml.jar
D/dalvikvm(25824): dvmJarFileOpen: /system/framework/webviewchromium.jar
D/dalvikvm(25824): dvmJarFileOpen: /system/framework/mediatek-common.jar
D/dalvikvm(25824): dvmJarFileOpen: /system/framework/mediatek-framework.jar
D/dalvikvm(25824): dvmJarFileOpen: /system/framework/CustomProperties.jar
D/dalvikvm(25824): dvmJarFileOpen: /system/framework/mediatek-telephony-common.jar
D/dalvikvm(25824): dvmJarFileOpen: /system/framework/mediatek-tablet.jar
D/dalvikvm(25824): dvmJarFileOpen: /system/framework/oppo-framework.jar
D/dalvikvm(25824): open_cached_dex_file : /system/framework/oppo-framework.jar /data/dalvik-cache/system@framework@oppo-framework.jar@classes.dex
D/dalvikvm(25824): process bootclasspath ex!!
D/dalvikvm(25824): dvmJarFileOpen: /system/framework/mediatek-op.jar
D/dalvikvm(25824): open_cached_dex_file : /system/framework/mediatek-op.jar /data/dalvik-cache/system@framework@mediatek-op.jar@classes.dex
D/dalvikvm(25824): Trying to load lib libjavacore.so 0x0
D/dalvikvm(25824): Added shared lib libjavacore.so 0x0
D/dalvikvm(25824): Trying to load lib libnativehelper.so 0x0
D/dalvikvm(25824): Added shared lib libnativehelper.so 0x0
D/dalvikvm(25824): No JNI_OnLoad found in libnativehelper.so 0x0, skipping init
D/dalvikvm(25824): +++ finishing prep on main VM thread
D/dalvikvm(25824): dvmJarFileOpen: /dev/kds_utils.jar
D/dalvikvm(25824): open_cached_dex_file : /dev/kds_utils.jar /data/dalvik-cache/dev@kds_utils.jar@classes.dex
D/dalvikvm(25824): create interp thread : stack size=128KB
D/dalvikvm(25824): create new thread
D/dalvikvm(25824): new thread created
D/dalvikvm(25824): update thread list
D/dalvikvm(25824): threadid=2: interp stack at 0x72ea6000
D/dalvikvm(25824): threadid=2: created from interp
D/dalvikvm(25824): start new thread
D/dalvikvm(25824): threadid=2: notify debugger
D/dalvikvm(25824): threadid=2 (ReferenceQueueDaemon): calling run()
D/dalvikvm(25824): create interp thread : stack size=128KB
D/dalvikvm(25824): create new thread
D/dalvikvm(25824): new thread created
D/dalvikvm(25824): update thread list
D/dalvikvm(25824): threadid=3: interp stack at 0x72fc6000
D/dalvikvm(25824): threadid=3: created from interp
D/dalvikvm(25824): start new thread
D/dalvikvm(25824): threadid=3: notify debugger
D/dalvikvm(25824): threadid=3 (FinalizerDaemon): calling run()
D/dalvikvm(25824): create interp thread : stack size=128KB
D/dalvikvm(25824): create new thread
D/dalvikvm(25824): new thread created
D/dalvikvm(25824): update thread list
D/dalvikvm(25824): threadid=4: interp stack at 0x730e6000
D/dalvikvm(25824): threadid=4: created from interp
D/dalvikvm(25824): start new thread
D/dalvikvm(25824): threadid=4: notify debugger
D/dalvikvm(25824): threadid=4 (FinalizerWatchdogDaemon): calling run()
D/dalvikvm(25824): threadid=5: interp stack at 0x73306000
D/dalvikvm(25824): threadid=6: interp stack at 0x73428000
D/dalvikvm(25824): Elevating priority from 0 to -8
D/jdwp    (25824): prepping for JDWP over ADB
D/dalvikvm(25824): threadid=7: interp stack at 0x7354b000
D/jdwp    (25824): JDWP: thread running
D/jdwp    (25824): trying to receive file descriptor from ADB
D/dalvikvm(25824): threadid=8: interp stack at 0x7366c000
D/ADB_SERVICES(  297): adb fdevent_process list (12) (15) (17) 
D/ADB_SERVICES(  297): Adding socket 15 pid 25824 to jdwp process list
D/dalvikvm(25824): Note: class Landroid/app/ActivityManagerNative; has 194 unimplemented (abstract) methods
D/WifiStateMachine( 1655): ConnectedState{ when=-2ms what=131155 arg1=14 target=com.android.internal.util.StateMachine$SmHandler target=Handler (com.android.internal.util.StateMachine$SmHandler) {43142030} }
D/WifiStateMachine( 1655): L2ConnectedState{ when=-2ms what=131155 arg1=14 target=com.android.internal.util.StateMachine$SmHandler target=Handler (com.android.internal.util.StateMachine$SmHandler) {43142030} }
D/WifiHW  ( 1655): enter -->wifi_send_command cmd=IFNAME=wlan0 SIGNAL_POLL
D/wpa_supplicant( 3981): RX ctrl_iface - hexdump(len=11): 53 49 47 4e 41 4c 5f 50 4f 4c 4c
D/wpa_supplicant( 3981): wlan0: Control interface command 'SIGNAL_POLL'
D/wpa_supplicant( 3981): nl80211: survey data missing!
D/wpa_supplicant( 3981): signal poll, reply_len=48
D/wpa_ctrl( 1655): reply_len=4095
D/WifiHW  ( 1655): leave --> reply=RSSI=-47
D/WifiHW  ( 1655): LINKSPEED=65
D/WifiHW  ( 1655): NOISE=9999
D/WifiHW  ( 1655): FREQUENCY=2412
D/WifiHW  ( 1655): 
D/wifi    ( 1655): doStringCommand, buf IFNAME=wlan0 SIGNAL_POLL
I/WifiStateMachine( 1655): fetchRssiAndLinkSpeedNative, newRssi:-47, newLinkSpeed:65, SSID:"60_dev_01"
D/WifiStateMachine( 1655): mRssiArray[0] = -47
D/WifiStateMachine( 1655): mRssiArray[1] = -47
D/WifiStateMachine( 1655): mRssiArray[2] = -47
D/WifiStateMachine( 1655): mRssiArray[3] = -46
D/WifiStateMachine( 1655): mRssiArray[4] = -46
D/WifiStateMachine( 1655): GetFilterRssi is : -46
D/WifiStateMachine( 1655): mLastSignalLevel:4, newSignalLevel:4
D/WifiStateMachine( 1655): fetchRssiAndLinkSpeedNative, ipAddr:1795166380
E/memtrack(25824): Couldn't load memtrack module (No such file or directory)
E/android.os.Debug(25824): failed to load memtrack module: -2
D/AndroidRuntime(25824): Calling main entry a.d
D/dalvikvm(25824): threadid=9: interp stack at 0x73b51000
D/dalvikvm(25824): threadid=10: interp stack at 0x73c71000
I/FrameworkListener(  243): onDataAvailable get 42 bytes 
D/libc-netbsd(  243): default dns: query_ipv6=0, query_ipv4=1
D/libc-netbsd(  243): res_queryN name = mazu.3g.qq.com, class = 1, type = 1
D/libc-netbsd(  243): res_queryN name = mazu.3g.qq.com succeed
D/SocketClient(  243): SocketClient sendDatalocked done: 222
D/SocketClient(  243): SocketClient sendDatalocked done: 
D/SocketClient(  243): SocketClient sendDatalocked done: 
D/SocketClient(  243): SocketClient sendDatalocked done: 
D/SocketClient(  243): SocketClient sendDatalocked done: 
D/SocketClient(  243): SocketClient sendDatalocked done: 
D/SocketClient(  243): SocketClient sendDatalocked done: 
D/SocketClient(  243): SocketClient sendDatalocked done: 
D/SocketClient(  243): SocketClient sendDatalocked done: 
D/SocketClient(  243): SocketClient sendDatalocked done: 
D/SocketClient(  243): SocketClient sendDatalocked done: 
D/SocketClient(  243): SocketClient sendDatalocked done: 
D/libc-netbsd(25824): getaddrinfo: mazu.3g.qq.com get result from proxy >>
D/dalvikvm(25824): create interp thread : stack size=128KB
D/dalvikvm(25824): create new thread
D/dalvikvm(25824): new thread created
D/dalvikvm(25824): update thread list
D/dalvikvm(25824): threadid=11: interp stack at 0x73cb0000
D/dalvikvm(25824): threadid=11: created from interp
D/dalvikvm(25824): start new thread
D/dalvikvm(25824): threadid=11: notify debugger
D/dalvikvm(25824): threadid=11 (Thread-9): calling run()
D/dalvikvm(25824): threadid=11: exiting
D/dalvikvm(25824): threadid=11: bye!
I/AndroidRuntime(25824): VM exiting with result code 0.
W/ADB_SERVICES(  297): terminating JDWP 25824 connection: I/O error
D/ADB_SERVICES(  297): remove pid 25824 to jdwp process list
V/Provider/Settings( 1655): get setting for user 0 by user 0 so skipping cache
V/Provider/Settings( 1655):  from settings cache , name = sys_free_storage_log_interval , value = null
V/Provider/Settings( 1655): get setting for user 0 by user 0 so skipping cache
V/Provider/Settings( 1655):  from settings cache , name = disk_free_change_reporting_threshold , value = null
D/AES     ( 1655): AEEIOCTL_RT_MON_Kick IOCTL,lParam=0. 
I/uSDK    (13777): [CAE][D][2017-12-26 17:14:09.122915][cae_softap_user_task:730][buffer fd or timeout ]
I/uSDK    (13777): [CAE][D][2017-12-26 17:14:09.123002][cae_su_read_buffer_to_send:630][count[0]***]
I/uSDK    (13777): [CAE][D][2017-12-26 17:14:09.123057][su_ctx_fd_set:692][MAX fd[-1]]
D/cell strength( 4118): ===== cell singal strength changed : 14
V/ActivityManager( 1655): Broadcast sticky: Intent { act=android.intent.action.SIG_STR flg=0x10 (has extras) } ordered=false userid=-1 callerApp=ProcessRecord{4276e330 1655:system/1000}
D/WifiStateMachine( 1655): ConnectedState{ when=-1ms what=131155 arg1=14 target=com.android.internal.util.StateMachine$SmHandler target=Handler (com.android.internal.util.StateMachine$SmHandler) {43142030} }
D/WifiStateMachine( 1655): L2ConnectedState{ when=-1ms what=131155 arg1=14 target=com.android.internal.util.StateMachine$SmHandler target=Handler (com.android.internal.util.StateMachine$SmHandler) {43142030} }
D/WifiHW  ( 1655): enter -->wifi_send_command cmd=IFNAME=wlan0 SIGNAL_POLL
D/wpa_supplicant( 3981): RX ctrl_iface - hexdump(len=11): 53 49 47 4e 41 4c 5f 50 4f 4c 4c
D/wpa_supplicant( 3981): wlan0: Control interface command 'SIGNAL_POLL'
I/KSO_STAT( 4533): Try to upload data
I/KSO_STAT( 4533): Do not upload data. The latest upload time is less than 8 hours.
D/wpa_supplicant( 3981): nl80211: survey data missing!
D/wpa_supplicant( 3981): signal poll, reply_len=48
D/wpa_ctrl( 1655): reply_len=4095
D/WifiHW  ( 1655): leave --> reply=RSSI=-47
D/WifiHW  ( 1655): LINKSPEED=65
D/WifiHW  ( 1655): NOISE=9999
D/WifiHW  ( 1655): FREQUENCY=2412
D/WifiHW  ( 1655): 
D/wifi    ( 1655): doStringCommand, buf IFNAME=wlan0 SIGNAL_POLL
I/WifiStateMachine( 1655): fetchRssiAndLinkSpeedNative, newRssi:-47, newLinkSpeed:65, SSID:"60_dev_01"
D/WifiStateMachine( 1655): mRssiArray[0] = -47
D/WifiStateMachine( 1655): mRssiArray[1] = -47
D/WifiStateMachine( 1655): mRssiArray[2] = -47
D/WifiStateMachine( 1655): mRssiArray[3] = -47
D/WifiStateMachine( 1655): mRssiArray[4] = -46
D/WifiStateMachine( 1655): GetFilterRssi is : -46
D/WifiStateMachine( 1655): mLastSignalLevel:4, newSignalLevel:4
D/WifiStateMachine( 1655): fetchRssiAndLinkSpeedNative, ipAddr:1795166380
D/BatteryService( 1655): mBatteryVoltage=4077, batteryLevel=50
V/ActivityManager( 1655): Broadcast sticky: Intent { act=android.intent.action.ADDITIONAL_BATTERY_CHANGED flg=0x60000010 (has extras) } ordered=false userid=-1 callerApp=null
V/ActivityManager( 1655): Broadcast sticky: Intent { act=android.intent.action.BATTERY_CHANGED flg=0x60000010 (has extras) } ordered=false userid=-1 callerApp=null
D/WifiService( 1655): onReceive, action:android.intent.action.BATTERY_CHANGED
D/WifiController( 1655): DeviceActiveState{ when=-1ms what=155652 arg1=2 target=com.android.internal.util.StateMachine$SmHandler target=Handler (com.android.internal.util.StateMachine$SmHandler) {431e59b8} }
D/WifiController( 1655): StaEnabledState{ when=-1ms what=155652 arg1=2 target=com.android.internal.util.StateMachine$SmHandler target=Handler (com.android.internal.util.StateMachine$SmHandler) {431e59b8} }
D/WifiController( 1655): DefaultState{ when=-1ms what=155652 arg1=2 target=com.android.internal.util.StateMachine$SmHandler target=Handler (com.android.internal.util.StateMachine$SmHandler) {431e59b8} }
D/WifiController( 1655): battery changed pluggedType: 2
D/UsbDeviceManager( 1655): onReceive - BATTERY_CHANGED - mPlugType: 2, mSettingUsbCharging: false, mConnected: true, mSettingUsbBicr: false
D/PowerSaveService( 4327): PowerSaveReceiver EXTRA_STATUS: status = 2, lastCharging = true
V/ActivityManager( 1655): Broadcast sticky: Intent { act=android.intent.action.ADDITIONAL_BATTERY_CHANGED flg=0x60000010 (has extras) } ordered=false userid=-1 callerApp=null
V/ActivityManager( 1655): Broadcast sticky: Intent { act=android.intent.action.ADDITIONAL_BATTERY_CHANGED flg=0x60000010 (has extras) } ordered=false userid=-1 callerApp=null
D/dalvikvm( 4533): create interp thread : stack size=128KB
D/dalvikvm( 4533): create new thread
D/dalvikvm( 4533): new thread created
D/dalvikvm( 4533): update thread list
D/dalvikvm( 4533): threadid=17: interp stack at 0x79172000
D/dalvikvm( 4533): threadid=17: created from interp
D/dalvikvm( 4533): start new thread
D/dalvikvm( 4533): threadid=17: notify debugger
D/dalvikvm( 4533): threadid=17 (Thread-4836): calling run()
I/KSO_STAT( 4533): App is in background, stop update end time, ready to start a new session.
D/SQLiteDatabase( 4533): beginTransaction()
D/SQLiteDatabase( 4533): endTransaction()
D/dalvikvm( 4533): threadid=17: exiting
D/dalvikvm( 4533): threadid=17: bye!
D/WifiStateMachine( 1655): ConnectedState{ when=-2ms what=131155 arg1=14 target=com.android.internal.util.StateMachine$SmHandler target=Handler (com.android.internal.util.StateMachine$SmHandler) {43142030} }
D/WifiStateMachine( 1655): L2ConnectedState{ when=-2ms what=131155 arg1=14 target=com.android.internal.util.StateMachine$SmHandler target=Handler (com.android.internal.util.StateMachine$SmHandler) {43142030} }
D/WifiHW  ( 1655): enter -->wifi_send_command cmd=IFNAME=wlan0 SIGNAL_POLL
D/wpa_supplicant( 3981): RX ctrl_iface - hexdump(len=11): 53 49 47 4e 41 4c 5f 50 4f 4c 4c
D/wpa_supplicant( 3981): wlan0: Control interface command 'SIGNAL_POLL'
D/wpa_supplicant( 3981): nl80211: survey data missing!
D/wpa_supplicant( 3981): signal poll, reply_len=48
D/wpa_ctrl( 1655): reply_len=4095
D/WifiHW  ( 1655): leave --> reply=RSSI=-47
D/WifiHW  ( 1655): LINKSPEED=65
D/WifiHW  ( 1655): NOISE=9999
D/WifiHW  ( 1655): FREQUENCY=2412
D/WifiHW  ( 1655): 
D/wifi    ( 1655): doStringCommand, buf IFNAME=wlan0 SIGNAL_POLL
I/WifiStateMachine( 1655): fetchRssiAndLinkSpeedNative, newRssi:-47, newLinkSpeed:65, SSID:"60_dev_01"
D/WifiStateMachine( 1655): mRssiArray[0] = -47
D/WifiStateMachine( 1655): mRssiArray[1] = -47
D/WifiStateMachine( 1655): mRssiArray[2] = -47
D/WifiStateMachine( 1655): mRssiArray[3] = -47
D/WifiStateMachine( 1655): mRssiArray[4] = -47
D/WifiStateMachine( 1655): GetFilterRssi is : -47
D/WifiStateMachine( 1655): mLastSignalLevel:4, newSignalLevel:4
D/WifiStateMachine( 1655): fetchRssiAndLinkSpeedNative, ipAddr:1795166380
I/uSDK    (13777): [CAE][D][2017-12-26 17:14:14.148577][cae_softap_user_task:730][buffer fd or timeout ]
I/uSDK    (13777): [CAE][D][2017-12-26 17:14:14.148664][cae_su_read_buffer_to_send:630][count[0]***]
I/uSDK    (13777): [CAE][D][2017-12-26 17:14:14.148718][su_ctx_fd_set:692][MAX fd[-1]]
I/uSDK    (13777): [CAE][D][2017-12-26 17:14:14.153062][cae_sr_k_loop:965][mdns resolver loop timeout event happen, interval time:20s]
I/uSDK    (13777): [CAE][I][2017-12-26 17:14:14.153184][cae_sr_k_loop:1006][do dense soft refresh timing!]
I/uSDK    (13777): [CAE][I][2017-12-26 17:14:14.153239][cae_sd_core_connect_send_search_data:116][force mdns daemon to send mdns search udp data ... ...]
I/uSDK    (13777): [CAE][I][2017-12-26 17:14:14.153384][mDNSPlatformWriteLogMsg:171][connecting mdns server port:48905.]
I/uSDK    (13777): [CAE][I][2017-12-26 17:14:14.154548][mDNSPlatformWriteLogMsg:171][receive x_RefreshInterfaceList cmd ]
I/uSDK    (13777): [CAE][I][2017-12-26 17:14:14.154613][mDNSPlatformWriteLogMsg:171][mdns daemon refreshing interface list ... ...]
I/uSDK    (13777): [CAE][I][2017-12-26 17:14:14.154677][mDNSPlatformWriteLogMsg:171][qname : _sleep-proxy._udp.local.  qtype value: 12  string info: PTR ]
I/uSDK    (13777): [CAE][I][2017-12-26 17:14:14.154728][mDNSPlatformWriteLogMsg:171][StartLLQPolling ... ... ]
I/uSDK    (13777): [CAE][I][2017-12-26 17:14:14.154784][mDNSPlatformWriteLogMsg:171][qname : _cae._udp.local.  qtype value: 12  string info: PTR ]
I/uSDK    (13777): [CAE][I][2017-12-26 17:14:14.154832][mDNSPlatformWriteLogMsg:171][StartLLQPolling ... ... ]
I/uSDK    (13777): [CAE][I][2017-12-26 17:14:14.154881][mDNSPlatformWriteLogMsg:171][ xxx mDNS Execute begin ... ... ]
I/uSDK    (13777): [CAE][I][2017-12-26 17:14:14.155007][mDNSPlatformWriteLogMsg:171][mdns daemon refreshing interface list end!]
I/uSDK    (13777): [CAE][I][2017-12-26 17:14:14.155066][mDNSPlatformWriteLogMsg:171][request_callback: 345:ERROR: Unsupported UDS req:8888 PID[-1][]]
I/uSDK    (13777): [CAE][I][2017-12-26 17:14:14.155703][cae_sd_core_connect_send_search_data:126][sending mdns search upd data is end; err:0]
I/console (13777): [LOG] ws=heartTest.success at dist/js/source/push.js:1
D/PhoneInterfaceManagerEx( 4184): [PhoneIntfMgrEx] hasIccCard  simId=0
D/PhoneInterfaceManagerEx( 4184): [PhoneIntfMgrEx] hasIccCard  simId=1
I/System.out(21382): [CDS]EAGAIN in Recvfrom
D/BatteryService( 1655): mBatteryVoltage=4071, batteryLevel=50
V/ActivityManager( 1655): Broadcast sticky: Intent { act=android.intent.action.ADDITIONAL_BATTERY_CHANGED flg=0x60000010 (has extras) } ordered=false userid=-1 callerApp=null
V/ActivityManager( 1655): Broadcast sticky: Intent { act=android.intent.action.BATTERY_CHANGED flg=0x60000010 (has extras) } ordered=false userid=-1 callerApp=null
D/WifiStateMachine( 1655): ConnectedState{ when=-1ms what=131155 arg1=14 target=com.android.internal.util.StateMachine$SmHandler target=Handler (com.android.internal.util.StateMachine$SmHandler) {43142030} }
D/WifiStateMachine( 1655): L2ConnectedState{ when=-2ms what=131155 arg1=14 target=com.android.internal.util.StateMachine$SmHandler target=Handler (com.android.internal.util.StateMachine$SmHandler) {43142030} }
D/WifiHW  ( 1655): enter -->wifi_send_command cmd=IFNAME=wlan0 SIGNAL_POLL
D/wpa_supplicant( 3981): RX ctrl_iface - hexdump(len=11): 53 49 47 4e 41 4c 5f 50 4f 4c 4c
D/wpa_supplicant( 3981): wlan0: Control interface command 'SIGNAL_POLL'
D/wpa_supplicant( 3981): nl80211: survey data missing!
D/wpa_supplicant( 3981): signal poll, reply_len=48
D/wpa_ctrl( 1655): reply_len=4095
D/WifiHW  ( 1655): leave --> reply=RSSI=-45
D/WifiHW  ( 1655): LINKSPEED=65
D/WifiHW  ( 1655): NOISE=9999
D/WifiHW  ( 1655): FREQUENCY=2412
D/WifiHW  ( 1655): 
D/wifi    ( 1655): doStringCommand, buf IFNAME=wlan0 SIGNAL_POLL
I/WifiStateMachine( 1655): fetchRssiAndLinkSpeedNative, newRssi:-45, newLinkSpeed:65, SSID:"60_dev_01"
D/WifiStateMachine( 1655): mRssiArray[0] = -47
D/WifiStateMachine( 1655): mRssiArray[1] = -47
D/WifiStateMachine( 1655): mRssiArray[2] = -47
D/WifiStateMachine( 1655): mRssiArray[3] = -47
D/WifiStateMachine( 1655): mRssiArray[4] = -47
D/WifiStateMachine( 1655): GetFilterRssi is : -45
D/WifiStateMachine( 1655): mLastSignalLevel:4, newSignalLevel:4
D/WifiStateMachine( 1655): fetchRssiAndLinkSpeedNative, ipAddr:1795166380
D/WifiService( 1655): onReceive, action:android.intent.action.BATTERY_CHANGED
D/WifiController( 1655): DeviceActiveState{ when=0 what=155652 arg1=2 target=com.android.internal.util.StateMachine$SmHandler target=Handler (com.android.internal.util.StateMachine$SmHandler) {431e59b8} }
D/WifiController( 1655): StaEnabledState{ when=0 what=155652 arg1=2 target=com.android.internal.util.StateMachine$SmHandler target=Handler (com.android.internal.util.StateMachine$SmHandler) {431e59b8} }
D/WifiController( 1655): DefaultState{ when=0 what=155652 arg1=2 target=com.android.internal.util.StateMachine$SmHandler target=Handler (com.android.internal.util.StateMachine$SmHandler) {431e59b8} }
D/WifiController( 1655): battery changed pluggedType: 2
D/UsbDeviceManager( 1655): onReceive - BATTERY_CHANGED - mPlugType: 2, mSettingUsbCharging: false, mConnected: true, mSettingUsbBicr: false
D/PowerSaveService( 4327): PowerSaveReceiver EXTRA_STATUS: status = 2, lastCharging = true
V/ActivityManager( 1655): Broadcast sticky: Intent { act=android.intent.action.ADDITIONAL_BATTERY_CHANGED flg=0x60000010 (has extras) } ordered=false userid=-1 callerApp=null
V/ActivityManager( 1655): Broadcast sticky: Intent { act=android.intent.action.ADDITIONAL_BATTERY_CHANGED flg=0x60000010 (has extras) } ordered=false userid=-1 callerApp=null
D/dalvikvm( 4533): create interp thread : stack size=128KB
D/dalvikvm( 4533): create new thread
D/dalvikvm( 4533): new thread created
D/dalvikvm( 4533): update thread list
D/dalvikvm( 4533): threadid=17: interp stack at 0x79172000
D/dalvikvm( 4533): threadid=17: created from interp
D/dalvikvm( 4533): start new thread
D/dalvikvm( 4533): threadid=17: notify debugger
D/dalvikvm( 4533): threadid=17 (Thread-4837): calling run()
I/KSO_STAT( 4533): App is in background, stop update end time, ready to start a new session.
D/SQLiteDatabase( 4533): beginTransaction()
D/SQLiteDatabase( 4533): endTransaction()
D/dalvikvm( 4533): threadid=17: exiting
D/dalvikvm( 4533): threadid=17: bye!
I/uSDK    (13777): [CAE][D][2017-12-26 17:14:19.186277][cae_softap_user_task:730][buffer fd or timeout ]
I/uSDK    (13777): [CAE][D][2017-12-26 17:14:19.186366][cae_su_read_buffer_to_send:630][count[0]***]
I/uSDK    (13777): [CAE][D][2017-12-26 17:14:19.186420][su_ctx_fd_set:692][MAX fd[-1]]
D/WifiStateMachine( 1655): ConnectedState{ when=-3ms what=131155 arg1=14 target=com.android.internal.util.StateMachine$SmHandler target=Handler (com.android.internal.util.StateMachine$SmHandler) {43142030} }
D/WifiStateMachine( 1655): L2ConnectedState{ when=-3ms what=131155 arg1=14 target=com.android.internal.util.StateMachine$SmHandler target=Handler (com.android.internal.util.StateMachine$SmHandler) {43142030} }
D/WifiHW  ( 1655): enter -->wifi_send_command cmd=IFNAME=wlan0 SIGNAL_POLL
D/wpa_supplicant( 3981): RX ctrl_iface - hexdump(len=11): 53 49 47 4e 41 4c 5f 50 4f 4c 4c
D/wpa_supplicant( 3981): wlan0: Control interface command 'SIGNAL_POLL'
D/wpa_supplicant( 3981): nl80211: survey data missing!
D/wpa_supplicant( 3981): signal poll, reply_len=48
D/wpa_ctrl( 1655): reply_len=4095
D/WifiHW  ( 1655): leave --> reply=RSSI=-45
D/WifiHW  ( 1655): LINKSPEED=65
D/WifiHW  ( 1655): NOISE=9999
D/WifiHW  ( 1655): FREQUENCY=2412
D/WifiHW  ( 1655): 
D/wifi    ( 1655): doStringCommand, buf IFNAME=wlan0 SIGNAL_POLL
I/WifiStateMachine( 1655): fetchRssiAndLinkSpeedNative, newRssi:-45, newLinkSpeed:65, SSID:"60_dev_01"
D/WifiStateMachine( 1655): mRssiArray[0] = -47
D/WifiStateMachine( 1655): mRssiArray[1] = -45
D/WifiStateMachine( 1655): mRssiArray[2] = -47
D/WifiStateMachine( 1655): mRssiArray[3] = -47
D/WifiStateMachine( 1655): mRssiArray[4] = -47
D/WifiStateMachine( 1655): GetFilterRssi is : -45
D/WifiStateMachine( 1655): mLastSignalLevel:4, newSignalLevel:4
D/WifiStateMachine( 1655): fetchRssiAndLinkSpeedNative, ipAddr:1795166380
D/dalvikvm(27455): between the previous GC alloc  6272K
D/dalvikvm(27455): GC_CONCURRENT freed 6292K (132684), 56% free 20343K/46020K, paused 13ms+25ms, total 173ms
V/ActivityManager( 1655): Broadcast sticky: Intent { act=android.intent.action.ADDITIONAL_BATTERY_CHANGED flg=0x60000010 (has extras) } ordered=false userid=-1 callerApp=null
V/ActivityManager( 1655): Broadcast sticky: Intent { act=android.intent.action.ADDITIONAL_BATTERY_CHANGED flg=0x60000010 (has extras) } ordered=false userid=-1 callerApp=null
V/ActivityManager( 1655): Broadcast sticky: Intent { act=android.intent.action.ADDITIONAL_BATTERY_CHANGED flg=0x60000010 (has extras) } ordered=false userid=-1 callerApp=null
D/BluetoothAdapter(21382): isEnabled
D/ConnectivityService( 1655): getActiveNetworkInfo:NetworkInfo: type: WIFI[], state: CONNECTED/CONNECTED, reason: (unspecified), extra: "60_dev_01", roaming: false, failover: false, isAvailable: true, isConnectedToProvisioningNetwork: false, simId: 0/10188
D/dalvikvm( 4533): create interp thread : stack size=128KB
D/dalvikvm( 4533): create new thread
D/dalvikvm( 4533): new thread created
D/dalvikvm( 4533): update thread list
D/dalvikvm( 4533): threadid=17: interp stack at 0x79172000
D/dalvikvm( 4533): threadid=17: created from interp
D/dalvikvm( 4533): start new thread
D/dalvikvm( 4533): threadid=17: notify debugger
D/dalvikvm( 4533): threadid=17 (Thread-4838): calling run()
I/KSO_STAT( 4533): App is in background, stop update end time, ready to start a new session.
D/SQLiteDatabase( 4533): beginTransaction()
D/SQLiteDatabase( 4533): endTransaction()
D/dalvikvm( 4533): threadid=17: exiting
D/dalvikvm( 4533): threadid=17: bye!
D/WifiStateMachine( 1655): ConnectedState{ when=-3ms what=131155 arg1=14 target=com.android.internal.util.StateMachine$SmHandler target=Handler (com.android.internal.util.StateMachine$SmHandler) {43142030} }
D/WifiStateMachine( 1655): L2ConnectedState{ when=-3ms what=131155 arg1=14 target=com.android.internal.util.StateMachine$SmHandler target=Handler (com.android.internal.util.StateMachine$SmHandler) {43142030} }
D/WifiHW  ( 1655): enter -->wifi_send_command cmd=IFNAME=wlan0 SIGNAL_POLL
D/wpa_supplicant( 3981): RX ctrl_iface - hexdump(len=11): 53 49 47 4e 41 4c 5f 50 4f 4c 4c
D/wpa_supplicant( 3981): wlan0: Control interface command 'SIGNAL_POLL'
D/wpa_supplicant( 3981): nl80211: survey data missing!
D/wpa_supplicant( 3981): signal poll, reply_len=48
D/wpa_ctrl( 1655): reply_len=4095
D/WifiHW  ( 1655): leave --> reply=RSSI=-45
D/WifiHW  ( 1655): LINKSPEED=65
D/WifiHW  ( 1655): NOISE=9999
D/WifiHW  ( 1655): FREQUENCY=2412
D/WifiHW  ( 1655): 
D/wifi    ( 1655): doStringCommand, buf IFNAME=wlan0 SIGNAL_POLL
I/WifiStateMachine( 1655): fetchRssiAndLinkSpeedNative, newRssi:-45, newLinkSpeed:65, SSID:"60_dev_01"
D/WifiStateMachine( 1655): mRssiArray[0] = -47
D/WifiStateMachine( 1655): mRssiArray[1] = -45
D/WifiStateMachine( 1655): mRssiArray[2] = -45
D/WifiStateMachine( 1655): mRssiArray[3] = -47
D/WifiStateMachine( 1655): mRssiArray[4] = -47
D/WifiStateMachine( 1655): GetFilterRssi is : -45
D/WifiStateMachine( 1655): mLastSignalLevel:4, newSignalLevel:4
D/WifiStateMachine( 1655): fetchRssiAndLinkSpeedNative, ipAddr:1795166380
V/ActivityManager( 1655): Broadcast sticky: Intent { act=android.intent.action.SIG_STR flg=0x10 (has extras) } ordered=false userid=-1 callerApp=ProcessRecord{4276e330 1655:system/1000}
D/cell strength( 4118): ===== cell singal strength changed : 14
I/uSDK    (13777): [CAE][D][2017-12-26 17:14:24.212431][cae_softap_user_task:730][buffer fd or timeout ]
I/uSDK    (13777): [CAE][D][2017-12-26 17:14:24.212522][cae_su_read_buffer_to_send:630][count[0]***]
I/uSDK    (13777): [CAE][D][2017-12-26 17:14:24.212576][su_ctx_fd_set:692][MAX fd[-1]]
I/console (13777): [LOG] ws=heartTest.success at dist/js/source/push.js:1
D/WifiStateMachine( 1655): ConnectedState{ when=-3ms what=131155 arg1=14 target=com.android.internal.util.StateMachine$SmHandler target=Handler (com.android.internal.util.StateMachine$SmHandler) {43142030} }
D/WifiStateMachine( 1655): L2ConnectedState{ when=-3ms what=131155 arg1=14 target=com.android.internal.util.StateMachine$SmHandler target=Handler (com.android.internal.util.StateMachine$SmHandler) {43142030} }
D/WifiHW  ( 1655): enter -->wifi_send_command cmd=IFNAME=wlan0 SIGNAL_POLL
D/wpa_supplicant( 3981): RX ctrl_iface - hexdump(len=11): 53 49 47 4e 41 4c 5f 50 4f 4c 4c
D/wpa_supplicant( 3981): wlan0: Control interface command 'SIGNAL_POLL'
D/wpa_supplicant( 3981): nl80211: survey data missing!
D/wpa_supplicant( 3981): signal poll, reply_len=48
D/wpa_ctrl( 1655): reply_len=4095
D/WifiHW  ( 1655): leave --> reply=RSSI=-45
D/WifiHW  ( 1655): LINKSPEED=65
D/WifiHW  ( 1655): NOISE=9999
D/WifiHW  ( 1655): FREQUENCY=2412
D/WifiHW  ( 1655): 
D/wifi    ( 1655): doStringCommand, buf IFNAME=wlan0 SIGNAL_POLL
I/WifiStateMachine( 1655): fetchRssiAndLinkSpeedNative, newRssi:-45, newLinkSpeed:65, SSID:"60_dev_01"
D/WifiStateMachine( 1655): mRssiArray[0] = -47
D/WifiStateMachine( 1655): mRssiArray[1] = -45
D/WifiStateMachine( 1655): mRssiArray[2] = -45
D/WifiStateMachine( 1655): mRssiArray[3] = -45
D/WifiStateMachine( 1655): mRssiArray[4] = -47
D/WifiStateMachine( 1655): GetFilterRssi is : -45
D/WifiStateMachine( 1655): mLastSignalLevel:4, newSignalLevel:4
D/WifiStateMachine( 1655): fetchRssiAndLinkSpeedNative, ipAddr:1795166380
V/ActivityManager( 1655): Broadcast sticky: Intent { act=android.intent.action.ADDITIONAL_BATTERY_CHANGED flg=0x60000010 (has extras) } ordered=false userid=-1 callerApp=null
V/ActivityManager( 1655): Broadcast sticky: Intent { act=android.intent.action.ADDITIONAL_BATTERY_CHANGED flg=0x60000010 (has extras) } ordered=false userid=-1 callerApp=null
V/ActivityManager( 1655): Broadcast sticky: Intent { act=android.intent.action.ADDITIONAL_BATTERY_CHANGED flg=0x60000010 (has extras) } ordered=false userid=-1 callerApp=null
D/PhoneInterfaceManagerEx( 4184): [PhoneIntfMgrEx] hasIccCard  simId=0
D/PhoneInterfaceManagerEx( 4184): [PhoneIntfMgrEx] hasIccCard  simId=1
E/RemoteViews(27455): ANR Warning,RemoteViews can only be used once ,if not ,it may cause ANR in hosts such as Laucher,SystemUI. keys for search <ANR Exception MSG   History>
D/RemoteViews( 1655): RemoteViews parcel: android.os.Parcel@430df570 bitmapCache: null
D/dalvikvm( 4533): create interp thread : stack size=128KB
D/dalvikvm( 4533): create new thread
D/dalvikvm( 4533): new thread created
D/dalvikvm( 4533): update thread list
D/dalvikvm( 4533): threadid=17: interp stack at 0x79172000
D/dalvikvm( 4533): threadid=17: created from interp
D/dalvikvm( 4533): start new thread
D/dalvikvm( 4533): threadid=17: notify debugger
D/dalvikvm( 4533): threadid=17 (Thread-4839): calling run()
I/KSO_STAT( 4533): App is in background, stop update end time, ready to start a new session.
D/SQLiteDatabase( 4533): beginTransaction()
D/SQLiteDatabase( 4533): endTransaction()
D/dalvikvm( 4533): threadid=17: exiting
D/dalvikvm( 4533): threadid=17: bye!
V/NotificationService( 1655): enqueueNotificationInternal: pkg=com.tencent.android.qqdownloader id=127 notification=Notification(pri=1 contentView=com.tencent.android.qqdownloader/0x7f0401f0 vibrate=null sound=null defaults=0x0 flags=0xa2 kind=[null])
V/NotificationService( 1655): Initial score is 20.
V/NotificationService( 1655): Final score is 20.
V/MoMS.NotificationController( 1655): notifications are enabled for com.tencent.android.qqdownloader
D/AppOps  ( 1655): noteOperation: allowing code 11 uid 10155 package com.tencent.android.qqdownloader
V/NotificationService( 1655): Assigned score=20 to Notification(pri=2 contentView=com.tencent.android.qqdownloader/0x7f0401f0 vibrate=null sound=null defaults=0x0 flags=0xa2 kind=[null])
D/RemoteViews( 1655): RemoteViews parcel: android.os.Parcel@4531c0e0 bitmapCache: null
D/NotificationService( 1655): useDefaultSound=false
D/NotificationService( 1655): notification.sound=null
D/RemoteViews( 5365): RemoteViews parcel: android.os.Parcel@42b51550 bitmapCache: null
E/RemoteViews( 1655): ANR Warning,RemoteViews can only be used once ,if not ,it may cause ANR in hosts such as Laucher,SystemUI. keys for search <ANR Exception MSG   History>
D/RemoteViews(20739): RemoteViews parcel: android.os.Parcel@4272df20 bitmapCache: null
D/WifiStateMachine( 1655): ConnectedState{ when=-3ms what=131155 arg1=14 target=com.android.internal.util.StateMachine$SmHandler target=Handler (com.android.internal.util.StateMachine$SmHandler) {43142030} }
D/WifiStateMachine( 1655): L2ConnectedState{ when=-3ms what=131155 arg1=14 target=com.android.internal.util.StateMachine$SmHandler target=Handler (com.android.internal.util.StateMachine$SmHandler) {43142030} }
D/WifiHW  ( 1655): enter -->wifi_send_command cmd=IFNAME=wlan0 SIGNAL_POLL
D/wpa_supplicant( 3981): RX ctrl_iface - hexdump(len=11): 53 49 47 4e 41 4c 5f 50 4f 4c 4c
D/wpa_supplicant( 3981): wlan0: Control interface command 'SIGNAL_POLL'
D/wpa_supplicant( 3981): nl80211: survey data missing!
D/wpa_supplicant( 3981): signal poll, reply_len=48
D/wpa_ctrl( 1655): reply_len=4095
D/WifiHW  ( 1655): leave --> reply=RSSI=-44
D/WifiHW  ( 1655): LINKSPEED=65
D/WifiHW  ( 1655): NOISE=9999
D/WifiHW  ( 1655): FREQUENCY=2412
D/WifiHW  ( 1655): 
D/wifi    ( 1655): doStringCommand, buf IFNAME=wlan0 SIGNAL_POLL
I/WifiStateMachine( 1655): fetchRssiAndLinkSpeedNative, newRssi:-44, newLinkSpeed:65, SSID:"60_dev_01"
D/WifiStateMachine( 1655): mRssiArray[0] = -47
D/WifiStateMachine( 1655): mRssiArray[1] = -45
D/WifiStateMachine( 1655): mRssiArray[2] = -45
D/WifiStateMachine( 1655): mRssiArray[3] = -45
D/WifiStateMachine( 1655): mRssiArray[4] = -45
D/WifiStateMachine( 1655): GetFilterRssi is : -44
D/WifiStateMachine( 1655): mLastSignalLevel:4, newSignalLevel:4
D/WifiStateMachine( 1655): fetchRssiAndLinkSpeedNative, ipAddr:1795166380
D/AndroidRuntime(25843): 
D/AndroidRuntime(25843): >>>>>> AndroidRuntime START com.android.internal.os.RuntimeInit <<<<<<
D/AndroidRuntime(25843): CheckJNI is OFF
D/AndroidRuntime(25843): language=-Duser.language=zh region=-Duser.region=CN
D/dalvikvm(25843): boot class : 
D/dalvikvm(25843):   (0) core.jar
D/dalvikvm(25843):   (1) conscrypt.jar
D/dalvikvm(25843):   (2) okhttp.jar
D/dalvikvm(25843):   (3) core-junit.jar
D/dalvikvm(25843):   (4) bouncycastle.jar
D/dalvikvm(25843):   (5) ext.jar
D/dalvikvm(25843):   (6) framework.jar
D/dalvikvm(25843):   (7) framework2.jar
D/dalvikvm(25843):   (8) telephony-common.jar
D/dalvikvm(25843):   (9) voip-common.jar
D/dalvikvm(25843):   (10) mms-common.jar
D/dalvikvm(25843):   (11) android.policy.jar
D/dalvikvm(25843):   (12) services.jar
D/dalvikvm(25843):   (13) apache-xml.jar
D/dalvikvm(25843):   (14) webviewchromium.jar
D/dalvikvm(25843):   (15) mediatek-common.jar
D/dalvikvm(25843):   (16) mediatek-framework.jar
D/dalvikvm(25843):   (17) CustomProperties.jar
D/dalvikvm(25843):   (18) mediatek-telephony-common.jar
D/dalvikvm(25843):   (19) mediatek-tablet.jar
D/dalvikvm(25843):   (20) oppo-framework.jar
D/dalvikvm(25843):   (21) am.jar
D/dalvikvm(25843): threadid=1: interp stack at 0x6d94b000
D/dalvikvm(25843): dvmJarFileOpen: /system/framework/core.jar
D/dalvikvm(25843): dvmJarFileOpen: /system/framework/conscrypt.jar
D/ReserveFileInData(25844): Total_size = 12702646272 B = 12404928 KB = 12114 MB = 11 GB
D/dalvikvm(25843): dvmJarFileOpen: /system/framework/okhttp.jar
D/ReserveFileInData(25844): Disk_free = 9009 MB = 8 GB
D/ReserveFileInData(25844): Disk_available = 8993 MB = 8 GB
D/ReserveFileInData(25844): availDataSize is 8993
D/dalvikvm(25843): dvmJarFileOpen: /system/framework/core-junit.jar
D/dalvikvm(25843): dvmJarFileOpen: /system/framework/bouncycastle.jar
D/dalvikvm(25843): dvmJarFileOpen: /system/framework/ext.jar
D/dalvikvm(25843): dvmJarFileOpen: /system/framework/framework.jar
D/dalvikvm(25843): dvmJarFileOpen: /system/framework/framework2.jar
D/dalvikvm(25843): dvmJarFileOpen: /system/framework/telephony-common.jar
D/dalvikvm(25843): dvmJarFileOpen: /system/framework/voip-common.jar
D/dalvikvm(25843): dvmJarFileOpen: /system/framework/mms-common.jar
D/dalvikvm(25843): dvmJarFileOpen: /system/framework/android.policy.jar
D/dalvikvm(25843): dvmJarFileOpen: /system/framework/services.jar
D/dalvikvm(25843): dvmJarFileOpen: /system/framework/apache-xml.jar
D/dalvikvm(25843): dvmJarFileOpen: /system/framework/webviewchromium.jar
D/dalvikvm(25843): dvmJarFileOpen: /system/framework/mediatek-common.jar
D/dalvikvm(25843): dvmJarFileOpen: /system/framework/mediatek-framework.jar
D/dalvikvm(25843): dvmJarFileOpen: /system/framework/CustomProperties.jar
D/dalvikvm(25843): dvmJarFileOpen: /system/framework/mediatek-telephony-common.jar
D/dalvikvm(25843): dvmJarFileOpen: /system/framework/mediatek-tablet.jar
D/dalvikvm(25843): dvmJarFileOpen: /system/framework/oppo-framework.jar
D/dalvikvm(25843): open_cached_dex_file : /system/framework/oppo-framework.jar /data/dalvik-cache/system@framework@oppo-framework.jar@classes.dex
D/dalvikvm(25843): process bootclasspath ex!!
D/dalvikvm(25843): dvmJarFileOpen: /system/framework/mediatek-op.jar
D/dalvikvm(25843): open_cached_dex_file : /system/framework/mediatek-op.jar /data/dalvik-cache/system@framework@mediatek-op.jar@classes.dex
D/dalvikvm(25843): Trying to load lib libjavacore.so 0x0
D/dalvikvm(25843): Added shared lib libjavacore.so 0x0
D/dalvikvm(25843): Trying to load lib libnativehelper.so 0x0
D/dalvikvm(25843): Added shared lib libnativehelper.so 0x0
D/dalvikvm(25843): No JNI_OnLoad found in libnativehelper.so 0x0, skipping init
D/dalvikvm(25843): +++ finishing prep on main VM thread
D/dalvikvm(25843): dvmJarFileOpen: /system/framework/am.jar
I/dalvikvm(25843): DexOpt: mismatch dep name: '/data/dalvik-cache/system@framework@oppo-framework.jar@classes.dex' vs. '/system/framework/oppo-framework.odex'
D/dalvikvm(25843): == DexOpt: numDeps = 21
D/dalvikvm(25843): 0 : /system/framework/core.odex /system/framework/core.odex
D/dalvikvm(25843): 1 : /system/framework/conscrypt.odex /system/framework/conscrypt.odex
D/dalvikvm(25843): 2 : /system/framework/okhttp.odex /system/framework/okhttp.odex
D/dalvikvm(25843): 3 : /system/framework/core-junit.odex /system/framework/core-junit.odex
D/dalvikvm(25843): 4 : /system/framework/bouncycastle.odex /system/framework/bouncycastle.odex
D/dalvikvm(25843): 5 : /system/framework/ext.odex /system/framework/ext.odex
D/dalvikvm(25843): 6 : /system/framework/framework.odex /system/framework/framework.odex
D/dalvikvm(25843): 7 : /system/framework/framework2.odex /system/framework/framework2.odex
D/dalvikvm(25843): 8 : /system/framework/telephony-common.odex /system/framework/telephony-common.odex
D/dalvikvm(25843): 9 : /system/framework/voip-common.odex /system/framework/voip-common.odex
D/dalvikvm(25843): 10 : /system/framework/mms-common.odex /system/framework/mms-common.odex
D/dalvikvm(25843): 11 : /system/framework/android.policy.odex /system/framework/android.policy.odex
D/dalvikvm(25843): 12 : /system/framework/services.odex /system/framework/services.odex
D/dalvikvm(25843): 13 : /system/framework/apache-xml.odex /system/framework/apache-xml.odex
D/dalvikvm(25843): 14 : /system/framework/webviewchromium.odex /system/framework/webviewchromium.odex
D/dalvikvm(25843): 15 : /system/framework/mediatek-common.odex /system/framework/mediatek-common.odex
D/dalvikvm(25843): 16 : /system/framework/mediatek-framework.odex /system/framework/mediatek-framework.odex
