I/chromium(13777): [INFO:resource_provider.cc(1770)] [StartRaster] allocated=[1] image_id=[1047] buffer=[0x84a4f000] stride=[1536]
I/chromium(13777): [INFO:image_raster_worker_pool.cc(75)] [RunOnWorkerThread] --------------
I/chromium(13777): [INFO:resource_provider.cc(1770)] [StartRaster] allocated=[1] image_id=[1094] buffer=[0x89999000] stride=[1536]
I/        (  245): [BWC INFO](245): get_bwc_mm_property success
I/chromium(13777): [INFO:image_raster_worker_pool.cc(75)] [RunOnWorkerThread] --------------
I/chromium(13777): [INFO:resource_provider.cc(1770)] [StartRaster] allocated=[1] image_id=[1060] buffer=[0x8641e000] stride=[1536]
I/chromium(13777): [INFO:image_raster_worker_pool.cc(75)] [RunOnWorkerThread] --------------
I/chromium(13777): [INFO:resource_provider.cc(1770)] [StartRaster] allocated=[1] image_id=[1072] buffer=[0x85a4e000] stride=[1280]
I/ActivityManager( 1655): START u0 {act=android.intent.action.MAIN cat=[android.intent.category.LAUNCHER] flg=0x10200000 cmp=com.sixty.nidoneClient/.view.activity.SDK_WebApp} from pid 25939
E/ActivityManager( 1655): START {act=android.intent.action.MAIN cat=[android.intent.category.LAUNCHER] flg=0x10200000 cmp=com.sixty.nidoneClient/.view.activity.SDK_WebApp u=0} from pid 25939
I/chromium(13777): [INFO:image_raster_worker_pool.cc(75)] [RunOnWorkerThread] --------------
I/chromium(13777): [INFO:resource_provider.cc(1770)] [StartRaster] allocated=[1] image_id=[1065] buffer=[0x868fe000] stride=[1536]
D/ActivityManager( 1655): ACT-moveHomeTask toFront : false homeInFront = false
D/ActivityManager( 1655): launchFlags = 10200000, launchMode = 2, realActivity = ComponentInfo{com.sixty.nidoneClient/com.sixty.nidoneClient.view.activity.SDK_WebApp}, task.realActivity = ComponentInfo{com.sixty.nidoneClient/com.sixty.nidoneClient.view.activity.SDK_WebApp}
I/ActivityManager( 1655): topActivity.packageName = com.sixty.nidoneClient
I/ouyang100(13777):     Activity onPause^^^^^^^^^^^^^^com.sixty.nidoneClient
I/DCloud_LOG(13777): onPause
D/miniserver(13777): close serversocket port=13131
I/chromium(13777): [INFO:image_raster_worker_pool.cc(75)] [RunOnWorkerThread] --------------
I/System.out(13777): [CDS]close[13131]
D/WebView (13777): evaluateJavascript=javascript:(function(){if(!((window.__html5plus__&&__html5plus__.isReady)?__html5plus__:(navigator.plus&&navigator.plus.isReady)?navigator.plus:window.plus)){window.__load__plus__&&window.__load__plus__();}var e = document.createEvent('HTMLEvents');var evt = 'pause';e.initEvent(evt, false, true);/*console.log('dispatch ' + evt + ' event');*/document.dispatchEvent(e);})();
V/websync (13777): *** WebSyncManager stopSync ***, Ref count:1
D/WebView (13777): evaluateJavascript=javascript:try{if(((window.__html5plus__&&__html5plus__.isReady)?__html5plus__:(navigator.plus&&navigator.plus.isReady)?navigator.plus:window.plus).runtime){((window.__html5plus__&&__html5plus__.isReady)?__html5plus__:(navigator.plus&&navigator.plus.isReady)?navigator.plus:window.plus).runtime.arguments = "";}}catch(e){};if(((window.__html5plus__&&__html5plus__.isReady)?__html5plus__:(navigator.plus&&navigator.plus.isReady)?navigator.plus:window.plus).runtime){((window.__html5plus__&&__html5plus__.isReady)?__html5plus__:(navigator.plus&&navigator.plus.isReady)?navigator.plus:window.plus).runtime.launcher = 'default';}if(((window.__html5plus__&&__html5plus__.isReady)?__html5plus__:(navigator.plus&&navigator.plus.isReady)?navigator.plus:window.plus).runtime){((window.__html5plus__&&__html5plus__.isReady)?__html5plus__:(navigator.plus&&navigator.plus.isReady)?navigator.plus:window.plus).runtime.origin = 'default';}javascript:(function(){if(!((window.__html5plus__&&__html5plus__.isReady)?__html5plus__:(navigator.plus&&navigator.plus.isReady)?navigator.plus:window.plus)){window.__load__plus__&&window.__load__plus__();}var e = document.createEvent('HTMLEvents');var evt = 'newintent';e.initEvent(evt, false, true);/*console.log('dispatch ' + evt + ' event');*/document.dispatchEvent(e);})();
I/System.out(13777): close [socket][/0.0.0.0:-1]
W/System.err(13777): java.net.SocketException: Socket closed
I/ouyang100(13777):     Activity onResume^^^^^^^^^^^^^^com.sixty.nidoneClient
W/System.err(13777): 	at libcore.io.Posix.accept(Native Method)
I/DCloud_LOG(13777): onResume resumeTime=1514279754600
W/System.err(13777): 	at libcore.io.BlockGuardOs.accept(BlockGuardOs.java:55)
W/System.err(13777): 	at java.net.PlainSocketImpl.accept(PlainSocketImpl.java:98)
W/System.err(13777): 	at java.net.ServerSocket.implAccept(ServerSocket.java:203)
W/System.err(13777): 	at java.net.ServerSocket.accept(ServerSocket.java:128)
W/System.err(13777): 	at io.dcloud.common.util.net.http.LocalServer.run(LocalServer.java:62)
W/System.err(13777): 	at java.lang.Thread.run(Thread.java:848)
W/System.err(13777): java.net.SocketException: Socket closed
W/System.err(13777): 	at libcore.io.Posix.accept(Native Method)
W/System.err(13777): 	at libcore.io.BlockGuardOs.accept(BlockGuardOs.java:55)
W/System.err(13777): 	at java.net.PlainSocketImpl.accept(PlainSocketImpl.java:98)
W/System.err(13777): 	at java.net.ServerSocket.implAccept(ServerSocket.java:203)
W/System.err(13777): 	at java.net.ServerSocket.accept(ServerSocket.java:128)
I/System.out(13777): tcp port:13131
W/System.err(13777): 	at io.dcloud.common.util.net.http.LocalServer.run(LocalServer.java:62)
W/System.err(13777): 	at java.lang.Thread.run(Thread.java:848)
I/System.out(13777): io.dcloud.common.util.net.http.LocalServer.<init>(LocalServer.java:26)
D/dalvikvm(13777): create interp thread : stack size=128KB
W/DCloud_Exception(13777): Exception stop mPort=13131;socket=
W/DCloud_Exception(13777): java.net.SocketException: Socket closed
W/DCloud_Exception(13777): 	at libcore.io.Posix.accept(Native Method)
W/DCloud_Exception(13777): 	at libcore.io.BlockGuardOs.accept(BlockGuardOs.java:55)
W/DCloud_Exception(13777): 	at java.net.PlainSocketImpl.accept(PlainSocketImpl.java:98)
W/DCloud_Exception(13777): 	at java.net.ServerSocket.implAccept(ServerSocket.java:203)
W/DCloud_Exception(13777): 	at java.net.ServerSocket.accept(ServerSocket.java:128)
W/DCloud_Exception(13777): 	at io.dcloud.common.util.net.http.LocalServer.run(LocalServer.java:62)
W/DCloud_Exception(13777): 	at java.lang.Thread.run(Thread.java:848)
D/dalvikvm(13777): create new thread
D/dalvikvm(13777): new thread created
D/dalvikvm(13777): update thread list
I/chromium(13777): [INFO:resource_provider.cc(1770)] [StartRaster] allocated=[1] image_id=[1093] buffer=[0x8978c000] stride=[1536]
I/        (  245): [BWC INFO](245): get_bwc_mm_property success
D/dalvikvm(13777): threadid=68: exiting
D/dalvikvm(13777): threadid=68: bye!
D/dalvikvm(13777): threadid=68: interp stack at 0x7c352000
D/dalvikvm(13777): threadid=68: created from interp
D/dalvikvm(13777): start new thread
D/WebView (13777): evaluateJavascript=javascript:(function(){if(!((window.__html5plus__&&__html5plus__.isReady)?__html5plus__:(navigator.plus&&navigator.plus.isReady)?navigator.plus:window.plus)){window.__load__plus__&&window.__load__plus__();}var e = document.createEvent('HTMLEvents');var evt = 'resume';e.initEvent(evt, false, true);/*console.log('dispatch ' + evt + ' event');*/document.dispatchEvent(e);})();
V/websync (13777): ***  WebSyncManager startSync ***, Ref count:0
D/ActivityThread(13777): ACT-NEW_INTENT handled : 0 / NewIntentData{intents=[Intent { act=android.intent.action.MAIN cat=[android.intent.category.LAUNCHER] flg=0x10200000 cmp=com.sixty.nidoneClient/.view.activity.SDK_WebApp }] token=android.os.BinderProxy@441bbd58}
D/dalvikvm(13777): threadid=68: notify debugger
D/dalvikvm(13777): threadid=68 (Thread-1371): calling run()
D/miniserver(13777): 13131 serversocket running...
I/chromium(13777): [INFO:image_raster_worker_pool.cc(75)] [RunOnWorkerThread] --------------
I/chromium(13777): [INFO:resource_provider.cc(1770)] [StartRaster] allocated=[1] image_id=[1126] buffer=[0x8ae56000] stride=[1536]
I/chromium(13777): [INFO:image_raster_worker_pool.cc(75)] [RunOnWorkerThread] --------------
I/chromium(13777): [INFO:resource_provider.cc(1770)] [StartRaster] allocated=[1] image_id=[1127] buffer=[0x8aee6000] stride=[1536]
I/chromium(13777): [INFO:image_raster_worker_pool.cc(75)] [RunOnWorkerThread] --------------
I/chromium(13777): [INFO:resource_provider.cc(1770)] [StartRaster] allocated=[1] image_id=[1086] buffer=[0x8605e000] stride=[1280]
I/chromium(13777): [INFO:image_raster_worker_pool.cc(75)] [RunOnWorkerThread] --------------
I/uSDK    (13777): [CAE][D][2017-12-26 17:15:54.633884][cae_softap_user_task:730][buffer fd or timeout ]
I/uSDK    (13777): [CAE][D][2017-12-26 17:15:54.633975][cae_su_read_buffer_to_send:630][count[0]***]
I/uSDK    (13777): [CAE][D][2017-12-26 17:15:54.633996][su_ctx_fd_set:692][MAX fd[-1]]
I/        (  245): [BWC INFO](245): get_bwc_mm_property success
I/uSDK    (13777): [CAE][D][2017-12-26 17:15:54.661477][cae_sr_k_loop:965][mdns resolver loop timeout event happen, interval time:20s]
I/uSDK    (13777): [CAE][I][2017-12-26 17:15:54.661523][cae_sr_k_loop:1006][do dense soft refresh timing!]
I/uSDK    (13777): [CAE][I][2017-12-26 17:15:54.661540][cae_sd_core_connect_send_search_data:116][force mdns daemon to send mdns search udp data ... ...]
I/uSDK    (13777): [CAE][I][2017-12-26 17:15:54.661612][mDNSPlatformWriteLogMsg:171][connecting mdns server port:48905.]
I/uSDK    (13777): [CAE][I][2017-12-26 17:15:54.662009][mDNSPlatformWriteLogMsg:171][receive x_RefreshInterfaceList cmd ]
I/uSDK    (13777): [CAE][I][2017-12-26 17:15:54.662038][mDNSPlatformWriteLogMsg:171][mdns daemon refreshing interface list ... ...]
I/uSDK    (13777): [CAE][I][2017-12-26 17:15:54.662058][mDNSPlatformWriteLogMsg:171][qname : _sleep-proxy._udp.local.  qtype value: 12  string info: PTR ]
I/uSDK    (13777): [CAE][I][2017-12-26 17:15:54.662072][mDNSPlatformWriteLogMsg:171][StartLLQPolling ... ... ]
I/uSDK    (13777): [CAE][I][2017-12-26 17:15:54.662089][mDNSPlatformWriteLogMsg:171][qname : _cae._udp.local.  qtype value: 12  string info: PTR ]
I/uSDK    (13777): [CAE][I][2017-12-26 17:15:54.662102][mDNSPlatformWriteLogMsg:171][StartLLQPolling ... ... ]
I/uSDK    (13777): [CAE][I][2017-12-26 17:15:54.662116][mDNSPlatformWriteLogMsg:171][ xxx mDNS Execute begin ... ... ]
I/uSDK    (13777): [CAE][I][2017-12-26 17:15:54.662351][mDNSPlatformWriteLogMsg:171][mdns daemon refreshing interface list end!]
I/uSDK    (13777): [CAE][I][2017-12-26 17:15:54.662373][mDNSPlatformWriteLogMsg:171][request_callback: 415:ERROR: Unsupported UDS req:8888 PID[-1][]]
I/uSDK    (13777): [CAE][I][2017-12-26 17:15:54.662461][cae_sd_core_connect_send_search_data:126][sending mdns search upd data is end; err:0]
D/DCloud_LOG(13777): AdaFrameView.dispatchFrameViewEvents type=touchstart;args=640
D/yl      (13777): NWindow.onCallBack pEventType=touchstart;640;
I/chromium(13777): [INFO:resource_provider.cc(1770)] [StartRaster] allocated=[1] image_id=[1039] buffer=[0x83bfc000] stride=[1536]
I/chromium(13777): [INFO:image_raster_worker_pool.cc(75)] [RunOnWorkerThread] --------------
I/chromium(13777): [INFO:resource_provider.cc(1770)] [StartRaster] allocated=[1] image_id=[1044] buffer=[0x83c8c000] stride=[2048]
I/chromium(13777): [INFO:image_raster_worker_pool.cc(75)] [RunOnWorkerThread] --------------
I/chromium(13777): [INFO:resource_provider.cc(1770)] [StartRaster] allocated=[1] image_id=[1101] buffer=[0x7c152000] stride=[1280]
I/chromium(13777): [INFO:image_raster_worker_pool.cc(75)] [RunOnWorkerThread] --------------
I/chromium(13777): [INFO:resource_provider.cc(1770)] [StartRaster] allocated=[1] image_id=[1100] buffer=[0x7c116000] stride=[1280]
I/chromium(13777): [INFO:image_raster_worker_pool.cc(75)] [RunOnWorkerThread] --------------
I/chromium(13777): [INFO:resource_provider.cc(1770)] [StartRaster] allocated=[1] image_id=[1077] buffer=[0x8279d000] stride=[1280]
I/chromium(13777): [INFO:image_raster_worker_pool.cc(75)] [RunOnWorkerThread] --------------
I/chromium(13777): [INFO:resource_provider.cc(1770)] [StartRaster] allocated=[1] image_id=[1078] buffer=[0x82a90000] stride=[1280]
I/chromium(13777): [INFO:image_raster_worker_pool.cc(75)] [RunOnWorkerThread] --------------
I/chromium(13777): [INFO:resource_provider.cc(1770)] [StartRaster] allocated=[1] image_id=[1133] buffer=[0x8a8fe000] stride=[2048]
I/chromium(13777): [INFO:image_raster_worker_pool.cc(75)] [RunOnWorkerThread] --------------
I/chromium(13777): [INFO:resource_provider.cc(1770)] [StartRaster] allocated=[1] image_id=[1064] buffer=[0x866ff000] stride=[1536]
I/chromium(13777): [INFO:image_raster_worker_pool.cc(75)] [RunOnWorkerThread] --------------
I/chromium(13777): [INFO:resource_provider.cc(1770)] [StartRaster] allocated=[1] image_id=[1151] buffer=[0x8c00c000] stride=[1536]
I/chromium(13777): [INFO:image_raster_worker_pool.cc(75)] [RunOnWorkerThread] --------------
I/chromium(13777): [INFO:resource_provider.cc(1770)] [StartRaster] allocated=[1] image_id=[1152] buffer=[0x8c09c000] stride=[1536]
I/chromium(13777): [INFO:image_raster_worker_pool.cc(75)] [RunOnWorkerThread] --------------
I/chromium(13777): [INFO:resource_provider.cc(1770)] [StartRaster] allocated=[1] image_id=[1099] buffer=[0x7c0b6000] stride=[2048]
I/chromium(13777): [INFO:image_raster_worker_pool.cc(75)] [RunOnWorkerThread] --------------
I/chromium(13777): [INFO:resource_provider.cc(1770)] [StartRaster] allocated=[1] image_id=[1109] buffer=[0x890c4000] stride=[2048]
I/chromium(13777): [INFO:image_raster_worker_pool.cc(75)] [RunOnWorkerThread] --------------
I/chromium(13777): [INFO:resource_provider.cc(1770)] [StartRaster] allocated=[1] image_id=[1124] buffer=[0x8a9c0000] stride=[1536]
I/chromium(13777): [INFO:image_raster_worker_pool.cc(75)] [RunOnWorkerThread] --------------
I/chromium(13777): [INFO:resource_provider.cc(1770)] [StartRaster] allocated=[1] image_id=[1125] buffer=[0x8adc6000] stride=[1536]
I/chromium(13777): [INFO:image_raster_worker_pool.cc(75)] [RunOnWorkerThread] --------------
I/chromium(13777): [INFO:resource_provider.cc(1770)] [StartRaster] allocated=[1] image_id=[1106] buffer=[0x87ef6000] stride=[2048]
I/chromium(13777): [INFO:image_raster_worker_pool.cc(75)] [RunOnWorkerThread] --------------
I/chromium(13777): [INFO:resource_provider.cc(1770)] [StartRaster] allocated=[1] image_id=[1111] buffer=[0x89b55000] stride=[2048]
I/chromium(13777): [INFO:image_raster_worker_pool.cc(75)] [RunOnWorkerThread] --------------
I/chromium(13777): [INFO:resource_provider.cc(1770)] [StartRaster] allocated=[1] image_id=[1056] buffer=[0x85f12000] stride=[1536]
I/chromium(13777): [INFO:image_raster_worker_pool.cc(75)] [RunOnWorkerThread] --------------
I/chromium(13777): [INFO:resource_provider.cc(1770)] [StartRaster] allocated=[1] image_id=[1054] buffer=[0x85cda000] stride=[1536]
I/chromium(13777): [INFO:image_raster_worker_pool.cc(75)] [RunOnWorkerThread] --------------
I/chromium(13777): [INFO:resource_provider.cc(1770)] [StartRaster] allocated=[1] image_id=[1053] buffer=[0x85c3a000] stride=[1536]
I/chromium(13777): [INFO:image_raster_worker_pool.cc(75)] [RunOnWorkerThread] --------------
I/chromium(13777): [INFO:resource_provider.cc(1770)] [StartRaster] allocated=[1] image_id=[1096] buffer=[0x89ab9000] stride=[1536]
I/chromium(13777): [INFO:image_raster_worker_pool.cc(75)] [RunOnWorkerThread] --------------
I/chromium(13777): [INFO:resource_provider.cc(1770)] [StartRaster] allocated=[1] image_id=[1082] buffer=[0x88d90000] stride=[1536]
I/chromium(13777): [INFO:image_raster_worker_pool.cc(75)] [RunOnWorkerThread] --------------
I/chromium(13777): [INFO:resource_provider.cc(1770)] [StartRaster] allocated=[1] image_id=[1040] buffer=[0x83f09000] stride=[1536]
I/chromium(13777): [INFO:image_raster_worker_pool.cc(75)] [RunOnWorkerThread] --------------
I/chromium(13777): [INFO:resource_provider.cc(1770)] [StartRaster] allocated=[1] image_id=[1067] buffer=[0x86bbb000] stride=[1536]
I/chromium(13777): [INFO:image_raster_worker_pool.cc(75)] [RunOnWorkerThread] --------------
I/chromium(13777): [INFO:resource_provider.cc(1770)] [StartRaster] allocated=[1] image_id=[1049] buffer=[0x853f8000] stride=[1536]
I/chromium(13777): [INFO:image_raster_worker_pool.cc(75)] [RunOnWorkerThread] --------------
I/chromium(13777): [INFO:resource_provider.cc(1770)] [StartRaster] allocated=[1] image_id=[1143] buffer=[0x8b346000] stride=[1536]
I/chromium(13777): [INFO:image_raster_worker_pool.cc(75)] [RunOnWorkerThread] --------------
I/chromium(13777): [INFO:resource_provider.cc(1770)] [StartRaster] allocated=[1] image_id=[1059] buffer=[0x862fd000] stride=[1536]
I/chromium(13777): [INFO:image_raster_worker_pool.cc(75)] [RunOnWorkerThread] --------------
I/chromium(13777): [INFO:resource_provider.cc(1770)] [StartRaster] allocated=[1] image_id=[1115] buffer=[0x89d45000] stride=[1536]
I/chromium(13777): [INFO:image_raster_worker_pool.cc(75)] [RunOnWorkerThread] --------------
I/chromium(13777): [INFO:resource_provider.cc(1770)] [StartRaster] allocated=[1] image_id=[1117] buffer=[0x89e6f000] stride=[1536]
I/chromium(13777): [INFO:image_raster_worker_pool.cc(75)] [RunOnWorkerThread] --------------
I/chromium(13777): [INFO:resource_provider.cc(1770)] [StartRaster] allocated=[1] image_id=[1050] buffer=[0x85749000] stride=[1536]
I/chromium(13777): [INFO:image_raster_worker_pool.cc(75)] [RunOnWorkerThread] --------------
I/chromium(13777): [INFO:resource_provider.cc(1770)] [StartRaster] allocated=[1] image_id=[1069] buffer=[0x86cdb000] stride=[1536]
I/chromium(13777): [INFO:image_raster_worker_pool.cc(75)] [RunOnWorkerThread] --------------
I/chromium(13777): [INFO:resource_provider.cc(1770)] [StartRaster] allocated=[1] image_id=[1142] buffer=[0x8b2b6000] stride=[1536]
I/chromium(13777): [INFO:image_raster_worker_pool.cc(75)] [RunOnWorkerThread] --------------
I/chromium(13777): [INFO:resource_provider.cc(1770)] [StartRaster] allocated=[1] image_id=[1114] buffer=[0x89c91000] stride=[1536]
I/chromium(13777): [INFO:image_raster_worker_pool.cc(75)] [RunOnWorkerThread] --------------
I/chromium(13777): [INFO:resource_provider.cc(1770)] [StartRaster] allocated=[1] image_id=[1131] buffer=[0x8b126000] stride=[1536]
I/chromium(13777): [INFO:image_raster_worker_pool.cc(75)] [RunOnWorkerThread] --------------
I/chromium(13777): [INFO:resource_provider.cc(1770)] [StartRaster] allocated=[1] image_id=[1129] buffer=[0x8b006000] stride=[1536]
I/chromium(13777): [INFO:image_raster_worker_pool.cc(75)] [RunOnWorkerThread] --------------
I/chromium(13777): [INFO:resource_provider.cc(1770)] [StartRaster] allocated=[1] image_id=[1144] buffer=[0x8b3d6000] stride=[1536]
I/chromium(13777): [INFO:image_raster_worker_pool.cc(75)] [RunOnWorkerThread] --------------
I/chromium(13777): [INFO:resource_provider.cc(1770)] [StartRaster] allocated=[1] image_id=[1061] buffer=[0x86549000] stride=[1536]
I/chromium(13777): [INFO:image_raster_worker_pool.cc(75)] [RunOnWorkerThread] --------------
I/chromium(13777): [INFO:resource_provider.cc(1770)] [StartRaster] allocated=[1] image_id=[1119] buffer=[0x89ff9000] stride=[1536]
I/chromium(13777): [INFO:image_raster_worker_pool.cc(75)] [RunOnWorkerThread] --------------
I/chromium(13777): [INFO:resource_provider.cc(1770)] [StartRaster] allocated=[1] image_id=[1048] buffer=[0x84adf000] stride=[1536]
I/chromium(13777): [INFO:image_raster_worker_pool.cc(75)] [RunOnWorkerThread] --------------
I/chromium(13777): [INFO:resource_provider.cc(1770)] [StartRaster] allocated=[1] image_id=[1122] buffer=[0x8a68f000] stride=[1536]
I/chromium(13777): [INFO:image_raster_worker_pool.cc(75)] [RunOnWorkerThread] --------------
I/chromium(13777): [INFO:resource_provider.cc(1770)] [StartRaster] allocated=[1] image_id=[1128] buffer=[0x8af76000] stride=[1536]
I/chromium(13777): [INFO:image_raster_worker_pool.cc(75)] [RunOnWorkerThread] --------------
I/chromium(13777): [INFO:resource_provider.cc(1770)] [StartRaster] allocated=[1] image_id=[1068] buffer=[0x86c4b000] stride=[1536]
I/chromium(13777): [INFO:image_raster_worker_pool.cc(75)] [RunOnWorkerThread] --------------
I/chromium(13777): [INFO:resource_provider.cc(1770)] [StartRaster] allocated=[1] image_id=[1055] buffer=[0x85d82000] stride=[1536]
I/chromium(13777): [INFO:image_raster_worker_pool.cc(75)] [RunOnWorkerThread] --------------
I/chromium(13777): [INFO:resource_provider.cc(1770)] [StartRaster] allocated=[1] image_id=[1120] buffer=[0x8a206000] stride=[1536]
I/chromium(13777): [INFO:image_raster_worker_pool.cc(75)] [RunOnWorkerThread] --------------
I/chromium(13777): [INFO:resource_provider.cc(1770)] [StartRaster] allocated=[1] image_id=[1136] buffer=[0x8b216000] stride=[1280]
I/chromium(13777): [INFO:image_raster_worker_pool.cc(75)] [RunOnWorkerThread] --------------
I/chromium(13777): [INFO:resource_provider.cc(1770)] [StartRaster] allocated=[1] image_id=[1156] buffer=[0x8d1aa000] stride=[1280]
I/BufferQueue(  245): [com.sixty.nidoneClient/com.sixty.nidoneClient.view.activity.SDK_WebApp](this:0xb71b7008,id:1844,api:1,p:13777,c:245) queueBuffer: fps=15.71 dur=1463.99 max=557.26 min=13.24
I/chromium(13777): [INFO:image_raster_worker_pool.cc(75)] [RunOnWorkerThread] --------------
I/chromium(13777): [INFO:resource_provider.cc(1770)] [StartRaster] allocated=[1] image_id=[1132] buffer=[0x79f9e000] stride=[1280]
I/chromium(13777): [INFO:image_raster_worker_pool.cc(75)] [RunOnWorkerThread] --------------
I/chromium(13777): [INFO:resource_provider.cc(1770)] [StartRaster] allocated=[1] image_id=[1074] buffer=[0x7c4ae000] stride=[1280]
I/chromium(13777): [INFO:image_raster_worker_pool.cc(75)] [RunOnWorkerThread] --------------
I/        (  245): [BWC INFO](245): get_bwc_mm_property success
I/SurfaceFlinger(  245): [Built-in Screen (type:0)] fps:15.699572,dur:1465.01,max:556.73,min:14.58
D/DCloud_LOG(13777): AdaFrameView.dispatchFrameViewEvents type=touchstart;args=640
D/yl      (13777): NWindow.onCallBack pEventType=touchstart;640;
I/chromium(13777): [INFO:resource_provider.cc(1770)] [StartRaster] allocated=[1] image_id=[1145] buffer=[0x7be92000] stride=[256]
I/chromium(13777): [INFO:image_raster_worker_pool.cc(75)] [RunOnWorkerThread] --------------
I/chromium(13777): [INFO:resource_provider.cc(1770)] [StartRaster] allocated=[1] image_id=[1146] buffer=[0x7c18e000] stride=[256]
I/chromium(13777): [INFO:image_raster_worker_pool.cc(75)] [RunOnWorkerThread] --------------
I/chromium(13777): [INFO:resource_provider.cc(1770)] [StartRaster] allocated=[1] image_id=[1147] buffer=[0x8275d000] stride=[256]
I/chromium(13777): [INFO:image_raster_worker_pool.cc(75)] [RunOnWorkerThread] --------------
I/chromium(13777): [INFO:resource_provider.cc(1770)] [StartRaster] allocated=[1] image_id=[1148] buffer=[0x83e65000] stride=[256]
I/chromium(13777): [INFO:image_raster_worker_pool.cc(75)] [RunOnWorkerThread] --------------
I/chromium(13777): [INFO:resource_provider.cc(1770)] [StartRaster] allocated=[1] image_id=[1149] buffer=[0x8284e000] stride=[256]
I/chromium(13777): [INFO:image_raster_worker_pool.cc(75)] [RunOnWorkerThread] --------------
I/        (  245): [BWC INFO](245): get_bwc_mm_property success
I/        (  245): [BWC INFO](245): get_bwc_mm_property success
D/WifiStateMachine( 1655): ConnectedState{ when=-2ms what=131155 arg1=14 target=com.android.internal.util.StateMachine$SmHandler target=Handler (com.android.internal.util.StateMachine$SmHandler) {43142030} }
D/WifiStateMachine( 1655): L2ConnectedState{ when=-4ms what=131155 arg1=14 target=com.android.internal.util.StateMachine$SmHandler target=Handler (com.android.internal.util.StateMachine$SmHandler) {43142030} }
D/WifiHW  ( 1655): enter -->wifi_send_command cmd=IFNAME=wlan0 SIGNAL_POLL
D/wpa_supplicant( 3981): RX ctrl_iface - hexdump(len=11): 53 49 47 4e 41 4c 5f 50 4f 4c 4c
D/wpa_supplicant( 3981): wlan0: Control interface command 'SIGNAL_POLL'
D/wpa_supplicant( 3981): nl80211: survey data missing!
D/wpa_supplicant( 3981): signal poll, reply_len=48
D/wpa_ctrl( 1655): reply_len=4095
D/WifiHW  ( 1655): leave --> reply=RSSI=-43
D/WifiHW  ( 1655): LINKSPEED=65
D/WifiHW  ( 1655): NOISE=9999
D/WifiHW  ( 1655): FREQUENCY=2412
D/WifiHW  ( 1655): 
D/wifi    ( 1655): doStringCommand, buf IFNAME=wlan0 SIGNAL_POLL
I/WifiStateMachine( 1655): fetchRssiAndLinkSpeedNative, newRssi:-43, newLinkSpeed:65, SSID:"60_dev_01"
D/WifiStateMachine( 1655): mRssiArray[0] = -43
D/WifiStateMachine( 1655): mRssiArray[1] = -46
D/WifiStateMachine( 1655): mRssiArray[2] = -46
D/WifiStateMachine( 1655): mRssiArray[3] = -43
D/WifiStateMachine( 1655): mRssiArray[4] = -43
D/WifiStateMachine( 1655): GetFilterRssi is : -43
D/WifiStateMachine( 1655): mLastSignalLevel:4, newSignalLevel:4
D/WifiStateMachine( 1655): fetchRssiAndLinkSpeedNative, ipAddr:1795166380
W/UnimplementedWebViewApi(13777): Unimplemented WebView method onKeyMultiple called from: android.webkit.WebView.onKeyMultiple(WebView.java:2273)
W/UnimplementedWebViewApi(13777): Unimplemented WebView method onKeyDown called from: android.webkit.WebView.onKeyDown(WebView.java:2263)
D/AppWidgetMgr(13777): syncExecBaseEvent windowCount = 1
D/WindowManager( 1655): interceptKeyTq: result=1 keycode=19 screenIsOn=true keyguardActive=false policyFlags = #b000000 down =true canceled = false isWakeKey=false mVolumeDownKeyTriggered =false mVolumeUpKeyTriggered =false
D/WindowManager( 1655): interceptKeyTi keyCode=19 down=true repeatCount=0 keyguardOn=false mHomePressed=false canceled=false metaState:0
W/UnimplementedWebViewApi(13777): Unimplemented WebView method onKeyMultiple called from: android.webkit.WebView.onKeyMultiple(WebView.java:2273)
W/UnimplementedWebViewApi(13777): Unimplemented WebView method onKeyDown called from: android.webkit.WebView.onKeyDown(WebView.java:2263)
D/AppWidgetMgr(13777): syncExecBaseEvent windowCount = 1
D/WindowManager( 1655): interceptKeyTq: result=1 keycode=19 screenIsOn=true keyguardActive=false policyFlags = #b000000 down =false canceled = false isWakeKey=false mVolumeDownKeyTriggered =false mVolumeUpKeyTriggered =false
D/WindowManager( 1655): interceptKeyTi keyCode=19 down=false repeatCount=0 keyguardOn=false mHomePressed=false canceled=false metaState:0
I/chromium(13777): [INFO:resource_provider.cc(1770)] [StartRaster] allocated=[1] image_id=[1123] buffer=[0x8a71f000] stride=[1536]
I/chromium(13777): [INFO:image_raster_worker_pool.cc(75)] [RunOnWorkerThread] --------------
I/chromium(13777): [INFO:resource_provider.cc(1770)] [StartRaster] allocated=[1] image_id=[1102] buffer=[0x87af6000] stride=[2048]
I/chromium(13777): [INFO:image_raster_worker_pool.cc(75)] [RunOnWorkerThread] --------------
I/chromium(13777): [INFO:resource_provider.cc(1770)] [StartRaster] allocated=[1] image_id=[1103] buffer=[0x858ea000] stride=[1280]
I/chromium(13777): [INFO:image_raster_worker_pool.cc(75)] [RunOnWorkerThread] --------------
I/chromium(13777): [INFO:resource_provider.cc(1770)] [StartRaster] allocated=[1] image_id=[1104] buffer=[0x87b56000] stride=[1280]
I/chromium(13777): [INFO:image_raster_worker_pool.cc(75)] [RunOnWorkerThread] --------------
I/chromium(13777): [INFO:resource_provider.cc(1770)] [StartRaster] allocated=[1] image_id=[1080] buffer=[0x8503c000] stride=[1280]
I/chromium(13777): [INFO:image_raster_worker_pool.cc(75)] [RunOnWorkerThread] --------------
I/chromium(13777): [INFO:resource_provider.cc(1770)] [StartRaster] allocated=[1] image_id=[1079] buffer=[0x85000000] stride=[1280]
I/chromium(13777): [INFO:image_raster_worker_pool.cc(75)] [RunOnWorkerThread] --------------
I/chromium(13777): [INFO:resource_provider.cc(1770)] [StartRaster] allocated=[1] image_id=[1041] buffer=[0x83b8e000] stride=[2048]
I/chromium(13777): [INFO:image_raster_worker_pool.cc(75)] [RunOnWorkerThread] --------------
I/chromium(13777): [INFO:resource_provider.cc(1770)] [StartRaster] allocated=[1] image_id=[1042] buffer=[0x843fa000] stride=[1536]
I/chromium(13777): [INFO:image_raster_worker_pool.cc(75)] [RunOnWorkerThread] --------------
I/chromium(13777): [INFO:resource_provider.cc(1770)] [StartRaster] allocated=[1] image_id=[1052] buffer=[0x85b10000] stride=[1536]
I/chromium(13777): [INFO:image_raster_worker_pool.cc(75)] [RunOnWorkerThread] --------------
I/chromium(13777): [INFO:resource_provider.cc(1770)] [StartRaster] allocated=[1] image_id=[1113] buffer=[0x89c01000] stride=[1536]
I/chromium(13777): [INFO:image_raster_worker_pool.cc(75)] [RunOnWorkerThread] --------------
I/chromium(13777): [INFO:resource_provider.cc(1770)] [StartRaster] allocated=[1] image_id=[1036] buffer=[0x7cbbf000] stride=[2048]
I/chromium(13777): [INFO:image_raster_worker_pool.cc(75)] [RunOnWorkerThread] --------------
I/chromium(13777): [INFO:resource_provider.cc(1770)] [StartRaster] allocated=[1] image_id=[1135] buffer=[0x8b1b6000] stride=[2048]
I/chromium(13777): [INFO:image_raster_worker_pool.cc(75)] [RunOnWorkerThread] --------------
I/chromium(13777): [INFO:resource_provider.cc(1770)] [StartRaster] allocated=[1] image_id=[1070] buffer=[0x86d6b000] stride=[1536]
I/chromium(13777): [INFO:image_raster_worker_pool.cc(75)] [RunOnWorkerThread] --------------
I/chromium(13777): [INFO:resource_provider.cc(1770)] [StartRaster] allocated=[1] image_id=[1062] buffer=[0x865d9000] stride=[1536]
I/chromium(13777): [INFO:image_raster_worker_pool.cc(75)] [RunOnWorkerThread] --------------
I/chromium(13777): [INFO:resource_provider.cc(1770)] [StartRaster] allocated=[1] image_id=[1105] buffer=[0x87b92000] stride=[2048]
I/chromium(13777): [INFO:image_raster_worker_pool.cc(75)] [RunOnWorkerThread] --------------
I/chromium(13777): [INFO:resource_provider.cc(1770)] [StartRaster] allocated=[1] image_id=[1134] buffer=[0x8abbe000] stride=[2048]
I/chromium(13777): [INFO:image_raster_worker_pool.cc(75)] [RunOnWorkerThread] --------------
I/chromium(13777): [INFO:resource_provider.cc(1770)] [StartRaster] allocated=[1] image_id=[1057] buffer=[0x85fce000] stride=[1536]
I/chromium(13777): [INFO:image_raster_worker_pool.cc(75)] [RunOnWorkerThread] --------------
I/chromium(13777): [INFO:resource_provider.cc(1770)] [StartRaster] allocated=[1] image_id=[1038] buffer=[0x83afe000] stride=[1536]
I/chromium(13777): [INFO:image_raster_worker_pool.cc(75)] [RunOnWorkerThread] --------------
I/chromium(13777): [INFO:resource_provider.cc(1770)] [StartRaster] allocated=[1] image_id=[1043] buffer=[0x846fe000] stride=[1536]
I/chromium(13777): [INFO:image_raster_worker_pool.cc(75)] [RunOnWorkerThread] --------------
I/chromium(13777): [INFO:resource_provider.cc(1770)] [StartRaster] allocated=[1] image_id=[1058] buffer=[0x860f2000] stride=[1536]
I/chromium(13777): [INFO:image_raster_worker_pool.cc(75)] [RunOnWorkerThread] --------------
I/chromium(13777): [INFO:resource_provider.cc(1770)] [StartRaster] allocated=[1] image_id=[1066] buffer=[0x86b2b000] stride=[1536]
I/chromium(13777): [INFO:image_raster_worker_pool.cc(75)] [RunOnWorkerThread] --------------
I/chromium(13777): [INFO:resource_provider.cc(1770)] [StartRaster] allocated=[1] image_id=[1130] buffer=[0x8b096000] stride=[1536]
I/chromium(13777): [INFO:image_raster_worker_pool.cc(75)] [RunOnWorkerThread] --------------
I/chromium(13777): [INFO:resource_provider.cc(1770)] [StartRaster] allocated=[1] image_id=[1081] buffer=[0x8886e000] stride=[1536]
I/chromium(13777): [INFO:image_raster_worker_pool.cc(75)] [RunOnWorkerThread] --------------
I/chromium(13777): [INFO:resource_provider.cc(1770)] [StartRaster] allocated=[1] image_id=[1045] buffer=[0x847ae000] stride=[1536]
I/chromium(13777): [INFO:image_raster_worker_pool.cc(75)] [RunOnWorkerThread] --------------
I/chromium(13777): [INFO:resource_provider.cc(1770)] [StartRaster] allocated=[1] image_id=[1047] buffer=[0x84a4f000] stride=[1536]
I/chromium(13777): [INFO:image_raster_worker_pool.cc(75)] [RunOnWorkerThread] --------------
I/chromium(13777): [INFO:resource_provider.cc(1770)] [StartRaster] allocated=[1] image_id=[1094] buffer=[0x89999000] stride=[1536]
I/chromium(13777): [INFO:image_raster_worker_pool.cc(75)] [RunOnWorkerThread] --------------
I/chromium(13777): [INFO:resource_provider.cc(1770)] [StartRaster] allocated=[1] image_id=[1060] buffer=[0x8641e000] stride=[1536]
I/chromium(13777): [INFO:image_raster_worker_pool.cc(75)] [RunOnWorkerThread] --------------
I/chromium(13777): [INFO:resource_provider.cc(1770)] [StartRaster] allocated=[1] image_id=[1056] buffer=[0x85f12000] stride=[1536]
I/chromium(13777): [INFO:image_raster_worker_pool.cc(75)] [RunOnWorkerThread] --------------
I/chromium(13777): [INFO:resource_provider.cc(1770)] [StartRaster] allocated=[1] image_id=[1053] buffer=[0x85c3a000] stride=[1536]
I/chromium(13777): [INFO:image_raster_worker_pool.cc(75)] [RunOnWorkerThread] --------------
I/chromium(13777): [INFO:resource_provider.cc(1770)] [StartRaster] allocated=[1] image_id=[1082] buffer=[0x88d90000] stride=[1536]
I/chromium(13777): [INFO:image_raster_worker_pool.cc(75)] [RunOnWorkerThread] --------------
I/chromium(13777): [INFO:resource_provider.cc(1770)] [StartRaster] allocated=[1] image_id=[1049] buffer=[0x853f8000] stride=[1536]
I/chromium(13777): [INFO:image_raster_worker_pool.cc(75)] [RunOnWorkerThread] --------------
I/chromium(13777): [INFO:resource_provider.cc(1770)] [StartRaster] allocated=[1] image_id=[1143] buffer=[0x8b346000] stride=[1536]
I/chromium(13777): [INFO:image_raster_worker_pool.cc(75)] [RunOnWorkerThread] --------------
I/chromium(13777): [INFO:resource_provider.cc(1770)] [StartRaster] allocated=[1] image_id=[1117] buffer=[0x89e6f000] stride=[1536]
I/chromium(13777): [INFO:image_raster_worker_pool.cc(75)] [RunOnWorkerThread] --------------
I/chromium(13777): [INFO:resource_provider.cc(1770)] [StartRaster] allocated=[1] image_id=[1069] buffer=[0x86cdb000] stride=[1536]
I/chromium(13777): [INFO:image_raster_worker_pool.cc(75)] [RunOnWorkerThread] --------------
I/chromium(13777): [INFO:resource_provider.cc(1770)] [StartRaster] allocated=[1] image_id=[1114] buffer=[0x89c91000] stride=[1536]
I/chromium(13777): [INFO:image_raster_worker_pool.cc(75)] [RunOnWorkerThread] --------------
I/chromium(13777): [INFO:resource_provider.cc(1770)] [StartRaster] allocated=[1] image_id=[1131] buffer=[0x8b126000] stride=[1536]
I/chromium(13777): [INFO:image_raster_worker_pool.cc(75)] [RunOnWorkerThread] --------------
I/chromium(13777): [INFO:resource_provider.cc(1770)] [StartRaster] allocated=[1] image_id=[1061] buffer=[0x86549000] stride=[1536]
I/chromium(13777): [INFO:image_raster_worker_pool.cc(75)] [RunOnWorkerThread] --------------
I/chromium(13777): [INFO:resource_provider.cc(1770)] [StartRaster] allocated=[1] image_id=[1119] buffer=[0x89ff9000] stride=[1536]
I/chromium(13777): [INFO:image_raster_worker_pool.cc(75)] [RunOnWorkerThread] --------------
I/chromium(13777): [INFO:resource_provider.cc(1770)] [StartRaster] allocated=[1] image_id=[1122] buffer=[0x8a68f000] stride=[1536]
I/chromium(13777): [INFO:image_raster_worker_pool.cc(75)] [RunOnWorkerThread] --------------
I/chromium(13777): [INFO:resource_provider.cc(1770)] [StartRaster] allocated=[1] image_id=[1068] buffer=[0x86c4b000] stride=[1536]
I/chromium(13777): [INFO:image_raster_worker_pool.cc(75)] [RunOnWorkerThread] --------------
I/chromium(13777): [INFO:resource_provider.cc(1770)] [StartRaster] allocated=[1] image_id=[1055] buffer=[0x85d82000] stride=[1536]
I/chromium(13777): [INFO:image_raster_worker_pool.cc(75)] [RunOnWorkerThread] --------------
I/chromium(13777): [INFO:resource_provider.cc(1770)] [StartRaster] allocated=[1] image_id=[1120] buffer=[0x8a206000] stride=[1536]
I/chromium(13777): [INFO:image_raster_worker_pool.cc(75)] [RunOnWorkerThread] --------------
I/chromium(13777): [INFO:resource_provider.cc(1770)] [StartRaster] allocated=[1] image_id=[1065] buffer=[0x868fe000] stride=[1536]
I/chromium(13777): [INFO:image_raster_worker_pool.cc(75)] [RunOnWorkerThread] --------------
I/chromium(13777): [INFO:resource_provider.cc(1770)] [StartRaster] allocated=[1] image_id=[1073] buffer=[0x87150000] stride=[1280]
I/chromium(13777): [INFO:image_raster_worker_pool.cc(75)] [RunOnWorkerThread] --------------
I/chromium(13777): [INFO:resource_provider.cc(1770)] [StartRaster] allocated=[1] image_id=[1072] buffer=[0x85a4e000] stride=[1280]
I/BufferQueue(  245): [com.sixty.nidoneClient/com.sixty.nidoneClient.view.activity.SDK_WebApp](this:0xb71b7008,id:1844,api:1,p:13777,c:245) queueBuffer: fps=2.78 dur=1079.51 max=591.35 min=16.48
I/chromium(13777): [INFO:image_raster_worker_pool.cc(75)] [RunOnWorkerThread] --------------
I/chromium(13777): [INFO:resource_provider.cc(1770)] [StartRaster] allocated=[1] image_id=[1098] buffer=[0x823a3000] stride=[1280]
I/chromium(13777): [INFO:image_raster_worker_pool.cc(75)] [RunOnWorkerThread] --------------
I/chromium(13777): [INFO:resource_provider.cc(1770)] [StartRaster] allocated=[1] image_id=[1139] buffer=[0x7bb70000] stride=[1280]
I/chromium(13777): [INFO:image_raster_worker_pool.cc(75)] [RunOnWorkerThread] --------------
I/        (  245): [BWC INFO](245): get_bwc_mm_property success
I/SurfaceFlinger(  245): [Built-in Screen (type:0)] fps:2.778286,dur:1079.80,max:590.58,min:16.85
D/BatteryService( 1655): mBatteryVoltage=4038, batteryLevel=50
V/ActivityManager( 1655): Broadcast sticky: Intent { act=android.intent.action.ADDITIONAL_BATTERY_CHANGED flg=0x60000010 (has extras) } ordered=false userid=-1 callerApp=null
V/ActivityManager( 1655): Broadcast sticky: Intent { act=android.intent.action.BATTERY_CHANGED flg=0x60000010 (has extras) } ordered=false userid=-1 callerApp=null
V/ActivityManager( 1655): Broadcast sticky: Intent { act=android.intent.action.ADDITIONAL_BATTERY_CHANGED flg=0x60000010 (has extras) } ordered=false userid=-1 callerApp=null
D/WifiService( 1655): onReceive, action:android.intent.action.BATTERY_CHANGED
D/UsbDeviceManager( 1655): onReceive - BATTERY_CHANGED - mPlugType: 2, mSettingUsbCharging: false, mConnected: true, mSettingUsbBicr: false
D/WifiController( 1655): DeviceActiveState{ when=-1ms what=155652 arg1=2 target=com.android.internal.util.StateMachine$SmHandler target=Handler (com.android.internal.util.StateMachine$SmHandler) {431e59b8} }
V/ActivityManager( 1655): Broadcast sticky: Intent { act=android.intent.action.ADDITIONAL_BATTERY_CHANGED flg=0x60000010 (has extras) } ordered=false userid=-1 callerApp=null
D/WifiController( 1655): StaEnabledState{ when=-1ms what=155652 arg1=2 target=com.android.internal.util.StateMachine$SmHandler target=Handler (com.android.internal.util.StateMachine$SmHandler) {431e59b8} }
D/WifiController( 1655): DefaultState{ when=-1ms what=155652 arg1=2 target=com.android.internal.util.StateMachine$SmHandler target=Handler (com.android.internal.util.StateMachine$SmHandler) {431e59b8} }
D/WifiController( 1655): battery changed pluggedType: 2
D/PowerSaveService( 4327): PowerSaveReceiver EXTRA_STATUS: status = 2, lastCharging = true
D/DCloud_LOG(13777): AdaFrameView.dispatchFrameViewEvents type=touchstart;args=640
D/yl      (13777): NWindow.onCallBack pEventType=touchstart;640;
W/chromium(13777): MotionEvent.ACTION_MOVE ignore!
I/chromium(13777): [INFO:resource_provider.cc(1770)] [StartRaster] allocated=[1] image_id=[1093] buffer=[0x8978c000] stride=[1536]
I/chromium(13777): [INFO:image_raster_worker_pool.cc(75)] [RunOnWorkerThread] --------------
I/chromium(13777): [INFO:resource_provider.cc(1770)] [StartRaster] allocated=[1] image_id=[1133] buffer=[0x8a8fe000] stride=[2048]
I/chromium(13777): [INFO:image_raster_worker_pool.cc(75)] [RunOnWorkerThread] --------------
I/chromium(13777): [INFO:resource_provider.cc(1770)] [StartRaster] allocated=[1] image_id=[1078] buffer=[0x82a90000] stride=[1280]
I/chromium(13777): [INFO:image_raster_worker_pool.cc(75)] [RunOnWorkerThread] --------------
I/chromium(13777): [INFO:resource_provider.cc(1770)] [StartRaster] allocated=[1] image_id=[1077] buffer=[0x8279d000] stride=[1280]
I/chromium(13777): [INFO:image_raster_worker_pool.cc(75)] [RunOnWorkerThread] --------------
I/chromium(13777): [INFO:resource_provider.cc(1770)] [StartRaster] allocated=[1] image_id=[1100] buffer=[0x7c116000] stride=[1280]
I/chromium(13777): [INFO:image_raster_worker_pool.cc(75)] [RunOnWorkerThread] --------------
I/chromium(13777): [INFO:resource_provider.cc(1770)] [StartRaster] allocated=[1] image_id=[1101] buffer=[0x7c152000] stride=[1280]
I/chromium(13777): [INFO:image_raster_worker_pool.cc(75)] [RunOnWorkerThread] --------------
I/chromium(13777): [INFO:resource_provider.cc(1770)] [StartRaster] allocated=[1] image_id=[1109] buffer=[0x890c4000] stride=[2048]
I/chromium(13777): [INFO:image_raster_worker_pool.cc(75)] [RunOnWorkerThread] --------------
I/chromium(13777): [INFO:resource_provider.cc(1770)] [StartRaster] allocated=[1] image_id=[1126] buffer=[0x8ae56000] stride=[1536]
I/chromium(13777): [INFO:image_raster_worker_pool.cc(75)] [RunOnWorkerThread] --------------
I/chromium(13777): [INFO:resource_provider.cc(1770)] [StartRaster] allocated=[1] image_id=[1127] buffer=[0x8aee6000] stride=[1536]
I/chromium(13777): [INFO:image_raster_worker_pool.cc(75)] [RunOnWorkerThread] --------------
I/chromium(13777): [INFO:resource_provider.cc(1770)] [StartRaster] allocated=[1] image_id=[1116] buffer=[0x89dd5000] stride=[1536]
I/chromium(13777): [INFO:image_raster_worker_pool.cc(75)] [RunOnWorkerThread] --------------
I/chromium(13777): [INFO:resource_provider.cc(1770)] [StartRaster] allocated=[1] image_id=[1111] buffer=[0x89b55000] stride=[2048]
I/chromium(13777): [INFO:image_raster_worker_pool.cc(75)] [RunOnWorkerThread] --------------
I/chromium(13777): [INFO:resource_provider.cc(1770)] [StartRaster] allocated=[1] image_id=[1044] buffer=[0x83c8c000] stride=[2048]
I/chromium(13777): [INFO:image_raster_worker_pool.cc(75)] [RunOnWorkerThread] --------------
I/chromium(13777): [INFO:resource_provider.cc(1770)] [StartRaster] allocated=[1] image_id=[1046] buffer=[0x849bf000] stride=[1536]
I/chromium(13777): [INFO:image_raster_worker_pool.cc(75)] [RunOnWorkerThread] --------------
I/chromium(13777): [INFO:resource_provider.cc(1770)] [StartRaster] allocated=[1] image_id=[1083] buffer=[0x8966c000] stride=[1536]
I/chromium(13777): [INFO:image_raster_worker_pool.cc(75)] [RunOnWorkerThread] --------------
I/chromium(13777): [INFO:resource_provider.cc(1770)] [StartRaster] allocated=[1] image_id=[1099] buffer=[0x7c0b6000] stride=[2048]
I/chromium(13777): [INFO:image_raster_worker_pool.cc(75)] [RunOnWorkerThread] --------------
I/chromium(13777): [INFO:resource_provider.cc(1770)] [StartRaster] allocated=[1] image_id=[1106] buffer=[0x87ef6000] stride=[2048]
I/chromium(13777): [INFO:image_raster_worker_pool.cc(75)] [RunOnWorkerThread] --------------
I/chromium(13777): [INFO:resource_provider.cc(1770)] [StartRaster] allocated=[1] image_id=[1095] buffer=[0x89a29000] stride=[1536]
I/chromium(13777): [INFO:image_raster_worker_pool.cc(75)] [RunOnWorkerThread] --------------
I/chromium(13777): [INFO:resource_provider.cc(1770)] [StartRaster] allocated=[1] image_id=[1051] buffer=[0x8585a000] stride=[1536]
I/chromium(13777): [INFO:image_raster_worker_pool.cc(75)] [RunOnWorkerThread] --------------
I/chromium(13777): [INFO:resource_provider.cc(1770)] [StartRaster] allocated=[1] image_id=[1037] buffer=[0x82d0e000] stride=[1536]
I/chromium(13777): [INFO:image_raster_worker_pool.cc(75)] [RunOnWorkerThread] --------------
I/chromium(13777): [INFO:resource_provider.cc(1770)] [StartRaster] allocated=[1] image_id=[1121] buffer=[0x8a5ff000] stride=[1536]
I/chromium(13777): [INFO:image_raster_worker_pool.cc(75)] [RunOnWorkerThread] --------------
I/chromium(13777): [INFO:resource_provider.cc(1770)] [StartRaster] allocated=[1] image_id=[1118] buffer=[0x89f03000] stride=[1536]
I/chromium(13777): [INFO:image_raster_worker_pool.cc(75)] [RunOnWorkerThread] --------------
I/chromium(13777): [INFO:resource_provider.cc(1770)] [StartRaster] allocated=[1] image_id=[1084] buffer=[0x896fc000] stride=[1536]
I/chromium(13777): [INFO:image_raster_worker_pool.cc(75)] [RunOnWorkerThread] --------------
I/chromium(13777): [INFO:resource_provider.cc(1770)] [StartRaster] allocated=[1] image_id=[1063] buffer=[0x86669000] stride=[1536]
D/WebView (13777): evaluateJavascript=javascript:(function(w,n){try{var plus=((w.__html5plus__&&w.__html5plus__.isReady)?w.__html5plus__:(n.plus&&n.plus.isReady)?n.plus:window.plus);var result= {};result.status = 1;result.message = {"features":["barcode","accelerometer","device","downloader","socketpluginservice","nativeobj","console","payment","invocation","xmlhttprequest","contacts","zip","uploader","gallery","orientation","camera","runtime","file","events","cache","geolocation","storage","webview","ui","irdapluginservice","proximity","navigator","audio","speech","robotxbpluginctrl","nativeui"],"author":"","appid":"com.sixty.nidoneClient","email":"","description":"","name":"","version":"2.3.23"};result.keepCallback = false;plus && plus.bridge.callbackFromNative('plus141514279756778', result);}catch(e){console.error(e)};})(window,navigator);
I/chromium(13777): [INFO:image_raster_worker_pool.cc(75)] [RunOnWorkerThread] --------------
I/chromium(13777): [INFO:resource_provider.cc(1770)] [StartRaster] allocated=[1] image_id=[1071] buffer=[0x86dfb000] stride=[1536]
I/chromium(13777): [INFO:image_raster_worker_pool.cc(75)] [RunOnWorkerThread] --------------
I/chromium(13777): [INFO:resource_provider.cc(1770)] [StartRaster] allocated=[1] image_id=[1153] buffer=[0x8c12c000] stride=[1536]
I/chromium(13777): [INFO:image_raster_worker_pool.cc(75)] [RunOnWorkerThread] --------------
I/chromium(13777): [INFO:resource_provider.cc(1770)] [StartRaster] allocated=[1] image_id=[1154] buffer=[0x8cf66000] stride=[1536]
I/chromium(13777): [INFO:image_raster_worker_pool.cc(75)] [RunOnWorkerThread] --------------
I/chromium(13777): [INFO:resource_provider.cc(1770)] [StartRaster] allocated=[1] image_id=[1155] buffer=[0x8cff6000] stride=[1536]
I/webview (13777): shouldInterceptRequest url=file:///storage/emulated/0/Android/data/com.sixty.nidoneClient/apps/com.sixty.nidoneClient/www/dist/goods/goodsDetail.html;withJs=null
I/webview (13777): onLoadResource url=file:///storage/emulated/0/Android/data/com.sixty.nidoneClient/apps/com.sixty.nidoneClient/www/dist/goods/goodsDetail.html
D/DCloud_LOG(13777): AdaFrameView.dispatchFrameViewEvents type=listenResourceLoading;args={url:'file:///storage/emulated/0/Android/data/com.sixty.nidoneClient/apps/com.sixty.nidoneClient/www/dist/goods/goodsDetail.html'}
D/yl      (13777): NWindow.onCallBack pEventType=listenResourceLoading;{url:'file:///storage/emulated/0/Android/data/com.sixty.nidoneClient/apps/com.sixty.nidoneClient/www/dist/goods/goodsDetail.html'};
D/Main_Path(13777): activeAppRootViewWithWapPage  IWebviewStateListener pType= 2
I/chromium(13777): [INFO:image_raster_worker_pool.cc(75)] [RunOnWorkerThread] --------------
I/chromium(13777): [INFO:resource_provider.cc(1770)] [StartRaster] allocated=[1] image_id=[1057] buffer=[0x85fce000] stride=[1536]
I/chromium(13777): [INFO:image_raster_worker_pool.cc(75)] [RunOnWorkerThread] --------------
I/chromium(13777): [INFO:resource_provider.cc(1770)] [StartRaster] allocated=[1] image_id=[1043] buffer=[0x846fe000] stride=[1536]
I/chromium(13777): [INFO:image_raster_worker_pool.cc(75)] [RunOnWorkerThread] --------------
I/chromium(13777): [INFO:resource_provider.cc(1770)] [StartRaster] allocated=[1] image_id=[1066] buffer=[0x86b2b000] stride=[1536]
I/chromium(13777): [INFO:image_raster_worker_pool.cc(75)] [RunOnWorkerThread] --------------
I/chromium(13777): [INFO:resource_provider.cc(1770)] [StartRaster] allocated=[1] image_id=[1045] buffer=[0x847ae000] stride=[1536]
I/chromium(13777): [INFO:image_raster_worker_pool.cc(75)] [RunOnWorkerThread] --------------
I/chromium(13777): [INFO:resource_provider.cc(1770)] [StartRaster] allocated=[1] image_id=[1047] buffer=[0x84a4f000] stride=[1536]
I/chromium(13777): [INFO:image_raster_worker_pool.cc(75)] [RunOnWorkerThread] --------------
I/chromium(13777): [INFO:resource_provider.cc(1770)] [StartRaster] allocated=[1] image_id=[1056] buffer=[0x85f12000] stride=[1536]
I/chromium(13777): [INFO:image_raster_worker_pool.cc(75)] [RunOnWorkerThread] --------------
I/chromium(13777): [INFO:resource_provider.cc(1770)] [StartRaster] allocated=[1] image_id=[1082] buffer=[0x88d90000] stride=[1536]
I/chromium(13777): [INFO:image_raster_worker_pool.cc(75)] [RunOnWorkerThread] --------------
I/chromium(13777): [INFO:resource_provider.cc(1770)] [StartRaster] allocated=[1] image_id=[1143] buffer=[0x8b346000] stride=[1536]
I/chromium(13777): [INFO:image_raster_worker_pool.cc(75)] [RunOnWorkerThread] --------------
I/chromium(13777): [INFO:resource_provider.cc(1770)] [StartRaster] allocated=[1] image_id=[1117] buffer=[0x89e6f000] stride=[1536]
I/chromium(13777): [INFO:image_raster_worker_pool.cc(75)] [RunOnWorkerThread] --------------
I/chromium(13777): [INFO:resource_provider.cc(1770)] [StartRaster] allocated=[1] image_id=[1131] buffer=[0x8b126000] stride=[1536]
I/chromium(13777): [INFO:image_raster_worker_pool.cc(75)] [RunOnWorkerThread] --------------
I/chromium(13777): [INFO:resource_provider.cc(1770)] [StartRaster] allocated=[1] image_id=[1061] buffer=[0x86549000] stride=[1536]
I/chromium(13777): [INFO:image_raster_worker_pool.cc(75)] [RunOnWorkerThread] --------------
I/chromium(13777): [INFO:resource_provider.cc(1770)] [StartRaster] allocated=[1] image_id=[1122] buffer=[0x8a68f000] stride=[1536]
I/chromium(13777): [INFO:image_raster_worker_pool.cc(75)] [RunOnWorkerThread] --------------
I/chromium(13777): [INFO:resource_provider.cc(1770)] [StartRaster] allocated=[1] image_id=[1055] buffer=[0x85d82000] stride=[1536]
I/chromium(13777): [INFO:image_raster_worker_pool.cc(75)] [RunOnWorkerThread] --------------
