I/chromium(13777): [INFO:image_raster_worker_pool.cc(75)] [RunOnWorkerThread] --------------
I/chromium(13777): [INFO:resource_provider.cc(1770)] [StartRaster] allocated=[1] image_id=[1122] buffer=[0x8a68f000] stride=[1536]
I/chromium(13777): [INFO:image_raster_worker_pool.cc(75)] [RunOnWorkerThread] --------------
I/chromium(13777): [INFO:resource_provider.cc(1770)] [StartRaster] allocated=[1] image_id=[1065] buffer=[0x868fe000] stride=[1536]
I/        (  245): [BWC INFO](245): get_bwc_mm_property success
I/chromium(13777): [INFO:image_raster_worker_pool.cc(75)] [RunOnWorkerThread] --------------
I/chromium(13777): [INFO:resource_provider.cc(1770)] [StartRaster] allocated=[1] image_id=[1052] buffer=[0x85b10000] stride=[1536]
I/chromium(13777): [INFO:image_raster_worker_pool.cc(75)] [RunOnWorkerThread] --------------
I/chromium(13777): [INFO:resource_provider.cc(1770)] [StartRaster] allocated=[1] image_id=[1070] buffer=[0x86d6b000] stride=[1536]
I/chromium(13777): [INFO:image_raster_worker_pool.cc(75)] [RunOnWorkerThread] --------------
I/chromium(13777): [INFO:resource_provider.cc(1770)] [StartRaster] allocated=[1] image_id=[1114] buffer=[0x89c91000] stride=[1536]
I/chromium(13777): [INFO:image_raster_worker_pool.cc(75)] [RunOnWorkerThread] --------------
I/chromium(13777): [INFO:resource_provider.cc(1770)] [StartRaster] allocated=[1] image_id=[1068] buffer=[0x86c4b000] stride=[1536]
I/chromium(13777): [INFO:image_raster_worker_pool.cc(75)] [RunOnWorkerThread] --------------
I/chromium(13777): [INFO:resource_provider.cc(1770)] [StartRaster] allocated=[1] image_id=[1051] buffer=[0x8585a000] stride=[1536]
I/chromium(13777): [INFO:image_raster_worker_pool.cc(75)] [RunOnWorkerThread] --------------
I/chromium(13777): [INFO:resource_provider.cc(1770)] [StartRaster] allocated=[1] image_id=[1157] buffer=[0x8d236000] stride=[1280]
I/chromium(13777): [INFO:image_raster_worker_pool.cc(75)] [RunOnWorkerThread] --------------
I/chromium(13777): [INFO:resource_provider.cc(1770)] [StartRaster] allocated=[1] image_id=[1158] buffer=[0x9aa63000] stride=[1280]
I/chromium(13777): [INFO:image_raster_worker_pool.cc(75)] [RunOnWorkerThread] --------------
I/        (  245): [BWC INFO](245): get_bwc_mm_property success
D/WindowManager( 1655): interceptKeyTq: result=1 keycode=132 screenIsOn=true keyguardActive=false policyFlags = #b000000 down =true canceled = false isWakeKey=false mVolumeDownKeyTriggered =false mVolumeUpKeyTriggered =false
D/WindowManager( 1655): interceptKeyTi keyCode=132 down=true repeatCount=0 keyguardOn=false mHomePressed=false canceled=false metaState:0
D/WindowManager( 1655): interceptKeyTq: result=1 keycode=132 screenIsOn=true keyguardActive=false policyFlags = #b000000 down =false canceled = false isWakeKey=false mVolumeDownKeyTriggered =false mVolumeUpKeyTriggered =false
D/WindowManager( 1655): interceptKeyTi keyCode=132 down=false repeatCount=0 keyguardOn=false mHomePressed=false canceled=false metaState:0
D/BluetoothAdapter(21382): isEnabled
D/ConnectivityService( 1655): getActiveNetworkInfo:NetworkInfo: type: WIFI[], state: CONNECTED/CONNECTED, reason: (unspecified), extra: "60_dev_01", roaming: false, failover: false, isAvailable: true, isConnectedToProvisioningNetwork: false, simId: 0/10188
D/WindowManager( 1655): interceptKeyTq: result=1 keycode=22 screenIsOn=true keyguardActive=false policyFlags = #b000000 down =true canceled = false isWakeKey=false mVolumeDownKeyTriggered =false mVolumeUpKeyTriggered =false
D/WindowManager( 1655): interceptKeyTi keyCode=22 down=true repeatCount=0 keyguardOn=false mHomePressed=false canceled=false metaState:0
D/WindowManager( 1655): interceptKeyTq: result=1 keycode=22 screenIsOn=true keyguardActive=false policyFlags = #b000000 down =false canceled = false isWakeKey=false mVolumeDownKeyTriggered =false mVolumeUpKeyTriggered =false
D/WindowManager( 1655): interceptKeyTi keyCode=22 down=false repeatCount=0 keyguardOn=false mHomePressed=false canceled=false metaState:0
I/chromium(13777): [INFO:resource_provider.cc(1770)] [StartRaster] allocated=[1] image_id=[1063] buffer=[0x86669000] stride=[1536]
I/chromium(13777): [INFO:image_raster_worker_pool.cc(75)] [RunOnWorkerThread] --------------
I/chromium(13777): [INFO:resource_provider.cc(1770)] [StartRaster] allocated=[1] image_id=[1044] buffer=[0x83c8c000] stride=[2048]
I/chromium(13777): [INFO:image_raster_worker_pool.cc(75)] [RunOnWorkerThread] --------------
I/chromium(13777): [INFO:resource_provider.cc(1770)] [StartRaster] allocated=[1] image_id=[1106] buffer=[0x87ef6000] stride=[2048]
I/chromium(13777): [INFO:image_raster_worker_pool.cc(75)] [RunOnWorkerThread] --------------
I/chromium(13777): [INFO:resource_provider.cc(1770)] [StartRaster] allocated=[1] image_id=[1043] buffer=[0x846fe000] stride=[1536]
I/chromium(13777): [INFO:image_raster_worker_pool.cc(75)] [RunOnWorkerThread] --------------
I/chromium(13777): [INFO:resource_provider.cc(1770)] [StartRaster] allocated=[1] image_id=[1119] buffer=[0x89ff9000] stride=[1536]
I/chromium(13777): [INFO:image_raster_worker_pool.cc(75)] [RunOnWorkerThread] --------------
I/chromium(13777): [INFO:resource_provider.cc(1770)] [StartRaster] allocated=[1] image_id=[1042] buffer=[0x843fa000] stride=[1536]
I/chromium(13777): [INFO:image_raster_worker_pool.cc(75)] [RunOnWorkerThread] --------------
I/chromium(13777): [INFO:resource_provider.cc(1770)] [StartRaster] allocated=[1] image_id=[1109] buffer=[0x890c4000] stride=[2048]
I/chromium(13777): [INFO:image_raster_worker_pool.cc(75)] [RunOnWorkerThread] --------------
I/chromium(13777): [INFO:resource_provider.cc(1770)] [StartRaster] allocated=[1] image_id=[1133] buffer=[0x8a8fe000] stride=[2048]
I/chromium(13777): [INFO:image_raster_worker_pool.cc(75)] [RunOnWorkerThread] --------------
I/chromium(13777): [INFO:resource_provider.cc(1770)] [StartRaster] allocated=[1] image_id=[1049] buffer=[0x853f8000] stride=[1536]
I/chromium(13777): [INFO:image_raster_worker_pool.cc(75)] [RunOnWorkerThread] --------------
I/chromium(13777): [INFO:resource_provider.cc(1770)] [StartRaster] allocated=[1] image_id=[1127] buffer=[0x8aee6000] stride=[1536]
I/chromium(13777): [INFO:image_raster_worker_pool.cc(75)] [RunOnWorkerThread] --------------
I/chromium(13777): [INFO:resource_provider.cc(1770)] [StartRaster] allocated=[1] image_id=[1111] buffer=[0x89b55000] stride=[2048]
I/chromium(13777): [INFO:image_raster_worker_pool.cc(75)] [RunOnWorkerThread] --------------
I/chromium(13777): [INFO:resource_provider.cc(1770)] [StartRaster] allocated=[1] image_id=[1099] buffer=[0x7c0b6000] stride=[2048]
I/chromium(13777): [INFO:image_raster_worker_pool.cc(75)] [RunOnWorkerThread] --------------
I/chromium(13777): [INFO:resource_provider.cc(1770)] [StartRaster] allocated=[1] image_id=[1118] buffer=[0x89f03000] stride=[1536]
I/chromium(13777): [INFO:image_raster_worker_pool.cc(75)] [RunOnWorkerThread] --------------
I/chromium(13777): [INFO:resource_provider.cc(1770)] [StartRaster] allocated=[1] image_id=[1057] buffer=[0x85fce000] stride=[1536]
I/chromium(13777): [INFO:image_raster_worker_pool.cc(75)] [RunOnWorkerThread] --------------
I/chromium(13777): [INFO:resource_provider.cc(1770)] [StartRaster] allocated=[1] image_id=[1046] buffer=[0x849bf000] stride=[1536]
I/chromium(13777): [INFO:image_raster_worker_pool.cc(75)] [RunOnWorkerThread] --------------
I/chromium(13777): [INFO:resource_provider.cc(1770)] [StartRaster] allocated=[1] image_id=[1143] buffer=[0x8b346000] stride=[1536]
I/chromium(13777): [INFO:image_raster_worker_pool.cc(75)] [RunOnWorkerThread] --------------
I/chromium(13777): [INFO:resource_provider.cc(1770)] [StartRaster] allocated=[1] image_id=[1061] buffer=[0x86549000] stride=[1536]
I/chromium(13777): [INFO:image_raster_worker_pool.cc(75)] [RunOnWorkerThread] --------------
I/chromium(13777): [INFO:resource_provider.cc(1770)] [StartRaster] allocated=[1] image_id=[1055] buffer=[0x85d82000] stride=[1536]
I/chromium(13777): [INFO:image_raster_worker_pool.cc(75)] [RunOnWorkerThread] --------------
I/chromium(13777): [INFO:resource_provider.cc(1770)] [StartRaster] allocated=[1] image_id=[1047] buffer=[0x84a4f000] stride=[1536]
I/chromium(13777): [INFO:image_raster_worker_pool.cc(75)] [RunOnWorkerThread] --------------
I/chromium(13777): [INFO:resource_provider.cc(1770)] [StartRaster] allocated=[1] image_id=[1131] buffer=[0x8b126000] stride=[1536]
I/chromium(13777): [INFO:image_raster_worker_pool.cc(75)] [RunOnWorkerThread] --------------
I/chromium(13777): [INFO:resource_provider.cc(1770)] [StartRaster] allocated=[1] image_id=[1082] buffer=[0x88d90000] stride=[1536]
I/chromium(13777): [INFO:image_raster_worker_pool.cc(75)] [RunOnWorkerThread] --------------
I/chromium(13777): [INFO:resource_provider.cc(1770)] [StartRaster] allocated=[1] image_id=[1045] buffer=[0x847ae000] stride=[1536]
I/chromium(13777): [INFO:image_raster_worker_pool.cc(75)] [RunOnWorkerThread] --------------
I/chromium(13777): [INFO:resource_provider.cc(1770)] [StartRaster] allocated=[1] image_id=[1155] buffer=[0x8cff6000] stride=[1536]
I/chromium(13777): [INFO:image_raster_worker_pool.cc(75)] [RunOnWorkerThread] --------------
I/chromium(13777): [INFO:resource_provider.cc(1770)] [StartRaster] allocated=[1] image_id=[1038] buffer=[0x83afe000] stride=[1536]
I/chromium(13777): [INFO:image_raster_worker_pool.cc(75)] [RunOnWorkerThread] --------------
I/chromium(13777): [INFO:resource_provider.cc(1770)] [StartRaster] allocated=[1] image_id=[1130] buffer=[0x8b096000] stride=[1536]
I/chromium(13777): [INFO:image_raster_worker_pool.cc(75)] [RunOnWorkerThread] --------------
I/chromium(13777): [INFO:resource_provider.cc(1770)] [StartRaster] allocated=[1] image_id=[1069] buffer=[0x86cdb000] stride=[1536]
I/chromium(13777): [INFO:image_raster_worker_pool.cc(75)] [RunOnWorkerThread] --------------
I/chromium(13777): [INFO:resource_provider.cc(1770)] [StartRaster] allocated=[1] image_id=[1113] buffer=[0x89c01000] stride=[1536]
I/chromium(13777): [INFO:image_raster_worker_pool.cc(75)] [RunOnWorkerThread] --------------
I/chromium(13777): [INFO:resource_provider.cc(1770)] [StartRaster] allocated=[1] image_id=[1062] buffer=[0x865d9000] stride=[1536]
I/chromium(13777): [INFO:image_raster_worker_pool.cc(75)] [RunOnWorkerThread] --------------
I/chromium(13777): [INFO:resource_provider.cc(1770)] [StartRaster] allocated=[1] image_id=[1058] buffer=[0x860f2000] stride=[1536]
I/chromium(13777): [INFO:image_raster_worker_pool.cc(75)] [RunOnWorkerThread] --------------
I/chromium(13777): [INFO:resource_provider.cc(1770)] [StartRaster] allocated=[1] image_id=[1081] buffer=[0x8886e000] stride=[1536]
I/chromium(13777): [INFO:image_raster_worker_pool.cc(75)] [RunOnWorkerThread] --------------
I/chromium(13777): [INFO:resource_provider.cc(1770)] [StartRaster] allocated=[1] image_id=[1053] buffer=[0x85c3a000] stride=[1536]
I/chromium(13777): [INFO:image_raster_worker_pool.cc(75)] [RunOnWorkerThread] --------------
I/chromium(13777): [INFO:resource_provider.cc(1770)] [StartRaster] allocated=[1] image_id=[1126] buffer=[0x8ae56000] stride=[1536]
I/chromium(13777): [INFO:image_raster_worker_pool.cc(75)] [RunOnWorkerThread] --------------
I/chromium(13777): [INFO:resource_provider.cc(1770)] [StartRaster] allocated=[1] image_id=[1116] buffer=[0x89dd5000] stride=[1536]
I/chromium(13777): [INFO:image_raster_worker_pool.cc(75)] [RunOnWorkerThread] --------------
I/chromium(13777): [INFO:resource_provider.cc(1770)] [StartRaster] allocated=[1] image_id=[1121] buffer=[0x8a5ff000] stride=[1536]
I/chromium(13777): [INFO:image_raster_worker_pool.cc(75)] [RunOnWorkerThread] --------------
I/chromium(13777): [INFO:resource_provider.cc(1770)] [StartRaster] allocated=[1] image_id=[1083] buffer=[0x8966c000] stride=[1536]
I/chromium(13777): [INFO:image_raster_worker_pool.cc(75)] [RunOnWorkerThread] --------------
I/chromium(13777): [INFO:resource_provider.cc(1770)] [StartRaster] allocated=[1] image_id=[1084] buffer=[0x896fc000] stride=[1536]
I/chromium(13777): [INFO:image_raster_worker_pool.cc(75)] [RunOnWorkerThread] --------------
I/chromium(13777): [INFO:resource_provider.cc(1770)] [StartRaster] allocated=[1] image_id=[1154] buffer=[0x8cf66000] stride=[1536]
I/chromium(13777): [INFO:image_raster_worker_pool.cc(75)] [RunOnWorkerThread] --------------
I/chromium(13777): [INFO:resource_provider.cc(1770)] [StartRaster] allocated=[1] image_id=[1094] buffer=[0x89999000] stride=[1536]
I/chromium(13777): [INFO:image_raster_worker_pool.cc(75)] [RunOnWorkerThread] --------------
I/chromium(13777): [INFO:resource_provider.cc(1770)] [StartRaster] allocated=[1] image_id=[1060] buffer=[0x8641e000] stride=[1536]
I/chromium(13777): [INFO:image_raster_worker_pool.cc(75)] [RunOnWorkerThread] --------------
I/chromium(13777): [INFO:resource_provider.cc(1770)] [StartRaster] allocated=[1] image_id=[1152] buffer=[0x8c09c000] stride=[1536]
I/chromium(13777): [INFO:image_raster_worker_pool.cc(75)] [RunOnWorkerThread] --------------
I/chromium(13777): [INFO:resource_provider.cc(1770)] [StartRaster] allocated=[1] image_id=[1125] buffer=[0x8adc6000] stride=[1536]
I/chromium(13777): [INFO:image_raster_worker_pool.cc(75)] [RunOnWorkerThread] --------------
I/chromium(13777): [INFO:resource_provider.cc(1770)] [StartRaster] allocated=[1] image_id=[1050] buffer=[0x85749000] stride=[1536]
I/chromium(13777): [INFO:image_raster_worker_pool.cc(75)] [RunOnWorkerThread] --------------
I/chromium(13777): [INFO:resource_provider.cc(1770)] [StartRaster] allocated=[1] image_id=[1159] buffer=[0x9c241000] stride=[1280]
I/chromium(13777): [INFO:image_raster_worker_pool.cc(75)] [RunOnWorkerThread] --------------
I/chromium(13777): [INFO:resource_provider.cc(1770)] [StartRaster] allocated=[1] image_id=[1136] buffer=[0x8b216000] stride=[1280]
I/BufferQueue(  245): [com.sixty.nidoneClient/com.sixty.nidoneClient.view.activity.SDK_WebApp](this:0xb71b7008,id:1844,api:1,p:13777,c:245) queueBuffer: fps=5.48 dur=1095.24 max=674.96 min=32.84
I/chromium(13777): [INFO:image_raster_worker_pool.cc(75)] [RunOnWorkerThread] --------------
I/chromium(13777): [INFO:resource_provider.cc(1770)] [StartRaster] allocated=[1] image_id=[1132] buffer=[0x79f9e000] stride=[1280]
I/chromium(13777): [INFO:image_raster_worker_pool.cc(75)] [RunOnWorkerThread] --------------
I/chromium(13777): [INFO:resource_provider.cc(1770)] [StartRaster] allocated=[1] image_id=[1074] buffer=[0x7c4ae000] stride=[1280]
I/chromium(13777): [INFO:image_raster_worker_pool.cc(75)] [RunOnWorkerThread] --------------
I/chromium(13777): [INFO:resource_provider.cc(1770)] [StartRaster] allocated=[1] image_id=[1073] buffer=[0x87150000] stride=[1280]
I/chromium(13777): [INFO:image_raster_worker_pool.cc(75)] [RunOnWorkerThread] --------------
I/        (  245): [BWC INFO](245): get_bwc_mm_property success
I/SurfaceFlinger(  245): [Built-in Screen (type:0)] fps:5.473547,dur:1096.18,max:674.60,min:33.41
D/PermissionHistoryHelper( 1655): getInteractionTime() userId: 0 timeBound(ns): 20000
D/PermissionHistoryHelper( 1655): getInteractionTime() currentTime: 23589870 searchTime: 23569870
D/MobileManagerService( 1655): getUserConfirmTime() at User(0) timeBound: 20000 totalTime: 0
D/ANRManager( 1655): getUserConfirmTime() userId: 0 anrTime: 20000 extendTime: 0
D/WindowManager( 1655): interceptKeyTq: result=1 keycode=22 screenIsOn=true keyguardActive=false policyFlags = #b000000 down =true canceled = false isWakeKey=false mVolumeDownKeyTriggered =false mVolumeUpKeyTriggered =false
D/WindowManager( 1655): interceptKeyTi keyCode=22 down=true repeatCount=0 keyguardOn=false mHomePressed=false canceled=false metaState:0
D/WindowManager( 1655): interceptKeyTq: result=1 keycode=22 screenIsOn=true keyguardActive=false policyFlags = #b000000 down =false canceled = false isWakeKey=false mVolumeDownKeyTriggered =false mVolumeUpKeyTriggered =false
D/WindowManager( 1655): interceptKeyTi keyCode=22 down=false repeatCount=0 keyguardOn=false mHomePressed=false canceled=false metaState:0
D/WifiStateMachine( 1655): ConnectedState{ when=-1ms what=131155 arg1=14 target=com.android.internal.util.StateMachine$SmHandler target=Handler (com.android.internal.util.StateMachine$SmHandler) {43142030} }
D/WifiStateMachine( 1655): L2ConnectedState{ when=-1ms what=131155 arg1=14 target=com.android.internal.util.StateMachine$SmHandler target=Handler (com.android.internal.util.StateMachine$SmHandler) {43142030} }
D/WifiHW  ( 1655): enter -->wifi_send_command cmd=IFNAME=wlan0 SIGNAL_POLL
D/wpa_supplicant( 3981): RX ctrl_iface - hexdump(len=11): 53 49 47 4e 41 4c 5f 50 4f 4c 4c
D/wpa_supplicant( 3981): wlan0: Control interface command 'SIGNAL_POLL'
D/wpa_supplicant( 3981): nl80211: survey data missing!
D/wpa_supplicant( 3981): signal poll, reply_len=48
D/wpa_ctrl( 1655): reply_len=4095
D/WifiHW  ( 1655): leave --> reply=RSSI=-43
D/WifiHW  ( 1655): LINKSPEED=58
D/WifiHW  ( 1655): NOISE=9999
D/WifiHW  ( 1655): FREQUENCY=2412
D/WifiHW  ( 1655): 
D/wifi    ( 1655): doStringCommand, buf IFNAME=wlan0 SIGNAL_POLL
I/WifiStateMachine( 1655): fetchRssiAndLinkSpeedNative, newRssi:-43, newLinkSpeed:58, SSID:"60_dev_01"
D/WifiStateMachine( 1655): mRssiArray[0] = -43
D/WifiStateMachine( 1655): mRssiArray[1] = -46
D/WifiStateMachine( 1655): mRssiArray[2] = -46
D/WifiStateMachine( 1655): mRssiArray[3] = -43
D/WifiStateMachine( 1655): mRssiArray[4] = -43
D/WifiStateMachine( 1655): GetFilterRssi is : -43
D/WifiStateMachine( 1655): mLastSignalLevel:4, newSignalLevel:4
D/WifiStateMachine( 1655): fetchRssiAndLinkSpeedNative, ipAddr:1795166380
D/WindowManager( 1655): interceptKeyTq: result=1 keycode=109 screenIsOn=true keyguardActive=false policyFlags = #b000000 down =true canceled = false isWakeKey=false mVolumeDownKeyTriggered =false mVolumeUpKeyTriggered =false
D/WindowManager( 1655): interceptKeyTi keyCode=109 down=true repeatCount=0 keyguardOn=false mHomePressed=false canceled=false metaState:0
D/WindowManager( 1655): interceptKeyTq: result=1 keycode=109 screenIsOn=true keyguardActive=false policyFlags = #b000000 down =false canceled = false isWakeKey=false mVolumeDownKeyTriggered =false mVolumeUpKeyTriggered =false
I/View    (13777): Key down dispatch to <url=dist/index.html>;<hashcode=1149576440>, event = KeyEvent { action=ACTION_DOWN, hashcode=android.view.KeyEvent@44412c88, keyCode=KEYCODE_MENU, scanCode=0, metaState=0, flags=0x408, repeatCount=0, eventTime=23590734, downTime=23590734, deviceId=-1, source=0x101 }
D/WindowManager( 1655): interceptKeyTi keyCode=109 down=false repeatCount=0 keyguardOn=false mHomePressed=false canceled=false metaState:0
W/UnimplementedWebViewApi(13777): Unimplemented WebView method onKeyDown called from: android.webkit.WebView.onKeyDown(WebView.java:2263)
D/AppWidgetMgr(13777): syncExecBaseEvent windowCount = 1
D/AppWidgetMgr(13777): syncExecBaseEvent windowCount = 1
D/AppWidgetMgr(13777): syncExecBaseEvent windowCount = 1
I/uSDK    (13777): [CAE][D][2017-12-26 17:15:59.658672][cae_softap_user_task:730][buffer fd or timeout ]
I/uSDK    (13777): [CAE][D][2017-12-26 17:15:59.658844][cae_su_read_buffer_to_send:630][count[0]***]
I/uSDK    (13777): [CAE][D][2017-12-26 17:15:59.658897][su_ctx_fd_set:692][MAX fd[-1]]
V/AlarmManager( 1655): Checking for alarms... rtc=1514279760000, elapsed=23591479
V/AlarmManager( 1655): sending alarm Alarm{42f45900 type 3 android}
V/ActivityManager( 1655): Broadcast: Intent { act=android.intent.action.TIME_TICK flg=0x50000094 (has extras) } ordered=true userid=-1 callerApp=null
D/ActivityThread( 1655): BDC-Calling onReceive: intent=Intent { act=android.intent.action.TIME_TICK flg=0x50000094 (has extras) }, ordered=true, receiver=com.android.server.AlarmManagerService$ClockReceiver@42aab3b0, IIntentReceiver=42d00d80
V/AlarmManager( 1655): Received TIME_TICK alarm; rescheduling
V/AlarmManager( 1655): isAlarmNeedAlign : charging
V/AlarmManager( 1655): set(PendingIntent{42d1cc58: PendingIntentRecord{42d172c0 android broadcastIntent}}) : type=3 triggerAtTime=23651478 win=0 tElapsed=23651478 maxElapsed=23651478 interval=0 standalone=true
D/ActivityThread( 1655): BDC-Calling finishReceiver: IIntentReceiver=42d00d80
D/ActivityThread( 4288): BDC-Calling onReceive: intent=Intent { act=android.intent.action.TIME_TICK flg=0x50000094 (has extras) }, ordered=true, receiver=com.oppo.widget.smallweather.NormalWidgetUtil$1@427e4c18, IIntentReceiver=4293b6e8
V/Provider/Settings( 4288): get setting for user 0 by user 0 so skipping cache
V/Provider/Settings( 4288):  from settings cache , name = time_12_24 , value = 24
V/Provider/Settings( 4288): get setting for user 0 by user 0 so skipping cache
V/Provider/Settings( 4288):  from settings cache , name = date_format , value = 
D/ActivityThread( 4288): BDC-Calling finishReceiver: IIntentReceiver=4293b6e8
D/ActivityThread( 6921): BDC-Calling onReceive: intent=Intent { act=android.intent.action.TIME_TICK flg=0x50000094 (has extras) }, ordered=true, receiver=com.oppo.activation.ActivationService$ServiceBroadcastReceiver@4273ee28, IIntentReceiver=4273ee70
D/PhoneInterfaceManager( 4184): getSimState simId = 0prop = ABSENT
D/PhoneInterfaceManager( 4184): getSimState simId = 1prop = ABSENT
D/ActivityThread( 6921): BDC-Calling finishReceiver: IIntentReceiver=4273ee70
D/ActivityThread(27486): BDC-Calling onReceive: intent=Intent { act=android.intent.action.TIME_TICK flg=0x50000094 (has extras) }, ordered=true, receiver=com.tencent.tbs.common.baseinfo.TBSBroadcastReceiver$c@428b7000, IIntentReceiver=43117b08
D/ActivityThread(27486): BDC-Calling finishReceiver: IIntentReceiver=43117b08
D/ActivityThread(20656): BDC-Calling onReceive: intent=Intent { act=android.intent.action.TIME_TICK flg=0x50000094 (has extras) }, ordered=true, receiver=ded$1@427ca290, IIntentReceiver=427ca820
D/ActivityManager( 1655): getContentProviderImpl: from caller=android.app.ApplicationThreadProxy@44770650 (pid=20656, userId=0) to get content provider cn.wps.moffice_eng.preferences cpr=ContentProviderRecord{444ac528 u0 cn.wps.moffice_eng/cn.wps.moffice.persistence.AppDataProvider}
D/ActivityManager( 1655): getContentProviderImpl: updateLruProcessLocked cpr.proc=ProcessRecord{4483fa30 20100:cn.wps.moffice_eng/u0a86}
D/ActivityThread(20656): hoder:android.app.IActivityManager$ContentProviderHolder@429744c8,provider,holder.Provider:android.content.ContentProviderProxy@42974b28
D/ActivityThread(20656): BDC-Calling finishReceiver: IIntentReceiver=427ca820
D/ActivityThread(20739): BDC-Calling onReceive: intent=Intent { act=android.intent.action.TIME_TICK flg=0x50000094 (has extras) }, ordered=true, receiver=com.oppo.lockutils.OppoLockUtils$1@42710318, IIntentReceiver=42711c88
D/ActivityThread(20739): BDC-Calling finishReceiver: IIntentReceiver=42711c88
D/ActivityThread(20739): BDC-Calling onReceive: intent=Intent { act=android.intent.action.TIME_TICK flg=0x50000094 (has extras) }, ordered=true, receiver=com.android.keyguard.base.KeyguardUpdateMonitor$3@42723a00, IIntentReceiver=42725120
D/ActivityThread(20739): BDC-Calling finishReceiver: IIntentReceiver=42725120
V/Provider/Settings( 1655): get setting for user 0 by user 0 so skipping cache
V/Provider/Settings( 1655):  from settings cache , name = haptic_feedback_enabled , value = 1
V/Provider/Settings( 1655): get setting for user -2 by user 0 so skipping cache
V/Provider/Settings( 1655): get setting for user -2 by user 0 so skipping cache
V/Provider/Settings( 1655): from db cache, name = haptic_feedback_enabled , value = 1
I/Provider/Settings( 1655): call-query of user -2 by 0 so not updating cache
D/AppOps  ( 1655): startOperation: allowing code 3 uid 1000 package android
D/dalvikvm( 1655): create interp thread : stack size=128KB
D/dalvikvm( 1655): create new thread
D/dalvikvm( 1655): new thread created
D/dalvikvm( 1655): update thread list
D/dalvikvm( 1655): threadid=99: interp stack at 0x84716000
D/dalvikvm( 1655): threadid=99: created from interp
D/dalvikvm( 1655): start new thread
D/dalvikvm( 1655): threadid=99: notify debugger
D/dalvikvm( 1655): threadid=99 (Thread-13995): calling run()
D/WindowManager( 1655): interceptKeyTq: result=1 keycode=82 screenIsOn=true keyguardActive=false policyFlags = #b000000 down =true canceled = false isWakeKey=false mVolumeDownKeyTriggered =false mVolumeUpKeyTriggered =false
D/WindowManager( 1655): interceptKeyTi keyCode=82 down=true repeatCount=0 keyguardOn=false mHomePressed=false canceled=false metaState:0
D/WindowManager( 1655): interceptKeyTq: result=1 keycode=82 screenIsOn=true keyguardActive=false policyFlags = #b000000 down =false canceled = false isWakeKey=false mVolumeDownKeyTriggered =false mVolumeUpKeyTriggered =false
I/View    (13777): Key down dispatch to <url=dist/index.html>;<hashcode=1149576440>, event = KeyEvent { action=ACTION_DOWN, hashcode=android.view.KeyEvent@4468e8e8, keyCode=KEYCODE_MENU, scanCode=0, metaState=0, flags=0x8, repeatCount=0, eventTime=23592420, downTime=23592420, deviceId=-1, source=0x101 }
D/WindowManager( 1655): interceptKeyTi keyCode=82 down=false repeatCount=0 keyguardOn=false mHomePressed=false canceled=false metaState:0
W/UnimplementedWebViewApi(13777): Unimplemented WebView method onKeyDown called from: android.webkit.WebView.onKeyDown(WebView.java:2263)
D/AppWidgetMgr(13777): syncExecBaseEvent windowCount = 1
D/AppWidgetMgr(13777): syncExecBaseEvent windowCount = 1
D/AppWidgetMgr(13777): syncExecBaseEvent windowCount = 1
D/dalvikvm( 1655): threadid=99: exiting
D/dalvikvm( 1655): threadid=99: bye!
D/ADB_SERVICES(  297): adb fdevent_process list (22) (17) (15) (27) (12) 
D/ADB_SERVICES(  297): recv: CNXN 01000000 00001000 0007 host::
D/ADB_SERVICES(  297): adb: offline
D/ADB_SERVICES(  297): (null): run_transport_disconnects fd: 26
W/ADB_SERVICES(  297): entered. LS(7029) fd=16
W/ADB_SERVICES(  297): entered. LS(7033) fd=15
W/ADB_SERVICES(  297): entered. LS(7034) fd=17
D/ADB_SERVICES(  297): adb: online
D/ADB_SERVICES(  297): Calling send_connect 
D/BatteryService( 1655): mBatteryVoltage=4068, batteryLevel=50
V/ActivityManager( 1655): Broadcast sticky: Intent { act=android.intent.action.ADDITIONAL_BATTERY_CHANGED flg=0x60000010 (has extras) } ordered=false userid=-1 callerApp=null
V/ActivityManager( 1655): Broadcast sticky: Intent { act=android.intent.action.BATTERY_CHANGED flg=0x60000010 (has extras) } ordered=false userid=-1 callerApp=null
D/PowerSaveService( 4327): PowerSaveReceiver EXTRA_STATUS: status = 2, lastCharging = true
V/ActivityManager( 1655): Broadcast sticky: Intent { act=android.intent.action.ADDITIONAL_BATTERY_CHANGED flg=0x60000010 (has extras) } ordered=false userid=-1 callerApp=null
D/WifiService( 1655): onReceive, action:android.intent.action.BATTERY_CHANGED
D/UsbDeviceManager( 1655): onReceive - BATTERY_CHANGED - mPlugType: 2, mSettingUsbCharging: false, mConnected: true, mSettingUsbBicr: false
V/ActivityManager( 1655): Broadcast sticky: Intent { act=android.intent.action.ADDITIONAL_BATTERY_CHANGED flg=0x60000010 (has extras) } ordered=false userid=-1 callerApp=null
D/WifiController( 1655): DeviceActiveState{ when=-1ms what=155652 arg1=2 target=com.android.internal.util.StateMachine$SmHandler target=Handler (com.android.internal.util.StateMachine$SmHandler) {431e59b8} }
D/WifiController( 1655): StaEnabledState{ when=-1ms what=155652 arg1=2 target=com.android.internal.util.StateMachine$SmHandler target=Handler (com.android.internal.util.StateMachine$SmHandler) {431e59b8} }
D/WifiController( 1655): DefaultState{ when=-2ms what=155652 arg1=2 target=com.android.internal.util.StateMachine$SmHandler target=Handler (com.android.internal.util.StateMachine$SmHandler) {431e59b8} }
D/WifiController( 1655): battery changed pluggedType: 2
D/DCloud_LOG(13777): AdaFrameView.dispatchFrameViewEvents type=touchstart;args=640
D/yl      (13777): NWindow.onCallBack pEventType=touchstart;640;
I/chromium(13777): [INFO:resource_provider.cc(1770)] [StartRaster] allocated=[1] image_id=[1039] buffer=[0x83bfc000] stride=[1536]
I/thermal_repeater(  274): oh, queryMdThermalInfo (0)Bad file number
I/chromium(13777): [INFO:image_raster_worker_pool.cc(75)] [RunOnWorkerThread] --------------
I/chromium(13777): [INFO:resource_provider.cc(1770)] [StartRaster] allocated=[1] image_id=[1041] buffer=[0x83b8e000] stride=[2048]
I/chromium(13777): [INFO:image_raster_worker_pool.cc(75)] [RunOnWorkerThread] --------------
I/chromium(13777): [INFO:resource_provider.cc(1770)] [StartRaster] allocated=[1] image_id=[1134] buffer=[0x8abbe000] stride=[2048]
I/chromium(13777): [INFO:image_raster_worker_pool.cc(75)] [RunOnWorkerThread] --------------
I/chromium(13777): [INFO:resource_provider.cc(1770)] [StartRaster] allocated=[1] image_id=[1129] buffer=[0x8b006000] stride=[1536]
I/chromium(13777): [INFO:image_raster_worker_pool.cc(75)] [RunOnWorkerThread] --------------
I/chromium(13777): [INFO:resource_provider.cc(1770)] [StartRaster] allocated=[1] image_id=[1124] buffer=[0x8a9c0000] stride=[1536]
I/chromium(13777): [INFO:image_raster_worker_pool.cc(75)] [RunOnWorkerThread] --------------
I/chromium(13777): [INFO:resource_provider.cc(1770)] [StartRaster] allocated=[1] image_id=[1037] buffer=[0x82d0e000] stride=[1536]
I/chromium(13777): [INFO:image_raster_worker_pool.cc(75)] [RunOnWorkerThread] --------------
I/chromium(13777): [INFO:resource_provider.cc(1770)] [StartRaster] allocated=[1] image_id=[1036] buffer=[0x7cbbf000] stride=[2048]
I/chromium(13777): [INFO:image_raster_worker_pool.cc(75)] [RunOnWorkerThread] --------------
I/chromium(13777): [INFO:resource_provider.cc(1770)] [StartRaster] allocated=[1] image_id=[1135] buffer=[0x8b1b6000] stride=[2048]
I/chromium(13777): [INFO:image_raster_worker_pool.cc(75)] [RunOnWorkerThread] --------------
I/chromium(13777): [INFO:resource_provider.cc(1770)] [StartRaster] allocated=[1] image_id=[1071] buffer=[0x86dfb000] stride=[1536]
I/chromium(13777): [INFO:image_raster_worker_pool.cc(75)] [RunOnWorkerThread] --------------
I/chromium(13777): [INFO:resource_provider.cc(1770)] [StartRaster] allocated=[1] image_id=[1153] buffer=[0x8c12c000] stride=[1536]
I/chromium(13777): [INFO:image_raster_worker_pool.cc(75)] [RunOnWorkerThread] --------------
I/chromium(13777): [INFO:resource_provider.cc(1770)] [StartRaster] allocated=[1] image_id=[1102] buffer=[0x87af6000] stride=[2048]
I/chromium(13777): [INFO:image_raster_worker_pool.cc(75)] [RunOnWorkerThread] --------------
I/chromium(13777): [INFO:resource_provider.cc(1770)] [StartRaster] allocated=[1] image_id=[1105] buffer=[0x87b92000] stride=[2048]
I/chromium(13777): [INFO:image_raster_worker_pool.cc(75)] [RunOnWorkerThread] --------------
I/chromium(13777): [INFO:resource_provider.cc(1770)] [StartRaster] allocated=[1] image_id=[1093] buffer=[0x8978c000] stride=[1536]
I/chromium(13777): [INFO:image_raster_worker_pool.cc(75)] [RunOnWorkerThread] --------------
I/chromium(13777): [INFO:resource_provider.cc(1770)] [StartRaster] allocated=[1] image_id=[1066] buffer=[0x86b2b000] stride=[1536]
I/chromium(13777): [INFO:image_raster_worker_pool.cc(75)] [RunOnWorkerThread] --------------
I/chromium(13777): [INFO:resource_provider.cc(1770)] [StartRaster] allocated=[1] image_id=[1057] buffer=[0x85fce000] stride=[1536]
I/thermal_repeater(  274): [recvMdThermalInfo] ret=25, strLen=127,  1, 32767,,, -1, 32767, 2
I/chromium(13777): [INFO:image_raster_worker_pool.cc(75)] [RunOnWorkerThread] --------------
I/chromium(13777): [INFO:resource_provider.cc(1770)] [StartRaster] allocated=[1] image_id=[1143] buffer=[0x8b346000] stride=[1536]
I/chromium(13777): [INFO:image_raster_worker_pool.cc(75)] [RunOnWorkerThread] --------------
I/chromium(13777): [INFO:resource_provider.cc(1770)] [StartRaster] allocated=[1] image_id=[1061] buffer=[0x86549000] stride=[1536]
I/chromium(13777): [INFO:image_raster_worker_pool.cc(75)] [RunOnWorkerThread] --------------
I/chromium(13777): [INFO:resource_provider.cc(1770)] [StartRaster] allocated=[1] image_id=[1047] buffer=[0x84a4f000] stride=[1536]
I/chromium(13777): [INFO:image_raster_worker_pool.cc(75)] [RunOnWorkerThread] --------------
I/chromium(13777): [INFO:resource_provider.cc(1770)] [StartRaster] allocated=[1] image_id=[1082] buffer=[0x88d90000] stride=[1536]
I/chromium(13777): [INFO:image_raster_worker_pool.cc(75)] [RunOnWorkerThread] --------------
I/chromium(13777): [INFO:resource_provider.cc(1770)] [StartRaster] allocated=[1] image_id=[1155] buffer=[0x8cff6000] stride=[1536]
I/chromium(13777): [INFO:image_raster_worker_pool.cc(75)] [RunOnWorkerThread] --------------
I/chromium(13777): [INFO:resource_provider.cc(1770)] [StartRaster] allocated=[1] image_id=[1130] buffer=[0x8b096000] stride=[1536]
I/chromium(13777): [INFO:image_raster_worker_pool.cc(75)] [RunOnWorkerThread] --------------
I/chromium(13777): [INFO:resource_provider.cc(1770)] [StartRaster] allocated=[1] image_id=[1062] buffer=[0x865d9000] stride=[1536]
I/chromium(13777): [INFO:image_raster_worker_pool.cc(75)] [RunOnWorkerThread] --------------
I/chromium(13777): [INFO:resource_provider.cc(1770)] [StartRaster] allocated=[1] image_id=[1058] buffer=[0x860f2000] stride=[1536]
I/chromium(13777): [INFO:image_raster_worker_pool.cc(75)] [RunOnWorkerThread] --------------
I/chromium(13777): [INFO:resource_provider.cc(1770)] [StartRaster] allocated=[1] image_id=[1154] buffer=[0x8cf66000] stride=[1536]
I/chromium(13777): [INFO:image_raster_worker_pool.cc(75)] [RunOnWorkerThread] --------------
I/chromium(13777): [INFO:resource_provider.cc(1770)] [StartRaster] allocated=[1] image_id=[1094] buffer=[0x89999000] stride=[1536]
I/chromium(13777): [INFO:image_raster_worker_pool.cc(75)] [RunOnWorkerThread] --------------
I/chromium(13777): [INFO:resource_provider.cc(1770)] [StartRaster] allocated=[1] image_id=[1060] buffer=[0x8641e000] stride=[1536]
I/chromium(13777): [INFO:image_raster_worker_pool.cc(75)] [RunOnWorkerThread] --------------
I/chromium(13777): [INFO:resource_provider.cc(1770)] [StartRaster] allocated=[1] image_id=[1142] buffer=[0x8b2b6000] stride=[1536]
I/chromium(13777): [INFO:image_raster_worker_pool.cc(75)] [RunOnWorkerThread] --------------
I/chromium(13777): [INFO:resource_provider.cc(1770)] [StartRaster] allocated=[1] image_id=[1151] buffer=[0x8c00c000] stride=[1536]
I/chromium(13777): [INFO:image_raster_worker_pool.cc(75)] [RunOnWorkerThread] --------------
I/chromium(13777): [INFO:resource_provider.cc(1770)] [StartRaster] allocated=[1] image_id=[1095] buffer=[0x89a29000] stride=[1536]
I/chromium(13777): [INFO:image_raster_worker_pool.cc(75)] [RunOnWorkerThread] --------------
I/chromium(13777): [INFO:resource_provider.cc(1770)] [StartRaster] allocated=[1] image_id=[1120] buffer=[0x8a206000] stride=[1536]
I/chromium(13777): [INFO:image_raster_worker_pool.cc(75)] [RunOnWorkerThread] --------------
I/chromium(13777): [INFO:resource_provider.cc(1770)] [StartRaster] allocated=[1] image_id=[1144] buffer=[0x8b3d6000] stride=[1536]
I/chromium(13777): [INFO:image_raster_worker_pool.cc(75)] [RunOnWorkerThread] --------------
I/chromium(13777): [INFO:resource_provider.cc(1770)] [StartRaster] allocated=[1] image_id=[1123] buffer=[0x8a71f000] stride=[1536]
I/chromium(13777): [INFO:image_raster_worker_pool.cc(75)] [RunOnWorkerThread] --------------
I/chromium(13777): [INFO:resource_provider.cc(1770)] [StartRaster] allocated=[1] image_id=[1054] buffer=[0x85cda000] stride=[1536]
I/chromium(13777): [INFO:image_raster_worker_pool.cc(75)] [RunOnWorkerThread] --------------
I/chromium(13777): [INFO:resource_provider.cc(1770)] [StartRaster] allocated=[1] image_id=[1096] buffer=[0x89ab9000] stride=[1536]
I/chromium(13777): [INFO:image_raster_worker_pool.cc(75)] [RunOnWorkerThread] --------------
I/chromium(13777): [INFO:resource_provider.cc(1770)] [StartRaster] allocated=[1] image_id=[1040] buffer=[0x83f09000] stride=[1536]
I/chromium(13777): [INFO:image_raster_worker_pool.cc(75)] [RunOnWorkerThread] --------------
I/chromium(13777): [INFO:resource_provider.cc(1770)] [StartRaster] allocated=[1] image_id=[1067] buffer=[0x86bbb000] stride=[1536]
I/chromium(13777): [INFO:image_raster_worker_pool.cc(75)] [RunOnWorkerThread] --------------
I/chromium(13777): [INFO:resource_provider.cc(1770)] [StartRaster] allocated=[1] image_id=[1115] buffer=[0x89d45000] stride=[1536]
I/chromium(13777): [INFO:image_raster_worker_pool.cc(75)] [RunOnWorkerThread] --------------
I/chromium(13777): [INFO:resource_provider.cc(1770)] [StartRaster] allocated=[1] image_id=[1048] buffer=[0x84adf000] stride=[1536]
I/chromium(13777): [INFO:image_raster_worker_pool.cc(75)] [RunOnWorkerThread] --------------
I/chromium(13777): [INFO:resource_provider.cc(1770)] [StartRaster] allocated=[1] image_id=[1128] buffer=[0x8af76000] stride=[1536]
I/chromium(13777): [INFO:image_raster_worker_pool.cc(75)] [RunOnWorkerThread] --------------
I/chromium(13777): [INFO:resource_provider.cc(1770)] [StartRaster] allocated=[1] image_id=[1064] buffer=[0x866ff000] stride=[1536]
I/chromium(13777): [INFO:image_raster_worker_pool.cc(75)] [RunOnWorkerThread] --------------
I/chromium(13777): [INFO:resource_provider.cc(1770)] [StartRaster] allocated=[1] image_id=[1059] buffer=[0x862fd000] stride=[1536]
I/chromium(13777): [INFO:image_raster_worker_pool.cc(75)] [RunOnWorkerThread] --------------
I/chromium(13777): [INFO:resource_provider.cc(1770)] [StartRaster] allocated=[1] image_id=[1056] buffer=[0x85f12000] stride=[1536]
I/chromium(13777): [INFO:image_raster_worker_pool.cc(75)] [RunOnWorkerThread] --------------
I/chromium(13777): [INFO:resource_provider.cc(1770)] [StartRaster] allocated=[1] image_id=[1157] buffer=[0x8d236000] stride=[1280]
I/chromium(13777): [INFO:image_raster_worker_pool.cc(75)] [RunOnWorkerThread] --------------
I/chromium(13777): [INFO:resource_provider.cc(1770)] [StartRaster] allocated=[1] image_id=[1158] buffer=[0x9aa63000] stride=[1280]
I/BufferQueue(  245): [com.sixty.nidoneClient/com.sixty.nidoneClient.view.activity.SDK_WebApp](this:0xb71b7008,id:1844,api:1,p:13777,c:245) queueBuffer: fps=0.31 dur=3203.13 max=3203.13 min=3203.13
I/chromium(13777): [INFO:image_raster_worker_pool.cc(75)] [RunOnWorkerThread] --------------
I/chromium(13777): [INFO:resource_provider.cc(1770)] [StartRaster] allocated=[1] image_id=[1098] buffer=[0x823a3000] stride=[1280]
I/chromium(13777): [INFO:image_raster_worker_pool.cc(75)] [RunOnWorkerThread] --------------
I/chromium(13777): [INFO:resource_provider.cc(1770)] [StartRaster] allocated=[1] image_id=[1106] buffer=[0x87ef6000] stride=[2048]
I/chromium(13777): [INFO:image_raster_worker_pool.cc(75)] [RunOnWorkerThread] --------------
I/chromium(13777): [INFO:resource_provider.cc(1770)] [StartRaster] allocated=[1] image_id=[1133] buffer=[0x8a8fe000] stride=[2048]
I/chromium(13777): [INFO:image_raster_worker_pool.cc(75)] [RunOnWorkerThread] --------------
I/chromium(13777): [INFO:resource_provider.cc(1770)] [StartRaster] allocated=[1] image_id=[1099] buffer=[0x7c0b6000] stride=[2048]
I/chromium(13777): [INFO:image_raster_worker_pool.cc(75)] [RunOnWorkerThread] --------------
I/chromium(13777): [INFO:resource_provider.cc(1770)] [StartRaster] allocated=[1] image_id=[1139] buffer=[0x7bb70000] stride=[1280]
I/chromium(13777): [INFO:image_raster_worker_pool.cc(75)] [RunOnWorkerThread] --------------
I/chromium(13777): [INFO:resource_provider.cc(1770)] [StartRaster] allocated=[1] image_id=[1159] buffer=[0x9c241000] stride=[1280]
I/chromium(13777): [INFO:image_raster_worker_pool.cc(75)] [RunOnWorkerThread] --------------
I/        (  245): [BWC INFO](245): get_bwc_mm_property success
I/SurfaceFlinger(  245): [Built-in Screen (type:0)] fps:0.312196,dur:3203.12,max:3203.12,min:3203.12
I/chromium(13777): [INFO:resource_provider.cc(1770)] [StartRaster] allocated=[1] image_id=[1140] buffer=[0x7bbf1000] stride=[1280]
I/chromium(13777): [INFO:image_raster_worker_pool.cc(75)] [RunOnWorkerThread] --------------
I/        (  245): [BWC INFO](245): get_bwc_mm_property success
D/WifiStateMachine( 1655): ConnectedState{ when=-3ms what=131155 arg1=14 target=com.android.internal.util.StateMachine$SmHandler target=Handler (com.android.internal.util.StateMachine$SmHandler) {43142030} }
D/WifiStateMachine( 1655): L2ConnectedState{ when=-4ms what=131155 arg1=14 target=com.android.internal.util.StateMachine$SmHandler target=Handler (com.android.internal.util.StateMachine$SmHandler) {43142030} }
D/WifiHW  ( 1655): enter -->wifi_send_command cmd=IFNAME=wlan0 SIGNAL_POLL
D/wpa_supplicant( 3981): RX ctrl_iface - hexdump(len=11): 53 49 47 4e 41 4c 5f 50 4f 4c 4c
D/wpa_supplicant( 3981): wlan0: Control interface command 'SIGNAL_POLL'
D/wpa_supplicant( 3981): nl80211: survey data missing!
D/wpa_supplicant( 3981): signal poll, reply_len=48
D/wpa_ctrl( 1655): reply_len=4095
D/WifiHW  ( 1655): leave --> reply=RSSI=-43
D/WifiHW  ( 1655): LINKSPEED=58
D/WifiHW  ( 1655): NOISE=9999
D/WifiHW  ( 1655): FREQUENCY=2412
D/WifiHW  ( 1655): 
D/wifi    ( 1655): doStringCommand, buf IFNAME=wlan0 SIGNAL_POLL
I/WifiStateMachine( 1655): fetchRssiAndLinkSpeedNative, newRssi:-43, newLinkSpeed:58, SSID:"60_dev_01"
D/WifiStateMachine( 1655): mRssiArray[0] = -43
D/WifiStateMachine( 1655): mRssiArray[1] = -46
D/WifiStateMachine( 1655): mRssiArray[2] = -46
D/WifiStateMachine( 1655): mRssiArray[3] = -43
D/WifiStateMachine( 1655): mRssiArray[4] = -43
D/WifiStateMachine( 1655): GetFilterRssi is : -43
D/WifiStateMachine( 1655): mLastSignalLevel:4, newSignalLevel:4
D/WifiStateMachine( 1655): fetchRssiAndLinkSpeedNative, ipAddr:1795166380
D/DCloud_LOG(13777): AdaFrameView.dispatchFrameViewEvents type=touchstart;args=640
D/yl      (13777): NWindow.onCallBack pEventType=touchstart;640;
W/chromium(13777): MotionEvent.ACTION_MOVE ignore!
D/dalvikvm( 4533): create interp thread : stack size=128KB
D/dalvikvm( 4533): create new thread
D/dalvikvm( 4533): new thread created
D/dalvikvm( 4533): update thread list
D/dalvikvm( 4533): threadid=17: interp stack at 0x79172000
D/dalvikvm( 4533): threadid=17: created from interp
D/dalvikvm( 4533): start new thread
D/dalvikvm( 4533): threadid=17: notify debugger
D/dalvikvm( 4533): threadid=17 (Thread-4858): calling run()
I/KSO_STAT( 4533): App is in background, stop update end time, ready to start a new session.
D/SQLiteDatabase( 4533): beginTransaction()
D/SQLiteDatabase( 4533): endTransaction()
D/dalvikvm( 4533): threadid=17: exiting
D/dalvikvm( 4533): threadid=17: bye!
D/WindowManager( 1655): interceptKeyTq: result=1 keycode=226 screenIsOn=true keyguardActive=false policyFlags = #b000000 down =true canceled = false isWakeKey=false mVolumeDownKeyTriggered =false mVolumeUpKeyTriggered =false
D/WindowManager( 1655): interceptKeyTi keyCode=226 down=true repeatCount=0 keyguardOn=false mHomePressed=false canceled=false metaState:0
I/View    (13777): Key down dispatch to <url=dist/index.html>;<hashcode=1149576440>, event = KeyEvent { action=ACTION_DOWN, hashcode=android.view.KeyEvent@42caccd8, keyCode=KEYCODE_IME_TOGGLE, scanCode=0, metaState=0, flags=0x8, repeatCount=0, eventTime=23593965, downTime=23593965, deviceId=-1, source=0x101 }
W/UnimplementedWebViewApi(13777): Unimplemented WebView method onKeyDown called from: android.webkit.WebView.onKeyDown(WebView.java:2263)
D/AppWidgetMgr(13777): syncExecBaseEvent windowCount = 1
D/WindowManager( 1655): interceptKeyTq: result=1 keycode=226 screenIsOn=true keyguardActive=false policyFlags = #b000000 down =false canceled = false isWakeKey=false mVolumeDownKeyTriggered =false mVolumeUpKeyTriggered =false
D/WindowManager( 1655): interceptKeyTi keyCode=226 down=false repeatCount=0 keyguardOn=false mHomePressed=false canceled=false metaState:0
D/AppWidgetMgr(13777): syncExecBaseEvent windowCount = 1
D/WindowManager( 1655): interceptKeyTq: result=1 keycode=37 screenIsOn=true keyguardActive=false policyFlags = #b000000 down =true canceled = false isWakeKey=false mVolumeDownKeyTriggered =false mVolumeUpKeyTriggered =false
D/WindowManager( 1655): interceptKeyTi keyCode=37 down=true repeatCount=0 keyguardOn=false mHomePressed=false canceled=false metaState:0
D/WindowManager( 1655): interceptKeyTq: result=1 keycode=37 screenIsOn=true keyguardActive=false policyFlags = #b000000 down =false canceled = false isWakeKey=false mVolumeDownKeyTriggered =false mVolumeUpKeyTriggered =false
D/WindowManager( 1655): interceptKeyTi keyCode=37 down=false repeatCount=0 keyguardOn=false mHomePressed=false canceled=false metaState:0
D/PhoneInterfaceManagerEx( 4184): [PhoneIntfMgrEx] hasIccCard  simId=0
D/PhoneInterfaceManagerEx( 4184): [PhoneIntfMgrEx] hasIccCard  simId=1
D/DCloud_LOG(13777): AdaFrameView.dispatchFrameViewEvents type=touchstart;args=640
D/yl      (13777): NWindow.onCallBack pEventType=touchstart;640;
D/WindowManager( 1655): interceptKeyTq: result=1 keycode=19 screenIsOn=true keyguardActive=false policyFlags = #b000000 down =true canceled = false isWakeKey=false mVolumeDownKeyTriggered =false mVolumeUpKeyTriggered =false
D/WindowManager( 1655): interceptKeyTi keyCode=19 down=true repeatCount=0 keyguardOn=false mHomePressed=false canceled=false metaState:0
D/WindowManager( 1655): interceptKeyTq: result=1 keycode=19 screenIsOn=true keyguardActive=false policyFlags = #b000000 down =false canceled = false isWakeKey=false mVolumeDownKeyTriggered =false mVolumeUpKeyTriggered =false
D/WindowManager( 1655): interceptKeyTi keyCode=19 down=false repeatCount=0 keyguardOn=false mHomePressed=false canceled=false metaState:0
I/chromium(13777): [INFO:resource_provider.cc(1770)] [StartRaster] allocated=[1] image_id=[1117] buffer=[0x89e6f000] stride=[1536]
I/chromium(13777): [INFO:image_raster_worker_pool.cc(75)] [RunOnWorkerThread] --------------
I/chromium(13777): [INFO:resource_provider.cc(1770)] [StartRaster] allocated=[1] image_id=[1044] buffer=[0x83c8c000] stride=[2048]
I/chromium(13777): [INFO:image_raster_worker_pool.cc(75)] [RunOnWorkerThread] --------------
I/chromium(13777): [INFO:resource_provider.cc(1770)] [StartRaster] allocated=[1] image_id=[1109] buffer=[0x890c4000] stride=[2048]
I/chromium(13777): [INFO:image_raster_worker_pool.cc(75)] [RunOnWorkerThread] --------------
I/chromium(13777): [INFO:resource_provider.cc(1770)] [StartRaster] allocated=[1] image_id=[1122] buffer=[0x8a68f000] stride=[1536]
I/chromium(13777): [INFO:image_raster_worker_pool.cc(75)] [RunOnWorkerThread] --------------
I/chromium(13777): [INFO:resource_provider.cc(1770)] [StartRaster] allocated=[1] image_id=[1065] buffer=[0x868fe000] stride=[1536]
I/chromium(13777): [INFO:image_raster_worker_pool.cc(75)] [RunOnWorkerThread] --------------
I/chromium(13777): [INFO:resource_provider.cc(1770)] [StartRaster] allocated=[1] image_id=[1052] buffer=[0x85b10000] stride=[1536]
I/chromium(13777): [INFO:image_raster_worker_pool.cc(75)] [RunOnWorkerThread] --------------
I/chromium(13777): [INFO:resource_provider.cc(1770)] [StartRaster] allocated=[1] image_id=[1111] buffer=[0x89b55000] stride=[2048]
I/chromium(13777): [INFO:image_raster_worker_pool.cc(75)] [RunOnWorkerThread] --------------
I/chromium(13777): [INFO:resource_provider.cc(1770)] [StartRaster] allocated=[1] image_id=[1041] buffer=[0x83b8e000] stride=[2048]
I/chromium(13777): [INFO:image_raster_worker_pool.cc(75)] [RunOnWorkerThread] --------------
I/chromium(13777): [INFO:resource_provider.cc(1770)] [StartRaster] allocated=[1] image_id=[1070] buffer=[0x86d6b000] stride=[1536]
I/chromium(13777): [INFO:image_raster_worker_pool.cc(75)] [RunOnWorkerThread] --------------
I/chromium(13777): [INFO:resource_provider.cc(1770)] [StartRaster] allocated=[1] image_id=[1114] buffer=[0x89c91000] stride=[1536]
I/chromium(13777): [INFO:image_raster_worker_pool.cc(75)] [RunOnWorkerThread] --------------
I/chromium(13777): [INFO:resource_provider.cc(1770)] [StartRaster] allocated=[1] image_id=[1036] buffer=[0x7cbbf000] stride=[2048]
I/chromium(13777): [INFO:image_raster_worker_pool.cc(75)] [RunOnWorkerThread] --------------
I/chromium(13777): [INFO:resource_provider.cc(1770)] [StartRaster] allocated=[1] image_id=[1102] buffer=[0x87af6000] stride=[2048]
I/chromium(13777): [INFO:image_raster_worker_pool.cc(75)] [RunOnWorkerThread] --------------
I/chromium(13777): [INFO:resource_provider.cc(1770)] [StartRaster] allocated=[1] image_id=[1068] buffer=[0x86c4b000] stride=[1536]
I/chromium(13777): [INFO:image_raster_worker_pool.cc(75)] [RunOnWorkerThread] --------------
I/chromium(13777): [INFO:resource_provider.cc(1770)] [StartRaster] allocated=[1] image_id=[1051] buffer=[0x8585a000] stride=[1536]
I/chromium(13777): [INFO:image_raster_worker_pool.cc(75)] [RunOnWorkerThread] --------------
I/chromium(13777): [INFO:resource_provider.cc(1770)] [StartRaster] allocated=[1] image_id=[1093] buffer=[0x8978c000] stride=[1536]
I/chromium(13777): [INFO:image_raster_worker_pool.cc(75)] [RunOnWorkerThread] --------------
I/chromium(13777): [INFO:resource_provider.cc(1770)] [StartRaster] allocated=[1] image_id=[1143] buffer=[0x8b346000] stride=[1536]
I/chromium(13777): [INFO:image_raster_worker_pool.cc(75)] [RunOnWorkerThread] --------------
I/chromium(13777): [INFO:resource_provider.cc(1770)] [StartRaster] allocated=[1] image_id=[1061] buffer=[0x86549000] stride=[1536]
I/chromium(13777): [INFO:image_raster_worker_pool.cc(75)] [RunOnWorkerThread] --------------
I/chromium(13777): [INFO:resource_provider.cc(1770)] [StartRaster] allocated=[1] image_id=[1082] buffer=[0x88d90000] stride=[1536]
I/chromium(13777): [INFO:image_raster_worker_pool.cc(75)] [RunOnWorkerThread] --------------
I/chromium(13777): [INFO:resource_provider.cc(1770)] [StartRaster] allocated=[1] image_id=[1130] buffer=[0x8b096000] stride=[1536]
I/chromium(13777): [INFO:image_raster_worker_pool.cc(75)] [RunOnWorkerThread] --------------
