V/ActivityManager( 1909): Broadcast sticky: Intent { act=android.intent.action.BATTERY_CHANGED flg=0x60000010 (has extras) } ordered=false userid=-1 callerApp=null
I/        (  245): [BWC INFO](245): get_bwc_mm_property success
D/PowerSaveService( 4675): PowerSaveReceiver EXTRA_STATUS: status = 2, lastCharging = true
D/WindowManager( 1909): interceptKeyTi keyCode=25 down=true repeatCount=0 keyguardOn=false mHomePressed=false canceled=false metaState:0
I/View    ( 9136): Key down dispatch to <url=dist/index.html>;<hashcode=1132546536>, event = KeyEvent { action=ACTION_DOWN, hashcode=android.view.KeyEvent@4371d200, keyCode=KEYCODE_VOLUME_DOWN, scanCode=0, metaState=0, flags=0x8, repeatCount=0, eventTime=1008248, downTime=1008248, deviceId=-1, source=0x101 }
W/UnimplementedWebViewApi( 9136): Unimplemented WebView method onKeyDown called from: android.webkit.WebView.onKeyDown(WebView.java:2263)
D/WindowManager( 1909): interceptKeyTq: result=1 keycode=25 screenIsOn=true keyguardActive=false policyFlags = #b000000 down =false canceled = false isWakeKey=false mVolumeDownKeyTriggered =true mVolumeUpKeyTriggered =false
D/AudioManager( 9136): adjustSuggestedStreamVolume: Direction = -1, streamType = -2147483648
I/        (  245): [BWC INFO](245): get_bwc_mm_property success
D/AudioService( 1909): adjustSuggestedStreamVolume() stream=-2147483648
D/WindowManager( 1909): interceptKeyTi keyCode=25 down=false repeatCount=0 keyguardOn=false mHomePressed=false canceled=false metaState:0
D/PhoneInterfaceManager( 4362): state = IDLE
D/AudioALSAHardware(  249): +getParameters(), key = GetFmEnable
D/AudioALSAHardware(  249): -getParameters(), return "GetFmEnable=false"
D/BTIF_bt_audio_a2dp_hw(  249): [A2DP_HW] [adev_get_parameters@1362]
I/str_params(  249): key: 'GetFmEnable' value: ''
D/AudioService( 1909): isFmOn GetFmEnable=false
V/AudioService( 1909): getActiveStreamType: Forcing STREAM_RING b/c default
D/AudioService( 1909): adjustStreamVolume() stream=2, dir=-1
D/HeadsetStateMachine( 6839): Disconnected process message: 10
D/AppOps  ( 1909): noteOperation: allowing code 35 uid 10275 package com.sixty.nidoneClient
D/AudioService( 1909): applyDeviceVolumemStreamType:2,device:2
D/AudioService( 1909): sendVolumeUpdate: StreamType = 2, oldIndex = 5, newIndex = 4
D/AudioMTKPolicyManager(  249): setStreamVolumeIndex stream = 2 index = 4 device = 0x2
D/AudioMTKPolicyManager(  249):  checkAndSetVolume stream = 2 index = 4 output = 2 device = 0x2 delayMs = 0 force = 0
D/AudioMTKPolicyManager(  249): getNewDevice() selected device 0
D/AudioMTKPolicyManager(  249): computeCustomVolume OutputDevice = 0
D/AudioMTKPolicyManager(  249): +MapVoltoCustomVol vol = 64.000000 stream = 2 volmin = 128 volmax = 255
D/AudioMTKPolicyManager(  249): mapping_vol vol = 12.799995 unitstep = 17.066668 vol/unitstep  = 0.750000 index = -4251965396237682176.000000
D/AudioMTKPolicyManager(  249): -MapVoltoCustomVol volume = 150.500000 vol = 150.500000
D/AudioMTKPolicyManager(  249): checkAndSetVolume() for output 2 stream 2, volume 0.047315, delay 0
D/AudioFlinger_Thread(  249): thread 0xb49f0008 type 0 TID 1278 waking up
D/AudioService( 1909): applyDeviceVolumemStreamType:5,device:2
D/AppOps  ( 1909): startOperation: allowing code 40 uid 1013 package media
D/AudioFlinger_Thread(  249): acquireWakeLock_l() AudioOut_2 status 0
D/AudioMTKPolicyManager(  249): setStreamVolumeIndex stream = 5 index = 4 device = 0x2
D/AudioFlinger_Thread(  249): acquireWakeLock_l() AudioOut_2 status 0
D/AudioMTKPolicyManager(  249):  checkAndSetVolume stream = 5 index = 4 output = 2 device = 0x2 delayMs = 0 force = 0
D/AudioMTKPolicyManager(  249): getNewDevice() selected device 0
D/AudioMTKPolicyManager(  249): computeCustomVolume OutputDevice = 0
D/AudioMTKPolicyManager(  249): +MapVoltoCustomVol vol = 64.000000 stream = 5 volmin = 128 volmax = 255
D/AudioMTKPolicyManager(  249): mapping_vol vol = 12.799995 unitstep = 17.066668 vol/unitstep  = 0.750000 index = -4251965396237682176.000000
D/AudioMTKPolicyManager(  249): -MapVoltoCustomVol volume = 150.500000 vol = 150.500000
D/AudioMTKPolicyManager(  249): checkAndSetVolume() for output 2 stream 5, volume 0.047315, delay 0
D/AudioService( 1909): applyDeviceVolumemStreamType:1,device:2
D/AudioMTKPolicyManager(  249): setStreamVolumeIndex stream = 1 index = 4 device = 0x2
D/AudioMTKPolicyManager(  249):  checkAndSetVolume stream = 1 index = 4 output = 2 device = 0x2 delayMs = 0 force = 0
D/AudioMTKPolicyManager(  249): getNewDevice() selected device 0
D/AudioMTKPolicyManager(  249): computeCustomVolume OutputDevice = 0
D/AudioMTKPolicyManager(  249): computeCustomVolume OutputDevice == AudioSystem::DEVICE_OUT_SPEAKER GetStreamMaxLevels(stream)-1 = 14
D/AudioMTKPolicyManager(  249): +MapVoltoCustomVol vol = 64.000000 stream = 1 volmin = 168 volmax = 255
D/AudioMTKPolicyManager(  249): mapping_vol vol = 12.799995 unitstep = 17.066668 vol/unitstep  = 0.750000 index = -4251965396237682176.000000
D/AudioMTKPolicyManager(  249): -MapVoltoCustomVol volume = 190.500000 vol = 190.500000
D/AudioMTKPolicyManager(  249): checkAndSetVolume() for output 2 stream 1, volume 0.044887, delay 0
V/ActivityManager( 1909): Broadcast sticky: Intent { act=android.intent.action.ADDITIONAL_BATTERY_CHANGED flg=0x60000010 (has extras) } ordered=false userid=-1 callerApp=null
V/ActivityManager( 1909): Broadcast sticky: Intent { act=android.intent.action.ADDITIONAL_BATTERY_CHANGED flg=0x60000010 (has extras) } ordered=false userid=-1 callerApp=null
V/ActivityManager( 1909): Broadcast: Intent { act=android.media.VOLUME_CHANGED_ACTION flg=0x10 (has extras) } ordered=false userid=-1 callerApp=ProcessRecord{4272b1e0 1909:system/1000}
D/WifiService( 1909): onReceive, action:android.intent.action.BATTERY_CHANGED
D/UsbDeviceManager( 1909): onReceive - BATTERY_CHANGED - mPlugType: 2, mSettingUsbCharging: false, mConnected: true, mSettingUsbBicr: false
D/WifiController( 1909): DeviceActiveState{ when=0 what=155652 arg1=2 target=com.android.internal.util.StateMachine$SmHandler target=Handler (com.android.internal.util.StateMachine$SmHandler) {43167268} }
W/AudioService( 1909): notifyRingerVolumeChanged falled, because there are no listener!
D/WifiController( 1909): StaEnabledState{ when=0 what=155652 arg1=2 target=com.android.internal.util.StateMachine$SmHandler target=Handler (com.android.internal.util.StateMachine$SmHandler) {43167268} }
D/WifiController( 1909): DefaultState{ when=0 what=155652 arg1=2 target=com.android.internal.util.StateMachine$SmHandler target=Handler (com.android.internal.util.StateMachine$SmHandler) {43167268} }
D/WifiController( 1909): battery changed pluggedType: 2
V/Provider/Settings( 1909): get setting for user 0 by user 0 so skipping cache
V/Provider/Settings( 1909):  from settings cache , name = sys_free_storage_log_interval , value = null
V/Provider/Settings( 1909): get setting for user 0 by user 0 so skipping cache
V/Provider/Settings( 1909):  from settings cache , name = disk_free_change_reporting_threshold , value = null
V/Provider/Settings( 1909): get setting for user 0 by user 0 so skipping cache
V/Provider/Settings( 1909): from db cache, name = oppo_uniform_volume_settings_enabled , value = null
V/Provider/Settings( 1909): get setting for user 0 by user 0 so skipping cache
V/Provider/Settings( 1909):  from settings cache , name = oppo_uniform_volume_settings_enabled , value = null
V/Provider/Settings( 1909): get setting for user 0 by user 0 so skipping cache
V/Provider/Settings( 1909):  from settings cache , name = oppo_uniform_volume_settings_enabled , value = null
V/Provider/Settings( 1909): get setting for user 0 by user 0 so skipping cache
V/Provider/Settings( 1909):  from settings cache , name = oppo_uniform_volume_settings_enabled , value = null
D/ActivityThread(11450): BDC-Calling onReceive: intent=Intent { act=android.media.VOLUME_CHANGED_ACTION flg=0x10 cmp=com.android.settings/com.oppo.settings.MediaStreamVolumeDealReciever (has extras) }, ordered=true, receiver=com.oppo.settings.MediaStreamVolumeDealReciever@4285f948
D/AudioManager( 9136): adjustSuggestedStreamVolume: Direction = 0, streamType = -2147483648
D/ActivityThread(11450): BDC-RECEIVER handled : 0 / ReceiverData{intent=Intent { act=android.media.VOLUME_CHANGED_ACTION flg=0x10 cmp=com.android.settings/com.oppo.settings.MediaStreamVolumeDealReciever (has extras) } packageName=com.android.settings resultCode=-1 resultData=null resultExtras=null}
D/AudioService( 1909): adjustSuggestedStreamVolume() stream=-2147483648
I/        (  245): [BWC INFO](245): get_bwc_mm_property success
D/PhoneInterfaceManager( 4362): state = IDLE
V/Provider/Settings( 1909): get setting for user 0 by user 0 so skipping cache
V/Provider/Settings( 1909): from db cache, name = ringtone , value = content://media/internal/audio/media/10
I/RingtoneManager( 1909): Get actual default ringtone uri= content://media/internal/audio/media/10
V/Provider/Settings( 1909): get setting for user 0 by user 0 so skipping cache
V/Provider/Settings( 1909):  from settings cache , name = oppo_uniform_volume_settings_enabled , value = null
D/AudioALSAHardware(  249): +getParameters(), key = GetFmEnable
D/AudioALSAHardware(  249): -getParameters(), return "GetFmEnable=false"
D/BTIF_bt_audio_a2dp_hw(  249): [A2DP_HW] [adev_get_parameters@1362]
I/str_params(  249): key: 'GetFmEnable' value: ''
D/AudioService( 1909): isFmOn GetFmEnable=false
V/AudioService( 1909): getActiveStreamType: Forcing STREAM_RING b/c default
D/AudioService( 1909): adjustStreamVolume() stream=2, dir=0
V/ViewRootImpl( 1909): mApplyParallel = false, this = ViewRoot{441a5050 ,ident = 85}
D/AppOps  ( 1909): noteOperation: allowing code 35 uid 10275 package com.sixty.nidoneClient
D/AudioService( 1909): sendVolumeUpdate: StreamType = 2, oldIndex = 4, newIndex = 4
V/ActivityManager( 1909): Broadcast: Intent { act=android.media.VOLUME_CHANGED_ACTION flg=0x10 (has extras) } ordered=false userid=-1 callerApp=ProcessRecord{4272b1e0 1909:system/1000}
W/AudioService( 1909): notifyRingerVolumeChanged falled, because there are no listener!
D/WindowManager( 1909): interceptKeyTq: result=1 keycode=120 screenIsOn=true keyguardActive=false policyFlags = #b000000 down =true canceled = false isWakeKey=false mVolumeDownKeyTriggered =false mVolumeUpKeyTriggered =false
D/WindowManager( 1909): interceptKeyTi keyCode=120 down=true repeatCount=0 keyguardOn=false mHomePressed=false canceled=false metaState:0
D/WindowManager( 1909): interceptKeyTq: result=1 keycode=120 screenIsOn=true keyguardActive=false policyFlags = #b000000 down =false canceled = false isWakeKey=false mVolumeDownKeyTriggered =false mVolumeUpKeyTriggered =false
D/ActivityThread(11450): BDC-Calling onReceive: intent=Intent { act=android.media.VOLUME_CHANGED_ACTION flg=0x10 cmp=com.android.settings/com.oppo.settings.MediaStreamVolumeDealReciever (has extras) }, ordered=true, receiver=com.oppo.settings.MediaStreamVolumeDealReciever@42861c20
D/ActivityThread(11450): BDC-RECEIVER handled : 0 / ReceiverData{intent=Intent { act=android.media.VOLUME_CHANGED_ACTION flg=0x10 cmp=com.android.settings/com.oppo.settings.MediaStreamVolumeDealReciever (has extras) } packageName=com.android.settings resultCode=-1 resultData=null resultExtras=null}
W/ActivityManager( 1909): Unable to start service Intent { cmp=com.android.systemui/.screenshot.TakeScreenshotService } U=0: not found
D/WindowManager( 1909): interceptKeyTi keyCode=120 down=false repeatCount=0 keyguardOn=false mHomePressed=false canceled=false metaState:0
I/        (  245): [BWC INFO](245): get_bwc_mm_property success
V/Provider/Settings( 1909): get setting for user 0 by user 0 so skipping cache
V/Provider/Settings( 1909):  from settings cache , name = enabled_input_methods , value = com.sohu.inputmethod.sogouoem/.SogouIME
V/Provider/Settings( 1909): get setting for user 0 by user 0 so skipping cache
V/Provider/Settings( 1909):  from settings cache , name = enabled_input_methods , value = com.sohu.inputmethod.sogouoem/.SogouIME
D/WindowManager( 1909): interceptKeyTq: result=1 keycode=171 screenIsOn=true keyguardActive=false policyFlags = #b000000 down =true canceled = false isWakeKey=false mVolumeDownKeyTriggered =false mVolumeUpKeyTriggered =false
D/WindowManager( 1909): interceptKeyTi keyCode=171 down=true repeatCount=0 keyguardOn=false mHomePressed=false canceled=false metaState:0
D/dalvikvm( 1909): currentAlloc=30116728 - lastAllocatedSize=23865064 < 10485760, don't trigger GC
D/dalvikvm( 1909): between the previous GC alloc  6931K
V/Provider/Settings( 1909): get setting for user 0 by user 0 so skipping cache
V/Provider/Settings( 1909):  from settings cache , name = enabled_input_methods , value = com.sohu.inputmethod.sogouoem/.SogouIME
V/Provider/Settings( 1909): get setting for user 0 by user 0 so skipping cache
V/Provider/Settings( 1909):  from settings cache , name = enabled_input_methods , value = com.sohu.inputmethod.sogouoem/.SogouIME
D/WindowManager( 1909): interceptKeyTq: result=1 keycode=171 screenIsOn=true keyguardActive=false policyFlags = #b000000 down =false canceled = false isWakeKey=false mVolumeDownKeyTriggered =false mVolumeUpKeyTriggered =false
D/AudioManager( 9136): adjustSuggestedStreamVolume: Direction = 0, streamType = -2147483648
D/AudioService( 1909): adjustSuggestedStreamVolume() stream=-2147483648
D/AudioService( 1909): adjustStreamVolume() stream=2, dir=0
D/AppOps  ( 1909): noteOperation: allowing code 35 uid 10275 package com.sixty.nidoneClient
D/WindowManager( 1909): interceptKeyTi keyCode=171 down=false repeatCount=0 keyguardOn=false mHomePressed=false canceled=false metaState:0
D/AudioService( 1909): sendVolumeUpdate: StreamType = 2, oldIndex = 4, newIndex = 4
V/ActivityManager( 1909): Broadcast: Intent { act=android.media.VOLUME_CHANGED_ACTION flg=0x10 (has extras) } ordered=false userid=-1 callerApp=ProcessRecord{4272b1e0 1909:system/1000}
I/        (  245): [BWC INFO](245): get_bwc_mm_property success
W/AudioService( 1909): notifyRingerVolumeChanged falled, because there are no listener!
I/BufferQueue(  245): [unnamed-245-360](this:0xb7b684e0,id:360,api:0,p:-1,c:-1) BufferQueue queue=(245:/system/bin/surfaceflinger)
I/BufferQueue(  245): [unnamed-245-360](this:0xb7b684e0,id:360,api:0,p:-1,c:245) consumerConnect consumer=(245:/system/bin/surfaceflinger) controlledByApp=false
I/BufferQueue(  245): [unnamed-245-360](this:0xb7b684e0,id:360,api:0,p:-1,c:245) setConsumerName: unnamed-245-360
I/BufferQueue(  245): [Volume control](this:0xb7b684e0,id:360,api:0,p:-1,c:245) setConsumerName: Volume control
I/BufferQueue(  245): [Volume control](this:0xb7b684e0,id:360,api:0,p:-1,c:245) setDefaultBufferSize: w=1, h=1
D/ActivityThread(11450): BDC-Calling onReceive: intent=Intent { act=android.media.VOLUME_CHANGED_ACTION flg=0x10 cmp=com.android.settings/com.oppo.settings.MediaStreamVolumeDealReciever (has extras) }, ordered=true, receiver=com.oppo.settings.MediaStreamVolumeDealReciever@42863ef8
D/ActivityThread(11450): BDC-RECEIVER handled : 0 / ReceiverData{intent=Intent { act=android.media.VOLUME_CHANGED_ACTION flg=0x10 cmp=com.android.settings/com.oppo.settings.MediaStreamVolumeDealReciever (has extras) } packageName=com.android.settings resultCode=-1 resultData=null resultExtras=null}
D/AudioManager( 9136): adjustSuggestedStreamVolume: Direction = 0, streamType = -2147483648
D/AudioService( 1909): adjustSuggestedStreamVolume() stream=-2147483648
D/AudioService( 1909): adjustStreamVolume() stream=2, dir=0
D/AppOps  ( 1909): noteOperation: allowing code 35 uid 10275 package com.sixty.nidoneClient
D/AudioService( 1909): sendVolumeUpdate: StreamType = 2, oldIndex = 4, newIndex = 4
V/ActivityManager( 1909): Broadcast: Intent { act=android.media.VOLUME_CHANGED_ACTION flg=0x10 (has extras) } ordered=false userid=-1 callerApp=ProcessRecord{4272b1e0 1909:system/1000}
W/AudioService( 1909): notifyRingerVolumeChanged falled, because there are no listener!
I/BufferQueue(  245): [Volume control](this:0xb7b684e0,id:360,api:0,p:-1,c:245) setDefaultBufferSize: w=460, h=631
I/        (  245): [BWC INFO](245): get_bwc_mm_property success
D/ActivityThread(11450): BDC-Calling onReceive: intent=Intent { act=android.media.VOLUME_CHANGED_ACTION flg=0x10 cmp=com.android.settings/com.oppo.settings.MediaStreamVolumeDealReciever (has extras) }, ordered=true, receiver=com.oppo.settings.MediaStreamVolumeDealReciever@428661d0
D/ActivityThread(11450): BDC-RECEIVER handled : 0 / ReceiverData{intent=Intent { act=android.media.VOLUME_CHANGED_ACTION flg=0x10 cmp=com.android.settings/com.oppo.settings.MediaStreamVolumeDealReciever (has extras) } packageName=com.android.settings resultCode=-1 resultData=null resultExtras=null}
D/WindowManager( 1909): interceptKeyTq: result=1 keycode=23 screenIsOn=true keyguardActive=false policyFlags = #b000000 down =true canceled = false isWakeKey=false mVolumeDownKeyTriggered =false mVolumeUpKeyTriggered =false
D/WindowManager( 1909): interceptKeyTi keyCode=23 down=true repeatCount=0 keyguardOn=false mHomePressed=false canceled=false metaState:0
D/dalvikvm(12172): threadid=17: interp stack at 0x78cb6000
V/Provider/Settings( 1909): get setting for user 0 by user 0 so skipping cache
V/Provider/Settings( 1909):  from settings cache , name = ringtone , value = content://media/internal/audio/media/10
I/RingtoneManager( 1909): Get actual default ringtone uri= content://media/internal/audio/media/10
V/Provider/Settings( 1909): get setting for user 0 by user 0 so skipping cache
V/Provider/Settings( 1909):  from settings cache , name = oppo_uniform_volume_settings_enabled , value = null
V/Provider/Settings( 1909): get setting for user 0 by user 0 so skipping cache
V/Provider/Settings( 1909):  from settings cache , name = ringtone , value = content://media/internal/audio/media/10
I/RingtoneManager( 1909): Get actual default ringtone uri= content://media/internal/audio/media/10
V/Provider/Settings( 1909): get setting for user 0 by user 0 so skipping cache
V/Provider/Settings( 1909):  from settings cache , name = oppo_uniform_volume_settings_enabled , value = null
I/BufferQueue(  245): [Volume control](this:0xb7b684e0,id:360,api:2,p:1909,c:245) connect: api=2 producer=(1909:system_server) producerControlledByApp=false
I/BufferQueue(  245): [Volume control](this:0xb7b684e0,id:360,api:2,p:1909,c:245) new GraphicBuffer needed
I/[MALI][Gralloc](  245): [MTK]GRALLOC enter alloc_device_alloc()! pHandle=0x0xb7b26eac
I/[MALI][Gralloc](  245): usage: 0x933, format: 0x1 stride: 464 vertical_stride: 631 size: 1171136
I/[MALI][Gralloc](  245): [MTK]GRALLOC ready to go ion alloc arrrrrrrrr!!!! pHandle=0x0xb7b26eac
D/GraphicBuffer(  245): alloc, handle(0xb7b72af0) (w:460 h:631 s:464 f:0x1 u:0x000933) err(0)
W/GraphicBufferExtra_hal(  245): gralloc extra device setBufInfo(...) is not supported
D/GraphicBuffer( 1909): register, handle(0x7e187c40) (w:460 h:631 s:464 f:0x1 u:0x000933)
I/        (  245): [BWC INFO](245): get_bwc_mm_property success
V/Provider/Settings( 1909): get setting for user 0 by user 0 so skipping cache
V/Provider/Settings( 1909):  from settings cache , name = ringtone , value = content://media/internal/audio/media/10
I/RingtoneManager( 1909): Get actual default ringtone uri= content://media/internal/audio/media/10
V/Provider/Settings( 1909): get setting for user 0 by user 0 so skipping cache
V/Provider/Settings( 1909):  from settings cache , name = oppo_uniform_volume_settings_enabled , value = null
D/WindowManager( 1909): interceptKeyTq: result=1 keycode=23 screenIsOn=true keyguardActive=false policyFlags = #b000000 down =false canceled = false isWakeKey=false mVolumeDownKeyTriggered =false mVolumeUpKeyTriggered =false
D/AudioManager( 9136): adjustSuggestedStreamVolume: Direction = 0, streamType = -2147483648
D/WindowManager( 1909): interceptKeyTi keyCode=23 down=false repeatCount=0 keyguardOn=false mHomePressed=false canceled=false metaState:0
D/AudioService( 1909): adjustSuggestedStreamVolume() stream=-2147483648
D/AudioService( 1909): adjustStreamVolume() stream=2, dir=0
D/AppOps  ( 1909): noteOperation: allowing code 35 uid 10275 package com.sixty.nidoneClient
D/AudioService( 1909): sendVolumeUpdate: StreamType = 2, oldIndex = 4, newIndex = 4
V/ActivityManager( 1909): Broadcast: Intent { act=android.media.VOLUME_CHANGED_ACTION flg=0x10 (has extras) } ordered=false userid=-1 callerApp=ProcessRecord{4272b1e0 1909:system/1000}
W/AudioService( 1909): notifyRingerVolumeChanged falled, because there are no listener!
D/AudioManager( 9136): adjustSuggestedStreamVolume: Direction = 0, streamType = -2147483648
D/AudioService( 1909): adjustSuggestedStreamVolume() stream=-2147483648
D/AudioService( 1909): adjustStreamVolume() stream=2, dir=0
D/AppOps  ( 1909): noteOperation: allowing code 35 uid 10275 package com.sixty.nidoneClient
I/        (  245): [BWC INFO](245): get_bwc_mm_property success
D/AudioService( 1909): sendVolumeUpdate: StreamType = 2, oldIndex = 4, newIndex = 4
V/ActivityManager( 1909): Broadcast: Intent { act=android.media.VOLUME_CHANGED_ACTION flg=0x10 (has extras) } ordered=false userid=-1 callerApp=ProcessRecord{4272b1e0 1909:system/1000}
W/AudioService( 1909): notifyRingerVolumeChanged falled, because there are no listener!
D/ActivityThread(11450): BDC-Calling onReceive: intent=Intent { act=android.media.VOLUME_CHANGED_ACTION flg=0x10 cmp=com.android.settings/com.oppo.settings.MediaStreamVolumeDealReciever (has extras) }, ordered=true, receiver=com.oppo.settings.MediaStreamVolumeDealReciever@428684a8
D/ActivityThread(11450): BDC-RECEIVER handled : 0 / ReceiverData{intent=Intent { act=android.media.VOLUME_CHANGED_ACTION flg=0x10 cmp=com.android.settings/com.oppo.settings.MediaStreamVolumeDealReciever (has extras) } packageName=com.android.settings resultCode=-1 resultData=null resultExtras=null}
D/AudioManager( 9136): adjustSuggestedStreamVolume: Direction = 0, streamType = -2147483648
D/AudioService( 1909): adjustSuggestedStreamVolume() stream=-2147483648
D/AudioService( 1909): adjustStreamVolume() stream=2, dir=0
D/AppOps  ( 1909): noteOperation: allowing code 35 uid 10275 package com.sixty.nidoneClient
D/AudioService( 1909): sendVolumeUpdate: StreamType = 2, oldIndex = 4, newIndex = 4
V/Provider/Settings( 1909): get setting for user 0 by user 0 so skipping cache
V/Provider/Settings( 1909):  from settings cache , name = ringtone , value = content://media/internal/audio/media/10
I/RingtoneManager( 1909): Get actual default ringtone uri= content://media/internal/audio/media/10
V/Provider/Settings( 1909): get setting for user 0 by user 0 so skipping cache
V/Provider/Settings( 1909):  from settings cache , name = oppo_uniform_volume_settings_enabled , value = null
V/Provider/Settings( 1909): get setting for user 0 by user 0 so skipping cache
V/Provider/Settings( 1909):  from settings cache , name = ringtone , value = content://media/internal/audio/media/10
I/RingtoneManager( 1909): Get actual default ringtone uri= content://media/internal/audio/media/10
V/Provider/Settings( 1909): get setting for user 0 by user 0 so skipping cache
V/Provider/Settings( 1909):  from settings cache , name = oppo_uniform_volume_settings_enabled , value = null
V/Provider/Settings( 1909): get setting for user 0 by user 0 so skipping cache
V/Provider/Settings( 1909):  from settings cache , name = ringtone , value = content://media/internal/audio/media/10
I/RingtoneManager( 1909): Get actual default ringtone uri= content://media/internal/audio/media/10
V/Provider/Settings( 1909): get setting for user 0 by user 0 so skipping cache
V/Provider/Settings( 1909):  from settings cache , name = oppo_uniform_volume_settings_enabled , value = null
D/ActivityThread(11450): BDC-Calling onReceive: intent=Intent { act=android.media.VOLUME_CHANGED_ACTION flg=0x10 cmp=com.android.settings/com.oppo.settings.MediaStreamVolumeDealReciever (has extras) }, ordered=true, receiver=com.oppo.settings.MediaStreamVolumeDealReciever@4286a780
V/ActivityManager( 1909): Broadcast: Intent { act=android.media.VOLUME_CHANGED_ACTION flg=0x10 (has extras) } ordered=false userid=-1 callerApp=ProcessRecord{4272b1e0 1909:system/1000}
D/ActivityThread(11450): BDC-RECEIVER handled : 0 / ReceiverData{intent=Intent { act=android.media.VOLUME_CHANGED_ACTION flg=0x10 cmp=com.android.settings/com.oppo.settings.MediaStreamVolumeDealReciever (has extras) } packageName=com.android.settings resultCode=-1 resultData=null resultExtras=null}
W/AudioService( 1909): notifyRingerVolumeChanged falled, because there are no listener!
D/AudioManager( 9136): adjustSuggestedStreamVolume: Direction = 0, streamType = -2147483648
D/AudioService( 1909): adjustSuggestedStreamVolume() stream=-2147483648
D/AudioService( 1909): adjustStreamVolume() stream=2, dir=0
D/AppOps  ( 1909): noteOperation: allowing code 35 uid 10275 package com.sixty.nidoneClient
D/AudioService( 1909): sendVolumeUpdate: StreamType = 2, oldIndex = 4, newIndex = 4
V/Provider/Settings( 1909): get setting for user 0 by user 0 so skipping cache
V/Provider/Settings( 1909):  from settings cache , name = ringtone , value = content://media/internal/audio/media/10
I/RingtoneManager( 1909): Get actual default ringtone uri= content://media/internal/audio/media/10
V/Provider/Settings( 1909): get setting for user 0 by user 0 so skipping cache
V/Provider/Settings( 1909):  from settings cache , name = oppo_uniform_volume_settings_enabled , value = null
D/ActivityThread(11450): BDC-Calling onReceive: intent=Intent { act=android.media.VOLUME_CHANGED_ACTION flg=0x10 cmp=com.android.settings/com.oppo.settings.MediaStreamVolumeDealReciever (has extras) }, ordered=true, receiver=com.oppo.settings.MediaStreamVolumeDealReciever@4286ca58
V/ActivityManager( 1909): Broadcast: Intent { act=android.media.VOLUME_CHANGED_ACTION flg=0x10 (has extras) } ordered=false userid=-1 callerApp=ProcessRecord{4272b1e0 1909:system/1000}
D/ActivityThread(11450): BDC-RECEIVER handled : 0 / ReceiverData{intent=Intent { act=android.media.VOLUME_CHANGED_ACTION flg=0x10 cmp=com.android.settings/com.oppo.settings.MediaStreamVolumeDealReciever (has extras) } packageName=com.android.settings resultCode=-1 resultData=null resultExtras=null}
W/AudioService( 1909): notifyRingerVolumeChanged falled, because there are no listener!
D/AudioManager( 9136): adjustSuggestedStreamVolume: Direction = 0, streamType = -2147483648
D/AudioService( 1909): adjustSuggestedStreamVolume() stream=-2147483648
D/AudioService( 1909): adjustStreamVolume() stream=2, dir=0
D/AppOps  ( 1909): noteOperation: allowing code 35 uid 10275 package com.sixty.nidoneClient
D/AudioService( 1909): sendVolumeUpdate: StreamType = 2, oldIndex = 4, newIndex = 4
V/Provider/Settings( 1909): get setting for user 0 by user 0 so skipping cache
V/Provider/Settings( 1909):  from settings cache , name = ringtone , value = content://media/internal/audio/media/10
I/RingtoneManager( 1909): Get actual default ringtone uri= content://media/internal/audio/media/10
V/Provider/Settings( 1909): get setting for user 0 by user 0 so skipping cache
V/Provider/Settings( 1909):  from settings cache , name = oppo_uniform_volume_settings_enabled , value = null
D/ActivityThread(11450): BDC-Calling onReceive: intent=Intent { act=android.media.VOLUME_CHANGED_ACTION flg=0x10 cmp=com.android.settings/com.oppo.settings.MediaStreamVolumeDealReciever (has extras) }, ordered=true, receiver=com.oppo.settings.MediaStreamVolumeDealReciever@4286ed30
V/ActivityManager( 1909): Broadcast: Intent { act=android.media.VOLUME_CHANGED_ACTION flg=0x10 (has extras) } ordered=false userid=-1 callerApp=ProcessRecord{4272b1e0 1909:system/1000}
D/ActivityThread(11450): BDC-RECEIVER handled : 0 / ReceiverData{intent=Intent { act=android.media.VOLUME_CHANGED_ACTION flg=0x10 cmp=com.android.settings/com.oppo.settings.MediaStreamVolumeDealReciever (has extras) } packageName=com.android.settings resultCode=-1 resultData=null resultExtras=null}
W/AudioService( 1909): notifyRingerVolumeChanged falled, because there are no listener!
I/        (  245): [BWC INFO](245): get_bwc_mm_property success
D/ActivityThread(11450): BDC-Calling onReceive: intent=Intent { act=android.media.VOLUME_CHANGED_ACTION flg=0x10 cmp=com.android.settings/com.oppo.settings.MediaStreamVolumeDealReciever (has extras) }, ordered=true, receiver=com.oppo.settings.MediaStreamVolumeDealReciever@42871008
D/ActivityThread(11450): BDC-RECEIVER handled : 0 / ReceiverData{intent=Intent { act=android.media.VOLUME_CHANGED_ACTION flg=0x10 cmp=com.android.settings/com.oppo.settings.MediaStreamVolumeDealReciever (has extras) } packageName=com.android.settings resultCode=-1 resultData=null resultExtras=null}
D/AudioManager( 9136): adjustSuggestedStreamVolume: Direction = 0, streamType = -2147483648
D/AudioService( 1909): adjustSuggestedStreamVolume() stream=-2147483648
D/AudioService( 1909): adjustStreamVolume() stream=2, dir=0
D/AppOps  ( 1909): noteOperation: allowing code 35 uid 10275 package com.sixty.nidoneClient
D/AudioService( 1909): sendVolumeUpdate: StreamType = 2, oldIndex = 4, newIndex = 4
V/ActivityManager( 1909): Broadcast: Intent { act=android.media.VOLUME_CHANGED_ACTION flg=0x10 (has extras) } ordered=false userid=-1 callerApp=ProcessRecord{4272b1e0 1909:system/1000}
V/Provider/Settings( 1909): get setting for user 0 by user 0 so skipping cache
V/Provider/Settings( 1909):  from settings cache , name = ringtone , value = content://media/internal/audio/media/10
I/RingtoneManager( 1909): Get actual default ringtone uri= content://media/internal/audio/media/10
V/Provider/Settings( 1909): get setting for user 0 by user 0 so skipping cache
W/AudioService( 1909): notifyRingerVolumeChanged falled, because there are no listener!
V/Provider/Settings( 1909):  from settings cache , name = oppo_uniform_volume_settings_enabled , value = null
D/ActivityThread(11450): BDC-Calling onReceive: intent=Intent { act=android.media.VOLUME_CHANGED_ACTION flg=0x10 cmp=com.android.settings/com.oppo.settings.MediaStreamVolumeDealReciever (has extras) }, ordered=true, receiver=com.oppo.settings.MediaStreamVolumeDealReciever@428732e0
D/ActivityThread(11450): BDC-RECEIVER handled : 0 / ReceiverData{intent=Intent { act=android.media.VOLUME_CHANGED_ACTION flg=0x10 cmp=com.android.settings/com.oppo.settings.MediaStreamVolumeDealReciever (has extras) } packageName=com.android.settings resultCode=-1 resultData=null resultExtras=null}
D/dalvikvm(11850): between the previous GC alloc  10368K
I/        (  245): [BWC INFO](245): get_bwc_mm_property success
D/AudioManager( 9136): adjustSuggestedStreamVolume: Direction = 0, streamType = -2147483648
D/AudioService( 1909): adjustSuggestedStreamVolume() stream=-2147483648
D/AudioService( 1909): adjustStreamVolume() stream=2, dir=0
D/AppOps  ( 1909): noteOperation: allowing code 35 uid 10275 package com.sixty.nidoneClient
D/AudioService( 1909): sendVolumeUpdate: StreamType = 2, oldIndex = 4, newIndex = 4
V/ActivityManager( 1909): Broadcast: Intent { act=android.media.VOLUME_CHANGED_ACTION flg=0x10 (has extras) } ordered=false userid=-1 callerApp=ProcessRecord{4272b1e0 1909:system/1000}
W/AudioService( 1909): notifyRingerVolumeChanged falled, because there are no listener!
W/UnimplementedWebViewApi( 9136): Unimplemented WebView method onKeyMultiple called from: android.webkit.WebView.onKeyMultiple(WebView.java:2273)
W/UnimplementedWebViewApi( 9136): Unimplemented WebView method onKeyDown called from: android.webkit.WebView.onKeyDown(WebView.java:2263)
D/AudioManager( 9136): adjustSuggestedStreamVolume: Direction = 0, streamType = -2147483648
D/AudioService( 1909): adjustSuggestedStreamVolume() stream=-2147483648
D/AudioService( 1909): adjustStreamVolume() stream=2, dir=0
D/AppOps  ( 1909): noteOperation: allowing code 35 uid 10275 package com.sixty.nidoneClient
D/AudioService( 1909): sendVolumeUpdate: StreamType = 2, oldIndex = 4, newIndex = 4
V/ActivityManager( 1909): Broadcast: Intent { act=android.media.VOLUME_CHANGED_ACTION flg=0x10 (has extras) } ordered=false userid=-1 callerApp=ProcessRecord{4272b1e0 1909:system/1000}
D/ActivityThread(11450): BDC-Calling onReceive: intent=Intent { act=android.media.VOLUME_CHANGED_ACTION flg=0x10 cmp=com.android.settings/com.oppo.settings.MediaStreamVolumeDealReciever (has extras) }, ordered=true, receiver=com.oppo.settings.MediaStreamVolumeDealReciever@428755b8
D/ActivityThread(11450): BDC-RECEIVER handled : 0 / ReceiverData{intent=Intent { act=android.media.VOLUME_CHANGED_ACTION flg=0x10 cmp=com.android.settings/com.oppo.settings.MediaStreamVolumeDealReciever (has extras) } packageName=com.android.settings resultCode=-1 resultData=null resultExtras=null}
W/AudioService( 1909): notifyRingerVolumeChanged falled, because there are no listener!
D/AudioManager( 9136): adjustSuggestedStreamVolume: Direction = 0, streamType = -2147483648
D/AudioService( 1909): adjustSuggestedStreamVolume() stream=-2147483648
D/PhoneInterfaceManager( 4362): state = IDLE
D/AudioALSAHardware(  249): +getParameters(), key = GetFmEnable
D/AudioALSAHardware(  249): -getParameters(), return "GetFmEnable=false"
D/BTIF_bt_audio_a2dp_hw(  249): [A2DP_HW] [adev_get_parameters@1362]
I/str_params(  249): key: 'GetFmEnable' value: ''
D/AudioService( 1909): isFmOn GetFmEnable=false
V/AudioService( 1909): getActiveStreamType: Forcing STREAM_RING b/c default
D/AudioService( 1909): adjustStreamVolume() stream=2, dir=0
D/AppOps  ( 1909): noteOperation: allowing code 35 uid 10275 package com.sixty.nidoneClient
D/AudioService( 1909): sendVolumeUpdate: StreamType = 2, oldIndex = 4, newIndex = 4
V/ActivityManager( 1909): Broadcast: Intent { act=android.media.VOLUME_CHANGED_ACTION flg=0x10 (has extras) } ordered=false userid=-1 callerApp=ProcessRecord{4272b1e0 1909:system/1000}
D/ActivityThread(11450): BDC-Calling onReceive: intent=Intent { act=android.media.VOLUME_CHANGED_ACTION flg=0x10 cmp=com.android.settings/com.oppo.settings.MediaStreamVolumeDealReciever (has extras) }, ordered=true, receiver=com.oppo.settings.MediaStreamVolumeDealReciever@42877890
D/ActivityThread(11450): BDC-RECEIVER handled : 0 / ReceiverData{intent=Intent { act=android.media.VOLUME_CHANGED_ACTION flg=0x10 cmp=com.android.settings/com.oppo.settings.MediaStreamVolumeDealReciever (has extras) } packageName=com.android.settings resultCode=-1 resultData=null resultExtras=null}
W/AudioService( 1909): notifyRingerVolumeChanged falled, because there are no listener!
D/AudioManager( 9136): adjustSuggestedStreamVolume: Direction = 0, streamType = -2147483648
D/AudioService( 1909): adjustSuggestedStreamVolume() stream=-2147483648
D/PhoneInterfaceManager( 4362): state = IDLE
D/AudioALSAHardware(  249): +getParameters(), key = GetFmEnable
D/AudioALSAHardware(  249): -getParameters(), return "GetFmEnable=false"
D/BTIF_bt_audio_a2dp_hw(  249): [A2DP_HW] [adev_get_parameters@1362]
I/str_params(  249): key: 'GetFmEnable' value: ''
D/AudioService( 1909): isFmOn GetFmEnable=false
V/AudioService( 1909): getActiveStreamType: Forcing STREAM_RING b/c default
D/AudioService( 1909): adjustStreamVolume() stream=2, dir=0
D/AppOps  ( 1909): noteOperation: allowing code 35 uid 10275 package com.sixty.nidoneClient
D/AudioService( 1909): sendVolumeUpdate: StreamType = 2, oldIndex = 4, newIndex = 4
D/ActivityThread(11450): BDC-Calling onReceive: intent=Intent { act=android.media.VOLUME_CHANGED_ACTION flg=0x10 cmp=com.android.settings/com.oppo.settings.MediaStreamVolumeDealReciever (has extras) }, ordered=true, receiver=com.oppo.settings.MediaStreamVolumeDealReciever@42879b68
V/ActivityManager( 1909): Broadcast: Intent { act=android.media.VOLUME_CHANGED_ACTION flg=0x10 (has extras) } ordered=false userid=-1 callerApp=ProcessRecord{4272b1e0 1909:system/1000}
W/AudioService( 1909): notifyRingerVolumeChanged falled, because there are no listener!
D/ActivityThread(11450): BDC-RECEIVER handled : 0 / ReceiverData{intent=Intent { act=android.media.VOLUME_CHANGED_ACTION flg=0x10 cmp=com.android.settings/com.oppo.settings.MediaStreamVolumeDealReciever (has extras) } packageName=com.android.settings resultCode=-1 resultData=null resultExtras=null}
D/AudioManager( 9136): adjustSuggestedStreamVolume: Direction = 0, streamType = -2147483648
D/AudioService( 1909): adjustSuggestedStreamVolume() stream=-2147483648
D/PhoneInterfaceManager( 4362): state = IDLE
D/AudioALSAHardware(  249): +getParameters(), key = GetFmEnable
D/AudioALSAHardware(  249): -getParameters(), return "GetFmEnable=false"
D/BTIF_bt_audio_a2dp_hw(  249): [A2DP_HW] [adev_get_parameters@1362]
I/str_params(  249): key: 'GetFmEnable' value: ''
D/AudioService( 1909): isFmOn GetFmEnable=false
V/AudioService( 1909): getActiveStreamType: Forcing STREAM_RING b/c default
D/AudioService( 1909): adjustStreamVolume() stream=2, dir=0
D/AppOps  ( 1909): noteOperation: allowing code 35 uid 10275 package com.sixty.nidoneClient
D/AudioService( 1909): sendVolumeUpdate: StreamType = 2, oldIndex = 4, newIndex = 4
V/ActivityManager( 1909): Broadcast: Intent { act=android.media.VOLUME_CHANGED_ACTION flg=0x10 (has extras) } ordered=false userid=-1 callerApp=ProcessRecord{4272b1e0 1909:system/1000}
D/ActivityThread(11450): BDC-Calling onReceive: intent=Intent { act=android.media.VOLUME_CHANGED_ACTION flg=0x10 cmp=com.android.settings/com.oppo.settings.MediaStreamVolumeDealReciever (has extras) }, ordered=true, receiver=com.oppo.settings.MediaStreamVolumeDealReciever@4287be40
D/ActivityThread(11450): BDC-RECEIVER handled : 0 / ReceiverData{intent=Intent { act=android.media.VOLUME_CHANGED_ACTION flg=0x10 cmp=com.android.settings/com.oppo.settings.MediaStreamVolumeDealReciever (has extras) } packageName=com.android.settings resultCode=-1 resultData=null resultExtras=null}
D/dalvikvm(11850): GC_CONCURRENT freed 9538K (162935), 92% free 844K/10384K, paused 0ms+1ms, total 31ms
W/AudioService( 1909): notifyRingerVolumeChanged falled, because there are no listener!
D/AudioManager( 9136): adjustSuggestedStreamVolume: Direction = 0, streamType = -2147483648
D/AudioService( 1909): adjustSuggestedStreamVolume() stream=-2147483648
D/PhoneInterfaceManager( 4362): state = IDLE
D/AudioALSAHardware(  249): +getParameters(), key = GetFmEnable
D/AudioALSAHardware(  249): -getParameters(), return "GetFmEnable=false"
D/BTIF_bt_audio_a2dp_hw(  249): [A2DP_HW] [adev_get_parameters@1362]
I/str_params(  249): key: 'GetFmEnable' value: ''
D/AudioService( 1909): isFmOn GetFmEnable=false
V/AudioService( 1909): getActiveStreamType: Forcing STREAM_RING b/c default
D/AudioService( 1909): adjustStreamVolume() stream=2, dir=0
D/AppOps  ( 1909): noteOperation: allowing code 35 uid 10275 package com.sixty.nidoneClient
D/AudioService( 1909): sendVolumeUpdate: StreamType = 2, oldIndex = 4, newIndex = 4
V/ActivityManager( 1909): Broadcast: Intent { act=android.media.VOLUME_CHANGED_ACTION flg=0x10 (has extras) } ordered=false userid=-1 callerApp=ProcessRecord{4272b1e0 1909:system/1000}
D/ActivityThread(11450): BDC-Calling onReceive: intent=Intent { act=android.media.VOLUME_CHANGED_ACTION flg=0x10 cmp=com.android.settings/com.oppo.settings.MediaStreamVolumeDealReciever (has extras) }, ordered=true, receiver=com.oppo.settings.MediaStreamVolumeDealReciever@4287e118
D/ActivityThread(11450): BDC-RECEIVER handled : 0 / ReceiverData{intent=Intent { act=android.media.VOLUME_CHANGED_ACTION flg=0x10 cmp=com.android.settings/com.oppo.settings.MediaStreamVolumeDealReciever (has extras) } packageName=com.android.settings resultCode=-1 resultData=null resultExtras=null}
W/AudioService( 1909): notifyRingerVolumeChanged falled, because there are no listener!
D/AudioManager( 9136): adjustSuggestedStreamVolume: Direction = 0, streamType = -2147483648
D/AudioService( 1909): adjustSuggestedStreamVolume() stream=-2147483648
D/PhoneInterfaceManager( 4362): state = IDLE
D/AudioALSAHardware(  249): +getParameters(), key = GetFmEnable
D/AudioALSAHardware(  249): -getParameters(), return "GetFmEnable=false"
D/BTIF_bt_audio_a2dp_hw(  249): [A2DP_HW] [adev_get_parameters@1362]
I/str_params(  249): key: 'GetFmEnable' value: ''
D/AudioService( 1909): isFmOn GetFmEnable=false
V/AudioService( 1909): getActiveStreamType: Forcing STREAM_RING b/c default
D/AudioService( 1909): adjustStreamVolume() stream=2, dir=0
D/ActivityThread(11450): BDC-Calling onReceive: intent=Intent { act=android.media.VOLUME_CHANGED_ACTION flg=0x10 cmp=com.android.settings/com.oppo.settings.MediaStreamVolumeDealReciever (has extras) }, ordered=true, receiver=com.oppo.settings.MediaStreamVolumeDealReciever@428803f0
D/AppOps  ( 1909): noteOperation: allowing code 35 uid 10275 package com.sixty.nidoneClient
D/AudioService( 1909): sendVolumeUpdate: StreamType = 2, oldIndex = 4, newIndex = 4
D/ActivityThread(11450): BDC-RECEIVER handled : 0 / ReceiverData{intent=Intent { act=android.media.VOLUME_CHANGED_ACTION flg=0x10 cmp=com.android.settings/com.oppo.settings.MediaStreamVolumeDealReciever (has extras) } packageName=com.android.settings resultCode=-1 resultData=null resultExtras=null}
V/ActivityManager( 1909): Broadcast: Intent { act=android.media.VOLUME_CHANGED_ACTION flg=0x10 (has extras) } ordered=false userid=-1 callerApp=ProcessRecord{4272b1e0 1909:system/1000}
W/AudioService( 1909): notifyRingerVolumeChanged falled, because there are no listener!
D/AudioManager( 9136): adjustSuggestedStreamVolume: Direction = 0, streamType = -2147483648
D/AudioService( 1909): adjustSuggestedStreamVolume() stream=-2147483648
D/PhoneInterfaceManager( 4362): state = IDLE
D/AudioALSAHardware(  249): +getParameters(), key = GetFmEnable
D/AudioALSAHardware(  249): -getParameters(), return "GetFmEnable=false"
D/BTIF_bt_audio_a2dp_hw(  249): [A2DP_HW] [adev_get_parameters@1362]
I/str_params(  249): key: 'GetFmEnable' value: ''
D/AudioService( 1909): isFmOn GetFmEnable=false
V/AudioService( 1909): getActiveStreamType: Forcing STREAM_RING b/c default
D/AudioService( 1909): adjustStreamVolume() stream=2, dir=0
D/AppOps  ( 1909): noteOperation: allowing code 35 uid 10275 package com.sixty.nidoneClient
D/AudioService( 1909): sendVolumeUpdate: StreamType = 2, oldIndex = 4, newIndex = 4
V/ActivityManager( 1909): Broadcast: Intent { act=android.media.VOLUME_CHANGED_ACTION flg=0x10 (has extras) } ordered=false userid=-1 callerApp=ProcessRecord{4272b1e0 1909:system/1000}
D/ActivityThread(11450): BDC-Calling onReceive: intent=Intent { act=android.media.VOLUME_CHANGED_ACTION flg=0x10 cmp=com.android.settings/com.oppo.settings.MediaStreamVolumeDealReciever (has extras) }, ordered=true, receiver=com.oppo.settings.MediaStreamVolumeDealReciever@428826c8
W/AudioService( 1909): notifyRingerVolumeChanged falled, because there are no listener!
D/ActivityThread(11450): BDC-RECEIVER handled : 0 / ReceiverData{intent=Intent { act=android.media.VOLUME_CHANGED_ACTION flg=0x10 cmp=com.android.settings/com.oppo.settings.MediaStreamVolumeDealReciever (has extras) } packageName=com.android.settings resultCode=-1 resultData=null resultExtras=null}
D/AudioManager( 9136): adjustSuggestedStreamVolume: Direction = 0, streamType = -2147483648
D/AudioService( 1909): adjustSuggestedStreamVolume() stream=-2147483648
D/PhoneInterfaceManager( 4362): state = IDLE
D/AudioALSAHardware(  249): +getParameters(), key = GetFmEnable
D/AudioALSAHardware(  249): -getParameters(), return "GetFmEnable=false"
D/BTIF_bt_audio_a2dp_hw(  249): [A2DP_HW] [adev_get_parameters@1362]
I/str_params(  249): key: 'GetFmEnable' value: ''
D/AudioService( 1909): isFmOn GetFmEnable=false
V/AudioService( 1909): getActiveStreamType: Forcing STREAM_RING b/c default
D/AudioService( 1909): adjustStreamVolume() stream=2, dir=0
D/AppOps  ( 1909): noteOperation: allowing code 35 uid 10275 package com.sixty.nidoneClient
D/AudioService( 1909): sendVolumeUpdate: StreamType = 2, oldIndex = 4, newIndex = 4
D/ActivityThread(11450): BDC-Calling onReceive: intent=Intent { act=android.media.VOLUME_CHANGED_ACTION flg=0x10 cmp=com.android.settings/com.oppo.settings.MediaStreamVolumeDealReciever (has extras) }, ordered=true, receiver=com.oppo.settings.MediaStreamVolumeDealReciever@428849a0
V/ActivityManager( 1909): Broadcast: Intent { act=android.media.VOLUME_CHANGED_ACTION flg=0x10 (has extras) } ordered=false userid=-1 callerApp=ProcessRecord{4272b1e0 1909:system/1000}
D/ActivityThread(11450): BDC-RECEIVER handled : 0 / ReceiverData{intent=Intent { act=android.media.VOLUME_CHANGED_ACTION flg=0x10 cmp=com.android.settings/com.oppo.settings.MediaStreamVolumeDealReciever (has extras) } packageName=com.android.settings resultCode=-1 resultData=null resultExtras=null}
W/AudioService( 1909): notifyRingerVolumeChanged falled, because there are no listener!
V/Provider/Settings( 1909): get setting for user 0 by user 0 so skipping cache
V/Provider/Settings( 1909):  from settings cache , name = haptic_feedback_enabled , value = 0
V/Provider/Settings( 1909): get setting for user -2 by user 0 so skipping cache
V/Provider/Settings( 1909): get setting for user -2 by user 0 so skipping cache
V/Provider/Settings( 1909): from db cache, name = haptic_feedback_enabled , value = 0
I/Provider/Settings( 1909): call-query of user -2 by 0 so not updating cache
D/WindowManager( 1909): interceptKeyTq: result=1 keycode=82 screenIsOn=true keyguardActive=false policyFlags = #b000000 down =true canceled = false isWakeKey=false mVolumeDownKeyTriggered =false mVolumeUpKeyTriggered =false
D/WindowManager( 1909): interceptKeyTi keyCode=82 down=true repeatCount=0 keyguardOn=false mHomePressed=false canceled=false metaState:0
I/        (  245): [BWC INFO](245): get_bwc_mm_property success
D/ActivityThread(11450): BDC-Calling onReceive: intent=Intent { act=android.media.VOLUME_CHANGED_ACTION flg=0x10 cmp=com.android.settings/com.oppo.settings.MediaStreamVolumeDealReciever (has extras) }, ordered=true, receiver=com.oppo.settings.MediaStreamVolumeDealReciever@42886c78
D/ActivityThread(11450): BDC-RECEIVER handled : 0 / ReceiverData{intent=Intent { act=android.media.VOLUME_CHANGED_ACTION flg=0x10 cmp=com.android.settings/com.oppo.settings.MediaStreamVolumeDealReciever (has extras) } packageName=com.android.settings resultCode=-1 resultData=null resultExtras=null}
D/AudioManager( 9136): adjustSuggestedStreamVolume: Direction = 0, streamType = -2147483648
D/WindowManager( 1909): interceptKeyTq: result=1 keycode=82 screenIsOn=true keyguardActive=false policyFlags = #b000000 down =false canceled = false isWakeKey=false mVolumeDownKeyTriggered =false mVolumeUpKeyTriggered =false
D/AudioService( 1909): adjustSuggestedStreamVolume() stream=-2147483648
D/PhoneInterfaceManager( 4362): state = IDLE
D/AudioALSAHardware(  249): +getParameters(), key = GetFmEnable
D/AudioALSAHardware(  249): -getParameters(), return "GetFmEnable=false"
D/BTIF_bt_audio_a2dp_hw(  249): [A2DP_HW] [adev_get_parameters@1362]
I/str_params(  249): key: 'GetFmEnable' value: ''
D/WindowManager( 1909): interceptKeyTi keyCode=82 down=false repeatCount=0 keyguardOn=false mHomePressed=false canceled=false metaState:0
D/AudioService( 1909): isFmOn GetFmEnable=false
V/AudioService( 1909): getActiveStreamType: Forcing STREAM_RING b/c default
D/AudioService( 1909): adjustStreamVolume() stream=2, dir=0
D/AppOps  ( 1909): noteOperation: allowing code 35 uid 10275 package com.sixty.nidoneClient
D/AudioService( 1909): sendVolumeUpdate: StreamType = 2, oldIndex = 4, newIndex = 4
V/ActivityManager( 1909): Broadcast: Intent { act=android.media.VOLUME_CHANGED_ACTION flg=0x10 (has extras) } ordered=false userid=-1 callerApp=ProcessRecord{4272b1e0 1909:system/1000}
W/AudioService( 1909): notifyRingerVolumeChanged falled, because there are no listener!
D/AudioManager( 9136): adjustSuggestedStreamVolume: Direction = 0, streamType = -2147483648
D/AudioService( 1909): adjustSuggestedStreamVolume() stream=-2147483648
D/PhoneInterfaceManager( 4362): state = IDLE
D/AudioALSAHardware(  249): +getParameters(), key = GetFmEnable
D/AudioALSAHardware(  249): -getParameters(), return "GetFmEnable=false"
D/BTIF_bt_audio_a2dp_hw(  249): [A2DP_HW] [adev_get_parameters@1362]
I/str_params(  249): key: 'GetFmEnable' value: ''
D/AudioService( 1909): isFmOn GetFmEnable=false
V/AudioService( 1909): getActiveStreamType: Forcing STREAM_RING b/c default
D/AudioService( 1909): adjustStreamVolume() stream=2, dir=0
D/AppOps  ( 1909): noteOperation: allowing code 35 uid 10275 package com.sixty.nidoneClient
D/AudioService( 1909): sendVolumeUpdate: StreamType = 2, oldIndex = 4, newIndex = 4
V/ActivityManager( 1909): Broadcast: Intent { act=android.media.VOLUME_CHANGED_ACTION flg=0x10 (has extras) } ordered=false userid=-1 callerApp=ProcessRecord{4272b1e0 1909:system/1000}
D/ActivityThread(11450): BDC-Calling onReceive: intent=Intent { act=android.media.VOLUME_CHANGED_ACTION flg=0x10 cmp=com.android.settings/com.oppo.settings.MediaStreamVolumeDealReciever (has extras) }, ordered=true, receiver=com.oppo.settings.MediaStreamVolumeDealReciever@42888f50
D/ActivityThread(11450): BDC-RECEIVER handled : 0 / ReceiverData{intent=Intent { act=android.media.VOLUME_CHANGED_ACTION flg=0x10 cmp=com.android.settings/com.oppo.settings.MediaStreamVolumeDealReciever (has extras) } packageName=com.android.settings resultCode=-1 resultData=null resultExtras=null}
W/AudioService( 1909): notifyRingerVolumeChanged falled, because there are no listener!
D/AudioManager( 9136): adjustSuggestedStreamVolume: Direction = 0, streamType = -2147483648
D/AudioService( 1909): adjustSuggestedStreamVolume() stream=-2147483648
D/PhoneInterfaceManager( 4362): state = IDLE
D/AudioALSAHardware(  249): +getParameters(), key = GetFmEnable
D/AudioALSAHardware(  249): -getParameters(), return "GetFmEnable=false"
