D/BTIF_bt_audio_a2dp_hw(  249): [A2DP_HW] [adev_get_parameters@1362]
I/str_params(  249): key: 'GetFmEnable' value: ''
D/AudioService( 1909): isFmOn GetFmEnable=false
V/AudioService( 1909): getActiveStreamType: Forcing STREAM_RING b/c default
D/AudioService( 1909): adjustStreamVolume() stream=2, dir=0
D/AppOps  ( 1909): noteOperation: allowing code 35 uid 10275 package com.sixty.nidoneClient
D/AudioService( 1909): sendVolumeUpdate: StreamType = 2, oldIndex = 4, newIndex = 4
D/ActivityThread(11450): BDC-Calling onReceive: intent=Intent { act=android.media.VOLUME_CHANGED_ACTION flg=0x10 cmp=com.android.settings/com.oppo.settings.MediaStreamVolumeDealReciever (has extras) }, ordered=true, receiver=com.oppo.settings.MediaStreamVolumeDealReciever@4288b228
V/ActivityManager( 1909): Broadcast: Intent { act=android.media.VOLUME_CHANGED_ACTION flg=0x10 (has extras) } ordered=false userid=-1 callerApp=ProcessRecord{4272b1e0 1909:system/1000}
D/ActivityThread(11450): BDC-RECEIVER handled : 0 / ReceiverData{intent=Intent { act=android.media.VOLUME_CHANGED_ACTION flg=0x10 cmp=com.android.settings/com.oppo.settings.MediaStreamVolumeDealReciever (has extras) } packageName=com.android.settings resultCode=-1 resultData=null resultExtras=null}
W/AudioService( 1909): notifyRingerVolumeChanged falled, because there are no listener!
I/View    ( 9136): Key down dispatch to <url=dist/index.html>;<hashcode=1132546536>, event = KeyEvent { action=ACTION_DOWN, hashcode=android.view.KeyEvent@4374c128, keyCode=KEYCODE_MENU, scanCode=0, metaState=0, flags=0x8, repeatCount=0, eventTime=1008636, downTime=1008636, deviceId=-1, source=0x101 }
I/        (  245): [BWC INFO](245): get_bwc_mm_property success
W/UnimplementedWebViewApi( 9136): Unimplemented WebView method onKeyDown called from: android.webkit.WebView.onKeyDown(WebView.java:2263)
I/BufferQueue(  245): [FrameBufferSurface_0](this:0xb7b2dd48,id:0,api:1,p:245,c:245) queueBuffer: fps=12.91 dur=2245.66 max=1772.91 min=15.57
D/AudioManager( 9136): adjustSuggestedStreamVolume: Direction = 0, streamType = -2147483648
D/AudioService( 1909): adjustSuggestedStreamVolume() stream=-2147483648
D/PhoneInterfaceManager( 4362): state = IDLE
D/ActivityThread(11450): BDC-Calling onReceive: intent=Intent { act=android.media.VOLUME_CHANGED_ACTION flg=0x10 cmp=com.android.settings/com.oppo.settings.MediaStreamVolumeDealReciever (has extras) }, ordered=true, receiver=com.oppo.settings.MediaStreamVolumeDealReciever@4288d500
D/AudioALSAHardware(  249): +getParameters(), key = GetFmEnable
D/AudioALSAHardware(  249): -getParameters(), return "GetFmEnable=false"
D/BTIF_bt_audio_a2dp_hw(  249): [A2DP_HW] [adev_get_parameters@1362]
I/str_params(  249): key: 'GetFmEnable' value: ''
D/ActivityThread(11450): BDC-RECEIVER handled : 0 / ReceiverData{intent=Intent { act=android.media.VOLUME_CHANGED_ACTION flg=0x10 cmp=com.android.settings/com.oppo.settings.MediaStreamVolumeDealReciever (has extras) } packageName=com.android.settings resultCode=-1 resultData=null resultExtras=null}
D/AudioService( 1909): isFmOn GetFmEnable=false
V/AudioService( 1909): getActiveStreamType: Forcing STREAM_RING b/c default
D/AudioService( 1909): adjustStreamVolume() stream=2, dir=0
D/AppOps  ( 1909): noteOperation: allowing code 35 uid 10275 package com.sixty.nidoneClient
D/AudioService( 1909): sendVolumeUpdate: StreamType = 2, oldIndex = 4, newIndex = 4
V/ActivityManager( 1909): Broadcast: Intent { act=android.media.VOLUME_CHANGED_ACTION flg=0x10 (has extras) } ordered=false userid=-1 callerApp=ProcessRecord{4272b1e0 1909:system/1000}
W/AudioService( 1909): notifyRingerVolumeChanged falled, because there are no listener!
V/Provider/Settings( 1909): get setting for user 0 by user 0 so skipping cache
V/Provider/Settings( 1909):  from settings cache , name = haptic_feedback_enabled , value = 0
V/Provider/Settings( 1909): get setting for user -2 by user 0 so skipping cache
V/Provider/Settings( 1909): get setting for user -2 by user 0 so skipping cache
V/Provider/Settings( 1909): from db cache, name = haptic_feedback_enabled , value = 0
I/Provider/Settings( 1909): call-query of user -2 by 0 so not updating cache
D/WindowManager( 1909): interceptKeyTq: result=1 keycode=82 screenIsOn=true keyguardActive=false policyFlags = #b000000 down =true canceled = false isWakeKey=false mVolumeDownKeyTriggered =false mVolumeUpKeyTriggered =false
D/WindowManager( 1909): interceptKeyTi keyCode=82 down=true repeatCount=0 keyguardOn=false mHomePressed=false canceled=false metaState:0
D/AudioManager( 9136): adjustSuggestedStreamVolume: Direction = 0, streamType = -2147483648
D/AudioService( 1909): adjustSuggestedStreamVolume() stream=-2147483648
D/PhoneInterfaceManager( 4362): state = IDLE
D/WindowManager( 1909): interceptKeyTq: result=1 keycode=82 screenIsOn=true keyguardActive=false policyFlags = #b000000 down =false canceled = false isWakeKey=false mVolumeDownKeyTriggered =false mVolumeUpKeyTriggered =false
D/AudioALSAHardware(  249): +getParameters(), key = GetFmEnable
D/AudioALSAHardware(  249): -getParameters(), return "GetFmEnable=false"
D/BTIF_bt_audio_a2dp_hw(  249): [A2DP_HW] [adev_get_parameters@1362]
I/str_params(  249): key: 'GetFmEnable' value: ''
D/AudioService( 1909): isFmOn GetFmEnable=false
V/AudioService( 1909): getActiveStreamType: Forcing STREAM_RING b/c default
D/AudioService( 1909): adjustStreamVolume() stream=2, dir=0
D/AppOps  ( 1909): noteOperation: allowing code 35 uid 10275 package com.sixty.nidoneClient
D/AudioService( 1909): sendVolumeUpdate: StreamType = 2, oldIndex = 4, newIndex = 4
D/WindowManager( 1909): interceptKeyTi keyCode=82 down=false repeatCount=0 keyguardOn=false mHomePressed=false canceled=false metaState:0
V/ActivityManager( 1909): Broadcast: Intent { act=android.media.VOLUME_CHANGED_ACTION flg=0x10 (has extras) } ordered=false userid=-1 callerApp=ProcessRecord{4272b1e0 1909:system/1000}
D/ActivityThread(11450): BDC-Calling onReceive: intent=Intent { act=android.media.VOLUME_CHANGED_ACTION flg=0x10 cmp=com.android.settings/com.oppo.settings.MediaStreamVolumeDealReciever (has extras) }, ordered=true, receiver=com.oppo.settings.MediaStreamVolumeDealReciever@4288f7d8
D/ActivityThread(11450): BDC-RECEIVER handled : 0 / ReceiverData{intent=Intent { act=android.media.VOLUME_CHANGED_ACTION flg=0x10 cmp=com.android.settings/com.oppo.settings.MediaStreamVolumeDealReciever (has extras) } packageName=com.android.settings resultCode=-1 resultData=null resultExtras=null}
W/AudioService( 1909): notifyRingerVolumeChanged falled, because there are no listener!
I/View    ( 9136): Key down dispatch to <url=dist/index.html>;<hashcode=1132546536>, event = KeyEvent { action=ACTION_DOWN, hashcode=android.view.KeyEvent@42c2bf28, keyCode=KEYCODE_MENU, scanCode=0, metaState=0, flags=0x8, repeatCount=0, eventTime=1008663, downTime=1008663, deviceId=-1, source=0x101 }
W/UnimplementedWebViewApi( 9136): Unimplemented WebView method onKeyDown called from: android.webkit.WebView.onKeyDown(WebView.java:2263)
D/AudioManager( 9136): adjustSuggestedStreamVolume: Direction = 0, streamType = -2147483648
D/AudioService( 1909): adjustSuggestedStreamVolume() stream=-2147483648
D/PhoneInterfaceManager( 4362): state = IDLE
D/ActivityThread(11450): BDC-Calling onReceive: intent=Intent { act=android.media.VOLUME_CHANGED_ACTION flg=0x10 cmp=com.android.settings/com.oppo.settings.MediaStreamVolumeDealReciever (has extras) }, ordered=true, receiver=com.oppo.settings.MediaStreamVolumeDealReciever@42891ab0
D/ActivityThread(11450): BDC-RECEIVER handled : 0 / ReceiverData{intent=Intent { act=android.media.VOLUME_CHANGED_ACTION flg=0x10 cmp=com.android.settings/com.oppo.settings.MediaStreamVolumeDealReciever (has extras) } packageName=com.android.settings resultCode=-1 resultData=null resultExtras=null}
D/AudioALSAHardware(  249): +getParameters(), key = GetFmEnable
D/AudioALSAHardware(  249): -getParameters(), return "GetFmEnable=false"
D/BTIF_bt_audio_a2dp_hw(  249): [A2DP_HW] [adev_get_parameters@1362]
I/str_params(  249): key: 'GetFmEnable' value: ''
I/        (  245): [BWC INFO](245): get_bwc_mm_property success
D/AudioService( 1909): isFmOn GetFmEnable=false
V/AudioService( 1909): getActiveStreamType: Forcing STREAM_RING b/c default
D/AudioService( 1909): adjustStreamVolume() stream=2, dir=0
D/AppOps  ( 1909): noteOperation: allowing code 35 uid 10275 package com.sixty.nidoneClient
D/WindowManager( 1909): interceptKeyTq: result=1 keycode=22 screenIsOn=true keyguardActive=false policyFlags = #b000000 down =true canceled = false isWakeKey=false mVolumeDownKeyTriggered =false mVolumeUpKeyTriggered =false
D/AudioService( 1909): sendVolumeUpdate: StreamType = 2, oldIndex = 4, newIndex = 4
D/WindowManager( 1909): interceptKeyTi keyCode=22 down=true repeatCount=0 keyguardOn=false mHomePressed=false canceled=false metaState:0
D/dalvikvm( 1909): GC_CONCURRENT freed 7150K (62751), 44% free 24217K/42544K, paused 7ms+18ms, total 214ms
V/ActivityManager( 1909): Broadcast: Intent { act=android.media.VOLUME_CHANGED_ACTION flg=0x10 (has extras) } ordered=false userid=-1 callerApp=ProcessRecord{4272b1e0 1909:system/1000}
W/AudioService( 1909): notifyRingerVolumeChanged falled, because there are no listener!
D/AudioManager( 9136): adjustSuggestedStreamVolume: Direction = 0, streamType = -2147483648
D/AudioService( 1909): adjustSuggestedStreamVolume() stream=-2147483648
D/PhoneInterfaceManager( 4362): state = IDLE
D/WindowManager( 1909): interceptKeyTq: result=1 keycode=22 screenIsOn=true keyguardActive=false policyFlags = #b000000 down =false canceled = false isWakeKey=false mVolumeDownKeyTriggered =false mVolumeUpKeyTriggered =false
D/AudioALSAHardware(  249): +getParameters(), key = GetFmEnable
D/AudioALSAHardware(  249): -getParameters(), return "GetFmEnable=false"
D/BTIF_bt_audio_a2dp_hw(  249): [A2DP_HW] [adev_get_parameters@1362]
I/str_params(  249): key: 'GetFmEnable' value: ''
D/AudioService( 1909): isFmOn GetFmEnable=false
V/AudioService( 1909): getActiveStreamType: Forcing STREAM_RING b/c default
D/AudioService( 1909): adjustStreamVolume() stream=2, dir=0
D/WindowManager( 1909): interceptKeyTi keyCode=22 down=false repeatCount=0 keyguardOn=false mHomePressed=false canceled=false metaState:0
D/AppOps  ( 1909): noteOperation: allowing code 35 uid 10275 package com.sixty.nidoneClient
D/AudioService( 1909): sendVolumeUpdate: StreamType = 2, oldIndex = 4, newIndex = 4
V/ActivityManager( 1909): Broadcast: Intent { act=android.media.VOLUME_CHANGED_ACTION flg=0x10 (has extras) } ordered=false userid=-1 callerApp=ProcessRecord{4272b1e0 1909:system/1000}
D/ActivityThread(11450): BDC-Calling onReceive: intent=Intent { act=android.media.VOLUME_CHANGED_ACTION flg=0x10 cmp=com.android.settings/com.oppo.settings.MediaStreamVolumeDealReciever (has extras) }, ordered=true, receiver=com.oppo.settings.MediaStreamVolumeDealReciever@42893d88
D/ActivityThread(11450): BDC-RECEIVER handled : 0 / ReceiverData{intent=Intent { act=android.media.VOLUME_CHANGED_ACTION flg=0x10 cmp=com.android.settings/com.oppo.settings.MediaStreamVolumeDealReciever (has extras) } packageName=com.android.settings resultCode=-1 resultData=null resultExtras=null}
W/AudioService( 1909): notifyRingerVolumeChanged falled, because there are no listener!
D/AudioManager( 9136): adjustSuggestedStreamVolume: Direction = 0, streamType = -2147483648
D/AudioService( 1909): adjustSuggestedStreamVolume() stream=-2147483648
D/PhoneInterfaceManager( 4362): state = IDLE
D/ADB_SERVICES( 8271): adb fdevent_process list (21) 
D/ADB_SERVICES( 8271): recv: CNXN 01000000 00001000 0007 host::
D/ADB_SERVICES( 8271): adb: offline
D/ADB_SERVICES( 8271): (null): run_transport_disconnects fd: 24
D/ActivityThread(11450): BDC-Calling onReceive: intent=Intent { act=android.media.VOLUME_CHANGED_ACTION flg=0x10 cmp=com.android.settings/com.oppo.settings.MediaStreamVolumeDealReciever (has extras) }, ordered=true, receiver=com.oppo.settings.MediaStreamVolumeDealReciever@42896060
D/ActivityThread(11450): BDC-RECEIVER handled : 0 / ReceiverData{intent=Intent { act=android.media.VOLUME_CHANGED_ACTION flg=0x10 cmp=com.android.settings/com.oppo.settings.MediaStreamVolumeDealReciever (has extras) } packageName=com.android.settings resultCode=-1 resultData=null resultExtras=null}
D/AudioALSAHardware(  249): +getParameters(), key = GetFmEnable
D/AudioALSAHardware(  249): -getParameters(), return "GetFmEnable=false"
D/BTIF_bt_audio_a2dp_hw(  249): [A2DP_HW] [adev_get_parameters@1362]
I/str_params(  249): key: 'GetFmEnable' value: ''
D/AudioService( 1909): isFmOn GetFmEnable=false
V/AudioService( 1909): getActiveStreamType: Forcing STREAM_RING b/c default
D/AudioService( 1909): adjustStreamVolume() stream=2, dir=0
D/AppOps  ( 1909): noteOperation: allowing code 35 uid 10275 package com.sixty.nidoneClient
D/AudioService( 1909): sendVolumeUpdate: StreamType = 2, oldIndex = 4, newIndex = 4
V/ActivityManager( 1909): Broadcast: Intent { act=android.media.VOLUME_CHANGED_ACTION flg=0x10 (has extras) } ordered=false userid=-1 callerApp=ProcessRecord{4272b1e0 1909:system/1000}
W/AudioService( 1909): notifyRingerVolumeChanged falled, because there are no listener!
D/WindowManager( 1909): interceptKeyTq: result=1 keycode=22 screenIsOn=true keyguardActive=false policyFlags = #b000000 down =true canceled = false isWakeKey=false mVolumeDownKeyTriggered =false mVolumeUpKeyTriggered =false
D/WindowManager( 1909): interceptKeyTi keyCode=22 down=true repeatCount=0 keyguardOn=false mHomePressed=false canceled=false metaState:0
D/WindowManager( 1909): interceptKeyTq: result=1 keycode=22 screenIsOn=true keyguardActive=false policyFlags = #b000000 down =false canceled = false isWakeKey=false mVolumeDownKeyTriggered =false mVolumeUpKeyTriggered =false
I/        (  245): [BWC INFO](245): get_bwc_mm_property success
D/WindowManager( 1909): interceptKeyTi keyCode=22 down=false repeatCount=0 keyguardOn=false mHomePressed=false canceled=false metaState:0
D/ActivityThread(11450): BDC-Calling onReceive: intent=Intent { act=android.media.VOLUME_CHANGED_ACTION flg=0x10 cmp=com.android.settings/com.oppo.settings.MediaStreamVolumeDealReciever (has extras) }, ordered=true, receiver=com.oppo.settings.MediaStreamVolumeDealReciever@42898338
D/ActivityThread(11450): BDC-RECEIVER handled : 0 / ReceiverData{intent=Intent { act=android.media.VOLUME_CHANGED_ACTION flg=0x10 cmp=com.android.settings/com.oppo.settings.MediaStreamVolumeDealReciever (has extras) } packageName=com.android.settings resultCode=-1 resultData=null resultExtras=null}
I/NotificationService( 1909): enqueueToast pkg=com.sixty.nidoneClient callback=android.app.ITransientNotification$Stub$Proxy@439999c8 duration=0
D/AppOps  ( 1909): noteOperation: allowing code 11 uid 10275 package com.sixty.nidoneClient
D/NotificationService( 1909): Show pkg=com.sixty.nidoneClient callback=android.app.ITransientNotification$Stub$Proxy@439999c8
V/ViewRootImpl( 9136): mApplyParallel = false, this = ViewRoot{437b0430 ,ident = 99}
I/        (  245): [BWC INFO](245): get_bwc_mm_property success
D/AudioManager( 9136): adjustSuggestedStreamVolume: Direction = 0, streamType = -2147483648
D/AudioService( 1909): adjustSuggestedStreamVolume() stream=-2147483648
D/PhoneInterfaceManager( 4362): state = IDLE
D/AudioALSAHardware(  249): +getParameters(), key = GetFmEnable
D/AudioALSAHardware(  249): -getParameters(), return "GetFmEnable=false"
D/BTIF_bt_audio_a2dp_hw(  249): [A2DP_HW] [adev_get_parameters@1362]
I/str_params(  249): key: 'GetFmEnable' value: ''
D/AudioService( 1909): isFmOn GetFmEnable=false
V/AudioService( 1909): getActiveStreamType: Forcing STREAM_RING b/c default
D/AudioService( 1909): adjustStreamVolume() stream=2, dir=0
D/AppOps  ( 1909): noteOperation: allowing code 35 uid 10275 package com.sixty.nidoneClient
D/AudioService( 1909): sendVolumeUpdate: StreamType = 2, oldIndex = 4, newIndex = 4
V/ActivityManager( 1909): Broadcast: Intent { act=android.media.VOLUME_CHANGED_ACTION flg=0x10 (has extras) } ordered=false userid=-1 callerApp=ProcessRecord{4272b1e0 1909:system/1000}
W/AudioService( 1909): notifyRingerVolumeChanged falled, because there are no listener!
D/ActivityThread(11450): BDC-Calling onReceive: intent=Intent { act=android.media.VOLUME_CHANGED_ACTION flg=0x10 cmp=com.android.settings/com.oppo.settings.MediaStreamVolumeDealReciever (has extras) }, ordered=true, receiver=com.oppo.settings.MediaStreamVolumeDealReciever@4289a610
D/ActivityThread(11450): BDC-RECEIVER handled : 0 / ReceiverData{intent=Intent { act=android.media.VOLUME_CHANGED_ACTION flg=0x10 cmp=com.android.settings/com.oppo.settings.MediaStreamVolumeDealReciever (has extras) } packageName=com.android.settings resultCode=-1 resultData=null resultExtras=null}
I/        (  245): [BWC INFO](245): get_bwc_mm_property success
I/BufferQueue(  245): [unnamed-245-361](this:0xb7b66d20,id:361,api:0,p:-1,c:-1) BufferQueue queue=(245:/system/bin/surfaceflinger)
I/BufferQueue(  245): [unnamed-245-361](this:0xb7b66d20,id:361,api:0,p:-1,c:245) consumerConnect consumer=(245:/system/bin/surfaceflinger) controlledByApp=false
I/BufferQueue(  245): [unnamed-245-361](this:0xb7b66d20,id:361,api:0,p:-1,c:245) setConsumerName: unnamed-245-361
I/BufferQueue(  245): [Toast](this:0xb7b66d20,id:361,api:0,p:-1,c:245) setConsumerName: Toast
I/BufferQueue(  245): [Toast](this:0xb7b66d20,id:361,api:0,p:-1,c:245) setDefaultBufferSize: w=1, h=1
D/WindowManager( 1909): interceptKeyTq: result=1 keycode=60 screenIsOn=true keyguardActive=false policyFlags = #b000000 down =true canceled = false isWakeKey=false mVolumeDownKeyTriggered =false mVolumeUpKeyTriggered =false
D/WindowManager( 1909): interceptKeyTi keyCode=60 down=true repeatCount=0 keyguardOn=false mHomePressed=false canceled=false metaState:0
I/BufferQueue(  245): [Toast](this:0xb7b66d20,id:361,api:0,p:-1,c:245) setDefaultBufferSize: w=508, h=130
I/        (  245): [BWC INFO](245): get_bwc_mm_property success
D/WindowManager( 1909): interceptKeyTq: result=1 keycode=60 screenIsOn=true keyguardActive=false policyFlags = #b000000 down =false canceled = false isWakeKey=false mVolumeDownKeyTriggered =false mVolumeUpKeyTriggered =false
I/chromium( 9136): [INFO:resource_provider.cc(1770)] [StartRaster] allocated=[1] image_id=[490] buffer=[0x851a0000] stride=[1536]
D/WindowManager( 1909): interceptKeyTi keyCode=60 down=false repeatCount=0 keyguardOn=false mHomePressed=false canceled=false metaState:0
I/chromium( 9136): [INFO:image_raster_worker_pool.cc(75)] [RunOnWorkerThread] --------------
I/chromium( 9136): [INFO:resource_provider.cc(1770)] [StartRaster] allocated=[1] image_id=[616] buffer=[0x82600000] stride=[1536]
I/chromium( 9136): [INFO:image_raster_worker_pool.cc(75)] [RunOnWorkerThread] --------------
I/chromium( 9136): [INFO:resource_provider.cc(1770)] [StartRaster] allocated=[1] image_id=[598] buffer=[0x7f75b000] stride=[256]
I/chromium( 9136): [INFO:image_raster_worker_pool.cc(75)] [RunOnWorkerThread] --------------
I/chromium( 9136): [INFO:resource_provider.cc(1770)] [StartRaster] allocated=[1] image_id=[556] buffer=[0x85fc2000] stride=[1536]
I/chromium( 9136): [INFO:image_raster_worker_pool.cc(75)] [RunOnWorkerThread] --------------
I/chromium( 9136): [INFO:resource_provider.cc(1770)] [StartRaster] allocated=[1] image_id=[475] buffer=[0x82340000] stride=[1536]
I/chromium( 9136): [INFO:image_raster_worker_pool.cc(75)] [RunOnWorkerThread] --------------
I/chromium( 9136): [INFO:resource_provider.cc(1770)] [StartRaster] allocated=[1] image_id=[533] buffer=[0x89018000] stride=[1536]
I/chromium( 9136): [INFO:image_raster_worker_pool.cc(75)] [RunOnWorkerThread] --------------
I/        (  245): [BWC INFO](245): get_bwc_mm_property success
I/[MALI][Gralloc]( 9136): [MTK]GRALLOC enter alloc_device_alloc()! pHandle=0x0x83b2aec4
I/[MALI][Gralloc]( 9136): usage: 0x133, format: 0x1 stride: 384 vertical_stride: 384 size: 589824
I/[MALI][Gralloc]( 9136): [MTK]GRALLOC ready to go ion alloc arrrrrrrrr!!!! pHandle=0x0x83b2aec4
D/GraphicBuffer( 9136): alloc, handle(0x7f03fdd0) (w:384 h:384 s:384 f:0x1 u:0x000133) err(0)
I/chromium( 9136): [INFO:resource_provider.cc(1770)] [StartRaster] allocated=[1] image_id=[624] buffer=[0x813e2000] stride=[1536]
I/chromium( 9136): [INFO:image_raster_worker_pool.cc(75)] [RunOnWorkerThread] --------------
I/chromium( 9136): [INFO:resource_provider.cc(1770)] [StartRaster] allocated=[1] image_id=[530] buffer=[0x88e68000] stride=[1536]
I/chromium( 9136): [INFO:image_raster_worker_pool.cc(75)] [RunOnWorkerThread] --------------
I/chromium( 9136): [INFO:resource_provider.cc(1770)] [StartRaster] allocated=[1] image_id=[563] buffer=[0x89e0e000] stride=[1536]
I/BufferQueue(  245): [Toast](this:0xb7b66d20,id:361,api:2,p:9136,c:245) connect: api=2 producer=(9136:com.sixty.nidoneClient) producerControlledByApp=true
I/BufferQueue(  245): [Toast](this:0xb7b66d20,id:361,api:2,p:9136,c:245) new GraphicBuffer needed
I/[MALI][Gralloc](  245): [MTK]GRALLOC enter alloc_device_alloc()! pHandle=0x0xb7bc72e4
I/[MALI][Gralloc](  245): usage: 0x933, format: 0x1 stride: 512 vertical_stride: 130 size: 266240
I/[MALI][Gralloc](  245): [MTK]GRALLOC ready to go ion alloc arrrrrrrrr!!!! pHandle=0x0xb7bc72e4
D/GraphicBuffer(  245): alloc, handle(0xb7bf0690) (w:508 h:130 s:512 f:0x1 u:0x000933) err(0)
W/GraphicBufferExtra_hal(  245): gralloc extra device setBufInfo(...) is not supported
I/chromium( 9136): [INFO:image_raster_worker_pool.cc(75)] [RunOnWorkerThread] --------------
I/chromium( 9136): [INFO:resource_provider.cc(1770)] [StartRaster] allocated=[1] image_id=[498] buffer=[0x86590000] stride=[1536]
D/GraphicBuffer( 9136): register, handle(0x853429d8) (w:508 h:130 s:512 f:0x1 u:0x000933)
I/chromium( 9136): [INFO:image_raster_worker_pool.cc(75)] [RunOnWorkerThread] --------------
I/chromium( 9136): [INFO:resource_provider.cc(1770)] [StartRaster] allocated=[1] image_id=[503] buffer=[0x870ab000] stride=[1536]
I/chromium( 9136): [INFO:image_raster_worker_pool.cc(75)] [RunOnWorkerThread] --------------
I/[MALI][Gralloc]( 9136): [MTK]GRALLOC enter alloc_device_alloc()! pHandle=0x0x83bfb9f4
I/[MALI][Gralloc]( 9136): usage: 0x133, format: 0x1 stride: 384 vertical_stride: 384 size: 589824
I/[MALI][Gralloc]( 9136): [MTK]GRALLOC ready to go ion alloc arrrrrrrrr!!!! pHandle=0x0x83bfb9f4
D/GraphicBuffer( 9136): alloc, handle(0x846bea10) (w:384 h:384 s:384 f:0x1 u:0x000133) err(0)
I/chromium( 9136): [INFO:resource_provider.cc(1770)] [StartRaster] allocated=[1] image_id=[625] buffer=[0x82460000] stride=[1536]
I/chromium( 9136): [INFO:gpu_control_service.cc(81)] [GpuControlService::RegisterGpuBuffer] [9136] id=[624]
I/chromium( 9136): [INFO:gpu_control_service.cc(81)] [GpuControlService::RegisterGpuBuffer] [9136] id=[625]
I/chromium( 9136): [INFO:image_raster_worker_pool.cc(75)] [RunOnWorkerThread] --------------
I/chromium( 9136): [INFO:resource_provider.cc(1770)] [StartRaster] allocated=[1] image_id=[555] buffer=[0x85f32000] stride=[1536]
D/WindowManager( 1909): interceptKeyTq: result=1 keycode=19 screenIsOn=true keyguardActive=false policyFlags = #b000000 down =true canceled = false isWakeKey=false mVolumeDownKeyTriggered =false mVolumeUpKeyTriggered =false
D/WindowManager( 1909): interceptKeyTi keyCode=19 down=true repeatCount=0 keyguardOn=false mHomePressed=false canceled=false metaState:0
I/chromium( 9136): [INFO:image_raster_worker_pool.cc(75)] [RunOnWorkerThread] --------------
I/[MALI][Gralloc]( 9136): [MTK]GRALLOC enter alloc_device_alloc()! pHandle=0x0x876809cc
I/[MALI][Gralloc]( 9136): usage: 0x133, format: 0x1 stride: 384 vertical_stride: 384 size: 589824
I/[MALI][Gralloc]( 9136): [MTK]GRALLOC ready to go ion alloc arrrrrrrrr!!!! pHandle=0x0x876809cc
D/GraphicBuffer( 9136): alloc, handle(0x81ec5688) (w:384 h:384 s:384 f:0x1 u:0x000133) err(0)
I/chromium( 9136): [INFO:resource_provider.cc(1770)] [StartRaster] allocated=[1] image_id=[626] buffer=[0x838f1000] stride=[1536]
I/chromium( 9136): [INFO:image_raster_worker_pool.cc(75)] [RunOnWorkerThread] --------------
I/chromium( 9136): [INFO:gpu_control_service.cc(81)] [GpuControlService::RegisterGpuBuffer] [9136] id=[626]
I/chromium( 9136): [INFO:resource_provider.cc(1770)] [StartRaster] allocated=[1] image_id=[476] buffer=[0x82ef8000] stride=[1536]
I/chromium( 9136): [INFO:image_raster_worker_pool.cc(75)] [RunOnWorkerThread] --------------
I/chromium( 9136): [INFO:resource_provider.cc(1770)] [StartRaster] allocated=[1] image_id=[546] buffer=[0x85a22000] stride=[1536]
I/chromium( 9136): [INFO:image_raster_worker_pool.cc(75)] [RunOnWorkerThread] --------------
I/        (  245): [BWC INFO](245): get_bwc_mm_property success
I/chromium( 9136): [INFO:resource_provider.cc(1770)] [StartRaster] allocated=[1] image_id=[534] buffer=[0x8947a000] stride=[1536]
I/chromium( 9136): [INFO:image_raster_worker_pool.cc(75)] [RunOnWorkerThread] --------------
I/chromium( 9136): [INFO:resource_provider.cc(1770)] [StartRaster] allocated=[1] image_id=[520] buffer=[0x88b98000] stride=[1536]
I/chromium( 9136): [INFO:image_raster_worker_pool.cc(75)] [RunOnWorkerThread] --------------
I/chromium( 9136): [INFO:resource_provider.cc(1770)] [StartRaster] allocated=[1] image_id=[479] buffer=[0x83c00000] stride=[1536]
I/chromium( 9136): [INFO:image_raster_worker_pool.cc(75)] [RunOnWorkerThread] --------------
D/WindowManager( 1909): interceptKeyTq: result=1 keycode=19 screenIsOn=true keyguardActive=false policyFlags = #b000000 down =false canceled = false isWakeKey=false mVolumeDownKeyTriggered =false mVolumeUpKeyTriggered =false
D/ADB_SERVICES( 8271): adb: online
D/ADB_SERVICES( 8271): Calling send_connect 
D/WindowManager( 1909): interceptKeyTi keyCode=19 down=false repeatCount=0 keyguardOn=false mHomePressed=false canceled=false metaState:0
I/[MALI][Gralloc]( 9136): [MTK]GRALLOC enter alloc_device_alloc()! pHandle=0x0x849ceaf4
I/[MALI][Gralloc]( 9136): usage: 0x133, format: 0x1 stride: 64 vertical_stride: 512 size: 131072
I/[MALI][Gralloc]( 9136): [MTK]GRALLOC ready to go ion alloc arrrrrrrrr!!!! pHandle=0x0x849ceaf4
D/GraphicBuffer( 9136): alloc, handle(0x81ea9d18) (w:64 h:512 s:64 f:0x1 u:0x000133) err(0)
I/chromium( 9136): [INFO:resource_provider.cc(1770)] [StartRaster] allocated=[1] image_id=[627] buffer=[0x81204000] stride=[256]
I/chromium( 9136): [INFO:image_raster_worker_pool.cc(75)] [RunOnWorkerThread] --------------
I/chromium( 9136): [INFO:resource_provider.cc(1770)] [StartRaster] allocated=[1] image_id=[536] buffer=[0x8959a000] stride=[1536]
I/chromium( 9136): [INFO:image_raster_worker_pool.cc(75)] [RunOnWorkerThread] --------------
I/chromium( 9136): [INFO:resource_provider.cc(1770)] [StartRaster] allocated=[1] image_id=[618] buffer=[0x83db3000] stride=[1536]
I/chromium( 9136): [INFO:image_raster_worker_pool.cc(75)] [RunOnWorkerThread] --------------
I/chromium( 9136): [INFO:resource_provider.cc(1770)] [StartRaster] allocated=[1] image_id=[473] buffer=[0x82220000] stride=[1536]
I/chromium( 9136): [INFO:image_raster_worker_pool.cc(75)] [RunOnWorkerThread] --------------
I/chromium( 9136): [INFO:resource_provider.cc(1770)] [StartRaster] allocated=[1] image_id=[545] buffer=[0x89bce000] stride=[1536]
I/chromium( 9136): [INFO:image_raster_worker_pool.cc(75)] [RunOnWorkerThread] --------------
I/chromium( 9136): [INFO:resource_provider.cc(1770)] [StartRaster] allocated=[1] image_id=[523] buffer=[0x88d48000] stride=[1536]
I/chromium( 9136): [INFO:image_raster_worker_pool.cc(75)] [RunOnWorkerThread] --------------
I/chromium( 9136): [INFO:resource_provider.cc(1770)] [StartRaster] allocated=[1] image_id=[554] buffer=[0x85ea2000] stride=[1536]
I/chromium( 9136): [INFO:image_raster_worker_pool.cc(75)] [RunOnWorkerThread] --------------
I/chromium( 9136): [INFO:resource_provider.cc(1770)] [StartRaster] allocated=[1] image_id=[483] buffer=[0x83f37000] stride=[1536]
I/        (  245): [BWC INFO](245): get_bwc_mm_property success
I/chromium( 9136): [INFO:image_raster_worker_pool.cc(75)] [RunOnWorkerThread] --------------
I/chromium( 9136): [INFO:resource_provider.cc(1770)] [StartRaster] allocated=[1] image_id=[468] buffer=[0x81863000] stride=[1536]
I/chromium( 9136): [INFO:image_raster_worker_pool.cc(75)] [RunOnWorkerThread] --------------
I/chromium( 9136): [INFO:resource_provider.cc(1770)] [StartRaster] allocated=[1] image_id=[544] buffer=[0x89b3e000] stride=[1536]
I/chromium( 9136): [INFO:image_raster_worker_pool.cc(75)] [RunOnWorkerThread] --------------
I/[MALI][Gralloc]( 9136): [MTK]GRALLOC enter alloc_device_alloc()! pHandle=0x0x8539c77c
I/[MALI][Gralloc]( 9136): usage: 0x133, format: 0x1 stride: 64 vertical_stride: 512 size: 131072
I/[MALI][Gralloc]( 9136): [MTK]GRALLOC ready to go ion alloc arrrrrrrrr!!!! pHandle=0x0x8539c77c
D/GraphicBuffer( 9136): alloc, handle(0x8440dac0) (w:64 h:512 s:64 f:0x1 u:0x000133) err(0)
I/chromium( 9136): [INFO:resource_provider.cc(1770)] [StartRaster] allocated=[1] image_id=[628] buffer=[0x8139b000] stride=[256]
I/chromium( 9136): [INFO:image_raster_worker_pool.cc(75)] [RunOnWorkerThread] --------------
I/chromium( 9136): [INFO:gpu_control_service.cc(81)] [GpuControlService::RegisterGpuBuffer] [9136] id=[627]
I/chromium( 9136): [INFO:gpu_control_service.cc(81)] [GpuControlService::RegisterGpuBuffer] [9136] id=[628]
D/GraphicBuffer( 9136): free, handle(0x7fff27d0) (w:384 h:384 s:384 f:0x1 u:0x000133)
D/GraphicBuffer( 9136): free, handle(0x84559518) (w:384 h:384 s:384 f:0x1 u:0x000133)
I/chromium( 9136): [INFO:resource_provider.cc(1770)] [StartRaster] allocated=[1] image_id=[598] buffer=[0x7f75b000] stride=[256]
I/chromium( 9136): [INFO:image_raster_worker_pool.cc(75)] [RunOnWorkerThread] --------------
I/[MALI][Gralloc]( 9136): [MTK]GRALLOC enter alloc_device_alloc()! pHandle=0x0x845fb7e4
I/[MALI][Gralloc]( 9136): usage: 0x133, format: 0x1 stride: 320 vertical_stride: 256 size: 327680
I/[MALI][Gralloc]( 9136): [MTK]GRALLOC ready to go ion alloc arrrrrrrrr!!!! pHandle=0x0x845fb7e4
D/GraphicBuffer( 9136): alloc, handle(0x84559518) (w:320 h:256 s:320 f:0x1 u:0x000133) err(0)
I/chromium( 9136): [INFO:resource_provider.cc(1770)] [StartRaster] allocated=[1] image_id=[629] buffer=[0x819c0000] stride=[1280]
I/BufferQueue(  245): [com.sixty.nidoneClient/com.sixty.nidoneClient.view.activity.SDK_WebApp](this:0xb7b770a8,id:299,api:1,p:9136,c:245) queueBuffer: fps=43.97 dur=1250.76 max=260.27 min=7.23
I/chromium( 9136): [INFO:image_raster_worker_pool.cc(75)] [RunOnWorkerThread] --------------
I/[MALI][Gralloc]( 9136): [MTK]GRALLOC enter alloc_device_alloc()! pHandle=0x0x843eebac
I/[MALI][Gralloc]( 9136): usage: 0x133, format: 0x1 stride: 320 vertical_stride: 256 size: 327680
I/[MALI][Gralloc]( 9136): [MTK]GRALLOC ready to go ion alloc arrrrrrrrr!!!! pHandle=0x0x843eebac
D/GraphicBuffer( 9136): alloc, handle(0x85232f98) (w:320 h:256 s:320 f:0x1 u:0x000133) err(0)
I/chromium( 9136): [INFO:resource_provider.cc(1770)] [StartRaster] allocated=[1] image_id=[630] buffer=[0x81f08000] stride=[1280]
I/chromium( 9136): [INFO:gpu_control_service.cc(81)] [GpuControlService::RegisterGpuBuffer] [9136] id=[629]
I/chromium( 9136): [INFO:gpu_control_service.cc(81)] [GpuControlService::RegisterGpuBuffer] [9136] id=[630]
I/chromium( 9136): [INFO:image_raster_worker_pool.cc(75)] [RunOnWorkerThread] --------------
I/[MALI][Gralloc]( 9136): [MTK]GRALLOC enter alloc_device_alloc()! pHandle=0x0x7f36aef4
I/[MALI][Gralloc]( 9136): usage: 0x133, format: 0x1 stride: 320 vertical_stride: 256 size: 327680
I/[MALI][Gralloc]( 9136): [MTK]GRALLOC ready to go ion alloc arrrrrrrrr!!!! pHandle=0x0x7f36aef4
D/GraphicBuffer( 9136): alloc, handle(0x7f7862f0) (w:320 h:256 s:320 f:0x1 u:0x000133) err(0)
I/chromium( 9136): [INFO:resource_provider.cc(1770)] [StartRaster] allocated=[1] image_id=[631] buffer=[0x82690000] stride=[1280]
I/chromium( 9136): [INFO:image_raster_worker_pool.cc(75)] [RunOnWorkerThread] --------------
I/chromium( 9136): [INFO:gpu_control_service.cc(81)] [GpuControlService::RegisterGpuBuffer] [9136] id=[631]
I/        (  245): [BWC INFO](245): get_bwc_mm_property success
I/BufferQueue(  245): [InputMethod](this:0xb7b9c290,id:359,api:2,p:4280,c:245) new GraphicBuffer needed
I/[MALI][Gralloc](  245): [MTK]GRALLOC enter alloc_device_alloc()! pHandle=0x0xb7c37354
I/[MALI][Gralloc](  245): usage: 0x933, format: 0x1 stride: 1088 vertical_stride: 985 size: 4286720
I/[MALI][Gralloc](  245): [MTK]GRALLOC ready to go ion alloc arrrrrrrrr!!!! pHandle=0x0xb7c37354
D/GraphicBuffer(  245): alloc, handle(0xb7ba3110) (w:1080 h:985 s:1088 f:0x1 u:0x000933) err(0)
W/GraphicBufferExtra_hal(  245): gralloc extra device setBufInfo(...) is not supported
D/GraphicBuffer( 4280): register, handle(0x79fae768) (w:1080 h:985 s:1088 f:0x1 u:0x000933)
I/        (  245): [BWC INFO](245): get_bwc_mm_property success
I/        (  245): [BWC INFO](245): get_bwc_mm_property success
D/WindowManager( 1909): interceptKeyTq: result=1 keycode=21 screenIsOn=true keyguardActive=false policyFlags = #b000000 down =true canceled = false isWakeKey=false mVolumeDownKeyTriggered =false mVolumeUpKeyTriggered =false
V/Provider/Settings( 1909): get setting for user 0 by user 0 so skipping cache
V/Provider/Settings( 1909):  from settings cache , name = enabled_input_methods , value = com.sohu.inputmethod.sogouoem/.SogouIME
V/Provider/Settings( 1909): get setting for user 0 by user 0 so skipping cache
V/Provider/Settings( 1909):  from settings cache , name = enabled_input_methods , value = com.sohu.inputmethod.sogouoem/.SogouIME
D/WindowManager( 1909): interceptKeyTi keyCode=21 down=true repeatCount=0 keyguardOn=false mHomePressed=false canceled=false metaState:0
D/WindowManager( 1909): interceptKeyTq: result=1 keycode=21 screenIsOn=true keyguardActive=false policyFlags = #b000000 down =false canceled = false isWakeKey=false mVolumeDownKeyTriggered =false mVolumeUpKeyTriggered =false
D/WindowManager( 1909): interceptKeyTi keyCode=21 down=false repeatCount=0 keyguardOn=false mHomePressed=false canceled=false metaState:0
I/        (  245): [BWC INFO](245): get_bwc_mm_property success
D/WindowManager( 1909): interceptKeyTq: result=1 keycode=22 screenIsOn=true keyguardActive=false policyFlags = #b000000 down =true canceled = false isWakeKey=false mVolumeDownKeyTriggered =false mVolumeUpKeyTriggered =false
D/WindowManager( 1909): interceptKeyTi keyCode=22 down=true repeatCount=0 keyguardOn=false mHomePressed=false canceled=false metaState:0
D/WindowManager( 1909): interceptKeyTq: result=1 keycode=22 screenIsOn=true keyguardActive=false policyFlags = #b000000 down =false canceled = false isWakeKey=false mVolumeDownKeyTriggered =false mVolumeUpKeyTriggered =false
D/WindowManager( 1909): interceptKeyTi keyCode=22 down=false repeatCount=0 keyguardOn=false mHomePressed=false canceled=false metaState:0
D/WindowManager( 1909): interceptKeyTq: result=1 keycode=27 screenIsOn=true keyguardActive=false policyFlags = #b000000 down =true canceled = false isWakeKey=false mVolumeDownKeyTriggered =false mVolumeUpKeyTriggered =false
D/WindowManager( 1909): interceptKeyTi keyCode=27 down=true repeatCount=0 keyguardOn=false mHomePressed=false canceled=false metaState:0
I/View    ( 9136): Key down dispatch to <url=dist/index.html>;<hashcode=1132546536>, event = KeyEvent { action=ACTION_DOWN, hashcode=android.view.KeyEvent@42b3f358, keyCode=KEYCODE_CAMERA, scanCode=0, metaState=0, flags=0x8, repeatCount=0, eventTime=1008902, downTime=1008902, deviceId=-1, source=0x101 }
D/WindowManager( 1909): interceptKeyTq: result=1 keycode=27 screenIsOn=true keyguardActive=false policyFlags = #b000000 down =false canceled = false isWakeKey=false mVolumeDownKeyTriggered =false mVolumeUpKeyTriggered =false
W/UnimplementedWebViewApi( 9136): Unimplemented WebView method onKeyDown called from: android.webkit.WebView.onKeyDown(WebView.java:2263)
D/WindowManager( 1909): interceptKeyTi keyCode=27 down=false repeatCount=0 keyguardOn=false mHomePressed=false canceled=false metaState:0
I/        (  245): [BWC INFO](245): get_bwc_mm_property success
D/WindowManager( 1909): interceptKeyTq: result=1 keycode=99 screenIsOn=true keyguardActive=false policyFlags = #b000000 down =true canceled = false isWakeKey=false mVolumeDownKeyTriggered =false mVolumeUpKeyTriggered =false
D/WindowManager( 1909): interceptKeyTi keyCode=99 down=true repeatCount=0 keyguardOn=false mHomePressed=false canceled=false metaState:0
D/WindowManager( 1909): interceptKeyTq: result=1 keycode=99 screenIsOn=true keyguardActive=false policyFlags = #b000000 down =false canceled = false isWakeKey=false mVolumeDownKeyTriggered =false mVolumeUpKeyTriggered =false
D/WindowManager( 1909): interceptKeyTi keyCode=99 down=false repeatCount=0 keyguardOn=false mHomePressed=false canceled=false metaState:0
I/        (  245): [BWC INFO](245): get_bwc_mm_property success
D/WindowManager( 1909): interceptKeyTq: result=1 keycode=19 screenIsOn=true keyguardActive=false policyFlags = #b000000 down =true canceled = false isWakeKey=false mVolumeDownKeyTriggered =false mVolumeUpKeyTriggered =false
D/WindowManager( 1909): interceptKeyTi keyCode=19 down=true repeatCount=0 keyguardOn=false mHomePressed=false canceled=false metaState:0
I/NotificationService( 1909): enqueueToast pkg=com.sixty.nidoneClient callback=android.app.ITransientNotification$Stub$Proxy@4329c0b8 duration=0
D/AppOps  ( 1909): noteOperation: allowing code 11 uid 10275 package com.sixty.nidoneClient
I/        (  245): [BWC INFO](245): get_bwc_mm_property success
D/NotificationService( 1909): Show pkg=com.sixty.nidoneClient callback=android.app.ITransientNotification$Stub$Proxy@4329c0b8
V/ViewRootImpl( 9136): mApplyParallel = false, this = ViewRoot{437640f0 ,ident = 100}
I/BufferQueue(  245): [Toast](this:0xb7b66d20,id:361,api:2,p:-1,c:245) disconnect: api=2
I/BufferQueue(  245): [Toast](this:0xb7b66d20,id:361,api:2,p:-1,c:245) getReleasedBuffers: returning mask 0xffffffff
D/GraphicBuffer( 9136): unregister, handle(0x853429d8) (w:508 h:130 s:512 f:0x1 u:0x000933)
I/BufferQueue(  245): [unnamed-245-362](this:0xb7befce8,id:362,api:0,p:-1,c:-1) BufferQueue queue=(245:/system/bin/surfaceflinger)
I/BufferQueue(  245): [unnamed-245-362](this:0xb7befce8,id:362,api:0,p:-1,c:245) consumerConnect consumer=(245:/system/bin/surfaceflinger) controlledByApp=false
I/BufferQueue(  245): [unnamed-245-362](this:0xb7befce8,id:362,api:0,p:-1,c:245) setConsumerName: unnamed-245-362
I/BufferQueue(  245): [Toast](this:0xb7befce8,id:362,api:0,p:-1,c:245) setConsumerName: Toast
I/BufferQueue(  245): [Toast](this:0xb7befce8,id:362,api:0,p:-1,c:245) setDefaultBufferSize: w=1, h=1
I/BufferQueue(  245): [Toast](this:0xb7befce8,id:362,api:0,p:-1,c:245) setDefaultBufferSize: w=508, h=130
D/Provider/Settings( 1909): put string name = volume_ring_speaker , value = 4 userHandle = -2
D/AppOps  ( 1909): noteOperation: allowing code 23 uid 1000 package android
I/        (  245): [BWC INFO](245): get_bwc_mm_property success
D/WindowManager( 1909): interceptKeyTq: result=1 keycode=19 screenIsOn=true keyguardActive=false policyFlags = #b000000 down =false canceled = false isWakeKey=false mVolumeDownKeyTriggered =false mVolumeUpKeyTriggered =false
D/WindowManager( 1909): interceptKeyTi keyCode=19 down=false repeatCount=0 keyguardOn=false mHomePressed=false canceled=false metaState:0
I/BufferQueue(  245): [Toast](this:0xb7befce8,id:362,api:2,p:9136,c:245) connect: api=2 producer=(9136:com.sixty.nidoneClient) producerControlledByApp=true
I/BufferQueue(  245): [Toast](this:0xb7befce8,id:362,api:2,p:9136,c:245) new GraphicBuffer needed
I/[MALI][Gralloc](  245): [MTK]GRALLOC enter alloc_device_alloc()! pHandle=0x0xb7b77bac
I/[MALI][Gralloc](  245): usage: 0x933, format: 0x1 stride: 512 vertical_stride: 130 size: 266240
I/[MALI][Gralloc](  245): [MTK]GRALLOC ready to go ion alloc arrrrrrrrr!!!! pHandle=0x0xb7b77bac
D/GraphicBuffer(  245): alloc, handle(0xb7be0738) (w:508 h:130 s:512 f:0x1 u:0x000933) err(0)
W/GraphicBufferExtra_hal(  245): gralloc extra device setBufInfo(...) is not supported
D/GraphicBuffer( 9136): register, handle(0x7f598200) (w:508 h:130 s:512 f:0x1 u:0x000933)
I/        (  245): [BWC INFO](245): get_bwc_mm_property success
I/        (  245): [BWC INFO](245): get_bwc_mm_property success
I/        (  245): [BWC INFO](245): get_bwc_mm_property success
I/        (  245): [BWC INFO](245): get_bwc_mm_property success
I/BufferQueue(  245): [Volume control](this:0xb7b684e0,id:360,api:2,p:-1,c:245) disconnect: api=2
I/BufferQueue(  245): [Volume control](this:0xb7b684e0,id:360,api:2,p:-1,c:245) getReleasedBuffers: returning mask 0xffffffff
D/GraphicBuffer( 1909): unregister, handle(0x7e187c40) (w:460 h:631 s:464 f:0x1 u:0x000933)
I/BufferQueue(  245): [Volume control](this:0xb7b684e0,id:360,api:2,p:-1,c:-1) consumerDisconnect
I/BufferQueue(  245): [Volume control](this:0xb7b684e0,id:360,api:2,p:-1,c:-1) ~BufferQueue
D/GraphicBuffer(  245): free, handle(0xb7b72af0) (w:460 h:631 s:464 f:0x1 u:0x000933)
I/        (  245): [BWC INFO](245): get_bwc_mm_property success
D/WifiStateMachine( 1909): ConnectedState{ when=-2ms what=131155 arg1=11 target=com.android.internal.util.StateMachine$SmHandler target=Handler (com.android.internal.util.StateMachine$SmHandler) {43155f58} }
D/WifiStateMachine( 1909): L2ConnectedState{ when=-2ms what=131155 arg1=11 target=com.android.internal.util.StateMachine$SmHandler target=Handler (com.android.internal.util.StateMachine$SmHandler) {43155f58} }
D/WifiHW  ( 1909): enter -->wifi_send_command cmd=IFNAME=wlan0 SIGNAL_POLL
D/wpa_supplicant( 4185): RX ctrl_iface - hexdump(len=11): 53 49 47 4e 41 4c 5f 50 4f 4c 4c
D/wpa_supplicant( 4185): wlan0: Control interface command 'SIGNAL_POLL'
D/WindowManager( 1909): interceptKeyTq: result=1 keycode=23 screenIsOn=true keyguardActive=false policyFlags = #b000000 down =true canceled = false isWakeKey=false mVolumeDownKeyTriggered =false mVolumeUpKeyTriggered =false
D/WindowManager( 1909): interceptKeyTi keyCode=23 down=true repeatCount=0 keyguardOn=false mHomePressed=false canceled=false metaState:0
D/WindowManager( 1909): interceptKeyTq: result=1 keycode=23 screenIsOn=true keyguardActive=false policyFlags = #b000000 down =false canceled = false isWakeKey=false mVolumeDownKeyTriggered =false mVolumeUpKeyTriggered =false
D/WindowManager( 1909): interceptKeyTi keyCode=23 down=false repeatCount=0 keyguardOn=false mHomePressed=false canceled=false metaState:0
I/        (  245): [BWC INFO](245): get_bwc_mm_property success
D/wpa_supplicant( 4185): nl80211: survey data missing!
D/wpa_supplicant( 4185): signal poll, reply_len=48
D/wpa_ctrl( 1909): reply_len=4095
D/WifiHW  ( 1909): leave --> reply=RSSI=-40
D/WifiHW  ( 1909): LINKSPEED=65
D/WifiHW  ( 1909): NOISE=9999
D/WifiHW  ( 1909): FREQUENCY=2412
D/WifiHW  ( 1909): 
D/wifi    ( 1909): doStringCommand, buf IFNAME=wlan0 SIGNAL_POLL
I/WifiStateMachine( 1909): fetchRssiAndLinkSpeedNative, newRssi:-40, newLinkSpeed:65, SSID:"60_dev_01"
D/WifiStateMachine( 1909): mRssiArray[0] = -41
D/WifiStateMachine( 1909): mRssiArray[1] = -43
D/WifiStateMachine( 1909): mRssiArray[2] = -43
D/WifiStateMachine( 1909): mRssiArray[3] = -40
D/WifiStateMachine( 1909): mRssiArray[4] = -40
D/WifiStateMachine( 1909): GetFilterRssi is : -40
D/WifiStateMachine( 1909): mLastSignalLevel:4, newSignalLevel:4
D/WifiStateMachine( 1909): fetchRssiAndLinkSpeedNative, ipAddr:-1711271764
I/        (  245): [BWC INFO](245): get_bwc_mm_property success
I/        (  245): [BWC INFO](245): get_bwc_mm_property success
I/        (  245): [BWC INFO](245): get_bwc_mm_property success
I/        (  245): [BWC INFO](245): get_bwc_mm_property success
D/WindowManager( 1909): interceptKeyTq: result=1 keycode=20 screenIsOn=true keyguardActive=false policyFlags = #b000000 down =true canceled = false isWakeKey=false mVolumeDownKeyTriggered =false mVolumeUpKeyTriggered =false
D/WindowManager( 1909): interceptKeyTi keyCode=20 down=true repeatCount=0 keyguardOn=false mHomePressed=false canceled=false metaState:0
D/WindowManager( 1909): interceptKeyTq: result=1 keycode=20 screenIsOn=true keyguardActive=false policyFlags = #b000000 down =false canceled = false isWakeKey=false mVolumeDownKeyTriggered =false mVolumeUpKeyTriggered =false
D/WindowManager( 1909): interceptKeyTi keyCode=20 down=false repeatCount=0 keyguardOn=false mHomePressed=false canceled=false metaState:0
I/        (  245): [BWC INFO](245): get_bwc_mm_property success
D/WindowManager( 1909): interceptKeyTq: result=1 keycode=19 screenIsOn=true keyguardActive=false policyFlags = #b000000 down =true canceled = false isWakeKey=false mVolumeDownKeyTriggered =false mVolumeUpKeyTriggered =false
I/chromium( 9136): [INFO:resource_provider.cc(1770)] [StartRaster] allocated=[1] image_id=[547] buffer=[0x85ab2000] stride=[1536]
D/WindowManager( 1909): interceptKeyTi keyCode=19 down=true repeatCount=0 keyguardOn=false mHomePressed=false canceled=false metaState:0
I/chromium( 9136): [INFO:image_raster_worker_pool.cc(75)] [RunOnWorkerThread] --------------
I/chromium( 9136): [INFO:resource_provider.cc(1770)] [StartRaster] allocated=[1] image_id=[565] buffer=[0x8a090000] stride=[1536]
D/WindowManager( 1909): interceptKeyTq: result=1 keycode=19 screenIsOn=true keyguardActive=false policyFlags = #b000000 down =false canceled = false isWakeKey=false mVolumeDownKeyTriggered =false mVolumeUpKeyTriggered =false
D/WindowManager( 1909): interceptKeyTi keyCode=19 down=false repeatCount=0 keyguardOn=false mHomePressed=false canceled=false metaState:0
I/chromium( 9136): [INFO:image_raster_worker_pool.cc(75)] [RunOnWorkerThread] --------------
I/chromium( 9136): [INFO:resource_provider.cc(1770)] [StartRaster] allocated=[1] image_id=[627] buffer=[0x81204000] stride=[256]
I/chromium( 9136): [INFO:image_raster_worker_pool.cc(75)] [RunOnWorkerThread] --------------
I/chromium( 9136): [INFO:resource_provider.cc(1770)] [StartRaster] allocated=[1] image_id=[486] buffer=[0x84bff000] stride=[1536]
I/chromium( 9136): [INFO:image_raster_worker_pool.cc(75)] [RunOnWorkerThread] --------------
I/chromium( 9136): [INFO:resource_provider.cc(1770)] [StartRaster] allocated=[1] image_id=[493] buffer=[0x85600000] stride=[1536]
I/chromium( 9136): [INFO:image_raster_worker_pool.cc(75)] [RunOnWorkerThread] --------------
I/chromium( 9136): [INFO:resource_provider.cc(1770)] [StartRaster] allocated=[1] image_id=[550] buffer=[0x85c62000] stride=[1536]
I/chromium( 9136): [INFO:image_raster_worker_pool.cc(75)] [RunOnWorkerThread] --------------
I/chromium( 9136): [INFO:resource_provider.cc(1770)] [StartRaster] allocated=[1] image_id=[558] buffer=[0x860e2000] stride=[1536]
I/chromium( 9136): [INFO:image_raster_worker_pool.cc(75)] [RunOnWorkerThread] --------------
I/chromium( 9136): [INFO:resource_provider.cc(1770)] [StartRaster] allocated=[1] image_id=[484] buffer=[0x83fc7000] stride=[1536]
I/chromium( 9136): [INFO:image_raster_worker_pool.cc(75)] [RunOnWorkerThread] --------------
I/chromium( 9136): [INFO:resource_provider.cc(1770)] [StartRaster] allocated=[1] image_id=[538] buffer=[0x897de000] stride=[1536]
D/WindowManager( 1909): interceptKeyTq: result=1 keycode=110 screenIsOn=true keyguardActive=false policyFlags = #b000000 down =true canceled = false isWakeKey=false mVolumeDownKeyTriggered =false mVolumeUpKeyTriggered =false
I/chromium( 9136): [INFO:image_raster_worker_pool.cc(75)] [RunOnWorkerThread] --------------
I/chromium( 9136): [INFO:resource_provider.cc(1770)] [StartRaster] allocated=[1] image_id=[471] buffer=[0x82100000] stride=[1536]
D/WindowManager( 1909): interceptKeyTi keyCode=110 down=true repeatCount=0 keyguardOn=false mHomePressed=false canceled=false metaState:0
I/chromium( 9136): [INFO:image_raster_worker_pool.cc(75)] [RunOnWorkerThread] --------------
I/chromium( 9136): [INFO:resource_provider.cc(1770)] [StartRaster] allocated=[1] image_id=[482] buffer=[0x83ea7000] stride=[1536]
I/chromium( 9136): [INFO:image_raster_worker_pool.cc(75)] [RunOnWorkerThread] --------------
I/chromium( 9136): [INFO:resource_provider.cc(1770)] [StartRaster] allocated=[1] image_id=[474] buffer=[0x822b0000] stride=[1536]
D/WindowManager( 1909): interceptKeyTq: result=1 keycode=110 screenIsOn=true keyguardActive=false policyFlags = #b000000 down =false canceled = false isWakeKey=false mVolumeDownKeyTriggered =false mVolumeUpKeyTriggered =false
I/chromium( 9136): [INFO:image_raster_worker_pool.cc(75)] [RunOnWorkerThread] --------------
I/chromium( 9136): [INFO:resource_provider.cc(1770)] [StartRaster] allocated=[1] image_id=[561] buffer=[0x89cee000] stride=[1536]
D/WindowManager( 1909): interceptKeyTi keyCode=110 down=false repeatCount=0 keyguardOn=false mHomePressed=false canceled=false metaState:0
I/        (  245): [BWC INFO](245): get_bwc_mm_property success
I/chromium( 9136): [INFO:image_raster_worker_pool.cc(75)] [RunOnWorkerThread] --------------
I/chromium( 9136): [INFO:resource_provider.cc(1770)] [StartRaster] allocated=[1] image_id=[552] buffer=[0x85d82000] stride=[1536]
I/chromium( 9136): [INFO:image_raster_worker_pool.cc(75)] [RunOnWorkerThread] --------------
I/chromium( 9136): [INFO:resource_provider.cc(1770)] [StartRaster] allocated=[1] image_id=[539] buffer=[0x8986e000] stride=[1536]
I/chromium( 9136): [INFO:image_raster_worker_pool.cc(75)] [RunOnWorkerThread] --------------
I/chromium( 9136): [INFO:resource_provider.cc(1770)] [StartRaster] allocated=[1] image_id=[560] buffer=[0x89c5e000] stride=[1536]
I/chromium( 9136): [INFO:image_raster_worker_pool.cc(75)] [RunOnWorkerThread] --------------
I/chromium( 9136): [INFO:resource_provider.cc(1770)] [StartRaster] allocated=[1] image_id=[469] buffer=[0x81b16000] stride=[1536]
