D/BTIF_bt_audio_a2dp_hw(  249): [A2DP_HW] [adev_get_parameters@1362]
I/str_params(  249): key: 'GetFmEnable' value: ''
D/AudioService( 1909): isFmOn GetFmEnable=false
V/AudioService( 1909): getActiveStreamType: Forcing STREAM_RING b/c default
D/AudioService( 1909): adjustStreamVolume() stream=2, dir=0
I/chromium( 9136): [INFO:resource_provider.cc(1770)] [StartRaster] allocated=[1] image_id=[516] buffer=[0x87682000] stride=[1536]
D/AppOps  ( 1909): noteOperation: allowing code 35 uid 10275 package com.sixty.nidoneClient
D/AudioService( 1909): sendVolumeUpdate: StreamType = 2, oldIndex = 5, newIndex = 5
I/chromium( 9136): [INFO:image_raster_worker_pool.cc(75)] [RunOnWorkerThread] --------------
I/chromium( 9136): [INFO:resource_provider.cc(1770)] [StartRaster] allocated=[1] image_id=[567] buffer=[0x8a1b0000] stride=[1536]
I/chromium( 9136): [INFO:image_raster_worker_pool.cc(75)] [RunOnWorkerThread] --------------
I/chromium( 9136): [INFO:resource_provider.cc(1770)] [StartRaster] allocated=[1] image_id=[592] buffer=[0x823d0000] stride=[1536]
V/ActivityManager( 1909): Broadcast: Intent { act=android.media.VOLUME_CHANGED_ACTION flg=0x10 (has extras) } ordered=false userid=-1 callerApp=ProcessRecord{4272b1e0 1909:system/1000}
I/chromium( 9136): [INFO:image_raster_worker_pool.cc(75)] [RunOnWorkerThread] --------------
W/AudioService( 1909): notifyRingerVolumeChanged falled, because there are no listener!
I/        (  245): [BWC INFO](245): get_bwc_mm_property success
W/UnimplementedWebViewApi( 9136): Unimplemented WebView method onKeyMultiple called from: android.webkit.WebView.onKeyMultiple(WebView.java:2273)
W/UnimplementedWebViewApi( 9136): Unimplemented WebView method onKeyDown called from: android.webkit.WebView.onKeyDown(WebView.java:2263)
D/AudioManager( 9136): adjustSuggestedStreamVolume: Direction = 0, streamType = -2147483648
D/AudioService( 1909): adjustSuggestedStreamVolume() stream=-2147483648
D/PhoneInterfaceManager( 4362): state = IDLE
D/ActivityThread(11450): BDC-Calling onReceive: intent=Intent { act=android.media.VOLUME_CHANGED_ACTION flg=0x10 cmp=com.android.settings/com.oppo.settings.MediaStreamVolumeDealReciever (has extras) }, ordered=true, receiver=com.oppo.settings.MediaStreamVolumeDealReciever@428bd390
D/AudioALSAHardware(  249): +getParameters(), key = GetFmEnable
D/AudioALSAHardware(  249): -getParameters(), return "GetFmEnable=false"
D/BTIF_bt_audio_a2dp_hw(  249): [A2DP_HW] [adev_get_parameters@1362]
I/str_params(  249): key: 'GetFmEnable' value: ''
D/AudioService( 1909): isFmOn GetFmEnable=false
V/AudioService( 1909): getActiveStreamType: Forcing STREAM_RING b/c default
D/AudioService( 1909): adjustStreamVolume() stream=2, dir=0
D/ActivityThread(11450): BDC-RECEIVER handled : 0 / ReceiverData{intent=Intent { act=android.media.VOLUME_CHANGED_ACTION flg=0x10 cmp=com.android.settings/com.oppo.settings.MediaStreamVolumeDealReciever (has extras) } packageName=com.android.settings resultCode=-1 resultData=null resultExtras=null}
D/AppOps  ( 1909): noteOperation: allowing code 35 uid 10275 package com.sixty.nidoneClient
D/AudioService( 1909): sendVolumeUpdate: StreamType = 2, oldIndex = 5, newIndex = 5
V/ActivityManager( 1909): Broadcast: Intent { act=android.media.VOLUME_CHANGED_ACTION flg=0x10 (has extras) } ordered=false userid=-1 callerApp=ProcessRecord{4272b1e0 1909:system/1000}
W/AudioService( 1909): notifyRingerVolumeChanged falled, because there are no listener!
D/AudioManager( 9136): adjustSuggestedStreamVolume: Direction = 0, streamType = -2147483648
D/AudioService( 1909): adjustSuggestedStreamVolume() stream=-2147483648
D/PhoneInterfaceManager( 4362): state = IDLE
D/AudioALSAHardware(  249): +getParameters(), key = GetFmEnable
D/AudioALSAHardware(  249): -getParameters(), return "GetFmEnable=false"
D/BTIF_bt_audio_a2dp_hw(  249): [A2DP_HW] [adev_get_parameters@1362]
I/str_params(  249): key: 'GetFmEnable' value: ''
D/AudioService( 1909): isFmOn GetFmEnable=false
V/AudioService( 1909): getActiveStreamType: Forcing STREAM_RING b/c default
D/AudioService( 1909): adjustStreamVolume() stream=2, dir=0
D/AppOps  ( 1909): noteOperation: allowing code 35 uid 10275 package com.sixty.nidoneClient
D/AudioService( 1909): sendVolumeUpdate: StreamType = 2, oldIndex = 5, newIndex = 5
V/ActivityManager( 1909): Broadcast: Intent { act=android.media.VOLUME_CHANGED_ACTION flg=0x10 (has extras) } ordered=false userid=-1 callerApp=ProcessRecord{4272b1e0 1909:system/1000}
D/ActivityThread(11450): BDC-Calling onReceive: intent=Intent { act=android.media.VOLUME_CHANGED_ACTION flg=0x10 cmp=com.android.settings/com.oppo.settings.MediaStreamVolumeDealReciever (has extras) }, ordered=true, receiver=com.oppo.settings.MediaStreamVolumeDealReciever@428bf668
W/AudioService( 1909): notifyRingerVolumeChanged falled, because there are no listener!
D/ActivityThread(11450): BDC-RECEIVER handled : 0 / ReceiverData{intent=Intent { act=android.media.VOLUME_CHANGED_ACTION flg=0x10 cmp=com.android.settings/com.oppo.settings.MediaStreamVolumeDealReciever (has extras) } packageName=com.android.settings resultCode=-1 resultData=null resultExtras=null}
D/AudioManager( 9136): adjustSuggestedStreamVolume: Direction = 0, streamType = -2147483648
D/AudioService( 1909): adjustSuggestedStreamVolume() stream=-2147483648
D/PhoneInterfaceManager( 4362): state = IDLE
D/AudioALSAHardware(  249): +getParameters(), key = GetFmEnable
D/AudioALSAHardware(  249): -getParameters(), return "GetFmEnable=false"
D/BTIF_bt_audio_a2dp_hw(  249): [A2DP_HW] [adev_get_parameters@1362]
I/str_params(  249): key: 'GetFmEnable' value: ''
D/AudioService( 1909): isFmOn GetFmEnable=false
V/AudioService( 1909): getActiveStreamType: Forcing STREAM_RING b/c default
D/AudioService( 1909): adjustStreamVolume() stream=2, dir=0
D/AppOps  ( 1909): noteOperation: allowing code 35 uid 10275 package com.sixty.nidoneClient
D/AudioService( 1909): sendVolumeUpdate: StreamType = 2, oldIndex = 5, newIndex = 5
D/ActivityThread(11450): BDC-Calling onReceive: intent=Intent { act=android.media.VOLUME_CHANGED_ACTION flg=0x10 cmp=com.android.settings/com.oppo.settings.MediaStreamVolumeDealReciever (has extras) }, ordered=true, receiver=com.oppo.settings.MediaStreamVolumeDealReciever@428c1940
V/ActivityManager( 1909): Broadcast: Intent { act=android.media.VOLUME_CHANGED_ACTION flg=0x10 (has extras) } ordered=false userid=-1 callerApp=ProcessRecord{4272b1e0 1909:system/1000}
D/ActivityThread(11450): BDC-RECEIVER handled : 0 / ReceiverData{intent=Intent { act=android.media.VOLUME_CHANGED_ACTION flg=0x10 cmp=com.android.settings/com.oppo.settings.MediaStreamVolumeDealReciever (has extras) } packageName=com.android.settings resultCode=-1 resultData=null resultExtras=null}
W/AudioService( 1909): notifyRingerVolumeChanged falled, because there are no listener!
I/View    ( 9136): Key down dispatch to <url=dist/index.html>;<hashcode=1132546536>, event = KeyEvent { action=ACTION_DOWN, hashcode=android.view.KeyEvent@4278d818, keyCode=KEYCODE_MENU, scanCode=0, metaState=0, flags=0x8, repeatCount=0, eventTime=1009813, downTime=1009813, deviceId=-1, source=0x101 }
W/UnimplementedWebViewApi( 9136): Unimplemented WebView method onKeyDown called from: android.webkit.WebView.onKeyDown(WebView.java:2263)
I/        (  245): [BWC INFO](245): get_bwc_mm_property success
D/AudioManager( 9136): adjustSuggestedStreamVolume: Direction = 0, streamType = -2147483648
D/AudioService( 1909): adjustSuggestedStreamVolume() stream=-2147483648
D/PhoneInterfaceManager( 4362): state = IDLE
D/ActivityThread(11450): BDC-Calling onReceive: intent=Intent { act=android.media.VOLUME_CHANGED_ACTION flg=0x10 cmp=com.android.settings/com.oppo.settings.MediaStreamVolumeDealReciever (has extras) }, ordered=true, receiver=com.oppo.settings.MediaStreamVolumeDealReciever@428c3c18
D/AudioALSAHardware(  249): +getParameters(), key = GetFmEnable
D/AudioALSAHardware(  249): -getParameters(), return "GetFmEnable=false"
D/BTIF_bt_audio_a2dp_hw(  249): [A2DP_HW] [adev_get_parameters@1362]
I/str_params(  249): key: 'GetFmEnable' value: ''
D/AudioService( 1909): isFmOn GetFmEnable=false
V/AudioService( 1909): getActiveStreamType: Forcing STREAM_RING b/c default
D/AudioService( 1909): adjustStreamVolume() stream=2, dir=0
D/ActivityThread(11450): BDC-RECEIVER handled : 0 / ReceiverData{intent=Intent { act=android.media.VOLUME_CHANGED_ACTION flg=0x10 cmp=com.android.settings/com.oppo.settings.MediaStreamVolumeDealReciever (has extras) } packageName=com.android.settings resultCode=-1 resultData=null resultExtras=null}
D/AppOps  ( 1909): noteOperation: allowing code 35 uid 10275 package com.sixty.nidoneClient
D/AudioService( 1909): sendVolumeUpdate: StreamType = 2, oldIndex = 5, newIndex = 5
V/ActivityManager( 1909): Broadcast: Intent { act=android.media.VOLUME_CHANGED_ACTION flg=0x10 (has extras) } ordered=false userid=-1 callerApp=ProcessRecord{4272b1e0 1909:system/1000}
W/AudioService( 1909): notifyRingerVolumeChanged falled, because there are no listener!
D/WindowManager( 1909): interceptKeyTq: result=1 keycode=20 screenIsOn=true keyguardActive=false policyFlags = #b000000 down =true canceled = false isWakeKey=false mVolumeDownKeyTriggered =false mVolumeUpKeyTriggered =false
D/WindowManager( 1909): interceptKeyTi keyCode=20 down=true repeatCount=0 keyguardOn=false mHomePressed=false canceled=false metaState:0
D/AudioManager( 9136): adjustSuggestedStreamVolume: Direction = 0, streamType = -2147483648
D/AudioService( 1909): adjustSuggestedStreamVolume() stream=-2147483648
D/WindowManager( 1909): interceptKeyTq: result=1 keycode=20 screenIsOn=true keyguardActive=false policyFlags = #b000000 down =false canceled = false isWakeKey=false mVolumeDownKeyTriggered =false mVolumeUpKeyTriggered =false
D/PhoneInterfaceManager( 4362): state = IDLE
D/AudioALSAHardware(  249): +getParameters(), key = GetFmEnable
D/WindowManager( 1909): interceptKeyTi keyCode=20 down=false repeatCount=0 keyguardOn=false mHomePressed=false canceled=false metaState:0
D/AudioALSAHardware(  249): -getParameters(), return "GetFmEnable=false"
D/BTIF_bt_audio_a2dp_hw(  249): [A2DP_HW] [adev_get_parameters@1362]
I/str_params(  249): key: 'GetFmEnable' value: ''
D/AudioService( 1909): isFmOn GetFmEnable=false
V/AudioService( 1909): getActiveStreamType: Forcing STREAM_RING b/c default
D/AudioService( 1909): adjustStreamVolume() stream=2, dir=0
D/AppOps  ( 1909): noteOperation: allowing code 35 uid 10275 package com.sixty.nidoneClient
D/AudioService( 1909): sendVolumeUpdate: StreamType = 2, oldIndex = 5, newIndex = 5
V/ActivityManager( 1909): Broadcast: Intent { act=android.media.VOLUME_CHANGED_ACTION flg=0x10 (has extras) } ordered=false userid=-1 callerApp=ProcessRecord{4272b1e0 1909:system/1000}
D/ActivityThread(11450): BDC-Calling onReceive: intent=Intent { act=android.media.VOLUME_CHANGED_ACTION flg=0x10 cmp=com.android.settings/com.oppo.settings.MediaStreamVolumeDealReciever (has extras) }, ordered=true, receiver=com.oppo.settings.MediaStreamVolumeDealReciever@428c5ef0
W/AudioService( 1909): notifyRingerVolumeChanged falled, because there are no listener!
D/ActivityThread(11450): BDC-RECEIVER handled : 0 / ReceiverData{intent=Intent { act=android.media.VOLUME_CHANGED_ACTION flg=0x10 cmp=com.android.settings/com.oppo.settings.MediaStreamVolumeDealReciever (has extras) } packageName=com.android.settings resultCode=-1 resultData=null resultExtras=null}
D/AudioManager( 9136): adjustSuggestedStreamVolume: Direction = 0, streamType = -2147483648
D/AudioService( 1909): adjustSuggestedStreamVolume() stream=-2147483648
D/PhoneInterfaceManager( 4362): state = IDLE
D/AudioALSAHardware(  249): +getParameters(), key = GetFmEnable
D/AudioALSAHardware(  249): -getParameters(), return "GetFmEnable=false"
D/BTIF_bt_audio_a2dp_hw(  249): [A2DP_HW] [adev_get_parameters@1362]
I/str_params(  249): key: 'GetFmEnable' value: ''
D/AudioService( 1909): isFmOn GetFmEnable=false
V/AudioService( 1909): getActiveStreamType: Forcing STREAM_RING b/c default
D/AudioService( 1909): adjustStreamVolume() stream=2, dir=0
D/ActivityThread(11450): BDC-Calling onReceive: intent=Intent { act=android.media.VOLUME_CHANGED_ACTION flg=0x10 cmp=com.android.settings/com.oppo.settings.MediaStreamVolumeDealReciever (has extras) }, ordered=true, receiver=com.oppo.settings.MediaStreamVolumeDealReciever@428c81c8
D/AppOps  ( 1909): noteOperation: allowing code 35 uid 10275 package com.sixty.nidoneClient
D/AudioService( 1909): sendVolumeUpdate: StreamType = 2, oldIndex = 5, newIndex = 5
D/ActivityThread(11450): BDC-RECEIVER handled : 0 / ReceiverData{intent=Intent { act=android.media.VOLUME_CHANGED_ACTION flg=0x10 cmp=com.android.settings/com.oppo.settings.MediaStreamVolumeDealReciever (has extras) } packageName=com.android.settings resultCode=-1 resultData=null resultExtras=null}
V/ActivityManager( 1909): Broadcast: Intent { act=android.media.VOLUME_CHANGED_ACTION flg=0x10 (has extras) } ordered=false userid=-1 callerApp=ProcessRecord{4272b1e0 1909:system/1000}
W/AudioService( 1909): notifyRingerVolumeChanged falled, because there are no listener!
I/        (  245): [BWC INFO](245): get_bwc_mm_property success
V/Provider/Settings( 1909): get setting for user 0 by user 0 so skipping cache
V/Provider/Settings( 1909):  from settings cache , name = enabled_input_methods , value = com.sohu.inputmethod.sogouoem/.SogouIME
V/Provider/Settings( 1909): get setting for user 0 by user 0 so skipping cache
V/Provider/Settings( 1909):  from settings cache , name = enabled_input_methods , value = com.sohu.inputmethod.sogouoem/.SogouIME
D/ActivityThread(11450): BDC-Calling onReceive: intent=Intent { act=android.media.VOLUME_CHANGED_ACTION flg=0x10 cmp=com.android.settings/com.oppo.settings.MediaStreamVolumeDealReciever (has extras) }, ordered=true, receiver=com.oppo.settings.MediaStreamVolumeDealReciever@428ca4a0
D/ActivityThread(11450): BDC-RECEIVER handled : 0 / ReceiverData{intent=Intent { act=android.media.VOLUME_CHANGED_ACTION flg=0x10 cmp=com.android.settings/com.oppo.settings.MediaStreamVolumeDealReciever (has extras) } packageName=com.android.settings resultCode=-1 resultData=null resultExtras=null}
V/Provider/Settings( 1909): get setting for user 0 by user 0 so skipping cache
V/Provider/Settings( 1909):  from settings cache , name = enabled_input_methods , value = com.sohu.inputmethod.sogouoem/.SogouIME
V/Provider/Settings( 1909): get setting for user 0 by user 0 so skipping cache
V/Provider/Settings( 1909):  from settings cache , name = enabled_input_methods , value = com.sohu.inputmethod.sogouoem/.SogouIME
D/GraphicBuffer( 9136): free, handle(0x79ebd398) (w:320 h:512 s:320 f:0x1 u:0x000133)
I/chromium( 9136): [INFO:resource_provider.cc(1770)] [StartRaster] allocated=[1] image_id=[631] buffer=[0x82690000] stride=[1280]
I/chromium( 9136): [INFO:image_raster_worker_pool.cc(75)] [RunOnWorkerThread] --------------
I/chromium( 9136): [INFO:resource_provider.cc(1770)] [StartRaster] allocated=[1] image_id=[630] buffer=[0x81f08000] stride=[1280]
I/BufferQueue(  245): [com.sixty.nidoneClient/com.sixty.nidoneClient.view.activity.SDK_WebApp](this:0xb7b770a8,id:299,api:1,p:9136,c:245) queueBuffer: fps=3.75 dur=1065.54 max=368.65 min=218.37
I/chromium( 9136): [INFO:image_raster_worker_pool.cc(75)] [RunOnWorkerThread] --------------
I/chromium( 9136): [INFO:resource_provider.cc(1770)] [StartRaster] allocated=[1] image_id=[629] buffer=[0x819c0000] stride=[1280]
I/chromium( 9136): [INFO:image_raster_worker_pool.cc(75)] [RunOnWorkerThread] --------------
I/chromium( 9136): [INFO:resource_provider.cc(1770)] [StartRaster] allocated=[1] image_id=[632] buffer=[0x79c03000] stride=[256]
I/chromium( 9136): [INFO:image_raster_worker_pool.cc(75)] [RunOnWorkerThread] --------------
I/[MALI][Gralloc]( 9136): [MTK]GRALLOC enter alloc_device_alloc()! pHandle=0x0x84d4851c
I/[MALI][Gralloc]( 9136): usage: 0x133, format: 0x1 stride: 320 vertical_stride: 64 size: 81920
I/[MALI][Gralloc]( 9136): [MTK]GRALLOC ready to go ion alloc arrrrrrrrr!!!! pHandle=0x0x84d4851c
D/GraphicBuffer( 9136): alloc, handle(0x7f711e00) (w:320 h:64 s:320 f:0x1 u:0x000133) err(0)
I/chromium( 9136): [INFO:resource_provider.cc(1770)] [StartRaster] allocated=[1] image_id=[636] buffer=[0x79e71000] stride=[1280]
I/chromium( 9136): [INFO:gpu_control_service.cc(81)] [GpuControlService::RegisterGpuBuffer] [9136] id=[636]
I/chromium( 9136): [INFO:image_raster_worker_pool.cc(75)] [RunOnWorkerThread] --------------
I/        (  245): [BWC INFO](245): get_bwc_mm_property success
I/[MALI][Gralloc]( 9136): [MTK]GRALLOC enter alloc_device_alloc()! pHandle=0x0x848dd964
I/[MALI][Gralloc]( 9136): usage: 0x133, format: 0x1 stride: 320 vertical_stride: 320 size: 409600
I/[MALI][Gralloc]( 9136): [MTK]GRALLOC ready to go ion alloc arrrrrrrrr!!!! pHandle=0x0x848dd964
D/GraphicBuffer( 9136): alloc, handle(0x7fff0ab8) (w:320 h:320 s:320 f:0x1 u:0x000133) err(0)
D/WindowManager( 1909): interceptKeyTq: result=1 keycode=166 screenIsOn=true keyguardActive=false policyFlags = #b000000 down =true canceled = false isWakeKey=false mVolumeDownKeyTriggered =false mVolumeUpKeyTriggered =false
I/chromium( 9136): [INFO:resource_provider.cc(1770)] [StartRaster] allocated=[1] image_id=[637] buffer=[0x84057000] stride=[1280]
I/chromium( 9136): [INFO:gpu_control_service.cc(81)] [GpuControlService::RegisterGpuBuffer] [9136] id=[637]
I/chromium( 9136): [INFO:image_raster_worker_pool.cc(75)] [RunOnWorkerThread] --------------
D/WindowManager( 1909): interceptKeyTi keyCode=166 down=true repeatCount=0 keyguardOn=false mHomePressed=false canceled=false metaState:0
D/AudioManager( 9136): adjustSuggestedStreamVolume: Direction = 0, streamType = -2147483648
D/AudioService( 1909): adjustSuggestedStreamVolume() stream=-2147483648
D/PhoneInterfaceManager( 4362): state = IDLE
D/AudioALSAHardware(  249): +getParameters(), key = GetFmEnable
D/AudioALSAHardware(  249): -getParameters(), return "GetFmEnable=false"
D/BTIF_bt_audio_a2dp_hw(  249): [A2DP_HW] [adev_get_parameters@1362]
I/str_params(  249): key: 'GetFmEnable' value: ''
D/AudioService( 1909): isFmOn GetFmEnable=false
V/AudioService( 1909): getActiveStreamType: Forcing STREAM_RING b/c default
D/AudioService( 1909): adjustStreamVolume() stream=2, dir=0
D/AppOps  ( 1909): noteOperation: allowing code 35 uid 10275 package com.sixty.nidoneClient
D/AudioService( 1909): sendVolumeUpdate: StreamType = 2, oldIndex = 5, newIndex = 5
V/ActivityManager( 1909): Broadcast: Intent { act=android.media.VOLUME_CHANGED_ACTION flg=0x10 (has extras) } ordered=false userid=-1 callerApp=ProcessRecord{4272b1e0 1909:system/1000}
W/AudioService( 1909): notifyRingerVolumeChanged falled, because there are no listener!
W/UnimplementedWebViewApi( 9136): Unimplemented WebView method onKeyMultiple called from: android.webkit.WebView.onKeyMultiple(WebView.java:2273)
W/UnimplementedWebViewApi( 9136): Unimplemented WebView method onKeyDown called from: android.webkit.WebView.onKeyDown(WebView.java:2263)
D/AudioManager( 9136): adjustSuggestedStreamVolume: Direction = 0, streamType = -2147483648
D/AudioService( 1909): adjustSuggestedStreamVolume() stream=-2147483648
D/PhoneInterfaceManager( 4362): state = IDLE
D/AudioALSAHardware(  249): +getParameters(), key = GetFmEnable
D/AudioALSAHardware(  249): -getParameters(), return "GetFmEnable=false"
D/BTIF_bt_audio_a2dp_hw(  249): [A2DP_HW] [adev_get_parameters@1362]
I/str_params(  249): key: 'GetFmEnable' value: ''
D/AudioService( 1909): isFmOn GetFmEnable=false
V/AudioService( 1909): getActiveStreamType: Forcing STREAM_RING b/c default
D/AudioService( 1909): adjustStreamVolume() stream=2, dir=0
D/AppOps  ( 1909): noteOperation: allowing code 35 uid 10275 package com.sixty.nidoneClient
D/AudioService( 1909): sendVolumeUpdate: StreamType = 2, oldIndex = 5, newIndex = 5
V/ActivityManager( 1909): Broadcast: Intent { act=android.media.VOLUME_CHANGED_ACTION flg=0x10 (has extras) } ordered=false userid=-1 callerApp=ProcessRecord{4272b1e0 1909:system/1000}
D/ActivityThread(11450): BDC-Calling onReceive: intent=Intent { act=android.media.VOLUME_CHANGED_ACTION flg=0x10 cmp=com.android.settings/com.oppo.settings.MediaStreamVolumeDealReciever (has extras) }, ordered=true, receiver=com.oppo.settings.MediaStreamVolumeDealReciever@428cc778
W/AudioService( 1909): notifyRingerVolumeChanged falled, because there are no listener!
D/ActivityThread(11450): BDC-RECEIVER handled : 0 / ReceiverData{intent=Intent { act=android.media.VOLUME_CHANGED_ACTION flg=0x10 cmp=com.android.settings/com.oppo.settings.MediaStreamVolumeDealReciever (has extras) } packageName=com.android.settings resultCode=-1 resultData=null resultExtras=null}
D/AudioManager( 9136): adjustSuggestedStreamVolume: Direction = 0, streamType = -2147483648
D/AudioService( 1909): adjustSuggestedStreamVolume() stream=-2147483648
D/PhoneInterfaceManager( 4362): state = IDLE
D/AudioALSAHardware(  249): +getParameters(), key = GetFmEnable
D/AudioALSAHardware(  249): -getParameters(), return "GetFmEnable=false"
D/BTIF_bt_audio_a2dp_hw(  249): [A2DP_HW] [adev_get_parameters@1362]
I/str_params(  249): key: 'GetFmEnable' value: ''
D/AudioService( 1909): isFmOn GetFmEnable=false
V/AudioService( 1909): getActiveStreamType: Forcing STREAM_RING b/c default
D/AudioService( 1909): adjustStreamVolume() stream=2, dir=0
D/AppOps  ( 1909): noteOperation: allowing code 35 uid 10275 package com.sixty.nidoneClient
D/AudioService( 1909): sendVolumeUpdate: StreamType = 2, oldIndex = 5, newIndex = 5
D/ActivityThread(11450): BDC-Calling onReceive: intent=Intent { act=android.media.VOLUME_CHANGED_ACTION flg=0x10 cmp=com.android.settings/com.oppo.settings.MediaStreamVolumeDealReciever (has extras) }, ordered=true, receiver=com.oppo.settings.MediaStreamVolumeDealReciever@428cea50
V/ActivityManager( 1909): Broadcast: Intent { act=android.media.VOLUME_CHANGED_ACTION flg=0x10 (has extras) } ordered=false userid=-1 callerApp=ProcessRecord{4272b1e0 1909:system/1000}
D/ActivityThread(11450): BDC-RECEIVER handled : 0 / ReceiverData{intent=Intent { act=android.media.VOLUME_CHANGED_ACTION flg=0x10 cmp=com.android.settings/com.oppo.settings.MediaStreamVolumeDealReciever (has extras) } packageName=com.android.settings resultCode=-1 resultData=null resultExtras=null}
W/AudioService( 1909): notifyRingerVolumeChanged falled, because there are no listener!
I/        (  245): [BWC INFO](245): get_bwc_mm_property success
D/AudioManager( 9136): adjustSuggestedStreamVolume: Direction = 0, streamType = -2147483648
D/AudioService( 1909): adjustSuggestedStreamVolume() stream=-2147483648
D/PhoneInterfaceManager( 4362): state = IDLE
D/AudioALSAHardware(  249): +getParameters(), key = GetFmEnable
D/AudioALSAHardware(  249): -getParameters(), return "GetFmEnable=false"
D/BTIF_bt_audio_a2dp_hw(  249): [A2DP_HW] [adev_get_parameters@1362]
I/str_params(  249): key: 'GetFmEnable' value: ''
D/AudioService( 1909): isFmOn GetFmEnable=false
V/AudioService( 1909): getActiveStreamType: Forcing STREAM_RING b/c default
D/AudioService( 1909): adjustStreamVolume() stream=2, dir=0
D/AppOps  ( 1909): noteOperation: allowing code 35 uid 10275 package com.sixty.nidoneClient
D/AudioService( 1909): sendVolumeUpdate: StreamType = 2, oldIndex = 5, newIndex = 5
D/ActivityThread(11450): BDC-Calling onReceive: intent=Intent { act=android.media.VOLUME_CHANGED_ACTION flg=0x10 cmp=com.android.settings/com.oppo.settings.MediaStreamVolumeDealReciever (has extras) }, ordered=true, receiver=com.oppo.settings.MediaStreamVolumeDealReciever@428d0d28
V/ActivityManager( 1909): Broadcast: Intent { act=android.media.VOLUME_CHANGED_ACTION flg=0x10 (has extras) } ordered=false userid=-1 callerApp=ProcessRecord{4272b1e0 1909:system/1000}
D/ActivityThread(11450): BDC-RECEIVER handled : 0 / ReceiverData{intent=Intent { act=android.media.VOLUME_CHANGED_ACTION flg=0x10 cmp=com.android.settings/com.oppo.settings.MediaStreamVolumeDealReciever (has extras) } packageName=com.android.settings resultCode=-1 resultData=null resultExtras=null}
W/AudioService( 1909): notifyRingerVolumeChanged falled, because there are no listener!
D/AudioManager( 9136): adjustSuggestedStreamVolume: Direction = 0, streamType = -2147483648
D/AudioService( 1909): adjustSuggestedStreamVolume() stream=-2147483648
D/PhoneInterfaceManager( 4362): state = IDLE
D/AudioALSAHardware(  249): +getParameters(), key = GetFmEnable
D/AudioALSAHardware(  249): -getParameters(), return "GetFmEnable=false"
D/BTIF_bt_audio_a2dp_hw(  249): [A2DP_HW] [adev_get_parameters@1362]
I/str_params(  249): key: 'GetFmEnable' value: ''
D/AudioService( 1909): isFmOn GetFmEnable=false
V/AudioService( 1909): getActiveStreamType: Forcing STREAM_RING b/c default
D/AudioService( 1909): adjustStreamVolume() stream=2, dir=0
D/AppOps  ( 1909): noteOperation: allowing code 35 uid 10275 package com.sixty.nidoneClient
D/AudioService( 1909): sendVolumeUpdate: StreamType = 2, oldIndex = 5, newIndex = 5
D/ActivityThread(11450): BDC-Calling onReceive: intent=Intent { act=android.media.VOLUME_CHANGED_ACTION flg=0x10 cmp=com.android.settings/com.oppo.settings.MediaStreamVolumeDealReciever (has extras) }, ordered=true, receiver=com.oppo.settings.MediaStreamVolumeDealReciever@428d3000
D/ActivityThread(11450): BDC-RECEIVER handled : 0 / ReceiverData{intent=Intent { act=android.media.VOLUME_CHANGED_ACTION flg=0x10 cmp=com.android.settings/com.oppo.settings.MediaStreamVolumeDealReciever (has extras) } packageName=com.android.settings resultCode=-1 resultData=null resultExtras=null}
V/ActivityManager( 1909): Broadcast: Intent { act=android.media.VOLUME_CHANGED_ACTION flg=0x10 (has extras) } ordered=false userid=-1 callerApp=ProcessRecord{4272b1e0 1909:system/1000}
W/AudioService( 1909): notifyRingerVolumeChanged falled, because there are no listener!
D/dalvikvm(12323): threadid=1: all daemons have suspended
D/dalvikvm(12323): VM cleaning up
D/AudioManager( 9136): adjustSuggestedStreamVolume: Direction = 0, streamType = -2147483648
D/AudioService( 1909): adjustSuggestedStreamVolume() stream=-2147483648
D/PhoneInterfaceManager( 4362): state = IDLE
D/AudioALSAHardware(  249): +getParameters(), key = GetFmEnable
D/AudioALSAHardware(  249): -getParameters(), return "GetFmEnable=false"
D/BTIF_bt_audio_a2dp_hw(  249): [A2DP_HW] [adev_get_parameters@1362]
I/str_params(  249): key: 'GetFmEnable' value: ''
D/ActivityThread(11450): BDC-Calling onReceive: intent=Intent { act=android.media.VOLUME_CHANGED_ACTION flg=0x10 cmp=com.android.settings/com.oppo.settings.MediaStreamVolumeDealReciever (has extras) }, ordered=true, receiver=com.oppo.settings.MediaStreamVolumeDealReciever@428d52d8
D/AudioService( 1909): isFmOn GetFmEnable=false
V/AudioService( 1909): getActiveStreamType: Forcing STREAM_RING b/c default
D/AudioService( 1909): adjustStreamVolume() stream=2, dir=0
D/AppOps  ( 1909): noteOperation: allowing code 35 uid 10275 package com.sixty.nidoneClient
D/ActivityThread(11450): BDC-RECEIVER handled : 0 / ReceiverData{intent=Intent { act=android.media.VOLUME_CHANGED_ACTION flg=0x10 cmp=com.android.settings/com.oppo.settings.MediaStreamVolumeDealReciever (has extras) } packageName=com.android.settings resultCode=-1 resultData=null resultExtras=null}
D/AudioService( 1909): sendVolumeUpdate: StreamType = 2, oldIndex = 5, newIndex = 5
D/dalvikvm(12323): LinearAlloc 0x0 used 1393748 of 33554432 (4%)
V/ActivityManager( 1909): Broadcast: Intent { act=android.media.VOLUME_CHANGED_ACTION flg=0x10 (has extras) } ordered=false userid=-1 callerApp=ProcessRecord{4272b1e0 1909:system/1000}
D/ADB_SERVICES( 8271):  closing because is_eof=1 r=-1 s->fde.force_eof=0
W/ADB_SERVICES( 8271): entered. LS(439) fd=15
W/AudioService( 1909): notifyRingerVolumeChanged falled, because there are no listener!
I/        (  245): [BWC INFO](245): get_bwc_mm_property success
D/AudioManager( 9136): adjustSuggestedStreamVolume: Direction = 0, streamType = -2147483648
D/AudioService( 1909): adjustSuggestedStreamVolume() stream=-2147483648
D/PhoneInterfaceManager( 4362): state = IDLE
D/AudioALSAHardware(  249): +getParameters(), key = GetFmEnable
D/AudioALSAHardware(  249): -getParameters(), return "GetFmEnable=false"
D/BTIF_bt_audio_a2dp_hw(  249): [A2DP_HW] [adev_get_parameters@1362]
I/str_params(  249): key: 'GetFmEnable' value: ''
D/AudioService( 1909): isFmOn GetFmEnable=false
V/AudioService( 1909): getActiveStreamType: Forcing STREAM_RING b/c default
D/AudioService( 1909): adjustStreamVolume() stream=2, dir=0
D/AppOps  ( 1909): noteOperation: allowing code 35 uid 10275 package com.sixty.nidoneClient
D/AudioService( 1909): sendVolumeUpdate: StreamType = 2, oldIndex = 5, newIndex = 5
V/ActivityManager( 1909): Broadcast: Intent { act=android.media.VOLUME_CHANGED_ACTION flg=0x10 (has extras) } ordered=false userid=-1 callerApp=ProcessRecord{4272b1e0 1909:system/1000}
D/ActivityThread(11450): BDC-Calling onReceive: intent=Intent { act=android.media.VOLUME_CHANGED_ACTION flg=0x10 cmp=com.android.settings/com.oppo.settings.MediaStreamVolumeDealReciever (has extras) }, ordered=true, receiver=com.oppo.settings.MediaStreamVolumeDealReciever@428d75b0
W/AudioService( 1909): notifyRingerVolumeChanged falled, because there are no listener!
D/ActivityThread(11450): BDC-RECEIVER handled : 0 / ReceiverData{intent=Intent { act=android.media.VOLUME_CHANGED_ACTION flg=0x10 cmp=com.android.settings/com.oppo.settings.MediaStreamVolumeDealReciever (has extras) } packageName=com.android.settings resultCode=-1 resultData=null resultExtras=null}
D/WindowManager( 1909): interceptKeyTq: result=1 keycode=166 screenIsOn=true keyguardActive=false policyFlags = #b000000 down =false canceled = false isWakeKey=false mVolumeDownKeyTriggered =false mVolumeUpKeyTriggered =false
D/ActivityThread(11450): BDC-Calling onReceive: intent=Intent { act=android.media.VOLUME_CHANGED_ACTION flg=0x10 cmp=com.android.settings/com.oppo.settings.MediaStreamVolumeDealReciever (has extras) }, ordered=true, receiver=com.oppo.settings.MediaStreamVolumeDealReciever@428d9888
D/ActivityThread(11450): BDC-RECEIVER handled : 0 / ReceiverData{intent=Intent { act=android.media.VOLUME_CHANGED_ACTION flg=0x10 cmp=com.android.settings/com.oppo.settings.MediaStreamVolumeDealReciever (has extras) } packageName=com.android.settings resultCode=-1 resultData=null resultExtras=null}
D/WindowManager( 1909): interceptKeyTi keyCode=166 down=false repeatCount=0 keyguardOn=false mHomePressed=false canceled=false metaState:0
D/AudioManager( 9136): adjustSuggestedStreamVolume: Direction = 0, streamType = -2147483648
D/AudioService( 1909): adjustSuggestedStreamVolume() stream=-2147483648
D/PhoneInterfaceManager( 4362): state = IDLE
V/Provider/Settings( 1909): get setting for user 0 by user 0 so skipping cache
V/Provider/Settings( 1909):  from settings cache , name = enabled_input_methods , value = com.sohu.inputmethod.sogouoem/.SogouIME
V/Provider/Settings( 1909): get setting for user 0 by user 0 so skipping cache
V/Provider/Settings( 1909):  from settings cache , name = enabled_input_methods , value = com.sohu.inputmethod.sogouoem/.SogouIME
D/AudioALSAHardware(  249): +getParameters(), key = GetFmEnable
D/AudioALSAHardware(  249): -getParameters(), return "GetFmEnable=false"
D/BTIF_bt_audio_a2dp_hw(  249): [A2DP_HW] [adev_get_parameters@1362]
I/str_params(  249): key: 'GetFmEnable' value: ''
D/AudioService( 1909): isFmOn GetFmEnable=false
V/AudioService( 1909): getActiveStreamType: Forcing STREAM_RING b/c default
D/AudioService( 1909): adjustStreamVolume() stream=2, dir=0
D/AppOps  ( 1909): noteOperation: allowing code 35 uid 10275 package com.sixty.nidoneClient
D/AudioService( 1909): sendVolumeUpdate: StreamType = 2, oldIndex = 5, newIndex = 5
V/ActivityManager( 1909): Broadcast: Intent { act=android.media.VOLUME_CHANGED_ACTION flg=0x10 (has extras) } ordered=false userid=-1 callerApp=ProcessRecord{4272b1e0 1909:system/1000}
W/AudioService( 1909): notifyRingerVolumeChanged falled, because there are no listener!
D/AudioManager( 9136): adjustSuggestedStreamVolume: Direction = 0, streamType = -2147483648
D/AudioService( 1909): adjustSuggestedStreamVolume() stream=-2147483648
D/PhoneInterfaceManager( 4362): state = IDLE
D/AudioALSAHardware(  249): +getParameters(), key = GetFmEnable
D/AudioALSAHardware(  249): -getParameters(), return "GetFmEnable=false"
D/BTIF_bt_audio_a2dp_hw(  249): [A2DP_HW] [adev_get_parameters@1362]
I/str_params(  249): key: 'GetFmEnable' value: ''
D/AudioService( 1909): isFmOn GetFmEnable=false
V/AudioService( 1909): getActiveStreamType: Forcing STREAM_RING b/c default
D/AudioService( 1909): adjustStreamVolume() stream=2, dir=0
D/AppOps  ( 1909): noteOperation: allowing code 35 uid 10275 package com.sixty.nidoneClient
D/AudioService( 1909): sendVolumeUpdate: StreamType = 2, oldIndex = 5, newIndex = 5
V/ActivityManager( 1909): Broadcast: Intent { act=android.media.VOLUME_CHANGED_ACTION flg=0x10 (has extras) } ordered=false userid=-1 callerApp=ProcessRecord{4272b1e0 1909:system/1000}
D/ActivityThread(11450): BDC-Calling onReceive: intent=Intent { act=android.media.VOLUME_CHANGED_ACTION flg=0x10 cmp=com.android.settings/com.oppo.settings.MediaStreamVolumeDealReciever (has extras) }, ordered=true, receiver=com.oppo.settings.MediaStreamVolumeDealReciever@428dbb60
W/AudioService( 1909): notifyRingerVolumeChanged falled, because there are no listener!
D/ActivityThread(11450): BDC-RECEIVER handled : 0 / ReceiverData{intent=Intent { act=android.media.VOLUME_CHANGED_ACTION flg=0x10 cmp=com.android.settings/com.oppo.settings.MediaStreamVolumeDealReciever (has extras) } packageName=com.android.settings resultCode=-1 resultData=null resultExtras=null}
I/        (  245): [BWC INFO](245): get_bwc_mm_property success
D/AudioManager( 9136): adjustSuggestedStreamVolume: Direction = 0, streamType = -2147483648
D/AudioService( 1909): adjustSuggestedStreamVolume() stream=-2147483648
D/PhoneInterfaceManager( 4362): state = IDLE
W/ADB_SERVICES( 8271): create_local_service_socket() name=shell:cat /proc/meminfo
W/ADB_SERVICES( 8271): service_to_fd() name=shell:cat /proc/meminfo
D/AudioALSAHardware(  249): +getParameters(), key = GetFmEnable
D/AudioALSAHardware(  249): -getParameters(), return "GetFmEnable=false"
D/BTIF_bt_audio_a2dp_hw(  249): [A2DP_HW] [adev_get_parameters@1362]
I/str_params(  249): key: 'GetFmEnable' value: ''
D/AudioService( 1909): isFmOn GetFmEnable=false
V/AudioService( 1909): getActiveStreamType: Forcing STREAM_RING b/c default
D/AudioService( 1909): adjustStreamVolume() stream=2, dir=0
D/AppOps  ( 1909): noteOperation: allowing code 35 uid 10275 package com.sixty.nidoneClient
W/ADB_SERVICES( 8271): read_meminfo() mem_free=594532
D/AudioService( 1909): sendVolumeUpdate: StreamType = 2, oldIndex = 5, newIndex = 5
W/ADB_SERVICES( 8271): create_subprocess() ret_fd=15 pid=12342
W/ADB_SERVICES( 8271): LS(441): bound to 'shell:cat /proc/meminfo' via 15
W/ADB_SERVICES(12342): adb: unable to open /proc/12342/oom_adj
D/ActivityThread(11450): BDC-Calling onReceive: intent=Intent { act=android.media.VOLUME_CHANGED_ACTION flg=0x10 cmp=com.android.settings/com.oppo.settings.MediaStreamVolumeDealReciever (has extras) }, ordered=true, receiver=com.oppo.settings.MediaStreamVolumeDealReciever@428dde38
V/ActivityManager( 1909): Broadcast: Intent { act=android.media.VOLUME_CHANGED_ACTION flg=0x10 (has extras) } ordered=false userid=-1 callerApp=ProcessRecord{4272b1e0 1909:system/1000}
D/ActivityThread(11450): BDC-RECEIVER handled : 0 / ReceiverData{intent=Intent { act=android.media.VOLUME_CHANGED_ACTION flg=0x10 cmp=com.android.settings/com.oppo.settings.MediaStreamVolumeDealReciever (has extras) } packageName=com.android.settings resultCode=-1 resultData=null resultExtras=null}
W/AudioService( 1909): notifyRingerVolumeChanged falled, because there are no listener!
D/AudioManager( 9136): adjustSuggestedStreamVolume: Direction = 0, streamType = -2147483648
D/AudioService( 1909): adjustSuggestedStreamVolume() stream=-2147483648
D/PhoneInterfaceManager( 4362): state = IDLE
D/AudioALSAHardware(  249): +getParameters(), key = GetFmEnable
D/AudioALSAHardware(  249): -getParameters(), return "GetFmEnable=false"
D/BTIF_bt_audio_a2dp_hw(  249): [A2DP_HW] [adev_get_parameters@1362]
I/str_params(  249): key: 'GetFmEnable' value: ''
D/AudioService( 1909): isFmOn GetFmEnable=false
V/AudioService( 1909): getActiveStreamType: Forcing STREAM_RING b/c default
D/AudioService( 1909): adjustStreamVolume() stream=2, dir=0
D/AppOps  ( 1909): noteOperation: allowing code 35 uid 10275 package com.sixty.nidoneClient
D/AudioService( 1909): sendVolumeUpdate: StreamType = 2, oldIndex = 5, newIndex = 5
D/ADB_SERVICES( 8271):  closing because is_eof=1 r=1 s->fde.force_eof=0
W/ADB_SERVICES( 8271): entered. LS(441) fd=15
D/ActivityThread(11450): BDC-Calling onReceive: intent=Intent { act=android.media.VOLUME_CHANGED_ACTION flg=0x10 cmp=com.android.settings/com.oppo.settings.MediaStreamVolumeDealReciever (has extras) }, ordered=true, receiver=com.oppo.settings.MediaStreamVolumeDealReciever@428e0110
V/ActivityManager( 1909): Broadcast: Intent { act=android.media.VOLUME_CHANGED_ACTION flg=0x10 (has extras) } ordered=false userid=-1 callerApp=ProcessRecord{4272b1e0 1909:system/1000}
D/ActivityThread(11450): BDC-RECEIVER handled : 0 / ReceiverData{intent=Intent { act=android.media.VOLUME_CHANGED_ACTION flg=0x10 cmp=com.android.settings/com.oppo.settings.MediaStreamVolumeDealReciever (has extras) } packageName=com.android.settings resultCode=-1 resultData=null resultExtras=null}
W/AudioService( 1909): notifyRingerVolumeChanged falled, because there are no listener!
D/AudioManager( 9136): adjustSuggestedStreamVolume: Direction = 0, streamType = -2147483648
D/AudioService( 1909): adjustSuggestedStreamVolume() stream=-2147483648
D/PhoneInterfaceManager( 4362): state = IDLE
D/AudioALSAHardware(  249): +getParameters(), key = GetFmEnable
D/AudioALSAHardware(  249): -getParameters(), return "GetFmEnable=false"
D/BTIF_bt_audio_a2dp_hw(  249): [A2DP_HW] [adev_get_parameters@1362]
I/str_params(  249): key: 'GetFmEnable' value: ''
D/AudioService( 1909): isFmOn GetFmEnable=false
V/AudioService( 1909): getActiveStreamType: Forcing STREAM_RING b/c default
D/AudioService( 1909): adjustStreamVolume() stream=2, dir=0
D/AppOps  ( 1909): noteOperation: allowing code 35 uid 10275 package com.sixty.nidoneClient
D/AudioService( 1909): sendVolumeUpdate: StreamType = 2, oldIndex = 5, newIndex = 5
D/ActivityThread(11450): BDC-Calling onReceive: intent=Intent { act=android.media.VOLUME_CHANGED_ACTION flg=0x10 cmp=com.android.settings/com.oppo.settings.MediaStreamVolumeDealReciever (has extras) }, ordered=true, receiver=com.oppo.settings.MediaStreamVolumeDealReciever@428e23e8
V/ActivityManager( 1909): Broadcast: Intent { act=android.media.VOLUME_CHANGED_ACTION flg=0x10 (has extras) } ordered=false userid=-1 callerApp=ProcessRecord{4272b1e0 1909:system/1000}
D/ActivityThread(11450): BDC-RECEIVER handled : 0 / ReceiverData{intent=Intent { act=android.media.VOLUME_CHANGED_ACTION flg=0x10 cmp=com.android.settings/com.oppo.settings.MediaStreamVolumeDealReciever (has extras) } packageName=com.android.settings resultCode=-1 resultData=null resultExtras=null}
W/AudioService( 1909): notifyRingerVolumeChanged falled, because there are no listener!
D/AudioManager( 9136): adjustSuggestedStreamVolume: Direction = 0, streamType = -2147483648
D/AudioService( 1909): adjustSuggestedStreamVolume() stream=-2147483648
D/PhoneInterfaceManager( 4362): state = IDLE
D/AudioALSAHardware(  249): +getParameters(), key = GetFmEnable
D/AudioALSAHardware(  249): -getParameters(), return "GetFmEnable=false"
D/BTIF_bt_audio_a2dp_hw(  249): [A2DP_HW] [adev_get_parameters@1362]
I/str_params(  249): key: 'GetFmEnable' value: ''
D/AudioService( 1909): isFmOn GetFmEnable=false
V/AudioService( 1909): getActiveStreamType: Forcing STREAM_RING b/c default
D/AudioService( 1909): adjustStreamVolume() stream=2, dir=0
D/AppOps  ( 1909): noteOperation: allowing code 35 uid 10275 package com.sixty.nidoneClient
D/AudioService( 1909): sendVolumeUpdate: StreamType = 2, oldIndex = 5, newIndex = 5
D/ActivityThread(11450): BDC-Calling onReceive: intent=Intent { act=android.media.VOLUME_CHANGED_ACTION flg=0x10 cmp=com.android.settings/com.oppo.settings.MediaStreamVolumeDealReciever (has extras) }, ordered=true, receiver=com.oppo.settings.MediaStreamVolumeDealReciever@428e46c0
V/ActivityManager( 1909): Broadcast: Intent { act=android.media.VOLUME_CHANGED_ACTION flg=0x10 (has extras) } ordered=false userid=-1 callerApp=ProcessRecord{4272b1e0 1909:system/1000}
D/ActivityThread(11450): BDC-RECEIVER handled : 0 / ReceiverData{intent=Intent { act=android.media.VOLUME_CHANGED_ACTION flg=0x10 cmp=com.android.settings/com.oppo.settings.MediaStreamVolumeDealReciever (has extras) } packageName=com.android.settings resultCode=-1 resultData=null resultExtras=null}
W/AudioService( 1909): notifyRingerVolumeChanged falled, because there are no listener!
I/        (  245): [BWC INFO](245): get_bwc_mm_property success
D/AudioManager( 9136): adjustSuggestedStreamVolume: Direction = 0, streamType = -2147483648
D/AudioService( 1909): adjustSuggestedStreamVolume() stream=-2147483648
D/PhoneInterfaceManager( 4362): state = IDLE
D/AudioALSAHardware(  249): +getParameters(), key = GetFmEnable
D/AudioALSAHardware(  249): -getParameters(), return "GetFmEnable=false"
D/BTIF_bt_audio_a2dp_hw(  249): [A2DP_HW] [adev_get_parameters@1362]
I/str_params(  249): key: 'GetFmEnable' value: ''
D/AudioService( 1909): isFmOn GetFmEnable=false
V/AudioService( 1909): getActiveStreamType: Forcing STREAM_RING b/c default
D/AudioService( 1909): adjustStreamVolume() stream=2, dir=0
D/AppOps  ( 1909): noteOperation: allowing code 35 uid 10275 package com.sixty.nidoneClient
D/AudioService( 1909): sendVolumeUpdate: StreamType = 2, oldIndex = 5, newIndex = 5
D/ActivityThread(11450): BDC-Calling onReceive: intent=Intent { act=android.media.VOLUME_CHANGED_ACTION flg=0x10 cmp=com.android.settings/com.oppo.settings.MediaStreamVolumeDealReciever (has extras) }, ordered=true, receiver=com.oppo.settings.MediaStreamVolumeDealReciever@428e6998
V/ActivityManager( 1909): Broadcast: Intent { act=android.media.VOLUME_CHANGED_ACTION flg=0x10 (has extras) } ordered=false userid=-1 callerApp=ProcessRecord{4272b1e0 1909:system/1000}
D/ActivityThread(11450): BDC-RECEIVER handled : 0 / ReceiverData{intent=Intent { act=android.media.VOLUME_CHANGED_ACTION flg=0x10 cmp=com.android.settings/com.oppo.settings.MediaStreamVolumeDealReciever (has extras) } packageName=com.android.settings resultCode=-1 resultData=null resultExtras=null}
W/AudioService( 1909): notifyRingerVolumeChanged falled, because there are no listener!
D/AudioManager( 9136): adjustSuggestedStreamVolume: Direction = 0, streamType = -2147483648
D/AudioService( 1909): adjustSuggestedStreamVolume() stream=-2147483648
D/PhoneInterfaceManager( 4362): state = IDLE
D/AudioALSAHardware(  249): +getParameters(), key = GetFmEnable
D/AudioALSAHardware(  249): -getParameters(), return "GetFmEnable=false"
D/BTIF_bt_audio_a2dp_hw(  249): [A2DP_HW] [adev_get_parameters@1362]
I/str_params(  249): key: 'GetFmEnable' value: ''
D/AudioService( 1909): isFmOn GetFmEnable=false
V/AudioService( 1909): getActiveStreamType: Forcing STREAM_RING b/c default
D/AudioService( 1909): adjustStreamVolume() stream=2, dir=0
D/AppOps  ( 1909): noteOperation: allowing code 35 uid 10275 package com.sixty.nidoneClient
D/AudioService( 1909): sendVolumeUpdate: StreamType = 2, oldIndex = 5, newIndex = 5
D/ActivityThread(11450): BDC-Calling onReceive: intent=Intent { act=android.media.VOLUME_CHANGED_ACTION flg=0x10 cmp=com.android.settings/com.oppo.settings.MediaStreamVolumeDealReciever (has extras) }, ordered=true, receiver=com.oppo.settings.MediaStreamVolumeDealReciever@428e8c70
V/ActivityManager( 1909): Broadcast: Intent { act=android.media.VOLUME_CHANGED_ACTION flg=0x10 (has extras) } ordered=false userid=-1 callerApp=ProcessRecord{4272b1e0 1909:system/1000}
D/ActivityThread(11450): BDC-RECEIVER handled : 0 / ReceiverData{intent=Intent { act=android.media.VOLUME_CHANGED_ACTION flg=0x10 cmp=com.android.settings/com.oppo.settings.MediaStreamVolumeDealReciever (has extras) } packageName=com.android.settings resultCode=-1 resultData=null resultExtras=null}
W/AudioService( 1909): notifyRingerVolumeChanged falled, because there are no listener!
D/AudioManager( 9136): adjustSuggestedStreamVolume: Direction = 0, streamType = -2147483648
D/AudioService( 1909): adjustSuggestedStreamVolume() stream=-2147483648
W/ADB_SERVICES( 8271): create_local_service_socket() name=shell:cat /system/build.prop
W/ADB_SERVICES( 8271): service_to_fd() name=shell:cat /system/build.prop
D/PhoneInterfaceManager( 4362): state = IDLE
W/ADB_SERVICES( 8271): read_meminfo() mem_free=594548
D/AudioALSAHardware(  249): +getParameters(), key = GetFmEnable
D/AudioALSAHardware(  249): -getParameters(), return "GetFmEnable=false"
D/BTIF_bt_audio_a2dp_hw(  249): [A2DP_HW] [adev_get_parameters@1362]
I/str_params(  249): key: 'GetFmEnable' value: ''
D/AudioService( 1909): isFmOn GetFmEnable=false
V/AudioService( 1909): getActiveStreamType: Forcing STREAM_RING b/c default
D/AudioService( 1909): adjustStreamVolume() stream=2, dir=0
W/ADB_SERVICES( 8271): create_subprocess() ret_fd=15 pid=12343
W/ADB_SERVICES( 8271): LS(442): bound to 'shell:cat /system/build.prop' via 15
D/AppOps  ( 1909): noteOperation: allowing code 35 uid 10275 package com.sixty.nidoneClient
W/ADB_SERVICES(12343): adb: unable to open /proc/12343/oom_adj
D/AudioService( 1909): sendVolumeUpdate: StreamType = 2, oldIndex = 5, newIndex = 5
D/ActivityThread(11450): BDC-Calling onReceive: intent=Intent { act=android.media.VOLUME_CHANGED_ACTION flg=0x10 cmp=com.android.settings/com.oppo.settings.MediaStreamVolumeDealReciever (has extras) }, ordered=true, receiver=com.oppo.settings.MediaStreamVolumeDealReciever@428eaf48
V/ActivityManager( 1909): Broadcast: Intent { act=android.media.VOLUME_CHANGED_ACTION flg=0x10 (has extras) } ordered=false userid=-1 callerApp=ProcessRecord{4272b1e0 1909:system/1000}
D/ActivityThread(11450): BDC-RECEIVER handled : 0 / ReceiverData{intent=Intent { act=android.media.VOLUME_CHANGED_ACTION flg=0x10 cmp=com.android.settings/com.oppo.settings.MediaStreamVolumeDealReciever (has extras) } packageName=com.android.settings resultCode=-1 resultData=null resultExtras=null}
W/AudioService( 1909): notifyRingerVolumeChanged falled, because there are no listener!
D/AudioManager( 9136): adjustSuggestedStreamVolume: Direction = 0, streamType = -2147483648
D/AudioService( 1909): adjustSuggestedStreamVolume() stream=-2147483648
D/PhoneInterfaceManager( 4362): state = IDLE
D/AudioALSAHardware(  249): +getParameters(), key = GetFmEnable
D/AudioALSAHardware(  249): -getParameters(), return "GetFmEnable=false"
D/BTIF_bt_audio_a2dp_hw(  249): [A2DP_HW] [adev_get_parameters@1362]
I/str_params(  249): key: 'GetFmEnable' value: ''
D/AudioService( 1909): isFmOn GetFmEnable=false
D/ADB_SERVICES( 8271):  closing because is_eof=1 r=1 s->fde.force_eof=0
W/ADB_SERVICES( 8271): entered. LS(442) fd=15
V/AudioService( 1909): getActiveStreamType: Forcing STREAM_RING b/c default
D/AudioService( 1909): adjustStreamVolume() stream=2, dir=0
D/AppOps  ( 1909): noteOperation: allowing code 35 uid 10275 package com.sixty.nidoneClient
D/AudioService( 1909): sendVolumeUpdate: StreamType = 2, oldIndex = 5, newIndex = 5
D/ActivityThread(11450): BDC-Calling onReceive: intent=Intent { act=android.media.VOLUME_CHANGED_ACTION flg=0x10 cmp=com.android.settings/com.oppo.settings.MediaStreamVolumeDealReciever (has extras) }, ordered=true, receiver=com.oppo.settings.MediaStreamVolumeDealReciever@428ed220
V/ActivityManager( 1909): Broadcast: Intent { act=android.media.VOLUME_CHANGED_ACTION flg=0x10 (has extras) } ordered=false userid=-1 callerApp=ProcessRecord{4272b1e0 1909:system/1000}
D/ActivityThread(11450): BDC-RECEIVER handled : 0 / ReceiverData{intent=Intent { act=android.media.VOLUME_CHANGED_ACTION flg=0x10 cmp=com.android.settings/com.oppo.settings.MediaStreamVolumeDealReciever (has extras) } packageName=com.android.settings resultCode=-1 resultData=null resultExtras=null}
W/AudioService( 1909): notifyRingerVolumeChanged falled, because there are no listener!
I/        (  245): [BWC INFO](245): get_bwc_mm_property success
D/ActivityThread(11450): BDC-Calling onReceive: intent=Intent { act=android.media.VOLUME_CHANGED_ACTION flg=0x10 cmp=com.android.settings/com.oppo.settings.MediaStreamVolumeDealReciever (has extras) }, ordered=true, receiver=com.oppo.settings.MediaStreamVolumeDealReciever@428ef4f8
D/ActivityThread(11450): BDC-RECEIVER handled : 0 / ReceiverData{intent=Intent { act=android.media.VOLUME_CHANGED_ACTION flg=0x10 cmp=com.android.settings/com.oppo.settings.MediaStreamVolumeDealReciever (has extras) } packageName=com.android.settings resultCode=-1 resultData=null resultExtras=null}
D/WindowManager( 1909): interceptKeyTq: result=1 keycode=21 screenIsOn=true keyguardActive=false policyFlags = #b000000 down =true canceled = false isWakeKey=false mVolumeDownKeyTriggered =false mVolumeUpKeyTriggered =false
D/WindowManager( 1909): interceptKeyTi keyCode=21 down=true repeatCount=0 keyguardOn=false mHomePressed=false canceled=false metaState:0
D/AudioManager( 9136): adjustSuggestedStreamVolume: Direction = 0, streamType = -2147483648
D/AudioService( 1909): adjustSuggestedStreamVolume() stream=-2147483648
