D/WifiStateMachine( 1909): mLastSignalLevel:4, newSignalLevel:4
D/WifiStateMachine( 1909): fetchRssiAndLinkSpeedNative, ipAddr:-1711271764
I/thermal_repeater(  279): oh, queryMdThermalInfo (0)Bad file number
I/thermal_repeater(  279): [recvMdThermalInfo] ret=35, strLen=127,  0, 32767, -127, 28676, 32767, 1680
D/WifiStateMachine( 1909): ConnectedState{ when=-2ms what=131155 arg1=11 target=com.android.internal.util.StateMachine$SmHandler target=Handler (com.android.internal.util.StateMachine$SmHandler) {43155f58} }
D/WifiStateMachine( 1909): L2ConnectedState{ when=-3ms what=131155 arg1=11 target=com.android.internal.util.StateMachine$SmHandler target=Handler (com.android.internal.util.StateMachine$SmHandler) {43155f58} }
D/WifiHW  ( 1909): enter -->wifi_send_command cmd=IFNAME=wlan0 SIGNAL_POLL
D/wpa_supplicant( 4185): RX ctrl_iface - hexdump(len=11): 53 49 47 4e 41 4c 5f 50 4f 4c 4c
D/wpa_supplicant( 4185): wlan0: Control interface command 'SIGNAL_POLL'
D/wpa_supplicant( 4185): nl80211: survey data missing!
D/wpa_supplicant( 4185): signal poll, reply_len=48
D/wpa_ctrl( 1909): reply_len=4095
D/WifiHW  ( 1909): leave --> reply=RSSI=-40
D/WifiHW  ( 1909): LINKSPEED=65
D/WifiHW  ( 1909): NOISE=9999
D/WifiHW  ( 1909): FREQUENCY=2412
D/WifiHW  ( 1909): 
D/wifi    ( 1909): doStringCommand, buf IFNAME=wlan0 SIGNAL_POLL
I/WifiStateMachine( 1909): fetchRssiAndLinkSpeedNative, newRssi:-40, newLinkSpeed:65, SSID:"60_dev_01"
D/WifiStateMachine( 1909): mRssiArray[0] = -39
D/WifiStateMachine( 1909): mRssiArray[1] = -39
D/WifiStateMachine( 1909): mRssiArray[2] = -40
D/WifiStateMachine( 1909): mRssiArray[3] = -40
D/WifiStateMachine( 1909): mRssiArray[4] = -40
D/WifiStateMachine( 1909): GetFilterRssi is : -39
D/WifiStateMachine( 1909): mLastSignalLevel:4, newSignalLevel:4
D/WifiStateMachine( 1909): fetchRssiAndLinkSpeedNative, ipAddr:-1711271764
D/dalvikvm( 4619): create interp thread : stack size=128KB
D/dalvikvm( 4619): create new thread
D/dalvikvm( 4619): new thread created
D/dalvikvm( 4619): update thread list
D/dalvikvm( 4619): threadid=21: interp stack at 0x7c10e000
D/dalvikvm( 4619): threadid=21: created from interp
D/dalvikvm( 4619): start new thread
D/dalvikvm( 4619): threadid=21: notify debugger
D/dalvikvm( 4619): threadid=21 (Thread-392): calling run()
I/KSO_STAT( 4619): App is in background, stop update end time, ready to start a new session.
D/SQLiteDatabase( 4619): beginTransaction()
D/SQLiteDatabase( 4619): endTransaction()
D/dalvikvm( 4619): threadid=21: exiting
D/dalvikvm( 4619): threadid=21: bye!
V/ActivityManager( 1909): Broadcast sticky: Intent { act=android.intent.action.ADDITIONAL_BATTERY_CHANGED flg=0x60000010 (has extras) } ordered=false userid=-1 callerApp=null
V/ActivityManager( 1909): Broadcast sticky: Intent { act=android.intent.action.ADDITIONAL_BATTERY_CHANGED flg=0x60000010 (has extras) } ordered=false userid=-1 callerApp=null
V/ActivityManager( 1909): Broadcast sticky: Intent { act=android.intent.action.ADDITIONAL_BATTERY_CHANGED flg=0x60000010 (has extras) } ordered=false userid=-1 callerApp=null
D/WifiStateMachine( 1909): ConnectedState{ when=-3ms what=131155 arg1=11 target=com.android.internal.util.StateMachine$SmHandler target=Handler (com.android.internal.util.StateMachine$SmHandler) {43155f58} }
D/WifiStateMachine( 1909): L2ConnectedState{ when=-3ms what=131155 arg1=11 target=com.android.internal.util.StateMachine$SmHandler target=Handler (com.android.internal.util.StateMachine$SmHandler) {43155f58} }
D/WifiHW  ( 1909): enter -->wifi_send_command cmd=IFNAME=wlan0 SIGNAL_POLL
D/wpa_supplicant( 4185): RX ctrl_iface - hexdump(len=11): 53 49 47 4e 41 4c 5f 50 4f 4c 4c
D/wpa_supplicant( 4185): wlan0: Control interface command 'SIGNAL_POLL'
D/wpa_supplicant( 4185): nl80211: survey data missing!
D/wpa_supplicant( 4185): signal poll, reply_len=48
D/wpa_ctrl( 1909): reply_len=4095
D/WifiHW  ( 1909): leave --> reply=RSSI=-39
D/WifiHW  ( 1909): LINKSPEED=65
D/WifiHW  ( 1909): NOISE=9999
D/WifiHW  ( 1909): FREQUENCY=2412
D/WifiHW  ( 1909): 
D/wifi    ( 1909): doStringCommand, buf IFNAME=wlan0 SIGNAL_POLL
I/WifiStateMachine( 1909): fetchRssiAndLinkSpeedNative, newRssi:-39, newLinkSpeed:65, SSID:"60_dev_01"
D/WifiStateMachine( 1909): mRssiArray[0] = -40
D/WifiStateMachine( 1909): mRssiArray[1] = -39
D/WifiStateMachine( 1909): mRssiArray[2] = -40
D/WifiStateMachine( 1909): mRssiArray[3] = -40
D/WifiStateMachine( 1909): mRssiArray[4] = -40
D/WifiStateMachine( 1909): GetFilterRssi is : -39
D/WifiStateMachine( 1909): mLastSignalLevel:4, newSignalLevel:4
D/WifiStateMachine( 1909): fetchRssiAndLinkSpeedNative, ipAddr:-1711271764
D/dalvikvm( 4619): create interp thread : stack size=128KB
D/dalvikvm( 4619): create new thread
D/dalvikvm( 4619): new thread created
D/dalvikvm( 4619): update thread list
D/dalvikvm( 4619): threadid=21: interp stack at 0x7c10e000
D/dalvikvm( 4619): threadid=21: created from interp
D/dalvikvm( 4619): start new thread
D/dalvikvm( 4619): threadid=21: notify debugger
D/dalvikvm( 4619): threadid=21 (Thread-393): calling run()
I/KSO_STAT( 4619): App is in background, stop update end time, ready to start a new session.
D/SQLiteDatabase( 4619): beginTransaction()
D/SQLiteDatabase( 4619): endTransaction()
D/dalvikvm( 4619): threadid=21: exiting
D/dalvikvm( 4619): threadid=21: bye!
D/PhoneInterfaceManagerEx( 4362): [PhoneIntfMgrEx] hasIccCard  simId=0
D/PhoneInterfaceManagerEx( 4362): [PhoneIntfMgrEx] hasIccCard  simId=1
D/WifiStateMachine( 1909): ConnectedState{ when=-3ms what=131155 arg1=11 target=com.android.internal.util.StateMachine$SmHandler target=Handler (com.android.internal.util.StateMachine$SmHandler) {43155f58} }
D/WifiStateMachine( 1909): L2ConnectedState{ when=-3ms what=131155 arg1=11 target=com.android.internal.util.StateMachine$SmHandler target=Handler (com.android.internal.util.StateMachine$SmHandler) {43155f58} }
D/WifiHW  ( 1909): enter -->wifi_send_command cmd=IFNAME=wlan0 SIGNAL_POLL
D/wpa_supplicant( 4185): RX ctrl_iface - hexdump(len=11): 53 49 47 4e 41 4c 5f 50 4f 4c 4c
D/wpa_supplicant( 4185): wlan0: Control interface command 'SIGNAL_POLL'
D/wpa_supplicant( 4185): nl80211: survey data missing!
D/wpa_supplicant( 4185): signal poll, reply_len=48
D/wpa_ctrl( 1909): reply_len=4095
D/WifiHW  ( 1909): leave --> reply=RSSI=-39
D/WifiHW  ( 1909): LINKSPEED=65
D/WifiHW  ( 1909): NOISE=9999
D/WifiHW  ( 1909): FREQUENCY=2412
D/WifiHW  ( 1909): 
D/wifi    ( 1909): doStringCommand, buf IFNAME=wlan0 SIGNAL_POLL
I/WifiStateMachine( 1909): fetchRssiAndLinkSpeedNative, newRssi:-39, newLinkSpeed:65, SSID:"60_dev_01"
D/WifiStateMachine( 1909): mRssiArray[0] = -40
D/WifiStateMachine( 1909): mRssiArray[1] = -39
D/WifiStateMachine( 1909): mRssiArray[2] = -40
D/WifiStateMachine( 1909): mRssiArray[3] = -40
D/WifiStateMachine( 1909): mRssiArray[4] = -40
D/WifiStateMachine( 1909): GetFilterRssi is : -39
D/WifiStateMachine( 1909): mLastSignalLevel:4, newSignalLevel:4
D/WifiStateMachine( 1909): fetchRssiAndLinkSpeedNative, ipAddr:-1711271764
V/ActivityManager( 1909): Broadcast sticky: Intent { act=android.intent.action.ADDITIONAL_BATTERY_CHANGED flg=0x60000010 (has extras) } ordered=false userid=-1 callerApp=null
V/ActivityManager( 1909): Broadcast sticky: Intent { act=android.intent.action.ADDITIONAL_BATTERY_CHANGED flg=0x60000010 (has extras) } ordered=false userid=-1 callerApp=null
V/ActivityManager( 1909): Broadcast sticky: Intent { act=android.intent.action.ADDITIONAL_BATTERY_CHANGED flg=0x60000010 (has extras) } ordered=false userid=-1 callerApp=null
D/WifiStateMachine( 1909): ConnectedState{ when=-2ms what=131155 arg1=11 target=com.android.internal.util.StateMachine$SmHandler target=Handler (com.android.internal.util.StateMachine$SmHandler) {43155f58} }
D/WifiStateMachine( 1909): L2ConnectedState{ when=-3ms what=131155 arg1=11 target=com.android.internal.util.StateMachine$SmHandler target=Handler (com.android.internal.util.StateMachine$SmHandler) {43155f58} }
D/WifiHW  ( 1909): enter -->wifi_send_command cmd=IFNAME=wlan0 SIGNAL_POLL
D/wpa_supplicant( 4185): RX ctrl_iface - hexdump(len=11): 53 49 47 4e 41 4c 5f 50 4f 4c 4c
D/wpa_supplicant( 4185): wlan0: Control interface command 'SIGNAL_POLL'
D/wpa_supplicant( 4185): nl80211: survey data missing!
D/wpa_supplicant( 4185): signal poll, reply_len=48
D/wpa_ctrl( 1909): reply_len=4095
D/WifiHW  ( 1909): leave --> reply=RSSI=-38
D/WifiHW  ( 1909): LINKSPEED=65
D/WifiHW  ( 1909): NOISE=9999
D/WifiHW  ( 1909): FREQUENCY=2412
D/WifiHW  ( 1909): 
D/wifi    ( 1909): doStringCommand, buf IFNAME=wlan0 SIGNAL_POLL
I/WifiStateMachine( 1909): fetchRssiAndLinkSpeedNative, newRssi:-38, newLinkSpeed:65, SSID:"60_dev_01"
D/WifiStateMachine( 1909): mRssiArray[0] = -40
D/WifiStateMachine( 1909): mRssiArray[1] = -39
D/WifiStateMachine( 1909): mRssiArray[2] = -39
D/WifiStateMachine( 1909): mRssiArray[3] = -40
D/WifiStateMachine( 1909): mRssiArray[4] = -40
D/WifiStateMachine( 1909): GetFilterRssi is : -38
D/WifiStateMachine( 1909): mLastSignalLevel:4, newSignalLevel:4
D/WifiStateMachine( 1909): fetchRssiAndLinkSpeedNative, ipAddr:-1711271764
D/dalvikvm( 4619): create interp thread : stack size=128KB
D/dalvikvm( 4619): create new thread
D/dalvikvm( 4619): new thread created
D/dalvikvm( 4619): update thread list
D/dalvikvm( 4619): threadid=21: interp stack at 0x7c10e000
D/dalvikvm( 4619): threadid=21: created from interp
D/dalvikvm( 4619): start new thread
D/dalvikvm( 4619): threadid=21: notify debugger
D/dalvikvm( 4619): threadid=21 (Thread-394): calling run()
I/KSO_STAT( 4619): App is in background, stop update end time, ready to start a new session.
D/SQLiteDatabase( 4619): beginTransaction()
D/SQLiteDatabase( 4619): endTransaction()
D/dalvikvm( 4619): threadid=21: exiting
D/dalvikvm( 4619): threadid=21: bye!
V/ActivityManager( 1909): Broadcast sticky: Intent { act=android.intent.action.ADDITIONAL_BATTERY_CHANGED flg=0x60000010 (has extras) } ordered=false userid=-1 callerApp=null
V/ActivityManager( 1909): Broadcast sticky: Intent { act=android.intent.action.ADDITIONAL_BATTERY_CHANGED flg=0x60000010 (has extras) } ordered=false userid=-1 callerApp=null
V/ActivityManager( 1909): Broadcast sticky: Intent { act=android.intent.action.ADDITIONAL_BATTERY_CHANGED flg=0x60000010 (has extras) } ordered=false userid=-1 callerApp=null
V/Provider/Settings( 1909): get setting for user 0 by user 0 so skipping cache
V/Provider/Settings( 1909):  from settings cache , name = sys_free_storage_log_interval , value = null
V/Provider/Settings( 1909): get setting for user 0 by user 0 so skipping cache
V/Provider/Settings( 1909):  from settings cache , name = disk_free_change_reporting_threshold , value = null
D/WifiStateMachine( 1909): ConnectedState{ when=-3ms what=131155 arg1=11 target=com.android.internal.util.StateMachine$SmHandler target=Handler (com.android.internal.util.StateMachine$SmHandler) {43155f58} }
D/WifiStateMachine( 1909): L2ConnectedState{ when=-3ms what=131155 arg1=11 target=com.android.internal.util.StateMachine$SmHandler target=Handler (com.android.internal.util.StateMachine$SmHandler) {43155f58} }
D/WifiHW  ( 1909): enter -->wifi_send_command cmd=IFNAME=wlan0 SIGNAL_POLL
D/wpa_supplicant( 4185): RX ctrl_iface - hexdump(len=11): 53 49 47 4e 41 4c 5f 50 4f 4c 4c
D/wpa_supplicant( 4185): wlan0: Control interface command 'SIGNAL_POLL'
D/wpa_supplicant( 4185): nl80211: survey data missing!
D/wpa_supplicant( 4185): signal poll, reply_len=48
D/wpa_ctrl( 1909): reply_len=4095
D/WifiHW  ( 1909): leave --> reply=RSSI=-38
D/WifiHW  ( 1909): LINKSPEED=65
D/WifiHW  ( 1909): NOISE=9999
D/WifiHW  ( 1909): FREQUENCY=2412
D/WifiHW  ( 1909): 
D/wifi    ( 1909): doStringCommand, buf IFNAME=wlan0 SIGNAL_POLL
I/WifiStateMachine( 1909): fetchRssiAndLinkSpeedNative, newRssi:-38, newLinkSpeed:65, SSID:"60_dev_01"
D/WifiStateMachine( 1909): mRssiArray[0] = -40
D/WifiStateMachine( 1909): mRssiArray[1] = -39
D/WifiStateMachine( 1909): mRssiArray[2] = -39
D/WifiStateMachine( 1909): mRssiArray[3] = -38
D/WifiStateMachine( 1909): mRssiArray[4] = -40
D/WifiStateMachine( 1909): GetFilterRssi is : -38
D/WifiStateMachine( 1909): mLastSignalLevel:4, newSignalLevel:4
D/WifiStateMachine( 1909): fetchRssiAndLinkSpeedNative, ipAddr:-1711271764
D/AES     ( 1909): AEEIOCTL_RT_MON_Kick IOCTL,lParam=0. 
D/WifiStateMachine( 1909): ConnectedState{ when=-3ms what=131155 arg1=11 target=com.android.internal.util.StateMachine$SmHandler target=Handler (com.android.internal.util.StateMachine$SmHandler) {43155f58} }
D/WifiStateMachine( 1909): L2ConnectedState{ when=-3ms what=131155 arg1=11 target=com.android.internal.util.StateMachine$SmHandler target=Handler (com.android.internal.util.StateMachine$SmHandler) {43155f58} }
D/WifiHW  ( 1909): enter -->wifi_send_command cmd=IFNAME=wlan0 SIGNAL_POLL
D/wpa_supplicant( 4185): RX ctrl_iface - hexdump(len=11): 53 49 47 4e 41 4c 5f 50 4f 4c 4c
D/wpa_supplicant( 4185): wlan0: Control interface command 'SIGNAL_POLL'
D/dalvikvm( 4619): create interp thread : stack size=128KB
D/dalvikvm( 4619): create new thread
D/dalvikvm( 4619): new thread created
D/dalvikvm( 4619): update thread list
D/dalvikvm( 4619): threadid=21: interp stack at 0x7c10e000
D/dalvikvm( 4619): threadid=21: created from interp
D/dalvikvm( 4619): start new thread
D/dalvikvm( 4619): threadid=21: notify debugger
D/dalvikvm( 4619): threadid=21 (Thread-395): calling run()
I/KSO_STAT( 4619): App is in background, stop update end time, ready to start a new session.
D/SQLiteDatabase( 4619): beginTransaction()
D/SQLiteDatabase( 4619): endTransaction()
D/dalvikvm( 4619): threadid=21: exiting
D/dalvikvm( 4619): threadid=21: bye!
D/wpa_supplicant( 4185): nl80211: survey data missing!
D/wpa_supplicant( 4185): signal poll, reply_len=48
D/wpa_ctrl( 1909): reply_len=4095
D/WifiHW  ( 1909): leave --> reply=RSSI=-40
D/WifiHW  ( 1909): LINKSPEED=65
D/WifiHW  ( 1909): NOISE=9999
D/WifiHW  ( 1909): FREQUENCY=2412
D/WifiHW  ( 1909): 
D/wifi    ( 1909): doStringCommand, buf IFNAME=wlan0 SIGNAL_POLL
I/WifiStateMachine( 1909): fetchRssiAndLinkSpeedNative, newRssi:-40, newLinkSpeed:65, SSID:"60_dev_01"
D/WifiStateMachine( 1909): mRssiArray[0] = -40
D/WifiStateMachine( 1909): mRssiArray[1] = -39
D/WifiStateMachine( 1909): mRssiArray[2] = -39
D/WifiStateMachine( 1909): mRssiArray[3] = -38
D/WifiStateMachine( 1909): mRssiArray[4] = -38
D/WifiStateMachine( 1909): GetFilterRssi is : -39
D/WifiStateMachine( 1909): mLastSignalLevel:4, newSignalLevel:4
D/WifiStateMachine( 1909): fetchRssiAndLinkSpeedNative, ipAddr:-1711271764
V/ActivityManager( 1909): Broadcast sticky: Intent { act=android.intent.action.ADDITIONAL_BATTERY_CHANGED flg=0x60000010 (has extras) } ordered=false userid=-1 callerApp=null
V/ActivityManager( 1909): Broadcast sticky: Intent { act=android.intent.action.ADDITIONAL_BATTERY_CHANGED flg=0x60000010 (has extras) } ordered=false userid=-1 callerApp=null
V/ActivityManager( 1909): Broadcast sticky: Intent { act=android.intent.action.ADDITIONAL_BATTERY_CHANGED flg=0x60000010 (has extras) } ordered=false userid=-1 callerApp=null
D/PhoneInterfaceManagerEx( 4362): [PhoneIntfMgrEx] hasIccCard  simId=0
D/PhoneInterfaceManagerEx( 4362): [PhoneIntfMgrEx] hasIccCard  simId=1
D/WifiStateMachine( 1909): ConnectedState{ when=-1ms what=131155 arg1=11 target=com.android.internal.util.StateMachine$SmHandler target=Handler (com.android.internal.util.StateMachine$SmHandler) {43155f58} }
D/WifiStateMachine( 1909): L2ConnectedState{ when=-2ms what=131155 arg1=11 target=com.android.internal.util.StateMachine$SmHandler target=Handler (com.android.internal.util.StateMachine$SmHandler) {43155f58} }
D/WifiHW  ( 1909): enter -->wifi_send_command cmd=IFNAME=wlan0 SIGNAL_POLL
D/wpa_supplicant( 4185): RX ctrl_iface - hexdump(len=11): 53 49 47 4e 41 4c 5f 50 4f 4c 4c
D/wpa_supplicant( 4185): wlan0: Control interface command 'SIGNAL_POLL'
D/wpa_supplicant( 4185): nl80211: survey data missing!
D/wpa_supplicant( 4185): signal poll, reply_len=48
D/wpa_ctrl( 1909): reply_len=4095
D/WifiHW  ( 1909): leave --> reply=RSSI=-40
D/WifiHW  ( 1909): LINKSPEED=65
D/WifiHW  ( 1909): NOISE=9999
D/WifiHW  ( 1909): FREQUENCY=2412
D/WifiHW  ( 1909): 
D/wifi    ( 1909): doStringCommand, buf IFNAME=wlan0 SIGNAL_POLL
I/WifiStateMachine( 1909): fetchRssiAndLinkSpeedNative, newRssi:-40, newLinkSpeed:65, SSID:"60_dev_01"
D/WifiStateMachine( 1909): mRssiArray[0] = -40
D/WifiStateMachine( 1909): mRssiArray[1] = -39
D/WifiStateMachine( 1909): mRssiArray[2] = -39
D/WifiStateMachine( 1909): mRssiArray[3] = -38
D/WifiStateMachine( 1909): mRssiArray[4] = -38
D/WifiStateMachine( 1909): GetFilterRssi is : -39
D/WifiStateMachine( 1909): mLastSignalLevel:4, newSignalLevel:4
D/WifiStateMachine( 1909): fetchRssiAndLinkSpeedNative, ipAddr:-1711271764
D/dalvikvm( 4619): create interp thread : stack size=128KB
D/dalvikvm( 4619): create new thread
D/dalvikvm( 4619): new thread created
D/dalvikvm( 4619): update thread list
D/dalvikvm( 4619): threadid=21: interp stack at 0x7c10e000
D/dalvikvm( 4619): threadid=21: created from interp
D/dalvikvm( 4619): start new thread
D/dalvikvm( 4619): threadid=21: notify debugger
D/dalvikvm( 4619): threadid=21 (Thread-396): calling run()
I/KSO_STAT( 4619): App is in background, stop update end time, ready to start a new session.
D/SQLiteDatabase( 4619): beginTransaction()
D/SQLiteDatabase( 4619): endTransaction()
D/dalvikvm( 4619): threadid=21: exiting
D/dalvikvm( 4619): threadid=21: bye!
D/WifiStateMachine( 1909): ConnectedState{ when=-3ms what=131155 arg1=11 target=com.android.internal.util.StateMachine$SmHandler target=Handler (com.android.internal.util.StateMachine$SmHandler) {43155f58} }
D/WifiStateMachine( 1909): L2ConnectedState{ when=-3ms what=131155 arg1=11 target=com.android.internal.util.StateMachine$SmHandler target=Handler (com.android.internal.util.StateMachine$SmHandler) {43155f58} }
D/WifiHW  ( 1909): enter -->wifi_send_command cmd=IFNAME=wlan0 SIGNAL_POLL
D/wpa_supplicant( 4185): RX ctrl_iface - hexdump(len=11): 53 49 47 4e 41 4c 5f 50 4f 4c 4c
D/wpa_supplicant( 4185): wlan0: Control interface command 'SIGNAL_POLL'
D/wpa_supplicant( 4185): nl80211: survey data missing!
D/wpa_supplicant( 4185): signal poll, reply_len=48
D/wpa_ctrl( 1909): reply_len=4095
D/WifiHW  ( 1909): leave --> reply=RSSI=-40
D/WifiHW  ( 1909): LINKSPEED=65
D/WifiHW  ( 1909): NOISE=9999
D/WifiHW  ( 1909): FREQUENCY=2412
D/WifiHW  ( 1909): 
D/wifi    ( 1909): doStringCommand, buf IFNAME=wlan0 SIGNAL_POLL
I/WifiStateMachine( 1909): fetchRssiAndLinkSpeedNative, newRssi:-40, newLinkSpeed:65, SSID:"60_dev_01"
D/WifiStateMachine( 1909): mRssiArray[0] = -40
D/WifiStateMachine( 1909): mRssiArray[1] = -40
D/WifiStateMachine( 1909): mRssiArray[2] = -39
D/WifiStateMachine( 1909): mRssiArray[3] = -38
D/WifiStateMachine( 1909): mRssiArray[4] = -38
D/WifiStateMachine( 1909): GetFilterRssi is : -39
D/WifiStateMachine( 1909): mLastSignalLevel:4, newSignalLevel:4
D/WifiStateMachine( 1909): fetchRssiAndLinkSpeedNative, ipAddr:-1711271764
D/dalvikvm( 4436): between the previous GC alloc  6273K
D/dalvikvm( 4436): GC_CONCURRENT freed 6275K (124673), 79% free 3989K/18824K, paused 7ms+2ms, total 60ms
V/AlarmManager( 1909): Checking for alarms... rtc=1513761060000, elapsed=1468388
V/AlarmManager( 1909): sending alarm Alarm{432ac5d8 type 3 android}
V/ActivityManager( 1909): Broadcast: Intent { act=android.intent.action.TIME_TICK flg=0x50000094 (has extras) } ordered=true userid=-1 callerApp=null
D/ActivityThread( 1909): BDC-Calling onReceive: intent=Intent { act=android.intent.action.TIME_TICK flg=0x50000094 (has extras) }, ordered=true, receiver=com.android.server.AlarmManagerService$ClockReceiver@429d07e0, IIntentReceiver=429a62f8
V/AlarmManager( 1909): Received TIME_TICK alarm; rescheduling
V/AlarmManager( 1909): set(PendingIntent{428134f0: PendingIntentRecord{429e3e40 android broadcastIntent}}) : type=3 triggerAtTime=1528387 win=0 tElapsed=1528387 maxElapsed=1528387 interval=0 standalone=true
D/ActivityThread( 1909): BDC-Calling finishReceiver: IIntentReceiver=429a62f8
D/ActivityThread( 4469): BDC-Calling onReceive: intent=Intent { act=android.intent.action.TIME_TICK flg=0x50000094 (has extras) }, ordered=true, receiver=com.oppo.widget.smallweather.NormalWidgetUtil$1@429159c0, IIntentReceiver=428c7f98
V/Provider/Settings( 4469): get setting for user 0 by user 0 so skipping cache
V/Provider/Settings( 4469):  from settings cache , name = time_12_24 , value = 24
V/Provider/Settings( 4469): get setting for user 0 by user 0 so skipping cache
V/Provider/Settings( 4469):  from settings cache , name = date_format , value = 
D/ActivityThread( 4469): BDC-Calling finishReceiver: IIntentReceiver=428c7f98
D/ActivityThread( 7434): BDC-Calling onReceive: intent=Intent { act=android.intent.action.TIME_TICK flg=0x50000094 (has extras) }, ordered=true, receiver=com.oppo.activation.ActivationService$ServiceBroadcastReceiver@42700d20, IIntentReceiver=42700d68
D/PhoneInterfaceManager( 4362): getSimState simId = 0prop = ABSENT
D/PhoneInterfaceManager( 4362): getSimState simId = 1prop = ABSENT
D/ActivityThread( 7434): BDC-Calling finishReceiver: IIntentReceiver=42700d68
V/ActivityManager( 1909): Broadcast sticky: Intent { act=android.intent.action.ADDITIONAL_BATTERY_CHANGED flg=0x60000010 (has extras) } ordered=false userid=-1 callerApp=null
V/ActivityManager( 1909): Broadcast sticky: Intent { act=android.intent.action.ADDITIONAL_BATTERY_CHANGED flg=0x60000010 (has extras) } ordered=false userid=-1 callerApp=null
V/ActivityManager( 1909): Broadcast sticky: Intent { act=android.intent.action.ADDITIONAL_BATTERY_CHANGED flg=0x60000010 (has extras) } ordered=false userid=-1 callerApp=null
D/ActivityThread( 7467): BDC-Calling onReceive: intent=Intent { act=android.intent.action.TIME_TICK flg=0x50000094 (has extras) }, ordered=true, receiver=com.tencent.tbs.common.baseinfo.TBSBroadcastReceiver$c@42aab7a8, IIntentReceiver=427150e8
D/ActivityThread( 7467): BDC-Calling finishReceiver: IIntentReceiver=427150e8
I/Process ( 1909): Sending signal. PID: 8695 SIG: 18
I/Process ( 1909): Sending signal. PID: 12086 SIG: 18
D/ActivityThread(12086): BDC-Calling onReceive: intent=Intent { act=android.intent.action.TIME_TICK flg=0x50000094 (has extras) }, ordered=true, receiver=dei$1@42793f60, IIntentReceiver=427944f0
D/ActivityManager( 1909): getContentProviderImpl: from caller=android.app.ApplicationThreadProxy@4299dba0 (pid=12086, userId=0) to get content provider cn.wps.moffice_eng.preferences cpr=ContentProviderRecord{43917df8 u0 cn.wps.moffice_eng/cn.wps.moffice.persistence.AppDataProvider}
D/ActivityManager( 1909): getContentProviderImpl: updateLruProcessLocked cpr.proc=ProcessRecord{433de0b0 8695:cn.wps.moffice_eng/u0a86}
D/ActivityThread(12086): hoder:android.app.IActivityManager$ContentProviderHolder@42854870,provider,holder.Provider:android.content.ContentProviderProxy@42854ed0
D/dalvikvm(12086): threadid=21: interp stack at 0x7943c000
D/dalvikvm( 8695): threadid=24: interp stack at 0x7a13d000
D/ActivityThread(12086): BDC-Calling finishReceiver: IIntentReceiver=427944f0
D/ActivityThread(12172): BDC-Calling onReceive: intent=Intent { act=android.intent.action.TIME_TICK flg=0x50000094 (has extras) }, ordered=true, receiver=com.oppo.lockutils.OppoLockUtils$1@426e3698, IIntentReceiver=426e5008
D/ActivityThread(12172): BDC-Calling finishReceiver: IIntentReceiver=426e5008
D/ActivityThread(12172): BDC-Calling onReceive: intent=Intent { act=android.intent.action.TIME_TICK flg=0x50000094 (has extras) }, ordered=true, receiver=com.android.keyguard.base.KeyguardUpdateMonitor$3@426f6de8, IIntentReceiver=426f8508
D/ActivityThread(12172): BDC-Calling finishReceiver: IIntentReceiver=426f8508
I/System.out( 5381): [CDS]EAGAIN in Recvfrom
I/System.out( 5381): [CDS]read byte is 0
I/System.out( 5381): [CDS]rx timeout:10000
I/System.out( 5381): [CDS]rx timeout:30000
D/WifiStateMachine( 1909): ConnectedState{ when=-3ms what=131155 arg1=11 target=com.android.internal.util.StateMachine$SmHandler target=Handler (com.android.internal.util.StateMachine$SmHandler) {43155f58} }
D/WifiStateMachine( 1909): L2ConnectedState{ when=-3ms what=131155 arg1=11 target=com.android.internal.util.StateMachine$SmHandler target=Handler (com.android.internal.util.StateMachine$SmHandler) {43155f58} }
D/WifiHW  ( 1909): enter -->wifi_send_command cmd=IFNAME=wlan0 SIGNAL_POLL
D/wpa_supplicant( 4185): RX ctrl_iface - hexdump(len=11): 53 49 47 4e 41 4c 5f 50 4f 4c 4c
D/wpa_supplicant( 4185): wlan0: Control interface command 'SIGNAL_POLL'
D/wpa_supplicant( 4185): nl80211: survey data missing!
D/wpa_supplicant( 4185): signal poll, reply_len=48
D/wpa_ctrl( 1909): reply_len=4095
D/WifiHW  ( 1909): leave --> reply=RSSI=-40
D/WifiHW  ( 1909): LINKSPEED=65
D/WifiHW  ( 1909): NOISE=9999
D/WifiHW  ( 1909): FREQUENCY=2412
D/WifiHW  ( 1909): 
D/wifi    ( 1909): doStringCommand, buf IFNAME=wlan0 SIGNAL_POLL
I/WifiStateMachine( 1909): fetchRssiAndLinkSpeedNative, newRssi:-40, newLinkSpeed:65, SSID:"60_dev_01"
D/WifiStateMachine( 1909): mRssiArray[0] = -40
D/WifiStateMachine( 1909): mRssiArray[1] = -40
D/WifiStateMachine( 1909): mRssiArray[2] = -40
D/WifiStateMachine( 1909): mRssiArray[3] = -38
D/WifiStateMachine( 1909): mRssiArray[4] = -38
D/WifiStateMachine( 1909): GetFilterRssi is : -39
D/WifiStateMachine( 1909): mLastSignalLevel:4, newSignalLevel:4
D/WifiStateMachine( 1909): fetchRssiAndLinkSpeedNative, ipAddr:-1711271764
I/ANRManager( 1909): updateProcessStats
I/ANRManager( 1909): CPU update time < 2.5sec
I/ANRManager( 1909): CPU update time < 2.5sec
I/ANRManager( 1909): CPU update time < 2.5sec
D/dalvikvm( 4536): create interp thread : stack size=128KB
D/dalvikvm( 4536): create new thread
D/dalvikvm( 4536): new thread created
D/dalvikvm( 4536): update thread list
D/dalvikvm( 4536): threadid=35: interp stack at 0x7a473000
D/dalvikvm( 4536): threadid=35: created from interp
D/dalvikvm( 4536): start new thread
D/dalvikvm( 4536): threadid=35: notify debugger
D/dalvikvm( 4536): threadid=35 (CTPl-1-Td-86): calling run()
D/dalvikvm( 4619): create interp thread : stack size=128KB
D/dalvikvm( 4619): create new thread
D/dalvikvm( 4619): new thread created
D/dalvikvm( 4619): update thread list
D/dalvikvm( 4619): threadid=21: interp stack at 0x7c10e000
D/dalvikvm( 4619): threadid=21: created from interp
D/dalvikvm( 4619): start new thread
D/dalvikvm( 4619): threadid=21: notify debugger
D/dalvikvm( 4619): threadid=21 (Thread-397): calling run()
I/KSO_STAT( 4619): App is in background, stop update end time, ready to start a new session.
D/SQLiteDatabase( 4619): beginTransaction()
D/SQLiteDatabase( 4619): endTransaction()
D/dalvikvm( 4619): threadid=21: exiting
D/dalvikvm( 4619): threadid=21: bye!
I/ANRManager( 1909): CPU update time < 2.5sec
V/ActivityManager( 1909): Broadcast sticky: Intent { act=android.intent.action.ADDITIONAL_BATTERY_CHANGED flg=0x60000010 (has extras) } ordered=false userid=-1 callerApp=null
V/ActivityManager( 1909): Broadcast sticky: Intent { act=android.intent.action.ADDITIONAL_BATTERY_CHANGED flg=0x60000010 (has extras) } ordered=false userid=-1 callerApp=null
V/ActivityManager( 1909): Broadcast sticky: Intent { act=android.intent.action.ADDITIONAL_BATTERY_CHANGED flg=0x60000010 (has extras) } ordered=false userid=-1 callerApp=null
I/Process ( 1909): Sending signal. PID: 12086 SIG: 19
D/WifiStateMachine( 1909): ConnectedState{ when=-3ms what=131155 arg1=11 target=com.android.internal.util.StateMachine$SmHandler target=Handler (com.android.internal.util.StateMachine$SmHandler) {43155f58} }
D/WifiStateMachine( 1909): L2ConnectedState{ when=-4ms what=131155 arg1=11 target=com.android.internal.util.StateMachine$SmHandler target=Handler (com.android.internal.util.StateMachine$SmHandler) {43155f58} }
D/WifiHW  ( 1909): enter -->wifi_send_command cmd=IFNAME=wlan0 SIGNAL_POLL
D/wpa_supplicant( 4185): RX ctrl_iface - hexdump(len=11): 53 49 47 4e 41 4c 5f 50 4f 4c 4c
D/wpa_supplicant( 4185): wlan0: Control interface command 'SIGNAL_POLL'
D/wpa_supplicant( 4185): nl80211: survey data missing!
D/wpa_supplicant( 4185): signal poll, reply_len=48
D/wpa_ctrl( 1909): reply_len=4095
D/WifiHW  ( 1909): leave --> reply=RSSI=-41
D/WifiHW  ( 1909): LINKSPEED=65
D/WifiHW  ( 1909): NOISE=9999
D/WifiHW  ( 1909): FREQUENCY=2412
D/WifiHW  ( 1909): 
D/wifi    ( 1909): doStringCommand, buf IFNAME=wlan0 SIGNAL_POLL
I/WifiStateMachine( 1909): fetchRssiAndLinkSpeedNative, newRssi:-41, newLinkSpeed:65, SSID:"60_dev_01"
D/WifiStateMachine( 1909): mRssiArray[0] = -40
D/WifiStateMachine( 1909): mRssiArray[1] = -40
D/WifiStateMachine( 1909): mRssiArray[2] = -40
D/WifiStateMachine( 1909): mRssiArray[3] = -40
D/WifiStateMachine( 1909): mRssiArray[4] = -38
D/WifiStateMachine( 1909): GetFilterRssi is : -39
D/WifiStateMachine( 1909): mLastSignalLevel:4, newSignalLevel:4
D/WifiStateMachine( 1909): fetchRssiAndLinkSpeedNative, ipAddr:-1711271764
D/dalvikvm( 4536): threadid=35: exiting
D/dalvikvm( 4536): threadid=35: bye!
I/thermal_repeater(  279): oh, queryMdThermalInfo (0)Bad file number
I/thermal_repeater(  279): [recvMdThermalInfo] ret=35, strLen=127,  0, 32767, -127, 28676, 32767, 1680
D/PhoneInterfaceManagerEx( 4362): [PhoneIntfMgrEx] hasIccCard  simId=0
D/PhoneInterfaceManagerEx( 4362): [PhoneIntfMgrEx] hasIccCard  simId=1
D/dalvikvm( 4619): create interp thread : stack size=128KB
D/dalvikvm( 4619): create new thread
D/dalvikvm( 4619): new thread created
D/dalvikvm( 4619): update thread list
D/dalvikvm( 4619): threadid=21: interp stack at 0x7c10e000
D/dalvikvm( 4619): threadid=21: created from interp
D/dalvikvm( 4619): start new thread
D/dalvikvm( 4619): threadid=21: notify debugger
D/dalvikvm( 4619): threadid=21 (Thread-398): calling run()
I/KSO_STAT( 4619): App is in background, stop update end time, ready to start a new session.
D/SQLiteDatabase( 4619): beginTransaction()
D/SQLiteDatabase( 4619): endTransaction()
D/dalvikvm( 4619): threadid=21: exiting
D/dalvikvm( 4619): threadid=21: bye!
D/WifiStateMachine( 1909): ConnectedState{ when=-2ms what=131155 arg1=11 target=com.android.internal.util.StateMachine$SmHandler target=Handler (com.android.internal.util.StateMachine$SmHandler) {43155f58} }
D/WifiStateMachine( 1909): L2ConnectedState{ when=-2ms what=131155 arg1=11 target=com.android.internal.util.StateMachine$SmHandler target=Handler (com.android.internal.util.StateMachine$SmHandler) {43155f58} }
D/WifiHW  ( 1909): enter -->wifi_send_command cmd=IFNAME=wlan0 SIGNAL_POLL
D/wpa_supplicant( 4185): RX ctrl_iface - hexdump(len=11): 53 49 47 4e 41 4c 5f 50 4f 4c 4c
D/wpa_supplicant( 4185): wlan0: Control interface command 'SIGNAL_POLL'
D/wpa_supplicant( 4185): nl80211: survey data missing!
D/wpa_supplicant( 4185): signal poll, reply_len=48
D/wpa_ctrl( 1909): reply_len=4095
D/WifiHW  ( 1909): leave --> reply=RSSI=-41
D/WifiHW  ( 1909): LINKSPEED=65
D/WifiHW  ( 1909): NOISE=9999
D/WifiHW  ( 1909): FREQUENCY=2412
D/WifiHW  ( 1909): 
D/wifi    ( 1909): doStringCommand, buf IFNAME=wlan0 SIGNAL_POLL
I/WifiStateMachine( 1909): fetchRssiAndLinkSpeedNative, newRssi:-41, newLinkSpeed:65, SSID:"60_dev_01"
D/WifiStateMachine( 1909): mRssiArray[0] = -40
D/WifiStateMachine( 1909): mRssiArray[1] = -40
D/WifiStateMachine( 1909): mRssiArray[2] = -40
D/WifiStateMachine( 1909): mRssiArray[3] = -40
D/WifiStateMachine( 1909): mRssiArray[4] = -41
D/WifiStateMachine( 1909): GetFilterRssi is : -40
D/WifiStateMachine( 1909): mLastSignalLevel:4, newSignalLevel:4
D/WifiStateMachine( 1909): fetchRssiAndLinkSpeedNative, ipAddr:-1711271764
V/ActivityManager( 1909): Broadcast sticky: Intent { act=android.intent.action.ADDITIONAL_BATTERY_CHANGED flg=0x60000010 (has extras) } ordered=false userid=-1 callerApp=null
V/ActivityManager( 1909): Broadcast sticky: Intent { act=android.intent.action.ADDITIONAL_BATTERY_CHANGED flg=0x60000010 (has extras) } ordered=false userid=-1 callerApp=null
V/ActivityManager( 1909): Broadcast sticky: Intent { act=android.intent.action.ADDITIONAL_BATTERY_CHANGED flg=0x60000010 (has extras) } ordered=false userid=-1 callerApp=null
D/WifiStateMachine( 1909): ConnectedState{ when=0 what=131155 arg1=11 target=com.android.internal.util.StateMachine$SmHandler target=Handler (com.android.internal.util.StateMachine$SmHandler) {43155f58} }
D/WifiStateMachine( 1909): L2ConnectedState{ when=-1ms what=131155 arg1=11 target=com.android.internal.util.StateMachine$SmHandler target=Handler (com.android.internal.util.StateMachine$SmHandler) {43155f58} }
D/WifiHW  ( 1909): enter -->wifi_send_command cmd=IFNAME=wlan0 SIGNAL_POLL
D/wpa_supplicant( 4185): RX ctrl_iface - hexdump(len=11): 53 49 47 4e 41 4c 5f 50 4f 4c 4c
D/wpa_supplicant( 4185): wlan0: Control interface command 'SIGNAL_POLL'
D/wpa_supplicant( 4185): nl80211: survey data missing!
D/wpa_supplicant( 4185): signal poll, reply_len=48
D/wpa_ctrl( 1909): reply_len=4095
D/WifiHW  ( 1909): leave --> reply=RSSI=-39
D/WifiHW  ( 1909): LINKSPEED=65
D/WifiHW  ( 1909): NOISE=9999
D/WifiHW  ( 1909): FREQUENCY=2412
D/WifiHW  ( 1909): 
D/wifi    ( 1909): doStringCommand, buf IFNAME=wlan0 SIGNAL_POLL
I/WifiStateMachine( 1909): fetchRssiAndLinkSpeedNative, newRssi:-39, newLinkSpeed:65, SSID:"60_dev_01"
D/WifiStateMachine( 1909): mRssiArray[0] = -41
D/WifiStateMachine( 1909): mRssiArray[1] = -40
D/WifiStateMachine( 1909): mRssiArray[2] = -40
D/WifiStateMachine( 1909): mRssiArray[3] = -40
D/WifiStateMachine( 1909): mRssiArray[4] = -41
D/WifiStateMachine( 1909): GetFilterRssi is : -39
D/WifiStateMachine( 1909): mLastSignalLevel:4, newSignalLevel:4
D/WifiStateMachine( 1909): fetchRssiAndLinkSpeedNative, ipAddr:-1711271764
D/dalvikvm( 4619): create interp thread : stack size=128KB
D/dalvikvm( 4619): create new thread
D/dalvikvm( 4619): new thread created
D/dalvikvm( 4619): update thread list
D/dalvikvm( 4619): threadid=21: interp stack at 0x7c10e000
D/dalvikvm( 4619): threadid=21: created from interp
D/dalvikvm( 4619): start new thread
D/dalvikvm( 4619): threadid=21: notify debugger
D/dalvikvm( 4619): threadid=21 (Thread-399): calling run()
I/KSO_STAT( 4619): App is in background, stop update end time, ready to start a new session.
D/SQLiteDatabase( 4619): beginTransaction()
D/SQLiteDatabase( 4619): endTransaction()
D/dalvikvm( 4619): threadid=21: exiting
D/dalvikvm( 4619): threadid=21: bye!
D/WifiStateMachine( 1909): ConnectedState{ when=-3ms what=131155 arg1=11 target=com.android.internal.util.StateMachine$SmHandler target=Handler (com.android.internal.util.StateMachine$SmHandler) {43155f58} }
D/WifiStateMachine( 1909): L2ConnectedState{ when=-3ms what=131155 arg1=11 target=com.android.internal.util.StateMachine$SmHandler target=Handler (com.android.internal.util.StateMachine$SmHandler) {43155f58} }
D/WifiHW  ( 1909): enter -->wifi_send_command cmd=IFNAME=wlan0 SIGNAL_POLL
D/wpa_supplicant( 4185): RX ctrl_iface - hexdump(len=11): 53 49 47 4e 41 4c 5f 50 4f 4c 4c
D/wpa_supplicant( 4185): wlan0: Control interface command 'SIGNAL_POLL'
D/wpa_supplicant( 4185): nl80211: survey data missing!
D/wpa_supplicant( 4185): signal poll, reply_len=48
D/wpa_ctrl( 1909): reply_len=4095
D/WifiHW  ( 1909): leave --> reply=RSSI=-39
D/WifiHW  ( 1909): LINKSPEED=65
D/WifiHW  ( 1909): NOISE=9999
D/WifiHW  ( 1909): FREQUENCY=2412
D/WifiHW  ( 1909): 
D/wifi    ( 1909): doStringCommand, buf IFNAME=wlan0 SIGNAL_POLL
I/WifiStateMachine( 1909): fetchRssiAndLinkSpeedNative, newRssi:-39, newLinkSpeed:65, SSID:"60_dev_01"
D/WifiStateMachine( 1909): mRssiArray[0] = -41
D/WifiStateMachine( 1909): mRssiArray[1] = -39
D/WifiStateMachine( 1909): mRssiArray[2] = -40
D/WifiStateMachine( 1909): mRssiArray[3] = -40
D/WifiStateMachine( 1909): mRssiArray[4] = -41
D/WifiStateMachine( 1909): GetFilterRssi is : -39
D/WifiStateMachine( 1909): mLastSignalLevel:4, newSignalLevel:4
D/WifiStateMachine( 1909): fetchRssiAndLinkSpeedNative, ipAddr:-1711271764
V/ActivityManager( 1909): Broadcast sticky: Intent { act=android.intent.action.ADDITIONAL_BATTERY_CHANGED flg=0x60000010 (has extras) } ordered=false userid=-1 callerApp=null
V/ActivityManager( 1909): Broadcast sticky: Intent { act=android.intent.action.ADDITIONAL_BATTERY_CHANGED flg=0x60000010 (has extras) } ordered=false userid=-1 callerApp=null
V/ActivityManager( 1909): Broadcast sticky: Intent { act=android.intent.action.ADDITIONAL_BATTERY_CHANGED flg=0x60000010 (has extras) } ordered=false userid=-1 callerApp=null
D/WifiStateMachine( 1909): ConnectedState{ when=-3ms what=131155 arg1=11 target=com.android.internal.util.StateMachine$SmHandler target=Handler (com.android.internal.util.StateMachine$SmHandler) {43155f58} }
D/WifiStateMachine( 1909): L2ConnectedState{ when=-4ms what=131155 arg1=11 target=com.android.internal.util.StateMachine$SmHandler target=Handler (com.android.internal.util.StateMachine$SmHandler) {43155f58} }
D/WifiHW  ( 1909): enter -->wifi_send_command cmd=IFNAME=wlan0 SIGNAL_POLL
D/wpa_supplicant( 4185): RX ctrl_iface - hexdump(len=11): 53 49 47 4e 41 4c 5f 50 4f 4c 4c
D/wpa_supplicant( 4185): wlan0: Control interface command 'SIGNAL_POLL'
D/wpa_supplicant( 4185): nl80211: survey data missing!
D/wpa_supplicant( 4185): signal poll, reply_len=48
D/wpa_ctrl( 1909): reply_len=4095
D/WifiHW  ( 1909): leave --> reply=RSSI=-41
D/WifiHW  ( 1909): LINKSPEED=65
D/WifiHW  ( 1909): NOISE=9999
D/WifiHW  ( 1909): FREQUENCY=2412
D/WifiHW  ( 1909): 
D/wifi    ( 1909): doStringCommand, buf IFNAME=wlan0 SIGNAL_POLL
I/WifiStateMachine( 1909): fetchRssiAndLinkSpeedNative, newRssi:-41, newLinkSpeed:65, SSID:"60_dev_01"
D/WifiStateMachine( 1909): mRssiArray[0] = -41
D/WifiStateMachine( 1909): mRssiArray[1] = -39
D/WifiStateMachine( 1909): mRssiArray[2] = -39
D/WifiStateMachine( 1909): mRssiArray[3] = -40
D/WifiStateMachine( 1909): mRssiArray[4] = -41
D/WifiStateMachine( 1909): GetFilterRssi is : -40
D/WifiStateMachine( 1909): mLastSignalLevel:4, newSignalLevel:4
D/WifiStateMachine( 1909): fetchRssiAndLinkSpeedNative, ipAddr:-1711271764
D/dalvikvm( 4619): create interp thread : stack size=128KB
D/dalvikvm( 4619): create new thread
D/dalvikvm( 4619): new thread created
D/dalvikvm( 4619): update thread list
D/dalvikvm( 4619): threadid=21: interp stack at 0x7c10e000
D/dalvikvm( 4619): threadid=21: created from interp
D/dalvikvm( 4619): start new thread
D/dalvikvm( 4619): threadid=21: notify debugger
D/dalvikvm( 4619): threadid=21 (Thread-400): calling run()
I/KSO_STAT( 4619): App is in background, stop update end time, ready to start a new session.
D/SQLiteDatabase( 4619): beginTransaction()
D/SQLiteDatabase( 4619): endTransaction()
D/dalvikvm( 4619): threadid=21: exiting
D/dalvikvm( 4619): threadid=21: bye!
V/ActivityManager( 1909): Broadcast sticky: Intent { act=android.intent.action.ADDITIONAL_BATTERY_CHANGED flg=0x60000010 (has extras) } ordered=false userid=-1 callerApp=null
V/ActivityManager( 1909): Broadcast sticky: Intent { act=android.intent.action.ADDITIONAL_BATTERY_CHANGED flg=0x60000010 (has extras) } ordered=false userid=-1 callerApp=null
V/ActivityManager( 1909): Broadcast sticky: Intent { act=android.intent.action.ADDITIONAL_BATTERY_CHANGED flg=0x60000010 (has extras) } ordered=false userid=-1 callerApp=null
D/PhoneInterfaceManagerEx( 4362): [PhoneIntfMgrEx] hasIccCard  simId=0
D/PhoneInterfaceManagerEx( 4362): [PhoneIntfMgrEx] hasIccCard  simId=1
V/Provider/Settings( 1909): get setting for user 0 by user 0 so skipping cache
V/Provider/Settings( 1909):  from settings cache , name = sys_free_storage_log_interval , value = null
V/Provider/Settings( 1909): get setting for user 0 by user 0 so skipping cache
V/Provider/Settings( 1909):  from settings cache , name = disk_free_change_reporting_threshold , value = null
D/ADB_SERVICES( 8271): adb fdevent_process list (15) (21) (25) 
D/ADB_SERVICES( 8271): recv: CNXN 01000000 00001000 0007 host::
D/ADB_SERVICES( 8271): adb: offline
D/ADB_SERVICES( 8271): (null): run_transport_disconnects fd: 24
W/ADB_SERVICES( 8271): entered. LS(700) fd=16
D/ADB_SERVICES( 8271): adb: online
D/ADB_SERVICES( 8271): Calling send_connect 
D/WifiStateMachine( 1909): ConnectedState{ when=-3ms what=131155 arg1=11 target=com.android.internal.util.StateMachine$SmHandler target=Handler (com.android.internal.util.StateMachine$SmHandler) {43155f58} }
D/WifiStateMachine( 1909): L2ConnectedState{ when=-3ms what=131155 arg1=11 target=com.android.internal.util.StateMachine$SmHandler target=Handler (com.android.internal.util.StateMachine$SmHandler) {43155f58} }
D/WifiHW  ( 1909): enter -->wifi_send_command cmd=IFNAME=wlan0 SIGNAL_POLL
D/wpa_supplicant( 4185): RX ctrl_iface - hexdump(len=11): 53 49 47 4e 41 4c 5f 50 4f 4c 4c
D/wpa_supplicant( 4185): wlan0: Control interface command 'SIGNAL_POLL'
D/wpa_supplicant( 4185): nl80211: survey data missing!
D/wpa_supplicant( 4185): signal poll, reply_len=48
D/wpa_ctrl( 1909): reply_len=4095
D/WifiHW  ( 1909): leave --> reply=RSSI=-41
D/WifiHW  ( 1909): LINKSPEED=65
D/WifiHW  ( 1909): NOISE=9999
D/WifiHW  ( 1909): FREQUENCY=2412
D/WifiHW  ( 1909): 
D/wifi    ( 1909): doStringCommand, buf IFNAME=wlan0 SIGNAL_POLL
I/WifiStateMachine( 1909): fetchRssiAndLinkSpeedNative, newRssi:-41, newLinkSpeed:65, SSID:"60_dev_01"
D/WifiStateMachine( 1909): mRssiArray[0] = -41
D/WifiStateMachine( 1909): mRssiArray[1] = -39
D/WifiStateMachine( 1909): mRssiArray[2] = -39
D/WifiStateMachine( 1909): mRssiArray[3] = -41
D/WifiStateMachine( 1909): mRssiArray[4] = -41
D/WifiStateMachine( 1909): GetFilterRssi is : -40
D/WifiStateMachine( 1909): mLastSignalLevel:4, newSignalLevel:4
D/WifiStateMachine( 1909): fetchRssiAndLinkSpeedNative, ipAddr:-1711271764
D/AES     ( 1909): AEEIOCTL_RT_MON_Kick IOCTL,lParam=0. 
D/dalvikvm( 4619): create interp thread : stack size=128KB
D/dalvikvm( 4619): create new thread
D/dalvikvm( 4619): new thread created
D/dalvikvm( 4619): update thread list
D/dalvikvm( 4619): threadid=21: interp stack at 0x7c10e000
D/dalvikvm( 4619): threadid=21: created from interp
D/dalvikvm( 4619): start new thread
D/dalvikvm( 4619): threadid=21: notify debugger
D/dalvikvm( 4619): threadid=21 (Thread-401): calling run()
I/KSO_STAT( 4619): App is in background, stop update end time, ready to start a new session.
D/SQLiteDatabase( 4619): beginTransaction()
D/SQLiteDatabase( 4619): endTransaction()
D/dalvikvm( 4619): threadid=21: exiting
D/dalvikvm( 4619): threadid=21: bye!
D/WifiStateMachine( 1909): ConnectedState{ when=-3ms what=131155 arg1=11 target=com.android.internal.util.StateMachine$SmHandler target=Handler (com.android.internal.util.StateMachine$SmHandler) {43155f58} }
D/WifiStateMachine( 1909): L2ConnectedState{ when=-3ms what=131155 arg1=11 target=com.android.internal.util.StateMachine$SmHandler target=Handler (com.android.internal.util.StateMachine$SmHandler) {43155f58} }
D/WifiHW  ( 1909): enter -->wifi_send_command cmd=IFNAME=wlan0 SIGNAL_POLL
D/wpa_supplicant( 4185): RX ctrl_iface - hexdump(len=11): 53 49 47 4e 41 4c 5f 50 4f 4c 4c
D/wpa_supplicant( 4185): wlan0: Control interface command 'SIGNAL_POLL'
D/wpa_supplicant( 4185): nl80211: survey data missing!
D/wpa_supplicant( 4185): signal poll, reply_len=48
D/wpa_ctrl( 1909): reply_len=4095
D/WifiHW  ( 1909): leave --> reply=RSSI=-40
D/WifiHW  ( 1909): LINKSPEED=65
D/WifiHW  ( 1909): NOISE=9999
D/WifiHW  ( 1909): FREQUENCY=2412
D/WifiHW  ( 1909): 
D/wifi    ( 1909): doStringCommand, buf IFNAME=wlan0 SIGNAL_POLL
I/WifiStateMachine( 1909): fetchRssiAndLinkSpeedNative, newRssi:-40, newLinkSpeed:65, SSID:"60_dev_01"
D/WifiStateMachine( 1909): mRssiArray[0] = -41
D/WifiStateMachine( 1909): mRssiArray[1] = -39
D/WifiStateMachine( 1909): mRssiArray[2] = -39
D/WifiStateMachine( 1909): mRssiArray[3] = -41
D/WifiStateMachine( 1909): mRssiArray[4] = -41
D/WifiStateMachine( 1909): GetFilterRssi is : -40
D/WifiStateMachine( 1909): mLastSignalLevel:4, newSignalLevel:4
D/WifiStateMachine( 1909): fetchRssiAndLinkSpeedNative, ipAddr:-1711271764
D/ADB_SERVICES( 8271): recv: CNXN 01000000 00001000 0007 host::
D/ADB_SERVICES( 8271): adb: offline
D/ADB_SERVICES( 8271): (null): run_transport_disconnects fd: 24
D/ADB_SERVICES( 8271): adb: online
D/ADB_SERVICES( 8271): Calling send_connect 
W/ADB_SERVICES( 8271): create_local_service_socket() name=shell:wm size
W/ADB_SERVICES( 8271): service_to_fd() name=shell:wm size
W/ADB_SERVICES( 8271): read_meminfo() mem_free=249964
W/ADB_SERVICES( 8271): create_subprocess() ret_fd=15 pid=14054
W/ADB_SERVICES( 8271): LS(839): bound to 'shell:wm size' via 15
D/ADB_SERVICES( 8271): adb local_socket_ready list (15) (26) 
W/ADB_SERVICES(14054): adb: unable to open /proc/14054/oom_adj
W/ADB_SERVICES( 8271): create_local_service_socket() name=shell:
W/ADB_SERVICES( 8271): service_to_fd() name=shell:
W/ADB_SERVICES( 8271): read_meminfo() mem_free=249924
W/ADB_SERVICES( 8271): create_subprocess() ret_fd=16 pid=14055
W/ADB_SERVICES( 8271): LS(840): bound to 'shell:' via 16
W/ADB_SERVICES(14055): adb: unable to open /proc/14055/oom_adj
D/ADB_SERVICES( 8271): adb socket read list (15) (26) (16) 
D/ADB_SERVICES( 8271): read_data=21636
D/ADB_SERVICES( 8271): max_read_time=0.000401 max_send_time=0.000148 
V/ActivityManager( 1909): Broadcast sticky: Intent { act=android.intent.action.ADDITIONAL_BATTERY_CHANGED flg=0x60000010 (has extras) } ordered=false userid=-1 callerApp=null
V/ActivityManager( 1909): Broadcast sticky: Intent { act=android.intent.action.ADDITIONAL_BATTERY_CHANGED flg=0x60000010 (has extras) } ordered=false userid=-1 callerApp=null
V/ActivityManager( 1909): Broadcast sticky: Intent { act=android.intent.action.ADDITIONAL_BATTERY_CHANGED flg=0x60000010 (has extras) } ordered=false userid=-1 callerApp=null
D/AndroidRuntime(14054): 
D/AndroidRuntime(14054): >>>>>> AndroidRuntime START com.android.internal.os.RuntimeInit <<<<<<
D/AndroidRuntime(14054): CheckJNI is OFF
D/AndroidRuntime(14054): language=-Duser.language=zh region=-Duser.region=CN
D/dalvikvm(14054): boot class : 
D/dalvikvm(14054):   (0) core.jar
D/dalvikvm(14054):   (1) conscrypt.jar
D/dalvikvm(14054):   (2) okhttp.jar
D/dalvikvm(14054):   (3) core-junit.jar
D/dalvikvm(14054):   (4) bouncycastle.jar
D/dalvikvm(14054):   (5) ext.jar
D/dalvikvm(14054):   (6) framework.jar
D/dalvikvm(14054):   (7) framework2.jar
D/dalvikvm(14054):   (8) telephony-common.jar
D/dalvikvm(14054):   (9) voip-common.jar
D/dalvikvm(14054):   (10) mms-common.jar
D/dalvikvm(14054):   (11) android.policy.jar
D/dalvikvm(14054):   (12) services.jar
D/dalvikvm(14054):   (13) apache-xml.jar
D/dalvikvm(14054):   (14) webviewchromium.jar
D/dalvikvm(14054):   (15) mediatek-common.jar
D/dalvikvm(14054):   (16) mediatek-framework.jar
D/dalvikvm(14054):   (17) CustomProperties.jar
D/dalvikvm(14054):   (18) mediatek-telephony-common.jar
D/dalvikvm(14054):   (19) mediatek-tablet.jar
D/dalvikvm(14054):   (20) oppo-framework.jar
D/dalvikvm(14054):   (21) am.jar
D/dalvikvm(14054): threadid=1: interp stack at 0x6d92a000
D/dalvikvm(14054): dvmJarFileOpen: /system/framework/core.jar
D/dalvikvm(14054): dvmJarFileOpen: /system/framework/conscrypt.jar
D/ReserveFileInData(14060): Total_size = 12702646272 B = 12404928 KB = 12114 MB = 11 GB
D/ReserveFileInData(14060): Disk_free = 8944 MB = 8 GB
D/ReserveFileInData(14060): Disk_available = 8928 MB = 8 GB
D/ReserveFileInData(14060): availDataSize is 8928
D/dalvikvm(14054): dvmJarFileOpen: /system/framework/okhttp.jar
D/dalvikvm(14054): dvmJarFileOpen: /system/framework/core-junit.jar
D/dalvikvm(14054): dvmJarFileOpen: /system/framework/bouncycastle.jar
D/dalvikvm(14054): dvmJarFileOpen: /system/framework/ext.jar
D/dalvikvm(14054): dvmJarFileOpen: /system/framework/framework.jar
D/dalvikvm(14054): dvmJarFileOpen: /system/framework/framework2.jar
D/dalvikvm(14054): dvmJarFileOpen: /system/framework/telephony-common.jar
D/dalvikvm(14054): dvmJarFileOpen: /system/framework/voip-common.jar
D/dalvikvm(14054): dvmJarFileOpen: /system/framework/mms-common.jar
D/dalvikvm(14054): dvmJarFileOpen: /system/framework/android.policy.jar
D/dalvikvm(14054): dvmJarFileOpen: /system/framework/services.jar
D/dalvikvm(14054): dvmJarFileOpen: /system/framework/apache-xml.jar
D/dalvikvm(14054): dvmJarFileOpen: /system/framework/webviewchromium.jar
D/dalvikvm(14054): dvmJarFileOpen: /system/framework/mediatek-common.jar
D/dalvikvm(14054): dvmJarFileOpen: /system/framework/mediatek-framework.jar
D/dalvikvm(14054): dvmJarFileOpen: /system/framework/CustomProperties.jar
D/dalvikvm(14054): dvmJarFileOpen: /system/framework/mediatek-telephony-common.jar
D/dalvikvm(14054): dvmJarFileOpen: /system/framework/mediatek-tablet.jar
D/dalvikvm(14054): dvmJarFileOpen: /system/framework/oppo-framework.jar
D/dalvikvm(14054): open_cached_dex_file : /system/framework/oppo-framework.jar /data/dalvik-cache/system@framework@oppo-framework.jar@classes.dex
D/dalvikvm(14054): process bootclasspath ex!!
D/dalvikvm(14054): dvmJarFileOpen: /system/framework/mediatek-op.jar
D/dalvikvm(14054): open_cached_dex_file : /system/framework/mediatek-op.jar /data/dalvik-cache/system@framework@mediatek-op.jar@classes.dex
D/dalvikvm(14054): Trying to load lib libjavacore.so 0x0
D/dalvikvm(14054): Added shared lib libjavacore.so 0x0
D/dalvikvm(14054): Trying to load lib libnativehelper.so 0x0
D/dalvikvm(14054): Added shared lib libnativehelper.so 0x0
D/dalvikvm(14054): No JNI_OnLoad found in libnativehelper.so 0x0, skipping init
D/dalvikvm(14054): +++ finishing prep on main VM thread
D/dalvikvm(14054): dvmJarFileOpen: /system/framework/wm.jar
