I/dalvikvm(14054): DexOpt: mismatch dep name: '/data/dalvik-cache/system@framework@oppo-framework.jar@classes.dex' vs. '/system/framework/oppo-framework.odex'
D/dalvikvm(14054): == DexOpt: numDeps = 21
D/dalvikvm(14054): 0 : /system/framework/core.odex /system/framework/core.odex
D/dalvikvm(14054): 1 : /system/framework/conscrypt.odex /system/framework/conscrypt.odex
D/dalvikvm(14054): 2 : /system/framework/okhttp.odex /system/framework/okhttp.odex
D/dalvikvm(14054): 3 : /system/framework/core-junit.odex /system/framework/core-junit.odex
D/dalvikvm(14054): 4 : /system/framework/bouncycastle.odex /system/framework/bouncycastle.odex
D/dalvikvm(14054): 5 : /system/framework/ext.odex /system/framework/ext.odex
D/dalvikvm(14054): 6 : /system/framework/framework.odex /system/framework/framework.odex
D/dalvikvm(14054): 7 : /system/framework/framework2.odex /system/framework/framework2.odex
D/dalvikvm(14054): 8 : /system/framework/telephony-common.odex /system/framework/telephony-common.odex
D/dalvikvm(14054): 9 : /system/framework/voip-common.odex /system/framework/voip-common.odex
D/dalvikvm(14054): 10 : /system/framework/mms-common.odex /system/framework/mms-common.odex
D/dalvikvm(14054): 11 : /system/framework/android.policy.odex /system/framework/android.policy.odex
D/dalvikvm(14054): 12 : /system/framework/services.odex /system/framework/services.odex
D/dalvikvm(14054): 13 : /system/framework/apache-xml.odex /system/framework/apache-xml.odex
D/dalvikvm(14054): 14 : /system/framework/webviewchromium.odex /system/framework/webviewchromium.odex
D/dalvikvm(14054): 15 : /system/framework/mediatek-common.odex /system/framework/mediatek-common.odex
D/dalvikvm(14054): 16 : /system/framework/mediatek-framework.odex /system/framework/mediatek-framework.odex
D/dalvikvm(14054): 17 : /system/framework/CustomProperties.odex /system/framework/CustomProperties.odex
D/dalvikvm(14054): 18 : /system/framework/mediatek-telephony-common.odex /system/framework/mediatek-telephony-common.odex
D/dalvikvm(14054): 19 : /system/framework/mediatek-tablet.odex /system/framework/mediatek-tablet.odex
D/dalvikvm(14054): 20 : /system/framework/oppo-framework.odex /system/framework/oppo-framework.odex
D/dalvikvm(14054): 21 : NULL NULL
E/dalvikvm(14054): /system/framework/wm.jar odex has stale dependencies
D/dalvikvm(14054): open_cached_dex_file : /system/framework/wm.jar /data/dalvik-cache/system@framework@wm.jar@classes.dex
D/dalvikvm(14054): create interp thread : stack size=128KB
D/dalvikvm(14054): create new thread
D/dalvikvm(14054): new thread created
D/dalvikvm(14054): update thread list
D/dalvikvm(14054): threadid=2: interp stack at 0x72e73000
D/dalvikvm(14054): threadid=2: created from interp
D/dalvikvm(14054): start new thread
D/dalvikvm(14054): threadid=2: notify debugger
D/dalvikvm(14054): threadid=2 (ReferenceQueueDaemon): calling run()
D/dalvikvm(14054): create interp thread : stack size=128KB
D/dalvikvm(14054): create new thread
D/dalvikvm(14054): new thread created
D/dalvikvm(14054): update thread list
D/dalvikvm(14054): threadid=3: interp stack at 0x72f93000
D/dalvikvm(14054): threadid=3: created from interp
D/dalvikvm(14054): start new thread
D/dalvikvm(14054): threadid=3: notify debugger
D/dalvikvm(14054): threadid=3 (FinalizerDaemon): calling run()
D/dalvikvm(14054): create interp thread : stack size=128KB
D/dalvikvm(14054): create new thread
D/dalvikvm(14054): new thread created
D/dalvikvm(14054): update thread list
D/dalvikvm(14054): threadid=4: interp stack at 0x730b3000
D/dalvikvm(14054): threadid=4: created from interp
D/dalvikvm(14054): start new thread
D/dalvikvm(14054): threadid=4: notify debugger
D/dalvikvm(14054): threadid=4 (FinalizerWatchdogDaemon): calling run()
D/dalvikvm(14054): threadid=5: interp stack at 0x732d5000
D/dalvikvm(14054): threadid=6: interp stack at 0x733f6000
D/dalvikvm(14054): Elevating priority from 0 to -8
D/jdwp    (14054): prepping for JDWP over ADB
D/dalvikvm(14054): threadid=7: interp stack at 0x73519000
D/jdwp    (14054): JDWP: thread running
D/jdwp    (14054): trying to receive file descriptor from ADB
D/dalvikvm(14054): threadid=8: interp stack at 0x7363a000
D/ADB_SERVICES( 8271): Adding socket 25 pid 14054 to jdwp process list
D/dalvikvm(14054): Note: class Landroid/app/ActivityManagerNative; has 194 unimplemented (abstract) methods
E/memtrack(14054): Couldn't load memtrack module (No such file or directory)
E/android.os.Debug(14054): failed to load memtrack module: -2
D/AndroidRuntime(14054): Calling main entry com.android.commands.wm.Wm
D/dalvikvm(14054): threadid=9: interp stack at 0x73b1f000
D/dalvikvm(14054): threadid=10: interp stack at 0x73c3f000
D/ADB_SERVICES( 8271): adb fdevent_process list (21) (16) (12) (25) (15) 
D/AndroidRuntime(14054): Shutting down VM
D/dalvikvm(14054): threadid=1: bye!
D/dalvikvm(14054): DestroyJavaVM waiting for non-daemon threads to exit
D/dalvikvm(14054): threadid=1: interp stack at 0x73c7c000
D/dalvikvm(14054): threadid=9: bye!
D/dalvikvm(14054): threadid=10: last non-daemon thread
D/dalvikvm(14054): threadid=10: bye!
D/dalvikvm(14054): DestroyJavaVM shutting VM down
D/dalvikvm(14054): VM shutting down
D/dalvikvm(14054): between the previous GC alloc  702K
D/dalvikvm(14054): GC_CONCURRENT freed 95K (978), 14% free 607K/704K, paused 1ms+1ms, total 4ms
D/dalvikvm(14054): threadid=5: bye!
D/jdwp    (14054): JDWP shutting down net...
D/jdwp    (14054): +++ writing to wakePipe
E/jdwp    (14054): jdwp::setsockopt(SO_SNDTIMEO)
E/jdwp    (14054): jdwp::setsockopt(SO_RCVTIMEO)
D/jdwp    (14054): JDWP: thread exiting
D/dalvikvm(14054): threadid=7: bye!
W/ADB_SERVICES( 8271): terminating JDWP 14054 connection: Try again
D/ADB_SERVICES( 8271): remove pid 14054 to jdwp process list
D/jdwp    (14054): JDWP freeing netstate...
I/dalvikvm(14054): threadid=6: ignore signal 3
D/dalvikvm(14054): threadid=6: bye!
D/dalvikvm(14054): 119 compilations using 4096 + 13352 bytes
D/dalvikvm(14054): Compiler arena uses 6 blocks (8100 bytes each)
D/dalvikvm(14054): Compiler work queue length is 0/11
D/dalvikvm(14054): JIT: table size is 4096, entries used is 126
D/dalvikvm(14054): JIT: 126 traces, 4096 slots, 5 chains, 40 thresh, Non-blocking
D/dalvikvm(14054): JIT: 68 Translation chains, 7 interp stubs
D/dalvikvm(14054): dalvik.vm.jit.op = 0-2,7,a,c,e-f,11-14,1c-1e,21,23,28,32-39,44,46,48-49,4b,4d,50,52,54-55,59,62,70-71,8e,90,95-96,b0-b1,b5,d5,d8,da,dd,e0-e2,ee,f0-f2,f4-f6,f8,
D/dalvikvm(14054): Code size stats: 0/510 (compiled/total Dalvik), 0 (native)
D/dalvikvm(14054): Compiler thread shutting down
D/dalvikvm(14054): threadid=8: bye!
D/dalvikvm(14054): Compiler thread has shut down
D/dalvikvm(14054): threadid=1: suspending daemon id=4 name='FinalizerWatchdogDaemon'
D/dalvikvm(14054): threadid=1: suspending daemon id=3 name='FinalizerDaemon'
D/dalvikvm(14054): threadid=1: suspending daemon id=2 name='ReferenceQueueDaemon'
D/dalvikvm(14054): threadid=1: all daemons have suspended
D/dalvikvm(14054): VM cleaning up
D/dalvikvm(14054): LinearAlloc 0x0 used 1393748 of 33554432 (4%)
D/ADB_SERVICES( 8271):  closing because is_eof=1 r=-1 s->fde.force_eof=0
W/ADB_SERVICES( 8271): entered. LS(839) fd=15
W/ADB_SERVICES( 8271): create_local_service_socket() name=shell:cat /proc/meminfo
W/ADB_SERVICES( 8271): service_to_fd() name=shell:cat /proc/meminfo
W/ADB_SERVICES( 8271): read_meminfo() mem_free=248956
W/ADB_SERVICES( 8271): create_subprocess() ret_fd=15 pid=14070
W/ADB_SERVICES( 8271): LS(841): bound to 'shell:cat /proc/meminfo' via 15
W/ADB_SERVICES(14070): adb: unable to open /proc/14070/oom_adj
D/ADB_SERVICES( 8271):  closing because is_eof=1 r=-1 s->fde.force_eof=0
W/ADB_SERVICES( 8271): entered. LS(841) fd=15
W/ADB_SERVICES( 8271): create_local_service_socket() name=shell:cat /system/build.prop
W/ADB_SERVICES( 8271): service_to_fd() name=shell:cat /system/build.prop
W/ADB_SERVICES( 8271): read_meminfo() mem_free=248888
W/ADB_SERVICES( 8271): create_subprocess() ret_fd=15 pid=14071
W/ADB_SERVICES( 8271): LS(842): bound to 'shell:cat /system/build.prop' via 15
W/ADB_SERVICES(14071): adb: unable to open /proc/14071/oom_adj
D/ADB_SERVICES( 8271):  closing because is_eof=1 r=1 s->fde.force_eof=0
W/ADB_SERVICES( 8271): entered. LS(842) fd=15
W/ADB_SERVICES( 8271): create_local_service_socket() name=shell:cat /proc/cpuinfo
W/ADB_SERVICES( 8271): service_to_fd() name=shell:cat /proc/cpuinfo
W/ADB_SERVICES( 8271): read_meminfo() mem_free=248932
W/ADB_SERVICES( 8271): create_subprocess() ret_fd=15 pid=14072
W/ADB_SERVICES( 8271): LS(843): bound to 'shell:cat /proc/cpuinfo' via 15
W/ADB_SERVICES(14072): adb: unable to open /proc/14072/oom_adj
D/ADB_SERVICES( 8271):  closing because is_eof=1 r=-1 s->fde.force_eof=0
W/ADB_SERVICES( 8271): entered. LS(843) fd=15
W/ADB_SERVICES( 8271): create_local_service_socket() name=shell:monkey -p com.sixty.nidoneClient --throttle 5 --ignore-timeouts --ignore-crashes --monitor-native-crashes -v -v -v 10000
W/ADB_SERVICES( 8271): service_to_fd() name=shell:monkey -p com.sixty.nidoneClient --throttle 5 --ignore-timeouts --ignore-crashes --monitor-native-crashes -v -v -v 10000
W/ADB_SERVICES( 8271): read_meminfo() mem_free=248864
W/ADB_SERVICES( 8271): create_subprocess() ret_fd=15 pid=14073
W/ADB_SERVICES( 8271): LS(844): bound to 'shell:monkey -p com.sixty.nidoneClient --throttle 5 --ignore-timeouts --ignore-crashes --monitor-native-crashes -v -v -v 10000' via 15
W/ADB_SERVICES(14073): adb: unable to open /proc/14073/oom_adj
W/ADB_SERVICES( 8271): create_local_service_socket() name=shell:export ANDROID_LOG_TAGS="" ; exec logcat -d
W/ADB_SERVICES( 8271): service_to_fd() name=shell:export ANDROID_LOG_TAGS="" ; exec logcat -d
W/ADB_SERVICES( 8271): read_meminfo() mem_free=248808
W/ADB_SERVICES( 8271): create_subprocess() ret_fd=25 pid=14074
W/ADB_SERVICES( 8271): LS(845): bound to 'shell:export ANDROID_LOG_TAGS="" ; exec logcat -d' via 25
W/ADB_SERVICES( 8271): create_local_service_socket() name=shell:cat /data/anr/traces.txt
W/ADB_SERVICES( 8271): service_to_fd() name=shell:cat /data/anr/traces.txt
W/ADB_SERVICES(14074): adb: unable to open /proc/14074/oom_adj
W/ADB_SERVICES( 8271): read_meminfo() mem_free=248808
W/ADB_SERVICES( 8271): create_subprocess() ret_fd=26 pid=14075
W/ADB_SERVICES( 8271): LS(846): bound to 'shell:cat /data/anr/traces.txt' via 26
W/ADB_SERVICES(14075): adb: unable to open /proc/14075/oom_adj
D/ADB_SERVICES( 8271):  closing because is_eof=1 r=1 s->fde.force_eof=0
W/ADB_SERVICES( 8271): entered. LS(846) fd=26
