--------- beginning of /dev/log/system
V/ActivityThread(  838): Resume ActivityRecord{42017e70 token=android.os.BinderProxy@41e28a00 {com.android.systemui/com.android.systemui.recent.RecentsActivity}} started activity: false, hideForNow: false, finished: false
V/ActivityThread(  838): Resuming ActivityRecord{42017e70 token=android.os.BinderProxy@41e28a00 {com.android.systemui/com.android.systemui.recent.RecentsActivity}} with isForward=true
V/ActivityThread(  838): Scheduling idle handler for ActivityRecord{42017e70 token=android.os.BinderProxy@41e28a00 {com.android.systemui/com.android.systemui.recent.RecentsActivity}}
D/ActivityThread(  838): ACT-RESUME_ACTIVITY handled : 1 / android.os.BinderProxy@41e28a00
V/WindowManager(  719): Changing focus from null to Window{42363108 u0 com.android.systemui/com.android.systemui.recent.RecentsActivity} Callers=com.android.server.wm.WindowManagerService.relayoutWindow:3383 com.android.server.wm.Session.relayout:191 android.view.IWindowSession$Stub.onTransact:235 com.android.server.wm.Session.onTransact:126 
I/WindowManager(  719): Gaining focus: Window{42363108 u0 com.android.systemui/com.android.systemui.recent.RecentsActivity}
V/InputMethodManagerService(  719): windowGainedFocus: android.os.BinderProxy@421fb7d0 controlFlags=#105 softInputMode=#120 windowFlags=#1910100
V/ActivityManager(  719): Broadcast: Intent { act=android.intent.action.CLOSE_SYSTEM_DIALOGS flg=0x50000010 (has extras) } ordered=false userid=-1 callerApp=null
V/ActivityManager(  719): Broadcast: Intent { act=android.intent.action.CLOSE_SYSTEM_DIALOGS flg=0x50000010 (has extras) } ordered=false userid=-1 callerApp=null
V/ActivityManager(  719): Broadcast: Intent { act=android.intent.action.CLOSE_SYSTEM_DIALOGS flg=0x50000010 (has extras) } ordered=false userid=-1 callerApp=null
V/ActivityManager(  719): Broadcast: Intent { act=com.android.systemui.recent.action.WINDOW_ANIMATION_START flg=0x10 pkg=com.android.systemui } ordered=false userid=-2 callerApp=ProcessRecord{42147030 838:com.android.systemui/u0a7}
D/PowerManagerService(  719): releaseWakeLockInternal: lock=1104924816 [ActivityManager-Launch], flags=0x0, total_time=182ms
D/PowerManagerNotifier(  719): onWakeLockReleased: flags=1, tag="ActivityManager-Launch", packageName=android, ownerUid=1000, ownerPid=719, workSource=null
D/PowerManagerService(  719): updateWakeLockSummaryLocked: mWakefulness=Awake, mWakeLockSummary=0x0
D/PowerManagerService(  719): newScreenState = 2
D/PowerManagerDisplayController(  719): requestPowerState: screenState=2, useProximitySensor=false, forceProximitySensorEnable=false, forceWakeUpEnable=false, screenBrightness=88, screenAutoBrightnessAdjustment=0.0, useAutoBrightness=false, useEcoBrightness=false, blockScreenOn=false, waitForNegativeProximity=false
I/PowerManagerService(  719): setBrightness mButtonLight 0.
D/PowerManagerService(  719): updateScreenStateLocked: mDisplayReady=true, newScreenState=2, mWakefulness=1, mWakeLockSummary=0x0, mUserActivitySummary=0x1, mBootCompleted=true
D/PowerManagerService(  719): Releasing suspend blocker "PowerManagerService.WakeLocks".
D/PowerManagerService(  719): handleSandman: canDream=false, mWakefulness=Awake
D/SocketClient(  146): SocketClient msg = Iface linkstate p2p0 up
D/SocketClient(  146): SocketClient sendDatalocked done: 600 Iface linkstate p2p0 up
D/NetdConnector(  719): RCV <- {600 Iface linkstate p2p0 up}
D/NetworkManagementService(  719): onEvent:600 Iface linkstate p2p0 up:5
D/ActivityManager(  719): ACT-IDLE_NOW_MSG from windowsVisible() for idle: ActivityRecord{41e20d18 u0 com.android.systemui/.recent.RecentsActivity t3}
V/ActivityThread( 3106): Finishing stop of ActivityRecord{42bbae38 token=android.os.BinderProxy@42d7fe70 {com.sixtyplus.nidfit.treadmill.app/com.sixtyplus.nidfit.treadmill.activities.Running.RunningActivity}}: show=false win=com.android.internal.policy.impl.PhoneWindow@42f33eb8
D/ActivityThread( 3106): ACT-STOP_ACTIVITY_HIDE handled : 0 / android.os.BinderProxy@42d7fe70
V/NetworkStats(  719): setKernelCounterSet uid=10048 set=0
D/ConnectivityService(  719): onUidRulesChanged(uid=10048, uidRules=0)
D/PowerManagerService(  719): userActivityFromNative
D/PowerManagerService(  719): userActivityNoUpdateLocked: eventTime=7943832, event=0, flags=0x0, uid=1000
D/PowerManagerNotifier(  719): onUserActivity: event=0, uid=1000
D/PowerManagerService(  719): updateUserActivitySummaryLocked: mWakefulness=Awake, mUserActivitySummary=0x1, nextTimeout=307943832 (in 299999999 ms)
D/PowerManagerService(  719): newScreenState = 2
D/PowerManagerDisplayController(  719): requestPowerState: screenState=2, useProximitySensor=false, forceProximitySensorEnable=false, forceWakeUpEnable=false, screenBrightness=88, screenAutoBrightnessAdjustment=0.0, useAutoBrightness=false, useEcoBrightness=false, blockScreenOn=false, waitForNegativeProximity=false
I/PowerManagerService(  719): setBrightness mButtonLight 0.
D/PowerManagerService(  719): updateScreenStateLocked: mDisplayReady=true, newScreenState=2, mWakefulness=1, mWakeLockSummary=0x0, mUserActivitySummary=0x1, mBootCompleted=true
D/PowerManagerService(  719): userActivityFromNative
D/PowerManagerService(  719): userActivityNoUpdateLocked: eventTime=7943832, event=2, flags=0x0, uid=1000
D/PowerManagerNotifier(  719): onUserActivity: event=2, uid=1000
D/PowerManagerService(  719): handleSandman: canDream=false, mWakefulness=Awake
I/ActivityManager(  719): START u0 {act=android.intent.action.MAIN cat=[android.intent.category.HOME] flg=0x10200000 cmp=com.android.launcher/com.android.launcher2.Launcher} from pid 838
D/PowerManagerService(  719): acquireWakeLockInternal: lock=1104924816, flags=0x1, tag="ActivityManager-Launch", ws=null, uid=1000, pid=719
D/PowerManagerNotifier(  719): onWakeLockAcquired: flags=1, tag="ActivityManager-Launch", packageName=android, ownerUid=1000, ownerPid=719, workSource=null
D/PowerManagerService(  719): updateWakeLockSummaryLocked: mWakefulness=Awake, mWakeLockSummary=0x1
D/PowerManagerService(  719): newScreenState = 2
D/PowerManagerDisplayController(  719): requestPowerState: screenState=2, useProximitySensor=false, forceProximitySensorEnable=false, forceWakeUpEnable=false, screenBrightness=88, screenAutoBrightnessAdjustment=0.0, useAutoBrightness=false, useEcoBrightness=false, blockScreenOn=false, waitForNegativeProximity=false
I/PowerManagerService(  719): setBrightness mButtonLight 0.
D/PowerManagerService(  719): updateScreenStateLocked: mDisplayReady=true, newScreenState=2, mWakefulness=1, mWakeLockSummary=0x1, mUserActivitySummary=0x1, mBootCompleted=true
D/PowerManagerService(  719): Acquiring suspend blocker "PowerManagerService.WakeLocks".
D/PowerManagerService(  719): handleSandman: canDream=false, mWakefulness=Awake
D/ActivityThread(  838): ACT-AM_ON_PAUSE_CALLED ActivityRecord{42017e70 token=android.os.BinderProxy@41e28a00 {com.android.systemui/com.android.systemui.recent.RecentsActivity}}
V/WindowManager(  719): Changing focus from Window{42363108 u0 com.android.systemui/com.android.systemui.recent.RecentsActivity} to null Callers=com.android.server.wm.WindowManagerService.setFocusedApp:4279 com.android.server.am.ActivityManagerService.setFocusedActivityLocked:2433 com.android.server.am.ActivityStack.completeResumeLocked:1030 com.android.server.am.ActivityStack.resumeTopActivityLocked:1752 
I/WindowManager(  719): Losing focus: Window{42363108 u0 com.android.systemui/com.android.systemui.recent.RecentsActivity}
V/NetworkStats(  719): setKernelCounterSet uid=10008 set=1
D/ConnectivityService(  719): onUidRulesChanged(uid=10008, uidRules=0)
D/ActivityThread(  838): ACT-PAUSE_ACTIVITY handled : 1 / android.os.BinderProxy@41e28a00
D/ActivityThread( 1062): ACT-NEW_INTENT handled : 0 / NewIntentData{intents=[Intent { act=android.intent.action.MAIN cat=[android.intent.category.HOME] flg=0x10600000 cmp=com.android.launcher/com.android.launcher2.Launcher }] token=android.os.BinderProxy@41d08990}
V/ActivityThread( 1062): Performing resume of ActivityRecord{41d091f8 token=android.os.BinderProxy@41d08990 {com.android.launcher/com.android.launcher2.Launcher}} finished=false
D/ActivityThread( 1062): ACT-AM_ON_RESUME_CALLED ActivityRecord{41d091f8 token=android.os.BinderProxy@41d08990 {com.android.launcher/com.android.launcher2.Launcher}}
V/ActivityThread( 1062): Resume ActivityRecord{41d091f8 token=android.os.BinderProxy@41d08990 {com.android.launcher/com.android.launcher2.Launcher}} started activity: false, hideForNow: false, finished: false
V/ActivityThread( 1062): Resuming ActivityRecord{41d091f8 token=android.os.BinderProxy@41d08990 {com.android.launcher/com.android.launcher2.Launcher}} with isForward=true
V/ActivityThread( 1062): Scheduling idle handler for ActivityRecord{41d091f8 token=android.os.BinderProxy@41d08990 {com.android.launcher/com.android.launcher2.Launcher}}
D/ActivityThread( 1062): ACT-RESUME_ACTIVITY handled : 1 / android.os.BinderProxy@41d08990
V/WindowManager(  719): Changing focus from null to Window{41e8ce28 u0 com.android.launcher/com.android.launcher2.Launcher} Callers=com.android.server.wm.WindowManagerService.relayoutWindow:3383 com.android.server.wm.Session.relayout:191 android.view.IWindowSession$Stub.onTransact:235 com.android.server.wm.Session.onTransact:126 
I/WindowManager(  719): Gaining focus: Window{41e8ce28 u0 com.android.launcher/com.android.launcher2.Launcher}
V/InputMethodManagerService(  719): windowGainedFocus: android.os.BinderProxy@421d7f88 controlFlags=#104 softInputMode=#120 windowFlags=#1910100
D/PowerManagerService(  719): releaseWakeLockInternal: lock=1104924816 [ActivityManager-Launch], flags=0x0, total_time=125ms
D/PowerManagerNotifier(  719): onWakeLockReleased: flags=1, tag="ActivityManager-Launch", packageName=android, ownerUid=1000, ownerPid=719, workSource=null
D/PowerManagerService(  719): updateWakeLockSummaryLocked: mWakefulness=Awake, mWakeLockSummary=0x0
D/PowerManagerService(  719): newScreenState = 2
D/PowerManagerDisplayController(  719): requestPowerState: screenState=2, useProximitySensor=false, forceProximitySensorEnable=false, forceWakeUpEnable=false, screenBrightness=88, screenAutoBrightnessAdjustment=0.0, useAutoBrightness=false, useEcoBrightness=false, blockScreenOn=false, waitForNegativeProximity=false
I/PowerManagerService(  719): setBrightness mButtonLight 0.
D/PowerManagerService(  719): updateScreenStateLocked: mDisplayReady=true, newScreenState=2, mWakefulness=1, mWakeLockSummary=0x0, mUserActivitySummary=0x1, mBootCompleted=true
D/PowerManagerService(  719): Releasing suspend blocker "PowerManagerService.WakeLocks".
D/PowerManagerService(  719): handleSandman: canDream=false, mWakefulness=Awake
D/ActivityManager(  719): ACT-IDLE_NOW_MSG from windowsVisible() for idle: ActivityRecord{4222de70 u0 com.android.launcher/com.android.launcher2.Launcher t1}
V/ActivityThread(  838): Finishing stop of ActivityRecord{42017e70 token=android.os.BinderProxy@41e28a00 {com.android.systemui/com.android.systemui.recent.RecentsActivity}}: show=false win=com.android.internal.policy.impl.PhoneWindow@41f03678
D/ActivityThread(  838): ACT-STOP_ACTIVITY_HIDE handled : 0 / android.os.BinderProxy@41e28a00
D/PowerManagerService(  719): userActivityFromNative
D/PowerManagerService(  719): userActivityNoUpdateLocked: eventTime=7945948, event=0, flags=0x0, uid=1000
D/PowerManagerNotifier(  719): onUserActivity: event=0, uid=1000
D/PowerManagerService(  719): updateUserActivitySummaryLocked: mWakefulness=Awake, mUserActivitySummary=0x1, nextTimeout=307945948 (in 299999999 ms)
D/PowerManagerService(  719): newScreenState = 2
D/PowerManagerDisplayController(  719): requestPowerState: screenState=2, useProximitySensor=false, forceProximitySensorEnable=false, forceWakeUpEnable=false, screenBrightness=88, screenAutoBrightnessAdjustment=0.0, useAutoBrightness=false, useEcoBrightness=false, blockScreenOn=false, waitForNegativeProximity=false
I/PowerManagerService(  719): setBrightness mButtonLight 0.
D/PowerManagerService(  719): updateScreenStateLocked: mDisplayReady=true, newScreenState=2, mWakefulness=1, mWakeLockSummary=0x0, mUserActivitySummary=0x1, mBootCompleted=true
D/PowerManagerService(  719): userActivityFromNative
D/PowerManagerService(  719): userActivityNoUpdateLocked: eventTime=7945948, event=2, flags=0x0, uid=1000
D/PowerManagerNotifier(  719): onUserActivity: event=2, uid=1000
D/PowerManagerService(  719): handleSandman: canDream=false, mWakefulness=Awake
V/SettingsProvider(  719):    access setting for user 0
V/SettingsProvider(  719): call(system:haptic_feedback_enabled) for 0
D/PowerManagerService(  719): acquireWakeLockInternal: lock=1107072760, flags=0x1, tag="*vibrator*", ws=WorkSource{10008}, uid=1000, pid=719
D/PowerManagerNotifier(  719): onWakeLockAcquired: flags=1, tag="*vibrator*", packageName=android, ownerUid=1000, ownerPid=719, workSource=WorkSource{10008}
D/PowerManagerService(  719): updateWakeLockSummaryLocked: mWakefulness=Awake, mWakeLockSummary=0x1
D/PowerManagerService(  719): newScreenState = 2
D/PowerManagerDisplayController(  719): requestPowerState: screenState=2, useProximitySensor=false, forceProximitySensorEnable=false, forceWakeUpEnable=false, screenBrightness=88, screenAutoBrightnessAdjustment=0.0, useAutoBrightness=false, useEcoBrightness=false, blockScreenOn=false, waitForNegativeProximity=false
I/PowerManagerService(  719): setBrightness mButtonLight 0.
D/PowerManagerService(  719): updateScreenStateLocked: mDisplayReady=true, newScreenState=2, mWakefulness=1, mWakeLockSummary=0x1, mUserActivitySummary=0x1, mBootCompleted=true
D/PowerManagerService(  719): Acquiring suspend blocker "PowerManagerService.WakeLocks".
D/PowerManagerService(  719): handleSandman: canDream=false, mWakefulness=Awake
D/PowerManagerService(  719): releaseWakeLockInternal: lock=1107072760 [*vibrator*], flags=0x0, total_time=73ms
D/PowerManagerNotifier(  719): onWakeLockReleased: flags=1, tag="*vibrator*", packageName=android, ownerUid=1000, ownerPid=719, workSource=WorkSource{10008}
D/PowerManagerService(  719): updateWakeLockSummaryLocked: mWakefulness=Awake, mWakeLockSummary=0x0
D/PowerManagerService(  719): newScreenState = 2
D/PowerManagerDisplayController(  719): requestPowerState: screenState=2, useProximitySensor=false, forceProximitySensorEnable=false, forceWakeUpEnable=false, screenBrightness=88, screenAutoBrightnessAdjustment=0.0, useAutoBrightness=false, useEcoBrightness=false, blockScreenOn=false, waitForNegativeProximity=false
I/PowerManagerService(  719): setBrightness mButtonLight 0.
D/PowerManagerService(  719): updateScreenStateLocked: mDisplayReady=true, newScreenState=2, mWakefulness=1, mWakeLockSummary=0x0, mUserActivitySummary=0x1, mBootCompleted=true
D/PowerManagerService(  719): Releasing suspend blocker "PowerManagerService.WakeLocks".
D/PowerManagerService(  719): handleSandman: canDream=false, mWakefulness=Awake
D/PowerManagerService(  719): userActivityFromNative
D/PowerManagerService(  719): userActivityNoUpdateLocked: eventTime=7947299, event=0, flags=0x0, uid=1000
D/PowerManagerNotifier(  719): onUserActivity: event=0, uid=1000
D/PowerManagerService(  719): updateUserActivitySummaryLocked: mWakefulness=Awake, mUserActivitySummary=0x1, nextTimeout=307947299 (in 299999999 ms)
D/PowerManagerService(  719): newScreenState = 2
D/PowerManagerDisplayController(  719): requestPowerState: screenState=2, useProximitySensor=false, forceProximitySensorEnable=false, forceWakeUpEnable=false, screenBrightness=88, screenAutoBrightnessAdjustment=0.0, useAutoBrightness=false, useEcoBrightness=false, blockScreenOn=false, waitForNegativeProximity=false
I/PowerManagerService(  719): setBrightness mButtonLight 0.
D/PowerManagerService(  719): updateScreenStateLocked: mDisplayReady=true, newScreenState=2, mWakefulness=1, mWakeLockSummary=0x0, mUserActivitySummary=0x1, mBootCompleted=true
D/PowerManagerService(  719): handleSandman: canDream=false, mWakefulness=Awake
D/PowerManagerService(  719): userActivityFromNative
D/PowerManagerService(  719): userActivityNoUpdateLocked: eventTime=7947299, event=2, flags=0x0, uid=1000
D/PowerManagerNotifier(  719): onUserActivity: event=2, uid=1000
I/ActivityManager(  719): START u0 {act=android.intent.action.MAIN cat=[android.intent.category.LAUNCHER] flg=0x10200000 cmp=com.sixtyplus.nidfit.treadmill.app/.LoginActivity} from pid 1062
D/PowerManagerService(  719): acquireWakeLockInternal: lock=1104924816, flags=0x1, tag="ActivityManager-Launch", ws=null, uid=1000, pid=719
D/PowerManagerNotifier(  719): onWakeLockAcquired: flags=1, tag="ActivityManager-Launch", packageName=android, ownerUid=1000, ownerPid=719, workSource=null
D/PowerManagerService(  719): updateWakeLockSummaryLocked: mWakefulness=Awake, mWakeLockSummary=0x1
D/PowerManagerService(  719): newScreenState = 2
D/PowerManagerDisplayController(  719): requestPowerState: screenState=2, useProximitySensor=false, forceProximitySensorEnable=false, forceWakeUpEnable=false, screenBrightness=88, screenAutoBrightnessAdjustment=0.0, useAutoBrightness=false, useEcoBrightness=false, blockScreenOn=false, waitForNegativeProximity=false
I/PowerManagerService(  719): setBrightness mButtonLight 0.
D/PowerManagerService(  719): updateScreenStateLocked: mDisplayReady=true, newScreenState=2, mWakefulness=1, mWakeLockSummary=0x1, mUserActivitySummary=0x1, mBootCompleted=true
D/PowerManagerService(  719): Acquiring suspend blocker "PowerManagerService.WakeLocks".
D/PowerManagerService(  719): handleSandman: canDream=false, mWakefulness=Awake
D/ActivityThread( 1062): ACT-AM_ON_PAUSE_CALLED ActivityRecord{41d091f8 token=android.os.BinderProxy@41d08990 {com.android.launcher/com.android.launcher2.Launcher}}
V/WindowManager(  719): Changing focus from Window{41e8ce28 u0 com.android.launcher/com.android.launcher2.Launcher} to null Callers=com.android.server.wm.WindowManagerService.setFocusedApp:4279 com.android.server.am.ActivityManagerService.setFocusedActivityLocked:2433 com.android.server.am.ActivityStack.completeResumeLocked:1030 com.android.server.am.ActivityStack.resumeTopActivityLocked:1752 
I/WindowManager(  719): Losing focus: Window{41e8ce28 u0 com.android.launcher/com.android.launcher2.Launcher}
D/ActivityThread( 1062): ACT-PAUSE_ACTIVITY handled : 1 / android.os.BinderProxy@41d08990
V/NetworkStats(  719): setKernelCounterSet uid=10048 set=1
D/ConnectivityService(  719): onUidRulesChanged(uid=10048, uidRules=0)
V/ActivityThread( 3106): Performing resume of ActivityRecord{42bbae38 token=android.os.BinderProxy@42d7fe70 {com.sixtyplus.nidfit.treadmill.app/com.sixtyplus.nidfit.treadmill.activities.Running.RunningActivity}} finished=false
D/ConnectivityService(  719): getActiveNetworkInfo:NetworkInfo: type: WIFI[], state: CONNECTED/CONNECTED, reason: (unspecified), extra: "60_dev_01", roaming: false, failover: false, isAvailable: true, isConnectedToProvisioningNetwork: false, simId: 0/10048
D/ActivityThread( 3106): ACT-AM_ON_RESUME_CALLED ActivityRecord{42bbae38 token=android.os.BinderProxy@42d7fe70 {com.sixtyplus.nidfit.treadmill.app/com.sixtyplus.nidfit.treadmill.activities.Running.RunningActivity}}
V/ActivityThread( 3106): Resume ActivityRecord{42bbae38 token=android.os.BinderProxy@42d7fe70 {com.sixtyplus.nidfit.treadmill.app/com.sixtyplus.nidfit.treadmill.activities.Running.RunningActivity}} started activity: false, hideForNow: false, finished: false
V/ActivityThread( 3106): Resuming ActivityRecord{42bbae38 token=android.os.BinderProxy@42d7fe70 {com.sixtyplus.nidfit.treadmill.app/com.sixtyplus.nidfit.treadmill.activities.Running.RunningActivity}} with isForward=true
V/ActivityThread( 3106): Scheduling idle handler for ActivityRecord{42bbae38 token=android.os.BinderProxy@42d7fe70 {com.sixtyplus.nidfit.treadmill.app/com.sixtyplus.nidfit.treadmill.activities.Running.RunningActivity}}
D/ActivityThread( 3106): ACT-RESUME_ACTIVITY handled : 1 / android.os.BinderProxy@42d7fe70
V/WindowManager(  719): Changing focus from null to Window{420ed5a8 u0 com.sixtyplus.nidfit.treadmill.app/com.sixtyplus.nidfit.treadmill.activities.Running.RunningActivity} Callers=com.android.server.wm.WindowManagerService.relayoutWindow:3383 com.android.server.wm.Session.relayout:191 android.view.IWindowSession$Stub.onTransact:235 com.android.server.wm.Session.onTransact:126 
I/WindowManager(  719): Gaining focus: Window{420ed5a8 u0 com.sixtyplus.nidfit.treadmill.app/com.sixtyplus.nidfit.treadmill.activities.Running.RunningActivity}
D/ConnectivityService(  719): getActiveNetworkInfo:NetworkInfo: type: WIFI[], state: CONNECTED/CONNECTED, reason: (unspecified), extra: "60_dev_01", roaming: false, failover: false, isAvailable: true, isConnectedToProvisioningNetwork: false, simId: 0/10048
V/InputMethodManagerService(  719): windowGainedFocus: android.os.BinderProxy@4208aa50 controlFlags=#105 softInputMode=#110 windowFlags=#1810100
I/FrameworkListener(  146): onDataAvailable get 54 bytes 
D/FrameworkListener(  146): dispatchCommand data = (getaddrinfo api.nidfit.60community.com ^ 1024 0 1 0 ^)
D/SocketClient(  146): SocketClient sendDatalocked done: 222
D/SocketClient(  146): SocketClient sendDatalocked done: 
D/SocketClient(  146): SocketClient sendDatalocked done: 
D/SocketClient(  146): SocketClient sendDatalocked done: 
D/SocketClient(  146): SocketClient sendDatalocked done: 
D/SocketClient(  146): SocketClient sendDatalocked done: 
D/SocketClient(  146): SocketClient sendDatalocked done: 
D/PowerManagerService(  719): releaseWakeLockInternal: lock=1104924816 [ActivityManager-Launch], flags=0x0, total_time=147ms
D/PowerManagerNotifier(  719): onWakeLockReleased: flags=1, tag="ActivityManager-Launch", packageName=android, ownerUid=1000, ownerPid=719, workSource=null
D/PowerManagerService(  719): updateWakeLockSummaryLocked: mWakefulness=Awake, mWakeLockSummary=0x0
D/PowerManagerService(  719): newScreenState = 2
D/PowerManagerDisplayController(  719): requestPowerState: screenState=2, useProximitySensor=false, forceProximitySensorEnable=false, forceWakeUpEnable=false, screenBrightness=88, screenAutoBrightnessAdjustment=0.0, useAutoBrightness=false, useEcoBrightness=false, blockScreenOn=false, waitForNegativeProximity=false
I/PowerManagerService(  719): setBrightness mButtonLight 0.
D/PowerManagerService(  719): updateScreenStateLocked: mDisplayReady=true, newScreenState=2, mWakefulness=1, mWakeLockSummary=0x0, mUserActivitySummary=0x1, mBootCompleted=true
D/PowerManagerService(  719): Releasing suspend blocker "PowerManagerService.WakeLocks".
D/PowerManagerService(  719): handleSandman: canDream=false, mWakefulness=Awake
D/ActivityManager(  719): ACT-IDLE_NOW_MSG from windowsVisible() for idle: ActivityRecord{421ee3e0 u0 com.sixtyplus.nidfit.treadmill.app/com.sixtyplus.nidfit.treadmill.activities.Running.RunningActivity t2}
V/ActivityThread( 1062): Finishing stop of ActivityRecord{41d091f8 token=android.os.BinderProxy@41d08990 {com.android.launcher/com.android.launcher2.Launcher}}: show=false win=com.android.internal.policy.impl.PhoneWindow@423c1388
D/ActivityThread( 1062): ACT-STOP_ACTIVITY_HIDE handled : 0 / android.os.BinderProxy@41d08990
V/NetworkStats(  719): setKernelCounterSet uid=10008 set=0
D/ConnectivityService(  719): onUidRulesChanged(uid=10008, uidRules=0)
D/SocketClient(  146): SocketClient msg = Iface linkstate p2p0 up
D/SocketClient(  146): SocketClient sendDatalocked done: 600 Iface linkstate p2p0 up
D/NetdConnector(  719): RCV <- {600 Iface linkstate p2p0 up}
D/NetworkManagementService(  719): onEvent:600 Iface linkstate p2p0 up:5
D/PowerManagerService(  719): userActivityFromNative
D/PowerManagerService(  719): userActivityNoUpdateLocked: eventTime=7948684, event=0, flags=0x0, uid=1000
D/PowerManagerNotifier(  719): onUserActivity: event=0, uid=1000
D/PowerManagerService(  719): updateUserActivitySummaryLocked: mWakefulness=Awake, mUserActivitySummary=0x1, nextTimeout=307948684 (in 299999999 ms)
D/PowerManagerService(  719): newScreenState = 2
D/PowerManagerDisplayController(  719): requestPowerState: screenState=2, useProximitySensor=false, forceProximitySensorEnable=false, forceWakeUpEnable=false, screenBrightness=88, screenAutoBrightnessAdjustment=0.0, useAutoBrightness=false, useEcoBrightness=false, blockScreenOn=false, waitForNegativeProximity=false
I/PowerManagerService(  719): setBrightness mButtonLight 0.
D/PowerManagerService(  719): updateScreenStateLocked: mDisplayReady=true, newScreenState=2, mWakefulness=1, mWakeLockSummary=0x0, mUserActivitySummary=0x1, mBootCompleted=true
D/PowerManagerService(  719): userActivityFromNative
D/PowerManagerService(  719): userActivityNoUpdateLocked: eventTime=7948684, event=2, flags=0x0, uid=1000
D/PowerManagerNotifier(  719): onUserActivity: event=2, uid=1000
D/PowerManagerService(  719): handleSandman: canDream=false, mWakefulness=Awake
D/PowerManagerService(  719): userActivityFromNative
D/PowerManagerService(  719): userActivityNoUpdateLocked: eventTime=7949340, event=0, flags=0x0, uid=1000
D/PowerManagerNotifier(  719): onUserActivity: event=0, uid=1000
D/PowerManagerService(  719): updateUserActivitySummaryLocked: mWakefulness=Awake, mUserActivitySummary=0x1, nextTimeout=307949340 (in 299999999 ms)
D/PowerManagerService(  719): newScreenState = 2
D/PowerManagerDisplayController(  719): requestPowerState: screenState=2, useProximitySensor=false, forceProximitySensorEnable=false, forceWakeUpEnable=false, screenBrightness=88, screenAutoBrightnessAdjustment=0.0, useAutoBrightness=false, useEcoBrightness=false, blockScreenOn=false, waitForNegativeProximity=false
I/PowerManagerService(  719): setBrightness mButtonLight 0.
D/PowerManagerService(  719): updateScreenStateLocked: mDisplayReady=true, newScreenState=2, mWakefulness=1, mWakeLockSummary=0x0, mUserActivitySummary=0x1, mBootCompleted=true
D/PowerManagerService(  719): handleSandman: canDream=false, mWakefulness=Awake
D/PowerManagerService(  719): userActivityFromNative
D/PowerManagerService(  719): userActivityNoUpdateLocked: eventTime=7949340, event=2, flags=0x0, uid=1000
D/PowerManagerNotifier(  719): onUserActivity: event=2, uid=1000
I/ActivityManager(  719): START u0 {act=com.android.systemui.recent.action.TOGGLE_RECENTS flg=0x10800000 cmp=com.android.systemui/.recent.RecentsActivity (has extras)} from pid 838
D/PowerManagerService(  719): acquireWakeLockInternal: lock=1104924816, flags=0x1, tag="ActivityManager-Launch", ws=null, uid=1000, pid=719
D/PowerManagerNotifier(  719): onWakeLockAcquired: flags=1, tag="ActivityManager-Launch", packageName=android, ownerUid=1000, ownerPid=719, workSource=null
D/PowerManagerService(  719): updateWakeLockSummaryLocked: mWakefulness=Awake, mWakeLockSummary=0x1
D/PowerManagerService(  719): newScreenState = 2
D/PowerManagerDisplayController(  719): requestPowerState: screenState=2, useProximitySensor=false, forceProximitySensorEnable=false, forceWakeUpEnable=false, screenBrightness=88, screenAutoBrightnessAdjustment=0.0, useAutoBrightness=false, useEcoBrightness=false, blockScreenOn=false, waitForNegativeProximity=false
I/PowerManagerService(  719): setBrightness mButtonLight 0.
D/PowerManagerService(  719): updateScreenStateLocked: mDisplayReady=true, newScreenState=2, mWakefulness=1, mWakeLockSummary=0x1, mUserActivitySummary=0x1, mBootCompleted=true
D/PowerManagerService(  719): Acquiring suspend blocker "PowerManagerService.WakeLocks".
D/ActivityThread( 3106): ACT-AM_ON_PAUSE_CALLED ActivityRecord{42bbae38 token=android.os.BinderProxy@42d7fe70 {com.sixtyplus.nidfit.treadmill.app/com.sixtyplus.nidfit.treadmill.activities.Running.RunningActivity}}
D/PowerManagerService(  719): handleSandman: canDream=false, mWakefulness=Awake
V/WindowManager(  719): Changing focus from Window{420ed5a8 u0 com.sixtyplus.nidfit.treadmill.app/com.sixtyplus.nidfit.treadmill.activities.Running.RunningActivity} to null Callers=com.android.server.wm.WindowManagerService.setFocusedApp:4279 com.android.server.am.ActivityManagerService.setFocusedActivityLocked:2433 com.android.server.am.ActivityStack.completeResumeLocked:1030 com.android.server.am.ActivityStack.resumeTopActivityLocked:1752 
I/WindowManager(  719): Losing focus: Window{420ed5a8 u0 com.sixtyplus.nidfit.treadmill.app/com.sixtyplus.nidfit.treadmill.activities.Running.RunningActivity}
D/ActivityThread( 3106): ACT-PAUSE_ACTIVITY handled : 1 / android.os.BinderProxy@42d7fe70
D/ActivityThread(  838): ACT-NEW_INTENT handled : 0 / NewIntentData{intents=[Intent { act=com.android.systemui.recent.action.TOGGLE_RECENTS flg=0x10c00000 cmp=com.android.systemui/.recent.RecentsActivity (has extras) }] token=android.os.BinderProxy@41e28a00}
V/ActivityThread(  838): Performing resume of ActivityRecord{42017e70 token=android.os.BinderProxy@41e28a00 {com.android.systemui/com.android.systemui.recent.RecentsActivity}} finished=false
D/ActivityThread(  838): ACT-AM_ON_RESUME_CALLED ActivityRecord{42017e70 token=android.os.BinderProxy@41e28a00 {com.android.systemui/com.android.systemui.recent.RecentsActivity}}
V/ActivityThread(  838): Resume ActivityRecord{42017e70 token=android.os.BinderProxy@41e28a00 {com.android.systemui/com.android.systemui.recent.RecentsActivity}} started activity: false, hideForNow: false, finished: false
V/ActivityThread(  838): Resuming ActivityRecord{42017e70 token=android.os.BinderProxy@41e28a00 {com.android.systemui/com.android.systemui.recent.RecentsActivity}} with isForward=true
V/ActivityThread(  838): Scheduling idle handler for ActivityRecord{42017e70 token=android.os.BinderProxy@41e28a00 {com.android.systemui/com.android.systemui.recent.RecentsActivity}}
D/ActivityThread(  838): ACT-RESUME_ACTIVITY handled : 1 / android.os.BinderProxy@41e28a00
V/WindowManager(  719): Changing focus from null to Window{42363108 u0 com.android.systemui/com.android.systemui.recent.RecentsActivity} Callers=com.android.server.wm.WindowManagerService.relayoutWindow:3383 com.android.server.wm.Session.relayout:191 android.view.IWindowSession$Stub.onTransact:235 com.android.server.wm.Session.onTransact:126 
I/WindowManager(  719): Gaining focus: Window{42363108 u0 com.android.systemui/com.android.systemui.recent.RecentsActivity}
V/InputMethodManagerService(  719): windowGainedFocus: android.os.BinderProxy@421fb7d0 controlFlags=#105 softInputMode=#120 windowFlags=#1910100
V/ActivityManager(  719): Broadcast: Intent { act=android.intent.action.CLOSE_SYSTEM_DIALOGS flg=0x50000010 (has extras) } ordered=false userid=-1 callerApp=null
V/ActivityManager(  719): Broadcast: Intent { act=android.intent.action.CLOSE_SYSTEM_DIALOGS flg=0x50000010 (has extras) } ordered=false userid=-1 callerApp=null
V/ActivityManager(  719): Broadcast: Intent { act=android.intent.action.CLOSE_SYSTEM_DIALOGS flg=0x50000010 (has extras) } ordered=false userid=-1 callerApp=null
V/ActivityManager(  719): Broadcast: Intent { act=com.android.systemui.recent.action.WINDOW_ANIMATION_START flg=0x10 pkg=com.android.systemui } ordered=false userid=-2 callerApp=ProcessRecord{42147030 838:com.android.systemui/u0a7}
D/PowerManagerService(  719): releaseWakeLockInternal: lock=1104924816 [ActivityManager-Launch], flags=0x0, total_time=158ms
D/PowerManagerNotifier(  719): onWakeLockReleased: flags=1, tag="ActivityManager-Launch", packageName=android, ownerUid=1000, ownerPid=719, workSource=null
D/PowerManagerService(  719): updateWakeLockSummaryLocked: mWakefulness=Awake, mWakeLockSummary=0x0
D/PowerManagerService(  719): newScreenState = 2
D/PowerManagerDisplayController(  719): requestPowerState: screenState=2, useProximitySensor=false, forceProximitySensorEnable=false, forceWakeUpEnable=false, screenBrightness=88, screenAutoBrightnessAdjustment=0.0, useAutoBrightness=false, useEcoBrightness=false, blockScreenOn=false, waitForNegativeProximity=false
I/PowerManagerService(  719): setBrightness mButtonLight 0.
D/PowerManagerService(  719): updateScreenStateLocked: mDisplayReady=true, newScreenState=2, mWakefulness=1, mWakeLockSummary=0x0, mUserActivitySummary=0x1, mBootCompleted=true
D/PowerManagerService(  719): Releasing suspend blocker "PowerManagerService.WakeLocks".
D/PowerManagerService(  719): handleSandman: canDream=false, mWakefulness=Awake
D/ActivityManager(  719): ACT-IDLE_NOW_MSG from windowsVisible() for idle: ActivityRecord{41e20d18 u0 com.android.systemui/.recent.RecentsActivity t3}
V/ActivityThread( 3106): Finishing stop of ActivityRecord{42bbae38 token=android.os.BinderProxy@42d7fe70 {com.sixtyplus.nidfit.treadmill.app/com.sixtyplus.nidfit.treadmill.activities.Running.RunningActivity}}: show=false win=com.android.internal.policy.impl.PhoneWindow@42f33eb8
D/ActivityThread( 3106): ACT-STOP_ACTIVITY_HIDE handled : 0 / android.os.BinderProxy@42d7fe70
V/NetworkStats(  719): setKernelCounterSet uid=10048 set=0
D/ConnectivityService(  719): onUidRulesChanged(uid=10048, uidRules=0)
D/PowerManagerService(  719): userActivityFromNative
D/PowerManagerService(  719): userActivityNoUpdateLocked: eventTime=7950817, event=0, flags=0x0, uid=1000
D/PowerManagerNotifier(  719): onUserActivity: event=0, uid=1000
D/PowerManagerService(  719): updateUserActivitySummaryLocked: mWakefulness=Awake, mUserActivitySummary=0x1, nextTimeout=307950817 (in 299999999 ms)
D/PowerManagerService(  719): newScreenState = 2
D/PowerManagerDisplayController(  719): requestPowerState: screenState=2, useProximitySensor=false, forceProximitySensorEnable=false, forceWakeUpEnable=false, screenBrightness=88, screenAutoBrightnessAdjustment=0.0, useAutoBrightness=false, useEcoBrightness=false, blockScreenOn=false, waitForNegativeProximity=false
I/PowerManagerService(  719): setBrightness mButtonLight 0.
D/PowerManagerService(  719): updateScreenStateLocked: mDisplayReady=true, newScreenState=2, mWakefulness=1, mWakeLockSummary=0x0, mUserActivitySummary=0x1, mBootCompleted=true
D/PowerManagerService(  719): userActivityFromNative
D/PowerManagerService(  719): userActivityNoUpdateLocked: eventTime=7950817, event=2, flags=0x0, uid=1000
D/PowerManagerNotifier(  719): onUserActivity: event=2, uid=1000
D/PowerManagerService(  719): handleSandman: canDream=false, mWakefulness=Awake
V/SettingsProvider(  719): call(system:sound_effects_enabled) for 0
D/PowerManagerService(  719): acquireWakeLockInternal: lock=1104924816, flags=0x1, tag="ActivityManager-Launch", ws=null, uid=1000, pid=719
D/PowerManagerNotifier(  719): onWakeLockAcquired: flags=1, tag="ActivityManager-Launch", packageName=android, ownerUid=1000, ownerPid=719, workSource=null
D/PowerManagerService(  719): updateWakeLockSummaryLocked: mWakefulness=Awake, mWakeLockSummary=0x1
D/PowerManagerService(  719): newScreenState = 2
D/PowerManagerDisplayController(  719): requestPowerState: screenState=2, useProximitySensor=false, forceProximitySensorEnable=false, forceWakeUpEnable=false, screenBrightness=88, screenAutoBrightnessAdjustment=0.0, useAutoBrightness=false, useEcoBrightness=false, blockScreenOn=false, waitForNegativeProximity=false
I/PowerManagerService(  719): setBrightness mButtonLight 0.
D/PowerManagerService(  719): updateScreenStateLocked: mDisplayReady=true, newScreenState=2, mWakefulness=1, mWakeLockSummary=0x1, mUserActivitySummary=0x1, mBootCompleted=true
D/PowerManagerService(  719): Acquiring suspend blocker "PowerManagerService.WakeLocks".
D/PowerManagerService(  719): handleSandman: canDream=false, mWakefulness=Awake
D/ActivityThread(  838): ACT-AM_ON_PAUSE_CALLED ActivityRecord{42017e70 token=android.os.BinderProxy@41e28a00 {com.android.systemui/com.android.systemui.recent.RecentsActivity}}
V/WindowManager(  719): Changing focus from Window{42363108 u0 com.android.systemui/com.android.systemui.recent.RecentsActivity} to null Callers=com.android.server.wm.WindowManagerService.setFocusedApp:4279 com.android.server.am.ActivityManagerService.setFocusedActivityLocked:2433 com.android.server.am.ActivityStack.completeResumeLocked:1030 com.android.server.am.ActivityStack.resumeTopActivityLocked:1752 
V/NetworkStats(  719): setKernelCounterSet uid=10048 set=1
D/ConnectivityService(  719): onUidRulesChanged(uid=10048, uidRules=0)
D/ActivityThread(  838): ACT-PAUSE_ACTIVITY handled : 1 / android.os.BinderProxy@41e28a00
I/WindowManager(  719): Losing focus: Window{42363108 u0 com.android.systemui/com.android.systemui.recent.RecentsActivity}
V/ActivityThread( 3106): Performing resume of ActivityRecord{42bbae38 token=android.os.BinderProxy@42d7fe70 {com.sixtyplus.nidfit.treadmill.app/com.sixtyplus.nidfit.treadmill.activities.Running.RunningActivity}} finished=false
D/ConnectivityService(  719): getActiveNetworkInfo:NetworkInfo: type: WIFI[], state: CONNECTED/CONNECTED, reason: (unspecified), extra: "60_dev_01", roaming: false, failover: false, isAvailable: true, isConnectedToProvisioningNetwork: false, simId: 0/10048
D/ActivityThread( 3106): ACT-AM_ON_RESUME_CALLED ActivityRecord{42bbae38 token=android.os.BinderProxy@42d7fe70 {com.sixtyplus.nidfit.treadmill.app/com.sixtyplus.nidfit.treadmill.activities.Running.RunningActivity}}
V/ActivityThread( 3106): Resume ActivityRecord{42bbae38 token=android.os.BinderProxy@42d7fe70 {com.sixtyplus.nidfit.treadmill.app/com.sixtyplus.nidfit.treadmill.activities.Running.RunningActivity}} started activity: false, hideForNow: false, finished: false
V/ActivityThread( 3106): Resuming ActivityRecord{42bbae38 token=android.os.BinderProxy@42d7fe70 {com.sixtyplus.nidfit.treadmill.app/com.sixtyplus.nidfit.treadmill.activities.Running.RunningActivity}} with isForward=true
V/ActivityThread( 3106): Scheduling idle handler for ActivityRecord{42bbae38 token=android.os.BinderProxy@42d7fe70 {com.sixtyplus.nidfit.treadmill.app/com.sixtyplus.nidfit.treadmill.activities.Running.RunningActivity}}
D/ActivityThread( 3106): ACT-RESUME_ACTIVITY handled : 1 / android.os.BinderProxy@42d7fe70
V/WindowManager(  719): Changing focus from null to Window{420ed5a8 u0 com.sixtyplus.nidfit.treadmill.app/com.sixtyplus.nidfit.treadmill.activities.Running.RunningActivity} Callers=com.android.server.wm.WindowManagerService.relayoutWindow:3383 com.android.server.wm.Session.relayout:191 android.view.IWindowSession$Stub.onTransact:235 com.android.server.wm.Session.onTransact:126 
I/WindowManager(  719): Gaining focus: Window{420ed5a8 u0 com.sixtyplus.nidfit.treadmill.app/com.sixtyplus.nidfit.treadmill.activities.Running.RunningActivity}
D/ConnectivityService(  719): getActiveNetworkInfo:NetworkInfo: type: WIFI[], state: CONNECTED/CONNECTED, reason: (unspecified), extra: "60_dev_01", roaming: false, failover: false, isAvailable: true, isConnectedToProvisioningNetwork: false, simId: 0/10048
V/InputMethodManagerService(  719): windowGainedFocus: android.os.BinderProxy@4208aa50 controlFlags=#105 softInputMode=#110 windowFlags=#1810100
D/PowerManagerService(  719): releaseWakeLockInternal: lock=1104924816 [ActivityManager-Launch], flags=0x0, total_time=162ms
D/PowerManagerNotifier(  719): onWakeLockReleased: flags=1, tag="ActivityManager-Launch", packageName=android, ownerUid=1000, ownerPid=719, workSource=null
D/PowerManagerService(  719): updateWakeLockSummaryLocked: mWakefulness=Awake, mWakeLockSummary=0x0
D/PowerManagerService(  719): newScreenState = 2
D/PowerManagerDisplayController(  719): requestPowerState: screenState=2, useProximitySensor=false, forceProximitySensorEnable=false, forceWakeUpEnable=false, screenBrightness=88, screenAutoBrightnessAdjustment=0.0, useAutoBrightness=false, useEcoBrightness=false, blockScreenOn=false, waitForNegativeProximity=false
I/PowerManagerService(  719): setBrightness mButtonLight 0.
D/PowerManagerService(  719): updateScreenStateLocked: mDisplayReady=true, newScreenState=2, mWakefulness=1, mWakeLockSummary=0x0, mUserActivitySummary=0x1, mBootCompleted=true
D/PowerManagerService(  719): Releasing suspend blocker "PowerManagerService.WakeLocks".
D/PowerManagerService(  719): handleSandman: canDream=false, mWakefulness=Awake
D/ActivityManager(  719): ACT-IDLE_NOW_MSG from windowsVisible() for idle: ActivityRecord{421ee3e0 u0 com.sixtyplus.nidfit.treadmill.app/com.sixtyplus.nidfit.treadmill.activities.Running.RunningActivity t2}
V/ActivityThread(  838): Finishing stop of ActivityRecord{42017e70 token=android.os.BinderProxy@41e28a00 {com.android.systemui/com.android.systemui.recent.RecentsActivity}}: show=false win=com.android.internal.policy.impl.PhoneWindow@41f03678
D/ActivityThread(  838): ACT-STOP_ACTIVITY_HIDE handled : 0 / android.os.BinderProxy@41e28a00
D/PowerManagerService(  719): userActivityFromNative
D/PowerManagerService(  719): userActivityNoUpdateLocked: eventTime=7952475, event=0, flags=0x0, uid=1000
D/PowerManagerNotifier(  719): onUserActivity: event=0, uid=1000
D/PowerManagerService(  719): updateUserActivitySummaryLocked: mWakefulness=Awake, mUserActivitySummary=0x1, nextTimeout=307952475 (in 299999998 ms)
D/PowerManagerService(  719): newScreenState = 2
D/PowerManagerDisplayController(  719): requestPowerState: screenState=2, useProximitySensor=false, forceProximitySensorEnable=false, forceWakeUpEnable=false, screenBrightness=88, screenAutoBrightnessAdjustment=0.0, useAutoBrightness=false, useEcoBrightness=false, blockScreenOn=false, waitForNegativeProximity=false
I/PowerManagerService(  719): setBrightness mButtonLight 0.
D/PowerManagerService(  719): updateScreenStateLocked: mDisplayReady=true, newScreenState=2, mWakefulness=1, mWakeLockSummary=0x0, mUserActivitySummary=0x1, mBootCompleted=true
D/PowerManagerService(  719): userActivityFromNative
D/PowerManagerService(  719): userActivityNoUpdateLocked: eventTime=7952475, event=2, flags=0x0, uid=1000
D/PowerManagerNotifier(  719): onUserActivity: event=2, uid=1000
D/PowerManagerService(  719): handleSandman: canDream=false, mWakefulness=Awake
I/FrameworkListener(  146): onDataAvailable get 54 bytes 
D/FrameworkListener(  146): dispatchCommand data = (getaddrinfo api.nidfit.60community.com ^ 1024 0 1 0 ^)
D/SocketClient(  146): SocketClient sendDatalocked done: 222
D/SocketClient(  146): SocketClient sendDatalocked done: 
D/SocketClient(  146): SocketClient sendDatalocked done: 
D/SocketClient(  146): SocketClient sendDatalocked done: 
D/SocketClient(  146): SocketClient sendDatalocked done: 
D/SocketClient(  146): SocketClient sendDatalocked done: 
D/SocketClient(  146): SocketClient sendDatalocked done: 
D/PowerManagerService(  719): userActivityFromNative
D/PowerManagerService(  719): userActivityNoUpdateLocked: eventTime=7953459, event=0, flags=0x0, uid=1000
D/PowerManagerNotifier(  719): onUserActivity: event=0, uid=1000
D/PowerManagerService(  719): updateUserActivitySummaryLocked: mWakefulness=Awake, mUserActivitySummary=0x1, nextTimeout=307953459 (in 299999998 ms)
D/PowerManagerService(  719): newScreenState = 2
D/PowerManagerDisplayController(  719): requestPowerState: screenState=2, useProximitySensor=false, forceProximitySensorEnable=false, forceWakeUpEnable=false, screenBrightness=88, screenAutoBrightnessAdjustment=0.0, useAutoBrightness=false, useEcoBrightness=false, blockScreenOn=false, waitForNegativeProximity=false
I/PowerManagerService(  719): setBrightness mButtonLight 0.
D/PowerManagerService(  719): updateScreenStateLocked: mDisplayReady=true, newScreenState=2, mWakefulness=1, mWakeLockSummary=0x0, mUserActivitySummary=0x1, mBootCompleted=true
D/PowerManagerService(  719): handleSandman: canDream=false, mWakefulness=Awake
D/PowerManagerService(  719): userActivityFromNative
D/PowerManagerService(  719): userActivityNoUpdateLocked: eventTime=7953459, event=2, flags=0x0, uid=1000
D/PowerManagerNotifier(  719): onUserActivity: event=2, uid=1000
D/SocketClient(  146): SocketClient msg = Iface linkstate p2p0 up
D/SocketClient(  146): SocketClient sendDatalocked done: 600 Iface linkstate p2p0 up
D/NetdConnector(  719): RCV <- {600 Iface linkstate p2p0 up}
D/NetworkManagementService(  719): onEvent:600 Iface linkstate p2p0 up:5
D/PowerManagerService(  719): userActivityFromNative
D/PowerManagerService(  719): userActivityNoUpdateLocked: eventTime=7954134, event=0, flags=0x0, uid=1000
D/PowerManagerNotifier(  719): onUserActivity: event=0, uid=1000
D/PowerManagerService(  719): updateUserActivitySummaryLocked: mWakefulness=Awake, mUserActivitySummary=0x1, nextTimeout=307954134 (in 299999999 ms)
D/PowerManagerService(  719): newScreenState = 2
D/PowerManagerDisplayController(  719): requestPowerState: screenState=2, useProximitySensor=false, forceProximitySensorEnable=false, forceWakeUpEnable=false, screenBrightness=88, screenAutoBrightnessAdjustment=0.0, useAutoBrightness=false, useEcoBrightness=false, blockScreenOn=false, waitForNegativeProximity=false
I/PowerManagerService(  719): setBrightness mButtonLight 0.
D/PowerManagerService(  719): updateScreenStateLocked: mDisplayReady=true, newScreenState=2, mWakefulness=1, mWakeLockSummary=0x0, mUserActivitySummary=0x1, mBootCompleted=true
D/PowerManagerService(  719): handleSandman: canDream=false, mWakefulness=Awake
D/PowerManagerService(  719): userActivityFromNative
D/PowerManagerService(  719): userActivityNoUpdateLocked: eventTime=7954134, event=2, flags=0x0, uid=1000
D/PowerManagerNotifier(  719): onUserActivity: event=2, uid=1000
I/ActivityManager(  719): START u0 {act=com.android.systemui.recent.action.TOGGLE_RECENTS flg=0x10800000 cmp=com.android.systemui/.recent.RecentsActivity (has extras)} from pid 838
D/PowerManagerService(  719): acquireWakeLockInternal: lock=1104924816, flags=0x1, tag="ActivityManager-Launch", ws=null, uid=1000, pid=719
D/PowerManagerNotifier(  719): onWakeLockAcquired: flags=1, tag="ActivityManager-Launch", packageName=android, ownerUid=1000, ownerPid=719, workSource=null
D/PowerManagerService(  719): updateWakeLockSummaryLocked: mWakefulness=Awake, mWakeLockSummary=0x1
D/PowerManagerService(  719): newScreenState = 2
D/PowerManagerDisplayController(  719): requestPowerState: screenState=2, useProximitySensor=false, forceProximitySensorEnable=false, forceWakeUpEnable=false, screenBrightness=88, screenAutoBrightnessAdjustment=0.0, useAutoBrightness=false, useEcoBrightness=false, blockScreenOn=false, waitForNegativeProximity=false
I/PowerManagerService(  719): setBrightness mButtonLight 0.
D/PowerManagerService(  719): updateScreenStateLocked: mDisplayReady=true, newScreenState=2, mWakefulness=1, mWakeLockSummary=0x1, mUserActivitySummary=0x1, mBootCompleted=true
D/PowerManagerService(  719): Acquiring suspend blocker "PowerManagerService.WakeLocks".
D/ActivityThread( 3106): ACT-AM_ON_PAUSE_CALLED ActivityRecord{42bbae38 token=android.os.BinderProxy@42d7fe70 {com.sixtyplus.nidfit.treadmill.app/com.sixtyplus.nidfit.treadmill.activities.Running.RunningActivity}}
D/PowerManagerService(  719): handleSandman: canDream=false, mWakefulness=Awake
V/WindowManager(  719): Changing focus from Window{420ed5a8 u0 com.sixtyplus.nidfit.treadmill.app/com.sixtyplus.nidfit.treadmill.activities.Running.RunningActivity} to null Callers=com.android.server.wm.WindowManagerService.setFocusedApp:4279 com.android.server.am.ActivityManagerService.setFocusedActivityLocked:2433 com.android.server.am.ActivityStack.completeResumeLocked:1030 com.android.server.am.ActivityStack.resumeTopActivityLocked:1752 
I/WindowManager(  719): Losing focus: Window{420ed5a8 u0 com.sixtyplus.nidfit.treadmill.app/com.sixtyplus.nidfit.treadmill.activities.Running.RunningActivity}
D/ActivityThread( 3106): ACT-PAUSE_ACTIVITY handled : 1 / android.os.BinderProxy@42d7fe70
D/ActivityThread(  838): ACT-NEW_INTENT handled : 0 / NewIntentData{intents=[Intent { act=com.android.systemui.recent.action.TOGGLE_RECENTS flg=0x10c00000 cmp=com.android.systemui/.recent.RecentsActivity (has extras) }] token=android.os.BinderProxy@41e28a00}
V/ActivityThread(  838): Performing resume of ActivityRecord{42017e70 token=android.os.BinderProxy@41e28a00 {com.android.systemui/com.android.systemui.recent.RecentsActivity}} finished=false
D/ActivityThread(  838): ACT-AM_ON_RESUME_CALLED ActivityRecord{42017e70 token=android.os.BinderProxy@41e28a00 {com.android.systemui/com.android.systemui.recent.RecentsActivity}}
V/ActivityThread(  838): Resume ActivityRecord{42017e70 token=android.os.BinderProxy@41e28a00 {com.android.systemui/com.android.systemui.recent.RecentsActivity}} started activity: false, hideForNow: false, finished: false
V/ActivityThread(  838): Resuming ActivityRecord{42017e70 token=android.os.BinderProxy@41e28a00 {com.android.systemui/com.android.systemui.recent.RecentsActivity}} with isForward=true
V/ActivityThread(  838): Scheduling idle handler for ActivityRecord{42017e70 token=android.os.BinderProxy@41e28a00 {com.android.systemui/com.android.systemui.recent.RecentsActivity}}
D/ActivityThread(  838): ACT-RESUME_ACTIVITY handled : 1 / android.os.BinderProxy@41e28a00
V/WindowManager(  719): Changing focus from null to Window{42363108 u0 com.android.systemui/com.android.systemui.recent.RecentsActivity} Callers=com.android.server.wm.WindowManagerService.relayoutWindow:3383 com.android.server.wm.Session.relayout:191 android.view.IWindowSession$Stub.onTransact:235 com.android.server.wm.Session.onTransact:126 
I/WindowManager(  719): Gaining focus: Window{42363108 u0 com.android.systemui/com.android.systemui.recent.RecentsActivity}
V/InputMethodManagerService(  719): windowGainedFocus: android.os.BinderProxy@421fb7d0 controlFlags=#105 softInputMode=#120 windowFlags=#1910100
V/ActivityManager(  719): Broadcast: Intent { act=android.intent.action.CLOSE_SYSTEM_DIALOGS flg=0x50000010 (has extras) } ordered=false userid=-1 callerApp=null
V/ActivityManager(  719): Broadcast: Intent { act=android.intent.action.CLOSE_SYSTEM_DIALOGS flg=0x50000010 (has extras) } ordered=false userid=-1 callerApp=null
