D/PowerManagerDisplayController(  719): requestPowerState: screenState=2, useProximitySensor=false, forceProximitySensorEnable=false, forceWakeUpEnable=false, screenBrightness=88, screenAutoBrightnessAdjustment=0.0, useAutoBrightness=false, useEcoBrightness=false, blockScreenOn=false, waitForNegativeProximity=false
I/PowerManagerService(  719): setBrightness mButtonLight 0.
D/PowerManagerService(  719): updateScreenStateLocked: mDisplayReady=true, newScreenState=2, mWakefulness=1, mWakeLockSummary=0x0, mUserActivitySummary=0x1, mBootCompleted=true
D/PowerManagerService(  719): Releasing suspend blocker "PowerManagerService.WakeLocks".
D/PowerManagerService(  719): handleSandman: canDream=false, mWakefulness=Awake
D/ActivityManager(  719): ACT-IDLE_NOW_MSG from windowsVisible() for idle: ActivityRecord{4222de70 u0 com.android.launcher/com.android.launcher2.Launcher t1}
D/ActivityThread(  838): ACT-DESTROY_ACTIVITY handled : 1 / android.os.BinderProxy@41e28a00
D/PowerManagerService(  719): userActivityFromNative
D/PowerManagerService(  719): userActivityNoUpdateLocked: eventTime=7989515, event=0, flags=0x0, uid=1000
D/PowerManagerNotifier(  719): onUserActivity: event=0, uid=1000
D/PowerManagerService(  719): updateUserActivitySummaryLocked: mWakefulness=Awake, mUserActivitySummary=0x1, nextTimeout=307989515 (in 299999999 ms)
D/PowerManagerService(  719): newScreenState = 2
D/PowerManagerDisplayController(  719): requestPowerState: screenState=2, useProximitySensor=false, forceProximitySensorEnable=false, forceWakeUpEnable=false, screenBrightness=88, screenAutoBrightnessAdjustment=0.0, useAutoBrightness=false, useEcoBrightness=false, blockScreenOn=false, waitForNegativeProximity=false
I/PowerManagerService(  719): setBrightness mButtonLight 0.
D/PowerManagerService(  719): updateScreenStateLocked: mDisplayReady=true, newScreenState=2, mWakefulness=1, mWakeLockSummary=0x0, mUserActivitySummary=0x1, mBootCompleted=true
D/PowerManagerService(  719): handleSandman: canDream=false, mWakefulness=Awake
D/PowerManagerService(  719): userActivityFromNative
D/PowerManagerService(  719): userActivityNoUpdateLocked: eventTime=7989515, event=2, flags=0x0, uid=1000
D/PowerManagerNotifier(  719): onUserActivity: event=2, uid=1000
I/ActivityManager(  719): START u0 {act=android.intent.action.MAIN cat=[android.intent.category.LAUNCHER] flg=0x10200000 cmp=com.sixtyplus.nidfit.treadmill.app/.LoginActivity} from pid 1062
D/PowerManagerService(  719): acquireWakeLockInternal: lock=1104924816, flags=0x1, tag="ActivityManager-Launch", ws=null, uid=1000, pid=719
D/PowerManagerNotifier(  719): onWakeLockAcquired: flags=1, tag="ActivityManager-Launch", packageName=android, ownerUid=1000, ownerPid=719, workSource=null
D/PowerManagerService(  719): updateWakeLockSummaryLocked: mWakefulness=Awake, mWakeLockSummary=0x1
D/PowerManagerService(  719): newScreenState = 2
D/PowerManagerDisplayController(  719): requestPowerState: screenState=2, useProximitySensor=false, forceProximitySensorEnable=false, forceWakeUpEnable=false, screenBrightness=88, screenAutoBrightnessAdjustment=0.0, useAutoBrightness=false, useEcoBrightness=false, blockScreenOn=false, waitForNegativeProximity=false
I/PowerManagerService(  719): setBrightness mButtonLight 0.
D/PowerManagerService(  719): updateScreenStateLocked: mDisplayReady=true, newScreenState=2, mWakefulness=1, mWakeLockSummary=0x1, mUserActivitySummary=0x1, mBootCompleted=true
D/PowerManagerService(  719): Acquiring suspend blocker "PowerManagerService.WakeLocks".
D/PowerManagerService(  719): handleSandman: canDream=false, mWakefulness=Awake
V/WindowManager(  719): Changing focus from Window{41e8ce28 u0 com.android.launcher/com.android.launcher2.Launcher} to null Callers=com.android.server.wm.WindowManagerService.setFocusedApp:4279 com.android.server.am.ActivityManagerService.setFocusedActivityLocked:2433 com.android.server.am.ActivityStackSupervisor.startActivityUncheckedLocked:1958 com.android.server.am.ActivityStackSupervisor.startActivityLocked:1333 
D/ActivityThread( 1062): ACT-AM_ON_PAUSE_CALLED ActivityRecord{41d091f8 token=android.os.BinderProxy@41d08990 {com.android.launcher/com.android.launcher2.Launcher}}
I/ActivityManager(  719): Start proc com.sixtyplus.nidfit.treadmill.app for activity com.sixtyplus.nidfit.treadmill.app/.LoginActivity: pid=24604 uid=10048 gids={50048, 3003, 1028, 1015}
D/ActivityThread( 1062): ACT-PAUSE_ACTIVITY handled : 1 / android.os.BinderProxy@41d08990
V/ActivityThread( 1062): Finishing stop of ActivityRecord{41d091f8 token=android.os.BinderProxy@41d08990 {com.android.launcher/com.android.launcher2.Launcher}}: show=true win=com.android.internal.policy.impl.PhoneWindow@423c1388
D/ActivityThread( 1062): ACT-STOP_ACTIVITY_SHOW handled : 0 / android.os.BinderProxy@41d08990
I/WindowManager(  719): Losing focus: Window{41e8ce28 u0 com.android.launcher/com.android.launcher2.Launcher}
V/NetworkStats(  719): setKernelCounterSet uid=10048 set=1
V/NetworkStats(  719): setKernelCounterSet uid=10008 set=0
D/ConnectivityService(  719): onUidRulesChanged(uid=10048, uidRules=0)
D/ConnectivityService(  719): onUidRulesChanged(uid=10008, uidRules=0)
D/ActivityManager(  719): getContentProviderImpl: from caller=android.app.ApplicationThreadProxy@42140068 (pid=24604, userId=0) to get content provider settings cpr=ContentProviderRecord{41f2d460 u0 com.android.providers.settings/.SettingsProvider}
D/ActivityManager(  719): getContentProviderImpl: updateLruProcessLocked cpr.proc=ProcessRecord{41fff248 719:system/1000}
D/ActivityThread(24604): hoder:android.app.IActivityManager$ContentProviderHolder@41cff870,provider,holder.Provider:android.content.ContentProviderProxy@41cfffe8
V/SettingsProvider(  719): call(system:anr_debugging_mechanism) for 0
D/ActivityThread( 1062): ACT-HIDE_WINDOW handled : 0 / android.os.BinderProxy@41d08990
V/SettingsProvider(  719): call(secure:android_id) for 0
D/WifiService(  719): getWifiServiceMessenger, pid:24604, uid:10048
D/WifiService(  719): New client listening to asynchronous messages
D/ActivityThread(24604): BIND_APPLICATION handled : 0 / AppBindData{appInfo=ApplicationInfo{41cfcb00 com.sixtyplus.nidfit.treadmill.app}}
V/ActivityThread(24604): ActivityRecord{41cfe520 token=android.os.BinderProxy@41cfdb60 {com.sixtyplus.nidfit.treadmill.app/com.sixtyplus.nidfit.treadmill.app.LoginActivity}}: app=com.sixtyplus.nidfit.treadmill.app.MyApp@41d06848, appName=com.sixtyplus.nidfit.treadmill.app, pkg=com.sixtyplus.nidfit.treadmill.app, comp={com.sixtyplus.nidfit.treadmill.app/com.sixtyplus.nidfit.treadmill.app.LoginActivity}, dir=/data/app/com.sixtyplus.nidfit.treadmill.app-2.apk
D/ConnectivityService(  719): getActiveNetworkInfo:NetworkInfo: type: WIFI[], state: CONNECTED/CONNECTED, reason: (unspecified), extra: "60_dev_01", roaming: false, failover: false, isAvailable: true, isConnectedToProvisioningNetwork: false, simId: 0/10048
D/ConnectivityService(  719): getActiveNetworkInfo:NetworkInfo: type: WIFI[], state: CONNECTED/CONNECTED, reason: (unspecified), extra: "60_dev_01", roaming: false, failover: false, isAvailable: true, isConnectedToProvisioningNetwork: false, simId: 0/10048
D/ConnectivityService(  719): getActiveNetworkInfo:NetworkInfo: type: WIFI[], state: CONNECTED/CONNECTED, reason: (unspecified), extra: "60_dev_01", roaming: false, failover: false, isAvailable: true, isConnectedToProvisioningNetwork: false, simId: 0/10048
I/FrameworkListener(  146): onDataAvailable get 48 bytes 
D/FrameworkListener(  146): dispatchCommand data = (getaddrinfo android.bugly.qq.com ^ 1024 0 1 0 ^)
D/SocketClient(  146): SocketClient sendDatalocked done: 222
D/SocketClient(  146): SocketClient sendDatalocked done: 
D/SocketClient(  146): SocketClient sendDatalocked done: 
D/SocketClient(  146): SocketClient sendDatalocked done: 
D/SocketClient(  146): SocketClient sendDatalocked done: 
D/SocketClient(  146): SocketClient sendDatalocked done: 
D/SocketClient(  146): SocketClient sendDatalocked done: 
D/SocketClient(  146): SocketClient sendDatalocked done: 
D/SocketClient(  146): SocketClient sendDatalocked done: 
D/SocketClient(  146): SocketClient sendDatalocked done: 
D/SocketClient(  146): SocketClient sendDatalocked done: 
D/SocketClient(  146): SocketClient sendDatalocked done: 
D/ConnectivityService(  719): getActiveNetworkInfo:NetworkInfo: type: WIFI[], state: CONNECTED/CONNECTED, reason: (unspecified), extra: "60_dev_01", roaming: false, failover: false, isAvailable: true, isConnectedToProvisioningNetwork: false, simId: 0/10048
D/ConnectivityService(  719): getActiveNetworkInfo:NetworkInfo: type: WIFI[], state: CONNECTED/CONNECTED, reason: (unspecified), extra: "60_dev_01", roaming: false, failover: false, isAvailable: true, isConnectedToProvisioningNetwork: false, simId: 0/10048
V/WindowManager(  719): Changing focus from null to Window{42362418 u0 com.sixtyplus.nidfit.treadmill.app/com.sixtyplus.nidfit.treadmill.app.LoginActivity} Callers=com.android.server.wm.WindowManagerService.addWindow:2671 com.android.server.wm.Session.addToDisplay:163 android.view.IWindowSession$Stub.onTransact:111 com.android.server.wm.Session.onTransact:126 
I/WindowManager(  719): Gaining focus: Window{42362418 u0 com.sixtyplus.nidfit.treadmill.app/com.sixtyplus.nidfit.treadmill.app.LoginActivity}
V/WindowManager(  719): Changing focus from Window{42362418 u0 com.sixtyplus.nidfit.treadmill.app/com.sixtyplus.nidfit.treadmill.app.LoginActivity} to null Callers=com.android.server.wm.WindowManagerService.removeWindowLocked:2794 com.android.server.wm.WindowManagerService.removeWindow:2715 com.android.server.wm.Session.remove:182 android.view.IWindowSession$Stub.onTransact:197 
I/WindowManager(  719): Losing focus: Window{42362418 u0 com.sixtyplus.nidfit.treadmill.app/com.sixtyplus.nidfit.treadmill.app.LoginActivity}
V/WindowManager(  719): Changing focus from null to Window{41ec3470 u0 com.sixtyplus.nidfit.treadmill.app/com.sixtyplus.nidfit.treadmill.app.LoginActivity} Callers=com.android.server.wm.WindowManagerService.addWindow:2671 com.android.server.wm.Session.addToDisplay:163 android.view.IWindowSession$Stub.onTransact:111 com.android.server.wm.Session.onTransact:126 
I/WindowManager(  719): Gaining focus: Window{41ec3470 u0 com.sixtyplus.nidfit.treadmill.app/com.sixtyplus.nidfit.treadmill.app.LoginActivity}
V/ActivityThread(24604): Performing resume of ActivityRecord{41cfe520 token=android.os.BinderProxy@41cfdb60 {com.sixtyplus.nidfit.treadmill.app/com.sixtyplus.nidfit.treadmill.app.LoginActivity}} finished=false
D/ActivityThread(24604): ACT-AM_ON_RESUME_CALLED ActivityRecord{41cfe520 token=android.os.BinderProxy@41cfdb60 {com.sixtyplus.nidfit.treadmill.app/com.sixtyplus.nidfit.treadmill.app.LoginActivity}}
V/ActivityThread(24604): Resume ActivityRecord{41cfe520 token=android.os.BinderProxy@41cfdb60 {com.sixtyplus.nidfit.treadmill.app/com.sixtyplus.nidfit.treadmill.app.LoginActivity}} started activity: false, hideForNow: false, finished: false
V/ActivityThread(24604): Resuming ActivityRecord{41cfe520 token=android.os.BinderProxy@41cfdb60 {com.sixtyplus.nidfit.treadmill.app/com.sixtyplus.nidfit.treadmill.app.LoginActivity}} with isForward=true
V/ActivityThread(24604): Scheduling idle handler for ActivityRecord{41cfe520 token=android.os.BinderProxy@41cfdb60 {com.sixtyplus.nidfit.treadmill.app/com.sixtyplus.nidfit.treadmill.app.LoginActivity}}
D/ActivityThread(24604): ACT-LAUNCH_ACTIVITY handled : 0 / ActivityRecord{41cfe520 token=android.os.BinderProxy@41cfdb60 {com.sixtyplus.nidfit.treadmill.app/com.sixtyplus.nidfit.treadmill.app.LoginActivity}}
I/FrameworkListener(  146): onDataAvailable get 54 bytes 
D/FrameworkListener(  146): dispatchCommand data = (getaddrinfo api.nidfit.60community.com ^ 1024 0 1 0 ^)
D/SocketClient(  146): SocketClient sendDatalocked done: 222
D/SocketClient(  146): SocketClient sendDatalocked done: 
D/SocketClient(  146): SocketClient sendDatalocked done: 
D/SocketClient(  146): SocketClient sendDatalocked done: 
D/SocketClient(  146): SocketClient sendDatalocked done: 
D/SocketClient(  146): SocketClient sendDatalocked done: 
D/SocketClient(  146): SocketClient sendDatalocked done: 
V/WindowManager(  719): Changing focus from Window{41ec3470 u0 com.sixtyplus.nidfit.treadmill.app/com.sixtyplus.nidfit.treadmill.app.LoginActivity EXITING} to Window{41fbc258 u0 com.sixtyplus.nidfit.treadmill.app/com.sixtyplus.nidfit.treadmill.app.LoginActivity} Callers=com.android.server.wm.WindowManagerService.removeWindowLocked:2776 com.android.server.wm.WindowManagerService.removeWindow:2715 com.android.server.wm.Session.remove:182 android.view.IWindowSession$Stub.onTransact:197 
I/WindowManager(  719): Gaining focus: Window{41fbc258 u0 com.sixtyplus.nidfit.treadmill.app/com.sixtyplus.nidfit.treadmill.app.LoginActivity}
I/WindowManager(  719): Losing focus: Window{41ec3470 u0 com.sixtyplus.nidfit.treadmill.app/com.sixtyplus.nidfit.treadmill.app.LoginActivity EXITING}
I/ActivityManager(  719): START u0 {cmp=com.sixtyplus.nidfit.treadmill.app/.MainActivity} from pid 24604
D/PowerManagerService(  719): acquireWakeLockInternal: lock=1104924816, flags=0x1, tag="ActivityManager-Launch", ws=null, uid=1000, pid=719
D/PowerManagerService(  719): updateWakeLockSummaryLocked: mWakefulness=Awake, mWakeLockSummary=0x1
D/PowerManagerService(  719): newScreenState = 2
D/PowerManagerDisplayController(  719): requestPowerState: screenState=2, useProximitySensor=false, forceProximitySensorEnable=false, forceWakeUpEnable=false, screenBrightness=88, screenAutoBrightnessAdjustment=0.0, useAutoBrightness=false, useEcoBrightness=false, blockScreenOn=false, waitForNegativeProximity=false
I/PowerManagerService(  719): setBrightness mButtonLight 0.
D/PowerManagerService(  719): updateScreenStateLocked: mDisplayReady=true, newScreenState=2, mWakefulness=1, mWakeLockSummary=0x1, mUserActivitySummary=0x1, mBootCompleted=true
D/PowerManagerService(  719): handleSandman: canDream=false, mWakefulness=Awake
V/WindowManager(  719): Changing focus from Window{41fbc258 u0 com.sixtyplus.nidfit.treadmill.app/com.sixtyplus.nidfit.treadmill.app.LoginActivity} to null Callers=com.android.server.wm.WindowManagerService.setFocusedApp:4279 com.android.server.am.ActivityManagerService.setFocusedActivityLocked:2433 com.android.server.am.ActivityStackSupervisor.startActivityUncheckedLocked:1958 com.android.server.am.ActivityStackSupervisor.startActivityLocked:1333 
I/WindowManager(  719): Losing focus: Window{41fbc258 u0 com.sixtyplus.nidfit.treadmill.app/com.sixtyplus.nidfit.treadmill.app.LoginActivity}
V/InputMethodManagerService(  719): windowGainedFocus: android.os.BinderProxy@41fd0b70 controlFlags=#104 softInputMode=#120 windowFlags=#1810500
D/ActivityThread(24604): ACT-AM_ON_PAUSE_CALLED ActivityRecord{41cfe520 token=android.os.BinderProxy@41cfdb60 {com.sixtyplus.nidfit.treadmill.app/com.sixtyplus.nidfit.treadmill.app.LoginActivity}}
D/ActivityThread(24604): ACT-PAUSE_ACTIVITY handled : 1 / android.os.BinderProxy@41cfdb60
V/ActivityThread(24604): ActivityRecord{4201c400 token=android.os.BinderProxy@4201bb38 {com.sixtyplus.nidfit.treadmill.app/com.sixtyplus.nidfit.treadmill.app.MainActivity}}: app=com.sixtyplus.nidfit.treadmill.app.MyApp@41d06848, appName=com.sixtyplus.nidfit.treadmill.app, pkg=com.sixtyplus.nidfit.treadmill.app, comp={com.sixtyplus.nidfit.treadmill.app/com.sixtyplus.nidfit.treadmill.app.MainActivity}, dir=/data/app/com.sixtyplus.nidfit.treadmill.app-2.apk
V/WindowManager(  719): Changing focus from null to Window{420a6eb0 u0 com.sixtyplus.nidfit.treadmill.app/com.sixtyplus.nidfit.treadmill.app.MainActivity} Callers=com.android.server.wm.WindowManagerService.addWindow:2671 com.android.server.wm.Session.addToDisplay:163 android.view.IWindowSession$Stub.onTransact:111 com.android.server.wm.Session.onTransact:126 
I/WindowManager(  719): Gaining focus: Window{420a6eb0 u0 com.sixtyplus.nidfit.treadmill.app/com.sixtyplus.nidfit.treadmill.app.MainActivity}
V/WindowManager(  719): Changing focus from Window{420a6eb0 u0 com.sixtyplus.nidfit.treadmill.app/com.sixtyplus.nidfit.treadmill.app.MainActivity} to null Callers=com.android.server.wm.WindowManagerService.removeWindowLocked:2794 com.android.server.wm.WindowManagerService.removeWindow:2715 com.android.server.wm.Session.remove:182 android.view.IWindowSession$Stub.onTransact:197 
V/ActivityThread(24604): Performing resume of ActivityRecord{4201c400 token=android.os.BinderProxy@4201bb38 {com.sixtyplus.nidfit.treadmill.app/com.sixtyplus.nidfit.treadmill.app.MainActivity}} finished=false
I/WindowManager(  719): Losing focus: Window{420a6eb0 u0 com.sixtyplus.nidfit.treadmill.app/com.sixtyplus.nidfit.treadmill.app.MainActivity}
D/ActivityThread(24604): ACT-AM_ON_RESUME_CALLED ActivityRecord{4201c400 token=android.os.BinderProxy@4201bb38 {com.sixtyplus.nidfit.treadmill.app/com.sixtyplus.nidfit.treadmill.app.MainActivity}}
V/ActivityThread(24604): Resume ActivityRecord{4201c400 token=android.os.BinderProxy@4201bb38 {com.sixtyplus.nidfit.treadmill.app/com.sixtyplus.nidfit.treadmill.app.MainActivity}} started activity: false, hideForNow: false, finished: false
V/ActivityThread(24604): Resuming ActivityRecord{4201c400 token=android.os.BinderProxy@4201bb38 {com.sixtyplus.nidfit.treadmill.app/com.sixtyplus.nidfit.treadmill.app.MainActivity}} with isForward=true
V/ActivityThread(24604): Scheduling idle handler for ActivityRecord{4201c400 token=android.os.BinderProxy@4201bb38 {com.sixtyplus.nidfit.treadmill.app/com.sixtyplus.nidfit.treadmill.app.MainActivity}}
D/ActivityThread(24604): ACT-LAUNCH_ACTIVITY handled : 0 / ActivityRecord{4201c400 token=android.os.BinderProxy@4201bb38 {com.sixtyplus.nidfit.treadmill.app/com.sixtyplus.nidfit.treadmill.app.MainActivity}}
D/ConnectivityService(  719): getActiveNetworkInfo:NetworkInfo: type: WIFI[], state: CONNECTED/CONNECTED, reason: (unspecified), extra: "60_dev_01", roaming: false, failover: false, isAvailable: true, isConnectedToProvisioningNetwork: false, simId: 0/10048
D/SocketClient(  146): SocketClient msg = Iface linkstate p2p0 up
D/SocketClient(  146): SocketClient sendDatalocked done: 600 Iface linkstate p2p0 up
D/NetdConnector(  719): RCV <- {600 Iface linkstate p2p0 up}
D/NetworkManagementService(  719): onEvent:600 Iface linkstate p2p0 up:5
D/ConnectivityService(  719): getActiveNetworkInfo:NetworkInfo: type: WIFI[], state: CONNECTED/CONNECTED, reason: (unspecified), extra: "60_dev_01", roaming: false, failover: false, isAvailable: true, isConnectedToProvisioningNetwork: false, simId: 0/10048
V/WindowManager(  719): Changing focus from null to Window{41d71628 u0 com.sixtyplus.nidfit.treadmill.app/com.sixtyplus.nidfit.treadmill.app.MainActivity} Callers=com.android.server.wm.WindowManagerService.relayoutWindow:3383 com.android.server.wm.Session.relayout:191 android.view.IWindowSession$Stub.onTransact:235 com.android.server.wm.Session.onTransact:126 
I/WindowManager(  719): Gaining focus: Window{41d71628 u0 com.sixtyplus.nidfit.treadmill.app/com.sixtyplus.nidfit.treadmill.app.MainActivity}
D/ActivityThread(24604): SVC-Creating service: CreateServiceData{token=android.os.BinderProxy@420243e8 className=com.sixtyplus.nidfit.treadmill.service.runningctrl.RunningCtrlService packageName=com.sixtyplus.nidfit.treadmill.app intent=null}
D/ActivityThread(24604): SVC-CREATE_SERVICE handled : 0 / CreateServiceData{token=android.os.BinderProxy@420243e8 className=com.sixtyplus.nidfit.treadmill.service.runningctrl.RunningCtrlService packageName=com.sixtyplus.nidfit.treadmill.app intent=null}
D/ActivityThread(24604): SVC-SERVICE_ARGS handled : 0 / ServiceArgsData{token=android.os.BinderProxy@420243e8 startId=8 args=Intent { cmp=com.sixtyplus.nidfit.treadmill.app/com.sixtyplus.nidfit.treadmill.service.runningctrl.RunningCtrlService }}
D/ActivityThread(24604): SVC-BIND_SERVICE handled : 0 / BindServiceData{token=android.os.BinderProxy@420243e8 intent=Intent { cmp=com.sixtyplus.nidfit.treadmill.app/com.sixtyplus.nidfit.treadmill.service.runningctrl.RunningCtrlService }}
D/ConnectivityService(  719): getActiveNetworkInfo:NetworkInfo: type: WIFI[], state: CONNECTED/CONNECTED, reason: (unspecified), extra: "60_dev_01", roaming: false, failover: false, isAvailable: true, isConnectedToProvisioningNetwork: false, simId: 0/10048
D/ConnectivityService(  719): getActiveNetworkInfo:NetworkInfo: type: WIFI[], state: CONNECTED/CONNECTED, reason: (unspecified), extra: "60_dev_01", roaming: false, failover: false, isAvailable: true, isConnectedToProvisioningNetwork: false, simId: 0/10048
V/InputMethodManagerService(  719): windowGainedFocus: android.os.BinderProxy@41fd0b70 controlFlags=#104 softInputMode=#110 windowFlags=#1810100
D/PowerManagerService(  719): releaseWakeLockInternal: lock=1104924816 [ActivityManager-Launch], flags=0x0, total_time=4704ms
D/PowerManagerNotifier(  719): onWakeLockReleased: flags=1, tag="ActivityManager-Launch", packageName=android, ownerUid=1000, ownerPid=719, workSource=null
D/PowerManagerService(  719): updateWakeLockSummaryLocked: mWakefulness=Awake, mWakeLockSummary=0x0
D/PowerManagerService(  719): newScreenState = 2
D/PowerManagerDisplayController(  719): requestPowerState: screenState=2, useProximitySensor=false, forceProximitySensorEnable=false, forceWakeUpEnable=false, screenBrightness=88, screenAutoBrightnessAdjustment=0.0, useAutoBrightness=false, useEcoBrightness=false, blockScreenOn=false, waitForNegativeProximity=false
I/PowerManagerService(  719): setBrightness mButtonLight 0.
D/PowerManagerService(  719): updateScreenStateLocked: mDisplayReady=true, newScreenState=2, mWakefulness=1, mWakeLockSummary=0x0, mUserActivitySummary=0x1, mBootCompleted=true
D/PowerManagerService(  719): Releasing suspend blocker "PowerManagerService.WakeLocks".
D/PowerManagerService(  719): handleSandman: canDream=false, mWakefulness=Awake
D/ActivityThread(24604): ACT-DESTROY_ACTIVITY handled : 1 / android.os.BinderProxy@41cfdb60
D/SocketClient(  146): SocketClient msg = Iface linkstate p2p0 up
D/SocketClient(  146): SocketClient sendDatalocked done: 600 Iface linkstate p2p0 up
D/NetdConnector(  719): RCV <- {600 Iface linkstate p2p0 up}
D/NetworkManagementService(  719): onEvent:600 Iface linkstate p2p0 up:5
I/ANRManager(  719): updateProcessStats
I/ANRManager(  719): CPU update time < 2.5sec
D/SocketClient(  146): SocketClient msg = Iface linkstate p2p0 up
D/SocketClient(  146): SocketClient sendDatalocked done: 600 Iface linkstate p2p0 up
D/NetdConnector(  719): RCV <- {600 Iface linkstate p2p0 up}
D/NetworkManagementService(  719): onEvent:600 Iface linkstate p2p0 up:5
I/ANRManager(  719): updateProcessStats
V/ActivityManager(  719): Broadcast sticky: Intent { act=android.net.wifi.RSSI_CHANGED flg=0x4000010 (has extras) } ordered=false userid=-1 callerApp=ProcessRecord{41fff248 719:system/1000}
D/SocketClient(  146): SocketClient msg = Iface linkstate p2p0 up
D/SocketClient(  146): SocketClient sendDatalocked done: 600 Iface linkstate p2p0 up
D/NetdConnector(  719): RCV <- {600 Iface linkstate p2p0 up}
D/NetworkManagementService(  719): onEvent:600 Iface linkstate p2p0 up:5
D/SocketClient(  146): SocketClient msg = Iface linkstate p2p0 up
D/SocketClient(  146): SocketClient sendDatalocked done: 600 Iface linkstate p2p0 up
D/NetdConnector(  719): RCV <- {600 Iface linkstate p2p0 up}
D/NetworkManagementService(  719): onEvent:600 Iface linkstate p2p0 up:5
D/SocketClient(  146): SocketClient msg = Iface linkstate p2p0 up
D/SocketClient(  146): SocketClient sendDatalocked done: 600 Iface linkstate p2p0 up
D/NetdConnector(  719): RCV <- {600 Iface linkstate p2p0 up}
D/NetworkManagementService(  719): onEvent:600 Iface linkstate p2p0 up:5
V/ActivityManager(  719): Broadcast: Intent { act=android.net.wifi.DHCP_RENEW flg=0x14 (has extras) } ordered=true userid=0 callerApp=null
D/ActivityThread(  719): BDC-Calling onReceive: intent=Intent { act=android.net.wifi.DHCP_RENEW flg=0x14 (has extras) }, ordered=true, receiver=android.net.DhcpStateMachine$1@41f5f430, IIntentReceiver=41f5f508
D/PowerManagerService(  719): acquireWakeLockInternal: lock=1106637808, flags=0x1, tag="DHCP", ws=null, uid=1000, pid=719
D/PowerManagerNotifier(  719): onWakeLockAcquired: flags=1, tag="DHCP", packageName=android, ownerUid=1000, ownerPid=719, workSource=null
D/PowerManagerService(  719): updateWakeLockSummaryLocked: mWakefulness=Awake, mWakeLockSummary=0x1
D/PowerManagerService(  719): newScreenState = 2
D/PowerManagerDisplayController(  719): requestPowerState: screenState=2, useProximitySensor=false, forceProximitySensorEnable=false, forceWakeUpEnable=false, screenBrightness=88, screenAutoBrightnessAdjustment=0.0, useAutoBrightness=false, useEcoBrightness=false, blockScreenOn=false, waitForNegativeProximity=false
I/PowerManagerService(  719): setBrightness mButtonLight 0.
D/PowerManagerService(  719): updateScreenStateLocked: mDisplayReady=true, newScreenState=2, mWakefulness=1, mWakeLockSummary=0x1, mUserActivitySummary=0x1, mBootCompleted=true
D/PowerManagerService(  719): Acquiring suspend blocker "PowerManagerService.WakeLocks".
D/ActivityThread(  719): BDC-Calling finishReceiver: IIntentReceiver=41f5f508
D/PowerManagerService(  719): handleSandman: canDream=false, mWakefulness=Awake
D/PowerManagerService(  719): acquireWakeLockInternal: lock=1109199360, flags=0x1, tag="DHCP_WAKELOCK", ws=null, uid=1000, pid=719
D/PowerManagerNotifier(  719): onWakeLockAcquired: flags=1, tag="DHCP_WAKELOCK", packageName=android, ownerUid=1000, ownerPid=719, workSource=null
D/PowerManagerService(  719): updateWakeLockSummaryLocked: mWakefulness=Awake, mWakeLockSummary=0x1
D/PowerManagerService(  719): newScreenState = 2
D/PowerManagerDisplayController(  719): requestPowerState: screenState=2, useProximitySensor=false, forceProximitySensorEnable=false, forceWakeUpEnable=false, screenBrightness=88, screenAutoBrightnessAdjustment=0.0, useAutoBrightness=false, useEcoBrightness=false, blockScreenOn=false, waitForNegativeProximity=false
I/PowerManagerService(  719): setBrightness mButtonLight 0.
D/PowerManagerService(  719): updateScreenStateLocked: mDisplayReady=true, newScreenState=2, mWakefulness=1, mWakeLockSummary=0x1, mUserActivitySummary=0x1, mBootCompleted=true
D/PowerManagerService(  719): handleSandman: canDream=false, mWakefulness=Awake
D/PowerManagerService(  719): acquireWakeLockInternal: lock=1104551144, flags=0x1, tag="AlarmManager", ws=WorkSource{1000}, uid=1000, pid=719
D/PowerManagerNotifier(  719): onWakeLockAcquired: flags=1, tag="AlarmManager", packageName=android, ownerUid=1000, ownerPid=719, workSource=WorkSource{1000}
D/PowerManagerService(  719): updateWakeLockSummaryLocked: mWakefulness=Awake, mWakeLockSummary=0x1
D/PowerManagerService(  719): newScreenState = 2
D/PowerManagerDisplayController(  719): requestPowerState: screenState=2, useProximitySensor=false, forceProximitySensorEnable=false, forceWakeUpEnable=false, screenBrightness=88, screenAutoBrightnessAdjustment=0.0, useAutoBrightness=false, useEcoBrightness=false, blockScreenOn=false, waitForNegativeProximity=false
I/PowerManagerService(  719): setBrightness mButtonLight 0.
D/PowerManagerService(  719): updateScreenStateLocked: mDisplayReady=true, newScreenState=2, mWakefulness=1, mWakeLockSummary=0x1, mUserActivitySummary=0x1, mBootCompleted=true
D/PowerManagerService(  719): handleSandman: canDream=false, mWakefulness=Awake
D/PowerManagerService(  719): releaseWakeLockInternal: lock=1104551144 [AlarmManager], flags=0x0, total_time=2ms
D/PowerManagerNotifier(  719): onWakeLockReleased: flags=1, tag="AlarmManager", packageName=android, ownerUid=1000, ownerPid=719, workSource=WorkSource{1000}
D/PowerManagerService(  719): updateWakeLockSummaryLocked: mWakefulness=Awake, mWakeLockSummary=0x1
D/PowerManagerService(  719): newScreenState = 2
D/PowerManagerDisplayController(  719): requestPowerState: screenState=2, useProximitySensor=false, forceProximitySensorEnable=false, forceWakeUpEnable=false, screenBrightness=88, screenAutoBrightnessAdjustment=0.0, useAutoBrightness=false, useEcoBrightness=false, blockScreenOn=false, waitForNegativeProximity=false
I/PowerManagerService(  719): setBrightness mButtonLight 0.
D/PowerManagerService(  719): updateScreenStateLocked: mDisplayReady=true, newScreenState=2, mWakefulness=1, mWakeLockSummary=0x1, mUserActivitySummary=0x1, mBootCompleted=true
D/PowerManagerService(  719): handleSandman: canDream=false, mWakefulness=Awake
D/PowerManagerService(  719): releaseWakeLockInternal: lock=1106637808 [DHCP], flags=0x0, total_time=472ms
D/PowerManagerNotifier(  719): onWakeLockReleased: flags=1, tag="DHCP", packageName=android, ownerUid=1000, ownerPid=719, workSource=null
D/PowerManagerService(  719): updateWakeLockSummaryLocked: mWakefulness=Awake, mWakeLockSummary=0x1
D/PowerManagerService(  719): newScreenState = 2
D/PowerManagerDisplayController(  719): requestPowerState: screenState=2, useProximitySensor=false, forceProximitySensorEnable=false, forceWakeUpEnable=false, screenBrightness=88, screenAutoBrightnessAdjustment=0.0, useAutoBrightness=false, useEcoBrightness=false, blockScreenOn=false, waitForNegativeProximity=false
I/PowerManagerService(  719): setBrightness mButtonLight 0.
D/PowerManagerService(  719): updateScreenStateLocked: mDisplayReady=true, newScreenState=2, mWakefulness=1, mWakeLockSummary=0x1, mUserActivitySummary=0x1, mBootCompleted=true
D/PowerManagerService(  719): handleSandman: canDream=false, mWakefulness=Awake
D/PowerManagerService(  719): releaseWakeLockInternal: lock=1109199360 [DHCP_WAKELOCK], flags=0x0, total_time=476ms
D/PowerManagerNotifier(  719): onWakeLockReleased: flags=1, tag="DHCP_WAKELOCK", packageName=android, ownerUid=1000, ownerPid=719, workSource=null
D/PowerManagerService(  719): updateWakeLockSummaryLocked: mWakefulness=Awake, mWakeLockSummary=0x0
D/PowerManagerService(  719): newScreenState = 2
D/PowerManagerDisplayController(  719): requestPowerState: screenState=2, useProximitySensor=false, forceProximitySensorEnable=false, forceWakeUpEnable=false, screenBrightness=88, screenAutoBrightnessAdjustment=0.0, useAutoBrightness=false, useEcoBrightness=false, blockScreenOn=false, waitForNegativeProximity=false
I/PowerManagerService(  719): setBrightness mButtonLight 0.
D/PowerManagerService(  719): updateScreenStateLocked: mDisplayReady=true, newScreenState=2, mWakefulness=1, mWakeLockSummary=0x0, mUserActivitySummary=0x1, mBootCompleted=true
D/PowerManagerService(  719): Releasing suspend blocker "PowerManagerService.WakeLocks".
D/PowerManagerService(  719): handleSandman: canDream=false, mWakefulness=Awake
V/SettingsProvider(  719): call(global:airplane_mode_radios) for 0
V/SettingsProvider(  719): call(global:airplane_mode_on) for 0
V/ActivityManager(  719): Broadcast sticky: Intent { act=android.net.wifi.RSSI_CHANGED flg=0x4000010 (has extras) } ordered=false userid=-1 callerApp=ProcessRecord{41fff248 719:system/1000}
V/ActivityManager(  719): Broadcast sticky: Intent { act=android.net.wifi.STATE_CHANGE flg=0x4000010 (has extras) } ordered=false userid=-1 callerApp=ProcessRecord{41fff248 719:system/1000}
D/WifiNotificationController(  719): Received NETWORK_STATE_CHANGED_ACTION, mNetworkInfo:NetworkInfo: type: WIFI[], state: CONNECTING/VERIFYING_POOR_LINK, reason: (unspecified), extra: "60_dev_01", roaming: false, failover: false, isAvailable: true, isConnectedToProvisioningNetwork: false, simId: 0
D/WifiService(  719): onReceive, action:android.net.wifi.STATE_CHANGE
D/WifiStateTracker(  719): New state:CONNECTING, mLastState:CONNECTED
D/ConnectivityService(  719): ConnectivityChange for WIFI: CONNECTING/VERIFYING_POOR_LINK
V/ActivityManager(  719): Broadcast sticky: Intent { act=android.net.wifi.STATE_CHANGE flg=0x4000010 (has extras) } ordered=false userid=-1 callerApp=ProcessRecord{41fff248 719:system/1000}
D/WifiNotificationController(  719): Received NETWORK_STATE_CHANGED_ACTION, mNetworkInfo:NetworkInfo: type: WIFI[], state: CONNECTING/CAPTIVE_PORTAL_CHECK, reason: (unspecified), extra: "60_dev_01", roaming: false, failover: false, isAvailable: true, isConnectedToProvisioningNetwork: false, simId: 0
D/WifiService(  719): onReceive, action:android.net.wifi.STATE_CHANGE
D/WifiStateTracker(  719): New state:CONNECTING, mLastState:CONNECTING
D/ConnectivityService(  719): ConnectivityChange for WIFI: CONNECTING/CAPTIVE_PORTAL_CHECK
D/ConnectivityService(  719): Captive portal check NetworkInfo: type: WIFI[], state: CONNECTING/CAPTIVE_PORTAL_CHECK, reason: (unspecified), extra: "60_dev_01", roaming: false, failover: false, isAvailable: true, isConnectedToProvisioningNetwork: false, simId: 0
D/ConnectivityService(  719): handleCaptivePortalTrackerCheck: call captivePortalCheckComplete ni=NetworkInfo: type: WIFI[], state: CONNECTING/CAPTIVE_PORTAL_CHECK, reason: (unspecified), extra: "60_dev_01", roaming: false, failover: false, isAvailable: true, isConnectedToProvisioningNetwork: false, simId: 0
D/NetdConnector(  719): SND -> {473 interface ipv6 wlan0 enable}
I/FrameworkListener(  146): onDataAvailable get 32 bytes 
D/FrameworkListener(  146): dispatchCommand data = (473 interface ipv6 wlan0 enable)
D/SocketClient(  146): SocketClient msg = IPv6 state changed
D/SocketClient(  146): SocketClient sendDatalocked done: 200 473 IPv6 state changed
D/NetdConnector(  719): RCV <- {200 473 IPv6 state changed}
D/NetdConnector(  719): RMV <- {200 473 IPv6 state changed}
V/ActivityManager(  719): Broadcast sticky: Intent { act=android.net.wifi.STATE_CHANGE flg=0x4000010 (has extras) } ordered=false userid=-1 callerApp=ProcessRecord{41fff248 719:system/1000}
D/WifiNotificationController(  719): Received NETWORK_STATE_CHANGED_ACTION, mNetworkInfo:NetworkInfo: type: WIFI[], state: CONNECTED/CONNECTED, reason: (unspecified), extra: "60_dev_01", roaming: false, failover: false, isAvailable: true, isConnectedToProvisioningNetwork: false, simId: 0
D/WifiService(  719): onReceive, action:android.net.wifi.STATE_CHANGE
D/WifiStateTracker(  719): New state:CONNECTED, mLastState:CONNECTING
D/ConnectivityService(  719): ConnectivityChange for WIFI: CONNECTED/CONNECTED
V/SettingsProvider(  719): call(global:data_activity_timeout_wifi) for 0
D/ConnectivityService(  719): handleConnect: E newNetType=1 thisIface=wlan0 isFailoverfalse
D/ConnectivityService(  719): Setting TCP values: [524288,1048576,2097152,262144,524288,1048576] which comes from [net.tcp.buffersize.wifi]
E/ConnectivityService(  719): Unexpected mtu value: android.net.wifi.WifiStateTracker@42142380
D/ConnectivityService(  719): handleConnectivityChange: netType=1 doReset=false resetMask=0
E/ConnectivityService(  719): Add google dns provided for WIFI - using 8.8.8.8
D/NetdConnector(  719): SND -> {474 resolver setifdns wlan0  192.168.89.54 8.8.8.8}
I/FrameworkListener(  146): onDataAvailable get 51 bytes 
D/FrameworkListener(  146): dispatchCommand data = (474 resolver setifdns wlan0  192.168.89.54 8.8.8.8)
D/SocketClient(  146): SocketClient msg = Resolver command succeeded
D/SocketClient(  146): SocketClient sendDatalocked done: 200 474 Resolver command succeeded
D/NetdConnector(  719): RCV <- {200 474 Resolver command succeeded}
D/NetdConnector(  719): RMV <- {200 474 Resolver command succeeded}
D/NetdConnector(  719): SND -> {475 resolver setdefaultif wlan0}
I/FrameworkListener(  146): onDataAvailable get 32 bytes 
D/FrameworkListener(  146): dispatchCommand data = (475 resolver setdefaultif wlan0)
D/SocketClient(  146): SocketClient msg = Resolver command succeeded
D/SocketClient(  146): SocketClient sendDatalocked done: 200 475 Resolver command succeeded
D/NetdConnector(  719): RCV <- {200 475 Resolver command succeeded}
D/NetdConnector(  719): RMV <- {200 475 Resolver command succeeded}
V/ActivityManager(  719): Broadcast: Intent { act=android.intent.action.CLEAR_DNS_CACHE flg=0x24000010 } ordered=false userid=-1 callerApp=ProcessRecord{41fff248 719:system/1000}
D/ConnectivityService(  719): handleConnectivityChange: changed linkProperty[1]: doReset=false resetMask=0
D/ConnectivityService(  719):    curLp={InterfaceName: wlan0 LinkAddresses: [172.16.0.142/24,fe80::208:22ff:fe76:e006/64,]  Routes: [172.16.0.0/24 -> 0.0.0.0,0.0.0.0/0 -> 172.16.0.1,] DnsAddresses: [192.168.89.54,] Domains: MTU: 0HttpProxy: [ProxyProperties.mHost == null] }
D/ConnectivityService(  719):    newLp={InterfaceName: wlan0 LinkAddresses: [172.16.0.142/24,fe80::208:22ff:fe76:e006/64,]  Routes: [172.16.0.0/24 -> 0.0.0.0,0.0.0.0/0 -> 172.16.0.1,] DnsAddresses: [192.168.89.54,] Domains: MTU: 0HttpProxy: [ProxyProperties.mHost == null] }
D/ConnectivityService(  719): handleConnectivityChange: address are the same reset per doReset linkProperty[1]: resetMask=0
D/Nat464Xlat(  719): requiresClat: netType=1, hasIPv4Address=true
V/SettingsProvider(  719): call(global:connectivity_change_delay) for 0
D/ConnectivityService(  719): sendStickyBroadcast: action=android.net.conn.CONNECTIVITY_CHANGE_IMMEDIATE
V/ActivityManager(  719): Broadcast sticky: Intent { act=android.net.conn.CONNECTIVITY_CHANGE_IMMEDIATE flg=0x4000010 (has extras) } ordered=false userid=-1 callerApp=ProcessRecord{41fff248 719:system/1000}
D/ConnectivityService(  719): sendStickyBroadcastDelayed: delayMs=3000, action=android.net.conn.CONNECTIVITY_CHANGE
D/PowerManagerService(  719): acquireWakeLockInternal: lock=1107803776, flags=0x1, tag="NetworkStats", ws=null, uid=1000, pid=719
D/PowerManagerNotifier(  719): onWakeLockAcquired: flags=1, tag="NetworkStats", packageName=android, ownerUid=1000, ownerPid=719, workSource=null
D/PowerManagerService(  719): updateWakeLockSummaryLocked: mWakefulness=Awake, mWakeLockSummary=0x1
D/PowerManagerService(  719): newScreenState = 2
D/PowerManagerDisplayController(  719): requestPowerState: screenState=2, useProximitySensor=false, forceProximitySensorEnable=false, forceWakeUpEnable=false, screenBrightness=88, screenAutoBrightnessAdjustment=0.0, useAutoBrightness=false, useEcoBrightness=false, blockScreenOn=false, waitForNegativeProximity=false
I/PowerManagerService(  719): setBrightness mButtonLight 0.
D/PowerManagerService(  719): updateScreenStateLocked: mDisplayReady=true, newScreenState=2, mWakefulness=1, mWakeLockSummary=0x1, mUserActivitySummary=0x1, mBootCompleted=true
D/PowerManagerService(  719): Acquiring suspend blocker "PowerManagerService.WakeLocks".
V/NetworkStats(  719): updateIfacesLocked()
V/NetworkStats(  719): performPollLocked(flags=0x3)
D/PowerManagerService(  719): handleSandman: canDream=false, mWakefulness=Awake
D/NetdConnector(  719): SND -> {476 bandwidth gettetherstats}
I/FrameworkListener(  146): onDataAvailable get 29 bytes 
D/FrameworkListener(  146): dispatchCommand data = (476 bandwidth gettetherstats)
V/NetworkPolicy(  719): onReceive:CONNECTIVITY_ACTION_IMMEDIATE 
V/NetworkPolicy(  719): ensureActiveMobilePolicyLocked()
V/NetworkPolicy(  719): updateNetworkEnabledLocked()
V/NetworkPolicy(  719): updateNetworkRulesLocked()
V/NetworkPolicy(  719): updateNotificationsLocked()
V/NetworkStats(  719): advisePersistThreshold() given 9223372036854775, clamped to 2097152
D/SocketClient(  146): SocketClient msg = Tethering stats list completed
D/SocketClient(  146): SocketClient sendDatalocked done: 200 476 Tethering stats list completed
D/NetdConnector(  719): RCV <- {200 476 Tethering stats list completed}
D/NetdConnector(  719): RMV <- {200 476 Tethering stats list completed}
W/NetworkStatsRecorder(  719): unknown interfaces [lo, p2p0], ignoring those stats
W/NetworkStatsRecorder(  719): unknown interfaces [lo, p2p0], ignoring those stats
W/NetworkStatsRecorder(  719): unknown interfaces [lo, p2p0], ignoring those stats
W/NetworkStatsRecorder(  719): unknown interfaces [lo, p2p0], ignoring those stats
D/NetworkStatsRecorder(  719): forcePersistLocked() writing for uid
V/NetworkStats(  719): performPollLocked() took 38ms
V/SettingsProvider(  719): call(global:netstats_sample_enabled) for 0
V/ActivityManager(  719): Broadcast: Intent { act=com.android.server.action.NETWORK_STATS_UPDATED flg=0x40000010 } ordered=false userid=-1 callerApp=ProcessRecord{41fff248 719:system/1000}
V/NetworkStats(  719): wlan0 is connected Nettype=1
V/NetworkStats(  719): new netIdent for:wlan0
D/PowerManagerService(  719): releaseWakeLockInternal: lock=1107803776 [NetworkStats], flags=0x0, total_time=43ms
D/PowerManagerNotifier(  719): onWakeLockReleased: flags=1, tag="NetworkStats", packageName=android, ownerUid=1000, ownerPid=719, workSource=null
D/PowerManagerService(  719): updateWakeLockSummaryLocked: mWakefulness=Awake, mWakeLockSummary=0x0
D/PowerManagerService(  719): newScreenState = 2
D/PowerManagerDisplayController(  719): requestPowerState: screenState=2, useProximitySensor=false, forceProximitySensorEnable=false, forceWakeUpEnable=false, screenBrightness=88, screenAutoBrightnessAdjustment=0.0, useAutoBrightness=false, useEcoBrightness=false, blockScreenOn=false, waitForNegativeProximity=false
I/PowerManagerService(  719): setBrightness mButtonLight 0.
D/PowerManagerService(  719): updateScreenStateLocked: mDisplayReady=true, newScreenState=2, mWakefulness=1, mWakeLockSummary=0x0, mUserActivitySummary=0x1, mBootCompleted=true
D/PowerManagerService(  719): Releasing suspend blocker "PowerManagerService.WakeLocks".
D/PowerManagerService(  719): handleSandman: canDream=false, mWakefulness=Awake
V/SettingsProvider(  719): call(global:netstats_dev_persist_bytes) for 0
V/NetworkStatsRecorder(  719): setPersistThreshold() with 2097152
V/NetworkStatsRecorder(  719): setPersistThreshold() with 2097152
V/SettingsProvider(  719): call(global:netstats_uid_persist_bytes) for 0
V/NetworkStatsRecorder(  719): setPersistThreshold() with 2097152
V/SettingsProvider(  719): call(global:netstats_uid_tag_persist_bytes) for 0
V/NetworkStatsRecorder(  719): setPersistThreshold() with 2097152
V/SettingsProvider(  719): call(global:netstats_global_alert_bytes) for 0
D/NetdConnector(  719): SND -> {477 bandwidth setglobalalert 2097152}
I/FrameworkListener(  146): onDataAvailable get 37 bytes 
D/FrameworkListener(  146): dispatchCommand data = (477 bandwidth setglobalalert 2097152)
D/SocketClient(  146): SocketClient msg = Bandwidth command succeeeded
D/SocketClient(  146): SocketClient sendDatalocked done: 200 477 Bandwidth command succeeeded
D/NetdConnector(  719): RCV <- {200 477 Bandwidth command succeeeded}
D/NetdConnector(  719): RMV <- {200 477 Bandwidth command succeeeded}
D/ConnectivityService(  719): onMeteredIfacesChanged(ifaces=[])
V/NetworkPolicy(  719): ensureActiveMobilePolicyLocked()
V/NetworkPolicy(  719): updateNetworkEnabledLocked()
V/NetworkPolicy(  719): updateNotificationsLocked()
D/ConnectivityService(  719): sendStickyBroadcast: action=android.net.conn.CONNECTIVITY_CHANGE
V/ActivityManager(  719): Broadcast sticky: Intent { act=android.net.conn.CONNECTIVITY_CHANGE flg=0x4000010 (has extras) } ordered=false userid=-1 callerApp=ProcessRecord{41fff248 719:system/1000}
D/ConnectivityService(  719): getActiveNetworkInfo:NetworkInfo: type: WIFI[], state: CONNECTED/CONNECTED, reason: (unspecified), extra: "60_dev_01", roaming: false, failover: false, isAvailable: true, isConnectedToProvisioningNetwork: false, simId: 0/1000
D/ConnectivityService(  719): getActiveNetworkInfo:NetworkInfo: type: WIFI[], state: CONNECTED/CONNECTED, reason: (unspecified), extra: "60_dev_01", roaming: false, failover: false, isAvailable: true, isConnectedToProvisioningNetwork: false, simId: 0/1000
V/SettingsProvider(  719): call(global:auto_time) for 0
D/ConnectivityService(  719): getActiveNetworkInfo:NetworkInfo: type: WIFI[], state: CONNECTED/CONNECTED, reason: (unspecified), extra: "60_dev_01", roaming: false, failover: false, isAvailable: true, isConnectedToProvisioningNetwork: false, simId: 0/10048
I/ActivityManager(  719): Start proc com.mediatek.mtklogger for broadcast com.mediatek.mtklogger/.framework.LogReceiver: pid=25230 uid=10033 gids={50033, 3003, 1028, 1015, 1035, 1023}
D/PowerManagerService(  719): acquireWakeLockInternal: lock=1108595280, flags=0x1, tag="GpsLocationProvider", ws=null, uid=1000, pid=719
D/PowerManagerNotifier(  719): onWakeLockAcquired: flags=1, tag="GpsLocationProvider", packageName=android, ownerUid=1000, ownerPid=719, workSource=null
D/PowerManagerService(  719): updateWakeLockSummaryLocked: mWakefulness=Awake, mWakeLockSummary=0x1
D/ConnectivityService(  719): getActiveNetworkInfo:NetworkInfo: type: WIFI[], state: CONNECTED/CONNECTED, reason: (unspecified), extra: "60_dev_01", roaming: false, failover: false, isAvailable: true, isConnectedToProvisioningNetwork: false, simId: 0/10007
D/ConnectivityService(  719): getActiveNetworkInfo:NetworkInfo: type: WIFI[], state: CONNECTED/CONNECTED, reason: (unspecified), extra: "60_dev_01", roaming: false, failover: false, isAvailable: true, isConnectedToProvisioningNetwork: false, simId: 0/10048
D/ConnectivityService(  719): getActiveNetworkInfo:NetworkInfo: type: WIFI[], state: CONNECTED/CONNECTED, reason: (unspecified), extra: "60_dev_01", roaming: false, failover: false, isAvailable: true, isConnectedToProvisioningNetwork: false, simId: 0/10048
D/ConnectivityService(  719): getActiveNetworkInfo:NetworkInfo: type: WIFI[], state: CONNECTED/CONNECTED, reason: (unspecified), extra: "60_dev_01", roaming: false, failover: false, isAvailable: true, isConnectedToProvisioningNetwork: false, simId: 0/10048
D/ConnectivityService(  719): getActiveNetworkInfo:NetworkInfo: type: WIFI[], state: CONNECTED/CONNECTED, reason: (unspecified), extra: "60_dev_01", roaming: false, failover: false, isAvailable: true, isConnectedToProvisioningNetwork: false, simId: 0/10048
D/PowerManagerService(  719): newScreenState = 2
D/PowerManagerDisplayController(  719): requestPowerState: screenState=2, useProximitySensor=false, forceProximitySensorEnable=false, forceWakeUpEnable=false, screenBrightness=88, screenAutoBrightnessAdjustment=0.0, useAutoBrightness=false, useEcoBrightness=false, blockScreenOn=false, waitForNegativeProximity=false
I/PowerManagerService(  719): setBrightness mButtonLight 0.
D/PowerManagerService(  719): updateScreenStateLocked: mDisplayReady=true, newScreenState=2, mWakefulness=1, mWakeLockSummary=0x1, mUserActivitySummary=0x1, mBootCompleted=true
D/ConnectivityService(  719): getActiveNetworkInfo:NetworkInfo: type: WIFI[], state: CONNECTED/CONNECTED, reason: (unspecified), extra: "60_dev_01", roaming: false, failover: false, isAvailable: true, isConnectedToProvisioningNetwork: false, simId: 0/10048
I/FrameworkListener(  146): onDataAvailable get 48 bytes 
D/FrameworkListener(  146): dispatchCommand data = (getaddrinfo android.bugly.qq.com ^ 1024 0 1 0 ^)
D/ActivityManager(  719): getContentProviderImpl: from caller=android.app.ApplicationThreadProxy@424593c0 (pid=25230, userId=0) to get content provider settings cpr=ContentProviderRecord{41f2d460 u0 com.android.providers.settings/.SettingsProvider}
D/ActivityManager(  719): getContentProviderImpl: updateLruProcessLocked cpr.proc=ProcessRecord{41fff248 719:system/1000}
D/ActivityThread(25230): hoder:android.app.IActivityManager$ContentProviderHolder@41d001f0,provider,holder.Provider:android.content.ContentProviderProxy@41d00968
D/PowerManagerService(  719): Acquiring suspend blocker "PowerManagerService.WakeLocks".
D/PowerManagerService(  719): handleSandman: canDream=false, mWakefulness=Awake
V/SettingsProvider(  719): call(system:anr_debugging_mechanism) for 0
D/SocketClient(  146): SocketClient sendDatalocked done: 222
D/SocketClient(  146): SocketClient sendDatalocked done: 
D/SocketClient(  146): SocketClient sendDatalocked done: 
D/SocketClient(  146): SocketClient sendDatalocked done: 
D/SocketClient(  146): SocketClient sendDatalocked done: 
D/SocketClient(  146): SocketClient sendDatalocked done: 
D/SocketClient(  146): SocketClient sendDatalocked done: 
D/SocketClient(  146): SocketClient sendDatalocked done: 
D/SocketClient(  146): SocketClient sendDatalocked done: 
D/SocketClient(  146): SocketClient sendDatalocked done: 
D/SocketClient(  146): SocketClient sendDatalocked done: 
D/SocketClient(  146): SocketClient sendDatalocked done: 
D/ConnectivityService(  719): getActiveNetworkInfo:NetworkInfo: type: WIFI[], state: CONNECTED/CONNECTED, reason: (unspecified), extra: "60_dev_01", roaming: false, failover: false, isAvailable: true, isConnectedToProvisioningNetwork: false, simId: 0/1000
D/PowerManagerService(  719): acquireWakeLockInternal: lock=1105105712, flags=0x1, tag="SyncLoopWakeLock", ws=null, uid=1000, pid=719
D/PowerManagerNotifier(  719): onWakeLockAcquired: flags=1, tag="SyncLoopWakeLock", packageName=android, ownerUid=1000, ownerPid=719, workSource=null
D/PowerManagerService(  719): updateWakeLockSummaryLocked: mWakefulness=Awake, mWakeLockSummary=0x1
D/ActivityThread(25230): BIND_APPLICATION handled : 0 / AppBindData{appInfo=ApplicationInfo{41cfdbf8 com.mediatek.mtklogger}}
D/ActivityThread(25230): BDC-Calling onReceive: intent=Intent { act=android.net.conn.CONNECTIVITY_CHANGE flg=0x4000010 cmp=com.mediatek.mtklogger/.framework.LogReceiver (has extras) }, ordered=true, receiver=com.mediatek.mtklogger.framework.LogReceiver@41d07768
D/PowerManagerService(  719): newScreenState = 2
D/PowerManagerDisplayController(  719): requestPowerState: screenState=2, useProximitySensor=false, forceProximitySensorEnable=false, forceWakeUpEnable=false, screenBrightness=88, screenAutoBrightnessAdjustment=0.0, useAutoBrightness=false, useEcoBrightness=false, blockScreenOn=false, waitForNegativeProximity=false
I/PowerManagerService(  719): setBrightness mButtonLight 0.
