D/NetworkManagementService(  719): onEvent:600 Iface linkstate wlan0 up:5
D/NetworkManagementService(  719): onEvent:600 Iface linkstate wlan0 up:5
D/NetworkManagementService(  719): onEvent:600 Iface linkstate wlan0 up:5
D/NetworkManagementService(  719): onEvent:600 Iface linkstate wlan0 up:5
D/SocketClient(  146): SocketClient msg = Iface linkstate wlan0 up
D/SocketClient(  146): SocketClient sendDatalocked done: 600 Iface linkstate wlan0 up
D/NetdConnector(  719): RCV <- {600 Iface linkstate wlan0 up}
D/NetworkManagementService(  719): onEvent:600 Iface linkstate wlan0 up:5
V/ActivityManager(  719): Broadcast: Intent { act=android.net.wifi.CONFIGURED_NETWORKS_CHANGE flg=0x4000010 (has extras) } ordered=false userid=-1 callerApp=ProcessRecord{41fff248 719:system/1000}
V/ActivityManager(  719): Broadcast: Intent { act=android.net.wifi.CONFIGURED_NETWORKS_CHANGE flg=0x4000010 (has extras) } ordered=false userid=-1 callerApp=ProcessRecord{41fff248 719:system/1000}
D/PowerManagerService(  719): updateWakeLockWorkSourceInternal: lock=1111483816 [AudioMix], ws=null
V/ActivityManager(  719): Broadcast sticky: Intent { act=android.net.wifi.supplicant.STATE_CHANGE flg=0x24000010 (has extras) } ordered=false userid=-1 callerApp=ProcessRecord{41fff248 719:system/1000}
V/ActivityManager(  719): Broadcast sticky: Intent { act=android.net.wifi.STATE_CHANGE flg=0x4000010 (has extras) } ordered=false userid=-1 callerApp=ProcessRecord{41fff248 719:system/1000}
D/WifiNotificationController(  719): Received NETWORK_STATE_CHANGED_ACTION, mNetworkInfo:NetworkInfo: type: WIFI[], state: CONNECTING/OBTAINING_IPADDR, reason: (unspecified), extra: "60_office", roaming: false, failover: false, isAvailable: true, isConnectedToProvisioningNetwork: false, simId: 0
D/WifiService(  719): onReceive, action:android.net.wifi.STATE_CHANGE
D/WifiStateTracker(  719): New state:CONNECTING, mLastState:DISCONNECTED
D/ConnectivityService(  719): ConnectivityChange for WIFI: CONNECTING/OBTAINING_IPADDR
D/NetdConnector(  719): SND -> {590 interface ipv6 wlan0 enable}
I/FrameworkListener(  146): onDataAvailable get 32 bytes 
D/FrameworkListener(  146): dispatchCommand data = (590 interface ipv6 wlan0 enable)
D/SocketClient(  146): SocketClient msg = IPv6 state changed
D/SocketClient(  146): SocketClient sendDatalocked done: 200 590 IPv6 state changed
D/NetdConnector(  719): RCV <- {200 590 IPv6 state changed}
D/NetdConnector(  719): RMV <- {200 590 IPv6 state changed}
V/ActivityManager(  719): Broadcast sticky: Intent { act=android.net.wifi.supplicant.STATE_CHANGE flg=0x24000010 (has extras) } ordered=false userid=-1 callerApp=ProcessRecord{41fff248 719:system/1000}
V/ActivityManager(  719): Broadcast sticky: Intent { act=android.net.wifi.supplicant.STATE_CHANGE flg=0x24000010 (has extras) } ordered=false userid=-1 callerApp=ProcessRecord{41fff248 719:system/1000}
V/ActivityManager(  719): Broadcast sticky: Intent { act=android.net.wifi.supplicant.STATE_CHANGE flg=0x24000010 (has extras) } ordered=false userid=-1 callerApp=ProcessRecord{41fff248 719:system/1000}
V/ActivityManager(  719): Broadcast sticky: Intent { act=android.net.wifi.RSSI_CHANGED flg=0x4000010 (has extras) } ordered=false userid=-1 callerApp=ProcessRecord{41fff248 719:system/1000}
D/PowerManagerService(  719): acquireWakeLockInternal: lock=1109199360, flags=0x1, tag="DHCP_WAKELOCK", ws=null, uid=1000, pid=719
D/PowerManagerNotifier(  719): onWakeLockAcquired: flags=1, tag="DHCP_WAKELOCK", packageName=android, ownerUid=1000, ownerPid=719, workSource=null
D/PowerManagerService(  719): updateWakeLockSummaryLocked: mWakefulness=Awake, mWakeLockSummary=0x1
D/PowerManagerService(  719): newScreenState = 2
D/PowerManagerDisplayController(  719): requestPowerState: screenState=2, useProximitySensor=false, forceProximitySensorEnable=false, forceWakeUpEnable=false, screenBrightness=55, screenAutoBrightnessAdjustment=0.0, useAutoBrightness=false, useEcoBrightness=false, blockScreenOn=false, waitForNegativeProximity=false
I/PowerManagerService(  719): setBrightness mButtonLight 0.
D/PowerManagerService(  719): updateScreenStateLocked: mDisplayReady=true, newScreenState=2, mWakefulness=1, mWakeLockSummary=0x1, mUserActivitySummary=0x1, mBootCompleted=true
D/PowerManagerService(  719): handleSandman: canDream=false, mWakefulness=Awake
V/ActivityManager(  719): Broadcast sticky: Intent { act=android.net.wifi.supplicant.STATE_CHANGE flg=0x24000010 (has extras) } ordered=false userid=-1 callerApp=ProcessRecord{41fff248 719:system/1000}
I/NotificationService(  719): enqueueToast pkg=com.sixtyplus.nidfit.treadmill.app callback=android.app.ITransientNotification$Stub$Proxy@421f0738 duration=1
D/NotificationService(  719): Show pkg=com.sixtyplus.nidfit.treadmill.app callback=android.app.ITransientNotification$Stub$Proxy@421f0738
D/PowerManagerService(  719): updateWakeLockWorkSourceInternal: lock=1111483816 [AudioMix], ws=WorkSource{10048}
D/PowerManagerNotifier(  719): onWakeLockReleased: flags=1, tag="AudioMix", packageName=media, ownerUid=1013, ownerPid=154, workSource=null
D/PowerManagerNotifier(  719): onWakeLockAcquired: flags=1, tag="AudioMix", packageName=media, ownerUid=1013, ownerPid=154, workSource=WorkSource{10048}
D/SocketClient(  146): SocketClient msg = Address updated 172.16.0.142/24 wlan0 128 0
D/SocketClient(  146): SocketClient sendDatalocked done: 614 Address updated 172.16.0.142/24 wlan0 128 0
D/NetdConnector(  719): RCV <- {614 Address updated 172.16.0.142/24 wlan0 128 0}
D/NetworkManagementService(  719): onEvent:614 Address updated 172.16.0.142/24 wlan0 128 0:7
D/PowerManagerService(  719): updateWakeLockWorkSourceInternal: lock=1111483816 [AudioMix], ws=WorkSource{10048}
D/PowerManagerService(  719): acquireWakeLockInternal: lock=1105047856, flags=0x2000000a, tag="WindowManager", ws=WorkSource{10048}, uid=1000, pid=719
D/PowerManagerNotifier(  719): onWakeLockAcquired: flags=536870922, tag="WindowManager", packageName=android, ownerUid=1000, ownerPid=719, workSource=WorkSource{10048}
D/PowerManagerService(  719): updateWakeLockSummaryLocked: mWakefulness=Awake, mWakeLockSummary=0x23
D/PowerManagerService(  719): newScreenState = 2
D/PowerManagerDisplayController(  719): requestPowerState: screenState=2, useProximitySensor=false, forceProximitySensorEnable=false, forceWakeUpEnable=false, screenBrightness=55, screenAutoBrightnessAdjustment=0.0, useAutoBrightness=false, useEcoBrightness=false, blockScreenOn=false, waitForNegativeProximity=false
I/PowerManagerService(  719): setBrightness mButtonLight 0.
D/PowerManagerService(  719): updateScreenStateLocked: mDisplayReady=true, newScreenState=2, mWakefulness=1, mWakeLockSummary=0x23, mUserActivitySummary=0x1, mBootCompleted=true
D/PowerManagerService(  719): handleSandman: canDream=false, mWakefulness=Awake
D/PowerManagerService(  719): releaseWakeLockInternal: lock=1109199360 [DHCP_WAKELOCK], flags=0x0, total_time=600ms
D/PowerManagerNotifier(  719): onWakeLockReleased: flags=1, tag="DHCP_WAKELOCK", packageName=android, ownerUid=1000, ownerPid=719, workSource=null
D/PowerManagerService(  719): updateWakeLockSummaryLocked: mWakefulness=Awake, mWakeLockSummary=0x23
D/PowerManagerService(  719): newScreenState = 2
D/PowerManagerDisplayController(  719): requestPowerState: screenState=2, useProximitySensor=false, forceProximitySensorEnable=false, forceWakeUpEnable=false, screenBrightness=55, screenAutoBrightnessAdjustment=0.0, useAutoBrightness=false, useEcoBrightness=false, blockScreenOn=false, waitForNegativeProximity=false
I/PowerManagerService(  719): setBrightness mButtonLight 0.
D/PowerManagerService(  719): updateScreenStateLocked: mDisplayReady=true, newScreenState=2, mWakefulness=1, mWakeLockSummary=0x23, mUserActivitySummary=0x1, mBootCompleted=true
D/PowerManagerService(  719): handleSandman: canDream=false, mWakefulness=Awake
V/ActivityManager(  719): Broadcast sticky: Intent { act=android.net.wifi.RSSI_CHANGED flg=0x4000010 (has extras) } ordered=false userid=-1 callerApp=ProcessRecord{41fff248 719:system/1000}
V/ActivityManager(  719): Broadcast sticky: Intent { act=android.net.wifi.STATE_CHANGE flg=0x4000010 (has extras) } ordered=false userid=-1 callerApp=ProcessRecord{41fff248 719:system/1000}
D/WifiNotificationController(  719): Received NETWORK_STATE_CHANGED_ACTION, mNetworkInfo:NetworkInfo: type: WIFI[], state: CONNECTING/VERIFYING_POOR_LINK, reason: (unspecified), extra: "60_office", roaming: false, failover: false, isAvailable: true, isConnectedToProvisioningNetwork: false, simId: 0
D/WifiService(  719): onReceive, action:android.net.wifi.STATE_CHANGE
D/WifiStateTracker(  719): New state:CONNECTING, mLastState:CONNECTING
V/ActivityManager(  719): Broadcast sticky: Intent { act=android.net.wifi.STATE_CHANGE flg=0x4000010 (has extras) } ordered=false userid=-1 callerApp=ProcessRecord{41fff248 719:system/1000}
D/WifiNotificationController(  719): Received NETWORK_STATE_CHANGED_ACTION, mNetworkInfo:NetworkInfo: type: WIFI[], state: CONNECTING/CAPTIVE_PORTAL_CHECK, reason: (unspecified), extra: "60_office", roaming: false, failover: false, isAvailable: true, isConnectedToProvisioningNetwork: false, simId: 0
D/WifiService(  719): onReceive, action:android.net.wifi.STATE_CHANGE
D/WifiStateTracker(  719): New state:CONNECTING, mLastState:CONNECTING
D/ConnectivityService(  719): ConnectivityChange for WIFI: CONNECTING/CAPTIVE_PORTAL_CHECK
D/ConnectivityService(  719): Captive portal check NetworkInfo: type: WIFI[], state: CONNECTING/CAPTIVE_PORTAL_CHECK, reason: (unspecified), extra: "60_office", roaming: false, failover: false, isAvailable: true, isConnectedToProvisioningNetwork: false, simId: 0
D/ConnectivityService(  719): handleCaptivePortalTrackerCheck: call captivePortalCheckComplete ni=NetworkInfo: type: WIFI[], state: CONNECTING/CAPTIVE_PORTAL_CHECK, reason: (unspecified), extra: "60_office", roaming: false, failover: false, isAvailable: true, isConnectedToProvisioningNetwork: false, simId: 0
D/NetdConnector(  719): SND -> {591 interface ipv6 wlan0 enable}
I/FrameworkListener(  146): onDataAvailable get 32 bytes 
D/FrameworkListener(  146): dispatchCommand data = (591 interface ipv6 wlan0 enable)
D/SocketClient(  146): SocketClient msg = IPv6 state changed
D/SocketClient(  146): SocketClient sendDatalocked done: 200 591 IPv6 state changed
D/NetdConnector(  719): RCV <- {200 591 IPv6 state changed}
D/NetdConnector(  719): RMV <- {200 591 IPv6 state changed}
V/ActivityManager(  719): Broadcast sticky: Intent { act=android.net.wifi.STATE_CHANGE flg=0x4000010 (has extras) } ordered=false userid=-1 callerApp=ProcessRecord{41fff248 719:system/1000}
D/WifiNotificationController(  719): Received NETWORK_STATE_CHANGED_ACTION, mNetworkInfo:NetworkInfo: type: WIFI[], state: CONNECTED/CONNECTED, reason: (unspecified), extra: "60_office", roaming: false, failover: false, isAvailable: true, isConnectedToProvisioningNetwork: false, simId: 0
D/WifiService(  719): onReceive, action:android.net.wifi.STATE_CHANGE
D/WifiStateTracker(  719): New state:CONNECTED, mLastState:CONNECTING
D/ConnectivityService(  719): ConnectivityChange for WIFI: CONNECTED/CONNECTED
V/SettingsProvider(  719): call(global:data_activity_timeout_wifi) for 0
D/ConnectivityService(  719): handleConnect: E newNetType=1 thisIface=wlan0 isFailoverfalse
D/ConnectivityService(  719): Setting TCP values: [524288,1048576,2097152,262144,524288,1048576] which comes from [net.tcp.buffersize.wifi]
E/ConnectivityService(  719): Unexpected mtu value: android.net.wifi.WifiStateTracker@42142380
D/ConnectivityService(  719): handleConnectivityChange: netType=1 doReset=false resetMask=0
E/ConnectivityService(  719): Add google dns provided for WIFI - using 8.8.8.8
D/NetdConnector(  719): SND -> {592 resolver setifdns wlan0  192.168.89.8 8.8.8.8}
I/FrameworkListener(  146): onDataAvailable get 50 bytes 
D/FrameworkListener(  146): dispatchCommand data = (592 resolver setifdns wlan0  192.168.89.8 8.8.8.8)
D/SocketClient(  146): SocketClient msg = Resolver command succeeded
D/SocketClient(  146): SocketClient sendDatalocked done: 200 592 Resolver command succeeded
D/NetdConnector(  719): RCV <- {200 592 Resolver command succeeded}
D/NetdConnector(  719): RMV <- {200 592 Resolver command succeeded}
D/NetdConnector(  719): SND -> {593 resolver setdefaultif wlan0}
I/FrameworkListener(  146): onDataAvailable get 32 bytes 
D/FrameworkListener(  146): dispatchCommand data = (593 resolver setdefaultif wlan0)
D/SocketClient(  146): SocketClient msg = Resolver command succeeded
D/SocketClient(  146): SocketClient sendDatalocked done: 200 593 Resolver command succeeded
D/NetdConnector(  719): RCV <- {200 593 Resolver command succeeded}
D/NetdConnector(  719): RMV <- {200 593 Resolver command succeeded}
V/ActivityManager(  719): Broadcast: Intent { act=android.intent.action.CLEAR_DNS_CACHE flg=0x24000010 } ordered=false userid=-1 callerApp=ProcessRecord{41fff248 719:system/1000}
D/ConnectivityService(  719): handleConnectivityChange: changed linkProperty[1]: doReset=false resetMask=0
D/ConnectivityService(  719):    curLp=null
D/ConnectivityService(  719):    newLp={InterfaceName: wlan0 LinkAddresses: [172.16.0.142/24,]  Routes: [172.16.0.0/24 -> 0.0.0.0,0.0.0.0/0 -> 172.16.0.1,] DnsAddresses: [192.168.89.8,] Domains: MTU: 0HttpProxy: [ProxyProperties.mHost == null] }
D/ConnectivityService(  719): Adding 172.16.0.0/24 -> 0.0.0.0 for interface wlan0
D/NetdConnector(  719): SND -> {594 interface route add wlan0 default 172.16.0.0 24 0.0.0.0}
I/FrameworkListener(  146): onDataAvailable get 60 bytes 
D/FrameworkListener(  146): dispatchCommand data = (594 interface route add wlan0 default 172.16.0.0 24 0.0.0.0)
D/SocketClient(  146): SocketClient msg = Route added to default table
D/SocketClient(  146): SocketClient sendDatalocked done: 200 594 Route added to default table
D/NetdConnector(  719): RCV <- {200 594 Route added to default table}
D/NetdConnector(  719): RMV <- {200 594 Route added to default table}
D/ConnectivityService(  719): Adding 172.16.0.1/32 -> 0.0.0.0 for interface wlan0
D/NetdConnector(  719): SND -> {595 interface route add wlan0 default 172.16.0.1 32 0.0.0.0}
I/FrameworkListener(  146): onDataAvailable get 60 bytes 
D/FrameworkListener(  146): dispatchCommand data = (595 interface route add wlan0 default 172.16.0.1 32 0.0.0.0)
D/SocketClient(  146): SocketClient msg = Route added to default table
D/SocketClient(  146): SocketClient sendDatalocked done: 200 595 Route added to default table
D/NetdConnector(  719): RCV <- {200 595 Route added to default table}
D/NetdConnector(  719): RMV <- {200 595 Route added to default table}
D/ConnectivityService(  719): Adding 0.0.0.0/0 -> 172.16.0.1 for interface wlan0
D/NetdConnector(  719): SND -> {596 interface route add wlan0 default 0.0.0.0 0 172.16.0.1}
I/FrameworkListener(  146): onDataAvailable get 59 bytes 
D/FrameworkListener(  146): dispatchCommand data = (596 interface route add wlan0 default 0.0.0.0 0 172.16.0.1)
D/SocketClient(  146): SocketClient msg = Route added to default table
D/SocketClient(  146): SocketClient sendDatalocked done: 200 596 Route added to default table
D/NetdConnector(  719): RCV <- {200 596 Route added to default table}
D/NetdConnector(  719): RMV <- {200 596 Route added to default table}
D/ConnectivityService(  719): handleConnectivityChange: resetting
D/Nat464Xlat(  719): requiresClat: netType=1, hasIPv4Address=true
D/ConnectivityService(  719): sendStickyBroadcast: action=android.net.conn.CONNECTIVITY_CHANGE_IMMEDIATE
V/ActivityManager(  719): Broadcast sticky: Intent { act=android.net.conn.CONNECTIVITY_CHANGE_IMMEDIATE flg=0x4000010 (has extras) } ordered=false userid=-1 callerApp=ProcessRecord{41fff248 719:system/1000}
D/ConnectivityService(  719): sendStickyBroadcastDelayed: delayMs=3000, action=android.net.conn.CONNECTIVITY_CHANGE
D/PowerManagerService(  719): acquireWakeLockInternal: lock=1107803776, flags=0x1, tag="NetworkStats", ws=null, uid=1000, pid=719
D/PowerManagerNotifier(  719): onWakeLockAcquired: flags=1, tag="NetworkStats", packageName=android, ownerUid=1000, ownerPid=719, workSource=null
D/PowerManagerService(  719): updateWakeLockSummaryLocked: mWakefulness=Awake, mWakeLockSummary=0x23
D/PowerManagerService(  719): newScreenState = 2
D/PowerManagerDisplayController(  719): requestPowerState: screenState=2, useProximitySensor=false, forceProximitySensorEnable=false, forceWakeUpEnable=false, screenBrightness=55, screenAutoBrightnessAdjustment=0.0, useAutoBrightness=false, useEcoBrightness=false, blockScreenOn=false, waitForNegativeProximity=false
I/PowerManagerService(  719): setBrightness mButtonLight 0.
D/PowerManagerService(  719): updateScreenStateLocked: mDisplayReady=true, newScreenState=2, mWakefulness=1, mWakeLockSummary=0x23, mUserActivitySummary=0x1, mBootCompleted=true
V/NetworkStats(  719): updateIfacesLocked()
V/NetworkStats(  719): performPollLocked(flags=0x3)
V/NetworkPolicy(  719): onReceive:CONNECTIVITY_ACTION_IMMEDIATE 
V/NetworkPolicy(  719): ensureActiveMobilePolicyLocked()
D/PowerManagerService(  719): handleSandman: canDream=false, mWakefulness=Awake
D/NetdConnector(  719): SND -> {597 bandwidth gettetherstats}
I/FrameworkListener(  146): onDataAvailable get 29 bytes 
D/FrameworkListener(  146): dispatchCommand data = (597 bandwidth gettetherstats)
V/NetworkPolicy(  719): updateNetworkEnabledLocked()
V/NetworkPolicy(  719): updateNetworkRulesLocked()
D/SocketClient(  146): SocketClient msg = Tethering stats list completed
D/SocketClient(  146): SocketClient sendDatalocked done: 200 597 Tethering stats list completed
D/NetdConnector(  719): RCV <- {200 597 Tethering stats list completed}
V/NetworkPolicy(  719): updateNotificationsLocked()
V/NetworkStats(  719): advisePersistThreshold() given 9223372036854775, clamped to 2097152
D/NetdConnector(  719): RMV <- {200 597 Tethering stats list completed}
W/NetworkStatsRecorder(  719): unknown interfaces [lo, p2p0, wlan0], ignoring those stats
W/NetworkStatsRecorder(  719): unknown interfaces [lo, p2p0, wlan0], ignoring those stats
W/NetworkStatsRecorder(  719): unknown interfaces [lo, p2p0, wlan0], ignoring those stats
W/NetworkStatsRecorder(  719): unknown interfaces [lo, p2p0, wlan0], ignoring those stats
V/NetworkStats(  719): performPollLocked() took 35ms
V/ActivityManager(  719): Broadcast: Intent { act=com.android.server.action.NETWORK_STATS_UPDATED flg=0x40000010 } ordered=false userid=-1 callerApp=ProcessRecord{41fff248 719:system/1000}
V/NetworkStats(  719): wlan0 is connected Nettype=1
V/NetworkStats(  719): new netIdent for:wlan0
D/PowerManagerService(  719): releaseWakeLockInternal: lock=1107803776 [NetworkStats], flags=0x0, total_time=69ms
D/PowerManagerNotifier(  719): onWakeLockReleased: flags=1, tag="NetworkStats", packageName=android, ownerUid=1000, ownerPid=719, workSource=null
D/PowerManagerService(  719): updateWakeLockSummaryLocked: mWakefulness=Awake, mWakeLockSummary=0x23
D/PowerManagerService(  719): newScreenState = 2
D/PowerManagerDisplayController(  719): requestPowerState: screenState=2, useProximitySensor=false, forceProximitySensorEnable=false, forceWakeUpEnable=false, screenBrightness=55, screenAutoBrightnessAdjustment=0.0, useAutoBrightness=false, useEcoBrightness=false, blockScreenOn=false, waitForNegativeProximity=false
I/PowerManagerService(  719): setBrightness mButtonLight 0.
D/PowerManagerService(  719): updateScreenStateLocked: mDisplayReady=true, newScreenState=2, mWakefulness=1, mWakeLockSummary=0x23, mUserActivitySummary=0x1, mBootCompleted=true
D/PowerManagerService(  719): handleSandman: canDream=false, mWakefulness=Awake
V/NetworkStatsRecorder(  719): setPersistThreshold() with 2097152
V/NetworkStatsRecorder(  719): setPersistThreshold() with 2097152
V/NetworkStatsRecorder(  719): setPersistThreshold() with 2097152
V/NetworkStatsRecorder(  719): setPersistThreshold() with 2097152
D/NetdConnector(  719): SND -> {598 bandwidth setglobalalert 2097152}
I/FrameworkListener(  146): onDataAvailable get 37 bytes 
D/FrameworkListener(  146): dispatchCommand data = (598 bandwidth setglobalalert 2097152)
D/SocketClient(  146): SocketClient msg = Bandwidth command succeeeded
D/SocketClient(  146): SocketClient sendDatalocked done: 200 598 Bandwidth command succeeeded
D/NetdConnector(  719): RCV <- {200 598 Bandwidth command succeeeded}
D/NetdConnector(  719): RMV <- {200 598 Bandwidth command succeeeded}
D/ConnectivityService(  719): onMeteredIfacesChanged(ifaces=[])
V/NetworkPolicy(  719): ensureActiveMobilePolicyLocked()
V/NetworkPolicy(  719): updateNetworkEnabledLocked()
V/NetworkPolicy(  719): updateNotificationsLocked()
D/PowerManagerService(  719): updateWakeLockWorkSourceInternal: lock=1111483816 [AudioMix], ws=null
D/PowerManagerNotifier(  719): onWakeLockReleased: flags=1, tag="AudioMix", packageName=media, ownerUid=1013, ownerPid=154, workSource=WorkSource{10048}
D/PowerManagerNotifier(  719): onWakeLockAcquired: flags=1, tag="AudioMix", packageName=media, ownerUid=1013, ownerPid=154, workSource=null
D/PowerManagerService(  719): releaseWakeLockInternal: lock=1111483816 [AudioMix], flags=0x0, total_time=5014ms
D/PowerManagerNotifier(  719): onWakeLockReleased: flags=1, tag="AudioMix", packageName=media, ownerUid=1013, ownerPid=154, workSource=null
D/PowerManagerService(  719): updateWakeLockSummaryLocked: mWakefulness=Awake, mWakeLockSummary=0x23
D/PowerManagerService(  719): newScreenState = 2
D/PowerManagerDisplayController(  719): requestPowerState: screenState=2, useProximitySensor=false, forceProximitySensorEnable=false, forceWakeUpEnable=false, screenBrightness=55, screenAutoBrightnessAdjustment=0.0, useAutoBrightness=false, useEcoBrightness=false, blockScreenOn=false, waitForNegativeProximity=false
I/PowerManagerService(  719): setBrightness mButtonLight 0.
D/PowerManagerService(  719): updateScreenStateLocked: mDisplayReady=true, newScreenState=2, mWakefulness=1, mWakeLockSummary=0x23, mUserActivitySummary=0x1, mBootCompleted=true
D/PowerManagerService(  719): handleSandman: canDream=false, mWakefulness=Awake
D/SocketClient(  146): SocketClient msg = Address updated fe80::208:22ff:fe76:e006/64 wlan0 128 253
D/SocketClient(  146): SocketClient sendDatalocked done: 614 Address updated fe80::208:22ff:fe76:e006/64 wlan0 128 253
D/NetdConnector(  719): RCV <- {614 Address updated fe80::208:22ff:fe76:e006/64 wlan0 128 253}
D/NetworkManagementService(  719): onEvent:614 Address updated fe80::208:22ff:fe76:e006/64 wlan0 128 253:7
V/ActivityManager(  719): Broadcast: Intent { act=android.net.wifi.LINK_CONFIGURATION_CHANGED flg=0x4000010 (has extras) } ordered=false userid=-1 callerApp=ProcessRecord{41fff248 719:system/1000}
D/ConnectivityService(  719): handleConnectivityChange: netType=1 doReset=false resetMask=0
E/ConnectivityService(  719): Add google dns provided for WIFI - using 8.8.8.8
D/NetdConnector(  719): SND -> {599 resolver setifdns wlan0  192.168.89.8 8.8.8.8}
I/FrameworkListener(  146): onDataAvailable get 50 bytes 
D/FrameworkListener(  146): dispatchCommand data = (599 resolver setifdns wlan0  192.168.89.8 8.8.8.8)
D/SocketClient(  146): SocketClient msg = Resolver command succeeded
D/SocketClient(  146): SocketClient sendDatalocked done: 200 599 Resolver command succeeded
D/NetdConnector(  719): RCV <- {200 599 Resolver command succeeded}
D/NetdConnector(  719): RMV <- {200 599 Resolver command succeeded}
D/NetdConnector(  719): SND -> {600 resolver setdefaultif wlan0}
I/FrameworkListener(  146): onDataAvailable get 32 bytes 
D/FrameworkListener(  146): dispatchCommand data = (600 resolver setdefaultif wlan0)
D/SocketClient(  146): SocketClient msg = Resolver command succeeded
D/SocketClient(  146): SocketClient sendDatalocked done: 200 600 Resolver command succeeded
D/NetdConnector(  719): RCV <- {200 600 Resolver command succeeded}
D/NetdConnector(  719): RMV <- {200 600 Resolver command succeeded}
V/ActivityManager(  719): Broadcast: Intent { act=android.intent.action.CLEAR_DNS_CACHE flg=0x24000010 } ordered=false userid=-1 callerApp=ProcessRecord{41fff248 719:system/1000}
D/ConnectivityService(  719): handleConnectivityChange: changed linkProperty[1]: doReset=false resetMask=0
D/ConnectivityService(  719):    curLp={InterfaceName: wlan0 LinkAddresses: [172.16.0.142/24,]  Routes: [172.16.0.0/24 -> 0.0.0.0,0.0.0.0/0 -> 172.16.0.1,] DnsAddresses: [192.168.89.8,] Domains: MTU: 0HttpProxy: [ProxyProperties.mHost == null] }
D/ConnectivityService(  719):    newLp={InterfaceName: wlan0 LinkAddresses: [172.16.0.142/24,fe80::208:22ff:fe76:e006/64,]  Routes: [172.16.0.0/24 -> 0.0.0.0,0.0.0.0/0 -> 172.16.0.1,] DnsAddresses: [192.168.89.8,] Domains: MTU: 0HttpProxy: [ProxyProperties.mHost == null] }
D/ConnectivityService(  719): handleConnectivityChange: addresses changed linkProperty[1]: resetMask=0
D/ConnectivityService(  719):    car=removed=[] added=[fe80::208:22ff:fe76:e006/64,]
D/Nat464Xlat(  719): requiresClat: netType=1, hasIPv4Address=true
D/SocketClient(  146): SocketClient msg = Iface linkstate p2p0 up
D/SocketClient(  146): SocketClient sendDatalocked done: 600 Iface linkstate p2p0 up
D/NetdConnector(  719): RCV <- {600 Iface linkstate p2p0 up}
D/NetworkManagementService(  719): onEvent:600 Iface linkstate p2p0 up:5
D/NotificationService(  719): Timeout pkg=com.sixtyplus.nidfit.treadmill.app callback=android.app.ITransientNotification$Stub$Proxy@421f0738
D/ConnectivityService(  719): sendStickyBroadcast: action=android.net.conn.CONNECTIVITY_CHANGE
V/ActivityManager(  719): Broadcast sticky: Intent { act=android.net.conn.CONNECTIVITY_CHANGE flg=0x4000010 (has extras) } ordered=false userid=-1 callerApp=ProcessRecord{41fff248 719:system/1000}
D/PowerManagerService(  719): acquireWakeLockInternal: lock=1108595280, flags=0x1, tag="GpsLocationProvider", ws=null, uid=1000, pid=719
D/PowerManagerNotifier(  719): onWakeLockAcquired: flags=1, tag="GpsLocationProvider", packageName=android, ownerUid=1000, ownerPid=719, workSource=null
D/PowerManagerService(  719): updateWakeLockSummaryLocked: mWakefulness=Awake, mWakeLockSummary=0x23
D/ConnectivityService(  719): getActiveNetworkInfo:NetworkInfo: type: WIFI[], state: CONNECTED/CONNECTED, reason: (unspecified), extra: "60_office", roaming: false, failover: false, isAvailable: true, isConnectedToProvisioningNetwork: false, simId: 0/10007
D/ConnectivityService(  719): getActiveNetworkInfo:NetworkInfo: type: WIFI[], state: CONNECTED/CONNECTED, reason: (unspecified), extra: "60_office", roaming: false, failover: false, isAvailable: true, isConnectedToProvisioningNetwork: false, simId: 0/1000
D/ConnectivityService(  719): getActiveNetworkInfo:NetworkInfo: type: WIFI[], state: CONNECTED/CONNECTED, reason: (unspecified), extra: "60_office", roaming: false, failover: false, isAvailable: true, isConnectedToProvisioningNetwork: false, simId: 0/1000
D/ConnectivityService(  719): getActiveNetworkInfo:NetworkInfo: type: WIFI[], state: CONNECTED/CONNECTED, reason: (unspecified), extra: "60_office", roaming: false, failover: false, isAvailable: true, isConnectedToProvisioningNetwork: false, simId: 0/1000
V/SettingsProvider(  719): call(global:auto_time) for 0
D/ConnectivityService(  719): getActiveNetworkInfo:NetworkInfo: type: WIFI[], state: CONNECTED/CONNECTED, reason: (unspecified), extra: "60_office", roaming: false, failover: false, isAvailable: true, isConnectedToProvisioningNetwork: false, simId: 0/10048
D/ConnectivityService(  719): getActiveNetworkInfo:NetworkInfo: type: WIFI[], state: CONNECTED/CONNECTED, reason: (unspecified), extra: "60_office", roaming: false, failover: false, isAvailable: true, isConnectedToProvisioningNetwork: false, simId: 0/10048
I/ActivityManager(  719): Start proc com.mediatek.mtklogger for broadcast com.mediatek.mtklogger/.framework.LogReceiver: pid=18951 uid=10033 gids={50033, 3003, 1028, 1015, 1035, 1023}
D/PowerManagerService(  719): newScreenState = 2
D/PowerManagerDisplayController(  719): requestPowerState: screenState=2, useProximitySensor=false, forceProximitySensorEnable=false, forceWakeUpEnable=false, screenBrightness=55, screenAutoBrightnessAdjustment=0.0, useAutoBrightness=false, useEcoBrightness=false, blockScreenOn=false, waitForNegativeProximity=false
I/PowerManagerService(  719): setBrightness mButtonLight 0.
D/PowerManagerService(  719): updateScreenStateLocked: mDisplayReady=true, newScreenState=2, mWakefulness=1, mWakeLockSummary=0x23, mUserActivitySummary=0x1, mBootCompleted=true
D/PowerManagerService(  719): handleSandman: canDream=false, mWakefulness=Awake
D/ConnectivityService(  719): getActiveNetworkInfo:NetworkInfo: type: WIFI[], state: CONNECTED/CONNECTED, reason: (unspecified), extra: "60_office", roaming: false, failover: false, isAvailable: true, isConnectedToProvisioningNetwork: false, simId: 0/1000
D/PowerManagerService(  719): acquireWakeLockInternal: lock=1105105712, flags=0x1, tag="SyncLoopWakeLock", ws=null, uid=1000, pid=719
D/PowerManagerNotifier(  719): onWakeLockAcquired: flags=1, tag="SyncLoopWakeLock", packageName=android, ownerUid=1000, ownerPid=719, workSource=null
D/PowerManagerService(  719): updateWakeLockSummaryLocked: mWakefulness=Awake, mWakeLockSummary=0x23
D/ActivityManager(  719): getContentProviderImpl: from caller=android.app.ApplicationThreadProxy@4206fdf0 (pid=18951, userId=0) to get content provider settings cpr=ContentProviderRecord{41f2d460 u0 com.android.providers.settings/.SettingsProvider}
D/ActivityManager(  719): getContentProviderImpl: updateLruProcessLocked cpr.proc=ProcessRecord{41fff248 719:system/1000}
D/ActivityThread(18951): hoder:android.app.IActivityManager$ContentProviderHolder@41d09500,provider,holder.Provider:android.content.ContentProviderProxy@41d09c78
V/SettingsProvider(  719): call(system:anr_debugging_mechanism) for 0
D/PowerManagerService(  719): newScreenState = 2
D/PowerManagerDisplayController(  719): requestPowerState: screenState=2, useProximitySensor=false, forceProximitySensorEnable=false, forceWakeUpEnable=false, screenBrightness=55, screenAutoBrightnessAdjustment=0.0, useAutoBrightness=false, useEcoBrightness=false, blockScreenOn=false, waitForNegativeProximity=false
I/PowerManagerService(  719): setBrightness mButtonLight 0.
D/PowerManagerService(  719): updateScreenStateLocked: mDisplayReady=true, newScreenState=2, mWakefulness=1, mWakeLockSummary=0x23, mUserActivitySummary=0x1, mBootCompleted=true
D/PowerManagerService(  719): handleSandman: canDream=false, mWakefulness=Awake
D/PowerManagerService(  719): userActivityNoUpdateLocked: eventTime=18162524, event=0, flags=0x0, uid=1000
D/PowerManagerNotifier(  719): onUserActivity: event=0, uid=1000
D/PowerManagerService(  719): updateUserActivitySummaryLocked: mWakefulness=Awake, mUserActivitySummary=0x1, nextTimeout=318162524 (in 300000000 ms)
D/PowerManagerService(  719): newScreenState = 2
D/PowerManagerDisplayController(  719): requestPowerState: screenState=2, useProximitySensor=false, forceProximitySensorEnable=false, forceWakeUpEnable=false, screenBrightness=55, screenAutoBrightnessAdjustment=0.0, useAutoBrightness=false, useEcoBrightness=false, blockScreenOn=false, waitForNegativeProximity=false
I/PowerManagerService(  719): setBrightness mButtonLight 0.
D/PowerManagerService(  719): updateScreenStateLocked: mDisplayReady=true, newScreenState=2, mWakefulness=1, mWakeLockSummary=0x23, mUserActivitySummary=0x1, mBootCompleted=true
D/PowerManagerService(  719): handleSandman: canDream=false, mWakefulness=Awake
D/PowerManagerService(  719): releaseWakeLockInternal: lock=1105047856 [WindowManager], flags=0x0, total_time=3839ms
D/PowerManagerNotifier(  719): onWakeLockReleased: flags=536870922, tag="WindowManager", packageName=android, ownerUid=1000, ownerPid=719, workSource=WorkSource{10048}
D/PowerManagerService(  719): userActivityNoUpdateLocked: eventTime=18162525, event=0, flags=0x1, uid=1000
D/PowerManagerNotifier(  719): onUserActivity: event=0, uid=1000
D/PowerManagerService(  719): updateWakeLockSummaryLocked: mWakefulness=Awake, mWakeLockSummary=0x1
D/PowerManagerService(  719): updateUserActivitySummaryLocked: mWakefulness=Awake, mUserActivitySummary=0x1, nextTimeout=318162524 (in 299999998 ms)
D/PowerManagerService(  719): newScreenState = 2
D/PowerManagerDisplayController(  719): requestPowerState: screenState=2, useProximitySensor=false, forceProximitySensorEnable=false, forceWakeUpEnable=false, screenBrightness=55, screenAutoBrightnessAdjustment=0.0, useAutoBrightness=false, useEcoBrightness=false, blockScreenOn=false, waitForNegativeProximity=false
I/PowerManagerService(  719): setBrightness mButtonLight 0.
D/PowerManagerService(  719): updateScreenStateLocked: mDisplayReady=true, newScreenState=2, mWakefulness=1, mWakeLockSummary=0x1, mUserActivitySummary=0x1, mBootCompleted=true
D/PowerManagerService(  719): handleSandman: canDream=false, mWakefulness=Awake
D/PowerManagerService(  719): releaseWakeLockInternal: lock=1105105712 [SyncLoopWakeLock], flags=0x0, total_time=77ms
D/PowerManagerNotifier(  719): onWakeLockReleased: flags=1, tag="SyncLoopWakeLock", packageName=android, ownerUid=1000, ownerPid=719, workSource=null
D/ActivityThread(18951): BIND_APPLICATION handled : 0 / AppBindData{appInfo=ApplicationInfo{41d06ec8 com.mediatek.mtklogger}}
D/ActivityThread(18951): BDC-Calling onReceive: intent=Intent { act=android.net.conn.CONNECTIVITY_CHANGE flg=0x4000010 cmp=com.mediatek.mtklogger/.framework.LogReceiver (has extras) }, ordered=true, receiver=com.mediatek.mtklogger.framework.LogReceiver@41d0ec68
D/PowerManagerService(  719): updateWakeLockSummaryLocked: mWakefulness=Awake, mWakeLockSummary=0x1
D/PowerManagerService(  719): newScreenState = 2
D/PowerManagerDisplayController(  719): requestPowerState: screenState=2, useProximitySensor=false, forceProximitySensorEnable=false, forceWakeUpEnable=false, screenBrightness=55, screenAutoBrightnessAdjustment=0.0, useAutoBrightness=false, useEcoBrightness=false, blockScreenOn=false, waitForNegativeProximity=false
I/PowerManagerService(  719): setBrightness mButtonLight 0.
D/PowerManagerService(  719): updateScreenStateLocked: mDisplayReady=true, newScreenState=2, mWakefulness=1, mWakeLockSummary=0x1, mUserActivitySummary=0x1, mBootCompleted=true
D/PowerManagerService(  719): handleSandman: canDream=false, mWakefulness=Awake
D/ActivityThread( 1079): BDC-Calling onReceive: intent=Intent { act=android.net.conn.CONNECTIVITY_CHANGE flg=0x4000010 cmp=com.android.providers.downloads/.DownloadReceiver (has extras) }, ordered=true, receiver=com.android.providers.downloads.DownloadReceiver@42059af8
D/ActivityThread(18951): BDC-RECEIVER handled : 0 / ReceiverData{intent=Intent { act=android.net.conn.CONNECTIVITY_CHANGE flg=0x4000010 cmp=com.mediatek.mtklogger/.framework.LogReceiver (has extras) } packageName=com.mediatek.mtklogger resultCode=-1 resultData=null resultExtras=null}
D/ConnectivityService(  719): getActiveNetworkInfo:NetworkInfo: type: WIFI[], state: CONNECTED/CONNECTED, reason: (unspecified), extra: "60_office", roaming: false, failover: false, isAvailable: true, isConnectedToProvisioningNetwork: false, simId: 0/10005
D/ActivityThread( 1834): BDC-Calling onReceive: intent=Intent { act=android.net.conn.CONNECTIVITY_CHANGE flg=0x4000010 cmp=com.android.mms/.transaction.MmsSystemEventReceiver (has extras) }, ordered=true, receiver=com.android.mms.transaction.MmsSystemEventReceiver@41dfd438
D/ActivityThread( 1834): BDC-RECEIVER handled : 0 / ReceiverData{intent=Intent { act=android.net.conn.CONNECTIVITY_CHANGE flg=0x4000010 cmp=com.android.mms/.transaction.MmsSystemEventReceiver (has extras) } packageName=com.android.mms resultCode=0 resultData=null resultExtras=null}
D/ActivityThread( 1079): BDC-RECEIVER handled : 0 / ReceiverData{intent=Intent { act=android.net.conn.CONNECTIVITY_CHANGE flg=0x4000010 cmp=com.android.providers.downloads/.DownloadReceiver (has extras) } packageName=com.android.providers.downloads resultCode=0 resultData=null resultExtras=null}
D/ActivityThread( 1079): SVC-Creating service: CreateServiceData{token=android.os.BinderProxy@41e34a90 className=com.android.providers.downloads.DownloadService packageName=com.android.providers.downloads intent=null}
D/ActivityManager(  719): getContentProviderImpl: from caller=android.app.ActivityThread$ApplicationThread@41db78d8 (pid=719, userId=0) to get content provider telephony cpr=ContentProviderRecord{422368a0 u0 com.android.providers.telephony/.TelephonyProvider}
D/ActivityManager(  719): getContentProviderImpl: updateLruProcessLocked cpr.proc=ProcessRecord{422649d0 1023:com.android.phone/1001}
D/ActivityThread(  719): hoder:android.app.IActivityManager$ContentProviderHolder@42329d20,provider,holder.Provider:android.content.ContentProviderProxy@420c7fb8
D/ActivityThread( 1079): SVC-CREATE_SERVICE handled : 0 / CreateServiceData{token=android.os.BinderProxy@41e34a90 className=com.android.providers.downloads.DownloadService packageName=com.android.providers.downloads intent=null}
D/ActivityThread( 1079): SVC-SERVICE_ARGS handled : 0 / ServiceArgsData{token=android.os.BinderProxy@41e34a90 startId=1 args=Intent { cmp=com.android.providers.downloads/.DownloadService }}
D/ActivityThread( 1079): BDC-Calling onReceive: intent=Intent { act=android.net.conn.CONNECTIVITY_CHANGE flg=0x4000010 cmp=com.android.providers.drm/.ConnectionChangeReceiver (has extras) }, ordered=true, receiver=com.android.providers.drm.ConnectionChangeReceiver@41e90398
D/PowerManagerService(  719): releaseWakeLockInternal: lock=1108595280 [GpsLocationProvider], flags=0x0, total_time=465ms
D/PowerManagerNotifier(  719): onWakeLockReleased: flags=1, tag="GpsLocationProvider", packageName=android, ownerUid=1000, ownerPid=719, workSource=null
D/PowerManagerService(  719): updateWakeLockSummaryLocked: mWakefulness=Awake, mWakeLockSummary=0x0
D/PowerManagerService(  719): newScreenState = 2
D/PowerManagerDisplayController(  719): requestPowerState: screenState=2, useProximitySensor=false, forceProximitySensorEnable=false, forceWakeUpEnable=false, screenBrightness=55, screenAutoBrightnessAdjustment=0.0, useAutoBrightness=false, useEcoBrightness=false, blockScreenOn=false, waitForNegativeProximity=false
I/PowerManagerService(  719): setBrightness mButtonLight 0.
D/PowerManagerService(  719): updateScreenStateLocked: mDisplayReady=true, newScreenState=2, mWakefulness=1, mWakeLockSummary=0x0, mUserActivitySummary=0x1, mBootCompleted=true
D/PowerManagerService(  719): Releasing suspend blocker "PowerManagerService.WakeLocks".
D/PowerManagerService(  719): handleSandman: canDream=false, mWakefulness=Awake
D/ActivityThread( 1079): BDC-RECEIVER handled : 0 / ReceiverData{intent=Intent { act=android.net.conn.CONNECTIVITY_CHANGE flg=0x4000010 cmp=com.android.providers.drm/.ConnectionChangeReceiver (has extras) } packageName=com.android.providers.drm resultCode=0 resultData=null resultExtras=null}
D/ActivityThread( 1079): SVC-Destroying service: com.android.providers.downloads.DownloadService@41e36928
D/ActivityThread( 1079): SVC-STOP_SERVICE handled : 0 / android.os.BinderProxy@41e34a90
I/ActivityManager(  719): Start proc com.fw.upgrade for broadcast com.fw.upgrade/.GoogleOtaReceiver: pid=18981 uid=10027 gids={50027, 3003, 1028, 1015, 1023}
D/ActivityManager(  719): getContentProviderImpl: from caller=android.app.ApplicationThreadProxy@4231c278 (pid=18981, userId=0) to get content provider settings cpr=ContentProviderRecord{41f2d460 u0 com.android.providers.settings/.SettingsProvider}
D/ActivityManager(  719): getContentProviderImpl: updateLruProcessLocked cpr.proc=ProcessRecord{41fff248 719:system/1000}
D/ActivityThread(18981): hoder:android.app.IActivityManager$ContentProviderHolder@41d0a3f8,provider,holder.Provider:android.content.ContentProviderProxy@41d0ab70
V/SettingsProvider(  719): call(system:anr_debugging_mechanism) for 0
D/ActivityThread(18981): BIND_APPLICATION handled : 0 / AppBindData{appInfo=ApplicationInfo{41d07e98 com.fw.upgrade}}
D/ActivityThread(18981): BDC-Calling onReceive: intent=Intent { act=android.net.conn.CONNECTIVITY_CHANGE flg=0x4000010 cmp=com.fw.upgrade/.GoogleOtaReceiver (has extras) }, ordered=true, receiver=com.fw.upgrade.GoogleOtaReceiver@41d0f1d0
D/WifiService(  719): getWifiServiceMessenger, pid:18981, uid:10027
I/ActivityManager(  719): Process com.fw.upgrade (pid 18981) has died.
D/DisplayManagerService(  719): Display listener for pid 18981 died.
D/ActivityThread( 1735): BDC-Calling onReceive: intent=Intent { act=android.net.conn.CONNECTIVITY_CHANGE flg=0x4000010 cmp=com.mediatek.systemupdate/.SystemUpdateReceiver (has extras) }, ordered=true, receiver=com.mediatek.systemupdate.SystemUpdateReceiver@41e74e78
D/ActivityThread( 1735): BDC-RECEIVER handled : 0 / ReceiverData{intent=Intent { act=android.net.conn.CONNECTIVITY_CHANGE flg=0x4000010 cmp=com.mediatek.systemupdate/.SystemUpdateReceiver (has extras) } packageName=com.mediatek.systemupdate resultCode=0 resultData=null resultExtras=null}
D/PowerManagerService(  719): userActivityFromNative
D/PowerManagerService(  719): userActivityNoUpdateLocked: eventTime=18164068, event=0, flags=0x0, uid=1000
D/PowerManagerNotifier(  719): onUserActivity: event=0, uid=1000
D/PowerManagerService(  719): updateUserActivitySummaryLocked: mWakefulness=Awake, mUserActivitySummary=0x1, nextTimeout=318164068 (in 299999998 ms)
D/PowerManagerService(  719): newScreenState = 2
D/PowerManagerDisplayController(  719): requestPowerState: screenState=2, useProximitySensor=false, forceProximitySensorEnable=false, forceWakeUpEnable=false, screenBrightness=55, screenAutoBrightnessAdjustment=0.0, useAutoBrightness=false, useEcoBrightness=false, blockScreenOn=false, waitForNegativeProximity=false
I/PowerManagerService(  719): setBrightness mButtonLight 0.
D/PowerManagerService(  719): updateScreenStateLocked: mDisplayReady=true, newScreenState=2, mWakefulness=1, mWakeLockSummary=0x0, mUserActivitySummary=0x1, mBootCompleted=true
D/PowerManagerService(  719): userActivityFromNative
D/PowerManagerService(  719): userActivityNoUpdateLocked: eventTime=18164068, event=2, flags=0x0, uid=1000
D/PowerManagerNotifier(  719): onUserActivity: event=2, uid=1000
D/PowerManagerService(  719): handleSandman: canDream=false, mWakefulness=Awake
D/SocketClient(  146): SocketClient msg = Iface linkstate wlan0 up
D/SocketClient(  146): SocketClient sendDatalocked done: 600 Iface linkstate wlan0 up
D/NetdConnector(  719): RCV <- {600 Iface linkstate wlan0 up}
D/NetworkManagementService(  719): onEvent:600 Iface linkstate wlan0 up:5
D/SocketClient(  146): SocketClient msg = Iface linkstate wlan0 up
D/SocketClient(  146): SocketClient sendDatalocked done: 600 Iface linkstate wlan0 up
D/NetdConnector(  719): RCV <- {600 Iface linkstate wlan0 up}
D/NetworkManagementService(  719): onEvent:600 Iface linkstate wlan0 up:5
V/ActivityManager(  719): Broadcast: Intent { act=android.net.wifi.SCAN_RESULTS flg=0x4000010 (has extras) } ordered=false userid=-1 callerApp=ProcessRecord{41fff248 719:system/1000}
I/WifiNotificationController(  719): checkAndSetNotification, state:CONNECTED
V/ActivityManager(  719): Broadcast sticky: Intent { act=android.net.wifi.RSSI_CHANGED flg=0x4000010 (has extras) } ordered=false userid=-1 callerApp=ProcessRecord{41fff248 719:system/1000}
D/PowerManagerService(  719): userActivityFromNative
D/PowerManagerService(  719): userActivityNoUpdateLocked: eventTime=18164581, event=2, flags=0x0, uid=1000
D/PowerManagerNotifier(  719): onUserActivity: event=2, uid=1000
D/PowerManagerService(  719): updateUserActivitySummaryLocked: mWakefulness=Awake, mUserActivitySummary=0x1, nextTimeout=318164581 (in 299999999 ms)
D/PowerManagerService(  719): newScreenState = 2
D/PowerManagerDisplayController(  719): requestPowerState: screenState=2, useProximitySensor=false, forceProximitySensorEnable=false, forceWakeUpEnable=false, screenBrightness=55, screenAutoBrightnessAdjustment=0.0, useAutoBrightness=false, useEcoBrightness=false, blockScreenOn=false, waitForNegativeProximity=false
I/PowerManagerService(  719): setBrightness mButtonLight 0.
D/PowerManagerService(  719): updateScreenStateLocked: mDisplayReady=true, newScreenState=2, mWakefulness=1, mWakeLockSummary=0x0, mUserActivitySummary=0x1, mBootCompleted=true
D/PowerManagerService(  719): handleSandman: canDream=false, mWakefulness=Awake
D/PowerManagerService(  719): userActivityFromNative
D/PowerManagerService(  719): userActivityNoUpdateLocked: eventTime=18164708, event=0, flags=0x0, uid=1000
D/PowerManagerNotifier(  719): onUserActivity: event=0, uid=1000
D/PowerManagerService(  719): updateUserActivitySummaryLocked: mWakefulness=Awake, mUserActivitySummary=0x1, nextTimeout=318164708 (in 299999996 ms)
D/PowerManagerService(  719): newScreenState = 2
D/PowerManagerDisplayController(  719): requestPowerState: screenState=2, useProximitySensor=false, forceProximitySensorEnable=false, forceWakeUpEnable=false, screenBrightness=55, screenAutoBrightnessAdjustment=0.0, useAutoBrightness=false, useEcoBrightness=false, blockScreenOn=false, waitForNegativeProximity=false
I/PowerManagerService(  719): setBrightness mButtonLight 0.
D/PowerManagerService(  719): updateScreenStateLocked: mDisplayReady=true, newScreenState=2, mWakefulness=1, mWakeLockSummary=0x0, mUserActivitySummary=0x1, mBootCompleted=true
D/PowerManagerService(  719): handleSandman: canDream=false, mWakefulness=Awake
D/PowerManagerService(  719): userActivityFromNative
D/PowerManagerService(  719): userActivityNoUpdateLocked: eventTime=18165091, event=2, flags=0x0, uid=1000
D/PowerManagerNotifier(  719): onUserActivity: event=2, uid=1000
D/PowerManagerService(  719): updateUserActivitySummaryLocked: mWakefulness=Awake, mUserActivitySummary=0x1, nextTimeout=318165091 (in 300000000 ms)
D/PowerManagerService(  719): newScreenState = 2
D/PowerManagerDisplayController(  719): requestPowerState: screenState=2, useProximitySensor=false, forceProximitySensorEnable=false, forceWakeUpEnable=false, screenBrightness=55, screenAutoBrightnessAdjustment=0.0, useAutoBrightness=false, useEcoBrightness=false, blockScreenOn=false, waitForNegativeProximity=false
I/PowerManagerService(  719): setBrightness mButtonLight 0.
D/PowerManagerService(  719): updateScreenStateLocked: mDisplayReady=true, newScreenState=2, mWakefulness=1, mWakeLockSummary=0x0, mUserActivitySummary=0x1, mBootCompleted=true
D/PowerManagerService(  719): handleSandman: canDream=false, mWakefulness=Awake
D/SocketClient(  146): SocketClient msg = Iface linkstate p2p0 up
D/SocketClient(  146): SocketClient sendDatalocked done: 600 Iface linkstate p2p0 up
D/NetdConnector(  719): RCV <- {600 Iface linkstate p2p0 up}
D/NetworkManagementService(  719): onEvent:600 Iface linkstate p2p0 up:5
D/PowerManagerService(  719): userActivityFromNative
D/PowerManagerService(  719): userActivityNoUpdateLocked: eventTime=18166403, event=0, flags=0x0, uid=1000
D/PowerManagerNotifier(  719): onUserActivity: event=0, uid=1000
D/PowerManagerService(  719): updateUserActivitySummaryLocked: mWakefulness=Awake, mUserActivitySummary=0x1, nextTimeout=318166403 (in 299999999 ms)
D/PowerManagerService(  719): newScreenState = 2
D/PowerManagerDisplayController(  719): requestPowerState: screenState=2, useProximitySensor=false, forceProximitySensorEnable=false, forceWakeUpEnable=false, screenBrightness=55, screenAutoBrightnessAdjustment=0.0, useAutoBrightness=false, useEcoBrightness=false, blockScreenOn=false, waitForNegativeProximity=false
I/PowerManagerService(  719): setBrightness mButtonLight 0.
D/PowerManagerService(  719): updateScreenStateLocked: mDisplayReady=true, newScreenState=2, mWakefulness=1, mWakeLockSummary=0x0, mUserActivitySummary=0x1, mBootCompleted=true
D/PowerManagerService(  719): userActivityFromNative
D/PowerManagerService(  719): userActivityNoUpdateLocked: eventTime=18166403, event=2, flags=0x0, uid=1000
D/PowerManagerNotifier(  719): onUserActivity: event=2, uid=1000
D/PowerManagerService(  719): handleSandman: canDream=false, mWakefulness=Awake
D/PowerManagerService(  719): acquireWakeLockInternal: lock=1104924816, flags=0x1, tag="ActivityManager-Launch", ws=null, uid=1000, pid=719
D/PowerManagerNotifier(  719): onWakeLockAcquired: flags=1, tag="ActivityManager-Launch", packageName=android, ownerUid=1000, ownerPid=719, workSource=null
D/PowerManagerService(  719): updateWakeLockSummaryLocked: mWakefulness=Awake, mWakeLockSummary=0x1
D/PowerManagerService(  719): newScreenState = 2
D/PowerManagerDisplayController(  719): requestPowerState: screenState=2, useProximitySensor=false, forceProximitySensorEnable=false, forceWakeUpEnable=false, screenBrightness=55, screenAutoBrightnessAdjustment=0.0, useAutoBrightness=false, useEcoBrightness=false, blockScreenOn=false, waitForNegativeProximity=false
I/PowerManagerService(  719): setBrightness mButtonLight 0.
D/PowerManagerService(  719): updateScreenStateLocked: mDisplayReady=true, newScreenState=2, mWakefulness=1, mWakeLockSummary=0x1, mUserActivitySummary=0x1, mBootCompleted=true
D/PowerManagerService(  719): Acquiring suspend blocker "PowerManagerService.WakeLocks".
D/PowerManagerService(  719): handleSandman: canDream=false, mWakefulness=Awake
D/ActivityThread(24604): ACT-AM_ON_PAUSE_CALLED ActivityRecord{42ebbd18 token=android.os.BinderProxy@42ebb350 {com.sixtyplus.nidfit.treadmill.app/com.sixtyplus.nidfit.treadmill.wifimgr.WifiActivity}}
D/ActivityThread(24604): ACT-PAUSE_ACTIVITY_FINISHING handled : 0 / android.os.BinderProxy@42ebb350
