V/ActivityThread(24604): Performing resume of ActivityRecord{4414dd60 token=android.os.BinderProxy@41d108f0 {com.sixtyplus.nidfit.treadmill.app/com.sixtyplus.nidfit.treadmill.app.LoginActivity}} finished=false
D/ActivityThread(24604): ACT-AM_ON_RESUME_CALLED ActivityRecord{4414dd60 token=android.os.BinderProxy@41d108f0 {com.sixtyplus.nidfit.treadmill.app/com.sixtyplus.nidfit.treadmill.app.LoginActivity}}
V/ActivityThread(24604): Resume ActivityRecord{4414dd60 token=android.os.BinderProxy@41d108f0 {com.sixtyplus.nidfit.treadmill.app/com.sixtyplus.nidfit.treadmill.app.LoginActivity}} started activity: false, hideForNow: false, finished: false
V/ActivityThread(24604): Resuming ActivityRecord{4414dd60 token=android.os.BinderProxy@41d108f0 {com.sixtyplus.nidfit.treadmill.app/com.sixtyplus.nidfit.treadmill.app.LoginActivity}} with isForward=false
V/ActivityThread(24604): Scheduling idle handler for ActivityRecord{4414dd60 token=android.os.BinderProxy@41d108f0 {com.sixtyplus.nidfit.treadmill.app/com.sixtyplus.nidfit.treadmill.app.LoginActivity}}
D/ActivityThread(24604): ACT-RESUME_ACTIVITY handled : 0 / android.os.BinderProxy@41d108f0
I/FrameworkListener(  146): onDataAvailable get 54 bytes 
D/FrameworkListener(  146): dispatchCommand data = (getaddrinfo api.nidfit.60community.com ^ 1024 0 1 0 ^)
V/WindowManager(  719): Changing focus from Window{41e30688 u0 com.sixtyplus.nidfit.treadmill.app/com.sixtyplus.nidfit.treadmill.wifimgr.WifiActivity} to Window{41e55810 u0 com.sixtyplus.nidfit.treadmill.app/com.sixtyplus.nidfit.treadmill.app.LoginActivity} Callers=com.android.server.wm.WindowManagerService.relayoutWindow:3383 com.android.server.wm.Session.relayout:191 android.view.IWindowSession$Stub.onTransact:235 com.android.server.wm.Session.onTransact:126 
I/WindowManager(  719): Gaining focus: Window{41e55810 u0 com.sixtyplus.nidfit.treadmill.app/com.sixtyplus.nidfit.treadmill.app.LoginActivity}
V/InputMethodManagerService(  719): windowGainedFocus: android.os.BinderProxy@41fd0b70 controlFlags=#104 softInputMode=#20 windowFlags=#1810500
D/PowerManagerService(  719): releaseWakeLockInternal: lock=1104924816 [ActivityManager-Launch], flags=0x0, total_time=192ms
D/PowerManagerNotifier(  719): onWakeLockReleased: flags=1, tag="ActivityManager-Launch", packageName=android, ownerUid=1000, ownerPid=719, workSource=null
D/PowerManagerService(  719): updateWakeLockSummaryLocked: mWakefulness=Awake, mWakeLockSummary=0x0
D/PowerManagerService(  719): newScreenState = 2
D/PowerManagerDisplayController(  719): requestPowerState: screenState=2, useProximitySensor=false, forceProximitySensorEnable=false, forceWakeUpEnable=false, screenBrightness=55, screenAutoBrightnessAdjustment=0.0, useAutoBrightness=false, useEcoBrightness=false, blockScreenOn=false, waitForNegativeProximity=false
I/PowerManagerService(  719): setBrightness mButtonLight 0.
D/PowerManagerService(  719): updateScreenStateLocked: mDisplayReady=true, newScreenState=2, mWakefulness=1, mWakeLockSummary=0x0, mUserActivitySummary=0x1, mBootCompleted=true
D/PowerManagerService(  719): Releasing suspend blocker "PowerManagerService.WakeLocks".
D/PowerManagerService(  719): handleSandman: canDream=false, mWakefulness=Awake
D/ActivityManager(  719): ACT-IDLE_NOW_MSG from windowsVisible() for idle: ActivityRecord{41e2fd28 u0 com.sixtyplus.nidfit.treadmill.app/.LoginActivity t4}
D/SocketClient(  146): SocketClient sendDatalocked done: 222
D/SocketClient(  146): SocketClient sendDatalocked done: 
D/SocketClient(  146): SocketClient sendDatalocked done: 
D/SocketClient(  146): SocketClient sendDatalocked done: 
D/SocketClient(  146): SocketClient sendDatalocked done: 
D/SocketClient(  146): SocketClient sendDatalocked done: 
D/SocketClient(  146): SocketClient sendDatalocked done: 
D/ActivityThread(24604): ACT-DESTROY_ACTIVITY handled : 1 / android.os.BinderProxy@42ebb350
D/ConnectivityService(  719): getActiveNetworkInfo:NetworkInfo: type: WIFI[], state: CONNECTED/CONNECTED, reason: (unspecified), extra: "60_office", roaming: false, failover: false, isAvailable: true, isConnectedToProvisioningNetwork: false, simId: 0/10048
D/ConnectivityService(  719): getActiveNetworkInfo:NetworkInfo: type: WIFI[], state: CONNECTED/CONNECTED, reason: (unspecified), extra: "60_office", roaming: false, failover: false, isAvailable: true, isConnectedToProvisioningNetwork: false, simId: 0/10048
I/FrameworkListener(  146): onDataAvailable get 44 bytes 
D/FrameworkListener(  146): dispatchCommand data = (getaddrinfo mp.weixin.qq.com ^ 1024 0 1 0 ^)
D/SocketClient(  146): SocketClient sendDatalocked done: 222
D/SocketClient(  146): SocketClient sendDatalocked done: 
D/SocketClient(  146): SocketClient sendDatalocked done: 
D/SocketClient(  146): SocketClient sendDatalocked done: 
D/SocketClient(  146): SocketClient sendDatalocked done: 
D/SocketClient(  146): SocketClient sendDatalocked done: 
D/SocketClient(  146): SocketClient sendDatalocked done: 
D/SocketClient(  146): SocketClient sendDatalocked done: 
D/SocketClient(  146): SocketClient sendDatalocked done: 
D/SocketClient(  146): SocketClient sendDatalocked done: 
D/SocketClient(  146): SocketClient sendDatalocked done: 
D/SocketClient(  146): SocketClient sendDatalocked done: 
V/ActivityManager(  719): Broadcast sticky: Intent { act=android.net.wifi.RSSI_CHANGED flg=0x4000010 (has extras) } ordered=false userid=-1 callerApp=ProcessRecord{41fff248 719:system/1000}
D/SocketClient(  146): SocketClient msg = Iface linkstate p2p0 up
D/SocketClient(  146): SocketClient sendDatalocked done: 600 Iface linkstate p2p0 up
D/NetdConnector(  719): RCV <- {600 Iface linkstate p2p0 up}
D/NetworkManagementService(  719): onEvent:600 Iface linkstate p2p0 up:5
D/ConnectivityService(  719): setProvNotificationVisible: E visible=false networkType=1 extraInfo=null url=null
I/FrameworkListener(  146): onDataAvailable get 47 bytes 
D/FrameworkListener(  146): dispatchCommand data = (getaddrinfo clients3.google.com ^ 1024 0 1 0 ^)
D/SocketClient(  146): SocketClient sendDatalocked done: 222
D/SocketClient(  146): SocketClient sendDatalocked done: 
D/SocketClient(  146): SocketClient sendDatalocked done: 
D/SocketClient(  146): SocketClient sendDatalocked done: 
D/SocketClient(  146): SocketClient sendDatalocked done: 
D/SocketClient(  146): SocketClient sendDatalocked done: 
D/SocketClient(  146): SocketClient sendDatalocked done: 
D/SocketClient(  146): SocketClient sendDatalocked done: 
D/SocketClient(  146): SocketClient sendDatalocked done: 
D/SocketClient(  146): SocketClient sendDatalocked done: 
D/SocketClient(  146): SocketClient sendDatalocked done: 
D/SocketClient(  146): SocketClient sendDatalocked done: 
D/SocketClient(  146): SocketClient sendDatalocked done: 
D/SocketClient(  146): SocketClient sendDatalocked done: 
D/SocketClient(  146): SocketClient sendDatalocked done: 
D/SocketClient(  146): SocketClient sendDatalocked done: 
D/SocketClient(  146): SocketClient sendDatalocked done: 
D/SocketClient(  146): SocketClient sendDatalocked done: 
D/SocketClient(  146): SocketClient sendDatalocked done: 
D/SocketClient(  146): SocketClient sendDatalocked done: 
D/SocketClient(  146): SocketClient sendDatalocked done: 
D/SocketClient(  146): SocketClient sendDatalocked done: 
D/SocketClient(  146): SocketClient sendDatalocked done: 
D/SocketClient(  146): SocketClient sendDatalocked done: 
D/SocketClient(  146): SocketClient sendDatalocked done: 
D/SocketClient(  146): SocketClient sendDatalocked done: 
D/SocketClient(  146): SocketClient sendDatalocked done: 
D/SocketClient(  146): SocketClient sendDatalocked done: 
D/SocketClient(  146): SocketClient sendDatalocked done: 
D/SocketClient(  146): SocketClient sendDatalocked done: 
D/SocketClient(  146): SocketClient sendDatalocked done: 
D/SocketClient(  146): SocketClient sendDatalocked done: 
I/ActivityManager(  719): Process com.mediatek.mtklogger (pid 18951) has died.
D/DisplayManagerService(  719): Display listener for pid 18951 died.
I/ANRManager(  719): updateProcessStats
I/ANRManager(  719): CPU update time < 2.5sec
V/ActivityManager(  719): Broadcast sticky: Intent { act=android.net.wifi.RSSI_CHANGED flg=0x4000010 (has extras) } ordered=false userid=-1 callerApp=ProcessRecord{41fff248 719:system/1000}
D/SocketClient(  146): SocketClient msg = Iface linkstate p2p0 up
D/SocketClient(  146): SocketClient sendDatalocked done: 600 Iface linkstate p2p0 up
D/NetdConnector(  719): RCV <- {600 Iface linkstate p2p0 up}
D/NetworkManagementService(  719): onEvent:600 Iface linkstate p2p0 up:5
V/WindowManager(  719): Changing focus from Window{41e55810 u0 com.sixtyplus.nidfit.treadmill.app/com.sixtyplus.nidfit.treadmill.app.LoginActivity} to Window{41e53a80 u0 com.sixtyplus.nidfit.treadmill.app/com.sixtyplus.nidfit.treadmill.app.LoginActivity} Callers=com.android.server.wm.WindowManagerService.addWindow:2671 com.android.server.wm.Session.addToDisplay:163 android.view.IWindowSession$Stub.onTransact:111 com.android.server.wm.Session.onTransact:126 
I/WindowManager(  719): Gaining focus: Window{41e53a80 u0 com.sixtyplus.nidfit.treadmill.app/com.sixtyplus.nidfit.treadmill.app.LoginActivity}
I/FrameworkListener(  146): onDataAvailable get 54 bytes 
D/FrameworkListener(  146): dispatchCommand data = (getaddrinfo api.nidfit.60community.com ^ 1024 0 1 0 ^)
D/SocketClient(  146): SocketClient sendDatalocked done: 222
D/SocketClient(  146): SocketClient sendDatalocked done: 
D/SocketClient(  146): SocketClient sendDatalocked done: 
D/SocketClient(  146): SocketClient sendDatalocked done: 
D/SocketClient(  146): SocketClient sendDatalocked done: 
D/SocketClient(  146): SocketClient sendDatalocked done: 
D/SocketClient(  146): SocketClient sendDatalocked done: 
I/FrameworkListener(  146): onDataAvailable get 47 bytes 
D/FrameworkListener(  146): dispatchCommand data = (getaddrinfo img.60community.com ^ 1024 0 1 0 ^)
D/SocketClient(  146): SocketClient sendDatalocked done: 222
D/SocketClient(  146): SocketClient sendDatalocked done: 
D/SocketClient(  146): SocketClient sendDatalocked done: 
D/SocketClient(  146): SocketClient sendDatalocked done: 
D/SocketClient(  146): SocketClient sendDatalocked done: 
D/SocketClient(  146): SocketClient sendDatalocked done: 
D/SocketClient(  146): SocketClient sendDatalocked done: 
V/WindowManager(  719): Changing focus from Window{41e53a80 u0 com.sixtyplus.nidfit.treadmill.app/com.sixtyplus.nidfit.treadmill.app.LoginActivity EXITING} to Window{41e55810 u0 com.sixtyplus.nidfit.treadmill.app/com.sixtyplus.nidfit.treadmill.app.LoginActivity} Callers=com.android.server.wm.WindowManagerService.removeWindowLocked:2776 com.android.server.wm.WindowManagerService.removeWindow:2715 com.android.server.wm.Session.remove:182 android.view.IWindowSession$Stub.onTransact:197 
I/WindowManager(  719): Gaining focus: Window{41e55810 u0 com.sixtyplus.nidfit.treadmill.app/com.sixtyplus.nidfit.treadmill.app.LoginActivity}
I/WindowManager(  719): Losing focus: Window{41e53a80 u0 com.sixtyplus.nidfit.treadmill.app/com.sixtyplus.nidfit.treadmill.app.LoginActivity EXITING}
I/ActivityManager(  719): START u0 {cmp=com.sixtyplus.nidfit.treadmill.app/.MainActivity} from pid 24604
--------- beginning of /dev/log/main
D/dalvikvm(  719): threadid=10:   threadid=9 status=7 sc=1 dc=0
D/dalvikvm(  719): threadid=10:   threadid=8 status=4 sc=1 dc=0
D/dalvikvm(  719): threadid=10:   threadid=7 status=4 sc=1 dc=0
D/dalvikvm(  719): threadid=10:   threadid=6 status=4 sc=1 dc=0
D/dalvikvm(  719): threadid=10:   threadid=5 status=8 sc=1 dc=0
D/dalvikvm(  719): threadid=10:   threadid=4 status=8 sc=1 dc=0
D/dalvikvm(  719): threadid=10:   threadid=3 status=8 sc=1 dc=0
D/dalvikvm(  719): threadid=10:   threadid=2 status=8 sc=1 dc=0
D/dalvikvm(  719): threadid=10: SuspendAll complete : 1
D/dalvikvm(  719): threadid=14: self-suspending
I/ccci_mdinit(1)(  141): wait_for_property() ready for name:init.svc.ccci_fsd, loop:18
D/ccci_mdinit(1)(  141): BC queue free space 1
D/ccci_mdinit(1)(  141): buff.data[0] = 0xFFFFFFFF, data[1] = 0xFAF50002, channel = F0000000, reserved = 0x00000000
D/ccci_mdinit(1)(  141): modem boot up, set runtime data
D/ccci_mdinit(1)(  141): buff.data[0] = 0xFFFFFFFF, data[1] = 0xFAF50003, channel = F0000000, reserved = 0x00000000
D/ccci_mdinit(1)(  141): CCCI_MD_MSG_EXCEPTION
D/ccci_mdinit(1)(  141): start mdlogger when MD exception early happens at boot_up_state
I/ccci_mdinit(1)(  141): start_service init.svc.mdlogger, current state:stopped, returned:7
I/ccci_mdinit(1)(  141): wait_for_property() name:init.svc.mdlogger, desired_value:running, waitmsec:2000, loop:20
I/ccci_mdinit(1)(  141): wait_for_property() ready for name:init.svc.mdlogger, loop:19
I/MDLOGGER(19271): previous mask value is 077
I/MDLOGGER(19271): Starting MDLogger. Version=W1415.p1 (Aug  5 2014 16:41:09)
I/MDLOGGER(19271): signal ignore
D/MDLOGGER(19271): Normal Mode 0
D/MDLOGGER(19271): Get auto start mode: 600
D/MDLOGGER(19271): Get auto start mode: 0
E/MDLOGGER(19271): mSockListenId ok
D/MDLOGGER(19271): start Mdlogger mode 0
D/MDLOGGER(19271): Normal boot 1
I/MDLOGGER(19271): Need create thread start Logging
D/MDLOGGER(19271): Normal boot 1
D/MDLOGGER(19271): Open servFifoFd FIFO -1
I/MDLOGGER(19271): startLoggingThreadFun start Mdlogging
I/MDLOGGER(19271): g_pLogWriterRegister is 0
I/MDLOGGER(19271): Start MDLogging: Enter idle mode.
I/MDLOGGER(19271): g_pLogWriterRegister is 1
D/MDLOGGER(19271): runListener
D/MDLOGGER(19271): mdlogger socket select start
E/MDLOGGER(19271): select timeout
D/MDLOGGER(19271): mdlogger socket select start
D/dalvikvm(  719): threadid=10: ResumeAll starting
D/dalvikvm(  719): threadid=10: ResumeAll waking others
D/dalvikvm(  719): threadid=10: ResumeAll complete
D/dalvikvm(  719): threadid=14: self-reviving, status=1
D/dalvikvm(  719): GC_FOR_ALLOC freed 744K (5215), 28% free 12461K/17104K, paused 131ms, total 131ms
I/BufferQueue(  719): [ScreenshotClient](this:0x79422998,id:430,api:0,p:-1,c:-1) consumerDisconnect
I/BufferQueue(  719): [ScreenshotClient](this:0x79422998,id:430,api:0,p:-1,c:-1) ~BufferQueue
D/GraphicBuffer(  719): close handle(0x7935adf0) (w:320 h:176 f:1)
D/dalvikvm(  719): threadid=10: SuspendAll starting
D/dalvikvm(  719): threadid=10:   threadid=1 status=7 sc=1 dc=0
D/dalvikvm(  719): threadid=14: self-suspending
D/dalvikvm(  719): threadid=10:   threadid=75 status=2 sc=1 dc=0
D/dalvikvm(  719): threadid=10:   threadid=74 status=4 sc=1 dc=0
D/dalvikvm(  719): threadid=10:   threadid=73 status=7 sc=1 dc=0
D/dalvikvm(  719): threadid=10:   threadid=72 status=4 sc=1 dc=0
D/dalvikvm(  719): threadid=10:   threadid=71 status=4 sc=1 dc=0
D/dalvikvm(  719): threadid=10:   threadid=70 status=7 sc=1 dc=0
D/dalvikvm(  719): threadid=7: self-suspending
D/dalvikvm(  719): threadid=10:   threadid=69 status=7 sc=1 dc=0
D/dalvikvm(  719): threadid=5: self-suspending
D/dalvikvm(  719): threadid=10:   threadid=68 status=7 sc=1 dc=0
D/dalvikvm(  719): threadid=10:   threadid=65 status=7 sc=1 dc=0
D/dalvikvm(  719): threadid=10:   threadid=67 status=7 sc=1 dc=0
D/dalvikvm(  719): threadid=10:   threadid=66 status=7 sc=1 dc=0
D/dalvikvm(  719): threadid=10:   threadid=64 status=2 sc=1 dc=0
D/dalvikvm(  719): threadid=10:   threadid=63 status=7 sc=1 dc=0
D/dalvikvm(  719): threadid=10:   threadid=62 status=7 sc=1 dc=0
D/dalvikvm(  719): threadid=10:   threadid=61 status=7 sc=1 dc=0
D/dalvikvm(  719): threadid=10:   threadid=60 status=7 sc=1 dc=0
D/dalvikvm(  719): threadid=10:   threadid=52 status=7 sc=1 dc=0
D/dalvikvm(  719): threadid=10:   threadid=59 status=7 sc=1 dc=0
D/dalvikvm(  719): threadid=10:   threadid=58 status=7 sc=1 dc=0
D/dalvikvm(  719): threadid=10:   threadid=57 status=7 sc=1 dc=0
D/dalvikvm(  719): threadid=10:   threadid=56 status=7 sc=1 dc=0
D/dalvikvm(  719): threadid=10:   threadid=55 status=2 sc=1 dc=0
D/dalvikvm(  719): threadid=10:   threadid=54 status=7 sc=1 dc=0
D/dalvikvm(  719): threadid=10:   threadid=53 status=7 sc=1 dc=0
D/dalvikvm(  719): threadid=10:   threadid=51 status=7 sc=1 dc=0
D/dalvikvm(  719): threadid=10:   threadid=50 status=7 sc=1 dc=0
D/dalvikvm(  719): threadid=10:   threadid=49 status=7 sc=1 dc=0
D/dalvikvm(  719): threadid=10:   threadid=48 status=7 sc=1 dc=0
D/dalvikvm(  719): threadid=10:   threadid=47 status=7 sc=1 dc=0
D/dalvikvm(  719): threadid=10:   threadid=46 status=7 sc=1 dc=0
D/dalvikvm(  719): threadid=10:   threadid=45 status=7 sc=1 dc=0
D/dalvikvm(  719): threadid=10:   threadid=44 status=7 sc=1 dc=0
D/dalvikvm(  719): threadid=10:   threadid=43 status=7 sc=1 dc=0
D/dalvikvm(  719): threadid=10:   threadid=42 status=7 sc=1 dc=0
D/dalvikvm(  719): threadid=10:   threadid=41 status=7 sc=1 dc=0
D/dalvikvm(  719): threadid=10:   threadid=40 status=7 sc=1 dc=0
D/dalvikvm(  719): threadid=10:   threadid=39 status=7 sc=1 dc=0
D/dalvikvm(  719): threadid=10:   threadid=38 status=7 sc=1 dc=0
D/dalvikvm(  719): threadid=10:   threadid=37 status=7 sc=1 dc=0
D/dalvikvm(  719): threadid=10:   threadid=36 status=7 sc=1 dc=0
D/dalvikvm(  719): threadid=10:   threadid=35 status=7 sc=1 dc=0
D/dalvikvm(  719): threadid=10:   threadid=31 status=7 sc=1 dc=0
D/dalvikvm(  719): threadid=10:   threadid=34 status=7 sc=1 dc=0
D/dalvikvm(  719): threadid=10:   threadid=33 status=7 sc=1 dc=0
D/dalvikvm(  719): threadid=10:   threadid=32 status=7 sc=1 dc=0
D/dalvikvm(  719): threadid=10:   threadid=30 status=7 sc=1 dc=0
D/dalvikvm(  719): threadid=10:   threadid=29 status=7 sc=1 dc=0
D/dalvikvm(  719): threadid=10:   threadid=28 status=7 sc=1 dc=0
D/dalvikvm(  719): threadid=10:   threadid=27 status=7 sc=1 dc=0
D/dalvikvm(  719): threadid=10:   threadid=26 status=7 sc=1 dc=0
D/dalvikvm(  719): threadid=10:   threadid=25 status=7 sc=1 dc=0
D/dalvikvm(  719): threadid=10:   threadid=24 status=7 sc=1 dc=0
D/dalvikvm(  719): threadid=10:   threadid=23 status=7 sc=1 dc=0
D/dalvikvm(  719): threadid=10:   threadid=22 status=7 sc=1 dc=0
D/dalvikvm(  719): threadid=10:   threadid=21 status=7 sc=1 dc=0
D/dalvikvm(  719): threadid=10:   threadid=20 status=2 sc=1 dc=0
D/dalvikvm(  719): threadid=10:   threadid=19 status=7 sc=1 dc=0
D/dalvikvm(  719): threadid=10:   threadid=18 status=7 sc=1 dc=0
D/dalvikvm(  719): threadid=10:   threadid=17 status=7 sc=1 dc=0
D/dalvikvm(  719): threadid=10:   threadid=16 status=7 sc=1 dc=0
D/dalvikvm(  719): threadid=10:   threadid=15 status=7 sc=1 dc=0
D/dalvikvm(  719): threadid=10:   threadid=14 status=9 sc=1 dc=0
D/dalvikvm(  719): threadid=10:   threadid=13 status=7 sc=1 dc=0
D/dalvikvm(  719): threadid=10:   threadid=12 status=4 sc=1 dc=0
D/dalvikvm(  719): threadid=10:   threadid=11 status=7 sc=1 dc=0
D/dalvikvm(  719): threadid=10:   threadid=9 status=7 sc=1 dc=0
D/dalvikvm(  719): threadid=10:   threadid=8 status=2 sc=1 dc=0
D/dalvikvm(  719): threadid=10:   threadid=7 status=9 sc=1 dc=0
D/dalvikvm(  719): threadid=10:   threadid=6 status=4 sc=1 dc=0
D/dalvikvm(  719): threadid=10:   threadid=5 status=9 sc=1 dc=0
D/dalvikvm(  719): threadid=10:   threadid=4 status=8 sc=1 dc=0
D/dalvikvm(  719): threadid=10:   threadid=3 status=8 sc=1 dc=0
D/dalvikvm(  719): threadid=10:   threadid=2 status=8 sc=1 dc=0
D/dalvikvm(  719): threadid=10: SuspendAll complete : 1
D/ccci_mdinit(1)(  141): buff.data[0] = 0xFFFFFFFF, data[1] = 0xFAF5000F, channel = F0000000, reserved = 0x00000000
D/ccci_mdinit(1)(  141): Get notify case: 0
D/ccci_mdinit(1)(  141): buff.data[0] = 0xFFFFFFFF, data[1] = 0xFAF50004, channel = F0000000, reserved = 0x00000000
D/ccci_mdinit(1)(  141): reset modem at boot up state
D/ccci_mdinit(1)(  141): stop mdlogger at boot_up_state
I/ccci_mdinit(1)(  141): wait_property_ready() count:2, waitmsec:2000, loop:20
I/ccci_mdinit(1)(  141): wait_property_ready() watiflag:0x0
I/ccci_mdinit(1)(  141): wait_for_property() name:init.svc.ccci_fsd, desired_value:stopped, waitmsec:0, loop:1
E/ccci_mdinit(1)(  141): wait_for_property() failed!name:init.svc.ccci_fsd, desired_value:stopped, waitmsec:0, value:stopping
I/ccci_mdinit(1)(  141): wait_for_property() name:init.svc.mdlogger, desired_value:stopped, waitmsec:0, loop:1
E/ccci_mdinit(1)(  141): wait_for_property() failed!name:init.svc.mdlogger, desired_value:stopped, waitmsec:0, value:stopping
D/dalvikvm(  719): threadid=10: ResumeAll starting
D/dalvikvm(  719): threadid=10: ResumeAll waking others
D/dalvikvm(  719): threadid=10: ResumeAll complete
D/dalvikvm(  719): threadid=14: self-reviving, status=1
D/dalvikvm(  719): GC_FOR_ALLOC freed 140K (61), 28% free 12459K/17104K, paused 121ms, total 122ms
D/dalvikvm(  719): threadid=5: self-reviving, status=8
D/dalvikvm(  719): threadid=7: self-reviving, status=1
D/PowerManagerService(  719): acquireWakeLockInternal: lock=1104924816, flags=0x1, tag="ActivityManager-Launch", ws=null, uid=1000, pid=719
D/PowerManagerNotifier(  719): onWakeLockAcquired: flags=1, tag="ActivityManager-Launch", packageName=android, ownerUid=1000, ownerPid=719, workSource=null
D/PowerManagerService(  719): updateWakeLockSummaryLocked: mWakefulness=Awake, mWakeLockSummary=0x1
D/PowerManagerService(  719): newScreenState = 2
D/PowerManagerDisplayController(  719): requestPowerState: screenState=2, useProximitySensor=false, forceProximitySensorEnable=false, forceWakeUpEnable=false, screenBrightness=55, screenAutoBrightnessAdjustment=0.0, useAutoBrightness=false, useEcoBrightness=false, blockScreenOn=false, waitForNegativeProximity=false
I/PowerManagerService(  719): setBrightness mButtonLight 0.
D/PowerManagerService(  719): updateScreenStateLocked: mDisplayReady=true, newScreenState=2, mWakefulness=1, mWakeLockSummary=0x1, mUserActivitySummary=0x1, mBootCompleted=true
D/PowerManagerService(  719): Acquiring suspend blocker "PowerManagerService.WakeLocks".
D/PowerManagerService(  719): handleSandman: canDream=false, mWakefulness=Awake
V/WindowManager(  719): Changing focus from Window{41e55810 u0 com.sixtyplus.nidfit.treadmill.app/com.sixtyplus.nidfit.treadmill.app.LoginActivity} to null Callers=com.android.server.wm.WindowManagerService.setFocusedApp:4279 com.android.server.am.ActivityManagerService.setFocusedActivityLocked:2433 com.android.server.am.ActivityStackSupervisor.startActivityUncheckedLocked:1958 com.android.server.am.ActivityStackSupervisor.startActivityLocked:1333 
I/WindowManager(  719): Losing focus: Window{41e55810 u0 com.sixtyplus.nidfit.treadmill.app/com.sixtyplus.nidfit.treadmill.app.LoginActivity}
E/----    (24604): hasFocus = true
V/InputMethodManager(24604): onWindowFocus: null softInputMode=32 first=false flags=#1810500
V/InputMethodManagerService(  719): windowGainedFocus: android.os.BinderProxy@41fd0b70 controlFlags=#0 softInputMode=#20 windowFlags=#1810500
W/InputMethodManagerService(  719): Window already focused, ignoring focus gain of: com.android.internal.view.IInputMethodClient$Stub$Proxy@42256790 attribute=null, token = android.os.BinderProxy@4222f020
I/BufferQueue(  151): [FrameBufferSurface_0](this:0xb7beb150,id:0,api:1,p:151,c:151) [release] fps:25.63, dur:1014.62, max:195.18, min:4.80
I/BufferQueue(  151): [FrameBufferSurface_0](this:0xb7beb150,id:0,api:1,p:151,c:151) [queue] fps:25.62, dur:1014.68, max:195.19, min:4.80
I/SurfaceFlinger(  151): [Built-in Screen (type:0)] fps:25.621675,dur:1014.77,max:195.22,min:4.80
E/isForeground(24604): onActivityPaused 0
D/CrashReport(24604): >>> com.sixtyplus.nidfit.treadmill.app.LoginActivity onPaused <<<
E/EasyWiFi(24604): remove-State: [ removeStateListener(EasyWiFi:142) <= onPause(LoginActivity.java:374) ]
D/ActivityThread(24604): ACT-AM_ON_PAUSE_CALLED ActivityRecord{4414dd60 token=android.os.BinderProxy@41d108f0 {com.sixtyplus.nidfit.treadmill.app/com.sixtyplus.nidfit.treadmill.app.LoginActivity}}
D/InputReader(  719): InputReader:: getSwitchState lock 
D/InputReader(  719): InputReader::getStateLocked:: return 
D/dalvikvm(  719): create interp thread : stack size=128KB
D/dalvikvm(  719): create new thread
D/dalvikvm(  719): new thread created
D/dalvikvm(  719): update thread list
D/dalvikvm(  719): threadid=76: interp stack at 0x7b436000
D/dalvikvm(  719): threadid=76: created from interp
D/dalvikvm(  719): threadid=76: adding to list
D/dalvikvm(  719): start new thread
D/dalvikvm(  719): threadid=76: notify debugger
D/dalvikvm(  719): threadid=76 (Thread-2645): calling run()
D/ActivityThread(24604): ACT-PAUSE_ACTIVITY handled : 1 / android.os.BinderProxy@41d108f0
E/----    (24604): hasFocus = false
D/dalvikvm(  719): threadid=76: exiting
D/dalvikvm(  719): threadid=76: detach (group=0x41863ce0)
D/dalvikvm(  719): threadid=76: removing from list
D/dalvikvm(  719): threadid=76: bye!
I/libPerfService(  719): 1: set: 1
E/        (  719): Could not open '/data/data/hotplug/cmd'
E/        (  719): error : 2, No such file or directory
W/hwcomposer(  151): [WKR] Timed out waiting for UIComposeThread_0...
D/IPCThreadState(  719): [DN #5] BR_CLEAR_DEATH_NOTIFICATION_DONE cookie 0x79685108
I/BufferQueue(  151): [com.sixtyplus.nidfit.treadmill.app/com.sixtyplus.nidfit.treadmill.app.LoginActivity](this:0xb7c3e4f8,id:2763,api:0,p:-1,c:-1) consumerDisconnect
I/BufferQueue(  151): [com.sixtyplus.nidfit.treadmill.app/com.sixtyplus.nidfit.treadmill.app.LoginActivity](this:0xb7c3e4f8,id:2763,api:0,p:-1,c:-1) ~BufferQueue
I/GraphicBuffer(  151): free buffer (w:32 h:32 f:1) handle(0xb7c33720)
I/ccci_mdinit(1)(  141): wait_property_ready() watiflag:0x0
I/ccci_mdinit(1)(  141): wait_for_property() name:init.svc.ccci_fsd, desired_value:stopped, waitmsec:0, loop:1
I/ccci_mdinit(1)(  141): wait_for_property() ready for name:init.svc.ccci_fsd, loop:0
I/ccci_mdinit(1)(  141): wait_for_property() name:init.svc.mdlogger, desired_value:stopped, waitmsec:0, loop:1
I/ccci_mdinit(1)(  141): wait_for_property() ready for name:init.svc.mdlogger, loop:0
I/ccci_mdinit(1)(  141): wait_property_ready() Succeeded! count:2, waitmsec:2000, loop:17
I/ccci_mdinit(1)(  141): boot_up_state_handler stop service Succeeded!
D/ccci_mdinit(1)(  141): buff.data[0] = 0xFFFFFFFF, data[1] = 0xFAF50006, channel = F0000000, reserved = 0x00000000
D/ccci_mdinit(1)(  141): All up layer ready, begin to reset
I/ccci_mdinit(1)(  141): start_service init.svc.ccci_fsd, current state:stopped, returned:7
I/ccci_mdinit(1)(  141): wait_for_property() name:init.svc.ccci_fsd, desired_value:running, waitmsec:2000, loop:20
V/ActivityThread(24604): ActivityRecord{44ff76f0 token=android.os.BinderProxy@44ff6d30 {com.sixtyplus.nidfit.treadmill.app/com.sixtyplus.nidfit.treadmill.app.MainActivity}}: app=com.sixtyplus.nidfit.treadmill.app.MyApp@41d06848, appName=com.sixtyplus.nidfit.treadmill.app, pkg=com.sixtyplus.nidfit.treadmill.app, comp={com.sixtyplus.nidfit.treadmill.app/com.sixtyplus.nidfit.treadmill.app.MainActivity}, dir=/data/app/com.sixtyplus.nidfit.treadmill.app-2.apk
D/CrashReport(24604): >>> com.sixtyplus.nidfit.treadmill.app.MainActivity onCreated <<<
W/hwcomposer(  151): [WKR] Timed out waiting for UIComposeThread_0...
E/ccci_fsd(0)(19275): md_fsd Ver:v2.01, CCCI Ver:2
D/ccci_fsd(1)(19275): /dev/ccci_fs is opend(600).
D/ccci_fsd(1)(19275): Check OTP...
D/ccci_fsd(1)(19275): register signal hadler
E/ccci_fsd(1)(19275): can't catch SIGKILL
V/ViewRootImpl(24604): mApplyParallel = false, this = ViewRoot{45668878 ,ident = 113}
V/WindowManager(  719): Changing focus from null to Window{41e7a8f0 u0 com.sixtyplus.nidfit.treadmill.app/com.sixtyplus.nidfit.treadmill.app.MainActivity} Callers=com.android.server.wm.WindowManagerService.addWindow:2671 com.android.server.wm.Session.addToDisplay:163 android.view.IWindowSession$Stub.onTransact:111 com.android.server.wm.Session.onTransact:126 
I/WindowManager(  719): Gaining focus: Window{41e7a8f0 u0 com.sixtyplus.nidfit.treadmill.app/com.sixtyplus.nidfit.treadmill.app.MainActivity}
D/OpenGLRenderer(24604): Flushing caches (mode 0)
D/IPCThreadState(  719): [DN #5] BR_CLEAR_DEATH_NOTIFICATION_DONE cookie 0x79322ef0
V/WindowManager(  719): Changing focus from Window{41e7a8f0 u0 com.sixtyplus.nidfit.treadmill.app/com.sixtyplus.nidfit.treadmill.app.MainActivity} to null Callers=com.android.server.wm.WindowManagerService.removeWindowLocked:2794 com.android.server.wm.WindowManagerService.removeWindow:2715 com.android.server.wm.Session.remove:182 android.view.IWindowSession$Stub.onTransact:197 
V/ActivityThread(24604): Performing resume of ActivityRecord{44ff76f0 token=android.os.BinderProxy@44ff6d30 {com.sixtyplus.nidfit.treadmill.app/com.sixtyplus.nidfit.treadmill.app.MainActivity}} finished=false
E/isForeground(24604): onActivityResumed 1
D/CrashReport(24604): >>> com.sixtyplus.nidfit.treadmill.app.MainActivity onResumed <<<
I/WindowManager(  719): Losing focus: Window{41e7a8f0 u0 com.sixtyplus.nidfit.treadmill.app/com.sixtyplus.nidfit.treadmill.app.MainActivity}
D/dalvikvm(24604): create interp thread : stack size=128KB
D/dalvikvm(24604): create new thread
D/dalvikvm(24604): new thread created
D/dalvikvm(24604): update thread list
D/dalvikvm(24604): threadid=51: interp stack at 0x79f8a000
D/dalvikvm(24604): threadid=51: created from interp
D/dalvikvm(24604): threadid=51: adding to list
D/dalvikvm(24604): start new thread
D/dalvikvm(24604): threadid=51: notify debugger
D/dalvikvm(24604): threadid=51 (Cmd$UserSceneSync): calling run()
D/dalvikvm(24604): create interp thread : stack size=128KB
D/dalvikvm(24604): create new thread
D/dalvikvm(24604): new thread created
D/dalvikvm(24604): update thread list
E/UserSceneSync(24604):  1 
D/dalvikvm(24604): threadid=54: interp stack at 0x79fea000
D/dalvikvm(24604): threadid=54: created from interp
D/dalvikvm(24604): threadid=54: adding to list
D/dalvikvm(24604): start new thread
D/dalvikvm(24604): threadid=54: notify debugger
D/dalvikvm(24604): threadid=54 (Cmd$SyncPlan): calling run()
D/dalvikvm(24604): create interp thread : stack size=128KB
D/dalvikvm(24604): create new thread
D/dalvikvm(24604): new thread created
D/dalvikvm(24604): update thread list
D/dalvikvm(24604): threadid=55: interp stack at 0x7a00a000
D/dalvikvm(24604): threadid=55: created from interp
D/dalvikvm(24604): threadid=55: adding to list
D/dalvikvm(24604): start new thread
D/ActivityThread(24604): ACT-AM_ON_RESUME_CALLED ActivityRecord{44ff76f0 token=android.os.BinderProxy@44ff6d30 {com.sixtyplus.nidfit.treadmill.app/com.sixtyplus.nidfit.treadmill.app.MainActivity}}
V/ActivityThread(24604): Resume ActivityRecord{44ff76f0 token=android.os.BinderProxy@44ff6d30 {com.sixtyplus.nidfit.treadmill.app/com.sixtyplus.nidfit.treadmill.app.MainActivity}} started activity: false, hideForNow: false, finished: false
V/PhoneWindow(24604): DecorView setVisiblity: visibility = 4 ,Parent =null, this =com.android.internal.policy.impl.PhoneWindow$DecorView{45313c28 I.E..... R.....ID 0,0-0,0}
D/dalvikvm(24604): threadid=55: notify debugger
D/dalvikvm(24604): threadid=55 (Cmd$SyncRecord): calling run()
E/UserSceneSync(24604): -- user[] count:0
D/dalvikvm(24604): threadid=51: exiting
D/dalvikvm(24604): threadid=51: detach (group=0x41863ce0)
D/dalvikvm(24604): threadid=51: removing from list
D/dalvikvm(24604): threadid=51: bye!
V/CloudServerImpl(24604): mAuthing:  - judging  http://api.nidfit.60community.com/v2/motion/syncScene
V/CloudServerImpl(24604): mAuthing:  - wait  http://api.nidfit.60community.com/v2/motion/syncScene
V/CloudServerImpl(24604): mAuthing:  - go  http://api.nidfit.60community.com/v2/motion/syncScene
V/CloudServerImpl(24604): execRequest: http://api.nidfit.60community.com/v2/motion/syncScene{"data":"{\"scenes\":[],\"userId\":\"062708c971cd43cd9fa90e86351b5d6f\"}","md5":"SZM2keDq9KgktvFTNTDyyg==","tick":1516610036806,"ctxKey":"1ad398df6b734348bcb8a47103e2eecb"}
V/ViewRootImpl(24604): mApplyParallel = false, this = ViewRoot{43fb1380 ,ident = 114}
E/SyncPlan(24604): 
V/CloudServerImpl(24604): mAuthing:  - judging  http://api.nidfit.60community.com/v2/motion/syncPlan
V/CloudServerImpl(24604): mAuthing:  - wait  http://api.nidfit.60community.com/v2/motion/syncPlan
I/System.out(24604): [CDS]rx timeout:10000
V/CloudServerImpl(24604): mAuthing:  - go  http://api.nidfit.60community.com/v2/motion/syncPlan
I/System.out(24604): [socket][243] connection api.nidfit.60community.com/39.108.233.87:80;LocalPort=55532(10000)
I/System.out(24604): [CDS]connect[api.nidfit.60community.com/39.108.233.87:80] tm:10
D/Posix   (24604): [Posix_connect Debug]Process com.sixtyplus.nidfit.treadmill.app :80 
V/ActivityThread(24604): Resuming ActivityRecord{44ff76f0 token=android.os.BinderProxy@44ff6d30 {com.sixtyplus.nidfit.treadmill.app/com.sixtyplus.nidfit.treadmill.app.MainActivity}} with isForward=true
V/PhoneWindow(24604): DecorView setVisiblity: visibility = 0 ,Parent =ViewRoot{43fb1380 com.sixtyplus.nidfit.treadmill.app/com.sixtyplus.nidfit.treadmill.app.MainActivity,ident = 114}, this =com.android.internal.policy.impl.PhoneWindow$DecorView{45313c28 V.E..... R.....ID 0,0-0,0}
V/ActivityThread(24604): Scheduling idle handler for ActivityRecord{44ff76f0 token=android.os.BinderProxy@44ff6d30 {com.sixtyplus.nidfit.treadmill.app/com.sixtyplus.nidfit.treadmill.app.MainActivity}}
D/ActivityThread(24604): ACT-LAUNCH_ACTIVITY handled : 0 / ActivityRecord{44ff76f0 token=android.os.BinderProxy@44ff6d30 {com.sixtyplus.nidfit.treadmill.app/com.sixtyplus.nidfit.treadmill.app.MainActivity}}
E/SyncRecord(24604): 
I/ccci_mdinit(1)(  141): wait_for_property() ready for name:init.svc.ccci_fsd, loop:18
D/ccci_mdinit(1)(  141): BC queue free space 7
E/MainActivity(24604): +++ onCommandFinished() called with: cmd = [com.sixtyplus.nidfit.treadmill.app.command.SyncRecord@42bfb018], e = [null]
D/dalvikvm(24604): threadid=55: exiting
D/dalvikvm(24604): threadid=55: detach (group=0x41863ce0)
D/dalvikvm(24604): threadid=55: removing from list
D/dalvikvm(24604): threadid=55: bye!
I/System.out(24604): [socket][/172.16.0.142:55532] connected
D/dalvikvm(24604): create interp thread : stack size=128KB
D/dalvikvm(24604): create new thread
D/dalvikvm(24604): new thread created
D/dalvikvm(24604): update thread list
D/dalvikvm(24604): threadid=51: interp stack at 0x79f8a000
D/dalvikvm(24604): threadid=51: created from interp
D/dalvikvm(24604): threadid=51: adding to list
D/dalvikvm(24604): start new thread
I/System.out(24604): [CDS]rx timeout:10000
D/dalvikvm(24604): threadid=51: notify debugger
D/dalvikvm(24604): threadid=51 (OkHttp ConnectionPool): calling run()
V/CloudServerImpl(24604): execRequest: http://api.nidfit.60community.com/v2/motion/syncPlan{"data":"{\"userId\":\"062708c971cd43cd9fa90e86351b5d6f\",\"planStates\":[]}","md5":"8H7eQSdDTZTRK7OpNPB63A==","tick":1516610036817,"ctxKey":"1ad398df6b734348bcb8a47103e2eecb"}
I/System.out(24604): [CDS]rx timeout:10000
I/System.out(24604): [socket][244] connection api.nidfit.60community.com/39.108.233.87:80;LocalPort=59392(10000)
I/System.out(24604): [CDS]connect[api.nidfit.60community.com/39.108.233.87:80] tm:10
D/Posix   (24604): [Posix_connect Debug]Process com.sixtyplus.nidfit.treadmill.app :80 
D/ccci_mdinit(1)(  141): buff.data[0] = 0xFFFFFFFF, data[1] = 0xFAF50002, channel = F0000000, reserved = 0x00000000
D/ccci_mdinit(1)(  141): modem boot up, set runtime data
D/ccci_mdinit(1)(  141): buff.data[0] = 0xFFFFFFFF, data[1] = 0xFAF50003, channel = F0000000, reserved = 0x00000000
D/ccci_mdinit(1)(  141): CCCI_MD_MSG_EXCEPTION
D/ccci_mdinit(1)(  141): start mdlogger when MD exception early happens at boot_up_state
I/ccci_mdinit(1)(  141): start_service init.svc.mdlogger, current state:stopped, returned:7
I/ccci_mdinit(1)(  141): wait_for_property() name:init.svc.mdlogger, desired_value:running, waitmsec:2000, loop:20
I/MDLOGGER(19280): previous mask value is 077
I/MDLOGGER(19280): Starting MDLogger. Version=W1415.p1 (Aug  5 2014 16:41:09)
I/MDLOGGER(19280): signal ignore
D/MDLOGGER(19280): Normal Mode 0
D/MDLOGGER(19280): Get auto start mode: 600
D/MDLOGGER(19280): Get auto start mode: 0
E/MDLOGGER(19280): mSockListenId ok
D/MDLOGGER(19280): start Mdlogger mode 0
D/MDLOGGER(19280): Normal boot 1
I/MDLOGGER(19280): Need create thread start Logging
D/MDLOGGER(19280): Normal boot 1
D/MDLOGGER(19280): Open servFifoFd FIFO -1
I/MDLOGGER(19280): startLoggingThreadFun start Mdlogging
I/MDLOGGER(19280): g_pLogWriterRegister is 0
I/MDLOGGER(19280): Start MDLogging: Enter idle mode.
I/MDLOGGER(19280): g_pLogWriterRegister is 1
D/MDLOGGER(19280): runListener
D/MDLOGGER(19280): mdlogger socket select start
E/MDLOGGER(19280): select timeout
D/MDLOGGER(19280): mdlogger socket select start
I/System.out(24604): [socket][/172.16.0.142:59392] connected
D/dalvikvm(24604): create interp thread : stack size=128KB
D/dalvikvm(24604): create new thread
D/dalvikvm(24604): new thread created
D/dalvikvm(24604): update thread list
V/CloudServerImpl(24604): execRequest:  true  url:http://api.nidfit.60community.com/v2/motion/syncScene
V/CloudServerImpl(24604): execRequest: http://api.nidfit.60community.com/v2/motion/syncScene{"scenes":[]}
D/SQLiteDatabase(24604): beginTransaction()
D/SQLiteDatabase(24604): endTransaction()
D/SQLiteDatabase(24604): beginTransaction()
D/SQLiteDatabase(24604): endTransaction()
D/SQLiteDatabase(24604): beginTransaction()
D/SQLiteDatabase(24604): endTransaction()
D/SQLiteDatabase(24604): beginTransaction()
D/SQLiteDatabase(24604): endTransaction()
E/UserSceneSync(24604): --  0
E/UserSceneSync(24604): --  0
E/UserSceneSync(24604): --  0
E/MainActivity(24604): +++   onCommandFinished() called with: cmd = [com.sixtyplus.nidfit.treadmill.app.command.UserSceneSync@420cae50], e = [null]
E/UserSceneSync(24604): -- 
D/dalvikvm(24604): threadid=55: interp stack at 0x7a186000
D/dalvikvm(24604): threadid=55: created from interp
D/dalvikvm(24604): threadid=55: adding to list
D/dalvikvm(24604): start new thread
I/System.out(24604): [CDS]rx timeout:10000
D/dalvikvm(24604): threadid=55: notify debugger
D/dalvikvm(24604): threadid=55 (OkHttp ConnectionPool): calling run()
D/dalvikvm(24604): threadid=1: SuspendAll starting
D/dalvikvm(24604): threadid=1:   threadid=55 status=2 sc=1 dc=0
D/dalvikvm(24604): threadid=1:   threadid=51 status=2 sc=1 dc=0
D/dalvikvm(24604): threadid=1:   threadid=54 status=7 sc=1 dc=0
D/dalvikvm(24604): threadid=1:   threadid=53 status=2 sc=1 dc=0
D/dalvikvm(24604): threadid=1:   threadid=52 status=2 sc=1 dc=0
D/dalvikvm(24604): threadid=1:   threadid=50 status=2 sc=1 dc=0
D/dalvikvm(24604): threadid=1:   threadid=49 status=4 sc=1 dc=0
D/dalvikvm(24604): threadid=1:   threadid=48 status=2 sc=1 dc=0
D/dalvikvm(24604): threadid=1:   threadid=47 status=4 sc=1 dc=0
D/dalvikvm(24604): threadid=1:   threadid=46 status=2 sc=1 dc=0
D/dalvikvm(24604): threadid=1:   threadid=45 status=7 sc=1 dc=0
D/dalvikvm(24604): threadid=1:   threadid=37 status=2 sc=1 dc=0
D/dalvikvm(24604): threadid=1:   threadid=23 status=2 sc=1 dc=0
D/dalvikvm(24604): threadid=1:   threadid=44 status=2 sc=1 dc=0
D/dalvikvm(24604): threadid=1:   threadid=43 status=2 sc=1 dc=0
D/dalvikvm(24604): threadid=1:   threadid=39 status=2 sc=1 dc=0
D/dalvikvm(24604): threadid=1:   threadid=38 status=2 sc=1 dc=0
D/dalvikvm(24604): threadid=1:   threadid=36 status=2 sc=1 dc=0
D/dalvikvm(24604): threadid=1:   threadid=85 status=7 sc=1 dc=0
D/dalvikvm(24604): threadid=1:   threadid=35 status=4 sc=1 dc=0
D/dalvikvm(24604): threadid=1:   threadid=94 status=2 sc=1 dc=0
D/dalvikvm(24604): threadid=1:   threadid=93 status=2 sc=1 dc=0
D/dalvikvm(24604): threadid=1:   threadid=92 status=2 sc=1 dc=0
D/dalvikvm(24604): threadid=1:   threadid=91 status=2 sc=1 dc=0
D/dalvikvm(24604): threadid=1:   threadid=90 status=2 sc=1 dc=0
D/dalvikvm(24604): threadid=1:   threadid=83 status=2 sc=1 dc=0
D/dalvikvm(24604): threadid=1:   threadid=82 status=2 sc=1 dc=0
D/dalvikvm(24604): threadid=1:   threadid=81 status=2 sc=1 dc=0
D/dalvikvm(24604): threadid=1:   threadid=80 status=2 sc=1 dc=0
D/dalvikvm(24604): threadid=1:   threadid=70 status=2 sc=1 dc=0
D/dalvikvm(24604): threadid=1:   threadid=79 status=2 sc=1 dc=0
D/dalvikvm(24604): threadid=1:   threadid=78 status=2 sc=1 dc=0
D/dalvikvm(24604): threadid=1:   threadid=77 status=2 sc=1 dc=0
D/dalvikvm(24604): threadid=1:   threadid=76 status=2 sc=1 dc=0
D/dalvikvm(24604): threadid=1:   threadid=75 status=2 sc=1 dc=0
D/dalvikvm(24604): threadid=1:   threadid=74 status=2 sc=1 dc=0
D/dalvikvm(24604): threadid=1:   threadid=73 status=2 sc=1 dc=0
D/dalvikvm(24604): threadid=1:   threadid=72 status=2 sc=1 dc=0
D/dalvikvm(24604): threadid=1:   threadid=71 status=2 sc=1 dc=0
D/dalvikvm(24604): threadid=1:   threadid=60 status=2 sc=1 dc=0
D/dalvikvm(24604): threadid=1:   threadid=69 status=2 sc=1 dc=0
D/dalvikvm(24604): threadid=1:   threadid=68 status=2 sc=1 dc=0
D/dalvikvm(24604): threadid=1:   threadid=67 status=2 sc=1 dc=0
D/dalvikvm(24604): threadid=1:   threadid=66 status=2 sc=1 dc=0
D/dalvikvm(24604): threadid=1:   threadid=65 status=2 sc=1 dc=0
D/dalvikvm(24604): threadid=1:   threadid=64 status=2 sc=1 dc=0
D/dalvikvm(24604): threadid=1:   threadid=63 status=2 sc=1 dc=0
D/dalvikvm(24604): threadid=1:   threadid=62 status=2 sc=1 dc=0
D/dalvikvm(24604): threadid=1:   threadid=61 status=2 sc=1 dc=0
D/dalvikvm(24604): threadid=1:   threadid=59 status=2 sc=1 dc=0
D/dalvikvm(24604): threadid=1:   threadid=25 status=7 sc=1 dc=0
D/dalvikvm(24604): threadid=1:   threadid=30 status=7 sc=1 dc=0
D/dalvikvm(24604): threadid=1:   threadid=33 status=7 sc=1 dc=0
D/dalvikvm(24604): threadid=1:   threadid=32 status=7 sc=1 dc=0
D/dalvikvm(24604): threadid=1:   threadid=28 status=4 sc=1 dc=0
D/dalvikvm(24604): threadid=1:   threadid=29 status=7 sc=1 dc=0
D/dalvikvm(24604): threadid=1:   threadid=27 status=7 sc=1 dc=0
D/dalvikvm(24604): threadid=1:   threadid=26 status=7 sc=1 dc=0
D/dalvikvm(24604): threadid=1:   threadid=22 status=7 sc=1 dc=0
D/dalvikvm(24604): threadid=1:   threadid=31 status=7 sc=1 dc=0
D/dalvikvm(24604): threadid=1:   threadid=42 status=2 sc=1 dc=0
D/dalvikvm(24604): threadid=1:   threadid=41 status=2 sc=1 dc=0
D/dalvikvm(24604): threadid=1:   threadid=40 status=4 sc=1 dc=0
D/dalvikvm(24604): threadid=1:   threadid=34 status=4 sc=1 dc=0
D/dalvikvm(24604): threadid=1:   threadid=24 status=2 sc=1 dc=0
D/dalvikvm(24604): threadid=1:   threadid=21 status=4 sc=1 dc=0
D/dalvikvm(24604): threadid=1:   threadid=20 status=4 sc=1 dc=0
D/dalvikvm(24604): threadid=1:   threadid=19 status=2 sc=1 dc=0
D/dalvikvm(24604): threadid=1:   threadid=18 status=4 sc=1 dc=0
D/dalvikvm(24604): threadid=1:   threadid=17 status=7 sc=1 dc=0
D/dalvikvm(24604): threadid=1:   threadid=16 status=7 sc=1 dc=0
D/dalvikvm(24604): threadid=1:   threadid=15 status=7 sc=1 dc=0
D/dalvikvm(24604): threadid=1:   threadid=14 status=7 sc=1 dc=0
D/dalvikvm(24604): threadid=1:   threadid=13 status=2 sc=1 dc=0
D/dalvikvm(24604): threadid=1:   threadid=11 status=4 sc=1 dc=0
D/dalvikvm(24604): threadid=1:   threadid=12 status=4 sc=1 dc=0
D/dalvikvm(24604): threadid=1:   threadid=10 status=7 sc=1 dc=0
D/dalvikvm(24604): threadid=1:   threadid=9 status=7 sc=1 dc=0
D/dalvikvm(24604): threadid=1:   threadid=8 status=4 sc=1 dc=0
D/dalvikvm(24604): threadid=1:   threadid=7 status=4 sc=1 dc=0
D/dalvikvm(24604): threadid=1:   threadid=6 status=4 sc=1 dc=0
D/dalvikvm(24604): threadid=1:   threadid=5 status=8 sc=1 dc=0
D/dalvikvm(24604): threadid=1:   threadid=4 status=8 sc=1 dc=0
D/dalvikvm(24604): threadid=1:   threadid=3 status=8 sc=1 dc=0
D/dalvikvm(24604): threadid=1:   threadid=2 status=8 sc=1 dc=0
D/dalvikvm(24604): threadid=1: SuspendAll complete : 1
D/dalvikvm(24604): threadid=41: self-suspending
I/ccci_mdinit(1)(  141): wait_for_property() ready for name:init.svc.mdlogger, loop:18
D/ccci_mdinit(1)(  141): buff.data[0] = 0xFFFFFFFF, data[1] = 0xFAF5000F, channel = F0000000, reserved = 0x00000000
D/ccci_mdinit(1)(  141): Get notify case: 0
D/dalvikvm(24604): threadid=54: self-suspending
D/ccci_mdinit(1)(  141): buff.data[0] = 0xFFFFFFFF, data[1] = 0xFAF50004, channel = F0000000, reserved = 0x00000000
D/ccci_mdinit(1)(  141): reset modem at boot up state
D/ccci_mdinit(1)(  141): stop mdlogger at boot_up_state
I/ccci_mdinit(1)(  141): wait_property_ready() count:2, waitmsec:2000, loop:20
I/ccci_mdinit(1)(  141): wait_property_ready() watiflag:0x0
I/ccci_mdinit(1)(  141): wait_for_property() name:init.svc.ccci_fsd, desired_value:stopped, waitmsec:0, loop:1
E/ccci_mdinit(1)(  141): wait_for_property() failed!name:init.svc.ccci_fsd, desired_value:stopped, waitmsec:0, value:stopping
I/ccci_mdinit(1)(  141): wait_for_property() name:init.svc.mdlogger, desired_value:stopped, waitmsec:0, loop:1
E/ccci_mdinit(1)(  141): wait_for_property() failed!name:init.svc.mdlogger, desired_value:stopped, waitmsec:0, value:stopping
D/dalvikvm(24604): threadid=1: ResumeAll starting
D/dalvikvm(24604): threadid=1: ResumeAll waking others
D/dalvikvm(24604): threadid=1: ResumeAll complete
D/dalvikvm(24604): GC_FOR_ALLOC freed 7833K (145671), 25% free 74716K/99260K, paused 112ms, total 112ms
D/dalvikvm(24604): threadid=41: self-reviving, status=1
D/dalvikvm(24604): threadid=54: self-reviving, status=1
V/CloudServerImpl(24604): execRequest:  true  url:http://api.nidfit.60community.com/v2/motion/syncPlan
V/CloudServerImpl(24604): execRequest: http://api.nidfit.60community.com/v2/motion/syncPlan{"plan":{"genId":203,"bgUrl":"http://img.60community.com/nidone/3cbc12a555664647be4028f17f7f624d.jpg","tipCh":"BMI: 23.88","nameEn":"123","tipEn":"BMI: 23.88,Healthy,keep going on.","planId":42,"nameCh":"123"}}
D/SQLiteDatabase(24604): beginTransaction()
D/SQLiteDatabase(24604): endTransaction()
D/SQLiteDatabase(24604): beginTransaction()
I/ccci_mdinit(1)(  141): wait_property_ready() watiflag:0x0
I/ccci_mdinit(1)(  141): wait_for_property() name:init.svc.ccci_fsd, desired_value:stopped, waitmsec:0, loop:1
I/ccci_mdinit(1)(  141): wait_for_property() ready for name:init.svc.ccci_fsd, loop:0
I/ccci_mdinit(1)(  141): wait_for_property() name:init.svc.mdlogger, desired_value:stopped, waitmsec:0, loop:1
I/ccci_mdinit(1)(  141): wait_for_property() ready for name:init.svc.mdlogger, loop:0
I/ccci_mdinit(1)(  141): wait_property_ready() Succeeded! count:2, waitmsec:2000, loop:17
I/ccci_mdinit(1)(  141): boot_up_state_handler stop service Succeeded!
D/ccci_mdinit(1)(  141): buff.data[0] = 0xFFFFFFFF, data[1] = 0xFAF50006, channel = F0000000, reserved = 0x00000000
D/ccci_mdinit(1)(  141): All up layer ready, begin to reset
I/ccci_mdinit(1)(  141): start_service init.svc.ccci_fsd, current state:stopped, returned:7
I/ccci_mdinit(1)(  141): wait_for_property() name:init.svc.ccci_fsd, desired_value:running, waitmsec:2000, loop:20
D/SQLiteDatabase(24604): endTransaction()
D/SQLiteDatabase(24604): beginTransaction()
D/SQLiteDatabase(24604): endTransaction()
E/MainActivity(24604): +++ onCommandFinished() called with: cmd = [com.sixtyplus.nidfit.treadmill.app.command.SyncPlan@42fa5c28], e = [null]
D/dalvikvm(24604): threadid=54: exiting
D/dalvikvm(24604): threadid=54: detach (group=0x41863ce0)
D/dalvikvm(24604): threadid=54: removing from list
D/dalvikvm(24604): threadid=54: bye!
E/ccci_fsd(0)(19284): md_fsd Ver:v2.01, CCCI Ver:2
D/ccci_fsd(1)(19284): /dev/ccci_fs is opend(600).
D/ccci_fsd(1)(19284): Check OTP...
D/ccci_fsd(1)(19284): register signal hadler
E/ccci_fsd(1)(19284): can't catch SIGKILL
I/System.out(  719): [socket][18:33848] exception
I/System.out(  719): [CDS]close[33848]
D/CaptivePortalTracker(  719): Probably not a portal: exception java.net.SocketTimeoutException: failed to connect to /64.233.189.100 (port 80) after 10000ms
V/Provider/Settings(  719): get setting for user 0 by user 0 so skipping cache
V/Provider/Settings(  719):  from settings cache , name = wifi_scan_always_enabled , value = null
D/CaptivePortalTracker(  719): Don't send network conditions - lacking user consent.
I/System.out(  719): close [socket][/0.0.0.0:33848]
D/CaptivePortalTracker(  719): Not captive network NetworkInfo: type: WIFI[], state: CONNECTED/CONNECTED, reason: (unspecified), extra: "60_office", roaming: false, failover: false, isAvailable: true, isConnectedToProvisioningNetwork: false, simId: 0
D/CaptivePortalTracker(  719): notifyPortalCheckCompleted: captive=false ni=NetworkInfo: type: WIFI[], state: CONNECTED/CONNECTED, reason: (unspecified), extra: "60_office", roaming: false, failover: false, isAvailable: true, isConnectedToProvisioningNetwork: false, simId: 0
D/ConnectivityService(  719): captivePortalCheckCompleted: ni=NetworkInfo: type: WIFI[], state: CONNECTED/CONNECTED, reason: (unspecified), extra: "60_office", roaming: false, failover: false, isAvailable: true, isConnectedToProvisioningNetwork: false, simId: 0 captive=false
E/+++++++ (24604): UserHome:   setUserInfo    
E/+++++++++(24604): loadQR() called with: qrTag = [062708c971cd43cd9fa90e86351b5d6f]
E/+++++++++(24604): refreshTmpQR() request qr @user  062708c971cd43cd9fa90e86351b5d6f
E/+++++++++(24604): refreshTmpQR() request ret   true
V/CloudServerImpl(24604): mAuthing:  - judging  http://api.nidfit.60community.com/v2/auth/tmpQrAuth
V/CloudServerImpl(24604): mAuthing:  - wait  http://api.nidfit.60community.com/v2/auth/tmpQrAuth
V/CloudServerImpl(24604): mAuthing:  - go  http://api.nidfit.60community.com/v2/auth/tmpQrAuth
E/--------(24604): enterStateRefreshing() [062708c971cd43cd9fa90e86351b5d6f]  layout:android.widget.RelativeLayout{42ada750 V.....C. ......I. 0,0-0,0 #7f0d01a0 app:id/qr_layout}
