D/WifiStateMachine( 1655): ConnectedState{ when=-2ms what=131155 arg1=14 target=com.android.internal.util.StateMachine$SmHandler target=Handler (com.android.internal.util.StateMachine$SmHandler) {43142030} }
D/WifiStateMachine( 1655): L2ConnectedState{ when=-3ms what=131155 arg1=14 target=com.android.internal.util.StateMachine$SmHandler target=Handler (com.android.internal.util.StateMachine$SmHandler) {43142030} }
D/WifiHW  ( 1655): enter -->wifi_send_command cmd=IFNAME=wlan0 SIGNAL_POLL
D/wpa_supplicant( 3981): RX ctrl_iface - hexdump(len=11): 53 49 47 4e 41 4c 5f 50 4f 4c 4c
D/wpa_supplicant( 3981): wlan0: Control interface command 'SIGNAL_POLL'
D/wpa_supplicant( 3981): nl80211: survey data missing!
D/wpa_supplicant( 3981): signal poll, reply_len=48
D/wpa_ctrl( 1655): reply_len=4095
D/WifiHW  ( 1655): leave --> reply=RSSI=-44
D/WifiHW  ( 1655): LINKSPEED=65
D/WifiHW  ( 1655): NOISE=9999
D/WifiHW  ( 1655): FREQUENCY=2412
D/WifiHW  ( 1655): 
D/wifi    ( 1655): doStringCommand, buf IFNAME=wlan0 SIGNAL_POLL
I/WifiStateMachine( 1655): fetchRssiAndLinkSpeedNative, newRssi:-44, newLinkSpeed:65, SSID:"60_dev_01"
D/WifiStateMachine( 1655): mRssiArray[0] = -44
D/WifiStateMachine( 1655): mRssiArray[1] = -45
D/WifiStateMachine( 1655): mRssiArray[2] = -45
D/WifiStateMachine( 1655): mRssiArray[3] = -45
D/WifiStateMachine( 1655): mRssiArray[4] = -45
D/WifiStateMachine( 1655): GetFilterRssi is : -44
D/WifiStateMachine( 1655): mLastSignalLevel:4, newSignalLevel:4
D/WifiStateMachine( 1655): fetchRssiAndLinkSpeedNative, ipAddr:1795166380
D/dalvikvm( 4533): create interp thread : stack size=128KB
D/dalvikvm( 4533): create new thread
D/dalvikvm( 4533): new thread created
D/dalvikvm( 4533): update thread list
D/dalvikvm( 4533): threadid=17: interp stack at 0x79172000
D/dalvikvm( 4533): threadid=17: created from interp
D/dalvikvm( 4533): start new thread
D/dalvikvm( 4533): threadid=17: notify debugger
D/dalvikvm( 4533): threadid=17 (Thread-4840): calling run()
I/KSO_STAT( 4533): App is in background, stop update end time, ready to start a new session.
D/SQLiteDatabase( 4533): beginTransaction()
D/SQLiteDatabase( 4533): endTransaction()
D/dalvikvm( 4533): threadid=17: exiting
D/dalvikvm( 4533): threadid=17: bye!
D/dalvikvm(13777): threadid=88: exiting
D/dalvikvm(13777): threadid=88: bye!
D/SQLiteDatabase( 4925): beginTransaction()
I/console (13777): [LOG] ws=heartTest.success at dist/js/source/push.js:1
D/SQLiteDatabase( 4925): endTransaction()
I/uSDK    (13777): [CAE][D][2017-12-26 17:14:34.249222][cae_softap_user_task:730][buffer fd or timeout ]
I/uSDK    (13777): [CAE][D][2017-12-26 17:14:34.249262][cae_su_read_buffer_to_send:630][count[0]***]
I/uSDK    (13777): [CAE][D][2017-12-26 17:14:34.249279][su_ctx_fd_set:692][MAX fd[-1]]
I/uSDK    (13777): [CAE][D][2017-12-26 17:14:34.252923][cae_sr_k_loop:965][mdns resolver loop timeout event happen, interval time:20s]
I/uSDK    (13777): [CAE][I][2017-12-26 17:14:34.253535][cae_sr_k_loop:1006][do dense soft refresh timing!]
I/uSDK    (13777): [CAE][I][2017-12-26 17:14:34.253555][cae_sd_core_connect_send_search_data:116][force mdns daemon to send mdns search udp data ... ...]
I/uSDK    (13777): [CAE][I][2017-12-26 17:14:34.253619][mDNSPlatformWriteLogMsg:171][connecting mdns server port:48905.]
I/uSDK    (13777): [CAE][I][2017-12-26 17:14:34.256586][mDNSPlatformWriteLogMsg:171][receive x_RefreshInterfaceList cmd ]
I/uSDK    (13777): [CAE][I][2017-12-26 17:14:34.256617][mDNSPlatformWriteLogMsg:171][mdns daemon refreshing interface list ... ...]
I/uSDK    (13777): [CAE][I][2017-12-26 17:14:34.256639][mDNSPlatformWriteLogMsg:171][qname : _sleep-proxy._udp.local.  qtype value: 12  string info: PTR ]
I/uSDK    (13777): [CAE][I][2017-12-26 17:14:34.256654][mDNSPlatformWriteLogMsg:171][StartLLQPolling ... ... ]
I/uSDK    (13777): [CAE][I][2017-12-26 17:14:34.256671][mDNSPlatformWriteLogMsg:171][qname : _cae._udp.local.  qtype value: 12  string info: PTR ]
I/uSDK    (13777): [CAE][I][2017-12-26 17:14:34.256685][mDNSPlatformWriteLogMsg:171][StartLLQPolling ... ... ]
I/uSDK    (13777): [CAE][I][2017-12-26 17:14:34.256700][mDNSPlatformWriteLogMsg:171][ xxx mDNS Execute begin ... ... ]
I/uSDK    (13777): [CAE][I][2017-12-26 17:14:34.256715][mDNSPlatformWriteLogMsg:171][mdns daemon refreshing interface list end!]
I/uSDK    (13777): [CAE][I][2017-12-26 17:14:34.256732][mDNSPlatformWriteLogMsg:171][request_callback: 345:ERROR: Unsupported UDS req:8888 PID[-1][]]
I/uSDK    (13777): [CAE][I][2017-12-26 17:14:34.256848][cae_sd_core_connect_send_search_data:126][sending mdns search upd data is end; err:0]
D/WifiStateMachine( 1655): ConnectedState{ when=-2ms what=131155 arg1=14 target=com.android.internal.util.StateMachine$SmHandler target=Handler (com.android.internal.util.StateMachine$SmHandler) {43142030} }
D/WifiStateMachine( 1655): L2ConnectedState{ when=-2ms what=131155 arg1=14 target=com.android.internal.util.StateMachine$SmHandler target=Handler (com.android.internal.util.StateMachine$SmHandler) {43142030} }
D/WifiHW  ( 1655): enter -->wifi_send_command cmd=IFNAME=wlan0 SIGNAL_POLL
D/wpa_supplicant( 3981): RX ctrl_iface - hexdump(len=11): 53 49 47 4e 41 4c 5f 50 4f 4c 4c
D/wpa_supplicant( 3981): wlan0: Control interface command 'SIGNAL_POLL'
D/wpa_supplicant( 3981): nl80211: survey data missing!
D/wpa_supplicant( 3981): signal poll, reply_len=48
D/wpa_ctrl( 1655): reply_len=4095
D/WifiHW  ( 1655): leave --> reply=RSSI=-44
D/WifiHW  ( 1655): LINKSPEED=65
D/WifiHW  ( 1655): NOISE=9999
D/WifiHW  ( 1655): FREQUENCY=2412
D/WifiHW  ( 1655): 
D/wifi    ( 1655): doStringCommand, buf IFNAME=wlan0 SIGNAL_POLL
I/WifiStateMachine( 1655): fetchRssiAndLinkSpeedNative, newRssi:-44, newLinkSpeed:65, SSID:"60_dev_01"
D/WifiStateMachine( 1655): mRssiArray[0] = -44
D/WifiStateMachine( 1655): mRssiArray[1] = -44
D/WifiStateMachine( 1655): mRssiArray[2] = -45
D/WifiStateMachine( 1655): mRssiArray[3] = -45
D/WifiStateMachine( 1655): mRssiArray[4] = -45
D/WifiStateMachine( 1655): GetFilterRssi is : -44
D/WifiStateMachine( 1655): mLastSignalLevel:4, newSignalLevel:4
D/WifiStateMachine( 1655): fetchRssiAndLinkSpeedNative, ipAddr:1795166380
D/BatteryService( 1655): mBatteryVoltage=4070, batteryLevel=50
V/ActivityManager( 1655): Broadcast sticky: Intent { act=android.intent.action.ADDITIONAL_BATTERY_CHANGED flg=0x60000010 (has extras) } ordered=false userid=-1 callerApp=null
V/ActivityManager( 1655): Broadcast sticky: Intent { act=android.intent.action.BATTERY_CHANGED flg=0x60000010 (has extras) } ordered=false userid=-1 callerApp=null
D/WifiService( 1655): onReceive, action:android.intent.action.BATTERY_CHANGED
D/UsbDeviceManager( 1655): onReceive - BATTERY_CHANGED - mPlugType: 2, mSettingUsbCharging: false, mConnected: true, mSettingUsbBicr: false
D/WifiController( 1655): DeviceActiveState{ when=-2ms what=155652 arg1=2 target=com.android.internal.util.StateMachine$SmHandler target=Handler (com.android.internal.util.StateMachine$SmHandler) {431e59b8} }
D/WifiController( 1655): StaEnabledState{ when=-3ms what=155652 arg1=2 target=com.android.internal.util.StateMachine$SmHandler target=Handler (com.android.internal.util.StateMachine$SmHandler) {431e59b8} }
D/WifiController( 1655): DefaultState{ when=-4ms what=155652 arg1=2 target=com.android.internal.util.StateMachine$SmHandler target=Handler (com.android.internal.util.StateMachine$SmHandler) {431e59b8} }
D/WifiController( 1655): battery changed pluggedType: 2
D/PowerSaveService( 4327): PowerSaveReceiver EXTRA_STATUS: status = 2, lastCharging = true
V/ActivityManager( 1655): Broadcast sticky: Intent { act=android.intent.action.ADDITIONAL_BATTERY_CHANGED flg=0x60000010 (has extras) } ordered=false userid=-1 callerApp=null
V/ActivityManager( 1655): Broadcast sticky: Intent { act=android.intent.action.ADDITIONAL_BATTERY_CHANGED flg=0x60000010 (has extras) } ordered=false userid=-1 callerApp=null
D/dalvikvm( 4533): create interp thread : stack size=128KB
D/dalvikvm( 4533): create new thread
D/dalvikvm( 4533): new thread created
D/dalvikvm( 4533): update thread list
D/dalvikvm( 4533): threadid=17: interp stack at 0x79172000
D/dalvikvm( 4533): threadid=17: created from interp
D/dalvikvm( 4533): start new thread
D/dalvikvm( 4533): threadid=17: notify debugger
D/dalvikvm( 4533): threadid=17 (Thread-4841): calling run()
I/KSO_STAT( 4533): App is in background, stop update end time, ready to start a new session.
D/SQLiteDatabase( 4533): beginTransaction()
D/SQLiteDatabase( 4533): endTransaction()
D/dalvikvm( 4533): threadid=17: exiting
D/dalvikvm( 4533): threadid=17: bye!
D/WifiStateMachine( 1655): ConnectedState{ when=-3ms what=131155 arg1=14 target=com.android.internal.util.StateMachine$SmHandler target=Handler (com.android.internal.util.StateMachine$SmHandler) {43142030} }
D/WifiStateMachine( 1655): L2ConnectedState{ when=-3ms what=131155 arg1=14 target=com.android.internal.util.StateMachine$SmHandler target=Handler (com.android.internal.util.StateMachine$SmHandler) {43142030} }
D/WifiHW  ( 1655): enter -->wifi_send_command cmd=IFNAME=wlan0 SIGNAL_POLL
D/wpa_supplicant( 3981): RX ctrl_iface - hexdump(len=11): 53 49 47 4e 41 4c 5f 50 4f 4c 4c
D/wpa_supplicant( 3981): wlan0: Control interface command 'SIGNAL_POLL'
D/wpa_supplicant( 3981): nl80211: survey data missing!
D/wpa_supplicant( 3981): signal poll, reply_len=48
D/wpa_ctrl( 1655): reply_len=4095
D/WifiHW  ( 1655): leave --> reply=RSSI=-44
D/WifiHW  ( 1655): LINKSPEED=65
D/WifiHW  ( 1655): NOISE=9999
D/WifiHW  ( 1655): FREQUENCY=2412
D/WifiHW  ( 1655): 
D/wifi    ( 1655): doStringCommand, buf IFNAME=wlan0 SIGNAL_POLL
I/WifiStateMachine( 1655): fetchRssiAndLinkSpeedNative, newRssi:-44, newLinkSpeed:65, SSID:"60_dev_01"
D/WifiStateMachine( 1655): mRssiArray[0] = -44
D/WifiStateMachine( 1655): mRssiArray[1] = -44
D/WifiStateMachine( 1655): mRssiArray[2] = -44
D/WifiStateMachine( 1655): mRssiArray[3] = -45
D/WifiStateMachine( 1655): mRssiArray[4] = -45
D/WifiStateMachine( 1655): GetFilterRssi is : -44
D/WifiStateMachine( 1655): mLastSignalLevel:4, newSignalLevel:4
D/WifiStateMachine( 1655): fetchRssiAndLinkSpeedNative, ipAddr:1795166380
D/cell strength( 4118): ===== cell singal strength changed : 17
V/ActivityManager( 1655): Broadcast sticky: Intent { act=android.intent.action.SIG_STR flg=0x10 (has extras) } ordered=false userid=-1 callerApp=ProcessRecord{4276e330 1655:system/1000}
V/Provider/Settings( 1655): get setting for user 0 by user 0 so skipping cache
V/Provider/Settings( 1655):  from settings cache , name = sys_free_storage_log_interval , value = null
V/Provider/Settings( 1655): get setting for user 0 by user 0 so skipping cache
V/Provider/Settings( 1655):  from settings cache , name = disk_free_change_reporting_threshold , value = null
D/AES     ( 1655): AEEIOCTL_RT_MON_Kick IOCTL,lParam=0. 
D/PhoneInterfaceManagerEx( 4184): [PhoneIntfMgrEx] hasIccCard  simId=0
D/PhoneInterfaceManagerEx( 4184): [PhoneIntfMgrEx] hasIccCard  simId=1
I/uSDK    (13777): [CAE][D][2017-12-26 17:14:39.273644][cae_softap_user_task:730][buffer fd or timeout ]
I/uSDK    (13777): [CAE][D][2017-12-26 17:14:39.273735][cae_su_read_buffer_to_send:630][count[0]***]
I/uSDK    (13777): [CAE][D][2017-12-26 17:14:39.273790][su_ctx_fd_set:692][MAX fd[-1]]
D/WifiStateMachine( 1655): ConnectedState{ when=-2ms what=131155 arg1=14 target=com.android.internal.util.StateMachine$SmHandler target=Handler (com.android.internal.util.StateMachine$SmHandler) {43142030} }
D/WifiStateMachine( 1655): L2ConnectedState{ when=-2ms what=131155 arg1=14 target=com.android.internal.util.StateMachine$SmHandler target=Handler (com.android.internal.util.StateMachine$SmHandler) {43142030} }
D/WifiHW  ( 1655): enter -->wifi_send_command cmd=IFNAME=wlan0 SIGNAL_POLL
D/wpa_supplicant( 3981): RX ctrl_iface - hexdump(len=11): 53 49 47 4e 41 4c 5f 50 4f 4c 4c
D/wpa_supplicant( 3981): wlan0: Control interface command 'SIGNAL_POLL'
D/wpa_supplicant( 3981): nl80211: survey data missing!
D/wpa_supplicant( 3981): signal poll, reply_len=48
D/wpa_ctrl( 1655): reply_len=4095
D/WifiHW  ( 1655): leave --> reply=RSSI=-46
D/WifiHW  ( 1655): LINKSPEED=65
D/WifiHW  ( 1655): NOISE=9999
D/WifiHW  ( 1655): FREQUENCY=2412
D/WifiHW  ( 1655): 
D/wifi    ( 1655): doStringCommand, buf IFNAME=wlan0 SIGNAL_POLL
I/WifiStateMachine( 1655): fetchRssiAndLinkSpeedNative, newRssi:-46, newLinkSpeed:65, SSID:"60_dev_01"
D/WifiStateMachine( 1655): mRssiArray[0] = -44
D/WifiStateMachine( 1655): mRssiArray[1] = -44
D/WifiStateMachine( 1655): mRssiArray[2] = -44
D/WifiStateMachine( 1655): mRssiArray[3] = -44
D/WifiStateMachine( 1655): mRssiArray[4] = -45
D/WifiStateMachine( 1655): GetFilterRssi is : -44
D/WifiStateMachine( 1655): mLastSignalLevel:4, newSignalLevel:4
D/WifiStateMachine( 1655): fetchRssiAndLinkSpeedNative, ipAddr:1795166380
D/ADB_SERVICES(  297): adb fdevent_process list (15) (22) 
D/ADB_SERVICES(  297): recv: CNXN 01000000 00001000 0007 host::
D/ADB_SERVICES(  297): adb: offline
D/ADB_SERVICES(  297): (null): run_transport_disconnects fd: 26
W/ADB_SERVICES(  297): entered. LS(6985) fd=16
D/ADB_SERVICES(  297): adb: online
D/ADB_SERVICES(  297): Calling send_connect 
D/BatteryService( 1655): mBatteryVoltage=4071, batteryLevel=50
V/ActivityManager( 1655): Broadcast sticky: Intent { act=android.intent.action.ADDITIONAL_BATTERY_CHANGED flg=0x60000010 (has extras) } ordered=false userid=-1 callerApp=null
V/ActivityManager( 1655): Broadcast sticky: Intent { act=android.intent.action.BATTERY_CHANGED flg=0x60000010 (has extras) } ordered=false userid=-1 callerApp=null
D/WifiService( 1655): onReceive, action:android.intent.action.BATTERY_CHANGED
D/WifiController( 1655): DeviceActiveState{ when=0 what=155652 arg1=2 target=com.android.internal.util.StateMachine$SmHandler target=Handler (com.android.internal.util.StateMachine$SmHandler) {431e59b8} }
D/WifiController( 1655): StaEnabledState{ when=0 what=155652 arg1=2 target=com.android.internal.util.StateMachine$SmHandler target=Handler (com.android.internal.util.StateMachine$SmHandler) {431e59b8} }
D/WifiController( 1655): DefaultState{ when=0 what=155652 arg1=2 target=com.android.internal.util.StateMachine$SmHandler target=Handler (com.android.internal.util.StateMachine$SmHandler) {431e59b8} }
D/WifiController( 1655): battery changed pluggedType: 2
D/UsbDeviceManager( 1655): onReceive - BATTERY_CHANGED - mPlugType: 2, mSettingUsbCharging: false, mConnected: true, mSettingUsbBicr: false
D/PowerSaveService( 4327): PowerSaveReceiver EXTRA_STATUS: status = 2, lastCharging = true
V/ActivityManager( 1655): Broadcast sticky: Intent { act=android.intent.action.ADDITIONAL_BATTERY_CHANGED flg=0x60000010 (has extras) } ordered=false userid=-1 callerApp=null
V/ActivityManager( 1655): Broadcast sticky: Intent { act=android.intent.action.ADDITIONAL_BATTERY_CHANGED flg=0x60000010 (has extras) } ordered=false userid=-1 callerApp=null
W/ADB_SERVICES(  297): create_local_service_socket() name=shell:wm size
W/ADB_SERVICES(  297): service_to_fd() name=shell:wm size
W/ADB_SERVICES(  297): read_meminfo() mem_free=151252
W/ADB_SERVICES(  297): create_subprocess() ret_fd=15 pid=25856
W/ADB_SERVICES(  297): LS(7006): bound to 'shell:wm size' via 15
D/ADB_SERVICES(  297): adb local_socket_ready list (15) 
W/ADB_SERVICES(25856): adb: unable to open /proc/25856/oom_adj
W/ADB_SERVICES(  297): create_local_service_socket() name=shell:
W/ADB_SERVICES(  297): service_to_fd() name=shell:
W/ADB_SERVICES(  297): read_meminfo() mem_free=151212
W/ADB_SERVICES(  297): create_subprocess() ret_fd=16 pid=25857
W/ADB_SERVICES(  297): LS(7007): bound to 'shell:' via 16
W/ADB_SERVICES(25857): adb: unable to open /proc/25857/oom_adj
D/ADB_SERVICES(  297): adb socket read list (15) (16) 
D/ADB_SERVICES(  297): read_data=9193
D/ADB_SERVICES(  297): max_read_time=0.000418 max_send_time=0.000057 
D/ReserveFileInData(25862): Total_size = 12702646272 B = 12404928 KB = 12114 MB = 11 GB
D/ReserveFileInData(25862): Disk_free = 9009 MB = 8 GB
D/ReserveFileInData(25862): Disk_available = 8993 MB = 8 GB
D/ReserveFileInData(25862): availDataSize is 8993
D/AndroidRuntime(25856): 
D/AndroidRuntime(25856): >>>>>> AndroidRuntime START com.android.internal.os.RuntimeInit <<<<<<
D/AndroidRuntime(25856): CheckJNI is OFF
D/AndroidRuntime(25856): language=-Duser.language=zh region=-Duser.region=CN
D/dalvikvm(25856): boot class : 
D/dalvikvm(25856):   (0) core.jar
D/dalvikvm(25856):   (1) conscrypt.jar
D/dalvikvm(25856):   (2) okhttp.jar
D/dalvikvm(25856):   (3) core-junit.jar
D/dalvikvm(25856):   (4) bouncycastle.jar
D/dalvikvm(25856):   (5) ext.jar
D/dalvikvm(25856):   (6) framework.jar
D/dalvikvm(25856):   (7) framework2.jar
D/dalvikvm(25856):   (8) telephony-common.jar
D/dalvikvm(25856):   (9) voip-common.jar
D/dalvikvm(25856):   (10) mms-common.jar
D/dalvikvm(25856):   (11) android.policy.jar
D/dalvikvm(25856):   (12) services.jar
D/dalvikvm(25856):   (13) apache-xml.jar
D/dalvikvm(25856):   (14) webviewchromium.jar
D/dalvikvm(25856):   (15) mediatek-common.jar
D/dalvikvm(25856):   (16) mediatek-framework.jar
D/dalvikvm(25856):   (17) CustomProperties.jar
D/dalvikvm(25856):   (18) mediatek-telephony-common.jar
D/dalvikvm(25856):   (19) mediatek-tablet.jar
D/dalvikvm(25856):   (20) oppo-framework.jar
D/dalvikvm(25856):   (21) am.jar
D/dalvikvm(25856): threadid=1: interp stack at 0x6d9bd000
D/dalvikvm(25856): dvmJarFileOpen: /system/framework/core.jar
D/dalvikvm(25856): dvmJarFileOpen: /system/framework/conscrypt.jar
D/dalvikvm(25856): dvmJarFileOpen: /system/framework/okhttp.jar
D/dalvikvm(25856): dvmJarFileOpen: /system/framework/core-junit.jar
D/dalvikvm(25856): dvmJarFileOpen: /system/framework/bouncycastle.jar
D/dalvikvm(25856): dvmJarFileOpen: /system/framework/ext.jar
D/dalvikvm(25856): dvmJarFileOpen: /system/framework/framework.jar
D/dalvikvm(25856): dvmJarFileOpen: /system/framework/framework2.jar
D/dalvikvm(25856): dvmJarFileOpen: /system/framework/telephony-common.jar
D/dalvikvm(25856): dvmJarFileOpen: /system/framework/voip-common.jar
D/dalvikvm(25856): dvmJarFileOpen: /system/framework/mms-common.jar
D/dalvikvm(25856): dvmJarFileOpen: /system/framework/android.policy.jar
D/dalvikvm(25856): dvmJarFileOpen: /system/framework/services.jar
D/dalvikvm(25856): dvmJarFileOpen: /system/framework/apache-xml.jar
D/dalvikvm(25856): dvmJarFileOpen: /system/framework/webviewchromium.jar
D/dalvikvm(25856): dvmJarFileOpen: /system/framework/mediatek-common.jar
D/dalvikvm(25856): dvmJarFileOpen: /system/framework/mediatek-framework.jar
D/dalvikvm(25856): dvmJarFileOpen: /system/framework/CustomProperties.jar
D/dalvikvm(25856): dvmJarFileOpen: /system/framework/mediatek-telephony-common.jar
D/dalvikvm(25856): dvmJarFileOpen: /system/framework/mediatek-tablet.jar
D/dalvikvm(25856): dvmJarFileOpen: /system/framework/oppo-framework.jar
D/dalvikvm(25856): open_cached_dex_file : /system/framework/oppo-framework.jar /data/dalvik-cache/system@framework@oppo-framework.jar@classes.dex
D/dalvikvm(25856): process bootclasspath ex!!
D/dalvikvm(25856): dvmJarFileOpen: /system/framework/mediatek-op.jar
D/dalvikvm(25856): open_cached_dex_file : /system/framework/mediatek-op.jar /data/dalvik-cache/system@framework@mediatek-op.jar@classes.dex
D/dalvikvm(25856): Trying to load lib libjavacore.so 0x0
D/dalvikvm(25856): Added shared lib libjavacore.so 0x0
D/dalvikvm(25856): Trying to load lib libnativehelper.so 0x0
D/dalvikvm(25856): Added shared lib libnativehelper.so 0x0
D/dalvikvm(25856): No JNI_OnLoad found in libnativehelper.so 0x0, skipping init
D/dalvikvm(25856): +++ finishing prep on main VM thread
D/dalvikvm(25856): dvmJarFileOpen: /system/framework/wm.jar
I/dalvikvm(25856): DexOpt: mismatch dep name: '/data/dalvik-cache/system@framework@oppo-framework.jar@classes.dex' vs. '/system/framework/oppo-framework.odex'
D/dalvikvm(25856): == DexOpt: numDeps = 21
D/dalvikvm(25856): 0 : /system/framework/core.odex /system/framework/core.odex
D/dalvikvm(25856): 1 : /system/framework/conscrypt.odex /system/framework/conscrypt.odex
D/dalvikvm(25856): 2 : /system/framework/okhttp.odex /system/framework/okhttp.odex
D/dalvikvm(25856): 3 : /system/framework/core-junit.odex /system/framework/core-junit.odex
D/dalvikvm(25856): 4 : /system/framework/bouncycastle.odex /system/framework/bouncycastle.odex
D/dalvikvm(25856): 5 : /system/framework/ext.odex /system/framework/ext.odex
D/dalvikvm(25856): 6 : /system/framework/framework.odex /system/framework/framework.odex
D/dalvikvm(25856): 7 : /system/framework/framework2.odex /system/framework/framework2.odex
D/dalvikvm(25856): 8 : /system/framework/telephony-common.odex /system/framework/telephony-common.odex
D/dalvikvm(25856): 9 : /system/framework/voip-common.odex /system/framework/voip-common.odex
D/dalvikvm(25856): 10 : /system/framework/mms-common.odex /system/framework/mms-common.odex
D/dalvikvm(25856): 11 : /system/framework/android.policy.odex /system/framework/android.policy.odex
D/dalvikvm(25856): 12 : /system/framework/services.odex /system/framework/services.odex
D/dalvikvm(25856): 13 : /system/framework/apache-xml.odex /system/framework/apache-xml.odex
D/dalvikvm(25856): 14 : /system/framework/webviewchromium.odex /system/framework/webviewchromium.odex
D/dalvikvm(25856): 15 : /system/framework/mediatek-common.odex /system/framework/mediatek-common.odex
D/dalvikvm(25856): 16 : /system/framework/mediatek-framework.odex /system/framework/mediatek-framework.odex
D/dalvikvm(25856): 17 : /system/framework/CustomProperties.odex /system/framework/CustomProperties.odex
D/dalvikvm(25856): 18 : /system/framework/mediatek-telephony-common.odex /system/framework/mediatek-telephony-common.odex
D/dalvikvm(25856): 19 : /system/framework/mediatek-tablet.odex /system/framework/mediatek-tablet.odex
D/dalvikvm(25856): 20 : /system/framework/oppo-framework.odex /system/framework/oppo-framework.odex
D/dalvikvm(25856): 21 : NULL NULL
E/dalvikvm(25856): /system/framework/wm.jar odex has stale dependencies
D/dalvikvm(25856): open_cached_dex_file : /system/framework/wm.jar /data/dalvik-cache/system@framework@wm.jar@classes.dex
D/dalvikvm(25856): create interp thread : stack size=128KB
D/dalvikvm(25856): create new thread
D/dalvikvm(25856): new thread created
D/dalvikvm(25856): update thread list
D/dalvikvm(25856): threadid=2: interp stack at 0x72f06000
D/dalvikvm(25856): threadid=2: created from interp
D/dalvikvm(25856): start new thread
D/dalvikvm(25856): threadid=2: notify debugger
D/dalvikvm(25856): threadid=2 (ReferenceQueueDaemon): calling run()
D/dalvikvm(25856): create interp thread : stack size=128KB
D/dalvikvm(25856): create new thread
D/dalvikvm(25856): new thread created
D/dalvikvm(25856): update thread list
D/dalvikvm(25856): threadid=3: interp stack at 0x73026000
D/dalvikvm(25856): threadid=3: created from interp
D/dalvikvm(25856): start new thread
D/dalvikvm(25856): threadid=3: notify debugger
D/dalvikvm(25856): threadid=3 (FinalizerDaemon): calling run()
D/dalvikvm(25856): create interp thread : stack size=128KB
D/dalvikvm(25856): create new thread
D/dalvikvm(25856): new thread created
D/dalvikvm(25856): update thread list
D/dalvikvm(25856): threadid=4: interp stack at 0x73146000
D/dalvikvm(25856): threadid=4: created from interp
D/dalvikvm(25856): start new thread
D/dalvikvm(25856): threadid=4: notify debugger
D/dalvikvm(25856): threadid=4 (FinalizerWatchdogDaemon): calling run()
D/dalvikvm(25856): threadid=5: interp stack at 0x73368000
D/dalvikvm(25856): threadid=6: interp stack at 0x73489000
D/dalvikvm(25856): Elevating priority from 0 to -8
D/jdwp    (25856): prepping for JDWP over ADB
D/dalvikvm(25856): threadid=7: interp stack at 0x735ac000
D/jdwp    (25856): JDWP: thread running
D/jdwp    (25856): trying to receive file descriptor from ADB
D/dalvikvm(25856): threadid=8: interp stack at 0x736cd000
D/ADB_SERVICES(  297): Adding socket 17 pid 25856 to jdwp process list
D/dalvikvm(25856): Note: class Landroid/app/ActivityManagerNative; has 194 unimplemented (abstract) methods
E/memtrack(25856): Couldn't load memtrack module (No such file or directory)
E/android.os.Debug(25856): failed to load memtrack module: -2
D/AndroidRuntime(25856): Calling main entry com.android.commands.wm.Wm
D/dalvikvm(25856): threadid=9: interp stack at 0x73bb2000
D/dalvikvm(25856): threadid=10: interp stack at 0x73cd2000
D/AndroidRuntime(25856): Shutting down VM
D/dalvikvm(25856): threadid=10: bye!
D/dalvikvm(25856): threadid=9: bye!
D/dalvikvm(25856): threadid=1: last non-daemon thread
D/dalvikvm(25856): threadid=1: bye!
D/dalvikvm(25856): DestroyJavaVM waiting for non-daemon threads to exit
D/dalvikvm(25856): DestroyJavaVM shutting VM down
D/dalvikvm(25856): VM shutting down
D/dalvikvm(25856): between the previous GC alloc  702K
D/dalvikvm(25856): GC_CONCURRENT freed 95K (977), 14% free 607K/704K, paused 0ms+0ms, total 3ms
D/dalvikvm(25856): threadid=5: bye!
D/jdwp    (25856): JDWP shutting down net...
D/jdwp    (25856): +++ writing to wakePipe
E/jdwp    (25856): jdwp::setsockopt(SO_SNDTIMEO)
E/jdwp    (25856): jdwp::setsockopt(SO_RCVTIMEO)
D/jdwp    (25856): JDWP: thread exiting
D/dalvikvm(25856): threadid=7: bye!
W/ADB_SERVICES(  297): terminating JDWP 25856 connection: Try again
D/ADB_SERVICES(  297): remove pid 25856 to jdwp process list
D/jdwp    (25856): JDWP freeing netstate...
I/dalvikvm(25856): threadid=6: ignore signal 3
D/dalvikvm(25856): threadid=6: bye!
D/dalvikvm(25856): 126 compilations using 4096 + 14616 bytes
D/dalvikvm(25856): Compiler arena uses 6 blocks (8100 bytes each)
D/dalvikvm(25856): Compiler work queue length is 0/10
D/dalvikvm(25856): JIT: table size is 4096, entries used is 133
D/dalvikvm(25856): JIT: 133 traces, 4096 slots, 6 chains, 40 thresh, Non-blocking
D/dalvikvm(25856): JIT: 82 Translation chains, 7 interp stubs
D/dalvikvm(25856): dalvik.vm.jit.op = 0-2,7,a,c,e-f,11-14,1c-1e,21-23,28,2c,32-39,44,46,48-49,4b,4d,50,52,54-55,59,62,70-71,8e,90,95-96,b0-b1,b5,b7,d5,d8,da,dd,e0-e2,ee,f0-f2,f4-f6,f8,
D/dalvikvm(25856): Code size stats: 0/672 (compiled/total Dalvik), 0 (native)
D/dalvikvm(25856): Compiler thread shutting down
D/dalvikvm(25856): threadid=8: bye!
D/dalvikvm(25856): Compiler thread has shut down
D/dalvikvm(25856): threadid=0: suspending daemon id=4 name='FinalizerWatchdogDaemon'
D/dalvikvm(25856): threadid=0: suspending daemon id=3 name='FinalizerDaemon'
D/dalvikvm(25856): threadid=0: suspending daemon id=2 name='ReferenceQueueDaemon'
D/dalvikvm( 4533): create interp thread : stack size=128KB
D/dalvikvm( 4533): create new thread
D/dalvikvm( 4533): new thread created
D/dalvikvm( 4533): update thread list
D/dalvikvm( 4533): threadid=17: interp stack at 0x79172000
D/dalvikvm( 4533): threadid=17: created from interp
D/dalvikvm( 4533): start new thread
D/dalvikvm( 4533): threadid=17: notify debugger
D/dalvikvm( 4533): threadid=17 (Thread-4842): calling run()
I/KSO_STAT( 4533): App is in background, stop update end time, ready to start a new session.
D/SQLiteDatabase( 4533): beginTransaction()
D/SQLiteDatabase( 4533): endTransaction()
D/dalvikvm( 4533): threadid=17: exiting
D/dalvikvm( 4533): threadid=17: bye!
D/dalvikvm(25856): threadid=0: all daemons have suspended
D/dalvikvm(25856): VM cleaning up
D/dalvikvm(25856): LinearAlloc 0x0 used 1393748 of 33554432 (4%)
D/ADB_SERVICES(  297):  closing because is_eof=1 r=-1 s->fde.force_eof=0
W/ADB_SERVICES(  297): entered. LS(7006) fd=15
W/ADB_SERVICES(  297): create_local_service_socket() name=shell:cat /proc/meminfo
W/ADB_SERVICES(  297): service_to_fd() name=shell:cat /proc/meminfo
W/ADB_SERVICES(  297): read_meminfo() mem_free=150268
W/ADB_SERVICES(  297): create_subprocess() ret_fd=15 pid=25873
W/ADB_SERVICES(  297): LS(7008): bound to 'shell:cat /proc/meminfo' via 15
W/ADB_SERVICES(25873): adb: unable to open /proc/25873/oom_adj
D/ADB_SERVICES(  297):  closing because is_eof=1 r=-1 s->fde.force_eof=0
W/ADB_SERVICES(  297): entered. LS(7008) fd=15
W/ADB_SERVICES(  297): create_local_service_socket() name=shell:cat /system/build.prop
W/ADB_SERVICES(  297): service_to_fd() name=shell:cat /system/build.prop
W/ADB_SERVICES(  297): read_meminfo() mem_free=150200
W/ADB_SERVICES(  297): create_subprocess() ret_fd=15 pid=25874
W/ADB_SERVICES(  297): LS(7009): bound to 'shell:cat /system/build.prop' via 15
W/ADB_SERVICES(25874): adb: unable to open /proc/25874/oom_adj
D/ADB_SERVICES(  297):  closing because is_eof=1 r=1 s->fde.force_eof=0
W/ADB_SERVICES(  297): entered. LS(7009) fd=15
W/ADB_SERVICES(  297): create_local_service_socket() name=shell:cat /proc/cpuinfo
W/ADB_SERVICES(  297): service_to_fd() name=shell:cat /proc/cpuinfo
W/ADB_SERVICES(  297): read_meminfo() mem_free=150144
W/ADB_SERVICES(  297): create_subprocess() ret_fd=15 pid=25875
W/ADB_SERVICES(  297): LS(7010): bound to 'shell:cat /proc/cpuinfo' via 15
W/ADB_SERVICES(25875): adb: unable to open /proc/25875/oom_adj
D/ADB_SERVICES(  297):  closing because is_eof=1 r=1 s->fde.force_eof=0
W/ADB_SERVICES(  297): entered. LS(7010) fd=15
I/ANRManager( 1655): updateProcessStats
W/ADB_SERVICES(  297): create_local_service_socket() name=shell:monkey -p com.sixty.nidoneClient --throttle 500 --ignore-crashes --ignore-timeouts --monitor-native-crashes -v -v -v 10
W/ADB_SERVICES(  297): service_to_fd() name=shell:monkey -p com.sixty.nidoneClient --throttle 500 --ignore-crashes --ignore-timeouts --monitor-native-crashes -v -v -v 10
W/ADB_SERVICES(  297): read_meminfo() mem_free=150144
W/ADB_SERVICES(  297): create_subprocess() ret_fd=15 pid=25876
W/ADB_SERVICES(  297): LS(7011): bound to 'shell:monkey -p com.sixty.nidoneClient --throttle 500 --ignore-crashes --ignore-timeouts --monitor-native-crashes -v -v -v 10' via 15
W/ADB_SERVICES(25876): adb: unable to open /proc/25876/oom_adj
W/ADB_SERVICES(  297): create_local_service_socket() name=shell:export ANDROID_LOG_TAGS="" ; exec logcat -d
W/ADB_SERVICES(  297): service_to_fd() name=shell:export ANDROID_LOG_TAGS="" ; exec logcat -d
W/ADB_SERVICES(  297): read_meminfo() mem_free=150200
W/ADB_SERVICES(  297): create_subprocess() ret_fd=17 pid=25877
W/ADB_SERVICES(  297): LS(7012): bound to 'shell:export ANDROID_LOG_TAGS="" ; exec logcat -d' via 17
W/ADB_SERVICES(25877): adb: unable to open /proc/25877/oom_adj
W/ADB_SERVICES(  297): create_local_service_socket() name=shell:cat /data/anr/traces.txt
W/ADB_SERVICES(  297): service_to_fd() name=shell:cat /data/anr/traces.txt
W/ADB_SERVICES(  297): read_meminfo() mem_free=150144
W/ADB_SERVICES(  297): create_subprocess() ret_fd=27 pid=25878
W/ADB_SERVICES(  297): LS(7013): bound to 'shell:cat /data/anr/traces.txt' via 27
W/ADB_SERVICES(25878): adb: unable to open /proc/25878/oom_adj
D/ADB_SERVICES(  297):  closing because is_eof=1 r=-1 s->fde.force_eof=0
W/ADB_SERVICES(  297): entered. LS(7013) fd=27
D/AndroidRuntime(25876): 
D/AndroidRuntime(25876): >>>>>> AndroidRuntime START com.android.internal.os.RuntimeInit <<<<<<
D/AndroidRuntime(25876): CheckJNI is OFF
D/AndroidRuntime(25876): language=-Duser.language=zh region=-Duser.region=CN
D/dalvikvm(25876): boot class : 
D/dalvikvm(25876):   (0) core.jar
D/dalvikvm(25876):   (1) conscrypt.jar
D/dalvikvm(25876):   (2) okhttp.jar
D/dalvikvm(25876):   (3) core-junit.jar
D/dalvikvm(25876):   (4) bouncycastle.jar
D/dalvikvm(25876):   (5) ext.jar
D/dalvikvm(25876):   (6) framework.jar
D/dalvikvm(25876):   (7) framework2.jar
D/dalvikvm(25876):   (8) telephony-common.jar
D/dalvikvm(25876):   (9) voip-common.jar
D/dalvikvm(25876):   (10) mms-common.jar
D/dalvikvm(25876):   (11) android.policy.jar
D/dalvikvm(25876):   (12) services.jar
D/dalvikvm(25876):   (13) apache-xml.jar
D/dalvikvm(25876):   (14) webviewchromium.jar
D/dalvikvm(25876):   (15) mediatek-common.jar
D/dalvikvm(25876):   (16) mediatek-framework.jar
D/dalvikvm(25876):   (17) CustomProperties.jar
D/dalvikvm(25876):   (18) mediatek-telephony-common.jar
D/dalvikvm(25876):   (19) mediatek-tablet.jar
D/dalvikvm(25876):   (20) oppo-framework.jar
D/dalvikvm(25876):   (21) am.jar
D/dalvikvm(25876): threadid=1: interp stack at 0x6d969000
D/ReserveFileInData(25879): Total_size = 12702646272 B = 12404928 KB = 12114 MB = 11 GB
D/ReserveFileInData(25879): Disk_free = 9009 MB = 8 GB
D/ReserveFileInData(25879): Disk_available = 8993 MB = 8 GB
D/ReserveFileInData(25879): availDataSize is 8993
D/dalvikvm(25876): dvmJarFileOpen: /system/framework/core.jar
D/dalvikvm(25876): dvmJarFileOpen: /system/framework/conscrypt.jar
D/dalvikvm(25876): dvmJarFileOpen: /system/framework/okhttp.jar
D/dalvikvm(25876): dvmJarFileOpen: /system/framework/core-junit.jar
D/dalvikvm(25876): dvmJarFileOpen: /system/framework/bouncycastle.jar
D/dalvikvm(25876): dvmJarFileOpen: /system/framework/ext.jar
D/dalvikvm(25876): dvmJarFileOpen: /system/framework/framework.jar
D/dalvikvm(25876): dvmJarFileOpen: /system/framework/framework2.jar
D/dalvikvm(25876): dvmJarFileOpen: /system/framework/telephony-common.jar
D/dalvikvm(25876): dvmJarFileOpen: /system/framework/voip-common.jar
D/dalvikvm(25876): dvmJarFileOpen: /system/framework/mms-common.jar
D/dalvikvm(25876): dvmJarFileOpen: /system/framework/android.policy.jar
D/dalvikvm(25876): dvmJarFileOpen: /system/framework/services.jar
D/dalvikvm(25876): dvmJarFileOpen: /system/framework/apache-xml.jar
D/dalvikvm(25876): dvmJarFileOpen: /system/framework/webviewchromium.jar
D/dalvikvm(25876): dvmJarFileOpen: /system/framework/mediatek-common.jar
D/dalvikvm(25876): dvmJarFileOpen: /system/framework/mediatek-framework.jar
D/dalvikvm(25876): dvmJarFileOpen: /system/framework/CustomProperties.jar
D/dalvikvm(25876): dvmJarFileOpen: /system/framework/mediatek-telephony-common.jar
D/dalvikvm(25876): dvmJarFileOpen: /system/framework/mediatek-tablet.jar
D/dalvikvm(25876): dvmJarFileOpen: /system/framework/oppo-framework.jar
D/dalvikvm(25876): open_cached_dex_file : /system/framework/oppo-framework.jar /data/dalvik-cache/system@framework@oppo-framework.jar@classes.dex
D/dalvikvm(25876): process bootclasspath ex!!
D/dalvikvm(25876): dvmJarFileOpen: /system/framework/mediatek-op.jar
D/dalvikvm(25876): open_cached_dex_file : /system/framework/mediatek-op.jar /data/dalvik-cache/system@framework@mediatek-op.jar@classes.dex
D/dalvikvm(25876): Trying to load lib libjavacore.so 0x0
D/dalvikvm(25876): Added shared lib libjavacore.so 0x0
D/dalvikvm(25876): Trying to load lib libnativehelper.so 0x0
D/dalvikvm(25876): Added shared lib libnativehelper.so 0x0
D/dalvikvm(25876): No JNI_OnLoad found in libnativehelper.so 0x0, skipping init
D/dalvikvm(25876): +++ finishing prep on main VM thread
D/dalvikvm(25876): dvmJarFileOpen: /system/framework/monkey.jar
I/dalvikvm(25876): DexOpt: mismatch dep name: '/data/dalvik-cache/system@framework@oppo-framework.jar@classes.dex' vs. '/system/framework/oppo-framework.odex'
D/dalvikvm(25876): == DexOpt: numDeps = 21
D/dalvikvm(25876): 0 : /system/framework/core.odex /system/framework/core.odex
D/dalvikvm(25876): 1 : /system/framework/conscrypt.odex /system/framework/conscrypt.odex
D/dalvikvm(25876): 2 : /system/framework/okhttp.odex /system/framework/okhttp.odex
D/dalvikvm(25876): 3 : /system/framework/core-junit.odex /system/framework/core-junit.odex
D/dalvikvm(25876): 4 : /system/framework/bouncycastle.odex /system/framework/bouncycastle.odex
D/dalvikvm(25876): 5 : /system/framework/ext.odex /system/framework/ext.odex
D/dalvikvm(25876): 6 : /system/framework/framework.odex /system/framework/framework.odex
D/dalvikvm(25876): 7 : /system/framework/framework2.odex /system/framework/framework2.odex
D/dalvikvm(25876): 8 : /system/framework/telephony-common.odex /system/framework/telephony-common.odex
D/dalvikvm(25876): 9 : /system/framework/voip-common.odex /system/framework/voip-common.odex
D/dalvikvm(25876): 10 : /system/framework/mms-common.odex /system/framework/mms-common.odex
D/dalvikvm(25876): 11 : /system/framework/android.policy.odex /system/framework/android.policy.odex
D/dalvikvm(25876): 12 : /system/framework/services.odex /system/framework/services.odex
D/dalvikvm(25876): 13 : /system/framework/apache-xml.odex /system/framework/apache-xml.odex
D/dalvikvm(25876): 14 : /system/framework/webviewchromium.odex /system/framework/webviewchromium.odex
D/dalvikvm(25876): 15 : /system/framework/mediatek-common.odex /system/framework/mediatek-common.odex
D/dalvikvm(25876): 16 : /system/framework/mediatek-framework.odex /system/framework/mediatek-framework.odex
D/dalvikvm(25876): 17 : /system/framework/CustomProperties.odex /system/framework/CustomProperties.odex
D/dalvikvm(25876): 18 : /system/framework/mediatek-telephony-common.odex /system/framework/mediatek-telephony-common.odex
D/dalvikvm(25876): 19 : /system/framework/mediatek-tablet.odex /system/framework/mediatek-tablet.odex
D/dalvikvm(25876): 20 : /system/framework/oppo-framework.odex /system/framework/oppo-framework.odex
D/dalvikvm(25876): 21 : NULL NULL
E/dalvikvm(25876): /system/framework/monkey.jar odex has stale dependencies
D/dalvikvm(25876): open_cached_dex_file : /system/framework/monkey.jar /data/dalvik-cache/system@framework@monkey.jar@classes.dex
D/dalvikvm(25876): create interp thread : stack size=128KB
D/dalvikvm(25876): create new thread
D/dalvikvm(25876): new thread created
D/dalvikvm(25876): update thread list
D/dalvikvm(25876): threadid=2: interp stack at 0x72ed7000
D/dalvikvm(25876): threadid=2: created from interp
D/dalvikvm(25876): start new thread
D/dalvikvm(25876): threadid=2: notify debugger
D/dalvikvm(25876): threadid=2 (ReferenceQueueDaemon): calling run()
D/dalvikvm(25876): create interp thread : stack size=128KB
D/dalvikvm(25876): create new thread
D/dalvikvm(25876): new thread created
D/dalvikvm(25876): update thread list
D/dalvikvm(25876): threadid=3: interp stack at 0x72ff7000
D/dalvikvm(25876): threadid=3: created from interp
D/dalvikvm(25876): start new thread
D/dalvikvm(25876): threadid=3: notify debugger
D/dalvikvm(25876): threadid=3 (FinalizerDaemon): calling run()
D/dalvikvm(25876): create interp thread : stack size=128KB
D/dalvikvm(25876): create new thread
D/dalvikvm(25876): new thread created
D/dalvikvm(25876): update thread list
D/dalvikvm(25876): threadid=4: interp stack at 0x73117000
D/dalvikvm(25876): threadid=4: created from interp
D/dalvikvm(25876): start new thread
D/dalvikvm(25876): threadid=4: notify debugger
D/dalvikvm(25876): threadid=4 (FinalizerWatchdogDaemon): calling run()
D/dalvikvm(25876): threadid=5: interp stack at 0x73337000
D/dalvikvm(25876): threadid=6: interp stack at 0x73457000
D/dalvikvm(25876): Elevating priority from 0 to -8
D/jdwp    (25876): prepping for JDWP over ADB
D/dalvikvm(25876): threadid=7: interp stack at 0x73577000
D/jdwp    (25876): JDWP: thread running
D/jdwp    (25876): trying to receive file descriptor from ADB
D/dalvikvm(25876): threadid=8: interp stack at 0x73697000
D/ADB_SERVICES(  297): Adding socket 27 pid 25876 to jdwp process list
D/dalvikvm(25876): Note: class Landroid/app/ActivityManagerNative; has 194 unimplemented (abstract) methods
D/ADB_SERVICES(  297):  closing because is_eof=1 r=1 s->fde.force_eof=0
W/ADB_SERVICES(  297): entered. LS(7012) fd=17
E/memtrack(25876): Couldn't load memtrack module (No such file or directory)
E/android.os.Debug(25876): failed to load memtrack module: -2
D/AndroidRuntime(25876): Calling main entry com.android.commands.monkey.Monkey
D/dalvikvm(25876): threadid=9: interp stack at 0x73b7c000
D/dalvikvm(25876): threadid=10: interp stack at 0x73c9c000
D/OppoSecureProtectUtils( 1655): Controller type = 1
W/BroadcastQueue( 1655): Skipping deliver [background] BroadcastRecord{43d59588 u-1 android.net.conn.CONNECTIVITY_CHANGE} to ReceiverList{43d593c8 25876 (unknown name)/2000/u-1 remote:43d591c8}: process crashing
I/ActivityManager( 1655): START u0 {act=android.intent.action.MAIN cat=[android.intent.category.LAUNCHER] flg=0x10200000 cmp=com.sixty.nidoneClient/.view.activity.SDK_WebApp} from pid 25876
E/ActivityManager( 1655): START {act=android.intent.action.MAIN cat=[android.intent.category.LAUNCHER] flg=0x10200000 cmp=com.sixty.nidoneClient/.view.activity.SDK_WebApp u=0} from pid 25876
D/ActivityManager( 1655): ACT-moveHomeTask toFront : false homeInFront = false
D/ActivityManager( 1655): launchFlags = 10200000, launchMode = 2, realActivity = ComponentInfo{com.sixty.nidoneClient/com.sixty.nidoneClient.view.activity.SDK_WebApp}, task.realActivity = ComponentInfo{com.sixty.nidoneClient/com.sixty.nidoneClient.view.activity.SDK_WebApp}
I/ActivityManager( 1655): topActivity.packageName = com.sixty.nidoneClient
I/ouyang100(13777):     Activity onPause^^^^^^^^^^^^^^com.sixty.nidoneClient
I/DCloud_LOG(13777): onPause
D/miniserver(13777): close serversocket port=13131
I/System.out(13777): [CDS]close[13131]
D/WebView (13777): evaluateJavascript=javascript:(function(){if(!((window.__html5plus__&&__html5plus__.isReady)?__html5plus__:(navigator.plus&&navigator.plus.isReady)?navigator.plus:window.plus)){window.__load__plus__&&window.__load__plus__();}var e = document.createEvent('HTMLEvents');var evt = 'pause';e.initEvent(evt, false, true);/*console.log('dispatch ' + evt + ' event');*/document.dispatchEvent(e);})();
V/websync (13777): *** WebSyncManager stopSync ***, Ref count:1
D/WebView (13777): evaluateJavascript=javascript:try{if(((window.__html5plus__&&__html5plus__.isReady)?__html5plus__:(navigator.plus&&navigator.plus.isReady)?navigator.plus:window.plus).runtime){((window.__html5plus__&&__html5plus__.isReady)?__html5plus__:(navigator.plus&&navigator.plus.isReady)?navigator.plus:window.plus).runtime.arguments = "";}}catch(e){};if(((window.__html5plus__&&__html5plus__.isReady)?__html5plus__:(navigator.plus&&navigator.plus.isReady)?navigator.plus:window.plus).runtime){((window.__html5plus__&&__html5plus__.isReady)?__html5plus__:(navigator.plus&&navigator.plus.isReady)?navigator.plus:window.plus).runtime.launcher = 'default';}if(((window.__html5plus__&&__html5plus__.isReady)?__html5plus__:(navigator.plus&&navigator.plus.isReady)?navigator.plus:window.plus).runtime){((window.__html5plus__&&__html5plus__.isReady)?__html5plus__:(navigator.plus&&navigator.plus.isReady)?navigator.plus:window.plus).runtime.origin = 'default';}javascript:(function(){if(!((window.__html5plus__&&__html5plus__.isReady)?__html5plus__:(navigator.plus&&navigator.plus.isReady)?navigator.plus:window.plus)){window.__load__plus__&&window.__load__plus__();}var e = document.createEvent('HTMLEvents');var evt = 'newintent';e.initEvent(evt, false, true);/*console.log('dispatch ' + evt + ' event');*/document.dispatchEvent(e);})();
I/ouyang100(13777):     Activity onResume^^^^^^^^^^^^^^com.sixty.nidoneClient
I/DCloud_LOG(13777): onResume resumeTime=1514279683134
I/System.out(13777): close [socket][/0.0.0.0:-1]
W/System.err(13777): java.net.SocketException: Socket closed
W/System.err(13777): 	at libcore.io.Posix.accept(Native Method)
W/System.err(13777): 	at libcore.io.BlockGuardOs.accept(BlockGuardOs.java:55)
W/System.err(13777): 	at java.net.PlainSocketImpl.accept(PlainSocketImpl.java:98)
W/System.err(13777): 	at java.net.ServerSocket.implAccept(ServerSocket.java:203)
W/System.err(13777): 	at java.net.ServerSocket.accept(ServerSocket.java:128)
W/System.err(13777): 	at io.dcloud.common.util.net.http.LocalServer.run(LocalServer.java:62)
I/System.out(13777): tcp port:13131
W/System.err(13777): 	at java.lang.Thread.run(Thread.java:848)
W/System.err(13777): java.net.SocketException: Socket closed
W/System.err(13777): 	at libcore.io.Posix.accept(Native Method)
W/System.err(13777): 	at libcore.io.BlockGuardOs.accept(BlockGuardOs.java:55)
W/System.err(13777): 	at java.net.PlainSocketImpl.accept(PlainSocketImpl.java:98)
W/System.err(13777): 	at java.net.ServerSocket.implAccept(ServerSocket.java:203)
W/System.err(13777): 	at java.net.ServerSocket.accept(ServerSocket.java:128)
W/System.err(13777): 	at io.dcloud.common.util.net.http.LocalServer.run(LocalServer.java:62)
W/System.err(13777): 	at java.lang.Thread.run(Thread.java:848)
I/System.out(13777): io.dcloud.common.util.net.http.LocalServer.<init>(LocalServer.java:26)
D/dalvikvm(13777): create interp thread : stack size=128KB
D/dalvikvm(13777): create new thread
D/dalvikvm(13777): new thread created
D/dalvikvm(13777): update thread list
D/dalvikvm(13777): threadid=88: interp stack at 0x7be16000
W/DCloud_Exception(13777): Exception stop mPort=13131;socket=
W/DCloud_Exception(13777): java.net.SocketException: Socket closed
W/DCloud_Exception(13777): 	at libcore.io.Posix.accept(Native Method)
W/DCloud_Exception(13777): 	at libcore.io.BlockGuardOs.accept(BlockGuardOs.java:55)
W/DCloud_Exception(13777): 	at java.net.PlainSocketImpl.accept(PlainSocketImpl.java:98)
W/DCloud_Exception(13777): 	at java.net.ServerSocket.implAccept(ServerSocket.java:203)
W/DCloud_Exception(13777): 	at java.net.ServerSocket.accept(ServerSocket.java:128)
W/DCloud_Exception(13777): 	at io.dcloud.common.util.net.http.LocalServer.run(LocalServer.java:62)
W/DCloud_Exception(13777): 	at java.lang.Thread.run(Thread.java:848)
D/dalvikvm(13777): threadid=88: created from interp
D/dalvikvm(13777): start new thread
D/dalvikvm(13777): threadid=88: notify debugger
D/WebView (13777): evaluateJavascript=javascript:(function(){if(!((window.__html5plus__&&__html5plus__.isReady)?__html5plus__:(navigator.plus&&navigator.plus.isReady)?navigator.plus:window.plus)){window.__load__plus__&&window.__load__plus__();}var e = document.createEvent('HTMLEvents');var evt = 'resume';e.initEvent(evt, false, true);/*console.log('dispatch ' + evt + ' event');*/document.dispatchEvent(e);})();
D/dalvikvm(13777): threadid=88 (Thread-1369): calling run()
D/miniserver(13777): 13131 serversocket running...
V/websync (13777): ***  WebSyncManager startSync ***, Ref count:0
D/ActivityThread(13777): ACT-NEW_INTENT handled : 0 / NewIntentData{intents=[Intent { act=android.intent.action.MAIN cat=[android.intent.category.LAUNCHER] flg=0x10200000 cmp=com.sixty.nidoneClient/.view.activity.SDK_WebApp }] token=android.os.BinderProxy@441bbd58}
D/dalvikvm(13777): threadid=68: exiting
D/dalvikvm(13777): threadid=68: bye!
W/ADB_SERVICES(  297): create_local_service_socket() name=shell:ps
W/ADB_SERVICES(  297): service_to_fd() name=shell:ps
W/ADB_SERVICES(  297): read_meminfo() mem_free=143560
W/ADB_SERVICES(  297): create_subprocess() ret_fd=17 pid=25890
W/ADB_SERVICES(  297): LS(7014): bound to 'shell:ps' via 17
W/ADB_SERVICES(25890): adb: unable to open /proc/25890/oom_adj
D/WifiStateMachine( 1655): ConnectedState{ when=-2ms what=131155 arg1=14 target=com.android.internal.util.StateMachine$SmHandler target=Handler (com.android.internal.util.StateMachine$SmHandler) {43142030} }
D/WifiStateMachine( 1655): L2ConnectedState{ when=-3ms what=131155 arg1=14 target=com.android.internal.util.StateMachine$SmHandler target=Handler (com.android.internal.util.StateMachine$SmHandler) {43142030} }
D/WifiHW  ( 1655): enter -->wifi_send_command cmd=IFNAME=wlan0 SIGNAL_POLL
D/wpa_supplicant( 3981): RX ctrl_iface - hexdump(len=11): 53 49 47 4e 41 4c 5f 50 4f 4c 4c
D/wpa_supplicant( 3981): wlan0: Control interface command 'SIGNAL_POLL'
D/wpa_supplicant( 3981): nl80211: survey data missing!
D/wpa_supplicant( 3981): signal poll, reply_len=48
D/wpa_ctrl( 1655): reply_len=4095
D/WifiHW  ( 1655): leave --> reply=RSSI=-46
D/WifiHW  ( 1655): LINKSPEED=65
D/WifiHW  ( 1655): NOISE=9999
D/WifiHW  ( 1655): FREQUENCY=2412
D/WifiHW  ( 1655): 
D/wifi    ( 1655): doStringCommand, buf IFNAME=wlan0 SIGNAL_POLL
I/WifiStateMachine( 1655): fetchRssiAndLinkSpeedNative, newRssi:-46, newLinkSpeed:65, SSID:"60_dev_01"
D/WifiStateMachine( 1655): mRssiArray[0] = -44
D/WifiStateMachine( 1655): mRssiArray[1] = -44
D/WifiStateMachine( 1655): mRssiArray[2] = -44
D/WifiStateMachine( 1655): mRssiArray[3] = -44
D/WifiStateMachine( 1655): mRssiArray[4] = -46
D/WifiStateMachine( 1655): GetFilterRssi is : -44
D/WifiStateMachine( 1655): mLastSignalLevel:4, newSignalLevel:4
D/WifiStateMachine( 1655): fetchRssiAndLinkSpeedNative, ipAddr:1795166380
D/WindowManager( 1655): interceptKeyTq: result=1 keycode=19 screenIsOn=true keyguardActive=false policyFlags = #b000000 down =true canceled = false isWakeKey=false mVolumeDownKeyTriggered =false mVolumeUpKeyTriggered =false
D/ADB_SERVICES(  297):  closing because is_eof=1 r=1 s->fde.force_eof=0
W/ADB_SERVICES(  297): entered. LS(7014) fd=17
D/LightsService( 1655): setLight_native: light=2, colorARGB=0xff404040, flashMode=0, onMS=0, offMS=0, brightnessMode=0
D/lights  ( 1655): write_int open fd=-1
D/WindowManager( 1655): interceptKeyTi keyCode=19 down=true repeatCount=0 keyguardOn=false mHomePressed=false canceled=false metaState:0
D/WindowManager( 1655): interceptKeyTq: result=1 keycode=19 screenIsOn=true keyguardActive=false policyFlags = #b000000 down =false canceled = false isWakeKey=false mVolumeDownKeyTriggered =false mVolumeUpKeyTriggered =false
D/WindowManager( 1655): interceptKeyTi keyCode=19 down=false repeatCount=0 keyguardOn=false mHomePressed=false canceled=false metaState:0
W/ADB_SERVICES(  297): create_local_service_socket() name=shell:cat /proc/13777/status
W/ADB_SERVICES(  297): service_to_fd() name=shell:cat /proc/13777/status
W/ADB_SERVICES(  297): read_meminfo() mem_free=143180
W/ADB_SERVICES(  297): create_subprocess() ret_fd=17 pid=25891
W/ADB_SERVICES(  297): LS(7015): bound to 'shell:cat /proc/13777/status' via 17
W/ADB_SERVICES(25891): adb: unable to open /proc/25891/oom_adj
D/ADB_SERVICES(  297):  closing because is_eof=1 r=-1 s->fde.force_eof=0
