W/ADB_SERVICES(  297): entered. LS(7015) fd=17
I/chromium(13777): [INFO:resource_provider.cc(1770)] [StartRaster] allocated=[1] image_id=[1065] buffer=[0x868fe000] stride=[1536]
I/chromium(13777): [INFO:image_raster_worker_pool.cc(75)] [RunOnWorkerThread] --------------
I/chromium(13777): [INFO:resource_provider.cc(1770)] [StartRaster] allocated=[1] image_id=[1091] buffer=[0x8698e000] stride=[2048]
I/chromium(13777): [INFO:image_raster_worker_pool.cc(75)] [RunOnWorkerThread] --------------
I/chromium(13777): [INFO:resource_provider.cc(1770)] [StartRaster] allocated=[1] image_id=[1055] buffer=[0x85d82000] stride=[1536]
I/chromium(13777): [INFO:image_raster_worker_pool.cc(75)] [RunOnWorkerThread] --------------
I/chromium(13777): [INFO:resource_provider.cc(1770)] [StartRaster] allocated=[1] image_id=[1092] buffer=[0x86e8b000] stride=[2048]
I/chromium(13777): [INFO:image_raster_worker_pool.cc(75)] [RunOnWorkerThread] --------------
I/[MALI][Gralloc](13777): [MTK]GRALLOC enter alloc_device_alloc()! pHandle=0x0x7f65f0ac
I/[MALI][Gralloc](13777): usage: 0x133, format: 0x1 stride: 512 vertical_stride: 192 size: 393216
I/[MALI][Gralloc](13777): [MTK]GRALLOC ready to go ion alloc arrrrrrrrr!!!! pHandle=0x0x7f65f0ac
D/GraphicBuffer(13777): alloc, handle(0x88e905d8) (w:512 h:192 s:512 f:0x1 u:0x000133) err(0)
I/chromium(13777): [INFO:resource_provider.cc(1770)] [StartRaster] allocated=[1] image_id=[1099] buffer=[0x7c0b6000] stride=[2048]
I/chromium(13777): [INFO:gpu_control_service.cc(81)] [GpuControlService::RegisterGpuBuffer] [13777] id=[1099]
I/chromium(13777): [INFO:image_raster_worker_pool.cc(75)] [RunOnWorkerThread] --------------
I/[MALI][Gralloc](13777): [MTK]GRALLOC enter alloc_device_alloc()! pHandle=0x0x80fe44d4
I/[MALI][Gralloc](13777): usage: 0x133, format: 0x1 stride: 320 vertical_stride: 192 size: 245760
I/[MALI][Gralloc](13777): [MTK]GRALLOC ready to go ion alloc arrrrrrrrr!!!! pHandle=0x0x80fe44d4
D/GraphicBuffer(13777): alloc, handle(0x84e01df8) (w:320 h:192 s:320 f:0x1 u:0x000133) err(0)
I/chromium(13777): [INFO:resource_provider.cc(1770)] [StartRaster] allocated=[1] image_id=[1100] buffer=[0x7c116000] stride=[1280]
I/chromium(13777): [INFO:gpu_control_service.cc(81)] [GpuControlService::RegisterGpuBuffer] [13777] id=[1100]
I/chromium(13777): [INFO:image_raster_worker_pool.cc(75)] [RunOnWorkerThread] --------------
I/[MALI][Gralloc](13777): [MTK]GRALLOC enter alloc_device_alloc()! pHandle=0x0x80d6db14
I/[MALI][Gralloc](13777): usage: 0x133, format: 0x1 stride: 320 vertical_stride: 192 size: 245760
I/[MALI][Gralloc](13777): [MTK]GRALLOC ready to go ion alloc arrrrrrrrr!!!! pHandle=0x0x80d6db14
D/GraphicBuffer(13777): alloc, handle(0x73d1fde0) (w:320 h:192 s:320 f:0x1 u:0x000133) err(0)
I/chromium(13777): [INFO:resource_provider.cc(1770)] [StartRaster] allocated=[1] image_id=[1101] buffer=[0x7c152000] stride=[1280]
I/chromium(13777): [INFO:gpu_control_service.cc(81)] [GpuControlService::RegisterGpuBuffer] [13777] id=[1101]
I/chromium(13777): [INFO:image_raster_worker_pool.cc(75)] [RunOnWorkerThread] --------------
I/chromium(13777): [INFO:resource_provider.cc(1770)] [StartRaster] allocated=[1] image_id=[1062] buffer=[0x865d9000] stride=[1536]
I/chromium(13777): [INFO:image_raster_worker_pool.cc(75)] [RunOnWorkerThread] --------------
I/[MALI][Gralloc](13777): [MTK]GRALLOC enter alloc_device_alloc()! pHandle=0x0x7f44a48c
I/[MALI][Gralloc](13777): usage: 0x133, format: 0x1 stride: 512 vertical_stride: 192 size: 393216
I/[MALI][Gralloc](13777): [MTK]GRALLOC ready to go ion alloc arrrrrrrrr!!!! pHandle=0x0x7f44a48c
D/GraphicBuffer(13777): alloc, handle(0x82320218) (w:512 h:192 s:512 f:0x1 u:0x000133) err(0)
I/chromium(13777): [INFO:resource_provider.cc(1770)] [StartRaster] allocated=[1] image_id=[1102] buffer=[0x87af6000] stride=[2048]
I/chromium(13777): [INFO:gpu_control_service.cc(81)] [GpuControlService::RegisterGpuBuffer] [13777] id=[1102]
I/chromium(13777): [INFO:image_raster_worker_pool.cc(75)] [RunOnWorkerThread] --------------
I/[MALI][Gralloc](13777): [MTK]GRALLOC enter alloc_device_alloc()! pHandle=0x0x8bf038e4
I/[MALI][Gralloc](13777): usage: 0x133, format: 0x1 stride: 320 vertical_stride: 192 size: 245760
I/[MALI][Gralloc](13777): [MTK]GRALLOC ready to go ion alloc arrrrrrrrr!!!! pHandle=0x0x8bf038e4
D/GraphicBuffer(13777): alloc, handle(0x89d2ace0) (w:320 h:192 s:320 f:0x1 u:0x000133) err(0)
I/chromium(13777): [INFO:resource_provider.cc(1770)] [StartRaster] allocated=[1] image_id=[1103] buffer=[0x858ea000] stride=[1280]
I/chromium(13777): [INFO:gpu_control_service.cc(81)] [GpuControlService::RegisterGpuBuffer] [13777] id=[1103]
I/chromium(13777): [INFO:image_raster_worker_pool.cc(75)] [RunOnWorkerThread] --------------
I/[MALI][Gralloc](13777): [MTK]GRALLOC enter alloc_device_alloc()! pHandle=0x0x89082abc
I/[MALI][Gralloc](13777): usage: 0x133, format: 0x1 stride: 320 vertical_stride: 192 size: 245760
I/[MALI][Gralloc](13777): [MTK]GRALLOC ready to go ion alloc arrrrrrrrr!!!! pHandle=0x0x89082abc
D/GraphicBuffer(13777): alloc, handle(0x862411f0) (w:320 h:192 s:320 f:0x1 u:0x000133) err(0)
I/chromium(13777): [INFO:resource_provider.cc(1770)] [StartRaster] allocated=[1] image_id=[1104] buffer=[0x87b56000] stride=[1280]
I/chromium(13777): [INFO:gpu_control_service.cc(81)] [GpuControlService::RegisterGpuBuffer] [13777] id=[1104]
I/chromium(13777): [INFO:image_raster_worker_pool.cc(75)] [RunOnWorkerThread] --------------
I/chromium(13777): [INFO:resource_provider.cc(1770)] [StartRaster] allocated=[1] image_id=[1043] buffer=[0x846fe000] stride=[1536]
I/chromium(13777): [INFO:image_raster_worker_pool.cc(75)] [RunOnWorkerThread] --------------
I/chromium(13777): [INFO:resource_provider.cc(1770)] [StartRaster] allocated=[1] image_id=[1053] buffer=[0x85c3a000] stride=[1536]
I/chromium(13777): [INFO:image_raster_worker_pool.cc(75)] [RunOnWorkerThread] --------------
I/chromium(13777): [INFO:resource_provider.cc(1770)] [StartRaster] allocated=[1] image_id=[1042] buffer=[0x843fa000] stride=[1536]
I/chromium(13777): [INFO:image_raster_worker_pool.cc(75)] [RunOnWorkerThread] --------------
I/[MALI][Gralloc](13777): [MTK]GRALLOC enter alloc_device_alloc()! pHandle=0x0x82097df4
I/[MALI][Gralloc](13777): usage: 0x133, format: 0x1 stride: 512 vertical_stride: 192 size: 393216
I/[MALI][Gralloc](13777): [MTK]GRALLOC ready to go ion alloc arrrrrrrrr!!!! pHandle=0x0x82097df4
D/GraphicBuffer(13777): alloc, handle(0x8553bb40) (w:512 h:192 s:512 f:0x1 u:0x000133) err(0)
I/chromium(13777): [INFO:resource_provider.cc(1770)] [StartRaster] allocated=[1] image_id=[1105] buffer=[0x87b92000] stride=[2048]
I/chromium(13777): [INFO:gpu_control_service.cc(81)] [GpuControlService::RegisterGpuBuffer] [13777] id=[1105]
I/chromium(13777): [INFO:image_raster_worker_pool.cc(75)] [RunOnWorkerThread] --------------
I/[MALI][Gralloc](13777): [MTK]GRALLOC enter alloc_device_alloc()! pHandle=0x0x87ec4094
I/[MALI][Gralloc](13777): usage: 0x133, format: 0x1 stride: 512 vertical_stride: 192 size: 393216
I/[MALI][Gralloc](13777): [MTK]GRALLOC ready to go ion alloc arrrrrrrrr!!!! pHandle=0x0x87ec4094
D/GraphicBuffer(13777): alloc, handle(0x88f987e8) (w:512 h:192 s:512 f:0x1 u:0x000133) err(0)
I/chromium(13777): [INFO:resource_provider.cc(1770)] [StartRaster] allocated=[1] image_id=[1106] buffer=[0x87ef6000] stride=[2048]
I/chromium(13777): [INFO:gpu_control_service.cc(81)] [GpuControlService::RegisterGpuBuffer] [13777] id=[1106]
I/chromium(13777): [INFO:image_raster_worker_pool.cc(75)] [RunOnWorkerThread] --------------
I/[MALI][Gralloc](13777): [MTK]GRALLOC enter alloc_device_alloc()! pHandle=0x0x8583a9ac
I/[MALI][Gralloc](13777): usage: 0x133, format: 0x1 stride: 512 vertical_stride: 128 size: 262144
I/[MALI][Gralloc](13777): [MTK]GRALLOC ready to go ion alloc arrrrrrrrr!!!! pHandle=0x0x8583a9ac
D/GraphicBuffer(13777): alloc, handle(0x82afdba8) (w:512 h:128 s:512 f:0x1 u:0x000133) err(0)
W/ADB_SERVICES(  297): create_local_service_socket() name=shell:cat /proc/cpuinfo
W/ADB_SERVICES(  297): service_to_fd() name=shell:cat /proc/cpuinfo
I/chromium(13777): [INFO:resource_provider.cc(1770)] [StartRaster] allocated=[1] image_id=[1107] buffer=[0x87e1b000] stride=[2048]
I/chromium(13777): [INFO:gpu_control_service.cc(81)] [GpuControlService::RegisterGpuBuffer] [13777] id=[1107]
I/chromium(13777): [INFO:image_raster_worker_pool.cc(75)] [RunOnWorkerThread] --------------
W/ADB_SERVICES(  297): read_meminfo() mem_free=143180
I/[MALI][Gralloc](13777): [MTK]GRALLOC enter alloc_device_alloc()! pHandle=0x0x82e0e8fc
I/[MALI][Gralloc](13777): usage: 0x133, format: 0x1 stride: 512 vertical_stride: 128 size: 262144
I/[MALI][Gralloc](13777): [MTK]GRALLOC ready to go ion alloc arrrrrrrrr!!!! pHandle=0x0x82e0e8fc
D/GraphicBuffer(13777): alloc, handle(0x82e0e9b0) (w:512 h:128 s:512 f:0x1 u:0x000133) err(0)
I/chromium(13777): [INFO:resource_provider.cc(1770)] [StartRaster] allocated=[1] image_id=[1108] buffer=[0x87f7f000] stride=[2048]
W/ADB_SERVICES(  297): create_subprocess() ret_fd=17 pid=25892
W/ADB_SERVICES(  297): LS(7016): bound to 'shell:cat /proc/cpuinfo' via 17
I/chromium(13777): [INFO:gpu_control_service.cc(81)] [GpuControlService::RegisterGpuBuffer] [13777] id=[1108]
W/ADB_SERVICES(25892): adb: unable to open /proc/25892/oom_adj
I/chromium(13777): [INFO:image_raster_worker_pool.cc(75)] [RunOnWorkerThread] --------------
I/chromium(13777): [INFO:resource_provider.cc(1770)] [StartRaster] allocated=[1] image_id=[1051] buffer=[0x8585a000] stride=[1536]
I/chromium(13777): [INFO:image_raster_worker_pool.cc(75)] [RunOnWorkerThread] --------------
I/chromium(13777): [INFO:resource_provider.cc(1770)] [StartRaster] allocated=[1] image_id=[1037] buffer=[0x82d0e000] stride=[1536]
I/chromium(13777): [INFO:image_raster_worker_pool.cc(75)] [RunOnWorkerThread] --------------
I/chromium(13777): [INFO:resource_provider.cc(1770)] [StartRaster] allocated=[1] image_id=[1093] buffer=[0x8978c000] stride=[1536]
I/chromium(13777): [INFO:image_raster_worker_pool.cc(75)] [RunOnWorkerThread] --------------
I/[MALI][Gralloc](13777): [MTK]GRALLOC enter alloc_device_alloc()! pHandle=0x0x8641c234
I/[MALI][Gralloc](13777): usage: 0x133, format: 0x1 stride: 512 vertical_stride: 192 size: 393216
I/[MALI][Gralloc](13777): [MTK]GRALLOC ready to go ion alloc arrrrrrrrr!!!! pHandle=0x0x8641c234
D/GraphicBuffer(13777): alloc, handle(0x8956ba20) (w:512 h:192 s:512 f:0x1 u:0x000133) err(0)
I/chromium(13777): [INFO:resource_provider.cc(1770)] [StartRaster] allocated=[1] image_id=[1109] buffer=[0x890c4000] stride=[2048]
I/chromium(13777): [INFO:gpu_control_service.cc(81)] [GpuControlService::RegisterGpuBuffer] [13777] id=[1109]
D/ADB_SERVICES(  297):  closing because is_eof=1 r=1 s->fde.force_eof=0
W/ADB_SERVICES(  297): entered. LS(7016) fd=17
I/chromium(13777): [INFO:image_raster_worker_pool.cc(75)] [RunOnWorkerThread] --------------
I/[MALI][Gralloc](13777): [MTK]GRALLOC enter alloc_device_alloc()! pHandle=0x0x8932f6bc
I/[MALI][Gralloc](13777): usage: 0x133, format: 0x1 stride: 512 vertical_stride: 128 size: 262144
I/[MALI][Gralloc](13777): [MTK]GRALLOC ready to go ion alloc arrrrrrrrr!!!! pHandle=0x0x8932f6bc
D/GraphicBuffer(13777): alloc, handle(0x862c9f78) (w:512 h:128 s:512 f:0x1 u:0x000133) err(0)
I/chromium(13777): [INFO:resource_provider.cc(1770)] [StartRaster] allocated=[1] image_id=[1110] buffer=[0x88be1000] stride=[2048]
I/chromium(13777): [INFO:image_raster_worker_pool.cc(75)] [RunOnWorkerThread] --------------
I/chromium(13777): [INFO:gpu_control_service.cc(81)] [GpuControlService::RegisterGpuBuffer] [13777] id=[1110]
I/[MALI][Gralloc](13777): [MTK]GRALLOC enter alloc_device_alloc()! pHandle=0x0x8909e344
I/[MALI][Gralloc](13777): usage: 0x133, format: 0x1 stride: 512 vertical_stride: 192 size: 393216
I/[MALI][Gralloc](13777): [MTK]GRALLOC ready to go ion alloc arrrrrrrrr!!!! pHandle=0x0x8909e344
D/GraphicBuffer(13777): alloc, handle(0x8909e380) (w:512 h:192 s:512 f:0x1 u:0x000133) err(0)
I/chromium(13777): [INFO:resource_provider.cc(1770)] [StartRaster] allocated=[1] image_id=[1111] buffer=[0x89b55000] stride=[2048]
I/chromium(13777): [INFO:gpu_control_service.cc(81)] [GpuControlService::RegisterGpuBuffer] [13777] id=[1111]
I/chromium(13777): [INFO:image_raster_worker_pool.cc(75)] [RunOnWorkerThread] --------------
I/[MALI][Gralloc](13777): [MTK]GRALLOC enter alloc_device_alloc()! pHandle=0x0x87e13edc
I/[MALI][Gralloc](13777): usage: 0x133, format: 0x1 stride: 512 vertical_stride: 128 size: 262144
I/[MALI][Gralloc](13777): [MTK]GRALLOC ready to go ion alloc arrrrrrrrr!!!! pHandle=0x0x87e13edc
D/GraphicBuffer(13777): alloc, handle(0x864e5de0) (w:512 h:128 s:512 f:0x1 u:0x000133) err(0)
I/chromium(13777): [INFO:resource_provider.cc(1770)] [StartRaster] allocated=[1] image_id=[1112] buffer=[0x88e20000] stride=[2048]
I/chromium(13777): [INFO:image_raster_worker_pool.cc(75)] [RunOnWorkerThread] --------------
I/chromium(13777): [INFO:gpu_control_service.cc(81)] [GpuControlService::RegisterGpuBuffer] [13777] id=[1112]
I/chromium(13777): [INFO:resource_provider.cc(1770)] [StartRaster] allocated=[1] image_id=[1048] buffer=[0x84adf000] stride=[1536]
I/chromium(13777): [INFO:image_raster_worker_pool.cc(75)] [RunOnWorkerThread] --------------
I/chromium(13777): [INFO:resource_provider.cc(1770)] [StartRaster] allocated=[1] image_id=[1070] buffer=[0x86d6b000] stride=[1536]
I/chromium(13777): [INFO:image_raster_worker_pool.cc(75)] [RunOnWorkerThread] --------------
I/chromium(13777): [INFO:resource_provider.cc(1770)] [StartRaster] allocated=[1] image_id=[1084] buffer=[0x896fc000] stride=[1536]
I/chromium(13777): [INFO:image_raster_worker_pool.cc(75)] [RunOnWorkerThread] --------------
I/chromium(13777): [INFO:resource_provider.cc(1770)] [StartRaster] allocated=[1] image_id=[1057] buffer=[0x85fce000] stride=[1536]
I/chromium(13777): [INFO:image_raster_worker_pool.cc(75)] [RunOnWorkerThread] --------------
I/chromium(13777): [INFO:resource_provider.cc(1770)] [StartRaster] allocated=[1] image_id=[1081] buffer=[0x8886e000] stride=[1536]
I/chromium(13777): [INFO:image_raster_worker_pool.cc(75)] [RunOnWorkerThread] --------------
I/chromium(13777): [INFO:resource_provider.cc(1770)] [StartRaster] allocated=[1] image_id=[1049] buffer=[0x853f8000] stride=[1536]
I/chromium(13777): [INFO:image_raster_worker_pool.cc(75)] [RunOnWorkerThread] --------------
I/chromium(13777): [INFO:resource_provider.cc(1770)] [StartRaster] allocated=[1] image_id=[1050] buffer=[0x85749000] stride=[1536]
I/chromium(13777): [INFO:image_raster_worker_pool.cc(75)] [RunOnWorkerThread] --------------
I/chromium(13777): [INFO:resource_provider.cc(1770)] [StartRaster] allocated=[1] image_id=[1052] buffer=[0x85b10000] stride=[1536]
I/chromium(13777): [INFO:image_raster_worker_pool.cc(75)] [RunOnWorkerThread] --------------
I/chromium(13777): [INFO:resource_provider.cc(1770)] [StartRaster] allocated=[1] image_id=[1069] buffer=[0x86cdb000] stride=[1536]
I/chromium(13777): [INFO:image_raster_worker_pool.cc(75)] [RunOnWorkerThread] --------------
I/chromium(13777): [INFO:resource_provider.cc(1770)] [StartRaster] allocated=[1] image_id=[1071] buffer=[0x86dfb000] stride=[1536]
I/chromium(13777): [INFO:image_raster_worker_pool.cc(75)] [RunOnWorkerThread] --------------
I/chromium(13777): [INFO:resource_provider.cc(1770)] [StartRaster] allocated=[1] image_id=[1039] buffer=[0x83bfc000] stride=[1536]
I/chromium(13777): [INFO:image_raster_worker_pool.cc(75)] [RunOnWorkerThread] --------------
I/[MALI][Gralloc](13777): [MTK]GRALLOC enter alloc_device_alloc()! pHandle=0x0x84e372fc
I/[MALI][Gralloc](13777): usage: 0x133, format: 0x1 stride: 384 vertical_stride: 384 size: 589824
I/[MALI][Gralloc](13777): [MTK]GRALLOC ready to go ion alloc arrrrrrrrr!!!! pHandle=0x0x84e372fc
D/GraphicBuffer(13777): alloc, handle(0x79d25f78) (w:384 h:384 s:384 f:0x1 u:0x000133) err(0)
I/chromium(13777): [INFO:resource_provider.cc(1770)] [StartRaster] allocated=[1] image_id=[1113] buffer=[0x89c01000] stride=[1536]
I/chromium(13777): [INFO:image_raster_worker_pool.cc(75)] [RunOnWorkerThread] --------------
I/chromium(13777): [INFO:gpu_control_service.cc(81)] [GpuControlService::RegisterGpuBuffer] [13777] id=[1113]
I/[MALI][Gralloc](13777): [MTK]GRALLOC enter alloc_device_alloc()! pHandle=0x0x823c8ec4
I/[MALI][Gralloc](13777): usage: 0x133, format: 0x1 stride: 384 vertical_stride: 384 size: 589824
I/[MALI][Gralloc](13777): [MTK]GRALLOC ready to go ion alloc arrrrrrrrr!!!! pHandle=0x0x823c8ec4
D/GraphicBuffer(13777): alloc, handle(0x823c8f78) (w:384 h:384 s:384 f:0x1 u:0x000133) err(0)
I/chromium(13777): [INFO:resource_provider.cc(1770)] [StartRaster] allocated=[1] image_id=[1114] buffer=[0x89c91000] stride=[1536]
I/chromium(13777): [INFO:gpu_control_service.cc(81)] [GpuControlService::RegisterGpuBuffer] [13777] id=[1114]
I/chromium(13777): [INFO:image_raster_worker_pool.cc(75)] [RunOnWorkerThread] --------------
I/[MALI][Gralloc](13777): [MTK]GRALLOC enter alloc_device_alloc()! pHandle=0x0x861f262c
I/[MALI][Gralloc](13777): usage: 0x133, format: 0x1 stride: 384 vertical_stride: 384 size: 589824
I/[MALI][Gralloc](13777): [MTK]GRALLOC ready to go ion alloc arrrrrrrrr!!!! pHandle=0x0x861f262c
D/GraphicBuffer(13777): alloc, handle(0x7fc8df78) (w:384 h:384 s:384 f:0x1 u:0x000133) err(0)
I/chromium(13777): [INFO:resource_provider.cc(1770)] [StartRaster] allocated=[1] image_id=[1115] buffer=[0x89d45000] stride=[1536]
I/chromium(13777): [INFO:gpu_control_service.cc(81)] [GpuControlService::RegisterGpuBuffer] [13777] id=[1115]
I/chromium(13777): [INFO:image_raster_worker_pool.cc(75)] [RunOnWorkerThread] --------------
I/[MALI][Gralloc](13777): [MTK]GRALLOC enter alloc_device_alloc()! pHandle=0x0x89d3ad5c
I/[MALI][Gralloc](13777): usage: 0x133, format: 0x1 stride: 384 vertical_stride: 384 size: 589824
I/[MALI][Gralloc](13777): [MTK]GRALLOC ready to go ion alloc arrrrrrrrr!!!! pHandle=0x0x89d3ad5c
D/GraphicBuffer(13777): alloc, handle(0x85c38fa8) (w:384 h:384 s:384 f:0x1 u:0x000133) err(0)
I/chromium(13777): [INFO:resource_provider.cc(1770)] [StartRaster] allocated=[1] image_id=[1116] buffer=[0x89dd5000] stride=[1536]
I/chromium(13777): [INFO:image_raster_worker_pool.cc(75)] [RunOnWorkerThread] --------------
I/chromium(13777): [INFO:gpu_control_service.cc(81)] [GpuControlService::RegisterGpuBuffer] [13777] id=[1116]
I/[MALI][Gralloc](13777): [MTK]GRALLOC enter alloc_device_alloc()! pHandle=0x0x79da1f9c
I/[MALI][Gralloc](13777): usage: 0x133, format: 0x1 stride: 384 vertical_stride: 384 size: 589824
I/[MALI][Gralloc](13777): [MTK]GRALLOC ready to go ion alloc arrrrrrrrr!!!! pHandle=0x0x79da1f9c
D/GraphicBuffer(13777): alloc, handle(0x7eb622b0) (w:384 h:384 s:384 f:0x1 u:0x000133) err(0)
I/chromium(13777): [INFO:gpu_control_service.cc(81)] [GpuControlService::RegisterGpuBuffer] [13777] id=[1117]
I/chromium(13777): [INFO:resource_provider.cc(1770)] [StartRaster] allocated=[1] image_id=[1117] buffer=[0x89e6f000] stride=[1536]
I/chromium(13777): [INFO:image_raster_worker_pool.cc(75)] [RunOnWorkerThread] --------------
I/[MALI][Gralloc](13777): [MTK]GRALLOC enter alloc_device_alloc()! pHandle=0x0x8a5ecf14
I/[MALI][Gralloc](13777): usage: 0x133, format: 0x1 stride: 384 vertical_stride: 384 size: 589824
I/[MALI][Gralloc](13777): [MTK]GRALLOC ready to go ion alloc arrrrrrrrr!!!! pHandle=0x0x8a5ecf14
D/GraphicBuffer(13777): alloc, handle(0x89d3ada0) (w:384 h:384 s:384 f:0x1 u:0x000133) err(0)
I/chromium(13777): [INFO:resource_provider.cc(1770)] [StartRaster] allocated=[1] image_id=[1118] buffer=[0x89f03000] stride=[1536]
I/chromium(13777): [INFO:image_raster_worker_pool.cc(75)] [RunOnWorkerThread] --------------
I/chromium(13777): [INFO:gpu_control_service.cc(81)] [GpuControlService::RegisterGpuBuffer] [13777] id=[1118]
I/[MALI][Gralloc](13777): [MTK]GRALLOC enter alloc_device_alloc()! pHandle=0x0x823391c4
I/[MALI][Gralloc](13777): usage: 0x133, format: 0x1 stride: 384 vertical_stride: 384 size: 589824
I/[MALI][Gralloc](13777): [MTK]GRALLOC ready to go ion alloc arrrrrrrrr!!!! pHandle=0x0x823391c4
D/GraphicBuffer(13777): alloc, handle(0x8a5ecfd0) (w:384 h:384 s:384 f:0x1 u:0x000133) err(0)
I/chromium(13777): [INFO:resource_provider.cc(1770)] [StartRaster] allocated=[1] image_id=[1119] buffer=[0x89ff9000] stride=[1536]
I/chromium(13777): [INFO:gpu_control_service.cc(81)] [GpuControlService::RegisterGpuBuffer] [13777] id=[1119]
I/chromium(13777): [INFO:image_raster_worker_pool.cc(75)] [RunOnWorkerThread] --------------
I/[MALI][Gralloc](13777): [MTK]GRALLOC enter alloc_device_alloc()! pHandle=0x0x858240b4
I/[MALI][Gralloc](13777): usage: 0x133, format: 0x1 stride: 384 vertical_stride: 384 size: 589824
I/[MALI][Gralloc](13777): [MTK]GRALLOC ready to go ion alloc arrrrrrrrr!!!! pHandle=0x0x858240b4
D/GraphicBuffer(13777): alloc, handle(0x79da1fe0) (w:384 h:384 s:384 f:0x1 u:0x000133) err(0)
W/ADB_SERVICES(  297): create_local_service_socket() name=shell:dumpsys battery
W/ADB_SERVICES(  297): service_to_fd() name=shell:dumpsys battery
I/chromium(13777): [INFO:resource_provider.cc(1770)] [StartRaster] allocated=[1] image_id=[1120] buffer=[0x8a206000] stride=[1536]
I/chromium(13777): [INFO:image_raster_worker_pool.cc(75)] [RunOnWorkerThread] --------------
I/chromium(13777): [INFO:gpu_control_service.cc(81)] [GpuControlService::RegisterGpuBuffer] [13777] id=[1120]
I/[MALI][Gralloc](13777): [MTK]GRALLOC enter alloc_device_alloc()! pHandle=0x0x89d3c4bc
I/[MALI][Gralloc](13777): usage: 0x133, format: 0x1 stride: 384 vertical_stride: 384 size: 589824
I/[MALI][Gralloc](13777): [MTK]GRALLOC ready to go ion alloc arrrrrrrrr!!!! pHandle=0x0x89d3c4bc
D/GraphicBuffer(13777): alloc, handle(0x85824170) (w:384 h:384 s:384 f:0x1 u:0x000133) err(0)
I/chromium(13777): [INFO:resource_provider.cc(1770)] [StartRaster] allocated=[1] image_id=[1121] buffer=[0x8a5ff000] stride=[1536]
W/ADB_SERVICES(  297): read_meminfo() mem_free=142932
I/chromium(13777): [INFO:gpu_control_service.cc(81)] [GpuControlService::RegisterGpuBuffer] [13777] id=[1121]
W/ADB_SERVICES(  297): create_subprocess() ret_fd=17 pid=25893
W/ADB_SERVICES(  297): LS(7017): bound to 'shell:dumpsys battery' via 17
I/chromium(13777): [INFO:image_raster_worker_pool.cc(75)] [RunOnWorkerThread] --------------
W/ADB_SERVICES(25893): adb: unable to open /proc/25893/oom_adj
I/[MALI][Gralloc](13777): [MTK]GRALLOC enter alloc_device_alloc()! pHandle=0x0x8232d0f4
I/[MALI][Gralloc](13777): usage: 0x133, format: 0x1 stride: 384 vertical_stride: 384 size: 589824
I/[MALI][Gralloc](13777): [MTK]GRALLOC ready to go ion alloc arrrrrrrrr!!!! pHandle=0x0x8232d0f4
D/GraphicBuffer(13777): alloc, handle(0x89315ee8) (w:384 h:384 s:384 f:0x1 u:0x000133) err(0)
I/chromium(13777): [INFO:resource_provider.cc(1770)] [StartRaster] allocated=[1] image_id=[1122] buffer=[0x8a68f000] stride=[1536]
I/chromium(13777): [INFO:image_raster_worker_pool.cc(75)] [RunOnWorkerThread] --------------
I/chromium(13777): [INFO:gpu_control_service.cc(81)] [GpuControlService::RegisterGpuBuffer] [13777] id=[1122]
I/[MALI][Gralloc](13777): [MTK]GRALLOC enter alloc_device_alloc()! pHandle=0x0x8624f884
I/[MALI][Gralloc](13777): usage: 0x133, format: 0x1 stride: 384 vertical_stride: 384 size: 589824
I/[MALI][Gralloc](13777): [MTK]GRALLOC ready to go ion alloc arrrrrrrrr!!!! pHandle=0x0x8624f884
D/GraphicBuffer(13777): alloc, handle(0x862d5de0) (w:384 h:384 s:384 f:0x1 u:0x000133) err(0)
I/chromium(13777): [INFO:resource_provider.cc(1770)] [StartRaster] allocated=[1] image_id=[1123] buffer=[0x8a71f000] stride=[1536]
I/chromium(13777): [INFO:gpu_control_service.cc(81)] [GpuControlService::RegisterGpuBuffer] [13777] id=[1123]
I/chromium(13777): [INFO:image_raster_worker_pool.cc(75)] [RunOnWorkerThread] --------------
I/[MALI][Gralloc](13777): [MTK]GRALLOC enter alloc_device_alloc()! pHandle=0x0x83edeeec
I/[MALI][Gralloc](13777): usage: 0x133, format: 0x1 stride: 384 vertical_stride: 384 size: 589824
I/[MALI][Gralloc](13777): [MTK]GRALLOC ready to go ion alloc arrrrrrrrr!!!! pHandle=0x0x83edeeec
D/GraphicBuffer(13777): alloc, handle(0x85aefc38) (w:384 h:384 s:384 f:0x1 u:0x000133) err(0)
I/chromium(13777): [INFO:resource_provider.cc(1770)] [StartRaster] allocated=[1] image_id=[1124] buffer=[0x8a9c0000] stride=[1536]
I/chromium(13777): [INFO:image_raster_worker_pool.cc(75)] [RunOnWorkerThread] --------------
I/chromium(13777): [INFO:gpu_control_service.cc(81)] [GpuControlService::RegisterGpuBuffer] [13777] id=[1124]
I/[MALI][Gralloc](13777): [MTK]GRALLOC enter alloc_device_alloc()! pHandle=0x0x83edef6c
I/[MALI][Gralloc](13777): usage: 0x133, format: 0x1 stride: 384 vertical_stride: 384 size: 589824
I/[MALI][Gralloc](13777): [MTK]GRALLOC ready to go ion alloc arrrrrrrrr!!!! pHandle=0x0x83edef6c
D/GraphicBuffer(13777): alloc, handle(0x89d36730) (w:384 h:384 s:384 f:0x1 u:0x000133) err(0)
I/chromium(13777): [INFO:gpu_control_service.cc(81)] [GpuControlService::RegisterGpuBuffer] [13777] id=[1125]
I/chromium(13777): [INFO:resource_provider.cc(1770)] [StartRaster] allocated=[1] image_id=[1125] buffer=[0x8adc6000] stride=[1536]
I/chromium(13777): [INFO:image_raster_worker_pool.cc(75)] [RunOnWorkerThread] --------------
I/[MALI][Gralloc](13777): [MTK]GRALLOC enter alloc_device_alloc()! pHandle=0x0x821959ec
I/[MALI][Gralloc](13777): usage: 0x133, format: 0x1 stride: 384 vertical_stride: 384 size: 589824
I/[MALI][Gralloc](13777): [MTK]GRALLOC ready to go ion alloc arrrrrrrrr!!!! pHandle=0x0x821959ec
D/GraphicBuffer(13777): alloc, handle(0x7a2e7fe0) (w:384 h:384 s:384 f:0x1 u:0x000133) err(0)
I/chromium(13777): [INFO:resource_provider.cc(1770)] [StartRaster] allocated=[1] image_id=[1126] buffer=[0x8ae56000] stride=[1536]
I/chromium(13777): [INFO:image_raster_worker_pool.cc(75)] [RunOnWorkerThread] --------------
I/chromium(13777): [INFO:gpu_control_service.cc(81)] [GpuControlService::RegisterGpuBuffer] [13777] id=[1126]
I/[MALI][Gralloc](13777): [MTK]GRALLOC enter alloc_device_alloc()! pHandle=0x0x8641ac0c
I/[MALI][Gralloc](13777): usage: 0x133, format: 0x1 stride: 384 vertical_stride: 384 size: 589824
I/[MALI][Gralloc](13777): [MTK]GRALLOC ready to go ion alloc arrrrrrrrr!!!! pHandle=0x0x8641ac0c
D/GraphicBuffer(13777): alloc, handle(0x83edefb0) (w:384 h:384 s:384 f:0x1 u:0x000133) err(0)
I/chromium(13777): [INFO:gpu_control_service.cc(81)] [GpuControlService::RegisterGpuBuffer] [13777] id=[1127]
I/chromium(13777): [INFO:resource_provider.cc(1770)] [StartRaster] allocated=[1] image_id=[1127] buffer=[0x8aee6000] stride=[1536]
I/chromium(13777): [INFO:image_raster_worker_pool.cc(75)] [RunOnWorkerThread] --------------
I/[MALI][Gralloc](13777): [MTK]GRALLOC enter alloc_device_alloc()! pHandle=0x0x8355ed7c
I/[MALI][Gralloc](13777): usage: 0x133, format: 0x1 stride: 384 vertical_stride: 384 size: 589824
I/[MALI][Gralloc](13777): [MTK]GRALLOC ready to go ion alloc arrrrrrrrr!!!! pHandle=0x0x8355ed7c
D/GraphicBuffer(13777): alloc, handle(0x840fff58) (w:384 h:384 s:384 f:0x1 u:0x000133) err(0)
I/chromium(13777): [INFO:resource_provider.cc(1770)] [StartRaster] allocated=[1] image_id=[1128] buffer=[0x8af76000] stride=[1536]
I/chromium(13777): [INFO:image_raster_worker_pool.cc(75)] [RunOnWorkerThread] --------------
I/chromium(13777): [INFO:gpu_control_service.cc(81)] [GpuControlService::RegisterGpuBuffer] [13777] id=[1128]
I/[MALI][Gralloc](13777): [MTK]GRALLOC enter alloc_device_alloc()! pHandle=0x0x84e3dd04
I/[MALI][Gralloc](13777): usage: 0x133, format: 0x1 stride: 384 vertical_stride: 384 size: 589824
I/[MALI][Gralloc](13777): [MTK]GRALLOC ready to go ion alloc arrrrrrrrr!!!! pHandle=0x0x84e3dd04
D/GraphicBuffer(13777): alloc, handle(0x89f9d228) (w:384 h:384 s:384 f:0x1 u:0x000133) err(0)
I/chromium(13777): [INFO:resource_provider.cc(1770)] [StartRaster] allocated=[1] image_id=[1129] buffer=[0x8b006000] stride=[1536]
I/chromium(13777): [INFO:image_raster_worker_pool.cc(75)] [RunOnWorkerThread] --------------
I/chromium(13777): [INFO:gpu_control_service.cc(81)] [GpuControlService::RegisterGpuBuffer] [13777] id=[1129]
I/[MALI][Gralloc](13777): [MTK]GRALLOC enter alloc_device_alloc()! pHandle=0x0x86197444
I/[MALI][Gralloc](13777): usage: 0x133, format: 0x1 stride: 384 vertical_stride: 384 size: 589824
I/[MALI][Gralloc](13777): [MTK]GRALLOC ready to go ion alloc arrrrrrrrr!!!! pHandle=0x0x86197444
D/GraphicBuffer(13777): alloc, handle(0x862dbfa8) (w:384 h:384 s:384 f:0x1 u:0x000133) err(0)
I/chromium(13777): [INFO:gpu_control_service.cc(81)] [GpuControlService::RegisterGpuBuffer] [13777] id=[1130]
I/chromium(13777): [INFO:resource_provider.cc(1770)] [StartRaster] allocated=[1] image_id=[1130] buffer=[0x8b096000] stride=[1536]
I/chromium(13777): [INFO:image_raster_worker_pool.cc(75)] [RunOnWorkerThread] --------------
I/[MALI][Gralloc](13777): [MTK]GRALLOC enter alloc_device_alloc()! pHandle=0x0x89f9e634
I/[MALI][Gralloc](13777): usage: 0x133, format: 0x1 stride: 384 vertical_stride: 384 size: 589824
I/[MALI][Gralloc](13777): [MTK]GRALLOC ready to go ion alloc arrrrrrrrr!!!! pHandle=0x0x89f9e634
D/GraphicBuffer(13777): alloc, handle(0x8237c150) (w:384 h:384 s:384 f:0x1 u:0x000133) err(0)
I/chromium(13777): [INFO:resource_provider.cc(1770)] [StartRaster] allocated=[1] image_id=[1131] buffer=[0x8b126000] stride=[1536]
I/chromium(13777): [INFO:image_raster_worker_pool.cc(75)] [RunOnWorkerThread] --------------
I/chromium(13777): [INFO:gpu_control_service.cc(81)] [GpuControlService::RegisterGpuBuffer] [13777] id=[1131]
D/ADB_SERVICES(  297):  closing because is_eof=1 r=1 s->fde.force_eof=0
W/ADB_SERVICES(  297): entered. LS(7017) fd=17
I/chromium(13777): [INFO:resource_provider.cc(1770)] [StartRaster] allocated=[1] image_id=[1073] buffer=[0x87150000] stride=[1280]
I/chromium(13777): [INFO:image_raster_worker_pool.cc(75)] [RunOnWorkerThread] --------------
I/chromium(13777): [INFO:resource_provider.cc(1770)] [StartRaster] allocated=[1] image_id=[1086] buffer=[0x8605e000] stride=[1280]
I/BufferQueue(  245): [com.sixty.nidoneClient/com.sixty.nidoneClient.view.activity.SDK_WebApp](this:0xb71b7008,id:1844,api:1,p:13777,c:245) queueBuffer: fps=0.25 dur=68949.09 max=68679.85 min=15.27
I/chromium(13777): [INFO:image_raster_worker_pool.cc(75)] [RunOnWorkerThread] --------------
I/chromium(13777): [INFO:resource_provider.cc(1770)] [StartRaster] allocated=[1] image_id=[1085] buffer=[0x7ccc8000] stride=[1280]
I/chromium(13777): [INFO:image_raster_worker_pool.cc(75)] [RunOnWorkerThread] --------------
I/chromium(13777): [INFO:resource_provider.cc(1770)] [StartRaster] allocated=[1] image_id=[1074] buffer=[0x7c4ae000] stride=[1280]
I/chromium(13777): [INFO:image_raster_worker_pool.cc(75)] [RunOnWorkerThread] --------------
I/chromium(13777): [INFO:resource_provider.cc(1770)] [StartRaster] allocated=[1] image_id=[1097] buffer=[0x7fd6d000] stride=[1280]
I/chromium(13777): [INFO:image_raster_worker_pool.cc(75)] [RunOnWorkerThread] --------------
I/chromium(13777): [INFO:resource_provider.cc(1770)] [StartRaster] allocated=[1] image_id=[1098] buffer=[0x823a3000] stride=[1280]
I/chromium(13777): [INFO:image_raster_worker_pool.cc(75)] [RunOnWorkerThread] --------------
I/[MALI][Gralloc](13777): [MTK]GRALLOC enter alloc_device_alloc()! pHandle=0x0x80dfb574
I/[MALI][Gralloc](13777): usage: 0x133, format: 0x1 stride: 320 vertical_stride: 64 size: 81920
I/[MALI][Gralloc](13777): [MTK]GRALLOC ready to go ion alloc arrrrrrrrr!!!! pHandle=0x0x80dfb574
D/GraphicBuffer(13777): alloc, handle(0x84e398f8) (w:320 h:64 s:320 f:0x1 u:0x000133) err(0)
I/chromium(13777): [INFO:resource_provider.cc(1770)] [StartRaster] allocated=[1] image_id=[1132] buffer=[0x79f9e000] stride=[1280]
I/chromium(13777): [INFO:image_raster_worker_pool.cc(75)] [RunOnWorkerThread] --------------
I/chromium(13777): [INFO:gpu_control_service.cc(81)] [GpuControlService::RegisterGpuBuffer] [13777] id=[1132]
I/        (  245): [BWC INFO](245): get_bwc_mm_property success
I/SurfaceFlinger(  245): [Built-in Screen (type:0)] fps:0.174283,dur:68853.47,max:68668.11,min:16.53
D/DCloud_LOG(13777): AdaFrameView.dispatchFrameViewEvents type=touchstart;args=640
D/yl      (13777): NWindow.onCallBack pEventType=touchstart;640;
D/Provider/Settings( 1655): put string name = user_rotation , value = 0 userHandle = -2
D/AppOps  ( 1655): noteOperation: allowing code 23 uid 1000 package android
D/Provider/Settings( 1655): put string name = accelerometer_rotation , value = 0 userHandle = -2
D/AppOps  ( 1655): noteOperation: allowing code 23 uid 1000 package android
V/Provider/Settings( 1655): get setting for user -2 by user 0 so skipping cache
V/Provider/Settings( 1655): get setting for user -2 by user 0 so skipping cache
V/Provider/Settings( 1655): from db cache, name = end_button_behavior , value = null
I/Provider/Settings( 1655): call-query of user -2 by 0 so not updating cache
V/Provider/Settings( 1655): get setting for user -2 by user 0 so skipping cache
V/Provider/Settings( 1655): get setting for user -2 by user 0 so skipping cache
V/Provider/Settings( 1655): from db cache, name = incall_power_button_behavior , value = null
I/Provider/Settings( 1655): call-query of user -2 by 0 so not updating cache
V/Provider/Settings( 1655): get setting for user -2 by user 0 so skipping cache
V/Provider/Settings( 1655): get setting for user -2 by user 0 so skipping cache
V/Provider/Settings( 1655): from db cache, name = user_rotation , value = 0
I/Provider/Settings( 1655): call-query of user -2 by 0 so not updating cache
V/Provider/Settings( 1655): get setting for user -2 by user 0 so skipping cache
V/Provider/Settings( 1655): get setting for user -2 by user 0 so skipping cache
V/Provider/Settings( 1655): from db cache, name = accelerometer_rotation , value = 0
I/Provider/Settings( 1655): call-query of user -2 by 0 so not updating cache
V/Provider/Settings( 1655): get setting for user -2 by user 0 so skipping cache
V/Provider/Settings( 1655): get setting for user -2 by user 0 so skipping cache
V/Provider/Settings( 1655): from db cache, name = pointer_location , value = null
I/Provider/Settings( 1655): call-query of user -2 by 0 so not updating cache
V/Provider/Settings( 1655): get setting for user -2 by user 0 so skipping cache
V/Provider/Settings( 1655): get setting for user -2 by user 0 so skipping cache
V/Provider/Settings( 1655): from db cache, name = screen_off_timeout , value = 1800000
I/Provider/Settings( 1655): call-query of user -2 by 0 so not updating cache
V/Provider/Settings( 1655): get setting for user -2 by user 0 so skipping cache
V/Provider/Settings( 1655): get setting for user -2 by user 0 so skipping cache
V/Provider/Settings( 1655): from db cache, name = default_input_method , value = com.sohu.inputmethod.sogouoem/.SogouIME
I/Provider/Settings( 1655): call-query of user -2 by 0 so not updating cache
V/Provider/Settings( 1655): get setting for user -2 by user 0 so skipping cache
V/Provider/Settings( 1655): get setting for user -2 by user 0 so skipping cache
V/Provider/Settings( 1655): from db cache, name = immersive_mode_confirmations , value = null
I/Provider/Settings( 1655): call-query of user -2 by 0 so not updating cache
D/Provider/Settings( 1655): put string name = accelerometer_rotation , value = 1 userHandle = -2
D/AppOps  ( 1655): noteOperation: allowing code 23 uid 1000 package android
V/Provider/Settings( 1655): get setting for user -2 by user 0 so skipping cache
V/Provider/Settings( 1655): get setting for user -2 by user 0 so skipping cache
V/Provider/Settings( 1655): from db cache, name = end_button_behavior , value = null
I/Provider/Settings( 1655): call-query of user -2 by 0 so not updating cache
V/Provider/Settings( 1655): get setting for user -2 by user 0 so skipping cache
V/Provider/Settings( 1655): get setting for user -2 by user 0 so skipping cache
V/Provider/Settings( 1655): from db cache, name = incall_power_button_behavior , value = null
I/Provider/Settings( 1655): call-query of user -2 by 0 so not updating cache
V/Provider/Settings( 1655): get setting for user -2 by user 0 so skipping cache
V/Provider/Settings( 1655): get setting for user -2 by user 0 so skipping cache
V/Provider/Settings( 1655): from db cache, name = user_rotation , value = 0
I/Provider/Settings( 1655): call-query of user -2 by 0 so not updating cache
V/Provider/Settings( 1655): get setting for user -2 by user 0 so skipping cache
V/Provider/Settings( 1655): get setting for user -2 by user 0 so skipping cache
V/Provider/Settings( 1655): from db cache, name = accelerometer_rotation , value = 1
I/Provider/Settings( 1655): call-query of user -2 by 0 so not updating cache
V/Provider/Settings( 1655): get setting for user -2 by user 0 so skipping cache
V/Provider/Settings( 1655): get setting for user -2 by user 0 so skipping cache
V/Provider/Settings( 1655): from db cache, name = pointer_location , value = null
I/Provider/Settings( 1655): call-query of user -2 by 0 so not updating cache
V/Provider/Settings( 1655): get setting for user -2 by user 0 so skipping cache
V/Provider/Settings( 1655): get setting for user -2 by user 0 so skipping cache
V/Provider/Settings( 1655): from db cache, name = screen_off_timeout , value = 1800000
I/Provider/Settings( 1655): call-query of user -2 by 0 so not updating cache
V/Provider/Settings( 1655): get setting for user -2 by user 0 so skipping cache
V/Provider/Settings( 1655): get setting for user -2 by user 0 so skipping cache
V/Provider/Settings( 1655): from db cache, name = default_input_method , value = com.sohu.inputmethod.sogouoem/.SogouIME
I/Provider/Settings( 1655): call-query of user -2 by 0 so not updating cache
V/Provider/Settings( 1655): get setting for user -2 by user 0 so skipping cache
V/Provider/Settings( 1655): get setting for user -2 by user 0 so skipping cache
V/Provider/Settings( 1655): from db cache, name = immersive_mode_confirmations , value = null
I/Provider/Settings( 1655): call-query of user -2 by 0 so not updating cache
D/OppoSecureProtectUtils( 1655): Controller type = 0
D/dalvikvm(25876): create interp thread : stack size=128KB
D/dalvikvm(25876): create new thread
D/dalvikvm(25876): new thread created
D/dalvikvm(25876): update thread list
D/dalvikvm(25876): threadid=11: interp stack at 0x73cd9000
D/dalvikvm(25876): threadid=11: created from interp
D/dalvikvm(25876): start new thread
D/dalvikvm(25876): threadid=11: notify debugger
D/dalvikvm(25876): threadid=11 (Thread-9): calling run()
D/dalvikvm(25876): threadid=11: exiting
D/dalvikvm(25876): threadid=11: bye!
I/AndroidRuntime(25876): VM exiting with result code 0.
D/ADB_SERVICES(  297):  closing because is_eof=1 r=-1 s->fde.force_eof=0
W/ADB_SERVICES(  297): entered. LS(7011) fd=15
W/ADB_SERVICES(  297): terminating JDWP 25876 connection: I/O error
D/ADB_SERVICES(  297): remove pid 25876 to jdwp process list
D/DisplayManagerService( 1655): Display listener for pid 25876 died.
I/chromium(13777): [INFO:resource_provider.cc(1770)] [StartRaster] allocated=[1] image_id=[1048] buffer=[0x84adf000] stride=[1536]
I/chromium(13777): [INFO:image_raster_worker_pool.cc(75)] [RunOnWorkerThread] --------------
I/chromium(13777): [INFO:resource_provider.cc(1770)] [StartRaster] allocated=[1] image_id=[1057] buffer=[0x85fce000] stride=[1536]
I/chromium(13777): [INFO:image_raster_worker_pool.cc(75)] [RunOnWorkerThread] --------------
I/chromium(13777): [INFO:resource_provider.cc(1770)] [StartRaster] allocated=[1] image_id=[1050] buffer=[0x85749000] stride=[1536]
I/chromium(13777): [INFO:image_raster_worker_pool.cc(75)] [RunOnWorkerThread] --------------
I/chromium(13777): [INFO:resource_provider.cc(1770)] [StartRaster] allocated=[1] image_id=[1092] buffer=[0x86e8b000] stride=[2048]
I/chromium(13777): [INFO:image_raster_worker_pool.cc(75)] [RunOnWorkerThread] --------------
I/chromium(13777): [INFO:resource_provider.cc(1770)] [StartRaster] allocated=[1] image_id=[1036] buffer=[0x7cbbf000] stride=[2048]
I/chromium(13777): [INFO:image_raster_worker_pool.cc(75)] [RunOnWorkerThread] --------------
I/chromium(13777): [INFO:resource_provider.cc(1770)] [StartRaster] allocated=[1] image_id=[1080] buffer=[0x8503c000] stride=[1280]
I/chromium(13777): [INFO:image_raster_worker_pool.cc(75)] [RunOnWorkerThread] --------------
I/chromium(13777): [INFO:resource_provider.cc(1770)] [StartRaster] allocated=[1] image_id=[1079] buffer=[0x85000000] stride=[1280]
I/chromium(13777): [INFO:image_raster_worker_pool.cc(75)] [RunOnWorkerThread] --------------
I/chromium(13777): [INFO:resource_provider.cc(1770)] [StartRaster] allocated=[1] image_id=[1078] buffer=[0x82a90000] stride=[1280]
I/chromium(13777): [INFO:image_raster_worker_pool.cc(75)] [RunOnWorkerThread] --------------
I/chromium(13777): [INFO:resource_provider.cc(1770)] [StartRaster] allocated=[1] image_id=[1077] buffer=[0x8279d000] stride=[1280]
I/chromium(13777): [INFO:image_raster_worker_pool.cc(75)] [RunOnWorkerThread] --------------
I/chromium(13777): [INFO:resource_provider.cc(1770)] [StartRaster] allocated=[1] image_id=[1041] buffer=[0x83b8e000] stride=[2048]
I/chromium(13777): [INFO:image_raster_worker_pool.cc(75)] [RunOnWorkerThread] --------------
I/chromium(13777): [INFO:resource_provider.cc(1770)] [StartRaster] allocated=[1] image_id=[1110] buffer=[0x88be1000] stride=[2048]
I/chromium(13777): [INFO:image_raster_worker_pool.cc(75)] [RunOnWorkerThread] --------------
I/chromium(13777): [INFO:resource_provider.cc(1770)] [StartRaster] allocated=[1] image_id=[1071] buffer=[0x86dfb000] stride=[1536]
I/chromium(13777): [INFO:image_raster_worker_pool.cc(75)] [RunOnWorkerThread] --------------
I/chromium(13777): [INFO:resource_provider.cc(1770)] [StartRaster] allocated=[1] image_id=[1113] buffer=[0x89c01000] stride=[1536]
I/chromium(13777): [INFO:image_raster_worker_pool.cc(75)] [RunOnWorkerThread] --------------
I/chromium(13777): [INFO:resource_provider.cc(1770)] [StartRaster] allocated=[1] image_id=[1116] buffer=[0x89dd5000] stride=[1536]
I/chromium(13777): [INFO:image_raster_worker_pool.cc(75)] [RunOnWorkerThread] --------------
I/chromium(13777): [INFO:resource_provider.cc(1770)] [StartRaster] allocated=[1] image_id=[1112] buffer=[0x88e20000] stride=[2048]
I/chromium(13777): [INFO:image_raster_worker_pool.cc(75)] [RunOnWorkerThread] --------------
I/chromium(13777): [INFO:resource_provider.cc(1770)] [StartRaster] allocated=[1] image_id=[1044] buffer=[0x83c8c000] stride=[2048]
I/chromium(13777): [INFO:image_raster_worker_pool.cc(75)] [RunOnWorkerThread] --------------
I/[MALI][Gralloc](13777): [MTK]GRALLOC enter alloc_device_alloc()! pHandle=0x0x7f91af0c
I/[MALI][Gralloc](13777): usage: 0x133, format: 0x1 stride: 512 vertical_stride: 192 size: 393216
I/[MALI][Gralloc](13777): [MTK]GRALLOC ready to go ion alloc arrrrrrrrr!!!! pHandle=0x0x7f91af0c
D/GraphicBuffer(13777): alloc, handle(0x8231ed48) (w:512 h:192 s:512 f:0x1 u:0x000133) err(0)
I/chromium(13777): [INFO:resource_provider.cc(1770)] [StartRaster] allocated=[1] image_id=[1133] buffer=[0x8a8fe000] stride=[2048]
I/chromium(13777): [INFO:gpu_control_service.cc(81)] [GpuControlService::RegisterGpuBuffer] [13777] id=[1133]
I/chromium(13777): [INFO:image_raster_worker_pool.cc(75)] [RunOnWorkerThread] --------------
I/chromium(13777): [INFO:resource_provider.cc(1770)] [StartRaster] allocated=[1] image_id=[1088] buffer=[0x85ba0000] stride=[2048]
I/chromium(13777): [INFO:image_raster_worker_pool.cc(75)] [RunOnWorkerThread] --------------
I/chromium(13777): [INFO:resource_provider.cc(1770)] [StartRaster] allocated=[1] image_id=[1118] buffer=[0x89f03000] stride=[1536]
I/chromium(13777): [INFO:image_raster_worker_pool.cc(75)] [RunOnWorkerThread] --------------
I/chromium(13777): [INFO:resource_provider.cc(1770)] [StartRaster] allocated=[1] image_id=[1120] buffer=[0x8a206000] stride=[1536]
I/chromium(13777): [INFO:image_raster_worker_pool.cc(75)] [RunOnWorkerThread] --------------
I/chromium(13777): [INFO:resource_provider.cc(1770)] [StartRaster] allocated=[1] image_id=[1122] buffer=[0x8a68f000] stride=[1536]
I/chromium(13777): [INFO:image_raster_worker_pool.cc(75)] [RunOnWorkerThread] --------------
I/chromium(13777): [INFO:resource_provider.cc(1770)] [StartRaster] allocated=[1] image_id=[1090] buffer=[0x8678f000] stride=[2048]
I/chromium(13777): [INFO:image_raster_worker_pool.cc(75)] [RunOnWorkerThread] --------------
I/chromium(13777): [INFO:resource_provider.cc(1770)] [StartRaster] allocated=[1] image_id=[1087] buffer=[0x85488000] stride=[2048]
I/chromium(13777): [INFO:image_raster_worker_pool.cc(75)] [RunOnWorkerThread] --------------
I/[MALI][Gralloc](13777): [MTK]GRALLOC enter alloc_device_alloc()! pHandle=0x0x86273554
I/[MALI][Gralloc](13777): usage: 0x133, format: 0x1 stride: 512 vertical_stride: 192 size: 393216
I/[MALI][Gralloc](13777): [MTK]GRALLOC ready to go ion alloc arrrrrrrrr!!!! pHandle=0x0x86273554
D/GraphicBuffer(13777): alloc, handle(0x79d0eb20) (w:512 h:192 s:512 f:0x1 u:0x000133) err(0)
I/chromium(13777): [INFO:resource_provider.cc(1770)] [StartRaster] allocated=[1] image_id=[1134] buffer=[0x8abbe000] stride=[2048]
I/chromium(13777): [INFO:gpu_control_service.cc(81)] [GpuControlService::RegisterGpuBuffer] [13777] id=[1134]
I/chromium(13777): [INFO:image_raster_worker_pool.cc(75)] [RunOnWorkerThread] --------------
I/[MALI][Gralloc](13777): [MTK]GRALLOC enter alloc_device_alloc()! pHandle=0x0x7e6d3c8c
I/[MALI][Gralloc](13777): usage: 0x133, format: 0x1 stride: 512 vertical_stride: 192 size: 393216
I/[MALI][Gralloc](13777): [MTK]GRALLOC ready to go ion alloc arrrrrrrrr!!!! pHandle=0x0x7e6d3c8c
D/GraphicBuffer(13777): alloc, handle(0x7f65f7d0) (w:512 h:192 s:512 f:0x1 u:0x000133) err(0)
I/chromium(13777): [INFO:resource_provider.cc(1770)] [StartRaster] allocated=[1] image_id=[1135] buffer=[0x8b1b6000] stride=[2048]
I/chromium(13777): [INFO:gpu_control_service.cc(81)] [GpuControlService::RegisterGpuBuffer] [13777] id=[1135]
I/chromium(13777): [INFO:image_raster_worker_pool.cc(75)] [RunOnWorkerThread] --------------
I/chromium(13777): [INFO:resource_provider.cc(1770)] [StartRaster] allocated=[1] image_id=[1124] buffer=[0x8a9c0000] stride=[1536]
I/chromium(13777): [INFO:image_raster_worker_pool.cc(75)] [RunOnWorkerThread] --------------
I/chromium(13777): [INFO:resource_provider.cc(1770)] [StartRaster] allocated=[1] image_id=[1126] buffer=[0x8ae56000] stride=[1536]
I/chromium(13777): [INFO:image_raster_worker_pool.cc(75)] [RunOnWorkerThread] --------------
I/chromium(13777): [INFO:resource_provider.cc(1770)] [StartRaster] allocated=[1] image_id=[1128] buffer=[0x8af76000] stride=[1536]
I/chromium(13777): [INFO:image_raster_worker_pool.cc(75)] [RunOnWorkerThread] --------------
I/[MALI][Gralloc](13777): [MTK]GRALLOC enter alloc_device_alloc()! pHandle=0x0x80bff71c
I/[MALI][Gralloc](13777): usage: 0x133, format: 0x1 stride: 320 vertical_stride: 512 size: 655360
I/[MALI][Gralloc](13777): [MTK]GRALLOC ready to go ion alloc arrrrrrrrr!!!! pHandle=0x0x80bff71c
D/GraphicBuffer(13777): alloc, handle(0x84491fc0) (w:320 h:512 s:320 f:0x1 u:0x000133) err(0)
I/chromium(13777): [INFO:resource_provider.cc(1770)] [StartRaster] allocated=[1] image_id=[1136] buffer=[0x8b216000] stride=[1280]
I/chromium(13777): [INFO:gpu_control_service.cc(81)] [GpuControlService::RegisterGpuBuffer] [13777] id=[1136]
I/chromium(13777): [INFO:image_raster_worker_pool.cc(75)] [RunOnWorkerThread] --------------
I/chromium(13777): [INFO:resource_provider.cc(1770)] [StartRaster] allocated=[1] image_id=[1072] buffer=[0x85a4e000] stride=[1280]
I/chromium(13777): [INFO:image_raster_worker_pool.cc(75)] [RunOnWorkerThread] --------------
I/[MALI][Gralloc](13777): [MTK]GRALLOC enter alloc_device_alloc()! pHandle=0x0x862e9154
I/[MALI][Gralloc](13777): usage: 0x133, format: 0x1 stride: 320 vertical_stride: 128 size: 163840
I/[MALI][Gralloc](13777): [MTK]GRALLOC ready to go ion alloc arrrrrrrrr!!!! pHandle=0x0x862e9154
D/GraphicBuffer(13777): alloc, handle(0x83eac0a0) (w:320 h:128 s:320 f:0x1 u:0x000133) err(0)
I/chromium(13777): [INFO:resource_provider.cc(1770)] [StartRaster] allocated=[1] image_id=[1137] buffer=[0x850af000] stride=[1280]
I/chromium(13777): [INFO:gpu_control_service.cc(81)] [GpuControlService::RegisterGpuBuffer] [13777] id=[1137]
I/chromium(13777): [INFO:image_raster_worker_pool.cc(75)] [RunOnWorkerThread] --------------
I/[MALI][Gralloc](13777): [MTK]GRALLOC enter alloc_device_alloc()! pHandle=0x0x821efac4
I/[MALI][Gralloc](13777): usage: 0x133, format: 0x1 stride: 320 vertical_stride: 64 size: 81920
I/[MALI][Gralloc](13777): [MTK]GRALLOC ready to go ion alloc arrrrrrrrr!!!! pHandle=0x0x821efac4
D/GraphicBuffer(13777): alloc, handle(0x88bcec10) (w:320 h:64 s:320 f:0x1 u:0x000133) err(0)
I/chromium(13777): [INFO:resource_provider.cc(1770)] [StartRaster] allocated=[1] image_id=[1138] buffer=[0x7bb46000] stride=[1280]
I/chromium(13777): [INFO:gpu_control_service.cc(81)] [GpuControlService::RegisterGpuBuffer] [13777] id=[1138]
I/chromium(13777): [INFO:image_raster_worker_pool.cc(75)] [RunOnWorkerThread] --------------
I/[MALI][Gralloc](13777): [MTK]GRALLOC enter alloc_device_alloc()! pHandle=0x0x80fc19ec
I/[MALI][Gralloc](13777): usage: 0x133, format: 0x1 stride: 320 vertical_stride: 64 size: 81920
I/[MALI][Gralloc](13777): [MTK]GRALLOC ready to go ion alloc arrrrrrrrr!!!! pHandle=0x0x80fc19ec
D/GraphicBuffer(13777): alloc, handle(0x7f65eee8) (w:320 h:64 s:320 f:0x1 u:0x000133) err(0)
I/chromium(13777): [INFO:resource_provider.cc(1770)] [StartRaster] allocated=[1] image_id=[1139] buffer=[0x7bb70000] stride=[1280]
I/chromium(13777): [INFO:gpu_control_service.cc(81)] [GpuControlService::RegisterGpuBuffer] [13777] id=[1139]
